2025-02-11 07:27 | INFO | Paramaters are: {'dataset': 'QBF-2014', 'penalty': 10, 'weight': 'No_Weight', 'voting': 'Hard', 'pre_selection_size': 64, 'pre_selection_technique': 'No_pre_selection', 'feature_elimination_threshold': 20, 'imputer_strategy': 'median', 'feature_selection_technique': 'No_feature_selection', 'feature_scaling_technique': 'StandardScaler', 'initial_train_size': 20, 'query_size': 1, 'timeout_predictor_usage': 'No', 'pareto_features': {'Uncertainty': 'max', 'PredDiff': 'max'}, 'timeout_limit': 100, 'timeout_increase_rate': 100, 'penalty_type': 'Only-timeout-penalty', 'RANDOM_STATE_SEED': 42, 'n_splits': 10, 'split_number': 9, 'max_timeout': 3600, 'param_grid': {'n_estimators': 100, 'max_features': 'sqrt', 'max_depth': 2147483648, 'min_samples_split': 2, 'bootstrap': True}}
2025-02-11 07:27 | INFO | QBF-2014 is current dataset
2025-02-11 07:27 | INFO | DATASETS/QBF-2014/algorithm_runs.arff is found
2025-02-11 07:27 | INFO | DATASETS/QBF-2014/algorithm_runs.arff is finished
2025-02-11 07:27 | INFO | DATASETS/QBF-2014/feature_values.arff is found
2025-02-11 07:27 | INFO | DATASETS/QBF-2014/feature_values.arff is finished
2025-02-11 07:27 | INFO | Virtual best solver time in train = 19875.99
2025-02-11 07:27 | INFO | Single best solver list train = {'bcghostq': 11442266.55, 'brareqs': 5468035.79, 'cbdepqbf': 11288660.78, 'cghostq': 11441743.11, 'depqbf': 14453718.07, 'dual_ooq13': 13856196.39, 'ghostq': 12665328.22, 'hiqqer1': 9347103.53, 'hiqqer3': 8811009.0, 'ooq13': 17122627.88, 'pre_dual_ooq13': 13275207.38, 'rareqs': 10493338.82, 'sqube': 17117672.85, 'xbdepqbf': 9275997.27}
2025-02-11 07:27 | INFO | Single best solver time train = brareqs (5468035.79)
2025-02-11 07:27 | INFO | Virtual best solver time in validation = 12845.44
2025-02-11 07:27 | INFO | Single best solver list validation = {'bcghostq': 3499171.28, 'brareqs': 2061376.99, 'cbdepqbf': 2674261.5, 'cghostq': 3498782.92, 'depqbf': 2960483.16, 'dual_ooq13': 3462261.29, 'ghostq': 3606541.77, 'hiqqer1': 2460363.24, 'hiqqer3': 2428381.45, 'ooq13': 3605124.87, 'pre_dual_ooq13': 3753223.92, 'rareqs': 2885372.97, 'sqube': 4003893.63, 'xbdepqbf': 2207064.89}
2025-02-11 07:27 | INFO | Single best solver time validation = brareqs (2061376.99)
2025-02-11 07:27 | INFO | Virtual best solver time in test = 2693.69
2025-02-11 07:27 | INFO | Single best solver list test = {'bcghostq': 1516628.07, 'brareqs': 723170.38, 'cbdepqbf': 1370574.3, 'cghostq': 1516522.52, 'depqbf': 1659714.97, 'dual_ooq13': 1840199.63, 'ghostq': 1516514.59, 'hiqqer1': 1082991.86, 'hiqqer3': 1012151.91, 'ooq13': 1948525.52, 'pre_dual_ooq13': 1479484.53, 'rareqs': 1513408.58, 'sqube': 2233958.98, 'xbdepqbf': 1082083.75}
2025-02-11 07:27 | INFO | Single best solver time test = brareqs (723170.38)
2025-02-11 07:28 | INFO | Training Time Passive Learning Classifier: 13.41 seconds
2025-02-11 07:28 | INFO | Training Time Passive Learning Regressor: 2.89 seconds
2025-02-11 07:29 | INFO | Passive Learning Classifier Runtime on Validation Set: 2240937.59
2025-02-11 07:29 | INFO | Passive Learning Classifier Runtime on Test Set: 399483.66
2025-02-11 07:29 | INFO | Passive Learning Instance Cost: 16921705.65
2025-02-11 07:29 | INFO | Passive Learning Emissions: 0.000989568453301
2025-02-11 07:29 | INFO | Passive Learning Energy Consumption: 0.0010766757464566682 kWh
2025-02-11 07:29 | INFO | Training Time Active Learning Classifier: 4.99 seconds
2025-02-11 07:29 | INFO | Training Time Active Learning Regressor: 0.71 seconds
2025-02-11 07:30 | INFO | Initial Active Learning Runtime on Validation Set: 1632584.96
2025-02-11 07:30 | INFO | Initial Active Learning Runtime on Test Set: 793715.93
2025-02-11 07:30 | INFO | Initial Active Learning Instance Cost: 18267.17
2025-02-11 07:30 | INFO | Bin size = 640
2025-02-11 07:30 | INFO | Query 1 Size of the uncertainty table is = 64768/63973
2025-02-11 07:30 | INFO | Query 1 Size of the filtered table is = 640
2025-02-11 07:31 | INFO | Training Time Active Learning Classifier: 4.9 seconds
2025-02-11 07:31 | INFO | Training Time Active Learning Regressor: 0.76 seconds
2025-02-11 07:32 | INFO | Query 1 Active Learning Runtime on Validation Set: 1773632.92
2025-02-11 07:32 | INFO | Query 1 Active Learning Runtime on Test Set: 721580.53
2025-02-11 07:32 | INFO | Query 1 Active Learning Instance Cost: 60768.86
2025-02-11 07:32 | INFO | Timeout limit is increased to 200
2025-02-11 07:32 | INFO | Query 2 Size of the uncertainty table is = 63534/63973
2025-02-11 07:32 | INFO | Query 2 Size of the filtered table is = 640
2025-02-11 07:32 | INFO | Training Time Active Learning Classifier: 5.06 seconds
2025-02-11 07:32 | INFO | Training Time Active Learning Regressor: 0.88 seconds
2025-02-11 07:33 | INFO | Query 2 Active Learning Runtime on Validation Set: 1452076.39
2025-02-11 07:33 | INFO | Query 2 Active Learning Runtime on Test Set: 686820.12
2025-02-11 07:33 | INFO | Query 2 Active Learning Instance Cost: 133855.51
2025-02-11 07:34 | INFO | Query 3 Size of the uncertainty table is = 61606/63973
2025-02-11 07:34 | INFO | Query 3 Size of the filtered table is = 640
2025-02-11 07:34 | INFO | Training Time Active Learning Classifier: 5.35 seconds
2025-02-11 07:34 | INFO | Training Time Active Learning Regressor: 0.97 seconds
2025-02-11 07:35 | INFO | Query 3 Active Learning Runtime on Validation Set: 1450716.12
2025-02-11 07:35 | INFO | Query 3 Active Learning Runtime on Test Set: 721995.83
2025-02-11 07:35 | INFO | Query 3 Active Learning Instance Cost: 204997.67
2025-02-11 07:36 | INFO | Query 4 Size of the uncertainty table is = 59767/63973
2025-02-11 07:36 | INFO | Query 4 Size of the filtered table is = 640
2025-02-11 07:36 | INFO | Training Time Active Learning Classifier: 5.48 seconds
2025-02-11 07:36 | INFO | Training Time Active Learning Regressor: 1.1 seconds
2025-02-11 07:37 | INFO | Query 4 Active Learning Runtime on Validation Set: 1736955.1
2025-02-11 07:37 | INFO | Query 4 Active Learning Runtime on Test Set: 649491.83
2025-02-11 07:37 | INFO | Query 4 Active Learning Instance Cost: 284134.48
2025-02-11 07:37 | INFO | Timeout limit is increased to 300
2025-02-11 07:38 | INFO | Query 5 Size of the uncertainty table is = 57820/63973
2025-02-11 07:38 | INFO | Query 5 Size of the filtered table is = 640
2025-02-11 07:38 | INFO | Training Time Active Learning Classifier: 5.77 seconds
2025-02-11 07:38 | INFO | Training Time Active Learning Regressor: 1.21 seconds
2025-02-11 07:39 | INFO | Query 5 Active Learning Runtime on Validation Set: 1953535.16
2025-02-11 07:39 | INFO | Query 5 Active Learning Runtime on Test Set: 649928.09
2025-02-11 07:39 | INFO | Query 5 Active Learning Instance Cost: 390755.51
2025-02-11 07:39 | INFO | Timeout limit is increased to 400
2025-02-11 07:40 | INFO | Query 6 Size of the uncertainty table is = 55665/63973
2025-02-11 07:40 | INFO | Query 6 Size of the filtered table is = 640
2025-02-11 07:40 | INFO | Training Time Active Learning Classifier: 6.08 seconds
2025-02-11 07:40 | INFO | Training Time Active Learning Regressor: 1.33 seconds
2025-02-11 07:41 | INFO | Query 6 Active Learning Runtime on Validation Set: 1917815.4
2025-02-11 07:41 | INFO | Query 6 Active Learning Runtime on Test Set: 686272.66
2025-02-11 07:41 | INFO | Query 6 Active Learning Instance Cost: 567434.28
2025-02-11 07:42 | INFO | Query 7 Size of the uncertainty table is = 53574/63973
2025-02-11 07:42 | INFO | Query 7 Size of the filtered table is = 640
2025-02-11 07:42 | INFO | Training Time Active Learning Classifier: 6.44 seconds
2025-02-11 07:42 | INFO | Training Time Active Learning Regressor: 1.45 seconds
2025-02-11 07:43 | INFO | Query 7 Active Learning Runtime on Validation Set: 2024904.82
2025-02-11 07:43 | INFO | Query 7 Active Learning Runtime on Test Set: 614261.4
2025-02-11 07:43 | INFO | Query 7 Active Learning Instance Cost: 739408.57
2025-02-11 07:43 | INFO | Timeout limit is increased to 500
2025-02-11 07:44 | INFO | Query 8 Size of the uncertainty table is = 51409/63973
2025-02-11 07:44 | INFO | Query 8 Size of the filtered table is = 640
2025-02-11 07:44 | INFO | Training Time Active Learning Classifier: 6.75 seconds
2025-02-11 07:44 | INFO | Training Time Active Learning Regressor: 1.56 seconds
2025-02-11 07:46 | INFO | Query 8 Active Learning Runtime on Validation Set: 1843515.32
2025-02-11 07:46 | INFO | Query 8 Active Learning Runtime on Test Set: 614472.23
2025-02-11 07:46 | INFO | Query 8 Active Learning Instance Cost: 957158.26
2025-02-11 07:46 | INFO | Query 9 Size of the uncertainty table is = 49343/63973
2025-02-11 07:46 | INFO | Query 9 Size of the filtered table is = 640
2025-02-11 07:47 | INFO | Training Time Active Learning Classifier: 7.13 seconds
2025-02-11 07:47 | INFO | Training Time Active Learning Regressor: 1.67 seconds
2025-02-11 07:48 | INFO | Query 9 Active Learning Runtime on Validation Set: 1808088.41
2025-02-11 07:48 | INFO | Query 9 Active Learning Runtime on Test Set: 506828.38
2025-02-11 07:48 | INFO | Query 9 Active Learning Instance Cost: 1157886.48
2025-02-11 07:49 | INFO | Query 10 Size of the uncertainty table is = 47217/63973
2025-02-11 07:49 | INFO | Query 10 Size of the filtered table is = 640
2025-02-11 07:49 | INFO | Training Time Active Learning Classifier: 7.56 seconds
2025-02-11 07:49 | INFO | Training Time Active Learning Regressor: 1.79 seconds
2025-02-11 07:50 | INFO | Query 10 Active Learning Runtime on Validation Set: 1665695.01
2025-02-11 07:50 | INFO | Query 10 Active Learning Runtime on Test Set: 542344.46
2025-02-11 07:50 | INFO | Query 10 Active Learning Instance Cost: 1310808.43
2025-02-11 07:51 | INFO | Query 11 Size of the uncertainty table is = 44947/63973
2025-02-11 07:51 | INFO | Query 11 Size of the filtered table is = 640
2025-02-11 07:51 | INFO | Training Time Active Learning Classifier: 8.02 seconds
2025-02-11 07:51 | INFO | Training Time Active Learning Regressor: 1.91 seconds
2025-02-11 07:52 | INFO | Query 11 Active Learning Runtime on Validation Set: 1844864.0
2025-02-11 07:52 | INFO | Query 11 Active Learning Runtime on Test Set: 505837.03
2025-02-11 07:52 | INFO | Query 11 Active Learning Instance Cost: 1457391.45
2025-02-11 07:52 | INFO | Timeout limit is increased to 600
2025-02-11 07:53 | INFO | Query 12 Size of the uncertainty table is = 42767/63973
2025-02-11 07:53 | INFO | Query 12 Size of the filtered table is = 640
2025-02-11 07:54 | INFO | Training Time Active Learning Classifier: 8.46 seconds
2025-02-11 07:54 | INFO | Training Time Active Learning Regressor: 2.02 seconds
2025-02-11 07:55 | INFO | Query 12 Active Learning Runtime on Validation Set: 1847003.54
2025-02-11 07:55 | INFO | Query 12 Active Learning Runtime on Test Set: 434847.96
2025-02-11 07:55 | INFO | Query 12 Active Learning Instance Cost: 1668033.58
2025-02-11 07:55 | INFO | Timeout limit is increased to 700
2025-02-11 07:56 | INFO | Query 13 Size of the uncertainty table is = 40607/63973
2025-02-11 07:56 | INFO | Query 13 Size of the filtered table is = 640
2025-02-11 07:56 | INFO | Training Time Active Learning Classifier: 8.96 seconds
2025-02-11 07:56 | INFO | Training Time Active Learning Regressor: 2.16 seconds
2025-02-11 07:57 | INFO | Query 13 Active Learning Runtime on Validation Set: 1989700.01
2025-02-11 07:57 | INFO | Query 13 Active Learning Runtime on Test Set: 470725.16
2025-02-11 07:57 | INFO | Query 13 Active Learning Instance Cost: 1877298.23
2025-02-11 07:57 | INFO | Timeout limit is increased to 800
2025-02-11 07:58 | INFO | Query 14 Size of the uncertainty table is = 38101/63973
2025-02-11 07:58 | INFO | Query 14 Size of the filtered table is = 640
2025-02-11 07:58 | INFO | Training Time Active Learning Classifier: 9.55 seconds
2025-02-11 07:58 | INFO | Training Time Active Learning Regressor: 2.3 seconds
2025-02-11 07:59 | INFO | Query 14 Active Learning Runtime on Validation Set: 1845541.83
2025-02-11 07:59 | INFO | Query 14 Active Learning Runtime on Test Set: 435289.32
2025-02-11 07:59 | INFO | Query 14 Active Learning Instance Cost: 2094212.63
2025-02-11 08:00 | INFO | Query 15 Size of the uncertainty table is = 35736/63973
2025-02-11 08:00 | INFO | Query 15 Size of the filtered table is = 640
2025-02-11 08:01 | INFO | Training Time Active Learning Classifier: 10.08 seconds
2025-02-11 08:01 | INFO | Training Time Active Learning Regressor: 2.38 seconds
2025-02-11 08:02 | INFO | Query 15 Active Learning Runtime on Validation Set: 2204521.53
2025-02-11 08:02 | INFO | Query 15 Active Learning Runtime on Test Set: 470410.75
2025-02-11 08:02 | INFO | Query 15 Active Learning Instance Cost: 2345013.62
2025-02-11 08:02 | INFO | Timeout limit is increased to 900
2025-02-11 08:03 | INFO | Query 16 Size of the uncertainty table is = 33474/63973
2025-02-11 08:03 | INFO | Query 16 Size of the filtered table is = 640
2025-02-11 08:03 | INFO | Training Time Active Learning Classifier: 10.65 seconds
2025-02-11 08:03 | INFO | Training Time Active Learning Regressor: 2.46 seconds
2025-02-11 08:04 | INFO | Query 16 Active Learning Runtime on Validation Set: 2239043.9
2025-02-11 08:04 | INFO | Query 16 Active Learning Runtime on Test Set: 505772.62
2025-02-11 08:04 | INFO | Query 16 Active Learning Instance Cost: 2594363.56
2025-02-11 08:04 | INFO | Timeout limit is increased to 1000
2025-02-11 08:05 | INFO | Query 17 Size of the uncertainty table is = 31171/63973
2025-02-11 08:05 | INFO | Query 17 Size of the filtered table is = 640
2025-02-11 08:05 | INFO | Training Time Active Learning Classifier: 11.08 seconds
2025-02-11 08:05 | INFO | Training Time Active Learning Regressor: 2.56 seconds
2025-02-11 08:06 | INFO | Query 17 Active Learning Runtime on Validation Set: 2135490.64
2025-02-11 08:06 | INFO | Query 17 Active Learning Runtime on Test Set: 471082.98
2025-02-11 08:06 | INFO | Query 17 Active Learning Instance Cost: 2827761.98
2025-02-11 08:07 | INFO | Query 18 Size of the uncertainty table is = 29249/63973
2025-02-11 08:07 | INFO | Query 18 Size of the filtered table is = 640
2025-02-11 08:07 | INFO | Training Time Active Learning Classifier: 11.59 seconds
2025-02-11 08:07 | INFO | Training Time Active Learning Regressor: 2.66 seconds
2025-02-11 08:09 | INFO | Query 18 Active Learning Runtime on Validation Set: 2024805.44
2025-02-11 08:09 | INFO | Query 18 Active Learning Runtime on Test Set: 506548.63
2025-02-11 08:09 | INFO | Query 18 Active Learning Instance Cost: 2976688.84
2025-02-11 08:09 | INFO | Query 19 Size of the uncertainty table is = 27299/63973
2025-02-11 08:09 | INFO | Query 19 Size of the filtered table is = 640
2025-02-11 08:10 | INFO | Training Time Active Learning Classifier: 12.06 seconds
2025-02-11 08:10 | INFO | Training Time Active Learning Regressor: 2.71 seconds
2025-02-11 08:11 | INFO | Query 19 Active Learning Runtime on Validation Set: 1882636.61
2025-02-11 08:11 | INFO | Query 19 Active Learning Runtime on Test Set: 362031.29
2025-02-11 08:11 | INFO | Query 19 Active Learning Instance Cost: 3109444.36
2025-02-11 08:12 | INFO | Query 20 Size of the uncertainty table is = 25768/63973
2025-02-11 08:12 | INFO | Query 20 Size of the filtered table is = 640
2025-02-11 08:12 | INFO | Training Time Active Learning Classifier: 12.27 seconds
2025-02-11 08:12 | INFO | Training Time Active Learning Regressor: 2.73 seconds
2025-02-11 08:13 | INFO | Query 20 Active Learning Runtime on Validation Set: 2276801.62
2025-02-11 08:13 | INFO | Query 20 Active Learning Runtime on Test Set: 435185.78
2025-02-11 08:13 | INFO | Query 20 Active Learning Instance Cost: 3214786.42
2025-02-11 08:13 | INFO | Timeout limit is increased to 1100
2025-02-11 08:14 | INFO | Query 21 Size of the uncertainty table is = 24769/63973
2025-02-11 08:14 | INFO | Query 21 Size of the filtered table is = 640
2025-02-11 08:14 | INFO | Training Time Active Learning Classifier: 12.45 seconds
2025-02-11 08:14 | INFO | Training Time Active Learning Regressor: 2.76 seconds
2025-02-11 08:15 | INFO | Query 21 Active Learning Runtime on Validation Set: 2027132.69
2025-02-11 08:15 | INFO | Query 21 Active Learning Runtime on Test Set: 363001.98
2025-02-11 08:15 | INFO | Query 21 Active Learning Instance Cost: 3378656.57
2025-02-11 08:16 | INFO | Query 22 Size of the uncertainty table is = 24409/63973
2025-02-11 08:16 | INFO | Query 22 Size of the filtered table is = 640
2025-02-11 08:16 | INFO | Training Time Active Learning Classifier: 12.41 seconds
2025-02-11 08:16 | INFO | Training Time Active Learning Regressor: 2.75 seconds
2025-02-11 08:18 | INFO | Query 22 Active Learning Runtime on Validation Set: 2275952.2
2025-02-11 08:18 | INFO | Query 22 Active Learning Runtime on Test Set: 362899.2
2025-02-11 08:18 | INFO | Query 22 Active Learning Instance Cost: 3467175.28
2025-02-11 08:18 | INFO | Timeout limit is increased to 1200
2025-02-11 08:18 | INFO | Query 23 Size of the uncertainty table is = 24205/63973
2025-02-11 08:18 | INFO | Query 23 Size of the filtered table is = 640
2025-02-11 08:19 | INFO | Training Time Active Learning Classifier: 12.46 seconds
2025-02-11 08:19 | INFO | Training Time Active Learning Regressor: 2.78 seconds
2025-02-11 08:20 | INFO | Query 23 Active Learning Runtime on Validation Set: 2240861.69
2025-02-11 08:20 | INFO | Query 23 Active Learning Runtime on Test Set: 398722.9
2025-02-11 08:20 | INFO | Query 23 Active Learning Instance Cost: 3595183.21
2025-02-11 08:21 | INFO | Query 24 Size of the uncertainty table is = 24035/63973
2025-02-11 08:21 | INFO | Query 24 Size of the filtered table is = 640
2025-02-11 08:21 | INFO | Training Time Active Learning Classifier: 12.44 seconds
2025-02-11 08:21 | INFO | Training Time Active Learning Regressor: 2.76 seconds
2025-02-11 08:22 | INFO | Query 24 Active Learning Runtime on Validation Set: 2204841.44
2025-02-11 08:22 | INFO | Query 24 Active Learning Runtime on Test Set: 326930.45
2025-02-11 08:22 | INFO | Query 24 Active Learning Instance Cost: 3673297.77
2025-02-11 08:23 | INFO | Query 25 Size of the uncertainty table is = 23988/63973
2025-02-11 08:23 | INFO | Query 25 Size of the filtered table is = 640
2025-02-11 08:23 | INFO | Training Time Active Learning Classifier: 12.5 seconds
2025-02-11 08:23 | INFO | Training Time Active Learning Regressor: 2.77 seconds
2025-02-11 08:24 | INFO | Query 25 Active Learning Runtime on Validation Set: 2239687.34
2025-02-11 08:24 | INFO | Query 25 Active Learning Runtime on Test Set: 434410.17
2025-02-11 08:24 | INFO | Query 25 Active Learning Instance Cost: 3707854.82
2025-02-11 08:24 | INFO | Timeout limit is increased to 1300
2025-02-11 08:25 | INFO | Query 26 Size of the uncertainty table is = 23921/63973
2025-02-11 08:25 | INFO | Query 26 Size of the filtered table is = 640
2025-02-11 08:25 | INFO | Training Time Active Learning Classifier: 12.51 seconds
2025-02-11 08:25 | INFO | Training Time Active Learning Regressor: 2.76 seconds
2025-02-11 08:26 | INFO | Query 26 Active Learning Runtime on Validation Set: 2240521.42
2025-02-11 08:26 | INFO | Query 26 Active Learning Runtime on Test Set: 434515.23
2025-02-11 08:26 | INFO | Query 26 Active Learning Instance Cost: 3809581.04
2025-02-11 08:26 | INFO | Timeout limit is increased to 1400
2025-02-11 08:27 | INFO | Query 27 Size of the uncertainty table is = 23821/63973
2025-02-11 08:27 | INFO | Query 27 Size of the filtered table is = 640
2025-02-11 08:27 | INFO | Training Time Active Learning Classifier: 12.53 seconds
2025-02-11 08:27 | INFO | Training Time Active Learning Regressor: 2.77 seconds
2025-02-11 08:29 | INFO | Query 27 Active Learning Runtime on Validation Set: 2204456.09
2025-02-11 08:29 | INFO | Query 27 Active Learning Runtime on Test Set: 398716.11
2025-02-11 08:29 | INFO | Query 27 Active Learning Instance Cost: 3929803.49
2025-02-11 08:29 | INFO | Query 28 Size of the uncertainty table is = 23706/63973
2025-02-11 08:29 | INFO | Query 28 Size of the filtered table is = 640
2025-02-11 08:30 | INFO | Training Time Active Learning Classifier: 12.69 seconds
2025-02-11 08:30 | INFO | Training Time Active Learning Regressor: 2.77 seconds
2025-02-11 08:31 | INFO | Query 28 Active Learning Runtime on Validation Set: 2168011.21
2025-02-11 08:31 | INFO | Query 28 Active Learning Runtime on Test Set: 363292.01
2025-02-11 08:31 | INFO | Query 28 Active Learning Instance Cost: 3997531.24
2025-02-11 08:32 | INFO | Query 29 Size of the uncertainty table is = 23653/63973
2025-02-11 08:32 | INFO | Query 29 Size of the filtered table is = 640
2025-02-11 08:32 | INFO | Training Time Active Learning Classifier: 12.69 seconds
2025-02-11 08:32 | INFO | Training Time Active Learning Regressor: 2.78 seconds
2025-02-11 08:33 | INFO | Query 29 Active Learning Runtime on Validation Set: 2132486.41
2025-02-11 08:33 | INFO | Query 29 Active Learning Runtime on Test Set: 398502.12
2025-02-11 08:33 | INFO | Query 29 Active Learning Instance Cost: 4062552.0
2025-02-11 08:34 | INFO | Query 30 Size of the uncertainty table is = 23558/63973
2025-02-11 08:34 | INFO | Query 30 Size of the filtered table is = 640
2025-02-11 08:34 | INFO | Training Time Active Learning Classifier: 12.74 seconds
2025-02-11 08:34 | INFO | Training Time Active Learning Regressor: 2.78 seconds
2025-02-11 08:35 | INFO | Query 30 Active Learning Runtime on Validation Set: 2060943.09
2025-02-11 08:35 | INFO | Query 30 Active Learning Runtime on Test Set: 398699.15
2025-02-11 08:35 | INFO | Query 30 Active Learning Instance Cost: 4108971.36
2025-02-11 08:36 | INFO | Query 31 Size of the uncertainty table is = 23456/63973
2025-02-11 08:36 | INFO | Query 31 Size of the filtered table is = 640
2025-02-11 08:36 | INFO | Training Time Active Learning Classifier: 12.63 seconds
2025-02-11 08:36 | INFO | Training Time Active Learning Regressor: 2.8 seconds
2025-02-11 08:37 | INFO | Query 31 Active Learning Runtime on Validation Set: 2132840.09
2025-02-11 08:37 | INFO | Query 31 Active Learning Runtime on Test Set: 434646.26
2025-02-11 08:37 | INFO | Query 31 Active Learning Instance Cost: 4159471.52
2025-02-11 08:37 | INFO | Timeout limit is increased to 1500
2025-02-11 08:38 | INFO | Query 32 Size of the uncertainty table is = 23443/63973
2025-02-11 08:38 | INFO | Query 32 Size of the filtered table is = 640
2025-02-11 08:38 | INFO | Training Time Active Learning Classifier: 12.63 seconds
2025-02-11 08:38 | INFO | Training Time Active Learning Regressor: 2.91 seconds
2025-02-11 08:40 | INFO | Query 32 Active Learning Runtime on Validation Set: 2097470.94
2025-02-11 08:40 | INFO | Query 32 Active Learning Runtime on Test Set: 434646.38
2025-02-11 08:40 | INFO | Query 32 Active Learning Instance Cost: 4258171.61
2025-02-11 08:40 | INFO | Query 33 Size of the uncertainty table is = 23430/63973
2025-02-11 08:40 | INFO | Query 33 Size of the filtered table is = 640
2025-02-11 08:41 | INFO | Training Time Active Learning Classifier: 12.64 seconds
2025-02-11 08:41 | INFO | Training Time Active Learning Regressor: 2.8 seconds
2025-02-11 08:42 | INFO | Query 33 Active Learning Runtime on Validation Set: 1813170.2
2025-02-11 08:42 | INFO | Query 33 Active Learning Runtime on Test Set: 398501.78
2025-02-11 08:42 | INFO | Query 33 Active Learning Instance Cost: 4303071.85
2025-02-11 08:42 | INFO | Query 34 Size of the uncertainty table is = 23387/63973
2025-02-11 08:42 | INFO | Query 34 Size of the filtered table is = 640
2025-02-11 08:43 | INFO | Training Time Active Learning Classifier: 12.75 seconds
2025-02-11 08:43 | INFO | Training Time Active Learning Regressor: 2.8 seconds
2025-02-11 08:44 | INFO | Query 34 Active Learning Runtime on Validation Set: 1848985.8
2025-02-11 08:44 | INFO | Query 34 Active Learning Runtime on Test Set: 398699.12
2025-02-11 08:44 | INFO | Query 34 Active Learning Instance Cost: 4339780.72
2025-02-11 08:44 | INFO | Timeout limit is increased to 1600
2025-02-11 08:45 | INFO | Query 35 Size of the uncertainty table is = 23348/63973
2025-02-11 08:45 | INFO | Query 35 Size of the filtered table is = 640
2025-02-11 08:45 | INFO | Training Time Active Learning Classifier: 12.65 seconds
2025-02-11 08:45 | INFO | Training Time Active Learning Regressor: 2.81 seconds
2025-02-11 08:46 | INFO | Query 35 Active Learning Runtime on Validation Set: 1954086.74
2025-02-11 08:46 | INFO | Query 35 Active Learning Runtime on Test Set: 434632.35
2025-02-11 08:46 | INFO | Query 35 Active Learning Instance Cost: 4436184.04
2025-02-11 08:46 | INFO | Timeout limit is increased to 1700
2025-02-11 08:47 | INFO | Query 36 Size of the uncertainty table is = 23290/63973
2025-02-11 08:47 | INFO | Query 36 Size of the filtered table is = 640
2025-02-11 08:47 | INFO | Training Time Active Learning Classifier: 12.66 seconds
2025-02-11 08:47 | INFO | Training Time Active Learning Regressor: 2.8 seconds
2025-02-11 08:48 | INFO | Query 36 Active Learning Runtime on Validation Set: 1954032.05
2025-02-11 08:48 | INFO | Query 36 Active Learning Runtime on Test Set: 434356.91
2025-02-11 08:48 | INFO | Query 36 Active Learning Instance Cost: 4565984.06
2025-02-11 08:49 | INFO | Query 37 Size of the uncertainty table is = 23277/63973
2025-02-11 08:49 | INFO | Query 37 Size of the filtered table is = 640
2025-02-11 08:49 | INFO | Training Time Active Learning Classifier: 12.67 seconds
2025-02-11 08:49 | INFO | Training Time Active Learning Regressor: 2.79 seconds
2025-02-11 08:51 | INFO | Query 37 Active Learning Runtime on Validation Set: 2026710.22
2025-02-11 08:51 | INFO | Query 37 Active Learning Runtime on Test Set: 399295.68
2025-02-11 08:51 | INFO | Query 37 Active Learning Instance Cost: 4635602.18
2025-02-11 08:51 | INFO | Timeout limit is increased to 1800
2025-02-11 08:51 | INFO | Query 38 Size of the uncertainty table is = 23264/63973
2025-02-11 08:51 | INFO | Query 38 Size of the filtered table is = 640
2025-02-11 08:52 | INFO | Training Time Active Learning Classifier: 12.67 seconds
2025-02-11 08:52 | INFO | Training Time Active Learning Regressor: 2.91 seconds
2025-02-11 08:53 | INFO | Query 38 Active Learning Runtime on Validation Set: 2348885.12
2025-02-11 08:53 | INFO | Query 38 Active Learning Runtime on Test Set: 471067.51
2025-02-11 08:53 | INFO | Query 38 Active Learning Instance Cost: 4744902.53
2025-02-11 08:53 | INFO | Timeout limit is increased to 1900
2025-02-11 08:53 | INFO | Query 39 Size of the uncertainty table is = 23246/63973
2025-02-11 08:53 | INFO | Query 39 Size of the filtered table is = 640
2025-02-11 08:54 | INFO | Training Time Active Learning Classifier: 12.67 seconds
2025-02-11 08:54 | INFO | Training Time Active Learning Regressor: 2.8 seconds
2025-02-11 08:55 | INFO | Query 39 Active Learning Runtime on Validation Set: 2348885.12
2025-02-11 08:55 | INFO | Query 39 Active Learning Runtime on Test Set: 471067.51
2025-02-11 08:55 | INFO | Query 39 Active Learning Instance Cost: 4875104.77
2025-02-11 08:55 | INFO | Timeout limit is increased to 2000
2025-02-11 08:56 | INFO | Query 40 Size of the uncertainty table is = 23235/63973
2025-02-11 08:56 | INFO | Query 40 Size of the filtered table is = 640
2025-02-11 08:56 | INFO | Training Time Active Learning Classifier: 12.69 seconds
2025-02-11 08:56 | INFO | Training Time Active Learning Regressor: 2.82 seconds
2025-02-11 08:57 | INFO | Query 40 Active Learning Runtime on Validation Set: 2348885.12
2025-02-11 08:57 | INFO | Query 40 Active Learning Runtime on Test Set: 471067.51
2025-02-11 08:57 | INFO | Query 40 Active Learning Instance Cost: 5006004.77
2025-02-11 08:57 | INFO | Timeout limit is increased to 2100
2025-02-11 08:58 | INFO | Query 41 Size of the uncertainty table is = 23235/63973
2025-02-11 08:58 | INFO | Query 41 Size of the filtered table is = 640
2025-02-11 08:58 | INFO | Training Time Active Learning Classifier: 12.73 seconds
2025-02-11 08:58 | INFO | Training Time Active Learning Regressor: 2.81 seconds
2025-02-11 08:59 | INFO | Query 41 Active Learning Runtime on Validation Set: 2313239.77
2025-02-11 08:59 | INFO | Query 41 Active Learning Runtime on Test Set: 399078.8
2025-02-11 08:59 | INFO | Query 41 Active Learning Instance Cost: 5131205.03
2025-02-11 09:00 | INFO | Query 42 Size of the uncertainty table is = 23207/63973
2025-02-11 09:00 | INFO | Query 42 Size of the filtered table is = 640
2025-02-11 09:00 | INFO | Training Time Active Learning Classifier: 12.69 seconds
2025-02-11 09:00 | INFO | Training Time Active Learning Regressor: 2.8 seconds
2025-02-11 09:01 | INFO | Query 42 Active Learning Runtime on Validation Set: 1955647.23
2025-02-11 09:01 | INFO | Query 42 Active Learning Runtime on Test Set: 399079.2
2025-02-11 09:01 | INFO | Query 42 Active Learning Instance Cost: 5207205.09
2025-02-11 09:02 | INFO | Query 43 Size of the uncertainty table is = 23198/63973
2025-02-11 09:02 | INFO | Query 43 Size of the filtered table is = 640
2025-02-11 09:02 | INFO | Training Time Active Learning Classifier: 12.62 seconds
2025-02-11 09:03 | INFO | Training Time Active Learning Regressor: 2.79 seconds
2025-02-11 09:04 | INFO | Query 43 Active Learning Runtime on Validation Set: 1955647.23
2025-02-11 09:04 | INFO | Query 43 Active Learning Runtime on Test Set: 399079.2
2025-02-11 09:04 | INFO | Query 43 Active Learning Instance Cost: 5256405.09
2025-02-11 09:04 | INFO | Timeout limit is increased to 2200
2025-02-11 09:04 | INFO | Query 44 Size of the uncertainty table is = 23198/63973
2025-02-11 09:04 | INFO | Query 44 Size of the filtered table is = 640
2025-02-11 09:05 | INFO | Training Time Active Learning Classifier: 12.76 seconds
2025-02-11 09:05 | INFO | Training Time Active Learning Regressor: 2.79 seconds
2025-02-11 09:06 | INFO | Query 44 Active Learning Runtime on Validation Set: 1919818.43
2025-02-11 09:06 | INFO | Query 44 Active Learning Runtime on Test Set: 363206.42
2025-02-11 09:06 | INFO | Query 44 Active Learning Instance Cost: 5373205.46
2025-02-11 09:07 | INFO | Query 45 Size of the uncertainty table is = 23185/63973
2025-02-11 09:07 | INFO | Query 45 Size of the filtered table is = 640
2025-02-11 09:07 | INFO | Training Time Active Learning Classifier: 12.66 seconds
2025-02-11 09:07 | INFO | Training Time Active Learning Regressor: 2.8 seconds
2025-02-11 09:08 | INFO | Query 45 Active Learning Runtime on Validation Set: 1919414.74
2025-02-11 09:08 | INFO | Query 45 Active Learning Runtime on Test Set: 363205.94
2025-02-11 09:08 | INFO | Query 45 Active Learning Instance Cost: 5432206.02
2025-02-11 09:09 | INFO | Query 46 Size of the uncertainty table is = 23165/63973
2025-02-11 09:09 | INFO | Query 46 Size of the filtered table is = 640
2025-02-11 09:09 | INFO | Training Time Active Learning Classifier: 12.65 seconds
2025-02-11 09:09 | INFO | Training Time Active Learning Regressor: 2.8 seconds
2025-02-11 09:10 | INFO | Query 46 Active Learning Runtime on Validation Set: 1919506.57
2025-02-11 09:10 | INFO | Query 46 Active Learning Runtime on Test Set: 363205.94
2025-02-11 09:10 | INFO | Query 46 Active Learning Instance Cost: 5490906.04
2025-02-11 09:10 | INFO | Timeout limit is increased to 2300
2025-02-11 09:11 | INFO | Query 47 Size of the uncertainty table is = 23156/63973
2025-02-11 09:11 | INFO | Query 47 Size of the filtered table is = 640
2025-02-11 09:11 | INFO | Training Time Active Learning Classifier: 12.65 seconds
2025-02-11 09:11 | INFO | Training Time Active Learning Regressor: 2.79 seconds
2025-02-11 09:12 | INFO | Query 47 Active Learning Runtime on Validation Set: 1919506.57
2025-02-11 09:12 | INFO | Query 47 Active Learning Runtime on Test Set: 363205.94
2025-02-11 09:12 | INFO | Query 47 Active Learning Instance Cost: 5593106.04
2025-02-11 09:12 | INFO | Timeout limit is increased to 2400
2025-02-11 09:13 | INFO | Query 48 Size of the uncertainty table is = 23156/63973
2025-02-11 09:13 | INFO | Query 48 Size of the filtered table is = 640
2025-02-11 09:13 | INFO | Training Time Active Learning Classifier: 12.68 seconds
2025-02-11 09:13 | INFO | Training Time Active Learning Regressor: 2.8 seconds
2025-02-11 09:15 | INFO | Query 48 Active Learning Runtime on Validation Set: 1919456.38
2025-02-11 09:15 | INFO | Query 48 Active Learning Runtime on Test Set: 327250.77
2025-02-11 09:15 | INFO | Query 48 Active Learning Instance Cost: 5696806.56
2025-02-11 09:15 | INFO | Query 49 Size of the uncertainty table is = 23145/63973
2025-02-11 09:15 | INFO | Query 49 Size of the filtered table is = 640
2025-02-11 09:16 | INFO | Training Time Active Learning Classifier: 12.84 seconds
2025-02-11 09:16 | INFO | Training Time Active Learning Regressor: 2.79 seconds
2025-02-11 09:17 | INFO | Query 49 Active Learning Runtime on Validation Set: 1990751.53
2025-02-11 09:17 | INFO | Query 49 Active Learning Runtime on Test Set: 327252.38
2025-02-11 09:17 | INFO | Query 49 Active Learning Instance Cost: 5761506.62
2025-02-11 09:17 | INFO | Timeout limit is increased to 2500
2025-02-11 09:18 | INFO | Query 50 Size of the uncertainty table is = 23134/63973
2025-02-11 09:18 | INFO | Query 50 Size of the filtered table is = 640
2025-02-11 09:18 | INFO | Training Time Active Learning Classifier: 12.68 seconds
2025-02-11 09:18 | INFO | Training Time Active Learning Regressor: 2.79 seconds
2025-02-11 09:19 | INFO | Query 50 Active Learning Runtime on Validation Set: 1990751.53
2025-02-11 09:19 | INFO | Query 50 Active Learning Runtime on Test Set: 327252.38
2025-02-11 09:19 | INFO | Query 50 Active Learning Instance Cost: 5879106.62
2025-02-11 09:19 | INFO | Timeout limit is increased to 2600
2025-02-11 09:20 | INFO | Query 51 Size of the uncertainty table is = 23134/63973
2025-02-11 09:20 | INFO | Query 51 Size of the filtered table is = 640
2025-02-11 09:20 | INFO | Training Time Active Learning Classifier: 12.7 seconds
2025-02-11 09:20 | INFO | Training Time Active Learning Regressor: 2.82 seconds
2025-02-11 09:21 | INFO | Query 51 Active Learning Runtime on Validation Set: 1883699.45
2025-02-11 09:21 | INFO | Query 51 Active Learning Runtime on Test Set: 327252.38
2025-02-11 09:21 | INFO | Query 51 Active Learning Instance Cost: 6041706.87
2025-02-11 09:22 | INFO | Query 52 Size of the uncertainty table is = 23126/63973
2025-02-11 09:22 | INFO | Query 52 Size of the filtered table is = 640
2025-02-11 09:22 | INFO | Training Time Active Learning Classifier: 12.68 seconds
2025-02-11 09:22 | INFO | Training Time Active Learning Regressor: 2.93 seconds
2025-02-11 09:23 | INFO | Query 52 Active Learning Runtime on Validation Set: 1954999.73
2025-02-11 09:23 | INFO | Query 52 Active Learning Runtime on Test Set: 398571.25
2025-02-11 09:23 | INFO | Query 52 Active Learning Instance Cost: 6106007.72
2025-02-11 09:23 | INFO | Timeout limit is increased to 2700
2025-02-11 09:24 | INFO | Query 53 Size of the uncertainty table is = 23107/63973
2025-02-11 09:24 | INFO | Query 53 Size of the filtered table is = 640
2025-02-11 09:24 | INFO | Training Time Active Learning Classifier: 12.72 seconds
2025-02-11 09:24 | INFO | Training Time Active Learning Regressor: 2.8 seconds
2025-02-11 09:26 | INFO | Query 53 Active Learning Runtime on Validation Set: 1954999.73
2025-02-11 09:26 | INFO | Query 53 Active Learning Runtime on Test Set: 398571.25
2025-02-11 09:26 | INFO | Query 53 Active Learning Instance Cost: 6230107.72
2025-02-11 09:26 | INFO | Timeout limit is increased to 2800
2025-02-11 09:26 | INFO | Query 54 Size of the uncertainty table is = 23107/63973
2025-02-11 09:26 | INFO | Query 54 Size of the filtered table is = 640
2025-02-11 09:27 | INFO | Training Time Active Learning Classifier: 12.73 seconds
2025-02-11 09:27 | INFO | Training Time Active Learning Regressor: 2.8 seconds
2025-02-11 09:28 | INFO | Query 54 Active Learning Runtime on Validation Set: 2062253.09
2025-02-11 09:28 | INFO | Query 54 Active Learning Runtime on Test Set: 398571.27
2025-02-11 09:28 | INFO | Query 54 Active Learning Instance Cost: 6379707.74
2025-02-11 09:28 | INFO | Timeout limit is increased to 2900
2025-02-11 09:28 | INFO | Query 55 Size of the uncertainty table is = 23094/63973
2025-02-11 09:28 | INFO | Query 55 Size of the filtered table is = 640
2025-02-11 09:29 | INFO | Training Time Active Learning Classifier: 12.83 seconds
2025-02-11 09:29 | INFO | Training Time Active Learning Regressor: 2.81 seconds
2025-02-11 09:30 | INFO | Query 55 Active Learning Runtime on Validation Set: 1883322.31
2025-02-11 09:30 | INFO | Query 55 Active Learning Runtime on Test Set: 398571.24
2025-02-11 09:30 | INFO | Query 55 Active Learning Instance Cost: 6507918.44
2025-02-11 09:31 | INFO | Query 56 Size of the uncertainty table is = 23083/63973
2025-02-11 09:31 | INFO | Query 56 Size of the filtered table is = 640
2025-02-11 09:31 | INFO | Training Time Active Learning Classifier: 12.71 seconds
2025-02-11 09:31 | INFO | Training Time Active Learning Regressor: 2.8 seconds
2025-02-11 09:32 | INFO | Query 56 Active Learning Runtime on Validation Set: 1883322.31
2025-02-11 09:32 | INFO | Query 56 Active Learning Runtime on Test Set: 398571.24
2025-02-11 09:32 | INFO | Query 56 Active Learning Instance Cost: 6606218.44
2025-02-11 09:32 | INFO | Timeout limit is increased to 3000
2025-02-11 09:33 | INFO | Query 57 Size of the uncertainty table is = 23083/63973
2025-02-11 09:33 | INFO | Query 57 Size of the filtered table is = 640
2025-02-11 09:33 | INFO | Training Time Active Learning Classifier: 12.72 seconds
2025-02-11 09:33 | INFO | Training Time Active Learning Regressor: 2.82 seconds
2025-02-11 09:34 | INFO | Query 57 Active Learning Runtime on Validation Set: 1883322.31
2025-02-11 09:34 | INFO | Query 57 Active Learning Runtime on Test Set: 398571.24
2025-02-11 09:34 | INFO | Query 57 Active Learning Instance Cost: 6742718.44
2025-02-11 09:34 | INFO | Timeout limit is increased to 3100
2025-02-11 09:35 | INFO | Query 58 Size of the uncertainty table is = 23083/63973
2025-02-11 09:35 | INFO | Query 58 Size of the filtered table is = 640
2025-02-11 09:35 | INFO | Training Time Active Learning Classifier: 12.73 seconds
2025-02-11 09:35 | INFO | Training Time Active Learning Regressor: 2.92 seconds
2025-02-11 09:37 | INFO | Query 58 Active Learning Runtime on Validation Set: 1883322.31
2025-02-11 09:37 | INFO | Query 58 Active Learning Runtime on Test Set: 398571.24
2025-02-11 09:37 | INFO | Query 58 Active Learning Instance Cost: 6885519.35
2025-02-11 09:37 | INFO | Timeout limit is increased to 3200
2025-02-11 09:37 | INFO | Query 59 Size of the uncertainty table is = 23072/63973
2025-02-11 09:37 | INFO | Query 59 Size of the filtered table is = 640
2025-02-11 09:38 | INFO | Training Time Active Learning Classifier: 12.73 seconds
2025-02-11 09:38 | INFO | Training Time Active Learning Regressor: 2.81 seconds
2025-02-11 09:39 | INFO | Query 59 Active Learning Runtime on Validation Set: 1990572.9
2025-02-11 09:39 | INFO | Query 59 Active Learning Runtime on Test Set: 326638.6
2025-02-11 09:39 | INFO | Query 59 Active Learning Instance Cost: 7026424.33
2025-02-11 09:39 | INFO | Timeout limit is increased to 3300
2025-02-11 09:39 | INFO | Query 60 Size of the uncertainty table is = 23036/63973
2025-02-11 09:39 | INFO | Query 60 Size of the filtered table is = 640
2025-02-11 09:40 | INFO | Training Time Active Learning Classifier: 12.86 seconds
2025-02-11 09:40 | INFO | Training Time Active Learning Regressor: 2.81 seconds
2025-02-11 09:41 | INFO | Query 60 Active Learning Runtime on Validation Set: 2026479.91
2025-02-11 09:41 | INFO | Query 60 Active Learning Runtime on Test Set: 327307.25
2025-02-11 09:41 | INFO | Query 60 Active Learning Instance Cost: 7195535.05
2025-02-11 09:41 | INFO | Timeout limit is increased to 3400
2025-02-11 09:42 | INFO | Query 61 Size of the uncertainty table is = 23008/63973
2025-02-11 09:42 | INFO | Query 61 Size of the filtered table is = 640
2025-02-11 09:42 | INFO | Training Time Active Learning Classifier: 12.75 seconds
2025-02-11 09:42 | INFO | Training Time Active Learning Regressor: 2.81 seconds
2025-02-11 09:43 | INFO | Query 61 Active Learning Runtime on Validation Set: 1918348.3
2025-02-11 09:43 | INFO | Query 61 Active Learning Runtime on Test Set: 363254.06
2025-02-11 09:43 | INFO | Query 61 Active Learning Instance Cost: 7351241.35
2025-02-11 09:44 | INFO | Query 62 Size of the uncertainty table is = 22983/63973
2025-02-11 09:44 | INFO | Query 62 Size of the filtered table is = 640
2025-02-11 09:44 | INFO | Training Time Active Learning Classifier: 12.73 seconds
2025-02-11 09:44 | INFO | Training Time Active Learning Regressor: 2.8 seconds
2025-02-11 09:45 | INFO | Query 62 Active Learning Runtime on Validation Set: 1918348.3
2025-02-11 09:45 | INFO | Query 62 Active Learning Runtime on Test Set: 363254.06
2025-02-11 09:45 | INFO | Query 62 Active Learning Instance Cost: 7453341.35
2025-02-11 09:45 | INFO | Timeout limit is increased to 3500
2025-02-11 09:46 | INFO | Query 63 Size of the uncertainty table is = 22983/63973
2025-02-11 09:46 | INFO | Query 63 Size of the filtered table is = 640
2025-02-11 09:46 | INFO | Training Time Active Learning Classifier: 12.74 seconds
2025-02-11 09:46 | INFO | Training Time Active Learning Regressor: 2.81 seconds
2025-02-11 09:47 | INFO | Query 63 Active Learning Runtime on Validation Set: 1918352.55
2025-02-11 09:47 | INFO | Query 63 Active Learning Runtime on Test Set: 363253.91
2025-02-11 09:47 | INFO | Query 63 Active Learning Instance Cost: 7571851.19
2025-02-11 09:47 | INFO | Timeout limit is increased to 3600
2025-02-11 09:48 | INFO | Query 64 Size of the uncertainty table is = 22970/63973
2025-02-11 09:48 | INFO | Query 64 Size of the filtered table is = 640
2025-02-11 09:48 | INFO | Training Time Active Learning Classifier: 12.9 seconds
2025-02-11 09:49 | INFO | Training Time Active Learning Regressor: 2.8 seconds
2025-02-11 09:50 | INFO | Query 64 Active Learning Runtime on Validation Set: 1990259.7
2025-02-11 09:50 | INFO | Query 64 Active Learning Runtime on Test Set: 398381.53
2025-02-11 09:50 | INFO | Query 64 Active Learning Instance Cost: 7726054.02
2025-02-11 09:50 | INFO | Timeout limit is increased to 3600
2025-02-11 09:50 | INFO | Query 65 Size of the uncertainty table is = 2906/63973
2025-02-11 09:50 | INFO | Query 65 Size of the filtered table is = 640
2025-02-11 09:50 | INFO | Training Time Active Learning Classifier: 13.43 seconds
2025-02-11 09:50 | INFO | Training Time Active Learning Regressor: 2.87 seconds
2025-02-11 09:51 | INFO | Query 65 Active Learning Runtime on Validation Set: 2204812.23
2025-02-11 09:51 | INFO | Query 65 Active Learning Runtime on Test Set: 434641.11
2025-02-11 09:51 | INFO | Query 65 Active Learning Instance Cost: 7739313.99
2025-02-11 09:51 | INFO | Timeout limit is increased to 3600
2025-02-11 09:51 | INFO | Query 66 Size of the uncertainty table is = 663/63973
2025-02-11 09:51 | INFO | Query 66 Size of the filtered table is = 640
2025-02-11 09:52 | INFO | Training Time Active Learning Classifier: 13.44 seconds
2025-02-11 09:52 | INFO | Training Time Active Learning Regressor: 2.9 seconds
2025-02-11 09:53 | INFO | Query 66 Active Learning Runtime on Validation Set: 1988777.34
2025-02-11 09:53 | INFO | Query 66 Active Learning Runtime on Test Set: 434417.36
2025-02-11 09:53 | INFO | Query 66 Active Learning Instance Cost: 7740394.43
2025-02-11 09:53 | INFO | Active Learning Emissions: 0.10197938110167384
2025-02-11 09:53 | INFO | Active Learning Energy Consumption: 0.1109561707475288 kWh
2025-02-11 09:53 | INFO | runtime_test_score is written as json file
2025-02-11 09:53 | INFO | runtime_validation_score is written as json file
2025-02-11 09:53 | INFO | instance_cost is written as json file
2025-02-11 09:53 | INFO | Experiment is finished
