2025-02-10 15:01 | INFO | Paramaters are: {'dataset': 'MAXSAT15-PMS-INDU', 'penalty': 10, 'weight': 'No_Weight', 'voting': 'Hard', 'pre_selection_size': 64, 'pre_selection_technique': 'No_pre_selection', 'feature_elimination_threshold': 20, 'imputer_strategy': 'median', 'feature_selection_technique': 'No_feature_selection', 'feature_scaling_technique': 'StandardScaler', 'priority': {'PredDiff': 'max', 'PredCost': 'min', 'Uncertainty': 'max'}, 'initial_train_size': 20, 'query_size': 1, 'timeout_predictor_usage': 'No', 'timeout_limit': 100, 'timeout_increase_rate': 100, 'penalty_type': 'Only-timeout-penalty', 'RANDOM_STATE_SEED': 12345, 'n_splits': 10, 'split_number': 1, 'max_timeout': 3600, 'param_grid': {'n_estimators': 100, 'max_features': 'sqrt', 'max_depth': 2147483648, 'min_samples_split': 2, 'bootstrap': True}}
2025-02-10 15:01 | INFO | MAXSAT15-PMS-INDU is current dataset
2025-02-10 15:01 | INFO | DATASETS/MAXSAT15-PMS-INDU/algorithm_runs.arff is found
2025-02-10 15:01 | INFO | DATASETS/MAXSAT15-PMS-INDU/algorithm_runs.arff is finished
2025-02-10 15:01 | INFO | DATASETS/MAXSAT15-PMS-INDU/feature_values.arff is found
2025-02-10 15:01 | INFO | DATASETS/MAXSAT15-PMS-INDU/feature_values.arff is finished
2025-02-10 15:01 | INFO | Virtual best solver time in train = 17490.88
2025-02-10 15:01 | INFO | Single best solver list train = {'CCEHC2akms': 13470119.91, 'CCLS2akms': 13685461.26, 'ILP-2015': 6628320.61, 'LMHS-C': 3540815.48, 'LMHS-I': 3140436.17, 'MaxHS': 1841294.28, 'Open-WBO': 1395232.54, 'Open-WBO-L': 2199642.04, 'Open-WBO-R': 970324.0, 'QMSAT14': 2415885.16, 'QMSAT15UC': 2553721.48, 'WMaxSatz+': 12052495.68, 'WMaxSatz09': 12052509.14, 'WPM3-2015-co': 862275.42, 'ahms-1.55': 13504189.35, 'ahms-1.68': 13396568.51, 'ahms-ls-1.55': 13539370.14, 'ahms-ls-1.68': 13396127.44, 'maxino-k16': 1072657.58, 'maxino-kdyn': 1072719.25, 'msUZK-nopp': 7472444.95, 'msUZK-pp': 7468469.64, 'mscg2015a': 1281524.21, 'mscg2015b': 1248764.13, 'optiriss-def': 1684864.41, 'optiriss-sel': 4453901.75, 'ratselfax-cnf': 11246859.8, 'toysat': 9589981.8, 'toysat_ls': 10890314.14}
2025-02-10 15:01 | INFO | Single best solver time train = WPM3-2015-co (862275.42)
2025-02-10 15:01 | INFO | Virtual best solver time in validation = 5149.19
2025-02-10 15:01 | INFO | Single best solver list validation = {'CCEHC2akms': 3492233.2, 'CCLS2akms': 3600001.95, 'ILP-2015': 2271058.37, 'LMHS-C': 590812.19, 'LMHS-I': 412825.52, 'MaxHS': 404882.32, 'Open-WBO': 123091.53, 'Open-WBO-L': 82426.66, 'Open-WBO-R': 82134.58, 'QMSAT14': 47906.3, 'QMSAT15UC': 124491.58, 'WMaxSatz+': 3528003.24, 'WMaxSatz09': 3528003.23, 'WPM3-2015-co': 78020.43, 'ahms-1.55': 3528003.09, 'ahms-1.68': 3528001.7, 'ahms-ls-1.55': 3528003.88, 'ahms-ls-1.68': 3528002.37, 'maxino-k16': 44023.43, 'maxino-kdyn': 44077.04, 'msUZK-nopp': 1668962.57, 'msUZK-pp': 1949617.2, 'mscg2015a': 80339.61, 'mscg2015b': 79108.33, 'optiriss-def': 228662.57, 'optiriss-sel': 2378475.09, 'ratselfax-cnf': 2743391.33, 'toysat': 2666735.13, 'toysat_ls': 2958165.55}
2025-02-10 15:01 | INFO | Single best solver time validation = maxino-k16 (44023.43)
2025-02-10 15:01 | INFO | Virtual best solver time in test = 1485.69
2025-02-10 15:01 | INFO | Single best solver list test = {'CCEHC2akms': 1908900.6, 'CCLS2akms': 1873105.63, 'ILP-2015': 1013772.84, 'LMHS-C': 512588.56, 'LMHS-I': 440569.51, 'MaxHS': 258342.86, 'Open-WBO': 185107.91, 'Open-WBO-L': 290902.86, 'Open-WBO-R': 111548.04, 'QMSAT14': 326199.04, 'QMSAT15UC': 328277.69, 'WMaxSatz+': 1874714.29, 'WMaxSatz09': 1874603.64, 'WPM3-2015-co': 112563.34, 'ahms-1.55': 1836026.51, 'ahms-1.68': 1836023.05, 'ahms-ls-1.55': 1836029.27, 'ahms-ls-1.68': 1836026.39, 'maxino-k16': 147541.08, 'maxino-kdyn': 181791.12, 'msUZK-nopp': 1048943.45, 'msUZK-pp': 1084340.77, 'mscg2015a': 183558.54, 'mscg2015b': 148540.59, 'optiriss-def': 254695.75, 'optiriss-sel': 615358.5, 'ratselfax-cnf': 1590973.54, 'toysat': 1340492.68, 'toysat_ls': 1696904.48}
2025-02-10 15:01 | INFO | Single best solver time test = Open-WBO-R (111548.04)
2025-02-10 15:01 | INFO | Training Time Passive Learning Classifier: 31.73 seconds
2025-02-10 15:01 | INFO | Training Time Passive Learning Regressor: 3.02 seconds
2025-02-10 15:04 | INFO | Passive Learning Classifier Runtime on Validation Set: 83068.15
2025-02-10 15:04 | INFO | Passive Learning Classifier Runtime on Test Set: 38159.78
2025-02-10 15:04 | INFO | Passive Learning Instance Cost: 19614890.25
2025-02-10 15:04 | INFO | Passive Learning Emissions: 0.0024043706853101796
2025-02-10 15:04 | INFO | Passive Learning Energy Consumption: 0.002616016702765127 kWh
2025-02-10 15:05 | INFO | Training Time Active Learning Classifier: 22.4 seconds
2025-02-10 15:05 | INFO | Training Time Active Learning Regressor: 1.34 seconds
2025-02-10 15:07 | INFO | Initial Active Learning Runtime on Validation Set: 85130.88
2025-02-10 15:07 | INFO | Initial Active Learning Runtime on Test Set: 76588.22
2025-02-10 15:07 | INFO | Initial Active Learning Instance Cost: 34164.06
2025-02-10 15:07 | INFO | Bin size = 1543
2025-02-10 15:08 | INFO | Query 1 Size of the uncertainty table is = 156733/154280
2025-02-10 15:08 | INFO | Query 1 Size of the filtered table is = 1543
2025-02-10 15:09 | INFO | Training Time Active Learning Classifier: 21.4 seconds
2025-02-10 15:09 | INFO | Training Time Active Learning Regressor: 1.39 seconds
2025-02-10 15:12 | INFO | Query 1 Active Learning Runtime on Validation Set: 85681.14
2025-02-10 15:12 | INFO | Query 1 Active Learning Runtime on Test Set: 112630.84
2025-02-10 15:12 | INFO | Query 1 Active Learning Instance Cost: 94927.46
2025-02-10 15:12 | INFO | Timeout limit is increased to 200
2025-02-10 15:13 | INFO | Query 2 Size of the uncertainty table is = 154626/154280
2025-02-10 15:13 | INFO | Query 2 Size of the filtered table is = 1543
2025-02-10 15:13 | INFO | Training Time Active Learning Classifier: 21.54 seconds
2025-02-10 15:13 | INFO | Training Time Active Learning Regressor: 1.45 seconds
2025-02-10 15:16 | INFO | Query 2 Active Learning Runtime on Validation Set: 85379.76
2025-02-10 15:16 | INFO | Query 2 Active Learning Runtime on Test Set: 112572.32
2025-02-10 15:16 | INFO | Query 2 Active Learning Instance Cost: 254704.37
2025-02-10 15:18 | INFO | Query 3 Size of the uncertainty table is = 152350/154280
2025-02-10 15:18 | INFO | Query 3 Size of the filtered table is = 1543
2025-02-10 15:18 | INFO | Training Time Active Learning Classifier: 21.46 seconds
2025-02-10 15:18 | INFO | Training Time Active Learning Regressor: 1.7 seconds
2025-02-10 15:21 | INFO | Query 3 Active Learning Runtime on Validation Set: 85115.95
2025-02-10 15:21 | INFO | Query 3 Active Learning Runtime on Test Set: 112579.3
2025-02-10 15:21 | INFO | Query 3 Active Learning Instance Cost: 315140.44
2025-02-10 15:23 | INFO | Query 4 Size of the uncertainty table is = 150192/154280
2025-02-10 15:23 | INFO | Query 4 Size of the filtered table is = 1543
2025-02-10 15:23 | INFO | Training Time Active Learning Classifier: 21.59 seconds
2025-02-10 15:23 | INFO | Training Time Active Learning Regressor: 1.52 seconds
2025-02-10 15:26 | INFO | Query 4 Active Learning Runtime on Validation Set: 85453.29
2025-02-10 15:26 | INFO | Query 4 Active Learning Runtime on Test Set: 112435.8
2025-02-10 15:26 | INFO | Query 4 Active Learning Instance Cost: 339297.5
2025-02-10 15:26 | INFO | Timeout limit is increased to 300
2025-02-10 15:28 | INFO | Query 5 Size of the uncertainty table is = 147940/154280
2025-02-10 15:28 | INFO | Query 5 Size of the filtered table is = 1543
2025-02-10 15:28 | INFO | Training Time Active Learning Classifier: 21.94 seconds
2025-02-10 15:28 | INFO | Training Time Active Learning Regressor: 1.55 seconds
2025-02-10 15:31 | INFO | Query 5 Active Learning Runtime on Validation Set: 85766.63
2025-02-10 15:31 | INFO | Query 5 Active Learning Runtime on Test Set: 112593.36
2025-02-10 15:31 | INFO | Query 5 Active Learning Instance Cost: 464213.94
2025-02-10 15:31 | INFO | Timeout limit is increased to 400
2025-02-10 15:33 | INFO | Query 6 Size of the uncertainty table is = 145189/154280
2025-02-10 15:33 | INFO | Query 6 Size of the filtered table is = 1543
2025-02-10 15:33 | INFO | Training Time Active Learning Classifier: 21.84 seconds
2025-02-10 15:33 | INFO | Training Time Active Learning Regressor: 1.59 seconds
2025-02-10 15:36 | INFO | Query 6 Active Learning Runtime on Validation Set: 85448.61
2025-02-10 15:36 | INFO | Query 6 Active Learning Runtime on Test Set: 112730.61
2025-02-10 15:36 | INFO | Query 6 Active Learning Instance Cost: 635326.5
2025-02-10 15:38 | INFO | Query 7 Size of the uncertainty table is = 142519/154280
2025-02-10 15:38 | INFO | Query 7 Size of the filtered table is = 1543
2025-02-10 15:39 | INFO | Training Time Active Learning Classifier: 22.0 seconds
2025-02-10 15:39 | INFO | Training Time Active Learning Regressor: 1.62 seconds
2025-02-10 15:42 | INFO | Query 7 Active Learning Runtime on Validation Set: 86893.74
2025-02-10 15:42 | INFO | Query 7 Active Learning Runtime on Test Set: 112689.46
2025-02-10 15:42 | INFO | Query 7 Active Learning Instance Cost: 696827.43
2025-02-10 15:42 | INFO | Timeout limit is increased to 500
2025-02-10 15:44 | INFO | Query 8 Size of the uncertainty table is = 139858/154280
2025-02-10 15:44 | INFO | Query 8 Size of the filtered table is = 1543
2025-02-10 15:44 | INFO | Training Time Active Learning Classifier: 22.17 seconds
2025-02-10 15:44 | INFO | Training Time Active Learning Regressor: 1.67 seconds
2025-02-10 15:47 | INFO | Query 8 Active Learning Runtime on Validation Set: 122000.79
2025-02-10 15:47 | INFO | Query 8 Active Learning Runtime on Test Set: 110946.05
2025-02-10 15:47 | INFO | Query 8 Active Learning Instance Cost: 834371.89
2025-02-10 15:47 | INFO | Timeout limit is increased to 600
2025-02-10 15:49 | INFO | Query 9 Size of the uncertainty table is = 137224/154280
2025-02-10 15:49 | INFO | Query 9 Size of the filtered table is = 1543
2025-02-10 15:49 | INFO | Training Time Active Learning Classifier: 22.34 seconds
2025-02-10 15:49 | INFO | Training Time Active Learning Regressor: 1.71 seconds
2025-02-10 15:52 | INFO | Query 9 Active Learning Runtime on Validation Set: 85825.29
2025-02-10 15:52 | INFO | Query 9 Active Learning Runtime on Test Set: 111300.7
2025-02-10 15:52 | INFO | Query 9 Active Learning Instance Cost: 956574.51
2025-02-10 15:54 | INFO | Query 10 Size of the uncertainty table is = 134158/154280
2025-02-10 15:54 | INFO | Query 10 Size of the filtered table is = 1543
2025-02-10 15:55 | INFO | Training Time Active Learning Classifier: 22.5 seconds
2025-02-10 15:55 | INFO | Training Time Active Learning Regressor: 1.75 seconds
2025-02-10 15:58 | INFO | Query 10 Active Learning Runtime on Validation Set: 85826.24
2025-02-10 15:58 | INFO | Query 10 Active Learning Runtime on Test Set: 112276.93
2025-02-10 15:58 | INFO | Query 10 Active Learning Instance Cost: 1074282.32
2025-02-10 15:58 | INFO | Timeout limit is increased to 700
2025-02-10 16:00 | INFO | Query 11 Size of the uncertainty table is = 131225/154280
2025-02-10 16:00 | INFO | Query 11 Size of the filtered table is = 1543
2025-02-10 16:00 | INFO | Training Time Active Learning Classifier: 22.91 seconds
2025-02-10 16:00 | INFO | Training Time Active Learning Regressor: 1.81 seconds
2025-02-10 16:03 | INFO | Query 11 Active Learning Runtime on Validation Set: 121865.88
2025-02-10 16:03 | INFO | Query 11 Active Learning Runtime on Test Set: 112376.65
2025-02-10 16:03 | INFO | Query 11 Active Learning Instance Cost: 1409974.01
2025-02-10 16:03 | INFO | Timeout limit is increased to 800
2025-02-10 16:05 | INFO | Query 12 Size of the uncertainty table is = 128417/154280
2025-02-10 16:05 | INFO | Query 12 Size of the filtered table is = 1543
2025-02-10 16:06 | INFO | Training Time Active Learning Classifier: 23.02 seconds
2025-02-10 16:06 | INFO | Training Time Active Learning Regressor: 1.85 seconds
2025-02-10 16:09 | INFO | Query 12 Active Learning Runtime on Validation Set: 121859.32
2025-02-10 16:09 | INFO | Query 12 Active Learning Runtime on Test Set: 112418.98
2025-02-10 16:09 | INFO | Query 12 Active Learning Instance Cost: 1640481.76
2025-02-10 16:11 | INFO | Query 13 Size of the uncertainty table is = 125829/154280
2025-02-10 16:11 | INFO | Query 13 Size of the filtered table is = 1543
2025-02-10 16:11 | INFO | Training Time Active Learning Classifier: 23.19 seconds
2025-02-10 16:11 | INFO | Training Time Active Learning Regressor: 1.89 seconds
2025-02-10 16:14 | INFO | Query 13 Active Learning Runtime on Validation Set: 121700.23
2025-02-10 16:14 | INFO | Query 13 Active Learning Runtime on Test Set: 112457.37
2025-02-10 16:14 | INFO | Query 13 Active Learning Instance Cost: 1893144.0
2025-02-10 16:16 | INFO | Query 14 Size of the uncertainty table is = 123254/154280
2025-02-10 16:16 | INFO | Query 14 Size of the filtered table is = 1543
2025-02-10 16:17 | INFO | Training Time Active Learning Classifier: 23.38 seconds
2025-02-10 16:17 | INFO | Training Time Active Learning Regressor: 1.96 seconds
2025-02-10 16:20 | INFO | Query 14 Active Learning Runtime on Validation Set: 121606.9
2025-02-10 16:20 | INFO | Query 14 Active Learning Runtime on Test Set: 182027.34
2025-02-10 16:20 | INFO | Query 14 Active Learning Instance Cost: 2135444.66
2025-02-10 16:22 | INFO | Query 15 Size of the uncertainty table is = 120669/154280
2025-02-10 16:22 | INFO | Query 15 Size of the filtered table is = 1543
2025-02-10 16:23 | INFO | Training Time Active Learning Classifier: 23.51 seconds
2025-02-10 16:23 | INFO | Training Time Active Learning Regressor: 2.0 seconds
2025-02-10 16:26 | INFO | Query 15 Active Learning Runtime on Validation Set: 121629.66
2025-02-10 16:26 | INFO | Query 15 Active Learning Runtime on Test Set: 112241.35
2025-02-10 16:26 | INFO | Query 15 Active Learning Instance Cost: 2189156.26
2025-02-10 16:26 | INFO | Timeout limit is increased to 900
2025-02-10 16:28 | INFO | Query 16 Size of the uncertainty table is = 117690/154280
2025-02-10 16:28 | INFO | Query 16 Size of the filtered table is = 1543
2025-02-10 16:28 | INFO | Training Time Active Learning Classifier: 23.65 seconds
2025-02-10 16:28 | INFO | Training Time Active Learning Regressor: 2.02 seconds
2025-02-10 16:31 | INFO | Query 16 Active Learning Runtime on Validation Set: 121636.05
2025-02-10 16:31 | INFO | Query 16 Active Learning Runtime on Test Set: 112617.73
2025-02-10 16:31 | INFO | Query 16 Active Learning Instance Cost: 2363241.35
2025-02-10 16:31 | INFO | Timeout limit is increased to 1000
2025-02-10 16:34 | INFO | Query 17 Size of the uncertainty table is = 115373/154280
2025-02-10 16:34 | INFO | Query 17 Size of the filtered table is = 1543
2025-02-10 16:34 | INFO | Training Time Active Learning Classifier: 23.59 seconds
2025-02-10 16:34 | INFO | Training Time Active Learning Regressor: 2.07 seconds
2025-02-10 16:37 | INFO | Query 17 Active Learning Runtime on Validation Set: 121857.39
2025-02-10 16:37 | INFO | Query 17 Active Learning Runtime on Test Set: 111681.51
2025-02-10 16:37 | INFO | Query 17 Active Learning Instance Cost: 2605820.59
2025-02-10 16:37 | INFO | Timeout limit is increased to 1100
2025-02-10 16:39 | INFO | Query 18 Size of the uncertainty table is = 112650/154280
2025-02-10 16:39 | INFO | Query 18 Size of the filtered table is = 1543
2025-02-10 16:40 | INFO | Training Time Active Learning Classifier: 23.81 seconds
2025-02-10 16:40 | INFO | Training Time Active Learning Regressor: 2.11 seconds
2025-02-10 16:43 | INFO | Query 18 Active Learning Runtime on Validation Set: 157346.67
2025-02-10 16:43 | INFO | Query 18 Active Learning Runtime on Test Set: 146897.8
2025-02-10 16:43 | INFO | Query 18 Active Learning Instance Cost: 2939980.5
2025-02-10 16:43 | INFO | Timeout limit is increased to 1200
2025-02-10 16:45 | INFO | Query 19 Size of the uncertainty table is = 109572/154280
2025-02-10 16:45 | INFO | Query 19 Size of the filtered table is = 1543
2025-02-10 16:46 | INFO | Training Time Active Learning Classifier: 23.99 seconds
2025-02-10 16:46 | INFO | Training Time Active Learning Regressor: 2.16 seconds
2025-02-10 16:49 | INFO | Query 19 Active Learning Runtime on Validation Set: 80974.33
2025-02-10 16:49 | INFO | Query 19 Active Learning Runtime on Test Set: 112477.79
2025-02-10 16:49 | INFO | Query 19 Active Learning Instance Cost: 3376538.92
2025-02-10 16:51 | INFO | Query 20 Size of the uncertainty table is = 106384/154280
2025-02-10 16:51 | INFO | Query 20 Size of the filtered table is = 1543
2025-02-10 16:52 | INFO | Training Time Active Learning Classifier: 24.46 seconds
2025-02-10 16:52 | INFO | Training Time Active Learning Regressor: 2.21 seconds
2025-02-10 16:55 | INFO | Query 20 Active Learning Runtime on Validation Set: 121581.14
2025-02-10 16:55 | INFO | Query 20 Active Learning Runtime on Test Set: 112249.83
2025-02-10 16:55 | INFO | Query 20 Active Learning Instance Cost: 3604179.09
2025-02-10 16:55 | INFO | Timeout limit is increased to 1300
2025-02-10 16:57 | INFO | Query 21 Size of the uncertainty table is = 103282/154280
2025-02-10 16:57 | INFO | Query 21 Size of the filtered table is = 1543
2025-02-10 16:57 | INFO | Training Time Active Learning Classifier: 24.76 seconds
2025-02-10 16:57 | INFO | Training Time Active Learning Regressor: 2.26 seconds
2025-02-10 17:00 | INFO | Query 21 Active Learning Runtime on Validation Set: 121418.93
2025-02-10 17:00 | INFO | Query 21 Active Learning Runtime on Test Set: 146713.9
2025-02-10 17:00 | INFO | Query 21 Active Learning Instance Cost: 3889051.31
2025-02-10 17:03 | INFO | Query 22 Size of the uncertainty table is = 100056/154280
2025-02-10 17:03 | INFO | Query 22 Size of the filtered table is = 1543
2025-02-10 17:03 | INFO | Training Time Active Learning Classifier: 25.02 seconds
2025-02-10 17:03 | INFO | Training Time Active Learning Regressor: 2.32 seconds
2025-02-10 17:06 | INFO | Query 22 Active Learning Runtime on Validation Set: 121639.76
2025-02-10 17:06 | INFO | Query 22 Active Learning Runtime on Test Set: 146699.78
2025-02-10 17:06 | INFO | Query 22 Active Learning Instance Cost: 4181002.6
2025-02-10 17:06 | INFO | Timeout limit is increased to 1400
2025-02-10 17:08 | INFO | Query 23 Size of the uncertainty table is = 97059/154280
2025-02-10 17:08 | INFO | Query 23 Size of the filtered table is = 1543
2025-02-10 17:09 | INFO | Training Time Active Learning Classifier: 25.22 seconds
2025-02-10 17:09 | INFO | Training Time Active Learning Regressor: 2.37 seconds
2025-02-10 17:12 | INFO | Query 23 Active Learning Runtime on Validation Set: 85848.66
2025-02-10 17:12 | INFO | Query 23 Active Learning Runtime on Test Set: 110646.09
2025-02-10 17:12 | INFO | Query 23 Active Learning Instance Cost: 4417306.52
2025-02-10 17:14 | INFO | Query 24 Size of the uncertainty table is = 93928/154280
2025-02-10 17:14 | INFO | Query 24 Size of the filtered table is = 1543
2025-02-10 17:15 | INFO | Training Time Active Learning Classifier: 25.36 seconds
2025-02-10 17:15 | INFO | Training Time Active Learning Regressor: 2.42 seconds
2025-02-10 17:18 | INFO | Query 24 Active Learning Runtime on Validation Set: 157336.27
2025-02-10 17:18 | INFO | Query 24 Active Learning Runtime on Test Set: 111036.18
2025-02-10 17:18 | INFO | Query 24 Active Learning Instance Cost: 4621368.27
2025-02-10 17:18 | INFO | Timeout limit is increased to 1500
2025-02-10 17:20 | INFO | Query 25 Size of the uncertainty table is = 90391/154280
2025-02-10 17:20 | INFO | Query 25 Size of the filtered table is = 1543
2025-02-10 17:21 | INFO | Training Time Active Learning Classifier: 25.66 seconds
2025-02-10 17:21 | INFO | Training Time Active Learning Regressor: 2.46 seconds
2025-02-10 17:24 | INFO | Query 25 Active Learning Runtime on Validation Set: 157244.11
2025-02-10 17:24 | INFO | Query 25 Active Learning Runtime on Test Set: 147041.92
2025-02-10 17:24 | INFO | Query 25 Active Learning Instance Cost: 4926955.5
2025-02-10 17:26 | INFO | Query 26 Size of the uncertainty table is = 86840/154280
2025-02-10 17:26 | INFO | Query 26 Size of the filtered table is = 1543
2025-02-10 17:26 | INFO | Training Time Active Learning Classifier: 25.91 seconds
2025-02-10 17:26 | INFO | Training Time Active Learning Regressor: 2.5 seconds
2025-02-10 17:29 | INFO | Query 26 Active Learning Runtime on Validation Set: 121513.68
2025-02-10 17:29 | INFO | Query 26 Active Learning Runtime on Test Set: 181337.54
2025-02-10 17:29 | INFO | Query 26 Active Learning Instance Cost: 5195834.38
2025-02-10 17:31 | INFO | Query 27 Size of the uncertainty table is = 83992/154280
2025-02-10 17:31 | INFO | Query 27 Size of the filtered table is = 1543
2025-02-10 17:32 | INFO | Training Time Active Learning Classifier: 26.32 seconds
2025-02-10 17:32 | INFO | Training Time Active Learning Regressor: 2.53 seconds
2025-02-10 17:35 | INFO | Query 27 Active Learning Runtime on Validation Set: 122129.66
2025-02-10 17:35 | INFO | Query 27 Active Learning Runtime on Test Set: 145223.88
2025-02-10 17:35 | INFO | Query 27 Active Learning Instance Cost: 5438287.45
2025-02-10 17:35 | INFO | Timeout limit is increased to 1600
2025-02-10 17:37 | INFO | Query 28 Size of the uncertainty table is = 81430/154280
2025-02-10 17:37 | INFO | Query 28 Size of the filtered table is = 1543
2025-02-10 17:38 | INFO | Training Time Active Learning Classifier: 26.58 seconds
2025-02-10 17:38 | INFO | Training Time Active Learning Regressor: 2.58 seconds
2025-02-10 17:41 | INFO | Query 28 Active Learning Runtime on Validation Set: 122114.62
2025-02-10 17:41 | INFO | Query 28 Active Learning Runtime on Test Set: 181289.7
2025-02-10 17:41 | INFO | Query 28 Active Learning Instance Cost: 5775318.43
2025-02-10 17:43 | INFO | Query 29 Size of the uncertainty table is = 78464/154280
2025-02-10 17:43 | INFO | Query 29 Size of the filtered table is = 1543
2025-02-10 17:43 | INFO | Training Time Active Learning Classifier: 26.85 seconds
2025-02-10 17:43 | INFO | Training Time Active Learning Regressor: 2.62 seconds
2025-02-10 17:46 | INFO | Query 29 Active Learning Runtime on Validation Set: 157300.73
2025-02-10 17:46 | INFO | Query 29 Active Learning Runtime on Test Set: 73341.19
2025-02-10 17:46 | INFO | Query 29 Active Learning Instance Cost: 6056552.51
2025-02-10 17:46 | INFO | Timeout limit is increased to 1700
2025-02-10 17:48 | INFO | Query 30 Size of the uncertainty table is = 75593/154280
2025-02-10 17:48 | INFO | Query 30 Size of the filtered table is = 1543
2025-02-10 17:49 | INFO | Training Time Active Learning Classifier: 27.35 seconds
2025-02-10 17:49 | INFO | Training Time Active Learning Regressor: 2.68 seconds
2025-02-10 17:52 | INFO | Query 30 Active Learning Runtime on Validation Set: 122074.31
2025-02-10 17:52 | INFO | Query 30 Active Learning Runtime on Test Set: 38420.09
2025-02-10 17:52 | INFO | Query 30 Active Learning Instance Cost: 6395944.58
2025-02-10 17:54 | INFO | Query 31 Size of the uncertainty table is = 72050/154280
2025-02-10 17:54 | INFO | Query 31 Size of the filtered table is = 1543
2025-02-10 17:55 | INFO | Training Time Active Learning Classifier: 27.59 seconds
2025-02-10 17:55 | INFO | Training Time Active Learning Regressor: 2.71 seconds
2025-02-10 17:58 | INFO | Query 31 Active Learning Runtime on Validation Set: 157731.86
2025-02-10 17:58 | INFO | Query 31 Active Learning Runtime on Test Set: 38751.07
2025-02-10 17:58 | INFO | Query 31 Active Learning Instance Cost: 6626098.46
2025-02-10 17:58 | INFO | Timeout limit is increased to 1800
2025-02-10 18:00 | INFO | Query 32 Size of the uncertainty table is = 69589/154280
2025-02-10 18:00 | INFO | Query 32 Size of the filtered table is = 1543
2025-02-10 18:00 | INFO | Training Time Active Learning Classifier: 27.65 seconds
2025-02-10 18:00 | INFO | Training Time Active Learning Regressor: 2.74 seconds
2025-02-10 18:03 | INFO | Query 32 Active Learning Runtime on Validation Set: 122077.41
2025-02-10 18:03 | INFO | Query 32 Active Learning Runtime on Test Set: 38755.72
2025-02-10 18:03 | INFO | Query 32 Active Learning Instance Cost: 7017060.13
2025-02-10 18:05 | INFO | Query 33 Size of the uncertainty table is = 66521/154280
2025-02-10 18:05 | INFO | Query 33 Size of the filtered table is = 1543
2025-02-10 18:06 | INFO | Training Time Active Learning Classifier: 27.88 seconds
2025-02-10 18:06 | INFO | Training Time Active Learning Regressor: 2.78 seconds
2025-02-10 18:09 | INFO | Query 33 Active Learning Runtime on Validation Set: 83177.95
2025-02-10 18:09 | INFO | Query 33 Active Learning Runtime on Test Set: 73305.48
2025-02-10 18:09 | INFO | Query 33 Active Learning Instance Cost: 7305940.81
2025-02-10 18:11 | INFO | Query 34 Size of the uncertainty table is = 63635/154280
2025-02-10 18:11 | INFO | Query 34 Size of the filtered table is = 1543
2025-02-10 18:11 | INFO | Training Time Active Learning Classifier: 28.45 seconds
2025-02-10 18:11 | INFO | Training Time Active Learning Regressor: 2.83 seconds
2025-02-10 18:14 | INFO | Query 34 Active Learning Runtime on Validation Set: 121678.03
2025-02-10 18:14 | INFO | Query 34 Active Learning Runtime on Test Set: 38637.13
2025-02-10 18:14 | INFO | Query 34 Active Learning Instance Cost: 7607225.84
2025-02-10 18:14 | INFO | Timeout limit is increased to 1900
2025-02-10 18:16 | INFO | Query 35 Size of the uncertainty table is = 60749/154280
2025-02-10 18:16 | INFO | Query 35 Size of the filtered table is = 1543
2025-02-10 18:17 | INFO | Training Time Active Learning Classifier: 28.54 seconds
2025-02-10 18:17 | INFO | Training Time Active Learning Regressor: 2.87 seconds
2025-02-10 18:20 | INFO | Query 35 Active Learning Runtime on Validation Set: 157377.48
2025-02-10 18:20 | INFO | Query 35 Active Learning Runtime on Test Set: 38216.57
2025-02-10 18:20 | INFO | Query 35 Active Learning Instance Cost: 8008247.49
2025-02-10 18:20 | INFO | Timeout limit is increased to 2000
2025-02-10 18:22 | INFO | Query 36 Size of the uncertainty table is = 57911/154280
2025-02-10 18:22 | INFO | Query 36 Size of the filtered table is = 1543
2025-02-10 18:22 | INFO | Training Time Active Learning Classifier: 29.12 seconds
2025-02-10 18:22 | INFO | Training Time Active Learning Regressor: 2.9 seconds
2025-02-10 18:25 | INFO | Query 36 Active Learning Runtime on Validation Set: 83186.68
2025-02-10 18:25 | INFO | Query 36 Active Learning Runtime on Test Set: 38149.91
2025-02-10 18:25 | INFO | Query 36 Active Learning Instance Cost: 8343654.62
2025-02-10 18:27 | INFO | Query 37 Size of the uncertainty table is = 55096/154280
2025-02-10 18:27 | INFO | Query 37 Size of the filtered table is = 1543
2025-02-10 18:28 | INFO | Training Time Active Learning Classifier: 29.54 seconds
2025-02-10 18:28 | INFO | Training Time Active Learning Regressor: 2.94 seconds
2025-02-10 18:31 | INFO | Query 37 Active Learning Runtime on Validation Set: 83172.62
2025-02-10 18:31 | INFO | Query 37 Active Learning Runtime on Test Set: 38190.68
2025-02-10 18:31 | INFO | Query 37 Active Learning Instance Cost: 8715061.94
2025-02-10 18:32 | INFO | Query 38 Size of the uncertainty table is = 52190/154280
2025-02-10 18:32 | INFO | Query 38 Size of the filtered table is = 1543
2025-02-10 18:33 | INFO | Training Time Active Learning Classifier: 29.65 seconds
2025-02-10 18:33 | INFO | Training Time Active Learning Regressor: 2.97 seconds
2025-02-10 18:36 | INFO | Query 38 Active Learning Runtime on Validation Set: 48193.66
2025-02-10 18:36 | INFO | Query 38 Active Learning Runtime on Test Set: 38190.94
2025-02-10 18:36 | INFO | Query 38 Active Learning Instance Cost: 8969483.07
2025-02-10 18:38 | INFO | Query 39 Size of the uncertainty table is = 49313/154280
2025-02-10 18:38 | INFO | Query 39 Size of the filtered table is = 1543
2025-02-10 18:38 | INFO | Training Time Active Learning Classifier: 30.31 seconds
2025-02-10 18:39 | INFO | Training Time Active Learning Regressor: 3.02 seconds
2025-02-10 18:41 | INFO | Query 39 Active Learning Runtime on Validation Set: 47357.11
2025-02-10 18:41 | INFO | Query 39 Active Learning Runtime on Test Set: 38189.67
2025-02-10 18:41 | INFO | Query 39 Active Learning Instance Cost: 9216745.28
2025-02-10 18:43 | INFO | Query 40 Size of the uncertainty table is = 46134/154280
2025-02-10 18:43 | INFO | Query 40 Size of the filtered table is = 1543
2025-02-10 18:44 | INFO | Training Time Active Learning Classifier: 30.89 seconds
2025-02-10 18:44 | INFO | Training Time Active Learning Regressor: 3.04 seconds
2025-02-10 18:47 | INFO | Query 40 Active Learning Runtime on Validation Set: 85839.14
2025-02-10 18:47 | INFO | Query 40 Active Learning Runtime on Test Set: 38188.56
2025-02-10 18:47 | INFO | Query 40 Active Learning Instance Cost: 9523691.08
2025-02-10 18:47 | INFO | Timeout limit is increased to 2100
2025-02-10 18:48 | INFO | Query 41 Size of the uncertainty table is = 42409/154280
2025-02-10 18:48 | INFO | Query 41 Size of the filtered table is = 1543
2025-02-10 18:49 | INFO | Training Time Active Learning Classifier: 31.11 seconds
2025-02-10 18:49 | INFO | Training Time Active Learning Regressor: 3.08 seconds
2025-02-10 18:52 | INFO | Query 41 Active Learning Runtime on Validation Set: 85819.13
2025-02-10 18:52 | INFO | Query 41 Active Learning Runtime on Test Set: 38189.06
2025-02-10 18:52 | INFO | Query 41 Active Learning Instance Cost: 9876906.39
2025-02-10 18:53 | INFO | Query 42 Size of the uncertainty table is = 39455/154280
2025-02-10 18:53 | INFO | Query 42 Size of the filtered table is = 1543
2025-02-10 18:54 | INFO | Training Time Active Learning Classifier: 31.86 seconds
2025-02-10 18:54 | INFO | Training Time Active Learning Regressor: 3.13 seconds
2025-02-10 18:57 | INFO | Query 42 Active Learning Runtime on Validation Set: 47381.09
2025-02-10 18:57 | INFO | Query 42 Active Learning Runtime on Test Set: 3803.38
2025-02-10 18:57 | INFO | Query 42 Active Learning Instance Cost: 10215401.31
2025-02-10 18:58 | INFO | Query 43 Size of the uncertainty table is = 36191/154280
2025-02-10 18:58 | INFO | Query 43 Size of the filtered table is = 1543
2025-02-10 18:59 | INFO | Training Time Active Learning Classifier: 31.9 seconds
2025-02-10 18:59 | INFO | Training Time Active Learning Regressor: 3.12 seconds
2025-02-10 19:02 | INFO | Query 43 Active Learning Runtime on Validation Set: 48339.3
2025-02-10 19:02 | INFO | Query 43 Active Learning Runtime on Test Set: 3900.19
2025-02-10 19:02 | INFO | Query 43 Active Learning Instance Cost: 10497904.2
2025-02-10 19:02 | INFO | Timeout limit is increased to 2200
2025-02-10 19:03 | INFO | Query 44 Size of the uncertainty table is = 36070/154280
2025-02-10 19:03 | INFO | Query 44 Size of the filtered table is = 1543
2025-02-10 19:04 | INFO | Training Time Active Learning Classifier: 31.62 seconds
2025-02-10 19:04 | INFO | Training Time Active Learning Regressor: 3.4 seconds
2025-02-10 19:07 | INFO | Query 44 Active Learning Runtime on Validation Set: 48344.53
2025-02-10 19:07 | INFO | Query 44 Active Learning Runtime on Test Set: 3900.19
2025-02-10 19:07 | INFO | Query 44 Active Learning Instance Cost: 10650990.25
2025-02-10 19:07 | INFO | Timeout limit is increased to 2300
2025-02-10 19:08 | INFO | Query 45 Size of the uncertainty table is = 36046/154280
2025-02-10 19:08 | INFO | Query 45 Size of the filtered table is = 1543
2025-02-10 19:09 | INFO | Training Time Active Learning Classifier: 31.62 seconds
2025-02-10 19:09 | INFO | Training Time Active Learning Regressor: 3.13 seconds
2025-02-10 19:12 | INFO | Query 45 Active Learning Runtime on Validation Set: 48344.53
2025-02-10 19:12 | INFO | Query 45 Active Learning Runtime on Test Set: 3900.19
2025-02-10 19:12 | INFO | Query 45 Active Learning Instance Cost: 10800790.25
2025-02-10 19:12 | INFO | Timeout limit is increased to 2400
2025-02-10 19:13 | INFO | Query 46 Size of the uncertainty table is = 36042/154280
2025-02-10 19:13 | INFO | Query 46 Size of the filtered table is = 1543
2025-02-10 19:14 | INFO | Training Time Active Learning Classifier: 31.92 seconds
2025-02-10 19:14 | INFO | Training Time Active Learning Regressor: 3.11 seconds
2025-02-10 19:17 | INFO | Query 46 Active Learning Runtime on Validation Set: 48344.53
2025-02-10 19:17 | INFO | Query 46 Active Learning Runtime on Test Set: 3900.19
2025-02-10 19:17 | INFO | Query 46 Active Learning Instance Cost: 10957890.25
2025-02-10 19:17 | INFO | Timeout limit is increased to 2500
2025-02-10 19:18 | INFO | Query 47 Size of the uncertainty table is = 36042/154280
2025-02-10 19:18 | INFO | Query 47 Size of the filtered table is = 1543
2025-02-10 19:19 | INFO | Training Time Active Learning Classifier: 31.67 seconds
2025-02-10 19:19 | INFO | Training Time Active Learning Regressor: 3.11 seconds
2025-02-10 19:22 | INFO | Query 47 Active Learning Runtime on Validation Set: 48344.53
2025-02-10 19:22 | INFO | Query 47 Active Learning Runtime on Test Set: 3900.19
2025-02-10 19:22 | INFO | Query 47 Active Learning Instance Cost: 11102090.25
2025-02-10 19:22 | INFO | Timeout limit is increased to 2600
2025-02-10 19:23 | INFO | Query 48 Size of the uncertainty table is = 36042/154280
2025-02-10 19:23 | INFO | Query 48 Size of the filtered table is = 1543
2025-02-10 19:24 | INFO | Training Time Active Learning Classifier: 31.7 seconds
2025-02-10 19:24 | INFO | Training Time Active Learning Regressor: 3.12 seconds
2025-02-10 19:27 | INFO | Query 48 Active Learning Runtime on Validation Set: 48344.53
2025-02-10 19:27 | INFO | Query 48 Active Learning Runtime on Test Set: 3900.19
2025-02-10 19:27 | INFO | Query 48 Active Learning Instance Cost: 11234990.25
2025-02-10 19:27 | INFO | Timeout limit is increased to 2700
2025-02-10 19:28 | INFO | Query 49 Size of the uncertainty table is = 36042/154280
2025-02-10 19:28 | INFO | Query 49 Size of the filtered table is = 1543
2025-02-10 19:29 | INFO | Training Time Active Learning Classifier: 31.91 seconds
2025-02-10 19:29 | INFO | Training Time Active Learning Regressor: 3.11 seconds
2025-02-10 19:32 | INFO | Query 49 Active Learning Runtime on Validation Set: 48344.53
2025-02-10 19:32 | INFO | Query 49 Active Learning Runtime on Test Set: 3900.19
2025-02-10 19:32 | INFO | Query 49 Active Learning Instance Cost: 11388990.25
2025-02-10 19:32 | INFO | Timeout limit is increased to 2800
2025-02-10 19:33 | INFO | Query 50 Size of the uncertainty table is = 36042/154280
2025-02-10 19:33 | INFO | Query 50 Size of the filtered table is = 1543
2025-02-10 19:34 | INFO | Training Time Active Learning Classifier: 31.67 seconds
2025-02-10 19:34 | INFO | Training Time Active Learning Regressor: 3.13 seconds
2025-02-10 19:37 | INFO | Query 50 Active Learning Runtime on Validation Set: 48344.53
2025-02-10 19:37 | INFO | Query 50 Active Learning Runtime on Test Set: 3900.19
2025-02-10 19:37 | INFO | Query 50 Active Learning Instance Cost: 11540890.25
2025-02-10 19:37 | INFO | Timeout limit is increased to 2900
2025-02-10 19:38 | INFO | Query 51 Size of the uncertainty table is = 36042/154280
2025-02-10 19:38 | INFO | Query 51 Size of the filtered table is = 1543
2025-02-10 19:39 | INFO | Training Time Active Learning Classifier: 31.99 seconds
2025-02-10 19:39 | INFO | Training Time Active Learning Regressor: 3.15 seconds
2025-02-10 19:41 | INFO | Query 51 Active Learning Runtime on Validation Set: 48344.53
2025-02-10 19:41 | INFO | Query 51 Active Learning Runtime on Test Set: 3900.19
2025-02-10 19:41 | INFO | Query 51 Active Learning Instance Cost: 11670190.25
2025-02-10 19:41 | INFO | Timeout limit is increased to 3000
2025-02-10 19:43 | INFO | Query 52 Size of the uncertainty table is = 36042/154280
2025-02-10 19:43 | INFO | Query 52 Size of the filtered table is = 1543
2025-02-10 19:43 | INFO | Training Time Active Learning Classifier: 31.76 seconds
2025-02-10 19:44 | INFO | Training Time Active Learning Regressor: 3.12 seconds
2025-02-10 19:46 | INFO | Query 52 Active Learning Runtime on Validation Set: 48344.53
2025-02-10 19:46 | INFO | Query 52 Active Learning Runtime on Test Set: 3900.19
2025-02-10 19:46 | INFO | Query 52 Active Learning Instance Cost: 11831790.25
2025-02-10 19:46 | INFO | Timeout limit is increased to 3100
2025-02-10 19:48 | INFO | Query 53 Size of the uncertainty table is = 36042/154280
2025-02-10 19:48 | INFO | Query 53 Size of the filtered table is = 1543
2025-02-10 19:48 | INFO | Training Time Active Learning Classifier: 31.69 seconds
2025-02-10 19:49 | INFO | Training Time Active Learning Regressor: 3.11 seconds
2025-02-10 19:51 | INFO | Query 53 Active Learning Runtime on Validation Set: 48344.53
2025-02-10 19:51 | INFO | Query 53 Active Learning Runtime on Test Set: 3900.19
2025-02-10 19:51 | INFO | Query 53 Active Learning Instance Cost: 11984890.25
2025-02-10 19:51 | INFO | Timeout limit is increased to 3200
2025-02-10 19:53 | INFO | Query 54 Size of the uncertainty table is = 36042/154280
2025-02-10 19:53 | INFO | Query 54 Size of the filtered table is = 1543
2025-02-10 19:53 | INFO | Training Time Active Learning Classifier: 32.04 seconds
2025-02-10 19:53 | INFO | Training Time Active Learning Regressor: 3.12 seconds
2025-02-10 19:56 | INFO | Query 54 Active Learning Runtime on Validation Set: 48344.53
2025-02-10 19:56 | INFO | Query 54 Active Learning Runtime on Test Set: 3900.19
2025-02-10 19:56 | INFO | Query 54 Active Learning Instance Cost: 12107090.25
2025-02-10 19:56 | INFO | Timeout limit is increased to 3300
2025-02-10 19:58 | INFO | Query 55 Size of the uncertainty table is = 36042/154280
2025-02-10 19:58 | INFO | Query 55 Size of the filtered table is = 1543
2025-02-10 19:58 | INFO | Training Time Active Learning Classifier: 31.71 seconds
2025-02-10 19:58 | INFO | Training Time Active Learning Regressor: 3.14 seconds
2025-02-10 20:01 | INFO | Query 55 Active Learning Runtime on Validation Set: 48344.53
2025-02-10 20:01 | INFO | Query 55 Active Learning Runtime on Test Set: 3900.19
2025-02-10 20:01 | INFO | Query 55 Active Learning Instance Cost: 12308290.25
2025-02-10 20:01 | INFO | Timeout limit is increased to 3400
2025-02-10 20:03 | INFO | Query 56 Size of the uncertainty table is = 36042/154280
2025-02-10 20:03 | INFO | Query 56 Size of the filtered table is = 1543
2025-02-10 20:03 | INFO | Training Time Active Learning Classifier: 31.98 seconds
2025-02-10 20:03 | INFO | Training Time Active Learning Regressor: 3.11 seconds
2025-02-10 20:06 | INFO | Query 56 Active Learning Runtime on Validation Set: 48344.53
2025-02-10 20:06 | INFO | Query 56 Active Learning Runtime on Test Set: 3900.19
2025-02-10 20:06 | INFO | Query 56 Active Learning Instance Cost: 12455890.25
2025-02-10 20:06 | INFO | Timeout limit is increased to 3500
2025-02-10 20:08 | INFO | Query 57 Size of the uncertainty table is = 36042/154280
2025-02-10 20:08 | INFO | Query 57 Size of the filtered table is = 1543
2025-02-10 20:08 | INFO | Training Time Active Learning Classifier: 31.73 seconds
2025-02-10 20:08 | INFO | Training Time Active Learning Regressor: 3.12 seconds
2025-02-10 20:11 | INFO | Query 57 Active Learning Runtime on Validation Set: 48344.53
2025-02-10 20:11 | INFO | Query 57 Active Learning Runtime on Test Set: 3900.19
2025-02-10 20:11 | INFO | Query 57 Active Learning Instance Cost: 12633490.25
2025-02-10 20:11 | INFO | Timeout limit is increased to 3600
2025-02-10 20:13 | INFO | Query 58 Size of the uncertainty table is = 36042/154280
2025-02-10 20:13 | INFO | Query 58 Size of the filtered table is = 1543
2025-02-10 20:13 | INFO | Training Time Active Learning Classifier: 31.77 seconds
2025-02-10 20:13 | INFO | Training Time Active Learning Regressor: 3.39 seconds
2025-02-10 20:16 | INFO | Query 58 Active Learning Runtime on Validation Set: 48344.53
2025-02-10 20:16 | INFO | Query 58 Active Learning Runtime on Test Set: 3900.19
2025-02-10 20:16 | INFO | Query 58 Active Learning Instance Cost: 12822490.25
2025-02-10 20:16 | INFO | Timeout limit is increased to 3600
2025-02-10 20:16 | INFO | Active Learning Emissions: 0.2210916749849048
2025-02-10 20:16 | INFO | Active Learning Energy Consumption: 0.24055338810130894 kWh
2025-02-10 20:16 | INFO | runtime_test_score is written as json file
2025-02-10 20:16 | INFO | runtime_validation_score is written as json file
2025-02-10 20:16 | INFO | instance_cost is written as json file
2025-02-10 20:16 | INFO | Experiment is finished
