2024-06-10 11:35 | INFO | Paramaters are: {'dataset': 'QBF-2016', 'penalty': 10, 'weight': 'No_Weight', 'voting': 'Hard', 'pre_selection_size': 64, 'pre_selection_technique': 'No_pre_selection', 'feature_elimination_threshold': 20, 'imputer_strategy': 'median', 'feature_selection_technique': 'No_feature_selection', 'feature_scaling_technique': 'StandardScaler', 'initial_train_size': 20, 'query_size': 1, 'timeout_predictor_usage': 'No', 'timeout_limit': 3600, 'timeout_increase_rate': 100, 'RANDOM_STATE_SEED': 12345, 'n_splits': 10, 'split_number': 0, 'max_timeout': 3600, 'param_grid': {'n_estimators': 100, 'criterion': 'gini', 'max_features': 'sqrt', 'max_depth': 2147483648, 'min_samples_split': 2, 'bootstrap': True}}
2024-06-10 11:35 | INFO | QBF-2016 is current dataset
2024-06-10 11:35 | INFO | DATASETS/QBF-2016/algorithm_runs.arff is found
2024-06-10 11:35 | INFO | DATASETS/QBF-2016/algorithm_runs.arff is finished
2024-06-10 11:35 | INFO | DATASETS/QBF-2016/feature_values.arff is found
2024-06-10 11:35 | INFO | DATASETS/QBF-2016/feature_values.arff is finished
2024-06-10 11:35 | INFO | DATASETS/QBF-2016/feature_costs.arff is found
2024-06-10 11:35 | INFO | DATASETS/QBF-2016/feature_costs.arff is finished
2024-06-10 11:35 | INFO | Feature cost of train set is 620.15
2024-06-10 11:45 | INFO | Initial Active Learning Random Query Runtime on Validation Set: 1514209.26
2024-06-10 11:45 | INFO | Initial Active Learning Random Query Runtime on Test Set: 432545.04
2024-06-10 11:45 | INFO | Initial Active Learning Random Query Instance Cost: 545867.22
2024-06-10 11:45 | INFO | Bin size = 1454
2024-06-10 11:46 | INFO | Query 1 Size of the uncertainty table is = 145452/145452
2024-06-10 11:46 | INFO | Query 1 Size of the filtered table is = 1454
2024-06-10 11:56 | INFO | Query 1 Active Learning Random Query Runtime on Validation Set: 902432.32
2024-06-10 11:56 | INFO | Query 1 Active Learning Random Query Runtime on Test Set: 469451.16
2024-06-10 11:56 | INFO | Query 1 Active Learning Random Query Instance Cost: 3547055.72
2024-06-10 11:57 | INFO | Query 2 Size of the uncertainty table is = 138393/145452
2024-06-10 11:57 | INFO | Query 2 Size of the filtered table is = 1454
2024-06-10 12:08 | INFO | Query 2 Active Learning Random Query Runtime on Validation Set: 974243.48
2024-06-10 12:08 | INFO | Query 2 Active Learning Random Query Runtime on Test Set: 433552.74
2024-06-10 12:08 | INFO | Query 2 Active Learning Random Query Instance Cost: 6018674.6
2024-06-10 12:08 | INFO | Timeout limit is increased to 3600
2024-06-10 12:08 | INFO | Query 3 Size of the uncertainty table is = 123551/145452
2024-06-10 12:08 | INFO | Query 3 Size of the filtered table is = 1454
2024-06-10 12:19 | INFO | Query 3 Active Learning Random Query Runtime on Validation Set: 1009688.81
2024-06-10 12:19 | INFO | Query 3 Active Learning Random Query Runtime on Test Set: 397548.94
2024-06-10 12:19 | INFO | Query 3 Active Learning Random Query Instance Cost: 8228112.3
2024-06-10 12:19 | INFO | Timeout limit is increased to 3600
2024-06-10 12:20 | INFO | Query 4 Size of the uncertainty table is = 104479/145452
2024-06-10 12:20 | INFO | Query 4 Size of the filtered table is = 1454
2024-06-10 12:31 | INFO | Query 4 Active Learning Random Query Runtime on Validation Set: 973373.35
2024-06-10 12:31 | INFO | Query 4 Active Learning Random Query Runtime on Test Set: 289671.64
2024-06-10 12:31 | INFO | Query 4 Active Learning Random Query Instance Cost: 10210855.09
2024-06-10 12:31 | INFO | Query 5 Size of the uncertainty table is = 82317/145452
2024-06-10 12:31 | INFO | Query 5 Size of the filtered table is = 1454
2024-06-10 12:42 | INFO | Query 5 Active Learning Random Query Runtime on Validation Set: 649231.18
2024-06-10 12:42 | INFO | Query 5 Active Learning Random Query Runtime on Test Set: 325116.6
2024-06-10 12:42 | INFO | Query 5 Active Learning Random Query Instance Cost: 11956912.83
2024-06-10 12:43 | INFO | Query 6 Size of the uncertainty table is = 58363/145452
2024-06-10 12:43 | INFO | Query 6 Size of the filtered table is = 1454
2024-06-10 12:54 | INFO | Query 6 Active Learning Random Query Runtime on Validation Set: 721860.34
2024-06-10 12:54 | INFO | Query 6 Active Learning Random Query Runtime on Test Set: 289561.17
2024-06-10 12:54 | INFO | Query 6 Active Learning Random Query Instance Cost: 13352197.32
2024-06-10 12:54 | INFO | Timeout limit is increased to 3600
2024-06-10 12:54 | INFO | Query 7 Size of the uncertainty table is = 34637/145452
2024-06-10 12:54 | INFO | Query 7 Size of the filtered table is = 1454
2024-06-10 13:06 | INFO | Query 7 Active Learning Random Query Runtime on Validation Set: 1045906.72
2024-06-10 13:06 | INFO | Query 7 Active Learning Random Query Runtime on Test Set: 361512.66
2024-06-10 13:06 | INFO | Query 7 Active Learning Random Query Instance Cost: 14521906.89
2024-06-10 13:06 | INFO | Timeout limit is increased to 3600
2024-06-10 13:06 | INFO | Query 8 Size of the uncertainty table is = 13870/145452
2024-06-10 13:06 | INFO | Query 8 Size of the filtered table is = 1454
2024-06-10 13:18 | INFO | Query 8 Active Learning Random Query Runtime on Validation Set: 649458.83
2024-06-10 13:18 | INFO | Query 8 Active Learning Random Query Runtime on Test Set: 217602.75
2024-06-10 13:18 | INFO | Query 8 Active Learning Random Query Instance Cost: 15142840.78
2024-06-10 13:18 | INFO | Query 9 Size of the uncertainty table is = 1123/145452
2024-06-10 13:18 | INFO | Query 9 Size of the filtered table is = 1123
2024-06-10 13:30 | INFO | Query 9 Active Learning Random Query Runtime on Validation Set: 721697.95
2024-06-10 13:30 | INFO | Query 9 Active Learning Random Query Runtime on Test Set: 289579.5
2024-06-10 13:30 | INFO | Query 9 Active Learning Random Query Instance Cost: 15183334.29
2024-06-10 13:30 | INFO | Timeout limit is increased to 3600
2024-06-10 13:30 | INFO | runtime_train_score is written as json file
2024-06-10 13:30 | INFO | runtime_test_score is written as json file
2024-06-10 13:30 | INFO | runtime_validation_score is written as json file
2024-06-10 13:30 | INFO | instance_cost is written as json file
2024-06-10 13:30 | INFO | Experiment is finished
