2024-06-10 08:43 | INFO | Paramaters are: {'dataset': 'SAT12-HAND', 'penalty': 10, 'weight': 'No_Weight', 'voting': 'Hard', 'pre_selection_size': 64, 'pre_selection_technique': 'No_pre_selection', 'feature_elimination_threshold': 20, 'imputer_strategy': 'median', 'feature_selection_technique': 'No_feature_selection', 'feature_scaling_technique': 'StandardScaler', 'initial_train_size': 20, 'query_size': 1, 'timeout_predictor_usage': 'Yes', 'timeout_limit': 100, 'timeout_increase_rate': 100, 'RANDOM_STATE_SEED': 7, 'n_splits': 10, 'split_number': 9, 'max_timeout': 3600, 'param_grid': {'n_estimators': 100, 'criterion': 'gini', 'max_features': 'sqrt', 'max_depth': 2147483648, 'min_samples_split': 2, 'bootstrap': True}}
2024-06-10 08:43 | INFO | SAT12-HAND is current dataset
2024-06-10 08:43 | INFO | DATASETS/SAT12-HAND/algorithm_runs.arff is found
2024-06-10 08:43 | INFO | DATASETS/SAT12-HAND/algorithm_runs.arff is finished
2024-06-10 08:43 | INFO | DATASETS/SAT12-HAND/feature_values.arff is found
2024-06-10 08:43 | INFO | DATASETS/SAT12-HAND/feature_values.arff is finished
2024-06-10 08:43 | INFO | DATASETS/SAT12-HAND/feature_costs.arff is found
2024-06-10 08:43 | INFO | DATASETS/SAT12-HAND/feature_costs.arff is finished
2024-06-10 08:43 | INFO | Feature cost of train set is 8754.65
2024-06-10 08:56 | INFO | Initial Active Learning Random Query Runtime on Validation Set: 1517056.54
2024-06-10 08:56 | INFO | Initial Active Learning Random Query Runtime on Test Set: 434953.56
2024-06-10 08:56 | INFO | Initial Active Learning Random Query Instance Cost: 38399.51
2024-06-10 08:56 | INFO | Bin size = 1692
2024-06-10 08:58 | INFO | Query 1 Size of the uncertainty table is = 173310/169260
2024-06-10 09:35 | INFO | Query 1 Size of the filtered table is = 1692
2024-06-10 09:49 | INFO | Query 1 Active Learning Random Query Runtime on Validation Set: 1133449.31
2024-06-10 09:49 | INFO | Query 1 Active Learning Random Query Runtime on Test Set: 228036.81
2024-06-10 09:49 | INFO | Query 1 Active Learning Random Query Instance Cost: 259552.29
2024-06-10 09:50 | INFO | Query 2 Size of the uncertainty table is = 168583/169260
2024-06-10 10:28 | INFO | Query 2 Size of the filtered table is = 1692
2024-06-10 10:42 | INFO | Query 2 Active Learning Random Query Runtime on Validation Set: 1097130.3
2024-06-10 10:42 | INFO | Query 2 Active Learning Random Query Runtime on Test Set: 158105.67
2024-06-10 10:42 | INFO | Query 2 Active Learning Random Query Instance Cost: 429094.2
2024-06-10 10:43 | INFO | Query 3 Size of the uncertainty table is = 159078/169260
2024-06-10 11:14 | INFO | Query 3 Size of the filtered table is = 1692
2024-06-10 11:28 | INFO | Query 3 Active Learning Random Query Runtime on Validation Set: 1238191.82
2024-06-10 11:28 | INFO | Query 3 Active Learning Random Query Runtime on Test Set: 193157.26
2024-06-10 11:28 | INFO | Query 3 Active Learning Random Query Instance Cost: 562926.89
2024-06-10 11:28 | INFO | Timeout limit is increased to 200
2024-06-10 11:29 | INFO | Query 4 Size of the uncertainty table is = 148331/169260
2024-06-10 11:55 | INFO | Query 4 Size of the filtered table is = 1692
2024-06-10 12:09 | INFO | Query 4 Active Learning Random Query Runtime on Validation Set: 1166980.53
2024-06-10 12:09 | INFO | Query 4 Active Learning Random Query Runtime on Test Set: 156495.7
2024-06-10 12:09 | INFO | Query 4 Active Learning Random Query Instance Cost: 881859.44
2024-06-10 12:10 | INFO | Query 5 Size of the uncertainty table is = 135716/169260
2024-06-10 12:32 | INFO | Query 5 Size of the filtered table is = 1692
2024-06-10 12:45 | INFO | Query 5 Active Learning Random Query Runtime on Validation Set: 1166548.19
2024-06-10 12:45 | INFO | Query 5 Active Learning Random Query Runtime on Test Set: 227590.98
2024-06-10 12:45 | INFO | Query 5 Active Learning Random Query Instance Cost: 1134090.79
2024-06-10 12:46 | INFO | Query 6 Size of the uncertainty table is = 125690/169260
2024-06-10 13:04 | INFO | Query 6 Size of the filtered table is = 1692
2024-06-10 13:17 | INFO | Query 6 Active Learning Random Query Runtime on Validation Set: 1203204.33
2024-06-10 13:17 | INFO | Query 6 Active Learning Random Query Runtime on Test Set: 263500.71
2024-06-10 13:17 | INFO | Query 6 Active Learning Random Query Instance Cost: 1317989.01
2024-06-10 13:17 | INFO | Timeout limit is increased to 300
2024-06-10 13:18 | INFO | Query 7 Size of the uncertainty table is = 117300/169260
2024-06-10 13:34 | INFO | Query 7 Size of the filtered table is = 1692
2024-06-10 13:48 | INFO | Query 7 Active Learning Random Query Runtime on Validation Set: 1203432.71
2024-06-10 13:48 | INFO | Query 7 Active Learning Random Query Runtime on Test Set: 192808.94
2024-06-10 13:48 | INFO | Query 7 Active Learning Random Query Instance Cost: 1687637.26
2024-06-10 13:48 | INFO | Timeout limit is increased to 400
2024-06-10 13:49 | INFO | Query 8 Size of the uncertainty table is = 108865/169260
2024-06-10 14:02 | INFO | Query 8 Size of the filtered table is = 1692
2024-06-10 14:16 | INFO | Query 8 Active Learning Random Query Runtime on Validation Set: 1203000.99
2024-06-10 14:16 | INFO | Query 8 Active Learning Random Query Runtime on Test Set: 191957.43
2024-06-10 14:16 | INFO | Query 8 Active Learning Random Query Instance Cost: 2187500.6
2024-06-10 14:17 | INFO | Query 9 Size of the uncertainty table is = 101510/169260
2024-06-10 14:28 | INFO | Query 9 Size of the filtered table is = 1692
2024-06-10 14:42 | INFO | Query 9 Active Learning Random Query Runtime on Validation Set: 1130502.29
2024-06-10 14:42 | INFO | Query 9 Active Learning Random Query Runtime on Test Set: 191881.79
2024-06-10 14:42 | INFO | Query 9 Active Learning Random Query Instance Cost: 2538845.68
2024-06-10 14:42 | INFO | Query 10 Size of the uncertainty table is = 96257/169260
2024-06-10 14:51 | INFO | Query 10 Size of the filtered table is = 1692
2024-06-10 15:05 | INFO | Query 10 Active Learning Random Query Runtime on Validation Set: 1096006.39
2024-06-10 15:05 | INFO | Query 10 Active Learning Random Query Runtime on Test Set: 191597.98
2024-06-10 15:05 | INFO | Query 10 Active Learning Random Query Instance Cost: 2770782.43
2024-06-10 15:06 | INFO | Query 11 Size of the uncertainty table is = 93307/169260
2024-06-10 15:14 | INFO | Query 11 Size of the filtered table is = 1692
2024-06-10 15:27 | INFO | Query 11 Active Learning Random Query Runtime on Validation Set: 1167065.49
2024-06-10 15:27 | INFO | Query 11 Active Learning Random Query Runtime on Test Set: 156361.36
2024-06-10 15:27 | INFO | Query 11 Active Learning Random Query Instance Cost: 2919009.13
2024-06-10 15:27 | INFO | Timeout limit is increased to 500
2024-06-10 15:28 | INFO | Query 12 Size of the uncertainty table is = 91314/169260
2024-06-10 15:37 | INFO | Query 12 Size of the filtered table is = 1692
2024-06-10 15:50 | INFO | Query 12 Active Learning Random Query Runtime on Validation Set: 988615.38
2024-06-10 15:50 | INFO | Query 12 Active Learning Random Query Runtime on Test Set: 156361.58
2024-06-10 15:50 | INFO | Query 12 Active Learning Random Query Instance Cost: 3283172.78
2024-06-10 15:51 | INFO | Query 13 Size of the uncertainty table is = 88891/169260
2024-06-10 15:59 | INFO | Query 13 Size of the filtered table is = 1692
2024-06-10 16:12 | INFO | Query 13 Active Learning Random Query Runtime on Validation Set: 1131232.27
2024-06-10 16:12 | INFO | Query 13 Active Learning Random Query Runtime on Test Set: 156298.74
2024-06-10 16:12 | INFO | Query 13 Active Learning Random Query Instance Cost: 3500698.84
2024-06-10 16:12 | INFO | Timeout limit is increased to 600
2024-06-10 16:13 | INFO | Query 14 Size of the uncertainty table is = 87307/169260
2024-06-10 16:20 | INFO | Query 14 Size of the filtered table is = 1692
2024-06-10 16:34 | INFO | Query 14 Active Learning Random Query Runtime on Validation Set: 1061441.94
2024-06-10 16:34 | INFO | Query 14 Active Learning Random Query Runtime on Test Set: 156298.9
2024-06-10 16:34 | INFO | Query 14 Active Learning Random Query Instance Cost: 3912645.24
2024-06-10 16:34 | INFO | Query 15 Size of the uncertainty table is = 85296/169260
2024-06-10 16:41 | INFO | Query 15 Size of the filtered table is = 1692
2024-06-10 16:54 | INFO | Query 15 Active Learning Random Query Runtime on Validation Set: 1025304.71
2024-06-10 16:54 | INFO | Query 15 Active Learning Random Query Runtime on Test Set: 156275.82
2024-06-10 16:54 | INFO | Query 15 Active Learning Random Query Instance Cost: 4178334.31
2024-06-10 16:55 | INFO | Query 16 Size of the uncertainty table is = 84141/169260
2024-06-10 17:01 | INFO | Query 16 Size of the filtered table is = 1692
2024-06-10 17:15 | INFO | Query 16 Active Learning Random Query Runtime on Validation Set: 1096256.34
2024-06-10 17:15 | INFO | Query 16 Active Learning Random Query Runtime on Test Set: 156275.06
2024-06-10 17:15 | INFO | Query 16 Active Learning Random Query Instance Cost: 4333426.69
2024-06-10 17:15 | INFO | Timeout limit is increased to 700
2024-06-10 17:15 | INFO | Query 17 Size of the uncertainty table is = 83514/169260
2024-06-10 17:22 | INFO | Query 17 Size of the filtered table is = 1692
2024-06-10 17:35 | INFO | Query 17 Active Learning Random Query Runtime on Validation Set: 989586.5
2024-06-10 17:35 | INFO | Query 17 Active Learning Random Query Runtime on Test Set: 156280.07
2024-06-10 17:35 | INFO | Query 17 Active Learning Random Query Instance Cost: 4699408.85
2024-06-10 17:36 | INFO | Query 18 Size of the uncertainty table is = 82088/169260
2024-06-10 17:42 | INFO | Query 18 Size of the filtered table is = 1692
2024-06-10 17:55 | INFO | Query 18 Active Learning Random Query Runtime on Validation Set: 990028.93
2024-06-10 17:55 | INFO | Query 18 Active Learning Random Query Runtime on Test Set: 156311.73
2024-06-10 17:55 | INFO | Query 18 Active Learning Random Query Instance Cost: 4925340.9
2024-06-10 17:55 | INFO | Timeout limit is increased to 800
2024-06-10 17:55 | INFO | Query 19 Size of the uncertainty table is = 81102/169260
2024-06-10 18:01 | INFO | Query 19 Size of the filtered table is = 1692
2024-06-10 18:14 | INFO | Query 19 Active Learning Random Query Runtime on Validation Set: 1096125.61
2024-06-10 18:14 | INFO | Query 19 Active Learning Random Query Runtime on Test Set: 156280.83
2024-06-10 18:14 | INFO | Query 19 Active Learning Random Query Instance Cost: 5324942.2
2024-06-10 18:14 | INFO | Timeout limit is increased to 900
2024-06-10 18:15 | INFO | Query 20 Size of the uncertainty table is = 79652/169260
2024-06-10 18:20 | INFO | Query 20 Size of the filtered table is = 1692
2024-06-10 18:33 | INFO | Query 20 Active Learning Random Query Runtime on Validation Set: 989921.54
2024-06-10 18:33 | INFO | Query 20 Active Learning Random Query Runtime on Test Set: 156306.52
2024-06-10 18:33 | INFO | Query 20 Active Learning Random Query Instance Cost: 5830985.18
2024-06-10 18:34 | INFO | Query 21 Size of the uncertainty table is = 78281/169260
2024-06-10 18:39 | INFO | Query 21 Size of the filtered table is = 1692
2024-06-10 18:52 | INFO | Query 21 Active Learning Random Query Runtime on Validation Set: 954173.45
2024-06-10 18:52 | INFO | Query 21 Active Learning Random Query Runtime on Test Set: 156311.25
2024-06-10 18:52 | INFO | Query 21 Active Learning Random Query Instance Cost: 6154848.99
2024-06-10 18:53 | INFO | Query 22 Size of the uncertainty table is = 77283/169260
2024-06-10 18:59 | INFO | Query 22 Size of the filtered table is = 1692
2024-06-10 19:12 | INFO | Query 22 Active Learning Random Query Runtime on Validation Set: 1095996.83
2024-06-10 19:12 | INFO | Query 22 Active Learning Random Query Runtime on Test Set: 156335.53
2024-06-10 19:12 | INFO | Query 22 Active Learning Random Query Instance Cost: 6359963.15
2024-06-10 19:12 | INFO | Timeout limit is increased to 1000
2024-06-10 19:12 | INFO | Query 23 Size of the uncertainty table is = 76875/169260
2024-06-10 19:17 | INFO | Query 23 Size of the filtered table is = 1692
2024-06-10 19:30 | INFO | Query 23 Active Learning Random Query Runtime on Validation Set: 1095856.54
2024-06-10 19:30 | INFO | Query 23 Active Learning Random Query Runtime on Test Set: 156341.21
2024-06-10 19:30 | INFO | Query 23 Active Learning Random Query Instance Cost: 6749206.76
2024-06-10 19:31 | INFO | Query 24 Size of the uncertainty table is = 75684/169260
2024-06-10 19:36 | INFO | Query 24 Size of the filtered table is = 1692
2024-06-10 19:49 | INFO | Query 24 Active Learning Random Query Runtime on Validation Set: 1130837.71
2024-06-10 19:49 | INFO | Query 24 Active Learning Random Query Runtime on Test Set: 156341.26
2024-06-10 19:49 | INFO | Query 24 Active Learning Random Query Instance Cost: 6979067.66
2024-06-10 19:49 | INFO | Timeout limit is increased to 1100
2024-06-10 19:49 | INFO | Query 25 Size of the uncertainty table is = 75279/169260
2024-06-10 19:54 | INFO | Query 25 Size of the filtered table is = 1692
2024-06-10 20:07 | INFO | Query 25 Active Learning Random Query Runtime on Validation Set: 1167112.22
2024-06-10 20:07 | INFO | Query 25 Active Learning Random Query Runtime on Test Set: 156341.61
2024-06-10 20:07 | INFO | Query 25 Active Learning Random Query Instance Cost: 7376933.92
2024-06-10 20:07 | INFO | Timeout limit is increased to 1200
2024-06-10 20:08 | INFO | Query 26 Size of the uncertainty table is = 74243/169260
2024-06-10 20:13 | INFO | Query 26 Size of the filtered table is = 1692
2024-06-10 20:26 | INFO | Query 26 Active Learning Random Query Runtime on Validation Set: 1058948.95
2024-06-10 20:26 | INFO | Query 26 Active Learning Random Query Runtime on Test Set: 156341.1
2024-06-10 20:26 | INFO | Query 26 Active Learning Random Query Instance Cost: 7888786.67
2024-06-10 20:27 | INFO | Query 27 Size of the uncertainty table is = 73211/169260
2024-06-10 20:31 | INFO | Query 27 Size of the filtered table is = 1692
2024-06-10 20:44 | INFO | Query 27 Active Learning Random Query Runtime on Validation Set: 1165951.95
2024-06-10 20:44 | INFO | Query 27 Active Learning Random Query Runtime on Test Set: 156340.54
2024-06-10 20:44 | INFO | Query 27 Active Learning Random Query Instance Cost: 8191181.68
2024-06-10 20:44 | INFO | Timeout limit is increased to 1300
2024-06-10 20:45 | INFO | Query 28 Size of the uncertainty table is = 72437/169260
2024-06-10 20:49 | INFO | Query 28 Size of the filtered table is = 1692
2024-06-10 21:02 | INFO | Query 28 Active Learning Random Query Runtime on Validation Set: 1165341.6
2024-06-10 21:02 | INFO | Query 28 Active Learning Random Query Runtime on Test Set: 156340.38
2024-06-10 21:02 | INFO | Query 28 Active Learning Random Query Instance Cost: 8632147.06
2024-06-10 21:03 | INFO | Query 29 Size of the uncertainty table is = 71983/169260
2024-06-10 21:07 | INFO | Query 29 Size of the filtered table is = 1692
2024-06-10 21:20 | INFO | Query 29 Active Learning Random Query Runtime on Validation Set: 1165124.67
2024-06-10 21:20 | INFO | Query 29 Active Learning Random Query Runtime on Test Set: 156340.13
2024-06-10 21:20 | INFO | Query 29 Active Learning Random Query Instance Cost: 8896807.01
2024-06-10 21:20 | INFO | Query 30 Size of the uncertainty table is = 71661/169260
2024-06-10 21:25 | INFO | Query 30 Size of the filtered table is = 1692
2024-06-10 21:37 | INFO | Query 30 Active Learning Random Query Runtime on Validation Set: 1200742.47
2024-06-10 21:37 | INFO | Query 30 Active Learning Random Query Runtime on Test Set: 156340.29
2024-06-10 21:37 | INFO | Query 30 Active Learning Random Query Instance Cost: 9063280.04
2024-06-10 21:37 | INFO | Timeout limit is increased to 1400
2024-06-10 21:38 | INFO | Query 31 Size of the uncertainty table is = 71458/169260
2024-06-10 21:42 | INFO | Query 31 Size of the filtered table is = 1692
2024-06-10 21:54 | INFO | Query 31 Active Learning Random Query Runtime on Validation Set: 1200742.44
2024-06-10 21:54 | INFO | Query 31 Active Learning Random Query Runtime on Test Set: 156340.29
2024-06-10 21:54 | INFO | Query 31 Active Learning Random Query Instance Cost: 9423161.14
2024-06-10 21:55 | INFO | Query 32 Size of the uncertainty table is = 71387/169260
2024-06-10 21:59 | INFO | Query 32 Size of the filtered table is = 1692
2024-06-10 22:12 | INFO | Query 32 Active Learning Random Query Runtime on Validation Set: 1200742.42
2024-06-10 22:12 | INFO | Query 32 Active Learning Random Query Runtime on Test Set: 156340.29
2024-06-10 22:12 | INFO | Query 32 Active Learning Random Query Instance Cost: 9636172.79
2024-06-10 22:12 | INFO | Query 33 Size of the uncertainty table is = 71289/169260
2024-06-10 22:17 | INFO | Query 33 Size of the filtered table is = 1692
2024-06-10 22:29 | INFO | Query 33 Active Learning Random Query Runtime on Validation Set: 1200596.49
2024-06-10 22:29 | INFO | Query 33 Active Learning Random Query Runtime on Test Set: 156340.29
2024-06-10 22:29 | INFO | Query 33 Active Learning Random Query Instance Cost: 9773310.0
2024-06-10 22:30 | INFO | Query 34 Size of the uncertainty table is = 71255/169260
2024-06-10 22:34 | INFO | Query 34 Size of the filtered table is = 1692
2024-06-10 22:47 | INFO | Query 34 Active Learning Random Query Runtime on Validation Set: 1200622.82
2024-06-10 22:47 | INFO | Query 34 Active Learning Random Query Runtime on Test Set: 156340.29
2024-06-10 22:47 | INFO | Query 34 Active Learning Random Query Instance Cost: 9857052.37
2024-06-10 22:47 | INFO | Timeout limit is increased to 1500
2024-06-10 22:48 | INFO | Query 35 Size of the uncertainty table is = 71212/169260
2024-06-10 22:52 | INFO | Query 35 Size of the filtered table is = 1692
2024-06-10 23:04 | INFO | Query 35 Active Learning Random Query Runtime on Validation Set: 1200622.95
2024-06-10 23:04 | INFO | Query 35 Active Learning Random Query Runtime on Test Set: 156340.29
2024-06-10 23:04 | INFO | Query 35 Active Learning Random Query Instance Cost: 10176537.05
2024-06-10 23:04 | INFO | Timeout limit is increased to 1600
2024-06-10 23:05 | INFO | Query 36 Size of the uncertainty table is = 71197/169260
2024-06-10 23:09 | INFO | Query 36 Size of the filtered table is = 1692
2024-06-10 23:22 | INFO | Query 36 Active Learning Random Query Runtime on Validation Set: 1200622.95
2024-06-10 23:22 | INFO | Query 36 Active Learning Random Query Runtime on Test Set: 156340.29
2024-06-10 23:22 | INFO | Query 36 Active Learning Random Query Instance Cost: 10618237.05
2024-06-10 23:22 | INFO | Timeout limit is increased to 1700
2024-06-10 23:22 | INFO | Query 37 Size of the uncertainty table is = 71197/169260
2024-06-10 23:26 | INFO | Query 37 Size of the filtered table is = 1692
2024-06-10 23:39 | INFO | Query 37 Active Learning Random Query Runtime on Validation Set: 1200622.95
2024-06-10 23:39 | INFO | Query 37 Active Learning Random Query Runtime on Test Set: 156340.29
2024-06-10 23:39 | INFO | Query 37 Active Learning Random Query Instance Cost: 11152364.3
2024-06-10 23:39 | INFO | Timeout limit is increased to 1800
2024-06-10 23:39 | INFO | Query 38 Size of the uncertainty table is = 71187/169260
2024-06-10 23:44 | INFO | Query 38 Size of the filtered table is = 1692
2024-06-10 23:56 | INFO | Query 38 Active Learning Random Query Runtime on Validation Set: 1200622.49
2024-06-10 23:56 | INFO | Query 38 Active Learning Random Query Runtime on Test Set: 156313.94
2024-06-10 23:56 | INFO | Query 38 Active Learning Random Query Instance Cost: 11711395.89
2024-06-10 23:57 | INFO | Query 39 Size of the uncertainty table is = 71184/169260
2024-06-11 00:01 | INFO | Query 39 Size of the filtered table is = 1692
2024-06-11 00:14 | INFO | Query 39 Active Learning Random Query Runtime on Validation Set: 1200622.35
2024-06-11 00:14 | INFO | Query 39 Active Learning Random Query Runtime on Test Set: 156313.94
2024-06-11 00:14 | INFO | Query 39 Active Learning Random Query Instance Cost: 12055105.07
2024-06-11 00:14 | INFO | Query 40 Size of the uncertainty table is = 71166/169260
2024-06-11 00:18 | INFO | Query 40 Size of the filtered table is = 1692
2024-06-11 00:31 | INFO | Query 40 Active Learning Random Query Runtime on Validation Set: 1200622.35
2024-06-11 00:31 | INFO | Query 40 Active Learning Random Query Runtime on Test Set: 156313.94
2024-06-11 00:31 | INFO | Query 40 Active Learning Random Query Instance Cost: 12257905.07
2024-06-11 00:31 | INFO | Timeout limit is increased to 1900
2024-06-11 00:32 | INFO | Query 41 Size of the uncertainty table is = 71166/169260
2024-06-11 00:36 | INFO | Query 41 Size of the filtered table is = 1692
2024-06-11 00:48 | INFO | Query 41 Active Learning Random Query Runtime on Validation Set: 1200622.35
2024-06-11 00:48 | INFO | Query 41 Active Learning Random Query Runtime on Test Set: 156313.94
2024-06-11 00:48 | INFO | Query 41 Active Learning Random Query Instance Cost: 12648905.07
2024-06-11 00:48 | INFO | Timeout limit is increased to 2000
2024-06-11 00:49 | INFO | Query 42 Size of the uncertainty table is = 71166/169260
2024-06-11 00:53 | INFO | Query 42 Size of the filtered table is = 1692
2024-06-11 01:05 | INFO | Query 42 Active Learning Random Query Runtime on Validation Set: 1200622.35
2024-06-11 01:05 | INFO | Query 42 Active Learning Random Query Runtime on Test Set: 156313.94
2024-06-11 01:05 | INFO | Query 42 Active Learning Random Query Instance Cost: 13149005.07
2024-06-11 01:05 | INFO | Timeout limit is increased to 2100
2024-06-11 01:06 | INFO | Query 43 Size of the uncertainty table is = 71166/169260
2024-06-11 01:10 | INFO | Query 43 Size of the filtered table is = 1692
2024-06-11 01:22 | INFO | Query 43 Active Learning Random Query Runtime on Validation Set: 1200622.35
2024-06-11 01:22 | INFO | Query 43 Active Learning Random Query Runtime on Test Set: 156313.94
2024-06-11 01:22 | INFO | Query 43 Active Learning Random Query Instance Cost: 13708305.07
2024-06-11 01:22 | INFO | Timeout limit is increased to 2200
2024-06-11 01:23 | INFO | Query 44 Size of the uncertainty table is = 71166/169260
2024-06-11 01:27 | INFO | Query 44 Size of the filtered table is = 1692
2024-06-11 01:40 | INFO | Query 44 Active Learning Random Query Runtime on Validation Set: 1200622.35
2024-06-11 01:40 | INFO | Query 44 Active Learning Random Query Runtime on Test Set: 156313.94
2024-06-11 01:40 | INFO | Query 44 Active Learning Random Query Instance Cost: 14303507.45
2024-06-11 01:40 | INFO | Timeout limit is increased to 2300
2024-06-11 01:40 | INFO | Query 45 Size of the uncertainty table is = 71159/169260
2024-06-11 01:45 | INFO | Query 45 Size of the filtered table is = 1692
2024-06-11 01:57 | INFO | Query 45 Active Learning Random Query Runtime on Validation Set: 1236622.31
2024-06-11 01:57 | INFO | Query 45 Active Learning Random Query Runtime on Test Set: 156313.94
2024-06-11 01:57 | INFO | Query 45 Active Learning Random Query Instance Cost: 14891785.39
2024-06-11 01:57 | INFO | Timeout limit is increased to 2400
2024-06-11 01:58 | INFO | Query 46 Size of the uncertainty table is = 71156/169260
2024-06-11 02:02 | INFO | Query 46 Size of the filtered table is = 1692
2024-06-11 02:15 | INFO | Query 46 Active Learning Random Query Runtime on Validation Set: 1236622.31
2024-06-11 02:15 | INFO | Query 46 Active Learning Random Query Runtime on Test Set: 156313.94
2024-06-11 02:15 | INFO | Query 46 Active Learning Random Query Instance Cost: 15512191.64
2024-06-11 02:15 | INFO | Timeout limit is increased to 2500
2024-06-11 02:15 | INFO | Query 47 Size of the uncertainty table is = 71149/169260
2024-06-11 02:19 | INFO | Query 47 Size of the filtered table is = 1692
2024-06-11 02:32 | INFO | Query 47 Active Learning Random Query Runtime on Validation Set: 1236622.31
2024-06-11 02:32 | INFO | Query 47 Active Learning Random Query Runtime on Test Set: 156313.94
2024-06-11 02:32 | INFO | Query 47 Active Learning Random Query Instance Cost: 16130691.64
2024-06-11 02:32 | INFO | Timeout limit is increased to 2600
2024-06-11 02:32 | INFO | Query 48 Size of the uncertainty table is = 71149/169260
2024-06-11 02:37 | INFO | Query 48 Size of the filtered table is = 1692
2024-06-11 02:49 | INFO | Query 48 Active Learning Random Query Runtime on Validation Set: 1236622.31
2024-06-11 02:49 | INFO | Query 48 Active Learning Random Query Runtime on Test Set: 156313.94
2024-06-11 02:49 | INFO | Query 48 Active Learning Random Query Instance Cost: 16779692.97
2024-06-11 02:49 | INFO | Timeout limit is increased to 2700
2024-06-11 02:50 | INFO | Query 49 Size of the uncertainty table is = 71146/169260
2024-06-11 02:54 | INFO | Query 49 Size of the filtered table is = 1692
2024-06-11 03:06 | INFO | Query 49 Active Learning Random Query Runtime on Validation Set: 1236622.31
2024-06-11 03:06 | INFO | Query 49 Active Learning Random Query Runtime on Test Set: 156313.94
2024-06-11 03:06 | INFO | Query 49 Active Learning Random Query Instance Cost: 17421492.97
2024-06-11 03:06 | INFO | Timeout limit is increased to 2800
2024-06-11 03:07 | INFO | Query 50 Size of the uncertainty table is = 71146/169260
2024-06-11 03:11 | INFO | Query 50 Size of the filtered table is = 1692
2024-06-11 03:23 | INFO | Query 50 Active Learning Random Query Runtime on Validation Set: 1236622.31
2024-06-11 03:23 | INFO | Query 50 Active Learning Random Query Runtime on Test Set: 156313.94
2024-06-11 03:23 | INFO | Query 50 Active Learning Random Query Instance Cost: 18056392.97
2024-06-11 03:23 | INFO | Timeout limit is increased to 2900
2024-06-11 03:24 | INFO | Query 51 Size of the uncertainty table is = 71146/169260
2024-06-11 03:28 | INFO | Query 51 Size of the filtered table is = 1692
2024-06-11 03:41 | INFO | Query 51 Active Learning Random Query Runtime on Validation Set: 1236622.31
2024-06-11 03:41 | INFO | Query 51 Active Learning Random Query Runtime on Test Set: 156313.94
2024-06-11 03:41 | INFO | Query 51 Active Learning Random Query Instance Cost: 18711841.07
2024-06-11 03:41 | INFO | Timeout limit is increased to 3000
2024-06-11 03:41 | INFO | Query 52 Size of the uncertainty table is = 71143/169260
2024-06-11 03:45 | INFO | Query 52 Size of the filtered table is = 1692
2024-06-11 03:58 | INFO | Query 52 Active Learning Random Query Runtime on Validation Set: 1236622.31
2024-06-11 03:58 | INFO | Query 52 Active Learning Random Query Runtime on Test Set: 156313.94
2024-06-11 03:58 | INFO | Query 52 Active Learning Random Query Instance Cost: 19362941.07
2024-06-11 03:58 | INFO | Timeout limit is increased to 3100
2024-06-11 03:59 | INFO | Query 53 Size of the uncertainty table is = 71143/169260
2024-06-11 04:03 | INFO | Query 53 Size of the filtered table is = 1692
2024-06-11 04:15 | INFO | Query 53 Active Learning Random Query Runtime on Validation Set: 1236622.31
2024-06-11 04:15 | INFO | Query 53 Active Learning Random Query Runtime on Test Set: 156313.94
2024-06-11 04:15 | INFO | Query 53 Active Learning Random Query Instance Cost: 20025641.07
2024-06-11 04:15 | INFO | Timeout limit is increased to 3200
2024-06-11 04:16 | INFO | Query 54 Size of the uncertainty table is = 71143/169260
2024-06-11 04:20 | INFO | Query 54 Size of the filtered table is = 1692
2024-06-11 04:32 | INFO | Query 54 Active Learning Random Query Runtime on Validation Set: 1236622.31
2024-06-11 04:32 | INFO | Query 54 Active Learning Random Query Runtime on Test Set: 156313.94
2024-06-11 04:32 | INFO | Query 54 Active Learning Random Query Instance Cost: 20667841.07
2024-06-11 04:32 | INFO | Timeout limit is increased to 3300
2024-06-11 04:33 | INFO | Query 55 Size of the uncertainty table is = 71143/169260
2024-06-11 04:37 | INFO | Query 55 Size of the filtered table is = 1692
2024-06-11 04:49 | INFO | Query 55 Active Learning Random Query Runtime on Validation Set: 1236622.31
2024-06-11 04:49 | INFO | Query 55 Active Learning Random Query Runtime on Test Set: 156313.94
2024-06-11 04:49 | INFO | Query 55 Active Learning Random Query Instance Cost: 21321860.4
2024-06-11 04:49 | INFO | Timeout limit is increased to 3400
2024-06-11 04:50 | INFO | Query 56 Size of the uncertainty table is = 71142/169260
2024-06-11 04:54 | INFO | Query 56 Size of the filtered table is = 1692
2024-06-11 05:07 | INFO | Query 56 Active Learning Random Query Runtime on Validation Set: 1236622.31
2024-06-11 05:07 | INFO | Query 56 Active Learning Random Query Runtime on Test Set: 156313.94
2024-06-11 05:07 | INFO | Query 56 Active Learning Random Query Instance Cost: 21981760.4
2024-06-11 05:07 | INFO | Timeout limit is increased to 3500
2024-06-11 05:08 | INFO | Query 57 Size of the uncertainty table is = 71142/169260
2024-06-11 05:12 | INFO | Query 57 Size of the filtered table is = 1692
2024-06-11 05:24 | INFO | Query 57 Active Learning Random Query Runtime on Validation Set: 1236622.31
2024-06-11 05:24 | INFO | Query 57 Active Learning Random Query Runtime on Test Set: 156313.94
2024-06-11 05:24 | INFO | Query 57 Active Learning Random Query Instance Cost: 22632860.4
2024-06-11 05:24 | INFO | Timeout limit is increased to 3600
2024-06-11 05:24 | INFO | Query 58 Size of the uncertainty table is = 71142/169260
2024-06-11 05:29 | INFO | Query 58 Size of the filtered table is = 1692
2024-06-11 05:41 | INFO | Query 58 Active Learning Random Query Runtime on Validation Set: 1236622.31
2024-06-11 05:41 | INFO | Query 58 Active Learning Random Query Runtime on Test Set: 156313.94
2024-06-11 05:41 | INFO | Query 58 Active Learning Random Query Instance Cost: 23282360.4
2024-06-11 05:41 | INFO | Timeout limit is increased to 3600
2024-06-11 05:41 | INFO | runtime_train_score is written as json file
2024-06-11 05:41 | INFO | runtime_test_score is written as json file
2024-06-11 05:41 | INFO | runtime_validation_score is written as json file
2024-06-11 05:41 | INFO | instance_cost is written as json file
2024-06-11 05:41 | INFO | Experiment is finished
