2025-02-10 14:42 | INFO | Paramaters are: {'dataset': 'MAXSAT12-PMS', 'penalty': 10, 'weight': 'No_Weight', 'voting': 'Hard', 'pre_selection_size': 64, 'pre_selection_technique': 'No_pre_selection', 'feature_elimination_threshold': 20, 'imputer_strategy': 'median', 'feature_selection_technique': 'No_feature_selection', 'feature_scaling_technique': 'StandardScaler', 'priority': {'PredCost': 'min', 'PredDiff': 'max', 'Uncertainty': 'max'}, 'initial_train_size': 20, 'query_size': 1, 'timeout_predictor_usage': 'No', 'timeout_limit': 3600, 'timeout_increase_rate': 100, 'penalty_type': 'Only-timeout-penalty', 'RANDOM_STATE_SEED': 99, 'n_splits': 10, 'split_number': 7, 'max_timeout': 3600, 'param_grid': {'n_estimators': 100, 'max_features': 'sqrt', 'max_depth': 2147483648, 'min_samples_split': 2, 'bootstrap': True}}
2025-02-10 14:42 | INFO | MAXSAT12-PMS is current dataset
2025-02-10 14:42 | INFO | DATASETS/MAXSAT12-PMS/algorithm_runs.csv is found
2025-02-10 14:42 | INFO | DATASETS/MAXSAT12-PMS/algorithm_runs.csv is finished
2025-02-10 14:42 | INFO | DATASETS/MAXSAT12-PMS/feature_values.csv is found
2025-02-10 14:42 | INFO | DATASETS/MAXSAT12-PMS/feature_values.csv is finished
2025-02-10 14:42 | INFO | DATASETS/MAXSAT12-PMS/feature_costs.csv is found
2025-02-10 14:42 | INFO | DATASETS/MAXSAT12-PMS/feature_costs.csv is finished
2025-02-10 14:42 | INFO | Virtual best solver time in train = 18493.92
2025-02-10 14:42 | INFO | Single best solver list train = {'DSWPM1_924': 8762058.95, 'akmaxsat': 7874987.14, 'akmaxsat_ls': 7874999.49, 'pwbo2.1': 4054108.63, 'qmaxsat0.21comp': 2020175.81, 'qmaxsat0.21g2comp': 2370908.1}
2025-02-10 14:42 | INFO | Single best solver time train = qmaxsat0.21comp (2020175.81)
2025-02-10 14:42 | INFO | Virtual best solver time in validation = 7326.23
2025-02-10 14:42 | INFO | Single best solver list validation = {'DSWPM1_924': 2387406.71, 'akmaxsat': 4255788.44, 'akmaxsat_ls': 4255801.91, 'pwbo2.1': 803453.73, 'qmaxsat0.21comp': 692612.82, 'qmaxsat0.21g2comp': 8091.91}
2025-02-10 14:42 | INFO | Single best solver time validation = qmaxsat0.21g2comp (8091.91)
2025-02-10 14:42 | INFO | Virtual best solver time in test = 4732.94
2025-02-10 14:42 | INFO | Single best solver list test = {'DSWPM1_924': 1123283.31, 'akmaxsat': 1302196.08, 'akmaxsat_ls': 1302166.91, 'pwbo2.1': 653506.94, 'qmaxsat0.21comp': 333417.4, 'qmaxsat0.21g2comp': 293391.25}
2025-02-10 14:42 | INFO | Single best solver time test = qmaxsat0.21g2comp (293391.25)
2025-02-10 14:42 | INFO | Training Time Passive Learning Classifier: 1.59 seconds
2025-02-10 14:42 | INFO | Training Time Passive Learning Regressor: 0.82 seconds
2025-02-10 14:42 | INFO | Passive Learning Classifier Runtime on Validation Set: 44048.51
2025-02-10 14:42 | INFO | Passive Learning Classifier Runtime on Test Set: 5095.55
2025-02-10 14:42 | INFO | Passive Learning Instance Cost: 3473238.12
2025-02-10 14:42 | INFO | Passive Learning Emissions: 0.0001248113604392999
2025-02-10 14:42 | INFO | Passive Learning Energy Consumption: 0.0001357979472961031 kWh
2025-02-10 14:42 | INFO | Training Time Active Learning Classifier: 0.8 seconds
2025-02-10 14:42 | INFO | Training Time Active Learning Regressor: 0.28 seconds
2025-02-10 14:42 | INFO | Initial Active Learning Runtime on Validation Set: 8124.01
2025-02-10 14:42 | INFO | Initial Active Learning Runtime on Test Set: 258266.13
2025-02-10 14:42 | INFO | Initial Active Learning Instance Cost: 119819.56
2025-02-10 14:42 | INFO | Bin size = 78
2025-02-10 14:42 | INFO | Query 1 Size of the uncertainty table is = 7770/7770
2025-02-10 14:42 | INFO | Query 1 Size of the filtered table is = 78
2025-02-10 14:42 | INFO | Training Time Active Learning Classifier: 0.8 seconds
2025-02-10 14:42 | INFO | Training Time Active Learning Regressor: 0.3 seconds
2025-02-10 14:42 | INFO | Query 1 Active Learning Runtime on Validation Set: 618281.72
2025-02-10 14:42 | INFO | Query 1 Active Learning Runtime on Test Set: 295733.3
2025-02-10 14:42 | INFO | Query 1 Active Learning Instance Cost: 125768.48
2025-02-10 14:42 | INFO | Timeout limit is increased to 3600
2025-02-10 14:42 | INFO | Query 2 Size of the uncertainty table is = 7686/7770
2025-02-10 14:42 | INFO | Query 2 Size of the filtered table is = 78
2025-02-10 14:42 | INFO | Training Time Active Learning Classifier: 0.8 seconds
2025-02-10 14:42 | INFO | Training Time Active Learning Regressor: 0.31 seconds
2025-02-10 14:42 | INFO | Query 2 Active Learning Runtime on Validation Set: 763207.8099999999
2025-02-10 14:42 | INFO | Query 2 Active Learning Runtime on Test Set: 329984.36
2025-02-10 14:42 | INFO | Query 2 Active Learning Instance Cost: 135051.81
2025-02-10 14:42 | INFO | Timeout limit is increased to 3600
2025-02-10 14:42 | INFO | Query 3 Size of the uncertainty table is = 7604/7770
2025-02-10 14:42 | INFO | Query 3 Size of the filtered table is = 78
2025-02-10 14:42 | INFO | Training Time Active Learning Classifier: 0.81 seconds
2025-02-10 14:42 | INFO | Training Time Active Learning Regressor: 0.32 seconds
2025-02-10 14:43 | INFO | Query 3 Active Learning Runtime on Validation Set: 763207.8099999999
2025-02-10 14:43 | INFO | Query 3 Active Learning Runtime on Test Set: 329984.58999999997
2025-02-10 14:43 | INFO | Query 3 Active Learning Instance Cost: 135238.4
2025-02-10 14:43 | INFO | Timeout limit is increased to 3600
2025-02-10 14:43 | INFO | Query 4 Size of the uncertainty table is = 7526/7770
2025-02-10 14:43 | INFO | Query 4 Size of the filtered table is = 78
2025-02-10 14:43 | INFO | Training Time Active Learning Classifier: 0.82 seconds
2025-02-10 14:43 | INFO | Training Time Active Learning Regressor: 0.34 seconds
2025-02-10 14:43 | INFO | Query 4 Active Learning Runtime on Validation Set: 658489.6
2025-02-10 14:43 | INFO | Query 4 Active Learning Runtime on Test Set: 366195.37
2025-02-10 14:43 | INFO | Query 4 Active Learning Instance Cost: 135793.37
2025-02-10 14:43 | INFO | Query 5 Size of the uncertainty table is = 7448/7770
2025-02-10 14:43 | INFO | Query 5 Size of the filtered table is = 78
2025-02-10 14:43 | INFO | Training Time Active Learning Classifier: 0.82 seconds
2025-02-10 14:43 | INFO | Training Time Active Learning Regressor: 0.35 seconds
2025-02-10 14:43 | INFO | Query 5 Active Learning Runtime on Validation Set: 766010.1
2025-02-10 14:43 | INFO | Query 5 Active Learning Runtime on Test Set: 365698.72
2025-02-10 14:43 | INFO | Query 5 Active Learning Instance Cost: 135828.24
2025-02-10 14:43 | INFO | Timeout limit is increased to 3600
2025-02-10 14:43 | INFO | Query 6 Size of the uncertainty table is = 7366/7770
2025-02-10 14:43 | INFO | Query 6 Size of the filtered table is = 78
2025-02-10 14:43 | INFO | Training Time Active Learning Classifier: 0.83 seconds
2025-02-10 14:43 | INFO | Training Time Active Learning Regressor: 0.36 seconds
2025-02-10 14:43 | INFO | Query 6 Active Learning Runtime on Validation Set: 837473.84
2025-02-10 14:43 | INFO | Query 6 Active Learning Runtime on Test Set: 365692.64
2025-02-10 14:43 | INFO | Query 6 Active Learning Instance Cost: 135846.61
2025-02-10 14:43 | INFO | Timeout limit is increased to 3600
2025-02-10 14:43 | INFO | Query 7 Size of the uncertainty table is = 7288/7770
2025-02-10 14:43 | INFO | Query 7 Size of the filtered table is = 78
2025-02-10 14:43 | INFO | Training Time Active Learning Classifier: 0.83 seconds
2025-02-10 14:43 | INFO | Training Time Active Learning Regressor: 0.36 seconds
2025-02-10 14:43 | INFO | Query 7 Active Learning Runtime on Validation Set: 586101.67
2025-02-10 14:43 | INFO | Query 7 Active Learning Runtime on Test Set: 329933.88
2025-02-10 14:43 | INFO | Query 7 Active Learning Instance Cost: 149997.83
2025-02-10 14:43 | INFO | Query 8 Size of the uncertainty table is = 7209/7770
2025-02-10 14:43 | INFO | Query 8 Size of the filtered table is = 78
2025-02-10 14:43 | INFO | Training Time Active Learning Classifier: 0.84 seconds
2025-02-10 14:43 | INFO | Training Time Active Learning Regressor: 0.38 seconds
2025-02-10 14:44 | INFO | Query 8 Active Learning Runtime on Validation Set: 623013.3
2025-02-10 14:44 | INFO | Query 8 Active Learning Runtime on Test Set: 329930.05
2025-02-10 14:44 | INFO | Query 8 Active Learning Instance Cost: 204043.07
2025-02-10 14:44 | INFO | Timeout limit is increased to 3600
2025-02-10 14:44 | INFO | Query 9 Size of the uncertainty table is = 7131/7770
2025-02-10 14:44 | INFO | Query 9 Size of the filtered table is = 78
2025-02-10 14:44 | INFO | Training Time Active Learning Classifier: 0.85 seconds
2025-02-10 14:44 | INFO | Training Time Active Learning Regressor: 0.4 seconds
2025-02-10 14:44 | INFO | Query 9 Active Learning Runtime on Validation Set: 403693.05
2025-02-10 14:44 | INFO | Query 9 Active Learning Runtime on Test Set: 256757.43
2025-02-10 14:44 | INFO | Query 9 Active Learning Instance Cost: 211427.56
2025-02-10 14:44 | INFO | Query 10 Size of the uncertainty table is = 7049/7770
2025-02-10 14:44 | INFO | Query 10 Size of the filtered table is = 78
2025-02-10 14:44 | INFO | Training Time Active Learning Classifier: 0.86 seconds
2025-02-10 14:44 | INFO | Training Time Active Learning Regressor: 0.42 seconds
2025-02-10 14:44 | INFO | Query 10 Active Learning Runtime on Validation Set: 440303.83
2025-02-10 14:44 | INFO | Query 10 Active Learning Runtime on Test Set: 326361.58
2025-02-10 14:44 | INFO | Query 10 Active Learning Instance Cost: 267975.67
2025-02-10 14:44 | INFO | Timeout limit is increased to 3600
2025-02-10 14:44 | INFO | Query 11 Size of the uncertainty table is = 6970/7770
2025-02-10 14:44 | INFO | Query 11 Size of the filtered table is = 78
2025-02-10 14:44 | INFO | Training Time Active Learning Classifier: 0.87 seconds
2025-02-10 14:44 | INFO | Training Time Active Learning Regressor: 0.43 seconds
2025-02-10 14:44 | INFO | Query 11 Active Learning Runtime on Validation Set: 367074.69
2025-02-10 14:44 | INFO | Query 11 Active Learning Runtime on Test Set: 326189.31
2025-02-10 14:44 | INFO | Query 11 Active Learning Instance Cost: 268072.86
2025-02-10 14:44 | INFO | Query 12 Size of the uncertainty table is = 6889/7770
2025-02-10 14:44 | INFO | Query 12 Size of the filtered table is = 78
2025-02-10 14:44 | INFO | Training Time Active Learning Classifier: 0.88 seconds
2025-02-10 14:44 | INFO | Training Time Active Learning Regressor: 0.44 seconds
2025-02-10 14:44 | INFO | Query 12 Active Learning Runtime on Validation Set: 295023.71
2025-02-10 14:44 | INFO | Query 12 Active Learning Runtime on Test Set: 326194.7
2025-02-10 14:44 | INFO | Query 12 Active Learning Instance Cost: 269221.22
2025-02-10 14:45 | INFO | Query 13 Size of the uncertainty table is = 6805/7770
2025-02-10 14:45 | INFO | Query 13 Size of the filtered table is = 78
2025-02-10 14:45 | INFO | Training Time Active Learning Classifier: 0.88 seconds
2025-02-10 14:45 | INFO | Training Time Active Learning Regressor: 0.44 seconds
2025-02-10 14:45 | INFO | Query 13 Active Learning Runtime on Validation Set: 475660.55
2025-02-10 14:45 | INFO | Query 13 Active Learning Runtime on Test Set: 292337.14
2025-02-10 14:45 | INFO | Query 13 Active Learning Instance Cost: 272174.73
2025-02-10 14:45 | INFO | Timeout limit is increased to 3600
2025-02-10 14:45 | INFO | Query 14 Size of the uncertainty table is = 6723/7770
2025-02-10 14:45 | INFO | Query 14 Size of the filtered table is = 78
2025-02-10 14:45 | INFO | Training Time Active Learning Classifier: 0.89 seconds
2025-02-10 14:45 | INFO | Training Time Active Learning Regressor: 0.45 seconds
2025-02-10 14:45 | INFO | Query 14 Active Learning Runtime on Validation Set: 404074.08
2025-02-10 14:45 | INFO | Query 14 Active Learning Runtime on Test Set: 326190.4
2025-02-10 14:45 | INFO | Query 14 Active Learning Instance Cost: 274222.0
2025-02-10 14:45 | INFO | Query 15 Size of the uncertainty table is = 6642/7770
2025-02-10 14:45 | INFO | Query 15 Size of the filtered table is = 78
2025-02-10 14:45 | INFO | Training Time Active Learning Classifier: 0.9 seconds
2025-02-10 14:45 | INFO | Training Time Active Learning Regressor: 0.46 seconds
2025-02-10 14:45 | INFO | Query 15 Active Learning Runtime on Validation Set: 404074.1
2025-02-10 14:45 | INFO | Query 15 Active Learning Runtime on Test Set: 326190.4
2025-02-10 14:45 | INFO | Query 15 Active Learning Instance Cost: 274235.76
2025-02-10 14:45 | INFO | Timeout limit is increased to 3600
2025-02-10 14:45 | INFO | Query 16 Size of the uncertainty table is = 6561/7770
2025-02-10 14:45 | INFO | Query 16 Size of the filtered table is = 78
2025-02-10 14:45 | INFO | Training Time Active Learning Classifier: 0.91 seconds
2025-02-10 14:45 | INFO | Training Time Active Learning Regressor: 0.47 seconds
2025-02-10 14:45 | INFO | Query 16 Active Learning Runtime on Validation Set: 477627.06
2025-02-10 14:45 | INFO | Query 16 Active Learning Runtime on Test Set: 362066.08999999997
2025-02-10 14:45 | INFO | Query 16 Active Learning Instance Cost: 274383.63
2025-02-10 14:45 | INFO | Timeout limit is increased to 3600
2025-02-10 14:45 | INFO | Query 17 Size of the uncertainty table is = 6480/7770
2025-02-10 14:45 | INFO | Query 17 Size of the filtered table is = 78
2025-02-10 14:45 | INFO | Training Time Active Learning Classifier: 0.98 seconds
2025-02-10 14:45 | INFO | Training Time Active Learning Regressor: 0.48 seconds
2025-02-10 14:46 | INFO | Query 17 Active Learning Runtime on Validation Set: 511526.27999999997
2025-02-10 14:46 | INFO | Query 17 Active Learning Runtime on Test Set: 328039.56
2025-02-10 14:46 | INFO | Query 17 Active Learning Instance Cost: 285440.8
2025-02-10 14:46 | INFO | Timeout limit is increased to 3600
2025-02-10 14:46 | INFO | Query 18 Size of the uncertainty table is = 6398/7770
2025-02-10 14:46 | INFO | Query 18 Size of the filtered table is = 78
2025-02-10 14:46 | INFO | Training Time Active Learning Classifier: 0.93 seconds
2025-02-10 14:46 | INFO | Training Time Active Learning Regressor: 0.49 seconds
2025-02-10 14:46 | INFO | Query 18 Active Learning Runtime on Validation Set: 402462.8
2025-02-10 14:46 | INFO | Query 18 Active Learning Runtime on Test Set: 327965.67
2025-02-10 14:46 | INFO | Query 18 Active Learning Instance Cost: 304811.56
2025-02-10 14:46 | INFO | Query 19 Size of the uncertainty table is = 6315/7770
2025-02-10 14:46 | INFO | Query 19 Size of the filtered table is = 78
2025-02-10 14:46 | INFO | Training Time Active Learning Classifier: 0.94 seconds
2025-02-10 14:46 | INFO | Training Time Active Learning Regressor: 0.49 seconds
2025-02-10 14:46 | INFO | Query 19 Active Learning Runtime on Validation Set: 511526.27999999997
2025-02-10 14:46 | INFO | Query 19 Active Learning Runtime on Test Set: 258085.47
2025-02-10 14:46 | INFO | Query 19 Active Learning Instance Cost: 304873.37
2025-02-10 14:46 | INFO | Timeout limit is increased to 3600
2025-02-10 14:46 | INFO | Query 20 Size of the uncertainty table is = 6235/7770
2025-02-10 14:46 | INFO | Query 20 Size of the filtered table is = 78
2025-02-10 14:46 | INFO | Training Time Active Learning Classifier: 0.94 seconds
2025-02-10 14:46 | INFO | Training Time Active Learning Regressor: 0.49 seconds
2025-02-10 14:46 | INFO | Query 20 Active Learning Runtime on Validation Set: 402462.8
2025-02-10 14:46 | INFO | Query 20 Active Learning Runtime on Test Set: 257830.77
2025-02-10 14:46 | INFO | Query 20 Active Learning Instance Cost: 305317.8
2025-02-10 14:46 | INFO | Query 21 Size of the uncertainty table is = 6152/7770
2025-02-10 14:46 | INFO | Query 21 Size of the filtered table is = 78
2025-02-10 14:46 | INFO | Training Time Active Learning Classifier: 0.95 seconds
2025-02-10 14:46 | INFO | Training Time Active Learning Regressor: 0.5 seconds
2025-02-10 14:46 | INFO | Query 21 Active Learning Runtime on Validation Set: 728352.26
2025-02-10 14:46 | INFO | Query 21 Active Learning Runtime on Test Set: 258338.86
2025-02-10 14:46 | INFO | Query 21 Active Learning Instance Cost: 306233.3
2025-02-10 14:46 | INFO | Timeout limit is increased to 3600
2025-02-10 14:47 | INFO | Query 22 Size of the uncertainty table is = 6073/7770
2025-02-10 14:47 | INFO | Query 22 Size of the filtered table is = 78
2025-02-10 14:47 | INFO | Training Time Active Learning Classifier: 0.96 seconds
2025-02-10 14:47 | INFO | Training Time Active Learning Regressor: 0.5 seconds
2025-02-10 14:47 | INFO | Query 22 Active Learning Runtime on Validation Set: 510294.8
2025-02-10 14:47 | INFO | Query 22 Active Learning Runtime on Test Set: 257901.9
2025-02-10 14:47 | INFO | Query 22 Active Learning Instance Cost: 307315.84
2025-02-10 14:47 | INFO | Query 23 Size of the uncertainty table is = 5991/7770
2025-02-10 14:47 | INFO | Query 23 Size of the filtered table is = 78
2025-02-10 14:47 | INFO | Training Time Active Learning Classifier: 0.97 seconds
2025-02-10 14:47 | INFO | Training Time Active Learning Regressor: 0.57 seconds
2025-02-10 14:47 | INFO | Query 23 Active Learning Runtime on Validation Set: 582860.0
2025-02-10 14:47 | INFO | Query 23 Active Learning Runtime on Test Set: 220404.16
2025-02-10 14:47 | INFO | Query 23 Active Learning Instance Cost: 331687.55
2025-02-10 14:47 | INFO | Timeout limit is increased to 3600
2025-02-10 14:47 | INFO | Query 24 Size of the uncertainty table is = 5911/7770
2025-02-10 14:47 | INFO | Query 24 Size of the filtered table is = 78
2025-02-10 14:47 | INFO | Training Time Active Learning Classifier: 0.97 seconds
2025-02-10 14:47 | INFO | Training Time Active Learning Regressor: 0.52 seconds
2025-02-10 14:47 | INFO | Query 24 Active Learning Runtime on Validation Set: 801596.32
2025-02-10 14:47 | INFO | Query 24 Active Learning Runtime on Test Set: 364309.04
2025-02-10 14:47 | INFO | Query 24 Active Learning Instance Cost: 348160.41
2025-02-10 14:47 | INFO | Timeout limit is increased to 3600
2025-02-10 14:47 | INFO | Query 25 Size of the uncertainty table is = 5829/7770
2025-02-10 14:47 | INFO | Query 25 Size of the filtered table is = 78
2025-02-10 14:47 | INFO | Training Time Active Learning Classifier: 0.98 seconds
2025-02-10 14:47 | INFO | Training Time Active Learning Regressor: 0.53 seconds
2025-02-10 14:47 | INFO | Query 25 Active Learning Runtime on Validation Set: 513619.12
2025-02-10 14:47 | INFO | Query 25 Active Learning Runtime on Test Set: 363902.69
2025-02-10 14:47 | INFO | Query 25 Active Learning Instance Cost: 356782.14
2025-02-10 14:47 | INFO | Query 26 Size of the uncertainty table is = 5750/7770
2025-02-10 14:47 | INFO | Query 26 Size of the filtered table is = 78
2025-02-10 14:47 | INFO | Training Time Active Learning Classifier: 1.0 seconds
2025-02-10 14:47 | INFO | Training Time Active Learning Regressor: 0.54 seconds
2025-02-10 14:48 | INFO | Query 26 Active Learning Runtime on Validation Set: 440286.4
2025-02-10 14:48 | INFO | Query 26 Active Learning Runtime on Test Set: 326131.98
2025-02-10 14:48 | INFO | Query 26 Active Learning Instance Cost: 358313.63
2025-02-10 14:48 | INFO | Query 27 Size of the uncertainty table is = 5672/7770
2025-02-10 14:48 | INFO | Query 27 Size of the filtered table is = 78
2025-02-10 14:48 | INFO | Training Time Active Learning Classifier: 1.0 seconds
2025-02-10 14:48 | INFO | Training Time Active Learning Regressor: 0.54 seconds
2025-02-10 14:48 | INFO | Query 27 Active Learning Runtime on Validation Set: 440286.4
2025-02-10 14:48 | INFO | Query 27 Active Learning Runtime on Test Set: 290218.39
2025-02-10 14:48 | INFO | Query 27 Active Learning Instance Cost: 363540.67
2025-02-10 14:48 | INFO | Timeout limit is increased to 3600
2025-02-10 14:48 | INFO | Query 28 Size of the uncertainty table is = 5589/7770
2025-02-10 14:48 | INFO | Query 28 Size of the filtered table is = 78
2025-02-10 14:48 | INFO | Training Time Active Learning Classifier: 1.01 seconds
2025-02-10 14:48 | INFO | Training Time Active Learning Regressor: 0.55 seconds
2025-02-10 14:48 | INFO | Query 28 Active Learning Runtime on Validation Set: 477299.1
2025-02-10 14:48 | INFO | Query 28 Active Learning Runtime on Test Set: 254056.47999999998
2025-02-10 14:48 | INFO | Query 28 Active Learning Instance Cost: 368872.45
2025-02-10 14:48 | INFO | Timeout limit is increased to 3600
2025-02-10 14:48 | INFO | Query 29 Size of the uncertainty table is = 5506/7770
2025-02-10 14:48 | INFO | Query 29 Size of the filtered table is = 78
2025-02-10 14:48 | INFO | Training Time Active Learning Classifier: 1.07 seconds
2025-02-10 14:48 | INFO | Training Time Active Learning Regressor: 0.56 seconds
2025-02-10 14:48 | INFO | Query 29 Active Learning Runtime on Validation Set: 763725.73
2025-02-10 14:48 | INFO | Query 29 Active Learning Runtime on Test Set: 326239.48
2025-02-10 14:48 | INFO | Query 29 Active Learning Instance Cost: 388493.21
2025-02-10 14:48 | INFO | Timeout limit is increased to 3600
2025-02-10 14:48 | INFO | Query 30 Size of the uncertainty table is = 5423/7770
2025-02-10 14:48 | INFO | Query 30 Size of the filtered table is = 78
2025-02-10 14:48 | INFO | Training Time Active Learning Classifier: 1.03 seconds
2025-02-10 14:48 | INFO | Training Time Active Learning Regressor: 0.57 seconds
2025-02-10 14:48 | INFO | Query 30 Active Learning Runtime on Validation Set: 439858.92
2025-02-10 14:48 | INFO | Query 30 Active Learning Runtime on Test Set: 256529.15
2025-02-10 14:48 | INFO | Query 30 Active Learning Instance Cost: 411565.12
2025-02-10 14:49 | INFO | Query 31 Size of the uncertainty table is = 5337/7770
2025-02-10 14:49 | INFO | Query 31 Size of the filtered table is = 78
2025-02-10 14:49 | INFO | Training Time Active Learning Classifier: 1.04 seconds
2025-02-10 14:49 | INFO | Training Time Active Learning Regressor: 0.58 seconds
2025-02-10 14:49 | INFO | Query 31 Active Learning Runtime on Validation Set: 689801.84
2025-02-10 14:49 | INFO | Query 31 Active Learning Runtime on Test Set: 361188.3
2025-02-10 14:49 | INFO | Query 31 Active Learning Instance Cost: 428346.17
2025-02-10 14:49 | INFO | Timeout limit is increased to 3600
2025-02-10 14:49 | INFO | Query 32 Size of the uncertainty table is = 5250/7770
2025-02-10 14:49 | INFO | Query 32 Size of the filtered table is = 78
2025-02-10 14:49 | INFO | Training Time Active Learning Classifier: 1.05 seconds
2025-02-10 14:49 | INFO | Training Time Active Learning Regressor: 0.6 seconds
2025-02-10 14:49 | INFO | Query 32 Active Learning Runtime on Validation Set: 330846.21
2025-02-10 14:49 | INFO | Query 32 Active Learning Runtime on Test Set: 325422.22
2025-02-10 14:49 | INFO | Query 32 Active Learning Instance Cost: 449197.74
2025-02-10 14:49 | INFO | Query 33 Size of the uncertainty table is = 5157/7770
2025-02-10 14:49 | INFO | Query 33 Size of the filtered table is = 78
2025-02-10 14:49 | INFO | Training Time Active Learning Classifier: 1.06 seconds
2025-02-10 14:49 | INFO | Training Time Active Learning Regressor: 0.6 seconds
2025-02-10 14:49 | INFO | Query 33 Active Learning Runtime on Validation Set: 656000.26
2025-02-10 14:49 | INFO | Query 33 Active Learning Runtime on Test Set: 291276.97
2025-02-10 14:49 | INFO | Query 33 Active Learning Instance Cost: 457344.35
2025-02-10 14:49 | INFO | Timeout limit is increased to 3600
2025-02-10 14:49 | INFO | Query 34 Size of the uncertainty table is = 5071/7770
2025-02-10 14:49 | INFO | Query 34 Size of the filtered table is = 78
2025-02-10 14:49 | INFO | Training Time Active Learning Classifier: 1.07 seconds
2025-02-10 14:49 | INFO | Training Time Active Learning Regressor: 0.61 seconds
2025-02-10 14:49 | INFO | Query 34 Active Learning Runtime on Validation Set: 620550.52
2025-02-10 14:49 | INFO | Query 34 Active Learning Runtime on Test Set: 291438.15
2025-02-10 14:49 | INFO | Query 34 Active Learning Instance Cost: 467753.12
2025-02-10 14:49 | INFO | Query 35 Size of the uncertainty table is = 4990/7770
2025-02-10 14:49 | INFO | Query 35 Size of the filtered table is = 78
2025-02-10 14:49 | INFO | Training Time Active Learning Classifier: 1.08 seconds
2025-02-10 14:49 | INFO | Training Time Active Learning Regressor: 0.67 seconds
2025-02-10 14:50 | INFO | Query 35 Active Learning Runtime on Validation Set: 727458.3
2025-02-10 14:50 | INFO | Query 35 Active Learning Runtime on Test Set: 328352.7
2025-02-10 14:50 | INFO | Query 35 Active Learning Instance Cost: 477748.63
2025-02-10 14:50 | INFO | Timeout limit is increased to 3600
2025-02-10 14:50 | INFO | Query 36 Size of the uncertainty table is = 4911/7770
2025-02-10 14:50 | INFO | Query 36 Size of the filtered table is = 78
2025-02-10 14:50 | INFO | Training Time Active Learning Classifier: 1.09 seconds
2025-02-10 14:50 | INFO | Training Time Active Learning Regressor: 0.62 seconds
2025-02-10 14:50 | INFO | Query 36 Active Learning Runtime on Validation Set: 763330.04
2025-02-10 14:50 | INFO | Query 36 Active Learning Runtime on Test Set: 397074.88
2025-02-10 14:50 | INFO | Query 36 Active Learning Instance Cost: 500406.86
2025-02-10 14:50 | INFO | Timeout limit is increased to 3600
2025-02-10 14:50 | INFO | Query 37 Size of the uncertainty table is = 4823/7770
2025-02-10 14:50 | INFO | Query 37 Size of the filtered table is = 78
2025-02-10 14:50 | INFO | Training Time Active Learning Classifier: 1.1 seconds
2025-02-10 14:50 | INFO | Training Time Active Learning Regressor: 0.64 seconds
2025-02-10 14:50 | INFO | Query 37 Active Learning Runtime on Validation Set: 513105.02999999997
2025-02-10 14:50 | INFO | Query 37 Active Learning Runtime on Test Set: 325524.6
2025-02-10 14:50 | INFO | Query 37 Active Learning Instance Cost: 522754.32
2025-02-10 14:50 | INFO | Query 38 Size of the uncertainty table is = 4738/7770
2025-02-10 14:50 | INFO | Query 38 Size of the filtered table is = 78
2025-02-10 14:50 | INFO | Training Time Active Learning Classifier: 1.12 seconds
2025-02-10 14:50 | INFO | Training Time Active Learning Regressor: 0.66 seconds
2025-02-10 14:50 | INFO | Query 38 Active Learning Runtime on Validation Set: 835779.69
2025-02-10 14:50 | INFO | Query 38 Active Learning Runtime on Test Set: 433063.87
2025-02-10 14:50 | INFO | Query 38 Active Learning Instance Cost: 545375.56
2025-02-10 14:50 | INFO | Timeout limit is increased to 3600
2025-02-10 14:50 | INFO | Query 39 Size of the uncertainty table is = 4654/7770
2025-02-10 14:50 | INFO | Query 39 Size of the filtered table is = 78
2025-02-10 14:50 | INFO | Training Time Active Learning Classifier: 1.12 seconds
2025-02-10 14:50 | INFO | Training Time Active Learning Regressor: 0.67 seconds
2025-02-10 14:50 | INFO | Query 39 Active Learning Runtime on Validation Set: 799058.17
2025-02-10 14:50 | INFO | Query 39 Active Learning Runtime on Test Set: 398385.94
2025-02-10 14:50 | INFO | Query 39 Active Learning Instance Cost: 580884.56
2025-02-10 14:51 | INFO | Query 40 Size of the uncertainty table is = 4565/7770
2025-02-10 14:51 | INFO | Query 40 Size of the filtered table is = 78
2025-02-10 14:51 | INFO | Training Time Active Learning Classifier: 1.14 seconds
2025-02-10 14:51 | INFO | Training Time Active Learning Regressor: 0.68 seconds
2025-02-10 14:51 | INFO | Query 40 Active Learning Runtime on Validation Set: 512609.83
2025-02-10 14:51 | INFO | Query 40 Active Learning Runtime on Test Set: 362427.67
2025-02-10 14:51 | INFO | Query 40 Active Learning Instance Cost: 595912.57
2025-02-10 14:51 | INFO | Query 41 Size of the uncertainty table is = 4485/7770
2025-02-10 14:51 | INFO | Query 41 Size of the filtered table is = 78
2025-02-10 14:51 | INFO | Training Time Active Learning Classifier: 1.15 seconds
2025-02-10 14:51 | INFO | Training Time Active Learning Regressor: 0.74 seconds
2025-02-10 14:51 | INFO | Query 41 Active Learning Runtime on Validation Set: 330336.47
2025-02-10 14:51 | INFO | Query 41 Active Learning Runtime on Test Set: 326576.05
2025-02-10 14:51 | INFO | Query 41 Active Learning Instance Cost: 637402.47
2025-02-10 14:51 | INFO | Query 42 Size of the uncertainty table is = 4398/7770
2025-02-10 14:51 | INFO | Query 42 Size of the filtered table is = 78
2025-02-10 14:51 | INFO | Training Time Active Learning Classifier: 1.16 seconds
2025-02-10 14:51 | INFO | Training Time Active Learning Regressor: 0.69 seconds
2025-02-10 14:51 | INFO | Query 42 Active Learning Runtime on Validation Set: 367535.33
2025-02-10 14:51 | INFO | Query 42 Active Learning Runtime on Test Set: 290716.91
2025-02-10 14:51 | INFO | Query 42 Active Learning Instance Cost: 664771.28
2025-02-10 14:51 | INFO | Timeout limit is increased to 3600
2025-02-10 14:51 | INFO | Query 43 Size of the uncertainty table is = 4304/7770
2025-02-10 14:51 | INFO | Query 43 Size of the filtered table is = 78
2025-02-10 14:51 | INFO | Training Time Active Learning Classifier: 1.17 seconds
2025-02-10 14:51 | INFO | Training Time Active Learning Regressor: 0.69 seconds
2025-02-10 14:51 | INFO | Query 43 Active Learning Runtime on Validation Set: 367535.99
2025-02-10 14:51 | INFO | Query 43 Active Learning Runtime on Test Set: 254675.66999999998
2025-02-10 14:51 | INFO | Query 43 Active Learning Instance Cost: 673207.58
2025-02-10 14:51 | INFO | Timeout limit is increased to 3600
2025-02-10 14:51 | INFO | Query 44 Size of the uncertainty table is = 4223/7770
2025-02-10 14:51 | INFO | Query 44 Size of the filtered table is = 78
2025-02-10 14:51 | INFO | Training Time Active Learning Classifier: 1.18 seconds
2025-02-10 14:51 | INFO | Training Time Active Learning Regressor: 0.71 seconds
2025-02-10 14:52 | INFO | Query 44 Active Learning Runtime on Validation Set: 294883.48
2025-02-10 14:52 | INFO | Query 44 Active Learning Runtime on Test Set: 218802.13999999998
2025-02-10 14:52 | INFO | Query 44 Active Learning Instance Cost: 745693.93
2025-02-10 14:52 | INFO | Query 45 Size of the uncertainty table is = 4135/7770
2025-02-10 14:52 | INFO | Query 45 Size of the filtered table is = 78
2025-02-10 14:52 | INFO | Training Time Active Learning Classifier: 1.19 seconds
2025-02-10 14:52 | INFO | Training Time Active Learning Regressor: 0.71 seconds
2025-02-10 14:52 | INFO | Query 45 Active Learning Runtime on Validation Set: 294876.08999999997
2025-02-10 14:52 | INFO | Query 45 Active Learning Runtime on Test Set: 254769.76
2025-02-10 14:52 | INFO | Query 45 Active Learning Instance Cost: 766135.52
2025-02-10 14:52 | INFO | Query 46 Size of the uncertainty table is = 4048/7770
2025-02-10 14:52 | INFO | Query 46 Size of the filtered table is = 78
2025-02-10 14:52 | INFO | Training Time Active Learning Classifier: 1.21 seconds
2025-02-10 14:52 | INFO | Training Time Active Learning Regressor: 0.71 seconds
2025-02-10 14:52 | INFO | Query 46 Active Learning Runtime on Validation Set: 367503.37
2025-02-10 14:52 | INFO | Query 46 Active Learning Runtime on Test Set: 218789.15
2025-02-10 14:52 | INFO | Query 46 Active Learning Instance Cost: 821363.89
2025-02-10 14:52 | INFO | Timeout limit is increased to 3600
2025-02-10 14:52 | INFO | Query 47 Size of the uncertainty table is = 3962/7770
2025-02-10 14:52 | INFO | Query 47 Size of the filtered table is = 78
2025-02-10 14:52 | INFO | Training Time Active Learning Classifier: 1.21 seconds
2025-02-10 14:52 | INFO | Training Time Active Learning Regressor: 0.72 seconds
2025-02-10 14:52 | INFO | Query 47 Active Learning Runtime on Validation Set: 8136.99
2025-02-10 14:52 | INFO | Query 47 Active Learning Runtime on Test Set: 76846.83
2025-02-10 14:52 | INFO | Query 47 Active Learning Instance Cost: 889291.91
2025-02-10 14:52 | INFO | Query 48 Size of the uncertainty table is = 3868/7770
2025-02-10 14:52 | INFO | Query 48 Size of the filtered table is = 78
2025-02-10 14:52 | INFO | Training Time Active Learning Classifier: 1.22 seconds
2025-02-10 14:52 | INFO | Training Time Active Learning Regressor: 0.73 seconds
2025-02-10 14:53 | INFO | Query 48 Active Learning Runtime on Validation Set: 8261.19
2025-02-10 14:53 | INFO | Query 48 Active Learning Runtime on Test Set: 76586.98
2025-02-10 14:53 | INFO | Query 48 Active Learning Instance Cost: 933367.68
2025-02-10 14:53 | INFO | Timeout limit is increased to 3600
2025-02-10 14:53 | INFO | Query 49 Size of the uncertainty table is = 3777/7770
2025-02-10 14:53 | INFO | Query 49 Size of the filtered table is = 78
2025-02-10 14:53 | INFO | Training Time Active Learning Classifier: 1.24 seconds
2025-02-10 14:53 | INFO | Training Time Active Learning Regressor: 0.73 seconds
2025-02-10 14:53 | INFO | Query 49 Active Learning Runtime on Validation Set: 8159.01
2025-02-10 14:53 | INFO | Query 49 Active Learning Runtime on Test Set: 76830.84999999999
2025-02-10 14:53 | INFO | Query 49 Active Learning Instance Cost: 1010817.98
2025-02-10 14:53 | INFO | Query 50 Size of the uncertainty table is = 3670/7770
2025-02-10 14:53 | INFO | Query 50 Size of the filtered table is = 78
2025-02-10 14:53 | INFO | Training Time Active Learning Classifier: 1.26 seconds
2025-02-10 14:53 | INFO | Training Time Active Learning Regressor: 0.75 seconds
2025-02-10 14:53 | INFO | Query 50 Active Learning Runtime on Validation Set: 79641.23
2025-02-10 14:53 | INFO | Query 50 Active Learning Runtime on Test Set: 76830.84999999999
2025-02-10 14:53 | INFO | Query 50 Active Learning Instance Cost: 1033567.29
2025-02-10 14:53 | INFO | Timeout limit is increased to 3600
2025-02-10 14:53 | INFO | Query 51 Size of the uncertainty table is = 3567/7770
2025-02-10 14:53 | INFO | Query 51 Size of the filtered table is = 78
2025-02-10 14:53 | INFO | Training Time Active Learning Classifier: 1.27 seconds
2025-02-10 14:53 | INFO | Training Time Active Learning Regressor: 0.75 seconds
2025-02-10 14:53 | INFO | Query 51 Active Learning Runtime on Validation Set: 43875.4
2025-02-10 14:53 | INFO | Query 51 Active Learning Runtime on Test Set: 40860.990000000005
2025-02-10 14:53 | INFO | Query 51 Active Learning Instance Cost: 1082779.81
2025-02-10 14:53 | INFO | Query 52 Size of the uncertainty table is = 3470/7770
2025-02-10 14:53 | INFO | Query 52 Size of the filtered table is = 78
2025-02-10 14:53 | INFO | Training Time Active Learning Classifier: 1.3 seconds
2025-02-10 14:53 | INFO | Training Time Active Learning Regressor: 0.75 seconds
2025-02-10 14:53 | INFO | Query 52 Active Learning Runtime on Validation Set: 43875.4
2025-02-10 14:53 | INFO | Query 52 Active Learning Runtime on Test Set: 40854.93
2025-02-10 14:53 | INFO | Query 52 Active Learning Instance Cost: 1110880.87
2025-02-10 14:53 | INFO | Timeout limit is increased to 3600
2025-02-10 14:53 | INFO | Query 53 Size of the uncertainty table is = 3357/7770
2025-02-10 14:53 | INFO | Query 53 Size of the filtered table is = 78
2025-02-10 14:53 | INFO | Training Time Active Learning Classifier: 1.36 seconds
2025-02-10 14:53 | INFO | Training Time Active Learning Regressor: 0.76 seconds
2025-02-10 14:54 | INFO | Query 53 Active Learning Runtime on Validation Set: 151197.21
2025-02-10 14:54 | INFO | Query 53 Active Learning Runtime on Test Set: 40846.840000000004
2025-02-10 14:54 | INFO | Query 53 Active Learning Instance Cost: 1119352.81
2025-02-10 14:54 | INFO | Timeout limit is increased to 3600
2025-02-10 14:54 | INFO | Query 54 Size of the uncertainty table is = 3272/7770
2025-02-10 14:54 | INFO | Query 54 Size of the filtered table is = 78
2025-02-10 14:54 | INFO | Training Time Active Learning Classifier: 1.32 seconds
2025-02-10 14:54 | INFO | Training Time Active Learning Regressor: 0.76 seconds
2025-02-10 14:54 | INFO | Query 54 Active Learning Runtime on Validation Set: 151197.21
2025-02-10 14:54 | INFO | Query 54 Active Learning Runtime on Test Set: 40847.18
2025-02-10 14:54 | INFO | Query 54 Active Learning Instance Cost: 1130399.39
2025-02-10 14:54 | INFO | Timeout limit is increased to 3600
2025-02-10 14:54 | INFO | Query 55 Size of the uncertainty table is = 3187/7770
2025-02-10 14:54 | INFO | Query 55 Size of the filtered table is = 78
2025-02-10 14:54 | INFO | Training Time Active Learning Classifier: 1.33 seconds
2025-02-10 14:54 | INFO | Training Time Active Learning Regressor: 0.76 seconds
2025-02-10 14:54 | INFO | Query 55 Active Learning Runtime on Validation Set: 151197.21
2025-02-10 14:54 | INFO | Query 55 Active Learning Runtime on Test Set: 40847.18
2025-02-10 14:54 | INFO | Query 55 Active Learning Instance Cost: 1134260.5
2025-02-10 14:54 | INFO | Timeout limit is increased to 3600
2025-02-10 14:54 | INFO | Query 56 Size of the uncertainty table is = 3107/7770
2025-02-10 14:54 | INFO | Query 56 Size of the filtered table is = 78
2025-02-10 14:54 | INFO | Training Time Active Learning Classifier: 1.34 seconds
2025-02-10 14:54 | INFO | Training Time Active Learning Regressor: 0.77 seconds
2025-02-10 14:54 | INFO | Query 56 Active Learning Runtime on Validation Set: 151197.21
2025-02-10 14:54 | INFO | Query 56 Active Learning Runtime on Test Set: 40846.840000000004
2025-02-10 14:54 | INFO | Query 56 Active Learning Instance Cost: 1195639.21
2025-02-10 14:54 | INFO | Timeout limit is increased to 3600
2025-02-10 14:54 | INFO | Query 57 Size of the uncertainty table is = 3003/7770
2025-02-10 14:54 | INFO | Query 57 Size of the filtered table is = 78
2025-02-10 14:54 | INFO | Training Time Active Learning Classifier: 1.37 seconds
2025-02-10 14:54 | INFO | Training Time Active Learning Regressor: 0.77 seconds
2025-02-10 14:55 | INFO | Query 57 Active Learning Runtime on Validation Set: 43878.21
2025-02-10 14:55 | INFO | Query 57 Active Learning Runtime on Test Set: 40853.47
2025-02-10 14:55 | INFO | Query 57 Active Learning Instance Cost: 1225690.13
2025-02-10 14:55 | INFO | Query 58 Size of the uncertainty table is = 2904/7770
2025-02-10 14:55 | INFO | Query 58 Size of the filtered table is = 78
2025-02-10 14:55 | INFO | Training Time Active Learning Classifier: 1.38 seconds
2025-02-10 14:55 | INFO | Training Time Active Learning Regressor: 0.77 seconds
2025-02-10 14:55 | INFO | Query 58 Active Learning Runtime on Validation Set: 43878.21
2025-02-10 14:55 | INFO | Query 58 Active Learning Runtime on Test Set: 40877.25
2025-02-10 14:55 | INFO | Query 58 Active Learning Instance Cost: 1299798.55
2025-02-10 14:55 | INFO | Timeout limit is increased to 3600
2025-02-10 14:55 | INFO | Query 59 Size of the uncertainty table is = 2787/7770
2025-02-10 14:55 | INFO | Query 59 Size of the filtered table is = 78
2025-02-10 14:55 | INFO | Training Time Active Learning Classifier: 1.43 seconds
2025-02-10 14:55 | INFO | Training Time Active Learning Regressor: 0.78 seconds
2025-02-10 14:55 | INFO | Query 59 Active Learning Runtime on Validation Set: 223550.84
2025-02-10 14:55 | INFO | Query 59 Active Learning Runtime on Test Set: 76549.0
2025-02-10 14:55 | INFO | Query 59 Active Learning Instance Cost: 1342516.74
2025-02-10 14:55 | INFO | Timeout limit is increased to 3600
2025-02-10 14:55 | INFO | Query 60 Size of the uncertainty table is = 2691/7770
2025-02-10 14:55 | INFO | Query 60 Size of the filtered table is = 78
2025-02-10 14:55 | INFO | Training Time Active Learning Classifier: 1.4 seconds
2025-02-10 14:55 | INFO | Training Time Active Learning Regressor: 0.79 seconds
2025-02-10 14:55 | INFO | Query 60 Active Learning Runtime on Validation Set: 223562.47999999998
2025-02-10 14:55 | INFO | Query 60 Active Learning Runtime on Test Set: 76555.61
2025-02-10 14:55 | INFO | Query 60 Active Learning Instance Cost: 1409518.52
2025-02-10 14:55 | INFO | Timeout limit is increased to 3600
2025-02-10 14:55 | INFO | Query 61 Size of the uncertainty table is = 2600/7770
2025-02-10 14:55 | INFO | Query 61 Size of the filtered table is = 78
2025-02-10 14:55 | INFO | Training Time Active Learning Classifier: 1.41 seconds
2025-02-10 14:55 | INFO | Training Time Active Learning Regressor: 0.79 seconds
2025-02-10 14:55 | INFO | Query 61 Active Learning Runtime on Validation Set: 294191.06
2025-02-10 14:55 | INFO | Query 61 Active Learning Runtime on Test Set: 112339.51999999999
2025-02-10 14:55 | INFO | Query 61 Active Learning Instance Cost: 1469420.21
2025-02-10 14:55 | INFO | Timeout limit is increased to 3600
2025-02-10 14:55 | INFO | Query 62 Size of the uncertainty table is = 2497/7770
2025-02-10 14:55 | INFO | Query 62 Size of the filtered table is = 78
2025-02-10 14:55 | INFO | Training Time Active Learning Classifier: 1.43 seconds
2025-02-10 14:55 | INFO | Training Time Active Learning Regressor: 0.79 seconds
2025-02-10 14:56 | INFO | Query 62 Active Learning Runtime on Validation Set: 294191.06
2025-02-10 14:56 | INFO | Query 62 Active Learning Runtime on Test Set: 112339.51999999999
2025-02-10 14:56 | INFO | Query 62 Active Learning Instance Cost: 1545020.21
2025-02-10 14:56 | INFO | Timeout limit is increased to 3600
2025-02-10 14:56 | INFO | Query 63 Size of the uncertainty table is = 2404/7770
2025-02-10 14:56 | INFO | Query 63 Size of the filtered table is = 78
2025-02-10 14:56 | INFO | Training Time Active Learning Classifier: 1.43 seconds
2025-02-10 14:56 | INFO | Training Time Active Learning Regressor: 0.79 seconds
2025-02-10 14:56 | INFO | Query 63 Active Learning Runtime on Validation Set: 223564.82
2025-02-10 14:56 | INFO | Query 63 Active Learning Runtime on Test Set: 76555.61
2025-02-10 14:56 | INFO | Query 63 Active Learning Instance Cost: 1634147.66
2025-02-10 14:56 | INFO | Query 64 Size of the uncertainty table is = 2299/7770
2025-02-10 14:56 | INFO | Query 64 Size of the filtered table is = 78
2025-02-10 14:56 | INFO | Training Time Active Learning Classifier: 1.44 seconds
2025-02-10 14:56 | INFO | Training Time Active Learning Regressor: 0.79 seconds
2025-02-10 14:56 | INFO | Query 64 Active Learning Runtime on Validation Set: 223564.82
2025-02-10 14:56 | INFO | Query 64 Active Learning Runtime on Test Set: 40797.97
2025-02-10 14:56 | INFO | Query 64 Active Learning Instance Cost: 1724343.0
2025-02-10 14:56 | INFO | Timeout limit is increased to 3600
2025-02-10 14:56 | INFO | Query 65 Size of the uncertainty table is = 2183/7770
2025-02-10 14:56 | INFO | Query 65 Size of the filtered table is = 78
2025-02-10 14:56 | INFO | Training Time Active Learning Classifier: 1.45 seconds
2025-02-10 14:56 | INFO | Training Time Active Learning Regressor: 0.79 seconds
2025-02-10 14:56 | INFO | Query 65 Active Learning Runtime on Validation Set: 223564.82
2025-02-10 14:56 | INFO | Query 65 Active Learning Runtime on Test Set: 76555.61
2025-02-10 14:56 | INFO | Query 65 Active Learning Instance Cost: 1800106.28
2025-02-10 14:56 | INFO | Timeout limit is increased to 3600
2025-02-10 14:56 | INFO | Query 66 Size of the uncertainty table is = 2101/7770
2025-02-10 14:56 | INFO | Query 66 Size of the filtered table is = 78
2025-02-10 14:56 | INFO | Training Time Active Learning Classifier: 1.46 seconds
2025-02-10 14:56 | INFO | Training Time Active Learning Regressor: 0.79 seconds
2025-02-10 14:56 | INFO | Query 66 Active Learning Runtime on Validation Set: 223564.82
2025-02-10 14:56 | INFO | Query 66 Active Learning Runtime on Test Set: 76555.61
2025-02-10 14:56 | INFO | Query 66 Active Learning Instance Cost: 1915306.28
2025-02-10 14:56 | INFO | Timeout limit is increased to 3600
2025-02-10 14:56 | INFO | Query 67 Size of the uncertainty table is = 1983/7770
2025-02-10 14:56 | INFO | Query 67 Size of the filtered table is = 78
2025-02-10 14:57 | INFO | Training Time Active Learning Classifier: 1.47 seconds
2025-02-10 14:57 | INFO | Training Time Active Learning Regressor: 0.8 seconds
2025-02-10 14:57 | INFO | Query 67 Active Learning Runtime on Validation Set: 223564.82
2025-02-10 14:57 | INFO | Query 67 Active Learning Runtime on Test Set: 40797.97
2025-02-10 14:57 | INFO | Query 67 Active Learning Instance Cost: 2001706.28
2025-02-10 14:57 | INFO | Timeout limit is increased to 3600
2025-02-10 14:57 | INFO | Query 68 Size of the uncertainty table is = 1874/7770
2025-02-10 14:57 | INFO | Query 68 Size of the filtered table is = 78
2025-02-10 14:57 | INFO | Training Time Active Learning Classifier: 1.48 seconds
2025-02-10 14:57 | INFO | Training Time Active Learning Regressor: 0.79 seconds
2025-02-10 14:57 | INFO | Query 68 Active Learning Runtime on Validation Set: 223564.82
2025-02-10 14:57 | INFO | Query 68 Active Learning Runtime on Test Set: 40797.97
2025-02-10 14:57 | INFO | Query 68 Active Learning Instance Cost: 2091706.28
2025-02-10 14:57 | INFO | Timeout limit is increased to 3600
2025-02-10 14:57 | INFO | Query 69 Size of the uncertainty table is = 1771/7770
2025-02-10 14:57 | INFO | Query 69 Size of the filtered table is = 78
2025-02-10 14:57 | INFO | Training Time Active Learning Classifier: 1.49 seconds
2025-02-10 14:57 | INFO | Training Time Active Learning Regressor: 0.8 seconds
2025-02-10 14:57 | INFO | Query 69 Active Learning Runtime on Validation Set: 223564.82
2025-02-10 14:57 | INFO | Query 69 Active Learning Runtime on Test Set: 40797.97
2025-02-10 14:57 | INFO | Query 69 Active Learning Instance Cost: 2185306.28
2025-02-10 14:57 | INFO | Timeout limit is increased to 3600
2025-02-10 14:57 | INFO | Query 70 Size of the uncertainty table is = 1662/7770
2025-02-10 14:57 | INFO | Query 70 Size of the filtered table is = 78
2025-02-10 14:57 | INFO | Training Time Active Learning Classifier: 1.49 seconds
2025-02-10 14:57 | INFO | Training Time Active Learning Regressor: 0.8 seconds
2025-02-10 14:57 | INFO | Query 70 Active Learning Runtime on Validation Set: 223564.82
2025-02-10 14:57 | INFO | Query 70 Active Learning Runtime on Test Set: 40806.93
2025-02-10 14:57 | INFO | Query 70 Active Learning Instance Cost: 2264506.28
2025-02-10 14:57 | INFO | Timeout limit is increased to 3600
2025-02-10 14:57 | INFO | Query 71 Size of the uncertainty table is = 1559/7770
2025-02-10 14:57 | INFO | Query 71 Size of the filtered table is = 78
2025-02-10 14:57 | INFO | Training Time Active Learning Classifier: 1.5 seconds
2025-02-10 14:57 | INFO | Training Time Active Learning Regressor: 0.8 seconds
2025-02-10 14:58 | INFO | Query 71 Active Learning Runtime on Validation Set: 223564.82
2025-02-10 14:58 | INFO | Query 71 Active Learning Runtime on Test Set: 40797.97
2025-02-10 14:58 | INFO | Query 71 Active Learning Instance Cost: 2354506.28
2025-02-10 14:58 | INFO | Timeout limit is increased to 3600
2025-02-10 14:58 | INFO | Query 72 Size of the uncertainty table is = 1458/7770
2025-02-10 14:58 | INFO | Query 72 Size of the filtered table is = 78
2025-02-10 14:58 | INFO | Training Time Active Learning Classifier: 1.51 seconds
2025-02-10 14:58 | INFO | Training Time Active Learning Regressor: 0.81 seconds
2025-02-10 14:58 | INFO | Query 72 Active Learning Runtime on Validation Set: 223564.82
2025-02-10 14:58 | INFO | Query 72 Active Learning Runtime on Test Set: 40797.97
2025-02-10 14:58 | INFO | Query 72 Active Learning Instance Cost: 2437416.75
2025-02-10 14:58 | INFO | Timeout limit is increased to 3600
2025-02-10 14:58 | INFO | Query 73 Size of the uncertainty table is = 1352/7770
2025-02-10 14:58 | INFO | Query 73 Size of the filtered table is = 78
2025-02-10 14:58 | INFO | Training Time Active Learning Classifier: 1.52 seconds
2025-02-10 14:58 | INFO | Training Time Active Learning Regressor: 0.8 seconds
2025-02-10 14:58 | INFO | Query 73 Active Learning Runtime on Validation Set: 223564.82
2025-02-10 14:58 | INFO | Query 73 Active Learning Runtime on Test Set: 40797.97
2025-02-10 14:58 | INFO | Query 73 Active Learning Instance Cost: 2498616.75
2025-02-10 14:58 | INFO | Timeout limit is increased to 3600
2025-02-10 14:58 | INFO | Query 74 Size of the uncertainty table is = 1267/7770
2025-02-10 14:58 | INFO | Query 74 Size of the filtered table is = 78
2025-02-10 14:58 | INFO | Training Time Active Learning Classifier: 1.52 seconds
2025-02-10 14:58 | INFO | Training Time Active Learning Regressor: 0.81 seconds
2025-02-10 14:58 | INFO | Query 74 Active Learning Runtime on Validation Set: 223564.82
2025-02-10 14:58 | INFO | Query 74 Active Learning Runtime on Test Set: 40797.97
2025-02-10 14:58 | INFO | Query 74 Active Learning Instance Cost: 2592216.75
2025-02-10 14:58 | INFO | Timeout limit is increased to 3600
2025-02-10 14:58 | INFO | Query 75 Size of the uncertainty table is = 1144/7770
2025-02-10 14:58 | INFO | Query 75 Size of the filtered table is = 78
2025-02-10 14:58 | INFO | Training Time Active Learning Classifier: 1.53 seconds
2025-02-10 14:58 | INFO | Training Time Active Learning Regressor: 0.81 seconds
2025-02-10 14:58 | INFO | Query 75 Active Learning Runtime on Validation Set: 223564.82
2025-02-10 14:58 | INFO | Query 75 Active Learning Runtime on Test Set: 40797.97
2025-02-10 14:58 | INFO | Query 75 Active Learning Instance Cost: 2678616.75
2025-02-10 14:58 | INFO | Timeout limit is increased to 3600
2025-02-10 14:58 | INFO | Query 76 Size of the uncertainty table is = 1033/7770
2025-02-10 14:58 | INFO | Query 76 Size of the filtered table is = 78
2025-02-10 14:58 | INFO | Training Time Active Learning Classifier: 1.54 seconds
2025-02-10 14:58 | INFO | Training Time Active Learning Regressor: 0.81 seconds
2025-02-10 14:59 | INFO | Query 76 Active Learning Runtime on Validation Set: 223564.82
2025-02-10 14:59 | INFO | Query 76 Active Learning Runtime on Test Set: 40797.97
2025-02-10 14:59 | INFO | Query 76 Active Learning Instance Cost: 2779416.75
2025-02-10 14:59 | INFO | Timeout limit is increased to 3600
2025-02-10 14:59 | INFO | Query 77 Size of the uncertainty table is = 898/7770
2025-02-10 14:59 | INFO | Query 77 Size of the filtered table is = 78
2025-02-10 14:59 | INFO | Training Time Active Learning Classifier: 1.55 seconds
2025-02-10 14:59 | INFO | Training Time Active Learning Regressor: 0.81 seconds
2025-02-10 14:59 | INFO | Query 77 Active Learning Runtime on Validation Set: 223564.82
2025-02-10 14:59 | INFO | Query 77 Active Learning Runtime on Test Set: 40821.770000000004
2025-02-10 14:59 | INFO | Query 77 Active Learning Instance Cost: 2905416.75
2025-02-10 14:59 | INFO | Timeout limit is increased to 3600
2025-02-10 14:59 | INFO | Query 78 Size of the uncertainty table is = 724/7770
2025-02-10 14:59 | INFO | Query 78 Size of the filtered table is = 78
2025-02-10 14:59 | INFO | Training Time Active Learning Classifier: 1.56 seconds
2025-02-10 14:59 | INFO | Training Time Active Learning Regressor: 0.81 seconds
2025-02-10 14:59 | INFO | Query 78 Active Learning Runtime on Validation Set: 223564.82
2025-02-10 14:59 | INFO | Query 78 Active Learning Runtime on Test Set: 40821.770000000004
2025-02-10 14:59 | INFO | Query 78 Active Learning Instance Cost: 3027816.75
2025-02-10 14:59 | INFO | Timeout limit is increased to 3600
2025-02-10 14:59 | INFO | Query 79 Size of the uncertainty table is = 571/7770
2025-02-10 14:59 | INFO | Query 79 Size of the filtered table is = 78
2025-02-10 14:59 | INFO | Training Time Active Learning Classifier: 1.57 seconds
2025-02-10 14:59 | INFO | Training Time Active Learning Regressor: 0.82 seconds
2025-02-10 14:59 | INFO | Query 79 Active Learning Runtime on Validation Set: 223564.82
2025-02-10 14:59 | INFO | Query 79 Active Learning Runtime on Test Set: 40821.770000000004
2025-02-10 14:59 | INFO | Query 79 Active Learning Instance Cost: 3199638.12
2025-02-10 14:59 | INFO | Timeout limit is increased to 3600
2025-02-10 14:59 | INFO | Query 80 Size of the uncertainty table is = 345/7770
2025-02-10 14:59 | INFO | Query 80 Size of the filtered table is = 78
2025-02-10 14:59 | INFO | Training Time Active Learning Classifier: 1.58 seconds
2025-02-10 14:59 | INFO | Training Time Active Learning Regressor: 0.82 seconds
2025-02-10 14:59 | INFO | Query 80 Active Learning Runtime on Validation Set: 223564.82
2025-02-10 14:59 | INFO | Query 80 Active Learning Runtime on Test Set: 40821.770000000004
2025-02-10 14:59 | INFO | Query 80 Active Learning Instance Cost: 3304038.12
2025-02-10 14:59 | INFO | Timeout limit is increased to 3600
2025-02-10 14:59 | INFO | Query 81 Size of the uncertainty table is = 218/7770
2025-02-10 14:59 | INFO | Query 81 Size of the filtered table is = 78
2025-02-10 14:59 | INFO | Training Time Active Learning Classifier: 1.59 seconds
2025-02-10 14:59 | INFO | Training Time Active Learning Regressor: 0.83 seconds
2025-02-10 15:00 | INFO | Query 81 Active Learning Runtime on Validation Set: 223564.82
2025-02-10 15:00 | INFO | Query 81 Active Learning Runtime on Test Set: 40821.79
2025-02-10 15:00 | INFO | Query 81 Active Learning Instance Cost: 3455238.12
2025-02-10 15:00 | INFO | Timeout limit is increased to 3600
2025-02-10 15:00 | INFO | Query 82 Size of the uncertainty table is = 23/7770
2025-02-10 15:00 | INFO | Query 82 Size of the filtered table is = 23
2025-02-10 15:00 | INFO | Training Time Active Learning Classifier: 1.59 seconds
2025-02-10 15:00 | INFO | Training Time Active Learning Regressor: 0.82 seconds
2025-02-10 15:00 | INFO | Query 82 Active Learning Runtime on Validation Set: 223564.82
2025-02-10 15:00 | INFO | Query 82 Active Learning Runtime on Test Set: 40821.79
2025-02-10 15:00 | INFO | Query 82 Active Learning Instance Cost: 3473238.12
2025-02-10 15:00 | INFO | Timeout limit is increased to 3600
2025-02-10 15:00 | INFO | Active Learning Emissions: 0.012643260584209429
2025-02-10 15:00 | INFO | Active Learning Energy Consumption: 0.013756190369388467 kWh
2025-02-10 15:00 | INFO | runtime_test_score is written as json file
2025-02-10 15:00 | INFO | runtime_validation_score is written as json file
2025-02-10 15:00 | INFO | instance_cost is written as json file
2025-02-10 15:00 | INFO | Experiment is finished
