2025-02-10 15:18 | INFO | Paramaters are: {'dataset': 'MAXSAT15-PMS-INDU', 'penalty': 10, 'weight': 'No_Weight', 'voting': 'Hard', 'pre_selection_size': 64, 'pre_selection_technique': 'No_pre_selection', 'feature_elimination_threshold': 20, 'imputer_strategy': 'median', 'feature_selection_technique': 'No_feature_selection', 'feature_scaling_technique': 'StandardScaler', 'priority': {'PredCost': 'min', 'PredDiff': 'max', 'Uncertainty': 'max'}, 'initial_train_size': 20, 'query_size': 1, 'timeout_predictor_usage': 'No', 'timeout_limit': 100, 'timeout_increase_rate': 100, 'penalty_type': 'Only-timeout-penalty', 'RANDOM_STATE_SEED': 12345, 'n_splits': 10, 'split_number': 8, 'max_timeout': 3600, 'param_grid': {'n_estimators': 100, 'max_features': 'sqrt', 'max_depth': 2147483648, 'min_samples_split': 2, 'bootstrap': True}}
2025-02-10 15:18 | INFO | MAXSAT15-PMS-INDU is current dataset
2025-02-10 15:18 | INFO | DATASETS/MAXSAT15-PMS-INDU/algorithm_runs.arff is found
2025-02-10 15:18 | INFO | DATASETS/MAXSAT15-PMS-INDU/algorithm_runs.arff is finished
2025-02-10 15:18 | INFO | DATASETS/MAXSAT15-PMS-INDU/feature_values.arff is found
2025-02-10 15:18 | INFO | DATASETS/MAXSAT15-PMS-INDU/feature_values.arff is finished
2025-02-10 15:18 | INFO | Virtual best solver time in train = 18505.0
2025-02-10 15:18 | INFO | Single best solver list train = {'CCEHC2akms': 13685832.6, 'CCLS2akms': 13757914.55, 'ILP-2015': 6737760.68, 'LMHS-C': 3756773.5, 'LMHS-I': 3285825.38, 'MaxHS': 1951299.96, 'Open-WBO': 1504708.31, 'Open-WBO-L': 2341192.27, 'Open-WBO-R': 1005587.2, 'QMSAT14': 2594173.42, 'QMSAT15UC': 2733754.33, 'WMaxSatz+': 12337921.87, 'WMaxSatz09': 12337961.91, 'WPM3-2015-co': 934733.83, 'ahms-1.55': 13610878.7, 'ahms-1.68': 13538970.66, 'ahms-ls-1.55': 13646034.12, 'ahms-ls-1.68': 13538615.31, 'maxino-k16': 1110083.26, 'maxino-kdyn': 1214035.95, 'msUZK-nopp': 7508765.67, 'msUZK-pp': 7539892.27, 'mscg2015a': 1356005.33, 'mscg2015b': 1323764.08, 'optiriss-def': 1864705.94, 'optiriss-sel': 4454966.29, 'ratselfax-cnf': 11498097.86, 'toysat': 9841183.44, 'toysat_ls': 11245344.65}
2025-02-10 15:18 | INFO | Single best solver time train = WPM3-2015-co (934733.83)
2025-02-10 15:18 | INFO | Virtual best solver time in validation = 5080.14
2025-02-10 15:18 | INFO | Single best solver list validation = {'CCEHC2akms': 3420379.37, 'CCLS2akms': 3564406.52, 'ILP-2015': 2306437.96, 'LMHS-C': 555108.59, 'LMHS-I': 412534.04, 'MaxHS': 404532.54, 'Open-WBO': 122710.67, 'Open-WBO-L': 81327.03, 'Open-WBO-R': 81192.1, 'QMSAT14': 46962.61, 'QMSAT15UC': 123076.52, 'WMaxSatz+': 3386059.39, 'WMaxSatz09': 3385949.4, 'WPM3-2015-co': 77721.29, 'ahms-1.55': 3492010.03, 'ahms-1.68': 3456007.87, 'ahms-ls-1.55': 3492012.57, 'ahms-ls-1.68': 3456010.16, 'maxino-k16': 43695.72, 'maxino-kdyn': 43556.48, 'msUZK-nopp': 1559647.27, 'msUZK-pp': 1840530.83, 'mscg2015a': 80144.29, 'mscg2015b': 78971.6, 'optiriss-def': 228022.97, 'optiriss-sel': 2234531.59, 'ratselfax-cnf': 2492401.1, 'toysat': 2526714.8, 'toysat_ls': 2853879.6}
2025-02-10 15:18 | INFO | Single best solver time validation = maxino-kdyn (43556.48)
2025-02-10 15:18 | INFO | Virtual best solver time in test = 540.62
2025-02-10 15:18 | INFO | Single best solver list test = {'CCEHC2akms': 1765041.74, 'CCLS2akms': 1836247.77, 'ILP-2015': 868953.18, 'LMHS-C': 332334.13, 'LMHS-I': 295471.77, 'MaxHS': 148686.96, 'Open-WBO': 76012.99, 'Open-WBO-L': 150452.27, 'Open-WBO-R': 77227.32, 'QMSAT14': 148854.46, 'QMSAT15UC': 149659.89, 'WMaxSatz+': 1731231.94, 'WMaxSatz09': 1731204.7, 'WPM3-2015-co': 40404.07, 'ahms-1.55': 1765330.21, 'ahms-1.68': 1765614.74, 'ahms-ls-1.55': 1765356.59, 'ahms-ls-1.68': 1765530.72, 'maxino-k16': 110443.1, 'maxino-kdyn': 40994.98, 'msUZK-nopp': 1121938.02, 'msUZK-pp': 1122004.5, 'mscg2015a': 109272.74, 'mscg2015b': 73677.36, 'optiriss-def': 75493.83, 'optiriss-sel': 758237.46, 'ratselfax-cnf': 1590725.72, 'toysat': 1229311.38, 'toysat_ls': 1446159.93}
2025-02-10 15:18 | INFO | Single best solver time test = WPM3-2015-co (40404.07)
2025-02-10 15:18 | INFO | Training Time Passive Learning Classifier: 31.53 seconds
2025-02-10 15:18 | INFO | Training Time Passive Learning Regressor: 3.03 seconds
2025-02-10 15:21 | INFO | Passive Learning Classifier Runtime on Validation Set: 85484.55
2025-02-10 15:21 | INFO | Passive Learning Classifier Runtime on Test Set: 39717.64
2025-02-10 15:21 | INFO | Passive Learning Instance Cost: 20018383.35
2025-02-10 15:21 | INFO | Passive Learning Emissions: 0.0023528648330489368
2025-02-10 15:21 | INFO | Passive Learning Energy Consumption: 0.0025599770202699205 kWh
2025-02-10 15:22 | INFO | Training Time Active Learning Classifier: 22.27 seconds
2025-02-10 15:22 | INFO | Training Time Active Learning Regressor: 1.34 seconds
2025-02-10 15:24 | INFO | Initial Active Learning Runtime on Validation Set: 120727.81
2025-02-10 15:24 | INFO | Initial Active Learning Runtime on Test Set: 75814.94
2025-02-10 15:24 | INFO | Initial Active Learning Instance Cost: 35759.99
2025-02-10 15:24 | INFO | Bin size = 1547
2025-02-10 15:25 | INFO | Query 1 Size of the uncertainty table is = 156878/154686
2025-02-10 15:25 | INFO | Query 1 Size of the filtered table is = 1547
2025-02-10 15:26 | INFO | Training Time Active Learning Classifier: 21.36 seconds
2025-02-10 15:26 | INFO | Training Time Active Learning Regressor: 1.43 seconds
2025-02-10 15:28 | INFO | Query 1 Active Learning Runtime on Validation Set: 119094.5
2025-02-10 15:28 | INFO | Query 1 Active Learning Runtime on Test Set: 75620.73
2025-02-10 15:28 | INFO | Query 1 Active Learning Instance Cost: 41244.14
2025-02-10 15:30 | INFO | Query 2 Size of the uncertainty table is = 154556/154686
2025-02-10 15:30 | INFO | Query 2 Size of the filtered table is = 1547
2025-02-10 15:30 | INFO | Training Time Active Learning Classifier: 21.43 seconds
2025-02-10 15:30 | INFO | Training Time Active Learning Regressor: 1.5 seconds
2025-02-10 15:33 | INFO | Query 2 Active Learning Runtime on Validation Set: 117539.88
2025-02-10 15:33 | INFO | Query 2 Active Learning Runtime on Test Set: 75290.35
2025-02-10 15:33 | INFO | Query 2 Active Learning Instance Cost: 51388.04
2025-02-10 15:34 | INFO | Query 3 Size of the uncertainty table is = 152860/154686
2025-02-10 15:34 | INFO | Query 3 Size of the filtered table is = 1547
2025-02-10 15:35 | INFO | Training Time Active Learning Classifier: 21.65 seconds
2025-02-10 15:35 | INFO | Training Time Active Learning Regressor: 1.59 seconds
2025-02-10 15:37 | INFO | Query 3 Active Learning Runtime on Validation Set: 117671.52
2025-02-10 15:37 | INFO | Query 3 Active Learning Runtime on Test Set: 75297.02
2025-02-10 15:37 | INFO | Query 3 Active Learning Instance Cost: 60919.87
2025-02-10 15:37 | INFO | Timeout limit is increased to 200
2025-02-10 15:39 | INFO | Query 4 Size of the uncertainty table is = 150712/154686
2025-02-10 15:39 | INFO | Query 4 Size of the filtered table is = 1547
2025-02-10 15:39 | INFO | Training Time Active Learning Classifier: 22.09 seconds
2025-02-10 15:39 | INFO | Training Time Active Learning Regressor: 1.66 seconds
2025-02-10 15:42 | INFO | Query 4 Active Learning Runtime on Validation Set: 78805.99
2025-02-10 15:42 | INFO | Query 4 Active Learning Runtime on Test Set: 111209.71
2025-02-10 15:42 | INFO | Query 4 Active Learning Instance Cost: 70634.01
2025-02-10 15:44 | INFO | Query 5 Size of the uncertainty table is = 148834/154686
2025-02-10 15:44 | INFO | Query 5 Size of the filtered table is = 1547
2025-02-10 15:44 | INFO | Training Time Active Learning Classifier: 22.14 seconds
2025-02-10 15:44 | INFO | Training Time Active Learning Regressor: 1.71 seconds
2025-02-10 15:47 | INFO | Query 5 Active Learning Runtime on Validation Set: 85359.05
2025-02-10 15:47 | INFO | Query 5 Active Learning Runtime on Test Set: 75872.73
2025-02-10 15:47 | INFO | Query 5 Active Learning Instance Cost: 77142.01
2025-02-10 15:47 | INFO | Timeout limit is increased to 300
2025-02-10 15:48 | INFO | Query 6 Size of the uncertainty table is = 147068/154686
2025-02-10 15:48 | INFO | Query 6 Size of the filtered table is = 1547
2025-02-10 15:49 | INFO | Training Time Active Learning Classifier: 22.55 seconds
2025-02-10 15:49 | INFO | Training Time Active Learning Regressor: 1.78 seconds
2025-02-10 15:52 | INFO | Query 6 Active Learning Runtime on Validation Set: 83543.01
2025-02-10 15:52 | INFO | Query 6 Active Learning Runtime on Test Set: 40968.38
2025-02-10 15:52 | INFO | Query 6 Active Learning Instance Cost: 84958.8
2025-02-10 15:53 | INFO | Query 7 Size of the uncertainty table is = 145349/154686
2025-02-10 15:53 | INFO | Query 7 Size of the filtered table is = 1547
2025-02-10 15:54 | INFO | Training Time Active Learning Classifier: 22.56 seconds
2025-02-10 15:54 | INFO | Training Time Active Learning Regressor: 1.82 seconds
2025-02-10 15:57 | INFO | Query 7 Active Learning Runtime on Validation Set: 43939.85
2025-02-10 15:57 | INFO | Query 7 Active Learning Runtime on Test Set: 75137.3
2025-02-10 15:57 | INFO | Query 7 Active Learning Instance Cost: 100128.34
2025-02-10 15:58 | INFO | Query 8 Size of the uncertainty table is = 143613/154686
2025-02-10 15:58 | INFO | Query 8 Size of the filtered table is = 1547
2025-02-10 15:59 | INFO | Training Time Active Learning Classifier: 22.77 seconds
2025-02-10 15:59 | INFO | Training Time Active Learning Regressor: 1.88 seconds
2025-02-10 16:02 | INFO | Query 8 Active Learning Runtime on Validation Set: 84854.11
2025-02-10 16:02 | INFO | Query 8 Active Learning Runtime on Test Set: 40540.15
2025-02-10 16:02 | INFO | Query 8 Active Learning Instance Cost: 114533.91
2025-02-10 16:02 | INFO | Timeout limit is increased to 400
2025-02-10 16:03 | INFO | Query 9 Size of the uncertainty table is = 141804/154686
2025-02-10 16:03 | INFO | Query 9 Size of the filtered table is = 1547
2025-02-10 16:04 | INFO | Training Time Active Learning Classifier: 23.29 seconds
2025-02-10 16:04 | INFO | Training Time Active Learning Regressor: 1.99 seconds
2025-02-10 16:07 | INFO | Query 9 Active Learning Runtime on Validation Set: 43655.19
2025-02-10 16:07 | INFO | Query 9 Active Learning Runtime on Test Set: 75053.7
2025-02-10 16:07 | INFO | Query 9 Active Learning Instance Cost: 145349.63
2025-02-10 16:09 | INFO | Query 10 Size of the uncertainty table is = 139692/154686
2025-02-10 16:09 | INFO | Query 10 Size of the filtered table is = 1547
2025-02-10 16:09 | INFO | Training Time Active Learning Classifier: 23.49 seconds
2025-02-10 16:09 | INFO | Training Time Active Learning Regressor: 2.03 seconds
2025-02-10 16:12 | INFO | Query 10 Active Learning Runtime on Validation Set: 42641.68
2025-02-10 16:12 | INFO | Query 10 Active Learning Runtime on Test Set: 74967.82
2025-02-10 16:12 | INFO | Query 10 Active Learning Instance Cost: 166080.23
2025-02-10 16:14 | INFO | Query 11 Size of the uncertainty table is = 137898/154686
2025-02-10 16:14 | INFO | Query 11 Size of the filtered table is = 1547
2025-02-10 16:14 | INFO | Training Time Active Learning Classifier: 23.5 seconds
2025-02-10 16:14 | INFO | Training Time Active Learning Regressor: 2.33 seconds
2025-02-10 16:17 | INFO | Query 11 Active Learning Runtime on Validation Set: 44501.21
2025-02-10 16:17 | INFO | Query 11 Active Learning Runtime on Test Set: 1718.03
2025-02-10 16:17 | INFO | Query 11 Active Learning Instance Cost: 190717.78
2025-02-10 16:17 | INFO | Timeout limit is increased to 500
2025-02-10 16:19 | INFO | Query 12 Size of the uncertainty table is = 136302/154686
2025-02-10 16:19 | INFO | Query 12 Size of the filtered table is = 1547
2025-02-10 16:20 | INFO | Training Time Active Learning Classifier: 23.75 seconds
2025-02-10 16:20 | INFO | Training Time Active Learning Regressor: 2.18 seconds
2025-02-10 16:23 | INFO | Query 12 Active Learning Runtime on Validation Set: 84919.4
2025-02-10 16:23 | INFO | Query 12 Active Learning Runtime on Test Set: 37768.35
2025-02-10 16:23 | INFO | Query 12 Active Learning Instance Cost: 222062.48
2025-02-10 16:23 | INFO | Timeout limit is increased to 600
2025-02-10 16:25 | INFO | Query 13 Size of the uncertainty table is = 134512/154686
2025-02-10 16:25 | INFO | Query 13 Size of the filtered table is = 1547
2025-02-10 16:25 | INFO | Training Time Active Learning Classifier: 24.06 seconds
2025-02-10 16:25 | INFO | Training Time Active Learning Regressor: 2.25 seconds
2025-02-10 16:28 | INFO | Query 13 Active Learning Runtime on Validation Set: 85382.99
2025-02-10 16:28 | INFO | Query 13 Active Learning Runtime on Test Set: 1773.92
2025-02-10 16:28 | INFO | Query 13 Active Learning Instance Cost: 269683.51
2025-02-10 16:28 | INFO | Timeout limit is increased to 700
2025-02-10 16:30 | INFO | Query 14 Size of the uncertainty table is = 132686/154686
2025-02-10 16:30 | INFO | Query 14 Size of the filtered table is = 1547
2025-02-10 16:31 | INFO | Training Time Active Learning Classifier: 24.31 seconds
2025-02-10 16:31 | INFO | Training Time Active Learning Regressor: 2.3 seconds
2025-02-10 16:34 | INFO | Query 14 Active Learning Runtime on Validation Set: 85384.59
2025-02-10 16:34 | INFO | Query 14 Active Learning Runtime on Test Set: 38996.08
2025-02-10 16:34 | INFO | Query 14 Active Learning Instance Cost: 323080.77
2025-02-10 16:34 | INFO | Timeout limit is increased to 800
2025-02-10 16:36 | INFO | Query 15 Size of the uncertainty table is = 130964/154686
2025-02-10 16:36 | INFO | Query 15 Size of the filtered table is = 1547
2025-02-10 16:36 | INFO | Training Time Active Learning Classifier: 24.59 seconds
2025-02-10 16:36 | INFO | Training Time Active Learning Regressor: 2.38 seconds
2025-02-10 16:39 | INFO | Query 15 Active Learning Runtime on Validation Set: 84932.14
2025-02-10 16:39 | INFO | Query 15 Active Learning Runtime on Test Set: 38436.25
2025-02-10 16:39 | INFO | Query 15 Active Learning Instance Cost: 396582.06
2025-02-10 16:41 | INFO | Query 16 Size of the uncertainty table is = 129118/154686
2025-02-10 16:41 | INFO | Query 16 Size of the filtered table is = 1547
2025-02-10 16:42 | INFO | Training Time Active Learning Classifier: 24.75 seconds
2025-02-10 16:42 | INFO | Training Time Active Learning Regressor: 2.43 seconds
2025-02-10 16:45 | INFO | Query 16 Active Learning Runtime on Validation Set: 118916.01
2025-02-10 16:45 | INFO | Query 16 Active Learning Runtime on Test Set: 1093.14
2025-02-10 16:45 | INFO | Query 16 Active Learning Instance Cost: 459815.51
2025-02-10 16:45 | INFO | Timeout limit is increased to 900
2025-02-10 16:47 | INFO | Query 17 Size of the uncertainty table is = 127295/154686
2025-02-10 16:47 | INFO | Query 17 Size of the filtered table is = 1547
2025-02-10 16:48 | INFO | Training Time Active Learning Classifier: 25.16 seconds
2025-02-10 16:48 | INFO | Training Time Active Learning Regressor: 2.45 seconds
2025-02-10 16:50 | INFO | Query 17 Active Learning Runtime on Validation Set: 120678.78
2025-02-10 16:50 | INFO | Query 17 Active Learning Runtime on Test Set: 1603.96
2025-02-10 16:50 | INFO | Query 17 Active Learning Instance Cost: 503213.03
2025-02-10 16:50 | INFO | Timeout limit is increased to 1000
2025-02-10 16:53 | INFO | Query 18 Size of the uncertainty table is = 125688/154686
2025-02-10 16:53 | INFO | Query 18 Size of the filtered table is = 1547
2025-02-10 16:53 | INFO | Training Time Active Learning Classifier: 25.14 seconds
2025-02-10 16:53 | INFO | Training Time Active Learning Regressor: 2.49 seconds
2025-02-10 16:56 | INFO | Query 18 Active Learning Runtime on Validation Set: 120676.52
2025-02-10 16:56 | INFO | Query 18 Active Learning Runtime on Test Set: 1597.58
2025-02-10 16:56 | INFO | Query 18 Active Learning Instance Cost: 582422.18
2025-02-10 16:58 | INFO | Query 19 Size of the uncertainty table is = 123898/154686
2025-02-10 16:58 | INFO | Query 19 Size of the filtered table is = 1547
2025-02-10 16:59 | INFO | Training Time Active Learning Classifier: 25.36 seconds
2025-02-10 16:59 | INFO | Training Time Active Learning Regressor: 2.81 seconds
2025-02-10 17:02 | INFO | Query 19 Active Learning Runtime on Validation Set: 82813.2
2025-02-10 17:02 | INFO | Query 19 Active Learning Runtime on Test Set: 1552.88
2025-02-10 17:02 | INFO | Query 19 Active Learning Instance Cost: 659436.12
2025-02-10 17:04 | INFO | Query 20 Size of the uncertainty table is = 122138/154686
2025-02-10 17:04 | INFO | Query 20 Size of the filtered table is = 1547
2025-02-10 17:05 | INFO | Training Time Active Learning Classifier: 25.82 seconds
2025-02-10 17:05 | INFO | Training Time Active Learning Regressor: 2.55 seconds
2025-02-10 17:08 | INFO | Query 20 Active Learning Runtime on Validation Set: 121167.96
2025-02-10 17:08 | INFO | Query 20 Active Learning Runtime on Test Set: 1589.7
2025-02-10 17:08 | INFO | Query 20 Active Learning Instance Cost: 736034.63
2025-02-10 17:08 | INFO | Timeout limit is increased to 1100
2025-02-10 17:10 | INFO | Query 21 Size of the uncertainty table is = 120413/154686
2025-02-10 17:10 | INFO | Query 21 Size of the filtered table is = 1547
2025-02-10 17:11 | INFO | Training Time Active Learning Classifier: 25.8 seconds
2025-02-10 17:11 | INFO | Training Time Active Learning Regressor: 2.58 seconds
2025-02-10 17:13 | INFO | Query 21 Active Learning Runtime on Validation Set: 120756.9
2025-02-10 17:13 | INFO | Query 21 Active Learning Runtime on Test Set: 1591.26
2025-02-10 17:13 | INFO | Query 21 Active Learning Instance Cost: 813055.7
2025-02-10 17:16 | INFO | Query 22 Size of the uncertainty table is = 118761/154686
2025-02-10 17:16 | INFO | Query 22 Size of the filtered table is = 1547
2025-02-10 17:16 | INFO | Training Time Active Learning Classifier: 26.23 seconds
2025-02-10 17:16 | INFO | Training Time Active Learning Regressor: 2.61 seconds
2025-02-10 17:19 | INFO | Query 22 Active Learning Runtime on Validation Set: 84943.64
2025-02-10 17:19 | INFO | Query 22 Active Learning Runtime on Test Set: 1587.88
2025-02-10 17:19 | INFO | Query 22 Active Learning Instance Cost: 893149.68
2025-02-10 17:22 | INFO | Query 23 Size of the uncertainty table is = 117128/154686
2025-02-10 17:22 | INFO | Query 23 Size of the filtered table is = 1547
2025-02-10 17:22 | INFO | Training Time Active Learning Classifier: 26.2 seconds
2025-02-10 17:22 | INFO | Training Time Active Learning Regressor: 2.63 seconds
2025-02-10 17:25 | INFO | Query 23 Active Learning Runtime on Validation Set: 83137.75
2025-02-10 17:25 | INFO | Query 23 Active Learning Runtime on Test Set: 1077.42
2025-02-10 17:25 | INFO | Query 23 Active Learning Instance Cost: 990875.99
2025-02-10 17:27 | INFO | Query 24 Size of the uncertainty table is = 115425/154686
2025-02-10 17:27 | INFO | Query 24 Size of the filtered table is = 1547
2025-02-10 17:28 | INFO | Training Time Active Learning Classifier: 26.37 seconds
2025-02-10 17:28 | INFO | Training Time Active Learning Regressor: 2.92 seconds
2025-02-10 17:31 | INFO | Query 24 Active Learning Runtime on Validation Set: 83612.73
2025-02-10 17:31 | INFO | Query 24 Active Learning Runtime on Test Set: 2312.42
2025-02-10 17:31 | INFO | Query 24 Active Learning Instance Cost: 1080293.86
2025-02-10 17:31 | INFO | Timeout limit is increased to 1200
2025-02-10 17:33 | INFO | Query 25 Size of the uncertainty table is = 113731/154686
2025-02-10 17:33 | INFO | Query 25 Size of the filtered table is = 1547
2025-02-10 17:34 | INFO | Training Time Active Learning Classifier: 26.86 seconds
2025-02-10 17:34 | INFO | Training Time Active Learning Regressor: 2.66 seconds
2025-02-10 17:37 | INFO | Query 25 Active Learning Runtime on Validation Set: 83634.58
2025-02-10 17:37 | INFO | Query 25 Active Learning Runtime on Test Set: 39146.48
2025-02-10 17:37 | INFO | Query 25 Active Learning Instance Cost: 1177298.39
2025-02-10 17:37 | INFO | Timeout limit is increased to 1300
2025-02-10 17:39 | INFO | Query 26 Size of the uncertainty table is = 111932/154686
2025-02-10 17:39 | INFO | Query 26 Size of the filtered table is = 1547
2025-02-10 17:40 | INFO | Training Time Active Learning Classifier: 26.81 seconds
2025-02-10 17:40 | INFO | Training Time Active Learning Regressor: 2.71 seconds
2025-02-10 17:42 | INFO | Query 26 Active Learning Runtime on Validation Set: 83638.63
2025-02-10 17:42 | INFO | Query 26 Active Learning Runtime on Test Set: 3146.16
2025-02-10 17:42 | INFO | Query 26 Active Learning Instance Cost: 1285515.12
2025-02-10 17:42 | INFO | Timeout limit is increased to 1400
2025-02-10 17:45 | INFO | Query 27 Size of the uncertainty table is = 110196/154686
2025-02-10 17:45 | INFO | Query 27 Size of the filtered table is = 1547
2025-02-10 17:45 | INFO | Training Time Active Learning Classifier: 27.21 seconds
2025-02-10 17:45 | INFO | Training Time Active Learning Regressor: 2.7 seconds
2025-02-10 17:48 | INFO | Query 27 Active Learning Runtime on Validation Set: 85952.44
2025-02-10 17:48 | INFO | Query 27 Active Learning Runtime on Test Set: 3667.12
2025-02-10 17:48 | INFO | Query 27 Active Learning Instance Cost: 1402945.56
2025-02-10 17:48 | INFO | Timeout limit is increased to 1500
2025-02-10 17:51 | INFO | Query 28 Size of the uncertainty table is = 108535/154686
2025-02-10 17:51 | INFO | Query 28 Size of the filtered table is = 1547
2025-02-10 17:51 | INFO | Training Time Active Learning Classifier: 27.3 seconds
2025-02-10 17:51 | INFO | Training Time Active Learning Regressor: 2.72 seconds
2025-02-10 17:54 | INFO | Query 28 Active Learning Runtime on Validation Set: 85947.17
2025-02-10 17:54 | INFO | Query 28 Active Learning Runtime on Test Set: 3651.52
2025-02-10 17:54 | INFO | Query 28 Active Learning Instance Cost: 1534576.9
2025-02-10 17:56 | INFO | Query 29 Size of the uncertainty table is = 106789/154686
2025-02-10 17:56 | INFO | Query 29 Size of the filtered table is = 1547
2025-02-10 17:57 | INFO | Training Time Active Learning Classifier: 27.2 seconds
2025-02-10 17:57 | INFO | Training Time Active Learning Regressor: 2.74 seconds
2025-02-10 18:00 | INFO | Query 29 Active Learning Runtime on Validation Set: 85392.23
2025-02-10 18:00 | INFO | Query 29 Active Learning Runtime on Test Set: 1587.82
2025-02-10 18:00 | INFO | Query 29 Active Learning Instance Cost: 1680628.47
2025-02-10 18:02 | INFO | Query 30 Size of the uncertainty table is = 105043/154686
2025-02-10 18:02 | INFO | Query 30 Size of the filtered table is = 1547
2025-02-10 18:03 | INFO | Training Time Active Learning Classifier: 27.64 seconds
2025-02-10 18:03 | INFO | Training Time Active Learning Regressor: 2.77 seconds
2025-02-10 18:06 | INFO | Query 30 Active Learning Runtime on Validation Set: 85390.11
2025-02-10 18:06 | INFO | Query 30 Active Learning Runtime on Test Set: 1587.9
2025-02-10 18:06 | INFO | Query 30 Active Learning Instance Cost: 1828881.58
2025-02-10 18:08 | INFO | Query 31 Size of the uncertainty table is = 103376/154686
2025-02-10 18:08 | INFO | Query 31 Size of the filtered table is = 1547
2025-02-10 18:09 | INFO | Training Time Active Learning Classifier: 27.81 seconds
2025-02-10 18:09 | INFO | Training Time Active Learning Regressor: 2.78 seconds
2025-02-10 18:11 | INFO | Query 31 Active Learning Runtime on Validation Set: 85482.07
2025-02-10 18:11 | INFO | Query 31 Active Learning Runtime on Test Set: 1596.94
2025-02-10 18:11 | INFO | Query 31 Active Learning Instance Cost: 1959225.94
2025-02-10 18:11 | INFO | Timeout limit is increased to 1600
2025-02-10 18:14 | INFO | Query 32 Size of the uncertainty table is = 101737/154686
2025-02-10 18:14 | INFO | Query 32 Size of the filtered table is = 1547
2025-02-10 18:14 | INFO | Training Time Active Learning Classifier: 27.68 seconds
2025-02-10 18:14 | INFO | Training Time Active Learning Regressor: 2.81 seconds
2025-02-10 18:17 | INFO | Query 32 Active Learning Runtime on Validation Set: 85482.07
2025-02-10 18:17 | INFO | Query 32 Active Learning Runtime on Test Set: 1596.94
2025-02-10 18:17 | INFO | Query 32 Active Learning Instance Cost: 2058018.29
2025-02-10 18:17 | INFO | Timeout limit is increased to 1700
2025-02-10 18:20 | INFO | Query 33 Size of the uncertainty table is = 100106/154686
2025-02-10 18:20 | INFO | Query 33 Size of the filtered table is = 1547
2025-02-10 18:20 | INFO | Training Time Active Learning Classifier: 28.16 seconds
2025-02-10 18:20 | INFO | Training Time Active Learning Regressor: 2.81 seconds
2025-02-10 18:23 | INFO | Query 33 Active Learning Runtime on Validation Set: 85362.19
2025-02-10 18:23 | INFO | Query 33 Active Learning Runtime on Test Set: 1596.94
2025-02-10 18:23 | INFO | Query 33 Active Learning Instance Cost: 2243922.44
2025-02-10 18:25 | INFO | Query 34 Size of the uncertainty table is = 98406/154686
2025-02-10 18:25 | INFO | Query 34 Size of the filtered table is = 1547
2025-02-10 18:26 | INFO | Training Time Active Learning Classifier: 27.97 seconds
2025-02-10 18:26 | INFO | Training Time Active Learning Regressor: 2.84 seconds
2025-02-10 18:29 | INFO | Query 34 Active Learning Runtime on Validation Set: 85370.88
2025-02-10 18:29 | INFO | Query 34 Active Learning Runtime on Test Set: 1483.43
2025-02-10 18:29 | INFO | Query 34 Active Learning Instance Cost: 2371062.9
2025-02-10 18:29 | INFO | Timeout limit is increased to 1800
2025-02-10 18:31 | INFO | Query 35 Size of the uncertainty table is = 96767/154686
2025-02-10 18:31 | INFO | Query 35 Size of the filtered table is = 1547
2025-02-10 18:32 | INFO | Training Time Active Learning Classifier: 28.41 seconds
2025-02-10 18:32 | INFO | Training Time Active Learning Regressor: 2.84 seconds
2025-02-10 18:35 | INFO | Query 35 Active Learning Runtime on Validation Set: 85482.21
2025-02-10 18:35 | INFO | Query 35 Active Learning Runtime on Test Set: 1495.22
2025-02-10 18:35 | INFO | Query 35 Active Learning Instance Cost: 2565264.29
2025-02-10 18:35 | INFO | Timeout limit is increased to 1900
2025-02-10 18:37 | INFO | Query 36 Size of the uncertainty table is = 95084/154686
2025-02-10 18:37 | INFO | Query 36 Size of the filtered table is = 1547
2025-02-10 18:38 | INFO | Training Time Active Learning Classifier: 28.26 seconds
2025-02-10 18:38 | INFO | Training Time Active Learning Regressor: 2.85 seconds
2025-02-10 18:40 | INFO | Query 36 Active Learning Runtime on Validation Set: 85955.35
2025-02-10 18:40 | INFO | Query 36 Active Learning Runtime on Test Set: 2898.83
2025-02-10 18:40 | INFO | Query 36 Active Learning Instance Cost: 2778154.36
2025-02-10 18:40 | INFO | Timeout limit is increased to 2000
2025-02-10 18:43 | INFO | Query 37 Size of the uncertainty table is = 93396/154686
2025-02-10 18:43 | INFO | Query 37 Size of the filtered table is = 1547
2025-02-10 18:43 | INFO | Training Time Active Learning Classifier: 28.38 seconds
2025-02-10 18:43 | INFO | Training Time Active Learning Regressor: 2.86 seconds
2025-02-10 18:46 | INFO | Query 37 Active Learning Runtime on Validation Set: 120798.84
2025-02-10 18:46 | INFO | Query 37 Active Learning Runtime on Test Set: 2903.23
2025-02-10 18:46 | INFO | Query 37 Active Learning Instance Cost: 2973821.56
2025-02-10 18:46 | INFO | Timeout limit is increased to 2100
2025-02-10 18:49 | INFO | Query 38 Size of the uncertainty table is = 91769/154686
2025-02-10 18:49 | INFO | Query 38 Size of the filtered table is = 1547
2025-02-10 18:49 | INFO | Training Time Active Learning Classifier: 28.74 seconds
2025-02-10 18:49 | INFO | Training Time Active Learning Regressor: 2.88 seconds
2025-02-10 18:52 | INFO | Query 38 Active Learning Runtime on Validation Set: 85934.82
2025-02-10 18:52 | INFO | Query 38 Active Learning Runtime on Test Set: 2903.13
2025-02-10 18:52 | INFO | Query 38 Active Learning Instance Cost: 3209838.16
2025-02-10 18:54 | INFO | Query 39 Size of the uncertainty table is = 90176/154686
2025-02-10 18:54 | INFO | Query 39 Size of the filtered table is = 1547
2025-02-10 18:55 | INFO | Training Time Active Learning Classifier: 28.94 seconds
2025-02-10 18:55 | INFO | Training Time Active Learning Regressor: 2.88 seconds
2025-02-10 18:58 | INFO | Query 39 Active Learning Runtime on Validation Set: 85831.11
2025-02-10 18:58 | INFO | Query 39 Active Learning Runtime on Test Set: 2900.39
2025-02-10 18:58 | INFO | Query 39 Active Learning Instance Cost: 3421825.5
2025-02-10 19:00 | INFO | Query 40 Size of the uncertainty table is = 88553/154686
2025-02-10 19:00 | INFO | Query 40 Size of the filtered table is = 1547
2025-02-10 19:01 | INFO | Training Time Active Learning Classifier: 29.07 seconds
2025-02-10 19:01 | INFO | Training Time Active Learning Regressor: 2.89 seconds
2025-02-10 19:03 | INFO | Query 40 Active Learning Runtime on Validation Set: 85924.77
2025-02-10 19:03 | INFO | Query 40 Active Learning Runtime on Test Set: 2891.68
2025-02-10 19:03 | INFO | Query 40 Active Learning Instance Cost: 3631684.93
2025-02-10 19:03 | INFO | Timeout limit is increased to 2200
2025-02-10 19:06 | INFO | Query 41 Size of the uncertainty table is = 86973/154686
2025-02-10 19:06 | INFO | Query 41 Size of the filtered table is = 1547
2025-02-10 19:06 | INFO | Training Time Active Learning Classifier: 28.87 seconds
2025-02-10 19:06 | INFO | Training Time Active Learning Regressor: 2.9 seconds
2025-02-10 19:09 | INFO | Query 41 Active Learning Runtime on Validation Set: 85843.9
2025-02-10 19:09 | INFO | Query 41 Active Learning Runtime on Test Set: 2895.55
2025-02-10 19:09 | INFO | Query 41 Active Learning Instance Cost: 3856943.77
2025-02-10 19:11 | INFO | Query 42 Size of the uncertainty table is = 85415/154686
2025-02-10 19:11 | INFO | Query 42 Size of the filtered table is = 1547
2025-02-10 19:12 | INFO | Training Time Active Learning Classifier: 28.99 seconds
2025-02-10 19:12 | INFO | Training Time Active Learning Regressor: 2.9 seconds
2025-02-10 19:15 | INFO | Query 42 Active Learning Runtime on Validation Set: 85930.64
2025-02-10 19:15 | INFO | Query 42 Active Learning Runtime on Test Set: 2895.56
2025-02-10 19:15 | INFO | Query 42 Active Learning Instance Cost: 4087440.17
2025-02-10 19:15 | INFO | Timeout limit is increased to 2300
2025-02-10 19:17 | INFO | Query 43 Size of the uncertainty table is = 83856/154686
2025-02-10 19:17 | INFO | Query 43 Size of the filtered table is = 1547
2025-02-10 19:18 | INFO | Training Time Active Learning Classifier: 29.34 seconds
2025-02-10 19:18 | INFO | Training Time Active Learning Regressor: 2.91 seconds
2025-02-10 19:21 | INFO | Query 43 Active Learning Runtime on Validation Set: 85930.65
2025-02-10 19:21 | INFO | Query 43 Active Learning Runtime on Test Set: 2895.56
2025-02-10 19:21 | INFO | Query 43 Active Learning Instance Cost: 4329075.68
2025-02-10 19:21 | INFO | Timeout limit is increased to 2400
2025-02-10 19:23 | INFO | Query 44 Size of the uncertainty table is = 82304/154686
2025-02-10 19:23 | INFO | Query 44 Size of the filtered table is = 1547
2025-02-10 19:23 | INFO | Training Time Active Learning Classifier: 29.46 seconds
2025-02-10 19:24 | INFO | Training Time Active Learning Regressor: 2.93 seconds
2025-02-10 19:26 | INFO | Query 44 Active Learning Runtime on Validation Set: 85406.1
2025-02-10 19:26 | INFO | Query 44 Active Learning Runtime on Test Set: 2879.7
2025-02-10 19:26 | INFO | Query 44 Active Learning Instance Cost: 4598989.44
2025-02-10 19:29 | INFO | Query 45 Size of the uncertainty table is = 80724/154686
2025-02-10 19:29 | INFO | Query 45 Size of the filtered table is = 1547
2025-02-10 19:29 | INFO | Training Time Active Learning Classifier: 29.55 seconds
2025-02-10 19:29 | INFO | Training Time Active Learning Regressor: 2.93 seconds
2025-02-10 19:32 | INFO | Query 45 Active Learning Runtime on Validation Set: 85406.25
2025-02-10 19:32 | INFO | Query 45 Active Learning Runtime on Test Set: 2877.93
2025-02-10 19:32 | INFO | Query 45 Active Learning Instance Cost: 4859446.02
2025-02-10 19:32 | INFO | Timeout limit is increased to 2500
2025-02-10 19:34 | INFO | Query 46 Size of the uncertainty table is = 79001/154686
2025-02-10 19:34 | INFO | Query 46 Size of the filtered table is = 1547
2025-02-10 19:35 | INFO | Training Time Active Learning Classifier: 29.74 seconds
2025-02-10 19:35 | INFO | Training Time Active Learning Regressor: 2.95 seconds
2025-02-10 19:38 | INFO | Query 46 Active Learning Runtime on Validation Set: 85445.37
2025-02-10 19:38 | INFO | Query 46 Active Learning Runtime on Test Set: 2877.95
2025-02-10 19:38 | INFO | Query 46 Active Learning Instance Cost: 5139629.11
2025-02-10 19:38 | INFO | Timeout limit is increased to 2600
2025-02-10 19:40 | INFO | Query 47 Size of the uncertainty table is = 77435/154686
2025-02-10 19:40 | INFO | Query 47 Size of the filtered table is = 1547
2025-02-10 19:40 | INFO | Training Time Active Learning Classifier: 29.75 seconds
2025-02-10 19:41 | INFO | Training Time Active Learning Regressor: 2.95 seconds
2025-02-10 19:43 | INFO | Query 47 Active Learning Runtime on Validation Set: 84922.85
2025-02-10 19:43 | INFO | Query 47 Active Learning Runtime on Test Set: 2877.94
2025-02-10 19:43 | INFO | Query 47 Active Learning Instance Cost: 5392196.33
2025-02-10 19:45 | INFO | Query 48 Size of the uncertainty table is = 75893/154686
2025-02-10 19:45 | INFO | Query 48 Size of the filtered table is = 1547
2025-02-10 19:46 | INFO | Training Time Active Learning Classifier: 29.4 seconds
2025-02-10 19:46 | INFO | Training Time Active Learning Regressor: 3.22 seconds
2025-02-10 19:49 | INFO | Query 48 Active Learning Runtime on Validation Set: 84922.85
2025-02-10 19:49 | INFO | Query 48 Active Learning Runtime on Test Set: 2877.94
2025-02-10 19:49 | INFO | Query 48 Active Learning Instance Cost: 5691127.27
2025-02-10 19:49 | INFO | Timeout limit is increased to 2700
2025-02-10 19:51 | INFO | Query 49 Size of the uncertainty table is = 74145/154686
2025-02-10 19:51 | INFO | Query 49 Size of the filtered table is = 1547
2025-02-10 19:52 | INFO | Training Time Active Learning Classifier: 29.4 seconds
2025-02-10 19:52 | INFO | Training Time Active Learning Regressor: 2.95 seconds
2025-02-10 19:54 | INFO | Query 49 Active Learning Runtime on Validation Set: 84893.93
2025-02-10 19:54 | INFO | Query 49 Active Learning Runtime on Test Set: 2877.94
2025-02-10 19:54 | INFO | Query 49 Active Learning Instance Cost: 5982799.12
2025-02-10 19:56 | INFO | Query 50 Size of the uncertainty table is = 72594/154686
2025-02-10 19:56 | INFO | Query 50 Size of the filtered table is = 1547
2025-02-10 19:57 | INFO | Training Time Active Learning Classifier: 29.47 seconds
2025-02-10 19:57 | INFO | Training Time Active Learning Regressor: 2.96 seconds
2025-02-10 20:00 | INFO | Query 50 Active Learning Runtime on Validation Set: 84893.93
2025-02-10 20:00 | INFO | Query 50 Active Learning Runtime on Test Set: 2877.94
2025-02-10 20:00 | INFO | Query 50 Active Learning Instance Cost: 6304989.79
2025-02-10 20:00 | INFO | Timeout limit is increased to 2800
2025-02-10 20:02 | INFO | Query 51 Size of the uncertainty table is = 70857/154686
2025-02-10 20:02 | INFO | Query 51 Size of the filtered table is = 1547
2025-02-10 20:03 | INFO | Training Time Active Learning Classifier: 29.93 seconds
2025-02-10 20:03 | INFO | Training Time Active Learning Regressor: 2.96 seconds
2025-02-10 20:05 | INFO | Query 51 Active Learning Runtime on Validation Set: 84893.93
2025-02-10 20:05 | INFO | Query 51 Active Learning Runtime on Test Set: 2877.94
2025-02-10 20:05 | INFO | Query 51 Active Learning Instance Cost: 6588695.03
2025-02-10 20:05 | INFO | Timeout limit is increased to 2900
2025-02-10 20:07 | INFO | Query 52 Size of the uncertainty table is = 69293/154686
2025-02-10 20:07 | INFO | Query 52 Size of the filtered table is = 1547
2025-02-10 20:08 | INFO | Training Time Active Learning Classifier: 29.67 seconds
2025-02-10 20:08 | INFO | Training Time Active Learning Regressor: 2.97 seconds
2025-02-10 20:11 | INFO | Query 52 Active Learning Runtime on Validation Set: 84893.93
2025-02-10 20:11 | INFO | Query 52 Active Learning Runtime on Test Set: 2877.94
2025-02-10 20:11 | INFO | Query 52 Active Learning Instance Cost: 6892195.03
2025-02-10 20:11 | INFO | Timeout limit is increased to 3000
2025-02-10 20:13 | INFO | Query 53 Size of the uncertainty table is = 67745/154686
2025-02-10 20:13 | INFO | Query 53 Size of the filtered table is = 1547
2025-02-10 20:13 | INFO | Training Time Active Learning Classifier: 30.02 seconds
2025-02-10 20:13 | INFO | Training Time Active Learning Regressor: 2.97 seconds
2025-02-10 20:16 | INFO | Query 53 Active Learning Runtime on Validation Set: 84922.85
2025-02-10 20:16 | INFO | Query 53 Active Learning Runtime on Test Set: 2874.05
2025-02-10 20:16 | INFO | Query 53 Active Learning Instance Cost: 7329895.03
2025-02-10 20:16 | INFO | Timeout limit is increased to 3100
2025-02-10 20:18 | INFO | Query 54 Size of the uncertainty table is = 65253/154686
2025-02-10 20:18 | INFO | Query 54 Size of the filtered table is = 1547
2025-02-10 20:19 | INFO | Training Time Active Learning Classifier: 29.88 seconds
2025-02-10 20:19 | INFO | Training Time Active Learning Regressor: 2.97 seconds
2025-02-10 20:22 | INFO | Query 54 Active Learning Runtime on Validation Set: 84922.85
2025-02-10 20:22 | INFO | Query 54 Active Learning Runtime on Test Set: 2877.94
2025-02-10 20:22 | INFO | Query 54 Active Learning Instance Cost: 8181195.03
2025-02-10 20:22 | INFO | Timeout limit is increased to 3200
2025-02-10 20:23 | INFO | Query 55 Size of the uncertainty table is = 60604/154686
2025-02-10 20:23 | INFO | Query 55 Size of the filtered table is = 1547
2025-02-10 20:24 | INFO | Training Time Active Learning Classifier: 30.41 seconds
2025-02-10 20:24 | INFO | Training Time Active Learning Regressor: 3.0 seconds
2025-02-10 20:27 | INFO | Query 55 Active Learning Runtime on Validation Set: 84922.85
2025-02-10 20:27 | INFO | Query 55 Active Learning Runtime on Test Set: 2877.94
2025-02-10 20:27 | INFO | Query 55 Active Learning Instance Cost: 9226695.64
2025-02-10 20:27 | INFO | Timeout limit is increased to 3300
2025-02-10 20:29 | INFO | Query 56 Size of the uncertainty table is = 55341/154686
2025-02-10 20:29 | INFO | Query 56 Size of the filtered table is = 1547
2025-02-10 20:29 | INFO | Training Time Active Learning Classifier: 30.85 seconds
2025-02-10 20:29 | INFO | Training Time Active Learning Regressor: 3.05 seconds
2025-02-10 20:32 | INFO | Query 56 Active Learning Runtime on Validation Set: 84922.85
2025-02-10 20:32 | INFO | Query 56 Active Learning Runtime on Test Set: 2877.98
2025-02-10 20:32 | INFO | Query 56 Active Learning Instance Cost: 10329179.59
2025-02-10 20:32 | INFO | Timeout limit is increased to 3400
2025-02-10 20:34 | INFO | Query 57 Size of the uncertainty table is = 49327/154686
2025-02-10 20:34 | INFO | Query 57 Size of the filtered table is = 1547
2025-02-10 20:34 | INFO | Training Time Active Learning Classifier: 30.98 seconds
2025-02-10 20:35 | INFO | Training Time Active Learning Regressor: 3.05 seconds
2025-02-10 20:37 | INFO | Query 57 Active Learning Runtime on Validation Set: 84922.85
2025-02-10 20:37 | INFO | Query 57 Active Learning Runtime on Test Set: 2877.98
2025-02-10 20:37 | INFO | Query 57 Active Learning Instance Cost: 10674361.49
2025-02-10 20:37 | INFO | Timeout limit is increased to 3500
2025-02-10 20:39 | INFO | Query 58 Size of the uncertainty table is = 47604/154686
2025-02-10 20:39 | INFO | Query 58 Size of the filtered table is = 1547
2025-02-10 20:39 | INFO | Training Time Active Learning Classifier: 31.01 seconds
2025-02-10 20:40 | INFO | Training Time Active Learning Regressor: 3.08 seconds
2025-02-10 20:42 | INFO | Query 58 Active Learning Runtime on Validation Set: 84922.85
2025-02-10 20:42 | INFO | Query 58 Active Learning Runtime on Test Set: 2877.98
2025-02-10 20:42 | INFO | Query 58 Active Learning Instance Cost: 11026935.82
2025-02-10 20:42 | INFO | Timeout limit is increased to 3600
2025-02-10 20:44 | INFO | Query 59 Size of the uncertainty table is = 46033/154686
2025-02-10 20:44 | INFO | Query 59 Size of the filtered table is = 1547
2025-02-10 20:45 | INFO | Training Time Active Learning Classifier: 31.09 seconds
2025-02-10 20:45 | INFO | Training Time Active Learning Regressor: 3.35 seconds
2025-02-10 20:47 | INFO | Query 59 Active Learning Runtime on Validation Set: 84922.85
2025-02-10 20:47 | INFO | Query 59 Active Learning Runtime on Test Set: 2877.98
2025-02-10 20:47 | INFO | Query 59 Active Learning Instance Cost: 11564536.4
2025-02-10 20:47 | INFO | Timeout limit is increased to 3600
2025-02-10 20:48 | INFO | Query 60 Size of the uncertainty table is = 12325/154686
2025-02-10 20:48 | INFO | Query 60 Size of the filtered table is = 1547
2025-02-10 20:49 | INFO | Training Time Active Learning Classifier: 31.27 seconds
2025-02-10 20:49 | INFO | Training Time Active Learning Regressor: 3.08 seconds
2025-02-10 20:51 | INFO | Query 60 Active Learning Runtime on Validation Set: 84922.85
2025-02-10 20:51 | INFO | Query 60 Active Learning Runtime on Test Set: 2877.29
2025-02-10 20:51 | INFO | Query 60 Active Learning Instance Cost: 12554536.4
2025-02-10 20:51 | INFO | Timeout limit is increased to 3600
2025-02-10 20:52 | INFO | Query 61 Size of the uncertainty table is = 5203/154686
2025-02-10 20:52 | INFO | Query 61 Size of the filtered table is = 1547
2025-02-10 20:52 | INFO | Training Time Active Learning Classifier: 31.4 seconds
2025-02-10 20:52 | INFO | Training Time Active Learning Regressor: 3.09 seconds
2025-02-10 20:55 | INFO | Query 61 Active Learning Runtime on Validation Set: 84922.85
2025-02-10 20:55 | INFO | Query 61 Active Learning Runtime on Test Set: 2874.09
2025-02-10 20:55 | INFO | Query 61 Active Learning Instance Cost: 13231336.4
2025-02-10 20:55 | INFO | Timeout limit is increased to 3600
2025-02-10 20:55 | INFO | Query 62 Size of the uncertainty table is = 361/154686
2025-02-10 20:55 | INFO | Query 62 Size of the filtered table is = 361
2025-02-10 20:56 | INFO | Training Time Active Learning Classifier: 31.3 seconds
2025-02-10 20:56 | INFO | Training Time Active Learning Regressor: 3.1 seconds
2025-02-10 20:59 | INFO | Query 62 Active Learning Runtime on Validation Set: 85480.31
2025-02-10 20:59 | INFO | Query 62 Active Learning Runtime on Test Set: 2874.01
2025-02-10 20:59 | INFO | Query 62 Active Learning Instance Cost: 13316822.45
2025-02-10 20:59 | INFO | Timeout limit is increased to 3600
2025-02-10 20:59 | INFO | Active Learning Emissions: 0.2390992234531662
2025-02-10 20:59 | INFO | Active Learning Energy Consumption: 0.2601460606690778 kWh
2025-02-10 20:59 | INFO | runtime_test_score is written as json file
2025-02-10 20:59 | INFO | runtime_validation_score is written as json file
2025-02-10 20:59 | INFO | instance_cost is written as json file
2025-02-10 20:59 | INFO | Experiment is finished
