2025-02-10 17:30 | INFO | Paramaters are: {'dataset': 'QBF-2014', 'penalty': 10, 'weight': 'No_Weight', 'voting': 'Hard', 'pre_selection_size': 64, 'pre_selection_technique': 'No_pre_selection', 'feature_elimination_threshold': 20, 'imputer_strategy': 'median', 'feature_selection_technique': 'No_feature_selection', 'feature_scaling_technique': 'StandardScaler', 'priority': {'PredDiff': 'max', 'Uncertainty': 'max', 'PredCost': 'min'}, 'initial_train_size': 20, 'query_size': 1, 'timeout_predictor_usage': 'No', 'timeout_limit': 100, 'timeout_increase_rate': 100, 'penalty_type': 'Only-timeout-penalty', 'RANDOM_STATE_SEED': 123, 'n_splits': 10, 'split_number': 6, 'max_timeout': 3600, 'param_grid': {'n_estimators': 100, 'max_features': 'sqrt', 'max_depth': 2147483648, 'min_samples_split': 2, 'bootstrap': True}}
2025-02-10 17:30 | INFO | QBF-2014 is current dataset
2025-02-10 17:30 | INFO | DATASETS/QBF-2014/algorithm_runs.arff is found
2025-02-10 17:30 | INFO | DATASETS/QBF-2014/algorithm_runs.arff is finished
2025-02-10 17:30 | INFO | DATASETS/QBF-2014/feature_values.arff is found
2025-02-10 17:30 | INFO | DATASETS/QBF-2014/feature_values.arff is finished
2025-02-10 17:30 | INFO | Virtual best solver time in train = 20473.34
2025-02-10 17:30 | INFO | Single best solver list train = {'bcghostq': 11728455.67, 'brareqs': 5465951.31, 'cbdepqbf': 11251805.65, 'cghostq': 11727980.44, 'depqbf': 14203401.87, 'dual_ooq13': 13998479.6, 'ghostq': 12880445.04, 'hiqqer1': 9239085.13, 'hiqqer3': 8738151.9, 'ooq13': 16727317.75, 'pre_dual_ooq13': 13059259.51, 'rareqs': 10385089.94, 'sqube': 17224811.27, 'xbdepqbf': 9059625.19}
2025-02-10 17:30 | INFO | Single best solver time train = brareqs (5465951.31)
2025-02-10 17:30 | INFO | Virtual best solver time in validation = 13310.15
2025-02-10 17:30 | INFO | Single best solver list validation = {'bcghostq': 3247614.31, 'brareqs': 1920407.9, 'cbdepqbf': 2744157.01, 'cghostq': 3247308.91, 'depqbf': 3067155.22, 'dual_ooq13': 3426021.76, 'ghostq': 3354765.66, 'hiqqer1': 2529811.53, 'hiqqer3': 2463048.53, 'ooq13': 3749442.82, 'pre_dual_ooq13': 3644400.93, 'rareqs': 3101268.55, 'sqube': 4039160.34, 'xbdepqbf': 2313329.68}
2025-02-10 17:30 | INFO | Single best solver time validation = brareqs (1920407.9)
2025-02-10 17:30 | INFO | Virtual best solver time in test = 1631.63
2025-02-10 17:30 | INFO | Single best solver list test = {'bcghostq': 1481995.92, 'brareqs': 866223.95, 'cbdepqbf': 1337533.92, 'cghostq': 1481759.19, 'depqbf': 1803359.12, 'dual_ooq13': 1734155.96, 'ghostq': 1553173.88, 'hiqqer1': 1121561.97, 'hiqqer3': 1050341.94, 'ooq13': 2199517.72, 'pre_dual_ooq13': 1804255.4, 'rareqs': 1405761.89, 'sqube': 2091553.85, 'xbdepqbf': 1192191.04}
2025-02-10 17:30 | INFO | Single best solver time test = brareqs (866223.95)
2025-02-10 17:30 | INFO | Training Time Passive Learning Classifier: 13.52 seconds
2025-02-10 17:30 | INFO | Training Time Passive Learning Regressor: 2.9 seconds
2025-02-10 17:31 | INFO | Passive Learning Classifier Runtime on Validation Set: 2101503.08
2025-02-10 17:31 | INFO | Passive Learning Classifier Runtime on Test Set: 291673.51
2025-02-10 17:31 | INFO | Passive Learning Instance Cost: 16876660.27
2025-02-10 17:31 | INFO | Passive Learning Emissions: 0.0009810124301983002
2025-02-10 17:31 | INFO | Passive Learning Energy Consumption: 0.001067366574837393 kWh
2025-02-10 17:32 | INFO | Training Time Active Learning Classifier: 5.0 seconds
2025-02-10 17:32 | INFO | Training Time Active Learning Regressor: 0.72 seconds
2025-02-10 17:33 | INFO | Initial Active Learning Runtime on Validation Set: 1599334.95
2025-02-10 17:33 | INFO | Initial Active Learning Runtime on Test Set: 650255.69
2025-02-10 17:33 | INFO | Initial Active Learning Instance Cost: 15275.79
2025-02-10 17:33 | INFO | Bin size = 640
2025-02-10 17:33 | INFO | Query 1 Size of the uncertainty table is = 64601/63973
2025-02-10 17:33 | INFO | Query 1 Size of the filtered table is = 640
2025-02-10 17:33 | INFO | Training Time Active Learning Classifier: 4.92 seconds
2025-02-10 17:33 | INFO | Training Time Active Learning Regressor: 0.7 seconds
2025-02-10 17:34 | INFO | Query 1 Active Learning Runtime on Validation Set: 1777127.12
2025-02-10 17:34 | INFO | Query 1 Active Learning Runtime on Test Set: 686099.97
2025-02-10 17:34 | INFO | Query 1 Active Learning Instance Cost: 54324.75
2025-02-10 17:34 | INFO | Timeout limit is increased to 200
2025-02-10 17:35 | INFO | Query 2 Size of the uncertainty table is = 63812/63973
2025-02-10 17:35 | INFO | Query 2 Size of the filtered table is = 640
2025-02-10 17:35 | INFO | Training Time Active Learning Classifier: 4.99 seconds
2025-02-10 17:35 | INFO | Training Time Active Learning Regressor: 0.73 seconds
2025-02-10 17:36 | INFO | Query 2 Active Learning Runtime on Validation Set: 1704554.26
2025-02-10 17:36 | INFO | Query 2 Active Learning Runtime on Test Set: 650409.85
2025-02-10 17:36 | INFO | Query 2 Active Learning Instance Cost: 95702.08
2025-02-10 17:36 | INFO | Query 3 Size of the uncertainty table is = 62744/63973
2025-02-10 17:36 | INFO | Query 3 Size of the filtered table is = 640
2025-02-10 17:36 | INFO | Training Time Active Learning Classifier: 5.1 seconds
2025-02-10 17:36 | INFO | Training Time Active Learning Regressor: 0.8 seconds
2025-02-10 17:38 | INFO | Query 3 Active Learning Runtime on Validation Set: 1956821.43
2025-02-10 17:38 | INFO | Query 3 Active Learning Runtime on Test Set: 793458.59
2025-02-10 17:38 | INFO | Query 3 Active Learning Instance Cost: 133406.29
2025-02-10 17:38 | INFO | Timeout limit is increased to 300
2025-02-10 17:38 | INFO | Query 4 Size of the uncertainty table is = 61289/63973
2025-02-10 17:38 | INFO | Query 4 Size of the filtered table is = 640
2025-02-10 17:38 | INFO | Training Time Active Learning Classifier: 5.18 seconds
2025-02-10 17:38 | INFO | Training Time Active Learning Regressor: 0.89 seconds
2025-02-10 17:39 | INFO | Query 4 Active Learning Runtime on Validation Set: 1920971.5
2025-02-10 17:39 | INFO | Query 4 Active Learning Runtime on Test Set: 793459.53
2025-02-10 17:39 | INFO | Query 4 Active Learning Instance Cost: 280068.44
2025-02-10 17:40 | INFO | Query 5 Size of the uncertainty table is = 60222/63973
2025-02-10 17:40 | INFO | Query 5 Size of the filtered table is = 640
2025-02-10 17:40 | INFO | Training Time Active Learning Classifier: 5.26 seconds
2025-02-10 17:40 | INFO | Training Time Active Learning Regressor: 0.93 seconds
2025-02-10 17:41 | INFO | Query 5 Active Learning Runtime on Validation Set: 1920680.99
2025-02-10 17:41 | INFO | Query 5 Active Learning Runtime on Test Set: 649795.94
2025-02-10 17:41 | INFO | Query 5 Active Learning Instance Cost: 350991.42
2025-02-10 17:42 | INFO | Query 6 Size of the uncertainty table is = 59291/63973
2025-02-10 17:42 | INFO | Query 6 Size of the filtered table is = 640
2025-02-10 17:42 | INFO | Training Time Active Learning Classifier: 5.33 seconds
2025-02-10 17:42 | INFO | Training Time Active Learning Regressor: 0.99 seconds
2025-02-10 17:43 | INFO | Query 6 Active Learning Runtime on Validation Set: 1920643.92
2025-02-10 17:43 | INFO | Query 6 Active Learning Runtime on Test Set: 685726.38
2025-02-10 17:43 | INFO | Query 6 Active Learning Instance Cost: 423502.24
2025-02-10 17:44 | INFO | Query 7 Size of the uncertainty table is = 58378/63973
2025-02-10 17:44 | INFO | Query 7 Size of the filtered table is = 640
2025-02-10 17:44 | INFO | Training Time Active Learning Classifier: 5.45 seconds
2025-02-10 17:44 | INFO | Training Time Active Learning Regressor: 1.03 seconds
2025-02-10 17:45 | INFO | Query 7 Active Learning Runtime on Validation Set: 1812179.19
2025-02-10 17:45 | INFO | Query 7 Active Learning Runtime on Test Set: 721524.9
2025-02-10 17:45 | INFO | Query 7 Active Learning Instance Cost: 491364.46
2025-02-10 17:46 | INFO | Query 8 Size of the uncertainty table is = 57318/63973
2025-02-10 17:46 | INFO | Query 8 Size of the filtered table is = 640
2025-02-10 17:46 | INFO | Training Time Active Learning Classifier: 5.61 seconds
2025-02-10 17:46 | INFO | Training Time Active Learning Regressor: 1.1 seconds
2025-02-10 17:47 | INFO | Query 8 Active Learning Runtime on Validation Set: 1920678.86
2025-02-10 17:47 | INFO | Query 8 Active Learning Runtime on Test Set: 721690.67
2025-02-10 17:47 | INFO | Query 8 Active Learning Instance Cost: 583473.04
2025-02-10 17:47 | INFO | Timeout limit is increased to 400
2025-02-10 17:48 | INFO | Query 9 Size of the uncertainty table is = 55954/63973
2025-02-10 17:48 | INFO | Query 9 Size of the filtered table is = 640
2025-02-10 17:48 | INFO | Training Time Active Learning Classifier: 5.8 seconds
2025-02-10 17:48 | INFO | Training Time Active Learning Regressor: 1.16 seconds
2025-02-10 17:49 | INFO | Query 9 Active Learning Runtime on Validation Set: 1920565.67
2025-02-10 17:49 | INFO | Query 9 Active Learning Runtime on Test Set: 793091.47
2025-02-10 17:49 | INFO | Query 9 Active Learning Instance Cost: 661593.97
2025-02-10 17:50 | INFO | Query 10 Size of the uncertainty table is = 54713/63973
2025-02-10 17:50 | INFO | Query 10 Size of the filtered table is = 640
2025-02-10 17:50 | INFO | Training Time Active Learning Classifier: 6.0 seconds
2025-02-10 17:50 | INFO | Training Time Active Learning Regressor: 1.22 seconds
2025-02-10 17:51 | INFO | Query 10 Active Learning Runtime on Validation Set: 2208007.43
2025-02-10 17:51 | INFO | Query 10 Active Learning Runtime on Test Set: 757988.1
2025-02-10 17:51 | INFO | Query 10 Active Learning Instance Cost: 745265.92
2025-02-10 17:51 | INFO | Timeout limit is increased to 500
2025-02-10 17:52 | INFO | Query 11 Size of the uncertainty table is = 53317/63973
2025-02-10 17:52 | INFO | Query 11 Size of the filtered table is = 640
2025-02-10 17:52 | INFO | Training Time Active Learning Classifier: 6.31 seconds
2025-02-10 17:52 | INFO | Training Time Active Learning Regressor: 1.28 seconds
2025-02-10 17:53 | INFO | Query 11 Active Learning Runtime on Validation Set: 2207623.9
2025-02-10 17:53 | INFO | Query 11 Active Learning Runtime on Test Set: 758213.32
2025-02-10 17:53 | INFO | Query 11 Active Learning Instance Cost: 843428.31
2025-02-10 17:54 | INFO | Query 12 Size of the uncertainty table is = 51897/63973
2025-02-10 17:54 | INFO | Query 12 Size of the filtered table is = 640
2025-02-10 17:54 | INFO | Training Time Active Learning Classifier: 6.43 seconds
2025-02-10 17:54 | INFO | Training Time Active Learning Regressor: 1.34 seconds
2025-02-10 17:55 | INFO | Query 12 Active Learning Runtime on Validation Set: 2135665.8
2025-02-10 17:55 | INFO | Query 12 Active Learning Runtime on Test Set: 614772.26
2025-02-10 17:55 | INFO | Query 12 Active Learning Instance Cost: 930676.65
2025-02-10 17:56 | INFO | Query 13 Size of the uncertainty table is = 50521/63973
2025-02-10 17:56 | INFO | Query 13 Size of the filtered table is = 640
2025-02-10 17:56 | INFO | Training Time Active Learning Classifier: 6.7 seconds
2025-02-10 17:56 | INFO | Training Time Active Learning Regressor: 1.48 seconds
2025-02-10 17:57 | INFO | Query 13 Active Learning Runtime on Validation Set: 2098797.8
2025-02-10 17:57 | INFO | Query 13 Active Learning Runtime on Test Set: 685776.75
2025-02-10 17:57 | INFO | Query 13 Active Learning Instance Cost: 1011555.27
2025-02-10 17:58 | INFO | Query 14 Size of the uncertainty table is = 49162/63973
2025-02-10 17:58 | INFO | Query 14 Size of the filtered table is = 640
2025-02-10 17:58 | INFO | Training Time Active Learning Classifier: 6.99 seconds
2025-02-10 17:58 | INFO | Training Time Active Learning Regressor: 1.45 seconds
2025-02-10 17:59 | INFO | Query 14 Active Learning Runtime on Validation Set: 1989896.14
2025-02-10 17:59 | INFO | Query 14 Active Learning Runtime on Test Set: 613599.6
2025-02-10 17:59 | INFO | Query 14 Active Learning Instance Cost: 1093291.22
2025-02-10 18:00 | INFO | Query 15 Size of the uncertainty table is = 47949/63973
2025-02-10 18:00 | INFO | Query 15 Size of the filtered table is = 640
2025-02-10 18:00 | INFO | Training Time Active Learning Classifier: 7.2 seconds
2025-02-10 18:00 | INFO | Training Time Active Learning Regressor: 1.5 seconds
2025-02-10 18:01 | INFO | Query 15 Active Learning Runtime on Validation Set: 1596835.72
2025-02-10 18:01 | INFO | Query 15 Active Learning Runtime on Test Set: 613737.37
2025-02-10 18:01 | INFO | Query 15 Active Learning Instance Cost: 1157290.33
2025-02-10 18:02 | INFO | Query 16 Size of the uncertainty table is = 46366/63973
2025-02-10 18:02 | INFO | Query 16 Size of the filtered table is = 640
2025-02-10 18:02 | INFO | Training Time Active Learning Classifier: 7.43 seconds
2025-02-10 18:02 | INFO | Training Time Active Learning Regressor: 1.56 seconds
2025-02-10 18:03 | INFO | Query 16 Active Learning Runtime on Validation Set: 1883892.58
2025-02-10 18:03 | INFO | Query 16 Active Learning Runtime on Test Set: 578234.31
2025-02-10 18:03 | INFO | Query 16 Active Learning Instance Cost: 1211765.71
2025-02-10 18:03 | INFO | Timeout limit is increased to 600
2025-02-10 18:04 | INFO | Query 17 Size of the uncertainty table is = 45197/63973
2025-02-10 18:04 | INFO | Query 17 Size of the filtered table is = 640
2025-02-10 18:04 | INFO | Training Time Active Learning Classifier: 7.63 seconds
2025-02-10 18:04 | INFO | Training Time Active Learning Regressor: 1.59 seconds
2025-02-10 18:06 | INFO | Query 17 Active Learning Runtime on Validation Set: 1955755.37
2025-02-10 18:06 | INFO | Query 17 Active Learning Runtime on Test Set: 470502.35
2025-02-10 18:06 | INFO | Query 17 Active Learning Instance Cost: 1324585.2
2025-02-10 18:06 | INFO | Timeout limit is increased to 700
2025-02-10 18:06 | INFO | Query 18 Size of the uncertainty table is = 44260/63973
2025-02-10 18:06 | INFO | Query 18 Size of the filtered table is = 640
2025-02-10 18:07 | INFO | Training Time Active Learning Classifier: 7.79 seconds
2025-02-10 18:07 | INFO | Training Time Active Learning Regressor: 1.64 seconds
2025-02-10 18:08 | INFO | Query 18 Active Learning Runtime on Validation Set: 1668582.33
2025-02-10 18:08 | INFO | Query 18 Active Learning Runtime on Test Set: 507011.89
2025-02-10 18:08 | INFO | Query 18 Active Learning Instance Cost: 1453235.33
2025-02-10 18:09 | INFO | Query 19 Size of the uncertainty table is = 43214/63973
2025-02-10 18:09 | INFO | Query 19 Size of the filtered table is = 640
2025-02-10 18:09 | INFO | Training Time Active Learning Classifier: 8.0 seconds
2025-02-10 18:09 | INFO | Training Time Active Learning Regressor: 1.68 seconds
2025-02-10 18:10 | INFO | Query 19 Active Learning Runtime on Validation Set: 1811782.94
2025-02-10 18:10 | INFO | Query 19 Active Learning Runtime on Test Set: 542414.89
2025-02-10 18:10 | INFO | Query 19 Active Learning Instance Cost: 1546935.69
2025-02-10 18:10 | INFO | Timeout limit is increased to 800
2025-02-10 18:11 | INFO | Query 20 Size of the uncertainty table is = 42005/63973
2025-02-10 18:11 | INFO | Query 20 Size of the filtered table is = 640
2025-02-10 18:11 | INFO | Training Time Active Learning Classifier: 8.27 seconds
2025-02-10 18:11 | INFO | Training Time Active Learning Regressor: 1.82 seconds
2025-02-10 18:12 | INFO | Query 20 Active Learning Runtime on Validation Set: 1847121.81
2025-02-10 18:12 | INFO | Query 20 Active Learning Runtime on Test Set: 506278.81
2025-02-10 18:12 | INFO | Query 20 Active Learning Instance Cost: 1682314.57
2025-02-10 18:12 | INFO | Timeout limit is increased to 900
2025-02-10 18:13 | INFO | Query 21 Size of the uncertainty table is = 40891/63973
2025-02-10 18:13 | INFO | Query 21 Size of the filtered table is = 640
2025-02-10 18:13 | INFO | Training Time Active Learning Classifier: 8.43 seconds
2025-02-10 18:13 | INFO | Training Time Active Learning Regressor: 1.79 seconds
2025-02-10 18:14 | INFO | Query 21 Active Learning Runtime on Validation Set: 2172506.52
2025-02-10 18:14 | INFO | Query 21 Active Learning Runtime on Test Set: 542713.98
2025-02-10 18:14 | INFO | Query 21 Active Learning Instance Cost: 1818927.12
2025-02-10 18:14 | INFO | Timeout limit is increased to 1000
2025-02-10 18:15 | INFO | Query 22 Size of the uncertainty table is = 40152/63973
2025-02-10 18:15 | INFO | Query 22 Size of the filtered table is = 640
2025-02-10 18:15 | INFO | Training Time Active Learning Classifier: 8.64 seconds
2025-02-10 18:15 | INFO | Training Time Active Learning Regressor: 1.83 seconds
2025-02-10 18:16 | INFO | Query 22 Active Learning Runtime on Validation Set: 1992105.34
2025-02-10 18:16 | INFO | Query 22 Active Learning Runtime on Test Set: 471464.46
2025-02-10 18:16 | INFO | Query 22 Active Learning Instance Cost: 1983383.32
2025-02-10 18:17 | INFO | Query 23 Size of the uncertainty table is = 39260/63973
2025-02-10 18:17 | INFO | Query 23 Size of the filtered table is = 640
2025-02-10 18:17 | INFO | Training Time Active Learning Classifier: 8.85 seconds
2025-02-10 18:17 | INFO | Training Time Active Learning Regressor: 1.89 seconds
2025-02-10 18:18 | INFO | Query 23 Active Learning Runtime on Validation Set: 2062533.97
2025-02-10 18:18 | INFO | Query 23 Active Learning Runtime on Test Set: 580019.13
2025-02-10 18:18 | INFO | Query 23 Active Learning Instance Cost: 2070821.39
2025-02-10 18:18 | INFO | Timeout limit is increased to 1100
2025-02-10 18:19 | INFO | Query 24 Size of the uncertainty table is = 38442/63973
2025-02-10 18:19 | INFO | Query 24 Size of the filtered table is = 640
2025-02-10 18:19 | INFO | Training Time Active Learning Classifier: 9.13 seconds
2025-02-10 18:20 | INFO | Training Time Active Learning Regressor: 1.95 seconds
2025-02-10 18:21 | INFO | Query 24 Active Learning Runtime on Validation Set: 1634560.62
2025-02-10 18:21 | INFO | Query 24 Active Learning Runtime on Test Set: 398697.16
2025-02-10 18:21 | INFO | Query 24 Active Learning Instance Cost: 2256861.67
2025-02-10 18:21 | INFO | Query 25 Size of the uncertainty table is = 37698/63973
2025-02-10 18:21 | INFO | Query 25 Size of the filtered table is = 640
2025-02-10 18:22 | INFO | Training Time Active Learning Classifier: 9.31 seconds
2025-02-10 18:22 | INFO | Training Time Active Learning Regressor: 2.01 seconds
2025-02-10 18:23 | INFO | Query 25 Active Learning Runtime on Validation Set: 1991706.98
2025-02-10 18:23 | INFO | Query 25 Active Learning Runtime on Test Set: 471695.52
2025-02-10 18:23 | INFO | Query 25 Active Learning Instance Cost: 2467716.62
2025-02-10 18:23 | INFO | Timeout limit is increased to 1200
2025-02-10 18:24 | INFO | Query 26 Size of the uncertainty table is = 36814/63973
2025-02-10 18:24 | INFO | Query 26 Size of the filtered table is = 640
2025-02-10 18:24 | INFO | Training Time Active Learning Classifier: 9.32 seconds
2025-02-10 18:24 | INFO | Training Time Active Learning Regressor: 2.06 seconds
2025-02-10 18:25 | INFO | Query 26 Active Learning Runtime on Validation Set: 1885044.51
2025-02-10 18:25 | INFO | Query 26 Active Learning Runtime on Test Set: 399588.63
2025-02-10 18:25 | INFO | Query 26 Active Learning Instance Cost: 2686328.83
2025-02-10 18:26 | INFO | Query 27 Size of the uncertainty table is = 36267/63973
2025-02-10 18:26 | INFO | Query 27 Size of the filtered table is = 640
2025-02-10 18:26 | INFO | Training Time Active Learning Classifier: 9.51 seconds
2025-02-10 18:26 | INFO | Training Time Active Learning Regressor: 2.11 seconds
2025-02-10 18:27 | INFO | Query 27 Active Learning Runtime on Validation Set: 1920792.57
2025-02-10 18:27 | INFO | Query 27 Active Learning Runtime on Test Set: 471876.19
2025-02-10 18:27 | INFO | Query 27 Active Learning Instance Cost: 2831609.46
2025-02-10 18:27 | INFO | Timeout limit is increased to 1300
2025-02-10 18:28 | INFO | Query 28 Size of the uncertainty table is = 35370/63973
2025-02-10 18:28 | INFO | Query 28 Size of the filtered table is = 640
2025-02-10 18:28 | INFO | Training Time Active Learning Classifier: 9.75 seconds
2025-02-10 18:28 | INFO | Training Time Active Learning Regressor: 2.19 seconds
2025-02-10 18:29 | INFO | Query 28 Active Learning Runtime on Validation Set: 1992973.18
2025-02-10 18:29 | INFO | Query 28 Active Learning Runtime on Test Set: 362838.36
2025-02-10 18:29 | INFO | Query 28 Active Learning Instance Cost: 3005743.54
2025-02-10 18:29 | INFO | Timeout limit is increased to 1400
2025-02-10 18:30 | INFO | Query 29 Size of the uncertainty table is = 34343/63973
2025-02-10 18:30 | INFO | Query 29 Size of the filtered table is = 640
2025-02-10 18:30 | INFO | Training Time Active Learning Classifier: 10.01 seconds
2025-02-10 18:31 | INFO | Training Time Active Learning Regressor: 2.27 seconds
2025-02-10 18:32 | INFO | Query 29 Active Learning Runtime on Validation Set: 2063844.34
2025-02-10 18:32 | INFO | Query 29 Active Learning Runtime on Test Set: 363203.17
2025-02-10 18:32 | INFO | Query 29 Active Learning Instance Cost: 3246915.76
2025-02-10 18:32 | INFO | Timeout limit is increased to 1500
2025-02-10 18:33 | INFO | Query 30 Size of the uncertainty table is = 33152/63973
2025-02-10 18:33 | INFO | Query 30 Size of the filtered table is = 640
2025-02-10 18:33 | INFO | Training Time Active Learning Classifier: 10.19 seconds
2025-02-10 18:33 | INFO | Training Time Active Learning Regressor: 2.3 seconds
2025-02-10 18:34 | INFO | Query 30 Active Learning Runtime on Validation Set: 2028823.27
2025-02-10 18:34 | INFO | Query 30 Active Learning Runtime on Test Set: 362989.63
2025-02-10 18:34 | INFO | Query 30 Active Learning Instance Cost: 3379366.12
2025-02-10 18:35 | INFO | Query 31 Size of the uncertainty table is = 32317/63973
2025-02-10 18:35 | INFO | Query 31 Size of the filtered table is = 640
2025-02-10 18:35 | INFO | Training Time Active Learning Classifier: 10.44 seconds
2025-02-10 18:35 | INFO | Training Time Active Learning Regressor: 2.35 seconds
2025-02-10 18:36 | INFO | Query 31 Active Learning Runtime on Validation Set: 2064555.51
2025-02-10 18:36 | INFO | Query 31 Active Learning Runtime on Test Set: 398846.77
2025-02-10 18:36 | INFO | Query 31 Active Learning Instance Cost: 3503689.27
2025-02-10 18:36 | INFO | Timeout limit is increased to 1600
2025-02-10 18:37 | INFO | Query 32 Size of the uncertainty table is = 31281/63973
2025-02-10 18:37 | INFO | Query 32 Size of the filtered table is = 640
2025-02-10 18:37 | INFO | Training Time Active Learning Classifier: 10.64 seconds
2025-02-10 18:37 | INFO | Training Time Active Learning Regressor: 2.39 seconds
2025-02-10 18:38 | INFO | Query 32 Active Learning Runtime on Validation Set: 1956551.3
2025-02-10 18:38 | INFO | Query 32 Active Learning Runtime on Test Set: 326870.07
2025-02-10 18:38 | INFO | Query 32 Active Learning Instance Cost: 3637653.67
2025-02-10 18:39 | INFO | Query 33 Size of the uncertainty table is = 30267/63973
2025-02-10 18:39 | INFO | Query 33 Size of the filtered table is = 640
2025-02-10 18:39 | INFO | Training Time Active Learning Classifier: 10.93 seconds
2025-02-10 18:40 | INFO | Training Time Active Learning Regressor: 2.53 seconds
2025-02-10 18:41 | INFO | Query 33 Active Learning Runtime on Validation Set: 2029464.09
2025-02-10 18:41 | INFO | Query 33 Active Learning Runtime on Test Set: 219580.45
2025-02-10 18:41 | INFO | Query 33 Active Learning Instance Cost: 3831874.27
2025-02-10 18:41 | INFO | Timeout limit is increased to 1700
2025-02-10 18:41 | INFO | Query 34 Size of the uncertainty table is = 29454/63973
2025-02-10 18:41 | INFO | Query 34 Size of the filtered table is = 640
2025-02-10 18:42 | INFO | Training Time Active Learning Classifier: 11.18 seconds
2025-02-10 18:42 | INFO | Training Time Active Learning Regressor: 2.47 seconds
2025-02-10 18:43 | INFO | Query 34 Active Learning Runtime on Validation Set: 2492058.33
2025-02-10 18:43 | INFO | Query 34 Active Learning Runtime on Test Set: 398925.72
2025-02-10 18:43 | INFO | Query 34 Active Learning Instance Cost: 3990095.82
2025-02-10 18:43 | INFO | Timeout limit is increased to 1800
2025-02-10 18:44 | INFO | Query 35 Size of the uncertainty table is = 28921/63973
2025-02-10 18:44 | INFO | Query 35 Size of the filtered table is = 640
2025-02-10 18:44 | INFO | Training Time Active Learning Classifier: 11.26 seconds
2025-02-10 18:44 | INFO | Training Time Active Learning Regressor: 2.48 seconds
2025-02-10 18:45 | INFO | Query 35 Active Learning Runtime on Validation Set: 2493794.54
2025-02-10 18:45 | INFO | Query 35 Active Learning Runtime on Test Set: 398572.55
2025-02-10 18:45 | INFO | Query 35 Active Learning Instance Cost: 4207432.26
2025-02-10 18:45 | INFO | Timeout limit is increased to 1900
2025-02-10 18:46 | INFO | Query 36 Size of the uncertainty table is = 28636/63973
2025-02-10 18:46 | INFO | Query 36 Size of the filtered table is = 640
2025-02-10 18:46 | INFO | Training Time Active Learning Classifier: 11.36 seconds
2025-02-10 18:46 | INFO | Training Time Active Learning Regressor: 2.5 seconds
2025-02-10 18:47 | INFO | Query 36 Active Learning Runtime on Validation Set: 2852576.78
2025-02-10 18:47 | INFO | Query 36 Active Learning Runtime on Test Set: 470745.06
2025-02-10 18:47 | INFO | Query 36 Active Learning Instance Cost: 4313602.29
2025-02-10 18:47 | INFO | Timeout limit is increased to 2000
2025-02-10 18:48 | INFO | Query 37 Size of the uncertainty table is = 28213/63973
2025-02-10 18:48 | INFO | Query 37 Size of the filtered table is = 640
2025-02-10 18:48 | INFO | Training Time Active Learning Classifier: 11.32 seconds
2025-02-10 18:48 | INFO | Training Time Active Learning Regressor: 2.51 seconds
2025-02-10 18:49 | INFO | Query 37 Active Learning Runtime on Validation Set: 2244372.55
2025-02-10 18:49 | INFO | Query 37 Active Learning Runtime on Test Set: 362821.29
2025-02-10 18:49 | INFO | Query 37 Active Learning Instance Cost: 4473130.29
2025-02-10 18:50 | INFO | Query 38 Size of the uncertainty table is = 28076/63973
2025-02-10 18:50 | INFO | Query 38 Size of the filtered table is = 640
2025-02-10 18:51 | INFO | Training Time Active Learning Classifier: 11.59 seconds
2025-02-10 18:51 | INFO | Training Time Active Learning Regressor: 2.57 seconds
2025-02-10 18:52 | INFO | Query 38 Active Learning Runtime on Validation Set: 2172258.61
2025-02-10 18:52 | INFO | Query 38 Active Learning Runtime on Test Set: 362967.91
2025-02-10 18:52 | INFO | Query 38 Active Learning Instance Cost: 4663827.69
2025-02-10 18:52 | INFO | Query 39 Size of the uncertainty table is = 27168/63973
2025-02-10 18:52 | INFO | Query 39 Size of the filtered table is = 640
2025-02-10 18:53 | INFO | Training Time Active Learning Classifier: 11.81 seconds
2025-02-10 18:53 | INFO | Training Time Active Learning Regressor: 2.6 seconds
2025-02-10 18:54 | INFO | Query 39 Active Learning Runtime on Validation Set: 2243373.73
2025-02-10 18:54 | INFO | Query 39 Active Learning Runtime on Test Set: 470034.87
2025-02-10 18:54 | INFO | Query 39 Active Learning Instance Cost: 4733745.36
2025-02-10 18:54 | INFO | Timeout limit is increased to 2100
2025-02-10 18:55 | INFO | Query 40 Size of the uncertainty table is = 26463/63973
2025-02-10 18:55 | INFO | Query 40 Size of the filtered table is = 640
2025-02-10 18:55 | INFO | Training Time Active Learning Classifier: 11.8 seconds
2025-02-10 18:55 | INFO | Training Time Active Learning Regressor: 2.62 seconds
2025-02-10 18:56 | INFO | Query 40 Active Learning Runtime on Validation Set: 1990037.9
2025-02-10 18:56 | INFO | Query 40 Active Learning Runtime on Test Set: 362843.97
2025-02-10 18:56 | INFO | Query 40 Active Learning Instance Cost: 4869058.69
2025-02-10 18:57 | INFO | Query 41 Size of the uncertainty table is = 26288/63973
2025-02-10 18:57 | INFO | Query 41 Size of the filtered table is = 640
2025-02-10 18:57 | INFO | Training Time Active Learning Classifier: 11.87 seconds
2025-02-10 18:57 | INFO | Training Time Active Learning Regressor: 2.62 seconds
2025-02-10 18:58 | INFO | Query 41 Active Learning Runtime on Validation Set: 2061489.67
2025-02-10 18:58 | INFO | Query 41 Active Learning Runtime on Test Set: 327177.8
2025-02-10 18:58 | INFO | Query 41 Active Learning Instance Cost: 4977076.41
2025-02-10 18:58 | INFO | Timeout limit is increased to 2200
2025-02-10 18:59 | INFO | Query 42 Size of the uncertainty table is = 26059/63973
2025-02-10 18:59 | INFO | Query 42 Size of the filtered table is = 640
2025-02-10 18:59 | INFO | Training Time Active Learning Classifier: 11.9 seconds
2025-02-10 18:59 | INFO | Training Time Active Learning Regressor: 2.64 seconds
2025-02-10 19:01 | INFO | Query 42 Active Learning Runtime on Validation Set: 2279116.48
2025-02-10 19:01 | INFO | Query 42 Active Learning Runtime on Test Set: 363132.94
2025-02-10 19:01 | INFO | Query 42 Active Learning Instance Cost: 5051420.38
2025-02-10 19:01 | INFO | Timeout limit is increased to 2300
2025-02-10 19:01 | INFO | Query 43 Size of the uncertainty table is = 25929/63973
2025-02-10 19:01 | INFO | Query 43 Size of the filtered table is = 640
2025-02-10 19:02 | INFO | Training Time Active Learning Classifier: 11.98 seconds
2025-02-10 19:02 | INFO | Training Time Active Learning Regressor: 2.68 seconds
2025-02-10 19:03 | INFO | Query 43 Active Learning Runtime on Validation Set: 2208440.94
2025-02-10 19:03 | INFO | Query 43 Active Learning Runtime on Test Set: 363154.75
2025-02-10 19:03 | INFO | Query 43 Active Learning Instance Cost: 5237424.36
2025-02-10 19:03 | INFO | Query 44 Size of the uncertainty table is = 25881/63973
2025-02-10 19:03 | INFO | Query 44 Size of the filtered table is = 640
2025-02-10 19:04 | INFO | Training Time Active Learning Classifier: 11.96 seconds
2025-02-10 19:04 | INFO | Training Time Active Learning Regressor: 2.75 seconds
2025-02-10 19:05 | INFO | Query 44 Active Learning Runtime on Validation Set: 1957534.08
2025-02-10 19:05 | INFO | Query 44 Active Learning Runtime on Test Set: 291405.66
2025-02-10 19:05 | INFO | Query 44 Active Learning Instance Cost: 5288591.0
2025-02-10 19:06 | INFO | Query 45 Size of the uncertainty table is = 25799/63973
2025-02-10 19:06 | INFO | Query 45 Size of the filtered table is = 640
2025-02-10 19:06 | INFO | Training Time Active Learning Classifier: 11.97 seconds
2025-02-10 19:06 | INFO | Training Time Active Learning Regressor: 2.65 seconds
2025-02-10 19:07 | INFO | Query 45 Active Learning Runtime on Validation Set: 2243840.7
2025-02-10 19:07 | INFO | Query 45 Active Learning Runtime on Test Set: 291150.25
2025-02-10 19:07 | INFO | Query 45 Active Learning Instance Cost: 5339468.55
2025-02-10 19:07 | INFO | Timeout limit is increased to 2400
2025-02-10 19:08 | INFO | Query 46 Size of the uncertainty table is = 25770/63973
2025-02-10 19:08 | INFO | Query 46 Size of the filtered table is = 640
2025-02-10 19:08 | INFO | Training Time Active Learning Classifier: 11.95 seconds
2025-02-10 19:08 | INFO | Training Time Active Learning Regressor: 2.66 seconds
2025-02-10 19:09 | INFO | Query 46 Active Learning Runtime on Validation Set: 2208941.44
2025-02-10 19:09 | INFO | Query 46 Active Learning Runtime on Test Set: 291150.25
2025-02-10 19:09 | INFO | Query 46 Active Learning Instance Cost: 5401586.42
2025-02-10 19:10 | INFO | Query 47 Size of the uncertainty table is = 25746/63973
2025-02-10 19:10 | INFO | Query 47 Size of the filtered table is = 640
2025-02-10 19:10 | INFO | Training Time Active Learning Classifier: 12.1 seconds
2025-02-10 19:10 | INFO | Training Time Active Learning Regressor: 2.66 seconds
2025-02-10 19:12 | INFO | Query 47 Active Learning Runtime on Validation Set: 2278069.3
2025-02-10 19:12 | INFO | Query 47 Active Learning Runtime on Test Set: 291150.02
2025-02-10 19:12 | INFO | Query 47 Active Learning Instance Cost: 5443793.06
2025-02-10 19:12 | INFO | Timeout limit is increased to 2500
2025-02-10 19:12 | INFO | Query 48 Size of the uncertainty table is = 25694/63973
2025-02-10 19:12 | INFO | Query 48 Size of the filtered table is = 640
2025-02-10 19:13 | INFO | Training Time Active Learning Classifier: 11.96 seconds
2025-02-10 19:13 | INFO | Training Time Active Learning Regressor: 2.66 seconds
2025-02-10 19:14 | INFO | Query 48 Active Learning Runtime on Validation Set: 2278069.3
2025-02-10 19:14 | INFO | Query 48 Active Learning Runtime on Test Set: 291150.02
2025-02-10 19:14 | INFO | Query 48 Active Learning Instance Cost: 5534293.06
2025-02-10 19:14 | INFO | Timeout limit is increased to 2600
2025-02-10 19:14 | INFO | Query 49 Size of the uncertainty table is = 25694/63973
2025-02-10 19:14 | INFO | Query 49 Size of the filtered table is = 640
2025-02-10 19:15 | INFO | Training Time Active Learning Classifier: 12.06 seconds
2025-02-10 19:15 | INFO | Training Time Active Learning Regressor: 2.66 seconds
2025-02-10 19:16 | INFO | Query 49 Active Learning Runtime on Validation Set: 2278069.3
2025-02-10 19:16 | INFO | Query 49 Active Learning Runtime on Test Set: 291150.02
2025-02-10 19:16 | INFO | Query 49 Active Learning Instance Cost: 5604993.29
2025-02-10 19:16 | INFO | Timeout limit is increased to 2700
2025-02-10 19:17 | INFO | Query 50 Size of the uncertainty table is = 25691/63973
2025-02-10 19:17 | INFO | Query 50 Size of the filtered table is = 640
2025-02-10 19:17 | INFO | Training Time Active Learning Classifier: 11.99 seconds
2025-02-10 19:17 | INFO | Training Time Active Learning Regressor: 2.67 seconds
2025-02-10 19:18 | INFO | Query 50 Active Learning Runtime on Validation Set: 2241735.32
2025-02-10 19:18 | INFO | Query 50 Active Learning Runtime on Test Set: 291125.32
2025-02-10 19:18 | INFO | Query 50 Active Learning Instance Cost: 5701407.95
2025-02-10 19:19 | INFO | Query 51 Size of the uncertainty table is = 25668/63973
2025-02-10 19:19 | INFO | Query 51 Size of the filtered table is = 640
2025-02-10 19:19 | INFO | Training Time Active Learning Classifier: 12.0 seconds
2025-02-10 19:19 | INFO | Training Time Active Learning Regressor: 2.75 seconds
2025-02-10 19:20 | INFO | Query 51 Active Learning Runtime on Validation Set: 2205541.04
2025-02-10 19:20 | INFO | Query 51 Active Learning Runtime on Test Set: 326401.96
2025-02-10 19:20 | INFO | Query 51 Active Learning Instance Cost: 5723925.1
2025-02-10 19:21 | INFO | Query 52 Size of the uncertainty table is = 25656/63973
2025-02-10 19:21 | INFO | Query 52 Size of the filtered table is = 640
2025-02-10 19:21 | INFO | Training Time Active Learning Classifier: 12.09 seconds
2025-02-10 19:21 | INFO | Training Time Active Learning Regressor: 2.66 seconds
2025-02-10 19:22 | INFO | Query 52 Active Learning Runtime on Validation Set: 2205541.04
2025-02-10 19:22 | INFO | Query 52 Active Learning Runtime on Test Set: 326401.96
2025-02-10 19:22 | INFO | Query 52 Active Learning Instance Cost: 5744225.1
2025-02-10 19:22 | INFO | Timeout limit is increased to 2800
2025-02-10 19:23 | INFO | Query 53 Size of the uncertainty table is = 25656/63973
2025-02-10 19:23 | INFO | Query 53 Size of the filtered table is = 640
2025-02-10 19:24 | INFO | Training Time Active Learning Classifier: 12.06 seconds
2025-02-10 19:24 | INFO | Training Time Active Learning Regressor: 2.67 seconds
2025-02-10 19:25 | INFO | Query 53 Active Learning Runtime on Validation Set: 2205541.04
2025-02-10 19:25 | INFO | Query 53 Active Learning Runtime on Test Set: 326401.96
2025-02-10 19:25 | INFO | Query 53 Active Learning Instance Cost: 5815925.1
2025-02-10 19:25 | INFO | Timeout limit is increased to 2900
2025-02-10 19:25 | INFO | Query 54 Size of the uncertainty table is = 25656/63973
2025-02-10 19:25 | INFO | Query 54 Size of the filtered table is = 640
2025-02-10 19:26 | INFO | Training Time Active Learning Classifier: 12.18 seconds
2025-02-10 19:26 | INFO | Training Time Active Learning Regressor: 2.66 seconds
2025-02-10 19:27 | INFO | Query 54 Active Learning Runtime on Validation Set: 2278091.11
2025-02-10 19:27 | INFO | Query 54 Active Learning Runtime on Test Set: 326401.96
2025-02-10 19:27 | INFO | Query 54 Active Learning Instance Cost: 5910025.31
2025-02-10 19:27 | INFO | Timeout limit is increased to 3000
2025-02-10 19:28 | INFO | Query 55 Size of the uncertainty table is = 25644/63973
2025-02-10 19:28 | INFO | Query 55 Size of the filtered table is = 640
2025-02-10 19:28 | INFO | Training Time Active Learning Classifier: 12.06 seconds
2025-02-10 19:28 | INFO | Training Time Active Learning Regressor: 2.67 seconds
2025-02-10 19:29 | INFO | Query 55 Active Learning Runtime on Validation Set: 2278091.11
2025-02-10 19:29 | INFO | Query 55 Active Learning Runtime on Test Set: 326401.96
2025-02-10 19:29 | INFO | Query 55 Active Learning Instance Cost: 5986025.31
2025-02-10 19:29 | INFO | Timeout limit is increased to 3100
2025-02-10 19:30 | INFO | Query 56 Size of the uncertainty table is = 25644/63973
2025-02-10 19:30 | INFO | Query 56 Size of the filtered table is = 640
2025-02-10 19:30 | INFO | Training Time Active Learning Classifier: 12.13 seconds
2025-02-10 19:30 | INFO | Training Time Active Learning Regressor: 2.77 seconds
2025-02-10 19:31 | INFO | Query 56 Active Learning Runtime on Validation Set: 2099135.39
2025-02-10 19:31 | INFO | Query 56 Active Learning Runtime on Test Set: 326979.47
2025-02-10 19:31 | INFO | Query 56 Active Learning Instance Cost: 6053525.92
2025-02-10 19:32 | INFO | Query 57 Size of the uncertainty table is = 25623/63973
2025-02-10 19:32 | INFO | Query 57 Size of the filtered table is = 640
2025-02-10 19:32 | INFO | Training Time Active Learning Classifier: 12.04 seconds
2025-02-10 19:32 | INFO | Training Time Active Learning Regressor: 2.66 seconds
2025-02-10 19:33 | INFO | Query 57 Active Learning Runtime on Validation Set: 2099135.39
2025-02-10 19:33 | INFO | Query 57 Active Learning Runtime on Test Set: 326979.47
2025-02-10 19:33 | INFO | Query 57 Active Learning Instance Cost: 6092325.92
2025-02-10 19:33 | INFO | Timeout limit is increased to 3200
2025-02-10 19:34 | INFO | Query 58 Size of the uncertainty table is = 25623/63973
2025-02-10 19:34 | INFO | Query 58 Size of the filtered table is = 640
2025-02-10 19:34 | INFO | Training Time Active Learning Classifier: 12.11 seconds
2025-02-10 19:35 | INFO | Training Time Active Learning Regressor: 2.77 seconds
2025-02-10 19:36 | INFO | Query 58 Active Learning Runtime on Validation Set: 2206670.23
2025-02-10 19:36 | INFO | Query 58 Active Learning Runtime on Test Set: 398233.57
2025-02-10 19:36 | INFO | Query 58 Active Learning Instance Cost: 6183129.08
2025-02-10 19:36 | INFO | Timeout limit is increased to 3300
2025-02-10 19:36 | INFO | Query 59 Size of the uncertainty table is = 25585/63973
2025-02-10 19:36 | INFO | Query 59 Size of the filtered table is = 640
2025-02-10 19:37 | INFO | Training Time Active Learning Classifier: 12.05 seconds
2025-02-10 19:37 | INFO | Training Time Active Learning Regressor: 2.67 seconds
2025-02-10 19:38 | INFO | Query 59 Active Learning Runtime on Validation Set: 2134820.18
2025-02-10 19:38 | INFO | Query 59 Active Learning Runtime on Test Set: 363058.3
2025-02-10 19:38 | INFO | Query 59 Active Learning Instance Cost: 6254678.21
2025-02-10 19:39 | INFO | Query 60 Size of the uncertainty table is = 25541/63973
2025-02-10 19:39 | INFO | Query 60 Size of the filtered table is = 640
2025-02-10 19:39 | INFO | Training Time Active Learning Classifier: 12.06 seconds
2025-02-10 19:39 | INFO | Training Time Active Learning Regressor: 2.66 seconds
2025-02-10 19:40 | INFO | Query 60 Active Learning Runtime on Validation Set: 2134820.18
2025-02-10 19:40 | INFO | Query 60 Active Learning Runtime on Test Set: 363058.3
2025-02-10 19:40 | INFO | Query 60 Active Learning Instance Cost: 6290378.21
2025-02-10 19:40 | INFO | Timeout limit is increased to 3400
2025-02-10 19:41 | INFO | Query 61 Size of the uncertainty table is = 25541/63973
2025-02-10 19:41 | INFO | Query 61 Size of the filtered table is = 640
2025-02-10 19:41 | INFO | Training Time Active Learning Classifier: 12.07 seconds
2025-02-10 19:41 | INFO | Training Time Active Learning Regressor: 2.66 seconds
2025-02-10 19:42 | INFO | Query 61 Active Learning Runtime on Validation Set: 2134771.88
2025-02-10 19:42 | INFO | Query 61 Active Learning Runtime on Test Set: 363093.88
2025-02-10 19:42 | INFO | Query 61 Active Learning Instance Cost: 6365274.19
2025-02-10 19:43 | INFO | Query 62 Size of the uncertainty table is = 25512/63973
2025-02-10 19:43 | INFO | Query 62 Size of the filtered table is = 640
2025-02-10 19:43 | INFO | Training Time Active Learning Classifier: 12.08 seconds
2025-02-10 19:43 | INFO | Training Time Active Learning Regressor: 2.67 seconds
2025-02-10 19:44 | INFO | Query 62 Active Learning Runtime on Validation Set: 2207046.53
2025-02-10 19:44 | INFO | Query 62 Active Learning Runtime on Test Set: 398967.32
2025-02-10 19:44 | INFO | Query 62 Active Learning Instance Cost: 6400975.72
2025-02-10 19:44 | INFO | Timeout limit is increased to 3500
2025-02-10 19:45 | INFO | Query 63 Size of the uncertainty table is = 25489/63973
2025-02-10 19:45 | INFO | Query 63 Size of the filtered table is = 640
2025-02-10 19:45 | INFO | Training Time Active Learning Classifier: 12.09 seconds
2025-02-10 19:45 | INFO | Training Time Active Learning Regressor: 2.66 seconds
2025-02-10 19:47 | INFO | Query 63 Active Learning Runtime on Validation Set: 2207046.53
2025-02-10 19:47 | INFO | Query 63 Active Learning Runtime on Test Set: 398967.32
2025-02-10 19:47 | INFO | Query 63 Active Learning Instance Cost: 6485675.72
2025-02-10 19:47 | INFO | Timeout limit is increased to 3600
2025-02-10 19:47 | INFO | Query 64 Size of the uncertainty table is = 25489/63973
2025-02-10 19:47 | INFO | Query 64 Size of the filtered table is = 640
2025-02-10 19:48 | INFO | Training Time Active Learning Classifier: 12.06 seconds
2025-02-10 19:48 | INFO | Training Time Active Learning Regressor: 2.77 seconds
2025-02-10 19:49 | INFO | Query 64 Active Learning Runtime on Validation Set: 2207046.53
2025-02-10 19:49 | INFO | Query 64 Active Learning Runtime on Test Set: 398967.32
2025-02-10 19:49 | INFO | Query 64 Active Learning Instance Cost: 6580575.88
2025-02-10 19:49 | INFO | Timeout limit is increased to 3600
2025-02-10 19:49 | INFO | Query 65 Size of the uncertainty table is = 5417/63973
2025-02-10 19:49 | INFO | Query 65 Size of the filtered table is = 640
2025-02-10 19:49 | INFO | Training Time Active Learning Classifier: 12.59 seconds
2025-02-10 19:49 | INFO | Training Time Active Learning Regressor: 2.75 seconds
2025-02-10 19:50 | INFO | Query 65 Active Learning Runtime on Validation Set: 2065428.02
2025-02-10 19:50 | INFO | Query 65 Active Learning Runtime on Test Set: 506914.91
2025-02-10 19:50 | INFO | Query 65 Active Learning Instance Cost: 6587131.23
2025-02-10 19:50 | INFO | Query 66 Size of the uncertainty table is = 3456/63973
2025-02-10 19:50 | INFO | Query 66 Size of the filtered table is = 640
2025-02-10 19:51 | INFO | Training Time Active Learning Classifier: 13.01 seconds
2025-02-10 19:51 | INFO | Training Time Active Learning Regressor: 2.84 seconds
2025-02-10 19:52 | INFO | Query 66 Active Learning Runtime on Validation Set: 2027869.86
2025-02-10 19:52 | INFO | Query 66 Active Learning Runtime on Test Set: 506321.81
2025-02-10 19:52 | INFO | Query 66 Active Learning Instance Cost: 6597907.23
2025-02-10 19:52 | INFO | Query 67 Size of the uncertainty table is = 1984/63973
2025-02-10 19:52 | INFO | Query 67 Size of the filtered table is = 640
2025-02-10 19:52 | INFO | Training Time Active Learning Classifier: 13.36 seconds
2025-02-10 19:52 | INFO | Training Time Active Learning Regressor: 2.88 seconds
2025-02-10 19:54 | INFO | Query 67 Active Learning Runtime on Validation Set: 2208263.56
2025-02-10 19:54 | INFO | Query 67 Active Learning Runtime on Test Set: 327530.86
2025-02-10 19:54 | INFO | Query 67 Active Learning Instance Cost: 6598701.25
2025-02-10 19:54 | INFO | Timeout limit is increased to 3600
2025-02-10 19:54 | INFO | Query 68 Size of the uncertainty table is = 487/63973
2025-02-10 19:54 | INFO | Query 68 Size of the filtered table is = 487
2025-02-10 19:54 | INFO | Training Time Active Learning Classifier: 13.59 seconds
2025-02-10 19:54 | INFO | Training Time Active Learning Regressor: 2.89 seconds
2025-02-10 19:55 | INFO | Query 68 Active Learning Runtime on Validation Set: 2030465.95
2025-02-10 19:55 | INFO | Query 68 Active Learning Runtime on Test Set: 434843.84
2025-02-10 19:55 | INFO | Query 68 Active Learning Instance Cost: 6601032.51
2025-02-10 19:55 | INFO | Active Learning Emissions: 0.10166771083915986
2025-02-10 19:55 | INFO | Active Learning Energy Consumption: 0.11061706554321352 kWh
2025-02-10 19:55 | INFO | runtime_test_score is written as json file
2025-02-10 19:55 | INFO | runtime_validation_score is written as json file
2025-02-10 19:55 | INFO | instance_cost is written as json file
2025-02-10 19:55 | INFO | Experiment is finished
