2024-07-11 12:29 | INFO | Paramaters are: {'dataset': 'MAXSAT15-PMS-INDU', 'penalty': 10, 'weight': 'No_Weight', 'voting': 'Hard', 'pre_selection_size': 64, 'pre_selection_technique': 'No_pre_selection', 'feature_elimination_threshold': 20, 'imputer_strategy': 'median', 'feature_selection_technique': 'No_feature_selection', 'feature_scaling_technique': 'StandardScaler', 'initial_train_size': 20, 'query_size': 1, 'timeout_predictor_usage': 'Yes', 'timeout_limit': 100, 'timeout_increase_rate': 100, 'RANDOM_STATE_SEED': 99, 'n_splits': 10, 'split_number': 0, 'max_timeout': 3600, 'param_grid': {'n_estimators': 100, 'criterion': 'gini', 'max_features': 'sqrt', 'max_depth': 2147483648, 'min_samples_split': 2, 'bootstrap': True}}
2024-07-11 12:29 | INFO | MAXSAT15-PMS-INDU is current dataset
2024-07-11 12:29 | INFO | DATASETS/MAXSAT15-PMS-INDU/algorithm_runs.arff is found
2024-07-11 12:29 | INFO | DATASETS/MAXSAT15-PMS-INDU/algorithm_runs.arff is finished
2024-07-11 12:29 | INFO | DATASETS/MAXSAT15-PMS-INDU/feature_values.arff is found
2024-07-11 12:29 | INFO | DATASETS/MAXSAT15-PMS-INDU/feature_values.arff is finished
2024-07-11 12:29 | INFO | Feature cost of train set is 0
2024-07-11 12:39 | INFO | Initial Active Learning Random Query Runtime on Validation Set: 119145.94
2024-07-11 12:39 | INFO | Initial Active Learning Random Query Runtime on Test Set: 41880.85
2024-07-11 12:39 | INFO | Initial Active Learning Random Query Instance Cost: 33639.62
2024-07-11 12:39 | INFO | Bin size = 1542
2024-07-11 12:40 | INFO | Query 1 Size of the uncertainty table is = 156224/154280
2024-07-11 13:04 | INFO | Query 1 Size of the filtered table is = 1542
2024-07-11 13:14 | INFO | Query 1 Active Learning Random Query Runtime on Validation Set: 42920.91
2024-07-11 13:14 | INFO | Query 1 Active Learning Random Query Runtime on Test Set: 4349.02
2024-07-11 13:14 | INFO | Query 1 Active Learning Random Query Instance Cost: 204656.57
2024-07-11 13:15 | INFO | Query 2 Size of the uncertainty table is = 149811/154280
2024-07-11 13:36 | INFO | Query 2 Size of the filtered table is = 1542
2024-07-11 13:47 | INFO | Query 2 Active Learning Random Query Runtime on Validation Set: 83740.95
2024-07-11 13:47 | INFO | Query 2 Active Learning Random Query Runtime on Test Set: 6258.83
2024-07-11 13:47 | INFO | Query 2 Active Learning Random Query Instance Cost: 341152.38
2024-07-11 13:47 | INFO | Timeout limit is increased to 200
2024-07-11 13:48 | INFO | Query 3 Size of the uncertainty table is = 137929/154280
2024-07-11 14:04 | INFO | Query 3 Size of the filtered table is = 1542
2024-07-11 14:15 | INFO | Query 3 Active Learning Random Query Runtime on Validation Set: 83737.34
2024-07-11 14:15 | INFO | Query 3 Active Learning Random Query Runtime on Test Set: 5817.84
2024-07-11 14:15 | INFO | Query 3 Active Learning Random Query Instance Cost: 612503.8
2024-07-11 14:16 | INFO | Query 4 Size of the uncertainty table is = 121819/154280
2024-07-11 14:27 | INFO | Query 4 Size of the filtered table is = 1542
2024-07-11 14:37 | INFO | Query 4 Active Learning Random Query Runtime on Validation Set: 44608.71
2024-07-11 14:37 | INFO | Query 4 Active Learning Random Query Runtime on Test Set: 3982.72
2024-07-11 14:37 | INFO | Query 4 Active Learning Random Query Instance Cost: 839843.22
2024-07-11 14:38 | INFO | Query 5 Size of the uncertainty table is = 105508/154280
2024-07-11 14:46 | INFO | Query 5 Size of the filtered table is = 1542
2024-07-11 14:56 | INFO | Query 5 Active Learning Random Query Runtime on Validation Set: 83275.57
2024-07-11 14:56 | INFO | Query 5 Active Learning Random Query Runtime on Test Set: 5566.35
2024-07-11 14:56 | INFO | Query 5 Active Learning Random Query Instance Cost: 1010086.93
2024-07-11 14:56 | INFO | Timeout limit is increased to 300
2024-07-11 14:57 | INFO | Query 6 Size of the uncertainty table is = 90036/154280
2024-07-11 15:02 | INFO | Query 6 Size of the filtered table is = 1542
2024-07-11 15:12 | INFO | Query 6 Active Learning Random Query Runtime on Validation Set: 46105.27
2024-07-11 15:12 | INFO | Query 6 Active Learning Random Query Runtime on Test Set: 39827.37
2024-07-11 15:12 | INFO | Query 6 Active Learning Random Query Instance Cost: 1327857.09
2024-07-11 15:13 | INFO | Query 7 Size of the uncertainty table is = 75327/154280
2024-07-11 15:16 | INFO | Query 7 Size of the filtered table is = 1542
2024-07-11 15:26 | INFO | Query 7 Active Learning Random Query Runtime on Validation Set: 83703.76
2024-07-11 15:26 | INFO | Query 7 Active Learning Random Query Runtime on Test Set: 5613.09
2024-07-11 15:26 | INFO | Query 7 Active Learning Random Query Instance Cost: 1567691.4
2024-07-11 15:26 | INFO | Timeout limit is increased to 400
2024-07-11 15:27 | INFO | Query 8 Size of the uncertainty table is = 64310/154280
2024-07-11 15:28 | INFO | Query 8 Size of the filtered table is = 1542
2024-07-11 15:39 | INFO | Query 8 Active Learning Random Query Runtime on Validation Set: 83763.44
2024-07-11 15:39 | INFO | Query 8 Active Learning Random Query Runtime on Test Set: 5595.73
2024-07-11 15:39 | INFO | Query 8 Active Learning Random Query Instance Cost: 1939813.96
2024-07-11 15:39 | INFO | Timeout limit is increased to 500
2024-07-11 15:40 | INFO | Query 9 Size of the uncertainty table is = 56416/154280
2024-07-11 15:41 | INFO | Query 9 Size of the filtered table is = 1542
2024-07-11 15:51 | INFO | Query 9 Active Learning Random Query Runtime on Validation Set: 46075.19
2024-07-11 15:51 | INFO | Query 9 Active Learning Random Query Runtime on Test Set: 4994.01
2024-07-11 15:51 | INFO | Query 9 Active Learning Random Query Instance Cost: 2409919.27
2024-07-11 15:52 | INFO | Query 10 Size of the uncertainty table is = 51242/154280
2024-07-11 15:52 | INFO | Query 10 Size of the filtered table is = 1542
2024-07-11 16:03 | INFO | Query 10 Active Learning Random Query Runtime on Validation Set: 44207.79
2024-07-11 16:03 | INFO | Query 10 Active Learning Random Query Runtime on Test Set: 3932.23
2024-07-11 16:03 | INFO | Query 10 Active Learning Random Query Instance Cost: 2718928.72
2024-07-11 16:03 | INFO | Query 11 Size of the uncertainty table is = 48327/154280
2024-07-11 16:04 | INFO | Query 11 Size of the filtered table is = 1542
2024-07-11 16:14 | INFO | Query 11 Active Learning Random Query Runtime on Validation Set: 81786.55
2024-07-11 16:14 | INFO | Query 11 Active Learning Random Query Runtime on Test Set: 4792.64
2024-07-11 16:14 | INFO | Query 11 Active Learning Random Query Instance Cost: 2902360.28
2024-07-11 16:14 | INFO | Timeout limit is increased to 600
2024-07-11 16:14 | INFO | Query 12 Size of the uncertainty table is = 47044/154280
2024-07-11 16:15 | INFO | Query 12 Size of the filtered table is = 1542
2024-07-11 16:25 | INFO | Query 12 Active Learning Random Query Runtime on Validation Set: 46189.06
2024-07-11 16:25 | INFO | Query 12 Active Learning Random Query Runtime on Test Set: 4589.47
2024-07-11 16:25 | INFO | Query 12 Active Learning Random Query Instance Cost: 3242150.08
2024-07-11 16:26 | INFO | Query 13 Size of the uncertainty table is = 45917/154280
2024-07-11 16:26 | INFO | Query 13 Size of the filtered table is = 1542
2024-07-11 16:36 | INFO | Query 13 Active Learning Random Query Runtime on Validation Set: 83790.24
2024-07-11 16:36 | INFO | Query 13 Active Learning Random Query Runtime on Test Set: 5546.65
2024-07-11 16:36 | INFO | Query 13 Active Learning Random Query Instance Cost: 3446016.75
2024-07-11 16:36 | INFO | Timeout limit is increased to 700
2024-07-11 16:37 | INFO | Query 14 Size of the uncertainty table is = 45143/154280
2024-07-11 16:37 | INFO | Query 14 Size of the filtered table is = 1542
2024-07-11 16:48 | INFO | Query 14 Active Learning Random Query Runtime on Validation Set: 83365.43
2024-07-11 16:48 | INFO | Query 14 Active Learning Random Query Runtime on Test Set: 5558.14
2024-07-11 16:48 | INFO | Query 14 Active Learning Random Query Instance Cost: 3798715.2
2024-07-11 16:48 | INFO | Query 15 Size of the uncertainty table is = 44149/154280
2024-07-11 16:48 | INFO | Query 15 Size of the filtered table is = 1542
2024-07-11 16:59 | INFO | Query 15 Active Learning Random Query Runtime on Validation Set: 45745.51
2024-07-11 16:59 | INFO | Query 15 Active Learning Random Query Runtime on Test Set: 4702.51
2024-07-11 16:59 | INFO | Query 15 Active Learning Random Query Instance Cost: 4016125.34
2024-07-11 16:59 | INFO | Query 16 Size of the uncertainty table is = 43600/154280
2024-07-11 17:00 | INFO | Query 16 Size of the filtered table is = 1542
2024-07-11 17:10 | INFO | Query 16 Active Learning Random Query Runtime on Validation Set: 45698.51
2024-07-11 17:10 | INFO | Query 16 Active Learning Random Query Runtime on Test Set: 4702.51
2024-07-11 17:10 | INFO | Query 16 Active Learning Random Query Instance Cost: 4146880.2
2024-07-11 17:10 | INFO | Query 17 Size of the uncertainty table is = 43295/154280
2024-07-11 17:11 | INFO | Query 17 Size of the filtered table is = 1542
2024-07-11 17:21 | INFO | Query 17 Active Learning Random Query Runtime on Validation Set: 45698.51
2024-07-11 17:21 | INFO | Query 17 Active Learning Random Query Runtime on Test Set: 4702.87
2024-07-11 17:21 | INFO | Query 17 Active Learning Random Query Instance Cost: 4227718.53
2024-07-11 17:21 | INFO | Timeout limit is increased to 800
2024-07-11 17:21 | INFO | Query 18 Size of the uncertainty table is = 43186/154280
2024-07-11 17:22 | INFO | Query 18 Size of the filtered table is = 1542
2024-07-11 17:32 | INFO | Query 18 Active Learning Random Query Runtime on Validation Set: 44159.45
2024-07-11 17:32 | INFO | Query 18 Active Learning Random Query Runtime on Test Set: 3898.19
2024-07-11 17:32 | INFO | Query 18 Active Learning Random Query Instance Cost: 4506964.3
2024-07-11 17:32 | INFO | Query 19 Size of the uncertainty table is = 42768/154280
2024-07-11 17:33 | INFO | Query 19 Size of the filtered table is = 1542
2024-07-11 17:43 | INFO | Query 19 Active Learning Random Query Runtime on Validation Set: 44589.93
2024-07-11 17:43 | INFO | Query 19 Active Learning Random Query Runtime on Test Set: 3943.78
2024-07-11 17:43 | INFO | Query 19 Active Learning Random Query Instance Cost: 4676210.43
2024-07-11 17:43 | INFO | Timeout limit is increased to 900
2024-07-11 17:43 | INFO | Query 20 Size of the uncertainty table is = 42393/154280
2024-07-11 17:44 | INFO | Query 20 Size of the filtered table is = 1542
2024-07-11 17:54 | INFO | Query 20 Active Learning Random Query Runtime on Validation Set: 44121.2
2024-07-11 17:54 | INFO | Query 20 Active Learning Random Query Runtime on Test Set: 4273.54
2024-07-11 17:54 | INFO | Query 20 Active Learning Random Query Instance Cost: 5006854.06
2024-07-11 17:54 | INFO | Query 21 Size of the uncertainty table is = 41891/154280
2024-07-11 17:55 | INFO | Query 21 Size of the filtered table is = 1542
2024-07-11 18:05 | INFO | Query 21 Active Learning Random Query Runtime on Validation Set: 44121.2
2024-07-11 18:05 | INFO | Query 21 Active Learning Random Query Runtime on Test Set: 4273.54
2024-07-11 18:05 | INFO | Query 21 Active Learning Random Query Instance Cost: 5192572.0
2024-07-11 18:05 | INFO | Timeout limit is increased to 1000
2024-07-11 18:05 | INFO | Query 22 Size of the uncertainty table is = 41609/154280
2024-07-11 18:06 | INFO | Query 22 Size of the filtered table is = 1542
2024-07-11 18:16 | INFO | Query 22 Active Learning Random Query Runtime on Validation Set: 46133.47
2024-07-11 18:16 | INFO | Query 22 Active Learning Random Query Runtime on Test Set: 5090.11
2024-07-11 18:16 | INFO | Query 22 Active Learning Random Query Instance Cost: 5536344.46
2024-07-11 18:16 | INFO | Timeout limit is increased to 1100
2024-07-11 18:16 | INFO | Query 23 Size of the uncertainty table is = 41213/154280
2024-07-11 18:17 | INFO | Query 23 Size of the filtered table is = 1542
2024-07-11 18:27 | INFO | Query 23 Active Learning Random Query Runtime on Validation Set: 46481.17
2024-07-11 18:27 | INFO | Query 23 Active Learning Random Query Runtime on Test Set: 5097.1
2024-07-11 18:27 | INFO | Query 23 Active Learning Random Query Instance Cost: 5966208.19
2024-07-11 18:27 | INFO | Timeout limit is increased to 1200
2024-07-11 18:28 | INFO | Query 24 Size of the uncertainty table is = 40555/154280
2024-07-11 18:28 | INFO | Query 24 Size of the filtered table is = 1542
2024-07-11 18:38 | INFO | Query 24 Active Learning Random Query Runtime on Validation Set: 46730.59
2024-07-11 18:38 | INFO | Query 24 Active Learning Random Query Runtime on Test Set: 5097.03
2024-07-11 18:38 | INFO | Query 24 Active Learning Random Query Instance Cost: 6434900.95
2024-07-11 18:38 | INFO | Timeout limit is increased to 1300
2024-07-11 18:39 | INFO | Query 25 Size of the uncertainty table is = 39949/154280
2024-07-11 18:39 | INFO | Query 25 Size of the filtered table is = 1542
2024-07-11 18:49 | INFO | Query 25 Active Learning Random Query Runtime on Validation Set: 47555.68
2024-07-11 18:49 | INFO | Query 25 Active Learning Random Query Runtime on Test Set: 5098.61
2024-07-11 18:49 | INFO | Query 25 Active Learning Random Query Instance Cost: 6931134.18
2024-07-11 18:49 | INFO | Timeout limit is increased to 1400
2024-07-11 18:49 | INFO | Query 26 Size of the uncertainty table is = 39511/154280
2024-07-11 18:50 | INFO | Query 26 Size of the filtered table is = 1542
2024-07-11 19:00 | INFO | Query 26 Active Learning Random Query Runtime on Validation Set: 46117.9
2024-07-11 19:00 | INFO | Query 26 Active Learning Random Query Runtime on Test Set: 5104.64
2024-07-11 19:00 | INFO | Query 26 Active Learning Random Query Instance Cost: 7458846.35
2024-07-11 19:01 | INFO | Query 27 Size of the uncertainty table is = 38869/154280
2024-07-11 19:01 | INFO | Query 27 Size of the filtered table is = 1542
2024-07-11 19:11 | INFO | Query 27 Active Learning Random Query Runtime on Validation Set: 46667.04
2024-07-11 19:11 | INFO | Query 27 Active Learning Random Query Runtime on Test Set: 5104.65
2024-07-11 19:11 | INFO | Query 27 Active Learning Random Query Instance Cost: 7746619.5
2024-07-11 19:11 | INFO | Timeout limit is increased to 1500
2024-07-11 19:11 | INFO | Query 28 Size of the uncertainty table is = 38617/154280
2024-07-11 19:12 | INFO | Query 28 Size of the filtered table is = 1542
2024-07-11 19:22 | INFO | Query 28 Active Learning Random Query Runtime on Validation Set: 47020.5
2024-07-11 19:22 | INFO | Query 28 Active Learning Random Query Runtime on Test Set: 5106.7
2024-07-11 19:22 | INFO | Query 28 Active Learning Random Query Instance Cost: 8149762.68
2024-07-11 19:22 | INFO | Timeout limit is increased to 1600
2024-07-11 19:22 | INFO | Query 29 Size of the uncertainty table is = 38246/154280
2024-07-11 19:23 | INFO | Query 29 Size of the filtered table is = 1542
2024-07-11 19:33 | INFO | Query 29 Active Learning Random Query Runtime on Validation Set: 47007.69
2024-07-11 19:33 | INFO | Query 29 Active Learning Random Query Runtime on Test Set: 5105.18
2024-07-11 19:33 | INFO | Query 29 Active Learning Random Query Instance Cost: 8617569.38
2024-07-11 19:33 | INFO | Query 30 Size of the uncertainty table is = 37850/154280
2024-07-11 19:33 | INFO | Query 30 Size of the filtered table is = 1542
2024-07-11 19:44 | INFO | Query 30 Active Learning Random Query Runtime on Validation Set: 46623.94
2024-07-11 19:44 | INFO | Query 30 Active Learning Random Query Runtime on Test Set: 5105.16
2024-07-11 19:44 | INFO | Query 30 Active Learning Random Query Instance Cost: 8861720.05
2024-07-11 19:44 | INFO | Query 31 Size of the uncertainty table is = 37631/154280
2024-07-11 19:44 | INFO | Query 31 Size of the filtered table is = 1542
2024-07-11 19:55 | INFO | Query 31 Active Learning Random Query Runtime on Validation Set: 46579.15
2024-07-11 19:55 | INFO | Query 31 Active Learning Random Query Runtime on Test Set: 5105.16
2024-07-11 19:55 | INFO | Query 31 Active Learning Random Query Instance Cost: 9005112.22
2024-07-11 19:55 | INFO | Query 32 Size of the uncertainty table is = 37547/154280
2024-07-11 19:55 | INFO | Query 32 Size of the filtered table is = 1542
2024-07-11 20:05 | INFO | Query 32 Active Learning Random Query Runtime on Validation Set: 46578.49
2024-07-11 20:05 | INFO | Query 32 Active Learning Random Query Runtime on Test Set: 5105.19
2024-07-11 20:05 | INFO | Query 32 Active Learning Random Query Instance Cost: 9107717.07
2024-07-11 20:06 | INFO | Query 33 Size of the uncertainty table is = 37466/154280
2024-07-11 20:06 | INFO | Query 33 Size of the filtered table is = 1542
2024-07-11 20:16 | INFO | Query 33 Active Learning Random Query Runtime on Validation Set: 46578.49
2024-07-11 20:16 | INFO | Query 33 Active Learning Random Query Runtime on Test Set: 5105.19
2024-07-11 20:16 | INFO | Query 33 Active Learning Random Query Instance Cost: 9167339.51
2024-07-11 20:16 | INFO | Timeout limit is increased to 1700
2024-07-11 20:17 | INFO | Query 34 Size of the uncertainty table is = 37399/154280
2024-07-11 20:17 | INFO | Query 34 Size of the filtered table is = 1542
2024-07-11 20:27 | INFO | Query 34 Active Learning Random Query Runtime on Validation Set: 46152.88
2024-07-11 20:27 | INFO | Query 34 Active Learning Random Query Runtime on Test Set: 5105.16
2024-07-11 20:27 | INFO | Query 34 Active Learning Random Query Instance Cost: 9437502.51
2024-07-11 20:27 | INFO | Query 35 Size of the uncertainty table is = 37147/154280
2024-07-11 20:28 | INFO | Query 35 Size of the filtered table is = 1542
2024-07-11 20:38 | INFO | Query 35 Active Learning Random Query Runtime on Validation Set: 46152.88
2024-07-11 20:38 | INFO | Query 35 Active Learning Random Query Runtime on Test Set: 5105.16
2024-07-11 20:38 | INFO | Query 35 Active Learning Random Query Instance Cost: 9582098.23
2024-07-11 20:38 | INFO | Timeout limit is increased to 1800
2024-07-11 20:38 | INFO | Query 36 Size of the uncertainty table is = 37106/154280
2024-07-11 20:38 | INFO | Query 36 Size of the filtered table is = 1542
2024-07-11 20:49 | INFO | Query 36 Active Learning Random Query Runtime on Validation Set: 46176.69
2024-07-11 20:49 | INFO | Query 36 Active Learning Random Query Runtime on Test Set: 5105.16
2024-07-11 20:49 | INFO | Query 36 Active Learning Random Query Instance Cost: 9911275.7
2024-07-11 20:49 | INFO | Timeout limit is increased to 1900
2024-07-11 20:49 | INFO | Query 37 Size of the uncertainty table is = 36902/154280
2024-07-11 20:49 | INFO | Query 37 Size of the filtered table is = 1542
2024-07-11 20:59 | INFO | Query 37 Active Learning Random Query Runtime on Validation Set: 46272.76
2024-07-11 20:59 | INFO | Query 37 Active Learning Random Query Runtime on Test Set: 5105.16
2024-07-11 20:59 | INFO | Query 37 Active Learning Random Query Instance Cost: 10302735.93
2024-07-11 20:59 | INFO | Timeout limit is increased to 2000
2024-07-11 21:00 | INFO | Query 38 Size of the uncertainty table is = 36812/154280
2024-07-11 21:00 | INFO | Query 38 Size of the filtered table is = 1542
2024-07-11 21:10 | INFO | Query 38 Active Learning Random Query Runtime on Validation Set: 46272.76
2024-07-11 21:10 | INFO | Query 38 Active Learning Random Query Runtime on Test Set: 5105.16
2024-07-11 21:10 | INFO | Query 38 Active Learning Random Query Instance Cost: 10745762.09
2024-07-11 21:10 | INFO | Timeout limit is increased to 2100
2024-07-11 21:11 | INFO | Query 39 Size of the uncertainty table is = 36731/154280
2024-07-11 21:11 | INFO | Query 39 Size of the filtered table is = 1542
2024-07-11 21:21 | INFO | Query 39 Active Learning Random Query Runtime on Validation Set: 46272.76
2024-07-11 21:21 | INFO | Query 39 Active Learning Random Query Runtime on Test Set: 5105.16
2024-07-11 21:21 | INFO | Query 39 Active Learning Random Query Instance Cost: 11225469.11
2024-07-11 21:21 | INFO | Timeout limit is increased to 2200
2024-07-11 21:21 | INFO | Query 40 Size of the uncertainty table is = 36721/154280
2024-07-11 21:22 | INFO | Query 40 Size of the filtered table is = 1542
2024-07-11 21:32 | INFO | Query 40 Active Learning Random Query Runtime on Validation Set: 46272.76
2024-07-11 21:32 | INFO | Query 40 Active Learning Random Query Runtime on Test Set: 5105.16
2024-07-11 21:32 | INFO | Query 40 Active Learning Random Query Instance Cost: 11724869.11
2024-07-11 21:32 | INFO | Timeout limit is increased to 2300
2024-07-11 21:32 | INFO | Query 41 Size of the uncertainty table is = 36721/154280
2024-07-11 21:32 | INFO | Query 41 Size of the filtered table is = 1542
2024-07-11 21:43 | INFO | Query 41 Active Learning Random Query Runtime on Validation Set: 46272.76
2024-07-11 21:43 | INFO | Query 41 Active Learning Random Query Runtime on Test Set: 5105.16
2024-07-11 21:43 | INFO | Query 41 Active Learning Random Query Instance Cost: 12240631.96
2024-07-11 21:43 | INFO | Timeout limit is increased to 2400
2024-07-11 21:43 | INFO | Query 42 Size of the uncertainty table is = 36695/154280
2024-07-11 21:43 | INFO | Query 42 Size of the filtered table is = 1542
2024-07-11 21:53 | INFO | Query 42 Active Learning Random Query Runtime on Validation Set: 46272.76
2024-07-11 21:53 | INFO | Query 42 Active Learning Random Query Runtime on Test Set: 5105.16
2024-07-11 21:53 | INFO | Query 42 Active Learning Random Query Instance Cost: 12749631.96
2024-07-11 21:53 | INFO | Timeout limit is increased to 2500
2024-07-11 21:54 | INFO | Query 43 Size of the uncertainty table is = 36695/154280
2024-07-11 21:54 | INFO | Query 43 Size of the filtered table is = 1542
2024-07-11 22:04 | INFO | Query 43 Active Learning Random Query Runtime on Validation Set: 46272.76
2024-07-11 22:04 | INFO | Query 43 Active Learning Random Query Runtime on Test Set: 5105.16
2024-07-11 22:04 | INFO | Query 43 Active Learning Random Query Instance Cost: 13256874.08
2024-07-11 22:04 | INFO | Timeout limit is increased to 2600
2024-07-11 22:04 | INFO | Query 44 Size of the uncertainty table is = 36686/154280
2024-07-11 22:05 | INFO | Query 44 Size of the filtered table is = 1542
2024-07-11 22:15 | INFO | Query 44 Active Learning Random Query Runtime on Validation Set: 46272.76
2024-07-11 22:15 | INFO | Query 44 Active Learning Random Query Runtime on Test Set: 5105.16
2024-07-11 22:15 | INFO | Query 44 Active Learning Random Query Instance Cost: 13774841.57
2024-07-11 22:15 | INFO | Timeout limit is increased to 2700
2024-07-11 22:15 | INFO | Query 45 Size of the uncertainty table is = 36671/154280
2024-07-11 22:15 | INFO | Query 45 Size of the filtered table is = 1542
2024-07-11 22:26 | INFO | Query 45 Active Learning Random Query Runtime on Validation Set: 46272.76
2024-07-11 22:26 | INFO | Query 45 Active Learning Random Query Runtime on Test Set: 5105.16
2024-07-11 22:26 | INFO | Query 45 Active Learning Random Query Instance Cost: 14286341.57
2024-07-11 22:26 | INFO | Timeout limit is increased to 2800
2024-07-11 22:26 | INFO | Query 46 Size of the uncertainty table is = 36671/154280
2024-07-11 22:26 | INFO | Query 46 Size of the filtered table is = 1542
2024-07-11 22:37 | INFO | Query 46 Active Learning Random Query Runtime on Validation Set: 46272.76
2024-07-11 22:37 | INFO | Query 46 Active Learning Random Query Runtime on Test Set: 5105.16
2024-07-11 22:37 | INFO | Query 46 Active Learning Random Query Instance Cost: 14807041.57
2024-07-11 22:37 | INFO | Timeout limit is increased to 2900
2024-07-11 22:37 | INFO | Query 47 Size of the uncertainty table is = 36671/154280
2024-07-11 22:37 | INFO | Query 47 Size of the filtered table is = 1542
2024-07-11 22:47 | INFO | Query 47 Active Learning Random Query Runtime on Validation Set: 46272.76
2024-07-11 22:47 | INFO | Query 47 Active Learning Random Query Runtime on Test Set: 5105.16
2024-07-11 22:47 | INFO | Query 47 Active Learning Random Query Instance Cost: 15326441.57
2024-07-11 22:47 | INFO | Timeout limit is increased to 3000
2024-07-11 22:48 | INFO | Query 48 Size of the uncertainty table is = 36671/154280
2024-07-11 22:48 | INFO | Query 48 Size of the filtered table is = 1542
2024-07-11 22:58 | INFO | Query 48 Active Learning Random Query Runtime on Validation Set: 46272.76
2024-07-11 22:58 | INFO | Query 48 Active Learning Random Query Runtime on Test Set: 5105.16
2024-07-11 22:58 | INFO | Query 48 Active Learning Random Query Instance Cost: 15856341.57
2024-07-11 22:58 | INFO | Timeout limit is increased to 3100
2024-07-11 22:58 | INFO | Query 49 Size of the uncertainty table is = 36671/154280
2024-07-11 22:59 | INFO | Query 49 Size of the filtered table is = 1542
2024-07-11 23:09 | INFO | Query 49 Active Learning Random Query Runtime on Validation Set: 46272.76
2024-07-11 23:09 | INFO | Query 49 Active Learning Random Query Runtime on Test Set: 5105.16
2024-07-11 23:09 | INFO | Query 49 Active Learning Random Query Instance Cost: 16377141.57
2024-07-11 23:09 | INFO | Timeout limit is increased to 3200
2024-07-11 23:09 | INFO | Query 50 Size of the uncertainty table is = 36671/154280
2024-07-11 23:09 | INFO | Query 50 Size of the filtered table is = 1542
2024-07-11 23:19 | INFO | Query 50 Active Learning Random Query Runtime on Validation Set: 46272.76
2024-07-11 23:19 | INFO | Query 50 Active Learning Random Query Runtime on Test Set: 5105.16
2024-07-11 23:19 | INFO | Query 50 Active Learning Random Query Instance Cost: 16902241.57
2024-07-11 23:19 | INFO | Timeout limit is increased to 3300
2024-07-11 23:20 | INFO | Query 51 Size of the uncertainty table is = 36671/154280
2024-07-11 23:20 | INFO | Query 51 Size of the filtered table is = 1542
2024-07-11 23:30 | INFO | Query 51 Active Learning Random Query Runtime on Validation Set: 46272.76
2024-07-11 23:30 | INFO | Query 51 Active Learning Random Query Runtime on Test Set: 5105.16
2024-07-11 23:30 | INFO | Query 51 Active Learning Random Query Instance Cost: 17435841.57
2024-07-11 23:30 | INFO | Timeout limit is increased to 3400
2024-07-11 23:30 | INFO | Query 52 Size of the uncertainty table is = 36671/154280
2024-07-11 23:31 | INFO | Query 52 Size of the filtered table is = 1542
2024-07-11 23:41 | INFO | Query 52 Active Learning Random Query Runtime on Validation Set: 46272.76
2024-07-11 23:41 | INFO | Query 52 Active Learning Random Query Runtime on Test Set: 5105.16
2024-07-11 23:41 | INFO | Query 52 Active Learning Random Query Instance Cost: 17965141.57
2024-07-11 23:41 | INFO | Timeout limit is increased to 3500
2024-07-11 23:41 | INFO | Query 53 Size of the uncertainty table is = 36671/154280
2024-07-11 23:41 | INFO | Query 53 Size of the filtered table is = 1542
2024-07-11 23:51 | INFO | Query 53 Active Learning Random Query Runtime on Validation Set: 46272.76
2024-07-11 23:51 | INFO | Query 53 Active Learning Random Query Runtime on Test Set: 5105.16
2024-07-11 23:51 | INFO | Query 53 Active Learning Random Query Instance Cost: 18490041.57
2024-07-11 23:51 | INFO | Timeout limit is increased to 3600
2024-07-11 23:51 | INFO | Query 54 Size of the uncertainty table is = 36671/154280
2024-07-11 23:52 | INFO | Query 54 Size of the filtered table is = 1542
2024-07-12 00:02 | INFO | Query 54 Active Learning Random Query Runtime on Validation Set: 46272.76
2024-07-12 00:02 | INFO | Query 54 Active Learning Random Query Runtime on Test Set: 5105.16
2024-07-12 00:02 | INFO | Query 54 Active Learning Random Query Instance Cost: 19012441.57
2024-07-12 00:02 | INFO | Timeout limit is increased to 3600
2024-07-12 00:02 | INFO | runtime_train_score is written as json file
2024-07-12 00:02 | INFO | runtime_test_score is written as json file
2024-07-12 00:02 | INFO | runtime_validation_score is written as json file
2024-07-12 00:02 | INFO | instance_cost is written as json file
2024-07-12 00:02 | INFO | Experiment is finished
