2025-02-11 11:01 | INFO | Paramaters are: {'dataset': 'SAT11-RAND', 'penalty': 10, 'weight': 'No_Weight', 'voting': 'Hard', 'pre_selection_size': 64, 'pre_selection_technique': 'No_pre_selection', 'feature_elimination_threshold': 20, 'imputer_strategy': 'median', 'feature_selection_technique': 'No_feature_selection', 'feature_scaling_technique': 'StandardScaler', 'initial_train_size': 20, 'query_size': 1, 'timeout_predictor_usage': 'No', 'pareto_features': {'Uncertainty': 'max', 'PredCost': 'min'}, 'timeout_limit': 100, 'timeout_increase_rate': 100, 'penalty_type': 'Only-timeout-penalty', 'RANDOM_STATE_SEED': 7, 'n_splits': 10, 'split_number': 0, 'max_timeout': 3600, 'param_grid': {'n_estimators': 100, 'max_features': 'sqrt', 'max_depth': 2147483648, 'min_samples_split': 2, 'bootstrap': True}}
2025-02-11 11:01 | INFO | SAT11-RAND is current dataset
2025-02-11 11:01 | INFO | DATASETS/SAT11-RAND/algorithm_runs.arff is found
2025-02-11 11:01 | INFO | DATASETS/SAT11-RAND/algorithm_runs.arff is finished
2025-02-11 11:01 | INFO | DATASETS/SAT11-RAND/feature_values.arff is found
2025-02-11 11:01 | INFO | DATASETS/SAT11-RAND/feature_values.arff is finished
2025-02-11 11:01 | INFO | DATASETS/SAT11-RAND/feature_costs.arff is found
2025-02-11 11:01 | INFO | DATASETS/SAT11-RAND/feature_costs.arff is finished
2025-02-11 11:01 | INFO | Virtual best solver time in train = 83888.58
2025-02-11 11:01 | INFO | Single best solver list train = {'EagleUP_1.565.350': 4108927.07, 'MPhaseSAT_M_2011-02-16': 4096152.37, 'SAT09referencesolverTNM_2009-03-22': 4343237.4, 'SAT09referencesolvergnovelty+2_2009-03-22': 5041332.07, 'SAT09referencesolvermarch_hi_hi': 7238735.46, 'adaptg2wsat2011_2011-03-02': 4253252.15, 'march_rw_2011-03-02': 7233669.73, 'sattime2011_2011-03-02': 4091579.26, 'sparrow2011_sparrow2011_ubcsat1.2_2011-03-02': 3104095.7}
2025-02-11 11:01 | INFO | Single best solver time train = sparrow2011_sparrow2011_ubcsat1.2_2011-03-02 (3104095.7)
2025-02-11 11:01 | INFO | Virtual best solver time in validation = 35546.91
2025-02-11 11:01 | INFO | Single best solver list validation = {'EagleUP_1.565.350': 1224459.98, 'MPhaseSAT_M_2011-02-16': 222839.16, 'SAT09referencesolverTNM_2009-03-22': 1224379.47, 'SAT09referencesolvergnovelty+2_2009-03-22': 1224441.85, 'SAT09referencesolvermarch_hi_hi': 699593.68, 'adaptg2wsat2011_2011-03-02': 1224459.89, 'march_rw_2011-03-02': 700830.97, 'sattime2011_2011-03-02': 1224773.26, 'sparrow2011_sparrow2011_ubcsat1.2_2011-03-02': 1224608.51}
2025-02-11 11:01 | INFO | Single best solver time validation = MPhaseSAT_M_2011-02-16 (222839.16)
2025-02-11 11:01 | INFO | Virtual best solver time in test = 6763.77
2025-02-11 11:01 | INFO | Single best solver list test = {'EagleUP_1.565.350': 617150.51, 'MPhaseSAT_M_2011-02-16': 546995.03, 'SAT09referencesolverTNM_2009-03-22': 593804.6, 'SAT09referencesolvergnovelty+2_2009-03-22': 804243.64, 'SAT09referencesolvermarch_hi_hi': 873303.31, 'adaptg2wsat2011_2011-03-02': 515025.61, 'march_rw_2011-03-02': 871699.84, 'sattime2011_2011-03-02': 491623.03, 'sparrow2011_sparrow2011_ubcsat1.2_2011-03-02': 401109.34}
2025-02-11 11:01 | INFO | Single best solver time test = sparrow2011_sparrow2011_ubcsat1.2_2011-03-02 (401109.34)
2025-02-11 11:02 | INFO | Training Time Passive Learning Classifier: 4.17 seconds
2025-02-11 11:02 | INFO | Training Time Passive Learning Regressor: 1.41 seconds
2025-02-11 11:02 | INFO | Passive Learning Classifier Runtime on Validation Set: 264949.0
2025-02-11 11:02 | INFO | Passive Learning Classifier Runtime on Test Set: 121926.65
2025-02-11 11:02 | INFO | Passive Learning Instance Cost: 4922581.21
2025-02-11 11:02 | INFO | Passive Learning Emissions: 0.0002272791214419298
2025-02-11 11:02 | INFO | Passive Learning Energy Consumption: 0.00024728548784696614 kWh
2025-02-11 11:02 | INFO | Training Time Active Learning Classifier: 2.16 seconds
2025-02-11 11:02 | INFO | Training Time Active Learning Regressor: 0.43 seconds
2025-02-11 11:02 | INFO | Initial Active Learning Runtime on Validation Set: 1232382.51
2025-02-11 11:02 | INFO | Initial Active Learning Runtime on Test Set: 446435.99
2025-02-11 11:02 | INFO | Initial Active Learning Instance Cost: 8503.16
2025-02-11 11:02 | INFO | Bin size = 120
2025-02-11 11:02 | INFO | Query 1 Size of the uncertainty table is = 12185/11988
2025-02-11 11:02 | INFO | Query 1 Size of the filtered table is = 120
2025-02-11 11:02 | INFO | Training Time Active Learning Classifier: 1.99 seconds
2025-02-11 11:02 | INFO | Training Time Active Learning Regressor: 0.48 seconds
2025-02-11 11:03 | INFO | Query 1 Active Learning Runtime on Validation Set: 1052422.33
2025-02-11 11:03 | INFO | Query 1 Active Learning Runtime on Test Set: 374844.77999999997
2025-02-11 11:03 | INFO | Query 1 Active Learning Instance Cost: 12876.13
2025-02-11 11:03 | INFO | Query 2 Size of the uncertainty table is = 12045/11988
2025-02-11 11:03 | INFO | Query 2 Size of the filtered table is = 120
2025-02-11 11:03 | INFO | Training Time Active Learning Classifier: 2.03 seconds
2025-02-11 11:03 | INFO | Training Time Active Learning Regressor: 0.52 seconds
2025-02-11 11:03 | INFO | Query 2 Active Learning Runtime on Validation Set: 1196384.6700000002
2025-02-11 11:03 | INFO | Query 2 Active Learning Runtime on Test Set: 302850.43
2025-02-11 11:03 | INFO | Query 2 Active Learning Instance Cost: 13927.56
2025-02-11 11:03 | INFO | Timeout limit is increased to 200
2025-02-11 11:03 | INFO | Query 3 Size of the uncertainty table is = 11839/11988
2025-02-11 11:03 | INFO | Query 3 Size of the filtered table is = 120
2025-02-11 11:03 | INFO | Training Time Active Learning Classifier: 2.07 seconds
2025-02-11 11:03 | INFO | Training Time Active Learning Regressor: 0.56 seconds
2025-02-11 11:03 | INFO | Query 3 Active Learning Runtime on Validation Set: 1232369.79
2025-02-11 11:03 | INFO | Query 3 Active Learning Runtime on Test Set: 338692.26
2025-02-11 11:03 | INFO | Query 3 Active Learning Instance Cost: 17144.29
2025-02-11 11:03 | INFO | Timeout limit is increased to 300
2025-02-11 11:03 | INFO | Query 4 Size of the uncertainty table is = 11661/11988
2025-02-11 11:03 | INFO | Query 4 Size of the filtered table is = 120
2025-02-11 11:03 | INFO | Training Time Active Learning Classifier: 2.12 seconds
2025-02-11 11:03 | INFO | Training Time Active Learning Regressor: 0.6 seconds
2025-02-11 11:04 | INFO | Query 4 Active Learning Runtime on Validation Set: 872468.56
2025-02-11 11:04 | INFO | Query 4 Active Learning Runtime on Test Set: 338692.81
2025-02-11 11:04 | INFO | Query 4 Active Learning Instance Cost: 18776.11
2025-02-11 11:04 | INFO | Query 5 Size of the uncertainty table is = 11444/11988
2025-02-11 11:04 | INFO | Query 5 Size of the filtered table is = 120
2025-02-11 11:04 | INFO | Training Time Active Learning Classifier: 2.26 seconds
2025-02-11 11:04 | INFO | Training Time Active Learning Regressor: 0.63 seconds
2025-02-11 11:04 | INFO | Query 5 Active Learning Runtime on Validation Set: 908458.4500000001
2025-02-11 11:04 | INFO | Query 5 Active Learning Runtime on Test Set: 374015.54
2025-02-11 11:04 | INFO | Query 5 Active Learning Instance Cost: 20391.64
2025-02-11 11:04 | INFO | Timeout limit is increased to 400
2025-02-11 11:04 | INFO | Query 6 Size of the uncertainty table is = 11199/11988
2025-02-11 11:04 | INFO | Query 6 Size of the filtered table is = 120
2025-02-11 11:04 | INFO | Training Time Active Learning Classifier: 2.32 seconds
2025-02-11 11:04 | INFO | Training Time Active Learning Regressor: 0.66 seconds
2025-02-11 11:04 | INFO | Query 6 Active Learning Runtime on Validation Set: 980469.0700000001
2025-02-11 11:04 | INFO | Query 6 Active Learning Runtime on Test Set: 338852.54
2025-02-11 11:04 | INFO | Query 6 Active Learning Instance Cost: 22004.66
2025-02-11 11:04 | INFO | Timeout limit is increased to 500
2025-02-11 11:05 | INFO | Query 7 Size of the uncertainty table is = 10959/11988
2025-02-11 11:05 | INFO | Query 7 Size of the filtered table is = 120
2025-02-11 11:05 | INFO | Training Time Active Learning Classifier: 2.39 seconds
2025-02-11 11:05 | INFO | Training Time Active Learning Regressor: 0.71 seconds
2025-02-11 11:05 | INFO | Query 7 Active Learning Runtime on Validation Set: 1232382.51
2025-02-11 11:05 | INFO | Query 7 Active Learning Runtime on Test Set: 338697.36
2025-02-11 11:05 | INFO | Query 7 Active Learning Instance Cost: 27640.73
2025-02-11 11:05 | INFO | Timeout limit is increased to 600
2025-02-11 11:05 | INFO | Query 8 Size of the uncertainty table is = 10748/11988
2025-02-11 11:05 | INFO | Query 8 Size of the filtered table is = 120
2025-02-11 11:05 | INFO | Training Time Active Learning Classifier: 2.34 seconds
2025-02-11 11:05 | INFO | Training Time Active Learning Regressor: 0.76 seconds
2025-02-11 11:05 | INFO | Query 8 Active Learning Runtime on Validation Set: 1016436.49
2025-02-11 11:05 | INFO | Query 8 Active Learning Runtime on Test Set: 302886.95
2025-02-11 11:05 | INFO | Query 8 Active Learning Instance Cost: 36486.13
2025-02-11 11:05 | INFO | Query 9 Size of the uncertainty table is = 10508/11988
2025-02-11 11:05 | INFO | Query 9 Size of the filtered table is = 120
2025-02-11 11:05 | INFO | Training Time Active Learning Classifier: 2.43 seconds
2025-02-11 11:05 | INFO | Training Time Active Learning Regressor: 0.82 seconds
2025-02-11 11:06 | INFO | Query 9 Active Learning Runtime on Validation Set: 908472.29
2025-02-11 11:06 | INFO | Query 9 Active Learning Runtime on Test Set: 338882.05
2025-02-11 11:06 | INFO | Query 9 Active Learning Instance Cost: 50199.99
2025-02-11 11:06 | INFO | Query 10 Size of the uncertainty table is = 10197/11988
2025-02-11 11:06 | INFO | Query 10 Size of the filtered table is = 120
2025-02-11 11:06 | INFO | Training Time Active Learning Classifier: 2.49 seconds
2025-02-11 11:06 | INFO | Training Time Active Learning Regressor: 0.87 seconds
2025-02-11 11:06 | INFO | Query 10 Active Learning Runtime on Validation Set: 1196417.47
2025-02-11 11:06 | INFO | Query 10 Active Learning Runtime on Test Set: 339051.98
2025-02-11 11:06 | INFO | Query 10 Active Learning Instance Cost: 58460.62
2025-02-11 11:06 | INFO | Timeout limit is increased to 700
2025-02-11 11:06 | INFO | Query 11 Size of the uncertainty table is = 9968/11988
2025-02-11 11:06 | INFO | Query 11 Size of the filtered table is = 120
2025-02-11 11:06 | INFO | Training Time Active Learning Classifier: 2.6 seconds
2025-02-11 11:06 | INFO | Training Time Active Learning Regressor: 0.91 seconds
2025-02-11 11:06 | INFO | Query 11 Active Learning Runtime on Validation Set: 1232573.57
2025-02-11 11:06 | INFO | Query 11 Active Learning Runtime on Test Set: 410638.02999999997
2025-02-11 11:06 | INFO | Query 11 Active Learning Instance Cost: 80349.97
2025-02-11 11:06 | INFO | Timeout limit is increased to 800
2025-02-11 11:06 | INFO | Query 12 Size of the uncertainty table is = 9565/11988
2025-02-11 11:06 | INFO | Query 12 Size of the filtered table is = 120
2025-02-11 11:07 | INFO | Training Time Active Learning Classifier: 2.69 seconds
2025-02-11 11:07 | INFO | Training Time Active Learning Regressor: 0.96 seconds
2025-02-11 11:07 | INFO | Query 12 Active Learning Runtime on Validation Set: 1232450.54
2025-02-11 11:07 | INFO | Query 12 Active Learning Runtime on Test Set: 374840.62
2025-02-11 11:07 | INFO | Query 12 Active Learning Instance Cost: 95741.03
2025-02-11 11:07 | INFO | Query 13 Size of the uncertainty table is = 9285/11988
2025-02-11 11:07 | INFO | Query 13 Size of the filtered table is = 120
2025-02-11 11:07 | INFO | Training Time Active Learning Classifier: 2.88 seconds
2025-02-11 11:07 | INFO | Training Time Active Learning Regressor: 1.0 seconds
2025-02-11 11:07 | INFO | Query 13 Active Learning Runtime on Validation Set: 1232633.6
2025-02-11 11:07 | INFO | Query 13 Active Learning Runtime on Test Set: 375027.82
2025-02-11 11:07 | INFO | Query 13 Active Learning Instance Cost: 112037.6
2025-02-11 11:07 | INFO | Timeout limit is increased to 900
2025-02-11 11:07 | INFO | Query 14 Size of the uncertainty table is = 8978/11988
2025-02-11 11:07 | INFO | Query 14 Size of the filtered table is = 120
2025-02-11 11:07 | INFO | Training Time Active Learning Classifier: 2.97 seconds
2025-02-11 11:07 | INFO | Training Time Active Learning Regressor: 1.03 seconds
2025-02-11 11:08 | INFO | Query 14 Active Learning Runtime on Validation Set: 1052575.21
2025-02-11 11:08 | INFO | Query 14 Active Learning Runtime on Test Set: 375029.70999999996
2025-02-11 11:08 | INFO | Query 14 Active Learning Instance Cost: 129397.54
2025-02-11 11:08 | INFO | Query 15 Size of the uncertainty table is = 8704/11988
2025-02-11 11:08 | INFO | Query 15 Size of the filtered table is = 120
2025-02-11 11:08 | INFO | Training Time Active Learning Classifier: 2.97 seconds
2025-02-11 11:08 | INFO | Training Time Active Learning Regressor: 1.05 seconds
2025-02-11 11:08 | INFO | Query 15 Active Learning Runtime on Validation Set: 229209.37999999998
2025-02-11 11:08 | INFO | Query 15 Active Learning Runtime on Test Set: 195505.47
2025-02-11 11:08 | INFO | Query 15 Active Learning Instance Cost: 164796.83
2025-02-11 11:08 | INFO | Query 16 Size of the uncertainty table is = 8380/11988
2025-02-11 11:08 | INFO | Query 16 Size of the filtered table is = 120
2025-02-11 11:08 | INFO | Training Time Active Learning Classifier: 3.05 seconds
2025-02-11 11:08 | INFO | Training Time Active Learning Regressor: 1.07 seconds
2025-02-11 11:08 | INFO | Query 16 Active Learning Runtime on Validation Set: 229438.62
2025-02-11 11:08 | INFO | Query 16 Active Learning Runtime on Test Set: 229235.40999999997
2025-02-11 11:08 | INFO | Query 16 Active Learning Instance Cost: 199869.9
2025-02-11 11:08 | INFO | Timeout limit is increased to 1000
2025-02-11 11:09 | INFO | Query 17 Size of the uncertainty table is = 8143/11988
2025-02-11 11:09 | INFO | Query 17 Size of the filtered table is = 120
2025-02-11 11:09 | INFO | Training Time Active Learning Classifier: 3.11 seconds
2025-02-11 11:09 | INFO | Training Time Active Learning Regressor: 1.11 seconds
2025-02-11 11:09 | INFO | Query 17 Active Learning Runtime on Validation Set: 229620.47
2025-02-11 11:09 | INFO | Query 17 Active Learning Runtime on Test Set: 193747.99
2025-02-11 11:09 | INFO | Query 17 Active Learning Instance Cost: 239377.36
2025-02-11 11:09 | INFO | Timeout limit is increased to 1100
2025-02-11 11:09 | INFO | Query 18 Size of the uncertainty table is = 7928/11988
2025-02-11 11:09 | INFO | Query 18 Size of the filtered table is = 120
2025-02-11 11:09 | INFO | Training Time Active Learning Classifier: 3.18 seconds
2025-02-11 11:09 | INFO | Training Time Active Learning Regressor: 1.13 seconds
2025-02-11 11:09 | INFO | Query 18 Active Learning Runtime on Validation Set: 229896.71
2025-02-11 11:09 | INFO | Query 18 Active Learning Runtime on Test Set: 157859.97999999998
2025-02-11 11:09 | INFO | Query 18 Active Learning Instance Cost: 305693.6
2025-02-11 11:09 | INFO | Timeout limit is increased to 1200
2025-02-11 11:09 | INFO | Query 19 Size of the uncertainty table is = 7711/11988
2025-02-11 11:09 | INFO | Query 19 Size of the filtered table is = 120
2025-02-11 11:09 | INFO | Training Time Active Learning Classifier: 3.35 seconds
2025-02-11 11:09 | INFO | Training Time Active Learning Regressor: 1.16 seconds
2025-02-11 11:10 | INFO | Query 19 Active Learning Runtime on Validation Set: 371812.56
2025-02-11 11:10 | INFO | Query 19 Active Learning Runtime on Test Set: 121703.28
2025-02-11 11:10 | INFO | Query 19 Active Learning Instance Cost: 343107.76
2025-02-11 11:10 | INFO | Timeout limit is increased to 1300
2025-02-11 11:10 | INFO | Query 20 Size of the uncertainty table is = 7435/11988
2025-02-11 11:10 | INFO | Query 20 Size of the filtered table is = 120
2025-02-11 11:10 | INFO | Training Time Active Learning Classifier: 3.42 seconds
2025-02-11 11:10 | INFO | Training Time Active Learning Regressor: 1.18 seconds
2025-02-11 11:10 | INFO | Query 20 Active Learning Runtime on Validation Set: 229375.97999999998
2025-02-11 11:10 | INFO | Query 20 Active Learning Runtime on Test Set: 158012.06
2025-02-11 11:10 | INFO | Query 20 Active Learning Instance Cost: 393636.4
2025-02-11 11:10 | INFO | Query 21 Size of the uncertainty table is = 7188/11988
2025-02-11 11:10 | INFO | Query 21 Size of the filtered table is = 120
2025-02-11 11:10 | INFO | Training Time Active Learning Classifier: 3.4 seconds
2025-02-11 11:10 | INFO | Training Time Active Learning Regressor: 1.2 seconds
2025-02-11 11:11 | INFO | Query 21 Active Learning Runtime on Validation Set: 229692.12999999998
2025-02-11 11:11 | INFO | Query 21 Active Learning Runtime on Test Set: 157690.06999999998
2025-02-11 11:11 | INFO | Query 21 Active Learning Instance Cost: 477422.06
2025-02-11 11:11 | INFO | Timeout limit is increased to 1400
2025-02-11 11:11 | INFO | Query 22 Size of the uncertainty table is = 6935/11988
2025-02-11 11:11 | INFO | Query 22 Size of the filtered table is = 120
2025-02-11 11:11 | INFO | Training Time Active Learning Classifier: 3.45 seconds
2025-02-11 11:11 | INFO | Training Time Active Learning Regressor: 1.21 seconds
2025-02-11 11:11 | INFO | Query 22 Active Learning Runtime on Validation Set: 229557.68
2025-02-11 11:11 | INFO | Query 22 Active Learning Runtime on Test Set: 121867.06
2025-02-11 11:11 | INFO | Query 22 Active Learning Instance Cost: 543880.16
2025-02-11 11:11 | INFO | Query 23 Size of the uncertainty table is = 6716/11988
2025-02-11 11:11 | INFO | Query 23 Size of the filtered table is = 120
2025-02-11 11:11 | INFO | Training Time Active Learning Classifier: 3.61 seconds
2025-02-11 11:11 | INFO | Training Time Active Learning Regressor: 1.22 seconds
2025-02-11 11:11 | INFO | Query 23 Active Learning Runtime on Validation Set: 229819.75999999998
2025-02-11 11:11 | INFO | Query 23 Active Learning Runtime on Test Set: 85550.76000000001
2025-02-11 11:11 | INFO | Query 23 Active Learning Instance Cost: 640729.16
2025-02-11 11:11 | INFO | Timeout limit is increased to 1500
2025-02-11 11:11 | INFO | Query 24 Size of the uncertainty table is = 6500/11988
2025-02-11 11:11 | INFO | Query 24 Size of the filtered table is = 120
2025-02-11 11:12 | INFO | Training Time Active Learning Classifier: 3.54 seconds
2025-02-11 11:12 | INFO | Training Time Active Learning Regressor: 1.24 seconds
2025-02-11 11:12 | INFO | Query 24 Active Learning Runtime on Validation Set: 229202.03999999998
2025-02-11 11:12 | INFO | Query 24 Active Learning Runtime on Test Set: 85891.83
2025-02-11 11:12 | INFO | Query 24 Active Learning Instance Cost: 729647.59
2025-02-11 11:12 | INFO | Query 25 Size of the uncertainty table is = 6342/11988
2025-02-11 11:12 | INFO | Query 25 Size of the filtered table is = 120
2025-02-11 11:12 | INFO | Training Time Active Learning Classifier: 3.69 seconds
2025-02-11 11:12 | INFO | Training Time Active Learning Regressor: 1.26 seconds
2025-02-11 11:12 | INFO | Query 25 Active Learning Runtime on Validation Set: 229431.87999999998
2025-02-11 11:12 | INFO | Query 25 Active Learning Runtime on Test Set: 85885.27
2025-02-11 11:12 | INFO | Query 25 Active Learning Instance Cost: 817877.29
2025-02-11 11:12 | INFO | Timeout limit is increased to 1600
2025-02-11 11:12 | INFO | Query 26 Size of the uncertainty table is = 6130/11988
2025-02-11 11:12 | INFO | Query 26 Size of the filtered table is = 120
2025-02-11 11:12 | INFO | Training Time Active Learning Classifier: 3.75 seconds
2025-02-11 11:12 | INFO | Training Time Active Learning Regressor: 1.27 seconds
2025-02-11 11:13 | INFO | Query 26 Active Learning Runtime on Validation Set: 229611.25
2025-02-11 11:13 | INFO | Query 26 Active Learning Runtime on Test Set: 86667.84
2025-02-11 11:13 | INFO | Query 26 Active Learning Instance Cost: 883494.23
2025-02-11 11:13 | INFO | Timeout limit is increased to 1700
2025-02-11 11:13 | INFO | Query 27 Size of the uncertainty table is = 5980/11988
2025-02-11 11:13 | INFO | Query 27 Size of the filtered table is = 120
2025-02-11 11:13 | INFO | Training Time Active Learning Classifier: 3.69 seconds
2025-02-11 11:13 | INFO | Training Time Active Learning Regressor: 1.29 seconds
2025-02-11 11:13 | INFO | Query 27 Active Learning Runtime on Validation Set: 300544.04
2025-02-11 11:13 | INFO | Query 27 Active Learning Runtime on Test Set: 85695.87000000001
2025-02-11 11:13 | INFO | Query 27 Active Learning Instance Cost: 969704.14
2025-02-11 11:13 | INFO | Timeout limit is increased to 1800
2025-02-11 11:13 | INFO | Query 28 Size of the uncertainty table is = 5797/11988
2025-02-11 11:13 | INFO | Query 28 Size of the filtered table is = 120
2025-02-11 11:13 | INFO | Training Time Active Learning Classifier: 3.82 seconds
2025-02-11 11:13 | INFO | Training Time Active Learning Regressor: 1.29 seconds
2025-02-11 11:13 | INFO | Query 28 Active Learning Runtime on Validation Set: 229701.12999999998
2025-02-11 11:13 | INFO | Query 28 Active Learning Runtime on Test Set: 85692.07
2025-02-11 11:13 | INFO | Query 28 Active Learning Instance Cost: 1071677.57
2025-02-11 11:14 | INFO | Query 29 Size of the uncertainty table is = 5564/11988
2025-02-11 11:14 | INFO | Query 29 Size of the filtered table is = 120
2025-02-11 11:14 | INFO | Training Time Active Learning Classifier: 3.84 seconds
2025-02-11 11:14 | INFO | Training Time Active Learning Regressor: 1.31 seconds
2025-02-11 11:14 | INFO | Query 29 Active Learning Runtime on Validation Set: 229726.49
2025-02-11 11:14 | INFO | Query 29 Active Learning Runtime on Test Set: 85687.61
2025-02-11 11:14 | INFO | Query 29 Active Learning Instance Cost: 1157276.43
2025-02-11 11:14 | INFO | Timeout limit is increased to 1900
2025-02-11 11:14 | INFO | Query 30 Size of the uncertainty table is = 5402/11988
2025-02-11 11:14 | INFO | Query 30 Size of the filtered table is = 120
2025-02-11 11:14 | INFO | Training Time Active Learning Classifier: 3.77 seconds
2025-02-11 11:14 | INFO | Training Time Active Learning Regressor: 1.32 seconds
2025-02-11 11:14 | INFO | Query 30 Active Learning Runtime on Validation Set: 229765.15
2025-02-11 11:14 | INFO | Query 30 Active Learning Runtime on Test Set: 85687.29000000001
2025-02-11 11:14 | INFO | Query 30 Active Learning Instance Cost: 1252729.43
2025-02-11 11:14 | INFO | Timeout limit is increased to 2000
2025-02-11 11:14 | INFO | Query 31 Size of the uncertainty table is = 5184/11988
2025-02-11 11:14 | INFO | Query 31 Size of the filtered table is = 120
2025-02-11 11:14 | INFO | Training Time Active Learning Classifier: 3.86 seconds
2025-02-11 11:15 | INFO | Training Time Active Learning Regressor: 1.33 seconds
2025-02-11 11:15 | INFO | Query 31 Active Learning Runtime on Validation Set: 230012.49
2025-02-11 11:15 | INFO | Query 31 Active Learning Runtime on Test Set: 85813.05
2025-02-11 11:15 | INFO | Query 31 Active Learning Instance Cost: 1328285.29
2025-02-11 11:15 | INFO | Timeout limit is increased to 2100
2025-02-11 11:15 | INFO | Query 32 Size of the uncertainty table is = 4993/11988
2025-02-11 11:15 | INFO | Query 32 Size of the filtered table is = 120
2025-02-11 11:15 | INFO | Training Time Active Learning Classifier: 3.86 seconds
2025-02-11 11:15 | INFO | Training Time Active Learning Regressor: 1.34 seconds
2025-02-11 11:15 | INFO | Query 32 Active Learning Runtime on Validation Set: 229395.28
2025-02-11 11:15 | INFO | Query 32 Active Learning Runtime on Test Set: 121662.22
2025-02-11 11:15 | INFO | Query 32 Active Learning Instance Cost: 1434473.4
2025-02-11 11:15 | INFO | Query 33 Size of the uncertainty table is = 4815/11988
2025-02-11 11:15 | INFO | Query 33 Size of the filtered table is = 120
2025-02-11 11:15 | INFO | Training Time Active Learning Classifier: 3.88 seconds
2025-02-11 11:15 | INFO | Training Time Active Learning Regressor: 1.35 seconds
2025-02-11 11:16 | INFO | Query 33 Active Learning Runtime on Validation Set: 229472.21
2025-02-11 11:16 | INFO | Query 33 Active Learning Runtime on Test Set: 121864.37000000001
2025-02-11 11:16 | INFO | Query 33 Active Learning Instance Cost: 1515231.16
2025-02-11 11:16 | INFO | Timeout limit is increased to 2200
2025-02-11 11:16 | INFO | Query 34 Size of the uncertainty table is = 4692/11988
2025-02-11 11:16 | INFO | Query 34 Size of the filtered table is = 120
2025-02-11 11:16 | INFO | Training Time Active Learning Classifier: 3.91 seconds
2025-02-11 11:16 | INFO | Training Time Active Learning Regressor: 1.37 seconds
2025-02-11 11:16 | INFO | Query 34 Active Learning Runtime on Validation Set: 229764.34999999998
2025-02-11 11:16 | INFO | Query 34 Active Learning Runtime on Test Set: 121613.96
2025-02-11 11:16 | INFO | Query 34 Active Learning Instance Cost: 1627569.15
2025-02-11 11:16 | INFO | Timeout limit is increased to 2300
2025-02-11 11:16 | INFO | Query 35 Size of the uncertainty table is = 4534/11988
2025-02-11 11:16 | INFO | Query 35 Size of the filtered table is = 120
2025-02-11 11:16 | INFO | Training Time Active Learning Classifier: 3.92 seconds
2025-02-11 11:16 | INFO | Training Time Active Learning Regressor: 1.37 seconds
2025-02-11 11:16 | INFO | Query 35 Active Learning Runtime on Validation Set: 229414.47999999998
2025-02-11 11:16 | INFO | Query 35 Active Learning Runtime on Test Set: 121716.11
2025-02-11 11:16 | INFO | Query 35 Active Learning Instance Cost: 1732473.53
2025-02-11 11:16 | INFO | Query 36 Size of the uncertainty table is = 4447/11988
2025-02-11 11:16 | INFO | Query 36 Size of the filtered table is = 120
2025-02-11 11:17 | INFO | Training Time Active Learning Classifier: 4.04 seconds
2025-02-11 11:17 | INFO | Training Time Active Learning Regressor: 1.37 seconds
2025-02-11 11:17 | INFO | Query 36 Active Learning Runtime on Validation Set: 229461.69999999998
2025-02-11 11:17 | INFO | Query 36 Active Learning Runtime on Test Set: 121859.58
2025-02-11 11:17 | INFO | Query 36 Active Learning Instance Cost: 1846225.44
2025-02-11 11:17 | INFO | Timeout limit is increased to 2400
2025-02-11 11:17 | INFO | Query 37 Size of the uncertainty table is = 4286/11988
2025-02-11 11:17 | INFO | Query 37 Size of the filtered table is = 120
2025-02-11 11:17 | INFO | Training Time Active Learning Classifier: 3.95 seconds
2025-02-11 11:17 | INFO | Training Time Active Learning Regressor: 1.38 seconds
2025-02-11 11:17 | INFO | Query 37 Active Learning Runtime on Validation Set: 229465.72
2025-02-11 11:17 | INFO | Query 37 Active Learning Runtime on Test Set: 121857.86
2025-02-11 11:17 | INFO | Query 37 Active Learning Instance Cost: 1927947.78
2025-02-11 11:17 | INFO | Timeout limit is increased to 2500
2025-02-11 11:17 | INFO | Query 38 Size of the uncertainty table is = 4186/11988
2025-02-11 11:17 | INFO | Query 38 Size of the filtered table is = 120
2025-02-11 11:17 | INFO | Training Time Active Learning Classifier: 3.99 seconds
2025-02-11 11:17 | INFO | Training Time Active Learning Regressor: 1.38 seconds
2025-02-11 11:18 | INFO | Query 38 Active Learning Runtime on Validation Set: 229450.06999999998
2025-02-11 11:18 | INFO | Query 38 Active Learning Runtime on Test Set: 121647.28
2025-02-11 11:18 | INFO | Query 38 Active Learning Instance Cost: 2017563.81
2025-02-11 11:18 | INFO | Query 39 Size of the uncertainty table is = 4079/11988
2025-02-11 11:18 | INFO | Query 39 Size of the filtered table is = 120
2025-02-11 11:18 | INFO | Training Time Active Learning Classifier: 3.99 seconds
2025-02-11 11:18 | INFO | Training Time Active Learning Regressor: 1.38 seconds
2025-02-11 11:18 | INFO | Query 39 Active Learning Runtime on Validation Set: 230016.05
2025-02-11 11:18 | INFO | Query 39 Active Learning Runtime on Test Set: 121728.55
2025-02-11 11:18 | INFO | Query 39 Active Learning Instance Cost: 2113997.83
2025-02-11 11:18 | INFO | Timeout limit is increased to 2600
2025-02-11 11:18 | INFO | Query 40 Size of the uncertainty table is = 3993/11988
2025-02-11 11:18 | INFO | Query 40 Size of the filtered table is = 120
2025-02-11 11:18 | INFO | Training Time Active Learning Classifier: 4.0 seconds
2025-02-11 11:18 | INFO | Training Time Active Learning Regressor: 1.39 seconds
2025-02-11 11:18 | INFO | Query 40 Active Learning Runtime on Validation Set: 229784.0
2025-02-11 11:18 | INFO | Query 40 Active Learning Runtime on Test Set: 121773.76000000001
2025-02-11 11:18 | INFO | Query 40 Active Learning Instance Cost: 2185694.33
2025-02-11 11:19 | INFO | Query 41 Size of the uncertainty table is = 3888/11988
2025-02-11 11:19 | INFO | Query 41 Size of the filtered table is = 120
2025-02-11 11:19 | INFO | Training Time Active Learning Classifier: 4.02 seconds
2025-02-11 11:19 | INFO | Training Time Active Learning Regressor: 1.39 seconds
2025-02-11 11:19 | INFO | Query 41 Active Learning Runtime on Validation Set: 229779.31
2025-02-11 11:19 | INFO | Query 41 Active Learning Runtime on Test Set: 122625.64
2025-02-11 11:19 | INFO | Query 41 Active Learning Instance Cost: 2242509.81
2025-02-11 11:19 | INFO | Query 42 Size of the uncertainty table is = 3775/11988
2025-02-11 11:19 | INFO | Query 42 Size of the filtered table is = 120
2025-02-11 11:19 | INFO | Training Time Active Learning Classifier: 4.02 seconds
2025-02-11 11:19 | INFO | Training Time Active Learning Regressor: 1.4 seconds
2025-02-11 11:19 | INFO | Query 42 Active Learning Runtime on Validation Set: 229772.46
2025-02-11 11:19 | INFO | Query 42 Active Learning Runtime on Test Set: 122660.31
2025-02-11 11:19 | INFO | Query 42 Active Learning Instance Cost: 2300209.81
2025-02-11 11:19 | INFO | Query 43 Size of the uncertainty table is = 3721/11988
2025-02-11 11:19 | INFO | Query 43 Size of the filtered table is = 120
2025-02-11 11:19 | INFO | Training Time Active Learning Classifier: 4.03 seconds
2025-02-11 11:19 | INFO | Training Time Active Learning Regressor: 1.4 seconds
2025-02-11 11:20 | INFO | Query 43 Active Learning Runtime on Validation Set: 229772.46
2025-02-11 11:20 | INFO | Query 43 Active Learning Runtime on Test Set: 122660.31
2025-02-11 11:20 | INFO | Query 43 Active Learning Instance Cost: 2360209.81
2025-02-11 11:20 | INFO | Timeout limit is increased to 2700
2025-02-11 11:20 | INFO | Query 44 Size of the uncertainty table is = 3619/11988
2025-02-11 11:20 | INFO | Query 44 Size of the filtered table is = 120
2025-02-11 11:20 | INFO | Training Time Active Learning Classifier: 4.05 seconds
2025-02-11 11:20 | INFO | Training Time Active Learning Regressor: 1.4 seconds
2025-02-11 11:20 | INFO | Query 44 Active Learning Runtime on Validation Set: 229864.78999999998
2025-02-11 11:20 | INFO | Query 44 Active Learning Runtime on Test Set: 122618.33
2025-02-11 11:20 | INFO | Query 44 Active Learning Instance Cost: 2411809.87
2025-02-11 11:20 | INFO | Timeout limit is increased to 2800
2025-02-11 11:20 | INFO | Query 45 Size of the uncertainty table is = 3540/11988
2025-02-11 11:20 | INFO | Query 45 Size of the filtered table is = 120
2025-02-11 11:20 | INFO | Training Time Active Learning Classifier: 4.07 seconds
2025-02-11 11:20 | INFO | Training Time Active Learning Regressor: 1.41 seconds
2025-02-11 11:21 | INFO | Query 45 Active Learning Runtime on Validation Set: 229429.86
2025-02-11 11:21 | INFO | Query 45 Active Learning Runtime on Test Set: 122613.47
2025-02-11 11:21 | INFO | Query 45 Active Learning Instance Cost: 2478509.53
2025-02-11 11:21 | INFO | Query 46 Size of the uncertainty table is = 3487/11988
2025-02-11 11:21 | INFO | Query 46 Size of the filtered table is = 120
2025-02-11 11:21 | INFO | Training Time Active Learning Classifier: 4.07 seconds
2025-02-11 11:21 | INFO | Training Time Active Learning Regressor: 1.41 seconds
2025-02-11 11:21 | INFO | Query 46 Active Learning Runtime on Validation Set: 229434.56999999998
2025-02-11 11:21 | INFO | Query 46 Active Learning Runtime on Test Set: 121725.77
2025-02-11 11:21 | INFO | Query 46 Active Learning Instance Cost: 2531183.38
2025-02-11 11:21 | INFO | Timeout limit is increased to 2900
2025-02-11 11:21 | INFO | Query 47 Size of the uncertainty table is = 3415/11988
2025-02-11 11:21 | INFO | Query 47 Size of the filtered table is = 120
2025-02-11 11:21 | INFO | Training Time Active Learning Classifier: 4.07 seconds
2025-02-11 11:21 | INFO | Training Time Active Learning Regressor: 1.41 seconds
2025-02-11 11:21 | INFO | Query 47 Active Learning Runtime on Validation Set: 229779.91999999998
2025-02-11 11:21 | INFO | Query 47 Active Learning Runtime on Test Set: 122613.47
2025-02-11 11:21 | INFO | Query 47 Active Learning Instance Cost: 2560369.1
2025-02-11 11:21 | INFO | Timeout limit is increased to 3000
2025-02-11 11:21 | INFO | Query 48 Size of the uncertainty table is = 3393/11988
2025-02-11 11:21 | INFO | Query 48 Size of the filtered table is = 120
2025-02-11 11:21 | INFO | Training Time Active Learning Classifier: 4.11 seconds
2025-02-11 11:22 | INFO | Training Time Active Learning Regressor: 1.42 seconds
2025-02-11 11:22 | INFO | Query 48 Active Learning Runtime on Validation Set: 229774.08
2025-02-11 11:22 | INFO | Query 48 Active Learning Runtime on Test Set: 122613.47
2025-02-11 11:22 | INFO | Query 48 Active Learning Instance Cost: 2604375.54
2025-02-11 11:22 | INFO | Query 49 Size of the uncertainty table is = 3358/11988
2025-02-11 11:22 | INFO | Query 49 Size of the filtered table is = 120
2025-02-11 11:22 | INFO | Training Time Active Learning Classifier: 4.15 seconds
2025-02-11 11:22 | INFO | Training Time Active Learning Regressor: 1.41 seconds
2025-02-11 11:22 | INFO | Query 49 Active Learning Runtime on Validation Set: 229774.08
2025-02-11 11:22 | INFO | Query 49 Active Learning Runtime on Test Set: 122613.47
2025-02-11 11:22 | INFO | Query 49 Active Learning Instance Cost: 2625854.95
2025-02-11 11:22 | INFO | Timeout limit is increased to 3100
2025-02-11 11:22 | INFO | Query 50 Size of the uncertainty table is = 3330/11988
2025-02-11 11:22 | INFO | Query 50 Size of the filtered table is = 120
2025-02-11 11:22 | INFO | Training Time Active Learning Classifier: 4.08 seconds
2025-02-11 11:22 | INFO | Training Time Active Learning Regressor: 1.41 seconds
2025-02-11 11:23 | INFO | Query 50 Active Learning Runtime on Validation Set: 229415.90999999997
2025-02-11 11:23 | INFO | Query 50 Active Learning Runtime on Test Set: 122615.04000000001
2025-02-11 11:23 | INFO | Query 50 Active Learning Instance Cost: 2657365.13
2025-02-11 11:23 | INFO | Query 51 Size of the uncertainty table is = 3308/11988
2025-02-11 11:23 | INFO | Query 51 Size of the filtered table is = 120
2025-02-11 11:23 | INFO | Training Time Active Learning Classifier: 4.1 seconds
2025-02-11 11:23 | INFO | Training Time Active Learning Regressor: 1.42 seconds
2025-02-11 11:23 | INFO | Query 51 Active Learning Runtime on Validation Set: 229414.75999999998
2025-02-11 11:23 | INFO | Query 51 Active Learning Runtime on Test Set: 122615.04000000001
2025-02-11 11:23 | INFO | Query 51 Active Learning Instance Cost: 2672169.14
2025-02-11 11:23 | INFO | Query 52 Size of the uncertainty table is = 3289/11988
2025-02-11 11:23 | INFO | Query 52 Size of the filtered table is = 120
2025-02-11 11:23 | INFO | Training Time Active Learning Classifier: 4.1 seconds
2025-02-11 11:23 | INFO | Training Time Active Learning Regressor: 1.42 seconds
2025-02-11 11:23 | INFO | Query 52 Active Learning Runtime on Validation Set: 229414.75999999998
2025-02-11 11:23 | INFO | Query 52 Active Learning Runtime on Test Set: 122615.04000000001
2025-02-11 11:23 | INFO | Query 52 Active Learning Instance Cost: 2683769.14
2025-02-11 11:23 | INFO | Timeout limit is increased to 3200
2025-02-11 11:23 | INFO | Query 53 Size of the uncertainty table is = 3275/11988
2025-02-11 11:23 | INFO | Query 53 Size of the filtered table is = 120
2025-02-11 11:23 | INFO | Training Time Active Learning Classifier: 4.2 seconds
2025-02-11 11:24 | INFO | Training Time Active Learning Regressor: 1.41 seconds
2025-02-11 11:24 | INFO | Query 53 Active Learning Runtime on Validation Set: 229766.81
2025-02-11 11:24 | INFO | Query 53 Active Learning Runtime on Test Set: 122612.46
2025-02-11 11:24 | INFO | Query 53 Active Learning Instance Cost: 2722939.55
2025-02-11 11:24 | INFO | Timeout limit is increased to 3300
2025-02-11 11:24 | INFO | Query 54 Size of the uncertainty table is = 3245/11988
2025-02-11 11:24 | INFO | Query 54 Size of the filtered table is = 120
2025-02-11 11:24 | INFO | Training Time Active Learning Classifier: 4.11 seconds
2025-02-11 11:24 | INFO | Training Time Active Learning Regressor: 1.42 seconds
2025-02-11 11:24 | INFO | Query 54 Active Learning Runtime on Validation Set: 265321.49
2025-02-11 11:24 | INFO | Query 54 Active Learning Runtime on Test Set: 122614.69
2025-02-11 11:24 | INFO | Query 54 Active Learning Instance Cost: 2750898.15
2025-02-11 11:24 | INFO | Timeout limit is increased to 3400
2025-02-11 11:24 | INFO | Query 55 Size of the uncertainty table is = 3209/11988
2025-02-11 11:24 | INFO | Query 55 Size of the filtered table is = 120
2025-02-11 11:24 | INFO | Training Time Active Learning Classifier: 4.11 seconds
2025-02-11 11:24 | INFO | Training Time Active Learning Regressor: 1.42 seconds
2025-02-11 11:25 | INFO | Query 55 Active Learning Runtime on Validation Set: 443241.20999999996
2025-02-11 11:25 | INFO | Query 55 Active Learning Runtime on Test Set: 122629.19
2025-02-11 11:25 | INFO | Query 55 Active Learning Instance Cost: 2804473.6
2025-02-11 11:25 | INFO | Timeout limit is increased to 3500
2025-02-11 11:25 | INFO | Query 56 Size of the uncertainty table is = 3150/11988
2025-02-11 11:25 | INFO | Query 56 Size of the filtered table is = 120
2025-02-11 11:25 | INFO | Training Time Active Learning Classifier: 4.11 seconds
2025-02-11 11:25 | INFO | Training Time Active Learning Regressor: 1.42 seconds
2025-02-11 11:25 | INFO | Query 56 Active Learning Runtime on Validation Set: 442873.79
2025-02-11 11:25 | INFO | Query 56 Active Learning Runtime on Test Set: 122630.91
2025-02-11 11:25 | INFO | Query 56 Active Learning Instance Cost: 2858723.05
2025-02-11 11:25 | INFO | Query 57 Size of the uncertainty table is = 3127/11988
2025-02-11 11:25 | INFO | Query 57 Size of the filtered table is = 120
2025-02-11 11:25 | INFO | Training Time Active Learning Classifier: 4.12 seconds
2025-02-11 11:25 | INFO | Training Time Active Learning Regressor: 1.5 seconds
2025-02-11 11:25 | INFO | Query 57 Active Learning Runtime on Validation Set: 478240.61
2025-02-11 11:25 | INFO | Query 57 Active Learning Runtime on Test Set: 122631.28
2025-02-11 11:25 | INFO | Query 57 Active Learning Instance Cost: 2905004.49
2025-02-11 11:25 | INFO | Timeout limit is increased to 3600
2025-02-11 11:25 | INFO | Query 58 Size of the uncertainty table is = 3094/11988
2025-02-11 11:25 | INFO | Query 58 Size of the filtered table is = 120
2025-02-11 11:26 | INFO | Training Time Active Learning Classifier: 4.12 seconds
2025-02-11 11:26 | INFO | Training Time Active Learning Regressor: 1.42 seconds
2025-02-11 11:26 | INFO | Query 58 Active Learning Runtime on Validation Set: 442697.07
2025-02-11 11:26 | INFO | Query 58 Active Learning Runtime on Test Set: 122631.11
2025-02-11 11:26 | INFO | Query 58 Active Learning Instance Cost: 2940204.49
2025-02-11 11:26 | INFO | Query 59 Size of the uncertainty table is = 795/11988
2025-02-11 11:26 | INFO | Query 59 Size of the filtered table is = 120
2025-02-11 11:26 | INFO | Training Time Active Learning Classifier: 4.13 seconds
2025-02-11 11:26 | INFO | Training Time Active Learning Regressor: 1.43 seconds
2025-02-11 11:26 | INFO | Query 59 Active Learning Runtime on Validation Set: 264963.19
2025-02-11 11:26 | INFO | Query 59 Active Learning Runtime on Test Set: 122617.74
2025-02-11 11:26 | INFO | Query 59 Active Learning Instance Cost: 3299873.96
2025-02-11 11:26 | INFO | Query 60 Size of the uncertainty table is = 167/11988
2025-02-11 11:26 | INFO | Query 60 Size of the filtered table is = 120
2025-02-11 11:26 | INFO | Training Time Active Learning Classifier: 4.14 seconds
2025-02-11 11:26 | INFO | Training Time Active Learning Regressor: 1.43 seconds
2025-02-11 11:26 | INFO | Query 60 Active Learning Runtime on Validation Set: 300501.27999999997
2025-02-11 11:26 | INFO | Query 60 Active Learning Runtime on Test Set: 122617.74
2025-02-11 11:26 | INFO | Query 60 Active Learning Instance Cost: 3399973.96
2025-02-11 11:26 | INFO | Timeout limit is increased to 3600
2025-02-11 11:26 | INFO | Active Learning Emissions: 0.01738742137637331
2025-02-11 11:26 | INFO | Active Learning Energy Consumption: 0.01891795845645158 kWh
2025-02-11 11:26 | INFO | runtime_test_score is written as json file
2025-02-11 11:26 | INFO | runtime_validation_score is written as json file
2025-02-11 11:26 | INFO | instance_cost is written as json file
2025-02-11 11:26 | INFO | Experiment is finished
