2024-06-10 08:46 | INFO | Paramaters are: {'dataset': 'SAT11-RAND', 'penalty': 10, 'weight': 'No_Weight', 'voting': 'Hard', 'pre_selection_size': 64, 'pre_selection_technique': 'No_pre_selection', 'feature_elimination_threshold': 20, 'imputer_strategy': 'median', 'feature_selection_technique': 'No_feature_selection', 'feature_scaling_technique': 'StandardScaler', 'initial_train_size': 20, 'query_size': 1, 'timeout_predictor_usage': 'Yes', 'timeout_limit': 100, 'timeout_increase_rate': 100, 'RANDOM_STATE_SEED': 123, 'n_splits': 10, 'split_number': 6, 'max_timeout': 3600, 'param_grid': {'n_estimators': 100, 'criterion': 'gini', 'max_features': 'sqrt', 'max_depth': 2147483648, 'min_samples_split': 2, 'bootstrap': True}}
2024-06-10 08:46 | INFO | SAT11-RAND is current dataset
2024-06-10 08:46 | INFO | DATASETS/SAT11-RAND/algorithm_runs.arff is found
2024-06-10 08:46 | INFO | DATASETS/SAT11-RAND/algorithm_runs.arff is finished
2024-06-10 08:46 | INFO | DATASETS/SAT11-RAND/feature_values.arff is found
2024-06-10 08:46 | INFO | DATASETS/SAT11-RAND/feature_values.arff is finished
2024-06-10 08:46 | INFO | DATASETS/SAT11-RAND/feature_costs.arff is found
2024-06-10 08:46 | INFO | DATASETS/SAT11-RAND/feature_costs.arff is finished
2024-06-10 08:46 | INFO | Feature cost of train set is 7835.95
2024-06-10 08:47 | INFO | Initial Active Learning Random Query Runtime on Validation Set: 1189009.37
2024-06-10 08:47 | INFO | Initial Active Learning Random Query Runtime on Test Set: 556682.67
2024-06-10 08:47 | INFO | Initial Active Learning Random Query Instance Cost: 9375.59
2024-06-10 08:47 | INFO | Bin size = 120
2024-06-10 08:47 | INFO | Query 1 Size of the uncertainty table is = 12319/12024
2024-06-10 08:47 | INFO | Query 1 Size of the filtered table is = 120
2024-06-10 08:48 | INFO | Query 1 Active Learning Random Query Runtime on Validation Set: 1190850.31
2024-06-10 08:48 | INFO | Query 1 Active Learning Random Query Runtime on Test Set: 548915.79
2024-06-10 08:48 | INFO | Query 1 Active Learning Random Query Instance Cost: 22721.5
2024-06-10 08:48 | INFO | Timeout limit is increased to 200
2024-06-10 08:48 | INFO | Query 2 Size of the uncertainty table is = 12203/12024
2024-06-10 08:48 | INFO | Query 2 Size of the filtered table is = 120
2024-06-10 08:49 | INFO | Query 2 Active Learning Random Query Runtime on Validation Set: 1192204.92
2024-06-10 08:49 | INFO | Query 2 Active Learning Random Query Runtime on Test Set: 478857.93
2024-06-10 08:49 | INFO | Query 2 Active Learning Random Query Instance Cost: 47456.18
2024-06-10 08:49 | INFO | Timeout limit is increased to 300
2024-06-10 08:49 | INFO | Query 3 Size of the uncertainty table is = 12065/12024
2024-06-10 08:49 | INFO | Query 3 Size of the filtered table is = 120
2024-06-10 08:50 | INFO | Query 3 Active Learning Random Query Runtime on Validation Set: 977790.17
2024-06-10 08:50 | INFO | Query 3 Active Learning Random Query Runtime on Test Set: 371586.87
2024-06-10 08:50 | INFO | Query 3 Active Learning Random Query Instance Cost: 89429.58
2024-06-10 08:50 | INFO | Query 4 Size of the uncertainty table is = 11865/12024
2024-06-10 08:50 | INFO | Query 4 Size of the filtered table is = 120
2024-06-10 08:51 | INFO | Query 4 Active Learning Random Query Runtime on Validation Set: 584016.18
2024-06-10 08:51 | INFO | Query 4 Active Learning Random Query Runtime on Test Set: 265670.06
2024-06-10 08:51 | INFO | Query 4 Active Learning Random Query Instance Cost: 119969.91
2024-06-10 08:51 | INFO | Query 5 Size of the uncertainty table is = 11581/12024
2024-06-10 08:51 | INFO | Query 5 Size of the filtered table is = 120
2024-06-10 08:52 | INFO | Query 5 Active Learning Random Query Runtime on Validation Set: 620674.84
2024-06-10 08:52 | INFO | Query 5 Active Learning Random Query Runtime on Test Set: 195419.46
2024-06-10 08:52 | INFO | Query 5 Active Learning Random Query Instance Cost: 153266.18
2024-06-10 08:52 | INFO | Timeout limit is increased to 400
2024-06-10 08:52 | INFO | Query 6 Size of the uncertainty table is = 11220/12024
2024-06-10 08:52 | INFO | Query 6 Size of the filtered table is = 120
2024-06-10 08:53 | INFO | Query 6 Active Learning Random Query Runtime on Validation Set: 585180.61
2024-06-10 08:53 | INFO | Query 6 Active Learning Random Query Runtime on Test Set: 158875.39
2024-06-10 08:53 | INFO | Query 6 Active Learning Random Query Instance Cost: 195265.22
2024-06-10 08:53 | INFO | Query 7 Size of the uncertainty table is = 10907/12024
2024-06-10 08:53 | INFO | Query 7 Size of the filtered table is = 120
2024-06-10 08:54 | INFO | Query 7 Active Learning Random Query Runtime on Validation Set: 585675.76
2024-06-10 08:54 | INFO | Query 7 Active Learning Random Query Runtime on Test Set: 158800.31
2024-06-10 08:54 | INFO | Query 7 Active Learning Random Query Instance Cost: 239490.39
2024-06-10 08:54 | INFO | Timeout limit is increased to 500
2024-06-10 08:54 | INFO | Query 8 Size of the uncertainty table is = 10597/12024
2024-06-10 08:54 | INFO | Query 8 Size of the filtered table is = 120
2024-06-10 08:55 | INFO | Query 8 Active Learning Random Query Runtime on Validation Set: 909404.1
2024-06-10 08:55 | INFO | Query 8 Active Learning Random Query Runtime on Test Set: 195141.48
2024-06-10 08:55 | INFO | Query 8 Active Learning Random Query Instance Cost: 292656.95
2024-06-10 08:55 | INFO | Timeout limit is increased to 600
2024-06-10 08:55 | INFO | Query 9 Size of the uncertainty table is = 10247/12024
2024-06-10 08:55 | INFO | Query 9 Size of the filtered table is = 120
2024-06-10 08:56 | INFO | Query 9 Active Learning Random Query Runtime on Validation Set: 480760.15
2024-06-10 08:56 | INFO | Query 9 Active Learning Random Query Runtime on Test Set: 158986.03
2024-06-10 08:56 | INFO | Query 9 Active Learning Random Query Instance Cost: 352552.65
2024-06-10 08:56 | INFO | Query 10 Size of the uncertainty table is = 9810/12024
2024-06-10 08:56 | INFO | Query 10 Size of the filtered table is = 120
2024-06-10 08:57 | INFO | Query 10 Active Learning Random Query Runtime on Validation Set: 445138.88
2024-06-10 08:57 | INFO | Query 10 Active Learning Random Query Runtime on Test Set: 196230.83
2024-06-10 08:57 | INFO | Query 10 Active Learning Random Query Instance Cost: 407000.22
2024-06-10 08:57 | INFO | Query 11 Size of the uncertainty table is = 9434/12024
2024-06-10 08:57 | INFO | Query 11 Size of the filtered table is = 120
2024-06-10 08:58 | INFO | Query 11 Active Learning Random Query Runtime on Validation Set: 481467.19
2024-06-10 08:58 | INFO | Query 11 Active Learning Random Query Runtime on Test Set: 231443.02
2024-06-10 08:58 | INFO | Query 11 Active Learning Random Query Instance Cost: 461134.37
2024-06-10 08:58 | INFO | Timeout limit is increased to 700
2024-06-10 08:58 | INFO | Query 12 Size of the uncertainty table is = 9001/12024
2024-06-10 08:58 | INFO | Query 12 Size of the filtered table is = 120
2024-06-10 08:59 | INFO | Query 12 Active Learning Random Query Runtime on Validation Set: 588695.68
2024-06-10 08:59 | INFO | Query 12 Active Learning Random Query Runtime on Test Set: 232278.99
2024-06-10 08:59 | INFO | Query 12 Active Learning Random Query Instance Cost: 526198.0
2024-06-10 08:59 | INFO | Timeout limit is increased to 800
2024-06-10 08:59 | INFO | Query 13 Size of the uncertainty table is = 8615/12024
2024-06-10 08:59 | INFO | Query 13 Size of the filtered table is = 120
2024-06-10 09:00 | INFO | Query 13 Active Learning Random Query Runtime on Validation Set: 589237.45
2024-06-10 09:00 | INFO | Query 13 Active Learning Random Query Runtime on Test Set: 195678.5
2024-06-10 09:00 | INFO | Query 13 Active Learning Random Query Instance Cost: 600716.84
2024-06-10 09:00 | INFO | Timeout limit is increased to 900
2024-06-10 09:00 | INFO | Query 14 Size of the uncertainty table is = 8263/12024
2024-06-10 09:00 | INFO | Query 14 Size of the filtered table is = 120
2024-06-10 09:01 | INFO | Query 14 Active Learning Random Query Runtime on Validation Set: 553470.27
2024-06-10 09:01 | INFO | Query 14 Active Learning Random Query Runtime on Test Set: 160328.5
2024-06-10 09:01 | INFO | Query 14 Active Learning Random Query Instance Cost: 678845.62
2024-06-10 09:01 | INFO | Query 15 Size of the uncertainty table is = 7802/12024
2024-06-10 09:01 | INFO | Query 15 Size of the filtered table is = 120
2024-06-10 09:02 | INFO | Query 15 Active Learning Random Query Runtime on Validation Set: 661091.82
2024-06-10 09:02 | INFO | Query 15 Active Learning Random Query Runtime on Test Set: 232943.24
2024-06-10 09:02 | INFO | Query 15 Active Learning Random Query Instance Cost: 747457.94
2024-06-10 09:02 | INFO | Timeout limit is increased to 1000
2024-06-10 09:02 | INFO | Query 16 Size of the uncertainty table is = 7328/12024
2024-06-10 09:02 | INFO | Query 16 Size of the filtered table is = 120
2024-06-10 09:03 | INFO | Query 16 Active Learning Random Query Runtime on Validation Set: 554517.71
2024-06-10 09:03 | INFO | Query 16 Active Learning Random Query Runtime on Test Set: 160287.07
2024-06-10 09:03 | INFO | Query 16 Active Learning Random Query Instance Cost: 835408.49
2024-06-10 09:03 | INFO | Query 17 Size of the uncertainty table is = 6973/12024
2024-06-10 09:03 | INFO | Query 17 Size of the filtered table is = 120
2024-06-10 09:04 | INFO | Query 17 Active Learning Random Query Runtime on Validation Set: 589337.89
2024-06-10 09:04 | INFO | Query 17 Active Learning Random Query Runtime on Test Set: 123790.78
2024-06-10 09:04 | INFO | Query 17 Active Learning Random Query Instance Cost: 905148.82
2024-06-10 09:04 | INFO | Timeout limit is increased to 1100
2024-06-10 09:04 | INFO | Query 18 Size of the uncertainty table is = 6512/12024
2024-06-10 09:04 | INFO | Query 18 Size of the filtered table is = 120
2024-06-10 09:05 | INFO | Query 18 Active Learning Random Query Runtime on Validation Set: 554077.19
2024-06-10 09:05 | INFO | Query 18 Active Learning Random Query Runtime on Test Set: 124437.6
2024-06-10 09:05 | INFO | Query 18 Active Learning Random Query Instance Cost: 1002060.37
2024-06-10 09:05 | INFO | Query 19 Size of the uncertainty table is = 6164/12024
2024-06-10 09:05 | INFO | Query 19 Size of the filtered table is = 120
2024-06-10 09:06 | INFO | Query 19 Active Learning Random Query Runtime on Validation Set: 945743.3
2024-06-10 09:06 | INFO | Query 19 Active Learning Random Query Runtime on Test Set: 196379.44
2024-06-10 09:06 | INFO | Query 19 Active Learning Random Query Instance Cost: 1076597.73
2024-06-10 09:06 | INFO | Timeout limit is increased to 1200
2024-06-10 09:06 | INFO | Query 20 Size of the uncertainty table is = 5755/12024
2024-06-10 09:06 | INFO | Query 20 Size of the filtered table is = 120
2024-06-10 09:07 | INFO | Query 20 Active Learning Random Query Runtime on Validation Set: 660208.65
2024-06-10 09:07 | INFO | Query 20 Active Learning Random Query Runtime on Test Set: 160875.0
2024-06-10 09:07 | INFO | Query 20 Active Learning Random Query Instance Cost: 1174087.99
2024-06-10 09:07 | INFO | Query 21 Size of the uncertainty table is = 5432/12024
2024-06-10 09:07 | INFO | Query 21 Size of the filtered table is = 120
2024-06-10 09:08 | INFO | Query 21 Active Learning Random Query Runtime on Validation Set: 589741.78
2024-06-10 09:08 | INFO | Query 21 Active Learning Random Query Runtime on Test Set: 232449.79
2024-06-10 09:08 | INFO | Query 21 Active Learning Random Query Instance Cost: 1263760.68
2024-06-10 09:08 | INFO | Query 22 Size of the uncertainty table is = 5174/12024
2024-06-10 09:08 | INFO | Query 22 Size of the filtered table is = 120
2024-06-10 09:09 | INFO | Query 22 Active Learning Random Query Runtime on Validation Set: 589621.4
2024-06-10 09:09 | INFO | Query 22 Active Learning Random Query Runtime on Test Set: 196603.76
2024-06-10 09:09 | INFO | Query 22 Active Learning Random Query Instance Cost: 1335516.22
2024-06-10 09:09 | INFO | Query 23 Size of the uncertainty table is = 4883/12024
2024-06-10 09:09 | INFO | Query 23 Size of the filtered table is = 120
2024-06-10 09:10 | INFO | Query 23 Active Learning Random Query Runtime on Validation Set: 553447.87
2024-06-10 09:10 | INFO | Query 23 Active Learning Random Query Runtime on Test Set: 161047.37
2024-06-10 09:10 | INFO | Query 23 Active Learning Random Query Instance Cost: 1402557.17
2024-06-10 09:10 | INFO | Query 24 Size of the uncertainty table is = 4624/12024
2024-06-10 09:10 | INFO | Query 24 Size of the filtered table is = 120
2024-06-10 09:11 | INFO | Query 24 Active Learning Random Query Runtime on Validation Set: 661404.97
2024-06-10 09:11 | INFO | Query 24 Active Learning Random Query Runtime on Test Set: 124868.61
2024-06-10 09:11 | INFO | Query 24 Active Learning Random Query Instance Cost: 1466786.63
2024-06-10 09:11 | INFO | Timeout limit is increased to 1300
2024-06-10 09:11 | INFO | Query 25 Size of the uncertainty table is = 4348/12024
2024-06-10 09:11 | INFO | Query 25 Size of the filtered table is = 120
2024-06-10 09:12 | INFO | Query 25 Active Learning Random Query Runtime on Validation Set: 553803.13
2024-06-10 09:12 | INFO | Query 25 Active Learning Random Query Runtime on Test Set: 124968.59
2024-06-10 09:12 | INFO | Query 25 Active Learning Random Query Instance Cost: 1527501.42
2024-06-10 09:12 | INFO | Query 26 Size of the uncertainty table is = 4143/12024
2024-06-10 09:12 | INFO | Query 26 Size of the filtered table is = 120
2024-06-10 09:13 | INFO | Query 26 Active Learning Random Query Runtime on Validation Set: 553897.98
2024-06-10 09:13 | INFO | Query 26 Active Learning Random Query Runtime on Test Set: 125169.73
2024-06-10 09:13 | INFO | Query 26 Active Learning Random Query Instance Cost: 1590058.19
2024-06-10 09:13 | INFO | Timeout limit is increased to 1400
2024-06-10 09:13 | INFO | Query 27 Size of the uncertainty table is = 3969/12024
2024-06-10 09:13 | INFO | Query 27 Size of the filtered table is = 120
2024-06-10 09:14 | INFO | Query 27 Active Learning Random Query Runtime on Validation Set: 732387.46
2024-06-10 09:14 | INFO | Query 27 Active Learning Random Query Runtime on Test Set: 125232.43
2024-06-10 09:14 | INFO | Query 27 Active Learning Random Query Instance Cost: 1665378.5
2024-06-10 09:14 | INFO | Timeout limit is increased to 1500
2024-06-10 09:15 | INFO | Query 28 Size of the uncertainty table is = 3856/12024
2024-06-10 09:15 | INFO | Query 28 Size of the filtered table is = 120
2024-06-10 09:16 | INFO | Query 28 Active Learning Random Query Runtime on Validation Set: 875481.18
2024-06-10 09:16 | INFO | Query 28 Active Learning Random Query Runtime on Test Set: 125142.65
2024-06-10 09:16 | INFO | Query 28 Active Learning Random Query Instance Cost: 1753562.8
2024-06-10 09:16 | INFO | Timeout limit is increased to 1600
2024-06-10 09:16 | INFO | Query 29 Size of the uncertainty table is = 3729/12024
2024-06-10 09:16 | INFO | Query 29 Size of the filtered table is = 120
2024-06-10 09:17 | INFO | Query 29 Active Learning Random Query Runtime on Validation Set: 554346.16
2024-06-10 09:17 | INFO | Query 29 Active Learning Random Query Runtime on Test Set: 125104.61
2024-06-10 09:17 | INFO | Query 29 Active Learning Random Query Instance Cost: 1839668.56
2024-06-10 09:17 | INFO | Query 30 Size of the uncertainty table is = 3577/12024
2024-06-10 09:17 | INFO | Query 30 Size of the filtered table is = 120
2024-06-10 09:18 | INFO | Query 30 Active Learning Random Query Runtime on Validation Set: 554295.95
2024-06-10 09:18 | INFO | Query 30 Active Learning Random Query Runtime on Test Set: 125103.84
2024-06-10 09:18 | INFO | Query 30 Active Learning Random Query Instance Cost: 1913726.53
2024-06-10 09:18 | INFO | Query 31 Size of the uncertainty table is = 3526/12024
2024-06-10 09:18 | INFO | Query 31 Size of the filtered table is = 120
2024-06-10 09:19 | INFO | Query 31 Active Learning Random Query Runtime on Validation Set: 590024.18
2024-06-10 09:19 | INFO | Query 31 Active Learning Random Query Runtime on Test Set: 124382.75
2024-06-10 09:19 | INFO | Query 31 Active Learning Random Query Instance Cost: 1982415.07
2024-06-10 09:19 | INFO | Timeout limit is increased to 1700
2024-06-10 09:19 | INFO | Query 32 Size of the uncertainty table is = 3418/12024
2024-06-10 09:19 | INFO | Query 32 Size of the filtered table is = 120
2024-06-10 09:20 | INFO | Query 32 Active Learning Random Query Runtime on Validation Set: 660743.47
2024-06-10 09:20 | INFO | Query 32 Active Learning Random Query Runtime on Test Set: 125102.57
2024-06-10 09:20 | INFO | Query 32 Active Learning Random Query Instance Cost: 2049493.02
2024-06-10 09:20 | INFO | Timeout limit is increased to 1800
2024-06-10 09:20 | INFO | Query 33 Size of the uncertainty table is = 3363/12024
2024-06-10 09:20 | INFO | Query 33 Size of the filtered table is = 120
2024-06-10 09:21 | INFO | Query 33 Active Learning Random Query Runtime on Validation Set: 554537.24
2024-06-10 09:21 | INFO | Query 33 Active Learning Random Query Runtime on Test Set: 161087.19
2024-06-10 09:21 | INFO | Query 33 Active Learning Random Query Instance Cost: 2118499.79
2024-06-10 09:21 | INFO | Query 34 Size of the uncertainty table is = 3312/12024
2024-06-10 09:21 | INFO | Query 34 Size of the filtered table is = 120
2024-06-10 09:22 | INFO | Query 34 Active Learning Random Query Runtime on Validation Set: 589696.8
2024-06-10 09:22 | INFO | Query 34 Active Learning Random Query Runtime on Test Set: 161088.67
2024-06-10 09:22 | INFO | Query 34 Active Learning Random Query Instance Cost: 2181882.89
2024-06-10 09:22 | INFO | Timeout limit is increased to 1900
2024-06-10 09:22 | INFO | Query 35 Size of the uncertainty table is = 3275/12024
2024-06-10 09:22 | INFO | Query 35 Size of the filtered table is = 120
2024-06-10 09:23 | INFO | Query 35 Active Learning Random Query Runtime on Validation Set: 554138.26
2024-06-10 09:23 | INFO | Query 35 Active Learning Random Query Runtime on Test Set: 125125.3
2024-06-10 09:23 | INFO | Query 35 Active Learning Random Query Instance Cost: 2258661.08
2024-06-10 09:23 | INFO | Query 36 Size of the uncertainty table is = 3224/12024
2024-06-10 09:23 | INFO | Query 36 Size of the filtered table is = 120
2024-06-10 09:24 | INFO | Query 36 Active Learning Random Query Runtime on Validation Set: 554114.55
2024-06-10 09:24 | INFO | Query 36 Active Learning Random Query Runtime on Test Set: 125126.32
2024-06-10 09:24 | INFO | Query 36 Active Learning Random Query Instance Cost: 2330852.42
2024-06-10 09:24 | INFO | Query 37 Size of the uncertainty table is = 3190/12024
2024-06-10 09:24 | INFO | Query 37 Size of the filtered table is = 120
2024-06-10 09:25 | INFO | Query 37 Active Learning Random Query Runtime on Validation Set: 554159.08
2024-06-10 09:25 | INFO | Query 37 Active Learning Random Query Runtime on Test Set: 161119.96
2024-06-10 09:25 | INFO | Query 37 Active Learning Random Query Instance Cost: 2382341.77
2024-06-10 09:25 | INFO | Timeout limit is increased to 2000
2024-06-10 09:25 | INFO | Query 38 Size of the uncertainty table is = 3169/12024
2024-06-10 09:25 | INFO | Query 38 Size of the filtered table is = 120
2024-06-10 09:26 | INFO | Query 38 Active Learning Random Query Runtime on Validation Set: 554104.14
2024-06-10 09:26 | INFO | Query 38 Active Learning Random Query Runtime on Test Set: 161162.43
2024-06-10 09:26 | INFO | Query 38 Active Learning Random Query Instance Cost: 2446590.87
2024-06-10 09:26 | INFO | Query 39 Size of the uncertainty table is = 3143/12024
2024-06-10 09:26 | INFO | Query 39 Size of the filtered table is = 120
2024-06-10 09:27 | INFO | Query 39 Active Learning Random Query Runtime on Validation Set: 589649.74
2024-06-10 09:27 | INFO | Query 39 Active Learning Random Query Runtime on Test Set: 161119.65
2024-06-10 09:27 | INFO | Query 39 Active Learning Random Query Instance Cost: 2502296.67
2024-06-10 09:27 | INFO | Timeout limit is increased to 2100
2024-06-10 09:27 | INFO | Query 40 Size of the uncertainty table is = 3118/12024
2024-06-10 09:27 | INFO | Query 40 Size of the filtered table is = 120
2024-06-10 09:28 | INFO | Query 40 Active Learning Random Query Runtime on Validation Set: 589998.77
2024-06-10 09:28 | INFO | Query 40 Active Learning Random Query Runtime on Test Set: 161163.14
2024-06-10 09:28 | INFO | Query 40 Active Learning Random Query Instance Cost: 2569494.68
2024-06-10 09:28 | INFO | Timeout limit is increased to 2200
2024-06-10 09:28 | INFO | Query 41 Size of the uncertainty table is = 3100/12024
2024-06-10 09:28 | INFO | Query 41 Size of the filtered table is = 120
2024-06-10 09:29 | INFO | Query 41 Active Learning Random Query Runtime on Validation Set: 589941.26
2024-06-10 09:29 | INFO | Query 41 Active Learning Random Query Runtime on Test Set: 161175.86
2024-06-10 09:29 | INFO | Query 41 Active Learning Random Query Instance Cost: 2652628.96
2024-06-10 09:29 | INFO | Query 42 Size of the uncertainty table is = 3078/12024
2024-06-10 09:29 | INFO | Query 42 Size of the filtered table is = 120
2024-06-10 09:30 | INFO | Query 42 Active Learning Random Query Runtime on Validation Set: 661332.32
2024-06-10 09:30 | INFO | Query 42 Active Learning Random Query Runtime on Test Set: 125216.45
2024-06-10 09:30 | INFO | Query 42 Active Learning Random Query Instance Cost: 2719308.14
2024-06-10 09:30 | INFO | Timeout limit is increased to 2300
2024-06-10 09:30 | INFO | Query 43 Size of the uncertainty table is = 3075/12024
2024-06-10 09:30 | INFO | Query 43 Size of the filtered table is = 120
2024-06-10 09:31 | INFO | Query 43 Active Learning Random Query Runtime on Validation Set: 625446.69
2024-06-10 09:31 | INFO | Query 43 Active Learning Random Query Runtime on Test Set: 161095.54
2024-06-10 09:31 | INFO | Query 43 Active Learning Random Query Instance Cost: 2800965.45
2024-06-10 09:31 | INFO | Query 44 Size of the uncertainty table is = 3042/12024
2024-06-10 09:31 | INFO | Query 44 Size of the filtered table is = 120
2024-06-10 09:32 | INFO | Query 44 Active Learning Random Query Runtime on Validation Set: 625163.8
2024-06-10 09:32 | INFO | Query 44 Active Learning Random Query Runtime on Test Set: 161100.88
2024-06-10 09:32 | INFO | Query 44 Active Learning Random Query Instance Cost: 2868407.31
2024-06-10 09:32 | INFO | Query 45 Size of the uncertainty table is = 3020/12024
2024-06-10 09:32 | INFO | Query 45 Size of the filtered table is = 120
2024-06-10 09:33 | INFO | Query 45 Active Learning Random Query Runtime on Validation Set: 625154.1
2024-06-10 09:33 | INFO | Query 45 Active Learning Random Query Runtime on Test Set: 161152.36
2024-06-10 09:33 | INFO | Query 45 Active Learning Random Query Instance Cost: 2920813.36
2024-06-10 09:33 | INFO | Query 46 Size of the uncertainty table is = 2997/12024
2024-06-10 09:33 | INFO | Query 46 Size of the filtered table is = 120
2024-06-10 09:34 | INFO | Query 46 Active Learning Random Query Runtime on Validation Set: 660821.58
2024-06-10 09:34 | INFO | Query 46 Active Learning Random Query Runtime on Test Set: 161095.65
2024-06-10 09:34 | INFO | Query 46 Active Learning Random Query Instance Cost: 2974561.45
2024-06-10 09:34 | INFO | Timeout limit is increased to 2400
2024-06-10 09:34 | INFO | Query 47 Size of the uncertainty table is = 2979/12024
2024-06-10 09:34 | INFO | Query 47 Size of the filtered table is = 120
2024-06-10 09:35 | INFO | Query 47 Active Learning Random Query Runtime on Validation Set: 661189.69
2024-06-10 09:35 | INFO | Query 47 Active Learning Random Query Runtime on Test Set: 160754.61
2024-06-10 09:35 | INFO | Query 47 Active Learning Random Query Instance Cost: 3031940.22
2024-06-10 09:35 | INFO | Timeout limit is increased to 2500
2024-06-10 09:35 | INFO | Query 48 Size of the uncertainty table is = 2952/12024
2024-06-10 09:35 | INFO | Query 48 Size of the filtered table is = 120
2024-06-10 09:36 | INFO | Query 48 Active Learning Random Query Runtime on Validation Set: 732354.7
2024-06-10 09:36 | INFO | Query 48 Active Learning Random Query Runtime on Test Set: 160757.81
2024-06-10 09:36 | INFO | Query 48 Active Learning Random Query Instance Cost: 3109669.49
2024-06-10 09:36 | INFO | Timeout limit is increased to 2600
2024-06-10 09:36 | INFO | Query 49 Size of the uncertainty table is = 2928/12024
2024-06-10 09:36 | INFO | Query 49 Size of the filtered table is = 120
2024-06-10 09:37 | INFO | Query 49 Active Learning Random Query Runtime on Validation Set: 554536.02
2024-06-10 09:37 | INFO | Query 49 Active Learning Random Query Runtime on Test Set: 161153.97
2024-06-10 09:37 | INFO | Query 49 Active Learning Random Query Instance Cost: 3181600.01
2024-06-10 09:37 | INFO | Query 50 Size of the uncertainty table is = 2894/12024
2024-06-10 09:37 | INFO | Query 50 Size of the filtered table is = 120
2024-06-10 09:38 | INFO | Query 50 Active Learning Random Query Runtime on Validation Set: 554536.02
2024-06-10 09:38 | INFO | Query 50 Active Learning Random Query Runtime on Test Set: 161153.97
2024-06-10 09:38 | INFO | Query 50 Active Learning Random Query Instance Cost: 3246087.43
2024-06-10 09:38 | INFO | Timeout limit is increased to 2700
2024-06-10 09:38 | INFO | Query 51 Size of the uncertainty table is = 2892/12024
2024-06-10 09:38 | INFO | Query 51 Size of the filtered table is = 120
2024-06-10 09:39 | INFO | Query 51 Active Learning Random Query Runtime on Validation Set: 625626.16
2024-06-10 09:39 | INFO | Query 51 Active Learning Random Query Runtime on Test Set: 161154.06
2024-06-10 09:39 | INFO | Query 51 Active Learning Random Query Instance Cost: 3320806.09
2024-06-10 09:39 | INFO | Timeout limit is increased to 2800
2024-06-10 09:39 | INFO | Query 52 Size of the uncertainty table is = 2875/12024
2024-06-10 09:39 | INFO | Query 52 Size of the filtered table is = 120
2024-06-10 09:40 | INFO | Query 52 Active Learning Random Query Runtime on Validation Set: 625243.49
2024-06-10 09:40 | INFO | Query 52 Active Learning Random Query Runtime on Test Set: 125161.41
2024-06-10 09:40 | INFO | Query 52 Active Learning Random Query Instance Cost: 3402866.03
2024-06-10 09:40 | INFO | Query 53 Size of the uncertainty table is = 2857/12024
2024-06-10 09:40 | INFO | Query 53 Size of the filtered table is = 120
2024-06-10 09:41 | INFO | Query 53 Active Learning Random Query Runtime on Validation Set: 625243.49
2024-06-10 09:41 | INFO | Query 53 Active Learning Random Query Runtime on Test Set: 125161.41
2024-06-10 09:41 | INFO | Query 53 Active Learning Random Query Instance Cost: 3465766.03
2024-06-10 09:41 | INFO | Timeout limit is increased to 2900
2024-06-10 09:41 | INFO | Query 54 Size of the uncertainty table is = 2857/12024
2024-06-10 09:41 | INFO | Query 54 Size of the filtered table is = 120
2024-06-10 09:42 | INFO | Query 54 Active Learning Random Query Runtime on Validation Set: 660735.2
2024-06-10 09:42 | INFO | Query 54 Active Learning Random Query Runtime on Test Set: 125161.41
2024-06-10 09:42 | INFO | Query 54 Active Learning Random Query Instance Cost: 3539763.18
2024-06-10 09:42 | INFO | Timeout limit is increased to 3000
2024-06-10 09:42 | INFO | Query 55 Size of the uncertainty table is = 2849/12024
2024-06-10 09:42 | INFO | Query 55 Size of the filtered table is = 120
2024-06-10 09:43 | INFO | Query 55 Active Learning Random Query Runtime on Validation Set: 660744.09
2024-06-10 09:43 | INFO | Query 55 Active Learning Random Query Runtime on Test Set: 125161.41
2024-06-10 09:43 | INFO | Query 55 Active Learning Random Query Instance Cost: 3622702.45
2024-06-10 09:43 | INFO | Timeout limit is increased to 3100
2024-06-10 09:43 | INFO | Query 56 Size of the uncertainty table is = 2838/12024
2024-06-10 09:43 | INFO | Query 56 Size of the filtered table is = 120
2024-06-10 09:44 | INFO | Query 56 Active Learning Random Query Runtime on Validation Set: 660744.09
2024-06-10 09:44 | INFO | Query 56 Active Learning Random Query Runtime on Test Set: 125161.41
2024-06-10 09:44 | INFO | Query 56 Active Learning Random Query Instance Cost: 3708172.84
2024-06-10 09:44 | INFO | Timeout limit is increased to 3200
2024-06-10 09:44 | INFO | Query 57 Size of the uncertainty table is = 2829/12024
2024-06-10 09:44 | INFO | Query 57 Size of the filtered table is = 120
2024-06-10 09:45 | INFO | Query 57 Active Learning Random Query Runtime on Validation Set: 660806.61
2024-06-10 09:45 | INFO | Query 57 Active Learning Random Query Runtime on Test Set: 125158.21
2024-06-10 09:45 | INFO | Query 57 Active Learning Random Query Instance Cost: 3808262.59
2024-06-10 09:45 | INFO | Timeout limit is increased to 3300
2024-06-10 09:45 | INFO | Query 58 Size of the uncertainty table is = 2812/12024
2024-06-10 09:45 | INFO | Query 58 Size of the filtered table is = 120
2024-06-10 09:46 | INFO | Query 58 Active Learning Random Query Runtime on Validation Set: 660665.84
2024-06-10 09:46 | INFO | Query 58 Active Learning Random Query Runtime on Test Set: 125142.18
2024-06-10 09:46 | INFO | Query 58 Active Learning Random Query Instance Cost: 3907844.89
2024-06-10 09:46 | INFO | Query 59 Size of the uncertainty table is = 2784/12024
2024-06-10 09:46 | INFO | Query 59 Size of the filtered table is = 120
2024-06-10 09:47 | INFO | Query 59 Active Learning Random Query Runtime on Validation Set: 660993.21
2024-06-10 09:47 | INFO | Query 59 Active Learning Random Query Runtime on Test Set: 125142.18
2024-06-10 09:47 | INFO | Query 59 Active Learning Random Query Instance Cost: 3997430.26
2024-06-10 09:47 | INFO | Timeout limit is increased to 3400
2024-06-10 09:47 | INFO | Query 60 Size of the uncertainty table is = 2777/12024
2024-06-10 09:47 | INFO | Query 60 Size of the filtered table is = 120
2024-06-10 09:48 | INFO | Query 60 Active Learning Random Query Runtime on Validation Set: 660994.29
2024-06-10 09:48 | INFO | Query 60 Active Learning Random Query Runtime on Test Set: 125142.08
2024-06-10 09:48 | INFO | Query 60 Active Learning Random Query Instance Cost: 4094041.76
2024-06-10 09:48 | INFO | Timeout limit is increased to 3500
2024-06-10 09:48 | INFO | Query 61 Size of the uncertainty table is = 2766/12024
2024-06-10 09:48 | INFO | Query 61 Size of the filtered table is = 120
2024-06-10 09:49 | INFO | Query 61 Active Learning Random Query Runtime on Validation Set: 625238.47
2024-06-10 09:49 | INFO | Query 61 Active Learning Random Query Runtime on Test Set: 92705.86
2024-06-10 09:49 | INFO | Query 61 Active Learning Random Query Instance Cost: 4188293.45
2024-06-10 09:49 | INFO | Query 62 Size of the uncertainty table is = 2742/12024
2024-06-10 09:49 | INFO | Query 62 Size of the filtered table is = 120
2024-06-10 09:50 | INFO | Query 62 Active Learning Random Query Runtime on Validation Set: 625518.42
2024-06-10 09:50 | INFO | Query 62 Active Learning Random Query Runtime on Test Set: 92707.34
2024-06-10 09:50 | INFO | Query 62 Active Learning Random Query Instance Cost: 4254065.9
2024-06-10 09:50 | INFO | Timeout limit is increased to 3600
2024-06-10 09:50 | INFO | Query 63 Size of the uncertainty table is = 2731/12024
2024-06-10 09:50 | INFO | Query 63 Size of the filtered table is = 120
2024-06-10 09:51 | INFO | Query 63 Active Learning Random Query Runtime on Validation Set: 625686.4
2024-06-10 09:51 | INFO | Query 63 Active Learning Random Query Runtime on Test Set: 92395.84
2024-06-10 09:51 | INFO | Query 63 Active Learning Random Query Instance Cost: 4345623.13
2024-06-10 09:51 | INFO | Timeout limit is increased to 3600
2024-06-10 09:51 | INFO | runtime_train_score is written as json file
2024-06-10 09:51 | INFO | runtime_test_score is written as json file
2024-06-10 09:51 | INFO | runtime_validation_score is written as json file
2024-06-10 09:51 | INFO | instance_cost is written as json file
2024-06-10 09:51 | INFO | Experiment is finished
