2024-06-04 17:10 | INFO | Paramaters are: {'dataset': 'SAT12-INDU', 'penalty': 10, 'weight': 'No_Weight', 'voting': 'Hard', 'pre_selection_size': 64, 'pre_selection_technique': 'No_pre_selection', 'feature_elimination_threshold': 20, 'imputer_strategy': 'median', 'feature_selection_technique': 'No_feature_selection', 'feature_scaling_technique': 'StandardScaler', 'initial_train_size': 20, 'query_size': 1, 'timeout_predictor_usage': 'No', 'timeout_limit': 100, 'timeout_increase_rate': 100, 'RANDOM_STATE_SEED': 12345, 'n_splits': 10, 'split_number': 2, 'max_timeout': 3600, 'param_grid': {'n_estimators': 100, 'criterion': 'gini', 'max_features': 'sqrt', 'max_depth': 2147483648, 'min_samples_split': 2, 'bootstrap': True}}
2024-06-04 17:10 | INFO | SAT12-INDU is current dataset
2024-06-04 17:10 | INFO | DATASETS/SAT12-INDU/algorithm_runs.arff is found
2024-06-04 17:10 | INFO | DATASETS/SAT12-INDU/algorithm_runs.arff is finished
2024-06-04 17:10 | INFO | DATASETS/SAT12-INDU/feature_values.arff is found
2024-06-04 17:10 | INFO | DATASETS/SAT12-INDU/feature_values.arff is finished
2024-06-04 17:10 | INFO | DATASETS/SAT12-INDU/feature_costs.arff is found
2024-06-04 17:10 | INFO | DATASETS/SAT12-INDU/feature_costs.arff is finished
2024-06-04 17:10 | INFO | Virtual best solver time in train = 135634.45
2024-06-04 17:10 | INFO | Single best solver list train = {'clasp1': 6004425.64, 'clasp2': 6424474.01, 'cryptominisat2011': 3200083.42, 'eagleup': 23652000.02, 'ebglucose': 5403825.18, 'ebminisat': 4654430.01, 'glucose2': 4152178.31, 'glueminisat': 4072878.86, 'gnoveltyp2': 23328900.15, 'lingeling': 2893045.3, 'lrglshr': 6046714.26, 'marchrw': 22185860.31, 'minisatpsm': 4359467.08, 'mphaseSAT': 4015090.62, 'mphaseSAT64': 3799742.22, 'mphaseSATm': 3984824.39, 'mxc09': 5341532.4, 'picosat': 7024728.9, 'precosat': 4052616.88, 'qutersat': 3085428.16, 'rcl': 5980968.12, 'restartsat': 4444579.38, 'sapperlot': 5701983.53, 'satime11': 22040164.04, 'sattime': 22182023.43, 'sattimep': 22256891.79, 'sol': 9326041.27, 'sparrow': 22755162.02, 'spear-hw': 9972250.12, 'spear-sw': 10825817.69, 'tnm': 22932702.91}
2024-06-04 17:10 | INFO | Single best solver time train = lingeling (2893045.3)
2024-06-04 17:10 | INFO | Virtual best solver time in validation = 28337.88
2024-06-04 17:10 | INFO | Single best solver list validation = {'clasp1': 1316705.53, 'clasp2': 1636198.71, 'cryptominisat2011': 456010.07, 'eagleup': 5940000.0, 'ebglucose': 988513.38, 'ebminisat': 561046.11, 'glucose2': 629550.2, 'glueminisat': 736566.22, 'gnoveltyp2': 5904166.89, 'lingeling': 376668.37, 'lrglshr': 918229.58, 'marchrw': 5653106.18, 'minisatpsm': 625439.26, 'mphaseSAT': 381248.39, 'mphaseSAT64': 701311.42, 'mphaseSATm': 419768.77, 'mxc09': 773745.73, 'picosat': 1206199.17, 'precosat': 664648.41, 'qutersat': 347862.78, 'rcl': 918748.34, 'restartsat': 527039.51, 'sapperlot': 778729.04, 'satime11': 5688639.7, 'sattime': 5724278.24, 'sattimep': 5689048.43, 'sol': 2081500.0, 'sparrow': 5868696.16, 'spear-hw': 2322156.66, 'spear-sw': 2001391.57, 'tnm': 5832275.91}
2024-06-04 17:10 | INFO | Single best solver time validation = qutersat (347862.78)
2024-06-04 17:10 | INFO | Virtual best solver time in test = 18038.84
2024-06-04 17:10 | INFO | Single best solver list test = {'clasp1': 981292.09, 'clasp2': 1088756.27, 'cryptominisat2011': 516069.75, 'eagleup': 3276000.03, 'ebglucose': 906390.81, 'ebminisat': 731209.53, 'glucose2': 797568.0, 'glueminisat': 691909.01, 'gnoveltyp2': 3276000.0, 'lingeling': 408721.52, 'lrglshr': 873974.04, 'marchrw': 3097173.72, 'minisatpsm': 835863.13, 'mphaseSAT': 586560.19, 'mphaseSAT64': 372971.54, 'mphaseSATm': 586854.46, 'mxc09': 801513.54, 'picosat': 982540.21, 'precosat': 693014.65, 'qutersat': 441670.83, 'rcl': 909740.55, 'restartsat': 766198.94, 'sapperlot': 837482.99, 'satime11': 2846582.19, 'sattime': 2919453.25, 'sattimep': 2920774.16, 'sol': 1449843.32, 'sparrow': 3025653.76, 'spear-hw': 1484812.77, 'spear-sw': 1591508.07, 'tnm': 3024814.98}
2024-06-04 17:10 | INFO | Single best solver time test = mphaseSAT64 (372971.54)
2024-06-04 17:34 | INFO | Passive Learning Runtime on Validation Set: 80538.25
2024-06-04 17:34 | INFO | Passive Learning Runtime on Test Set: 257102.15
2024-06-04 17:34 | INFO | Passive Learning Instance Cost: 32418030.42
2024-06-04 17:56 | INFO | Initial Active Learning Runtime on Validation Set: 699063.89
2024-06-04 17:56 | INFO | Initial Active Learning Runtime on Test Set: 832448.65
2024-06-04 17:56 | INFO | Initial Active Learning Instance Cost: 39139.87
2024-06-04 17:56 | INFO | Bin size = 2967
2024-06-04 17:58 | INFO | Query 1 Size of the uncertainty table is = 299662/296670
2024-06-04 17:58 | INFO | Query 1 Size of the filtered table is = 2967
2024-06-04 18:20 | INFO | Query 1 Active Learning Runtime on Validation Set: 730544.8999999999
2024-06-04 18:20 | INFO | Query 1 Active Learning Runtime on Test Set: 795927.8700000001
2024-06-04 18:20 | INFO | Query 1 Active Learning Instance Cost: 354512.21
2024-06-04 18:20 | INFO | Timeout limit is increased to 200
2024-06-04 18:22 | INFO | Query 2 Size of the uncertainty table is = 288803/296670
2024-06-04 18:22 | INFO | Query 2 Size of the filtered table is = 2967
2024-06-04 18:46 | INFO | Query 2 Active Learning Runtime on Validation Set: 588001.8400000001
2024-06-04 18:46 | INFO | Query 2 Active Learning Runtime on Test Set: 651023.5700000001
2024-06-04 18:46 | INFO | Query 2 Active Learning Instance Cost: 877483.77
2024-06-04 18:48 | INFO | Query 3 Size of the uncertainty table is = 266319/296670
2024-06-04 18:48 | INFO | Query 3 Size of the filtered table is = 2967
2024-06-04 19:11 | INFO | Query 3 Active Learning Runtime on Validation Set: 261866.27
2024-06-04 19:11 | INFO | Query 3 Active Learning Runtime on Test Set: 507899.03
2024-06-04 19:11 | INFO | Query 3 Active Learning Instance Cost: 1267487.62
2024-06-04 19:13 | INFO | Query 4 Size of the uncertainty table is = 242142/296670
2024-06-04 19:13 | INFO | Query 4 Size of the filtered table is = 2967
2024-06-04 19:37 | INFO | Query 4 Active Learning Runtime on Validation Set: 296341.48
2024-06-04 19:37 | INFO | Query 4 Active Learning Runtime on Test Set: 435478.18
2024-06-04 19:37 | INFO | Query 4 Active Learning Instance Cost: 1559632.63
2024-06-04 19:37 | INFO | Timeout limit is increased to 300
2024-06-04 19:38 | INFO | Query 5 Size of the uncertainty table is = 221972/296670
2024-06-04 19:38 | INFO | Query 5 Size of the filtered table is = 2967
2024-06-04 20:01 | INFO | Query 5 Active Learning Runtime on Validation Set: 225484.2
2024-06-04 20:01 | INFO | Query 5 Active Learning Runtime on Test Set: 400502.0
2024-06-04 20:01 | INFO | Query 5 Active Learning Instance Cost: 2161210.24
2024-06-04 20:03 | INFO | Query 6 Size of the uncertainty table is = 200887/296670
2024-06-04 20:03 | INFO | Query 6 Size of the filtered table is = 2967
2024-06-04 20:26 | INFO | Query 6 Active Learning Runtime on Validation Set: 190214.38
2024-06-04 20:26 | INFO | Query 6 Active Learning Runtime on Test Set: 471102.48
2024-06-04 20:26 | INFO | Query 6 Active Learning Instance Cost: 2504407.0
2024-06-04 20:27 | INFO | Query 7 Size of the uncertainty table is = 186027/296670
2024-06-04 20:27 | INFO | Query 7 Size of the filtered table is = 2967
2024-06-04 20:51 | INFO | Query 7 Active Learning Runtime on Validation Set: 154396.62
2024-06-04 20:51 | INFO | Query 7 Active Learning Runtime on Test Set: 435282.79
2024-06-04 20:51 | INFO | Query 7 Active Learning Instance Cost: 2750149.54
2024-06-04 20:52 | INFO | Query 8 Size of the uncertainty table is = 174126/296670
2024-06-04 20:52 | INFO | Query 8 Size of the filtered table is = 2967
2024-06-04 21:16 | INFO | Query 8 Active Learning Runtime on Validation Set: 188581.88
2024-06-04 21:16 | INFO | Query 8 Active Learning Runtime on Test Set: 471212.82
2024-06-04 21:16 | INFO | Query 8 Active Learning Instance Cost: 2866791.73
2024-06-04 21:16 | INFO | Timeout limit is increased to 400
2024-06-04 21:18 | INFO | Query 9 Size of the uncertainty table is = 167486/296670
2024-06-04 21:18 | INFO | Query 9 Size of the filtered table is = 2967
2024-06-04 21:42 | INFO | Query 9 Active Learning Runtime on Validation Set: 151985.33000000002
2024-06-04 21:42 | INFO | Query 9 Active Learning Runtime on Test Set: 399848.94
2024-06-04 21:42 | INFO | Query 9 Active Learning Instance Cost: 3301342.26
2024-06-04 21:43 | INFO | Query 10 Size of the uncertainty table is = 160198/296670
2024-06-04 21:43 | INFO | Query 10 Size of the filtered table is = 2967
2024-06-04 22:07 | INFO | Query 10 Active Learning Runtime on Validation Set: 151417.63
2024-06-04 22:07 | INFO | Query 10 Active Learning Runtime on Test Set: 399692.79
2024-06-04 22:07 | INFO | Query 10 Active Learning Instance Cost: 3481661.65
2024-06-04 22:08 | INFO | Query 11 Size of the uncertainty table is = 155597/296670
2024-06-04 22:08 | INFO | Query 11 Size of the filtered table is = 2967
2024-06-04 22:33 | INFO | Query 11 Active Learning Runtime on Validation Set: 187926.61
2024-06-04 22:33 | INFO | Query 11 Active Learning Runtime on Test Set: 399797.68
2024-06-04 22:33 | INFO | Query 11 Active Learning Instance Cost: 3600954.88
2024-06-04 22:33 | INFO | Timeout limit is increased to 500
2024-06-04 22:34 | INFO | Query 12 Size of the uncertainty table is = 152418/296670
2024-06-04 22:34 | INFO | Query 12 Size of the filtered table is = 2967
2024-06-04 22:59 | INFO | Query 12 Active Learning Runtime on Validation Set: 222808.78
2024-06-04 22:59 | INFO | Query 12 Active Learning Runtime on Test Set: 364210.56
2024-06-04 22:59 | INFO | Query 12 Active Learning Instance Cost: 4032568.04
2024-06-04 22:59 | INFO | Timeout limit is increased to 600
2024-06-04 23:00 | INFO | Query 13 Size of the uncertainty table is = 147179/296670
2024-06-04 23:00 | INFO | Query 13 Size of the filtered table is = 2967
2024-06-04 23:25 | INFO | Query 13 Active Learning Runtime on Validation Set: 117399.32
2024-06-04 23:25 | INFO | Query 13 Active Learning Runtime on Test Set: 400055.24
2024-06-04 23:25 | INFO | Query 13 Active Learning Instance Cost: 4597767.62
2024-06-04 23:26 | INFO | Query 14 Size of the uncertainty table is = 141555/296670
2024-06-04 23:26 | INFO | Query 14 Size of the filtered table is = 2967
2024-06-04 23:51 | INFO | Query 14 Active Learning Runtime on Validation Set: 152091.3
2024-06-04 23:51 | INFO | Query 14 Active Learning Runtime on Test Set: 328908.55
2024-06-04 23:51 | INFO | Query 14 Active Learning Instance Cost: 4815058.6
2024-06-04 23:51 | INFO | Timeout limit is increased to 700
2024-06-04 23:52 | INFO | Query 15 Size of the uncertainty table is = 139056/296670
2024-06-04 23:52 | INFO | Query 15 Size of the filtered table is = 2967
2024-06-05 00:17 | INFO | Query 15 Active Learning Runtime on Validation Set: 116919.3
2024-06-05 00:17 | INFO | Query 15 Active Learning Runtime on Test Set: 363506.94
2024-06-05 00:17 | INFO | Query 15 Active Learning Instance Cost: 5307342.4
2024-06-05 00:19 | INFO | Query 16 Size of the uncertainty table is = 135687/296670
2024-06-05 00:19 | INFO | Query 16 Size of the filtered table is = 2967
2024-06-05 00:43 | INFO | Query 16 Active Learning Runtime on Validation Set: 152647.51
2024-06-05 00:43 | INFO | Query 16 Active Learning Runtime on Test Set: 363648.36
2024-06-05 00:43 | INFO | Query 16 Active Learning Instance Cost: 5470917.95
2024-06-05 00:43 | INFO | Timeout limit is increased to 800
2024-06-05 00:44 | INFO | Query 17 Size of the uncertainty table is = 133813/296670
2024-06-05 00:44 | INFO | Query 17 Size of the filtered table is = 2967
2024-06-05 01:08 | INFO | Query 17 Active Learning Runtime on Validation Set: 116704.23000000001
2024-06-05 01:08 | INFO | Query 17 Active Learning Runtime on Test Set: 328522.7
2024-06-05 01:08 | INFO | Query 17 Active Learning Instance Cost: 5977723.31
2024-06-05 01:09 | INFO | Query 18 Size of the uncertainty table is = 131040/296670
2024-06-05 01:09 | INFO | Query 18 Size of the filtered table is = 2967
2024-06-05 01:33 | INFO | Query 18 Active Learning Runtime on Validation Set: 117406.38
2024-06-05 01:33 | INFO | Query 18 Active Learning Runtime on Test Set: 328883.49
2024-06-05 01:33 | INFO | Query 18 Active Learning Instance Cost: 6097238.97
2024-06-05 01:33 | INFO | Timeout limit is increased to 900
2024-06-05 01:34 | INFO | Query 19 Size of the uncertainty table is = 129903/296670
2024-06-05 01:34 | INFO | Query 19 Size of the filtered table is = 2967
2024-06-05 01:59 | INFO | Query 19 Active Learning Runtime on Validation Set: 151699.41
2024-06-05 01:59 | INFO | Query 19 Active Learning Runtime on Test Set: 293633.86
2024-06-05 01:59 | INFO | Query 19 Active Learning Instance Cost: 6563904.77
2024-06-05 01:59 | INFO | Timeout limit is increased to 1000
2024-06-05 02:00 | INFO | Query 20 Size of the uncertainty table is = 127439/296670
2024-06-05 02:00 | INFO | Query 20 Size of the filtered table is = 2967
2024-06-05 02:25 | INFO | Query 20 Active Learning Runtime on Validation Set: 115737.45999999999
2024-06-05 02:25 | INFO | Query 20 Active Learning Runtime on Test Set: 258061.82
2024-06-05 02:25 | INFO | Query 20 Active Learning Instance Cost: 7011068.94
2024-06-05 02:26 | INFO | Query 21 Size of the uncertainty table is = 125363/296670
2024-06-05 02:26 | INFO | Query 21 Size of the filtered table is = 2967
2024-06-05 02:51 | INFO | Query 21 Active Learning Runtime on Validation Set: 151561.54
2024-06-05 02:51 | INFO | Query 21 Active Learning Runtime on Test Set: 293152.13
2024-06-05 02:51 | INFO | Query 21 Active Learning Instance Cost: 7209100.71
2024-06-05 02:51 | INFO | Timeout limit is increased to 1100
2024-06-05 02:52 | INFO | Query 22 Size of the uncertainty table is = 124283/296670
2024-06-05 02:52 | INFO | Query 22 Size of the filtered table is = 2967
2024-06-05 03:17 | INFO | Query 22 Active Learning Runtime on Validation Set: 187264.06
2024-06-05 03:17 | INFO | Query 22 Active Learning Runtime on Test Set: 293340.95999999996
2024-06-05 03:17 | INFO | Query 22 Active Learning Instance Cost: 7631288.56
2024-06-05 03:17 | INFO | Timeout limit is increased to 1200
2024-06-05 03:18 | INFO | Query 23 Size of the uncertainty table is = 122968/296670
2024-06-05 03:18 | INFO | Query 23 Size of the filtered table is = 2967
2024-06-05 03:43 | INFO | Query 23 Active Learning Runtime on Validation Set: 151546.93
2024-06-05 03:43 | INFO | Query 23 Active Learning Runtime on Test Set: 293349.0
2024-06-05 03:43 | INFO | Query 23 Active Learning Instance Cost: 8112839.04
2024-06-05 03:44 | INFO | Query 24 Size of the uncertainty table is = 120942/296670
2024-06-05 03:44 | INFO | Query 24 Size of the filtered table is = 2967
2024-06-05 04:09 | INFO | Query 24 Active Learning Runtime on Validation Set: 151504.21000000002
2024-06-05 04:09 | INFO | Query 24 Active Learning Runtime on Test Set: 293242.98
2024-06-05 04:09 | INFO | Query 24 Active Learning Instance Cost: 8370924.11
2024-06-05 04:10 | INFO | Query 25 Size of the uncertainty table is = 119188/296670
2024-06-05 04:10 | INFO | Query 25 Size of the filtered table is = 2967
2024-06-05 04:35 | INFO | Query 25 Active Learning Runtime on Validation Set: 116027.11
2024-06-05 04:35 | INFO | Query 25 Active Learning Runtime on Test Set: 293226.7
2024-06-05 04:35 | INFO | Query 25 Active Learning Instance Cost: 8567624.63
2024-06-05 04:36 | INFO | Query 26 Size of the uncertainty table is = 117680/296670
2024-06-05 04:36 | INFO | Query 26 Size of the filtered table is = 2967
2024-06-05 05:01 | INFO | Query 26 Active Learning Runtime on Validation Set: 115978.25
2024-06-05 05:01 | INFO | Query 26 Active Learning Runtime on Test Set: 293200.28
2024-06-05 05:01 | INFO | Query 26 Active Learning Instance Cost: 8737715.64
2024-06-05 05:02 | INFO | Query 27 Size of the uncertainty table is = 116622/296670
2024-06-05 05:02 | INFO | Query 27 Size of the filtered table is = 2967
2024-06-05 05:26 | INFO | Query 27 Active Learning Runtime on Validation Set: 116014.8
2024-06-05 05:26 | INFO | Query 27 Active Learning Runtime on Test Set: 293270.15
2024-06-05 05:26 | INFO | Query 27 Active Learning Instance Cost: 8792420.01
2024-06-05 05:26 | INFO | Timeout limit is increased to 1300
2024-06-05 05:27 | INFO | Query 28 Size of the uncertainty table is = 115720/296670
2024-06-05 05:27 | INFO | Query 28 Size of the filtered table is = 2967
2024-06-05 05:52 | INFO | Query 28 Active Learning Runtime on Validation Set: 116094.63
2024-06-05 05:52 | INFO | Query 28 Active Learning Runtime on Test Set: 293269.92000000004
2024-06-05 05:52 | INFO | Query 28 Active Learning Instance Cost: 9198145.27
2024-06-05 05:52 | INFO | Timeout limit is increased to 1400
2024-06-05 05:53 | INFO | Query 29 Size of the uncertainty table is = 115390/296670
2024-06-05 05:53 | INFO | Query 29 Size of the filtered table is = 2967
2024-06-05 06:17 | INFO | Query 29 Active Learning Runtime on Validation Set: 116094.63
2024-06-05 06:17 | INFO | Query 29 Active Learning Runtime on Test Set: 293156.56
2024-06-05 06:17 | INFO | Query 29 Active Learning Instance Cost: 9591850.86
2024-06-05 06:17 | INFO | Timeout limit is increased to 1500
2024-06-05 06:18 | INFO | Query 30 Size of the uncertainty table is = 115222/296670
2024-06-05 06:18 | INFO | Query 30 Size of the filtered table is = 2967
2024-06-05 06:42 | INFO | Query 30 Active Learning Runtime on Validation Set: 116094.63
2024-06-05 06:42 | INFO | Query 30 Active Learning Runtime on Test Set: 293156.61
2024-06-05 06:42 | INFO | Query 30 Active Learning Instance Cost: 10008419.07
2024-06-05 06:42 | INFO | Timeout limit is increased to 1600
2024-06-05 06:43 | INFO | Query 31 Size of the uncertainty table is = 115136/296670
2024-06-05 06:43 | INFO | Query 31 Size of the filtered table is = 2967
2024-06-05 07:07 | INFO | Query 31 Active Learning Runtime on Validation Set: 116108.08
2024-06-05 07:07 | INFO | Query 31 Active Learning Runtime on Test Set: 293156.61
2024-06-05 07:07 | INFO | Query 31 Active Learning Instance Cost: 10390195.49
2024-06-05 07:07 | INFO | Timeout limit is increased to 1700
2024-06-05 07:08 | INFO | Query 32 Size of the uncertainty table is = 115106/296670
2024-06-05 07:08 | INFO | Query 32 Size of the filtered table is = 2967
2024-06-05 07:32 | INFO | Query 32 Active Learning Runtime on Validation Set: 116108.08
2024-06-05 07:32 | INFO | Query 32 Active Learning Runtime on Test Set: 293156.61
2024-06-05 07:32 | INFO | Query 32 Active Learning Instance Cost: 10789660.43
2024-06-05 07:32 | INFO | Timeout limit is increased to 1800
2024-06-05 07:33 | INFO | Query 33 Size of the uncertainty table is = 115080/296670
2024-06-05 07:33 | INFO | Query 33 Size of the filtered table is = 2967
2024-06-05 07:56 | INFO | Query 33 Active Learning Runtime on Validation Set: 116108.08
2024-06-05 07:56 | INFO | Query 33 Active Learning Runtime on Test Set: 293156.61
2024-06-05 07:56 | INFO | Query 33 Active Learning Instance Cost: 11197460.43
2024-06-05 07:56 | INFO | Timeout limit is increased to 1900
2024-06-05 07:58 | INFO | Query 34 Size of the uncertainty table is = 115008/296670
2024-06-05 07:58 | INFO | Query 34 Size of the filtered table is = 2967
2024-06-05 08:21 | INFO | Query 34 Active Learning Runtime on Validation Set: 116108.08
2024-06-05 08:21 | INFO | Query 34 Active Learning Runtime on Test Set: 293156.61
2024-06-05 08:21 | INFO | Query 34 Active Learning Instance Cost: 11597060.43
2024-06-05 08:21 | INFO | Timeout limit is increased to 2000
2024-06-05 08:22 | INFO | Query 35 Size of the uncertainty table is = 115008/296670
2024-06-05 08:22 | INFO | Query 35 Size of the filtered table is = 2967
2024-06-05 08:46 | INFO | Query 35 Active Learning Runtime on Validation Set: 116108.08
2024-06-05 08:46 | INFO | Query 35 Active Learning Runtime on Test Set: 293156.61
2024-06-05 08:46 | INFO | Query 35 Active Learning Instance Cost: 11959860.43
2024-06-05 08:46 | INFO | Timeout limit is increased to 2100
2024-06-05 08:47 | INFO | Query 36 Size of the uncertainty table is = 115008/296670
2024-06-05 08:47 | INFO | Query 36 Size of the filtered table is = 2967
2024-06-05 09:12 | INFO | Query 36 Active Learning Runtime on Validation Set: 116108.08
2024-06-05 09:12 | INFO | Query 36 Active Learning Runtime on Test Set: 293156.61
2024-06-05 09:12 | INFO | Query 36 Active Learning Instance Cost: 12322660.43
2024-06-05 09:12 | INFO | Timeout limit is increased to 2200
2024-06-05 09:13 | INFO | Query 37 Size of the uncertainty table is = 115008/296670
2024-06-05 09:13 | INFO | Query 37 Size of the filtered table is = 2967
2024-06-05 09:36 | INFO | Query 37 Active Learning Runtime on Validation Set: 116108.08
2024-06-05 09:36 | INFO | Query 37 Active Learning Runtime on Test Set: 293156.61
2024-06-05 09:36 | INFO | Query 37 Active Learning Instance Cost: 12685460.43
2024-06-05 09:36 | INFO | Timeout limit is increased to 2300
2024-06-05 09:37 | INFO | Query 38 Size of the uncertainty table is = 115008/296670
2024-06-05 09:37 | INFO | Query 38 Size of the filtered table is = 2967
2024-06-05 10:01 | INFO | Query 38 Active Learning Runtime on Validation Set: 116108.08
2024-06-05 10:01 | INFO | Query 38 Active Learning Runtime on Test Set: 293156.61
2024-06-05 10:01 | INFO | Query 38 Active Learning Instance Cost: 13048260.43
2024-06-05 10:01 | INFO | Timeout limit is increased to 2400
2024-06-05 10:02 | INFO | Query 39 Size of the uncertainty table is = 115008/296670
2024-06-05 10:02 | INFO | Query 39 Size of the filtered table is = 2967
2024-06-05 10:26 | INFO | Query 39 Active Learning Runtime on Validation Set: 116108.08
2024-06-05 10:26 | INFO | Query 39 Active Learning Runtime on Test Set: 293156.61
2024-06-05 10:26 | INFO | Query 39 Active Learning Instance Cost: 13411060.43
2024-06-05 10:26 | INFO | Timeout limit is increased to 2500
2024-06-05 10:27 | INFO | Query 40 Size of the uncertainty table is = 115008/296670
2024-06-05 10:27 | INFO | Query 40 Size of the filtered table is = 2967
2024-06-05 10:50 | INFO | Query 40 Active Learning Runtime on Validation Set: 116108.08
2024-06-05 10:50 | INFO | Query 40 Active Learning Runtime on Test Set: 293156.61
2024-06-05 10:50 | INFO | Query 40 Active Learning Instance Cost: 13773860.43
2024-06-05 10:50 | INFO | Timeout limit is increased to 2600
2024-06-05 10:52 | INFO | Query 41 Size of the uncertainty table is = 115008/296670
2024-06-05 10:52 | INFO | Query 41 Size of the filtered table is = 2967
2024-06-05 11:15 | INFO | Query 41 Active Learning Runtime on Validation Set: 116108.08
2024-06-05 11:15 | INFO | Query 41 Active Learning Runtime on Test Set: 293156.61
2024-06-05 11:15 | INFO | Query 41 Active Learning Instance Cost: 14136660.43
2024-06-05 11:15 | INFO | Timeout limit is increased to 2700
2024-06-05 11:16 | INFO | Query 42 Size of the uncertainty table is = 115008/296670
2024-06-05 11:16 | INFO | Query 42 Size of the filtered table is = 2967
2024-06-05 11:40 | INFO | Query 42 Active Learning Runtime on Validation Set: 116108.08
2024-06-05 11:40 | INFO | Query 42 Active Learning Runtime on Test Set: 293156.61
2024-06-05 11:40 | INFO | Query 42 Active Learning Instance Cost: 14499460.43
2024-06-05 11:40 | INFO | Timeout limit is increased to 2800
2024-06-05 11:41 | INFO | Query 43 Size of the uncertainty table is = 115008/296670
2024-06-05 11:41 | INFO | Query 43 Size of the filtered table is = 2967
2024-06-05 12:06 | INFO | Query 43 Active Learning Runtime on Validation Set: 116108.08
2024-06-05 12:06 | INFO | Query 43 Active Learning Runtime on Test Set: 293156.61
2024-06-05 12:06 | INFO | Query 43 Active Learning Instance Cost: 14862260.43
2024-06-05 12:06 | INFO | Timeout limit is increased to 2900
2024-06-05 12:07 | INFO | Query 44 Size of the uncertainty table is = 115008/296670
2024-06-05 12:07 | INFO | Query 44 Size of the filtered table is = 2967
2024-06-05 12:31 | INFO | Query 44 Active Learning Runtime on Validation Set: 116108.08
2024-06-05 12:31 | INFO | Query 44 Active Learning Runtime on Test Set: 293156.61
2024-06-05 12:31 | INFO | Query 44 Active Learning Instance Cost: 15225060.43
2024-06-05 12:31 | INFO | Timeout limit is increased to 3000
2024-06-05 12:32 | INFO | Query 45 Size of the uncertainty table is = 115008/296670
2024-06-05 12:32 | INFO | Query 45 Size of the filtered table is = 2967
2024-06-05 12:56 | INFO | Query 45 Active Learning Runtime on Validation Set: 116108.08
2024-06-05 12:56 | INFO | Query 45 Active Learning Runtime on Test Set: 293156.61
2024-06-05 12:56 | INFO | Query 45 Active Learning Instance Cost: 15587860.43
2024-06-05 12:56 | INFO | Timeout limit is increased to 3100
2024-06-05 12:58 | INFO | Query 46 Size of the uncertainty table is = 115008/296670
2024-06-05 12:58 | INFO | Query 46 Size of the filtered table is = 2967
2024-06-05 13:21 | INFO | Query 46 Active Learning Runtime on Validation Set: 116108.08
2024-06-05 13:21 | INFO | Query 46 Active Learning Runtime on Test Set: 293156.61
2024-06-05 13:21 | INFO | Query 46 Active Learning Instance Cost: 15950660.43
2024-06-05 13:21 | INFO | Timeout limit is increased to 3200
2024-06-05 13:22 | INFO | Query 47 Size of the uncertainty table is = 115008/296670
2024-06-05 13:22 | INFO | Query 47 Size of the filtered table is = 2967
2024-06-05 13:45 | INFO | Query 47 Active Learning Runtime on Validation Set: 116108.08
2024-06-05 13:45 | INFO | Query 47 Active Learning Runtime on Test Set: 293156.61
2024-06-05 13:45 | INFO | Query 47 Active Learning Instance Cost: 16313460.43
2024-06-05 13:45 | INFO | Timeout limit is increased to 3300
2024-06-05 13:46 | INFO | Query 48 Size of the uncertainty table is = 115008/296670
2024-06-05 13:46 | INFO | Query 48 Size of the filtered table is = 2967
2024-06-05 14:08 | INFO | Query 48 Active Learning Runtime on Validation Set: 116108.08
2024-06-05 14:08 | INFO | Query 48 Active Learning Runtime on Test Set: 293156.61
2024-06-05 14:08 | INFO | Query 48 Active Learning Instance Cost: 16676260.43
2024-06-05 14:08 | INFO | Timeout limit is increased to 3400
2024-06-05 14:09 | INFO | Query 49 Size of the uncertainty table is = 115008/296670
2024-06-05 14:09 | INFO | Query 49 Size of the filtered table is = 2967
2024-06-05 14:31 | INFO | Query 49 Active Learning Runtime on Validation Set: 116108.08
2024-06-05 14:31 | INFO | Query 49 Active Learning Runtime on Test Set: 293156.61
2024-06-05 14:31 | INFO | Query 49 Active Learning Instance Cost: 17039060.43
2024-06-05 14:31 | INFO | Timeout limit is increased to 3500
2024-06-05 14:32 | INFO | Query 50 Size of the uncertainty table is = 115008/296670
2024-06-05 14:32 | INFO | Query 50 Size of the filtered table is = 2967
2024-06-05 14:55 | INFO | Query 50 Active Learning Runtime on Validation Set: 116108.08
2024-06-05 14:55 | INFO | Query 50 Active Learning Runtime on Test Set: 293156.61
2024-06-05 14:55 | INFO | Query 50 Active Learning Instance Cost: 17401860.43
2024-06-05 14:55 | INFO | Timeout limit is increased to 3600
2024-06-05 14:56 | INFO | Query 51 Size of the uncertainty table is = 115008/296670
2024-06-05 14:56 | INFO | Query 51 Size of the filtered table is = 2967
2024-06-05 15:19 | INFO | Query 51 Active Learning Runtime on Validation Set: 116108.08
2024-06-05 15:19 | INFO | Query 51 Active Learning Runtime on Test Set: 293156.61
2024-06-05 15:19 | INFO | Query 51 Active Learning Instance Cost: 17764660.43
2024-06-05 15:19 | INFO | Timeout limit is increased to 3600
2024-06-05 15:20 | INFO | Query 52 Size of the uncertainty table is = 50668/296670
2024-06-05 15:20 | INFO | Query 52 Size of the filtered table is = 2967
2024-06-05 15:43 | INFO | Query 52 Active Learning Runtime on Validation Set: 80532.4
2024-06-05 15:43 | INFO | Query 52 Active Learning Runtime on Test Set: 292622.0
2024-06-05 15:43 | INFO | Query 52 Active Learning Instance Cost: 20904818.08
2024-06-05 15:44 | INFO | Query 53 Size of the uncertainty table is = 23366/296670
2024-06-05 15:44 | INFO | Query 53 Size of the filtered table is = 2967
2024-06-05 16:08 | INFO | Query 53 Active Learning Runtime on Validation Set: 116347.4
2024-06-05 16:08 | INFO | Query 53 Active Learning Runtime on Test Set: 257002.6
2024-06-05 16:08 | INFO | Query 53 Active Learning Instance Cost: 23877527.95
2024-06-05 16:08 | INFO | Timeout limit is increased to 3600
2024-06-05 16:08 | INFO | Query 54 Size of the uncertainty table is = 7560/296670
2024-06-05 16:08 | INFO | Query 54 Size of the filtered table is = 2967
2024-06-05 16:31 | INFO | Query 54 Active Learning Runtime on Validation Set: 116347.4
2024-06-05 16:31 | INFO | Query 54 Active Learning Runtime on Test Set: 257002.6
2024-06-05 16:31 | INFO | Query 54 Active Learning Instance Cost: 26038901.65
2024-06-05 16:31 | INFO | Timeout limit is increased to 3600
2024-06-05 16:31 | INFO | runtime_test_score is written as json file
2024-06-05 16:31 | INFO | runtime_validation_score is written as json file
2024-06-05 16:31 | INFO | instance_cost is written as json file
2024-06-05 16:31 | INFO | Experiment is finished
