2024-06-04 20:22 | INFO | Paramaters are: {'dataset': 'SAT11-HAND', 'penalty': 10, 'weight': 'No_Weight', 'voting': 'Hard', 'pre_selection_size': 64, 'pre_selection_technique': 'No_pre_selection', 'feature_elimination_threshold': 20, 'imputer_strategy': 'median', 'feature_selection_technique': 'No_feature_selection', 'feature_scaling_technique': 'StandardScaler', 'initial_train_size': 20, 'query_size': 1, 'timeout_predictor_usage': 'Yes', 'timeout_limit': 3600, 'timeout_increase_rate': 100, 'RANDOM_STATE_SEED': 99, 'n_splits': 10, 'split_number': 3, 'max_timeout': 3600, 'param_grid': {'n_estimators': 100, 'criterion': 'gini', 'max_features': 'sqrt', 'max_depth': 2147483648, 'min_samples_split': 2, 'bootstrap': True}}
2024-06-04 20:22 | INFO | SAT11-HAND is current dataset
2024-06-04 20:22 | INFO | DATASETS/SAT11-HAND/algorithm_runs.arff is found
2024-06-04 20:22 | INFO | DATASETS/SAT11-HAND/algorithm_runs.arff is finished
2024-06-04 20:22 | INFO | DATASETS/SAT11-HAND/feature_values.arff is found
2024-06-04 20:22 | INFO | DATASETS/SAT11-HAND/feature_values.arff is finished
2024-06-04 20:22 | INFO | DATASETS/SAT11-HAND/feature_costs.arff is found
2024-06-04 20:22 | INFO | DATASETS/SAT11-HAND/feature_costs.arff is finished
2024-06-04 20:22 | INFO | Virtual best solver time in train = 106038.43
2024-06-04 20:22 | INFO | Single best solver list train = {'CryptoMiniSat_Strange-Night2-st_fixed_': 3108510.5, 'MPhaseSAT_2011-02-15': 2561399.31, 'PicoSAT_941': 2933052.66, 'QuteRSat_2011-05-12_fixed_': 3149301.82, 'RestartSAT_B95': 3289694.13, 'SAT07referencesolverminisat_SAT2007': 2833281.58, 'SAT09referencesolverclasp_1.2.0-SAT09-32': 1915392.74, 'SApperloT2010_2011-05-15_fixed_': 3320395.46, 'Sol_2011-04-04': 2799815.71, 'clasp_2.0-R4092-crafted': 1993867.97, 'glucose_2': 2811767.0, 'jMiniSat_2011': 3643162.76, 'sathys_2011-04-01': 3619307.36, 'sattime+_2011-03-02': 3254534.51, 'sattime_2011-03-02': 3153211.22}
2024-06-04 20:22 | INFO | Single best solver time train = SAT09referencesolverclasp_1.2.0-SAT09-32 (1915392.74)
2024-06-04 20:22 | INFO | Virtual best solver time in validation = 3033.33
2024-06-04 20:22 | INFO | Single best solver list validation = {'CryptoMiniSat_Strange-Night2-st_fixed_': 543951.4, 'MPhaseSAT_2011-02-15': 328180.64, 'PicoSAT_941': 331747.49, 'QuteRSat_2011-05-12_fixed_': 509241.37, 'RestartSAT_B95': 367291.93, 'SAT07referencesolverminisat_SAT2007': 473718.87, 'SAT09referencesolverclasp_1.2.0-SAT09-32': 549224.34, 'SApperloT2010_2011-05-15_fixed_': 329787.11, 'Sol_2011-04-04': 621861.32, 'clasp_2.0-R4092-crafted': 478538.1, 'glucose_2': 482910.2, 'jMiniSat_2011': 333580.26, 'sathys_2011-04-01': 505062.19, 'sattime+_2011-03-02': 540422.51, 'sattime_2011-03-02': 541363.2}
2024-06-04 20:22 | INFO | Single best solver time validation = MPhaseSAT_2011-02-15 (328180.64)
2024-06-04 20:22 | INFO | Virtual best solver time in test = 6205.2
2024-06-04 20:22 | INFO | Single best solver list test = {'CryptoMiniSat_Strange-Night2-st_fixed_': 363459.84, 'MPhaseSAT_2011-02-15': 363407.06, 'PicoSAT_941': 401617.69, 'QuteRSat_2011-05-12_fixed_': 363540.52, 'RestartSAT_B95': 298708.6, 'SAT07referencesolverminisat_SAT2007': 330542.97, 'SAT09referencesolverclasp_1.2.0-SAT09-32': 265806.49, 'SApperloT2010_2011-05-15_fixed_': 403512.13, 'Sol_2011-04-04': 363204.49, 'clasp_2.0-R4092-crafted': 261725.49, 'glucose_2': 263350.23, 'jMiniSat_2011': 468810.21, 'sathys_2011-04-01': 366620.84, 'sattime+_2011-03-02': 361598.97, 'sattime_2011-03-02': 360318.67}
2024-06-04 20:22 | INFO | Single best solver time test = clasp_2.0-R4092-crafted (261725.49)
2024-06-04 20:23 | INFO | Passive Learning Runtime on Validation Set: 481391.47
2024-06-04 20:23 | INFO | Passive Learning Runtime on Test Set: 14465.67
2024-06-04 20:23 | INFO | Passive Learning Instance Cost: 5279894.73
2024-06-04 20:25 | INFO | Initial Active Learning Runtime on Validation Set: 309654.43
2024-06-04 20:25 | INFO | Initial Active Learning Runtime on Test Set: 86601.11
2024-06-04 20:25 | INFO | Initial Active Learning Instance Cost: 559898.47
2024-06-04 20:25 | INFO | Bin size = 144
2024-06-04 20:25 | INFO | Query 1 Size of the uncertainty table is = 14385/14385
2024-06-04 20:25 | INFO | Query 1 Size of the filtered table is = 144
2024-06-04 20:26 | INFO | Query 1 Active Learning Runtime on Validation Set: 382405.72000000003
2024-06-04 20:26 | INFO | Query 1 Active Learning Runtime on Test Set: 119210.27
2024-06-04 20:26 | INFO | Query 1 Active Learning Instance Cost: 1045292.42
2024-06-04 20:26 | INFO | Timeout limit is increased to 3600
2024-06-04 20:26 | INFO | Query 2 Size of the uncertainty table is = 13911/14385
2024-06-04 20:26 | INFO | Query 2 Size of the filtered table is = 144
2024-06-04 20:27 | INFO | Query 2 Active Learning Runtime on Validation Set: 488145.39
2024-06-04 20:27 | INFO | Query 2 Active Learning Runtime on Test Set: 119440.18000000001
2024-06-04 20:27 | INFO | Query 2 Active Learning Instance Cost: 1452974.18
2024-06-04 20:27 | INFO | Timeout limit is increased to 3600
2024-06-04 20:27 | INFO | Query 3 Size of the uncertainty table is = 13115/14385
2024-06-04 20:27 | INFO | Query 3 Size of the filtered table is = 144
2024-06-04 20:29 | INFO | Query 3 Active Learning Runtime on Validation Set: 525739.2899999999
2024-06-04 20:29 | INFO | Query 3 Active Learning Runtime on Test Set: 86950.79000000001
2024-06-04 20:29 | INFO | Query 3 Active Learning Instance Cost: 1761357.81
2024-06-04 20:29 | INFO | Timeout limit is increased to 3600
2024-06-04 20:29 | INFO | Query 4 Size of the uncertainty table is = 12237/14385
2024-06-04 20:29 | INFO | Query 4 Size of the filtered table is = 144
2024-06-04 20:30 | INFO | Query 4 Active Learning Runtime on Validation Set: 557463.0
2024-06-04 20:30 | INFO | Query 4 Active Learning Runtime on Test Set: 83593.76000000001
2024-06-04 20:30 | INFO | Query 4 Active Learning Instance Cost: 2065933.69
2024-06-04 20:30 | INFO | Timeout limit is increased to 3600
2024-06-04 20:30 | INFO | Query 5 Size of the uncertainty table is = 11217/14385
2024-06-04 20:30 | INFO | Query 5 Size of the filtered table is = 144
2024-06-04 20:31 | INFO | Query 5 Active Learning Runtime on Validation Set: 524071.93
2024-06-04 20:31 | INFO | Query 5 Active Learning Runtime on Test Set: 84040.66
2024-06-04 20:31 | INFO | Query 5 Active Learning Instance Cost: 2386442.88
2024-06-04 20:31 | INFO | Query 6 Size of the uncertainty table is = 10189/14385
2024-06-04 20:31 | INFO | Query 6 Size of the filtered table is = 144
2024-06-04 20:33 | INFO | Query 6 Active Learning Runtime on Validation Set: 553662.45
2024-06-04 20:33 | INFO | Query 6 Active Learning Runtime on Test Set: 51511.75
2024-06-04 20:33 | INFO | Query 6 Active Learning Instance Cost: 2637896.45
2024-06-04 20:33 | INFO | Timeout limit is increased to 3600
2024-06-04 20:33 | INFO | Query 7 Size of the uncertainty table is = 9131/14385
2024-06-04 20:33 | INFO | Query 7 Size of the filtered table is = 144
2024-06-04 20:34 | INFO | Query 7 Active Learning Runtime on Validation Set: 555055.7999999999
2024-06-04 20:34 | INFO | Query 7 Active Learning Runtime on Test Set: 50932.5
2024-06-04 20:34 | INFO | Query 7 Active Learning Instance Cost: 2957242.44
2024-06-04 20:34 | INFO | Timeout limit is increased to 3600
2024-06-04 20:34 | INFO | Query 8 Size of the uncertainty table is = 8135/14385
2024-06-04 20:34 | INFO | Query 8 Size of the filtered table is = 144
2024-06-04 20:35 | INFO | Query 8 Active Learning Runtime on Validation Set: 555449.6599999999
2024-06-04 20:35 | INFO | Query 8 Active Learning Runtime on Test Set: 50902.43
2024-06-04 20:35 | INFO | Query 8 Active Learning Instance Cost: 3214912.61
2024-06-04 20:35 | INFO | Timeout limit is increased to 3600
2024-06-04 20:36 | INFO | Query 9 Size of the uncertainty table is = 7244/14385
2024-06-04 20:36 | INFO | Query 9 Size of the filtered table is = 144
2024-06-04 20:37 | INFO | Query 9 Active Learning Runtime on Validation Set: 554958.6
2024-06-04 20:37 | INFO | Query 9 Active Learning Runtime on Test Set: 50761.100000000006
2024-06-04 20:37 | INFO | Query 9 Active Learning Instance Cost: 3459940.06
2024-06-04 20:37 | INFO | Query 10 Size of the uncertainty table is = 6287/14385
2024-06-04 20:37 | INFO | Query 10 Size of the filtered table is = 144
2024-06-04 20:38 | INFO | Query 10 Active Learning Runtime on Validation Set: 481611.85
2024-06-04 20:38 | INFO | Query 10 Active Learning Runtime on Test Set: 15035.880000000001
2024-06-04 20:38 | INFO | Query 10 Active Learning Instance Cost: 3730140.92
2024-06-04 20:38 | INFO | Query 11 Size of the uncertainty table is = 5466/14385
2024-06-04 20:38 | INFO | Query 11 Size of the filtered table is = 144
2024-06-04 20:40 | INFO | Query 11 Active Learning Runtime on Validation Set: 554606.7799999999
2024-06-04 20:40 | INFO | Query 11 Active Learning Runtime on Test Set: 15116.91
2024-06-04 20:40 | INFO | Query 11 Active Learning Instance Cost: 4018139.92
2024-06-04 20:40 | INFO | Timeout limit is increased to 3600
2024-06-04 20:40 | INFO | Query 12 Size of the uncertainty table is = 4373/14385
2024-06-04 20:40 | INFO | Query 12 Size of the filtered table is = 144
2024-06-04 20:41 | INFO | Query 12 Active Learning Runtime on Validation Set: 375027.8
2024-06-04 20:41 | INFO | Query 12 Active Learning Runtime on Test Set: 15293.36
2024-06-04 20:41 | INFO | Query 12 Active Learning Instance Cost: 4264863.63
2024-06-04 20:41 | INFO | Query 13 Size of the uncertainty table is = 3356/14385
2024-06-04 20:41 | INFO | Query 13 Size of the filtered table is = 144
2024-06-04 20:43 | INFO | Query 13 Active Learning Runtime on Validation Set: 553772.73
2024-06-04 20:43 | INFO | Query 13 Active Learning Runtime on Test Set: 15117.02
2024-06-04 20:43 | INFO | Query 13 Active Learning Instance Cost: 4547282.36
2024-06-04 20:43 | INFO | Timeout limit is increased to 3600
2024-06-04 20:43 | INFO | Query 14 Size of the uncertainty table is = 2233/14385
2024-06-04 20:43 | INFO | Query 14 Size of the filtered table is = 144
2024-06-04 20:44 | INFO | Query 14 Active Learning Runtime on Validation Set: 482340.78
2024-06-04 20:44 | INFO | Query 14 Active Learning Runtime on Test Set: 15117.02
2024-06-04 20:44 | INFO | Query 14 Active Learning Instance Cost: 4828114.34
2024-06-04 20:44 | INFO | Query 15 Size of the uncertainty table is = 1225/14385
2024-06-04 20:44 | INFO | Query 15 Size of the filtered table is = 69
2024-06-04 20:45 | INFO | Query 15 Active Learning Runtime on Validation Set: 483327.71
2024-06-04 20:45 | INFO | Query 15 Active Learning Runtime on Test Set: 15098.23
2024-06-04 20:45 | INFO | Query 15 Active Learning Instance Cost: 5018424.84
2024-06-04 20:45 | INFO | Timeout limit is increased to 3600
2024-06-04 20:45 | INFO | Query 16 Size of the uncertainty table is = 563/14385
2024-06-04 20:45 | INFO | Query 16 Size of the filtered table is = 144
2024-06-04 20:47 | INFO | Query 16 Active Learning Runtime on Validation Set: 483327.71
2024-06-04 20:47 | INFO | Query 16 Active Learning Runtime on Test Set: 14932.76
2024-06-04 20:47 | INFO | Query 16 Active Learning Instance Cost: 5209017.47
2024-06-04 20:47 | INFO | Timeout limit is increased to 3600
2024-06-04 20:47 | INFO | Query 17 Size of the uncertainty table is = 92/14385
2024-06-04 20:47 | INFO | Query 17 Size of the filtered table is = 92
2024-06-04 20:48 | INFO | Query 17 Active Learning Runtime on Validation Set: 448404.2
2024-06-04 20:48 | INFO | Query 17 Active Learning Runtime on Test Set: 15098.23
2024-06-04 20:48 | INFO | Query 17 Active Learning Instance Cost: 5234217.47
2024-06-04 20:48 | INFO | runtime_test_score is written as json file
2024-06-04 20:48 | INFO | runtime_validation_score is written as json file
2024-06-04 20:48 | INFO | instance_cost is written as json file
2024-06-04 20:48 | INFO | Experiment is finished
