2025-02-11 06:17 | INFO | Paramaters are: {'dataset': 'MAXSAT19-UCMS', 'penalty': 10, 'weight': 'No_Weight', 'voting': 'Hard', 'pre_selection_size': 64, 'pre_selection_technique': 'No_pre_selection', 'feature_elimination_threshold': 20, 'imputer_strategy': 'median', 'feature_selection_technique': 'No_feature_selection', 'feature_scaling_technique': 'StandardScaler', 'initial_train_size': 20, 'query_size': 1, 'timeout_predictor_usage': 'No', 'pareto_features': {'Uncertainty': 'max', 'PredDiff': 'max', 'PredCost': 'min'}, 'timeout_limit': 100, 'timeout_increase_rate': 100, 'penalty_type': 'Only-timeout-penalty', 'RANDOM_STATE_SEED': 42, 'n_splits': 10, 'split_number': 7, 'max_timeout': 3600, 'param_grid': {'n_estimators': 100, 'max_features': 'sqrt', 'max_depth': 2147483648, 'min_samples_split': 2, 'bootstrap': True}}
2025-02-11 06:17 | INFO | MAXSAT19-UCMS is current dataset
2025-02-11 06:17 | INFO | DATASETS/MAXSAT19-UCMS/algorithm_runs.arff is found
2025-02-11 06:17 | INFO | DATASETS/MAXSAT19-UCMS/algorithm_runs.arff is finished
2025-02-11 06:17 | INFO | DATASETS/MAXSAT19-UCMS/feature_values.arff is found
2025-02-11 06:17 | INFO | DATASETS/MAXSAT19-UCMS/feature_values.arff is finished
2025-02-11 06:17 | INFO | DATASETS/MAXSAT19-UCMS/feature_costs.arff is found
2025-02-11 06:17 | INFO | DATASETS/MAXSAT19-UCMS/feature_costs.arff is finished
2025-02-11 06:17 | INFO | Virtual best solver time in train = 56357.57
2025-02-11 06:17 | INFO | Single best solver list train = {'MaxHS': 1233811.19, 'Open.WBO.g': 1727108.87, 'Open.WBO.ms': 1517452.9, 'Open.WBO.ms.pre': 2048056.05, 'QMaxSAT2018': 4071532.12, 'UWrMaxSAT': 1315712.9, 'maxino2018': 1791082.98}
2025-02-11 06:17 | INFO | Single best solver time train = MaxHS (1233811.19)
2025-02-11 06:17 | INFO | Virtual best solver time in validation = 8920.51
2025-02-11 06:17 | INFO | Single best solver list validation = {'MaxHS': 295150.01, 'Open.WBO.g': 190767.13, 'Open.WBO.ms': 118448.67, 'Open.WBO.ms.pre': 184495.89, 'QMaxSAT2018': 546554.25, 'UWrMaxSAT': 149254.86, 'maxino2018': 223282.11}
2025-02-11 06:17 | INFO | Single best solver time validation = Open.WBO.ms (118448.67)
2025-02-11 06:17 | INFO | Virtual best solver time in test = 6278.8
2025-02-11 06:17 | INFO | Single best solver list test = {'MaxHS': 41864.67, 'Open.WBO.g': 81199.76, 'Open.WBO.ms': 147519.87, 'Open.WBO.ms.pre': 255181.42, 'QMaxSAT2018': 473522.54, 'UWrMaxSAT': 146913.56, 'maxino2018': 112569.74}
2025-02-11 06:17 | INFO | Single best solver time test = MaxHS (41864.67)
2025-02-11 06:17 | INFO | Training Time Passive Learning Classifier: 1.45 seconds
2025-02-11 06:17 | INFO | Training Time Passive Learning Regressor: 0.47 seconds
2025-02-11 06:18 | INFO | Passive Learning Classifier Runtime on Validation Set: 257790.41
2025-02-11 06:18 | INFO | Passive Learning Classifier Runtime on Test Set: 35907.33
2025-02-11 06:18 | INFO | Passive Learning Instance Cost: 1587157.02
2025-02-11 06:18 | INFO | Passive Learning Emissions: 8.85557708677355e-05
2025-02-11 06:18 | INFO | Passive Learning Energy Consumption: 9.635094003250642e-05 kWh
2025-02-11 06:18 | INFO | Training Time Active Learning Classifier: 1.21 seconds
2025-02-11 06:18 | INFO | Training Time Active Learning Regressor: 0.32 seconds
2025-02-11 06:18 | INFO | Initial Active Learning Runtime on Validation Set: 254076.15
2025-02-11 06:18 | INFO | Initial Active Learning Runtime on Test Set: 72038.16
2025-02-11 06:18 | INFO | Initial Active Learning Instance Cost: 7302.27
2025-02-11 06:18 | INFO | Bin size = 51
2025-02-11 06:18 | INFO | Query 1 Size of the uncertainty table is = 5138/5040
2025-02-11 06:18 | INFO | Query 1 Size of the filtered table is = 173
2025-02-11 06:18 | INFO | Training Time Active Learning Classifier: 1.12 seconds
2025-02-11 06:18 | INFO | Training Time Active Learning Regressor: 0.33 seconds
2025-02-11 06:18 | INFO | Query 1 Active Learning Runtime on Validation Set: 221278.32
2025-02-11 06:18 | INFO | Query 1 Active Learning Runtime on Test Set: 71491.63999999998
2025-02-11 06:18 | INFO | Query 1 Active Learning Instance Cost: 12634.64
2025-02-11 06:18 | INFO | Query 2 Size of the uncertainty table is = 5081/5040
2025-02-11 06:18 | INFO | Query 2 Size of the filtered table is = 82
2025-02-11 06:18 | INFO | Training Time Active Learning Classifier: 1.12 seconds
2025-02-11 06:18 | INFO | Training Time Active Learning Regressor: 0.41 seconds
2025-02-11 06:18 | INFO | Query 2 Active Learning Runtime on Validation Set: 221349.61
2025-02-11 06:18 | INFO | Query 2 Active Learning Runtime on Test Set: 71418.28
2025-02-11 06:18 | INFO | Query 2 Active Learning Instance Cost: 15863.53
2025-02-11 06:18 | INFO | Timeout limit is increased to 200
2025-02-11 06:18 | INFO | Query 3 Size of the uncertainty table is = 5002/5040
2025-02-11 06:18 | INFO | Query 3 Size of the filtered table is = 87
2025-02-11 06:18 | INFO | Training Time Active Learning Classifier: 1.13 seconds
2025-02-11 06:18 | INFO | Training Time Active Learning Regressor: 0.34 seconds
2025-02-11 06:18 | INFO | Query 3 Active Learning Runtime on Validation Set: 221380.86
2025-02-11 06:18 | INFO | Query 3 Active Learning Runtime on Test Set: 71537.69
2025-02-11 06:18 | INFO | Query 3 Active Learning Instance Cost: 21962.47
2025-02-11 06:18 | INFO | Timeout limit is increased to 300
2025-02-11 06:18 | INFO | Query 4 Size of the uncertainty table is = 4883/5040
2025-02-11 06:18 | INFO | Query 4 Size of the filtered table is = 117
2025-02-11 06:18 | INFO | Training Time Active Learning Classifier: 1.14 seconds
2025-02-11 06:18 | INFO | Training Time Active Learning Regressor: 0.34 seconds
2025-02-11 06:18 | INFO | Query 4 Active Learning Runtime on Validation Set: 221370.94
2025-02-11 06:18 | INFO | Query 4 Active Learning Runtime on Test Set: 71403.06999999999
2025-02-11 06:18 | INFO | Query 4 Active Learning Instance Cost: 30241.79
2025-02-11 06:18 | INFO | Query 5 Size of the uncertainty table is = 4735/5040
2025-02-11 06:18 | INFO | Query 5 Size of the filtered table is = 120
2025-02-11 06:18 | INFO | Training Time Active Learning Classifier: 1.15 seconds
2025-02-11 06:18 | INFO | Training Time Active Learning Regressor: 0.35 seconds
2025-02-11 06:18 | INFO | Query 5 Active Learning Runtime on Validation Set: 221295.21000000002
2025-02-11 06:18 | INFO | Query 5 Active Learning Runtime on Test Set: 71604.81999999999
2025-02-11 06:18 | INFO | Query 5 Active Learning Instance Cost: 39306.78
2025-02-11 06:19 | INFO | Query 6 Size of the uncertainty table is = 4601/5040
2025-02-11 06:19 | INFO | Query 6 Size of the filtered table is = 105
2025-02-11 06:19 | INFO | Training Time Active Learning Classifier: 1.16 seconds
2025-02-11 06:19 | INFO | Training Time Active Learning Regressor: 0.35 seconds
2025-02-11 06:19 | INFO | Query 6 Active Learning Runtime on Validation Set: 221205.62
2025-02-11 06:19 | INFO | Query 6 Active Learning Runtime on Test Set: 107605.37999999999
2025-02-11 06:19 | INFO | Query 6 Active Learning Instance Cost: 45143.64
2025-02-11 06:19 | INFO | Query 7 Size of the uncertainty table is = 4467/5040
2025-02-11 06:19 | INFO | Query 7 Size of the filtered table is = 124
2025-02-11 06:19 | INFO | Training Time Active Learning Classifier: 1.16 seconds
2025-02-11 06:19 | INFO | Training Time Active Learning Regressor: 0.35 seconds
2025-02-11 06:19 | INFO | Query 7 Active Learning Runtime on Validation Set: 221288.15999999997
2025-02-11 06:19 | INFO | Query 7 Active Learning Runtime on Test Set: 71619.34999999999
2025-02-11 06:19 | INFO | Query 7 Active Learning Instance Cost: 52213.59
2025-02-11 06:19 | INFO | Timeout limit is increased to 400
2025-02-11 06:19 | INFO | Query 8 Size of the uncertainty table is = 4323/5040
2025-02-11 06:19 | INFO | Query 8 Size of the filtered table is = 104
2025-02-11 06:19 | INFO | Training Time Active Learning Classifier: 1.18 seconds
2025-02-11 06:19 | INFO | Training Time Active Learning Regressor: 0.36 seconds
2025-02-11 06:19 | INFO | Query 8 Active Learning Runtime on Validation Set: 223868.33000000002
2025-02-11 06:19 | INFO | Query 8 Active Learning Runtime on Test Set: 71405.72
2025-02-11 06:19 | INFO | Query 8 Active Learning Instance Cost: 60783.83
2025-02-11 06:19 | INFO | Timeout limit is increased to 500
2025-02-11 06:19 | INFO | Query 9 Size of the uncertainty table is = 4179/5040
2025-02-11 06:19 | INFO | Query 9 Size of the filtered table is = 109
2025-02-11 06:19 | INFO | Training Time Active Learning Classifier: 1.26 seconds
2025-02-11 06:19 | INFO | Training Time Active Learning Regressor: 0.36 seconds
2025-02-11 06:19 | INFO | Query 9 Active Learning Runtime on Validation Set: 257207.28999999998
2025-02-11 06:19 | INFO | Query 9 Active Learning Runtime on Test Set: 71128.48
2025-02-11 06:19 | INFO | Query 9 Active Learning Instance Cost: 72891.56
2025-02-11 06:19 | INFO | Timeout limit is increased to 600
2025-02-11 06:19 | INFO | Query 10 Size of the uncertainty table is = 4005/5040
2025-02-11 06:19 | INFO | Query 10 Size of the filtered table is = 97
2025-02-11 06:19 | INFO | Training Time Active Learning Classifier: 1.2 seconds
2025-02-11 06:19 | INFO | Training Time Active Learning Regressor: 0.37 seconds
2025-02-11 06:19 | INFO | Query 10 Active Learning Runtime on Validation Set: 257232.93
2025-02-11 06:19 | INFO | Query 10 Active Learning Runtime on Test Set: 71198.84999999999
2025-02-11 06:19 | INFO | Query 10 Active Learning Instance Cost: 87468.03
2025-02-11 06:19 | INFO | Timeout limit is increased to 700
2025-02-11 06:19 | INFO | Query 11 Size of the uncertainty table is = 3870/5040
2025-02-11 06:19 | INFO | Query 11 Size of the filtered table is = 120
2025-02-11 06:19 | INFO | Training Time Active Learning Classifier: 1.2 seconds
2025-02-11 06:19 | INFO | Training Time Active Learning Regressor: 0.38 seconds
2025-02-11 06:19 | INFO | Query 11 Active Learning Runtime on Validation Set: 257232.39
2025-02-11 06:19 | INFO | Query 11 Active Learning Runtime on Test Set: 71673.84999999999
2025-02-11 06:19 | INFO | Query 11 Active Learning Instance Cost: 104842.97
2025-02-11 06:19 | INFO | Query 12 Size of the uncertainty table is = 3752/5040
2025-02-11 06:19 | INFO | Query 12 Size of the filtered table is = 121
2025-02-11 06:19 | INFO | Training Time Active Learning Classifier: 1.22 seconds
2025-02-11 06:19 | INFO | Training Time Active Learning Regressor: 0.38 seconds
2025-02-11 06:20 | INFO | Query 12 Active Learning Runtime on Validation Set: 259677.24
2025-02-11 06:20 | INFO | Query 12 Active Learning Runtime on Test Set: 35665.17
2025-02-11 06:20 | INFO | Query 12 Active Learning Instance Cost: 120518.49
2025-02-11 06:20 | INFO | Timeout limit is increased to 800
2025-02-11 06:20 | INFO | Query 13 Size of the uncertainty table is = 3624/5040
2025-02-11 06:20 | INFO | Query 13 Size of the filtered table is = 126
2025-02-11 06:20 | INFO | Training Time Active Learning Classifier: 1.22 seconds
2025-02-11 06:20 | INFO | Training Time Active Learning Regressor: 0.39 seconds
2025-02-11 06:20 | INFO | Query 13 Active Learning Runtime on Validation Set: 223665.90999999997
2025-02-11 06:20 | INFO | Query 13 Active Learning Runtime on Test Set: 35712.78999999999
2025-02-11 06:20 | INFO | Query 13 Active Learning Instance Cost: 133433.62
2025-02-11 06:20 | INFO | Query 14 Size of the uncertainty table is = 3468/5040
2025-02-11 06:20 | INFO | Query 14 Size of the filtered table is = 117
2025-02-11 06:20 | INFO | Training Time Active Learning Classifier: 1.23 seconds
2025-02-11 06:20 | INFO | Training Time Active Learning Regressor: 0.47 seconds
2025-02-11 06:20 | INFO | Query 14 Active Learning Runtime on Validation Set: 223666.93
2025-02-11 06:20 | INFO | Query 14 Active Learning Runtime on Test Set: 35923.229999999996
2025-02-11 06:20 | INFO | Query 14 Active Learning Instance Cost: 148899.12
2025-02-11 06:20 | INFO | Timeout limit is increased to 900
2025-02-11 06:20 | INFO | Query 15 Size of the uncertainty table is = 3334/5040
2025-02-11 06:20 | INFO | Query 15 Size of the filtered table is = 134
2025-02-11 06:20 | INFO | Training Time Active Learning Classifier: 1.24 seconds
2025-02-11 06:20 | INFO | Training Time Active Learning Regressor: 0.4 seconds
2025-02-11 06:20 | INFO | Query 15 Active Learning Runtime on Validation Set: 223540.02999999997
2025-02-11 06:20 | INFO | Query 15 Active Learning Runtime on Test Set: 35876.52999999999
2025-02-11 06:20 | INFO | Query 15 Active Learning Instance Cost: 168097.76
2025-02-11 06:20 | INFO | Query 16 Size of the uncertainty table is = 3188/5040
2025-02-11 06:20 | INFO | Query 16 Size of the filtered table is = 131
2025-02-11 06:20 | INFO | Training Time Active Learning Classifier: 1.25 seconds
2025-02-11 06:20 | INFO | Training Time Active Learning Regressor: 0.4 seconds
2025-02-11 06:20 | INFO | Query 16 Active Learning Runtime on Validation Set: 260542.87
2025-02-11 06:20 | INFO | Query 16 Active Learning Runtime on Test Set: 35883.119999999995
2025-02-11 06:20 | INFO | Query 16 Active Learning Instance Cost: 183975.49
2025-02-11 06:20 | INFO | Timeout limit is increased to 1000
2025-02-11 06:20 | INFO | Query 17 Size of the uncertainty table is = 3058/5040
2025-02-11 06:20 | INFO | Query 17 Size of the filtered table is = 133
2025-02-11 06:20 | INFO | Training Time Active Learning Classifier: 1.26 seconds
2025-02-11 06:20 | INFO | Training Time Active Learning Regressor: 0.41 seconds
2025-02-11 06:20 | INFO | Query 17 Active Learning Runtime on Validation Set: 261564.55
2025-02-11 06:20 | INFO | Query 17 Active Learning Runtime on Test Set: 35876.52999999999
2025-02-11 06:20 | INFO | Query 17 Active Learning Instance Cost: 208329.75
2025-02-11 06:20 | INFO | Timeout limit is increased to 1100
2025-02-11 06:20 | INFO | Query 18 Size of the uncertainty table is = 2894/5040
2025-02-11 06:20 | INFO | Query 18 Size of the filtered table is = 127
2025-02-11 06:20 | INFO | Training Time Active Learning Classifier: 1.27 seconds
2025-02-11 06:20 | INFO | Training Time Active Learning Regressor: 0.41 seconds
2025-02-11 06:21 | INFO | Query 18 Active Learning Runtime on Validation Set: 257382.32
2025-02-11 06:21 | INFO | Query 18 Active Learning Runtime on Test Set: 35771.259999999995
2025-02-11 06:21 | INFO | Query 18 Active Learning Instance Cost: 235594.53
2025-02-11 06:21 | INFO | Query 19 Size of the uncertainty table is = 2752/5040
2025-02-11 06:21 | INFO | Query 19 Size of the filtered table is = 110
2025-02-11 06:21 | INFO | Training Time Active Learning Classifier: 1.29 seconds
2025-02-11 06:21 | INFO | Training Time Active Learning Regressor: 0.42 seconds
2025-02-11 06:21 | INFO | Query 19 Active Learning Runtime on Validation Set: 222941.90999999997
2025-02-11 06:21 | INFO | Query 19 Active Learning Runtime on Test Set: 36015.979999999996
2025-02-11 06:21 | INFO | Query 19 Active Learning Instance Cost: 258250.95
2025-02-11 06:21 | INFO | Query 20 Size of the uncertainty table is = 2598/5040
2025-02-11 06:21 | INFO | Query 20 Size of the filtered table is = 94
2025-02-11 06:21 | INFO | Training Time Active Learning Classifier: 1.3 seconds
2025-02-11 06:21 | INFO | Training Time Active Learning Regressor: 0.42 seconds
2025-02-11 06:21 | INFO | Query 20 Active Learning Runtime on Validation Set: 222902.19
2025-02-11 06:21 | INFO | Query 20 Active Learning Runtime on Test Set: 36003.53999999999
2025-02-11 06:21 | INFO | Query 20 Active Learning Instance Cost: 282093.6
2025-02-11 06:21 | INFO | Query 21 Size of the uncertainty table is = 2449/5040
2025-02-11 06:21 | INFO | Query 21 Size of the filtered table is = 111
2025-02-11 06:21 | INFO | Training Time Active Learning Classifier: 1.31 seconds
2025-02-11 06:21 | INFO | Training Time Active Learning Regressor: 0.42 seconds
2025-02-11 06:21 | INFO | Query 21 Active Learning Runtime on Validation Set: 221253.78999999998
2025-02-11 06:21 | INFO | Query 21 Active Learning Runtime on Test Set: 36001.939999999995
2025-02-11 06:21 | INFO | Query 21 Active Learning Instance Cost: 301873.74
2025-02-11 06:21 | INFO | Query 22 Size of the uncertainty table is = 2280/5040
2025-02-11 06:21 | INFO | Query 22 Size of the filtered table is = 85
2025-02-11 06:21 | INFO | Training Time Active Learning Classifier: 1.33 seconds
2025-02-11 06:21 | INFO | Training Time Active Learning Regressor: 0.43 seconds
2025-02-11 06:21 | INFO | Query 22 Active Learning Runtime on Validation Set: 257154.5
2025-02-11 06:21 | INFO | Query 22 Active Learning Runtime on Test Set: 36004.469999999994
2025-02-11 06:21 | INFO | Query 22 Active Learning Instance Cost: 318473.01
2025-02-11 06:21 | INFO | Timeout limit is increased to 1200
2025-02-11 06:21 | INFO | Query 23 Size of the uncertainty table is = 2117/5040
2025-02-11 06:21 | INFO | Query 23 Size of the filtered table is = 106
2025-02-11 06:21 | INFO | Training Time Active Learning Classifier: 1.33 seconds
2025-02-11 06:21 | INFO | Training Time Active Learning Regressor: 0.44 seconds
2025-02-11 06:21 | INFO | Query 23 Active Learning Runtime on Validation Set: 257185.62
2025-02-11 06:21 | INFO | Query 23 Active Learning Runtime on Test Set: 35850.899999999994
2025-02-11 06:21 | INFO | Query 23 Active Learning Instance Cost: 336115.55
2025-02-11 06:21 | INFO | Timeout limit is increased to 1300
2025-02-11 06:21 | INFO | Query 24 Size of the uncertainty table is = 1953/5040
2025-02-11 06:21 | INFO | Query 24 Size of the filtered table is = 88
2025-02-11 06:21 | INFO | Training Time Active Learning Classifier: 1.35 seconds
2025-02-11 06:21 | INFO | Training Time Active Learning Regressor: 0.44 seconds
2025-02-11 06:22 | INFO | Query 24 Active Learning Runtime on Validation Set: 257177.24
2025-02-11 06:22 | INFO | Query 24 Active Learning Runtime on Test Set: 35879.99999999999
2025-02-11 06:22 | INFO | Query 24 Active Learning Instance Cost: 353335.71
2025-02-11 06:22 | INFO | Query 25 Size of the uncertainty table is = 1761/5040
2025-02-11 06:22 | INFO | Query 25 Size of the filtered table is = 110
2025-02-11 06:22 | INFO | Training Time Active Learning Classifier: 1.37 seconds
2025-02-11 06:22 | INFO | Training Time Active Learning Regressor: 0.44 seconds
2025-02-11 06:22 | INFO | Query 25 Active Learning Runtime on Validation Set: 224336.11
2025-02-11 06:22 | INFO | Query 25 Active Learning Runtime on Test Set: 35879.06999999999
2025-02-11 06:22 | INFO | Query 25 Active Learning Instance Cost: 372792.54
2025-02-11 06:22 | INFO | Query 26 Size of the uncertainty table is = 1573/5040
2025-02-11 06:22 | INFO | Query 26 Size of the filtered table is = 61
2025-02-11 06:22 | INFO | Training Time Active Learning Classifier: 1.46 seconds
2025-02-11 06:22 | INFO | Training Time Active Learning Regressor: 0.45 seconds
2025-02-11 06:22 | INFO | Query 26 Active Learning Runtime on Validation Set: 257354.96999999997
2025-02-11 06:22 | INFO | Query 26 Active Learning Runtime on Test Set: 35872.34
2025-02-11 06:22 | INFO | Query 26 Active Learning Instance Cost: 406801.88
2025-02-11 06:22 | INFO | Timeout limit is increased to 1400
2025-02-11 06:22 | INFO | Query 27 Size of the uncertainty table is = 1455/5040
2025-02-11 06:22 | INFO | Query 27 Size of the filtered table is = 72
2025-02-11 06:22 | INFO | Training Time Active Learning Classifier: 1.39 seconds
2025-02-11 06:22 | INFO | Training Time Active Learning Regressor: 0.45 seconds
2025-02-11 06:22 | INFO | Query 27 Active Learning Runtime on Validation Set: 257442.96999999997
2025-02-11 06:22 | INFO | Query 27 Active Learning Runtime on Test Set: 35791.56
2025-02-11 06:22 | INFO | Query 27 Active Learning Instance Cost: 428975.25
2025-02-11 06:22 | INFO | Timeout limit is increased to 1500
2025-02-11 06:22 | INFO | Query 28 Size of the uncertainty table is = 1318/5040
2025-02-11 06:22 | INFO | Query 28 Size of the filtered table is = 73
2025-02-11 06:22 | INFO | Training Time Active Learning Classifier: 1.4 seconds
2025-02-11 06:22 | INFO | Training Time Active Learning Regressor: 0.46 seconds
2025-02-11 06:22 | INFO | Query 28 Active Learning Runtime on Validation Set: 257768.77999999997
2025-02-11 06:22 | INFO | Query 28 Active Learning Runtime on Test Set: 35998.45999999999
2025-02-11 06:22 | INFO | Query 28 Active Learning Instance Cost: 448424.72
2025-02-11 06:22 | INFO | Timeout limit is increased to 1600
2025-02-11 06:22 | INFO | Query 29 Size of the uncertainty table is = 1153/5040
2025-02-11 06:22 | INFO | Query 29 Size of the filtered table is = 69
2025-02-11 06:22 | INFO | Training Time Active Learning Classifier: 1.41 seconds
2025-02-11 06:22 | INFO | Training Time Active Learning Regressor: 0.46 seconds
2025-02-11 06:22 | INFO | Query 29 Active Learning Runtime on Validation Set: 257822.13
2025-02-11 06:22 | INFO | Query 29 Active Learning Runtime on Test Set: 35961.09999999999
2025-02-11 06:22 | INFO | Query 29 Active Learning Instance Cost: 460506.16
2025-02-11 06:22 | INFO | Timeout limit is increased to 1700
2025-02-11 06:22 | INFO | Query 30 Size of the uncertainty table is = 1009/5040
2025-02-11 06:22 | INFO | Query 30 Size of the filtered table is = 59
2025-02-11 06:22 | INFO | Training Time Active Learning Classifier: 1.43 seconds
2025-02-11 06:22 | INFO | Training Time Active Learning Regressor: 0.46 seconds
2025-02-11 06:22 | INFO | Query 30 Active Learning Runtime on Validation Set: 224839.58000000002
2025-02-11 06:22 | INFO | Query 30 Active Learning Runtime on Test Set: 35769.24
2025-02-11 06:22 | INFO | Query 30 Active Learning Instance Cost: 489789.92
2025-02-11 06:22 | INFO | Query 31 Size of the uncertainty table is = 863/5040
2025-02-11 06:22 | INFO | Query 31 Size of the filtered table is = 53
2025-02-11 06:22 | INFO | Training Time Active Learning Classifier: 1.43 seconds
2025-02-11 06:22 | INFO | Training Time Active Learning Regressor: 0.47 seconds
2025-02-11 06:23 | INFO | Query 31 Active Learning Runtime on Validation Set: 257790.52999999997
2025-02-11 06:23 | INFO | Query 31 Active Learning Runtime on Test Set: 35970.42999999999
2025-02-11 06:23 | INFO | Query 31 Active Learning Instance Cost: 511976.96
2025-02-11 06:23 | INFO | Timeout limit is increased to 1800
2025-02-11 06:23 | INFO | Query 32 Size of the uncertainty table is = 743/5040
2025-02-11 06:23 | INFO | Query 32 Size of the filtered table is = 51
2025-02-11 06:23 | INFO | Training Time Active Learning Classifier: 1.43 seconds
2025-02-11 06:23 | INFO | Training Time Active Learning Regressor: 0.47 seconds
2025-02-11 06:23 | INFO | Query 32 Active Learning Runtime on Validation Set: 257789.56
2025-02-11 06:23 | INFO | Query 32 Active Learning Runtime on Test Set: 35969.549999999996
2025-02-11 06:23 | INFO | Query 32 Active Learning Instance Cost: 576690.47
2025-02-11 06:23 | INFO | Query 33 Size of the uncertainty table is = 679/5040
2025-02-11 06:23 | INFO | Query 33 Size of the filtered table is = 51
2025-02-11 06:23 | INFO | Training Time Active Learning Classifier: 1.44 seconds
2025-02-11 06:23 | INFO | Training Time Active Learning Regressor: 0.47 seconds
2025-02-11 06:23 | INFO | Query 33 Active Learning Runtime on Validation Set: 257792.26
2025-02-11 06:23 | INFO | Query 33 Active Learning Runtime on Test Set: 35976.27
2025-02-11 06:23 | INFO | Query 33 Active Learning Instance Cost: 613629.85
2025-02-11 06:23 | INFO | Timeout limit is increased to 1900
2025-02-11 06:23 | INFO | Query 34 Size of the uncertainty table is = 645/5040
2025-02-11 06:23 | INFO | Query 34 Size of the filtered table is = 51
2025-02-11 06:23 | INFO | Training Time Active Learning Classifier: 1.44 seconds
2025-02-11 06:23 | INFO | Training Time Active Learning Regressor: 0.47 seconds
2025-02-11 06:23 | INFO | Query 34 Active Learning Runtime on Validation Set: 257805.78999999998
2025-02-11 06:23 | INFO | Query 34 Active Learning Runtime on Test Set: 35768.34999999999
2025-02-11 06:23 | INFO | Query 34 Active Learning Instance Cost: 644732.57
2025-02-11 06:23 | INFO | Timeout limit is increased to 2000
2025-02-11 06:23 | INFO | Query 35 Size of the uncertainty table is = 623/5040
2025-02-11 06:23 | INFO | Query 35 Size of the filtered table is = 51
2025-02-11 06:23 | INFO | Training Time Active Learning Classifier: 1.44 seconds
2025-02-11 06:23 | INFO | Training Time Active Learning Regressor: 0.47 seconds
2025-02-11 06:23 | INFO | Query 35 Active Learning Runtime on Validation Set: 257772.33999999997
2025-02-11 06:23 | INFO | Query 35 Active Learning Runtime on Test Set: 35768.34999999999
2025-02-11 06:23 | INFO | Query 35 Active Learning Instance Cost: 683378.15
2025-02-11 06:23 | INFO | Query 36 Size of the uncertainty table is = 611/5040
2025-02-11 06:23 | INFO | Query 36 Size of the filtered table is = 51
2025-02-11 06:23 | INFO | Training Time Active Learning Classifier: 1.44 seconds
2025-02-11 06:23 | INFO | Training Time Active Learning Regressor: 0.54 seconds
2025-02-11 06:23 | INFO | Query 36 Active Learning Runtime on Validation Set: 257772.33999999997
2025-02-11 06:23 | INFO | Query 36 Active Learning Runtime on Test Set: 35768.34999999999
2025-02-11 06:23 | INFO | Query 36 Active Learning Instance Cost: 704191.6
2025-02-11 06:23 | INFO | Timeout limit is increased to 2100
2025-02-11 06:23 | INFO | Query 37 Size of the uncertainty table is = 602/5040
2025-02-11 06:23 | INFO | Query 37 Size of the filtered table is = 51
2025-02-11 06:23 | INFO | Training Time Active Learning Classifier: 1.44 seconds
2025-02-11 06:23 | INFO | Training Time Active Learning Regressor: 0.47 seconds
2025-02-11 06:23 | INFO | Query 37 Active Learning Runtime on Validation Set: 257772.33999999997
2025-02-11 06:23 | INFO | Query 37 Active Learning Runtime on Test Set: 35768.34999999999
2025-02-11 06:23 | INFO | Query 37 Active Learning Instance Cost: 723691.6
2025-02-11 06:23 | INFO | Timeout limit is increased to 2200
2025-02-11 06:23 | INFO | Query 38 Size of the uncertainty table is = 602/5040
2025-02-11 06:23 | INFO | Query 38 Size of the filtered table is = 51
2025-02-11 06:24 | INFO | Training Time Active Learning Classifier: 1.44 seconds
2025-02-11 06:24 | INFO | Training Time Active Learning Regressor: 0.47 seconds
2025-02-11 06:24 | INFO | Query 38 Active Learning Runtime on Validation Set: 257772.33999999997
2025-02-11 06:24 | INFO | Query 38 Active Learning Runtime on Test Set: 35768.34999999999
2025-02-11 06:24 | INFO | Query 38 Active Learning Instance Cost: 742064.97
2025-02-11 06:24 | INFO | Timeout limit is increased to 2300
2025-02-11 06:24 | INFO | Query 39 Size of the uncertainty table is = 596/5040
2025-02-11 06:24 | INFO | Query 39 Size of the filtered table is = 51
2025-02-11 06:24 | INFO | Training Time Active Learning Classifier: 1.44 seconds
2025-02-11 06:24 | INFO | Training Time Active Learning Regressor: 0.47 seconds
2025-02-11 06:24 | INFO | Query 39 Active Learning Runtime on Validation Set: 257772.33999999997
2025-02-11 06:24 | INFO | Query 39 Active Learning Runtime on Test Set: 35768.34999999999
2025-02-11 06:24 | INFO | Query 39 Active Learning Instance Cost: 770386.15
2025-02-11 06:24 | INFO | Timeout limit is increased to 2400
2025-02-11 06:24 | INFO | Query 40 Size of the uncertainty table is = 588/5040
2025-02-11 06:24 | INFO | Query 40 Size of the filtered table is = 51
2025-02-11 06:24 | INFO | Training Time Active Learning Classifier: 1.44 seconds
2025-02-11 06:24 | INFO | Training Time Active Learning Regressor: 0.48 seconds
2025-02-11 06:24 | INFO | Query 40 Active Learning Runtime on Validation Set: 224763.55
2025-02-11 06:24 | INFO | Query 40 Active Learning Runtime on Test Set: 35762.159999999996
2025-02-11 06:24 | INFO | Query 40 Active Learning Instance Cost: 794547.4
2025-02-11 06:24 | INFO | Query 41 Size of the uncertainty table is = 584/5040
2025-02-11 06:24 | INFO | Query 41 Size of the filtered table is = 51
2025-02-11 06:24 | INFO | Training Time Active Learning Classifier: 1.43 seconds
2025-02-11 06:24 | INFO | Training Time Active Learning Regressor: 0.47 seconds
2025-02-11 06:24 | INFO | Query 41 Active Learning Runtime on Validation Set: 224787.07
2025-02-11 06:24 | INFO | Query 41 Active Learning Runtime on Test Set: 35762.159999999996
2025-02-11 06:24 | INFO | Query 41 Active Learning Instance Cost: 804704.32
2025-02-11 06:24 | INFO | Timeout limit is increased to 2500
2025-02-11 06:24 | INFO | Query 42 Size of the uncertainty table is = 579/5040
2025-02-11 06:24 | INFO | Query 42 Size of the filtered table is = 51
2025-02-11 06:24 | INFO | Training Time Active Learning Classifier: 1.44 seconds
2025-02-11 06:24 | INFO | Training Time Active Learning Regressor: 0.47 seconds
2025-02-11 06:24 | INFO | Query 42 Active Learning Runtime on Validation Set: 224787.07
2025-02-11 06:24 | INFO | Query 42 Active Learning Runtime on Test Set: 35762.159999999996
2025-02-11 06:24 | INFO | Query 42 Active Learning Instance Cost: 822704.32
2025-02-11 06:24 | INFO | Timeout limit is increased to 2600
2025-02-11 06:24 | INFO | Query 43 Size of the uncertainty table is = 579/5040
2025-02-11 06:24 | INFO | Query 43 Size of the filtered table is = 51
2025-02-11 06:24 | INFO | Training Time Active Learning Classifier: 1.44 seconds
2025-02-11 06:24 | INFO | Training Time Active Learning Regressor: 0.55 seconds
2025-02-11 06:24 | INFO | Query 43 Active Learning Runtime on Validation Set: 224820.52000000002
2025-02-11 06:24 | INFO | Query 43 Active Learning Runtime on Test Set: 35762.159999999996
2025-02-11 06:24 | INFO | Query 43 Active Learning Instance Cost: 833951.83
2025-02-11 06:24 | INFO | Timeout limit is increased to 2700
2025-02-11 06:24 | INFO | Query 44 Size of the uncertainty table is = 574/5040
2025-02-11 06:24 | INFO | Query 44 Size of the filtered table is = 51
2025-02-11 06:24 | INFO | Training Time Active Learning Classifier: 1.44 seconds
2025-02-11 06:24 | INFO | Training Time Active Learning Regressor: 0.47 seconds
2025-02-11 06:24 | INFO | Query 44 Active Learning Runtime on Validation Set: 224820.52000000002
2025-02-11 06:24 | INFO | Query 44 Active Learning Runtime on Test Set: 35762.159999999996
2025-02-11 06:24 | INFO | Query 44 Active Learning Instance Cost: 856421.84
2025-02-11 06:24 | INFO | Timeout limit is increased to 2800
2025-02-11 06:24 | INFO | Query 45 Size of the uncertainty table is = 573/5040
2025-02-11 06:24 | INFO | Query 45 Size of the filtered table is = 51
2025-02-11 06:25 | INFO | Training Time Active Learning Classifier: 1.44 seconds
2025-02-11 06:25 | INFO | Training Time Active Learning Regressor: 0.47 seconds
2025-02-11 06:25 | INFO | Query 45 Active Learning Runtime on Validation Set: 224820.52000000002
2025-02-11 06:25 | INFO | Query 45 Active Learning Runtime on Test Set: 35762.159999999996
2025-02-11 06:25 | INFO | Query 45 Active Learning Instance Cost: 870621.84
2025-02-11 06:25 | INFO | Timeout limit is increased to 2900
2025-02-11 06:25 | INFO | Query 46 Size of the uncertainty table is = 573/5040
2025-02-11 06:25 | INFO | Query 46 Size of the filtered table is = 51
2025-02-11 06:25 | INFO | Training Time Active Learning Classifier: 1.44 seconds
2025-02-11 06:25 | INFO | Training Time Active Learning Regressor: 0.47 seconds
2025-02-11 06:25 | INFO | Query 46 Active Learning Runtime on Validation Set: 224820.57
2025-02-11 06:25 | INFO | Query 46 Active Learning Runtime on Test Set: 35762.159999999996
2025-02-11 06:25 | INFO | Query 46 Active Learning Instance Cost: 894151.13
2025-02-11 06:25 | INFO | Timeout limit is increased to 3000
2025-02-11 06:25 | INFO | Query 47 Size of the uncertainty table is = 568/5040
2025-02-11 06:25 | INFO | Query 47 Size of the filtered table is = 51
2025-02-11 06:25 | INFO | Training Time Active Learning Classifier: 1.44 seconds
2025-02-11 06:25 | INFO | Training Time Active Learning Regressor: 0.47 seconds
2025-02-11 06:25 | INFO | Query 47 Active Learning Runtime on Validation Set: 257829.36
2025-02-11 06:25 | INFO | Query 47 Active Learning Runtime on Test Set: 36476.70999999999
2025-02-11 06:25 | INFO | Query 47 Active Learning Instance Cost: 911536.34
2025-02-11 06:25 | INFO | Timeout limit is increased to 3100
2025-02-11 06:25 | INFO | Query 48 Size of the uncertainty table is = 560/5040
2025-02-11 06:25 | INFO | Query 48 Size of the filtered table is = 51
2025-02-11 06:25 | INFO | Training Time Active Learning Classifier: 1.44 seconds
2025-02-11 06:25 | INFO | Training Time Active Learning Regressor: 0.47 seconds
2025-02-11 06:25 | INFO | Query 48 Active Learning Runtime on Validation Set: 257829.36
2025-02-11 06:25 | INFO | Query 48 Active Learning Runtime on Test Set: 36476.70999999999
2025-02-11 06:25 | INFO | Query 48 Active Learning Instance Cost: 933735.28
2025-02-11 06:25 | INFO | Timeout limit is increased to 3200
2025-02-11 06:25 | INFO | Query 49 Size of the uncertainty table is = 551/5040
2025-02-11 06:25 | INFO | Query 49 Size of the filtered table is = 51
2025-02-11 06:25 | INFO | Training Time Active Learning Classifier: 1.44 seconds
2025-02-11 06:25 | INFO | Training Time Active Learning Regressor: 0.47 seconds
2025-02-11 06:25 | INFO | Query 49 Active Learning Runtime on Validation Set: 257742.25
2025-02-11 06:25 | INFO | Query 49 Active Learning Runtime on Test Set: 36684.09999999999
2025-02-11 06:25 | INFO | Query 49 Active Learning Instance Cost: 960223.15
2025-02-11 06:25 | INFO | Query 50 Size of the uncertainty table is = 542/5040
2025-02-11 06:25 | INFO | Query 50 Size of the filtered table is = 51
2025-02-11 06:25 | INFO | Training Time Active Learning Classifier: 1.44 seconds
2025-02-11 06:25 | INFO | Training Time Active Learning Regressor: 0.47 seconds
2025-02-11 06:25 | INFO | Query 50 Active Learning Runtime on Validation Set: 257738.2
2025-02-11 06:25 | INFO | Query 50 Active Learning Runtime on Test Set: 36684.09999999999
2025-02-11 06:25 | INFO | Query 50 Active Learning Instance Cost: 972177.89
2025-02-11 06:25 | INFO | Query 51 Size of the uncertainty table is = 541/5040
2025-02-11 06:25 | INFO | Query 51 Size of the filtered table is = 51
2025-02-11 06:25 | INFO | Training Time Active Learning Classifier: 1.44 seconds
2025-02-11 06:25 | INFO | Training Time Active Learning Regressor: 0.47 seconds
2025-02-11 06:25 | INFO | Query 51 Active Learning Runtime on Validation Set: 257738.2
2025-02-11 06:25 | INFO | Query 51 Active Learning Runtime on Test Set: 36684.09999999999
2025-02-11 06:25 | INFO | Query 51 Active Learning Instance Cost: 981977.89
2025-02-11 06:25 | INFO | Timeout limit is increased to 3300
2025-02-11 06:25 | INFO | Query 52 Size of the uncertainty table is = 541/5040
2025-02-11 06:25 | INFO | Query 52 Size of the filtered table is = 51
2025-02-11 06:26 | INFO | Training Time Active Learning Classifier: 1.44 seconds
2025-02-11 06:26 | INFO | Training Time Active Learning Regressor: 0.47 seconds
2025-02-11 06:26 | INFO | Query 52 Active Learning Runtime on Validation Set: 257738.2
2025-02-11 06:26 | INFO | Query 52 Active Learning Runtime on Test Set: 36684.09999999999
2025-02-11 06:26 | INFO | Query 52 Active Learning Instance Cost: 996177.89
2025-02-11 06:26 | INFO | Timeout limit is increased to 3400
2025-02-11 06:26 | INFO | Query 53 Size of the uncertainty table is = 541/5040
2025-02-11 06:26 | INFO | Query 53 Size of the filtered table is = 51
2025-02-11 06:26 | INFO | Training Time Active Learning Classifier: 1.45 seconds
2025-02-11 06:26 | INFO | Training Time Active Learning Regressor: 0.47 seconds
2025-02-11 06:26 | INFO | Query 53 Active Learning Runtime on Validation Set: 257736.87
2025-02-11 06:26 | INFO | Query 53 Active Learning Runtime on Test Set: 35973.70999999999
2025-02-11 06:26 | INFO | Query 53 Active Learning Instance Cost: 1008413.69
2025-02-11 06:26 | INFO | Query 54 Size of the uncertainty table is = 530/5040
2025-02-11 06:26 | INFO | Query 54 Size of the filtered table is = 51
2025-02-11 06:26 | INFO | Training Time Active Learning Classifier: 1.44 seconds
2025-02-11 06:26 | INFO | Training Time Active Learning Regressor: 0.47 seconds
2025-02-11 06:26 | INFO | Query 54 Active Learning Runtime on Validation Set: 257736.87
2025-02-11 06:26 | INFO | Query 54 Active Learning Runtime on Test Set: 35973.70999999999
2025-02-11 06:26 | INFO | Query 54 Active Learning Instance Cost: 1017213.69
2025-02-11 06:26 | INFO | Timeout limit is increased to 3500
2025-02-11 06:26 | INFO | Query 55 Size of the uncertainty table is = 530/5040
2025-02-11 06:26 | INFO | Query 55 Size of the filtered table is = 55
2025-02-11 06:26 | INFO | Training Time Active Learning Classifier: 1.44 seconds
2025-02-11 06:26 | INFO | Training Time Active Learning Regressor: 0.47 seconds
2025-02-11 06:26 | INFO | Query 55 Active Learning Runtime on Validation Set: 257736.87
2025-02-11 06:26 | INFO | Query 55 Active Learning Runtime on Test Set: 35973.70999999999
2025-02-11 06:26 | INFO | Query 55 Active Learning Instance Cost: 1033013.69
2025-02-11 06:26 | INFO | Timeout limit is increased to 3600
2025-02-11 06:26 | INFO | Query 56 Size of the uncertainty table is = 530/5040
2025-02-11 06:26 | INFO | Query 56 Size of the filtered table is = 51
2025-02-11 06:26 | INFO | Training Time Active Learning Classifier: 1.45 seconds
2025-02-11 06:26 | INFO | Training Time Active Learning Regressor: 0.47 seconds
2025-02-11 06:26 | INFO | Query 56 Active Learning Runtime on Validation Set: 257736.87
2025-02-11 06:26 | INFO | Query 56 Active Learning Runtime on Test Set: 35973.70999999999
2025-02-11 06:26 | INFO | Query 56 Active Learning Instance Cost: 1048413.69
2025-02-11 06:26 | INFO | Timeout limit is increased to 3600
2025-02-11 06:26 | INFO | Active Learning Emissions: 0.00611374796547215
2025-02-11 06:26 | INFO | Active Learning Energy Consumption: 0.006651913904909454 kWh
2025-02-11 06:26 | INFO | runtime_test_score is written as json file
2025-02-11 06:26 | INFO | runtime_validation_score is written as json file
2025-02-11 06:26 | INFO | instance_cost is written as json file
2025-02-11 06:26 | INFO | Experiment is finished
