2025-02-11 11:38 | INFO | Paramaters are: {'dataset': 'SAT12-INDU', 'penalty': 10, 'weight': 'No_Weight', 'voting': 'Hard', 'pre_selection_size': 64, 'pre_selection_technique': 'No_pre_selection', 'feature_elimination_threshold': 20, 'imputer_strategy': 'median', 'feature_selection_technique': 'No_feature_selection', 'feature_scaling_technique': 'StandardScaler', 'initial_train_size': 20, 'query_size': 1, 'timeout_predictor_usage': 'No', 'pareto_features': {'Uncertainty': 'max', 'PredDiff': 'max', 'PredCost': 'min'}, 'timeout_limit': 3600, 'timeout_increase_rate': 100, 'penalty_type': 'Only-timeout-penalty', 'RANDOM_STATE_SEED': 123, 'n_splits': 10, 'split_number': 7, 'max_timeout': 3600, 'param_grid': {'n_estimators': 100, 'max_features': 'sqrt', 'max_depth': 2147483648, 'min_samples_split': 2, 'bootstrap': True}}
2025-02-11 11:38 | INFO | SAT12-INDU is current dataset
2025-02-11 11:38 | INFO | DATASETS/SAT12-INDU/algorithm_runs.arff is found
2025-02-11 11:38 | INFO | DATASETS/SAT12-INDU/algorithm_runs.arff is finished
2025-02-11 11:38 | INFO | DATASETS/SAT12-INDU/feature_values.arff is found
2025-02-11 11:38 | INFO | DATASETS/SAT12-INDU/feature_values.arff is finished
2025-02-11 11:38 | INFO | DATASETS/SAT12-INDU/feature_costs.arff is found
2025-02-11 11:38 | INFO | DATASETS/SAT12-INDU/feature_costs.arff is finished
2025-02-11 11:38 | INFO | Virtual best solver time in train = 132012.12
2025-02-11 11:38 | INFO | Single best solver list train = {'clasp1': 6146680.62, 'clasp2': 6637700.83, 'cryptominisat2011': 3412817.89, 'eagleup': 23688000.02, 'ebglucose': 5618938.04, 'ebminisat': 4799019.76, 'glucose2': 4435993.93, 'glueminisat': 4287902.91, 'gnoveltyp2': 23400058.46, 'lingeling': 2931450.97, 'lrglshr': 6225669.12, 'marchrw': 22293753.52, 'minisatpsm': 4540981.95, 'mphaseSAT': 3909526.4, 'mphaseSAT64': 3765000.03, 'mphaseSATm': 3914701.61, 'mxc09': 5521917.38, 'picosat': 7133237.91, 'precosat': 4228263.94, 'qutersat': 3188887.73, 'rcl': 6125665.48, 'restartsat': 4551310.12, 'sapperlot': 5915979.84, 'satime11': 21790167.74, 'sattime': 22074640.18, 'sattimep': 22009602.0, 'sol': 9679233.04, 'sparrow': 22576789.43, 'spear-hw': 10007881.73, 'spear-sw': 11004873.77, 'tnm': 22825438.36}
2025-02-11 11:38 | INFO | Single best solver time train = lingeling (2931450.97)
2025-02-11 11:38 | INFO | Virtual best solver time in validation = 30352.11
2025-02-11 11:38 | INFO | Single best solver list validation = {'clasp1': 1243219.59, 'clasp2': 1563572.48, 'cryptominisat2011': 455925.3, 'eagleup': 5940000.0, 'ebglucose': 985873.71, 'ebminisat': 595398.8, 'glucose2': 592505.58, 'glueminisat': 627609.36, 'gnoveltyp2': 5904166.89, 'lingeling': 338833.37, 'lrglshr': 772890.29, 'marchrw': 5689070.12, 'minisatpsm': 695683.49, 'mphaseSAT': 342754.49, 'mphaseSAT64': 662691.58, 'mphaseSATm': 380410.38, 'mxc09': 771581.4, 'picosat': 1203344.94, 'precosat': 592432.3, 'qutersat': 311145.38, 'rcl': 952782.32, 'restartsat': 559901.57, 'sapperlot': 704750.23, 'satime11': 5688639.7, 'sattime': 5724278.24, 'sattimep': 5689048.43, 'sol': 1974705.38, 'sparrow': 5868696.16, 'spear-hw': 2321036.06, 'spear-sw': 1962316.02, 'tnm': 5832275.91}
2025-02-11 11:38 | INFO | Single best solver time validation = qutersat (311145.38)
2025-02-11 11:38 | INFO | Virtual best solver time in test = 19646.94
2025-02-11 11:38 | INFO | Single best solver list test = {'clasp1': 912523.05, 'clasp2': 948155.68, 'cryptominisat2011': 303420.05, 'eagleup': 3240000.03, 'ebglucose': 693917.62, 'ebminisat': 552267.09, 'glucose2': 550797.0, 'glueminisat': 585841.82, 'gnoveltyp2': 3204841.69, 'lingeling': 408150.85, 'lrglshr': 840358.47, 'marchrw': 2953316.57, 'minisatpsm': 584104.03, 'mphaseSAT': 730618.31, 'mphaseSAT64': 446333.57, 'mphaseSATm': 696335.63, 'mxc09': 623292.89, 'picosat': 876885.43, 'precosat': 589583.7, 'qutersat': 374928.66, 'rcl': 731009.21, 'restartsat': 626606.14, 'sapperlot': 697465.49, 'satime11': 3096578.49, 'sattime': 3026836.5, 'sattimep': 3168063.95, 'sol': 1203446.17, 'sparrow': 3204026.35, 'spear-hw': 1450301.76, 'spear-sw': 1451527.54, 'tnm': 3132079.53}
2025-02-11 11:38 | INFO | Single best solver time test = cryptominisat2011 (303420.05)
2025-02-11 11:40 | INFO | Training Time Passive Learning Classifier: 85.27 seconds
2025-02-11 11:40 | INFO | Training Time Passive Learning Regressor: 8.77 seconds
2025-02-11 11:46 | INFO | Passive Learning Classifier Runtime on Validation Set: 111173.08
2025-02-11 11:46 | INFO | Passive Learning Classifier Runtime on Test Set: 291657.18
2025-02-11 11:46 | INFO | Passive Learning Instance Cost: 32658884.71
2025-02-11 11:46 | INFO | Passive Learning Emissions: 0.005026072488386775
2025-02-11 11:46 | INFO | Passive Learning Energy Consumption: 0.005468495211349606 kWh
2025-02-11 11:46 | INFO | Training Time Active Learning Classifier: 26.7 seconds
2025-02-11 11:46 | INFO | Training Time Active Learning Regressor: 1.5 seconds
2025-02-11 11:52 | INFO | Initial Active Learning Runtime on Validation Set: 546823.48
2025-02-11 11:52 | INFO | Initial Active Learning Runtime on Test Set: 578050.33
2025-02-11 11:52 | INFO | Initial Active Learning Instance Cost: 977070.45
2025-02-11 11:52 | INFO | Bin size = 2972
2025-02-11 11:53 | INFO | Query 1 Size of the uncertainty table is = 296496/297135
2025-02-11 11:53 | INFO | Query 1 Size of the filtered table is = 2972
2025-02-11 11:54 | INFO | Training Time Active Learning Classifier: 28.1 seconds
2025-02-11 11:54 | INFO | Training Time Active Learning Regressor: 2.51 seconds
2025-02-11 11:59 | INFO | Query 1 Active Learning Runtime on Validation Set: 297453.72
2025-02-11 11:59 | INFO | Query 1 Active Learning Runtime on Test Set: 470517.02
2025-02-11 11:59 | INFO | Query 1 Active Learning Instance Cost: 3820823.38
2025-02-11 12:03 | INFO | Query 2 Size of the uncertainty table is = 277678/297135
2025-02-11 12:03 | INFO | Query 2 Size of the filtered table is = 2972
2025-02-11 12:04 | INFO | Training Time Active Learning Classifier: 31.93 seconds
2025-02-11 12:04 | INFO | Training Time Active Learning Regressor: 3.35 seconds
2025-02-11 12:09 | INFO | Query 2 Active Learning Runtime on Validation Set: 543709.62
2025-02-11 12:09 | INFO | Query 2 Active Learning Runtime on Test Set: 648931.24
2025-02-11 12:09 | INFO | Query 2 Active Learning Instance Cost: 5541923.8
2025-02-11 12:09 | INFO | Timeout limit is increased to 3600
2025-02-11 12:14 | INFO | Query 3 Size of the uncertainty table is = 262105/297135
2025-02-11 12:14 | INFO | Query 3 Size of the filtered table is = 2972
2025-02-11 12:15 | INFO | Training Time Active Learning Classifier: 36.5 seconds
2025-02-11 12:15 | INFO | Training Time Active Learning Regressor: 4.03 seconds
2025-02-11 12:20 | INFO | Query 3 Active Learning Runtime on Validation Set: 223183.93
2025-02-11 12:20 | INFO | Query 3 Active Learning Runtime on Test Set: 437373.18
2025-02-11 12:20 | INFO | Query 3 Active Learning Instance Cost: 7131201.36
2025-02-11 12:25 | INFO | Query 4 Size of the uncertainty table is = 244796/297135
2025-02-11 12:25 | INFO | Query 4 Size of the filtered table is = 2972
2025-02-11 12:26 | INFO | Training Time Active Learning Classifier: 41.15 seconds
2025-02-11 12:26 | INFO | Training Time Active Learning Regressor: 4.73 seconds
2025-02-11 12:32 | INFO | Query 4 Active Learning Runtime on Validation Set: 221994.81
2025-02-11 12:32 | INFO | Query 4 Active Learning Runtime on Test Set: 435953.71
2025-02-11 12:32 | INFO | Query 4 Active Learning Instance Cost: 8941237.54
2025-02-11 12:38 | INFO | Query 5 Size of the uncertainty table is = 225921/297135
2025-02-11 12:38 | INFO | Query 5 Size of the filtered table is = 2972
2025-02-11 12:39 | INFO | Training Time Active Learning Classifier: 45.89 seconds
2025-02-11 12:39 | INFO | Training Time Active Learning Regressor: 5.37 seconds
2025-02-11 12:44 | INFO | Query 5 Active Learning Runtime on Validation Set: 150202.85
2025-02-11 12:44 | INFO | Query 5 Active Learning Runtime on Test Set: 364955.0
2025-02-11 12:44 | INFO | Query 5 Active Learning Instance Cost: 10840249.98
2025-02-11 12:50 | INFO | Query 6 Size of the uncertainty table is = 207014/297135
2025-02-11 12:50 | INFO | Query 6 Size of the filtered table is = 2972
2025-02-11 12:51 | INFO | Training Time Active Learning Classifier: 52.69 seconds
2025-02-11 12:51 | INFO | Training Time Active Learning Regressor: 6.55 seconds
2025-02-11 12:57 | INFO | Query 6 Active Learning Runtime on Validation Set: 149030.59
2025-02-11 12:57 | INFO | Query 6 Active Learning Runtime on Test Set: 400177.01
2025-02-11 12:57 | INFO | Query 6 Active Learning Instance Cost: 12403247.34
2025-02-11 13:03 | INFO | Query 7 Size of the uncertainty table is = 183595/297135
2025-02-11 13:03 | INFO | Query 7 Size of the filtered table is = 2972
2025-02-11 13:04 | INFO | Training Time Active Learning Classifier: 59.73 seconds
2025-02-11 13:04 | INFO | Training Time Active Learning Regressor: 6.77 seconds
2025-02-11 13:10 | INFO | Query 7 Active Learning Runtime on Validation Set: 183610.95
2025-02-11 13:10 | INFO | Query 7 Active Learning Runtime on Test Set: 364397.61
2025-02-11 13:10 | INFO | Query 7 Active Learning Instance Cost: 14176721.87
2025-02-11 13:10 | INFO | Timeout limit is increased to 3600
2025-02-11 13:15 | INFO | Query 8 Size of the uncertainty table is = 159507/297135
2025-02-11 13:15 | INFO | Query 8 Size of the filtered table is = 2972
2025-02-11 13:17 | INFO | Training Time Active Learning Classifier: 65.42 seconds
2025-02-11 13:17 | INFO | Training Time Active Learning Regressor: 7.47 seconds
2025-02-11 13:23 | INFO | Query 8 Active Learning Runtime on Validation Set: 147591.62
2025-02-11 13:23 | INFO | Query 8 Active Learning Runtime on Test Set: 294617.53
2025-02-11 13:23 | INFO | Query 8 Active Learning Instance Cost: 15900175.63
2025-02-11 13:28 | INFO | Query 9 Size of the uncertainty table is = 138339/297135
2025-02-11 13:28 | INFO | Query 9 Size of the filtered table is = 2972
2025-02-11 13:29 | INFO | Training Time Active Learning Classifier: 70.68 seconds
2025-02-11 13:29 | INFO | Training Time Active Learning Regressor: 7.88 seconds
2025-02-11 13:35 | INFO | Query 9 Active Learning Runtime on Validation Set: 147230.47999999998
2025-02-11 13:35 | INFO | Query 9 Active Learning Runtime on Test Set: 293698.8
2025-02-11 13:35 | INFO | Query 9 Active Learning Instance Cost: 17771477.94
2025-02-11 13:40 | INFO | Query 10 Size of the uncertainty table is = 117829/297135
2025-02-11 13:40 | INFO | Query 10 Size of the filtered table is = 2972
2025-02-11 13:41 | INFO | Training Time Active Learning Classifier: 75.13 seconds
2025-02-11 13:42 | INFO | Training Time Active Learning Regressor: 8.29 seconds
2025-02-11 13:47 | INFO | Query 10 Active Learning Runtime on Validation Set: 111193.14
2025-02-11 13:47 | INFO | Query 10 Active Learning Runtime on Test Set: 364184.84
2025-02-11 13:47 | INFO | Query 10 Active Learning Instance Cost: 19239851.15
2025-02-11 13:52 | INFO | Query 11 Size of the uncertainty table is = 102828/297135
2025-02-11 13:52 | INFO | Query 11 Size of the filtered table is = 2972
2025-02-11 13:53 | INFO | Training Time Active Learning Classifier: 77.77 seconds
2025-02-11 13:53 | INFO | Training Time Active Learning Regressor: 8.57 seconds
2025-02-11 13:59 | INFO | Query 11 Active Learning Runtime on Validation Set: 111409.85
2025-02-11 13:59 | INFO | Query 11 Active Learning Runtime on Test Set: 258278.40999999997
2025-02-11 13:59 | INFO | Query 11 Active Learning Instance Cost: 21893659.7
2025-02-11 13:59 | INFO | Timeout limit is increased to 3600
2025-02-11 14:03 | INFO | Query 12 Size of the uncertainty table is = 83296/297135
2025-02-11 14:03 | INFO | Query 12 Size of the filtered table is = 2972
2025-02-11 14:05 | INFO | Training Time Active Learning Classifier: 79.84 seconds
2025-02-11 14:05 | INFO | Training Time Active Learning Regressor: 8.78 seconds
2025-02-11 14:10 | INFO | Query 12 Active Learning Runtime on Validation Set: 111217.43
2025-02-11 14:10 | INFO | Query 12 Active Learning Runtime on Test Set: 328490.67000000004
2025-02-11 14:10 | INFO | Query 12 Active Learning Instance Cost: 23514691.04
2025-02-11 14:13 | INFO | Query 13 Size of the uncertainty table is = 70799/297135
2025-02-11 14:13 | INFO | Query 13 Size of the filtered table is = 2972
2025-02-11 14:15 | INFO | Training Time Active Learning Classifier: 81.96 seconds
2025-02-11 14:15 | INFO | Training Time Active Learning Regressor: 8.95 seconds
2025-02-11 14:21 | INFO | Query 13 Active Learning Runtime on Validation Set: 111171.66
2025-02-11 14:21 | INFO | Query 13 Active Learning Runtime on Test Set: 328270.19
2025-02-11 14:21 | INFO | Query 13 Active Learning Instance Cost: 26150009.76
2025-02-11 14:23 | INFO | Query 14 Size of the uncertainty table is = 51595/297135
2025-02-11 14:23 | INFO | Query 14 Size of the filtered table is = 2972
2025-02-11 14:25 | INFO | Training Time Active Learning Classifier: 83.25 seconds
2025-02-11 14:25 | INFO | Training Time Active Learning Regressor: 9.06 seconds
2025-02-11 14:31 | INFO | Query 14 Active Learning Runtime on Validation Set: 111171.66
2025-02-11 14:31 | INFO | Query 14 Active Learning Runtime on Test Set: 328270.19
2025-02-11 14:31 | INFO | Query 14 Active Learning Instance Cost: 28814081.07
2025-02-11 14:31 | INFO | Timeout limit is increased to 3600
2025-02-11 14:32 | INFO | Query 15 Size of the uncertainty table is = 31683/297135
2025-02-11 14:32 | INFO | Query 15 Size of the filtered table is = 2972
2025-02-11 14:34 | INFO | Training Time Active Learning Classifier: 83.31 seconds
2025-02-11 14:34 | INFO | Training Time Active Learning Regressor: 9.13 seconds
2025-02-11 14:40 | INFO | Query 15 Active Learning Runtime on Validation Set: 111171.66
2025-02-11 14:40 | INFO | Query 15 Active Learning Runtime on Test Set: 328270.19
2025-02-11 14:40 | INFO | Query 15 Active Learning Instance Cost: 29811284.69
2025-02-11 14:40 | INFO | Timeout limit is increased to 3600
2025-02-11 14:41 | INFO | Query 16 Size of the uncertainty table is = 23496/297135
2025-02-11 14:41 | INFO | Query 16 Size of the filtered table is = 2972
2025-02-11 14:43 | INFO | Training Time Active Learning Classifier: 83.88 seconds
2025-02-11 14:43 | INFO | Training Time Active Learning Regressor: 9.19 seconds
2025-02-11 14:49 | INFO | Query 16 Active Learning Runtime on Validation Set: 111171.66
2025-02-11 14:49 | INFO | Query 16 Active Learning Runtime on Test Set: 328270.19
2025-02-11 14:49 | INFO | Query 16 Active Learning Instance Cost: 31467284.71
2025-02-11 14:49 | INFO | Timeout limit is increased to 3600
2025-02-11 14:49 | INFO | Query 17 Size of the uncertainty table is = 9930/297135
2025-02-11 14:49 | INFO | Query 17 Size of the filtered table is = 2972
2025-02-11 14:51 | INFO | Training Time Active Learning Classifier: 84.43 seconds
2025-02-11 14:51 | INFO | Training Time Active Learning Regressor: 9.15 seconds
2025-02-11 14:57 | INFO | Query 17 Active Learning Runtime on Validation Set: 111171.66
2025-02-11 14:57 | INFO | Query 17 Active Learning Runtime on Test Set: 328270.19
2025-02-11 14:57 | INFO | Query 17 Active Learning Instance Cost: 32612084.71
2025-02-11 14:57 | INFO | Timeout limit is increased to 3600
2025-02-11 14:57 | INFO | Query 18 Size of the uncertainty table is = 390/297135
2025-02-11 14:57 | INFO | Query 18 Size of the filtered table is = 390
2025-02-11 14:58 | INFO | Training Time Active Learning Classifier: 84.57 seconds
2025-02-11 14:58 | INFO | Training Time Active Learning Regressor: 9.17 seconds
2025-02-11 15:04 | INFO | Query 18 Active Learning Runtime on Validation Set: 111171.66
2025-02-11 15:04 | INFO | Query 18 Active Learning Runtime on Test Set: 328270.19
2025-02-11 15:04 | INFO | Query 18 Active Learning Instance Cost: 32658884.71
2025-02-11 15:04 | INFO | Timeout limit is increased to 3600
2025-02-11 15:04 | INFO | Active Learning Emissions: 0.14053694877569087
2025-02-11 15:04 | INFO | Active Learning Energy Consumption: 0.1529077889690813 kWh
2025-02-11 15:04 | INFO | runtime_test_score is written as json file
2025-02-11 15:04 | INFO | runtime_validation_score is written as json file
2025-02-11 15:04 | INFO | instance_cost is written as json file
2025-02-11 15:04 | INFO | Experiment is finished
