2025-02-10 14:46 | INFO | Paramaters are: {'dataset': 'MAXSAT15-PMS-INDU', 'penalty': 10, 'weight': 'No_Weight', 'voting': 'Hard', 'pre_selection_size': 64, 'pre_selection_technique': 'No_pre_selection', 'feature_elimination_threshold': 20, 'imputer_strategy': 'median', 'feature_selection_technique': 'No_feature_selection', 'feature_scaling_technique': 'StandardScaler', 'priority': {'Uncertainty': 'max', 'PredDiff': 'max', 'PredCost': 'min'}, 'initial_train_size': 20, 'query_size': 1, 'timeout_predictor_usage': 'No', 'timeout_limit': 3600, 'timeout_increase_rate': 100, 'penalty_type': 'Only-timeout-penalty', 'RANDOM_STATE_SEED': 7, 'n_splits': 10, 'split_number': 5, 'max_timeout': 3600, 'param_grid': {'n_estimators': 100, 'max_features': 'sqrt', 'max_depth': 2147483648, 'min_samples_split': 2, 'bootstrap': True}}
2025-02-10 14:46 | INFO | MAXSAT15-PMS-INDU is current dataset
2025-02-10 14:46 | INFO | DATASETS/MAXSAT15-PMS-INDU/algorithm_runs.arff is found
2025-02-10 14:46 | INFO | DATASETS/MAXSAT15-PMS-INDU/algorithm_runs.arff is finished
2025-02-10 14:46 | INFO | DATASETS/MAXSAT15-PMS-INDU/feature_values.arff is found
2025-02-10 14:46 | INFO | DATASETS/MAXSAT15-PMS-INDU/feature_values.arff is finished
2025-02-10 14:46 | INFO | Virtual best solver time in train = 15675.44
2025-02-10 14:46 | INFO | Single best solver list train = {'CCEHC2akms': 13470398.21, 'CCLS2akms': 13685330.01, 'ILP-2015': 6626397.85, 'LMHS-C': 3471756.45, 'LMHS-I': 3105620.09, 'MaxHS': 1805193.5, 'Open-WBO': 1360370.86, 'Open-WBO-L': 2157987.51, 'Open-WBO-R': 967778.85, 'QMSAT14': 2374151.58, 'QMSAT15UC': 2445667.84, 'WMaxSatz+': 12409528.53, 'WMaxSatz09': 12409327.74, 'WPM3-2015-co': 896232.59, 'ahms-1.55': 13396182.52, 'ahms-1.68': 13288565.11, 'ahms-ls-1.55': 13431366.74, 'ahms-ls-1.68': 13288128.02, 'maxino-k16': 1034507.23, 'maxino-kdyn': 1032011.34, 'msUZK-nopp': 7401272.44, 'msUZK-pp': 7398143.25, 'mscg2015a': 1315288.01, 'mscg2015b': 1249790.42, 'optiriss-def': 1648042.43, 'optiriss-sel': 4166944.53, 'ratselfax-cnf': 11426997.43, 'toysat': 9591023.02, 'toysat_ls': 11138600.12}
2025-02-10 14:46 | INFO | Single best solver time train = WPM3-2015-co (896232.59)
2025-02-10 14:46 | INFO | Virtual best solver time in validation = 5102.44
2025-02-10 14:46 | INFO | Single best solver list validation = {'CCEHC2akms': 3528585.64, 'CCLS2akms': 3564406.52, 'ILP-2015': 2342602.56, 'LMHS-C': 590579.88, 'LMHS-I': 413349.79, 'MaxHS': 404853.15, 'Open-WBO': 123361.63, 'Open-WBO-L': 82297.26, 'Open-WBO-R': 81923.77, 'QMSAT14': 47823.69, 'QMSAT15UC': 124031.54, 'WMaxSatz+': 3564460.96, 'WMaxSatz09': 3564484.89, 'WPM3-2015-co': 77956.24, 'ahms-1.55': 3600000.05, 'ahms-1.68': 3600000.1, 'ahms-ls-1.55': 3600000.08, 'ahms-ls-1.68': 3600000.11, 'maxino-k16': 43890.4, 'maxino-kdyn': 44089.44, 'msUZK-nopp': 1669727.02, 'msUZK-pp': 1985634.03, 'mscg2015a': 80299.28, 'mscg2015b': 79049.29, 'optiriss-def': 228479.13, 'optiriss-sel': 2414599.45, 'ratselfax-cnf': 2779685.58, 'toysat': 2738743.28, 'toysat_ls': 3066380.91}
2025-02-10 14:46 | INFO | Single best solver time validation = maxino-k16 (43890.4)
2025-02-10 14:46 | INFO | Virtual best solver time in test = 3347.87
2025-02-10 14:46 | INFO | Single best solver list test = {'CCEHC2akms': 1872269.87, 'CCLS2akms': 1908832.31, 'ILP-2015': 944151.41, 'LMHS-C': 581879.9, 'LMHS-I': 474861.32, 'MaxHS': 294472.81, 'Open-WBO': 219699.48, 'Open-WBO-L': 332686.8, 'Open-WBO-R': 114304.0, 'QMSAT14': 368015.22, 'QMSAT15UC': 436791.36, 'WMaxSatz+': 1481223.72, 'WMaxSatz09': 1481303.39, 'WPM3-2015-co': 78670.36, 'ahms-1.55': 1872036.38, 'ahms-1.68': 1872028.05, 'ahms-ls-1.55': 1872036.47, 'ahms-ls-1.68': 1872028.06, 'maxino-k16': 185824.46, 'maxino-kdyn': 222486.64, 'msUZK-nopp': 1119351.5, 'msUZK-pp': 1118650.32, 'mscg2015a': 149835.08, 'mscg2015b': 147573.34, 'optiriss-def': 291701.17, 'optiriss-sel': 866191.36, 'ratselfax-cnf': 1374541.67, 'toysat': 1267443.31, 'toysat_ls': 1340403.15}
2025-02-10 14:46 | INFO | Single best solver time test = WPM3-2015-co (78670.36)
2025-02-10 14:46 | INFO | Training Time Passive Learning Classifier: 31.63 seconds
2025-02-10 14:46 | INFO | Training Time Passive Learning Regressor: 3.04 seconds
2025-02-10 14:49 | INFO | Passive Learning Classifier Runtime on Validation Set: 44761.46
2025-02-10 14:49 | INFO | Passive Learning Classifier Runtime on Test Set: 41071.02
2025-02-10 14:49 | INFO | Passive Learning Instance Cost: 19577404.2
2025-02-10 14:49 | INFO | Passive Learning Emissions: 0.002365753157506885
2025-02-10 14:49 | INFO | Passive Learning Energy Consumption: 0.0025739998463918 kWh
2025-02-10 14:49 | INFO | Training Time Active Learning Classifier: 20.99 seconds
2025-02-10 14:49 | INFO | Training Time Active Learning Regressor: 1.34 seconds
2025-02-10 14:52 | INFO | Initial Active Learning Runtime on Validation Set: 44385.93
2025-02-10 14:52 | INFO | Initial Active Learning Runtime on Test Set: 76599.14
2025-02-10 14:52 | INFO | Initial Active Learning Instance Cost: 1107102.74
2025-02-10 14:52 | INFO | Bin size = 1543
2025-02-10 14:53 | INFO | Query 1 Size of the uncertainty table is = 148580/154280
2025-02-10 14:53 | INFO | Query 1 Size of the filtered table is = 1543
2025-02-10 14:53 | INFO | Training Time Active Learning Classifier: 21.32 seconds
2025-02-10 14:53 | INFO | Training Time Active Learning Regressor: 1.72 seconds
2025-02-10 14:56 | INFO | Query 1 Active Learning Runtime on Validation Set: 83940.92
2025-02-10 14:56 | INFO | Query 1 Active Learning Runtime on Test Set: 40929.38
2025-02-10 14:56 | INFO | Query 1 Active Learning Instance Cost: 3246775.53
2025-02-10 14:56 | INFO | Timeout limit is increased to 3600
2025-02-10 14:58 | INFO | Query 2 Size of the uncertainty table is = 138708/154280
2025-02-10 14:58 | INFO | Query 2 Size of the filtered table is = 1543
2025-02-10 14:58 | INFO | Training Time Active Learning Classifier: 22.71 seconds
2025-02-10 14:58 | INFO | Training Time Active Learning Regressor: 2.06 seconds
2025-02-10 15:01 | INFO | Query 2 Active Learning Runtime on Validation Set: 85992.72
2025-02-10 15:01 | INFO | Query 2 Active Learning Runtime on Test Set: 76370.72
2025-02-10 15:01 | INFO | Query 2 Active Learning Instance Cost: 5447849.86
2025-02-10 15:01 | INFO | Timeout limit is increased to 3600
2025-02-10 15:03 | INFO | Query 3 Size of the uncertainty table is = 122959/154280
2025-02-10 15:03 | INFO | Query 3 Size of the filtered table is = 1543
2025-02-10 15:03 | INFO | Training Time Active Learning Classifier: 24.27 seconds
2025-02-10 15:03 | INFO | Training Time Active Learning Regressor: 2.39 seconds
2025-02-10 15:06 | INFO | Query 3 Active Learning Runtime on Validation Set: 86009.57
2025-02-10 15:06 | INFO | Query 3 Active Learning Runtime on Test Set: 75842.04
2025-02-10 15:06 | INFO | Query 3 Active Learning Instance Cost: 7842616.45
2025-02-10 15:06 | INFO | Timeout limit is increased to 3600
2025-02-10 15:08 | INFO | Query 4 Size of the uncertainty table is = 104332/154280
2025-02-10 15:08 | INFO | Query 4 Size of the filtered table is = 1543
2025-02-10 15:09 | INFO | Training Time Active Learning Classifier: 26.06 seconds
2025-02-10 15:09 | INFO | Training Time Active Learning Regressor: 2.62 seconds
2025-02-10 15:12 | INFO | Query 4 Active Learning Runtime on Validation Set: 85963.71
2025-02-10 15:12 | INFO | Query 4 Active Learning Runtime on Test Set: 75877.94
2025-02-10 15:12 | INFO | Query 4 Active Learning Instance Cost: 9842889.68
2025-02-10 15:13 | INFO | Query 5 Size of the uncertainty table is = 85228/154280
2025-02-10 15:13 | INFO | Query 5 Size of the filtered table is = 1543
2025-02-10 15:14 | INFO | Training Time Active Learning Classifier: 27.61 seconds
2025-02-10 15:14 | INFO | Training Time Active Learning Regressor: 2.84 seconds
2025-02-10 15:17 | INFO | Query 5 Active Learning Runtime on Validation Set: 86000.81
2025-02-10 15:17 | INFO | Query 5 Active Learning Runtime on Test Set: 76394.46
2025-02-10 15:17 | INFO | Query 5 Active Learning Instance Cost: 10936487.87
2025-02-10 15:17 | INFO | Timeout limit is increased to 3600
2025-02-10 15:19 | INFO | Query 6 Size of the uncertainty table is = 67736/154280
2025-02-10 15:19 | INFO | Query 6 Size of the filtered table is = 1543
2025-02-10 15:19 | INFO | Training Time Active Learning Classifier: 28.34 seconds
2025-02-10 15:19 | INFO | Training Time Active Learning Regressor: 2.96 seconds
2025-02-10 15:22 | INFO | Query 6 Active Learning Runtime on Validation Set: 83676.62
2025-02-10 15:22 | INFO | Query 6 Active Learning Runtime on Test Set: 76347.35
2025-02-10 15:22 | INFO | Query 6 Active Learning Instance Cost: 11835896.3
2025-02-10 15:24 | INFO | Query 7 Size of the uncertainty table is = 55336/154280
2025-02-10 15:24 | INFO | Query 7 Size of the filtered table is = 1543
2025-02-10 15:24 | INFO | Training Time Active Learning Classifier: 29.3 seconds
2025-02-10 15:24 | INFO | Training Time Active Learning Regressor: 3.19 seconds
2025-02-10 15:27 | INFO | Query 7 Active Learning Runtime on Validation Set: 86180.35
2025-02-10 15:27 | INFO | Query 7 Active Learning Runtime on Test Set: 76404.92
2025-02-10 15:27 | INFO | Query 7 Active Learning Instance Cost: 12032981.19
2025-02-10 15:27 | INFO | Timeout limit is increased to 3600
2025-02-10 15:29 | INFO | Query 8 Size of the uncertainty table is = 56458/154280
2025-02-10 15:29 | INFO | Query 8 Size of the filtered table is = 1543
2025-02-10 15:29 | INFO | Training Time Active Learning Classifier: 30.32 seconds
2025-02-10 15:29 | INFO | Training Time Active Learning Regressor: 3.02 seconds
2025-02-10 15:32 | INFO | Query 8 Active Learning Runtime on Validation Set: 86180.35
2025-02-10 15:32 | INFO | Query 8 Active Learning Runtime on Test Set: 76404.92
2025-02-10 15:32 | INFO | Query 8 Active Learning Instance Cost: 15789686.09
2025-02-10 15:32 | INFO | Timeout limit is increased to 3600
2025-02-10 15:33 | INFO | Query 9 Size of the uncertainty table is = 30393/154280
2025-02-10 15:33 | INFO | Query 9 Size of the filtered table is = 1543
2025-02-10 15:34 | INFO | Training Time Active Learning Classifier: 30.97 seconds
2025-02-10 15:34 | INFO | Training Time Active Learning Regressor: 3.06 seconds
2025-02-10 15:37 | INFO | Query 9 Active Learning Runtime on Validation Set: 86180.35
2025-02-10 15:37 | INFO | Query 9 Active Learning Runtime on Test Set: 76404.92
2025-02-10 15:37 | INFO | Query 9 Active Learning Instance Cost: 17060073.86
2025-02-10 15:37 | INFO | Timeout limit is increased to 3600
2025-02-10 15:37 | INFO | Query 10 Size of the uncertainty table is = 20112/154280
2025-02-10 15:37 | INFO | Query 10 Size of the filtered table is = 1543
2025-02-10 15:38 | INFO | Training Time Active Learning Classifier: 31.03 seconds
2025-02-10 15:38 | INFO | Training Time Active Learning Regressor: 3.09 seconds
2025-02-10 15:41 | INFO | Query 10 Active Learning Runtime on Validation Set: 85975.96
2025-02-10 15:41 | INFO | Query 10 Active Learning Runtime on Test Set: 76405.03
2025-02-10 15:41 | INFO | Query 10 Active Learning Instance Cost: 17995122.25
2025-02-10 15:41 | INFO | Query 11 Size of the uncertainty table is = 12760/154280
2025-02-10 15:41 | INFO | Query 11 Size of the filtered table is = 1543
2025-02-10 15:42 | INFO | Training Time Active Learning Classifier: 31.6 seconds
2025-02-10 15:42 | INFO | Training Time Active Learning Regressor: 3.14 seconds
2025-02-10 15:45 | INFO | Query 11 Active Learning Runtime on Validation Set: 85975.96
2025-02-10 15:45 | INFO | Query 11 Active Learning Runtime on Test Set: 76405.03
2025-02-10 15:45 | INFO | Query 11 Active Learning Instance Cost: 19570204.2
2025-02-10 15:45 | INFO | Timeout limit is increased to 3600
2025-02-10 15:45 | INFO | Query 12 Size of the uncertainty table is = 56/154280
2025-02-10 15:45 | INFO | Query 12 Size of the filtered table is = 56
2025-02-10 15:45 | INFO | Training Time Active Learning Classifier: 31.58 seconds
2025-02-10 15:45 | INFO | Training Time Active Learning Regressor: 3.21 seconds
2025-02-10 15:48 | INFO | Query 12 Active Learning Runtime on Validation Set: 85975.96
2025-02-10 15:48 | INFO | Query 12 Active Learning Runtime on Test Set: 76405.03
2025-02-10 15:48 | INFO | Query 12 Active Learning Instance Cost: 19577404.2
2025-02-10 15:48 | INFO | Timeout limit is increased to 3600
2025-02-10 15:48 | INFO | Active Learning Emissions: 0.04191568401608614
2025-02-10 15:48 | INFO | Active Learning Energy Consumption: 0.045605334553378465 kWh
2025-02-10 15:48 | INFO | runtime_test_score is written as json file
2025-02-10 15:48 | INFO | runtime_validation_score is written as json file
2025-02-10 15:48 | INFO | instance_cost is written as json file
2025-02-10 15:48 | INFO | Experiment is finished
