2025-02-10 20:39 | INFO | Paramaters are: {'dataset': 'SAT11-HAND', 'penalty': 10, 'weight': 'No_Weight', 'voting': 'Hard', 'pre_selection_size': 64, 'pre_selection_technique': 'No_pre_selection', 'feature_elimination_threshold': 20, 'imputer_strategy': 'median', 'feature_selection_technique': 'No_feature_selection', 'feature_scaling_technique': 'StandardScaler', 'priority': {'PredDiff': 'max', 'PredCost': 'min', 'Uncertainty': 'max'}, 'initial_train_size': 20, 'query_size': 1, 'timeout_predictor_usage': 'No', 'timeout_limit': 100, 'timeout_increase_rate': 100, 'penalty_type': 'Only-timeout-penalty', 'RANDOM_STATE_SEED': 99, 'n_splits': 10, 'split_number': 8, 'max_timeout': 3600, 'param_grid': {'n_estimators': 100, 'max_features': 'sqrt', 'max_depth': 2147483648, 'min_samples_split': 2, 'bootstrap': True}}
2025-02-10 20:39 | INFO | SAT11-HAND is current dataset
2025-02-10 20:39 | INFO | DATASETS/SAT11-HAND/algorithm_runs.arff is found
2025-02-10 20:39 | INFO | DATASETS/SAT11-HAND/algorithm_runs.arff is finished
2025-02-10 20:39 | INFO | DATASETS/SAT11-HAND/feature_values.arff is found
2025-02-10 20:39 | INFO | DATASETS/SAT11-HAND/feature_values.arff is finished
2025-02-10 20:39 | INFO | DATASETS/SAT11-HAND/feature_costs.arff is found
2025-02-10 20:39 | INFO | DATASETS/SAT11-HAND/feature_costs.arff is finished
2025-02-10 20:39 | INFO | Virtual best solver time in train = 100972.79
2025-02-10 20:39 | INFO | Single best solver list train = {'CryptoMiniSat_Strange-Night2-st_fixed_': 3069493.12, 'MPhaseSAT_2011-02-15': 2592543.99, 'PicoSAT_941': 3001395.73, 'QuteRSat_2011-05-12_fixed_': 3111074.13, 'RestartSAT_B95': 3223248.36, 'SAT07referencesolverminisat_SAT2007': 2800058.53, 'SAT09referencesolverclasp_1.2.0-SAT09-32': 1914957.49, 'SApperloT2010_2011-05-15_fixed_': 3391393.91, 'Sol_2011-04-04': 2942774.12, 'clasp_2.0-R4092-crafted': 1957239.88, 'glucose_2': 2778834.54, 'jMiniSat_2011': 3779090.07, 'sathys_2011-04-01': 3619124.93, 'sattime+_2011-03-02': 3181560.52, 'sattime_2011-03-02': 3076328.23}
2025-02-10 20:39 | INFO | Single best solver time train = SAT09referencesolverclasp_1.2.0-SAT09-32 (1914957.49)
2025-02-10 20:39 | INFO | Virtual best solver time in validation = 3317.37
2025-02-10 20:39 | INFO | Single best solver list validation = {'CryptoMiniSat_Strange-Night2-st_fixed_': 508128.87, 'MPhaseSAT_2011-02-15': 364420.14, 'PicoSAT_941': 294971.88, 'QuteRSat_2011-05-12_fixed_': 473359.31, 'RestartSAT_B95': 331390.35, 'SAT07referencesolverminisat_SAT2007': 402188.04, 'SAT09referencesolverclasp_1.2.0-SAT09-32': 513359.15, 'SApperloT2010_2011-05-15_fixed_': 291863.49, 'Sol_2011-04-04': 550145.13, 'clasp_2.0-R4092-crafted': 473919.48, 'glucose_2': 410656.39, 'jMiniSat_2011': 297217.24, 'sathys_2011-04-01': 433412.1, 'sattime+_2011-03-02': 576407.55, 'sattime_2011-03-02': 577344.0}
2025-02-10 20:39 | INFO | Single best solver time validation = SApperloT2010_2011-05-15_fixed_ (291863.49)
2025-02-10 20:39 | INFO | Virtual best solver time in test = 10986.79
2025-02-10 20:39 | INFO | Single best solver list test = {'CryptoMiniSat_Strange-Night2-st_fixed_': 438299.76, 'MPhaseSAT_2011-02-15': 296022.88, 'PicoSAT_941': 370050.23, 'QuteRSat_2011-05-12_fixed_': 437650.26, 'RestartSAT_B95': 401055.96, 'SAT07referencesolverminisat_SAT2007': 435296.85, 'SAT09referencesolverclasp_1.2.0-SAT09-32': 302106.93, 'SApperloT2010_2011-05-15_fixed_': 370437.3, 'Sol_2011-04-04': 291962.26, 'clasp_2.0-R4092-crafted': 302972.2, 'glucose_2': 368536.5, 'jMiniSat_2011': 369245.92, 'sathys_2011-04-01': 438453.37, 'sattime+_2011-03-02': 398587.92, 'sattime_2011-03-02': 401220.85}
2025-02-10 20:39 | INFO | Single best solver time test = Sol_2011-04-04 (291962.26)
2025-02-10 20:39 | INFO | Training Time Passive Learning Classifier: 7.59 seconds
2025-02-10 20:39 | INFO | Training Time Passive Learning Regressor: 1.27 seconds
2025-02-10 20:40 | INFO | Passive Learning Classifier Runtime on Validation Set: 339215.39
2025-02-10 20:40 | INFO | Passive Learning Classifier Runtime on Test Set: 95395.88
2025-02-10 20:40 | INFO | Passive Learning Instance Cost: 5267517.55
2025-02-10 20:40 | INFO | Passive Learning Emissions: 0.0003199814417418899
2025-02-10 20:40 | INFO | Passive Learning Energy Consumption: 0.00034814797954653236 kWh
2025-02-10 20:40 | INFO | Training Time Active Learning Classifier: 6.3 seconds
2025-02-10 20:40 | INFO | Training Time Active Learning Regressor: 0.71 seconds
2025-02-10 20:40 | INFO | Initial Active Learning Runtime on Validation Set: 406597.55
2025-02-10 20:40 | INFO | Initial Active Learning Runtime on Test Set: 301316.68
2025-02-10 20:40 | INFO | Initial Active Learning Instance Cost: 24636.65
2025-02-10 20:40 | INFO | Bin size = 144
2025-02-10 20:40 | INFO | Query 1 Size of the uncertainty table is = 15914/14385
2025-02-10 20:40 | INFO | Query 1 Size of the filtered table is = 144
2025-02-10 20:40 | INFO | Training Time Active Learning Classifier: 5.68 seconds
2025-02-10 20:40 | INFO | Training Time Active Learning Regressor: 0.72 seconds
2025-02-10 20:41 | INFO | Query 1 Active Learning Runtime on Validation Set: 406595.96
2025-02-10 20:41 | INFO | Query 1 Active Learning Runtime on Test Set: 301315.17
2025-02-10 20:41 | INFO | Query 1 Active Learning Instance Cost: 36769.77
2025-02-10 20:41 | INFO | Query 2 Size of the uncertainty table is = 15755/14385
2025-02-10 20:41 | INFO | Query 2 Size of the filtered table is = 144
2025-02-10 20:41 | INFO | Training Time Active Learning Classifier: 5.72 seconds
2025-02-10 20:41 | INFO | Training Time Active Learning Regressor: 0.75 seconds
2025-02-10 20:41 | INFO | Query 2 Active Learning Runtime on Validation Set: 407037.1
2025-02-10 20:41 | INFO | Query 2 Active Learning Runtime on Test Set: 266175.18
2025-02-10 20:41 | INFO | Query 2 Active Learning Instance Cost: 47621.41
2025-02-10 20:41 | INFO | Timeout limit is increased to 200
2025-02-10 20:41 | INFO | Query 3 Size of the uncertainty table is = 15470/14385
2025-02-10 20:41 | INFO | Query 3 Size of the filtered table is = 144
2025-02-10 20:41 | INFO | Training Time Active Learning Classifier: 5.79 seconds
2025-02-10 20:41 | INFO | Training Time Active Learning Regressor: 0.78 seconds
2025-02-10 20:42 | INFO | Query 3 Active Learning Runtime on Validation Set: 407088.4
2025-02-10 20:42 | INFO | Query 3 Active Learning Runtime on Test Set: 266175.18
2025-02-10 20:42 | INFO | Query 3 Active Learning Instance Cost: 71676.94
2025-02-10 20:42 | INFO | Timeout limit is increased to 300
2025-02-10 20:42 | INFO | Query 4 Size of the uncertainty table is = 15190/14385
2025-02-10 20:42 | INFO | Query 4 Size of the filtered table is = 144
2025-02-10 20:42 | INFO | Training Time Active Learning Classifier: 5.81 seconds
2025-02-10 20:42 | INFO | Training Time Active Learning Regressor: 0.79 seconds
2025-02-10 20:42 | INFO | Query 4 Active Learning Runtime on Validation Set: 406680.01
2025-02-10 20:42 | INFO | Query 4 Active Learning Runtime on Test Set: 297463.88
2025-02-10 20:42 | INFO | Query 4 Active Learning Instance Cost: 104377.86
2025-02-10 20:43 | INFO | Query 5 Size of the uncertainty table is = 15004/14385
2025-02-10 20:43 | INFO | Query 5 Size of the filtered table is = 144
2025-02-10 20:43 | INFO | Training Time Active Learning Classifier: 5.97 seconds
2025-02-10 20:43 | INFO | Training Time Active Learning Regressor: 0.79 seconds
2025-02-10 20:43 | INFO | Query 5 Active Learning Runtime on Validation Set: 409910.11
2025-02-10 20:43 | INFO | Query 5 Active Learning Runtime on Test Set: 297463.9
2025-02-10 20:43 | INFO | Query 5 Active Learning Instance Cost: 130412.96
2025-02-10 20:43 | INFO | Timeout limit is increased to 400
2025-02-10 20:43 | INFO | Query 6 Size of the uncertainty table is = 14794/14385
2025-02-10 20:43 | INFO | Query 6 Size of the filtered table is = 144
2025-02-10 20:43 | INFO | Training Time Active Learning Classifier: 5.88 seconds
2025-02-10 20:43 | INFO | Training Time Active Learning Regressor: 0.82 seconds
2025-02-10 20:44 | INFO | Query 6 Active Learning Runtime on Validation Set: 444591.07
2025-02-10 20:44 | INFO | Query 6 Active Learning Runtime on Test Set: 266170.93
2025-02-10 20:44 | INFO | Query 6 Active Learning Instance Cost: 172089.55
2025-02-10 20:44 | INFO | Timeout limit is increased to 500
2025-02-10 20:44 | INFO | Query 7 Size of the uncertainty table is = 14488/14385
2025-02-10 20:44 | INFO | Query 7 Size of the filtered table is = 144
2025-02-10 20:44 | INFO | Training Time Active Learning Classifier: 5.92 seconds
2025-02-10 20:44 | INFO | Training Time Active Learning Regressor: 0.84 seconds
2025-02-10 20:44 | INFO | Query 7 Active Learning Runtime on Validation Set: 266167.54
2025-02-10 20:44 | INFO | Query 7 Active Learning Runtime on Test Set: 266240.86
2025-02-10 20:44 | INFO | Query 7 Active Learning Instance Cost: 212923.67
2025-02-10 20:44 | INFO | Query 8 Size of the uncertainty table is = 14203/14385
2025-02-10 20:44 | INFO | Query 8 Size of the filtered table is = 144
2025-02-10 20:44 | INFO | Training Time Active Learning Classifier: 5.93 seconds
2025-02-10 20:44 | INFO | Training Time Active Learning Regressor: 0.99 seconds
2025-02-10 20:45 | INFO | Query 8 Active Learning Runtime on Validation Set: 228945.17
2025-02-10 20:45 | INFO | Query 8 Active Learning Runtime on Test Set: 303395.41
2025-02-10 20:45 | INFO | Query 8 Active Learning Instance Cost: 241392.44
2025-02-10 20:45 | INFO | Query 9 Size of the uncertainty table is = 13952/14385
2025-02-10 20:45 | INFO | Query 9 Size of the filtered table is = 144
2025-02-10 20:45 | INFO | Training Time Active Learning Classifier: 6.06 seconds
2025-02-10 20:45 | INFO | Training Time Active Learning Regressor: 0.88 seconds
2025-02-10 20:45 | INFO | Query 9 Active Learning Runtime on Validation Set: 158142.35
2025-02-10 20:45 | INFO | Query 9 Active Learning Runtime on Test Set: 267353.22
2025-02-10 20:45 | INFO | Query 9 Active Learning Instance Cost: 267532.22
2025-02-10 20:46 | INFO | Query 10 Size of the uncertainty table is = 13535/14385
2025-02-10 20:46 | INFO | Query 10 Size of the filtered table is = 144
2025-02-10 20:46 | INFO | Training Time Active Learning Classifier: 6.13 seconds
2025-02-10 20:46 | INFO | Training Time Active Learning Regressor: 0.9 seconds
2025-02-10 20:46 | INFO | Query 10 Active Learning Runtime on Validation Set: 302203.25
2025-02-10 20:46 | INFO | Query 10 Active Learning Runtime on Test Set: 231997.8
2025-02-10 20:46 | INFO | Query 10 Active Learning Instance Cost: 283278.96
2025-02-10 20:46 | INFO | Timeout limit is increased to 600
2025-02-10 20:46 | INFO | Query 11 Size of the uncertainty table is = 13163/14385
2025-02-10 20:46 | INFO | Query 11 Size of the filtered table is = 144
2025-02-10 20:46 | INFO | Training Time Active Learning Classifier: 6.13 seconds
2025-02-10 20:46 | INFO | Training Time Active Learning Regressor: 0.92 seconds
2025-02-10 20:47 | INFO | Query 11 Active Learning Runtime on Validation Set: 301856.95
2025-02-10 20:47 | INFO | Query 11 Active Learning Runtime on Test Set: 196466.35
2025-02-10 20:47 | INFO | Query 11 Active Learning Instance Cost: 328385.31
2025-02-10 20:47 | INFO | Query 12 Size of the uncertainty table is = 12943/14385
2025-02-10 20:47 | INFO | Query 12 Size of the filtered table is = 144
2025-02-10 20:47 | INFO | Training Time Active Learning Classifier: 6.23 seconds
2025-02-10 20:47 | INFO | Training Time Active Learning Regressor: 0.93 seconds
2025-02-10 20:47 | INFO | Query 12 Active Learning Runtime on Validation Set: 337313.29
2025-02-10 20:47 | INFO | Query 12 Active Learning Runtime on Test Set: 196076.57
2025-02-10 20:47 | INFO | Query 12 Active Learning Instance Cost: 349705.0
2025-02-10 20:47 | INFO | Timeout limit is increased to 700
2025-02-10 20:47 | INFO | Query 13 Size of the uncertainty table is = 12793/14385
2025-02-10 20:47 | INFO | Query 13 Size of the filtered table is = 144
2025-02-10 20:48 | INFO | Training Time Active Learning Classifier: 6.2 seconds
2025-02-10 20:48 | INFO | Training Time Active Learning Regressor: 0.95 seconds
2025-02-10 20:48 | INFO | Query 13 Active Learning Runtime on Validation Set: 301416.1
2025-02-10 20:48 | INFO | Query 13 Active Learning Runtime on Test Set: 197089.23
2025-02-10 20:48 | INFO | Query 13 Active Learning Instance Cost: 387095.1
2025-02-10 20:48 | INFO | Query 14 Size of the uncertainty table is = 12656/14385
2025-02-10 20:48 | INFO | Query 14 Size of the filtered table is = 144
2025-02-10 20:48 | INFO | Training Time Active Learning Classifier: 6.4 seconds
2025-02-10 20:48 | INFO | Training Time Active Learning Regressor: 0.95 seconds
2025-02-10 20:49 | INFO | Query 14 Active Learning Runtime on Validation Set: 302061.75
2025-02-10 20:49 | INFO | Query 14 Active Learning Runtime on Test Set: 160271.05
2025-02-10 20:49 | INFO | Query 14 Active Learning Instance Cost: 415290.4
2025-02-10 20:49 | INFO | Timeout limit is increased to 800
2025-02-10 20:49 | INFO | Query 15 Size of the uncertainty table is = 12499/14385
2025-02-10 20:49 | INFO | Query 15 Size of the filtered table is = 144
2025-02-10 20:49 | INFO | Training Time Active Learning Classifier: 6.28 seconds
2025-02-10 20:49 | INFO | Training Time Active Learning Regressor: 0.98 seconds
2025-02-10 20:49 | INFO | Query 15 Active Learning Runtime on Validation Set: 265538.79
2025-02-10 20:49 | INFO | Query 15 Active Learning Runtime on Test Set: 195525.03
2025-02-10 20:49 | INFO | Query 15 Active Learning Instance Cost: 479005.2
2025-02-10 20:49 | INFO | Query 16 Size of the uncertainty table is = 12005/14385
2025-02-10 20:49 | INFO | Query 16 Size of the filtered table is = 144
2025-02-10 20:49 | INFO | Training Time Active Learning Classifier: 6.59 seconds
2025-02-10 20:49 | INFO | Training Time Active Learning Regressor: 1.0 seconds
2025-02-10 20:50 | INFO | Query 16 Active Learning Runtime on Validation Set: 157976.98
2025-02-10 20:50 | INFO | Query 16 Active Learning Runtime on Test Set: 195524.71
2025-02-10 20:50 | INFO | Query 16 Active Learning Instance Cost: 535379.46
2025-02-10 20:50 | INFO | Query 17 Size of the uncertainty table is = 11704/14385
2025-02-10 20:50 | INFO | Query 17 Size of the filtered table is = 144
2025-02-10 20:50 | INFO | Training Time Active Learning Classifier: 6.49 seconds
2025-02-10 20:50 | INFO | Training Time Active Learning Regressor: 1.03 seconds
2025-02-10 20:50 | INFO | Query 17 Active Learning Runtime on Validation Set: 229278.36000000002
2025-02-10 20:50 | INFO | Query 17 Active Learning Runtime on Test Set: 195524.71
2025-02-10 20:50 | INFO | Query 17 Active Learning Instance Cost: 596967.9
2025-02-10 20:50 | INFO | Timeout limit is increased to 900
2025-02-10 20:51 | INFO | Query 18 Size of the uncertainty table is = 11509/14385
2025-02-10 20:51 | INFO | Query 18 Size of the filtered table is = 144
2025-02-10 20:51 | INFO | Training Time Active Learning Classifier: 6.52 seconds
2025-02-10 20:51 | INFO | Training Time Active Learning Regressor: 1.04 seconds
2025-02-10 20:51 | INFO | Query 18 Active Learning Runtime on Validation Set: 270953.73
2025-02-10 20:51 | INFO | Query 18 Active Learning Runtime on Test Set: 266454.25
2025-02-10 20:51 | INFO | Query 18 Active Learning Instance Cost: 646751.13
2025-02-10 20:51 | INFO | Timeout limit is increased to 1000
2025-02-10 20:51 | INFO | Query 19 Size of the uncertainty table is = 11248/14385
2025-02-10 20:51 | INFO | Query 19 Size of the filtered table is = 144
2025-02-10 20:51 | INFO | Training Time Active Learning Classifier: 6.59 seconds
2025-02-10 20:51 | INFO | Training Time Active Learning Regressor: 1.05 seconds
2025-02-10 20:52 | INFO | Query 19 Active Learning Runtime on Validation Set: 337124.07
2025-02-10 20:52 | INFO | Query 19 Active Learning Runtime on Test Set: 199156.11000000002
2025-02-10 20:52 | INFO | Query 19 Active Learning Instance Cost: 705305.01
2025-02-10 20:52 | INFO | Timeout limit is increased to 1100
2025-02-10 20:52 | INFO | Query 20 Size of the uncertainty table is = 10976/14385
2025-02-10 20:52 | INFO | Query 20 Size of the filtered table is = 144
2025-02-10 20:52 | INFO | Training Time Active Learning Classifier: 6.68 seconds
2025-02-10 20:52 | INFO | Training Time Active Learning Regressor: 1.07 seconds
2025-02-10 20:52 | INFO | Query 20 Active Learning Runtime on Validation Set: 301186.73
2025-02-10 20:52 | INFO | Query 20 Active Learning Runtime on Test Set: 199156.11000000002
2025-02-10 20:52 | INFO | Query 20 Active Learning Instance Cost: 778292.56
2025-02-10 20:53 | INFO | Query 21 Size of the uncertainty table is = 10731/14385
2025-02-10 20:53 | INFO | Query 21 Size of the filtered table is = 144
2025-02-10 20:53 | INFO | Training Time Active Learning Classifier: 6.73 seconds
2025-02-10 20:53 | INFO | Training Time Active Learning Regressor: 1.08 seconds
2025-02-10 20:53 | INFO | Query 21 Active Learning Runtime on Validation Set: 267228.24
2025-02-10 20:53 | INFO | Query 21 Active Learning Runtime on Test Set: 199156.11000000002
2025-02-10 20:53 | INFO | Query 21 Active Learning Instance Cost: 848280.79
2025-02-10 20:53 | INFO | Query 22 Size of the uncertainty table is = 10526/14385
2025-02-10 20:53 | INFO | Query 22 Size of the filtered table is = 144
2025-02-10 20:53 | INFO | Training Time Active Learning Classifier: 6.81 seconds
2025-02-10 20:53 | INFO | Training Time Active Learning Regressor: 1.29 seconds
2025-02-10 20:54 | INFO | Query 22 Active Learning Runtime on Validation Set: 268798.68
2025-02-10 20:54 | INFO | Query 22 Active Learning Runtime on Test Set: 199168.38
2025-02-10 20:54 | INFO | Query 22 Active Learning Instance Cost: 912766.98
2025-02-10 20:54 | INFO | Timeout limit is increased to 1200
2025-02-10 20:54 | INFO | Query 23 Size of the uncertainty table is = 10357/14385
2025-02-10 20:54 | INFO | Query 23 Size of the filtered table is = 144
2025-02-10 20:54 | INFO | Training Time Active Learning Classifier: 6.81 seconds
2025-02-10 20:54 | INFO | Training Time Active Learning Regressor: 1.12 seconds
2025-02-10 20:54 | INFO | Query 23 Active Learning Runtime on Validation Set: 303356.92
2025-02-10 20:54 | INFO | Query 23 Active Learning Runtime on Test Set: 199168.0
2025-02-10 20:54 | INFO | Query 23 Active Learning Instance Cost: 984868.92
2025-02-10 20:54 | INFO | Timeout limit is increased to 1300
2025-02-10 20:54 | INFO | Query 24 Size of the uncertainty table is = 10167/14385
2025-02-10 20:54 | INFO | Query 24 Size of the filtered table is = 144
2025-02-10 20:55 | INFO | Training Time Active Learning Classifier: 7.01 seconds
2025-02-10 20:55 | INFO | Training Time Active Learning Regressor: 1.12 seconds
2025-02-10 20:55 | INFO | Query 24 Active Learning Runtime on Validation Set: 303205.07
2025-02-10 20:55 | INFO | Query 24 Active Learning Runtime on Test Set: 199168.0
2025-02-10 20:55 | INFO | Query 24 Active Learning Instance Cost: 1036420.7
2025-02-10 20:55 | INFO | Query 25 Size of the uncertainty table is = 9956/14385
2025-02-10 20:55 | INFO | Query 25 Size of the filtered table is = 144
2025-02-10 20:55 | INFO | Training Time Active Learning Classifier: 6.82 seconds
2025-02-10 20:55 | INFO | Training Time Active Learning Regressor: 1.12 seconds
2025-02-10 20:56 | INFO | Query 25 Active Learning Runtime on Validation Set: 233090.02
2025-02-10 20:56 | INFO | Query 25 Active Learning Runtime on Test Set: 199168.0
2025-02-10 20:56 | INFO | Query 25 Active Learning Instance Cost: 1098169.41
2025-02-10 20:56 | INFO | Query 26 Size of the uncertainty table is = 9807/14385
2025-02-10 20:56 | INFO | Query 26 Size of the filtered table is = 144
2025-02-10 20:56 | INFO | Training Time Active Learning Classifier: 6.97 seconds
2025-02-10 20:56 | INFO | Training Time Active Learning Regressor: 1.13 seconds
2025-02-10 20:56 | INFO | Query 26 Active Learning Runtime on Validation Set: 232679.12
2025-02-10 20:56 | INFO | Query 26 Active Learning Runtime on Test Set: 164459.71
2025-02-10 20:56 | INFO | Query 26 Active Learning Instance Cost: 1169046.58
2025-02-10 20:56 | INFO | Query 27 Size of the uncertainty table is = 9746/14385
2025-02-10 20:56 | INFO | Query 27 Size of the filtered table is = 144
2025-02-10 20:57 | INFO | Training Time Active Learning Classifier: 6.95 seconds
2025-02-10 20:57 | INFO | Training Time Active Learning Regressor: 1.15 seconds
2025-02-10 20:57 | INFO | Query 27 Active Learning Runtime on Validation Set: 270265.45999999996
2025-02-10 20:57 | INFO | Query 27 Active Learning Runtime on Test Set: 163447.43
2025-02-10 20:57 | INFO | Query 27 Active Learning Instance Cost: 1217210.37
2025-02-10 20:57 | INFO | Timeout limit is increased to 1400
2025-02-10 20:57 | INFO | Query 28 Size of the uncertainty table is = 9544/14385
2025-02-10 20:57 | INFO | Query 28 Size of the filtered table is = 144
2025-02-10 20:57 | INFO | Training Time Active Learning Classifier: 7.0 seconds
2025-02-10 20:57 | INFO | Training Time Active Learning Regressor: 1.16 seconds
2025-02-10 20:57 | INFO | Query 28 Active Learning Runtime on Validation Set: 269754.1
2025-02-10 20:57 | INFO | Query 28 Active Learning Runtime on Test Set: 127780.47
2025-02-10 20:57 | INFO | Query 28 Active Learning Instance Cost: 1278116.63
2025-02-10 20:58 | INFO | Query 29 Size of the uncertainty table is = 9498/14385
2025-02-10 20:58 | INFO | Query 29 Size of the filtered table is = 144
2025-02-10 20:58 | INFO | Training Time Active Learning Classifier: 7.05 seconds
2025-02-10 20:58 | INFO | Training Time Active Learning Regressor: 1.17 seconds
2025-02-10 20:58 | INFO | Query 29 Active Learning Runtime on Validation Set: 305388.17
2025-02-10 20:58 | INFO | Query 29 Active Learning Runtime on Test Set: 127780.47
2025-02-10 20:58 | INFO | Query 29 Active Learning Instance Cost: 1339279.66
2025-02-10 20:58 | INFO | Timeout limit is increased to 1500
2025-02-10 20:58 | INFO | Query 30 Size of the uncertainty table is = 9293/14385
2025-02-10 20:58 | INFO | Query 30 Size of the filtered table is = 144
2025-02-10 20:58 | INFO | Training Time Active Learning Classifier: 7.07 seconds
2025-02-10 20:58 | INFO | Training Time Active Learning Regressor: 1.17 seconds
2025-02-10 20:59 | INFO | Query 30 Active Learning Runtime on Validation Set: 305287.68
2025-02-10 20:59 | INFO | Query 30 Active Learning Runtime on Test Set: 127768.52
2025-02-10 20:59 | INFO | Query 30 Active Learning Instance Cost: 1381188.02
2025-02-10 20:59 | INFO | Query 31 Size of the uncertainty table is = 9253/14385
2025-02-10 20:59 | INFO | Query 31 Size of the filtered table is = 144
2025-02-10 20:59 | INFO | Training Time Active Learning Classifier: 7.22 seconds
2025-02-10 20:59 | INFO | Training Time Active Learning Regressor: 1.17 seconds
2025-02-10 20:59 | INFO | Query 31 Active Learning Runtime on Validation Set: 339551.48
2025-02-10 20:59 | INFO | Query 31 Active Learning Runtime on Test Set: 127679.19
2025-02-10 20:59 | INFO | Query 31 Active Learning Instance Cost: 1415780.96
2025-02-10 20:59 | INFO | Timeout limit is increased to 1600
2025-02-10 21:00 | INFO | Query 32 Size of the uncertainty table is = 9142/14385
2025-02-10 21:00 | INFO | Query 32 Size of the filtered table is = 144
2025-02-10 21:00 | INFO | Training Time Active Learning Classifier: 7.08 seconds
2025-02-10 21:00 | INFO | Training Time Active Learning Regressor: 1.18 seconds
2025-02-10 21:00 | INFO | Query 32 Active Learning Runtime on Validation Set: 339360.43
2025-02-10 21:00 | INFO | Query 32 Active Learning Runtime on Test Set: 127679.19
2025-02-10 21:00 | INFO | Query 32 Active Learning Instance Cost: 1460975.2
2025-02-10 21:00 | INFO | Query 33 Size of the uncertainty table is = 9129/14385
2025-02-10 21:00 | INFO | Query 33 Size of the filtered table is = 144
2025-02-10 21:00 | INFO | Training Time Active Learning Classifier: 7.05 seconds
2025-02-10 21:00 | INFO | Training Time Active Learning Regressor: 1.33 seconds
2025-02-10 21:01 | INFO | Query 33 Active Learning Runtime on Validation Set: 339302.5
2025-02-10 21:01 | INFO | Query 33 Active Learning Runtime on Test Set: 127768.52
2025-02-10 21:01 | INFO | Query 33 Active Learning Instance Cost: 1489973.25
2025-02-10 21:01 | INFO | Query 34 Size of the uncertainty table is = 9039/14385
2025-02-10 21:01 | INFO | Query 34 Size of the filtered table is = 144
2025-02-10 21:01 | INFO | Training Time Active Learning Classifier: 7.1 seconds
2025-02-10 21:01 | INFO | Training Time Active Learning Regressor: 1.18 seconds
2025-02-10 21:01 | INFO | Query 34 Active Learning Runtime on Validation Set: 339302.5
2025-02-10 21:01 | INFO | Query 34 Active Learning Runtime on Test Set: 127768.52
2025-02-10 21:01 | INFO | Query 34 Active Learning Instance Cost: 1500573.25
2025-02-10 21:01 | INFO | Timeout limit is increased to 1700
2025-02-10 21:01 | INFO | Query 35 Size of the uncertainty table is = 9039/14385
2025-02-10 21:01 | INFO | Query 35 Size of the filtered table is = 144
2025-02-10 21:02 | INFO | Training Time Active Learning Classifier: 7.11 seconds
2025-02-10 21:02 | INFO | Training Time Active Learning Regressor: 1.19 seconds
2025-02-10 21:02 | INFO | Query 35 Active Learning Runtime on Validation Set: 339520.36
2025-02-10 21:02 | INFO | Query 35 Active Learning Runtime on Test Set: 127768.52
2025-02-10 21:02 | INFO | Query 35 Active Learning Instance Cost: 1525970.36
2025-02-10 21:02 | INFO | Timeout limit is increased to 1800
2025-02-10 21:02 | INFO | Query 36 Size of the uncertainty table is = 9014/14385
2025-02-10 21:02 | INFO | Query 36 Size of the filtered table is = 144
2025-02-10 21:02 | INFO | Training Time Active Learning Classifier: 7.06 seconds
2025-02-10 21:02 | INFO | Training Time Active Learning Regressor: 1.18 seconds
2025-02-10 21:03 | INFO | Query 36 Active Learning Runtime on Validation Set: 373583.25
2025-02-10 21:03 | INFO | Query 36 Active Learning Runtime on Test Set: 127679.59
2025-02-10 21:03 | INFO | Query 36 Active Learning Instance Cost: 1586920.53
2025-02-10 21:03 | INFO | Timeout limit is increased to 1900
2025-02-10 21:03 | INFO | Query 37 Size of the uncertainty table is = 8950/14385
2025-02-10 21:03 | INFO | Query 37 Size of the filtered table is = 144
2025-02-10 21:03 | INFO | Training Time Active Learning Classifier: 7.08 seconds
2025-02-10 21:03 | INFO | Training Time Active Learning Regressor: 1.18 seconds
2025-02-10 21:03 | INFO | Query 37 Active Learning Runtime on Validation Set: 270164.95999999996
2025-02-10 21:03 | INFO | Query 37 Active Learning Runtime on Test Set: 127780.47
2025-02-10 21:03 | INFO | Query 37 Active Learning Instance Cost: 1666188.48
2025-02-10 21:03 | INFO | Query 38 Size of the uncertainty table is = 8839/14385
2025-02-10 21:03 | INFO | Query 38 Size of the filtered table is = 144
2025-02-10 21:03 | INFO | Training Time Active Learning Classifier: 7.1 seconds
2025-02-10 21:04 | INFO | Training Time Active Learning Regressor: 1.18 seconds
2025-02-10 21:04 | INFO | Query 38 Active Learning Runtime on Validation Set: 373052.72000000003
2025-02-10 21:04 | INFO | Query 38 Active Learning Runtime on Test Set: 127780.47
2025-02-10 21:04 | INFO | Query 38 Active Learning Instance Cost: 1737529.4
2025-02-10 21:04 | INFO | Timeout limit is increased to 2000
2025-02-10 21:04 | INFO | Query 39 Size of the uncertainty table is = 8790/14385
2025-02-10 21:04 | INFO | Query 39 Size of the filtered table is = 144
2025-02-10 21:04 | INFO | Training Time Active Learning Classifier: 7.12 seconds
2025-02-10 21:04 | INFO | Training Time Active Learning Regressor: 1.18 seconds
2025-02-10 21:04 | INFO | Query 39 Active Learning Runtime on Validation Set: 373052.72000000003
2025-02-10 21:04 | INFO | Query 39 Active Learning Runtime on Test Set: 127780.47
2025-02-10 21:04 | INFO | Query 39 Active Learning Instance Cost: 1773029.41
2025-02-10 21:04 | INFO | Timeout limit is increased to 2100
2025-02-10 21:05 | INFO | Query 40 Size of the uncertainty table is = 8780/14385
2025-02-10 21:05 | INFO | Query 40 Size of the filtered table is = 144
2025-02-10 21:05 | INFO | Training Time Active Learning Classifier: 7.13 seconds
2025-02-10 21:05 | INFO | Training Time Active Learning Regressor: 1.19 seconds
2025-02-10 21:05 | INFO | Query 40 Active Learning Runtime on Validation Set: 373013.04
2025-02-10 21:05 | INFO | Query 40 Active Learning Runtime on Test Set: 127780.47
2025-02-10 21:05 | INFO | Query 40 Active Learning Instance Cost: 1810979.13
2025-02-10 21:05 | INFO | Query 41 Size of the uncertainty table is = 8679/14385
2025-02-10 21:05 | INFO | Query 41 Size of the filtered table is = 144
2025-02-10 21:05 | INFO | Training Time Active Learning Classifier: 7.29 seconds
2025-02-10 21:05 | INFO | Training Time Active Learning Regressor: 1.18 seconds
2025-02-10 21:06 | INFO | Query 41 Active Learning Runtime on Validation Set: 373112.52
2025-02-10 21:06 | INFO | Query 41 Active Learning Runtime on Test Set: 127780.47
2025-02-10 21:06 | INFO | Query 41 Active Learning Instance Cost: 1880757.87
2025-02-10 21:06 | INFO | Timeout limit is increased to 2200
2025-02-10 21:06 | INFO | Query 42 Size of the uncertainty table is = 8592/14385
2025-02-10 21:06 | INFO | Query 42 Size of the filtered table is = 144
2025-02-10 21:06 | INFO | Training Time Active Learning Classifier: 7.21 seconds
2025-02-10 21:06 | INFO | Training Time Active Learning Regressor: 1.2 seconds
2025-02-10 21:06 | INFO | Query 42 Active Learning Runtime on Validation Set: 372921.47000000003
2025-02-10 21:06 | INFO | Query 42 Active Learning Runtime on Test Set: 127780.47
2025-02-10 21:06 | INFO | Query 42 Active Learning Instance Cost: 1914058.27
2025-02-10 21:06 | INFO | Query 43 Size of the uncertainty table is = 8583/14385
2025-02-10 21:06 | INFO | Query 43 Size of the filtered table is = 144
2025-02-10 21:07 | INFO | Training Time Active Learning Classifier: 7.22 seconds
2025-02-10 21:07 | INFO | Training Time Active Learning Regressor: 1.2 seconds
2025-02-10 21:07 | INFO | Query 43 Active Learning Runtime on Validation Set: 373585.47000000003
2025-02-10 21:07 | INFO | Query 43 Active Learning Runtime on Test Set: 127780.47
2025-02-10 21:07 | INFO | Query 43 Active Learning Instance Cost: 2008423.55
2025-02-10 21:07 | INFO | Timeout limit is increased to 2300
2025-02-10 21:07 | INFO | Query 44 Size of the uncertainty table is = 8527/14385
2025-02-10 21:07 | INFO | Query 44 Size of the filtered table is = 144
2025-02-10 21:07 | INFO | Training Time Active Learning Classifier: 7.4 seconds
2025-02-10 21:07 | INFO | Training Time Active Learning Regressor: 1.21 seconds
2025-02-10 21:08 | INFO | Query 44 Active Learning Runtime on Validation Set: 373585.47000000003
2025-02-10 21:08 | INFO | Query 44 Active Learning Runtime on Test Set: 127780.47
2025-02-10 21:08 | INFO | Query 44 Active Learning Instance Cost: 2049407.13
2025-02-10 21:08 | INFO | Timeout limit is increased to 2400
2025-02-10 21:08 | INFO | Query 45 Size of the uncertainty table is = 8516/14385
2025-02-10 21:08 | INFO | Query 45 Size of the filtered table is = 144
2025-02-10 21:08 | INFO | Training Time Active Learning Classifier: 7.28 seconds
2025-02-10 21:08 | INFO | Training Time Active Learning Regressor: 1.2 seconds
2025-02-10 21:08 | INFO | Query 45 Active Learning Runtime on Validation Set: 373686.96
2025-02-10 21:08 | INFO | Query 45 Active Learning Runtime on Test Set: 127780.47
2025-02-10 21:08 | INFO | Query 45 Active Learning Instance Cost: 2120759.13
2025-02-10 21:08 | INFO | Timeout limit is increased to 2500
2025-02-10 21:08 | INFO | Query 46 Size of the uncertainty table is = 8459/14385
2025-02-10 21:08 | INFO | Query 46 Size of the filtered table is = 144
2025-02-10 21:08 | INFO | Training Time Active Learning Classifier: 7.26 seconds
2025-02-10 21:09 | INFO | Training Time Active Learning Regressor: 1.21 seconds
2025-02-10 21:09 | INFO | Query 46 Active Learning Runtime on Validation Set: 374551.93
2025-02-10 21:09 | INFO | Query 46 Active Learning Runtime on Test Set: 99039.23
2025-02-10 21:09 | INFO | Query 46 Active Learning Instance Cost: 2228213.02
2025-02-10 21:09 | INFO | Timeout limit is increased to 2600
2025-02-10 21:09 | INFO | Query 47 Size of the uncertainty table is = 8305/14385
2025-02-10 21:09 | INFO | Query 47 Size of the filtered table is = 144
2025-02-10 21:09 | INFO | Training Time Active Learning Classifier: 7.32 seconds
2025-02-10 21:09 | INFO | Training Time Active Learning Regressor: 1.22 seconds
2025-02-10 21:09 | INFO | Query 47 Active Learning Runtime on Validation Set: 374740.94
2025-02-10 21:09 | INFO | Query 47 Active Learning Runtime on Test Set: 99039.23
2025-02-10 21:09 | INFO | Query 47 Active Learning Instance Cost: 2329071.88
2025-02-10 21:09 | INFO | Timeout limit is increased to 2700
2025-02-10 21:10 | INFO | Query 48 Size of the uncertainty table is = 8230/14385
2025-02-10 21:10 | INFO | Query 48 Size of the filtered table is = 144
2025-02-10 21:10 | INFO | Training Time Active Learning Classifier: 7.29 seconds
2025-02-10 21:10 | INFO | Training Time Active Learning Regressor: 1.22 seconds
2025-02-10 21:10 | INFO | Query 48 Active Learning Runtime on Validation Set: 374693.99
2025-02-10 21:10 | INFO | Query 48 Active Learning Runtime on Test Set: 95068.62
2025-02-10 21:10 | INFO | Query 48 Active Learning Instance Cost: 2435687.45
2025-02-10 21:10 | INFO | Query 49 Size of the uncertainty table is = 8121/14385
2025-02-10 21:10 | INFO | Query 49 Size of the filtered table is = 144
2025-02-10 21:10 | INFO | Training Time Active Learning Classifier: 7.36 seconds
2025-02-10 21:10 | INFO | Training Time Active Learning Regressor: 1.22 seconds
2025-02-10 21:11 | INFO | Query 49 Active Learning Runtime on Validation Set: 374693.99
2025-02-10 21:11 | INFO | Query 49 Active Learning Runtime on Test Set: 95069.01000000001
2025-02-10 21:11 | INFO | Query 49 Active Learning Instance Cost: 2500095.15
2025-02-10 21:11 | INFO | Timeout limit is increased to 2800
2025-02-10 21:11 | INFO | Query 50 Size of the uncertainty table is = 8080/14385
2025-02-10 21:11 | INFO | Query 50 Size of the filtered table is = 144
2025-02-10 21:11 | INFO | Training Time Active Learning Classifier: 7.36 seconds
2025-02-10 21:11 | INFO | Training Time Active Learning Regressor: 1.22 seconds
2025-02-10 21:11 | INFO | Query 50 Active Learning Runtime on Validation Set: 374693.99
2025-02-10 21:11 | INFO | Query 50 Active Learning Runtime on Test Set: 95069.01000000001
2025-02-10 21:11 | INFO | Query 50 Active Learning Instance Cost: 2545695.15
2025-02-10 21:11 | INFO | Timeout limit is increased to 2900
2025-02-10 21:11 | INFO | Query 51 Size of the uncertainty table is = 8080/14385
2025-02-10 21:11 | INFO | Query 51 Size of the filtered table is = 144
2025-02-10 21:12 | INFO | Training Time Active Learning Classifier: 7.36 seconds
2025-02-10 21:12 | INFO | Training Time Active Learning Regressor: 1.22 seconds
2025-02-10 21:12 | INFO | Query 51 Active Learning Runtime on Validation Set: 374704.54
2025-02-10 21:12 | INFO | Query 51 Active Learning Runtime on Test Set: 95068.62
2025-02-10 21:12 | INFO | Query 51 Active Learning Instance Cost: 2603018.25
2025-02-10 21:12 | INFO | Timeout limit is increased to 3000
2025-02-10 21:12 | INFO | Query 52 Size of the uncertainty table is = 8012/14385
2025-02-10 21:12 | INFO | Query 52 Size of the filtered table is = 144
2025-02-10 21:12 | INFO | Training Time Active Learning Classifier: 7.51 seconds
2025-02-10 21:12 | INFO | Training Time Active Learning Regressor: 1.23 seconds
2025-02-10 21:13 | INFO | Query 52 Active Learning Runtime on Validation Set: 410135.05
2025-02-10 21:13 | INFO | Query 52 Active Learning Runtime on Test Set: 95068.62
2025-02-10 21:13 | INFO | Query 52 Active Learning Instance Cost: 2634701.19
2025-02-10 21:13 | INFO | Timeout limit is increased to 3100
2025-02-10 21:13 | INFO | Query 53 Size of the uncertainty table is = 8004/14385
2025-02-10 21:13 | INFO | Query 53 Size of the filtered table is = 144
2025-02-10 21:13 | INFO | Training Time Active Learning Classifier: 7.58 seconds
2025-02-10 21:13 | INFO | Training Time Active Learning Regressor: 1.22 seconds
2025-02-10 21:13 | INFO | Query 53 Active Learning Runtime on Validation Set: 409164.13
2025-02-10 21:13 | INFO | Query 53 Active Learning Runtime on Test Set: 94974.55
2025-02-10 21:13 | INFO | Query 53 Active Learning Instance Cost: 2739202.73
2025-02-10 21:13 | INFO | Query 54 Size of the uncertainty table is = 7919/14385
2025-02-10 21:13 | INFO | Query 54 Size of the filtered table is = 144
2025-02-10 21:13 | INFO | Training Time Active Learning Classifier: 7.41 seconds
2025-02-10 21:14 | INFO | Training Time Active Learning Regressor: 1.23 seconds
2025-02-10 21:14 | INFO | Query 54 Active Learning Runtime on Validation Set: 409605.3
2025-02-10 21:14 | INFO | Query 54 Active Learning Runtime on Test Set: 99039.23
2025-02-10 21:14 | INFO | Query 54 Active Learning Instance Cost: 2822503.32
2025-02-10 21:14 | INFO | Timeout limit is increased to 3200
2025-02-10 21:14 | INFO | Query 55 Size of the uncertainty table is = 7885/14385
2025-02-10 21:14 | INFO | Query 55 Size of the filtered table is = 144
2025-02-10 21:14 | INFO | Training Time Active Learning Classifier: 7.33 seconds
2025-02-10 21:14 | INFO | Training Time Active Learning Regressor: 1.23 seconds
2025-02-10 21:14 | INFO | Query 55 Active Learning Runtime on Validation Set: 409605.3
2025-02-10 21:14 | INFO | Query 55 Active Learning Runtime on Test Set: 99039.23
2025-02-10 21:14 | INFO | Query 55 Active Learning Instance Cost: 2851603.32
2025-02-10 21:14 | INFO | Timeout limit is increased to 3300
2025-02-10 21:15 | INFO | Query 56 Size of the uncertainty table is = 7885/14385
2025-02-10 21:15 | INFO | Query 56 Size of the filtered table is = 144
2025-02-10 21:15 | INFO | Training Time Active Learning Classifier: 7.45 seconds
2025-02-10 21:15 | INFO | Training Time Active Learning Regressor: 1.4 seconds
2025-02-10 21:15 | INFO | Query 56 Active Learning Runtime on Validation Set: 409895.09
2025-02-10 21:15 | INFO | Query 56 Active Learning Runtime on Test Set: 99039.63
2025-02-10 21:15 | INFO | Query 56 Active Learning Instance Cost: 2906966.77
2025-02-10 21:15 | INFO | Timeout limit is increased to 3400
2025-02-10 21:15 | INFO | Query 57 Size of the uncertainty table is = 7784/14385
2025-02-10 21:15 | INFO | Query 57 Size of the filtered table is = 144
2025-02-10 21:15 | INFO | Training Time Active Learning Classifier: 7.39 seconds
2025-02-10 21:15 | INFO | Training Time Active Learning Regressor: 1.22 seconds
2025-02-10 21:16 | INFO | Query 57 Active Learning Runtime on Validation Set: 409895.09
2025-02-10 21:16 | INFO | Query 57 Active Learning Runtime on Test Set: 130340.71
2025-02-10 21:16 | INFO | Query 57 Active Learning Instance Cost: 2945499.28
2025-02-10 21:16 | INFO | Timeout limit is increased to 3500
2025-02-10 21:16 | INFO | Query 58 Size of the uncertainty table is = 7734/14385
2025-02-10 21:16 | INFO | Query 58 Size of the filtered table is = 144
2025-02-10 21:16 | INFO | Training Time Active Learning Classifier: 7.39 seconds
2025-02-10 21:16 | INFO | Training Time Active Learning Regressor: 1.23 seconds
2025-02-10 21:16 | INFO | Query 58 Active Learning Runtime on Validation Set: 410892.53
2025-02-10 21:16 | INFO | Query 58 Active Learning Runtime on Test Set: 166047.19
2025-02-10 21:16 | INFO | Query 58 Active Learning Instance Cost: 3104278.51
2025-02-10 21:16 | INFO | Timeout limit is increased to 3600
2025-02-10 21:16 | INFO | Query 59 Size of the uncertainty table is = 7645/14385
2025-02-10 21:16 | INFO | Query 59 Size of the filtered table is = 144
2025-02-10 21:17 | INFO | Training Time Active Learning Classifier: 7.44 seconds
2025-02-10 21:17 | INFO | Training Time Active Learning Regressor: 1.22 seconds
2025-02-10 21:17 | INFO | Query 59 Active Learning Runtime on Validation Set: 374087.11
2025-02-10 21:17 | INFO | Query 59 Active Learning Runtime on Test Set: 130316.98
2025-02-10 21:17 | INFO | Query 59 Active Learning Instance Cost: 3275933.29
2025-02-10 21:17 | INFO | Query 60 Size of the uncertainty table is = 750/14385
2025-02-10 21:17 | INFO | Query 60 Size of the filtered table is = 144
2025-02-10 21:17 | INFO | Training Time Active Learning Classifier: 7.55 seconds
2025-02-10 21:17 | INFO | Training Time Active Learning Regressor: 1.25 seconds
2025-02-10 21:18 | INFO | Query 60 Active Learning Runtime on Validation Set: 373210.43
2025-02-10 21:18 | INFO | Query 60 Active Learning Runtime on Test Set: 95407.83
2025-02-10 21:18 | INFO | Query 60 Active Learning Instance Cost: 3310937.85
2025-02-10 21:18 | INFO | Query 61 Size of the uncertainty table is = 172/14385
2025-02-10 21:18 | INFO | Query 61 Size of the filtered table is = 144
2025-02-10 21:18 | INFO | Training Time Active Learning Classifier: 7.56 seconds
2025-02-10 21:18 | INFO | Training Time Active Learning Regressor: 1.26 seconds
2025-02-10 21:18 | INFO | Query 61 Active Learning Runtime on Validation Set: 339114.89
2025-02-10 21:18 | INFO | Query 61 Active Learning Runtime on Test Set: 95395.88
2025-02-10 21:18 | INFO | Query 61 Active Learning Instance Cost: 3310950.78
2025-02-10 21:18 | INFO | Active Learning Emissions: 0.027175431718970067
2025-02-10 21:18 | INFO | Active Learning Energy Consumption: 0.029567563652319138 kWh
2025-02-10 21:18 | INFO | runtime_test_score is written as json file
2025-02-10 21:18 | INFO | runtime_validation_score is written as json file
2025-02-10 21:18 | INFO | instance_cost is written as json file
2025-02-10 21:18 | INFO | Experiment is finished
