2024-05-30 00:41 | INFO | Paramaters are: {'dataset': 'QBF-2016', 'penalty': 10, 'weight': 'No_Weight', 'voting': 'Hard', 'pre_selection_size': 64, 'pre_selection_technique': 'No_pre_selection', 'feature_elimination_threshold': 20, 'imputer_strategy': 'median', 'feature_selection_technique': 'No_feature_selection', 'feature_scaling_technique': 'StandardScaler', 'initial_train_size': 20, 'query_size': 1, 'timeout_predictor_usage': 'No', 'timeout_limit': 100, 'timeout_increase_rate': 100, 'RANDOM_STATE_SEED': 12345, 'n_splits': 10, 'split_number': 0, 'max_timeout': 3600, 'param_grid': {'n_estimators': 100, 'criterion': 'gini', 'max_features': 'sqrt', 'max_depth': 2147483648, 'min_samples_split': 2, 'bootstrap': True}}
2024-05-30 00:41 | INFO | QBF-2016 is current dataset
2024-05-30 00:41 | INFO | DATASETS/QBF-2016/algorithm_runs.arff is found
2024-05-30 00:41 | INFO | DATASETS/QBF-2016/algorithm_runs.arff is finished
2024-05-30 00:41 | INFO | DATASETS/QBF-2016/feature_values.arff is found
2024-05-30 00:41 | INFO | DATASETS/QBF-2016/feature_values.arff is finished
2024-05-30 00:41 | INFO | DATASETS/QBF-2016/feature_costs.arff is found
2024-05-30 00:41 | INFO | DATASETS/QBF-2016/feature_costs.arff is finished
2024-05-30 00:41 | INFO | Virtual best solver time in train = 6043.77
2024-05-30 00:41 | INFO | Single best solver list train = {'AIGSolve': 5088955.86, 'aqua-f3v': 7817558.78, 'aqua-s2v': 7710482.09, 'aqua-s3o': 7889503.1, 'caqe-minisat': 4655838.45, 'caqe-picosat': 4224687.42, 'depqbf-v1': 8179348.89, 'depqbf-v2': 4186675.07, 'depqbf-v3': 6131487.55, 'ghostq-cegar': 4653263.28, 'ghostq-plain': 4761852.78, 'hiqqer1': 4724265.21, 'hiqqer1ldsq': 4867802.53, 'hiqqer3': 4834138.55, 'iprover-QBF': 10702196.04, 'iprover-QBF-bloqqer': 11454909.53, 'qesto': 4654886.34, 'qestos': 6375016.55, 'qsts': 4900207.65, 'rareqs': 3249296.12, 'squeezebf+struqs': 11205735.31, 'struqs-10': 11133900.19, 'xb-bid-qsts': 2749352.69, 'xb-qsts': 3718774.31}
2024-05-30 00:41 | INFO | Single best solver time train = xb-bid-qsts (2749352.69)
2024-05-30 00:41 | INFO | Virtual best solver time in validation = 801.0
2024-05-30 00:41 | INFO | Single best solver list validation = {'AIGSolve': 793939.03, 'aqua-f3v': 1297544.26, 'aqua-s2v': 1332845.0, 'aqua-s3o': 1332709.66, 'caqe-minisat': 1405898.7, 'caqe-picosat': 1335155.13, 'depqbf-v1': 1800978.96, 'depqbf-v2': 1045895.11, 'depqbf-v3': 1587002.24, 'ghostq-cegar': 1154453.68, 'ghostq-plain': 1550256.06, 'hiqqer1': 1369696.74, 'hiqqer1ldsq': 1405145.91, 'hiqqer3': 1440854.5, 'iprover-QBF': 2593003.96, 'iprover-QBF-bloqqer': 2844639.94, 'qesto': 1192120.03, 'qestos': 1548815.13, 'qsts': 1764354.68, 'rareqs': 902638.36, 'squeezebf+struqs': 2053557.42, 'struqs-10': 2053572.48, 'xb-bid-qsts': 687283.96, 'xb-qsts': 1082749.51}
2024-05-30 00:41 | INFO | Single best solver time validation = xb-bid-qsts (687283.96)
2024-05-30 00:41 | INFO | Virtual best solver time in test = 1512.03
2024-05-30 00:41 | INFO | Single best solver list test = {'AIGSolve': 612900.59, 'aqua-f3v': 1116611.62, 'aqua-s2v': 1116309.63, 'aqua-s3o': 1116328.81, 'caqe-minisat': 757440.46, 'caqe-picosat': 757293.63, 'depqbf-v1': 1261563.89, 'depqbf-v2': 721264.1, 'depqbf-v3': 973450.96, 'ghostq-cegar': 614282.39, 'ghostq-plain': 756708.04, 'hiqqer1': 721551.52, 'hiqqer1ldsq': 721574.8, 'hiqqer3': 757570.29, 'iprover-QBF': 1549722.04, 'iprover-QBF-bloqqer': 1405819.65, 'qesto': 828515.74, 'qestos': 756448.87, 'qsts': 684494.4, 'rareqs': 541206.99, 'squeezebf+struqs': 1513257.47, 'struqs-10': 1477343.29, 'xb-bid-qsts': 434354.84, 'xb-qsts': 685731.69}
2024-05-30 00:41 | INFO | Single best solver time test = xb-bid-qsts (434354.84)
2024-05-30 00:51 | INFO | Passive Learning Runtime on Validation Set: 721092.8
2024-05-30 00:51 | INFO | Passive Learning Runtime on Test Set: 253572.37
2024-05-30 00:51 | INFO | Passive Learning Instance Cost: 15183334.29
2024-05-30 01:00 | INFO | Initial Active Learning Runtime on Validation Set: 1370269.81
2024-05-30 01:00 | INFO | Initial Active Learning Runtime on Test Set: 792903.67
2024-05-30 01:00 | INFO | Initial Active Learning Instance Cost: 26833.64
2024-05-30 01:00 | INFO | Bin size = 1455
2024-05-30 01:01 | INFO | Query 1 Size of the uncertainty table is = 147540/145452
2024-05-30 01:01 | INFO | Query 1 Size of the filtered table is = 1455
2024-05-30 01:11 | INFO | Query 1 Active Learning Runtime on Validation Set: 1297964.472
2024-05-30 01:11 | INFO | Query 1 Active Learning Runtime on Test Set: 685423.412
2024-05-30 01:11 | INFO | Query 1 Active Learning Instance Cost: 132111.3
2024-05-30 01:12 | INFO | Query 2 Size of the uncertainty table is = 142693/145452
2024-05-30 01:12 | INFO | Query 2 Size of the filtered table is = 1455
2024-05-30 01:22 | INFO | Query 2 Active Learning Runtime on Validation Set: 1261870.562
2024-05-30 01:22 | INFO | Query 2 Active Learning Runtime on Test Set: 469490.642
2024-05-30 01:22 | INFO | Query 2 Active Learning Instance Cost: 216575.58
2024-05-30 01:22 | INFO | Query 3 Size of the uncertainty table is = 132937/145452
2024-05-30 01:22 | INFO | Query 3 Size of the filtered table is = 1455
2024-05-30 01:32 | INFO | Query 3 Active Learning Runtime on Validation Set: 1189942.642
2024-05-30 01:32 | INFO | Query 3 Active Learning Runtime on Test Set: 469447.592
2024-05-30 01:32 | INFO | Query 3 Active Learning Instance Cost: 286998.08
2024-05-30 01:33 | INFO | Query 4 Size of the uncertainty table is = 121813/145452
2024-05-30 01:33 | INFO | Query 4 Size of the filtered table is = 1455
2024-05-30 01:43 | INFO | Query 4 Active Learning Runtime on Validation Set: 974027.372
2024-05-30 01:43 | INFO | Query 4 Active Learning Runtime on Test Set: 468905.992
2024-05-30 01:43 | INFO | Query 4 Active Learning Instance Cost: 336406.65
2024-05-30 01:44 | INFO | Query 5 Size of the uncertainty table is = 110056/145452
2024-05-30 01:44 | INFO | Query 5 Size of the filtered table is = 1455
2024-05-30 01:54 | INFO | Query 5 Active Learning Runtime on Validation Set: 1117157.672
2024-05-30 01:54 | INFO | Query 5 Active Learning Runtime on Test Set: 361048.442
2024-05-30 01:54 | INFO | Query 5 Active Learning Instance Cost: 377560.02
2024-05-30 01:54 | INFO | Timeout limit is increased to 200
2024-05-30 01:54 | INFO | Query 6 Size of the uncertainty table is = 99854/145452
2024-05-30 01:54 | INFO | Query 6 Size of the filtered table is = 1455
2024-05-30 02:04 | INFO | Query 6 Active Learning Runtime on Validation Set: 1117278.052
2024-05-30 02:04 | INFO | Query 6 Active Learning Runtime on Test Set: 397024.992
2024-05-30 02:04 | INFO | Query 6 Active Learning Instance Cost: 546700.38
2024-05-30 02:04 | INFO | Timeout limit is increased to 300
2024-05-30 02:05 | INFO | Query 7 Size of the uncertainty table is = 90536/145452
2024-05-30 02:05 | INFO | Query 7 Size of the filtered table is = 1455
2024-05-30 02:15 | INFO | Query 7 Active Learning Runtime on Validation Set: 1153455.252
2024-05-30 02:15 | INFO | Query 7 Active Learning Runtime on Test Set: 361051.372
2024-05-30 02:15 | INFO | Query 7 Active Learning Instance Cost: 806048.64
2024-05-30 02:15 | INFO | Timeout limit is increased to 400
2024-05-30 02:16 | INFO | Query 8 Size of the uncertainty table is = 82971/145452
2024-05-30 02:16 | INFO | Query 8 Size of the filtered table is = 1455
2024-05-30 02:26 | INFO | Query 8 Active Learning Runtime on Validation Set: 973473.732
2024-05-30 02:26 | INFO | Query 8 Active Learning Runtime on Test Set: 325595.782
2024-05-30 02:26 | INFO | Query 8 Active Learning Instance Cost: 1097418.86
2024-05-30 02:27 | INFO | Query 9 Size of the uncertainty table is = 76533/145452
2024-05-30 02:27 | INFO | Query 9 Size of the filtered table is = 1455
2024-05-30 02:37 | INFO | Query 9 Active Learning Runtime on Validation Set: 1081411.442
2024-05-30 02:37 | INFO | Query 9 Active Learning Runtime on Test Set: 325557.392
2024-05-30 02:37 | INFO | Query 9 Active Learning Instance Cost: 1257989.72
2024-05-30 02:37 | INFO | Timeout limit is increased to 500
2024-05-30 02:37 | INFO | Query 10 Size of the uncertainty table is = 72530/145452
2024-05-30 02:37 | INFO | Query 10 Size of the filtered table is = 1455
2024-05-30 02:48 | INFO | Query 10 Active Learning Runtime on Validation Set: 757671.412
2024-05-30 02:48 | INFO | Query 10 Active Learning Runtime on Test Set: 361012.612
2024-05-30 02:48 | INFO | Query 10 Active Learning Instance Cost: 1515665.64
2024-05-30 02:48 | INFO | Query 11 Size of the uncertainty table is = 69756/145452
2024-05-30 02:48 | INFO | Query 11 Size of the filtered table is = 1455
2024-05-30 02:58 | INFO | Query 11 Active Learning Runtime on Validation Set: 793544.852
2024-05-30 02:58 | INFO | Query 11 Active Learning Runtime on Test Set: 325557.352
2024-05-30 02:58 | INFO | Query 11 Active Learning Instance Cost: 1617927.45
2024-05-30 02:58 | INFO | Timeout limit is increased to 600
2024-05-30 02:59 | INFO | Query 12 Size of the uncertainty table is = 67830/145452
2024-05-30 02:59 | INFO | Query 12 Size of the filtered table is = 1455
2024-05-30 03:09 | INFO | Query 12 Active Learning Runtime on Validation Set: 829610.222
2024-05-30 03:09 | INFO | Query 12 Active Learning Runtime on Test Set: 325557.382
2024-05-30 03:09 | INFO | Query 12 Active Learning Instance Cost: 1838775.47
2024-05-30 03:09 | INFO | Timeout limit is increased to 700
2024-05-30 03:09 | INFO | Query 13 Size of the uncertainty table is = 66451/145452
2024-05-30 03:09 | INFO | Query 13 Size of the filtered table is = 1455
2024-05-30 03:19 | INFO | Query 13 Active Learning Runtime on Validation Set: 1009402.862
2024-05-30 03:19 | INFO | Query 13 Active Learning Runtime on Test Set: 397537.332
2024-05-30 03:19 | INFO | Query 13 Active Learning Instance Cost: 2080656.28
2024-05-30 03:19 | INFO | Timeout limit is increased to 800
2024-05-30 03:20 | INFO | Query 14 Size of the uncertainty table is = 65133/145452
2024-05-30 03:20 | INFO | Query 14 Size of the filtered table is = 1455
2024-05-30 03:30 | INFO | Query 14 Active Learning Runtime on Validation Set: 1045367.712
2024-05-30 03:30 | INFO | Query 14 Active Learning Runtime on Test Set: 361537.872
2024-05-30 03:30 | INFO | Query 14 Active Learning Instance Cost: 2321662.5
2024-05-30 03:30 | INFO | Timeout limit is increased to 900
2024-05-30 03:30 | INFO | Query 15 Size of the uncertainty table is = 64263/145452
2024-05-30 03:30 | INFO | Query 15 Size of the filtered table is = 1455
2024-05-30 03:40 | INFO | Query 15 Active Learning Runtime on Validation Set: 1117345.822
2024-05-30 03:40 | INFO | Query 15 Active Learning Runtime on Test Set: 360993.602
2024-05-30 03:40 | INFO | Query 15 Active Learning Instance Cost: 2563287.18
2024-05-30 03:40 | INFO | Timeout limit is increased to 1000
2024-05-30 03:41 | INFO | Query 16 Size of the uncertainty table is = 63729/145452
2024-05-30 03:41 | INFO | Query 16 Size of the filtered table is = 1455
2024-05-30 03:51 | INFO | Query 16 Active Learning Runtime on Validation Set: 1117320.232
2024-05-30 03:51 | INFO | Query 16 Active Learning Runtime on Test Set: 361537.892
2024-05-30 03:51 | INFO | Query 16 Active Learning Instance Cost: 2790562.38
2024-05-30 03:51 | INFO | Query 17 Size of the uncertainty table is = 63321/145452
2024-05-30 03:51 | INFO | Query 17 Size of the filtered table is = 1455
2024-05-30 04:01 | INFO | Query 17 Active Learning Runtime on Validation Set: 1117320.262
2024-05-30 04:01 | INFO | Query 17 Active Learning Runtime on Test Set: 361537.892
2024-05-30 04:01 | INFO | Query 17 Active Learning Instance Cost: 2861204.95
2024-05-30 04:01 | INFO | Timeout limit is increased to 1100
2024-05-30 04:02 | INFO | Query 18 Size of the uncertainty table is = 63204/145452
2024-05-30 04:02 | INFO | Query 18 Size of the filtered table is = 1455
2024-05-30 04:12 | INFO | Query 18 Active Learning Runtime on Validation Set: 1117410.642
2024-05-30 04:12 | INFO | Query 18 Active Learning Runtime on Test Set: 361541.462
2024-05-30 04:12 | INFO | Query 18 Active Learning Instance Cost: 3040674.9
2024-05-30 04:12 | INFO | Timeout limit is increased to 1200
2024-05-30 04:12 | INFO | Query 19 Size of the uncertainty table is = 63122/145452
2024-05-30 04:12 | INFO | Query 19 Size of the filtered table is = 1455
2024-05-30 04:22 | INFO | Query 19 Active Learning Runtime on Validation Set: 1117370.972
2024-05-30 04:22 | INFO | Query 19 Active Learning Runtime on Test Set: 361541.412
2024-05-30 04:22 | INFO | Query 19 Active Learning Instance Cost: 3221138.5
2024-05-30 04:22 | INFO | Query 20 Size of the uncertainty table is = 63089/145452
2024-05-30 04:22 | INFO | Query 20 Size of the filtered table is = 1455
2024-05-30 04:32 | INFO | Query 20 Active Learning Runtime on Validation Set: 1117285.952
2024-05-30 04:32 | INFO | Query 20 Active Learning Runtime on Test Set: 361541.412
2024-05-30 04:32 | INFO | Query 20 Active Learning Instance Cost: 3243089.67
2024-05-30 04:33 | INFO | Query 21 Size of the uncertainty table is = 63052/145452
2024-05-30 04:33 | INFO | Query 21 Size of the filtered table is = 1455
2024-05-30 04:43 | INFO | Query 21 Active Learning Runtime on Validation Set: 1117285.952
2024-05-30 04:43 | INFO | Query 21 Active Learning Runtime on Test Set: 361541.412
2024-05-30 04:43 | INFO | Query 21 Active Learning Instance Cost: 3255855.08
2024-05-30 04:43 | INFO | Timeout limit is increased to 1300
2024-05-30 04:43 | INFO | Query 22 Size of the uncertainty table is = 63042/145452
2024-05-30 04:43 | INFO | Query 22 Size of the filtered table is = 1455
2024-05-30 04:53 | INFO | Query 22 Active Learning Runtime on Validation Set: 1117285.952
2024-05-30 04:53 | INFO | Query 22 Active Learning Runtime on Test Set: 361541.412
2024-05-30 04:53 | INFO | Query 22 Active Learning Instance Cost: 3415855.08
2024-05-30 04:53 | INFO | Timeout limit is increased to 1400
2024-05-30 04:54 | INFO | Query 23 Size of the uncertainty table is = 63042/145452
2024-05-30 04:54 | INFO | Query 23 Size of the filtered table is = 1455
2024-05-30 05:04 | INFO | Query 23 Active Learning Runtime on Validation Set: 1117285.952
2024-05-30 05:04 | INFO | Query 23 Active Learning Runtime on Test Set: 361541.412
2024-05-30 05:04 | INFO | Query 23 Active Learning Instance Cost: 3575055.08
2024-05-30 05:04 | INFO | Timeout limit is increased to 1500
2024-05-30 05:04 | INFO | Query 24 Size of the uncertainty table is = 63042/145452
2024-05-30 05:04 | INFO | Query 24 Size of the filtered table is = 1455
2024-05-30 05:14 | INFO | Query 24 Active Learning Runtime on Validation Set: 1117285.952
2024-05-30 05:14 | INFO | Query 24 Active Learning Runtime on Test Set: 361541.412
2024-05-30 05:14 | INFO | Query 24 Active Learning Instance Cost: 3734255.08
2024-05-30 05:14 | INFO | Timeout limit is increased to 1600
2024-05-30 05:15 | INFO | Query 25 Size of the uncertainty table is = 63042/145452
2024-05-30 05:15 | INFO | Query 25 Size of the filtered table is = 1455
2024-05-30 05:25 | INFO | Query 25 Active Learning Runtime on Validation Set: 1117285.952
2024-05-30 05:25 | INFO | Query 25 Active Learning Runtime on Test Set: 361541.412
2024-05-30 05:25 | INFO | Query 25 Active Learning Instance Cost: 3893455.08
2024-05-30 05:25 | INFO | Timeout limit is increased to 1700
2024-05-30 05:25 | INFO | Query 26 Size of the uncertainty table is = 63042/145452
2024-05-30 05:25 | INFO | Query 26 Size of the filtered table is = 1455
2024-05-30 05:35 | INFO | Query 26 Active Learning Runtime on Validation Set: 1117285.952
2024-05-30 05:35 | INFO | Query 26 Active Learning Runtime on Test Set: 361541.412
2024-05-30 05:35 | INFO | Query 26 Active Learning Instance Cost: 4052655.08
2024-05-30 05:35 | INFO | Timeout limit is increased to 1800
2024-05-30 05:36 | INFO | Query 27 Size of the uncertainty table is = 63042/145452
2024-05-30 05:36 | INFO | Query 27 Size of the filtered table is = 1455
2024-05-30 05:46 | INFO | Query 27 Active Learning Runtime on Validation Set: 1117285.952
2024-05-30 05:46 | INFO | Query 27 Active Learning Runtime on Test Set: 361541.412
2024-05-30 05:46 | INFO | Query 27 Active Learning Instance Cost: 4211855.08
2024-05-30 05:46 | INFO | Timeout limit is increased to 1900
2024-05-30 05:46 | INFO | Query 28 Size of the uncertainty table is = 63042/145452
2024-05-30 05:46 | INFO | Query 28 Size of the filtered table is = 1455
2024-05-30 05:56 | INFO | Query 28 Active Learning Runtime on Validation Set: 1117285.952
2024-05-30 05:56 | INFO | Query 28 Active Learning Runtime on Test Set: 361541.412
2024-05-30 05:56 | INFO | Query 28 Active Learning Instance Cost: 4371055.08
2024-05-30 05:56 | INFO | Timeout limit is increased to 2000
2024-05-30 05:57 | INFO | Query 29 Size of the uncertainty table is = 63042/145452
2024-05-30 05:57 | INFO | Query 29 Size of the filtered table is = 1455
2024-05-30 06:07 | INFO | Query 29 Active Learning Runtime on Validation Set: 1117285.952
2024-05-30 06:07 | INFO | Query 29 Active Learning Runtime on Test Set: 361541.412
2024-05-30 06:07 | INFO | Query 29 Active Learning Instance Cost: 4530255.08
2024-05-30 06:07 | INFO | Timeout limit is increased to 2100
2024-05-30 06:07 | INFO | Query 30 Size of the uncertainty table is = 63042/145452
2024-05-30 06:07 | INFO | Query 30 Size of the filtered table is = 1455
2024-05-30 06:17 | INFO | Query 30 Active Learning Runtime on Validation Set: 1117285.952
2024-05-30 06:17 | INFO | Query 30 Active Learning Runtime on Test Set: 361541.412
2024-05-30 06:17 | INFO | Query 30 Active Learning Instance Cost: 4689455.08
2024-05-30 06:17 | INFO | Timeout limit is increased to 2200
2024-05-30 06:18 | INFO | Query 31 Size of the uncertainty table is = 63042/145452
2024-05-30 06:18 | INFO | Query 31 Size of the filtered table is = 1455
2024-05-30 06:28 | INFO | Query 31 Active Learning Runtime on Validation Set: 1117285.952
2024-05-30 06:28 | INFO | Query 31 Active Learning Runtime on Test Set: 361541.412
2024-05-30 06:28 | INFO | Query 31 Active Learning Instance Cost: 4848655.08
2024-05-30 06:28 | INFO | Timeout limit is increased to 2300
2024-05-30 06:28 | INFO | Query 32 Size of the uncertainty table is = 63042/145452
2024-05-30 06:28 | INFO | Query 32 Size of the filtered table is = 1455
2024-05-30 06:38 | INFO | Query 32 Active Learning Runtime on Validation Set: 1117285.952
2024-05-30 06:38 | INFO | Query 32 Active Learning Runtime on Test Set: 361541.412
2024-05-30 06:38 | INFO | Query 32 Active Learning Instance Cost: 5007855.08
2024-05-30 06:38 | INFO | Timeout limit is increased to 2400
2024-05-30 06:38 | INFO | Query 33 Size of the uncertainty table is = 63042/145452
2024-05-30 06:38 | INFO | Query 33 Size of the filtered table is = 1455
2024-05-30 06:48 | INFO | Query 33 Active Learning Runtime on Validation Set: 1117285.952
2024-05-30 06:48 | INFO | Query 33 Active Learning Runtime on Test Set: 361541.412
2024-05-30 06:48 | INFO | Query 33 Active Learning Instance Cost: 5167055.08
2024-05-30 06:48 | INFO | Timeout limit is increased to 2500
2024-05-30 06:49 | INFO | Query 34 Size of the uncertainty table is = 63042/145452
2024-05-30 06:49 | INFO | Query 34 Size of the filtered table is = 1455
2024-05-30 06:59 | INFO | Query 34 Active Learning Runtime on Validation Set: 1117285.952
2024-05-30 06:59 | INFO | Query 34 Active Learning Runtime on Test Set: 361541.412
2024-05-30 06:59 | INFO | Query 34 Active Learning Instance Cost: 5326255.08
2024-05-30 06:59 | INFO | Timeout limit is increased to 2600
2024-05-30 06:59 | INFO | Query 35 Size of the uncertainty table is = 63042/145452
2024-05-30 06:59 | INFO | Query 35 Size of the filtered table is = 1455
2024-05-30 07:09 | INFO | Query 35 Active Learning Runtime on Validation Set: 1117285.952
2024-05-30 07:09 | INFO | Query 35 Active Learning Runtime on Test Set: 361541.412
2024-05-30 07:09 | INFO | Query 35 Active Learning Instance Cost: 5485455.08
2024-05-30 07:09 | INFO | Timeout limit is increased to 2700
2024-05-30 07:10 | INFO | Query 36 Size of the uncertainty table is = 63042/145452
2024-05-30 07:10 | INFO | Query 36 Size of the filtered table is = 1455
2024-05-30 07:20 | INFO | Query 36 Active Learning Runtime on Validation Set: 1117285.952
2024-05-30 07:20 | INFO | Query 36 Active Learning Runtime on Test Set: 361541.412
2024-05-30 07:20 | INFO | Query 36 Active Learning Instance Cost: 5644655.08
2024-05-30 07:20 | INFO | Timeout limit is increased to 2800
2024-05-30 07:20 | INFO | Query 37 Size of the uncertainty table is = 63042/145452
2024-05-30 07:20 | INFO | Query 37 Size of the filtered table is = 1455
2024-05-30 07:30 | INFO | Query 37 Active Learning Runtime on Validation Set: 1117285.952
2024-05-30 07:30 | INFO | Query 37 Active Learning Runtime on Test Set: 361541.412
2024-05-30 07:30 | INFO | Query 37 Active Learning Instance Cost: 5803855.08
2024-05-30 07:30 | INFO | Timeout limit is increased to 2900
2024-05-30 07:31 | INFO | Query 38 Size of the uncertainty table is = 63042/145452
2024-05-30 07:31 | INFO | Query 38 Size of the filtered table is = 1455
2024-05-30 07:41 | INFO | Query 38 Active Learning Runtime on Validation Set: 1117285.952
2024-05-30 07:41 | INFO | Query 38 Active Learning Runtime on Test Set: 361541.412
2024-05-30 07:41 | INFO | Query 38 Active Learning Instance Cost: 5963055.08
2024-05-30 07:41 | INFO | Timeout limit is increased to 3000
2024-05-30 07:41 | INFO | Query 39 Size of the uncertainty table is = 63042/145452
2024-05-30 07:41 | INFO | Query 39 Size of the filtered table is = 1455
2024-05-30 07:51 | INFO | Query 39 Active Learning Runtime on Validation Set: 1117285.952
2024-05-30 07:51 | INFO | Query 39 Active Learning Runtime on Test Set: 361541.412
2024-05-30 07:51 | INFO | Query 39 Active Learning Instance Cost: 6122255.08
2024-05-30 07:51 | INFO | Timeout limit is increased to 3100
2024-05-30 07:52 | INFO | Query 40 Size of the uncertainty table is = 63042/145452
2024-05-30 07:52 | INFO | Query 40 Size of the filtered table is = 1455
2024-05-30 08:02 | INFO | Query 40 Active Learning Runtime on Validation Set: 1117285.952
2024-05-30 08:02 | INFO | Query 40 Active Learning Runtime on Test Set: 361541.412
2024-05-30 08:02 | INFO | Query 40 Active Learning Instance Cost: 6281455.08
2024-05-30 08:02 | INFO | Timeout limit is increased to 3200
2024-05-30 08:02 | INFO | Query 41 Size of the uncertainty table is = 63042/145452
2024-05-30 08:02 | INFO | Query 41 Size of the filtered table is = 1455
2024-05-30 08:12 | INFO | Query 41 Active Learning Runtime on Validation Set: 1117285.952
2024-05-30 08:12 | INFO | Query 41 Active Learning Runtime on Test Set: 361541.412
2024-05-30 08:12 | INFO | Query 41 Active Learning Instance Cost: 6440655.08
2024-05-30 08:12 | INFO | Timeout limit is increased to 3300
2024-05-30 08:12 | INFO | Query 42 Size of the uncertainty table is = 63042/145452
2024-05-30 08:12 | INFO | Query 42 Size of the filtered table is = 1455
2024-05-30 08:23 | INFO | Query 42 Active Learning Runtime on Validation Set: 1117285.952
2024-05-30 08:23 | INFO | Query 42 Active Learning Runtime on Test Set: 361541.412
2024-05-30 08:23 | INFO | Query 42 Active Learning Instance Cost: 6599855.08
2024-05-30 08:23 | INFO | Timeout limit is increased to 3400
2024-05-30 08:23 | INFO | Query 43 Size of the uncertainty table is = 63042/145452
2024-05-30 08:23 | INFO | Query 43 Size of the filtered table is = 1455
2024-05-30 08:33 | INFO | Query 43 Active Learning Runtime on Validation Set: 1117285.952
2024-05-30 08:33 | INFO | Query 43 Active Learning Runtime on Test Set: 361541.412
2024-05-30 08:33 | INFO | Query 43 Active Learning Instance Cost: 6759055.08
2024-05-30 08:33 | INFO | Timeout limit is increased to 3500
2024-05-30 08:33 | INFO | Query 44 Size of the uncertainty table is = 63042/145452
2024-05-30 08:33 | INFO | Query 44 Size of the filtered table is = 1455
2024-05-30 08:43 | INFO | Query 44 Active Learning Runtime on Validation Set: 1117285.952
2024-05-30 08:43 | INFO | Query 44 Active Learning Runtime on Test Set: 361541.412
2024-05-30 08:43 | INFO | Query 44 Active Learning Instance Cost: 6918255.08
2024-05-30 08:43 | INFO | Timeout limit is increased to 3600
2024-05-30 08:44 | INFO | Query 45 Size of the uncertainty table is = 63042/145452
2024-05-30 08:44 | INFO | Query 45 Size of the filtered table is = 1455
2024-05-30 08:54 | INFO | Query 45 Active Learning Runtime on Validation Set: 1117285.952
2024-05-30 08:54 | INFO | Query 45 Active Learning Runtime on Test Set: 361541.412
2024-05-30 08:54 | INFO | Query 45 Active Learning Instance Cost: 7077455.08
2024-05-30 08:54 | INFO | Timeout limit is increased to 3600
2024-05-30 08:54 | INFO | Query 46 Size of the uncertainty table is = 34575/145452
2024-05-30 08:54 | INFO | Query 46 Size of the filtered table is = 1455
2024-05-30 09:05 | INFO | Query 46 Active Learning Runtime on Validation Set: 1153744.322
2024-05-30 09:05 | INFO | Query 46 Active Learning Runtime on Test Set: 361548.002
2024-05-30 09:05 | INFO | Query 46 Active Learning Instance Cost: 8786153.65
2024-05-30 09:05 | INFO | Timeout limit is increased to 3600
2024-05-30 09:05 | INFO | Query 47 Size of the uncertainty table is = 18259/145452
2024-05-30 09:05 | INFO | Query 47 Size of the filtered table is = 1455
2024-05-30 09:15 | INFO | Query 47 Active Learning Runtime on Validation Set: 1045129.342
2024-05-30 09:15 | INFO | Query 47 Active Learning Runtime on Test Set: 325538.022
2024-05-30 09:15 | INFO | Query 47 Active Learning Instance Cost: 9433253.96
2024-05-30 09:15 | INFO | Query 48 Size of the uncertainty table is = 6116/145452
2024-05-30 09:15 | INFO | Query 48 Size of the filtered table is = 1455
2024-05-30 09:26 | INFO | Query 48 Active Learning Runtime on Validation Set: 901244.512
2024-05-30 09:26 | INFO | Query 48 Active Learning Runtime on Test Set: 289573.132
2024-05-30 09:26 | INFO | Query 48 Active Learning Instance Cost: 9720035.36
2024-05-30 09:26 | INFO | Query 49 Size of the uncertainty table is = 226/145452
2024-05-30 09:26 | INFO | Query 49 Size of the filtered table is = 226
2024-05-30 09:36 | INFO | Query 49 Active Learning Runtime on Validation Set: 1009089.422
2024-05-30 09:36 | INFO | Query 49 Active Learning Runtime on Test Set: 289573.152
2024-05-30 09:36 | INFO | Query 49 Active Learning Instance Cost: 9735035.75
2024-05-30 09:36 | INFO | Timeout limit is increased to 3600
2024-05-30 09:36 | INFO | runtime_test_score is written as json file
2024-05-30 09:36 | INFO | runtime_validation_score is written as json file
2024-05-30 09:36 | INFO | instance_cost is written as json file
2024-05-30 09:36 | INFO | Experiment is finished
