2025-02-10 15:55 | INFO | Paramaters are: {'dataset': 'MAXSAT19-UCMS', 'penalty': 10, 'weight': 'No_Weight', 'voting': 'Hard', 'pre_selection_size': 64, 'pre_selection_technique': 'No_pre_selection', 'feature_elimination_threshold': 20, 'imputer_strategy': 'median', 'feature_selection_technique': 'No_feature_selection', 'feature_scaling_technique': 'StandardScaler', 'priority': {'PredDiff': 'max', 'Uncertainty': 'max', 'PredCost': 'min'}, 'initial_train_size': 20, 'query_size': 1, 'timeout_predictor_usage': 'No', 'timeout_limit': 100, 'timeout_increase_rate': 100, 'penalty_type': 'Only-timeout-penalty', 'RANDOM_STATE_SEED': 42, 'n_splits': 10, 'split_number': 5, 'max_timeout': 3600, 'param_grid': {'n_estimators': 100, 'max_features': 'sqrt', 'max_depth': 2147483648, 'min_samples_split': 2, 'bootstrap': True}}
2025-02-10 15:55 | INFO | MAXSAT19-UCMS is current dataset
2025-02-10 15:55 | INFO | DATASETS/MAXSAT19-UCMS/algorithm_runs.arff is found
2025-02-10 15:55 | INFO | DATASETS/MAXSAT19-UCMS/algorithm_runs.arff is finished
2025-02-10 15:55 | INFO | DATASETS/MAXSAT19-UCMS/feature_values.arff is found
2025-02-10 15:55 | INFO | DATASETS/MAXSAT19-UCMS/feature_values.arff is finished
2025-02-10 15:55 | INFO | DATASETS/MAXSAT19-UCMS/feature_costs.arff is found
2025-02-10 15:55 | INFO | DATASETS/MAXSAT19-UCMS/feature_costs.arff is finished
2025-02-10 15:55 | INFO | Virtual best solver time in train = 58039.28
2025-02-10 15:55 | INFO | Single best solver list train = {'MaxHS': 1128955.64, 'Open.WBO.g': 1588508.45, 'Open.WBO.ms': 1478147.58, 'Open.WBO.ms.pre': 2048891.44, 'QMaxSAT2018': 4177354.5, 'UWrMaxSAT': 1389167.47, 'maxino2018': 1829528.22}
2025-02-10 15:55 | INFO | Single best solver time train = MaxHS (1128955.64)
2025-02-10 15:55 | INFO | Virtual best solver time in validation = 8618.76
2025-02-10 15:55 | INFO | Single best solver list validation = {'MaxHS': 259793.28, 'Open.WBO.g': 192057.72, 'Open.WBO.ms': 189744.45, 'Open.WBO.ms.pre': 184677.66, 'QMaxSAT2018': 513055.58, 'UWrMaxSAT': 113815.8, 'maxino2018': 187456.67}
2025-02-10 15:55 | INFO | Single best solver time validation = UWrMaxSAT (113815.8)
2025-02-10 15:55 | INFO | Virtual best solver time in test = 4898.83
2025-02-10 15:55 | INFO | Single best solver list test = {'MaxHS': 182076.95, 'Open.WBO.g': 218509.6, 'Open.WBO.ms': 115529.4, 'Open.WBO.ms.pre': 254164.26, 'QMaxSAT2018': 401198.83, 'UWrMaxSAT': 108898.05, 'maxino2018': 109949.96}
2025-02-10 15:55 | INFO | Single best solver time test = UWrMaxSAT (108898.05)
2025-02-10 15:55 | INFO | Training Time Passive Learning Classifier: 1.46 seconds
2025-02-10 15:55 | INFO | Training Time Passive Learning Regressor: 0.47 seconds
2025-02-10 15:55 | INFO | Passive Learning Classifier Runtime on Validation Set: 295433.87
2025-02-10 15:55 | INFO | Passive Learning Classifier Runtime on Test Set: 142935.92
2025-02-10 15:55 | INFO | Passive Learning Instance Cost: 1587753.3
2025-02-10 15:55 | INFO | Passive Learning Emissions: 9.214508201372737e-05
2025-02-10 15:55 | INFO | Passive Learning Energy Consumption: 0.00010025620221470795 kWh
2025-02-10 15:55 | INFO | Training Time Active Learning Classifier: 1.25 seconds
2025-02-10 15:55 | INFO | Training Time Active Learning Regressor: 0.32 seconds
2025-02-10 15:55 | INFO | Initial Active Learning Runtime on Validation Set: 114019.91
2025-02-10 15:55 | INFO | Initial Active Learning Runtime on Test Set: 107252.17
2025-02-10 15:55 | INFO | Initial Active Learning Instance Cost: 7429.73
2025-02-10 15:55 | INFO | Bin size = 51
2025-02-10 15:55 | INFO | Query 1 Size of the uncertainty table is = 5120/5040
2025-02-10 15:55 | INFO | Query 1 Size of the filtered table is = 51
2025-02-10 15:55 | INFO | Training Time Active Learning Classifier: 1.13 seconds
2025-02-10 15:55 | INFO | Training Time Active Learning Regressor: 0.33 seconds
2025-02-10 15:55 | INFO | Query 1 Active Learning Runtime on Validation Set: 80842.01999999999
2025-02-10 15:55 | INFO | Query 1 Active Learning Runtime on Test Set: 107235.54
2025-02-10 15:55 | INFO | Query 1 Active Learning Instance Cost: 12333.9
2025-02-10 15:55 | INFO | Query 2 Size of the uncertainty table is = 5053/5040
2025-02-10 15:55 | INFO | Query 2 Size of the filtered table is = 51
2025-02-10 15:55 | INFO | Training Time Active Learning Classifier: 1.2 seconds
2025-02-10 15:55 | INFO | Training Time Active Learning Regressor: 0.33 seconds
2025-02-10 15:55 | INFO | Query 2 Active Learning Runtime on Validation Set: 79724.25
2025-02-10 15:55 | INFO | Query 2 Active Learning Runtime on Test Set: 107169.7
2025-02-10 15:55 | INFO | Query 2 Active Learning Instance Cost: 17021.19
2025-02-10 15:56 | INFO | Query 3 Size of the uncertainty table is = 4992/5040
2025-02-10 15:56 | INFO | Query 3 Size of the filtered table is = 51
2025-02-10 15:56 | INFO | Training Time Active Learning Classifier: 1.15 seconds
2025-02-10 15:56 | INFO | Training Time Active Learning Regressor: 0.34 seconds
2025-02-10 15:56 | INFO | Query 3 Active Learning Runtime on Validation Set: 115716.25
2025-02-10 15:56 | INFO | Query 3 Active Learning Runtime on Test Set: 107235.54
2025-02-10 15:56 | INFO | Query 3 Active Learning Instance Cost: 20078.54
2025-02-10 15:56 | INFO | Timeout limit is increased to 200
2025-02-10 15:56 | INFO | Query 4 Size of the uncertainty table is = 4915/5040
2025-02-10 15:56 | INFO | Query 4 Size of the filtered table is = 51
2025-02-10 15:56 | INFO | Training Time Active Learning Classifier: 1.23 seconds
2025-02-10 15:56 | INFO | Training Time Active Learning Regressor: 0.34 seconds
2025-02-10 15:56 | INFO | Query 4 Active Learning Runtime on Validation Set: 115704.23
2025-02-10 15:56 | INFO | Query 4 Active Learning Runtime on Test Set: 107290.69
2025-02-10 15:56 | INFO | Query 4 Active Learning Instance Cost: 27197.74
2025-02-10 15:56 | INFO | Query 5 Size of the uncertainty table is = 4826/5040
2025-02-10 15:56 | INFO | Query 5 Size of the filtered table is = 51
2025-02-10 15:56 | INFO | Training Time Active Learning Classifier: 1.16 seconds
2025-02-10 15:56 | INFO | Training Time Active Learning Regressor: 0.35 seconds
2025-02-10 15:56 | INFO | Query 5 Active Learning Runtime on Validation Set: 148389.74
2025-02-10 15:56 | INFO | Query 5 Active Learning Runtime on Test Set: 107219.34999999999
2025-02-10 15:56 | INFO | Query 5 Active Learning Instance Cost: 34452.96
2025-02-10 15:56 | INFO | Timeout limit is increased to 300
2025-02-10 15:56 | INFO | Query 6 Size of the uncertainty table is = 4709/5040
2025-02-10 15:56 | INFO | Query 6 Size of the filtered table is = 51
2025-02-10 15:56 | INFO | Training Time Active Learning Classifier: 1.17 seconds
2025-02-10 15:56 | INFO | Training Time Active Learning Regressor: 0.35 seconds
2025-02-10 15:56 | INFO | Query 6 Active Learning Runtime on Validation Set: 148678.51
2025-02-10 15:56 | INFO | Query 6 Active Learning Runtime on Test Set: 107219.34999999999
2025-02-10 15:56 | INFO | Query 6 Active Learning Instance Cost: 42955.73
2025-02-10 15:56 | INFO | Timeout limit is increased to 400
2025-02-10 15:56 | INFO | Query 7 Size of the uncertainty table is = 4599/5040
2025-02-10 15:56 | INFO | Query 7 Size of the filtered table is = 51
2025-02-10 15:56 | INFO | Training Time Active Learning Classifier: 1.18 seconds
2025-02-10 15:56 | INFO | Training Time Active Learning Regressor: 0.35 seconds
2025-02-10 15:56 | INFO | Query 7 Active Learning Runtime on Validation Set: 113299.04
2025-02-10 15:56 | INFO | Query 7 Active Learning Runtime on Test Set: 143152.3
2025-02-10 15:56 | INFO | Query 7 Active Learning Instance Cost: 56300.1
2025-02-10 15:56 | INFO | Query 8 Size of the uncertainty table is = 4455/5040
2025-02-10 15:56 | INFO | Query 8 Size of the filtered table is = 51
2025-02-10 15:56 | INFO | Training Time Active Learning Classifier: 1.19 seconds
2025-02-10 15:56 | INFO | Training Time Active Learning Regressor: 0.35 seconds
2025-02-10 15:56 | INFO | Query 8 Active Learning Runtime on Validation Set: 113446.28
2025-02-10 15:56 | INFO | Query 8 Active Learning Runtime on Test Set: 107219.31999999999
2025-02-10 15:56 | INFO | Query 8 Active Learning Instance Cost: 67133.57
2025-02-10 15:56 | INFO | Timeout limit is increased to 500
2025-02-10 15:56 | INFO | Query 9 Size of the uncertainty table is = 4326/5040
2025-02-10 15:56 | INFO | Query 9 Size of the filtered table is = 51
2025-02-10 15:56 | INFO | Training Time Active Learning Classifier: 1.19 seconds
2025-02-10 15:56 | INFO | Training Time Active Learning Regressor: 0.36 seconds
2025-02-10 15:57 | INFO | Query 9 Active Learning Runtime on Validation Set: 113456.4
2025-02-10 15:57 | INFO | Query 9 Active Learning Runtime on Test Set: 107224.72
2025-02-10 15:57 | INFO | Query 9 Active Learning Instance Cost: 84114.36
2025-02-10 15:57 | INFO | Timeout limit is increased to 600
2025-02-10 15:57 | INFO | Query 10 Size of the uncertainty table is = 4202/5040
2025-02-10 15:57 | INFO | Query 10 Size of the filtered table is = 51
2025-02-10 15:57 | INFO | Training Time Active Learning Classifier: 1.22 seconds
2025-02-10 15:57 | INFO | Training Time Active Learning Regressor: 0.37 seconds
2025-02-10 15:57 | INFO | Query 10 Active Learning Runtime on Validation Set: 148421.91
2025-02-10 15:57 | INFO | Query 10 Active Learning Runtime on Test Set: 108475.06999999999
2025-02-10 15:57 | INFO | Query 10 Active Learning Instance Cost: 96063.16
2025-02-10 15:57 | INFO | Timeout limit is increased to 700
2025-02-10 15:57 | INFO | Query 11 Size of the uncertainty table is = 4077/5040
2025-02-10 15:57 | INFO | Query 11 Size of the filtered table is = 51
2025-02-10 15:57 | INFO | Training Time Active Learning Classifier: 1.22 seconds
2025-02-10 15:57 | INFO | Training Time Active Learning Regressor: 0.37 seconds
2025-02-10 15:57 | INFO | Query 11 Active Learning Runtime on Validation Set: 148554.49
2025-02-10 15:57 | INFO | Query 11 Active Learning Runtime on Test Set: 108456.31999999999
2025-02-10 15:57 | INFO | Query 11 Active Learning Instance Cost: 110414.86
2025-02-10 15:57 | INFO | Timeout limit is increased to 800
2025-02-10 15:57 | INFO | Query 12 Size of the uncertainty table is = 3924/5040
2025-02-10 15:57 | INFO | Query 12 Size of the filtered table is = 51
2025-02-10 15:57 | INFO | Training Time Active Learning Classifier: 1.23 seconds
2025-02-10 15:57 | INFO | Training Time Active Learning Regressor: 0.38 seconds
2025-02-10 15:57 | INFO | Query 12 Active Learning Runtime on Validation Set: 292409.54
2025-02-10 15:57 | INFO | Query 12 Active Learning Runtime on Test Set: 107763.72
2025-02-10 15:57 | INFO | Query 12 Active Learning Instance Cost: 124368.53
2025-02-10 15:57 | INFO | Timeout limit is increased to 900
2025-02-10 15:57 | INFO | Query 13 Size of the uncertainty table is = 3772/5040
2025-02-10 15:57 | INFO | Query 13 Size of the filtered table is = 51
2025-02-10 15:57 | INFO | Training Time Active Learning Classifier: 1.24 seconds
2025-02-10 15:57 | INFO | Training Time Active Learning Regressor: 0.38 seconds
2025-02-10 15:57 | INFO | Query 13 Active Learning Runtime on Validation Set: 256327.86
2025-02-10 15:57 | INFO | Query 13 Active Learning Runtime on Test Set: 179004.47999999998
2025-02-10 15:57 | INFO | Query 13 Active Learning Instance Cost: 143801.92
2025-02-10 15:57 | INFO | Query 14 Size of the uncertainty table is = 3672/5040
2025-02-10 15:57 | INFO | Query 14 Size of the filtered table is = 51
2025-02-10 15:57 | INFO | Training Time Active Learning Classifier: 1.3 seconds
2025-02-10 15:57 | INFO | Training Time Active Learning Regressor: 0.38 seconds
2025-02-10 15:57 | INFO | Query 14 Active Learning Runtime on Validation Set: 220330.03999999998
2025-02-10 15:57 | INFO | Query 14 Active Learning Runtime on Test Set: 179002.37
2025-02-10 15:57 | INFO | Query 14 Active Learning Instance Cost: 167646.84
2025-02-10 15:57 | INFO | Query 15 Size of the uncertainty table is = 3592/5040
2025-02-10 15:57 | INFO | Query 15 Size of the filtered table is = 51
2025-02-10 15:57 | INFO | Training Time Active Learning Classifier: 1.25 seconds
2025-02-10 15:57 | INFO | Training Time Active Learning Regressor: 0.38 seconds
2025-02-10 15:58 | INFO | Query 15 Active Learning Runtime on Validation Set: 256640.88
2025-02-10 15:58 | INFO | Query 15 Active Learning Runtime on Test Set: 179051.03999999998
2025-02-10 15:58 | INFO | Query 15 Active Learning Instance Cost: 189172.14
2025-02-10 15:58 | INFO | Timeout limit is increased to 1000
2025-02-10 15:58 | INFO | Query 16 Size of the uncertainty table is = 3430/5040
2025-02-10 15:58 | INFO | Query 16 Size of the filtered table is = 51
2025-02-10 15:58 | INFO | Training Time Active Learning Classifier: 1.27 seconds
2025-02-10 15:58 | INFO | Training Time Active Learning Regressor: 0.39 seconds
2025-02-10 15:58 | INFO | Query 16 Active Learning Runtime on Validation Set: 256316.05
2025-02-10 15:58 | INFO | Query 16 Active Learning Runtime on Test Set: 142963.36
2025-02-10 15:58 | INFO | Query 16 Active Learning Instance Cost: 208202.31
2025-02-10 15:58 | INFO | Query 17 Size of the uncertainty table is = 3314/5040
2025-02-10 15:58 | INFO | Query 17 Size of the filtered table is = 51
2025-02-10 15:58 | INFO | Training Time Active Learning Classifier: 1.27 seconds
2025-02-10 15:58 | INFO | Training Time Active Learning Regressor: 0.39 seconds
2025-02-10 15:58 | INFO | Query 17 Active Learning Runtime on Validation Set: 327997.62
2025-02-10 15:58 | INFO | Query 17 Active Learning Runtime on Test Set: 106968.45
2025-02-10 15:58 | INFO | Query 17 Active Learning Instance Cost: 224091.07
2025-02-10 15:58 | INFO | Timeout limit is increased to 1100
2025-02-10 15:58 | INFO | Query 18 Size of the uncertainty table is = 3193/5040
2025-02-10 15:58 | INFO | Query 18 Size of the filtered table is = 51
2025-02-10 15:58 | INFO | Training Time Active Learning Classifier: 1.28 seconds
2025-02-10 15:58 | INFO | Training Time Active Learning Regressor: 0.4 seconds
2025-02-10 15:58 | INFO | Query 18 Active Learning Runtime on Validation Set: 256136.65999999997
2025-02-10 15:58 | INFO | Query 18 Active Learning Runtime on Test Set: 142948.16999999998
2025-02-10 15:58 | INFO | Query 18 Active Learning Instance Cost: 247005.32
2025-02-10 15:58 | INFO | Query 19 Size of the uncertainty table is = 3085/5040
2025-02-10 15:58 | INFO | Query 19 Size of the filtered table is = 51
2025-02-10 15:58 | INFO | Training Time Active Learning Classifier: 1.29 seconds
2025-02-10 15:58 | INFO | Training Time Active Learning Regressor: 0.4 seconds
2025-02-10 15:58 | INFO | Query 19 Active Learning Runtime on Validation Set: 220467.55
2025-02-10 15:58 | INFO | Query 19 Active Learning Runtime on Test Set: 142947.91
2025-02-10 15:58 | INFO | Query 19 Active Learning Instance Cost: 272133.26
2025-02-10 15:58 | INFO | Query 20 Size of the uncertainty table is = 2997/5040
2025-02-10 15:58 | INFO | Query 20 Size of the filtered table is = 51
2025-02-10 15:58 | INFO | Training Time Active Learning Classifier: 1.29 seconds
2025-02-10 15:58 | INFO | Training Time Active Learning Regressor: 0.4 seconds
2025-02-10 15:58 | INFO | Query 20 Active Learning Runtime on Validation Set: 220467.55
2025-02-10 15:58 | INFO | Query 20 Active Learning Runtime on Test Set: 106987.28
2025-02-10 15:58 | INFO | Query 20 Active Learning Instance Cost: 304541.35
2025-02-10 15:58 | INFO | Timeout limit is increased to 1200
2025-02-10 15:58 | INFO | Query 21 Size of the uncertainty table is = 2907/5040
2025-02-10 15:58 | INFO | Query 21 Size of the filtered table is = 51
2025-02-10 15:58 | INFO | Training Time Active Learning Classifier: 1.3 seconds
2025-02-10 15:58 | INFO | Training Time Active Learning Regressor: 0.47 seconds
2025-02-10 15:59 | INFO | Query 21 Active Learning Runtime on Validation Set: 293584.85
2025-02-10 15:59 | INFO | Query 21 Active Learning Runtime on Test Set: 142945.84
2025-02-10 15:59 | INFO | Query 21 Active Learning Instance Cost: 342273.2
2025-02-10 15:59 | INFO | Timeout limit is increased to 1300
2025-02-10 15:59 | INFO | Query 22 Size of the uncertainty table is = 2824/5040
2025-02-10 15:59 | INFO | Query 22 Size of the filtered table is = 51
2025-02-10 15:59 | INFO | Training Time Active Learning Classifier: 1.31 seconds
2025-02-10 15:59 | INFO | Training Time Active Learning Regressor: 0.41 seconds
2025-02-10 15:59 | INFO | Query 22 Active Learning Runtime on Validation Set: 257593.13
2025-02-10 15:59 | INFO | Query 22 Active Learning Runtime on Test Set: 142999.88
2025-02-10 15:59 | INFO | Query 22 Active Learning Instance Cost: 367995.7
2025-02-10 15:59 | INFO | Query 23 Size of the uncertainty table is = 2800/5040
2025-02-10 15:59 | INFO | Query 23 Size of the filtered table is = 51
2025-02-10 15:59 | INFO | Training Time Active Learning Classifier: 1.31 seconds
2025-02-10 15:59 | INFO | Training Time Active Learning Regressor: 0.47 seconds
2025-02-10 15:59 | INFO | Query 23 Active Learning Runtime on Validation Set: 257207.37
2025-02-10 15:59 | INFO | Query 23 Active Learning Runtime on Test Set: 107034.39
2025-02-10 15:59 | INFO | Query 23 Active Learning Instance Cost: 402517.57
2025-02-10 15:59 | INFO | Query 24 Size of the uncertainty table is = 2717/5040
2025-02-10 15:59 | INFO | Query 24 Size of the filtered table is = 51
2025-02-10 15:59 | INFO | Training Time Active Learning Classifier: 1.31 seconds
2025-02-10 15:59 | INFO | Training Time Active Learning Regressor: 0.43 seconds
2025-02-10 15:59 | INFO | Query 24 Active Learning Runtime on Validation Set: 256939.34000000003
2025-02-10 15:59 | INFO | Query 24 Active Learning Runtime on Test Set: 142965.94
2025-02-10 15:59 | INFO | Query 24 Active Learning Instance Cost: 430492.44
2025-02-10 15:59 | INFO | Query 25 Size of the uncertainty table is = 2612/5040
2025-02-10 15:59 | INFO | Query 25 Size of the filtered table is = 51
2025-02-10 15:59 | INFO | Training Time Active Learning Classifier: 1.33 seconds
2025-02-10 15:59 | INFO | Training Time Active Learning Regressor: 0.42 seconds
2025-02-10 15:59 | INFO | Query 25 Active Learning Runtime on Validation Set: 258939.63
2025-02-10 15:59 | INFO | Query 25 Active Learning Runtime on Test Set: 142992.09
2025-02-10 15:59 | INFO | Query 25 Active Learning Instance Cost: 444604.9
2025-02-10 15:59 | INFO | Timeout limit is increased to 1400
2025-02-10 15:59 | INFO | Query 26 Size of the uncertainty table is = 2498/5040
2025-02-10 15:59 | INFO | Query 26 Size of the filtered table is = 51
2025-02-10 15:59 | INFO | Training Time Active Learning Classifier: 1.33 seconds
2025-02-10 15:59 | INFO | Training Time Active Learning Regressor: 0.42 seconds
2025-02-10 15:59 | INFO | Query 26 Active Learning Runtime on Validation Set: 226396.21999999997
2025-02-10 15:59 | INFO | Query 26 Active Learning Runtime on Test Set: 107078.51
2025-02-10 15:59 | INFO | Query 26 Active Learning Instance Cost: 452643.39
2025-02-10 15:59 | INFO | Query 27 Size of the uncertainty table is = 2399/5040
2025-02-10 15:59 | INFO | Query 27 Size of the filtered table is = 51
2025-02-10 15:59 | INFO | Training Time Active Learning Classifier: 1.35 seconds
2025-02-10 15:59 | INFO | Training Time Active Learning Regressor: 0.42 seconds
2025-02-10 16:00 | INFO | Query 27 Active Learning Runtime on Validation Set: 226245.26
2025-02-10 16:00 | INFO | Query 27 Active Learning Runtime on Test Set: 107023.44
2025-02-10 16:00 | INFO | Query 27 Active Learning Instance Cost: 462617.88
2025-02-10 16:00 | INFO | Query 28 Size of the uncertainty table is = 2310/5040
2025-02-10 16:00 | INFO | Query 28 Size of the filtered table is = 51
2025-02-10 16:00 | INFO | Training Time Active Learning Classifier: 1.37 seconds
2025-02-10 16:00 | INFO | Training Time Active Learning Regressor: 0.43 seconds
2025-02-10 16:00 | INFO | Query 28 Active Learning Runtime on Validation Set: 190107.58000000002
2025-02-10 16:00 | INFO | Query 28 Active Learning Runtime on Test Set: 107023.44
2025-02-10 16:00 | INFO | Query 28 Active Learning Instance Cost: 474830.02
2025-02-10 16:00 | INFO | Query 29 Size of the uncertainty table is = 2234/5040
2025-02-10 16:00 | INFO | Query 29 Size of the filtered table is = 51
2025-02-10 16:00 | INFO | Training Time Active Learning Classifier: 1.37 seconds
2025-02-10 16:00 | INFO | Training Time Active Learning Regressor: 0.43 seconds
2025-02-10 16:00 | INFO | Query 29 Active Learning Runtime on Validation Set: 187578.87
2025-02-10 16:00 | INFO | Query 29 Active Learning Runtime on Test Set: 107023.52
2025-02-10 16:00 | INFO | Query 29 Active Learning Instance Cost: 491088.71
2025-02-10 16:00 | INFO | Query 30 Size of the uncertainty table is = 2148/5040
2025-02-10 16:00 | INFO | Query 30 Size of the filtered table is = 51
2025-02-10 16:00 | INFO | Training Time Active Learning Classifier: 1.36 seconds
2025-02-10 16:00 | INFO | Training Time Active Learning Regressor: 0.43 seconds
2025-02-10 16:00 | INFO | Query 30 Active Learning Runtime on Validation Set: 223225.09999999998
2025-02-10 16:00 | INFO | Query 30 Active Learning Runtime on Test Set: 106965.51
2025-02-10 16:00 | INFO | Query 30 Active Learning Instance Cost: 499967.29
2025-02-10 16:00 | INFO | Timeout limit is increased to 1500
2025-02-10 16:00 | INFO | Query 31 Size of the uncertainty table is = 2085/5040
2025-02-10 16:00 | INFO | Query 31 Size of the filtered table is = 51
2025-02-10 16:00 | INFO | Training Time Active Learning Classifier: 1.36 seconds
2025-02-10 16:00 | INFO | Training Time Active Learning Regressor: 0.43 seconds
2025-02-10 16:00 | INFO | Query 31 Active Learning Runtime on Validation Set: 190600.11
2025-02-10 16:00 | INFO | Query 31 Active Learning Runtime on Test Set: 106963.92
2025-02-10 16:00 | INFO | Query 31 Active Learning Instance Cost: 516786.52
2025-02-10 16:00 | INFO | Query 32 Size of the uncertainty table is = 2017/5040
2025-02-10 16:00 | INFO | Query 32 Size of the filtered table is = 51
2025-02-10 16:00 | INFO | Training Time Active Learning Classifier: 1.37 seconds
2025-02-10 16:00 | INFO | Training Time Active Learning Regressor: 0.44 seconds
2025-02-10 16:00 | INFO | Query 32 Active Learning Runtime on Validation Set: 223623.90000000002
2025-02-10 16:00 | INFO | Query 32 Active Learning Runtime on Test Set: 106963.92
2025-02-10 16:00 | INFO | Query 32 Active Learning Instance Cost: 527367.82
2025-02-10 16:00 | INFO | Timeout limit is increased to 1600
2025-02-10 16:00 | INFO | Query 33 Size of the uncertainty table is = 1943/5040
2025-02-10 16:00 | INFO | Query 33 Size of the filtered table is = 51
2025-02-10 16:00 | INFO | Training Time Active Learning Classifier: 1.38 seconds
2025-02-10 16:00 | INFO | Training Time Active Learning Regressor: 0.45 seconds
2025-02-10 16:01 | INFO | Query 33 Active Learning Runtime on Validation Set: 187386.46000000002
2025-02-10 16:01 | INFO | Query 33 Active Learning Runtime on Test Set: 106963.92
2025-02-10 16:01 | INFO | Query 33 Active Learning Instance Cost: 534753.45
2025-02-10 16:01 | INFO | Query 34 Size of the uncertainty table is = 1876/5040
2025-02-10 16:01 | INFO | Query 34 Size of the filtered table is = 51
2025-02-10 16:01 | INFO | Training Time Active Learning Classifier: 1.37 seconds
2025-02-10 16:01 | INFO | Training Time Active Learning Regressor: 0.44 seconds
2025-02-10 16:01 | INFO | Query 34 Active Learning Runtime on Validation Set: 223625.53999999998
2025-02-10 16:01 | INFO | Query 34 Active Learning Runtime on Test Set: 106981.0
2025-02-10 16:01 | INFO | Query 34 Active Learning Instance Cost: 540306.05
2025-02-10 16:01 | INFO | Timeout limit is increased to 1700
2025-02-10 16:01 | INFO | Query 35 Size of the uncertainty table is = 1813/5040
2025-02-10 16:01 | INFO | Query 35 Size of the filtered table is = 51
2025-02-10 16:01 | INFO | Training Time Active Learning Classifier: 1.38 seconds
2025-02-10 16:01 | INFO | Training Time Active Learning Regressor: 0.44 seconds
2025-02-10 16:01 | INFO | Query 35 Active Learning Runtime on Validation Set: 295591.26
2025-02-10 16:01 | INFO | Query 35 Active Learning Runtime on Test Set: 106970.12999999999
2025-02-10 16:01 | INFO | Query 35 Active Learning Instance Cost: 553644.89
2025-02-10 16:01 | INFO | Timeout limit is increased to 1800
2025-02-10 16:01 | INFO | Query 36 Size of the uncertainty table is = 1743/5040
2025-02-10 16:01 | INFO | Query 36 Size of the filtered table is = 51
2025-02-10 16:01 | INFO | Training Time Active Learning Classifier: 1.39 seconds
2025-02-10 16:01 | INFO | Training Time Active Learning Regressor: 0.45 seconds
2025-02-10 16:01 | INFO | Query 36 Active Learning Runtime on Validation Set: 295531.32
2025-02-10 16:01 | INFO | Query 36 Active Learning Runtime on Test Set: 106969.87
2025-02-10 16:01 | INFO | Query 36 Active Learning Instance Cost: 574818.13
2025-02-10 16:01 | INFO | Query 37 Size of the uncertainty table is = 1676/5040
2025-02-10 16:01 | INFO | Query 37 Size of the filtered table is = 51
2025-02-10 16:01 | INFO | Training Time Active Learning Classifier: 1.4 seconds
2025-02-10 16:01 | INFO | Training Time Active Learning Regressor: 0.44 seconds
2025-02-10 16:01 | INFO | Query 37 Active Learning Runtime on Validation Set: 295282.16
2025-02-10 16:01 | INFO | Query 37 Active Learning Runtime on Test Set: 106969.87
2025-02-10 16:01 | INFO | Query 37 Active Learning Instance Cost: 584505.1
2025-02-10 16:01 | INFO | Query 38 Size of the uncertainty table is = 1588/5040
2025-02-10 16:01 | INFO | Query 38 Size of the filtered table is = 51
2025-02-10 16:01 | INFO | Training Time Active Learning Classifier: 1.4 seconds
2025-02-10 16:01 | INFO | Training Time Active Learning Regressor: 0.45 seconds
2025-02-10 16:01 | INFO | Query 38 Active Learning Runtime on Validation Set: 295280.51
2025-02-10 16:01 | INFO | Query 38 Active Learning Runtime on Test Set: 106957.84999999999
2025-02-10 16:01 | INFO | Query 38 Active Learning Instance Cost: 590745.45
2025-02-10 16:01 | INFO | Query 39 Size of the uncertainty table is = 1505/5040
2025-02-10 16:01 | INFO | Query 39 Size of the filtered table is = 51
2025-02-10 16:01 | INFO | Training Time Active Learning Classifier: 1.41 seconds
2025-02-10 16:01 | INFO | Training Time Active Learning Regressor: 0.45 seconds
2025-02-10 16:01 | INFO | Query 39 Active Learning Runtime on Validation Set: 295284.55
2025-02-10 16:01 | INFO | Query 39 Active Learning Runtime on Test Set: 106957.15
2025-02-10 16:01 | INFO | Query 39 Active Learning Instance Cost: 602842.43
2025-02-10 16:01 | INFO | Timeout limit is increased to 1900
2025-02-10 16:02 | INFO | Query 40 Size of the uncertainty table is = 1470/5040
2025-02-10 16:02 | INFO | Query 40 Size of the filtered table is = 51
2025-02-10 16:02 | INFO | Training Time Active Learning Classifier: 1.4 seconds
2025-02-10 16:02 | INFO | Training Time Active Learning Regressor: 0.51 seconds
2025-02-10 16:02 | INFO | Query 40 Active Learning Runtime on Validation Set: 295284.55
2025-02-10 16:02 | INFO | Query 40 Active Learning Runtime on Test Set: 106957.15
2025-02-10 16:02 | INFO | Query 40 Active Learning Instance Cost: 616341.61
2025-02-10 16:02 | INFO | Timeout limit is increased to 2000
2025-02-10 16:02 | INFO | Query 41 Size of the uncertainty table is = 1454/5040
2025-02-10 16:02 | INFO | Query 41 Size of the filtered table is = 51
2025-02-10 16:02 | INFO | Training Time Active Learning Classifier: 1.41 seconds
2025-02-10 16:02 | INFO | Training Time Active Learning Regressor: 0.45 seconds
2025-02-10 16:02 | INFO | Query 41 Active Learning Runtime on Validation Set: 292855.27
2025-02-10 16:02 | INFO | Query 41 Active Learning Runtime on Test Set: 106957.15
2025-02-10 16:02 | INFO | Query 41 Active Learning Instance Cost: 635969.37
2025-02-10 16:02 | INFO | Query 42 Size of the uncertainty table is = 1437/5040
2025-02-10 16:02 | INFO | Query 42 Size of the filtered table is = 51
2025-02-10 16:02 | INFO | Training Time Active Learning Classifier: 1.41 seconds
2025-02-10 16:02 | INFO | Training Time Active Learning Regressor: 0.45 seconds
2025-02-10 16:02 | INFO | Query 42 Active Learning Runtime on Validation Set: 295257.89
2025-02-10 16:02 | INFO | Query 42 Active Learning Runtime on Test Set: 106957.15
2025-02-10 16:02 | INFO | Query 42 Active Learning Instance Cost: 649581.28
2025-02-10 16:02 | INFO | Timeout limit is increased to 2100
2025-02-10 16:02 | INFO | Query 43 Size of the uncertainty table is = 1392/5040
2025-02-10 16:02 | INFO | Query 43 Size of the filtered table is = 51
2025-02-10 16:02 | INFO | Training Time Active Learning Classifier: 1.41 seconds
2025-02-10 16:02 | INFO | Training Time Active Learning Regressor: 0.45 seconds
2025-02-10 16:02 | INFO | Query 43 Active Learning Runtime on Validation Set: 295260.97
2025-02-10 16:02 | INFO | Query 43 Active Learning Runtime on Test Set: 106957.15
2025-02-10 16:02 | INFO | Query 43 Active Learning Instance Cost: 667331.34
2025-02-10 16:02 | INFO | Timeout limit is increased to 2200
2025-02-10 16:02 | INFO | Query 44 Size of the uncertainty table is = 1383/5040
2025-02-10 16:02 | INFO | Query 44 Size of the filtered table is = 51
2025-02-10 16:02 | INFO | Training Time Active Learning Classifier: 1.41 seconds
2025-02-10 16:02 | INFO | Training Time Active Learning Regressor: 0.45 seconds
2025-02-10 16:02 | INFO | Query 44 Active Learning Runtime on Validation Set: 295284.07
2025-02-10 16:02 | INFO | Query 44 Active Learning Runtime on Test Set: 106957.15
2025-02-10 16:02 | INFO | Query 44 Active Learning Instance Cost: 702612.1
2025-02-10 16:02 | INFO | Timeout limit is increased to 2300
2025-02-10 16:02 | INFO | Query 45 Size of the uncertainty table is = 1372/5040
2025-02-10 16:02 | INFO | Query 45 Size of the filtered table is = 51
2025-02-10 16:02 | INFO | Training Time Active Learning Classifier: 1.41 seconds
2025-02-10 16:02 | INFO | Training Time Active Learning Regressor: 0.45 seconds
2025-02-10 16:02 | INFO | Query 45 Active Learning Runtime on Validation Set: 295287.71
2025-02-10 16:02 | INFO | Query 45 Active Learning Runtime on Test Set: 106957.15
2025-02-10 16:02 | INFO | Query 45 Active Learning Instance Cost: 716309.76
2025-02-10 16:02 | INFO | Timeout limit is increased to 2400
2025-02-10 16:02 | INFO | Query 46 Size of the uncertainty table is = 1347/5040
2025-02-10 16:02 | INFO | Query 46 Size of the filtered table is = 51
2025-02-10 16:02 | INFO | Training Time Active Learning Classifier: 1.41 seconds
2025-02-10 16:02 | INFO | Training Time Active Learning Regressor: 0.45 seconds
2025-02-10 16:03 | INFO | Query 46 Active Learning Runtime on Validation Set: 295284.07
2025-02-10 16:03 | INFO | Query 46 Active Learning Runtime on Test Set: 106957.15
2025-02-10 16:03 | INFO | Query 46 Active Learning Instance Cost: 734667.0
2025-02-10 16:03 | INFO | Query 47 Size of the uncertainty table is = 1341/5040
2025-02-10 16:03 | INFO | Query 47 Size of the filtered table is = 51
2025-02-10 16:03 | INFO | Training Time Active Learning Classifier: 1.44 seconds
2025-02-10 16:03 | INFO | Training Time Active Learning Regressor: 0.47 seconds
2025-02-10 16:03 | INFO | Query 47 Active Learning Runtime on Validation Set: 295330.61
2025-02-10 16:03 | INFO | Query 47 Active Learning Runtime on Test Set: 106979.98
2025-02-10 16:03 | INFO | Query 47 Active Learning Instance Cost: 741545.78
2025-02-10 16:03 | INFO | Timeout limit is increased to 2500
2025-02-10 16:03 | INFO | Query 48 Size of the uncertainty table is = 1295/5040
2025-02-10 16:03 | INFO | Query 48 Size of the filtered table is = 51
2025-02-10 16:03 | INFO | Training Time Active Learning Classifier: 1.45 seconds
2025-02-10 16:03 | INFO | Training Time Active Learning Regressor: 0.46 seconds
2025-02-10 16:03 | INFO | Query 48 Active Learning Runtime on Validation Set: 295210.27
2025-02-10 16:03 | INFO | Query 48 Active Learning Runtime on Test Set: 106957.15
2025-02-10 16:03 | INFO | Query 48 Active Learning Instance Cost: 750800.19
2025-02-10 16:03 | INFO | Query 49 Size of the uncertainty table is = 1274/5040
2025-02-10 16:03 | INFO | Query 49 Size of the filtered table is = 51
2025-02-10 16:03 | INFO | Training Time Active Learning Classifier: 1.42 seconds
2025-02-10 16:03 | INFO | Training Time Active Learning Regressor: 0.45 seconds
2025-02-10 16:03 | INFO | Query 49 Active Learning Runtime on Validation Set: 295206.23
2025-02-10 16:03 | INFO | Query 49 Active Learning Runtime on Test Set: 106957.15
2025-02-10 16:03 | INFO | Query 49 Active Learning Instance Cost: 761800.5
2025-02-10 16:03 | INFO | Query 50 Size of the uncertainty table is = 1271/5040
2025-02-10 16:03 | INFO | Query 50 Size of the filtered table is = 51
2025-02-10 16:03 | INFO | Training Time Active Learning Classifier: 1.42 seconds
2025-02-10 16:03 | INFO | Training Time Active Learning Regressor: 0.46 seconds
2025-02-10 16:03 | INFO | Query 50 Active Learning Runtime on Validation Set: 295311.85
2025-02-10 16:03 | INFO | Query 50 Active Learning Runtime on Test Set: 106957.83
2025-02-10 16:03 | INFO | Query 50 Active Learning Instance Cost: 767605.79
2025-02-10 16:03 | INFO | Timeout limit is increased to 2600
2025-02-10 16:03 | INFO | Query 51 Size of the uncertainty table is = 1267/5040
2025-02-10 16:03 | INFO | Query 51 Size of the filtered table is = 51
2025-02-10 16:03 | INFO | Training Time Active Learning Classifier: 1.42 seconds
2025-02-10 16:03 | INFO | Training Time Active Learning Regressor: 0.46 seconds
2025-02-10 16:03 | INFO | Query 51 Active Learning Runtime on Validation Set: 295311.85
2025-02-10 16:03 | INFO | Query 51 Active Learning Runtime on Test Set: 106957.83
2025-02-10 16:03 | INFO | Query 51 Active Learning Instance Cost: 777783.58
2025-02-10 16:03 | INFO | Timeout limit is increased to 2700
2025-02-10 16:03 | INFO | Query 52 Size of the uncertainty table is = 1262/5040
2025-02-10 16:03 | INFO | Query 52 Size of the filtered table is = 51
2025-02-10 16:03 | INFO | Training Time Active Learning Classifier: 1.48 seconds
2025-02-10 16:03 | INFO | Training Time Active Learning Regressor: 0.45 seconds
2025-02-10 16:04 | INFO | Query 52 Active Learning Runtime on Validation Set: 295276.95
2025-02-10 16:04 | INFO | Query 52 Active Learning Runtime on Test Set: 106957.15
2025-02-10 16:04 | INFO | Query 52 Active Learning Instance Cost: 794454.89
2025-02-10 16:04 | INFO | Query 53 Size of the uncertainty table is = 1247/5040
2025-02-10 16:04 | INFO | Query 53 Size of the filtered table is = 51
2025-02-10 16:04 | INFO | Training Time Active Learning Classifier: 1.44 seconds
2025-02-10 16:04 | INFO | Training Time Active Learning Regressor: 0.46 seconds
2025-02-10 16:04 | INFO | Query 53 Active Learning Runtime on Validation Set: 295276.95
2025-02-10 16:04 | INFO | Query 53 Active Learning Runtime on Test Set: 106957.15
2025-02-10 16:04 | INFO | Query 53 Active Learning Instance Cost: 800924.9
2025-02-10 16:04 | INFO | Timeout limit is increased to 2800
2025-02-10 16:04 | INFO | Query 54 Size of the uncertainty table is = 1246/5040
2025-02-10 16:04 | INFO | Query 54 Size of the filtered table is = 51
2025-02-10 16:04 | INFO | Training Time Active Learning Classifier: 1.43 seconds
2025-02-10 16:04 | INFO | Training Time Active Learning Regressor: 0.46 seconds
2025-02-10 16:04 | INFO | Query 54 Active Learning Runtime on Validation Set: 295276.42
2025-02-10 16:04 | INFO | Query 54 Active Learning Runtime on Test Set: 106957.15
2025-02-10 16:04 | INFO | Query 54 Active Learning Instance Cost: 810150.68
2025-02-10 16:04 | INFO | Query 55 Size of the uncertainty table is = 1239/5040
2025-02-10 16:04 | INFO | Query 55 Size of the filtered table is = 51
2025-02-10 16:04 | INFO | Training Time Active Learning Classifier: 1.43 seconds
2025-02-10 16:04 | INFO | Training Time Active Learning Regressor: 0.46 seconds
2025-02-10 16:04 | INFO | Query 55 Active Learning Runtime on Validation Set: 295276.42
2025-02-10 16:04 | INFO | Query 55 Active Learning Runtime on Test Set: 106957.15
2025-02-10 16:04 | INFO | Query 55 Active Learning Instance Cost: 819359.15
2025-02-10 16:04 | INFO | Timeout limit is increased to 2900
2025-02-10 16:04 | INFO | Query 56 Size of the uncertainty table is = 1238/5040
2025-02-10 16:04 | INFO | Query 56 Size of the filtered table is = 51
2025-02-10 16:04 | INFO | Training Time Active Learning Classifier: 1.42 seconds
2025-02-10 16:04 | INFO | Training Time Active Learning Regressor: 0.45 seconds
2025-02-10 16:04 | INFO | Query 56 Active Learning Runtime on Validation Set: 295276.42
2025-02-10 16:04 | INFO | Query 56 Active Learning Runtime on Test Set: 106957.15
2025-02-10 16:04 | INFO | Query 56 Active Learning Instance Cost: 833773.78
2025-02-10 16:04 | INFO | Timeout limit is increased to 3000
2025-02-10 16:04 | INFO | Query 57 Size of the uncertainty table is = 1232/5040
2025-02-10 16:04 | INFO | Query 57 Size of the filtered table is = 51
2025-02-10 16:04 | INFO | Training Time Active Learning Classifier: 1.49 seconds
2025-02-10 16:04 | INFO | Training Time Active Learning Regressor: 0.45 seconds
2025-02-10 16:04 | INFO | Query 57 Active Learning Runtime on Validation Set: 295305.93
2025-02-10 16:04 | INFO | Query 57 Active Learning Runtime on Test Set: 106957.15
2025-02-10 16:04 | INFO | Query 57 Active Learning Instance Cost: 844594.78
2025-02-10 16:04 | INFO | Timeout limit is increased to 3100
2025-02-10 16:04 | INFO | Query 58 Size of the uncertainty table is = 1222/5040
2025-02-10 16:04 | INFO | Query 58 Size of the filtered table is = 51
2025-02-10 16:04 | INFO | Training Time Active Learning Classifier: 1.43 seconds
2025-02-10 16:04 | INFO | Training Time Active Learning Regressor: 0.46 seconds
2025-02-10 16:04 | INFO | Query 58 Active Learning Runtime on Validation Set: 295281.3
2025-02-10 16:04 | INFO | Query 58 Active Learning Runtime on Test Set: 106957.15
2025-02-10 16:04 | INFO | Query 58 Active Learning Instance Cost: 876689.06
2025-02-10 16:04 | INFO | Query 59 Size of the uncertainty table is = 1202/5040
2025-02-10 16:04 | INFO | Query 59 Size of the filtered table is = 51
2025-02-10 16:05 | INFO | Training Time Active Learning Classifier: 1.42 seconds
2025-02-10 16:05 | INFO | Training Time Active Learning Regressor: 0.46 seconds
2025-02-10 16:05 | INFO | Query 59 Active Learning Runtime on Validation Set: 295281.3
2025-02-10 16:05 | INFO | Query 59 Active Learning Runtime on Test Set: 106957.15
2025-02-10 16:05 | INFO | Query 59 Active Learning Instance Cost: 886620.76
2025-02-10 16:05 | INFO | Timeout limit is increased to 3200
2025-02-10 16:05 | INFO | Query 60 Size of the uncertainty table is = 1198/5040
2025-02-10 16:05 | INFO | Query 60 Size of the filtered table is = 51
2025-02-10 16:05 | INFO | Training Time Active Learning Classifier: 1.43 seconds
2025-02-10 16:05 | INFO | Training Time Active Learning Regressor: 0.46 seconds
2025-02-10 16:05 | INFO | Query 60 Active Learning Runtime on Validation Set: 295283.14
2025-02-10 16:05 | INFO | Query 60 Active Learning Runtime on Test Set: 106957.15
2025-02-10 16:05 | INFO | Query 60 Active Learning Instance Cost: 899120.94
2025-02-10 16:05 | INFO | Timeout limit is increased to 3300
2025-02-10 16:05 | INFO | Query 61 Size of the uncertainty table is = 1194/5040
2025-02-10 16:05 | INFO | Query 61 Size of the filtered table is = 51
2025-02-10 16:05 | INFO | Training Time Active Learning Classifier: 1.49 seconds
2025-02-10 16:05 | INFO | Training Time Active Learning Regressor: 0.45 seconds
2025-02-10 16:05 | INFO | Query 61 Active Learning Runtime on Validation Set: 295306.94
2025-02-10 16:05 | INFO | Query 61 Active Learning Runtime on Test Set: 106957.15
2025-02-10 16:05 | INFO | Query 61 Active Learning Instance Cost: 921704.85
2025-02-10 16:05 | INFO | Timeout limit is increased to 3400
2025-02-10 16:05 | INFO | Query 62 Size of the uncertainty table is = 1189/5040
2025-02-10 16:05 | INFO | Query 62 Size of the filtered table is = 51
2025-02-10 16:05 | INFO | Training Time Active Learning Classifier: 1.43 seconds
2025-02-10 16:05 | INFO | Training Time Active Learning Regressor: 0.46 seconds
2025-02-10 16:05 | INFO | Query 62 Active Learning Runtime on Validation Set: 295336.81
2025-02-10 16:05 | INFO | Query 62 Active Learning Runtime on Test Set: 106957.12999999999
2025-02-10 16:05 | INFO | Query 62 Active Learning Instance Cost: 947281.39
2025-02-10 16:05 | INFO | Timeout limit is increased to 3500
2025-02-10 16:05 | INFO | Query 63 Size of the uncertainty table is = 1174/5040
2025-02-10 16:05 | INFO | Query 63 Size of the filtered table is = 51
2025-02-10 16:05 | INFO | Training Time Active Learning Classifier: 1.43 seconds
2025-02-10 16:05 | INFO | Training Time Active Learning Regressor: 0.46 seconds
2025-02-10 16:05 | INFO | Query 63 Active Learning Runtime on Validation Set: 295387.76
2025-02-10 16:05 | INFO | Query 63 Active Learning Runtime on Test Set: 106957.83
2025-02-10 16:05 | INFO | Query 63 Active Learning Instance Cost: 964431.88
2025-02-10 16:05 | INFO | Timeout limit is increased to 3600
2025-02-10 16:05 | INFO | Query 64 Size of the uncertainty table is = 1155/5040
2025-02-10 16:05 | INFO | Query 64 Size of the filtered table is = 51
2025-02-10 16:05 | INFO | Training Time Active Learning Classifier: 1.43 seconds
2025-02-10 16:05 | INFO | Training Time Active Learning Regressor: 0.46 seconds
2025-02-10 16:05 | INFO | Query 64 Active Learning Runtime on Validation Set: 295385.92
2025-02-10 16:05 | INFO | Query 64 Active Learning Runtime on Test Set: 106957.83
2025-02-10 16:05 | INFO | Query 64 Active Learning Instance Cost: 987465.51
2025-02-10 16:05 | INFO | Query 65 Size of the uncertainty table is = 626/5040
2025-02-10 16:05 | INFO | Query 65 Size of the filtered table is = 51
2025-02-10 16:05 | INFO | Training Time Active Learning Classifier: 1.44 seconds
2025-02-10 16:05 | INFO | Training Time Active Learning Regressor: 0.52 seconds
2025-02-10 16:06 | INFO | Query 65 Active Learning Runtime on Validation Set: 295275.49
2025-02-10 16:06 | INFO | Query 65 Active Learning Runtime on Test Set: 106957.15
2025-02-10 16:06 | INFO | Query 65 Active Learning Instance Cost: 991815.15
2025-02-10 16:06 | INFO | Query 66 Size of the uncertainty table is = 515/5040
2025-02-10 16:06 | INFO | Query 66 Size of the filtered table is = 51
2025-02-10 16:06 | INFO | Training Time Active Learning Classifier: 1.47 seconds
2025-02-10 16:06 | INFO | Training Time Active Learning Regressor: 0.46 seconds
2025-02-10 16:06 | INFO | Query 66 Active Learning Runtime on Validation Set: 295307.43
2025-02-10 16:06 | INFO | Query 66 Active Learning Runtime on Test Set: 106957.15
2025-02-10 16:06 | INFO | Query 66 Active Learning Instance Cost: 1001881.24
2025-02-10 16:06 | INFO | Timeout limit is increased to 3600
2025-02-10 16:06 | INFO | Query 67 Size of the uncertainty table is = 356/5040
2025-02-10 16:06 | INFO | Query 67 Size of the filtered table is = 51
2025-02-10 16:06 | INFO | Training Time Active Learning Classifier: 1.47 seconds
2025-02-10 16:06 | INFO | Training Time Active Learning Regressor: 0.47 seconds
2025-02-10 16:06 | INFO | Query 67 Active Learning Runtime on Validation Set: 295360.57
2025-02-10 16:06 | INFO | Query 67 Active Learning Runtime on Test Set: 106958.77
2025-02-10 16:06 | INFO | Query 67 Active Learning Instance Cost: 1002540.03
2025-02-10 16:06 | INFO | Timeout limit is increased to 3600
2025-02-10 16:06 | INFO | Query 68 Size of the uncertainty table is = 233/5040
2025-02-10 16:06 | INFO | Query 68 Size of the filtered table is = 51
2025-02-10 16:06 | INFO | Training Time Active Learning Classifier: 1.47 seconds
2025-02-10 16:06 | INFO | Training Time Active Learning Regressor: 0.53 seconds
2025-02-10 16:06 | INFO | Query 68 Active Learning Runtime on Validation Set: 295359.6
2025-02-10 16:06 | INFO | Query 68 Active Learning Runtime on Test Set: 106954.03
2025-02-10 16:06 | INFO | Query 68 Active Learning Instance Cost: 1004474.12
2025-02-10 16:06 | INFO | Query 69 Size of the uncertainty table is = 135/5040
2025-02-10 16:06 | INFO | Query 69 Size of the filtered table is = 51
2025-02-10 16:06 | INFO | Training Time Active Learning Classifier: 1.48 seconds
2025-02-10 16:06 | INFO | Training Time Active Learning Regressor: 0.47 seconds
2025-02-10 16:06 | INFO | Query 69 Active Learning Runtime on Validation Set: 262328.56
2025-02-10 16:06 | INFO | Query 69 Active Learning Runtime on Test Set: 142923.41
2025-02-10 16:06 | INFO | Query 69 Active Learning Instance Cost: 1006210.2
2025-02-10 16:06 | INFO | Query 70 Size of the uncertainty table is = 55/5040
2025-02-10 16:06 | INFO | Query 70 Size of the filtered table is = 51
2025-02-10 16:06 | INFO | Training Time Active Learning Classifier: 1.54 seconds
2025-02-10 16:06 | INFO | Training Time Active Learning Regressor: 0.47 seconds
2025-02-10 16:06 | INFO | Query 70 Active Learning Runtime on Validation Set: 295272.22
2025-02-10 16:06 | INFO | Query 70 Active Learning Runtime on Test Set: 142923.41
2025-02-10 16:06 | INFO | Query 70 Active Learning Instance Cost: 1007035.94
2025-02-10 16:06 | INFO | Timeout limit is increased to 3600
2025-02-10 16:06 | INFO | Active Learning Emissions: 0.007981589044258811
2025-02-10 16:06 | INFO | Active Learning Energy Consumption: 0.008684172695149352 kWh
2025-02-10 16:06 | INFO | runtime_test_score is written as json file
2025-02-10 16:06 | INFO | runtime_validation_score is written as json file
2025-02-10 16:06 | INFO | instance_cost is written as json file
2025-02-10 16:06 | INFO | Experiment is finished
