2024-06-10 13:23 | INFO | Paramaters are: {'dataset': 'QBF-2014', 'penalty': 10, 'weight': 'No_Weight', 'voting': 'Hard', 'pre_selection_size': 64, 'pre_selection_technique': 'No_pre_selection', 'feature_elimination_threshold': 20, 'imputer_strategy': 'median', 'feature_selection_technique': 'No_feature_selection', 'feature_scaling_technique': 'StandardScaler', 'initial_train_size': 20, 'query_size': 1, 'timeout_predictor_usage': 'Yes', 'timeout_limit': 3600, 'timeout_increase_rate': 100, 'RANDOM_STATE_SEED': 12345, 'n_splits': 10, 'split_number': 1, 'max_timeout': 3600, 'param_grid': {'n_estimators': 100, 'criterion': 'gini', 'max_features': 'sqrt', 'max_depth': 2147483648, 'min_samples_split': 2, 'bootstrap': True}}
2024-06-10 13:23 | INFO | QBF-2014 is current dataset
2024-06-10 13:23 | INFO | DATASETS/QBF-2014/algorithm_runs.arff is found
2024-06-10 13:23 | INFO | DATASETS/QBF-2014/algorithm_runs.arff is finished
2024-06-10 13:23 | INFO | DATASETS/QBF-2014/feature_values.arff is found
2024-06-10 13:23 | INFO | DATASETS/QBF-2014/feature_values.arff is finished
2024-06-10 13:23 | INFO | Feature cost of train set is 0
2024-06-10 13:27 | INFO | Initial Active Learning Random Query Runtime on Validation Set: 2347701.6
2024-06-10 13:27 | INFO | Initial Active Learning Random Query Runtime on Test Set: 722911.74
2024-06-10 13:27 | INFO | Initial Active Learning Random Query Instance Cost: 425558.84
2024-06-10 13:27 | INFO | Bin size = 638
2024-06-10 13:27 | INFO | Query 1 Size of the uncertainty table is = 63882/63882
2024-06-10 13:27 | INFO | Query 1 Size of the filtered table is = 638
2024-06-10 13:31 | INFO | Query 1 Active Learning Random Query Runtime on Validation Set: 1705237.16
2024-06-10 13:31 | INFO | Query 1 Active Learning Random Query Runtime on Test Set: 687677.22
2024-06-10 13:31 | INFO | Query 1 Active Learning Random Query Instance Cost: 2291559.86
2024-06-10 13:31 | INFO | Query 2 Size of the uncertainty table is = 62474/63882
2024-06-10 13:32 | INFO | Query 2 Size of the filtered table is = 638
2024-06-10 13:36 | INFO | Query 2 Active Learning Random Query Runtime on Validation Set: 1884040.06
2024-06-10 13:36 | INFO | Query 2 Active Learning Random Query Runtime on Test Set: 615078.88
2024-06-10 13:36 | INFO | Query 2 Active Learning Random Query Instance Cost: 3954395.2
2024-06-10 13:36 | INFO | Timeout limit is increased to 3600
2024-06-10 13:36 | INFO | Query 3 Size of the uncertainty table is = 59536/63882
2024-06-10 13:36 | INFO | Query 3 Size of the filtered table is = 638
2024-06-10 13:40 | INFO | Query 3 Active Learning Random Query Runtime on Validation Set: 1885860.41
2024-06-10 13:40 | INFO | Query 3 Active Learning Random Query Runtime on Test Set: 579024.42
2024-06-10 13:40 | INFO | Query 3 Active Learning Random Query Instance Cost: 5578092.85
2024-06-10 13:40 | INFO | Timeout limit is increased to 3600
2024-06-10 13:40 | INFO | Query 4 Size of the uncertainty table is = 55749/63882
2024-06-10 13:40 | INFO | Query 4 Size of the filtered table is = 638
2024-06-10 13:44 | INFO | Query 4 Active Learning Random Query Runtime on Validation Set: 2100947.31
2024-06-10 13:44 | INFO | Query 4 Active Learning Random Query Runtime on Test Set: 650121.21
2024-06-10 13:44 | INFO | Query 4 Active Learning Random Query Instance Cost: 7125587.72
2024-06-10 13:44 | INFO | Timeout limit is increased to 3600
2024-06-10 13:44 | INFO | Query 5 Size of the uncertainty table is = 51337/63882
2024-06-10 13:44 | INFO | Query 5 Size of the filtered table is = 638
2024-06-10 13:48 | INFO | Query 5 Active Learning Random Query Runtime on Validation Set: 2277376.86
2024-06-10 13:48 | INFO | Query 5 Active Learning Random Query Runtime on Test Set: 650179.23
2024-06-10 13:48 | INFO | Query 5 Active Learning Random Query Instance Cost: 8528181.9
2024-06-10 13:48 | INFO | Timeout limit is increased to 3600
2024-06-10 13:49 | INFO | Query 6 Size of the uncertainty table is = 46243/63882
2024-06-10 13:49 | INFO | Query 6 Size of the filtered table is = 638
2024-06-10 13:53 | INFO | Query 6 Active Learning Random Query Runtime on Validation Set: 1669776.92
2024-06-10 13:53 | INFO | Query 6 Active Learning Random Query Runtime on Test Set: 578696.81
2024-06-10 13:53 | INFO | Query 6 Active Learning Random Query Instance Cost: 9783353.01
2024-06-10 13:53 | INFO | Query 7 Size of the uncertainty table is = 40906/63882
2024-06-10 13:53 | INFO | Query 7 Size of the filtered table is = 638
2024-06-10 13:57 | INFO | Query 7 Active Learning Random Query Runtime on Validation Set: 1776089.29
2024-06-10 13:57 | INFO | Query 7 Active Learning Random Query Runtime on Test Set: 542372.49
2024-06-10 13:57 | INFO | Query 7 Active Learning Random Query Instance Cost: 11004386.37
2024-06-10 13:57 | INFO | Timeout limit is increased to 3600
2024-06-10 13:57 | INFO | Query 8 Size of the uncertainty table is = 34833/63882
2024-06-10 13:57 | INFO | Query 8 Size of the filtered table is = 638
2024-06-10 14:01 | INFO | Query 8 Active Learning Random Query Runtime on Validation Set: 1884165.14
2024-06-10 14:01 | INFO | Query 8 Active Learning Random Query Runtime on Test Set: 470648.91
2024-06-10 14:01 | INFO | Query 8 Active Learning Random Query Instance Cost: 12190548.44
2024-06-10 14:01 | INFO | Timeout limit is increased to 3600
2024-06-10 14:02 | INFO | Query 9 Size of the uncertainty table is = 28535/63882
2024-06-10 14:02 | INFO | Query 9 Size of the filtered table is = 638
2024-06-10 14:06 | INFO | Query 9 Active Learning Random Query Runtime on Validation Set: 1993081.88
2024-06-10 14:06 | INFO | Query 9 Active Learning Random Query Runtime on Test Set: 578968.69
2024-06-10 14:06 | INFO | Query 9 Active Learning Random Query Instance Cost: 13269982.9
2024-06-10 14:06 | INFO | Timeout limit is increased to 3600
2024-06-10 14:06 | INFO | Query 10 Size of the uncertainty table is = 22136/63882
2024-06-10 14:06 | INFO | Query 10 Size of the filtered table is = 638
2024-06-10 14:10 | INFO | Query 10 Active Learning Random Query Runtime on Validation Set: 1848905.04
2024-06-10 14:10 | INFO | Query 10 Active Learning Random Query Runtime on Test Set: 470482.33
2024-06-10 14:10 | INFO | Query 10 Active Learning Random Query Instance Cost: 14295803.58
2024-06-10 14:10 | INFO | Query 11 Size of the uncertainty table is = 15621/63882
2024-06-10 14:10 | INFO | Query 11 Size of the filtered table is = 638
2024-06-10 14:15 | INFO | Query 11 Active Learning Random Query Runtime on Validation Set: 2277923.25
2024-06-10 14:15 | INFO | Query 11 Active Learning Random Query Runtime on Test Set: 578482.76
2024-06-10 14:15 | INFO | Query 11 Active Learning Random Query Instance Cost: 15143986.66
2024-06-10 14:15 | INFO | Timeout limit is increased to 3600
2024-06-10 14:15 | INFO | Query 12 Size of the uncertainty table is = 9471/63882
2024-06-10 14:15 | INFO | Query 12 Size of the filtered table is = 638
2024-06-10 14:19 | INFO | Query 12 Active Learning Random Query Runtime on Validation Set: 1993084.52
2024-06-10 14:19 | INFO | Query 12 Active Learning Random Query Runtime on Test Set: 578821.8
2024-06-10 14:19 | INFO | Query 12 Active Learning Random Query Instance Cost: 15945200.17
2024-06-10 14:19 | INFO | Query 13 Size of the uncertainty table is = 3851/63882
2024-06-10 14:19 | INFO | Query 13 Size of the filtered table is = 638
2024-06-10 14:24 | INFO | Query 13 Active Learning Random Query Runtime on Validation Set: 2027747.58
2024-06-10 14:24 | INFO | Query 13 Active Learning Random Query Runtime on Test Set: 542777.2
2024-06-10 14:24 | INFO | Query 13 Active Learning Random Query Instance Cost: 16405593.34
2024-06-10 14:24 | INFO | Timeout limit is increased to 3600
2024-06-10 14:24 | INFO | Query 14 Size of the uncertainty table is = 376/63882
2024-06-10 14:24 | INFO | Query 14 Size of the filtered table is = 376
2024-06-10 14:28 | INFO | Query 14 Active Learning Random Query Runtime on Validation Set: 2241615.7
2024-06-10 14:28 | INFO | Query 14 Active Learning Random Query Runtime on Test Set: 578491.7
2024-06-10 14:28 | INFO | Query 14 Active Learning Random Query Instance Cost: 16460511.43
2024-06-10 14:28 | INFO | Timeout limit is increased to 3600
2024-06-10 14:28 | INFO | runtime_train_score is written as json file
2024-06-10 14:28 | INFO | runtime_test_score is written as json file
2024-06-10 14:28 | INFO | runtime_validation_score is written as json file
2024-06-10 14:28 | INFO | instance_cost is written as json file
2024-06-10 14:28 | INFO | Experiment is finished
