2024-06-10 17:46 | INFO | Paramaters are: {'dataset': 'CSP-MZN-2013', 'penalty': 10, 'weight': 'No_Weight', 'voting': 'Hard', 'pre_selection_size': 64, 'pre_selection_technique': 'No_pre_selection', 'feature_elimination_threshold': 20, 'imputer_strategy': 'median', 'feature_selection_technique': 'No_feature_selection', 'feature_scaling_technique': 'StandardScaler', 'initial_train_size': 20, 'query_size': 1, 'timeout_predictor_usage': 'Yes', 'timeout_limit': 100, 'timeout_increase_rate': 100, 'RANDOM_STATE_SEED': 123, 'n_splits': 10, 'split_number': 4, 'max_timeout': 3600, 'param_grid': {'n_estimators': 100, 'criterion': 'gini', 'max_features': 'sqrt', 'max_depth': 2147483648, 'min_samples_split': 2, 'bootstrap': True}}
2024-06-10 17:46 | INFO | CSP-MZN-2013 is current dataset
2024-06-10 17:46 | INFO | DATASETS/CSP-MZN-2013/algorithm_runs.arff is found
2024-06-10 17:46 | INFO | DATASETS/CSP-MZN-2013/algorithm_runs.arff is finished
2024-06-10 17:46 | INFO | DATASETS/CSP-MZN-2013/feature_values.arff is found
2024-06-10 17:46 | INFO | DATASETS/CSP-MZN-2013/feature_values.arff is finished
2024-06-10 17:46 | INFO | DATASETS/CSP-MZN-2013/feature_costs.arff is found
2024-06-10 17:46 | INFO | DATASETS/CSP-MZN-2013/feature_costs.arff is finished
2024-06-10 17:46 | INFO | Feature cost of train set is 202098.08
2024-06-10 17:55 | INFO | Initial Active Learning Random Query Runtime on Validation Set: 16817401.14
2024-06-10 17:55 | INFO | Initial Active Learning Random Query Runtime on Test Set: 6642609.72
2024-06-10 17:55 | INFO | Initial Active Learning Random Query Instance Cost: 18072.68
2024-06-10 17:55 | INFO | Bin size = 1453
2024-06-10 17:55 | INFO | Query 1 Size of the uncertainty table is = 146063/145310
2024-06-10 17:56 | INFO | Query 1 Size of the filtered table is = 1453
2024-06-10 18:04 | INFO | Query 1 Active Learning Random Query Runtime on Validation Set: 4086960.78
2024-06-10 18:04 | INFO | Query 1 Active Learning Random Query Runtime on Test Set: 3776043.39
2024-06-10 18:04 | INFO | Query 1 Active Learning Random Query Instance Cost: 238863.57
2024-06-10 18:05 | INFO | Query 2 Size of the uncertainty table is = 145116/145310
2024-06-10 18:05 | INFO | Query 2 Size of the filtered table is = 1453
2024-06-10 18:14 | INFO | Query 2 Active Learning Random Query Runtime on Validation Set: 8203352.08
2024-06-10 18:14 | INFO | Query 2 Active Learning Random Query Runtime on Test Set: 3042952.84
2024-06-10 18:14 | INFO | Query 2 Active Learning Random Query Instance Cost: 435198.26
2024-06-10 18:14 | INFO | Timeout limit is increased to 200
2024-06-10 18:14 | INFO | Query 3 Size of the uncertainty table is = 143427/145310
2024-06-10 18:14 | INFO | Query 3 Size of the filtered table is = 1453
2024-06-10 18:23 | INFO | Query 3 Active Learning Random Query Runtime on Validation Set: 19363332.49
2024-06-10 18:23 | INFO | Query 3 Active Learning Random Query Runtime on Test Set: 4149314.69
2024-06-10 18:23 | INFO | Query 3 Active Learning Random Query Instance Cost: 814047.86
2024-06-10 18:23 | INFO | Timeout limit is increased to 300
2024-06-10 18:23 | INFO | Query 4 Size of the uncertainty table is = 140902/145310
2024-06-10 18:24 | INFO | Query 4 Size of the filtered table is = 1453
2024-06-10 18:33 | INFO | Query 4 Active Learning Random Query Runtime on Validation Set: 5447547.41
2024-06-10 18:33 | INFO | Query 4 Active Learning Random Query Runtime on Test Set: 2514216.08
2024-06-10 18:33 | INFO | Query 4 Active Learning Random Query Instance Cost: 1363954.73
2024-06-10 18:33 | INFO | Query 5 Size of the uncertainty table is = 137896/145310
2024-06-10 18:33 | INFO | Query 5 Size of the filtered table is = 1453
2024-06-10 18:42 | INFO | Query 5 Active Learning Random Query Runtime on Validation Set: 17447674.65
2024-06-10 18:42 | INFO | Query 5 Active Learning Random Query Runtime on Test Set: 4034945.57
2024-06-10 18:42 | INFO | Query 5 Active Learning Random Query Instance Cost: 1859958.3
2024-06-10 18:42 | INFO | Timeout limit is increased to 400
2024-06-10 18:42 | INFO | Query 6 Size of the uncertainty table is = 134434/145310
2024-06-10 18:43 | INFO | Query 6 Size of the filtered table is = 1453
2024-06-10 18:52 | INFO | Query 6 Active Learning Random Query Runtime on Validation Set: 17057798.04
2024-06-10 18:52 | INFO | Query 6 Active Learning Random Query Runtime on Test Set: 3893481.94
2024-06-10 18:52 | INFO | Query 6 Active Learning Random Query Instance Cost: 2512400.22
2024-06-10 18:52 | INFO | Query 7 Size of the uncertainty table is = 130597/145310
2024-06-10 18:52 | INFO | Query 7 Size of the filtered table is = 1453
2024-06-10 19:01 | INFO | Query 7 Active Learning Random Query Runtime on Validation Set: 15552956.83
2024-06-10 19:01 | INFO | Query 7 Active Learning Random Query Runtime on Test Set: 3683024.1
2024-06-10 19:01 | INFO | Query 7 Active Learning Random Query Instance Cost: 3127417.19
2024-06-10 19:01 | INFO | Query 8 Size of the uncertainty table is = 126747/145310
2024-06-10 19:01 | INFO | Query 8 Size of the filtered table is = 1453
2024-06-10 19:10 | INFO | Query 8 Active Learning Random Query Runtime on Validation Set: 17525824.64
2024-06-10 19:10 | INFO | Query 8 Active Learning Random Query Runtime on Test Set: 3935799.97
2024-06-10 19:10 | INFO | Query 8 Active Learning Random Query Instance Cost: 3700197.14
2024-06-10 19:10 | INFO | Timeout limit is increased to 500
2024-06-10 19:11 | INFO | Query 9 Size of the uncertainty table is = 122773/145310
2024-06-10 19:11 | INFO | Query 9 Size of the filtered table is = 1453
2024-06-10 19:20 | INFO | Query 9 Active Learning Random Query Runtime on Validation Set: 17745996.9
2024-06-10 19:20 | INFO | Query 9 Active Learning Random Query Runtime on Test Set: 3685190.5
2024-06-10 19:20 | INFO | Query 9 Active Learning Random Query Instance Cost: 4409193.24
2024-06-10 19:20 | INFO | Timeout limit is increased to 600
2024-06-10 19:20 | INFO | Query 10 Size of the uncertainty table is = 118505/145310
2024-06-10 19:20 | INFO | Query 10 Size of the filtered table is = 1453
2024-06-10 19:29 | INFO | Query 10 Active Learning Random Query Runtime on Validation Set: 17349434.82
2024-06-10 19:29 | INFO | Query 10 Active Learning Random Query Runtime on Test Set: 3686722.47
2024-06-10 19:29 | INFO | Query 10 Active Learning Random Query Instance Cost: 5253839.95
2024-06-10 19:29 | INFO | Query 11 Size of the uncertainty table is = 113899/145310
2024-06-10 19:29 | INFO | Query 11 Size of the filtered table is = 1453
2024-06-10 19:39 | INFO | Query 11 Active Learning Random Query Runtime on Validation Set: 17958823.18
2024-06-10 19:39 | INFO | Query 11 Active Learning Random Query Runtime on Test Set: 3649228.57
2024-06-10 19:39 | INFO | Query 11 Active Learning Random Query Instance Cost: 6023648.94
2024-06-10 19:39 | INFO | Timeout limit is increased to 700
2024-06-10 19:39 | INFO | Query 12 Size of the uncertainty table is = 109380/145310
2024-06-10 19:39 | INFO | Query 12 Size of the filtered table is = 1453
2024-06-10 19:48 | INFO | Query 12 Active Learning Random Query Runtime on Validation Set: 16738253.43
2024-06-10 19:48 | INFO | Query 12 Active Learning Random Query Runtime on Test Set: 3579072.06
2024-06-10 19:48 | INFO | Query 12 Active Learning Random Query Instance Cost: 6934691.43
2024-06-10 19:48 | INFO | Query 13 Size of the uncertainty table is = 104988/145310
2024-06-10 19:48 | INFO | Query 13 Size of the filtered table is = 1453
2024-06-10 19:58 | INFO | Query 13 Active Learning Random Query Runtime on Validation Set: 17602532.57
2024-06-10 19:58 | INFO | Query 13 Active Learning Random Query Runtime on Test Set: 3581349.49
2024-06-10 19:58 | INFO | Query 13 Active Learning Random Query Instance Cost: 7774557.49
2024-06-10 19:58 | INFO | Timeout limit is increased to 800
2024-06-10 19:58 | INFO | Query 14 Size of the uncertainty table is = 100829/145310
2024-06-10 19:58 | INFO | Query 14 Size of the filtered table is = 1453
2024-06-10 20:07 | INFO | Query 14 Active Learning Random Query Runtime on Validation Set: 18103021.52
2024-06-10 20:07 | INFO | Query 14 Active Learning Random Query Runtime on Test Set: 3721157.92
2024-06-10 20:07 | INFO | Query 14 Active Learning Random Query Instance Cost: 8746630.95
2024-06-10 20:07 | INFO | Timeout limit is increased to 900
2024-06-10 20:07 | INFO | Query 15 Size of the uncertainty table is = 96595/145310
2024-06-10 20:07 | INFO | Query 15 Size of the filtered table is = 1453
2024-06-10 20:17 | INFO | Query 15 Active Learning Random Query Runtime on Validation Set: 18102866.84
2024-06-10 20:17 | INFO | Query 15 Active Learning Random Query Runtime on Test Set: 3793135.98
2024-06-10 20:17 | INFO | Query 15 Active Learning Random Query Instance Cost: 9831134.6
2024-06-10 20:17 | INFO | Query 16 Size of the uncertainty table is = 92472/145310
2024-06-10 20:17 | INFO | Query 16 Size of the filtered table is = 1453
2024-06-10 20:26 | INFO | Query 16 Active Learning Random Query Runtime on Validation Set: 14836828.16
2024-06-10 20:26 | INFO | Query 16 Active Learning Random Query Runtime on Test Set: 3329044.64
2024-06-10 20:26 | INFO | Query 16 Active Learning Random Query Instance Cost: 10837388.44
2024-06-10 20:26 | INFO | Query 17 Size of the uncertainty table is = 88838/145310
2024-06-10 20:26 | INFO | Query 17 Size of the filtered table is = 1453
2024-06-10 20:36 | INFO | Query 17 Active Learning Random Query Runtime on Validation Set: 17171864.4
2024-06-10 20:36 | INFO | Query 17 Active Learning Random Query Runtime on Test Set: 3436280.19
2024-06-10 20:36 | INFO | Query 17 Active Learning Random Query Instance Cost: 11697719.35
2024-06-10 20:36 | INFO | Timeout limit is increased to 1000
2024-06-10 20:36 | INFO | Query 18 Size of the uncertainty table is = 85519/145310
2024-06-10 20:36 | INFO | Query 18 Size of the filtered table is = 1453
2024-06-10 20:45 | INFO | Query 18 Active Learning Random Query Runtime on Validation Set: 17602084.39
2024-06-10 20:45 | INFO | Query 18 Active Learning Random Query Runtime on Test Set: 3686834.84
2024-06-10 20:45 | INFO | Query 18 Active Learning Random Query Instance Cost: 12712579.01
2024-06-10 20:45 | INFO | Timeout limit is increased to 1100
2024-06-10 20:46 | INFO | Query 19 Size of the uncertainty table is = 82641/145310
2024-06-10 20:46 | INFO | Query 19 Size of the filtered table is = 1453
2024-06-10 20:55 | INFO | Query 19 Active Learning Random Query Runtime on Validation Set: 15087652.11
2024-06-10 20:55 | INFO | Query 19 Active Learning Random Query Runtime on Test Set: 3184540.39
2024-06-10 20:55 | INFO | Query 19 Active Learning Random Query Instance Cost: 13858708.85
2024-06-10 20:55 | INFO | Query 20 Size of the uncertainty table is = 80000/145310
2024-06-10 20:55 | INFO | Query 20 Size of the filtered table is = 1453
2024-06-10 21:05 | INFO | Query 20 Active Learning Random Query Runtime on Validation Set: 17026348.32
2024-06-10 21:05 | INFO | Query 20 Active Learning Random Query Runtime on Test Set: 3510352.1
2024-06-10 21:05 | INFO | Query 20 Active Learning Random Query Instance Cost: 14875930.16
2024-06-10 21:05 | INFO | Timeout limit is increased to 1200
2024-06-10 21:05 | INFO | Query 21 Size of the uncertainty table is = 77334/145310
2024-06-10 21:05 | INFO | Query 21 Size of the filtered table is = 1453
2024-06-10 21:14 | INFO | Query 21 Active Learning Random Query Runtime on Validation Set: 14945790.42
2024-06-10 21:14 | INFO | Query 21 Active Learning Random Query Runtime on Test Set: 3329569.05
2024-06-10 21:14 | INFO | Query 21 Active Learning Random Query Instance Cost: 15962517.28
2024-06-10 21:14 | INFO | Query 22 Size of the uncertainty table is = 75057/145310
2024-06-10 21:14 | INFO | Query 22 Size of the filtered table is = 1453
2024-06-10 21:24 | INFO | Query 22 Active Learning Random Query Runtime on Validation Set: 16991450.29
2024-06-10 21:24 | INFO | Query 22 Active Learning Random Query Runtime on Test Set: 3581696.47
2024-06-10 21:24 | INFO | Query 22 Active Learning Random Query Instance Cost: 16962560.06
2024-06-10 21:24 | INFO | Timeout limit is increased to 1300
2024-06-10 21:24 | INFO | Query 23 Size of the uncertainty table is = 73065/145310
2024-06-10 21:24 | INFO | Query 23 Size of the filtered table is = 1453
2024-06-10 21:33 | INFO | Query 23 Active Learning Random Query Runtime on Validation Set: 15447212.64
2024-06-10 21:33 | INFO | Query 23 Active Learning Random Query Runtime on Test Set: 3114418.6
2024-06-10 21:33 | INFO | Query 23 Active Learning Random Query Instance Cost: 18023806.32
2024-06-10 21:34 | INFO | Query 24 Size of the uncertainty table is = 71230/145310
2024-06-10 21:34 | INFO | Query 24 Size of the filtered table is = 1453
2024-06-10 21:43 | INFO | Query 24 Active Learning Random Query Runtime on Validation Set: 18031798.1
2024-06-10 21:43 | INFO | Query 24 Active Learning Random Query Runtime on Test Set: 3616182.37
2024-06-10 21:43 | INFO | Query 24 Active Learning Random Query Instance Cost: 18967416.5
2024-06-10 21:43 | INFO | Timeout limit is increased to 1400
2024-06-10 21:43 | INFO | Query 25 Size of the uncertainty table is = 69705/145310
2024-06-10 21:43 | INFO | Query 25 Size of the filtered table is = 1453
2024-06-10 21:53 | INFO | Query 25 Active Learning Random Query Runtime on Validation Set: 13899492.74
2024-06-10 21:53 | INFO | Query 25 Active Learning Random Query Runtime on Test Set: 2935162.48
2024-06-10 21:53 | INFO | Query 25 Active Learning Random Query Instance Cost: 19984051.25
2024-06-10 21:53 | INFO | Query 26 Size of the uncertainty table is = 68285/145310
2024-06-10 21:53 | INFO | Query 26 Size of the filtered table is = 1453
2024-06-10 22:02 | INFO | Query 26 Active Learning Random Query Runtime on Validation Set: 17063433.4
2024-06-10 22:02 | INFO | Query 26 Active Learning Random Query Runtime on Test Set: 3473718.92
2024-06-10 22:02 | INFO | Query 26 Active Learning Random Query Instance Cost: 20861309.16
2024-06-10 22:02 | INFO | Timeout limit is increased to 1500
2024-06-10 22:02 | INFO | Query 27 Size of the uncertainty table is = 67192/145310
2024-06-10 22:02 | INFO | Query 27 Size of the filtered table is = 1453
2024-06-10 22:12 | INFO | Query 27 Active Learning Random Query Runtime on Validation Set: 15410713.09
2024-06-10 22:12 | INFO | Query 27 Active Learning Random Query Runtime on Test Set: 3223672.35
2024-06-10 22:12 | INFO | Query 27 Active Learning Random Query Instance Cost: 21937333.11
2024-06-10 22:12 | INFO | Query 28 Size of the uncertainty table is = 66110/145310
2024-06-10 22:12 | INFO | Query 28 Size of the filtered table is = 1453
2024-06-10 22:22 | INFO | Query 28 Active Learning Random Query Runtime on Validation Set: 15052154.93
2024-06-10 22:22 | INFO | Query 28 Active Learning Random Query Runtime on Test Set: 3259264.68
2024-06-10 22:22 | INFO | Query 28 Active Learning Random Query Instance Cost: 22802291.81
2024-06-10 22:22 | INFO | Query 29 Size of the uncertainty table is = 65225/145310
2024-06-10 22:22 | INFO | Query 29 Size of the filtered table is = 1453
2024-06-10 22:31 | INFO | Query 29 Active Learning Random Query Runtime on Validation Set: 16773540.44
2024-06-10 22:31 | INFO | Query 29 Active Learning Random Query Runtime on Test Set: 3258145.25
2024-06-10 22:31 | INFO | Query 29 Active Learning Random Query Instance Cost: 23558996.89
2024-06-10 22:31 | INFO | Timeout limit is increased to 1600
2024-06-10 22:31 | INFO | Query 30 Size of the uncertainty table is = 64568/145310
2024-06-10 22:31 | INFO | Query 30 Size of the filtered table is = 1453
2024-06-10 22:41 | INFO | Query 30 Active Learning Random Query Runtime on Validation Set: 16952625.95
2024-06-10 22:41 | INFO | Query 30 Active Learning Random Query Runtime on Test Set: 3296403.44
2024-06-10 22:41 | INFO | Query 30 Active Learning Random Query Instance Cost: 24470394.47
2024-06-10 22:41 | INFO | Timeout limit is increased to 1700
2024-06-10 22:41 | INFO | Query 31 Size of the uncertainty table is = 63873/145310
2024-06-10 22:41 | INFO | Query 31 Size of the filtered table is = 1453
2024-06-10 22:50 | INFO | Query 31 Active Learning Random Query Runtime on Validation Set: 15266096.28
2024-06-10 22:50 | INFO | Query 31 Active Learning Random Query Runtime on Test Set: 3186928.36
2024-06-10 22:50 | INFO | Query 31 Active Learning Random Query Instance Cost: 25481363.88
2024-06-10 22:50 | INFO | Query 32 Size of the uncertainty table is = 63204/145310
2024-06-10 22:50 | INFO | Query 32 Size of the filtered table is = 1453
2024-06-10 22:59 | INFO | Query 32 Active Learning Random Query Runtime on Validation Set: 15590095.77
2024-06-10 22:59 | INFO | Query 32 Active Learning Random Query Runtime on Test Set: 3115822.35
2024-06-10 22:59 | INFO | Query 32 Active Learning Random Query Instance Cost: 26355399.56
2024-06-10 22:59 | INFO | Timeout limit is increased to 1800
2024-06-10 22:59 | INFO | Query 33 Size of the uncertainty table is = 62803/145310
2024-06-10 22:59 | INFO | Query 33 Size of the filtered table is = 1453
2024-06-10 23:08 | INFO | Query 33 Active Learning Random Query Runtime on Validation Set: 16488579.24
2024-06-10 23:08 | INFO | Query 33 Active Learning Random Query Runtime on Test Set: 3117291.42
2024-06-10 23:08 | INFO | Query 33 Active Learning Random Query Instance Cost: 27340155.46
2024-06-10 23:08 | INFO | Timeout limit is increased to 1900
2024-06-10 23:09 | INFO | Query 34 Size of the uncertainty table is = 62230/145310
2024-06-10 23:09 | INFO | Query 34 Size of the filtered table is = 1453
2024-06-10 23:17 | INFO | Query 34 Active Learning Random Query Runtime on Validation Set: 15733695.37
2024-06-10 23:17 | INFO | Query 34 Active Learning Random Query Runtime on Test Set: 3295686.6
2024-06-10 23:17 | INFO | Query 34 Active Learning Random Query Instance Cost: 28412295.96
2024-06-10 23:17 | INFO | Query 35 Size of the uncertainty table is = 61848/145310
2024-06-10 23:17 | INFO | Query 35 Size of the filtered table is = 1453
2024-06-10 23:26 | INFO | Query 35 Active Learning Random Query Runtime on Validation Set: 18282091.34
2024-06-10 23:26 | INFO | Query 35 Active Learning Random Query Runtime on Test Set: 3404048.84
2024-06-10 23:26 | INFO | Query 35 Active Learning Random Query Instance Cost: 29334116.42
2024-06-10 23:26 | INFO | Timeout limit is increased to 2000
2024-06-10 23:26 | INFO | Query 36 Size of the uncertainty table is = 61527/145310
2024-06-10 23:26 | INFO | Query 36 Size of the filtered table is = 1453
2024-06-10 23:35 | INFO | Query 36 Active Learning Random Query Runtime on Validation Set: 14618394.21
2024-06-10 23:35 | INFO | Query 36 Active Learning Random Query Runtime on Test Set: 3080957.57
2024-06-10 23:35 | INFO | Query 36 Active Learning Random Query Instance Cost: 30354659.96
2024-06-10 23:35 | INFO | Query 37 Size of the uncertainty table is = 61343/145310
2024-06-10 23:35 | INFO | Query 37 Size of the filtered table is = 1453
2024-06-10 23:44 | INFO | Query 37 Active Learning Random Query Runtime on Validation Set: 16807601.66
2024-06-10 23:44 | INFO | Query 37 Active Learning Random Query Runtime on Test Set: 3438715.58
2024-06-10 23:44 | INFO | Query 37 Active Learning Random Query Instance Cost: 31243277.55
2024-06-10 23:44 | INFO | Timeout limit is increased to 2100
2024-06-10 23:44 | INFO | Query 38 Size of the uncertainty table is = 61154/145310
2024-06-10 23:44 | INFO | Query 38 Size of the filtered table is = 1453
2024-06-10 23:52 | INFO | Query 38 Active Learning Random Query Runtime on Validation Set: 9473438.16
2024-06-10 23:52 | INFO | Query 38 Active Learning Random Query Runtime on Test Set: 2469978.76
2024-06-10 23:52 | INFO | Query 38 Active Learning Random Query Instance Cost: 32250872.21
2024-06-10 23:52 | INFO | Query 39 Size of the uncertainty table is = 60999/145310
2024-06-10 23:52 | INFO | Query 39 Size of the filtered table is = 1453
2024-06-11 00:01 | INFO | Query 39 Active Learning Random Query Runtime on Validation Set: 8789692.88
2024-06-11 00:01 | INFO | Query 39 Active Learning Random Query Runtime on Test Set: 2109663.27
2024-06-11 00:01 | INFO | Query 39 Active Learning Random Query Instance Cost: 33096066.45
2024-06-11 00:01 | INFO | Query 40 Size of the uncertainty table is = 60828/145310
2024-06-11 00:01 | INFO | Query 40 Size of the filtered table is = 1453
2024-06-11 00:10 | INFO | Query 40 Active Learning Random Query Runtime on Validation Set: 13506147.6
2024-06-11 00:10 | INFO | Query 40 Active Learning Random Query Runtime on Test Set: 3045688.69
2024-06-11 00:10 | INFO | Query 40 Active Learning Random Query Instance Cost: 33810904.87
2024-06-11 00:10 | INFO | Timeout limit is increased to 2200
2024-06-11 00:10 | INFO | Query 41 Size of the uncertainty table is = 60592/145310
2024-06-11 00:10 | INFO | Query 41 Size of the filtered table is = 1453
2024-06-11 00:18 | INFO | Query 41 Active Learning Random Query Runtime on Validation Set: 13865083.79
2024-06-11 00:18 | INFO | Query 41 Active Learning Random Query Runtime on Test Set: 2970742.54
2024-06-11 00:18 | INFO | Query 41 Active Learning Random Query Instance Cost: 34705142.24
2024-06-11 00:18 | INFO | Timeout limit is increased to 2300
2024-06-11 00:18 | INFO | Query 42 Size of the uncertainty table is = 60470/145310
2024-06-11 00:18 | INFO | Query 42 Size of the filtered table is = 1453
2024-06-11 00:27 | INFO | Query 42 Active Learning Random Query Runtime on Validation Set: 16270031.96
2024-06-11 00:27 | INFO | Query 42 Active Learning Random Query Runtime on Test Set: 3079933.14
2024-06-11 00:27 | INFO | Query 42 Active Learning Random Query Instance Cost: 35735411.91
2024-06-11 00:27 | INFO | Timeout limit is increased to 2400
2024-06-11 00:27 | INFO | Query 43 Size of the uncertainty table is = 60350/145310
2024-06-11 00:27 | INFO | Query 43 Size of the filtered table is = 1453
2024-06-11 00:35 | INFO | Query 43 Active Learning Random Query Runtime on Validation Set: 16378030.11
2024-06-11 00:35 | INFO | Query 43 Active Learning Random Query Runtime on Test Set: 3044630.17
2024-06-11 00:35 | INFO | Query 43 Active Learning Random Query Instance Cost: 36823713.48
2024-06-11 00:35 | INFO | Timeout limit is increased to 2500
2024-06-11 00:35 | INFO | Query 44 Size of the uncertainty table is = 60307/145310
2024-06-11 00:35 | INFO | Query 44 Size of the filtered table is = 1453
2024-06-11 00:44 | INFO | Query 44 Active Learning Random Query Runtime on Validation Set: 14511259.72
2024-06-11 00:44 | INFO | Query 44 Active Learning Random Query Runtime on Test Set: 3080011.41
2024-06-11 00:44 | INFO | Query 44 Active Learning Random Query Instance Cost: 38019031.48
2024-06-11 00:44 | INFO | Query 45 Size of the uncertainty table is = 60201/145310
2024-06-11 00:44 | INFO | Query 45 Size of the filtered table is = 1453
2024-06-11 00:53 | INFO | Query 45 Active Learning Random Query Runtime on Validation Set: 12713623.78
2024-06-11 00:53 | INFO | Query 45 Active Learning Random Query Runtime on Test Set: 2755458.38
2024-06-11 00:53 | INFO | Query 45 Active Learning Random Query Instance Cost: 39030340.86
2024-06-11 00:53 | INFO | Query 46 Size of the uncertainty table is = 60165/145310
2024-06-11 00:53 | INFO | Query 46 Size of the filtered table is = 1453
2024-06-11 01:01 | INFO | Query 46 Active Learning Random Query Runtime on Validation Set: 13648136.8
2024-06-11 01:01 | INFO | Query 46 Active Learning Random Query Runtime on Test Set: 2900636.27
2024-06-11 01:01 | INFO | Query 46 Active Learning Random Query Instance Cost: 39884705.01
2024-06-11 01:01 | INFO | Timeout limit is increased to 2600
2024-06-11 01:01 | INFO | Query 47 Size of the uncertainty table is = 60122/145310
2024-06-11 01:01 | INFO | Query 47 Size of the filtered table is = 1453
2024-06-11 01:10 | INFO | Query 47 Active Learning Random Query Runtime on Validation Set: 13612459.74
2024-06-11 01:10 | INFO | Query 47 Active Learning Random Query Runtime on Test Set: 2900638.38
2024-06-11 01:10 | INFO | Query 47 Active Learning Random Query Instance Cost: 40847261.06
2024-06-11 01:10 | INFO | Query 48 Size of the uncertainty table is = 60080/145310
2024-06-11 01:10 | INFO | Query 48 Size of the filtered table is = 1453
2024-06-11 01:18 | INFO | Query 48 Active Learning Random Query Runtime on Validation Set: 14765275.75
2024-06-11 01:18 | INFO | Query 48 Active Learning Random Query Runtime on Test Set: 3116541.44
2024-06-11 01:18 | INFO | Query 48 Active Learning Random Query Instance Cost: 41689326.1
2024-06-11 01:18 | INFO | Timeout limit is increased to 2700
2024-06-11 01:19 | INFO | Query 49 Size of the uncertainty table is = 60016/145310
2024-06-11 01:19 | INFO | Query 49 Size of the filtered table is = 1453
2024-06-11 01:27 | INFO | Query 49 Active Learning Random Query Runtime on Validation Set: 16201460.54
2024-06-11 01:27 | INFO | Query 49 Active Learning Random Query Runtime on Test Set: 3332560.58
2024-06-11 01:27 | INFO | Query 49 Active Learning Random Query Instance Cost: 42630278.08
2024-06-11 01:27 | INFO | Timeout limit is increased to 2800
2024-06-11 01:27 | INFO | Query 50 Size of the uncertainty table is = 59969/145310
2024-06-11 01:27 | INFO | Query 50 Size of the filtered table is = 1453
2024-06-11 01:36 | INFO | Query 50 Active Learning Random Query Runtime on Validation Set: 15841802.32
2024-06-11 01:36 | INFO | Query 50 Active Learning Random Query Runtime on Test Set: 3296698.23
2024-06-11 01:36 | INFO | Query 50 Active Learning Random Query Instance Cost: 43703332.76
2024-06-11 01:36 | INFO | Query 51 Size of the uncertainty table is = 59945/145310
2024-06-11 01:36 | INFO | Query 51 Size of the filtered table is = 1453
2024-06-11 01:44 | INFO | Query 51 Active Learning Random Query Runtime on Validation Set: 17240680.09
2024-06-11 01:44 | INFO | Query 51 Active Learning Random Query Runtime on Test Set: 3368308.62
2024-06-11 01:44 | INFO | Query 51 Active Learning Random Query Instance Cost: 44598396.18
2024-06-11 01:44 | INFO | Timeout limit is increased to 2900
2024-06-11 01:44 | INFO | Query 52 Size of the uncertainty table is = 59917/145310
2024-06-11 01:44 | INFO | Query 52 Size of the filtered table is = 1453
2024-06-11 01:53 | INFO | Query 52 Active Learning Random Query Runtime on Validation Set: 17348770.18
2024-06-11 01:53 | INFO | Query 52 Active Learning Random Query Runtime on Test Set: 3330827.39
2024-06-11 01:53 | INFO | Query 52 Active Learning Random Query Instance Cost: 45626442.99
2024-06-11 01:53 | INFO | Timeout limit is increased to 3000
2024-06-11 01:53 | INFO | Query 53 Size of the uncertainty table is = 59897/145310
2024-06-11 01:53 | INFO | Query 53 Size of the filtered table is = 1453
2024-06-11 02:02 | INFO | Query 53 Active Learning Random Query Runtime on Validation Set: 16164295.08
2024-06-11 02:02 | INFO | Query 53 Active Learning Random Query Runtime on Test Set: 3258923.99
2024-06-11 02:02 | INFO | Query 53 Active Learning Random Query Instance Cost: 46752330.09
2024-06-11 02:02 | INFO | Query 54 Size of the uncertainty table is = 59872/145310
2024-06-11 02:02 | INFO | Query 54 Size of the filtered table is = 1453
2024-06-11 02:10 | INFO | Query 54 Active Learning Random Query Runtime on Validation Set: 15732794.61
2024-06-11 02:10 | INFO | Query 54 Active Learning Random Query Runtime on Test Set: 3258945.97
2024-06-11 02:10 | INFO | Query 54 Active Learning Random Query Instance Cost: 47673825.13
2024-06-11 02:10 | INFO | Query 55 Size of the uncertainty table is = 59847/145310
2024-06-11 02:10 | INFO | Query 55 Size of the filtered table is = 1453
2024-06-11 02:19 | INFO | Query 55 Active Learning Random Query Runtime on Validation Set: 13398374.8
2024-06-11 02:19 | INFO | Query 55 Active Learning Random Query Runtime on Test Set: 3043243.48
2024-06-11 02:19 | INFO | Query 55 Active Learning Random Query Instance Cost: 48481950.42
2024-06-11 02:19 | INFO | Query 56 Size of the uncertainty table is = 59834/145310
2024-06-11 02:19 | INFO | Query 56 Size of the filtered table is = 1453
2024-06-11 02:27 | INFO | Query 56 Active Learning Random Query Runtime on Validation Set: 14441864.92
2024-06-11 02:27 | INFO | Query 56 Active Learning Random Query Runtime on Test Set: 3115001.08
2024-06-11 02:27 | INFO | Query 56 Active Learning Random Query Instance Cost: 49136571.47
2024-06-11 02:27 | INFO | Timeout limit is increased to 3100
2024-06-11 02:28 | INFO | Query 57 Size of the uncertainty table is = 59797/145310
2024-06-11 02:28 | INFO | Query 57 Size of the filtered table is = 1453
2024-06-11 02:36 | INFO | Query 57 Active Learning Random Query Runtime on Validation Set: 14512839.67
2024-06-11 02:36 | INFO | Query 57 Active Learning Random Query Runtime on Test Set: 3115001.08
2024-06-11 02:36 | INFO | Query 57 Active Learning Random Query Instance Cost: 49971076.76
2024-06-11 02:36 | INFO | Timeout limit is increased to 3200
2024-06-11 02:36 | INFO | Query 58 Size of the uncertainty table is = 59788/145310
2024-06-11 02:36 | INFO | Query 58 Size of the filtered table is = 1453
2024-06-11 02:45 | INFO | Query 58 Active Learning Random Query Runtime on Validation Set: 14512839.67
2024-06-11 02:45 | INFO | Query 58 Active Learning Random Query Runtime on Test Set: 3115001.08
2024-06-11 02:45 | INFO | Query 58 Active Learning Random Query Instance Cost: 50926594.87
2024-06-11 02:45 | INFO | Timeout limit is increased to 3300
2024-06-11 02:45 | INFO | Query 59 Size of the uncertainty table is = 59782/145310
2024-06-11 02:45 | INFO | Query 59 Size of the filtered table is = 1453
2024-06-11 02:53 | INFO | Query 59 Active Learning Random Query Runtime on Validation Set: 15410867.77
2024-06-11 02:53 | INFO | Query 59 Active Learning Random Query Runtime on Test Set: 3150996.77
2024-06-11 02:53 | INFO | Query 59 Active Learning Random Query Instance Cost: 52009189.09
2024-06-11 02:53 | INFO | Timeout limit is increased to 3400
2024-06-11 02:53 | INFO | Query 60 Size of the uncertainty table is = 59775/145310
2024-06-11 02:53 | INFO | Query 60 Size of the filtered table is = 1453
2024-06-11 03:02 | INFO | Query 60 Active Learning Random Query Runtime on Validation Set: 15410867.77
2024-06-11 03:02 | INFO | Query 60 Active Learning Random Query Runtime on Test Set: 3150996.77
2024-06-11 03:02 | INFO | Query 60 Active Learning Random Query Instance Cost: 53162640.56
2024-06-11 03:02 | INFO | Timeout limit is increased to 3500
2024-06-11 03:02 | INFO | Query 61 Size of the uncertainty table is = 59768/145310
2024-06-11 03:02 | INFO | Query 61 Size of the filtered table is = 1453
2024-06-11 03:10 | INFO | Query 61 Active Learning Random Query Runtime on Validation Set: 15482863.43
2024-06-11 03:10 | INFO | Query 61 Active Learning Random Query Runtime on Test Set: 3151006.16
2024-06-11 03:10 | INFO | Query 61 Active Learning Random Query Instance Cost: 54412809.42
2024-06-11 03:10 | INFO | Timeout limit is increased to 3600
2024-06-11 03:10 | INFO | Query 62 Size of the uncertainty table is = 59759/145310
2024-06-11 03:10 | INFO | Query 62 Size of the filtered table is = 1453
2024-06-11 03:19 | INFO | Query 62 Active Learning Random Query Runtime on Validation Set: 15482863.43
2024-06-11 03:19 | INFO | Query 62 Active Learning Random Query Runtime on Test Set: 3151006.16
2024-06-11 03:19 | INFO | Query 62 Active Learning Random Query Instance Cost: 55743104.24
2024-06-11 03:19 | INFO | Timeout limit is increased to 3600
2024-06-11 03:19 | INFO | runtime_train_score is written as json file
2024-06-11 03:19 | INFO | runtime_test_score is written as json file
2024-06-11 03:19 | INFO | runtime_validation_score is written as json file
2024-06-11 03:19 | INFO | instance_cost is written as json file
2024-06-11 03:19 | INFO | Experiment is finished
