2024-06-10 20:27 | INFO | Paramaters are: {'dataset': 'BNSL-2016', 'penalty': 10, 'weight': 'No_Weight', 'voting': 'Hard', 'pre_selection_size': 64, 'pre_selection_technique': 'No_pre_selection', 'feature_elimination_threshold': 20, 'imputer_strategy': 'median', 'feature_selection_technique': 'No_feature_selection', 'feature_scaling_technique': 'StandardScaler', 'initial_train_size': 20, 'query_size': 1, 'timeout_predictor_usage': 'No', 'timeout_limit': 3600, 'timeout_increase_rate': 100, 'RANDOM_STATE_SEED': 123, 'n_splits': 10, 'split_number': 9, 'max_timeout': 3600, 'param_grid': {'n_estimators': 100, 'criterion': 'gini', 'max_features': 'sqrt', 'max_depth': 2147483648, 'min_samples_split': 2, 'bootstrap': True}}
2024-06-10 20:27 | INFO | BNSL-2016 is current dataset
2024-06-10 20:27 | INFO | DATASETS/BNSL-2016/algorithm_runs.arff is found
2024-06-10 20:27 | INFO | DATASETS/BNSL-2016/algorithm_runs.arff is finished
2024-06-10 20:27 | INFO | DATASETS/BNSL-2016/feature_values.arff is found
2024-06-10 20:27 | INFO | DATASETS/BNSL-2016/feature_values.arff is finished
2024-06-10 20:27 | INFO | DATASETS/BNSL-2016/feature_costs.arff is found
2024-06-10 20:27 | INFO | DATASETS/BNSL-2016/feature_costs.arff is finished
2024-06-10 20:27 | INFO | Feature cost of train set is 13395.0
2024-06-10 20:28 | INFO | Initial Active Learning Random Query Runtime on Validation Set: 362401.73
2024-06-10 20:28 | INFO | Initial Active Learning Random Query Runtime on Test Set: 308939.31
2024-06-10 20:28 | INFO | Initial Active Learning Random Query Instance Cost: 219025.3
2024-06-10 20:28 | INFO | Bin size = 232
2024-06-10 20:28 | INFO | Query 1 Size of the uncertainty table is = 23212/23212
2024-06-10 20:28 | INFO | Query 1 Size of the filtered table is = 232
2024-06-10 20:30 | INFO | Query 1 Active Learning Random Query Runtime on Validation Set: 402700.38
2024-06-10 20:30 | INFO | Query 1 Active Learning Random Query Runtime on Test Set: 248849.04
2024-06-10 20:30 | INFO | Query 1 Active Learning Random Query Instance Cost: 781011.37
2024-06-10 20:30 | INFO | Timeout limit is increased to 3600
2024-06-10 20:30 | INFO | Query 2 Size of the uncertainty table is = 22920/23212
2024-06-10 20:30 | INFO | Query 2 Size of the filtered table is = 232
2024-06-10 20:31 | INFO | Query 2 Active Learning Random Query Runtime on Validation Set: 315786.36
2024-06-10 20:31 | INFO | Query 2 Active Learning Random Query Runtime on Test Set: 279362.99
2024-06-10 20:31 | INFO | Query 2 Active Learning Random Query Instance Cost: 1346536.53
2024-06-10 20:31 | INFO | Query 3 Size of the uncertainty table is = 22523/23212
2024-06-10 20:31 | INFO | Query 3 Size of the filtered table is = 232
2024-06-10 20:33 | INFO | Query 3 Active Learning Random Query Runtime on Validation Set: 349190.88
2024-06-10 20:33 | INFO | Query 3 Active Learning Random Query Runtime on Test Set: 180640.11
2024-06-10 20:33 | INFO | Query 3 Active Learning Random Query Instance Cost: 1833862.72
2024-06-10 20:33 | INFO | Timeout limit is increased to 3600
2024-06-10 20:33 | INFO | Query 4 Size of the uncertainty table is = 21918/23212
2024-06-10 20:33 | INFO | Query 4 Size of the filtered table is = 232
2024-06-10 20:34 | INFO | Query 4 Active Learning Random Query Runtime on Validation Set: 277223.22
2024-06-10 20:34 | INFO | Query 4 Active Learning Random Query Runtime on Test Set: 153028.18
2024-06-10 20:34 | INFO | Query 4 Active Learning Random Query Instance Cost: 2303875.23
2024-06-10 20:34 | INFO | Query 5 Size of the uncertainty table is = 21231/23212
2024-06-10 20:34 | INFO | Query 5 Size of the filtered table is = 232
2024-06-10 20:35 | INFO | Query 5 Active Learning Random Query Runtime on Validation Set: 337267.55
2024-06-10 20:35 | INFO | Query 5 Active Learning Random Query Runtime on Test Set: 190060.63
2024-06-10 20:35 | INFO | Query 5 Active Learning Random Query Instance Cost: 2758154.22
2024-06-10 20:35 | INFO | Timeout limit is increased to 3600
2024-06-10 20:35 | INFO | Query 6 Size of the uncertainty table is = 20456/23212
2024-06-10 20:35 | INFO | Query 6 Size of the filtered table is = 232
2024-06-10 20:37 | INFO | Query 6 Active Learning Random Query Runtime on Validation Set: 415740.56
2024-06-10 20:37 | INFO | Query 6 Active Learning Random Query Runtime on Test Set: 117206.62
2024-06-10 20:37 | INFO | Query 6 Active Learning Random Query Instance Cost: 3158458.49
2024-06-10 20:37 | INFO | Timeout limit is increased to 3600
2024-06-10 20:37 | INFO | Query 7 Size of the uncertainty table is = 19635/23212
2024-06-10 20:37 | INFO | Query 7 Size of the filtered table is = 232
2024-06-10 20:38 | INFO | Query 7 Active Learning Random Query Runtime on Validation Set: 443575.33
2024-06-10 20:38 | INFO | Query 7 Active Learning Random Query Runtime on Test Set: 154242.41
2024-06-10 20:38 | INFO | Query 7 Active Learning Random Query Instance Cost: 3619347.2
2024-06-10 20:38 | INFO | Timeout limit is increased to 3600
2024-06-10 20:38 | INFO | Query 8 Size of the uncertainty table is = 18681/23212
2024-06-10 20:38 | INFO | Query 8 Size of the filtered table is = 232
2024-06-10 20:40 | INFO | Query 8 Active Learning Random Query Runtime on Validation Set: 313127.86
2024-06-10 20:40 | INFO | Query 8 Active Learning Random Query Runtime on Test Set: 146258.63
2024-06-10 20:40 | INFO | Query 8 Active Learning Random Query Instance Cost: 4051737.6
2024-06-10 20:40 | INFO | Query 9 Size of the uncertainty table is = 17652/23212
2024-06-10 20:40 | INFO | Query 9 Size of the filtered table is = 232
2024-06-10 20:41 | INFO | Query 9 Active Learning Random Query Runtime on Validation Set: 266858.33
2024-06-10 20:41 | INFO | Query 9 Active Learning Random Query Runtime on Test Set: 144141.26
2024-06-10 20:41 | INFO | Query 9 Active Learning Random Query Instance Cost: 4421488.15
2024-06-10 20:41 | INFO | Query 10 Size of the uncertainty table is = 16638/23212
2024-06-10 20:41 | INFO | Query 10 Size of the filtered table is = 232
2024-06-10 20:43 | INFO | Query 10 Active Learning Random Query Runtime on Validation Set: 339973.57
2024-06-10 20:43 | INFO | Query 10 Active Learning Random Query Runtime on Test Set: 114610.63
2024-06-10 20:43 | INFO | Query 10 Active Learning Random Query Instance Cost: 4784004.47
2024-06-10 20:43 | INFO | Timeout limit is increased to 3600
2024-06-10 20:43 | INFO | Query 11 Size of the uncertainty table is = 15489/23212
2024-06-10 20:43 | INFO | Query 11 Size of the filtered table is = 232
2024-06-10 20:44 | INFO | Query 11 Active Learning Random Query Runtime on Validation Set: 341698.61
2024-06-10 20:44 | INFO | Query 11 Active Learning Random Query Runtime on Test Set: 109216.15
2024-06-10 20:44 | INFO | Query 11 Active Learning Random Query Instance Cost: 5195536.7
2024-06-10 20:44 | INFO | Timeout limit is increased to 3600
2024-06-10 20:44 | INFO | Query 12 Size of the uncertainty table is = 14323/23212
2024-06-10 20:44 | INFO | Query 12 Size of the filtered table is = 232
2024-06-10 20:46 | INFO | Query 12 Active Learning Random Query Runtime on Validation Set: 237120.15
2024-06-10 20:46 | INFO | Query 12 Active Learning Random Query Runtime on Test Set: 78460.57
2024-06-10 20:46 | INFO | Query 12 Active Learning Random Query Instance Cost: 5567664.93
2024-06-10 20:46 | INFO | Query 13 Size of the uncertainty table is = 13148/23212
2024-06-10 20:46 | INFO | Query 13 Size of the filtered table is = 232
2024-06-10 20:47 | INFO | Query 13 Active Learning Random Query Runtime on Validation Set: 376967.02
2024-06-10 20:47 | INFO | Query 13 Active Learning Random Query Runtime on Test Set: 78653.3
2024-06-10 20:47 | INFO | Query 13 Active Learning Random Query Instance Cost: 5931342.57
2024-06-10 20:47 | INFO | Timeout limit is increased to 3600
2024-06-10 20:47 | INFO | Query 14 Size of the uncertainty table is = 11893/23212
2024-06-10 20:47 | INFO | Query 14 Size of the filtered table is = 232
2024-06-10 20:48 | INFO | Query 14 Active Learning Random Query Runtime on Validation Set: 238403.49
2024-06-10 20:48 | INFO | Query 14 Active Learning Random Query Runtime on Test Set: 78456.04
2024-06-10 20:48 | INFO | Query 14 Active Learning Random Query Instance Cost: 6279525.24
2024-06-10 20:49 | INFO | Query 15 Size of the uncertainty table is = 10595/23212
2024-06-10 20:49 | INFO | Query 15 Size of the filtered table is = 232
2024-06-10 20:50 | INFO | Query 15 Active Learning Random Query Runtime on Validation Set: 276621.94
2024-06-10 20:50 | INFO | Query 15 Active Learning Random Query Runtime on Test Set: 78352.58
2024-06-10 20:50 | INFO | Query 15 Active Learning Random Query Instance Cost: 6582117.22
2024-06-10 20:50 | INFO | Timeout limit is increased to 3600
2024-06-10 20:50 | INFO | Query 16 Size of the uncertainty table is = 9301/23212
2024-06-10 20:50 | INFO | Query 16 Size of the filtered table is = 232
2024-06-10 20:52 | INFO | Query 16 Active Learning Random Query Runtime on Validation Set: 241692.12
2024-06-10 20:52 | INFO | Query 16 Active Learning Random Query Runtime on Test Set: 108807.83
2024-06-10 20:52 | INFO | Query 16 Active Learning Random Query Instance Cost: 6857790.1
2024-06-10 20:52 | INFO | Query 17 Size of the uncertainty table is = 8042/23212
2024-06-10 20:52 | INFO | Query 17 Size of the filtered table is = 232
2024-06-10 20:53 | INFO | Query 17 Active Learning Random Query Runtime on Validation Set: 379110.69
2024-06-10 20:53 | INFO | Query 17 Active Learning Random Query Runtime on Test Set: 77669.67
2024-06-10 20:53 | INFO | Query 17 Active Learning Random Query Instance Cost: 7155447.2
2024-06-10 20:53 | INFO | Timeout limit is increased to 3600
2024-06-10 20:53 | INFO | Query 18 Size of the uncertainty table is = 6738/23212
2024-06-10 20:53 | INFO | Query 18 Size of the filtered table is = 232
2024-06-10 20:55 | INFO | Query 18 Active Learning Random Query Runtime on Validation Set: 418836.85
2024-06-10 20:55 | INFO | Query 18 Active Learning Random Query Runtime on Test Set: 77301.99
2024-06-10 20:55 | INFO | Query 18 Active Learning Random Query Instance Cost: 7394172.33
2024-06-10 20:55 | INFO | Timeout limit is increased to 3600
2024-06-10 20:55 | INFO | Query 19 Size of the uncertainty table is = 5435/23212
2024-06-10 20:55 | INFO | Query 19 Size of the filtered table is = 232
2024-06-10 20:56 | INFO | Query 19 Active Learning Random Query Runtime on Validation Set: 380271.5
2024-06-10 20:56 | INFO | Query 19 Active Learning Random Query Runtime on Test Set: 77249.8
2024-06-10 20:56 | INFO | Query 19 Active Learning Random Query Instance Cost: 7661111.1
2024-06-10 20:56 | INFO | Query 20 Size of the uncertainty table is = 4108/23212
2024-06-10 20:56 | INFO | Query 20 Size of the filtered table is = 232
2024-06-10 20:58 | INFO | Query 20 Active Learning Random Query Runtime on Validation Set: 494112.42
2024-06-10 20:58 | INFO | Query 20 Active Learning Random Query Runtime on Test Set: 76822.61
2024-06-10 20:58 | INFO | Query 20 Active Learning Random Query Instance Cost: 7896006.51
2024-06-10 20:58 | INFO | Timeout limit is increased to 3600
2024-06-10 20:58 | INFO | Query 21 Size of the uncertainty table is = 2793/23212
2024-06-10 20:58 | INFO | Query 21 Size of the filtered table is = 232
2024-06-10 20:59 | INFO | Query 21 Active Learning Random Query Runtime on Validation Set: 449715.27
2024-06-10 20:59 | INFO | Query 21 Active Learning Random Query Runtime on Test Set: 76745.21
2024-06-10 20:59 | INFO | Query 21 Active Learning Random Query Instance Cost: 8098120.99
2024-06-10 20:59 | INFO | Query 22 Size of the uncertainty table is = 1539/23212
2024-06-10 20:59 | INFO | Query 22 Size of the filtered table is = 232
2024-06-10 21:01 | INFO | Query 22 Active Learning Random Query Runtime on Validation Set: 480126.35
2024-06-10 21:01 | INFO | Query 22 Active Learning Random Query Runtime on Test Set: 77019.01
2024-06-10 21:01 | INFO | Query 22 Active Learning Random Query Instance Cost: 8277717.99
2024-06-10 21:01 | INFO | Timeout limit is increased to 3600
2024-06-10 21:01 | INFO | Query 23 Size of the uncertainty table is = 431/23212
2024-06-10 21:01 | INFO | Query 23 Size of the filtered table is = 232
2024-06-10 21:02 | INFO | Query 23 Active Learning Random Query Runtime on Validation Set: 513332.89
2024-06-10 21:02 | INFO | Query 23 Active Learning Random Query Runtime on Test Set: 76741.67
2024-06-10 21:02 | INFO | Query 23 Active Learning Random Query Instance Cost: 8351957.58
2024-06-10 21:02 | INFO | Timeout limit is increased to 3600
2024-06-10 21:02 | INFO | Query 24 Size of the uncertainty table is = 7/23212
2024-06-10 21:02 | INFO | Query 24 Size of the filtered table is = 7
2024-06-10 21:04 | INFO | Query 24 Active Learning Random Query Runtime on Validation Set: 476119.13
2024-06-10 21:04 | INFO | Query 24 Active Learning Random Query Runtime on Test Set: 76710.65
2024-06-10 21:04 | INFO | Query 24 Active Learning Random Query Instance Cost: 8352280.31
2024-06-10 21:04 | INFO | runtime_train_score is written as json file
2024-06-10 21:04 | INFO | runtime_test_score is written as json file
2024-06-10 21:04 | INFO | runtime_validation_score is written as json file
2024-06-10 21:04 | INFO | instance_cost is written as json file
2024-06-10 21:04 | INFO | Experiment is finished
