2025-02-10 21:15 | INFO | Paramaters are: {'dataset': 'SAT11-RAND', 'penalty': 10, 'weight': 'No_Weight', 'voting': 'Hard', 'pre_selection_size': 64, 'pre_selection_technique': 'No_pre_selection', 'feature_elimination_threshold': 20, 'imputer_strategy': 'median', 'feature_selection_technique': 'No_feature_selection', 'feature_scaling_technique': 'StandardScaler', 'priority': {'PredDiff': 'max', 'Uncertainty': 'max', 'PredCost': 'min'}, 'initial_train_size': 20, 'query_size': 1, 'timeout_predictor_usage': 'No', 'timeout_limit': 3600, 'timeout_increase_rate': 100, 'penalty_type': 'Only-timeout-penalty', 'RANDOM_STATE_SEED': 99, 'n_splits': 10, 'split_number': 6, 'max_timeout': 3600, 'param_grid': {'n_estimators': 100, 'max_features': 'sqrt', 'max_depth': 2147483648, 'min_samples_split': 2, 'bootstrap': True}}
2025-02-10 21:15 | INFO | SAT11-RAND is current dataset
2025-02-10 21:15 | INFO | DATASETS/SAT11-RAND/algorithm_runs.arff is found
2025-02-10 21:15 | INFO | DATASETS/SAT11-RAND/algorithm_runs.arff is finished
2025-02-10 21:15 | INFO | DATASETS/SAT11-RAND/feature_values.arff is found
2025-02-10 21:15 | INFO | DATASETS/SAT11-RAND/feature_values.arff is finished
2025-02-10 21:15 | INFO | DATASETS/SAT11-RAND/feature_costs.arff is found
2025-02-10 21:15 | INFO | DATASETS/SAT11-RAND/feature_costs.arff is finished
2025-02-10 21:15 | INFO | Virtual best solver time in train = 78109.76
2025-02-10 21:15 | INFO | Single best solver list train = {'EagleUP_1.565.350': 3996874.34, 'MPhaseSAT_M_2011-02-16': 4242522.06, 'SAT09referencesolverTNM_2009-03-22': 4167267.62, 'SAT09referencesolvergnovelty+2_2009-03-22': 5043219.96, 'SAT09referencesolvermarch_hi_hi': 7383961.27, 'adaptg2wsat2011_2011-03-02': 4038601.01, 'march_rw_2011-03-02': 7408831.35, 'sattime2011_2011-03-02': 3819769.03, 'sparrow2011_sparrow2011_ubcsat1.2_2011-03-02': 2850142.03}
2025-02-10 21:15 | INFO | Single best solver time train = sparrow2011_sparrow2011_ubcsat1.2_2011-03-02 (2850142.03)
2025-02-10 21:15 | INFO | Virtual best solver time in validation = 30380.94
2025-02-10 21:15 | INFO | Single best solver list validation = {'EagleUP_1.565.350': 1224459.2, 'MPhaseSAT_M_2011-02-16': 186016.13, 'SAT09referencesolverTNM_2009-03-22': 1224377.91, 'SAT09referencesolvergnovelty+2_2009-03-22': 1224431.05, 'SAT09referencesolvermarch_hi_hi': 655852.51, 'adaptg2wsat2011_2011-03-02': 1224458.99, 'march_rw_2011-03-02': 656595.8, 'sattime2011_2011-03-02': 1224756.11, 'sparrow2011_sparrow2011_ubcsat1.2_2011-03-02': 1224592.0}
2025-02-10 21:15 | INFO | Single best solver time validation = MPhaseSAT_M_2011-02-16 (186016.13)
2025-02-10 21:15 | INFO | Virtual best solver time in test = 17708.55
2025-02-10 21:15 | INFO | Single best solver list test = {'EagleUP_1.565.350': 729204.03, 'MPhaseSAT_M_2011-02-16': 437448.37, 'SAT09referencesolverTNM_2009-03-22': 769775.93, 'SAT09referencesolvergnovelty+2_2009-03-22': 802366.55, 'SAT09referencesolvermarch_hi_hi': 771818.67, 'adaptg2wsat2011_2011-03-02': 729677.65, 'march_rw_2011-03-02': 740773.39, 'sattime2011_2011-03-02': 763450.41, 'sparrow2011_sparrow2011_ubcsat1.2_2011-03-02': 655079.53}
2025-02-10 21:15 | INFO | Single best solver time test = MPhaseSAT_M_2011-02-16 (437448.37)
2025-02-10 21:15 | INFO | Training Time Passive Learning Classifier: 4.17 seconds
2025-02-10 21:15 | INFO | Training Time Passive Learning Regressor: 1.42 seconds
2025-02-10 21:16 | INFO | Passive Learning Classifier Runtime on Validation Set: 192299.21
2025-02-10 21:16 | INFO | Passive Learning Classifier Runtime on Test Set: 163444.02
2025-02-10 21:16 | INFO | Passive Learning Instance Cost: 4881188.67
2025-02-10 21:16 | INFO | Passive Learning Emissions: 0.00023016302833496577
2025-02-10 21:16 | INFO | Passive Learning Energy Consumption: 0.00025042325218900156 kWh
2025-02-10 21:16 | INFO | Training Time Active Learning Classifier: 2.07 seconds
2025-02-10 21:16 | INFO | Training Time Active Learning Regressor: 0.43 seconds
2025-02-10 21:16 | INFO | Initial Active Learning Runtime on Validation Set: 164933.26
2025-02-10 21:16 | INFO | Initial Active Learning Runtime on Test Set: 198784.18
2025-02-10 21:16 | INFO | Initial Active Learning Instance Cost: 321530.57
2025-02-10 21:16 | INFO | Bin size = 121
2025-02-10 21:16 | INFO | Query 1 Size of the uncertainty table is = 12024/12024
2025-02-10 21:16 | INFO | Query 1 Size of the filtered table is = 121
2025-02-10 21:16 | INFO | Training Time Active Learning Classifier: 1.97 seconds
2025-02-10 21:16 | INFO | Training Time Active Learning Regressor: 0.46 seconds
2025-02-10 21:16 | INFO | Query 1 Active Learning Runtime on Validation Set: 164933.26
2025-02-10 21:16 | INFO | Query 1 Active Learning Runtime on Test Set: 198784.18
2025-02-10 21:16 | INFO | Query 1 Active Learning Instance Cost: 753508.43
2025-02-10 21:16 | INFO | Timeout limit is increased to 3600
2025-02-10 21:16 | INFO | Query 2 Size of the uncertainty table is = 11830/12024
2025-02-10 21:16 | INFO | Query 2 Size of the filtered table is = 121
2025-02-10 21:16 | INFO | Training Time Active Learning Classifier: 1.98 seconds
2025-02-10 21:16 | INFO | Training Time Active Learning Regressor: 0.48 seconds
2025-02-10 21:17 | INFO | Query 2 Active Learning Runtime on Validation Set: 164933.26
2025-02-10 21:17 | INFO | Query 2 Active Learning Runtime on Test Set: 198784.18
2025-02-10 21:17 | INFO | Query 2 Active Learning Instance Cost: 1186338.95
2025-02-10 21:17 | INFO | Timeout limit is increased to 3600
2025-02-10 21:17 | INFO | Query 3 Size of the uncertainty table is = 11630/12024
2025-02-10 21:17 | INFO | Query 3 Size of the filtered table is = 121
2025-02-10 21:17 | INFO | Training Time Active Learning Classifier: 2.06 seconds
2025-02-10 21:17 | INFO | Training Time Active Learning Regressor: 0.5 seconds
2025-02-10 21:17 | INFO | Query 3 Active Learning Runtime on Validation Set: 196534.69999999998
2025-02-10 21:17 | INFO | Query 3 Active Learning Runtime on Test Set: 198785.65
2025-02-10 21:17 | INFO | Query 3 Active Learning Instance Cost: 1335524.85
2025-02-10 21:17 | INFO | Timeout limit is increased to 3600
2025-02-10 21:17 | INFO | Query 4 Size of the uncertainty table is = 11421/12024
2025-02-10 21:17 | INFO | Query 4 Size of the filtered table is = 121
2025-02-10 21:17 | INFO | Training Time Active Learning Classifier: 2.01 seconds
2025-02-10 21:17 | INFO | Training Time Active Learning Regressor: 0.54 seconds
2025-02-10 21:17 | INFO | Query 4 Active Learning Runtime on Validation Set: 47371.469999999994
2025-02-10 21:17 | INFO | Query 4 Active Learning Runtime on Test Set: 167210.8
2025-02-10 21:17 | INFO | Query 4 Active Learning Instance Cost: 1611919.75
2025-02-10 21:17 | INFO | Query 5 Size of the uncertainty table is = 11182/12024
2025-02-10 21:17 | INFO | Query 5 Size of the filtered table is = 121
2025-02-10 21:17 | INFO | Training Time Active Learning Classifier: 2.02 seconds
2025-02-10 21:17 | INFO | Training Time Active Learning Regressor: 0.56 seconds
2025-02-10 21:18 | INFO | Query 5 Active Learning Runtime on Validation Set: 48456.5
2025-02-10 21:18 | INFO | Query 5 Active Learning Runtime on Test Set: 167514.41999999998
2025-02-10 21:18 | INFO | Query 5 Active Learning Instance Cost: 1878308.98
2025-02-10 21:18 | INFO | Timeout limit is increased to 3600
2025-02-10 21:18 | INFO | Query 6 Size of the uncertainty table is = 10849/12024
2025-02-10 21:18 | INFO | Query 6 Size of the filtered table is = 121
2025-02-10 21:18 | INFO | Training Time Active Learning Classifier: 2.06 seconds
2025-02-10 21:18 | INFO | Training Time Active Learning Regressor: 0.6 seconds
2025-02-10 21:18 | INFO | Query 6 Active Learning Runtime on Validation Set: 136374.02
2025-02-10 21:18 | INFO | Query 6 Active Learning Runtime on Test Set: 198775.66999999998
2025-02-10 21:18 | INFO | Query 6 Active Learning Instance Cost: 2027407.57
2025-02-10 21:18 | INFO | Timeout limit is increased to 3600
2025-02-10 21:18 | INFO | Query 7 Size of the uncertainty table is = 10533/12024
2025-02-10 21:18 | INFO | Query 7 Size of the filtered table is = 121
2025-02-10 21:18 | INFO | Training Time Active Learning Classifier: 2.18 seconds
2025-02-10 21:18 | INFO | Training Time Active Learning Regressor: 0.62 seconds
2025-02-10 21:18 | INFO | Query 7 Active Learning Runtime on Validation Set: 50514.27
2025-02-10 21:18 | INFO | Query 7 Active Learning Runtime on Test Set: 167139.85
2025-02-10 21:18 | INFO | Query 7 Active Learning Instance Cost: 2071525.01
2025-02-10 21:18 | INFO | Query 8 Size of the uncertainty table is = 10235/12024
2025-02-10 21:18 | INFO | Query 8 Size of the filtered table is = 121
2025-02-10 21:18 | INFO | Training Time Active Learning Classifier: 2.16 seconds
2025-02-10 21:18 | INFO | Training Time Active Learning Regressor: 0.65 seconds
2025-02-10 21:19 | INFO | Query 8 Active Learning Runtime on Validation Set: 192519.3
2025-02-10 21:19 | INFO | Query 8 Active Learning Runtime on Test Set: 231818.84
2025-02-10 21:19 | INFO | Query 8 Active Learning Instance Cost: 2114193.66
2025-02-10 21:19 | INFO | Timeout limit is increased to 3600
2025-02-10 21:19 | INFO | Query 9 Size of the uncertainty table is = 9925/12024
2025-02-10 21:19 | INFO | Query 9 Size of the filtered table is = 121
2025-02-10 21:19 | INFO | Training Time Active Learning Classifier: 2.19 seconds
2025-02-10 21:19 | INFO | Training Time Active Learning Regressor: 0.67 seconds
2025-02-10 21:19 | INFO | Query 9 Active Learning Runtime on Validation Set: 192519.28
2025-02-10 21:19 | INFO | Query 9 Active Learning Runtime on Test Set: 230467.66
2025-02-10 21:19 | INFO | Query 9 Active Learning Instance Cost: 2196078.95
2025-02-10 21:19 | INFO | Query 10 Size of the uncertainty table is = 9630/12024
2025-02-10 21:19 | INFO | Query 10 Size of the filtered table is = 121
2025-02-10 21:19 | INFO | Training Time Active Learning Classifier: 2.24 seconds
2025-02-10 21:19 | INFO | Training Time Active Learning Regressor: 0.69 seconds
2025-02-10 21:19 | INFO | Query 10 Active Learning Runtime on Validation Set: 192519.3
2025-02-10 21:19 | INFO | Query 10 Active Learning Runtime on Test Set: 231229.1
2025-02-10 21:19 | INFO | Query 10 Active Learning Instance Cost: 2263861.48
2025-02-10 21:19 | INFO | Timeout limit is increased to 3600
2025-02-10 21:20 | INFO | Query 11 Size of the uncertainty table is = 9300/12024
2025-02-10 21:20 | INFO | Query 11 Size of the filtered table is = 121
2025-02-10 21:20 | INFO | Training Time Active Learning Classifier: 2.29 seconds
2025-02-10 21:20 | INFO | Training Time Active Learning Regressor: 0.71 seconds
2025-02-10 21:20 | INFO | Query 11 Active Learning Runtime on Validation Set: 192519.3
2025-02-10 21:20 | INFO | Query 11 Active Learning Runtime on Test Set: 195274.63
2025-02-10 21:20 | INFO | Query 11 Active Learning Instance Cost: 2343316.6
2025-02-10 21:20 | INFO | Timeout limit is increased to 3600
2025-02-10 21:20 | INFO | Query 12 Size of the uncertainty table is = 8912/12024
2025-02-10 21:20 | INFO | Query 12 Size of the filtered table is = 121
2025-02-10 21:20 | INFO | Training Time Active Learning Classifier: 2.36 seconds
2025-02-10 21:20 | INFO | Training Time Active Learning Regressor: 0.75 seconds
2025-02-10 21:20 | INFO | Query 12 Active Learning Runtime on Validation Set: 192497.24
2025-02-10 21:20 | INFO | Query 12 Active Learning Runtime on Test Set: 162637.19
2025-02-10 21:20 | INFO | Query 12 Active Learning Instance Cost: 2469877.39
2025-02-10 21:20 | INFO | Query 13 Size of the uncertainty table is = 8525/12024
2025-02-10 21:20 | INFO | Query 13 Size of the filtered table is = 121
2025-02-10 21:20 | INFO | Training Time Active Learning Classifier: 2.47 seconds
2025-02-10 21:20 | INFO | Training Time Active Learning Regressor: 0.78 seconds
2025-02-10 21:21 | INFO | Query 13 Active Learning Runtime on Validation Set: 192433.52
2025-02-10 21:21 | INFO | Query 13 Active Learning Runtime on Test Set: 161045.63999999998
2025-02-10 21:21 | INFO | Query 13 Active Learning Instance Cost: 2603548.76
2025-02-10 21:21 | INFO | Query 14 Size of the uncertainty table is = 8284/12024
2025-02-10 21:21 | INFO | Query 14 Size of the filtered table is = 121
2025-02-10 21:21 | INFO | Training Time Active Learning Classifier: 2.45 seconds
2025-02-10 21:21 | INFO | Training Time Active Learning Regressor: 0.81 seconds
2025-02-10 21:21 | INFO | Query 14 Active Learning Runtime on Validation Set: 192511.26
2025-02-10 21:21 | INFO | Query 14 Active Learning Runtime on Test Set: 196881.06
2025-02-10 21:21 | INFO | Query 14 Active Learning Instance Cost: 2692888.12
2025-02-10 21:21 | INFO | Timeout limit is increased to 3600
2025-02-10 21:21 | INFO | Query 15 Size of the uncertainty table is = 8017/12024
2025-02-10 21:21 | INFO | Query 15 Size of the filtered table is = 121
2025-02-10 21:21 | INFO | Training Time Active Learning Classifier: 2.52 seconds
2025-02-10 21:21 | INFO | Training Time Active Learning Regressor: 0.84 seconds
2025-02-10 21:21 | INFO | Query 15 Active Learning Runtime on Validation Set: 192708.75
2025-02-10 21:21 | INFO | Query 15 Active Learning Runtime on Test Set: 271834.77
2025-02-10 21:21 | INFO | Query 15 Active Learning Instance Cost: 2772510.13
2025-02-10 21:21 | INFO | Timeout limit is increased to 3600
2025-02-10 21:21 | INFO | Query 16 Size of the uncertainty table is = 7654/12024
2025-02-10 21:21 | INFO | Query 16 Size of the filtered table is = 121
2025-02-10 21:21 | INFO | Training Time Active Learning Classifier: 2.61 seconds
2025-02-10 21:21 | INFO | Training Time Active Learning Regressor: 0.87 seconds
2025-02-10 21:22 | INFO | Query 16 Active Learning Runtime on Validation Set: 192831.01
2025-02-10 21:22 | INFO | Query 16 Active Learning Runtime on Test Set: 236809.16
2025-02-10 21:22 | INFO | Query 16 Active Learning Instance Cost: 2827127.23
2025-02-10 21:22 | INFO | Timeout limit is increased to 3600
2025-02-10 21:22 | INFO | Query 17 Size of the uncertainty table is = 7191/12024
2025-02-10 21:22 | INFO | Query 17 Size of the filtered table is = 121
2025-02-10 21:22 | INFO | Training Time Active Learning Classifier: 2.65 seconds
2025-02-10 21:22 | INFO | Training Time Active Learning Regressor: 0.89 seconds
2025-02-10 21:22 | INFO | Query 17 Active Learning Runtime on Validation Set: 192721.65
2025-02-10 21:22 | INFO | Query 17 Active Learning Runtime on Test Set: 268853.61
2025-02-10 21:22 | INFO | Query 17 Active Learning Instance Cost: 2979003.68
2025-02-10 21:22 | INFO | Query 18 Size of the uncertainty table is = 6880/12024
2025-02-10 21:22 | INFO | Query 18 Size of the filtered table is = 121
2025-02-10 21:22 | INFO | Training Time Active Learning Classifier: 2.75 seconds
2025-02-10 21:22 | INFO | Training Time Active Learning Regressor: 0.9 seconds
2025-02-10 21:22 | INFO | Query 18 Active Learning Runtime on Validation Set: 192698.12
2025-02-10 21:22 | INFO | Query 18 Active Learning Runtime on Test Set: 268863.64
2025-02-10 21:22 | INFO | Query 18 Active Learning Instance Cost: 3070851.93
2025-02-10 21:23 | INFO | Query 19 Size of the uncertainty table is = 6616/12024
2025-02-10 21:23 | INFO | Query 19 Size of the filtered table is = 121
2025-02-10 21:23 | INFO | Training Time Active Learning Classifier: 2.8 seconds
2025-02-10 21:23 | INFO | Training Time Active Learning Regressor: 0.91 seconds
2025-02-10 21:23 | INFO | Query 19 Active Learning Runtime on Validation Set: 192803.51
2025-02-10 21:23 | INFO | Query 19 Active Learning Runtime on Test Set: 233195.29
2025-02-10 21:23 | INFO | Query 19 Active Learning Instance Cost: 3183900.24
2025-02-10 21:23 | INFO | Timeout limit is increased to 3600
2025-02-10 21:23 | INFO | Query 20 Size of the uncertainty table is = 6305/12024
2025-02-10 21:23 | INFO | Query 20 Size of the filtered table is = 121
2025-02-10 21:23 | INFO | Training Time Active Learning Classifier: 2.77 seconds
2025-02-10 21:23 | INFO | Training Time Active Learning Regressor: 0.93 seconds
2025-02-10 21:23 | INFO | Query 20 Active Learning Runtime on Validation Set: 192602.88999999998
2025-02-10 21:23 | INFO | Query 20 Active Learning Runtime on Test Set: 234716.88999999998
2025-02-10 21:23 | INFO | Query 20 Active Learning Instance Cost: 3243233.9
2025-02-10 21:23 | INFO | Query 21 Size of the uncertainty table is = 6061/12024
2025-02-10 21:23 | INFO | Query 21 Size of the filtered table is = 121
2025-02-10 21:23 | INFO | Training Time Active Learning Classifier: 2.81 seconds
2025-02-10 21:23 | INFO | Training Time Active Learning Regressor: 0.95 seconds
2025-02-10 21:24 | INFO | Query 21 Active Learning Runtime on Validation Set: 192289.85
2025-02-10 21:24 | INFO | Query 21 Active Learning Runtime on Test Set: 303555.91000000003
2025-02-10 21:24 | INFO | Query 21 Active Learning Instance Cost: 3333520.21
2025-02-10 21:24 | INFO | Query 22 Size of the uncertainty table is = 5776/12024
2025-02-10 21:24 | INFO | Query 22 Size of the filtered table is = 121
2025-02-10 21:24 | INFO | Training Time Active Learning Classifier: 2.87 seconds
2025-02-10 21:24 | INFO | Training Time Active Learning Regressor: 0.97 seconds
2025-02-10 21:24 | INFO | Query 22 Active Learning Runtime on Validation Set: 192046.19999999998
2025-02-10 21:24 | INFO | Query 22 Active Learning Runtime on Test Set: 303858.96
2025-02-10 21:24 | INFO | Query 22 Active Learning Instance Cost: 3427722.51
2025-02-10 21:24 | INFO | Query 23 Size of the uncertainty table is = 5493/12024
2025-02-10 21:24 | INFO | Query 23 Size of the filtered table is = 121
2025-02-10 21:24 | INFO | Training Time Active Learning Classifier: 2.98 seconds
2025-02-10 21:24 | INFO | Training Time Active Learning Regressor: 1.02 seconds
2025-02-10 21:24 | INFO | Query 23 Active Learning Runtime on Validation Set: 192409.88999999998
2025-02-10 21:24 | INFO | Query 23 Active Learning Runtime on Test Set: 268949.87
2025-02-10 21:24 | INFO | Query 23 Active Learning Instance Cost: 3476612.52
2025-02-10 21:24 | INFO | Timeout limit is increased to 3600
2025-02-10 21:24 | INFO | Query 24 Size of the uncertainty table is = 5064/12024
2025-02-10 21:24 | INFO | Query 24 Size of the filtered table is = 121
2025-02-10 21:24 | INFO | Training Time Active Learning Classifier: 3.05 seconds
2025-02-10 21:24 | INFO | Training Time Active Learning Regressor: 1.05 seconds
2025-02-10 21:25 | INFO | Query 24 Active Learning Runtime on Validation Set: 334597.14
2025-02-10 21:25 | INFO | Query 24 Active Learning Runtime on Test Set: 268609.79000000004
2025-02-10 21:25 | INFO | Query 24 Active Learning Instance Cost: 3571189.61
2025-02-10 21:25 | INFO | Timeout limit is increased to 3600
2025-02-10 21:25 | INFO | Query 25 Size of the uncertainty table is = 4683/12024
2025-02-10 21:25 | INFO | Query 25 Size of the filtered table is = 121
2025-02-10 21:25 | INFO | Training Time Active Learning Classifier: 3.11 seconds
2025-02-10 21:25 | INFO | Training Time Active Learning Regressor: 1.06 seconds
2025-02-10 21:25 | INFO | Query 25 Active Learning Runtime on Validation Set: 192384.69
2025-02-10 21:25 | INFO | Query 25 Active Learning Runtime on Test Set: 304743.44
2025-02-10 21:25 | INFO | Query 25 Active Learning Instance Cost: 3690649.07
2025-02-10 21:25 | INFO | Query 26 Size of the uncertainty table is = 4313/12024
2025-02-10 21:25 | INFO | Query 26 Size of the filtered table is = 121
2025-02-10 21:25 | INFO | Training Time Active Learning Classifier: 3.17 seconds
2025-02-10 21:25 | INFO | Training Time Active Learning Regressor: 1.09 seconds
2025-02-10 21:25 | INFO | Query 26 Active Learning Runtime on Validation Set: 263506.01
2025-02-10 21:25 | INFO | Query 26 Active Learning Runtime on Test Set: 231335.25
2025-02-10 21:25 | INFO | Query 26 Active Learning Instance Cost: 3786455.97
2025-02-10 21:25 | INFO | Timeout limit is increased to 3600
2025-02-10 21:25 | INFO | Query 27 Size of the uncertainty table is = 3988/12024
2025-02-10 21:25 | INFO | Query 27 Size of the filtered table is = 121
2025-02-10 21:26 | INFO | Training Time Active Learning Classifier: 3.3 seconds
2025-02-10 21:26 | INFO | Training Time Active Learning Regressor: 1.11 seconds
2025-02-10 21:26 | INFO | Query 27 Active Learning Runtime on Validation Set: 227884.83
2025-02-10 21:26 | INFO | Query 27 Active Learning Runtime on Test Set: 232648.23
2025-02-10 21:26 | INFO | Query 27 Active Learning Instance Cost: 3855619.76
2025-02-10 21:26 | INFO | Query 28 Size of the uncertainty table is = 3731/12024
2025-02-10 21:26 | INFO | Query 28 Size of the filtered table is = 121
2025-02-10 21:26 | INFO | Training Time Active Learning Classifier: 3.33 seconds
2025-02-10 21:26 | INFO | Training Time Active Learning Regressor: 1.11 seconds
2025-02-10 21:26 | INFO | Query 28 Active Learning Runtime on Validation Set: 192512.33
2025-02-10 21:26 | INFO | Query 28 Active Learning Runtime on Test Set: 266321.8
2025-02-10 21:26 | INFO | Query 28 Active Learning Instance Cost: 3934790.56
2025-02-10 21:26 | INFO | Query 29 Size of the uncertainty table is = 3454/12024
2025-02-10 21:26 | INFO | Query 29 Size of the filtered table is = 121
2025-02-10 21:26 | INFO | Training Time Active Learning Classifier: 3.33 seconds
2025-02-10 21:26 | INFO | Training Time Active Learning Regressor: 1.14 seconds
2025-02-10 21:27 | INFO | Query 29 Active Learning Runtime on Validation Set: 298943.53
2025-02-10 21:27 | INFO | Query 29 Active Learning Runtime on Test Set: 233089.48
2025-02-10 21:27 | INFO | Query 29 Active Learning Instance Cost: 4008457.57
2025-02-10 21:27 | INFO | Timeout limit is increased to 3600
2025-02-10 21:27 | INFO | Query 30 Size of the uncertainty table is = 3158/12024
2025-02-10 21:27 | INFO | Query 30 Size of the filtered table is = 121
2025-02-10 21:27 | INFO | Training Time Active Learning Classifier: 3.36 seconds
2025-02-10 21:27 | INFO | Training Time Active Learning Regressor: 1.16 seconds
2025-02-10 21:27 | INFO | Query 30 Active Learning Runtime on Validation Set: 263496.43
2025-02-10 21:27 | INFO | Query 30 Active Learning Runtime on Test Set: 266313.65
2025-02-10 21:27 | INFO | Query 30 Active Learning Instance Cost: 4125329.82
2025-02-10 21:27 | INFO | Query 31 Size of the uncertainty table is = 2882/12024
2025-02-10 21:27 | INFO | Query 31 Size of the filtered table is = 121
2025-02-10 21:27 | INFO | Training Time Active Learning Classifier: 3.43 seconds
2025-02-10 21:27 | INFO | Training Time Active Learning Regressor: 1.17 seconds
2025-02-10 21:27 | INFO | Query 31 Active Learning Runtime on Validation Set: 334594.4
2025-02-10 21:27 | INFO | Query 31 Active Learning Runtime on Test Set: 232378.11
2025-02-10 21:27 | INFO | Query 31 Active Learning Instance Cost: 4248975.29
2025-02-10 21:27 | INFO | Timeout limit is increased to 3600
2025-02-10 21:27 | INFO | Query 32 Size of the uncertainty table is = 2610/12024
2025-02-10 21:27 | INFO | Query 32 Size of the filtered table is = 121
2025-02-10 21:27 | INFO | Training Time Active Learning Classifier: 3.55 seconds
2025-02-10 21:27 | INFO | Training Time Active Learning Regressor: 1.19 seconds
2025-02-10 21:28 | INFO | Query 32 Active Learning Runtime on Validation Set: 228070.29
2025-02-10 21:28 | INFO | Query 32 Active Learning Runtime on Test Set: 162355.78
2025-02-10 21:28 | INFO | Query 32 Active Learning Instance Cost: 4383833.08
2025-02-10 21:28 | INFO | Query 33 Size of the uncertainty table is = 2324/12024
2025-02-10 21:28 | INFO | Query 33 Size of the filtered table is = 121
2025-02-10 21:28 | INFO | Training Time Active Learning Classifier: 3.62 seconds
2025-02-10 21:28 | INFO | Training Time Active Learning Regressor: 1.22 seconds
2025-02-10 21:28 | INFO | Query 33 Active Learning Runtime on Validation Set: 228138.15
2025-02-10 21:28 | INFO | Query 33 Active Learning Runtime on Test Set: 161784.22
2025-02-10 21:28 | INFO | Query 33 Active Learning Instance Cost: 4472048.89
2025-02-10 21:28 | INFO | Timeout limit is increased to 3600
2025-02-10 21:28 | INFO | Query 34 Size of the uncertainty table is = 2060/12024
2025-02-10 21:28 | INFO | Query 34 Size of the filtered table is = 121
2025-02-10 21:28 | INFO | Training Time Active Learning Classifier: 3.7 seconds
2025-02-10 21:28 | INFO | Training Time Active Learning Regressor: 1.24 seconds
2025-02-10 21:28 | INFO | Query 34 Active Learning Runtime on Validation Set: 192344.68
2025-02-10 21:28 | INFO | Query 34 Active Learning Runtime on Test Set: 161289.19
2025-02-10 21:28 | INFO | Query 34 Active Learning Instance Cost: 4571562.78
2025-02-10 21:28 | INFO | Query 35 Size of the uncertainty table is = 1737/12024
2025-02-10 21:28 | INFO | Query 35 Size of the filtered table is = 121
2025-02-10 21:28 | INFO | Training Time Active Learning Classifier: 3.73 seconds
2025-02-10 21:28 | INFO | Training Time Active Learning Regressor: 1.27 seconds
2025-02-10 21:29 | INFO | Query 35 Active Learning Runtime on Validation Set: 192366.04
2025-02-10 21:29 | INFO | Query 35 Active Learning Runtime on Test Set: 160614.53
2025-02-10 21:29 | INFO | Query 35 Active Learning Instance Cost: 4615595.47
2025-02-10 21:29 | INFO | Timeout limit is increased to 3600
2025-02-10 21:29 | INFO | Query 36 Size of the uncertainty table is = 1481/12024
2025-02-10 21:29 | INFO | Query 36 Size of the filtered table is = 121
2025-02-10 21:29 | INFO | Training Time Active Learning Classifier: 3.79 seconds
2025-02-10 21:29 | INFO | Training Time Active Learning Regressor: 1.32 seconds
2025-02-10 21:29 | INFO | Query 36 Active Learning Runtime on Validation Set: 192541.37
2025-02-10 21:29 | INFO | Query 36 Active Learning Runtime on Test Set: 198214.56
2025-02-10 21:29 | INFO | Query 36 Active Learning Instance Cost: 4658510.2
2025-02-10 21:29 | INFO | Timeout limit is increased to 3600
2025-02-10 21:29 | INFO | Query 37 Size of the uncertainty table is = 1192/12024
2025-02-10 21:29 | INFO | Query 37 Size of the filtered table is = 121
2025-02-10 21:29 | INFO | Training Time Active Learning Classifier: 3.9 seconds
2025-02-10 21:29 | INFO | Training Time Active Learning Regressor: 1.35 seconds
2025-02-10 21:29 | INFO | Query 37 Active Learning Runtime on Validation Set: 192347.77
2025-02-10 21:29 | INFO | Query 37 Active Learning Runtime on Test Set: 162535.16999999998
2025-02-10 21:29 | INFO | Query 37 Active Learning Instance Cost: 4778280.58
2025-02-10 21:29 | INFO | Query 38 Size of the uncertainty table is = 857/12024
2025-02-10 21:29 | INFO | Query 38 Size of the filtered table is = 121
2025-02-10 21:30 | INFO | Training Time Active Learning Classifier: 3.98 seconds
2025-02-10 21:30 | INFO | Training Time Active Learning Regressor: 1.42 seconds
2025-02-10 21:30 | INFO | Query 38 Active Learning Runtime on Validation Set: 192600.94
2025-02-10 21:30 | INFO | Query 38 Active Learning Runtime on Test Set: 128756.12
2025-02-10 21:30 | INFO | Query 38 Active Learning Instance Cost: 4845251.16
2025-02-10 21:30 | INFO | Timeout limit is increased to 3600
2025-02-10 21:30 | INFO | Query 39 Size of the uncertainty table is = 554/12024
2025-02-10 21:30 | INFO | Query 39 Size of the filtered table is = 121
2025-02-10 21:30 | INFO | Training Time Active Learning Classifier: 4.07 seconds
2025-02-10 21:30 | INFO | Training Time Active Learning Regressor: 1.41 seconds
2025-02-10 21:30 | INFO | Query 39 Active Learning Runtime on Validation Set: 192714.69999999998
2025-02-10 21:30 | INFO | Query 39 Active Learning Runtime on Test Set: 164936.51
2025-02-10 21:30 | INFO | Query 39 Active Learning Instance Cost: 4857204.64
2025-02-10 21:30 | INFO | Timeout limit is increased to 3600
2025-02-10 21:30 | INFO | Query 40 Size of the uncertainty table is = 283/12024
2025-02-10 21:30 | INFO | Query 40 Size of the filtered table is = 121
2025-02-10 21:30 | INFO | Training Time Active Learning Classifier: 4.16 seconds
2025-02-10 21:30 | INFO | Training Time Active Learning Regressor: 1.44 seconds
2025-02-10 21:31 | INFO | Query 40 Active Learning Runtime on Validation Set: 192871.82
2025-02-10 21:31 | INFO | Query 40 Active Learning Runtime on Test Set: 162031.36
2025-02-10 21:31 | INFO | Query 40 Active Learning Instance Cost: 4860842.43
2025-02-10 21:31 | INFO | Timeout limit is increased to 3600
2025-02-10 21:31 | INFO | Query 41 Size of the uncertainty table is = 46/12024
2025-02-10 21:31 | INFO | Query 41 Size of the filtered table is = 46
2025-02-10 21:31 | INFO | Training Time Active Learning Classifier: 4.18 seconds
2025-02-10 21:31 | INFO | Training Time Active Learning Regressor: 1.44 seconds
2025-02-10 21:31 | INFO | Query 41 Active Learning Runtime on Validation Set: 192355.8
2025-02-10 21:31 | INFO | Query 41 Active Learning Runtime on Test Set: 162460.49
2025-02-10 21:31 | INFO | Query 41 Active Learning Instance Cost: 4861050.0
2025-02-10 21:31 | INFO | Active Learning Emissions: 0.010817930446368678
2025-02-10 21:31 | INFO | Active Learning Energy Consumption: 0.011770184568441864 kWh
2025-02-10 21:31 | INFO | runtime_test_score is written as json file
2025-02-10 21:31 | INFO | runtime_validation_score is written as json file
2025-02-10 21:31 | INFO | instance_cost is written as json file
2025-02-10 21:31 | INFO | Experiment is finished
