2024-05-29 11:16 | INFO | Paramaters are: {'dataset': 'BNSL-2016', 'penalty': 10, 'weight': 'No_Weight', 'voting': 'Hard', 'pre_selection_size': 64, 'pre_selection_technique': 'No_pre_selection', 'feature_elimination_threshold': 20, 'imputer_strategy': 'median', 'feature_selection_technique': 'No_feature_selection', 'feature_scaling_technique': 'StandardScaler', 'initial_train_size': 20, 'query_size': 1, 'timeout_predictor_usage': 'Yes', 'timeout_limit': 3600, 'timeout_increase_rate': 100, 'RANDOM_STATE_SEED': 7, 'n_splits': 10, 'split_number': 2, 'max_timeout': 3600, 'param_grid': {'n_estimators': 100, 'criterion': 'gini', 'max_features': 'sqrt', 'max_depth': 2147483648, 'min_samples_split': 2, 'bootstrap': True}}
2024-05-29 11:16 | INFO | BNSL-2016 is current dataset
2024-05-29 11:16 | INFO | DATASETS/BNSL-2016/algorithm_runs.arff is found
2024-05-29 11:16 | INFO | DATASETS/BNSL-2016/algorithm_runs.arff is finished
2024-05-29 11:16 | INFO | DATASETS/BNSL-2016/feature_values.arff is found
2024-05-29 11:16 | INFO | DATASETS/BNSL-2016/feature_values.arff is finished
2024-05-29 11:16 | INFO | DATASETS/BNSL-2016/feature_costs.arff is found
2024-05-29 11:16 | INFO | DATASETS/BNSL-2016/feature_costs.arff is finished
2024-05-29 11:16 | INFO | Virtual best solver time in train = 208245.38
2024-05-29 11:16 | INFO | Single best solver list train = {'astar-comp': 10593927.26, 'astar-ec': 16802223.26, 'astar-ed3': 17848178.46, 'cpbayes': 8215750.02, 'ilp-141': 4056821.2, 'ilp-141-nc': 4089422.11, 'ilp-162': 4038949.9, 'ilp-162-nc': 4160627.19}
2024-05-29 11:16 | INFO | Single best solver time train = ilp-162 (4038949.9)
2024-05-29 11:16 | INFO | Virtual best solver time in validation = 42681.25
2024-05-29 11:16 | INFO | Single best solver list validation = {'astar-comp': 2899947.41, 'astar-ec': 4939650.77, 'astar-ed3': 5084760.76, 'cpbayes': 1404366.7, 'ilp-141': 886782.39, 'ilp-141-nc': 961619.06, 'ilp-162': 1120769.2, 'ilp-162-nc': 1122554.04}
2024-05-29 11:16 | INFO | Single best solver time validation = ilp-141 (886782.39)
2024-05-29 11:16 | INFO | Virtual best solver time in test = 26656.93
2024-05-29 11:16 | INFO | Single best solver list test = {'astar-comp': 1495734.03, 'astar-ec': 2132852.85, 'astar-ed3': 2419685.11, 'cpbayes': 953734.82, 'ilp-141': 539530.27, 'ilp-141-nc': 508917.26, 'ilp-162': 614142.33, 'ilp-162-nc': 618051.65}
2024-05-29 11:16 | INFO | Single best solver time test = ilp-141-nc (508917.26)
2024-05-29 11:17 | INFO | Passive Learning Runtime on Validation Set: 334682.53
2024-05-29 11:17 | INFO | Passive Learning Runtime on Test Set: 74028.36
2024-05-29 11:17 | INFO | Passive Learning Instance Cost: 8472699.4
2024-05-29 11:19 | INFO | Initial Active Learning Runtime on Validation Set: 1292776.65
2024-05-29 11:19 | INFO | Initial Active Learning Runtime on Test Set: 749775.69
2024-05-29 11:19 | INFO | Initial Active Learning Instance Cost: 209950.21
2024-05-29 11:19 | INFO | Bin size = 232
2024-05-29 11:19 | INFO | Query 1 Size of the uncertainty table is = 23184/23184
2024-05-29 11:19 | INFO | Query 1 Size of the filtered table is = 232
2024-05-29 11:20 | INFO | Query 1 Active Learning Runtime on Validation Set: 650103.69
2024-05-29 11:20 | INFO | Query 1 Active Learning Runtime on Test Set: 460200.7
2024-05-29 11:20 | INFO | Query 1 Active Learning Instance Cost: 624110.89
2024-05-29 11:20 | INFO | Query 2 Size of the uncertainty table is = 22854/23184
2024-05-29 11:20 | INFO | Query 2 Size of the filtered table is = 232
2024-05-29 11:21 | INFO | Query 2 Active Learning Runtime on Validation Set: 592748.63
2024-05-29 11:21 | INFO | Query 2 Active Learning Runtime on Test Set: 281043.14
2024-05-29 11:21 | INFO | Query 2 Active Learning Instance Cost: 1067228.28
2024-05-29 11:21 | INFO | Query 3 Size of the uncertainty table is = 22367/23184
2024-05-29 11:21 | INFO | Query 3 Size of the filtered table is = 232
2024-05-29 11:23 | INFO | Query 3 Active Learning Runtime on Validation Set: 511340.41
2024-05-29 11:23 | INFO | Query 3 Active Learning Runtime on Test Set: 72652.23999999999
2024-05-29 11:23 | INFO | Query 3 Active Learning Instance Cost: 1446893.44
2024-05-29 11:23 | INFO | Query 4 Size of the uncertainty table is = 21719/23184
2024-05-29 11:23 | INFO | Query 4 Size of the filtered table is = 232
2024-05-29 11:24 | INFO | Query 4 Active Learning Runtime on Validation Set: 409226.16
2024-05-29 11:24 | INFO | Query 4 Active Learning Runtime on Test Set: 46372.89
2024-05-29 11:24 | INFO | Query 4 Active Learning Instance Cost: 1700770.21
2024-05-29 11:24 | INFO | Query 5 Size of the uncertainty table is = 21002/23184
2024-05-29 11:24 | INFO | Query 5 Size of the filtered table is = 232
2024-05-29 11:26 | INFO | Query 5 Active Learning Runtime on Validation Set: 242004.81
2024-05-29 11:26 | INFO | Query 5 Active Learning Runtime on Test Set: 77285.44
2024-05-29 11:26 | INFO | Query 5 Active Learning Instance Cost: 1955803.3
2024-05-29 11:26 | INFO | Query 6 Size of the uncertainty table is = 20165/23184
2024-05-29 11:26 | INFO | Query 6 Size of the filtered table is = 232
2024-05-29 11:27 | INFO | Query 6 Active Learning Runtime on Validation Set: 199208.18
2024-05-29 11:27 | INFO | Query 6 Active Learning Runtime on Test Set: 77759.88
2024-05-29 11:27 | INFO | Query 6 Active Learning Instance Cost: 2120339.18
2024-05-29 11:27 | INFO | Query 7 Size of the uncertainty table is = 19261/23184
2024-05-29 11:27 | INFO | Query 7 Size of the filtered table is = 232
2024-05-29 11:29 | INFO | Query 7 Active Learning Runtime on Validation Set: 302423.81
2024-05-29 11:29 | INFO | Query 7 Active Learning Runtime on Test Set: 47915.46
2024-05-29 11:29 | INFO | Query 7 Active Learning Instance Cost: 2295388.18
2024-05-29 11:29 | INFO | Timeout limit is increased to 3600
2024-05-29 11:29 | INFO | Query 8 Size of the uncertainty table is = 18345/23184
2024-05-29 11:29 | INFO | Query 8 Size of the filtered table is = 232
2024-05-29 11:30 | INFO | Query 8 Active Learning Runtime on Validation Set: 367691.98
2024-05-29 11:30 | INFO | Query 8 Active Learning Runtime on Test Set: 74521.20999999999
2024-05-29 11:30 | INFO | Query 8 Active Learning Instance Cost: 2487846.28
2024-05-29 11:30 | INFO | Timeout limit is increased to 3600
2024-05-29 11:30 | INFO | Query 9 Size of the uncertainty table is = 17395/23184
2024-05-29 11:30 | INFO | Query 9 Size of the filtered table is = 232
2024-05-29 11:32 | INFO | Query 9 Active Learning Runtime on Validation Set: 371999.74
2024-05-29 11:32 | INFO | Query 9 Active Learning Runtime on Test Set: 110853.37
2024-05-29 11:32 | INFO | Query 9 Active Learning Instance Cost: 2644365.11
2024-05-29 11:32 | INFO | Timeout limit is increased to 3600
2024-05-29 11:32 | INFO | Query 10 Size of the uncertainty table is = 16483/23184
2024-05-29 11:32 | INFO | Query 10 Size of the filtered table is = 232
2024-05-29 11:33 | INFO | Query 10 Active Learning Runtime on Validation Set: 374786.61
2024-05-29 11:33 | INFO | Query 10 Active Learning Runtime on Test Set: 75131.18
2024-05-29 11:33 | INFO | Query 10 Active Learning Instance Cost: 2820218.46
2024-05-29 11:33 | INFO | Timeout limit is increased to 3600
2024-05-29 11:33 | INFO | Query 11 Size of the uncertainty table is = 15548/23184
2024-05-29 11:33 | INFO | Query 11 Size of the filtered table is = 232
2024-05-29 11:35 | INFO | Query 11 Active Learning Runtime on Validation Set: 404007.15
2024-05-29 11:35 | INFO | Query 11 Active Learning Runtime on Test Set: 110341.71
2024-05-29 11:35 | INFO | Query 11 Active Learning Instance Cost: 2994944.2
2024-05-29 11:35 | INFO | Timeout limit is increased to 3600
2024-05-29 11:35 | INFO | Query 12 Size of the uncertainty table is = 14610/23184
2024-05-29 11:35 | INFO | Query 12 Size of the filtered table is = 232
2024-05-29 11:36 | INFO | Query 12 Active Learning Runtime on Validation Set: 410318.7
2024-05-29 11:36 | INFO | Query 12 Active Learning Runtime on Test Set: 76122.76000000001
2024-05-29 11:36 | INFO | Query 12 Active Learning Instance Cost: 3129556.41
2024-05-29 11:36 | INFO | Timeout limit is increased to 3600
2024-05-29 11:36 | INFO | Query 13 Size of the uncertainty table is = 13645/23184
2024-05-29 11:36 | INFO | Query 13 Size of the filtered table is = 232
2024-05-29 11:38 | INFO | Query 13 Active Learning Runtime on Validation Set: 403516.75
2024-05-29 11:38 | INFO | Query 13 Active Learning Runtime on Test Set: 74088.87
2024-05-29 11:38 | INFO | Query 13 Active Learning Instance Cost: 3387880.67
2024-05-29 11:38 | INFO | Query 14 Size of the uncertainty table is = 12599/23184
2024-05-29 11:38 | INFO | Query 14 Size of the filtered table is = 232
2024-05-29 11:39 | INFO | Query 14 Active Learning Runtime on Validation Set: 440504.23
2024-05-29 11:39 | INFO | Query 14 Active Learning Runtime on Test Set: 75233.83
2024-05-29 11:39 | INFO | Query 14 Active Learning Instance Cost: 3579886.16
2024-05-29 11:39 | INFO | Timeout limit is increased to 3600
2024-05-29 11:39 | INFO | Query 15 Size of the uncertainty table is = 11617/23184
2024-05-29 11:39 | INFO | Query 15 Size of the filtered table is = 232
2024-05-29 11:41 | INFO | Query 15 Active Learning Runtime on Validation Set: 437238.56
2024-05-29 11:41 | INFO | Query 15 Active Learning Runtime on Test Set: 74819.67
2024-05-29 11:41 | INFO | Query 15 Active Learning Instance Cost: 3779012.68
2024-05-29 11:41 | INFO | Query 16 Size of the uncertainty table is = 10625/23184
2024-05-29 11:41 | INFO | Query 16 Size of the filtered table is = 232
2024-05-29 11:42 | INFO | Query 16 Active Learning Runtime on Validation Set: 474526.94
2024-05-29 11:42 | INFO | Query 16 Active Learning Runtime on Test Set: 74729.82
2024-05-29 11:42 | INFO | Query 16 Active Learning Instance Cost: 4036235.57
2024-05-29 11:42 | INFO | Timeout limit is increased to 3600
2024-05-29 11:42 | INFO | Query 17 Size of the uncertainty table is = 9520/23184
2024-05-29 11:42 | INFO | Query 17 Size of the filtered table is = 232
2024-05-29 11:44 | INFO | Query 17 Active Learning Runtime on Validation Set: 440949.34
2024-05-29 11:44 | INFO | Query 17 Active Learning Runtime on Test Set: 45163.83
2024-05-29 11:44 | INFO | Query 17 Active Learning Instance Cost: 4380077.56
2024-05-29 11:44 | INFO | Query 18 Size of the uncertainty table is = 8465/23184
2024-05-29 11:44 | INFO | Query 18 Size of the filtered table is = 232
2024-05-29 11:46 | INFO | Query 18 Active Learning Runtime on Validation Set: 337404.36
2024-05-29 11:46 | INFO | Query 18 Active Learning Runtime on Test Set: 74758.16
2024-05-29 11:46 | INFO | Query 18 Active Learning Instance Cost: 4835400.5
2024-05-29 11:46 | INFO | Query 19 Size of the uncertainty table is = 7338/23184
2024-05-29 11:46 | INFO | Query 19 Size of the filtered table is = 232
2024-05-29 11:47 | INFO | Query 19 Active Learning Runtime on Validation Set: 372881.79
2024-05-29 11:47 | INFO | Query 19 Active Learning Runtime on Test Set: 109009.09
2024-05-29 11:47 | INFO | Query 19 Active Learning Instance Cost: 5176419.82
2024-05-29 11:47 | INFO | Timeout limit is increased to 3600
2024-05-29 11:47 | INFO | Query 20 Size of the uncertainty table is = 6218/23184
2024-05-29 11:47 | INFO | Query 20 Size of the filtered table is = 232
2024-05-29 11:49 | INFO | Query 20 Active Learning Runtime on Validation Set: 369515.3
2024-05-29 11:49 | INFO | Query 20 Active Learning Runtime on Test Set: 75152.14
2024-05-29 11:49 | INFO | Query 20 Active Learning Instance Cost: 5679022.14
2024-05-29 11:49 | INFO | Query 21 Size of the uncertainty table is = 5116/23184
2024-05-29 11:49 | INFO | Query 21 Size of the filtered table is = 232
2024-05-29 11:50 | INFO | Query 21 Active Learning Runtime on Validation Set: 300887.64
2024-05-29 11:50 | INFO | Query 21 Active Learning Runtime on Test Set: 75252.93
2024-05-29 11:50 | INFO | Query 21 Active Learning Instance Cost: 6189534.04
2024-05-29 11:50 | INFO | Query 22 Size of the uncertainty table is = 3991/23184
2024-05-29 11:50 | INFO | Query 22 Size of the filtered table is = 232
2024-05-29 11:52 | INFO | Query 22 Active Learning Runtime on Validation Set: 299864.95
2024-05-29 11:52 | INFO | Query 22 Active Learning Runtime on Test Set: 75784.20999999999
2024-05-29 11:52 | INFO | Query 22 Active Learning Instance Cost: 6696226.21
2024-05-29 11:52 | INFO | Query 23 Size of the uncertainty table is = 2967/23184
2024-05-29 11:52 | INFO | Query 23 Size of the filtered table is = 232
2024-05-29 11:54 | INFO | Query 23 Active Learning Runtime on Validation Set: 405703.95
2024-05-29 11:54 | INFO | Query 23 Active Learning Runtime on Test Set: 73761.09
2024-05-29 11:54 | INFO | Query 23 Active Learning Instance Cost: 7277232.7
2024-05-29 11:54 | INFO | Timeout limit is increased to 3600
2024-05-29 11:54 | INFO | Query 24 Size of the uncertainty table is = 1863/23184
2024-05-29 11:54 | INFO | Query 24 Size of the filtered table is = 232
2024-05-29 11:55 | INFO | Query 24 Active Learning Runtime on Validation Set: 401610.1
2024-05-29 11:55 | INFO | Query 24 Active Learning Runtime on Test Set: 75055.7
2024-05-29 11:55 | INFO | Query 24 Active Learning Instance Cost: 7788556.73
2024-05-29 11:55 | INFO | Query 25 Size of the uncertainty table is = 934/23184
2024-05-29 11:55 | INFO | Query 25 Size of the filtered table is = 232
2024-05-29 11:57 | INFO | Query 25 Active Learning Runtime on Validation Set: 341051.1
2024-05-29 11:57 | INFO | Query 25 Active Learning Runtime on Test Set: 74570.2
2024-05-29 11:57 | INFO | Query 25 Active Learning Instance Cost: 8141356.73
2024-05-29 11:57 | INFO | Query 26 Size of the uncertainty table is = 299/23184
2024-05-29 11:57 | INFO | Query 26 Size of the filtered table is = 84
2024-05-29 11:58 | INFO | Query 26 Active Learning Runtime on Validation Set: 371587.34
2024-05-29 11:58 | INFO | Query 26 Active Learning Runtime on Test Set: 74570.2
2024-05-29 11:58 | INFO | Query 26 Active Learning Instance Cost: 8216956.73
2024-05-29 11:58 | INFO | Timeout limit is increased to 3600
2024-05-29 11:58 | INFO | Query 27 Size of the uncertainty table is = 152/23184
2024-05-29 11:58 | INFO | Query 27 Size of the filtered table is = 152
2024-05-29 12:00 | INFO | Query 27 Active Learning Runtime on Validation Set: 439297.84
2024-05-29 12:00 | INFO | Query 27 Active Learning Runtime on Test Set: 74570.2
2024-05-29 12:00 | INFO | Query 27 Active Learning Instance Cost: 8306956.73
2024-05-29 12:00 | INFO | Timeout limit is increased to 3600
2024-05-29 12:00 | INFO | runtime_test_score is written as json file
2024-05-29 12:00 | INFO | runtime_validation_score is written as json file
2024-05-29 12:00 | INFO | instance_cost is written as json file
2024-05-29 12:00 | INFO | Experiment is finished
