2025-02-11 06:43 | INFO | Paramaters are: {'dataset': 'ASP-POTASSCO', 'penalty': 10, 'weight': 'No_Weight', 'voting': 'Hard', 'pre_selection_size': 64, 'pre_selection_technique': 'No_pre_selection', 'feature_elimination_threshold': 20, 'imputer_strategy': 'median', 'feature_selection_technique': 'No_feature_selection', 'feature_scaling_technique': 'StandardScaler', 'initial_train_size': 20, 'query_size': 1, 'timeout_predictor_usage': 'No', 'pareto_features': {'Uncertainty': 'max', 'PredDiff': 'max'}, 'timeout_limit': 3600, 'timeout_increase_rate': 100, 'penalty_type': 'Only-timeout-penalty', 'RANDOM_STATE_SEED': 99, 'n_splits': 10, 'split_number': 9, 'max_timeout': 3600, 'param_grid': {'n_estimators': 100, 'max_features': 'sqrt', 'max_depth': 2147483648, 'min_samples_split': 2, 'bootstrap': True}}
2025-02-11 06:43 | INFO | ASP-POTASSCO is current dataset
2025-02-11 06:43 | INFO | DATASETS/ASP-POTASSCO/algorithm_runs.arff is found
2025-02-11 06:43 | INFO | DATASETS/ASP-POTASSCO/algorithm_runs.arff is finished
2025-02-11 06:43 | INFO | DATASETS/ASP-POTASSCO/feature_values.arff is found
2025-02-11 06:43 | INFO | DATASETS/ASP-POTASSCO/feature_values.arff is finished
2025-02-11 06:43 | INFO | DATASETS/ASP-POTASSCO/feature_costs.arff is found
2025-02-11 06:43 | INFO | DATASETS/ASP-POTASSCO/feature_costs.arff is finished
2025-02-11 06:43 | INFO | Virtual best solver time in train = 22407.4
2025-02-11 06:43 | INFO | Single best solver list train = {'clasp/2.1.3/h1-n1': 3078909.15, 'clasp/2.1.3/h10-n1': 4917797.61, 'clasp/2.1.3/h11-n1': 6614281.74, 'clasp/2.1.3/h2-n1': 5207695.12, 'clasp/2.1.3/h3-n1': 5699684.35, 'clasp/2.1.3/h4-n1': 3777048.6, 'clasp/2.1.3/h5-n1': 4809811.58, 'clasp/2.1.3/h6-n1': 3989912.51, 'clasp/2.1.3/h7-n1': 6427778.9, 'clasp/2.1.3/h8-n1': 2925205.65, 'clasp/2.1.3/h9-n1': 4492832.63}
2025-02-11 06:43 | INFO | Single best solver time train = clasp/2.1.3/h8-n1 (2925205.65)
2025-02-11 06:43 | INFO | Virtual best solver time in validation = 2974.4
2025-02-11 06:43 | INFO | Single best solver list validation = {'clasp/2.1.3/h1-n1': 233253.35, 'clasp/2.1.3/h10-n1': 688807.52, 'clasp/2.1.3/h11-n1': 2533010.32, 'clasp/2.1.3/h2-n1': 725372.14, 'clasp/2.1.3/h3-n1': 2246553.05, 'clasp/2.1.3/h4-n1': 842470.07, 'clasp/2.1.3/h5-n1': 223818.31, 'clasp/2.1.3/h6-n1': 654153.87, 'clasp/2.1.3/h7-n1': 769930.57, 'clasp/2.1.3/h8-n1': 1084861.94, 'clasp/2.1.3/h9-n1': 1743819.61}
2025-02-11 06:43 | INFO | Single best solver time validation = clasp/2.1.3/h5-n1 (223818.31)
2025-02-11 06:43 | INFO | Virtual best solver time in test = 1896.5
2025-02-11 06:43 | INFO | Single best solver list test = {'clasp/2.1.3/h1-n1': 364768.8, 'clasp/2.1.3/h10-n1': 725912.87, 'clasp/2.1.3/h11-n1': 1121043.32, 'clasp/2.1.3/h2-n1': 508037.34, 'clasp/2.1.3/h3-n1': 907764.62, 'clasp/2.1.3/h4-n1': 365331.22, 'clasp/2.1.3/h5-n1': 615724.83, 'clasp/2.1.3/h6-n1': 507614.11, 'clasp/2.1.3/h7-n1': 869171.41, 'clasp/2.1.3/h8-n1': 185042.53, 'clasp/2.1.3/h9-n1': 797476.4}
2025-02-11 06:43 | INFO | Single best solver time test = clasp/2.1.3/h8-n1 (185042.53)
2025-02-11 06:44 | INFO | Training Time Passive Learning Classifier: 15.85 seconds
2025-02-11 06:44 | INFO | Training Time Passive Learning Regressor: 4.26 seconds
2025-02-11 06:45 | INFO | Passive Learning Classifier Runtime on Validation Set: 402447.56
2025-02-11 06:45 | INFO | Passive Learning Classifier Runtime on Test Set: 148932.41
2025-02-11 06:45 | INFO | Passive Learning Instance Cost: 5479357.83
2025-02-11 06:45 | INFO | Passive Learning Emissions: 0.0007657099846540517
2025-02-11 06:45 | INFO | Passive Learning Energy Consumption: 0.0008331120161992052 kWh
2025-02-11 06:45 | INFO | Training Time Active Learning Classifier: 3.26 seconds
2025-02-11 06:45 | INFO | Training Time Active Learning Regressor: 0.53 seconds
2025-02-11 06:45 | INFO | Initial Active Learning Runtime on Validation Set: 690857.65
2025-02-11 06:45 | INFO | Initial Active Learning Runtime on Test Set: 222349.92
2025-02-11 06:45 | INFO | Initial Active Learning Instance Cost: 221434.01
2025-02-11 06:45 | INFO | Bin size = 394
2025-02-11 06:46 | INFO | Query 1 Size of the uncertainty table is = 39325/39325
2025-02-11 06:46 | INFO | Query 1 Size of the filtered table is = 394
2025-02-11 06:46 | INFO | Training Time Active Learning Classifier: 3.18 seconds
2025-02-11 06:46 | INFO | Training Time Active Learning Regressor: 0.69 seconds
2025-02-11 06:46 | INFO | Query 1 Active Learning Runtime on Validation Set: 690937.1599999999
2025-02-11 06:46 | INFO | Query 1 Active Learning Runtime on Test Set: 329344.83
2025-02-11 06:46 | INFO | Query 1 Active Learning Instance Cost: 881885.51
2025-02-11 06:46 | INFO | Timeout limit is increased to 3600
2025-02-11 06:47 | INFO | Query 2 Size of the uncertainty table is = 38445/39325
2025-02-11 06:47 | INFO | Query 2 Size of the filtered table is = 394
2025-02-11 06:47 | INFO | Training Time Active Learning Classifier: 3.46 seconds
2025-02-11 06:47 | INFO | Training Time Active Learning Regressor: 0.83 seconds
2025-02-11 06:48 | INFO | Query 2 Active Learning Runtime on Validation Set: 655074.12
2025-02-11 06:48 | INFO | Query 2 Active Learning Runtime on Test Set: 256308.66
2025-02-11 06:48 | INFO | Query 2 Active Learning Instance Cost: 1500738.69
2025-02-11 06:48 | INFO | Query 3 Size of the uncertainty table is = 37031/39325
2025-02-11 06:48 | INFO | Query 3 Size of the filtered table is = 394
2025-02-11 06:48 | INFO | Training Time Active Learning Classifier: 3.58 seconds
2025-02-11 06:48 | INFO | Training Time Active Learning Regressor: 0.93 seconds
2025-02-11 06:49 | INFO | Query 3 Active Learning Runtime on Validation Set: 509928.16000000003
2025-02-11 06:49 | INFO | Query 3 Active Learning Runtime on Test Set: 149146.59
2025-02-11 06:49 | INFO | Query 3 Active Learning Instance Cost: 2035666.82
2025-02-11 06:49 | INFO | Query 4 Size of the uncertainty table is = 35430/39325
2025-02-11 06:49 | INFO | Query 4 Size of the filtered table is = 394
2025-02-11 06:49 | INFO | Training Time Active Learning Classifier: 3.84 seconds
2025-02-11 06:49 | INFO | Training Time Active Learning Regressor: 1.05 seconds
2025-02-11 06:50 | INFO | Query 4 Active Learning Runtime on Validation Set: 223794.33
2025-02-11 06:50 | INFO | Query 4 Active Learning Runtime on Test Set: 113430.48999999999
2025-02-11 06:50 | INFO | Query 4 Active Learning Instance Cost: 2585014.25
2025-02-11 06:50 | INFO | Query 5 Size of the uncertainty table is = 33767/39325
2025-02-11 06:50 | INFO | Query 5 Size of the filtered table is = 394
2025-02-11 06:50 | INFO | Training Time Active Learning Classifier: 4.16 seconds
2025-02-11 06:50 | INFO | Training Time Active Learning Regressor: 1.19 seconds
2025-02-11 06:51 | INFO | Query 5 Active Learning Runtime on Validation Set: 365932.83
2025-02-11 06:51 | INFO | Query 5 Active Learning Runtime on Test Set: 220644.26
2025-02-11 06:51 | INFO | Query 5 Active Learning Instance Cost: 3030476.03
2025-02-11 06:51 | INFO | Timeout limit is increased to 3600
2025-02-11 06:51 | INFO | Query 6 Size of the uncertainty table is = 31933/39325
2025-02-11 06:51 | INFO | Query 6 Size of the filtered table is = 394
2025-02-11 06:51 | INFO | Training Time Active Learning Classifier: 4.61 seconds
2025-02-11 06:51 | INFO | Training Time Active Learning Regressor: 1.31 seconds
2025-02-11 06:52 | INFO | Query 6 Active Learning Runtime on Validation Set: 366032.71
2025-02-11 06:52 | INFO | Query 6 Active Learning Runtime on Test Set: 112606.22
2025-02-11 06:52 | INFO | Query 6 Active Learning Instance Cost: 3523745.88
2025-02-11 06:52 | INFO | Timeout limit is increased to 3600
2025-02-11 06:52 | INFO | Query 7 Size of the uncertainty table is = 30157/39325
2025-02-11 06:52 | INFO | Query 7 Size of the filtered table is = 394
2025-02-11 06:53 | INFO | Training Time Active Learning Classifier: 4.83 seconds
2025-02-11 06:53 | INFO | Training Time Active Learning Regressor: 1.43 seconds
2025-02-11 06:53 | INFO | Query 7 Active Learning Runtime on Validation Set: 509847.96
2025-02-11 06:53 | INFO | Query 7 Active Learning Runtime on Test Set: 112683.41
2025-02-11 06:53 | INFO | Query 7 Active Learning Instance Cost: 3845708.35
2025-02-11 06:53 | INFO | Timeout limit is increased to 3600
2025-02-11 06:54 | INFO | Query 8 Size of the uncertainty table is = 28665/39325
2025-02-11 06:54 | INFO | Query 8 Size of the filtered table is = 394
2025-02-11 06:54 | INFO | Training Time Active Learning Classifier: 5.19 seconds
2025-02-11 06:54 | INFO | Training Time Active Learning Regressor: 1.54 seconds
2025-02-11 06:55 | INFO | Query 8 Active Learning Runtime on Validation Set: 474193.86000000004
2025-02-11 06:55 | INFO | Query 8 Active Learning Runtime on Test Set: 184328.76
2025-02-11 06:55 | INFO | Query 8 Active Learning Instance Cost: 4087685.08
2025-02-11 06:55 | INFO | Query 9 Size of the uncertainty table is = 27221/39325
2025-02-11 06:55 | INFO | Query 9 Size of the filtered table is = 394
2025-02-11 06:55 | INFO | Training Time Active Learning Classifier: 5.62 seconds
2025-02-11 06:55 | INFO | Training Time Active Learning Regressor: 1.66 seconds
2025-02-11 06:56 | INFO | Query 9 Active Learning Runtime on Validation Set: 366311.44
2025-02-11 06:56 | INFO | Query 9 Active Learning Runtime on Test Set: 112933.5
2025-02-11 06:56 | INFO | Query 9 Active Learning Instance Cost: 4405384.01
2025-02-11 06:56 | INFO | Query 10 Size of the uncertainty table is = 25689/39325
2025-02-11 06:56 | INFO | Query 10 Size of the filtered table is = 394
2025-02-11 06:56 | INFO | Training Time Active Learning Classifier: 6.09 seconds
2025-02-11 06:56 | INFO | Training Time Active Learning Regressor: 1.8 seconds
2025-02-11 06:57 | INFO | Query 10 Active Learning Runtime on Validation Set: 437273.43000000005
2025-02-11 06:57 | INFO | Query 10 Active Learning Runtime on Test Set: 112150.54
2025-02-11 06:57 | INFO | Query 10 Active Learning Instance Cost: 4572507.72
2025-02-11 06:57 | INFO | Timeout limit is increased to 3600
2025-02-11 06:57 | INFO | Query 11 Size of the uncertainty table is = 24525/39325
2025-02-11 06:57 | INFO | Query 11 Size of the filtered table is = 394
2025-02-11 06:58 | INFO | Training Time Active Learning Classifier: 6.41 seconds
2025-02-11 06:58 | INFO | Training Time Active Learning Regressor: 1.96 seconds
2025-02-11 06:58 | INFO | Query 11 Active Learning Runtime on Validation Set: 437817.12000000005
2025-02-11 06:58 | INFO | Query 11 Active Learning Runtime on Test Set: 112629.69
2025-02-11 06:58 | INFO | Query 11 Active Learning Instance Cost: 4709981.94
2025-02-11 06:58 | INFO | Timeout limit is increased to 3600
2025-02-11 06:59 | INFO | Query 12 Size of the uncertainty table is = 23374/39325
2025-02-11 06:59 | INFO | Query 12 Size of the filtered table is = 394
2025-02-11 06:59 | INFO | Training Time Active Learning Classifier: 6.72 seconds
2025-02-11 06:59 | INFO | Training Time Active Learning Regressor: 2.06 seconds
2025-02-11 07:00 | INFO | Query 12 Active Learning Runtime on Validation Set: 437890.76
2025-02-11 07:00 | INFO | Query 12 Active Learning Runtime on Test Set: 76646.41
2025-02-11 07:00 | INFO | Query 12 Active Learning Instance Cost: 4831067.68
2025-02-11 07:00 | INFO | Timeout limit is increased to 3600
2025-02-11 07:00 | INFO | Query 13 Size of the uncertainty table is = 22324/39325
2025-02-11 07:00 | INFO | Query 13 Size of the filtered table is = 394
2025-02-11 07:00 | INFO | Training Time Active Learning Classifier: 7.18 seconds
2025-02-11 07:00 | INFO | Training Time Active Learning Regressor: 2.23 seconds
2025-02-11 07:01 | INFO | Query 13 Active Learning Runtime on Validation Set: 437503.86000000004
2025-02-11 07:01 | INFO | Query 13 Active Learning Runtime on Test Set: 77391.4
2025-02-11 07:01 | INFO | Query 13 Active Learning Instance Cost: 4907965.2
2025-02-11 07:01 | INFO | Query 14 Size of the uncertainty table is = 21196/39325
2025-02-11 07:01 | INFO | Query 14 Size of the filtered table is = 394
2025-02-11 07:01 | INFO | Training Time Active Learning Classifier: 7.71 seconds
2025-02-11 07:01 | INFO | Training Time Active Learning Regressor: 2.35 seconds
2025-02-11 07:02 | INFO | Query 14 Active Learning Runtime on Validation Set: 473444.60000000003
2025-02-11 07:02 | INFO | Query 14 Active Learning Runtime on Test Set: 77526.67
2025-02-11 07:02 | INFO | Query 14 Active Learning Instance Cost: 4973780.36
2025-02-11 07:02 | INFO | Timeout limit is increased to 3600
2025-02-11 07:02 | INFO | Query 15 Size of the uncertainty table is = 20093/39325
2025-02-11 07:02 | INFO | Query 15 Size of the filtered table is = 394
2025-02-11 07:03 | INFO | Training Time Active Learning Classifier: 8.17 seconds
2025-02-11 07:03 | INFO | Training Time Active Learning Regressor: 2.48 seconds
2025-02-11 07:03 | INFO | Query 15 Active Learning Runtime on Validation Set: 437587.09
2025-02-11 07:03 | INFO | Query 15 Active Learning Runtime on Test Set: 112941.56999999999
2025-02-11 07:03 | INFO | Query 15 Active Learning Instance Cost: 4988121.83
2025-02-11 07:04 | INFO | Query 16 Size of the uncertainty table is = 19007/39325
2025-02-11 07:04 | INFO | Query 16 Size of the filtered table is = 394
2025-02-11 07:04 | INFO | Training Time Active Learning Classifier: 8.53 seconds
2025-02-11 07:04 | INFO | Training Time Active Learning Regressor: 2.59 seconds
2025-02-11 07:05 | INFO | Query 16 Active Learning Runtime on Validation Set: 401623.63
2025-02-11 07:05 | INFO | Query 16 Active Learning Runtime on Test Set: 76164.59
2025-02-11 07:05 | INFO | Query 16 Active Learning Instance Cost: 5057876.58
2025-02-11 07:05 | INFO | Query 17 Size of the uncertainty table is = 17688/39325
2025-02-11 07:05 | INFO | Query 17 Size of the filtered table is = 394
2025-02-11 07:05 | INFO | Training Time Active Learning Classifier: 9.05 seconds
2025-02-11 07:05 | INFO | Training Time Active Learning Regressor: 2.78 seconds
2025-02-11 07:06 | INFO | Query 17 Active Learning Runtime on Validation Set: 473424.13
2025-02-11 07:06 | INFO | Query 17 Active Learning Runtime on Test Set: 76214.79
2025-02-11 07:06 | INFO | Query 17 Active Learning Instance Cost: 5102273.37
2025-02-11 07:06 | INFO | Timeout limit is increased to 3600
2025-02-11 07:06 | INFO | Query 18 Size of the uncertainty table is = 16301/39325
2025-02-11 07:06 | INFO | Query 18 Size of the filtered table is = 394
2025-02-11 07:07 | INFO | Training Time Active Learning Classifier: 9.44 seconds
2025-02-11 07:07 | INFO | Training Time Active Learning Regressor: 2.88 seconds
2025-02-11 07:07 | INFO | Query 18 Active Learning Runtime on Validation Set: 437962.12000000005
2025-02-11 07:07 | INFO | Query 18 Active Learning Runtime on Test Set: 77504.98999999999
2025-02-11 07:07 | INFO | Query 18 Active Learning Instance Cost: 5372285.47
2025-02-11 07:08 | INFO | Query 19 Size of the uncertainty table is = 15160/39325
2025-02-11 07:08 | INFO | Query 19 Size of the filtered table is = 394
2025-02-11 07:08 | INFO | Training Time Active Learning Classifier: 9.89 seconds
2025-02-11 07:08 | INFO | Training Time Active Learning Regressor: 3.01 seconds
2025-02-11 07:09 | INFO | Query 19 Active Learning Runtime on Validation Set: 437428.07
2025-02-11 07:09 | INFO | Query 19 Active Learning Runtime on Test Set: 113046.23999999999
2025-02-11 07:09 | INFO | Query 19 Active Learning Instance Cost: 5406050.2
2025-02-11 07:09 | INFO | Query 20 Size of the uncertainty table is = 14016/39325
2025-02-11 07:09 | INFO | Query 20 Size of the filtered table is = 394
2025-02-11 07:09 | INFO | Training Time Active Learning Classifier: 10.41 seconds
2025-02-11 07:09 | INFO | Training Time Active Learning Regressor: 3.15 seconds
2025-02-11 07:10 | INFO | Query 20 Active Learning Runtime on Validation Set: 402319.21
2025-02-11 07:10 | INFO | Query 20 Active Learning Runtime on Test Set: 148939.19
2025-02-11 07:10 | INFO | Query 20 Active Learning Instance Cost: 5462122.45
2025-02-11 07:10 | INFO | Query 21 Size of the uncertainty table is = 12434/39325
2025-02-11 07:10 | INFO | Query 21 Size of the filtered table is = 394
2025-02-11 07:10 | INFO | Training Time Active Learning Classifier: 10.98 seconds
2025-02-11 07:10 | INFO | Training Time Active Learning Regressor: 3.29 seconds
2025-02-11 07:11 | INFO | Query 21 Active Learning Runtime on Validation Set: 330195.38
2025-02-11 07:11 | INFO | Query 21 Active Learning Runtime on Test Set: 76965.56
2025-02-11 07:11 | INFO | Query 21 Active Learning Instance Cost: 5472190.14
2025-02-11 07:11 | INFO | Query 22 Size of the uncertainty table is = 11006/39325
2025-02-11 07:11 | INFO | Query 22 Size of the filtered table is = 394
2025-02-11 07:12 | INFO | Training Time Active Learning Classifier: 11.57 seconds
2025-02-11 07:12 | INFO | Training Time Active Learning Regressor: 3.44 seconds
2025-02-11 07:13 | INFO | Query 22 Active Learning Runtime on Validation Set: 366093.84
2025-02-11 07:13 | INFO | Query 22 Active Learning Runtime on Test Set: 148578.62
2025-02-11 07:13 | INFO | Query 22 Active Learning Instance Cost: 5474038.58
2025-02-11 07:13 | INFO | Timeout limit is increased to 3600
2025-02-11 07:13 | INFO | Query 23 Size of the uncertainty table is = 9629/39325
2025-02-11 07:13 | INFO | Query 23 Size of the filtered table is = 394
2025-02-11 07:13 | INFO | Training Time Active Learning Classifier: 12.34 seconds
2025-02-11 07:13 | INFO | Training Time Active Learning Regressor: 3.58 seconds
2025-02-11 07:14 | INFO | Query 23 Active Learning Runtime on Validation Set: 366080.29000000004
2025-02-11 07:14 | INFO | Query 23 Active Learning Runtime on Test Set: 113426.17
2025-02-11 07:14 | INFO | Query 23 Active Learning Instance Cost: 5475963.3
2025-02-11 07:14 | INFO | Query 24 Size of the uncertainty table is = 8193/39325
2025-02-11 07:14 | INFO | Query 24 Size of the filtered table is = 394
2025-02-11 07:14 | INFO | Training Time Active Learning Classifier: 12.89 seconds
2025-02-11 07:14 | INFO | Training Time Active Learning Regressor: 3.73 seconds
2025-02-11 07:15 | INFO | Query 24 Active Learning Runtime on Validation Set: 437831.53
2025-02-11 07:15 | INFO | Query 24 Active Learning Runtime on Test Set: 148669.41
2025-02-11 07:15 | INFO | Query 24 Active Learning Instance Cost: 5476462.6
2025-02-11 07:15 | INFO | Timeout limit is increased to 3600
2025-02-11 07:15 | INFO | Query 25 Size of the uncertainty table is = 6926/39325
2025-02-11 07:15 | INFO | Query 25 Size of the filtered table is = 394
2025-02-11 07:15 | INFO | Training Time Active Learning Classifier: 13.42 seconds
2025-02-11 07:16 | INFO | Training Time Active Learning Regressor: 3.86 seconds
2025-02-11 07:16 | INFO | Query 25 Active Learning Runtime on Validation Set: 402517.39
2025-02-11 07:16 | INFO | Query 25 Active Learning Runtime on Test Set: 184717.38
2025-02-11 07:16 | INFO | Query 25 Active Learning Instance Cost: 5477588.16
2025-02-11 07:16 | INFO | Query 26 Size of the uncertainty table is = 5578/39325
2025-02-11 07:16 | INFO | Query 26 Size of the filtered table is = 394
2025-02-11 07:17 | INFO | Training Time Active Learning Classifier: 14.08 seconds
2025-02-11 07:17 | INFO | Training Time Active Learning Regressor: 4.01 seconds
2025-02-11 07:18 | INFO | Query 26 Active Learning Runtime on Validation Set: 437722.02
2025-02-11 07:18 | INFO | Query 26 Active Learning Runtime on Test Set: 184704.12
2025-02-11 07:18 | INFO | Query 26 Active Learning Instance Cost: 5478110.49
2025-02-11 07:18 | INFO | Timeout limit is increased to 3600
2025-02-11 07:18 | INFO | Query 27 Size of the uncertainty table is = 4056/39325
2025-02-11 07:18 | INFO | Query 27 Size of the filtered table is = 394
2025-02-11 07:18 | INFO | Training Time Active Learning Classifier: 14.69 seconds
2025-02-11 07:18 | INFO | Training Time Active Learning Regressor: 4.12 seconds
2025-02-11 07:19 | INFO | Query 27 Active Learning Runtime on Validation Set: 437539.42000000004
2025-02-11 07:19 | INFO | Query 27 Active Learning Runtime on Test Set: 148958.79
2025-02-11 07:19 | INFO | Query 27 Active Learning Instance Cost: 5478692.19
2025-02-11 07:19 | INFO | Query 28 Size of the uncertainty table is = 2688/39325
2025-02-11 07:19 | INFO | Query 28 Size of the filtered table is = 394
2025-02-11 07:19 | INFO | Training Time Active Learning Classifier: 15.32 seconds
2025-02-11 07:19 | INFO | Training Time Active Learning Regressor: 4.22 seconds
2025-02-11 07:20 | INFO | Query 28 Active Learning Runtime on Validation Set: 401820.60000000003
2025-02-11 07:20 | INFO | Query 28 Active Learning Runtime on Test Set: 148742.54
2025-02-11 07:20 | INFO | Query 28 Active Learning Instance Cost: 5479168.97
2025-02-11 07:20 | INFO | Query 29 Size of the uncertainty table is = 1492/39325
2025-02-11 07:20 | INFO | Query 29 Size of the filtered table is = 394
2025-02-11 07:20 | INFO | Training Time Active Learning Classifier: 15.65 seconds
2025-02-11 07:20 | INFO | Training Time Active Learning Regressor: 4.35 seconds
2025-02-11 07:21 | INFO | Query 29 Active Learning Runtime on Validation Set: 402632.21
2025-02-11 07:21 | INFO | Query 29 Active Learning Runtime on Test Set: 148698.12
2025-02-11 07:21 | INFO | Query 29 Active Learning Instance Cost: 5479325.06
2025-02-11 07:21 | INFO | Timeout limit is increased to 3600
2025-02-11 07:21 | INFO | Query 30 Size of the uncertainty table is = 454/39325
2025-02-11 07:21 | INFO | Query 30 Size of the filtered table is = 394
2025-02-11 07:21 | INFO | Training Time Active Learning Classifier: 15.96 seconds
2025-02-11 07:22 | INFO | Training Time Active Learning Regressor: 4.36 seconds
2025-02-11 07:22 | INFO | Query 30 Active Learning Runtime on Validation Set: 367344.82
2025-02-11 07:22 | INFO | Query 30 Active Learning Runtime on Test Set: 185046.82
2025-02-11 07:22 | INFO | Query 30 Active Learning Instance Cost: 5479357.83
2025-02-11 07:22 | INFO | Active Learning Emissions: 0.02670240867550584
2025-02-11 07:22 | INFO | Active Learning Energy Consumption: 0.029052902502083238 kWh
2025-02-11 07:22 | INFO | runtime_test_score is written as json file
2025-02-11 07:22 | INFO | runtime_validation_score is written as json file
2025-02-11 07:22 | INFO | instance_cost is written as json file
2025-02-11 07:22 | INFO | Experiment is finished
