2025-02-11 05:48 | INFO | Paramaters are: {'dataset': 'MAXSAT15-PMS-INDU', 'penalty': 10, 'weight': 'No_Weight', 'voting': 'Hard', 'pre_selection_size': 64, 'pre_selection_technique': 'No_pre_selection', 'feature_elimination_threshold': 20, 'imputer_strategy': 'median', 'feature_selection_technique': 'No_feature_selection', 'feature_scaling_technique': 'StandardScaler', 'initial_train_size': 20, 'query_size': 1, 'timeout_predictor_usage': 'No', 'pareto_features': {'Uncertainty': 'max', 'PredDiff': 'max'}, 'timeout_limit': 3600, 'timeout_increase_rate': 100, 'penalty_type': 'Only-timeout-penalty', 'RANDOM_STATE_SEED': 12345, 'n_splits': 10, 'split_number': 7, 'max_timeout': 3600, 'param_grid': {'n_estimators': 100, 'max_features': 'sqrt', 'max_depth': 2147483648, 'min_samples_split': 2, 'bootstrap': True}}
2025-02-11 05:48 | INFO | MAXSAT15-PMS-INDU is current dataset
2025-02-11 05:48 | INFO | DATASETS/MAXSAT15-PMS-INDU/algorithm_runs.arff is found
2025-02-11 05:48 | INFO | DATASETS/MAXSAT15-PMS-INDU/algorithm_runs.arff is finished
2025-02-11 05:48 | INFO | DATASETS/MAXSAT15-PMS-INDU/feature_values.arff is found
2025-02-11 05:48 | INFO | DATASETS/MAXSAT15-PMS-INDU/feature_values.arff is finished
2025-02-11 05:48 | INFO | Virtual best solver time in train = 17166.32
2025-02-11 05:48 | INFO | Single best solver list train = {'CCEHC2akms': 13398441.74, 'CCLS2akms': 13650121.35, 'ILP-2015': 6484225.44, 'LMHS-C': 3432761.5, 'LMHS-I': 2998186.02, 'MaxHS': 1806749.2, 'Open-WBO': 1430134.6, 'Open-WBO-L': 2373975.8, 'Open-WBO-R': 1004487.28, 'QMSAT14': 2588245.46, 'QMSAT15UC': 2695310.14, 'WMaxSatz+': 12230783.33, 'WMaxSatz09': 12230670.38, 'WPM3-2015-co': 966268.56, 'ahms-1.55': 13359495.87, 'ahms-1.68': 13251711.38, 'ahms-ls-1.55': 13394679.3, 'ahms-ls-1.68': 13251252.71, 'maxino-k16': 1106956.93, 'maxino-kdyn': 1141853.75, 'msUZK-nopp': 7433439.81, 'msUZK-pp': 7501442.53, 'mscg2015a': 1281083.04, 'mscg2015b': 1248352.18, 'optiriss-def': 1754686.1, 'optiriss-sel': 4162340.63, 'ratselfax-cnf': 11494598.24, 'toysat': 9516921.47, 'toysat_ls': 11026219.27}
2025-02-11 05:48 | INFO | Single best solver time train = WPM3-2015-co (966268.56)
2025-02-11 05:48 | INFO | Virtual best solver time in validation = 5150.85
2025-02-11 05:48 | INFO | Single best solver list validation = {'CCEHC2akms': 3528585.64, 'CCLS2akms': 3564406.52, 'ILP-2015': 2379110.06, 'LMHS-C': 591379.55, 'LMHS-I': 413541.38, 'MaxHS': 404896.99, 'Open-WBO': 122827.99, 'Open-WBO-L': 81938.43, 'Open-WBO-R': 81648.33, 'QMSAT14': 47601.91, 'QMSAT15UC': 123573.39, 'WMaxSatz+': 3564460.96, 'WMaxSatz09': 3564484.89, 'WPM3-2015-co': 77989.28, 'ahms-1.55': 3600000.05, 'ahms-1.68': 3600000.1, 'ahms-ls-1.55': 3600000.08, 'ahms-ls-1.68': 3600000.11, 'maxino-k16': 43321.37, 'maxino-kdyn': 43332.34, 'msUZK-nopp': 1668687.86, 'msUZK-pp': 1949810.05, 'mscg2015a': 80262.59, 'mscg2015b': 79156.81, 'optiriss-def': 228352.07, 'optiriss-sel': 2378602.38, 'ratselfax-cnf': 2708502.98, 'toysat': 2704402.41, 'toysat_ls': 3066194.5}
2025-02-11 05:48 | INFO | Single best solver time validation = maxino-k16 (43321.37)
2025-02-11 05:48 | INFO | Virtual best solver time in test = 1808.59
2025-02-11 05:48 | INFO | Single best solver list test = {'CCEHC2akms': 1944226.34, 'CCLS2akms': 1944040.97, 'ILP-2015': 1049816.32, 'LMHS-C': 620075.18, 'LMHS-I': 582103.79, 'MaxHS': 292873.26, 'Open-WBO': 150469.38, 'Open-WBO-L': 117057.34, 'Open-WBO-R': 77871.01, 'QMSAT14': 154143.13, 'QMSAT15UC': 187607.22, 'WMaxSatz+': 1659968.91, 'WMaxSatz09': 1659960.75, 'WPM3-2015-co': 8601.36, 'ahms-1.55': 1908723.02, 'ahms-1.68': 1908881.78, 'ahms-ls-1.55': 1908723.91, 'ahms-ls-1.68': 1908903.37, 'maxino-k16': 113943.79, 'maxino-kdyn': 113401.32, 'msUZK-nopp': 1088223.29, 'msUZK-pp': 1051175.02, 'mscg2015a': 184076.75, 'mscg2015b': 148904.06, 'optiriss-def': 185184.55, 'optiriss-sel': 906792.34, 'ratselfax-cnf': 1378123.46, 'toysat': 1375885.73, 'toysat_ls': 1452970.41}
2025-02-11 05:48 | INFO | Single best solver time test = WPM3-2015-co (8601.36)
2025-02-11 05:49 | INFO | Training Time Passive Learning Classifier: 31.85 seconds
2025-02-11 05:49 | INFO | Training Time Passive Learning Regressor: 3.06 seconds
2025-02-11 05:52 | INFO | Passive Learning Classifier Runtime on Validation Set: 122802.29
2025-02-11 05:52 | INFO | Passive Learning Classifier Runtime on Test Set: 40222.59
2025-02-11 05:52 | INFO | Passive Learning Instance Cost: 19573394.04
2025-02-11 05:52 | INFO | Passive Learning Emissions: 0.0023488182540411635
2025-02-11 05:52 | INFO | Passive Learning Energy Consumption: 0.0025555742389774725 kWh
2025-02-11 05:52 | INFO | Training Time Active Learning Classifier: 22.06 seconds
2025-02-11 05:52 | INFO | Training Time Active Learning Regressor: 1.36 seconds
2025-02-11 05:55 | INFO | Initial Active Learning Runtime on Validation Set: 44378.6
2025-02-11 05:55 | INFO | Initial Active Learning Runtime on Test Set: 77090.82
2025-02-11 05:55 | INFO | Initial Active Learning Instance Cost: 938268.85
2025-02-11 05:55 | INFO | Bin size = 1547
2025-02-11 05:56 | INFO | Query 1 Size of the uncertainty table is = 154686/154686
2025-02-11 05:56 | INFO | Query 1 Size of the filtered table is = 1547
2025-02-11 05:56 | INFO | Training Time Active Learning Classifier: 21.92 seconds
2025-02-11 05:56 | INFO | Training Time Active Learning Regressor: 1.62 seconds
2025-02-11 05:59 | INFO | Query 1 Active Learning Runtime on Validation Set: 83198.8
2025-02-11 05:59 | INFO | Query 1 Active Learning Runtime on Test Set: 76046.71
2025-02-11 05:59 | INFO | Query 1 Active Learning Instance Cost: 3626966.84
2025-02-11 05:59 | INFO | Timeout limit is increased to 3600
2025-02-11 06:01 | INFO | Query 2 Size of the uncertainty table is = 148368/154686
2025-02-11 06:01 | INFO | Query 2 Size of the filtered table is = 1547
2025-02-11 06:01 | INFO | Training Time Active Learning Classifier: 22.37 seconds
2025-02-11 06:01 | INFO | Training Time Active Learning Regressor: 1.83 seconds
2025-02-11 06:04 | INFO | Query 2 Active Learning Runtime on Validation Set: 122814.84
2025-02-11 06:04 | INFO | Query 2 Active Learning Runtime on Test Set: 111489.7
2025-02-11 06:04 | INFO | Query 2 Active Learning Instance Cost: 5820568.4
2025-02-11 06:04 | INFO | Timeout limit is increased to 3600
2025-02-11 06:06 | INFO | Query 3 Size of the uncertainty table is = 137947/154686
2025-02-11 06:06 | INFO | Query 3 Size of the filtered table is = 1547
2025-02-11 06:06 | INFO | Training Time Active Learning Classifier: 23.19 seconds
2025-02-11 06:06 | INFO | Training Time Active Learning Regressor: 1.99 seconds
2025-02-11 06:09 | INFO | Query 3 Active Learning Runtime on Validation Set: 122589.59
2025-02-11 06:09 | INFO | Query 3 Active Learning Runtime on Test Set: 39665.15
2025-02-11 06:09 | INFO | Query 3 Active Learning Instance Cost: 8374466.91
2025-02-11 06:11 | INFO | Query 4 Size of the uncertainty table is = 124827/154686
2025-02-11 06:11 | INFO | Query 4 Size of the filtered table is = 1547
2025-02-11 06:12 | INFO | Training Time Active Learning Classifier: 24.11 seconds
2025-02-11 06:12 | INFO | Training Time Active Learning Regressor: 2.15 seconds
2025-02-11 06:15 | INFO | Query 4 Active Learning Runtime on Validation Set: 85805.69
2025-02-11 06:15 | INFO | Query 4 Active Learning Runtime on Test Set: 39126.76
2025-02-11 06:15 | INFO | Query 4 Active Learning Instance Cost: 10405566.7
2025-02-11 06:17 | INFO | Query 5 Size of the uncertainty table is = 110209/154686
2025-02-11 06:17 | INFO | Query 5 Size of the filtered table is = 1547
2025-02-11 06:18 | INFO | Training Time Active Learning Classifier: 25.24 seconds
2025-02-11 06:18 | INFO | Training Time Active Learning Regressor: 2.31 seconds
2025-02-11 06:20 | INFO | Query 5 Active Learning Runtime on Validation Set: 86126.2
2025-02-11 06:20 | INFO | Query 5 Active Learning Runtime on Test Set: 3369.7
2025-02-11 06:20 | INFO | Query 5 Active Learning Instance Cost: 12483181.1
2025-02-11 06:20 | INFO | Timeout limit is increased to 3600
2025-02-11 06:22 | INFO | Query 6 Size of the uncertainty table is = 92881/154686
2025-02-11 06:22 | INFO | Query 6 Size of the filtered table is = 1547
2025-02-11 06:23 | INFO | Training Time Active Learning Classifier: 26.34 seconds
2025-02-11 06:23 | INFO | Training Time Active Learning Regressor: 2.47 seconds
2025-02-11 06:26 | INFO | Query 6 Active Learning Runtime on Validation Set: 86125.01
2025-02-11 06:26 | INFO | Query 6 Active Learning Runtime on Test Set: 4150.92
2025-02-11 06:26 | INFO | Query 6 Active Learning Instance Cost: 14424682.75
2025-02-11 06:28 | INFO | Query 7 Size of the uncertainty table is = 75729/154686
2025-02-11 06:28 | INFO | Query 7 Size of the filtered table is = 1547
2025-02-11 06:28 | INFO | Training Time Active Learning Classifier: 27.43 seconds
2025-02-11 06:28 | INFO | Training Time Active Learning Regressor: 2.62 seconds
2025-02-11 06:31 | INFO | Query 7 Active Learning Runtime on Validation Set: 86281.59
2025-02-11 06:31 | INFO | Query 7 Active Learning Runtime on Test Set: 3907.34
2025-02-11 06:31 | INFO | Query 7 Active Learning Instance Cost: 15692974.15
2025-02-11 06:31 | INFO | Timeout limit is increased to 3600
2025-02-11 06:33 | INFO | Query 8 Size of the uncertainty table is = 60654/154686
2025-02-11 06:33 | INFO | Query 8 Size of the filtered table is = 1547
2025-02-11 06:34 | INFO | Training Time Active Learning Classifier: 28.78 seconds
2025-02-11 06:34 | INFO | Training Time Active Learning Regressor: 2.79 seconds
2025-02-11 06:36 | INFO | Query 8 Active Learning Runtime on Validation Set: 86896.52
2025-02-11 06:36 | INFO | Query 8 Active Learning Runtime on Test Set: 40013.49
2025-02-11 06:36 | INFO | Query 8 Active Learning Instance Cost: 16635446.52
2025-02-11 06:36 | INFO | Timeout limit is increased to 3600
2025-02-11 06:38 | INFO | Query 9 Size of the uncertainty table is = 44180/154686
2025-02-11 06:38 | INFO | Query 9 Size of the filtered table is = 1547
2025-02-11 06:38 | INFO | Training Time Active Learning Classifier: 30.31 seconds
2025-02-11 06:38 | INFO | Training Time Active Learning Regressor: 2.95 seconds
2025-02-11 06:41 | INFO | Query 9 Active Learning Runtime on Validation Set: 87023.72
2025-02-11 06:41 | INFO | Query 9 Active Learning Runtime on Test Set: 39643.35
2025-02-11 06:41 | INFO | Query 9 Active Learning Instance Cost: 17370202.61
2025-02-11 06:41 | INFO | Timeout limit is increased to 3600
2025-02-11 06:42 | INFO | Query 10 Size of the uncertainty table is = 29351/154686
2025-02-11 06:42 | INFO | Query 10 Size of the filtered table is = 1547
2025-02-11 06:43 | INFO | Training Time Active Learning Classifier: 31.47 seconds
2025-02-11 06:43 | INFO | Training Time Active Learning Regressor: 3.08 seconds
2025-02-11 06:46 | INFO | Query 10 Active Learning Runtime on Validation Set: 87261.4
2025-02-11 06:46 | INFO | Query 10 Active Learning Runtime on Test Set: 39651.95
2025-02-11 06:46 | INFO | Query 10 Active Learning Instance Cost: 18013412.21
2025-02-11 06:46 | INFO | Timeout limit is increased to 3600
2025-02-11 06:46 | INFO | Query 11 Size of the uncertainty table is = 15111/154686
2025-02-11 06:46 | INFO | Query 11 Size of the filtered table is = 1547
2025-02-11 06:47 | INFO | Training Time Active Learning Classifier: 31.83 seconds
2025-02-11 06:47 | INFO | Training Time Active Learning Regressor: 3.14 seconds
2025-02-11 06:50 | INFO | Query 11 Active Learning Runtime on Validation Set: 119978.48
2025-02-11 06:50 | INFO | Query 11 Active Learning Runtime on Test Set: 39088.69
2025-02-11 06:50 | INFO | Query 11 Active Learning Instance Cost: 19173794.04
2025-02-11 06:50 | INFO | Timeout limit is increased to 3600
2025-02-11 06:50 | INFO | Query 12 Size of the uncertainty table is = 2990/154686
2025-02-11 06:50 | INFO | Query 12 Size of the filtered table is = 1547
2025-02-11 06:51 | INFO | Training Time Active Learning Classifier: 32.0 seconds
2025-02-11 06:51 | INFO | Training Time Active Learning Regressor: 3.14 seconds
2025-02-11 06:53 | INFO | Query 12 Active Learning Runtime on Validation Set: 119978.48
2025-02-11 06:53 | INFO | Query 12 Active Learning Runtime on Test Set: 39088.69
2025-02-11 06:53 | INFO | Query 12 Active Learning Instance Cost: 19573394.04
2025-02-11 06:53 | INFO | Timeout limit is increased to 3600
2025-02-11 06:53 | INFO | Active Learning Emissions: 0.04365481848509969
2025-02-11 06:53 | INFO | Active Learning Energy Consumption: 0.04749755726557938 kWh
2025-02-11 06:53 | INFO | runtime_test_score is written as json file
2025-02-11 06:53 | INFO | runtime_validation_score is written as json file
2025-02-11 06:53 | INFO | instance_cost is written as json file
2025-02-11 06:53 | INFO | Experiment is finished
