2025-02-11 03:08 | INFO | Paramaters are: {'dataset': 'CSP-2010', 'penalty': 10, 'weight': 'No_Weight', 'voting': 'Hard', 'pre_selection_size': 64, 'pre_selection_technique': 'No_pre_selection', 'feature_elimination_threshold': 20, 'imputer_strategy': 'median', 'feature_selection_technique': 'No_feature_selection', 'feature_scaling_technique': 'StandardScaler', 'initial_train_size': 20, 'query_size': 1, 'timeout_predictor_usage': 'No', 'pareto_features': {'Uncertainty': 'max', 'PredDiff': 'max', 'PredCost': 'min'}, 'timeout_limit': 3600, 'timeout_increase_rate': 100, 'penalty_type': 'Only-timeout-penalty', 'RANDOM_STATE_SEED': 99, 'n_splits': 10, 'split_number': 4, 'max_timeout': 3600, 'param_grid': {'n_estimators': 100, 'max_features': 'sqrt', 'max_depth': 2147483648, 'min_samples_split': 2, 'bootstrap': True}}
2025-02-11 03:08 | INFO | CSP-2010 is current dataset
2025-02-11 03:08 | INFO | DATASETS/CSP-2010/algorithm_runs.csv is found
2025-02-11 03:08 | INFO | DATASETS/CSP-2010/algorithm_runs.csv is finished
2025-02-11 03:08 | INFO | DATASETS/CSP-2010/feature_values.csv is found
2025-02-11 03:08 | INFO | DATASETS/CSP-2010/feature_values.csv is finished
2025-02-11 03:08 | INFO | Virtual best solver time in train = 70976.61
2025-02-11 03:08 | INFO | Single best solver list train = {'learning': 3275596.94, 'standard': 1239120.23}
2025-02-11 03:08 | INFO | Single best solver time train = standard (1239120.23)
2025-02-11 03:08 | INFO | Virtual best solver time in validation = 100832.88
2025-02-11 03:08 | INFO | Single best solver list validation = {'learning': 5272542.54, 'standard': 105298.27}
2025-02-11 03:08 | INFO | Single best solver time validation = standard (105298.27)
2025-02-11 03:08 | INFO | Virtual best solver time in test = 11623.87
2025-02-11 03:08 | INFO | Single best solver list test = {'learning': 791014.76, 'standard': 52845.9}
2025-02-11 03:08 | INFO | Single best solver time test = standard (52845.9)
2025-02-11 03:09 | INFO | Training Time Passive Learning Classifier: 0.25 seconds
2025-02-11 03:09 | INFO | Training Time Passive Learning Regressor: 0.75 seconds
2025-02-11 03:09 | INFO | Passive Learning Classifier Runtime on Validation Set: 105298.27
2025-02-11 03:09 | INFO | Passive Learning Classifier Runtime on Test Set: 43225.1
2025-02-11 03:09 | INFO | Passive Learning Instance Cost: 659117.18
2025-02-11 03:09 | INFO | Passive Learning Emissions: 2.6754067773931952e-05
2025-02-11 03:09 | INFO | Passive Learning Energy Consumption: 2.9109108920319062e-05 kWh
2025-02-11 03:09 | INFO | Training Time Active Learning Classifier: 0.05 seconds
2025-02-11 03:09 | INFO | Training Time Active Learning Regressor: 0.09 seconds
2025-02-11 03:09 | INFO | Initial Active Learning Runtime on Validation Set: 100848.22
2025-02-11 03:09 | INFO | Initial Active Learning Runtime on Test Set: 48649.2
2025-02-11 03:09 | INFO | Initial Active Learning Instance Cost: 12951.61
2025-02-11 03:09 | INFO | Bin size = 12
2025-02-11 03:09 | INFO | Query 1 Size of the uncertainty table is = 1200/1200
2025-02-11 03:09 | INFO | Query 1 Size of the filtered table is = 323
2025-02-11 03:09 | INFO | Training Time Active Learning Classifier: 0.05 seconds
2025-02-11 03:09 | INFO | Training Time Active Learning Regressor: 0.1 seconds
2025-02-11 03:09 | INFO | Query 1 Active Learning Runtime on Validation Set: 100848.14
2025-02-11 03:09 | INFO | Query 1 Active Learning Runtime on Test Set: 84460.34
2025-02-11 03:09 | INFO | Query 1 Active Learning Instance Cost: 23957.79
2025-02-11 03:09 | INFO | Query 2 Size of the uncertainty table is = 1188/1200
2025-02-11 03:09 | INFO | Query 2 Size of the filtered table is = 306
2025-02-11 03:09 | INFO | Training Time Active Learning Classifier: 0.06 seconds
2025-02-11 03:09 | INFO | Training Time Active Learning Regressor: 0.1 seconds
2025-02-11 03:09 | INFO | Query 2 Active Learning Runtime on Validation Set: 100848.14
2025-02-11 03:09 | INFO | Query 2 Active Learning Runtime on Test Set: 116040.67
2025-02-11 03:09 | INFO | Query 2 Active Learning Instance Cost: 34981.38
2025-02-11 03:09 | INFO | Timeout limit is increased to 3600
2025-02-11 03:09 | INFO | Query 3 Size of the uncertainty table is = 1176/1200
2025-02-11 03:09 | INFO | Query 3 Size of the filtered table is = 363
2025-02-11 03:09 | INFO | Training Time Active Learning Classifier: 0.06 seconds
2025-02-11 03:09 | INFO | Training Time Active Learning Regressor: 0.11 seconds
2025-02-11 03:09 | INFO | Query 3 Active Learning Runtime on Validation Set: 100848.13
2025-02-11 03:09 | INFO | Query 3 Active Learning Runtime on Test Set: 116085.37
2025-02-11 03:09 | INFO | Query 3 Active Learning Instance Cost: 41530.86
2025-02-11 03:09 | INFO | Query 4 Size of the uncertainty table is = 1164/1200
2025-02-11 03:09 | INFO | Query 4 Size of the filtered table is = 344
2025-02-11 03:09 | INFO | Training Time Active Learning Classifier: 0.06 seconds
2025-02-11 03:09 | INFO | Training Time Active Learning Regressor: 0.11 seconds
2025-02-11 03:09 | INFO | Query 4 Active Learning Runtime on Validation Set: 100848.14
2025-02-11 03:09 | INFO | Query 4 Active Learning Runtime on Test Set: 116085.62
2025-02-11 03:09 | INFO | Query 4 Active Learning Instance Cost: 50565.38
2025-02-11 03:09 | INFO | Timeout limit is increased to 3600
2025-02-11 03:09 | INFO | Query 5 Size of the uncertainty table is = 1152/1200
2025-02-11 03:09 | INFO | Query 5 Size of the filtered table is = 268
2025-02-11 03:09 | INFO | Training Time Active Learning Classifier: 0.06 seconds
2025-02-11 03:09 | INFO | Training Time Active Learning Regressor: 0.12 seconds
2025-02-11 03:09 | INFO | Query 5 Active Learning Runtime on Validation Set: 100848.14
2025-02-11 03:09 | INFO | Query 5 Active Learning Runtime on Test Set: 116085.63
2025-02-11 03:09 | INFO | Query 5 Active Learning Instance Cost: 58013.43
2025-02-11 03:09 | INFO | Timeout limit is increased to 3600
2025-02-11 03:09 | INFO | Query 6 Size of the uncertainty table is = 1140/1200
2025-02-11 03:09 | INFO | Query 6 Size of the filtered table is = 313
2025-02-11 03:09 | INFO | Training Time Active Learning Classifier: 0.06 seconds
2025-02-11 03:09 | INFO | Training Time Active Learning Regressor: 0.12 seconds
2025-02-11 03:09 | INFO | Query 6 Active Learning Runtime on Validation Set: 100848.14
2025-02-11 03:09 | INFO | Query 6 Active Learning Runtime on Test Set: 78856.53
2025-02-11 03:09 | INFO | Query 6 Active Learning Instance Cost: 62043.69
2025-02-11 03:09 | INFO | Timeout limit is increased to 3600
2025-02-11 03:09 | INFO | Query 7 Size of the uncertainty table is = 1128/1200
2025-02-11 03:09 | INFO | Query 7 Size of the filtered table is = 348
2025-02-11 03:09 | INFO | Training Time Active Learning Classifier: 0.06 seconds
2025-02-11 03:09 | INFO | Training Time Active Learning Regressor: 0.13 seconds
2025-02-11 03:09 | INFO | Query 7 Active Learning Runtime on Validation Set: 100848.14
2025-02-11 03:09 | INFO | Query 7 Active Learning Runtime on Test Set: 78811.31
2025-02-11 03:09 | INFO | Query 7 Active Learning Instance Cost: 67641.28
2025-02-11 03:09 | INFO | Timeout limit is increased to 3600
2025-02-11 03:09 | INFO | Query 8 Size of the uncertainty table is = 1116/1200
2025-02-11 03:09 | INFO | Query 8 Size of the filtered table is = 319
2025-02-11 03:09 | INFO | Training Time Active Learning Classifier: 0.06 seconds
2025-02-11 03:09 | INFO | Training Time Active Learning Regressor: 0.13 seconds
2025-02-11 03:09 | INFO | Query 8 Active Learning Runtime on Validation Set: 100847.76
2025-02-11 03:09 | INFO | Query 8 Active Learning Runtime on Test Set: 80199.96
2025-02-11 03:09 | INFO | Query 8 Active Learning Instance Cost: 83152.33
2025-02-11 03:09 | INFO | Query 9 Size of the uncertainty table is = 1104/1200
2025-02-11 03:09 | INFO | Query 9 Size of the filtered table is = 357
2025-02-11 03:09 | INFO | Training Time Active Learning Classifier: 0.06 seconds
2025-02-11 03:09 | INFO | Training Time Active Learning Regressor: 0.14 seconds
2025-02-11 03:09 | INFO | Query 9 Active Learning Runtime on Validation Set: 105300.55
2025-02-11 03:09 | INFO | Query 9 Active Learning Runtime on Test Set: 13032.55
2025-02-11 03:09 | INFO | Query 9 Active Learning Instance Cost: 89738.27
2025-02-11 03:09 | INFO | Timeout limit is increased to 3600
2025-02-11 03:09 | INFO | Query 10 Size of the uncertainty table is = 1092/1200
2025-02-11 03:09 | INFO | Query 10 Size of the filtered table is = 306
2025-02-11 03:09 | INFO | Training Time Active Learning Classifier: 0.07 seconds
2025-02-11 03:09 | INFO | Training Time Active Learning Regressor: 0.14 seconds
2025-02-11 03:09 | INFO | Query 10 Active Learning Runtime on Validation Set: 105300.49
2025-02-11 03:09 | INFO | Query 10 Active Learning Runtime on Test Set: 80199.72
2025-02-11 03:09 | INFO | Query 10 Active Learning Instance Cost: 95849.7
2025-02-11 03:09 | INFO | Query 11 Size of the uncertainty table is = 1080/1200
2025-02-11 03:09 | INFO | Query 11 Size of the filtered table is = 328
2025-02-11 03:09 | INFO | Training Time Active Learning Classifier: 0.07 seconds
2025-02-11 03:09 | INFO | Training Time Active Learning Regressor: 0.15 seconds
2025-02-11 03:09 | INFO | Query 11 Active Learning Runtime on Validation Set: 105298.27
2025-02-11 03:09 | INFO | Query 11 Active Learning Runtime on Test Set: 48719.65
2025-02-11 03:09 | INFO | Query 11 Active Learning Instance Cost: 99485.39
2025-02-11 03:09 | INFO | Query 12 Size of the uncertainty table is = 1068/1200
2025-02-11 03:09 | INFO | Query 12 Size of the filtered table is = 308
2025-02-11 03:09 | INFO | Training Time Active Learning Classifier: 0.07 seconds
2025-02-11 03:09 | INFO | Training Time Active Learning Regressor: 0.16 seconds
2025-02-11 03:09 | INFO | Query 12 Active Learning Runtime on Validation Set: 105298.27
2025-02-11 03:09 | INFO | Query 12 Active Learning Runtime on Test Set: 11643.75
2025-02-11 03:09 | INFO | Query 12 Active Learning Instance Cost: 106082.96
2025-02-11 03:09 | INFO | Timeout limit is increased to 3600
2025-02-11 03:09 | INFO | Query 13 Size of the uncertainty table is = 1056/1200
2025-02-11 03:09 | INFO | Query 13 Size of the filtered table is = 360
2025-02-11 03:09 | INFO | Training Time Active Learning Classifier: 0.07 seconds
2025-02-11 03:09 | INFO | Training Time Active Learning Regressor: 0.16 seconds
2025-02-11 03:09 | INFO | Query 13 Active Learning Runtime on Validation Set: 105298.27
2025-02-11 03:09 | INFO | Query 13 Active Learning Runtime on Test Set: 43224.73
2025-02-11 03:09 | INFO | Query 13 Active Learning Instance Cost: 113486.2
2025-02-11 03:09 | INFO | Timeout limit is increased to 3600
2025-02-11 03:09 | INFO | Query 14 Size of the uncertainty table is = 1044/1200
2025-02-11 03:09 | INFO | Query 14 Size of the filtered table is = 352
2025-02-11 03:09 | INFO | Training Time Active Learning Classifier: 0.07 seconds
2025-02-11 03:09 | INFO | Training Time Active Learning Regressor: 0.17 seconds
2025-02-11 03:09 | INFO | Query 14 Active Learning Runtime on Validation Set: 105298.27
2025-02-11 03:09 | INFO | Query 14 Active Learning Runtime on Test Set: 78811.23
2025-02-11 03:09 | INFO | Query 14 Active Learning Instance Cost: 124850.02
2025-02-11 03:09 | INFO | Timeout limit is increased to 3600
2025-02-11 03:09 | INFO | Query 15 Size of the uncertainty table is = 1032/1200
2025-02-11 03:09 | INFO | Query 15 Size of the filtered table is = 339
2025-02-11 03:09 | INFO | Training Time Active Learning Classifier: 0.08 seconds
2025-02-11 03:09 | INFO | Training Time Active Learning Regressor: 0.17 seconds
2025-02-11 03:09 | INFO | Query 15 Active Learning Runtime on Validation Set: 105298.27
2025-02-11 03:09 | INFO | Query 15 Active Learning Runtime on Test Set: 78811.23
2025-02-11 03:09 | INFO | Query 15 Active Learning Instance Cost: 124864.83
2025-02-11 03:09 | INFO | Timeout limit is increased to 3600
2025-02-11 03:09 | INFO | Query 16 Size of the uncertainty table is = 1020/1200
2025-02-11 03:09 | INFO | Query 16 Size of the filtered table is = 322
2025-02-11 03:09 | INFO | Training Time Active Learning Classifier: 0.08 seconds
2025-02-11 03:09 | INFO | Training Time Active Learning Regressor: 0.18 seconds
2025-02-11 03:09 | INFO | Query 16 Active Learning Runtime on Validation Set: 105298.27
2025-02-11 03:09 | INFO | Query 16 Active Learning Runtime on Test Set: 47230.25
2025-02-11 03:09 | INFO | Query 16 Active Learning Instance Cost: 135713.02
2025-02-11 03:09 | INFO | Timeout limit is increased to 3600
2025-02-11 03:09 | INFO | Query 17 Size of the uncertainty table is = 1008/1200
2025-02-11 03:09 | INFO | Query 17 Size of the filtered table is = 354
2025-02-11 03:09 | INFO | Training Time Active Learning Classifier: 0.08 seconds
2025-02-11 03:09 | INFO | Training Time Active Learning Regressor: 0.19 seconds
2025-02-11 03:09 | INFO | Query 17 Active Learning Runtime on Validation Set: 105298.27
2025-02-11 03:09 | INFO | Query 17 Active Learning Runtime on Test Set: 78811.24
2025-02-11 03:09 | INFO | Query 17 Active Learning Instance Cost: 151558.73
2025-02-11 03:09 | INFO | Timeout limit is increased to 3600
2025-02-11 03:09 | INFO | Query 18 Size of the uncertainty table is = 996/1200
2025-02-11 03:09 | INFO | Query 18 Size of the filtered table is = 389
2025-02-11 03:09 | INFO | Training Time Active Learning Classifier: 0.08 seconds
2025-02-11 03:09 | INFO | Training Time Active Learning Regressor: 0.19 seconds
2025-02-11 03:09 | INFO | Query 18 Active Learning Runtime on Validation Set: 105298.27
2025-02-11 03:09 | INFO | Query 18 Active Learning Runtime on Test Set: 43224.72
2025-02-11 03:09 | INFO | Query 18 Active Learning Instance Cost: 155041.92
2025-02-11 03:09 | INFO | Timeout limit is increased to 3600
2025-02-11 03:09 | INFO | Query 19 Size of the uncertainty table is = 984/1200
2025-02-11 03:09 | INFO | Query 19 Size of the filtered table is = 337
2025-02-11 03:09 | INFO | Training Time Active Learning Classifier: 0.08 seconds
2025-02-11 03:09 | INFO | Training Time Active Learning Regressor: 0.2 seconds
2025-02-11 03:09 | INFO | Query 19 Active Learning Runtime on Validation Set: 105298.27
2025-02-11 03:09 | INFO | Query 19 Active Learning Runtime on Test Set: 43224.78
2025-02-11 03:09 | INFO | Query 19 Active Learning Instance Cost: 162312.27
2025-02-11 03:09 | INFO | Timeout limit is increased to 3600
2025-02-11 03:09 | INFO | Query 20 Size of the uncertainty table is = 972/1200
2025-02-11 03:09 | INFO | Query 20 Size of the filtered table is = 306
2025-02-11 03:09 | INFO | Training Time Active Learning Classifier: 0.08 seconds
2025-02-11 03:09 | INFO | Training Time Active Learning Regressor: 0.2 seconds
2025-02-11 03:09 | INFO | Query 20 Active Learning Runtime on Validation Set: 105298.27
2025-02-11 03:09 | INFO | Query 20 Active Learning Runtime on Test Set: 43225.56
2025-02-11 03:09 | INFO | Query 20 Active Learning Instance Cost: 166580.24
2025-02-11 03:09 | INFO | Timeout limit is increased to 3600
2025-02-11 03:09 | INFO | Query 21 Size of the uncertainty table is = 960/1200
2025-02-11 03:09 | INFO | Query 21 Size of the filtered table is = 312
2025-02-11 03:09 | INFO | Training Time Active Learning Classifier: 0.09 seconds
2025-02-11 03:09 | INFO | Training Time Active Learning Regressor: 0.21 seconds
2025-02-11 03:09 | INFO | Query 21 Active Learning Runtime on Validation Set: 105298.27
2025-02-11 03:09 | INFO | Query 21 Active Learning Runtime on Test Set: 43225.52
2025-02-11 03:09 | INFO | Query 21 Active Learning Instance Cost: 185068.32
2025-02-11 03:09 | INFO | Timeout limit is increased to 3600
2025-02-11 03:09 | INFO | Query 22 Size of the uncertainty table is = 948/1200
2025-02-11 03:09 | INFO | Query 22 Size of the filtered table is = 320
2025-02-11 03:09 | INFO | Training Time Active Learning Classifier: 0.09 seconds
2025-02-11 03:09 | INFO | Training Time Active Learning Regressor: 0.21 seconds
2025-02-11 03:09 | INFO | Query 22 Active Learning Runtime on Validation Set: 105298.27
2025-02-11 03:09 | INFO | Query 22 Active Learning Runtime on Test Set: 43225.68
2025-02-11 03:09 | INFO | Query 22 Active Learning Instance Cost: 192575.45
2025-02-11 03:09 | INFO | Timeout limit is increased to 3600
2025-02-11 03:09 | INFO | Query 23 Size of the uncertainty table is = 936/1200
2025-02-11 03:09 | INFO | Query 23 Size of the filtered table is = 295
2025-02-11 03:09 | INFO | Training Time Active Learning Classifier: 0.09 seconds
2025-02-11 03:09 | INFO | Training Time Active Learning Regressor: 0.22 seconds
2025-02-11 03:09 | INFO | Query 23 Active Learning Runtime on Validation Set: 105298.27
2025-02-11 03:09 | INFO | Query 23 Active Learning Runtime on Test Set: 43225.53
2025-02-11 03:09 | INFO | Query 23 Active Learning Instance Cost: 197919.09
2025-02-11 03:09 | INFO | Timeout limit is increased to 3600
2025-02-11 03:09 | INFO | Query 24 Size of the uncertainty table is = 924/1200
2025-02-11 03:09 | INFO | Query 24 Size of the filtered table is = 311
2025-02-11 03:09 | INFO | Training Time Active Learning Classifier: 0.09 seconds
2025-02-11 03:09 | INFO | Training Time Active Learning Regressor: 0.23 seconds
2025-02-11 03:09 | INFO | Query 24 Active Learning Runtime on Validation Set: 105298.27
2025-02-11 03:09 | INFO | Query 24 Active Learning Runtime on Test Set: 43225.54
2025-02-11 03:09 | INFO | Query 24 Active Learning Instance Cost: 204525.54
2025-02-11 03:09 | INFO | Timeout limit is increased to 3600
2025-02-11 03:09 | INFO | Query 25 Size of the uncertainty table is = 912/1200
2025-02-11 03:09 | INFO | Query 25 Size of the filtered table is = 297
2025-02-11 03:09 | INFO | Training Time Active Learning Classifier: 0.09 seconds
2025-02-11 03:09 | INFO | Training Time Active Learning Regressor: 0.23 seconds
2025-02-11 03:09 | INFO | Query 25 Active Learning Runtime on Validation Set: 105298.27
2025-02-11 03:09 | INFO | Query 25 Active Learning Runtime on Test Set: 43225.21
2025-02-11 03:09 | INFO | Query 25 Active Learning Instance Cost: 205439.15
2025-02-11 03:09 | INFO | Timeout limit is increased to 3600
2025-02-11 03:09 | INFO | Query 26 Size of the uncertainty table is = 900/1200
2025-02-11 03:09 | INFO | Query 26 Size of the filtered table is = 292
2025-02-11 03:09 | INFO | Training Time Active Learning Classifier: 0.1 seconds
2025-02-11 03:09 | INFO | Training Time Active Learning Regressor: 0.24 seconds
2025-02-11 03:09 | INFO | Query 26 Active Learning Runtime on Validation Set: 105298.27
2025-02-11 03:09 | INFO | Query 26 Active Learning Runtime on Test Set: 43225.23
2025-02-11 03:09 | INFO | Query 26 Active Learning Instance Cost: 212746.99
2025-02-11 03:09 | INFO | Timeout limit is increased to 3600
2025-02-11 03:09 | INFO | Query 27 Size of the uncertainty table is = 888/1200
2025-02-11 03:09 | INFO | Query 27 Size of the filtered table is = 263
2025-02-11 03:09 | INFO | Training Time Active Learning Classifier: 0.1 seconds
2025-02-11 03:09 | INFO | Training Time Active Learning Regressor: 0.25 seconds
2025-02-11 03:09 | INFO | Query 27 Active Learning Runtime on Validation Set: 105298.27
2025-02-11 03:09 | INFO | Query 27 Active Learning Runtime on Test Set: 43225.21
2025-02-11 03:09 | INFO | Query 27 Active Learning Instance Cost: 221152.88
2025-02-11 03:09 | INFO | Timeout limit is increased to 3600
2025-02-11 03:09 | INFO | Query 28 Size of the uncertainty table is = 876/1200
2025-02-11 03:09 | INFO | Query 28 Size of the filtered table is = 278
2025-02-11 03:10 | INFO | Training Time Active Learning Classifier: 0.1 seconds
2025-02-11 03:10 | INFO | Training Time Active Learning Regressor: 0.26 seconds
2025-02-11 03:10 | INFO | Query 28 Active Learning Runtime on Validation Set: 105298.27
2025-02-11 03:10 | INFO | Query 28 Active Learning Runtime on Test Set: 43225.27
2025-02-11 03:10 | INFO | Query 28 Active Learning Instance Cost: 230926.15
2025-02-11 03:10 | INFO | Timeout limit is increased to 3600
2025-02-11 03:10 | INFO | Query 29 Size of the uncertainty table is = 864/1200
2025-02-11 03:10 | INFO | Query 29 Size of the filtered table is = 286
2025-02-11 03:10 | INFO | Training Time Active Learning Classifier: 0.1 seconds
2025-02-11 03:10 | INFO | Training Time Active Learning Regressor: 0.26 seconds
2025-02-11 03:10 | INFO | Query 29 Active Learning Runtime on Validation Set: 105298.27
2025-02-11 03:10 | INFO | Query 29 Active Learning Runtime on Test Set: 43225.23
2025-02-11 03:10 | INFO | Query 29 Active Learning Instance Cost: 239599.14
2025-02-11 03:10 | INFO | Timeout limit is increased to 3600
2025-02-11 03:10 | INFO | Query 30 Size of the uncertainty table is = 852/1200
2025-02-11 03:10 | INFO | Query 30 Size of the filtered table is = 277
2025-02-11 03:10 | INFO | Training Time Active Learning Classifier: 0.1 seconds
2025-02-11 03:10 | INFO | Training Time Active Learning Regressor: 0.27 seconds
2025-02-11 03:10 | INFO | Query 30 Active Learning Runtime on Validation Set: 105298.27
2025-02-11 03:10 | INFO | Query 30 Active Learning Runtime on Test Set: 43225.7
2025-02-11 03:10 | INFO | Query 30 Active Learning Instance Cost: 251387.61
2025-02-11 03:10 | INFO | Timeout limit is increased to 3600
2025-02-11 03:10 | INFO | Query 31 Size of the uncertainty table is = 840/1200
2025-02-11 03:10 | INFO | Query 31 Size of the filtered table is = 234
2025-02-11 03:10 | INFO | Training Time Active Learning Classifier: 0.1 seconds
2025-02-11 03:10 | INFO | Training Time Active Learning Regressor: 0.27 seconds
2025-02-11 03:10 | INFO | Query 31 Active Learning Runtime on Validation Set: 105298.27
2025-02-11 03:10 | INFO | Query 31 Active Learning Runtime on Test Set: 43225.24
2025-02-11 03:10 | INFO | Query 31 Active Learning Instance Cost: 263478.8
2025-02-11 03:10 | INFO | Timeout limit is increased to 3600
2025-02-11 03:10 | INFO | Query 32 Size of the uncertainty table is = 828/1200
2025-02-11 03:10 | INFO | Query 32 Size of the filtered table is = 233
2025-02-11 03:10 | INFO | Training Time Active Learning Classifier: 0.11 seconds
2025-02-11 03:10 | INFO | Training Time Active Learning Regressor: 0.28 seconds
2025-02-11 03:10 | INFO | Query 32 Active Learning Runtime on Validation Set: 105298.27
2025-02-11 03:10 | INFO | Query 32 Active Learning Runtime on Test Set: 43225.27
2025-02-11 03:10 | INFO | Query 32 Active Learning Instance Cost: 269323.57
2025-02-11 03:10 | INFO | Timeout limit is increased to 3600
2025-02-11 03:10 | INFO | Query 33 Size of the uncertainty table is = 816/1200
2025-02-11 03:10 | INFO | Query 33 Size of the filtered table is = 250
2025-02-11 03:10 | INFO | Training Time Active Learning Classifier: 0.11 seconds
2025-02-11 03:10 | INFO | Training Time Active Learning Regressor: 0.28 seconds
2025-02-11 03:10 | INFO | Query 33 Active Learning Runtime on Validation Set: 105298.27
2025-02-11 03:10 | INFO | Query 33 Active Learning Runtime on Test Set: 43225.42
2025-02-11 03:10 | INFO | Query 33 Active Learning Instance Cost: 276640.56
2025-02-11 03:10 | INFO | Timeout limit is increased to 3600
2025-02-11 03:10 | INFO | Query 34 Size of the uncertainty table is = 804/1200
2025-02-11 03:10 | INFO | Query 34 Size of the filtered table is = 231
2025-02-11 03:10 | INFO | Training Time Active Learning Classifier: 0.11 seconds
2025-02-11 03:10 | INFO | Training Time Active Learning Regressor: 0.29 seconds
2025-02-11 03:10 | INFO | Query 34 Active Learning Runtime on Validation Set: 105298.27
2025-02-11 03:10 | INFO | Query 34 Active Learning Runtime on Test Set: 43225.36
2025-02-11 03:10 | INFO | Query 34 Active Learning Instance Cost: 286168.1
2025-02-11 03:10 | INFO | Timeout limit is increased to 3600
2025-02-11 03:10 | INFO | Query 35 Size of the uncertainty table is = 792/1200
2025-02-11 03:10 | INFO | Query 35 Size of the filtered table is = 234
2025-02-11 03:10 | INFO | Training Time Active Learning Classifier: 0.11 seconds
2025-02-11 03:10 | INFO | Training Time Active Learning Regressor: 0.3 seconds
2025-02-11 03:10 | INFO | Query 35 Active Learning Runtime on Validation Set: 105298.27
2025-02-11 03:10 | INFO | Query 35 Active Learning Runtime on Test Set: 43225.04
2025-02-11 03:10 | INFO | Query 35 Active Learning Instance Cost: 289824.79
2025-02-11 03:10 | INFO | Timeout limit is increased to 3600
2025-02-11 03:10 | INFO | Query 36 Size of the uncertainty table is = 780/1200
2025-02-11 03:10 | INFO | Query 36 Size of the filtered table is = 223
2025-02-11 03:10 | INFO | Training Time Active Learning Classifier: 0.11 seconds
2025-02-11 03:10 | INFO | Training Time Active Learning Regressor: 0.31 seconds
2025-02-11 03:10 | INFO | Query 36 Active Learning Runtime on Validation Set: 105298.27
2025-02-11 03:10 | INFO | Query 36 Active Learning Runtime on Test Set: 43225.3
2025-02-11 03:10 | INFO | Query 36 Active Learning Instance Cost: 297634.48
2025-02-11 03:10 | INFO | Timeout limit is increased to 3600
2025-02-11 03:10 | INFO | Query 37 Size of the uncertainty table is = 768/1200
2025-02-11 03:10 | INFO | Query 37 Size of the filtered table is = 182
2025-02-11 03:10 | INFO | Training Time Active Learning Classifier: 0.12 seconds
2025-02-11 03:10 | INFO | Training Time Active Learning Regressor: 0.32 seconds
2025-02-11 03:10 | INFO | Query 37 Active Learning Runtime on Validation Set: 105298.27
2025-02-11 03:10 | INFO | Query 37 Active Learning Runtime on Test Set: 43225.04
2025-02-11 03:10 | INFO | Query 37 Active Learning Instance Cost: 308586.24
2025-02-11 03:10 | INFO | Timeout limit is increased to 3600
2025-02-11 03:10 | INFO | Query 38 Size of the uncertainty table is = 756/1200
2025-02-11 03:10 | INFO | Query 38 Size of the filtered table is = 244
2025-02-11 03:10 | INFO | Training Time Active Learning Classifier: 0.12 seconds
2025-02-11 03:10 | INFO | Training Time Active Learning Regressor: 0.37 seconds
2025-02-11 03:10 | INFO | Query 38 Active Learning Runtime on Validation Set: 105298.27
2025-02-11 03:10 | INFO | Query 38 Active Learning Runtime on Test Set: 43225.29
2025-02-11 03:10 | INFO | Query 38 Active Learning Instance Cost: 316624.72
2025-02-11 03:10 | INFO | Timeout limit is increased to 3600
2025-02-11 03:10 | INFO | Query 39 Size of the uncertainty table is = 744/1200
2025-02-11 03:10 | INFO | Query 39 Size of the filtered table is = 209
2025-02-11 03:10 | INFO | Training Time Active Learning Classifier: 0.12 seconds
2025-02-11 03:10 | INFO | Training Time Active Learning Regressor: 0.33 seconds
2025-02-11 03:10 | INFO | Query 39 Active Learning Runtime on Validation Set: 105298.27
2025-02-11 03:10 | INFO | Query 39 Active Learning Runtime on Test Set: 43225.29
2025-02-11 03:10 | INFO | Query 39 Active Learning Instance Cost: 327677.25
2025-02-11 03:10 | INFO | Timeout limit is increased to 3600
2025-02-11 03:10 | INFO | Query 40 Size of the uncertainty table is = 732/1200
2025-02-11 03:10 | INFO | Query 40 Size of the filtered table is = 212
2025-02-11 03:10 | INFO | Training Time Active Learning Classifier: 0.12 seconds
2025-02-11 03:10 | INFO | Training Time Active Learning Regressor: 0.33 seconds
2025-02-11 03:10 | INFO | Query 40 Active Learning Runtime on Validation Set: 105298.27
2025-02-11 03:10 | INFO | Query 40 Active Learning Runtime on Test Set: 43225.32
2025-02-11 03:10 | INFO | Query 40 Active Learning Instance Cost: 333577.15
2025-02-11 03:10 | INFO | Timeout limit is increased to 3600
2025-02-11 03:10 | INFO | Query 41 Size of the uncertainty table is = 720/1200
2025-02-11 03:10 | INFO | Query 41 Size of the filtered table is = 199
2025-02-11 03:10 | INFO | Training Time Active Learning Classifier: 0.12 seconds
2025-02-11 03:10 | INFO | Training Time Active Learning Regressor: 0.34 seconds
2025-02-11 03:10 | INFO | Query 41 Active Learning Runtime on Validation Set: 105298.27
2025-02-11 03:10 | INFO | Query 41 Active Learning Runtime on Test Set: 43225.33
2025-02-11 03:10 | INFO | Query 41 Active Learning Instance Cost: 337370.39
2025-02-11 03:10 | INFO | Timeout limit is increased to 3600
2025-02-11 03:10 | INFO | Query 42 Size of the uncertainty table is = 708/1200
2025-02-11 03:10 | INFO | Query 42 Size of the filtered table is = 184
2025-02-11 03:10 | INFO | Training Time Active Learning Classifier: 0.13 seconds
2025-02-11 03:10 | INFO | Training Time Active Learning Regressor: 0.35 seconds
2025-02-11 03:10 | INFO | Query 42 Active Learning Runtime on Validation Set: 105298.35
2025-02-11 03:10 | INFO | Query 42 Active Learning Runtime on Test Set: 43225.38
2025-02-11 03:10 | INFO | Query 42 Active Learning Instance Cost: 349625.72
2025-02-11 03:10 | INFO | Timeout limit is increased to 3600
2025-02-11 03:10 | INFO | Query 43 Size of the uncertainty table is = 696/1200
2025-02-11 03:10 | INFO | Query 43 Size of the filtered table is = 181
2025-02-11 03:10 | INFO | Training Time Active Learning Classifier: 0.13 seconds
2025-02-11 03:10 | INFO | Training Time Active Learning Regressor: 0.35 seconds
2025-02-11 03:10 | INFO | Query 43 Active Learning Runtime on Validation Set: 105298.27
2025-02-11 03:10 | INFO | Query 43 Active Learning Runtime on Test Set: 43225.35
2025-02-11 03:10 | INFO | Query 43 Active Learning Instance Cost: 354398.77
2025-02-11 03:10 | INFO | Query 44 Size of the uncertainty table is = 684/1200
2025-02-11 03:10 | INFO | Query 44 Size of the filtered table is = 178
2025-02-11 03:10 | INFO | Training Time Active Learning Classifier: 0.13 seconds
2025-02-11 03:10 | INFO | Training Time Active Learning Regressor: 0.36 seconds
2025-02-11 03:10 | INFO | Query 44 Active Learning Runtime on Validation Set: 105298.27
2025-02-11 03:10 | INFO | Query 44 Active Learning Runtime on Test Set: 43225.4
2025-02-11 03:10 | INFO | Query 44 Active Learning Instance Cost: 354561.83
2025-02-11 03:10 | INFO | Timeout limit is increased to 3600
2025-02-11 03:10 | INFO | Query 45 Size of the uncertainty table is = 672/1200
2025-02-11 03:10 | INFO | Query 45 Size of the filtered table is = 175
2025-02-11 03:10 | INFO | Training Time Active Learning Classifier: 0.13 seconds
2025-02-11 03:10 | INFO | Training Time Active Learning Regressor: 0.37 seconds
2025-02-11 03:10 | INFO | Query 45 Active Learning Runtime on Validation Set: 105298.27
2025-02-11 03:10 | INFO | Query 45 Active Learning Runtime on Test Set: 43225.4
2025-02-11 03:10 | INFO | Query 45 Active Learning Instance Cost: 362438.07
2025-02-11 03:10 | INFO | Timeout limit is increased to 3600
2025-02-11 03:10 | INFO | Query 46 Size of the uncertainty table is = 660/1200
2025-02-11 03:10 | INFO | Query 46 Size of the filtered table is = 162
2025-02-11 03:10 | INFO | Training Time Active Learning Classifier: 0.13 seconds
2025-02-11 03:10 | INFO | Training Time Active Learning Regressor: 0.38 seconds
2025-02-11 03:10 | INFO | Query 46 Active Learning Runtime on Validation Set: 105298.27
2025-02-11 03:10 | INFO | Query 46 Active Learning Runtime on Test Set: 43225.39
2025-02-11 03:10 | INFO | Query 46 Active Learning Instance Cost: 366625.47
2025-02-11 03:10 | INFO | Timeout limit is increased to 3600
2025-02-11 03:10 | INFO | Query 47 Size of the uncertainty table is = 648/1200
2025-02-11 03:10 | INFO | Query 47 Size of the filtered table is = 143
2025-02-11 03:10 | INFO | Training Time Active Learning Classifier: 0.13 seconds
2025-02-11 03:10 | INFO | Training Time Active Learning Regressor: 0.38 seconds
2025-02-11 03:10 | INFO | Query 47 Active Learning Runtime on Validation Set: 105298.27
2025-02-11 03:10 | INFO | Query 47 Active Learning Runtime on Test Set: 43225.42
2025-02-11 03:10 | INFO | Query 47 Active Learning Instance Cost: 381118.8
2025-02-11 03:10 | INFO | Timeout limit is increased to 3600
2025-02-11 03:10 | INFO | Query 48 Size of the uncertainty table is = 636/1200
2025-02-11 03:10 | INFO | Query 48 Size of the filtered table is = 152
2025-02-11 03:10 | INFO | Training Time Active Learning Classifier: 0.13 seconds
2025-02-11 03:10 | INFO | Training Time Active Learning Regressor: 0.38 seconds
2025-02-11 03:10 | INFO | Query 48 Active Learning Runtime on Validation Set: 105298.27
2025-02-11 03:10 | INFO | Query 48 Active Learning Runtime on Test Set: 43225.37
2025-02-11 03:10 | INFO | Query 48 Active Learning Instance Cost: 394223.85
2025-02-11 03:10 | INFO | Timeout limit is increased to 3600
2025-02-11 03:10 | INFO | Query 49 Size of the uncertainty table is = 624/1200
2025-02-11 03:10 | INFO | Query 49 Size of the filtered table is = 132
2025-02-11 03:10 | INFO | Training Time Active Learning Classifier: 0.14 seconds
2025-02-11 03:10 | INFO | Training Time Active Learning Regressor: 0.39 seconds
2025-02-11 03:10 | INFO | Query 49 Active Learning Runtime on Validation Set: 105298.27
2025-02-11 03:10 | INFO | Query 49 Active Learning Runtime on Test Set: 43225.42
2025-02-11 03:10 | INFO | Query 49 Active Learning Instance Cost: 404973.0
2025-02-11 03:10 | INFO | Timeout limit is increased to 3600
2025-02-11 03:10 | INFO | Query 50 Size of the uncertainty table is = 612/1200
2025-02-11 03:10 | INFO | Query 50 Size of the filtered table is = 140
2025-02-11 03:10 | INFO | Training Time Active Learning Classifier: 0.14 seconds
2025-02-11 03:10 | INFO | Training Time Active Learning Regressor: 0.39 seconds
2025-02-11 03:10 | INFO | Query 50 Active Learning Runtime on Validation Set: 141242.42
2025-02-11 03:10 | INFO | Query 50 Active Learning Runtime on Test Set: 43225.35
2025-02-11 03:10 | INFO | Query 50 Active Learning Instance Cost: 414046.93
2025-02-11 03:10 | INFO | Timeout limit is increased to 3600
2025-02-11 03:10 | INFO | Query 51 Size of the uncertainty table is = 600/1200
2025-02-11 03:10 | INFO | Query 51 Size of the filtered table is = 160
2025-02-11 03:10 | INFO | Training Time Active Learning Classifier: 0.14 seconds
2025-02-11 03:10 | INFO | Training Time Active Learning Regressor: 0.41 seconds
2025-02-11 03:10 | INFO | Query 51 Active Learning Runtime on Validation Set: 105298.27
2025-02-11 03:10 | INFO | Query 51 Active Learning Runtime on Test Set: 43225.42
2025-02-11 03:10 | INFO | Query 51 Active Learning Instance Cost: 418632.02
2025-02-11 03:10 | INFO | Query 52 Size of the uncertainty table is = 588/1200
2025-02-11 03:10 | INFO | Query 52 Size of the filtered table is = 144
2025-02-11 03:10 | INFO | Training Time Active Learning Classifier: 0.14 seconds
2025-02-11 03:10 | INFO | Training Time Active Learning Regressor: 0.42 seconds
2025-02-11 03:10 | INFO | Query 52 Active Learning Runtime on Validation Set: 105298.27
2025-02-11 03:10 | INFO | Query 52 Active Learning Runtime on Test Set: 43225.44
2025-02-11 03:10 | INFO | Query 52 Active Learning Instance Cost: 424709.41
2025-02-11 03:10 | INFO | Timeout limit is increased to 3600
2025-02-11 03:10 | INFO | Query 53 Size of the uncertainty table is = 576/1200
2025-02-11 03:10 | INFO | Query 53 Size of the filtered table is = 125
2025-02-11 03:10 | INFO | Training Time Active Learning Classifier: 0.14 seconds
2025-02-11 03:10 | INFO | Training Time Active Learning Regressor: 0.42 seconds
2025-02-11 03:10 | INFO | Query 53 Active Learning Runtime on Validation Set: 105298.29
2025-02-11 03:10 | INFO | Query 53 Active Learning Runtime on Test Set: 43225.45
2025-02-11 03:10 | INFO | Query 53 Active Learning Instance Cost: 434561.36
2025-02-11 03:10 | INFO | Timeout limit is increased to 3600
2025-02-11 03:10 | INFO | Query 54 Size of the uncertainty table is = 564/1200
2025-02-11 03:10 | INFO | Query 54 Size of the filtered table is = 134
2025-02-11 03:10 | INFO | Training Time Active Learning Classifier: 0.15 seconds
2025-02-11 03:10 | INFO | Training Time Active Learning Regressor: 0.42 seconds
2025-02-11 03:10 | INFO | Query 54 Active Learning Runtime on Validation Set: 105298.27
2025-02-11 03:10 | INFO | Query 54 Active Learning Runtime on Test Set: 43225.37
2025-02-11 03:10 | INFO | Query 54 Active Learning Instance Cost: 443192.47
2025-02-11 03:10 | INFO | Query 55 Size of the uncertainty table is = 552/1200
2025-02-11 03:10 | INFO | Query 55 Size of the filtered table is = 125
2025-02-11 03:10 | INFO | Training Time Active Learning Classifier: 0.15 seconds
2025-02-11 03:10 | INFO | Training Time Active Learning Regressor: 0.43 seconds
2025-02-11 03:10 | INFO | Query 55 Active Learning Runtime on Validation Set: 105298.27
2025-02-11 03:10 | INFO | Query 55 Active Learning Runtime on Test Set: 43225.37
2025-02-11 03:10 | INFO | Query 55 Active Learning Instance Cost: 443216.39
2025-02-11 03:10 | INFO | Timeout limit is increased to 3600
2025-02-11 03:10 | INFO | Query 56 Size of the uncertainty table is = 540/1200
2025-02-11 03:10 | INFO | Query 56 Size of the filtered table is = 136
2025-02-11 03:10 | INFO | Training Time Active Learning Classifier: 0.15 seconds
2025-02-11 03:10 | INFO | Training Time Active Learning Regressor: 0.44 seconds
2025-02-11 03:10 | INFO | Query 56 Active Learning Runtime on Validation Set: 105298.27
2025-02-11 03:10 | INFO | Query 56 Active Learning Runtime on Test Set: 43225.34
2025-02-11 03:10 | INFO | Query 56 Active Learning Instance Cost: 449133.39
2025-02-11 03:10 | INFO | Timeout limit is increased to 3600
2025-02-11 03:11 | INFO | Query 57 Size of the uncertainty table is = 528/1200
2025-02-11 03:11 | INFO | Query 57 Size of the filtered table is = 122
2025-02-11 03:11 | INFO | Training Time Active Learning Classifier: 0.15 seconds
2025-02-11 03:11 | INFO | Training Time Active Learning Regressor: 0.45 seconds
2025-02-11 03:11 | INFO | Query 57 Active Learning Runtime on Validation Set: 105298.35
2025-02-11 03:11 | INFO | Query 57 Active Learning Runtime on Test Set: 43225.34
2025-02-11 03:11 | INFO | Query 57 Active Learning Instance Cost: 462024.63
2025-02-11 03:11 | INFO | Timeout limit is increased to 3600
2025-02-11 03:11 | INFO | Query 58 Size of the uncertainty table is = 516/1200
2025-02-11 03:11 | INFO | Query 58 Size of the filtered table is = 115
2025-02-11 03:11 | INFO | Training Time Active Learning Classifier: 0.15 seconds
2025-02-11 03:11 | INFO | Training Time Active Learning Regressor: 0.45 seconds
2025-02-11 03:11 | INFO | Query 58 Active Learning Runtime on Validation Set: 105298.27
2025-02-11 03:11 | INFO | Query 58 Active Learning Runtime on Test Set: 43225.37
2025-02-11 03:11 | INFO | Query 58 Active Learning Instance Cost: 470050.63
2025-02-11 03:11 | INFO | Query 59 Size of the uncertainty table is = 504/1200
2025-02-11 03:11 | INFO | Query 59 Size of the filtered table is = 114
2025-02-11 03:11 | INFO | Training Time Active Learning Classifier: 0.15 seconds
2025-02-11 03:11 | INFO | Training Time Active Learning Regressor: 0.46 seconds
2025-02-11 03:11 | INFO | Query 59 Active Learning Runtime on Validation Set: 105298.27
2025-02-11 03:11 | INFO | Query 59 Active Learning Runtime on Test Set: 43225.15
2025-02-11 03:11 | INFO | Query 59 Active Learning Instance Cost: 474376.89
2025-02-11 03:11 | INFO | Timeout limit is increased to 3600
2025-02-11 03:11 | INFO | Query 60 Size of the uncertainty table is = 492/1200
2025-02-11 03:11 | INFO | Query 60 Size of the filtered table is = 98
2025-02-11 03:11 | INFO | Training Time Active Learning Classifier: 0.16 seconds
2025-02-11 03:11 | INFO | Training Time Active Learning Regressor: 0.47 seconds
2025-02-11 03:11 | INFO | Query 60 Active Learning Runtime on Validation Set: 105298.27
2025-02-11 03:11 | INFO | Query 60 Active Learning Runtime on Test Set: 43225.15
2025-02-11 03:11 | INFO | Query 60 Active Learning Instance Cost: 483102.47
2025-02-11 03:11 | INFO | Timeout limit is increased to 3600
2025-02-11 03:11 | INFO | Query 61 Size of the uncertainty table is = 480/1200
2025-02-11 03:11 | INFO | Query 61 Size of the filtered table is = 112
2025-02-11 03:11 | INFO | Training Time Active Learning Classifier: 0.16 seconds
2025-02-11 03:11 | INFO | Training Time Active Learning Regressor: 0.48 seconds
2025-02-11 03:11 | INFO | Query 61 Active Learning Runtime on Validation Set: 105298.27
2025-02-11 03:11 | INFO | Query 61 Active Learning Runtime on Test Set: 43225.17
2025-02-11 03:11 | INFO | Query 61 Active Learning Instance Cost: 483193.55
2025-02-11 03:11 | INFO | Timeout limit is increased to 3600
2025-02-11 03:11 | INFO | Query 62 Size of the uncertainty table is = 468/1200
2025-02-11 03:11 | INFO | Query 62 Size of the filtered table is = 109
2025-02-11 03:11 | INFO | Training Time Active Learning Classifier: 0.16 seconds
2025-02-11 03:11 | INFO | Training Time Active Learning Regressor: 0.48 seconds
2025-02-11 03:11 | INFO | Query 62 Active Learning Runtime on Validation Set: 105298.27
2025-02-11 03:11 | INFO | Query 62 Active Learning Runtime on Test Set: 43225.13
2025-02-11 03:11 | INFO | Query 62 Active Learning Instance Cost: 487066.86
2025-02-11 03:11 | INFO | Timeout limit is increased to 3600
2025-02-11 03:11 | INFO | Query 63 Size of the uncertainty table is = 456/1200
2025-02-11 03:11 | INFO | Query 63 Size of the filtered table is = 105
2025-02-11 03:11 | INFO | Training Time Active Learning Classifier: 0.16 seconds
2025-02-11 03:11 | INFO | Training Time Active Learning Regressor: 0.49 seconds
2025-02-11 03:11 | INFO | Query 63 Active Learning Runtime on Validation Set: 105298.27
2025-02-11 03:11 | INFO | Query 63 Active Learning Runtime on Test Set: 45590.96
2025-02-11 03:11 | INFO | Query 63 Active Learning Instance Cost: 487269.86
2025-02-11 03:11 | INFO | Timeout limit is increased to 3600
2025-02-11 03:11 | INFO | Query 64 Size of the uncertainty table is = 444/1200
2025-02-11 03:11 | INFO | Query 64 Size of the filtered table is = 84
2025-02-11 03:11 | INFO | Training Time Active Learning Classifier: 0.16 seconds
2025-02-11 03:11 | INFO | Training Time Active Learning Regressor: 0.5 seconds
2025-02-11 03:11 | INFO | Query 64 Active Learning Runtime on Validation Set: 105298.27
2025-02-11 03:11 | INFO | Query 64 Active Learning Runtime on Test Set: 43225.11
2025-02-11 03:11 | INFO | Query 64 Active Learning Instance Cost: 507202.05
2025-02-11 03:11 | INFO | Timeout limit is increased to 3600
2025-02-11 03:11 | INFO | Query 65 Size of the uncertainty table is = 432/1200
2025-02-11 03:11 | INFO | Query 65 Size of the filtered table is = 97
2025-02-11 03:11 | INFO | Training Time Active Learning Classifier: 0.17 seconds
2025-02-11 03:11 | INFO | Training Time Active Learning Regressor: 0.5 seconds
2025-02-11 03:11 | INFO | Query 65 Active Learning Runtime on Validation Set: 105298.27
2025-02-11 03:11 | INFO | Query 65 Active Learning Runtime on Test Set: 43225.15
2025-02-11 03:11 | INFO | Query 65 Active Learning Instance Cost: 507411.29
2025-02-11 03:11 | INFO | Timeout limit is increased to 3600
2025-02-11 03:11 | INFO | Query 66 Size of the uncertainty table is = 420/1200
2025-02-11 03:11 | INFO | Query 66 Size of the filtered table is = 93
2025-02-11 03:11 | INFO | Training Time Active Learning Classifier: 0.17 seconds
2025-02-11 03:11 | INFO | Training Time Active Learning Regressor: 0.5 seconds
2025-02-11 03:11 | INFO | Query 66 Active Learning Runtime on Validation Set: 105298.27
2025-02-11 03:11 | INFO | Query 66 Active Learning Runtime on Test Set: 11644.25
2025-02-11 03:11 | INFO | Query 66 Active Learning Instance Cost: 519061.32
2025-02-11 03:11 | INFO | Timeout limit is increased to 3600
2025-02-11 03:11 | INFO | Query 67 Size of the uncertainty table is = 408/1200
2025-02-11 03:11 | INFO | Query 67 Size of the filtered table is = 99
2025-02-11 03:11 | INFO | Training Time Active Learning Classifier: 0.17 seconds
2025-02-11 03:11 | INFO | Training Time Active Learning Regressor: 0.52 seconds
2025-02-11 03:11 | INFO | Query 67 Active Learning Runtime on Validation Set: 105298.27
2025-02-11 03:11 | INFO | Query 67 Active Learning Runtime on Test Set: 11644.24
2025-02-11 03:11 | INFO | Query 67 Active Learning Instance Cost: 522967.63
2025-02-11 03:11 | INFO | Timeout limit is increased to 3600
2025-02-11 03:11 | INFO | Query 68 Size of the uncertainty table is = 396/1200
2025-02-11 03:11 | INFO | Query 68 Size of the filtered table is = 93
2025-02-11 03:11 | INFO | Training Time Active Learning Classifier: 0.17 seconds
2025-02-11 03:11 | INFO | Training Time Active Learning Regressor: 0.52 seconds
2025-02-11 03:11 | INFO | Query 68 Active Learning Runtime on Validation Set: 141249.11
2025-02-11 03:11 | INFO | Query 68 Active Learning Runtime on Test Set: 14624.97
2025-02-11 03:11 | INFO | Query 68 Active Learning Instance Cost: 523266.55
2025-02-11 03:11 | INFO | Timeout limit is increased to 3600
2025-02-11 03:11 | INFO | Query 69 Size of the uncertainty table is = 384/1200
2025-02-11 03:11 | INFO | Query 69 Size of the filtered table is = 72
2025-02-11 03:11 | INFO | Training Time Active Learning Classifier: 0.18 seconds
2025-02-11 03:11 | INFO | Training Time Active Learning Regressor: 0.53 seconds
2025-02-11 03:11 | INFO | Query 69 Active Learning Runtime on Validation Set: 105298.27
2025-02-11 03:11 | INFO | Query 69 Active Learning Runtime on Test Set: 11644.23
2025-02-11 03:11 | INFO | Query 69 Active Learning Instance Cost: 544463.55
2025-02-11 03:11 | INFO | Query 70 Size of the uncertainty table is = 372/1200
2025-02-11 03:11 | INFO | Query 70 Size of the filtered table is = 78
2025-02-11 03:11 | INFO | Training Time Active Learning Classifier: 0.18 seconds
2025-02-11 03:11 | INFO | Training Time Active Learning Regressor: 0.53 seconds
2025-02-11 03:11 | INFO | Query 70 Active Learning Runtime on Validation Set: 141242.42
2025-02-11 03:11 | INFO | Query 70 Active Learning Runtime on Test Set: 43225.14
2025-02-11 03:11 | INFO | Query 70 Active Learning Instance Cost: 544480.15
2025-02-11 03:11 | INFO | Timeout limit is increased to 3600
2025-02-11 03:11 | INFO | Query 71 Size of the uncertainty table is = 360/1200
2025-02-11 03:11 | INFO | Query 71 Size of the filtered table is = 83
2025-02-11 03:11 | INFO | Training Time Active Learning Classifier: 0.18 seconds
2025-02-11 03:11 | INFO | Training Time Active Learning Regressor: 0.54 seconds
2025-02-11 03:11 | INFO | Query 71 Active Learning Runtime on Validation Set: 141242.42
2025-02-11 03:11 | INFO | Query 71 Active Learning Runtime on Test Set: 11644.24
2025-02-11 03:11 | INFO | Query 71 Active Learning Instance Cost: 552760.95
2025-02-11 03:11 | INFO | Timeout limit is increased to 3600
2025-02-11 03:11 | INFO | Query 72 Size of the uncertainty table is = 348/1200
2025-02-11 03:11 | INFO | Query 72 Size of the filtered table is = 68
2025-02-11 03:11 | INFO | Training Time Active Learning Classifier: 0.18 seconds
2025-02-11 03:11 | INFO | Training Time Active Learning Regressor: 0.56 seconds
2025-02-11 03:11 | INFO | Query 72 Active Learning Runtime on Validation Set: 105298.27
2025-02-11 03:11 | INFO | Query 72 Active Learning Runtime on Test Set: 43225.18
2025-02-11 03:11 | INFO | Query 72 Active Learning Instance Cost: 553768.68
2025-02-11 03:11 | INFO | Query 73 Size of the uncertainty table is = 336/1200
2025-02-11 03:11 | INFO | Query 73 Size of the filtered table is = 74
2025-02-11 03:11 | INFO | Training Time Active Learning Classifier: 0.19 seconds
2025-02-11 03:11 | INFO | Training Time Active Learning Regressor: 0.56 seconds
2025-02-11 03:11 | INFO | Query 73 Active Learning Runtime on Validation Set: 105298.27
2025-02-11 03:11 | INFO | Query 73 Active Learning Runtime on Test Set: 11644.28
2025-02-11 03:11 | INFO | Query 73 Active Learning Instance Cost: 564792.02
2025-02-11 03:11 | INFO | Timeout limit is increased to 3600
2025-02-11 03:11 | INFO | Query 74 Size of the uncertainty table is = 324/1200
2025-02-11 03:11 | INFO | Query 74 Size of the filtered table is = 63
2025-02-11 03:11 | INFO | Training Time Active Learning Classifier: 0.19 seconds
2025-02-11 03:11 | INFO | Training Time Active Learning Regressor: 0.58 seconds
2025-02-11 03:11 | INFO | Query 74 Active Learning Runtime on Validation Set: 105298.27
2025-02-11 03:11 | INFO | Query 74 Active Learning Runtime on Test Set: 11644.24
2025-02-11 03:11 | INFO | Query 74 Active Learning Instance Cost: 569191.26
2025-02-11 03:11 | INFO | Timeout limit is increased to 3600
2025-02-11 03:11 | INFO | Query 75 Size of the uncertainty table is = 312/1200
2025-02-11 03:11 | INFO | Query 75 Size of the filtered table is = 55
2025-02-11 03:11 | INFO | Training Time Active Learning Classifier: 0.19 seconds
2025-02-11 03:11 | INFO | Training Time Active Learning Regressor: 0.58 seconds
2025-02-11 03:11 | INFO | Query 75 Active Learning Runtime on Validation Set: 105298.27
2025-02-11 03:11 | INFO | Query 75 Active Learning Runtime on Test Set: 11644.24
2025-02-11 03:11 | INFO | Query 75 Active Learning Instance Cost: 574419.1
2025-02-11 03:11 | INFO | Timeout limit is increased to 3600
2025-02-11 03:11 | INFO | Query 76 Size of the uncertainty table is = 300/1200
2025-02-11 03:11 | INFO | Query 76 Size of the filtered table is = 51
2025-02-11 03:11 | INFO | Training Time Active Learning Classifier: 0.19 seconds
2025-02-11 03:11 | INFO | Training Time Active Learning Regressor: 0.59 seconds
2025-02-11 03:11 | INFO | Query 76 Active Learning Runtime on Validation Set: 105298.27
2025-02-11 03:11 | INFO | Query 76 Active Learning Runtime on Test Set: 11644.73
2025-02-11 03:11 | INFO | Query 76 Active Learning Instance Cost: 579781.57
2025-02-11 03:11 | INFO | Timeout limit is increased to 3600
2025-02-11 03:11 | INFO | Query 77 Size of the uncertainty table is = 288/1200
2025-02-11 03:11 | INFO | Query 77 Size of the filtered table is = 55
2025-02-11 03:11 | INFO | Training Time Active Learning Classifier: 0.2 seconds
2025-02-11 03:11 | INFO | Training Time Active Learning Regressor: 0.59 seconds
2025-02-11 03:11 | INFO | Query 77 Active Learning Runtime on Validation Set: 105298.27
2025-02-11 03:11 | INFO | Query 77 Active Learning Runtime on Test Set: 11644.21
2025-02-11 03:11 | INFO | Query 77 Active Learning Instance Cost: 585934.89
2025-02-11 03:11 | INFO | Timeout limit is increased to 3600
2025-02-11 03:11 | INFO | Query 78 Size of the uncertainty table is = 276/1200
2025-02-11 03:11 | INFO | Query 78 Size of the filtered table is = 65
2025-02-11 03:11 | INFO | Training Time Active Learning Classifier: 0.2 seconds
2025-02-11 03:11 | INFO | Training Time Active Learning Regressor: 0.6 seconds
2025-02-11 03:11 | INFO | Query 78 Active Learning Runtime on Validation Set: 105298.27
2025-02-11 03:11 | INFO | Query 78 Active Learning Runtime on Test Set: 43225.15
2025-02-11 03:11 | INFO | Query 78 Active Learning Instance Cost: 590038.91
2025-02-11 03:11 | INFO | Timeout limit is increased to 3600
2025-02-11 03:11 | INFO | Query 79 Size of the uncertainty table is = 264/1200
2025-02-11 03:11 | INFO | Query 79 Size of the filtered table is = 69
2025-02-11 03:11 | INFO | Training Time Active Learning Classifier: 0.2 seconds
2025-02-11 03:11 | INFO | Training Time Active Learning Regressor: 0.61 seconds
2025-02-11 03:11 | INFO | Query 79 Active Learning Runtime on Validation Set: 105298.27
2025-02-11 03:11 | INFO | Query 79 Active Learning Runtime on Test Set: 43225.15
2025-02-11 03:11 | INFO | Query 79 Active Learning Instance Cost: 596957.21
2025-02-11 03:11 | INFO | Timeout limit is increased to 3600
2025-02-11 03:11 | INFO | Query 80 Size of the uncertainty table is = 252/1200
2025-02-11 03:11 | INFO | Query 80 Size of the filtered table is = 69
2025-02-11 03:11 | INFO | Training Time Active Learning Classifier: 0.2 seconds
2025-02-11 03:11 | INFO | Training Time Active Learning Regressor: 0.63 seconds
2025-02-11 03:11 | INFO | Query 80 Active Learning Runtime on Validation Set: 105298.27
2025-02-11 03:11 | INFO | Query 80 Active Learning Runtime on Test Set: 11644.21
2025-02-11 03:11 | INFO | Query 80 Active Learning Instance Cost: 597880.29
2025-02-11 03:11 | INFO | Timeout limit is increased to 3600
2025-02-11 03:11 | INFO | Query 81 Size of the uncertainty table is = 240/1200
2025-02-11 03:11 | INFO | Query 81 Size of the filtered table is = 66
2025-02-11 03:11 | INFO | Training Time Active Learning Classifier: 0.2 seconds
2025-02-11 03:11 | INFO | Training Time Active Learning Regressor: 0.62 seconds
2025-02-11 03:11 | INFO | Query 81 Active Learning Runtime on Validation Set: 105298.27
2025-02-11 03:11 | INFO | Query 81 Active Learning Runtime on Test Set: 11644.48
2025-02-11 03:11 | INFO | Query 81 Active Learning Instance Cost: 608980.78
2025-02-11 03:11 | INFO | Timeout limit is increased to 3600
2025-02-11 03:11 | INFO | Query 82 Size of the uncertainty table is = 228/1200
2025-02-11 03:11 | INFO | Query 82 Size of the filtered table is = 83
2025-02-11 03:11 | INFO | Training Time Active Learning Classifier: 0.2 seconds
2025-02-11 03:11 | INFO | Training Time Active Learning Regressor: 0.64 seconds
2025-02-11 03:11 | INFO | Query 82 Active Learning Runtime on Validation Set: 105298.27
2025-02-11 03:11 | INFO | Query 82 Active Learning Runtime on Test Set: 11644.52
2025-02-11 03:11 | INFO | Query 82 Active Learning Instance Cost: 615813.57
2025-02-11 03:11 | INFO | Timeout limit is increased to 3600
2025-02-11 03:11 | INFO | Query 83 Size of the uncertainty table is = 216/1200
2025-02-11 03:11 | INFO | Query 83 Size of the filtered table is = 58
2025-02-11 03:11 | INFO | Training Time Active Learning Classifier: 0.21 seconds
2025-02-11 03:11 | INFO | Training Time Active Learning Regressor: 0.64 seconds
2025-02-11 03:12 | INFO | Query 83 Active Learning Runtime on Validation Set: 105298.27
2025-02-11 03:12 | INFO | Query 83 Active Learning Runtime on Test Set: 11644.62
2025-02-11 03:12 | INFO | Query 83 Active Learning Instance Cost: 622151.11
2025-02-11 03:12 | INFO | Timeout limit is increased to 3600
2025-02-11 03:12 | INFO | Query 84 Size of the uncertainty table is = 204/1200
2025-02-11 03:12 | INFO | Query 84 Size of the filtered table is = 72
2025-02-11 03:12 | INFO | Training Time Active Learning Classifier: 0.21 seconds
2025-02-11 03:12 | INFO | Training Time Active Learning Regressor: 0.65 seconds
2025-02-11 03:12 | INFO | Query 84 Active Learning Runtime on Validation Set: 105298.27
2025-02-11 03:12 | INFO | Query 84 Active Learning Runtime on Test Set: 43225.17
2025-02-11 03:12 | INFO | Query 84 Active Learning Instance Cost: 625279.69
2025-02-11 03:12 | INFO | Timeout limit is increased to 3600
2025-02-11 03:12 | INFO | Query 85 Size of the uncertainty table is = 192/1200
2025-02-11 03:12 | INFO | Query 85 Size of the filtered table is = 58
2025-02-11 03:12 | INFO | Training Time Active Learning Classifier: 0.21 seconds
2025-02-11 03:12 | INFO | Training Time Active Learning Regressor: 0.65 seconds
2025-02-11 03:12 | INFO | Query 85 Active Learning Runtime on Validation Set: 105298.27
2025-02-11 03:12 | INFO | Query 85 Active Learning Runtime on Test Set: 43225.18
2025-02-11 03:12 | INFO | Query 85 Active Learning Instance Cost: 625293.36
2025-02-11 03:12 | INFO | Timeout limit is increased to 3600
2025-02-11 03:12 | INFO | Query 86 Size of the uncertainty table is = 180/1200
2025-02-11 03:12 | INFO | Query 86 Size of the filtered table is = 63
2025-02-11 03:12 | INFO | Training Time Active Learning Classifier: 0.22 seconds
2025-02-11 03:12 | INFO | Training Time Active Learning Regressor: 0.66 seconds
2025-02-11 03:12 | INFO | Query 86 Active Learning Runtime on Validation Set: 105298.27
2025-02-11 03:12 | INFO | Query 86 Active Learning Runtime on Test Set: 11644.24
2025-02-11 03:12 | INFO | Query 86 Active Learning Instance Cost: 628159.44
2025-02-11 03:12 | INFO | Timeout limit is increased to 3600
2025-02-11 03:12 | INFO | Query 87 Size of the uncertainty table is = 168/1200
2025-02-11 03:12 | INFO | Query 87 Size of the filtered table is = 53
2025-02-11 03:12 | INFO | Training Time Active Learning Classifier: 0.22 seconds
2025-02-11 03:12 | INFO | Training Time Active Learning Regressor: 0.68 seconds
2025-02-11 03:12 | INFO | Query 87 Active Learning Runtime on Validation Set: 105298.27
2025-02-11 03:12 | INFO | Query 87 Active Learning Runtime on Test Set: 11644.23
2025-02-11 03:12 | INFO | Query 87 Active Learning Instance Cost: 633575.58
2025-02-11 03:12 | INFO | Timeout limit is increased to 3600
2025-02-11 03:12 | INFO | Query 88 Size of the uncertainty table is = 156/1200
2025-02-11 03:12 | INFO | Query 88 Size of the filtered table is = 50
2025-02-11 03:12 | INFO | Training Time Active Learning Classifier: 0.22 seconds
2025-02-11 03:12 | INFO | Training Time Active Learning Regressor: 0.69 seconds
2025-02-11 03:12 | INFO | Query 88 Active Learning Runtime on Validation Set: 105298.27
2025-02-11 03:12 | INFO | Query 88 Active Learning Runtime on Test Set: 11644.21
2025-02-11 03:12 | INFO | Query 88 Active Learning Instance Cost: 639719.7
2025-02-11 03:12 | INFO | Timeout limit is increased to 3600
2025-02-11 03:12 | INFO | Query 89 Size of the uncertainty table is = 144/1200
2025-02-11 03:12 | INFO | Query 89 Size of the filtered table is = 41
2025-02-11 03:12 | INFO | Training Time Active Learning Classifier: 0.22 seconds
2025-02-11 03:12 | INFO | Training Time Active Learning Regressor: 0.69 seconds
2025-02-11 03:12 | INFO | Query 89 Active Learning Runtime on Validation Set: 105298.27
2025-02-11 03:12 | INFO | Query 89 Active Learning Runtime on Test Set: 11644.21
2025-02-11 03:12 | INFO | Query 89 Active Learning Instance Cost: 639732.4
2025-02-11 03:12 | INFO | Timeout limit is increased to 3600
2025-02-11 03:12 | INFO | Query 90 Size of the uncertainty table is = 132/1200
2025-02-11 03:12 | INFO | Query 90 Size of the filtered table is = 40
2025-02-11 03:12 | INFO | Training Time Active Learning Classifier: 0.22 seconds
2025-02-11 03:12 | INFO | Training Time Active Learning Regressor: 0.69 seconds
2025-02-11 03:12 | INFO | Query 90 Active Learning Runtime on Validation Set: 105298.27
2025-02-11 03:12 | INFO | Query 90 Active Learning Runtime on Test Set: 43225.67
2025-02-11 03:12 | INFO | Query 90 Active Learning Instance Cost: 641424.87
2025-02-11 03:12 | INFO | Timeout limit is increased to 3600
2025-02-11 03:12 | INFO | Query 91 Size of the uncertainty table is = 120/1200
2025-02-11 03:12 | INFO | Query 91 Size of the filtered table is = 38
2025-02-11 03:12 | INFO | Training Time Active Learning Classifier: 0.23 seconds
2025-02-11 03:12 | INFO | Training Time Active Learning Regressor: 0.7 seconds
2025-02-11 03:12 | INFO | Query 91 Active Learning Runtime on Validation Set: 105298.27
2025-02-11 03:12 | INFO | Query 91 Active Learning Runtime on Test Set: 43225.19
2025-02-11 03:12 | INFO | Query 91 Active Learning Instance Cost: 641435.37
2025-02-11 03:12 | INFO | Timeout limit is increased to 3600
2025-02-11 03:12 | INFO | Query 92 Size of the uncertainty table is = 108/1200
2025-02-11 03:12 | INFO | Query 92 Size of the filtered table is = 42
2025-02-11 03:12 | INFO | Training Time Active Learning Classifier: 0.23 seconds
2025-02-11 03:12 | INFO | Training Time Active Learning Regressor: 0.7 seconds
2025-02-11 03:12 | INFO | Query 92 Active Learning Runtime on Validation Set: 105298.27
2025-02-11 03:12 | INFO | Query 92 Active Learning Runtime on Test Set: 43225.61
2025-02-11 03:12 | INFO | Query 92 Active Learning Instance Cost: 641446.53
2025-02-11 03:12 | INFO | Timeout limit is increased to 3600
2025-02-11 03:12 | INFO | Query 93 Size of the uncertainty table is = 96/1200
2025-02-11 03:12 | INFO | Query 93 Size of the filtered table is = 36
2025-02-11 03:12 | INFO | Training Time Active Learning Classifier: 0.23 seconds
2025-02-11 03:12 | INFO | Training Time Active Learning Regressor: 0.72 seconds
2025-02-11 03:12 | INFO | Query 93 Active Learning Runtime on Validation Set: 105298.27
2025-02-11 03:12 | INFO | Query 93 Active Learning Runtime on Test Set: 11644.16
2025-02-11 03:12 | INFO | Query 93 Active Learning Instance Cost: 641456.0
2025-02-11 03:12 | INFO | Timeout limit is increased to 3600
2025-02-11 03:12 | INFO | Query 94 Size of the uncertainty table is = 84/1200
2025-02-11 03:12 | INFO | Query 94 Size of the filtered table is = 29
2025-02-11 03:12 | INFO | Training Time Active Learning Classifier: 0.23 seconds
2025-02-11 03:12 | INFO | Training Time Active Learning Regressor: 0.73 seconds
2025-02-11 03:12 | INFO | Query 94 Active Learning Runtime on Validation Set: 105298.27
2025-02-11 03:12 | INFO | Query 94 Active Learning Runtime on Test Set: 43225.13
2025-02-11 03:12 | INFO | Query 94 Active Learning Instance Cost: 641468.43
2025-02-11 03:12 | INFO | Timeout limit is increased to 3600
2025-02-11 03:12 | INFO | Query 95 Size of the uncertainty table is = 72/1200
2025-02-11 03:12 | INFO | Query 95 Size of the filtered table is = 25
2025-02-11 03:12 | INFO | Training Time Active Learning Classifier: 0.23 seconds
2025-02-11 03:12 | INFO | Training Time Active Learning Regressor: 0.73 seconds
2025-02-11 03:12 | INFO | Query 95 Active Learning Runtime on Validation Set: 105298.27
2025-02-11 03:12 | INFO | Query 95 Active Learning Runtime on Test Set: 43225.1
2025-02-11 03:12 | INFO | Query 95 Active Learning Instance Cost: 645414.26
2025-02-11 03:12 | INFO | Timeout limit is increased to 3600
2025-02-11 03:12 | INFO | Query 96 Size of the uncertainty table is = 60/1200
2025-02-11 03:12 | INFO | Query 96 Size of the filtered table is = 18
2025-02-11 03:12 | INFO | Training Time Active Learning Classifier: 0.23 seconds
2025-02-11 03:12 | INFO | Training Time Active Learning Regressor: 0.73 seconds
2025-02-11 03:12 | INFO | Query 96 Active Learning Runtime on Validation Set: 105298.27
2025-02-11 03:12 | INFO | Query 96 Active Learning Runtime on Test Set: 11644.16
2025-02-11 03:12 | INFO | Query 96 Active Learning Instance Cost: 645429.49
2025-02-11 03:12 | INFO | Timeout limit is increased to 3600
2025-02-11 03:12 | INFO | Query 97 Size of the uncertainty table is = 48/1200
2025-02-11 03:12 | INFO | Query 97 Size of the filtered table is = 21
2025-02-11 03:12 | INFO | Training Time Active Learning Classifier: 0.23 seconds
2025-02-11 03:12 | INFO | Training Time Active Learning Regressor: 0.75 seconds
2025-02-11 03:12 | INFO | Query 97 Active Learning Runtime on Validation Set: 105298.27
2025-02-11 03:12 | INFO | Query 97 Active Learning Runtime on Test Set: 11644.16
2025-02-11 03:12 | INFO | Query 97 Active Learning Instance Cost: 645444.0
2025-02-11 03:12 | INFO | Timeout limit is increased to 3600
2025-02-11 03:12 | INFO | Query 98 Size of the uncertainty table is = 36/1200
2025-02-11 03:12 | INFO | Query 98 Size of the filtered table is = 12
2025-02-11 03:12 | INFO | Training Time Active Learning Classifier: 0.24 seconds
2025-02-11 03:12 | INFO | Training Time Active Learning Regressor: 0.75 seconds
2025-02-11 03:12 | INFO | Query 98 Active Learning Runtime on Validation Set: 105298.27
2025-02-11 03:12 | INFO | Query 98 Active Learning Runtime on Test Set: 11644.16
2025-02-11 03:12 | INFO | Query 98 Active Learning Instance Cost: 645456.92
2025-02-11 03:12 | INFO | Timeout limit is increased to 3600
2025-02-11 03:12 | INFO | Query 99 Size of the uncertainty table is = 24/1200
2025-02-11 03:12 | INFO | Query 99 Size of the filtered table is = 12
2025-02-11 03:12 | INFO | Training Time Active Learning Classifier: 0.24 seconds
2025-02-11 03:12 | INFO | Training Time Active Learning Regressor: 0.75 seconds
2025-02-11 03:12 | INFO | Query 99 Active Learning Runtime on Validation Set: 105298.27
2025-02-11 03:12 | INFO | Query 99 Active Learning Runtime on Test Set: 43225.11
2025-02-11 03:12 | INFO | Query 99 Active Learning Instance Cost: 645470.32
2025-02-11 03:12 | INFO | Timeout limit is increased to 3600
2025-02-11 03:12 | INFO | Query 100 Size of the uncertainty table is = 12/1200
2025-02-11 03:12 | INFO | Query 100 Size of the filtered table is = 12
2025-02-11 03:12 | INFO | Training Time Active Learning Classifier: 0.24 seconds
2025-02-11 03:12 | INFO | Training Time Active Learning Regressor: 0.76 seconds
2025-02-11 03:12 | INFO | Query 100 Active Learning Runtime on Validation Set: 105298.27
2025-02-11 03:12 | INFO | Query 100 Active Learning Runtime on Test Set: 43225.14
2025-02-11 03:12 | INFO | Query 100 Active Learning Instance Cost: 645486.52
2025-02-11 03:12 | INFO | Timeout limit is increased to 3600
2025-02-11 03:12 | INFO | Active Learning Emissions: 0.0025271747707724243
2025-02-11 03:12 | INFO | Active Learning Energy Consumption: 0.00274963068362914 kWh
2025-02-11 03:12 | INFO | runtime_test_score is written as json file
2025-02-11 03:12 | INFO | runtime_validation_score is written as json file
2025-02-11 03:12 | INFO | instance_cost is written as json file
2025-02-11 03:12 | INFO | Experiment is finished
