2025-02-11 00:52 | INFO | Paramaters are: {'dataset': 'ASP-POTASSCO', 'penalty': 10, 'weight': 'No_Weight', 'voting': 'Hard', 'pre_selection_size': 64, 'pre_selection_technique': 'No_pre_selection', 'feature_elimination_threshold': 20, 'imputer_strategy': 'median', 'feature_selection_technique': 'No_feature_selection', 'feature_scaling_technique': 'StandardScaler', 'initial_train_size': 20, 'query_size': 1, 'timeout_predictor_usage': 'No', 'pareto_features': {'Uncertainty': 'max', 'PredDiff': 'max', 'PredCost': 'min'}, 'timeout_limit': 3600, 'timeout_increase_rate': 100, 'penalty_type': 'Only-timeout-penalty', 'RANDOM_STATE_SEED': 12345, 'n_splits': 10, 'split_number': 8, 'max_timeout': 3600, 'param_grid': {'n_estimators': 100, 'max_features': 'sqrt', 'max_depth': 2147483648, 'min_samples_split': 2, 'bootstrap': True}}
2025-02-11 00:52 | INFO | ASP-POTASSCO is current dataset
2025-02-11 00:52 | INFO | DATASETS/ASP-POTASSCO/algorithm_runs.arff is found
2025-02-11 00:52 | INFO | DATASETS/ASP-POTASSCO/algorithm_runs.arff is finished
2025-02-11 00:52 | INFO | DATASETS/ASP-POTASSCO/feature_values.arff is found
2025-02-11 00:52 | INFO | DATASETS/ASP-POTASSCO/feature_values.arff is finished
2025-02-11 00:52 | INFO | DATASETS/ASP-POTASSCO/feature_costs.arff is found
2025-02-11 00:52 | INFO | DATASETS/ASP-POTASSCO/feature_costs.arff is finished
2025-02-11 00:52 | INFO | Virtual best solver time in train = 21624.7
2025-02-11 00:52 | INFO | Single best solver list train = {'clasp/2.1.3/h1-n1': 3079577.54, 'clasp/2.1.3/h10-n1': 5028895.26, 'clasp/2.1.3/h11-n1': 6793731.78, 'clasp/2.1.3/h2-n1': 5279201.45, 'clasp/2.1.3/h3-n1': 5914677.84, 'clasp/2.1.3/h4-n1': 3776281.96, 'clasp/2.1.3/h5-n1': 4989548.66, 'clasp/2.1.3/h6-n1': 3990778.37, 'clasp/2.1.3/h7-n1': 6751342.92, 'clasp/2.1.3/h8-n1': 2888987.51, 'clasp/2.1.3/h9-n1': 4710050.79}
2025-02-11 00:52 | INFO | Single best solver time train = clasp/2.1.3/h8-n1 (2888987.51)
2025-02-11 00:52 | INFO | Virtual best solver time in validation = 3011.66
2025-02-11 00:52 | INFO | Single best solver list validation = {'clasp/2.1.3/h1-n1': 161090.3, 'clasp/2.1.3/h10-n1': 760728.77, 'clasp/2.1.3/h11-n1': 2461251.09, 'clasp/2.1.3/h2-n1': 689305.9, 'clasp/2.1.3/h3-n1': 2175689.94, 'clasp/2.1.3/h4-n1': 805886.81, 'clasp/2.1.3/h5-n1': 258703.69, 'clasp/2.1.3/h6-n1': 653796.93, 'clasp/2.1.3/h7-n1': 697452.72, 'clasp/2.1.3/h8-n1': 1013467.38, 'clasp/2.1.3/h9-n1': 1743398.83}
2025-02-11 00:52 | INFO | Single best solver time validation = clasp/2.1.3/h1-n1 (161090.3)
2025-02-11 00:52 | INFO | Virtual best solver time in test = 2641.95
2025-02-11 00:52 | INFO | Single best solver list test = {'clasp/2.1.3/h1-n1': 436263.46, 'clasp/2.1.3/h10-n1': 542893.97, 'clasp/2.1.3/h11-n1': 1013352.5, 'clasp/2.1.3/h2-n1': 472597.26, 'clasp/2.1.3/h3-n1': 763634.24, 'clasp/2.1.3/h4-n1': 402681.12, 'clasp/2.1.3/h5-n1': 401102.38, 'clasp/2.1.3/h6-n1': 507105.19, 'clasp/2.1.3/h7-n1': 618085.24, 'clasp/2.1.3/h8-n1': 292655.22, 'clasp/2.1.3/h9-n1': 580679.02}
2025-02-11 00:52 | INFO | Single best solver time test = clasp/2.1.3/h8-n1 (292655.22)
2025-02-11 00:52 | INFO | Training Time Passive Learning Classifier: 15.77 seconds
2025-02-11 00:53 | INFO | Training Time Passive Learning Regressor: 4.3 seconds
2025-02-11 00:53 | INFO | Passive Learning Classifier Runtime on Validation Set: 403222.47
2025-02-11 00:53 | INFO | Passive Learning Classifier Runtime on Test Set: 183355.67
2025-02-11 00:53 | INFO | Passive Learning Instance Cost: 5607474.07
2025-02-11 00:53 | INFO | Passive Learning Emissions: 0.0007692362249403887
2025-02-11 00:53 | INFO | Passive Learning Energy Consumption: 0.0008369486556755472 kWh
2025-02-11 00:53 | INFO | Training Time Active Learning Classifier: 3.28 seconds
2025-02-11 00:53 | INFO | Training Time Active Learning Regressor: 0.54 seconds
2025-02-11 00:54 | INFO | Initial Active Learning Runtime on Validation Set: 262191.61
2025-02-11 00:54 | INFO | Initial Active Learning Runtime on Test Set: 364283.93
2025-02-11 00:54 | INFO | Initial Active Learning Instance Cost: 183719.97
2025-02-11 00:54 | INFO | Bin size = 394
2025-02-11 00:54 | INFO | Query 1 Size of the uncertainty table is = 39325/39325
2025-02-11 00:54 | INFO | Query 1 Size of the filtered table is = 1103
2025-02-11 00:54 | INFO | Training Time Active Learning Classifier: 3.25 seconds
2025-02-11 00:54 | INFO | Training Time Active Learning Regressor: 0.7 seconds
2025-02-11 00:55 | INFO | Query 1 Active Learning Runtime on Validation Set: 260424.45
2025-02-11 00:55 | INFO | Query 1 Active Learning Runtime on Test Set: 327639.71
2025-02-11 00:55 | INFO | Query 1 Active Learning Instance Cost: 523489.8
2025-02-11 00:55 | INFO | Query 2 Size of the uncertainty table is = 38316/39325
2025-02-11 00:55 | INFO | Query 2 Size of the filtered table is = 394
2025-02-11 00:56 | INFO | Training Time Active Learning Classifier: 3.48 seconds
2025-02-11 00:56 | INFO | Training Time Active Learning Regressor: 0.86 seconds
2025-02-11 00:56 | INFO | Query 2 Active Learning Runtime on Validation Set: 403845.63
2025-02-11 00:56 | INFO | Query 2 Active Learning Runtime on Test Set: 292279.83
2025-02-11 00:56 | INFO | Query 2 Active Learning Instance Cost: 775274.62
2025-02-11 00:56 | INFO | Timeout limit is increased to 3600
2025-02-11 00:57 | INFO | Query 3 Size of the uncertainty table is = 37015/39325
2025-02-11 00:57 | INFO | Query 3 Size of the filtered table is = 394
2025-02-11 00:57 | INFO | Training Time Active Learning Classifier: 3.78 seconds
2025-02-11 00:57 | INFO | Training Time Active Learning Regressor: 1.02 seconds
2025-02-11 00:57 | INFO | Query 3 Active Learning Runtime on Validation Set: 439284.0
2025-02-11 00:57 | INFO | Query 3 Active Learning Runtime on Test Set: 255396.83000000002
2025-02-11 00:57 | INFO | Query 3 Active Learning Instance Cost: 993184.63
2025-02-11 00:57 | INFO | Timeout limit is increased to 3600
2025-02-11 00:58 | INFO | Query 4 Size of the uncertainty table is = 35494/39325
2025-02-11 00:58 | INFO | Query 4 Size of the filtered table is = 394
2025-02-11 00:58 | INFO | Training Time Active Learning Classifier: 4.25 seconds
2025-02-11 00:58 | INFO | Training Time Active Learning Regressor: 1.2 seconds
2025-02-11 00:59 | INFO | Query 4 Active Learning Runtime on Validation Set: 331952.16000000003
2025-02-11 00:59 | INFO | Query 4 Active Learning Runtime on Test Set: 327142.37
2025-02-11 00:59 | INFO | Query 4 Active Learning Instance Cost: 1244394.76
2025-02-11 00:59 | INFO | Query 5 Size of the uncertainty table is = 33994/39325
2025-02-11 00:59 | INFO | Query 5 Size of the filtered table is = 394
2025-02-11 00:59 | INFO | Training Time Active Learning Classifier: 4.53 seconds
2025-02-11 00:59 | INFO | Training Time Active Learning Regressor: 1.37 seconds
2025-02-11 01:00 | INFO | Query 5 Active Learning Runtime on Validation Set: 547841.67
2025-02-11 01:00 | INFO | Query 5 Active Learning Runtime on Test Set: 291300.22000000003
2025-02-11 01:00 | INFO | Query 5 Active Learning Instance Cost: 1542175.57
2025-02-11 01:00 | INFO | Timeout limit is increased to 3600
2025-02-11 01:00 | INFO | Query 6 Size of the uncertainty table is = 32484/39325
2025-02-11 01:00 | INFO | Query 6 Size of the filtered table is = 394
2025-02-11 01:00 | INFO | Training Time Active Learning Classifier: 5.07 seconds
2025-02-11 01:00 | INFO | Training Time Active Learning Regressor: 1.55 seconds
2025-02-11 01:01 | INFO | Query 6 Active Learning Runtime on Validation Set: 582687.76
2025-02-11 01:01 | INFO | Query 6 Active Learning Runtime on Test Set: 291457.19
2025-02-11 01:01 | INFO | Query 6 Active Learning Instance Cost: 1684734.36
2025-02-11 01:01 | INFO | Timeout limit is increased to 3600
2025-02-11 01:01 | INFO | Query 7 Size of the uncertainty table is = 30753/39325
2025-02-11 01:01 | INFO | Query 7 Size of the filtered table is = 394
2025-02-11 01:02 | INFO | Training Time Active Learning Classifier: 5.57 seconds
2025-02-11 01:02 | INFO | Training Time Active Learning Regressor: 1.71 seconds
2025-02-11 01:02 | INFO | Query 7 Active Learning Runtime on Validation Set: 690439.77
2025-02-11 01:02 | INFO | Query 7 Active Learning Runtime on Test Set: 219187.29
2025-02-11 01:02 | INFO | Query 7 Active Learning Instance Cost: 1965246.79
2025-02-11 01:02 | INFO | Timeout limit is increased to 3600
2025-02-11 01:03 | INFO | Query 8 Size of the uncertainty table is = 28968/39325
2025-02-11 01:03 | INFO | Query 8 Size of the filtered table is = 394
2025-02-11 01:03 | INFO | Training Time Active Learning Classifier: 6.24 seconds
2025-02-11 01:03 | INFO | Training Time Active Learning Regressor: 1.88 seconds
2025-02-11 01:04 | INFO | Query 8 Active Learning Runtime on Validation Set: 367581.85000000003
2025-02-11 01:04 | INFO | Query 8 Active Learning Runtime on Test Set: 255607.97
2025-02-11 01:04 | INFO | Query 8 Active Learning Instance Cost: 2194549.57
2025-02-11 01:04 | INFO | Query 9 Size of the uncertainty table is = 27225/39325
2025-02-11 01:04 | INFO | Query 9 Size of the filtered table is = 394
2025-02-11 01:04 | INFO | Training Time Active Learning Classifier: 6.73 seconds
2025-02-11 01:04 | INFO | Training Time Active Learning Regressor: 2.06 seconds
2025-02-11 01:05 | INFO | Query 9 Active Learning Runtime on Validation Set: 367880.74
2025-02-11 01:05 | INFO | Query 9 Active Learning Runtime on Test Set: 184228.61000000002
2025-02-11 01:05 | INFO | Query 9 Active Learning Instance Cost: 2503137.38
2025-02-11 01:05 | INFO | Timeout limit is increased to 3600
2025-02-11 01:05 | INFO | Query 10 Size of the uncertainty table is = 25361/39325
2025-02-11 01:05 | INFO | Query 10 Size of the filtered table is = 394
2025-02-11 01:05 | INFO | Training Time Active Learning Classifier: 7.32 seconds
2025-02-11 01:05 | INFO | Training Time Active Learning Regressor: 2.28 seconds
2025-02-11 01:06 | INFO | Query 10 Active Learning Runtime on Validation Set: 223474.01
2025-02-11 01:06 | INFO | Query 10 Active Learning Runtime on Test Set: 255876.63
2025-02-11 01:06 | INFO | Query 10 Active Learning Instance Cost: 2728602.35
2025-02-11 01:07 | INFO | Query 11 Size of the uncertainty table is = 23550/39325
2025-02-11 01:07 | INFO | Query 11 Size of the filtered table is = 394
2025-02-11 01:07 | INFO | Training Time Active Learning Classifier: 7.9 seconds
2025-02-11 01:07 | INFO | Training Time Active Learning Regressor: 2.47 seconds
2025-02-11 01:08 | INFO | Query 11 Active Learning Runtime on Validation Set: 44642.74
2025-02-11 01:08 | INFO | Query 11 Active Learning Runtime on Test Set: 112655.66
2025-02-11 01:08 | INFO | Query 11 Active Learning Instance Cost: 3012746.08
2025-02-11 01:08 | INFO | Query 12 Size of the uncertainty table is = 21700/39325
2025-02-11 01:08 | INFO | Query 12 Size of the filtered table is = 394
2025-02-11 01:08 | INFO | Training Time Active Learning Classifier: 8.48 seconds
2025-02-11 01:08 | INFO | Training Time Active Learning Regressor: 2.63 seconds
2025-02-11 01:09 | INFO | Query 12 Active Learning Runtime on Validation Set: 152253.66
2025-02-11 01:09 | INFO | Query 12 Active Learning Runtime on Test Set: 220042.72
2025-02-11 01:09 | INFO | Query 12 Active Learning Instance Cost: 3366030.69
2025-02-11 01:09 | INFO | Timeout limit is increased to 3600
2025-02-11 01:09 | INFO | Query 13 Size of the uncertainty table is = 19848/39325
2025-02-11 01:09 | INFO | Query 13 Size of the filtered table is = 394
2025-02-11 01:09 | INFO | Training Time Active Learning Classifier: 9.3 seconds
2025-02-11 01:10 | INFO | Training Time Active Learning Regressor: 2.85 seconds
2025-02-11 01:10 | INFO | Query 13 Active Learning Runtime on Validation Set: 151457.68000000002
2025-02-11 01:10 | INFO | Query 13 Active Learning Runtime on Test Set: 184086.98
2025-02-11 01:10 | INFO | Query 13 Active Learning Instance Cost: 3615035.42
2025-02-11 01:11 | INFO | Query 14 Size of the uncertainty table is = 17914/39325
2025-02-11 01:11 | INFO | Query 14 Size of the filtered table is = 394
2025-02-11 01:11 | INFO | Training Time Active Learning Classifier: 9.89 seconds
2025-02-11 01:11 | INFO | Training Time Active Learning Regressor: 3.15 seconds
2025-02-11 01:12 | INFO | Query 14 Active Learning Runtime on Validation Set: 152188.04
2025-02-11 01:12 | INFO | Query 14 Active Learning Runtime on Test Set: 147778.69
2025-02-11 01:12 | INFO | Query 14 Active Learning Instance Cost: 3834678.89
2025-02-11 01:12 | INFO | Timeout limit is increased to 3600
2025-02-11 01:12 | INFO | Query 15 Size of the uncertainty table is = 16006/39325
2025-02-11 01:12 | INFO | Query 15 Size of the filtered table is = 394
2025-02-11 01:12 | INFO | Training Time Active Learning Classifier: 10.58 seconds
2025-02-11 01:12 | INFO | Training Time Active Learning Regressor: 3.17 seconds
2025-02-11 01:13 | INFO | Query 15 Active Learning Runtime on Validation Set: 80793.99
2025-02-11 01:13 | INFO | Query 15 Active Learning Runtime on Test Set: 147700.41
2025-02-11 01:13 | INFO | Query 15 Active Learning Instance Cost: 4027413.16
2025-02-11 01:13 | INFO | Query 16 Size of the uncertainty table is = 14143/39325
2025-02-11 01:13 | INFO | Query 16 Size of the filtered table is = 394
2025-02-11 01:13 | INFO | Training Time Active Learning Classifier: 11.2 seconds
2025-02-11 01:14 | INFO | Training Time Active Learning Regressor: 3.39 seconds
2025-02-11 01:14 | INFO | Query 16 Active Learning Runtime on Validation Set: 438705.36
2025-02-11 01:14 | INFO | Query 16 Active Learning Runtime on Test Set: 183236.69
2025-02-11 01:14 | INFO | Query 16 Active Learning Instance Cost: 4352217.23
2025-02-11 01:14 | INFO | Timeout limit is increased to 3600
2025-02-11 01:15 | INFO | Query 17 Size of the uncertainty table is = 12272/39325
2025-02-11 01:15 | INFO | Query 17 Size of the filtered table is = 394
2025-02-11 01:15 | INFO | Training Time Active Learning Classifier: 11.95 seconds
2025-02-11 01:15 | INFO | Training Time Active Learning Regressor: 3.53 seconds
2025-02-11 01:16 | INFO | Query 17 Active Learning Runtime on Validation Set: 367393.79000000004
2025-02-11 01:16 | INFO | Query 17 Active Learning Runtime on Test Set: 183527.06000000003
2025-02-11 01:16 | INFO | Query 17 Active Learning Instance Cost: 4630939.49
2025-02-11 01:16 | INFO | Query 18 Size of the uncertainty table is = 10336/39325
2025-02-11 01:16 | INFO | Query 18 Size of the filtered table is = 394
2025-02-11 01:16 | INFO | Training Time Active Learning Classifier: 12.63 seconds
2025-02-11 01:16 | INFO | Training Time Active Learning Regressor: 3.71 seconds
2025-02-11 01:17 | INFO | Query 18 Active Learning Runtime on Validation Set: 330903.56
2025-02-11 01:17 | INFO | Query 18 Active Learning Runtime on Test Set: 183534.75
2025-02-11 01:17 | INFO | Query 18 Active Learning Instance Cost: 4950755.78
2025-02-11 01:17 | INFO | Query 19 Size of the uncertainty table is = 8308/39325
2025-02-11 01:17 | INFO | Query 19 Size of the filtered table is = 394
2025-02-11 01:17 | INFO | Training Time Active Learning Classifier: 13.38 seconds
2025-02-11 01:17 | INFO | Training Time Active Learning Regressor: 3.87 seconds
2025-02-11 01:18 | INFO | Query 19 Active Learning Runtime on Validation Set: 295625.78
2025-02-11 01:18 | INFO | Query 19 Active Learning Runtime on Test Set: 183416.12000000002
2025-02-11 01:18 | INFO | Query 19 Active Learning Instance Cost: 5190514.4
2025-02-11 01:18 | INFO | Query 20 Size of the uncertainty table is = 6393/39325
2025-02-11 01:18 | INFO | Query 20 Size of the filtered table is = 394
2025-02-11 01:19 | INFO | Training Time Active Learning Classifier: 14.11 seconds
2025-02-11 01:19 | INFO | Training Time Active Learning Regressor: 4.03 seconds
2025-02-11 01:20 | INFO | Query 20 Active Learning Runtime on Validation Set: 366080.96
2025-02-11 01:20 | INFO | Query 20 Active Learning Runtime on Test Set: 183127.46000000002
2025-02-11 01:20 | INFO | Query 20 Active Learning Instance Cost: 5376632.04
2025-02-11 01:20 | INFO | Timeout limit is increased to 3600
2025-02-11 01:20 | INFO | Query 21 Size of the uncertainty table is = 4482/39325
2025-02-11 01:20 | INFO | Query 21 Size of the filtered table is = 394
2025-02-11 01:20 | INFO | Training Time Active Learning Classifier: 14.61 seconds
2025-02-11 01:20 | INFO | Training Time Active Learning Regressor: 4.27 seconds
2025-02-11 01:21 | INFO | Query 21 Active Learning Runtime on Validation Set: 367012.18
2025-02-11 01:21 | INFO | Query 21 Active Learning Runtime on Test Set: 183611.0
2025-02-11 01:21 | INFO | Query 21 Active Learning Instance Cost: 5465588.42
2025-02-11 01:21 | INFO | Timeout limit is increased to 3600
2025-02-11 01:21 | INFO | Query 22 Size of the uncertainty table is = 2801/39325
2025-02-11 01:21 | INFO | Query 22 Size of the filtered table is = 394
2025-02-11 01:21 | INFO | Training Time Active Learning Classifier: 15.25 seconds
2025-02-11 01:21 | INFO | Training Time Active Learning Regressor: 4.28 seconds
2025-02-11 01:22 | INFO | Query 22 Active Learning Runtime on Validation Set: 402815.44
2025-02-11 01:22 | INFO | Query 22 Active Learning Runtime on Test Set: 183299.68000000002
2025-02-11 01:22 | INFO | Query 22 Active Learning Instance Cost: 5506178.34
2025-02-11 01:22 | INFO | Timeout limit is increased to 3600
2025-02-11 01:22 | INFO | Query 23 Size of the uncertainty table is = 1302/39325
2025-02-11 01:22 | INFO | Query 23 Size of the filtered table is = 394
2025-02-11 01:22 | INFO | Training Time Active Learning Classifier: 15.63 seconds
2025-02-11 01:22 | INFO | Training Time Active Learning Regressor: 4.37 seconds
2025-02-11 01:23 | INFO | Query 23 Active Learning Runtime on Validation Set: 510829.8
2025-02-11 01:23 | INFO | Query 23 Active Learning Runtime on Test Set: 219155.29
2025-02-11 01:23 | INFO | Query 23 Active Learning Instance Cost: 5564164.87
2025-02-11 01:23 | INFO | Timeout limit is increased to 3600
2025-02-11 01:23 | INFO | Query 24 Size of the uncertainty table is = 265/39325
2025-02-11 01:23 | INFO | Query 24 Size of the filtered table is = 265
2025-02-11 01:24 | INFO | Training Time Active Learning Classifier: 15.68 seconds
2025-02-11 01:24 | INFO | Training Time Active Learning Regressor: 4.36 seconds
2025-02-11 01:24 | INFO | Query 24 Active Learning Runtime on Validation Set: 474909.84
2025-02-11 01:24 | INFO | Query 24 Active Learning Runtime on Test Set: 183203.86000000002
2025-02-11 01:24 | INFO | Query 24 Active Learning Instance Cost: 5607474.07
2025-02-11 01:24 | INFO | Active Learning Emissions: 0.021934255294140823
2025-02-11 01:24 | INFO | Active Learning Energy Consumption: 0.023865029865303134 kWh
2025-02-11 01:24 | INFO | runtime_test_score is written as json file
2025-02-11 01:24 | INFO | runtime_validation_score is written as json file
2025-02-11 01:24 | INFO | instance_cost is written as json file
2025-02-11 01:24 | INFO | Experiment is finished
