2025-02-10 16:56 | INFO | Paramaters are: {'dataset': 'QBF-2011', 'penalty': 10, 'weight': 'No_Weight', 'voting': 'Hard', 'pre_selection_size': 64, 'pre_selection_technique': 'No_pre_selection', 'feature_elimination_threshold': 20, 'imputer_strategy': 'median', 'feature_selection_technique': 'No_feature_selection', 'feature_scaling_technique': 'StandardScaler', 'priority': {'PredCost': 'min', 'Uncertainty': 'max', 'PredDiff': 'max'}, 'initial_train_size': 20, 'query_size': 1, 'timeout_predictor_usage': 'No', 'timeout_limit': 100, 'timeout_increase_rate': 100, 'penalty_type': 'Only-timeout-penalty', 'RANDOM_STATE_SEED': 42, 'n_splits': 10, 'split_number': 1, 'max_timeout': 3600, 'param_grid': {'n_estimators': 100, 'max_features': 'sqrt', 'max_depth': 2147483648, 'min_samples_split': 2, 'bootstrap': True}}
2025-02-10 16:56 | INFO | QBF-2011 is current dataset
2025-02-10 16:56 | INFO | DATASETS/QBF-2011/algorithm_runs.csv is found
2025-02-10 16:56 | INFO | DATASETS/QBF-2011/algorithm_runs.csv is finished
2025-02-10 16:56 | INFO | DATASETS/QBF-2011/feature_values.csv is found
2025-02-10 16:56 | INFO | DATASETS/QBF-2011/feature_values.csv is finished
2025-02-10 16:56 | INFO | Virtual best solver time in train = 72415.43
2025-02-10 16:56 | INFO | Single best solver list train = {'2clsQ': 13839533.06, 'QuBE': 10305921.74, 'quantor': 17984747.93, 'sKizzo': 6328603.55, 'sSolve': 8673619.01}
2025-02-10 16:56 | INFO | Single best solver time train = sKizzo (6328603.55)
2025-02-10 16:56 | INFO | Virtual best solver time in validation = 18229.77
2025-02-10 16:56 | INFO | Single best solver list validation = {'2clsQ': 3043921.49, 'QuBE': 2278130.53, 'quantor': 3498666.93, 'sKizzo': 2251827.56, 'sSolve': 2968983.88}
2025-02-10 16:56 | INFO | Single best solver time validation = sKizzo (2251827.56)
2025-02-10 16:56 | INFO | Virtual best solver time in test = 10506.71
2025-02-10 16:56 | INFO | Single best solver list test = {'2clsQ': 1750293.87, 'QuBE': 1336054.94, 'quantor': 2558327.74, 'sKizzo': 1087242.49, 'sSolve': 997582.41}
2025-02-10 16:56 | INFO | Single best solver time test = sSolve (997582.41)
2025-02-10 16:56 | INFO | Training Time Passive Learning Classifier: 1.59 seconds
2025-02-10 16:56 | INFO | Training Time Passive Learning Regressor: 1.01 seconds
2025-02-10 16:56 | INFO | Passive Learning Classifier Runtime on Validation Set: 1314956.63
2025-02-10 16:56 | INFO | Passive Learning Classifier Runtime on Test Set: 367808.57
2025-02-10 16:56 | INFO | Passive Learning Instance Cost: 6167225.29
2025-02-10 16:56 | INFO | Passive Learning Emissions: 0.00012012776974459227
2025-02-10 16:56 | INFO | Passive Learning Energy Consumption: 0.0001307020810217687 kWh
2025-02-10 16:56 | INFO | Training Time Active Learning Classifier: 0.55 seconds
2025-02-10 16:56 | INFO | Training Time Active Learning Regressor: 0.23 seconds
2025-02-10 16:56 | INFO | Initial Active Learning Runtime on Validation Set: 1071013.79
2025-02-10 16:56 | INFO | Initial Active Learning Runtime on Test Set: 659729.15
2025-02-10 16:56 | INFO | Initial Active Learning Instance Cost: 6282.23
2025-02-10 16:56 | INFO | Bin size = 74
2025-02-10 16:56 | INFO | Query 1 Size of the uncertainty table is = 7466/7380
2025-02-10 16:56 | INFO | Query 1 Size of the filtered table is = 74
2025-02-10 16:56 | INFO | Training Time Active Learning Classifier: 0.54 seconds
2025-02-10 16:56 | INFO | Training Time Active Learning Regressor: 0.24 seconds
2025-02-10 16:56 | INFO | Query 1 Active Learning Runtime on Validation Set: 1461190.33
2025-02-10 16:56 | INFO | Query 1 Active Learning Runtime on Test Set: 909599.12
2025-02-10 16:56 | INFO | Query 1 Active Learning Instance Cost: 8365.97
2025-02-10 16:56 | INFO | Timeout limit is increased to 200
2025-02-10 16:56 | INFO | Query 2 Size of the uncertainty table is = 7363/7380
2025-02-10 16:56 | INFO | Query 2 Size of the filtered table is = 74
2025-02-10 16:56 | INFO | Training Time Active Learning Classifier: 0.54 seconds
2025-02-10 16:56 | INFO | Training Time Active Learning Regressor: 0.26 seconds
2025-02-10 16:57 | INFO | Query 2 Active Learning Runtime on Validation Set: 1599504.63
2025-02-10 16:57 | INFO | Query 2 Active Learning Runtime on Test Set: 1158074.15
2025-02-10 16:57 | INFO | Query 2 Active Learning Instance Cost: 9470.49
2025-02-10 16:57 | INFO | Timeout limit is increased to 300
2025-02-10 16:57 | INFO | Query 3 Size of the uncertainty table is = 7278/7380
2025-02-10 16:57 | INFO | Query 3 Size of the filtered table is = 74
2025-02-10 16:57 | INFO | Training Time Active Learning Classifier: 0.55 seconds
2025-02-10 16:57 | INFO | Training Time Active Learning Regressor: 0.28 seconds
2025-02-10 16:57 | INFO | Query 3 Active Learning Runtime on Validation Set: 1633042.55
2025-02-10 16:57 | INFO | Query 3 Active Learning Runtime on Test Set: 1160462.75
2025-02-10 16:57 | INFO | Query 3 Active Learning Instance Cost: 12603.02
2025-02-10 16:57 | INFO | Timeout limit is increased to 400
2025-02-10 16:57 | INFO | Query 4 Size of the uncertainty table is = 7198/7380
2025-02-10 16:57 | INFO | Query 4 Size of the filtered table is = 74
2025-02-10 16:57 | INFO | Training Time Active Learning Classifier: 0.56 seconds
2025-02-10 16:57 | INFO | Training Time Active Learning Regressor: 0.29 seconds
2025-02-10 16:57 | INFO | Query 4 Active Learning Runtime on Validation Set: 1703503.43
2025-02-10 16:57 | INFO | Query 4 Active Learning Runtime on Test Set: 906170.81
2025-02-10 16:57 | INFO | Query 4 Active Learning Instance Cost: 19491.66
2025-02-10 16:57 | INFO | Timeout limit is increased to 500
2025-02-10 16:57 | INFO | Query 5 Size of the uncertainty table is = 7121/7380
2025-02-10 16:57 | INFO | Query 5 Size of the filtered table is = 74
2025-02-10 16:57 | INFO | Training Time Active Learning Classifier: 0.57 seconds
2025-02-10 16:57 | INFO | Training Time Active Learning Regressor: 0.3 seconds
2025-02-10 16:57 | INFO | Query 5 Active Learning Runtime on Validation Set: 1633419.48
2025-02-10 16:57 | INFO | Query 5 Active Learning Runtime on Test Set: 906554.04
2025-02-10 16:57 | INFO | Query 5 Active Learning Instance Cost: 27350.5
2025-02-10 16:57 | INFO | Query 6 Size of the uncertainty table is = 7046/7380
2025-02-10 16:57 | INFO | Query 6 Size of the filtered table is = 74
2025-02-10 16:57 | INFO | Training Time Active Learning Classifier: 0.59 seconds
2025-02-10 16:57 | INFO | Training Time Active Learning Regressor: 0.32 seconds
2025-02-10 16:57 | INFO | Query 6 Active Learning Runtime on Validation Set: 1455994.66
2025-02-10 16:57 | INFO | Query 6 Active Learning Runtime on Test Set: 724647.3
2025-02-10 16:57 | INFO | Query 6 Active Learning Instance Cost: 34686.47
2025-02-10 16:57 | INFO | Query 7 Size of the uncertainty table is = 6959/7380
2025-02-10 16:57 | INFO | Query 7 Size of the filtered table is = 74
2025-02-10 16:57 | INFO | Training Time Active Learning Classifier: 0.59 seconds
2025-02-10 16:57 | INFO | Training Time Active Learning Regressor: 0.34 seconds
2025-02-10 16:58 | INFO | Query 7 Active Learning Runtime on Validation Set: 959714.09
2025-02-10 16:58 | INFO | Query 7 Active Learning Runtime on Test Set: 548652.02
2025-02-10 16:58 | INFO | Query 7 Active Learning Instance Cost: 42722.15
2025-02-10 16:58 | INFO | Query 8 Size of the uncertainty table is = 6880/7380
2025-02-10 16:58 | INFO | Query 8 Size of the filtered table is = 74
2025-02-10 16:58 | INFO | Training Time Active Learning Classifier: 0.6 seconds
2025-02-10 16:58 | INFO | Training Time Active Learning Regressor: 0.35 seconds
2025-02-10 16:58 | INFO | Query 8 Active Learning Runtime on Validation Set: 1209905.95
2025-02-10 16:58 | INFO | Query 8 Active Learning Runtime on Test Set: 550768.66
2025-02-10 16:58 | INFO | Query 8 Active Learning Instance Cost: 46328.27
2025-02-10 16:58 | INFO | Timeout limit is increased to 600
2025-02-10 16:58 | INFO | Query 9 Size of the uncertainty table is = 6802/7380
2025-02-10 16:58 | INFO | Query 9 Size of the filtered table is = 74
2025-02-10 16:58 | INFO | Training Time Active Learning Classifier: 0.61 seconds
2025-02-10 16:58 | INFO | Training Time Active Learning Regressor: 0.36 seconds
2025-02-10 16:58 | INFO | Query 9 Active Learning Runtime on Validation Set: 2179830.54
2025-02-10 16:58 | INFO | Query 9 Active Learning Runtime on Test Set: 1123906.55
2025-02-10 16:58 | INFO | Query 9 Active Learning Instance Cost: 54488.69
2025-02-10 16:58 | INFO | Timeout limit is increased to 700
2025-02-10 16:58 | INFO | Query 10 Size of the uncertainty table is = 6720/7380
2025-02-10 16:58 | INFO | Query 10 Size of the filtered table is = 74
2025-02-10 16:58 | INFO | Training Time Active Learning Classifier: 0.62 seconds
2025-02-10 16:58 | INFO | Training Time Active Learning Regressor: 0.37 seconds
2025-02-10 16:58 | INFO | Query 10 Active Learning Runtime on Validation Set: 1896050.29
2025-02-10 16:58 | INFO | Query 10 Active Learning Runtime on Test Set: 943733.98
2025-02-10 16:58 | INFO | Query 10 Active Learning Instance Cost: 63841.03
2025-02-10 16:58 | INFO | Query 11 Size of the uncertainty table is = 6640/7380
2025-02-10 16:58 | INFO | Query 11 Size of the filtered table is = 74
2025-02-10 16:58 | INFO | Training Time Active Learning Classifier: 0.63 seconds
2025-02-10 16:58 | INFO | Training Time Active Learning Regressor: 0.39 seconds
2025-02-10 16:58 | INFO | Query 11 Active Learning Runtime on Validation Set: 1107297.99
2025-02-10 16:58 | INFO | Query 11 Active Learning Runtime on Test Set: 584732.72
2025-02-10 16:58 | INFO | Query 11 Active Learning Instance Cost: 77761.26
2025-02-10 16:58 | INFO | Query 12 Size of the uncertainty table is = 6559/7380
2025-02-10 16:58 | INFO | Query 12 Size of the filtered table is = 74
2025-02-10 16:58 | INFO | Training Time Active Learning Classifier: 0.64 seconds
2025-02-10 16:58 | INFO | Training Time Active Learning Regressor: 0.39 seconds
2025-02-10 16:58 | INFO | Query 12 Active Learning Runtime on Validation Set: 1215189.29
2025-02-10 16:58 | INFO | Query 12 Active Learning Runtime on Test Set: 620762.39
2025-02-10 16:58 | INFO | Query 12 Active Learning Instance Cost: 79970.89
2025-02-10 16:58 | INFO | Timeout limit is increased to 800
2025-02-10 16:59 | INFO | Query 13 Size of the uncertainty table is = 6482/7380
2025-02-10 16:59 | INFO | Query 13 Size of the filtered table is = 74
2025-02-10 16:59 | INFO | Training Time Active Learning Classifier: 0.66 seconds
2025-02-10 16:59 | INFO | Training Time Active Learning Regressor: 0.42 seconds
2025-02-10 16:59 | INFO | Query 13 Active Learning Runtime on Validation Set: 1142428.54
2025-02-10 16:59 | INFO | Query 13 Active Learning Runtime on Test Set: 512848.54
2025-02-10 16:59 | INFO | Query 13 Active Learning Instance Cost: 96529.89
2025-02-10 16:59 | INFO | Query 14 Size of the uncertainty table is = 6399/7380
2025-02-10 16:59 | INFO | Query 14 Size of the filtered table is = 74
2025-02-10 16:59 | INFO | Training Time Active Learning Classifier: 0.68 seconds
2025-02-10 16:59 | INFO | Training Time Active Learning Regressor: 0.44 seconds
2025-02-10 16:59 | INFO | Query 14 Active Learning Runtime on Validation Set: 1212012.51
2025-02-10 16:59 | INFO | Query 14 Active Learning Runtime on Test Set: 620733.1
2025-02-10 16:59 | INFO | Query 14 Active Learning Instance Cost: 113253.08
2025-02-10 16:59 | INFO | Timeout limit is increased to 900
2025-02-10 16:59 | INFO | Query 15 Size of the uncertainty table is = 6317/7380
2025-02-10 16:59 | INFO | Query 15 Size of the filtered table is = 74
2025-02-10 16:59 | INFO | Training Time Active Learning Classifier: 0.69 seconds
2025-02-10 16:59 | INFO | Training Time Active Learning Regressor: 0.46 seconds
2025-02-10 16:59 | INFO | Query 15 Active Learning Runtime on Validation Set: 1427760.31
2025-02-10 16:59 | INFO | Query 15 Active Learning Runtime on Test Set: 656550.42
2025-02-10 16:59 | INFO | Query 15 Active Learning Instance Cost: 129160.85
2025-02-10 16:59 | INFO | Timeout limit is increased to 1000
2025-02-10 16:59 | INFO | Query 16 Size of the uncertainty table is = 6236/7380
2025-02-10 16:59 | INFO | Query 16 Size of the filtered table is = 74
2025-02-10 16:59 | INFO | Training Time Active Learning Classifier: 0.7 seconds
2025-02-10 16:59 | INFO | Training Time Active Learning Regressor: 0.48 seconds
2025-02-10 16:59 | INFO | Query 16 Active Learning Runtime on Validation Set: 1566222.41
2025-02-10 16:59 | INFO | Query 16 Active Learning Runtime on Test Set: 656442.28
2025-02-10 16:59 | INFO | Query 16 Active Learning Instance Cost: 144344.34
2025-02-10 16:59 | INFO | Timeout limit is increased to 1100
2025-02-10 16:59 | INFO | Query 17 Size of the uncertainty table is = 6154/7380
2025-02-10 16:59 | INFO | Query 17 Size of the filtered table is = 74
2025-02-10 16:59 | INFO | Training Time Active Learning Classifier: 0.72 seconds
2025-02-10 16:59 | INFO | Training Time Active Learning Regressor: 0.48 seconds
2025-02-10 16:59 | INFO | Query 17 Active Learning Runtime on Validation Set: 1422764.27
2025-02-10 16:59 | INFO | Query 17 Active Learning Runtime on Test Set: 620514.52
2025-02-10 16:59 | INFO | Query 17 Active Learning Instance Cost: 174007.64
2025-02-10 17:00 | INFO | Query 18 Size of the uncertainty table is = 6071/7380
2025-02-10 17:00 | INFO | Query 18 Size of the filtered table is = 74
2025-02-10 17:00 | INFO | Training Time Active Learning Classifier: 0.74 seconds
2025-02-10 17:00 | INFO | Training Time Active Learning Regressor: 0.5 seconds
2025-02-10 17:00 | INFO | Query 18 Active Learning Runtime on Validation Set: 1357009.12
2025-02-10 17:00 | INFO | Query 18 Active Learning Runtime on Test Set: 513822.93
2025-02-10 17:00 | INFO | Query 18 Active Learning Instance Cost: 202301.37
2025-02-10 17:00 | INFO | Query 19 Size of the uncertainty table is = 5982/7380
2025-02-10 17:00 | INFO | Query 19 Size of the filtered table is = 74
2025-02-10 17:00 | INFO | Training Time Active Learning Classifier: 0.75 seconds
2025-02-10 17:00 | INFO | Training Time Active Learning Regressor: 0.5 seconds
2025-02-10 17:00 | INFO | Query 19 Active Learning Runtime on Validation Set: 1356707.46
2025-02-10 17:00 | INFO | Query 19 Active Learning Runtime on Test Set: 549808.68
2025-02-10 17:00 | INFO | Query 19 Active Learning Instance Cost: 234376.29
2025-02-10 17:00 | INFO | Query 20 Size of the uncertainty table is = 5904/7380
2025-02-10 17:00 | INFO | Query 20 Size of the filtered table is = 74
2025-02-10 17:00 | INFO | Training Time Active Learning Classifier: 0.76 seconds
2025-02-10 17:00 | INFO | Training Time Active Learning Regressor: 0.52 seconds
2025-02-10 17:00 | INFO | Query 20 Active Learning Runtime on Validation Set: 1392619.71
2025-02-10 17:00 | INFO | Query 20 Active Learning Runtime on Test Set: 549808.54
2025-02-10 17:00 | INFO | Query 20 Active Learning Instance Cost: 252572.88
2025-02-10 17:00 | INFO | Timeout limit is increased to 1200
2025-02-10 17:00 | INFO | Query 21 Size of the uncertainty table is = 5829/7380
2025-02-10 17:00 | INFO | Query 21 Size of the filtered table is = 74
2025-02-10 17:00 | INFO | Training Time Active Learning Classifier: 0.76 seconds
2025-02-10 17:00 | INFO | Training Time Active Learning Regressor: 0.53 seconds
2025-02-10 17:00 | INFO | Query 21 Active Learning Runtime on Validation Set: 1359454.66
2025-02-10 17:00 | INFO | Query 21 Active Learning Runtime on Test Set: 513891.62
2025-02-10 17:00 | INFO | Query 21 Active Learning Instance Cost: 355970.77
2025-02-10 17:00 | INFO | Query 22 Size of the uncertainty table is = 5766/7380
2025-02-10 17:00 | INFO | Query 22 Size of the filtered table is = 74
2025-02-10 17:00 | INFO | Training Time Active Learning Classifier: 0.78 seconds
2025-02-10 17:00 | INFO | Training Time Active Learning Regressor: 0.54 seconds
2025-02-10 17:00 | INFO | Query 22 Active Learning Runtime on Validation Set: 1281503.25
2025-02-10 17:00 | INFO | Query 22 Active Learning Runtime on Test Set: 476534.06
2025-02-10 17:00 | INFO | Query 22 Active Learning Instance Cost: 368333.01
2025-02-10 17:01 | INFO | Query 23 Size of the uncertainty table is = 5591/7380
2025-02-10 17:01 | INFO | Query 23 Size of the filtered table is = 74
2025-02-10 17:01 | INFO | Training Time Active Learning Classifier: 0.78 seconds
2025-02-10 17:01 | INFO | Training Time Active Learning Regressor: 0.55 seconds
2025-02-10 17:01 | INFO | Query 23 Active Learning Runtime on Validation Set: 1281503.25
2025-02-10 17:01 | INFO | Query 23 Active Learning Runtime on Test Set: 476534.13
2025-02-10 17:01 | INFO | Query 23 Active Learning Instance Cost: 368472.81
2025-02-10 17:01 | INFO | Timeout limit is increased to 1300
2025-02-10 17:01 | INFO | Query 24 Size of the uncertainty table is = 5501/7380
2025-02-10 17:01 | INFO | Query 24 Size of the filtered table is = 74
2025-02-10 17:01 | INFO | Training Time Active Learning Classifier: 0.79 seconds
2025-02-10 17:01 | INFO | Training Time Active Learning Regressor: 0.55 seconds
2025-02-10 17:01 | INFO | Query 24 Active Learning Runtime on Validation Set: 1281503.25
2025-02-10 17:01 | INFO | Query 24 Active Learning Runtime on Test Set: 476534.27
2025-02-10 17:01 | INFO | Query 24 Active Learning Instance Cost: 400224.75
2025-02-10 17:01 | INFO | Timeout limit is increased to 1400
2025-02-10 17:01 | INFO | Query 25 Size of the uncertainty table is = 5397/7380
2025-02-10 17:01 | INFO | Query 25 Size of the filtered table is = 74
2025-02-10 17:01 | INFO | Training Time Active Learning Classifier: 0.8 seconds
2025-02-10 17:01 | INFO | Training Time Active Learning Regressor: 0.56 seconds
2025-02-10 17:01 | INFO | Query 25 Active Learning Runtime on Validation Set: 1281502.98
2025-02-10 17:01 | INFO | Query 25 Active Learning Runtime on Test Set: 512571.74
2025-02-10 17:01 | INFO | Query 25 Active Learning Instance Cost: 417189.64
2025-02-10 17:01 | INFO | Query 26 Size of the uncertainty table is = 5319/7380
2025-02-10 17:01 | INFO | Query 26 Size of the filtered table is = 74
2025-02-10 17:01 | INFO | Training Time Active Learning Classifier: 0.82 seconds
2025-02-10 17:01 | INFO | Training Time Active Learning Regressor: 0.57 seconds
2025-02-10 17:01 | INFO | Query 26 Active Learning Runtime on Validation Set: 1278688.27
2025-02-10 17:01 | INFO | Query 26 Active Learning Runtime on Test Set: 545863.83
2025-02-10 17:01 | INFO | Query 26 Active Learning Instance Cost: 429866.51
2025-02-10 17:01 | INFO | Query 27 Size of the uncertainty table is = 5236/7380
2025-02-10 17:01 | INFO | Query 27 Size of the filtered table is = 74
2025-02-10 17:01 | INFO | Training Time Active Learning Classifier: 0.84 seconds
2025-02-10 17:01 | INFO | Training Time Active Learning Regressor: 0.58 seconds
2025-02-10 17:02 | INFO | Query 27 Active Learning Runtime on Validation Set: 1278688.46
2025-02-10 17:02 | INFO | Query 27 Active Learning Runtime on Test Set: 509874.78
2025-02-10 17:02 | INFO | Query 27 Active Learning Instance Cost: 437137.66
2025-02-10 17:02 | INFO | Timeout limit is increased to 1500
2025-02-10 17:02 | INFO | Query 28 Size of the uncertainty table is = 5161/7380
2025-02-10 17:02 | INFO | Query 28 Size of the filtered table is = 74
2025-02-10 17:02 | INFO | Training Time Active Learning Classifier: 0.84 seconds
2025-02-10 17:02 | INFO | Training Time Active Learning Regressor: 0.59 seconds
2025-02-10 17:02 | INFO | Query 28 Active Learning Runtime on Validation Set: 1278668.4
2025-02-10 17:02 | INFO | Query 28 Active Learning Runtime on Test Set: 476129.91
2025-02-10 17:02 | INFO | Query 28 Active Learning Instance Cost: 437283.45
2025-02-10 17:02 | INFO | Query 29 Size of the uncertainty table is = 5085/7380
2025-02-10 17:02 | INFO | Query 29 Size of the filtered table is = 74
2025-02-10 17:02 | INFO | Training Time Active Learning Classifier: 0.85 seconds
2025-02-10 17:02 | INFO | Training Time Active Learning Regressor: 0.65 seconds
2025-02-10 17:02 | INFO | Query 29 Active Learning Runtime on Validation Set: 1279753.07
2025-02-10 17:02 | INFO | Query 29 Active Learning Runtime on Test Set: 476129.91
2025-02-10 17:02 | INFO | Query 29 Active Learning Instance Cost: 440495.49
2025-02-10 17:02 | INFO | Timeout limit is increased to 1600
2025-02-10 17:02 | INFO | Query 30 Size of the uncertainty table is = 5003/7380
2025-02-10 17:02 | INFO | Query 30 Size of the filtered table is = 74
2025-02-10 17:02 | INFO | Training Time Active Learning Classifier: 0.87 seconds
2025-02-10 17:02 | INFO | Training Time Active Learning Regressor: 0.61 seconds
2025-02-10 17:02 | INFO | Query 30 Active Learning Runtime on Validation Set: 1281126.13
2025-02-10 17:02 | INFO | Query 30 Active Learning Runtime on Test Set: 477548.49
2025-02-10 17:02 | INFO | Query 30 Active Learning Instance Cost: 454640.46
2025-02-10 17:02 | INFO | Timeout limit is increased to 1700
2025-02-10 17:02 | INFO | Query 31 Size of the uncertainty table is = 4921/7380
2025-02-10 17:02 | INFO | Query 31 Size of the filtered table is = 74
2025-02-10 17:02 | INFO | Training Time Active Learning Classifier: 0.89 seconds
2025-02-10 17:02 | INFO | Training Time Active Learning Regressor: 0.63 seconds
2025-02-10 17:02 | INFO | Query 31 Active Learning Runtime on Validation Set: 1137491.8
2025-02-10 17:02 | INFO | Query 31 Active Learning Runtime on Test Set: 440693.82
2025-02-10 17:02 | INFO | Query 31 Active Learning Instance Cost: 508611.62
2025-02-10 17:02 | INFO | Query 32 Size of the uncertainty table is = 4829/7380
2025-02-10 17:02 | INFO | Query 32 Size of the filtered table is = 74
2025-02-10 17:02 | INFO | Training Time Active Learning Classifier: 0.89 seconds
2025-02-10 17:02 | INFO | Training Time Active Learning Regressor: 0.63 seconds
2025-02-10 17:03 | INFO | Query 32 Active Learning Runtime on Validation Set: 1173772.58
2025-02-10 17:03 | INFO | Query 32 Active Learning Runtime on Test Set: 474438.81
2025-02-10 17:03 | INFO | Query 32 Active Learning Instance Cost: 514026.94
2025-02-10 17:03 | INFO | Timeout limit is increased to 1800
2025-02-10 17:03 | INFO | Query 33 Size of the uncertainty table is = 4741/7380
2025-02-10 17:03 | INFO | Query 33 Size of the filtered table is = 74
2025-02-10 17:03 | INFO | Training Time Active Learning Classifier: 0.91 seconds
2025-02-10 17:03 | INFO | Training Time Active Learning Regressor: 0.64 seconds
2025-02-10 17:03 | INFO | Query 33 Active Learning Runtime on Validation Set: 1246048.88
2025-02-10 17:03 | INFO | Query 33 Active Learning Runtime on Test Set: 404680.89
2025-02-10 17:03 | INFO | Query 33 Active Learning Instance Cost: 550049.84
2025-02-10 17:03 | INFO | Timeout limit is increased to 1900
2025-02-10 17:03 | INFO | Query 34 Size of the uncertainty table is = 4663/7380
2025-02-10 17:03 | INFO | Query 34 Size of the filtered table is = 74
2025-02-10 17:03 | INFO | Training Time Active Learning Classifier: 0.93 seconds
2025-02-10 17:03 | INFO | Training Time Active Learning Regressor: 0.65 seconds
2025-02-10 17:03 | INFO | Query 34 Active Learning Runtime on Validation Set: 1279049.15
2025-02-10 17:03 | INFO | Query 34 Active Learning Runtime on Test Set: 440667.67
2025-02-10 17:03 | INFO | Query 34 Active Learning Instance Cost: 575715.38
2025-02-10 17:03 | INFO | Timeout limit is increased to 2000
2025-02-10 17:03 | INFO | Query 35 Size of the uncertainty table is = 4580/7380
2025-02-10 17:03 | INFO | Query 35 Size of the filtered table is = 74
2025-02-10 17:03 | INFO | Training Time Active Learning Classifier: 0.95 seconds
2025-02-10 17:03 | INFO | Training Time Active Learning Regressor: 0.68 seconds
2025-02-10 17:03 | INFO | Query 35 Active Learning Runtime on Validation Set: 1065846.23
2025-02-10 17:03 | INFO | Query 35 Active Learning Runtime on Test Set: 514529.3
2025-02-10 17:03 | INFO | Query 35 Active Learning Instance Cost: 665604.36
2025-02-10 17:03 | INFO | Query 36 Size of the uncertainty table is = 4493/7380
2025-02-10 17:03 | INFO | Query 36 Size of the filtered table is = 74
2025-02-10 17:03 | INFO | Training Time Active Learning Classifier: 0.98 seconds
2025-02-10 17:03 | INFO | Training Time Active Learning Regressor: 0.69 seconds
2025-02-10 17:03 | INFO | Query 36 Active Learning Runtime on Validation Set: 1242607.05
2025-02-10 17:03 | INFO | Query 36 Active Learning Runtime on Test Set: 477629.96
2025-02-10 17:03 | INFO | Query 36 Active Learning Instance Cost: 725984.42
2025-02-10 17:03 | INFO | Timeout limit is increased to 2100
2025-02-10 17:03 | INFO | Query 37 Size of the uncertainty table is = 4396/7380
2025-02-10 17:03 | INFO | Query 37 Size of the filtered table is = 74
2025-02-10 17:03 | INFO | Training Time Active Learning Classifier: 0.98 seconds
2025-02-10 17:03 | INFO | Training Time Active Learning Regressor: 0.71 seconds
2025-02-10 17:04 | INFO | Query 37 Active Learning Runtime on Validation Set: 1243031.36
2025-02-10 17:04 | INFO | Query 37 Active Learning Runtime on Test Set: 475759.44
2025-02-10 17:04 | INFO | Query 37 Active Learning Instance Cost: 744986.21
2025-02-10 17:04 | INFO | Timeout limit is increased to 2200
2025-02-10 17:04 | INFO | Query 38 Size of the uncertainty table is = 4317/7380
2025-02-10 17:04 | INFO | Query 38 Size of the filtered table is = 74
2025-02-10 17:04 | INFO | Training Time Active Learning Classifier: 0.99 seconds
2025-02-10 17:04 | INFO | Training Time Active Learning Regressor: 0.7 seconds
2025-02-10 17:04 | INFO | Query 38 Active Learning Runtime on Validation Set: 1279671.84
2025-02-10 17:04 | INFO | Query 38 Active Learning Runtime on Test Set: 511297.43
2025-02-10 17:04 | INFO | Query 38 Active Learning Instance Cost: 824926.0
2025-02-10 17:04 | INFO | Timeout limit is increased to 2300
2025-02-10 17:04 | INFO | Query 39 Size of the uncertainty table is = 4228/7380
2025-02-10 17:04 | INFO | Query 39 Size of the filtered table is = 74
2025-02-10 17:04 | INFO | Training Time Active Learning Classifier: 1.01 seconds
2025-02-10 17:04 | INFO | Training Time Active Learning Regressor: 0.71 seconds
2025-02-10 17:04 | INFO | Query 39 Active Learning Runtime on Validation Set: 1243050.46
2025-02-10 17:04 | INFO | Query 39 Active Learning Runtime on Test Set: 477303.05
2025-02-10 17:04 | INFO | Query 39 Active Learning Instance Cost: 882751.14
2025-02-10 17:04 | INFO | Query 40 Size of the uncertainty table is = 4150/7380
2025-02-10 17:04 | INFO | Query 40 Size of the filtered table is = 74
2025-02-10 17:04 | INFO | Training Time Active Learning Classifier: 1.04 seconds
2025-02-10 17:04 | INFO | Training Time Active Learning Regressor: 0.71 seconds
2025-02-10 17:04 | INFO | Query 40 Active Learning Runtime on Validation Set: 1279688.24
2025-02-10 17:04 | INFO | Query 40 Active Learning Runtime on Test Set: 369990.44
2025-02-10 17:04 | INFO | Query 40 Active Learning Instance Cost: 948829.1
2025-02-10 17:04 | INFO | Timeout limit is increased to 2400
2025-02-10 17:04 | INFO | Query 41 Size of the uncertainty table is = 4071/7380
2025-02-10 17:04 | INFO | Query 41 Size of the filtered table is = 74
2025-02-10 17:04 | INFO | Training Time Active Learning Classifier: 1.04 seconds
2025-02-10 17:04 | INFO | Training Time Active Learning Regressor: 0.78 seconds
2025-02-10 17:04 | INFO | Query 41 Active Learning Runtime on Validation Set: 1208085.0
2025-02-10 17:04 | INFO | Query 41 Active Learning Runtime on Test Set: 370091.64
2025-02-10 17:04 | INFO | Query 41 Active Learning Instance Cost: 1053603.75
2025-02-10 17:04 | INFO | Query 42 Size of the uncertainty table is = 3994/7380
2025-02-10 17:04 | INFO | Query 42 Size of the filtered table is = 74
2025-02-10 17:04 | INFO | Training Time Active Learning Classifier: 1.06 seconds
2025-02-10 17:05 | INFO | Training Time Active Learning Regressor: 0.75 seconds
2025-02-10 17:05 | INFO | Query 42 Active Learning Runtime on Validation Set: 1279711.62
2025-02-10 17:05 | INFO | Query 42 Active Learning Runtime on Test Set: 368225.47
2025-02-10 17:05 | INFO | Query 42 Active Learning Instance Cost: 1094191.28
2025-02-10 17:05 | INFO | Timeout limit is increased to 2500
2025-02-10 17:05 | INFO | Query 43 Size of the uncertainty table is = 3902/7380
2025-02-10 17:05 | INFO | Query 43 Size of the filtered table is = 74
2025-02-10 17:05 | INFO | Training Time Active Learning Classifier: 1.07 seconds
2025-02-10 17:05 | INFO | Training Time Active Learning Regressor: 0.75 seconds
2025-02-10 17:05 | INFO | Query 43 Active Learning Runtime on Validation Set: 1314578.34
2025-02-10 17:05 | INFO | Query 43 Active Learning Runtime on Test Set: 403233.41
2025-02-10 17:05 | INFO | Query 43 Active Learning Instance Cost: 1149922.77
2025-02-10 17:05 | INFO | Timeout limit is increased to 2600
2025-02-10 17:05 | INFO | Query 44 Size of the uncertainty table is = 3821/7380
2025-02-10 17:05 | INFO | Query 44 Size of the filtered table is = 74
2025-02-10 17:05 | INFO | Training Time Active Learning Classifier: 1.1 seconds
2025-02-10 17:05 | INFO | Training Time Active Learning Regressor: 0.78 seconds
2025-02-10 17:05 | INFO | Query 44 Active Learning Runtime on Validation Set: 1314578.37
2025-02-10 17:05 | INFO | Query 44 Active Learning Runtime on Test Set: 405100.61
2025-02-10 17:05 | INFO | Query 44 Active Learning Instance Cost: 1218413.22
2025-02-10 17:05 | INFO | Timeout limit is increased to 2700
2025-02-10 17:05 | INFO | Query 45 Size of the uncertainty table is = 3733/7380
2025-02-10 17:05 | INFO | Query 45 Size of the filtered table is = 74
2025-02-10 17:05 | INFO | Training Time Active Learning Classifier: 1.12 seconds
2025-02-10 17:05 | INFO | Training Time Active Learning Regressor: 0.79 seconds
2025-02-10 17:05 | INFO | Query 45 Active Learning Runtime on Validation Set: 1206663.51
2025-02-10 17:05 | INFO | Query 45 Active Learning Runtime on Test Set: 370092.86
2025-02-10 17:05 | INFO | Query 45 Active Learning Instance Cost: 1321252.52
2025-02-10 17:05 | INFO | Query 46 Size of the uncertainty table is = 3645/7380
2025-02-10 17:05 | INFO | Query 46 Size of the filtered table is = 74
2025-02-10 17:05 | INFO | Training Time Active Learning Classifier: 1.16 seconds
2025-02-10 17:05 | INFO | Training Time Active Learning Regressor: 0.81 seconds
2025-02-10 17:05 | INFO | Query 46 Active Learning Runtime on Validation Set: 1279029.73
2025-02-10 17:05 | INFO | Query 46 Active Learning Runtime on Test Set: 405404.3
2025-02-10 17:05 | INFO | Query 46 Active Learning Instance Cost: 1383505.49
2025-02-10 17:05 | INFO | Timeout limit is increased to 2800
2025-02-10 17:06 | INFO | Query 47 Size of the uncertainty table is = 3557/7380
2025-02-10 17:06 | INFO | Query 47 Size of the filtered table is = 74
2025-02-10 17:06 | INFO | Training Time Active Learning Classifier: 1.17 seconds
2025-02-10 17:06 | INFO | Training Time Active Learning Regressor: 0.82 seconds
2025-02-10 17:06 | INFO | Query 47 Active Learning Runtime on Validation Set: 1278677.96
2025-02-10 17:06 | INFO | Query 47 Active Learning Runtime on Test Set: 370189.46
2025-02-10 17:06 | INFO | Query 47 Active Learning Instance Cost: 1453649.96
2025-02-10 17:06 | INFO | Query 48 Size of the uncertainty table is = 3475/7380
2025-02-10 17:06 | INFO | Query 48 Size of the filtered table is = 74
2025-02-10 17:06 | INFO | Training Time Active Learning Classifier: 1.19 seconds
2025-02-10 17:06 | INFO | Training Time Active Learning Regressor: 0.83 seconds
2025-02-10 17:06 | INFO | Query 48 Active Learning Runtime on Validation Set: 1278670.15
2025-02-10 17:06 | INFO | Query 48 Active Learning Runtime on Test Set: 406177.0
2025-02-10 17:06 | INFO | Query 48 Active Learning Instance Cost: 1541725.94
2025-02-10 17:06 | INFO | Query 49 Size of the uncertainty table is = 3397/7380
2025-02-10 17:06 | INFO | Query 49 Size of the filtered table is = 74
2025-02-10 17:06 | INFO | Training Time Active Learning Classifier: 1.21 seconds
2025-02-10 17:06 | INFO | Training Time Active Learning Regressor: 0.84 seconds
2025-02-10 17:06 | INFO | Query 49 Active Learning Runtime on Validation Set: 1314611.67
2025-02-10 17:06 | INFO | Query 49 Active Learning Runtime on Test Set: 369865.64
2025-02-10 17:06 | INFO | Query 49 Active Learning Instance Cost: 1646057.25
2025-02-10 17:06 | INFO | Timeout limit is increased to 2900
2025-02-10 17:06 | INFO | Query 50 Size of the uncertainty table is = 3290/7380
2025-02-10 17:06 | INFO | Query 50 Size of the filtered table is = 74
2025-02-10 17:06 | INFO | Training Time Active Learning Classifier: 1.23 seconds
2025-02-10 17:06 | INFO | Training Time Active Learning Regressor: 0.85 seconds
2025-02-10 17:06 | INFO | Query 50 Active Learning Runtime on Validation Set: 1278715.41
2025-02-10 17:06 | INFO | Query 50 Active Learning Runtime on Test Set: 369927.79
2025-02-10 17:06 | INFO | Query 50 Active Learning Instance Cost: 1771337.95
2025-02-10 17:06 | INFO | Query 51 Size of the uncertainty table is = 3208/7380
2025-02-10 17:06 | INFO | Query 51 Size of the filtered table is = 74
2025-02-10 17:06 | INFO | Training Time Active Learning Classifier: 1.24 seconds
2025-02-10 17:06 | INFO | Training Time Active Learning Regressor: 0.86 seconds
2025-02-10 17:07 | INFO | Query 51 Active Learning Runtime on Validation Set: 1278623.43
2025-02-10 17:07 | INFO | Query 51 Active Learning Runtime on Test Set: 369925.75
2025-02-10 17:07 | INFO | Query 51 Active Learning Instance Cost: 1881091.06
2025-02-10 17:07 | INFO | Query 52 Size of the uncertainty table is = 3126/7380
2025-02-10 17:07 | INFO | Query 52 Size of the filtered table is = 74
2025-02-10 17:07 | INFO | Training Time Active Learning Classifier: 1.27 seconds
2025-02-10 17:07 | INFO | Training Time Active Learning Regressor: 0.87 seconds
2025-02-10 17:07 | INFO | Query 52 Active Learning Runtime on Validation Set: 1314685.12
2025-02-10 17:07 | INFO | Query 52 Active Learning Runtime on Test Set: 369773.96
2025-02-10 17:07 | INFO | Query 52 Active Learning Instance Cost: 1983057.77
2025-02-10 17:07 | INFO | Timeout limit is increased to 3000
2025-02-10 17:07 | INFO | Query 53 Size of the uncertainty table is = 3046/7380
2025-02-10 17:07 | INFO | Query 53 Size of the filtered table is = 74
2025-02-10 17:07 | INFO | Training Time Active Learning Classifier: 1.28 seconds
2025-02-10 17:07 | INFO | Training Time Active Learning Regressor: 0.87 seconds
2025-02-10 17:07 | INFO | Query 53 Active Learning Runtime on Validation Set: 1243058.23
2025-02-10 17:07 | INFO | Query 53 Active Learning Runtime on Test Set: 367909.74
2025-02-10 17:07 | INFO | Query 53 Active Learning Instance Cost: 2084856.95
2025-02-10 17:07 | INFO | Query 54 Size of the uncertainty table is = 2965/7380
2025-02-10 17:07 | INFO | Query 54 Size of the filtered table is = 74
2025-02-10 17:07 | INFO | Training Time Active Learning Classifier: 1.3 seconds
2025-02-10 17:07 | INFO | Training Time Active Learning Regressor: 0.88 seconds
2025-02-10 17:07 | INFO | Query 54 Active Learning Runtime on Validation Set: 1314685.19
2025-02-10 17:07 | INFO | Query 54 Active Learning Runtime on Test Set: 367909.67
2025-02-10 17:07 | INFO | Query 54 Active Learning Instance Cost: 2181120.14
2025-02-10 17:07 | INFO | Timeout limit is increased to 3100
2025-02-10 17:07 | INFO | Query 55 Size of the uncertainty table is = 2884/7380
2025-02-10 17:07 | INFO | Query 55 Size of the filtered table is = 74
2025-02-10 17:07 | INFO | Training Time Active Learning Classifier: 1.31 seconds
2025-02-10 17:07 | INFO | Training Time Active Learning Regressor: 0.89 seconds
2025-02-10 17:07 | INFO | Query 55 Active Learning Runtime on Validation Set: 1314622.63
2025-02-10 17:07 | INFO | Query 55 Active Learning Runtime on Test Set: 367808.57
2025-02-10 17:07 | INFO | Query 55 Active Learning Instance Cost: 2267463.59
2025-02-10 17:07 | INFO | Query 56 Size of the uncertainty table is = 2809/7380
2025-02-10 17:07 | INFO | Query 56 Size of the filtered table is = 74
2025-02-10 17:07 | INFO | Training Time Active Learning Classifier: 1.34 seconds
2025-02-10 17:07 | INFO | Training Time Active Learning Regressor: 0.89 seconds
2025-02-10 17:08 | INFO | Query 56 Active Learning Runtime on Validation Set: 1314619.51
2025-02-10 17:08 | INFO | Query 56 Active Learning Runtime on Test Set: 367909.83
2025-02-10 17:08 | INFO | Query 56 Active Learning Instance Cost: 2375864.46
2025-02-10 17:08 | INFO | Query 57 Size of the uncertainty table is = 2730/7380
2025-02-10 17:08 | INFO | Query 57 Size of the filtered table is = 74
2025-02-10 17:08 | INFO | Training Time Active Learning Classifier: 1.35 seconds
2025-02-10 17:08 | INFO | Training Time Active Learning Regressor: 0.9 seconds
2025-02-10 17:08 | INFO | Query 57 Active Learning Runtime on Validation Set: 1314679.96
2025-02-10 17:08 | INFO | Query 57 Active Learning Runtime on Test Set: 367909.67
2025-02-10 17:08 | INFO | Query 57 Active Learning Instance Cost: 2497023.83
2025-02-10 17:08 | INFO | Timeout limit is increased to 3200
2025-02-10 17:08 | INFO | Query 58 Size of the uncertainty table is = 2656/7380
2025-02-10 17:08 | INFO | Query 58 Size of the filtered table is = 74
2025-02-10 17:08 | INFO | Training Time Active Learning Classifier: 1.37 seconds
2025-02-10 17:08 | INFO | Training Time Active Learning Regressor: 0.91 seconds
2025-02-10 17:08 | INFO | Query 58 Active Learning Runtime on Validation Set: 1242829.87
2025-02-10 17:08 | INFO | Query 58 Active Learning Runtime on Test Set: 367909.83
2025-02-10 17:08 | INFO | Query 58 Active Learning Instance Cost: 2637165.73
2025-02-10 17:08 | INFO | Query 59 Size of the uncertainty table is = 2582/7380
2025-02-10 17:08 | INFO | Query 59 Size of the filtered table is = 74
2025-02-10 17:08 | INFO | Training Time Active Learning Classifier: 1.38 seconds
2025-02-10 17:08 | INFO | Training Time Active Learning Regressor: 0.91 seconds
2025-02-10 17:08 | INFO | Query 59 Active Learning Runtime on Validation Set: 1314679.94
2025-02-10 17:08 | INFO | Query 59 Active Learning Runtime on Test Set: 367909.74
2025-02-10 17:08 | INFO | Query 59 Active Learning Instance Cost: 2767789.69
2025-02-10 17:08 | INFO | Timeout limit is increased to 3300
2025-02-10 17:08 | INFO | Query 60 Size of the uncertainty table is = 2504/7380
2025-02-10 17:08 | INFO | Query 60 Size of the filtered table is = 74
2025-02-10 17:08 | INFO | Training Time Active Learning Classifier: 1.4 seconds
2025-02-10 17:08 | INFO | Training Time Active Learning Regressor: 0.92 seconds
2025-02-10 17:08 | INFO | Query 60 Active Learning Runtime on Validation Set: 1314692.11
2025-02-10 17:08 | INFO | Query 60 Active Learning Runtime on Test Set: 367909.9
2025-02-10 17:08 | INFO | Query 60 Active Learning Instance Cost: 2945900.49
2025-02-10 17:08 | INFO | Timeout limit is increased to 3400
2025-02-10 17:09 | INFO | Query 61 Size of the uncertainty table is = 2426/7380
2025-02-10 17:09 | INFO | Query 61 Size of the filtered table is = 74
2025-02-10 17:09 | INFO | Training Time Active Learning Classifier: 1.42 seconds
2025-02-10 17:09 | INFO | Training Time Active Learning Regressor: 0.94 seconds
2025-02-10 17:09 | INFO | Query 61 Active Learning Runtime on Validation Set: 1314684.68
2025-02-10 17:09 | INFO | Query 61 Active Learning Runtime on Test Set: 367909.74
2025-02-10 17:09 | INFO | Query 61 Active Learning Instance Cost: 3099903.09
2025-02-10 17:09 | INFO | Query 62 Size of the uncertainty table is = 2349/7380
2025-02-10 17:09 | INFO | Query 62 Size of the filtered table is = 74
2025-02-10 17:09 | INFO | Training Time Active Learning Classifier: 1.42 seconds
2025-02-10 17:09 | INFO | Training Time Active Learning Regressor: 0.95 seconds
2025-02-10 17:09 | INFO | Query 62 Active Learning Runtime on Validation Set: 1242864.94
2025-02-10 17:09 | INFO | Query 62 Active Learning Runtime on Test Set: 367909.67
2025-02-10 17:09 | INFO | Query 62 Active Learning Instance Cost: 3244021.23
2025-02-10 17:09 | INFO | Query 63 Size of the uncertainty table is = 2271/7380
2025-02-10 17:09 | INFO | Query 63 Size of the filtered table is = 74
2025-02-10 17:09 | INFO | Training Time Active Learning Classifier: 1.46 seconds
2025-02-10 17:09 | INFO | Training Time Active Learning Regressor: 0.96 seconds
2025-02-10 17:09 | INFO | Query 63 Active Learning Runtime on Validation Set: 885887.19
2025-02-10 17:09 | INFO | Query 63 Active Learning Runtime on Test Set: 367999.31
2025-02-10 17:09 | INFO | Query 63 Active Learning Instance Cost: 3383421.23
2025-02-10 17:09 | INFO | Query 64 Size of the uncertainty table is = 2197/7380
2025-02-10 17:09 | INFO | Query 64 Size of the filtered table is = 74
2025-02-10 17:09 | INFO | Training Time Active Learning Classifier: 1.47 seconds
2025-02-10 17:09 | INFO | Training Time Active Learning Regressor: 0.97 seconds
2025-02-10 17:09 | INFO | Query 64 Active Learning Runtime on Validation Set: 1314687.06
2025-02-10 17:09 | INFO | Query 64 Active Learning Runtime on Test Set: 367909.74
2025-02-10 17:09 | INFO | Query 64 Active Learning Instance Cost: 3537240.16
2025-02-10 17:09 | INFO | Timeout limit is increased to 3500
2025-02-10 17:09 | INFO | Query 65 Size of the uncertainty table is = 2126/7380
2025-02-10 17:09 | INFO | Query 65 Size of the filtered table is = 74
2025-02-10 17:09 | INFO | Training Time Active Learning Classifier: 1.49 seconds
2025-02-10 17:09 | INFO | Training Time Active Learning Regressor: 0.97 seconds
2025-02-10 17:10 | INFO | Query 65 Active Learning Runtime on Validation Set: 1137404.82
2025-02-10 17:10 | INFO | Query 65 Active Learning Runtime on Test Set: 367909.74
2025-02-10 17:10 | INFO | Query 65 Active Learning Instance Cost: 3709890.1
2025-02-10 17:10 | INFO | Query 66 Size of the uncertainty table is = 2049/7380
2025-02-10 17:10 | INFO | Query 66 Size of the filtered table is = 74
2025-02-10 17:10 | INFO | Training Time Active Learning Classifier: 1.51 seconds
2025-02-10 17:10 | INFO | Training Time Active Learning Regressor: 0.98 seconds
2025-02-10 17:10 | INFO | Query 66 Active Learning Runtime on Validation Set: 1029770.25
2025-02-10 17:10 | INFO | Query 66 Active Learning Runtime on Test Set: 367999.54
2025-02-10 17:10 | INFO | Query 66 Active Learning Instance Cost: 3889889.56
2025-02-10 17:10 | INFO | Query 67 Size of the uncertainty table is = 1977/7380
2025-02-10 17:10 | INFO | Query 67 Size of the filtered table is = 74
2025-02-10 17:10 | INFO | Training Time Active Learning Classifier: 1.52 seconds
2025-02-10 17:10 | INFO | Training Time Active Learning Regressor: 0.99 seconds
2025-02-10 17:10 | INFO | Query 67 Active Learning Runtime on Validation Set: 993875.61
2025-02-10 17:10 | INFO | Query 67 Active Learning Runtime on Test Set: 367999.54
2025-02-10 17:10 | INFO | Query 67 Active Learning Instance Cost: 4013217.8
2025-02-10 17:10 | INFO | Query 68 Size of the uncertainty table is = 1894/7380
2025-02-10 17:10 | INFO | Query 68 Size of the filtered table is = 74
2025-02-10 17:10 | INFO | Training Time Active Learning Classifier: 1.53 seconds
2025-02-10 17:10 | INFO | Training Time Active Learning Regressor: 1.0 seconds
2025-02-10 17:10 | INFO | Query 68 Active Learning Runtime on Validation Set: 993440.92
2025-02-10 17:10 | INFO | Query 68 Active Learning Runtime on Test Set: 367910.11
2025-02-10 17:10 | INFO | Query 68 Active Learning Instance Cost: 4185615.35
2025-02-10 17:10 | INFO | Query 69 Size of the uncertainty table is = 1798/7380
2025-02-10 17:10 | INFO | Query 69 Size of the filtered table is = 74
2025-02-10 17:10 | INFO | Training Time Active Learning Classifier: 1.55 seconds
2025-02-10 17:10 | INFO | Training Time Active Learning Regressor: 1.02 seconds
2025-02-10 17:10 | INFO | Query 69 Active Learning Runtime on Validation Set: 993372.45
2025-02-10 17:10 | INFO | Query 69 Active Learning Runtime on Test Set: 367909.95
2025-02-10 17:10 | INFO | Query 69 Active Learning Instance Cost: 4403988.64
2025-02-10 17:10 | INFO | Query 70 Size of the uncertainty table is = 1729/7380
2025-02-10 17:10 | INFO | Query 70 Size of the filtered table is = 74
2025-02-10 17:10 | INFO | Training Time Active Learning Classifier: 1.56 seconds
2025-02-10 17:10 | INFO | Training Time Active Learning Regressor: 1.02 seconds
2025-02-10 17:11 | INFO | Query 70 Active Learning Runtime on Validation Set: 957373.19
2025-02-10 17:11 | INFO | Query 70 Active Learning Runtime on Test Set: 367909.74
2025-02-10 17:11 | INFO | Query 70 Active Learning Instance Cost: 4588470.3
2025-02-10 17:11 | INFO | Query 71 Size of the uncertainty table is = 1684/7380
2025-02-10 17:11 | INFO | Query 71 Size of the filtered table is = 74
2025-02-10 17:11 | INFO | Training Time Active Learning Classifier: 1.56 seconds
2025-02-10 17:11 | INFO | Training Time Active Learning Regressor: 1.02 seconds
2025-02-10 17:11 | INFO | Query 71 Active Learning Runtime on Validation Set: 993361.06
2025-02-10 17:11 | INFO | Query 71 Active Learning Runtime on Test Set: 367909.95
2025-02-10 17:11 | INFO | Query 71 Active Learning Instance Cost: 4681042.16
2025-02-10 17:11 | INFO | Timeout limit is increased to 3600
2025-02-10 17:11 | INFO | Query 72 Size of the uncertainty table is = 1670/7380
2025-02-10 17:11 | INFO | Query 72 Size of the filtered table is = 74
2025-02-10 17:11 | INFO | Training Time Active Learning Classifier: 1.57 seconds
2025-02-10 17:11 | INFO | Training Time Active Learning Regressor: 1.02 seconds
2025-02-10 17:11 | INFO | Query 72 Active Learning Runtime on Validation Set: 993361.06
2025-02-10 17:11 | INFO | Query 72 Active Learning Runtime on Test Set: 367909.95
2025-02-10 17:11 | INFO | Query 72 Active Learning Instance Cost: 4721241.28
2025-02-10 17:11 | INFO | Timeout limit is increased to 3600
2025-02-10 17:11 | INFO | Query 73 Size of the uncertainty table is = 29/7380
2025-02-10 17:11 | INFO | Query 73 Size of the filtered table is = 29
2025-02-10 17:11 | INFO | Training Time Active Learning Classifier: 1.57 seconds
2025-02-10 17:11 | INFO | Training Time Active Learning Regressor: 1.03 seconds
2025-02-10 17:11 | INFO | Query 73 Active Learning Runtime on Validation Set: 993333.73
2025-02-10 17:11 | INFO | Query 73 Active Learning Runtime on Test Set: 367909.95
2025-02-10 17:11 | INFO | Query 73 Active Learning Instance Cost: 4757454.63
2025-02-10 17:11 | INFO | Active Learning Emissions: 0.010674641280834115
2025-02-10 17:11 | INFO | Active Learning Energy Consumption: 0.01161428229735951 kWh
2025-02-10 17:11 | INFO | runtime_test_score is written as json file
2025-02-10 17:11 | INFO | runtime_validation_score is written as json file
2025-02-10 17:11 | INFO | instance_cost is written as json file
2025-02-10 17:11 | INFO | Experiment is finished
