2025-02-10 21:43 | INFO | Paramaters are: {'dataset': 'SAT12-HAND', 'penalty': 10, 'weight': 'No_Weight', 'voting': 'Hard', 'pre_selection_size': 64, 'pre_selection_technique': 'No_pre_selection', 'feature_elimination_threshold': 20, 'imputer_strategy': 'median', 'feature_selection_technique': 'No_feature_selection', 'feature_scaling_technique': 'StandardScaler', 'priority': {'PredDiff': 'max', 'PredCost': 'min', 'Uncertainty': 'max'}, 'initial_train_size': 20, 'query_size': 1, 'timeout_predictor_usage': 'No', 'timeout_limit': 3600, 'timeout_increase_rate': 100, 'penalty_type': 'Only-timeout-penalty', 'RANDOM_STATE_SEED': 99, 'n_splits': 10, 'split_number': 1, 'max_timeout': 3600, 'param_grid': {'n_estimators': 100, 'max_features': 'sqrt', 'max_depth': 2147483648, 'min_samples_split': 2, 'bootstrap': True}}
2025-02-10 21:43 | INFO | SAT12-HAND is current dataset
2025-02-10 21:43 | INFO | DATASETS/SAT12-HAND/algorithm_runs.arff is found
2025-02-10 21:43 | INFO | DATASETS/SAT12-HAND/algorithm_runs.arff is finished
2025-02-10 21:43 | INFO | DATASETS/SAT12-HAND/feature_values.arff is found
2025-02-10 21:43 | INFO | DATASETS/SAT12-HAND/feature_values.arff is finished
2025-02-10 21:43 | INFO | DATASETS/SAT12-HAND/feature_costs.arff is found
2025-02-10 21:43 | INFO | DATASETS/SAT12-HAND/feature_costs.arff is finished
2025-02-10 21:43 | INFO | Virtual best solver time in train = 78660.17
2025-02-10 21:43 | INFO | Single best solver list train = {'clasp1': 5693970.01, 'clasp2': 5013197.53, 'cryptominisat2011': 6225565.93, 'eagleup': 13068116.59, 'ebglucose': 7089948.86, 'ebminisat': 6554000.38, 'glucose2': 6331318.45, 'glueminisat': 6832959.91, 'gnoveltyp2': 11673202.12, 'lingeling': 6797192.23, 'lrglshr': 7733051.61, 'marchrw': 9457206.14, 'minisatpsm': 7053715.38, 'mphaseSAT': 4251632.3, 'mphaseSAT64': 4720780.02, 'mphaseSATm': 4253489.35, 'mxc09': 5983664.59, 'picosat': 6843215.56, 'precosat': 6117760.76, 'qutersat': 6401560.15, 'rcl': 7807159.81, 'restartsat': 6308150.61, 'sapperlot': 6922342.76, 'satime11': 9877698.22, 'sattime': 10054611.13, 'sattimep': 10018981.16, 'sol': 7261701.53, 'sparrow': 10130011.93, 'spear-hw': 8566200.6, 'spear-sw': 9461613.49, 'tnm': 10413799.81}
2025-02-10 21:43 | INFO | Single best solver time train = mphaseSAT (4251632.3)
2025-02-10 21:43 | INFO | Virtual best solver time in validation = 6199.42
2025-02-10 21:43 | INFO | Single best solver list validation = {'clasp1': 1414657.13, 'clasp2': 1378355.85, 'cryptominisat2011': 1700094.4, 'eagleup': 2664436.21, 'ebglucose': 1771037.59, 'ebminisat': 1375592.62, 'glucose2': 1522707.7, 'glueminisat': 1592032.65, 'gnoveltyp2': 1658773.06, 'lingeling': 1625667.42, 'lrglshr': 1592436.75, 'marchrw': 1733969.91, 'minisatpsm': 1589665.03, 'mphaseSAT': 1375039.89, 'mphaseSAT64': 1377300.08, 'mphaseSATm': 1446969.84, 'mxc09': 1486055.38, 'picosat': 1449548.23, 'precosat': 1446723.34, 'qutersat': 1700648.31, 'rcl': 1662969.24, 'restartsat': 1521382.85, 'sapperlot': 1518820.97, 'satime11': 1408650.98, 'sattime': 1337079.97, 'sattimep': 1336796.33, 'sol': 1373458.04, 'sparrow': 1406120.13, 'spear-hw': 1698581.01, 'spear-sw': 2306727.39, 'tnm': 1408853.12}
2025-02-10 21:43 | INFO | Single best solver time validation = sattimep (1336796.33)
2025-02-10 21:43 | INFO | Virtual best solver time in test = 7130.75
2025-02-10 21:43 | INFO | Single best solver list test = {'clasp1': 867274.59, 'clasp2': 760547.75, 'cryptominisat2011': 903402.95, 'eagleup': 1656843.79, 'ebglucose': 904151.12, 'ebminisat': 939403.66, 'glucose2': 974853.02, 'glueminisat': 974575.61, 'gnoveltyp2': 1370681.28, 'lingeling': 867549.71, 'lrglshr': 1083294.03, 'marchrw': 1335096.17, 'minisatpsm': 904972.52, 'mphaseSAT': 615262.8, 'mphaseSAT64': 687079.36, 'mphaseSATm': 616053.23, 'mxc09': 832479.79, 'picosat': 868389.81, 'precosat': 901812.71, 'qutersat': 903888.16, 'rcl': 1012454.97, 'restartsat': 869485.69, 'sapperlot': 940744.74, 'satime11': 1227350.42, 'sattime': 1261917.87, 'sattimep': 1226820.48, 'sol': 902767.93, 'sparrow': 1227574.91, 'spear-hw': 1190575.33, 'spear-sw': 1477622.64, 'tnm': 1300020.15}
2025-02-10 21:43 | INFO | Single best solver time test = mphaseSAT (615262.8)
2025-02-10 21:44 | INFO | Training Time Passive Learning Classifier: 49.56 seconds
2025-02-10 21:44 | INFO | Training Time Passive Learning Regressor: 4.79 seconds
2025-02-10 21:47 | INFO | Passive Learning Classifier Runtime on Validation Set: 1076948.3
2025-02-10 21:47 | INFO | Passive Learning Classifier Runtime on Test Set: 215717.21
2025-02-10 21:47 | INFO | Passive Learning Instance Cost: 24317818.92
2025-02-10 21:47 | INFO | Passive Learning Emissions: 0.0029607440616081218
2025-02-10 21:47 | INFO | Passive Learning Energy Consumption: 0.0032213651435283185 kWh
2025-02-10 21:48 | INFO | Training Time Active Learning Classifier: 26.6 seconds
2025-02-10 21:48 | INFO | Training Time Active Learning Regressor: 1.49 seconds
2025-02-10 21:51 | INFO | Initial Active Learning Runtime on Validation Set: 1512753.05
2025-02-10 21:51 | INFO | Initial Active Learning Runtime on Test Set: 644729.06
2025-02-10 21:51 | INFO | Initial Active Learning Instance Cost: 1163495.39
2025-02-10 21:51 | INFO | Bin size = 1693
2025-02-10 21:52 | INFO | Query 1 Size of the uncertainty table is = 169260/169260
2025-02-10 21:52 | INFO | Query 1 Size of the filtered table is = 1693
2025-02-10 21:53 | INFO | Training Time Active Learning Classifier: 25.48 seconds
2025-02-10 21:53 | INFO | Training Time Active Learning Regressor: 1.97 seconds
2025-02-10 21:56 | INFO | Query 1 Active Learning Runtime on Validation Set: 1547331.28
2025-02-10 21:56 | INFO | Query 1 Active Learning Runtime on Test Set: 644708.1399999999
2025-02-10 21:56 | INFO | Query 1 Active Learning Instance Cost: 3108352.29
2025-02-10 21:56 | INFO | Timeout limit is increased to 3600
2025-02-10 21:57 | INFO | Query 2 Size of the uncertainty table is = 163727/169260
2025-02-10 21:57 | INFO | Query 2 Size of the filtered table is = 1693
2025-02-10 21:58 | INFO | Training Time Active Learning Classifier: 26.29 seconds
2025-02-10 21:58 | INFO | Training Time Active Learning Regressor: 1.76 seconds
2025-02-10 22:01 | INFO | Query 2 Active Learning Runtime on Validation Set: 1547071.77
2025-02-10 22:01 | INFO | Query 2 Active Learning Runtime on Test Set: 716723.78
2025-02-10 22:01 | INFO | Query 2 Active Learning Instance Cost: 4081316.89
2025-02-10 22:02 | INFO | Query 3 Size of the uncertainty table is = 158576/169260
2025-02-10 22:02 | INFO | Query 3 Size of the filtered table is = 1693
2025-02-10 22:03 | INFO | Training Time Active Learning Classifier: 26.82 seconds
2025-02-10 22:03 | INFO | Training Time Active Learning Regressor: 1.93 seconds
2025-02-10 22:06 | INFO | Query 3 Active Learning Runtime on Validation Set: 1546850.05
2025-02-10 22:06 | INFO | Query 3 Active Learning Runtime on Test Set: 572768.47
2025-02-10 22:06 | INFO | Query 3 Active Learning Instance Cost: 5199375.77
2025-02-10 22:08 | INFO | Query 4 Size of the uncertainty table is = 153128/169260
2025-02-10 22:08 | INFO | Query 4 Size of the filtered table is = 1693
2025-02-10 22:09 | INFO | Training Time Active Learning Classifier: 27.26 seconds
2025-02-10 22:09 | INFO | Training Time Active Learning Regressor: 2.04 seconds
2025-02-10 22:12 | INFO | Query 4 Active Learning Runtime on Validation Set: 1440364.89
2025-02-10 22:12 | INFO | Query 4 Active Learning Runtime on Test Set: 608632.9099999999
2025-02-10 22:12 | INFO | Query 4 Active Learning Instance Cost: 6061157.96
2025-02-10 22:14 | INFO | Query 5 Size of the uncertainty table is = 148440/169260
2025-02-10 22:14 | INFO | Query 5 Size of the filtered table is = 1693
2025-02-10 22:14 | INFO | Training Time Active Learning Classifier: 27.85 seconds
2025-02-10 22:14 | INFO | Training Time Active Learning Regressor: 2.17 seconds
2025-02-10 22:18 | INFO | Query 5 Active Learning Runtime on Validation Set: 1511057.0899999999
2025-02-10 22:18 | INFO | Query 5 Active Learning Runtime on Test Set: 643793.6499999999
2025-02-10 22:18 | INFO | Query 5 Active Learning Instance Cost: 6996557.36
2025-02-10 22:18 | INFO | Timeout limit is increased to 3600
2025-02-10 22:19 | INFO | Query 6 Size of the uncertainty table is = 142134/169260
2025-02-10 22:19 | INFO | Query 6 Size of the filtered table is = 1693
2025-02-10 22:20 | INFO | Training Time Active Learning Classifier: 28.55 seconds
2025-02-10 22:20 | INFO | Training Time Active Learning Regressor: 2.33 seconds
2025-02-10 22:23 | INFO | Query 6 Active Learning Runtime on Validation Set: 1617556.96
2025-02-10 22:23 | INFO | Query 6 Active Learning Runtime on Test Set: 502008.3
2025-02-10 22:23 | INFO | Query 6 Active Learning Instance Cost: 8497195.21
2025-02-10 22:23 | INFO | Timeout limit is increased to 3600
2025-02-10 22:25 | INFO | Query 7 Size of the uncertainty table is = 134516/169260
2025-02-10 22:25 | INFO | Query 7 Size of the filtered table is = 1693
2025-02-10 22:26 | INFO | Training Time Active Learning Classifier: 29.21 seconds
2025-02-10 22:26 | INFO | Training Time Active Learning Regressor: 2.47 seconds
2025-02-10 22:29 | INFO | Query 7 Active Learning Runtime on Validation Set: 1510554.5899999999
2025-02-10 22:29 | INFO | Query 7 Active Learning Runtime on Test Set: 538232.4
2025-02-10 22:29 | INFO | Query 7 Active Learning Instance Cost: 10049931.52
2025-02-10 22:31 | INFO | Query 8 Size of the uncertainty table is = 126130/169260
2025-02-10 22:31 | INFO | Query 8 Size of the filtered table is = 1693
2025-02-10 22:32 | INFO | Training Time Active Learning Classifier: 29.58 seconds
2025-02-10 22:32 | INFO | Training Time Active Learning Regressor: 2.62 seconds
2025-02-10 22:35 | INFO | Query 8 Active Learning Runtime on Validation Set: 1438162.78
2025-02-10 22:35 | INFO | Query 8 Active Learning Runtime on Test Set: 573287.31
2025-02-10 22:35 | INFO | Query 8 Active Learning Instance Cost: 11599847.17
2025-02-10 22:37 | INFO | Query 9 Size of the uncertainty table is = 118691/169260
2025-02-10 22:37 | INFO | Query 9 Size of the filtered table is = 1693
2025-02-10 22:38 | INFO | Training Time Active Learning Classifier: 30.43 seconds
2025-02-10 22:38 | INFO | Training Time Active Learning Regressor: 2.77 seconds
2025-02-10 22:41 | INFO | Query 9 Active Learning Runtime on Validation Set: 1365788.94
2025-02-10 22:41 | INFO | Query 9 Active Learning Runtime on Test Set: 537191.39
2025-02-10 22:41 | INFO | Query 9 Active Learning Instance Cost: 12427736.68
2025-02-10 22:43 | INFO | Query 10 Size of the uncertainty table is = 112220/169260
2025-02-10 22:43 | INFO | Query 10 Size of the filtered table is = 1693
2025-02-10 22:44 | INFO | Training Time Active Learning Classifier: 31.51 seconds
2025-02-10 22:44 | INFO | Training Time Active Learning Regressor: 2.92 seconds
2025-02-10 22:47 | INFO | Query 10 Active Learning Runtime on Validation Set: 1507599.77
2025-02-10 22:47 | INFO | Query 10 Active Learning Runtime on Test Set: 500837.5
2025-02-10 22:47 | INFO | Query 10 Active Learning Instance Cost: 13162098.38
2025-02-10 22:47 | INFO | Timeout limit is increased to 3600
2025-02-10 22:49 | INFO | Query 11 Size of the uncertainty table is = 105352/169260
2025-02-10 22:49 | INFO | Query 11 Size of the filtered table is = 1693
2025-02-10 22:50 | INFO | Training Time Active Learning Classifier: 33.05 seconds
2025-02-10 22:50 | INFO | Training Time Active Learning Regressor: 3.05 seconds
2025-02-10 22:54 | INFO | Query 11 Active Learning Runtime on Validation Set: 1508912.3
2025-02-10 22:54 | INFO | Query 11 Active Learning Runtime on Test Set: 499419.6
2025-02-10 22:54 | INFO | Query 11 Active Learning Instance Cost: 13735666.48
2025-02-10 22:54 | INFO | Timeout limit is increased to 3600
2025-02-10 22:55 | INFO | Query 12 Size of the uncertainty table is = 98651/169260
2025-02-10 22:55 | INFO | Query 12 Size of the filtered table is = 1693
2025-02-10 22:56 | INFO | Training Time Active Learning Classifier: 33.7 seconds
2025-02-10 22:56 | INFO | Training Time Active Learning Regressor: 3.18 seconds
2025-02-10 23:00 | INFO | Query 12 Active Learning Runtime on Validation Set: 1186446.6099999999
2025-02-10 23:00 | INFO | Query 12 Active Learning Runtime on Test Set: 427962.38
2025-02-10 23:00 | INFO | Query 12 Active Learning Instance Cost: 14606509.49
2025-02-10 23:02 | INFO | Query 13 Size of the uncertainty table is = 91299/169260
2025-02-10 23:02 | INFO | Query 13 Size of the filtered table is = 1693
2025-02-10 23:02 | INFO | Training Time Active Learning Classifier: 34.77 seconds
2025-02-10 23:02 | INFO | Training Time Active Learning Regressor: 3.28 seconds
2025-02-10 23:06 | INFO | Query 13 Active Learning Runtime on Validation Set: 1184270.3299999998
2025-02-10 23:06 | INFO | Query 13 Active Learning Runtime on Test Set: 391853.07
2025-02-10 23:06 | INFO | Query 13 Active Learning Instance Cost: 15148434.01
2025-02-10 23:07 | INFO | Query 14 Size of the uncertainty table is = 85194/169260
2025-02-10 23:07 | INFO | Query 14 Size of the filtered table is = 1693
2025-02-10 23:08 | INFO | Training Time Active Learning Classifier: 36.06 seconds
2025-02-10 23:08 | INFO | Training Time Active Learning Regressor: 3.83 seconds
2025-02-10 23:12 | INFO | Query 14 Active Learning Runtime on Validation Set: 1006381.0900000001
2025-02-10 23:12 | INFO | Query 14 Active Learning Runtime on Test Set: 357103.25
2025-02-10 23:12 | INFO | Query 14 Active Learning Instance Cost: 15977036.33
2025-02-10 23:13 | INFO | Query 15 Size of the uncertainty table is = 78010/169260
2025-02-10 23:13 | INFO | Query 15 Size of the filtered table is = 1693
2025-02-10 23:14 | INFO | Training Time Active Learning Classifier: 37.85 seconds
2025-02-10 23:14 | INFO | Training Time Active Learning Regressor: 3.56 seconds
2025-02-10 23:18 | INFO | Query 15 Active Learning Runtime on Validation Set: 897976.47
2025-02-10 23:18 | INFO | Query 15 Active Learning Runtime on Test Set: 391929.5
2025-02-10 23:18 | INFO | Query 15 Active Learning Instance Cost: 16618288.17
2025-02-10 23:19 | INFO | Query 16 Size of the uncertainty table is = 70719/169260
2025-02-10 23:19 | INFO | Query 16 Size of the filtered table is = 1693
2025-02-10 23:20 | INFO | Training Time Active Learning Classifier: 39.33 seconds
2025-02-10 23:20 | INFO | Training Time Active Learning Regressor: 3.79 seconds
2025-02-10 23:24 | INFO | Query 16 Active Learning Runtime on Validation Set: 969923.4299999999
2025-02-10 23:24 | INFO | Query 16 Active Learning Runtime on Test Set: 357038.95
2025-02-10 23:24 | INFO | Query 16 Active Learning Instance Cost: 18003762.11
2025-02-10 23:24 | INFO | Timeout limit is increased to 3600
2025-02-10 23:25 | INFO | Query 17 Size of the uncertainty table is = 62948/169260
2025-02-10 23:25 | INFO | Query 17 Size of the filtered table is = 1693
2025-02-10 23:26 | INFO | Training Time Active Learning Classifier: 40.04 seconds
2025-02-10 23:26 | INFO | Training Time Active Learning Regressor: 3.91 seconds
2025-02-10 23:29 | INFO | Query 17 Active Learning Runtime on Validation Set: 968798.72
2025-02-10 23:29 | INFO | Query 17 Active Learning Runtime on Test Set: 392010.59
2025-02-10 23:29 | INFO | Query 17 Active Learning Instance Cost: 18883431.99
2025-02-10 23:31 | INFO | Query 18 Size of the uncertainty table is = 57444/169260
2025-02-10 23:31 | INFO | Query 18 Size of the filtered table is = 1693
2025-02-10 23:32 | INFO | Training Time Active Learning Classifier: 41.5 seconds
2025-02-10 23:32 | INFO | Training Time Active Learning Regressor: 4.02 seconds
2025-02-10 23:35 | INFO | Query 18 Active Learning Runtime on Validation Set: 936782.1599999999
2025-02-10 23:35 | INFO | Query 18 Active Learning Runtime on Test Set: 323079.71
2025-02-10 23:35 | INFO | Query 18 Active Learning Instance Cost: 19782983.27
2025-02-10 23:37 | INFO | Query 19 Size of the uncertainty table is = 50047/169260
2025-02-10 23:37 | INFO | Query 19 Size of the filtered table is = 1693
2025-02-10 23:37 | INFO | Training Time Active Learning Classifier: 41.85 seconds
2025-02-10 23:38 | INFO | Training Time Active Learning Regressor: 4.12 seconds
2025-02-10 23:41 | INFO | Query 19 Active Learning Runtime on Validation Set: 826957.3
2025-02-10 23:41 | INFO | Query 19 Active Learning Runtime on Test Set: 285817.33
2025-02-10 23:41 | INFO | Query 19 Active Learning Instance Cost: 20058962.75
2025-02-10 23:42 | INFO | Query 20 Size of the uncertainty table is = 45568/169260
2025-02-10 23:42 | INFO | Query 20 Size of the filtered table is = 1693
2025-02-10 23:43 | INFO | Training Time Active Learning Classifier: 43.24 seconds
2025-02-10 23:43 | INFO | Training Time Active Learning Regressor: 4.66 seconds
2025-02-10 23:46 | INFO | Query 20 Active Learning Runtime on Validation Set: 865312.99
2025-02-10 23:46 | INFO | Query 20 Active Learning Runtime on Test Set: 285195.52
2025-02-10 23:46 | INFO | Query 20 Active Learning Instance Cost: 20934962.55
2025-02-10 23:46 | INFO | Timeout limit is increased to 3600
2025-02-10 23:48 | INFO | Query 21 Size of the uncertainty table is = 36994/169260
2025-02-10 23:48 | INFO | Query 21 Size of the filtered table is = 1693
2025-02-10 23:49 | INFO | Training Time Active Learning Classifier: 44.61 seconds
2025-02-10 23:49 | INFO | Training Time Active Learning Regressor: 4.32 seconds
2025-02-10 23:52 | INFO | Query 21 Active Learning Runtime on Validation Set: 901539.81
2025-02-10 23:52 | INFO | Query 21 Active Learning Runtime on Test Set: 287305.36
2025-02-10 23:52 | INFO | Query 21 Active Learning Instance Cost: 21438813.17
2025-02-10 23:52 | INFO | Timeout limit is increased to 3600
2025-02-10 23:53 | INFO | Query 22 Size of the uncertainty table is = 31377/169260
2025-02-10 23:53 | INFO | Query 22 Size of the filtered table is = 1693
2025-02-10 23:54 | INFO | Training Time Active Learning Classifier: 46.42 seconds
2025-02-10 23:54 | INFO | Training Time Active Learning Regressor: 4.45 seconds
2025-02-10 23:57 | INFO | Query 22 Active Learning Runtime on Validation Set: 864081.8700000001
2025-02-10 23:57 | INFO | Query 22 Active Learning Runtime on Test Set: 250110.81
2025-02-10 23:57 | INFO | Query 22 Active Learning Instance Cost: 22334834.92
2025-02-10 23:58 | INFO | Query 23 Size of the uncertainty table is = 22167/169260
2025-02-10 23:58 | INFO | Query 23 Size of the filtered table is = 1693
2025-02-10 23:59 | INFO | Training Time Active Learning Classifier: 47.39 seconds
2025-02-10 23:59 | INFO | Training Time Active Learning Regressor: 4.58 seconds
2025-02-11 00:02 | INFO | Query 23 Active Learning Runtime on Validation Set: 899272.3600000001
2025-02-11 00:02 | INFO | Query 23 Active Learning Runtime on Test Set: 250056.98
2025-02-11 00:02 | INFO | Query 23 Active Learning Instance Cost: 23019408.14
2025-02-11 00:02 | INFO | Timeout limit is increased to 3600
2025-02-11 00:03 | INFO | Query 24 Size of the uncertainty table is = 16005/169260
2025-02-11 00:03 | INFO | Query 24 Size of the filtered table is = 1693
2025-02-11 00:04 | INFO | Training Time Active Learning Classifier: 48.58 seconds
2025-02-11 00:04 | INFO | Training Time Active Learning Regressor: 4.73 seconds
2025-02-11 00:08 | INFO | Query 24 Active Learning Runtime on Validation Set: 1077021.01
2025-02-11 00:08 | INFO | Query 24 Active Learning Runtime on Test Set: 250115.29
2025-02-11 00:08 | INFO | Query 24 Active Learning Instance Cost: 23669176.02
2025-02-11 00:08 | INFO | Timeout limit is increased to 3600
2025-02-11 00:08 | INFO | Query 25 Size of the uncertainty table is = 9529/169260
2025-02-11 00:08 | INFO | Query 25 Size of the filtered table is = 1693
2025-02-11 00:09 | INFO | Training Time Active Learning Classifier: 49.66 seconds
2025-02-11 00:09 | INFO | Training Time Active Learning Regressor: 4.86 seconds
2025-02-11 00:12 | INFO | Query 25 Active Learning Runtime on Validation Set: 1149594.23
2025-02-11 00:12 | INFO | Query 25 Active Learning Runtime on Test Set: 215032.02
2025-02-11 00:12 | INFO | Query 25 Active Learning Instance Cost: 24234014.11
2025-02-11 00:12 | INFO | Timeout limit is increased to 3600
2025-02-11 00:13 | INFO | Query 26 Size of the uncertainty table is = 2772/169260
2025-02-11 00:13 | INFO | Query 26 Size of the filtered table is = 1693
2025-02-11 00:14 | INFO | Training Time Active Learning Classifier: 50.22 seconds
2025-02-11 00:14 | INFO | Training Time Active Learning Regressor: 4.87 seconds
2025-02-11 00:17 | INFO | Query 26 Active Learning Runtime on Validation Set: 1006042.47
2025-02-11 00:17 | INFO | Query 26 Active Learning Runtime on Test Set: 250960.18
2025-02-11 00:17 | INFO | Query 26 Active Learning Instance Cost: 24317818.92
2025-02-11 00:17 | INFO | Active Learning Emissions: 0.10604743109987398
2025-02-11 00:17 | INFO | Active Learning Energy Consumption: 0.11538231302583656 kWh
2025-02-11 00:17 | INFO | runtime_test_score is written as json file
2025-02-11 00:17 | INFO | runtime_validation_score is written as json file
2025-02-11 00:17 | INFO | instance_cost is written as json file
2025-02-11 00:17 | INFO | Experiment is finished
