2025-02-11 02:36 | INFO | Paramaters are: {'dataset': 'BNSL-2016', 'penalty': 10, 'weight': 'No_Weight', 'voting': 'Hard', 'pre_selection_size': 64, 'pre_selection_technique': 'No_pre_selection', 'feature_elimination_threshold': 20, 'imputer_strategy': 'median', 'feature_selection_technique': 'No_feature_selection', 'feature_scaling_technique': 'StandardScaler', 'initial_train_size': 20, 'query_size': 1, 'timeout_predictor_usage': 'No', 'pareto_features': {'PredDiff': 'max', 'PredCost': 'min'}, 'timeout_limit': 100, 'timeout_increase_rate': 100, 'penalty_type': 'Only-timeout-penalty', 'RANDOM_STATE_SEED': 42, 'n_splits': 10, 'split_number': 1, 'max_timeout': 3600, 'param_grid': {'n_estimators': 100, 'max_features': 'sqrt', 'max_depth': 2147483648, 'min_samples_split': 2, 'bootstrap': True}}
2025-02-11 02:36 | INFO | BNSL-2016 is current dataset
2025-02-11 02:36 | INFO | DATASETS/BNSL-2016/algorithm_runs.arff is found
2025-02-11 02:36 | INFO | DATASETS/BNSL-2016/algorithm_runs.arff is finished
2025-02-11 02:36 | INFO | DATASETS/BNSL-2016/feature_values.arff is found
2025-02-11 02:36 | INFO | DATASETS/BNSL-2016/feature_values.arff is finished
2025-02-11 02:36 | INFO | DATASETS/BNSL-2016/feature_costs.arff is found
2025-02-11 02:36 | INFO | DATASETS/BNSL-2016/feature_costs.arff is finished
2025-02-11 02:36 | INFO | Virtual best solver time in train = 204057.43
2025-02-11 02:36 | INFO | Single best solver list train = {'astar-comp': 10595477.88, 'astar-ec': 16686690.68, 'astar-ed3': 17800819.47, 'cpbayes': 8199168.72, 'ilp-141': 3993534.86, 'ilp-141-nc': 3994801.11, 'ilp-162': 3978396.12, 'ilp-162-nc': 4160790.51}
2025-02-11 02:36 | INFO | Single best solver time train = ilp-162 (3978396.12)
2025-02-11 02:36 | INFO | Virtual best solver time in validation = 49377.64
2025-02-11 02:36 | INFO | Single best solver list validation = {'astar-comp': 2936055.29, 'astar-ec': 4866330.71, 'astar-ed3': 5083473.01, 'cpbayes': 1467924.45, 'ilp-141': 855680.16, 'ilp-141-nc': 894856.89, 'ilp-162': 1152413.85, 'ilp-162-nc': 1124519.98}
2025-02-11 02:36 | INFO | Single best solver time validation = ilp-141 (855680.16)
2025-02-11 02:36 | INFO | Virtual best solver time in test = 24148.49
2025-02-11 02:36 | INFO | Single best solver list test = {'astar-comp': 1458075.53, 'astar-ec': 2321705.49, 'astar-ed3': 2468331.85, 'cpbayes': 906758.37, 'ilp-141': 633918.84, 'ilp-141-nc': 670300.43, 'ilp-162': 643051.46, 'ilp-162-nc': 615922.39}
2025-02-11 02:36 | INFO | Single best solver time test = ilp-162-nc (615922.39)
2025-02-11 02:36 | INFO | Training Time Passive Learning Classifier: 6.12 seconds
2025-02-11 02:36 | INFO | Training Time Passive Learning Regressor: 2.65 seconds
2025-02-11 02:37 | INFO | Passive Learning Classifier Runtime on Validation Set: 411876.9
2025-02-11 02:37 | INFO | Passive Learning Classifier Runtime on Test Set: 146440.31
2025-02-11 02:37 | INFO | Passive Learning Instance Cost: 8432879.35
2025-02-11 02:37 | INFO | Passive Learning Emissions: 0.0004045641487455679
2025-02-11 02:37 | INFO | Passive Learning Energy Consumption: 0.00044017612464021007 kWh
2025-02-11 02:37 | INFO | Training Time Active Learning Classifier: 1.64 seconds
2025-02-11 02:37 | INFO | Training Time Active Learning Regressor: 0.37 seconds
2025-02-11 02:37 | INFO | Initial Active Learning Runtime on Validation Set: 680753.9
2025-02-11 02:37 | INFO | Initial Active Learning Runtime on Test Set: 369859.77
2025-02-11 02:37 | INFO | Initial Active Learning Instance Cost: 10673.91
2025-02-11 02:37 | INFO | Bin size = 232
2025-02-11 02:38 | INFO | Query 1 Size of the uncertainty table is = 23433/23184
2025-02-11 02:38 | INFO | Query 1 Size of the filtered table is = 232
2025-02-11 02:38 | INFO | Training Time Active Learning Classifier: 1.56 seconds
2025-02-11 02:38 | INFO | Training Time Active Learning Regressor: 0.44 seconds
2025-02-11 02:38 | INFO | Query 1 Active Learning Runtime on Validation Set: 711042.49
2025-02-11 02:38 | INFO | Query 1 Active Learning Runtime on Test Set: 438546.84
2025-02-11 02:38 | INFO | Query 1 Active Learning Instance Cost: 20428.44
2025-02-11 02:38 | INFO | Timeout limit is increased to 200
2025-02-11 02:38 | INFO | Query 2 Size of the uncertainty table is = 22875/23184
2025-02-11 02:38 | INFO | Query 2 Size of the filtered table is = 232
2025-02-11 02:38 | INFO | Training Time Active Learning Classifier: 1.62 seconds
2025-02-11 02:38 | INFO | Training Time Active Learning Regressor: 0.51 seconds
2025-02-11 02:39 | INFO | Query 2 Active Learning Runtime on Validation Set: 613723.95
2025-02-11 02:39 | INFO | Query 2 Active Learning Runtime on Test Set: 467234.31
2025-02-11 02:39 | INFO | Query 2 Active Learning Instance Cost: 34558.48
2025-02-11 02:39 | INFO | Query 3 Size of the uncertainty table is = 22392/23184
2025-02-11 02:39 | INFO | Query 3 Size of the filtered table is = 232
2025-02-11 02:39 | INFO | Training Time Active Learning Classifier: 1.7 seconds
2025-02-11 02:39 | INFO | Training Time Active Learning Regressor: 0.67 seconds
2025-02-11 02:39 | INFO | Query 3 Active Learning Runtime on Validation Set: 437760.89
2025-02-11 02:39 | INFO | Query 3 Active Learning Runtime on Test Set: 466717.1
2025-02-11 02:39 | INFO | Query 3 Active Learning Instance Cost: 41866.73
2025-02-11 02:39 | INFO | Query 4 Size of the uncertainty table is = 21789/23184
2025-02-11 02:39 | INFO | Query 4 Size of the filtered table is = 232
2025-02-11 02:39 | INFO | Training Time Active Learning Classifier: 1.88 seconds
2025-02-11 02:39 | INFO | Training Time Active Learning Regressor: 0.63 seconds
2025-02-11 02:40 | INFO | Query 4 Active Learning Runtime on Validation Set: 974675.06
2025-02-11 02:40 | INFO | Query 4 Active Learning Runtime on Test Set: 469765.76
2025-02-11 02:40 | INFO | Query 4 Active Learning Instance Cost: 53200.14
2025-02-11 02:40 | INFO | Timeout limit is increased to 300
2025-02-11 02:40 | INFO | Query 5 Size of the uncertainty table is = 21175/23184
2025-02-11 02:40 | INFO | Query 5 Size of the filtered table is = 232
2025-02-11 02:40 | INFO | Training Time Active Learning Classifier: 1.9 seconds
2025-02-11 02:40 | INFO | Training Time Active Learning Regressor: 0.71 seconds
2025-02-11 02:40 | INFO | Query 5 Active Learning Runtime on Validation Set: 726671.37
2025-02-11 02:40 | INFO | Query 5 Active Learning Runtime on Test Set: 437443.84
2025-02-11 02:40 | INFO | Query 5 Active Learning Instance Cost: 72220.85
2025-02-11 02:41 | INFO | Query 6 Size of the uncertainty table is = 20589/23184
2025-02-11 02:41 | INFO | Query 6 Size of the filtered table is = 232
2025-02-11 02:41 | INFO | Training Time Active Learning Classifier: 2.02 seconds
2025-02-11 02:41 | INFO | Training Time Active Learning Regressor: 0.79 seconds
2025-02-11 02:41 | INFO | Query 6 Active Learning Runtime on Validation Set: 761287.77
2025-02-11 02:41 | INFO | Query 6 Active Learning Runtime on Test Set: 469963.63
2025-02-11 02:41 | INFO | Query 6 Active Learning Instance Cost: 93086.67
2025-02-11 02:41 | INFO | Timeout limit is increased to 400
2025-02-11 02:41 | INFO | Query 7 Size of the uncertainty table is = 20033/23184
2025-02-11 02:41 | INFO | Query 7 Size of the filtered table is = 232
2025-02-11 02:41 | INFO | Training Time Active Learning Classifier: 2.12 seconds
2025-02-11 02:41 | INFO | Training Time Active Learning Regressor: 0.86 seconds
2025-02-11 02:42 | INFO | Query 7 Active Learning Runtime on Validation Set: 718646.73
2025-02-11 02:42 | INFO | Query 7 Active Learning Runtime on Test Set: 431004.51
2025-02-11 02:42 | INFO | Query 7 Active Learning Instance Cost: 118861.61
2025-02-11 02:42 | INFO | Query 8 Size of the uncertainty table is = 19469/23184
2025-02-11 02:42 | INFO | Query 8 Size of the filtered table is = 232
2025-02-11 02:42 | INFO | Training Time Active Learning Classifier: 2.24 seconds
2025-02-11 02:42 | INFO | Training Time Active Learning Regressor: 0.91 seconds
2025-02-11 02:42 | INFO | Query 8 Active Learning Runtime on Validation Set: 972419.2
2025-02-11 02:42 | INFO | Query 8 Active Learning Runtime on Test Set: 466683.19
2025-02-11 02:42 | INFO | Query 8 Active Learning Instance Cost: 139790.49
2025-02-11 02:42 | INFO | Timeout limit is increased to 500
2025-02-11 02:43 | INFO | Query 9 Size of the uncertainty table is = 18904/23184
2025-02-11 02:43 | INFO | Query 9 Size of the filtered table is = 232
2025-02-11 02:43 | INFO | Training Time Active Learning Classifier: 2.37 seconds
2025-02-11 02:43 | INFO | Training Time Active Learning Regressor: 1.01 seconds
2025-02-11 02:43 | INFO | Query 9 Active Learning Runtime on Validation Set: 937270.88
2025-02-11 02:43 | INFO | Query 9 Active Learning Runtime on Test Set: 498435.84
2025-02-11 02:43 | INFO | Query 9 Active Learning Instance Cost: 174776.73
2025-02-11 02:43 | INFO | Query 10 Size of the uncertainty table is = 18259/23184
2025-02-11 02:43 | INFO | Query 10 Size of the filtered table is = 232
2025-02-11 02:43 | INFO | Training Time Active Learning Classifier: 2.53 seconds
2025-02-11 02:43 | INFO | Training Time Active Learning Regressor: 1.06 seconds
2025-02-11 02:44 | INFO | Query 10 Active Learning Runtime on Validation Set: 1069176.77
2025-02-11 02:44 | INFO | Query 10 Active Learning Runtime on Test Set: 641128.99
2025-02-11 02:44 | INFO | Query 10 Active Learning Instance Cost: 204967.48
2025-02-11 02:44 | INFO | Timeout limit is increased to 600
2025-02-11 02:44 | INFO | Query 11 Size of the uncertainty table is = 17656/23184
2025-02-11 02:44 | INFO | Query 11 Size of the filtered table is = 232
2025-02-11 02:44 | INFO | Training Time Active Learning Classifier: 2.66 seconds
2025-02-11 02:44 | INFO | Training Time Active Learning Regressor: 1.14 seconds
2025-02-11 02:44 | INFO | Query 11 Active Learning Runtime on Validation Set: 1001078.33
2025-02-11 02:44 | INFO | Query 11 Active Learning Runtime on Test Set: 571377.46
2025-02-11 02:44 | INFO | Query 11 Active Learning Instance Cost: 253537.88
2025-02-11 02:45 | INFO | Query 12 Size of the uncertainty table is = 16979/23184
2025-02-11 02:45 | INFO | Query 12 Size of the filtered table is = 232
2025-02-11 02:45 | INFO | Training Time Active Learning Classifier: 2.82 seconds
2025-02-11 02:45 | INFO | Training Time Active Learning Regressor: 1.21 seconds
2025-02-11 02:45 | INFO | Query 12 Active Learning Runtime on Validation Set: 938824.9
2025-02-11 02:45 | INFO | Query 12 Active Learning Runtime on Test Set: 539443.19
2025-02-11 02:45 | INFO | Query 12 Active Learning Instance Cost: 294259.0
2025-02-11 02:45 | INFO | Query 13 Size of the uncertainty table is = 16335/23184
2025-02-11 02:45 | INFO | Query 13 Size of the filtered table is = 232
2025-02-11 02:45 | INFO | Training Time Active Learning Classifier: 2.95 seconds
2025-02-11 02:45 | INFO | Training Time Active Learning Regressor: 1.36 seconds
2025-02-11 02:46 | INFO | Query 13 Active Learning Runtime on Validation Set: 871268.97
2025-02-11 02:46 | INFO | Query 13 Active Learning Runtime on Test Set: 470657.25
2025-02-11 02:46 | INFO | Query 13 Active Learning Instance Cost: 339033.47
2025-02-11 02:46 | INFO | Query 14 Size of the uncertainty table is = 15764/23184
2025-02-11 02:46 | INFO | Query 14 Size of the filtered table is = 232
2025-02-11 02:46 | INFO | Training Time Active Learning Classifier: 3.07 seconds
2025-02-11 02:46 | INFO | Training Time Active Learning Regressor: 1.34 seconds
2025-02-11 02:47 | INFO | Query 14 Active Learning Runtime on Validation Set: 440029.73
2025-02-11 02:47 | INFO | Query 14 Active Learning Runtime on Test Set: 393726.21
2025-02-11 02:47 | INFO | Query 14 Active Learning Instance Cost: 380735.93
2025-02-11 02:47 | INFO | Query 15 Size of the uncertainty table is = 15207/23184
2025-02-11 02:47 | INFO | Query 15 Size of the filtered table is = 232
2025-02-11 02:47 | INFO | Training Time Active Learning Classifier: 3.21 seconds
2025-02-11 02:47 | INFO | Training Time Active Learning Regressor: 1.39 seconds
2025-02-11 02:47 | INFO | Query 15 Active Learning Runtime on Validation Set: 525082.5
2025-02-11 02:47 | INFO | Query 15 Active Learning Runtime on Test Set: 327585.83
2025-02-11 02:47 | INFO | Query 15 Active Learning Instance Cost: 415508.61
2025-02-11 02:47 | INFO | Timeout limit is increased to 700
2025-02-11 02:47 | INFO | Query 16 Size of the uncertainty table is = 14662/23184
2025-02-11 02:47 | INFO | Query 16 Size of the filtered table is = 232
2025-02-11 02:48 | INFO | Training Time Active Learning Classifier: 3.34 seconds
2025-02-11 02:48 | INFO | Training Time Active Learning Regressor: 1.47 seconds
2025-02-11 02:48 | INFO | Query 16 Active Learning Runtime on Validation Set: 523292.1
2025-02-11 02:48 | INFO | Query 16 Active Learning Runtime on Test Set: 259258.71
2025-02-11 02:48 | INFO | Query 16 Active Learning Instance Cost: 468335.23
2025-02-11 02:48 | INFO | Query 17 Size of the uncertainty table is = 14066/23184
2025-02-11 02:48 | INFO | Query 17 Size of the filtered table is = 232
2025-02-11 02:48 | INFO | Training Time Active Learning Classifier: 3.47 seconds
2025-02-11 02:48 | INFO | Training Time Active Learning Regressor: 1.62 seconds
2025-02-11 02:49 | INFO | Query 17 Active Learning Runtime on Validation Set: 562859.02
2025-02-11 02:49 | INFO | Query 17 Active Learning Runtime on Test Set: 294540.57
2025-02-11 02:49 | INFO | Query 17 Active Learning Instance Cost: 527463.08
2025-02-11 02:49 | INFO | Timeout limit is increased to 800
2025-02-11 02:49 | INFO | Query 18 Size of the uncertainty table is = 13442/23184
2025-02-11 02:49 | INFO | Query 18 Size of the filtered table is = 232
2025-02-11 02:49 | INFO | Training Time Active Learning Classifier: 3.63 seconds
2025-02-11 02:49 | INFO | Training Time Active Learning Regressor: 1.61 seconds
2025-02-11 02:49 | INFO | Query 18 Active Learning Runtime on Validation Set: 414470.03
2025-02-11 02:49 | INFO | Query 18 Active Learning Runtime on Test Set: 292027.08
2025-02-11 02:49 | INFO | Query 18 Active Learning Instance Cost: 571618.02
2025-02-11 02:50 | INFO | Query 19 Size of the uncertainty table is = 12786/23184
2025-02-11 02:50 | INFO | Query 19 Size of the filtered table is = 232
2025-02-11 02:50 | INFO | Training Time Active Learning Classifier: 3.8 seconds
2025-02-11 02:50 | INFO | Training Time Active Learning Regressor: 1.86 seconds
2025-02-11 02:50 | INFO | Query 19 Active Learning Runtime on Validation Set: 449521.69
2025-02-11 02:50 | INFO | Query 19 Active Learning Runtime on Test Set: 319077.04
2025-02-11 02:50 | INFO | Query 19 Active Learning Instance Cost: 608226.99
2025-02-11 02:50 | INFO | Timeout limit is increased to 900
2025-02-11 02:50 | INFO | Query 20 Size of the uncertainty table is = 12123/23184
2025-02-11 02:50 | INFO | Query 20 Size of the filtered table is = 232
2025-02-11 02:50 | INFO | Training Time Active Learning Classifier: 3.95 seconds
2025-02-11 02:50 | INFO | Training Time Active Learning Regressor: 1.76 seconds
2025-02-11 02:51 | INFO | Query 20 Active Learning Runtime on Validation Set: 585810.76
2025-02-11 02:51 | INFO | Query 20 Active Learning Runtime on Test Set: 391835.09
2025-02-11 02:51 | INFO | Query 20 Active Learning Instance Cost: 674044.18
2025-02-11 02:51 | INFO | Timeout limit is increased to 1000
2025-02-11 02:51 | INFO | Query 21 Size of the uncertainty table is = 11552/23184
2025-02-11 02:51 | INFO | Query 21 Size of the filtered table is = 232
2025-02-11 02:51 | INFO | Training Time Active Learning Classifier: 4.12 seconds
2025-02-11 02:51 | INFO | Training Time Active Learning Regressor: 1.81 seconds
2025-02-11 02:52 | INFO | Query 21 Active Learning Runtime on Validation Set: 550074.8
2025-02-11 02:52 | INFO | Query 21 Active Learning Runtime on Test Set: 362720.92
2025-02-11 02:52 | INFO | Query 21 Active Learning Instance Cost: 738125.1
2025-02-11 02:52 | INFO | Query 22 Size of the uncertainty table is = 11034/23184
2025-02-11 02:52 | INFO | Query 22 Size of the filtered table is = 232
2025-02-11 02:52 | INFO | Training Time Active Learning Classifier: 4.26 seconds
2025-02-11 02:52 | INFO | Training Time Active Learning Regressor: 1.86 seconds
2025-02-11 02:52 | INFO | Query 22 Active Learning Runtime on Validation Set: 587769.98
2025-02-11 02:52 | INFO | Query 22 Active Learning Runtime on Test Set: 359354.07
2025-02-11 02:52 | INFO | Query 22 Active Learning Instance Cost: 812554.75
2025-02-11 02:52 | INFO | Timeout limit is increased to 1100
2025-02-11 02:52 | INFO | Query 23 Size of the uncertainty table is = 10469/23184
2025-02-11 02:52 | INFO | Query 23 Size of the filtered table is = 232
2025-02-11 02:53 | INFO | Training Time Active Learning Classifier: 4.41 seconds
2025-02-11 02:53 | INFO | Training Time Active Learning Regressor: 1.94 seconds
2025-02-11 02:53 | INFO | Query 23 Active Learning Runtime on Validation Set: 594486.84
2025-02-11 02:53 | INFO | Query 23 Active Learning Runtime on Test Set: 330375.77
2025-02-11 02:53 | INFO | Query 23 Active Learning Instance Cost: 898654.0
2025-02-11 02:53 | INFO | Timeout limit is increased to 1200
2025-02-11 02:53 | INFO | Query 24 Size of the uncertainty table is = 9872/23184
2025-02-11 02:53 | INFO | Query 24 Size of the filtered table is = 232
2025-02-11 02:53 | INFO | Training Time Active Learning Classifier: 4.63 seconds
2025-02-11 02:53 | INFO | Training Time Active Learning Regressor: 2.0 seconds
2025-02-11 02:54 | INFO | Query 24 Active Learning Runtime on Validation Set: 724633.82
2025-02-11 02:54 | INFO | Query 24 Active Learning Runtime on Test Set: 321889.1
2025-02-11 02:54 | INFO | Query 24 Active Learning Instance Cost: 989315.43
2025-02-11 02:54 | INFO | Timeout limit is increased to 1300
2025-02-11 02:54 | INFO | Query 25 Size of the uncertainty table is = 9270/23184
2025-02-11 02:54 | INFO | Query 25 Size of the filtered table is = 232
2025-02-11 02:54 | INFO | Training Time Active Learning Classifier: 4.7 seconds
2025-02-11 02:54 | INFO | Training Time Active Learning Regressor: 2.09 seconds
2025-02-11 02:54 | INFO | Query 25 Active Learning Runtime on Validation Set: 616560.72
2025-02-11 02:54 | INFO | Query 25 Active Learning Runtime on Test Set: 321340.3
2025-02-11 02:54 | INFO | Query 25 Active Learning Instance Cost: 1060202.55
2025-02-11 02:55 | INFO | Query 26 Size of the uncertainty table is = 8688/23184
2025-02-11 02:55 | INFO | Query 26 Size of the filtered table is = 232
2025-02-11 02:55 | INFO | Training Time Active Learning Classifier: 4.85 seconds
2025-02-11 02:55 | INFO | Training Time Active Learning Regressor: 2.13 seconds
2025-02-11 02:55 | INFO | Query 26 Active Learning Runtime on Validation Set: 543559.31
2025-02-11 02:55 | INFO | Query 26 Active Learning Runtime on Test Set: 286143.43
2025-02-11 02:55 | INFO | Query 26 Active Learning Instance Cost: 1174182.93
2025-02-11 02:55 | INFO | Query 27 Size of the uncertainty table is = 8147/23184
2025-02-11 02:55 | INFO | Query 27 Size of the filtered table is = 232
2025-02-11 02:55 | INFO | Training Time Active Learning Classifier: 5.07 seconds
2025-02-11 02:55 | INFO | Training Time Active Learning Regressor: 2.19 seconds
2025-02-11 02:56 | INFO | Query 27 Active Learning Runtime on Validation Set: 684133.78
2025-02-11 02:56 | INFO | Query 27 Active Learning Runtime on Test Set: 283525.3
2025-02-11 02:56 | INFO | Query 27 Active Learning Instance Cost: 1295885.04
2025-02-11 02:56 | INFO | Timeout limit is increased to 1400
2025-02-11 02:56 | INFO | Query 28 Size of the uncertainty table is = 7524/23184
2025-02-11 02:56 | INFO | Query 28 Size of the filtered table is = 232
2025-02-11 02:56 | INFO | Training Time Active Learning Classifier: 5.14 seconds
2025-02-11 02:56 | INFO | Training Time Active Learning Regressor: 2.29 seconds
2025-02-11 02:57 | INFO | Query 28 Active Learning Runtime on Validation Set: 618701.04
2025-02-11 02:57 | INFO | Query 28 Active Learning Runtime on Test Set: 250668.91
2025-02-11 02:57 | INFO | Query 28 Active Learning Instance Cost: 1426095.66
2025-02-11 02:57 | INFO | Query 29 Size of the uncertainty table is = 6946/23184
2025-02-11 02:57 | INFO | Query 29 Size of the filtered table is = 232
2025-02-11 02:57 | INFO | Training Time Active Learning Classifier: 5.28 seconds
2025-02-11 02:57 | INFO | Training Time Active Learning Regressor: 2.34 seconds
2025-02-11 02:57 | INFO | Query 29 Active Learning Runtime on Validation Set: 587810.05
2025-02-11 02:57 | INFO | Query 29 Active Learning Runtime on Test Set: 254055.68
2025-02-11 02:57 | INFO | Query 29 Active Learning Instance Cost: 1531523.69
2025-02-11 02:57 | INFO | Query 30 Size of the uncertainty table is = 6454/23184
2025-02-11 02:57 | INFO | Query 30 Size of the filtered table is = 232
2025-02-11 02:58 | INFO | Training Time Active Learning Classifier: 5.42 seconds
2025-02-11 02:58 | INFO | Training Time Active Learning Regressor: 2.5 seconds
2025-02-11 02:58 | INFO | Query 30 Active Learning Runtime on Validation Set: 518224.94
2025-02-11 02:58 | INFO | Query 30 Active Learning Runtime on Test Set: 223925.49
2025-02-11 02:58 | INFO | Query 30 Active Learning Instance Cost: 1670804.7
2025-02-11 02:58 | INFO | Query 31 Size of the uncertainty table is = 5932/23184
2025-02-11 02:58 | INFO | Query 31 Size of the filtered table is = 232
2025-02-11 02:58 | INFO | Training Time Active Learning Classifier: 5.47 seconds
2025-02-11 02:58 | INFO | Training Time Active Learning Regressor: 2.44 seconds
2025-02-11 02:59 | INFO | Query 31 Active Learning Runtime on Validation Set: 452118.74
2025-02-11 02:59 | INFO | Query 31 Active Learning Runtime on Test Set: 187343.36
2025-02-11 02:59 | INFO | Query 31 Active Learning Instance Cost: 1809471.95
2025-02-11 02:59 | INFO | Query 32 Size of the uncertainty table is = 5539/23184
2025-02-11 02:59 | INFO | Query 32 Size of the filtered table is = 232
2025-02-11 02:59 | INFO | Training Time Active Learning Classifier: 5.59 seconds
2025-02-11 02:59 | INFO | Training Time Active Learning Regressor: 2.49 seconds
2025-02-11 02:59 | INFO | Query 32 Active Learning Runtime on Validation Set: 386559.85
2025-02-11 02:59 | INFO | Query 32 Active Learning Runtime on Test Set: 222522.91
2025-02-11 02:59 | INFO | Query 32 Active Learning Instance Cost: 1972461.76
2025-02-11 03:00 | INFO | Query 33 Size of the uncertainty table is = 5148/23184
2025-02-11 03:00 | INFO | Query 33 Size of the filtered table is = 232
2025-02-11 03:00 | INFO | Training Time Active Learning Classifier: 5.68 seconds
2025-02-11 03:00 | INFO | Training Time Active Learning Regressor: 2.55 seconds
2025-02-11 03:00 | INFO | Query 33 Active Learning Runtime on Validation Set: 482891.39
2025-02-11 03:00 | INFO | Query 33 Active Learning Runtime on Test Set: 151569.25
2025-02-11 03:00 | INFO | Query 33 Active Learning Instance Cost: 2148783.09
2025-02-11 03:00 | INFO | Timeout limit is increased to 1500
2025-02-11 03:00 | INFO | Query 34 Size of the uncertainty table is = 4806/23184
2025-02-11 03:00 | INFO | Query 34 Size of the filtered table is = 232
2025-02-11 03:00 | INFO | Training Time Active Learning Classifier: 5.79 seconds
2025-02-11 03:00 | INFO | Training Time Active Learning Regressor: 2.58 seconds
2025-02-11 03:01 | INFO | Query 34 Active Learning Runtime on Validation Set: 450774.38
2025-02-11 03:01 | INFO | Query 34 Active Learning Runtime on Test Set: 153871.85
2025-02-11 03:01 | INFO | Query 34 Active Learning Instance Cost: 2317047.12
2025-02-11 03:01 | INFO | Query 35 Size of the uncertainty table is = 4501/23184
2025-02-11 03:01 | INFO | Query 35 Size of the filtered table is = 232
2025-02-11 03:01 | INFO | Training Time Active Learning Classifier: 5.86 seconds
2025-02-11 03:01 | INFO | Training Time Active Learning Regressor: 2.6 seconds
2025-02-11 03:02 | INFO | Query 35 Active Learning Runtime on Validation Set: 380499.81
2025-02-11 03:02 | INFO | Query 35 Active Learning Runtime on Test Set: 151883.23
2025-02-11 03:02 | INFO | Query 35 Active Learning Instance Cost: 2531353.33
2025-02-11 03:02 | INFO | Query 36 Size of the uncertainty table is = 4271/23184
2025-02-11 03:02 | INFO | Query 36 Size of the filtered table is = 232
2025-02-11 03:02 | INFO | Training Time Active Learning Classifier: 5.93 seconds
2025-02-11 03:02 | INFO | Training Time Active Learning Regressor: 2.64 seconds
2025-02-11 03:02 | INFO | Query 36 Active Learning Runtime on Validation Set: 414002.66
2025-02-11 03:02 | INFO | Query 36 Active Learning Runtime on Test Set: 151873.75
2025-02-11 03:02 | INFO | Query 36 Active Learning Instance Cost: 2737956.93
2025-02-11 03:02 | INFO | Timeout limit is increased to 1600
2025-02-11 03:02 | INFO | Query 37 Size of the uncertainty table is = 4098/23184
2025-02-11 03:02 | INFO | Query 37 Size of the filtered table is = 232
2025-02-11 03:02 | INFO | Training Time Active Learning Classifier: 5.94 seconds
2025-02-11 03:02 | INFO | Training Time Active Learning Regressor: 2.65 seconds
2025-02-11 03:03 | INFO | Query 37 Active Learning Runtime on Validation Set: 378594.09
2025-02-11 03:03 | INFO | Query 37 Active Learning Runtime on Test Set: 116664.83
2025-02-11 03:03 | INFO | Query 37 Active Learning Instance Cost: 2864195.25
2025-02-11 03:03 | INFO | Query 38 Size of the uncertainty table is = 4046/23184
2025-02-11 03:03 | INFO | Query 38 Size of the filtered table is = 232
2025-02-11 03:03 | INFO | Training Time Active Learning Classifier: 5.95 seconds
2025-02-11 03:03 | INFO | Training Time Active Learning Regressor: 2.65 seconds
2025-02-11 03:04 | INFO | Query 38 Active Learning Runtime on Validation Set: 385674.01
2025-02-11 03:04 | INFO | Query 38 Active Learning Runtime on Test Set: 116867.65
2025-02-11 03:04 | INFO | Query 38 Active Learning Instance Cost: 2948743.0
2025-02-11 03:04 | INFO | Timeout limit is increased to 1700
2025-02-11 03:04 | INFO | Query 39 Size of the uncertainty table is = 3970/23184
2025-02-11 03:04 | INFO | Query 39 Size of the filtered table is = 232
2025-02-11 03:04 | INFO | Training Time Active Learning Classifier: 5.96 seconds
2025-02-11 03:04 | INFO | Training Time Active Learning Regressor: 2.66 seconds
2025-02-11 03:04 | INFO | Query 39 Active Learning Runtime on Validation Set: 380101.09
2025-02-11 03:04 | INFO | Query 39 Active Learning Runtime on Test Set: 116643.66
2025-02-11 03:04 | INFO | Query 39 Active Learning Instance Cost: 3002545.68
2025-02-11 03:04 | INFO | Query 40 Size of the uncertainty table is = 3939/23184
2025-02-11 03:04 | INFO | Query 40 Size of the filtered table is = 232
2025-02-11 03:05 | INFO | Training Time Active Learning Classifier: 5.97 seconds
2025-02-11 03:05 | INFO | Training Time Active Learning Regressor: 2.67 seconds
2025-02-11 03:05 | INFO | Query 40 Active Learning Runtime on Validation Set: 350718.57
2025-02-11 03:05 | INFO | Query 40 Active Learning Runtime on Test Set: 116765.87
2025-02-11 03:05 | INFO | Query 40 Active Learning Instance Cost: 3063193.61
2025-02-11 03:05 | INFO | Query 41 Size of the uncertainty table is = 3877/23184
2025-02-11 03:05 | INFO | Query 41 Size of the filtered table is = 232
2025-02-11 03:05 | INFO | Training Time Active Learning Classifier: 5.96 seconds
2025-02-11 03:05 | INFO | Training Time Active Learning Regressor: 2.68 seconds
2025-02-11 03:06 | INFO | Query 41 Active Learning Runtime on Validation Set: 350718.57
2025-02-11 03:06 | INFO | Query 41 Active Learning Runtime on Test Set: 116753.81
2025-02-11 03:06 | INFO | Query 41 Active Learning Instance Cost: 3077548.97
2025-02-11 03:06 | INFO | Timeout limit is increased to 1800
2025-02-11 03:06 | INFO | Query 42 Size of the uncertainty table is = 3874/23184
2025-02-11 03:06 | INFO | Query 42 Size of the filtered table is = 232
2025-02-11 03:06 | INFO | Training Time Active Learning Classifier: 5.96 seconds
2025-02-11 03:06 | INFO | Training Time Active Learning Regressor: 2.66 seconds
2025-02-11 03:06 | INFO | Query 42 Active Learning Runtime on Validation Set: 354038.69
2025-02-11 03:06 | INFO | Query 42 Active Learning Runtime on Test Set: 151850.9
2025-02-11 03:06 | INFO | Query 42 Active Learning Instance Cost: 3115169.58
2025-02-11 03:06 | INFO | Timeout limit is increased to 1900
2025-02-11 03:06 | INFO | Query 43 Size of the uncertainty table is = 3855/23184
2025-02-11 03:06 | INFO | Query 43 Size of the filtered table is = 232
2025-02-11 03:07 | INFO | Training Time Active Learning Classifier: 6.1 seconds
2025-02-11 03:07 | INFO | Training Time Active Learning Regressor: 2.65 seconds
2025-02-11 03:07 | INFO | Query 43 Active Learning Runtime on Validation Set: 449975.02
2025-02-11 03:07 | INFO | Query 43 Active Learning Runtime on Test Set: 151957.83
2025-02-11 03:07 | INFO | Query 43 Active Learning Instance Cost: 3174700.31
2025-02-11 03:07 | INFO | Timeout limit is increased to 2000
2025-02-11 03:07 | INFO | Query 44 Size of the uncertainty table is = 3793/23184
2025-02-11 03:07 | INFO | Query 44 Size of the filtered table is = 232
2025-02-11 03:07 | INFO | Training Time Active Learning Classifier: 6.02 seconds
2025-02-11 03:07 | INFO | Training Time Active Learning Regressor: 2.69 seconds
2025-02-11 03:08 | INFO | Query 44 Active Learning Runtime on Validation Set: 380471.49
2025-02-11 03:08 | INFO | Query 44 Active Learning Runtime on Test Set: 151918.92
2025-02-11 03:08 | INFO | Query 44 Active Learning Instance Cost: 3229161.79
2025-02-11 03:08 | INFO | Query 45 Size of the uncertainty table is = 3744/23184
2025-02-11 03:08 | INFO | Query 45 Size of the filtered table is = 232
2025-02-11 03:08 | INFO | Training Time Active Learning Classifier: 6.06 seconds
2025-02-11 03:08 | INFO | Training Time Active Learning Regressor: 2.71 seconds
2025-02-11 03:08 | INFO | Query 45 Active Learning Runtime on Validation Set: 386211.09
2025-02-11 03:08 | INFO | Query 45 Active Learning Runtime on Test Set: 152076.15
2025-02-11 03:08 | INFO | Query 45 Active Learning Instance Cost: 3273701.75
2025-02-11 03:08 | INFO | Timeout limit is increased to 2100
2025-02-11 03:09 | INFO | Query 46 Size of the uncertainty table is = 3696/23184
2025-02-11 03:09 | INFO | Query 46 Size of the filtered table is = 232
2025-02-11 03:09 | INFO | Training Time Active Learning Classifier: 6.03 seconds
2025-02-11 03:09 | INFO | Training Time Active Learning Regressor: 2.71 seconds
2025-02-11 03:09 | INFO | Query 46 Active Learning Runtime on Validation Set: 382925.9
2025-02-11 03:09 | INFO | Query 46 Active Learning Runtime on Test Set: 146136.82
2025-02-11 03:09 | INFO | Query 46 Active Learning Instance Cost: 3303448.58
2025-02-11 03:09 | INFO | Query 47 Size of the uncertainty table is = 3675/23184
2025-02-11 03:09 | INFO | Query 47 Size of the filtered table is = 232
2025-02-11 03:09 | INFO | Training Time Active Learning Classifier: 6.1 seconds
2025-02-11 03:09 | INFO | Training Time Active Learning Regressor: 2.71 seconds
2025-02-11 03:10 | INFO | Query 47 Active Learning Runtime on Validation Set: 418584.7
2025-02-11 03:10 | INFO | Query 47 Active Learning Runtime on Test Set: 151727.7
2025-02-11 03:10 | INFO | Query 47 Active Learning Instance Cost: 3350258.9
2025-02-11 03:10 | INFO | Timeout limit is increased to 2200
2025-02-11 03:10 | INFO | Query 48 Size of the uncertainty table is = 3647/23184
2025-02-11 03:10 | INFO | Query 48 Size of the filtered table is = 232
2025-02-11 03:10 | INFO | Training Time Active Learning Classifier: 6.05 seconds
2025-02-11 03:10 | INFO | Training Time Active Learning Regressor: 2.71 seconds
2025-02-11 03:11 | INFO | Query 48 Active Learning Runtime on Validation Set: 381143.14
2025-02-11 03:11 | INFO | Query 48 Active Learning Runtime on Test Set: 152336.74
2025-02-11 03:11 | INFO | Query 48 Active Learning Instance Cost: 3371500.66
2025-02-11 03:11 | INFO | Query 49 Size of the uncertainty table is = 3634/23184
2025-02-11 03:11 | INFO | Query 49 Size of the filtered table is = 232
2025-02-11 03:11 | INFO | Training Time Active Learning Classifier: 6.05 seconds
2025-02-11 03:11 | INFO | Training Time Active Learning Regressor: 2.72 seconds
2025-02-11 03:11 | INFO | Query 49 Active Learning Runtime on Validation Set: 389408.44
2025-02-11 03:11 | INFO | Query 49 Active Learning Runtime on Test Set: 152308.72
2025-02-11 03:11 | INFO | Query 49 Active Learning Instance Cost: 3395646.08
2025-02-11 03:11 | INFO | Timeout limit is increased to 2300
2025-02-11 03:11 | INFO | Query 50 Size of the uncertainty table is = 3609/23184
2025-02-11 03:11 | INFO | Query 50 Size of the filtered table is = 232
2025-02-11 03:11 | INFO | Training Time Active Learning Classifier: 6.08 seconds
2025-02-11 03:11 | INFO | Training Time Active Learning Regressor: 2.71 seconds
2025-02-11 03:12 | INFO | Query 50 Active Learning Runtime on Validation Set: 389215.54
2025-02-11 03:12 | INFO | Query 50 Active Learning Runtime on Test Set: 152308.72
2025-02-11 03:12 | INFO | Query 50 Active Learning Instance Cost: 3426200.64
2025-02-11 03:12 | INFO | Query 51 Size of the uncertainty table is = 3597/23184
2025-02-11 03:12 | INFO | Query 51 Size of the filtered table is = 232
2025-02-11 03:12 | INFO | Training Time Active Learning Classifier: 6.07 seconds
2025-02-11 03:12 | INFO | Training Time Active Learning Regressor: 2.73 seconds
2025-02-11 03:13 | INFO | Query 51 Active Learning Runtime on Validation Set: 489153.79
2025-02-11 03:13 | INFO | Query 51 Active Learning Runtime on Test Set: 152418.16
2025-02-11 03:13 | INFO | Query 51 Active Learning Instance Cost: 3454792.23
2025-02-11 03:13 | INFO | Timeout limit is increased to 2400
2025-02-11 03:13 | INFO | Query 52 Size of the uncertainty table is = 3588/23184
2025-02-11 03:13 | INFO | Query 52 Size of the filtered table is = 232
2025-02-11 03:13 | INFO | Training Time Active Learning Classifier: 6.09 seconds
2025-02-11 03:13 | INFO | Training Time Active Learning Regressor: 2.73 seconds
2025-02-11 03:13 | INFO | Query 52 Active Learning Runtime on Validation Set: 453500.92
2025-02-11 03:13 | INFO | Query 52 Active Learning Runtime on Test Set: 152209.28
2025-02-11 03:13 | INFO | Query 52 Active Learning Instance Cost: 3492652.75
2025-02-11 03:13 | INFO | Query 53 Size of the uncertainty table is = 3565/23184
2025-02-11 03:13 | INFO | Query 53 Size of the filtered table is = 232
2025-02-11 03:13 | INFO | Training Time Active Learning Classifier: 6.09 seconds
2025-02-11 03:14 | INFO | Training Time Active Learning Regressor: 2.74 seconds
2025-02-11 03:14 | INFO | Query 53 Active Learning Runtime on Validation Set: 426623.67
2025-02-11 03:14 | INFO | Query 53 Active Learning Runtime on Test Set: 116909.8
2025-02-11 03:14 | INFO | Query 53 Active Learning Instance Cost: 3547320.26
2025-02-11 03:14 | INFO | Query 54 Size of the uncertainty table is = 3521/23184
2025-02-11 03:14 | INFO | Query 54 Size of the filtered table is = 232
2025-02-11 03:14 | INFO | Training Time Active Learning Classifier: 6.08 seconds
2025-02-11 03:14 | INFO | Training Time Active Learning Regressor: 2.73 seconds
2025-02-11 03:15 | INFO | Query 54 Active Learning Runtime on Validation Set: 426623.67
2025-02-11 03:15 | INFO | Query 54 Active Learning Runtime on Test Set: 116909.8
2025-02-11 03:15 | INFO | Query 54 Active Learning Instance Cost: 3556120.26
2025-02-11 03:15 | INFO | Timeout limit is increased to 2500
2025-02-11 03:15 | INFO | Query 55 Size of the uncertainty table is = 3521/23184
2025-02-11 03:15 | INFO | Query 55 Size of the filtered table is = 232
2025-02-11 03:15 | INFO | Training Time Active Learning Classifier: 6.12 seconds
2025-02-11 03:15 | INFO | Training Time Active Learning Regressor: 2.75 seconds
2025-02-11 03:15 | INFO | Query 55 Active Learning Runtime on Validation Set: 424702.66
2025-02-11 03:15 | INFO | Query 55 Active Learning Runtime on Test Set: 152237.67
2025-02-11 03:15 | INFO | Query 55 Active Learning Instance Cost: 3587580.43
2025-02-11 03:15 | INFO | Query 56 Size of the uncertainty table is = 3507/23184
2025-02-11 03:15 | INFO | Query 56 Size of the filtered table is = 232
2025-02-11 03:16 | INFO | Training Time Active Learning Classifier: 6.1 seconds
2025-02-11 03:16 | INFO | Training Time Active Learning Regressor: 2.73 seconds
2025-02-11 03:16 | INFO | Query 56 Active Learning Runtime on Validation Set: 377721.49
2025-02-11 03:16 | INFO | Query 56 Active Learning Runtime on Test Set: 151964.39
2025-02-11 03:16 | INFO | Query 56 Active Learning Instance Cost: 3618634.17
2025-02-11 03:16 | INFO | Query 57 Size of the uncertainty table is = 3480/23184
2025-02-11 03:16 | INFO | Query 57 Size of the filtered table is = 232
2025-02-11 03:16 | INFO | Training Time Active Learning Classifier: 6.08 seconds
2025-02-11 03:16 | INFO | Training Time Active Learning Regressor: 2.73 seconds
2025-02-11 03:17 | INFO | Query 57 Active Learning Runtime on Validation Set: 377721.49
2025-02-11 03:17 | INFO | Query 57 Active Learning Runtime on Test Set: 151964.39
2025-02-11 03:17 | INFO | Query 57 Active Learning Instance Cost: 3631334.17
2025-02-11 03:17 | INFO | Timeout limit is increased to 2600
2025-02-11 03:17 | INFO | Query 58 Size of the uncertainty table is = 3480/23184
2025-02-11 03:17 | INFO | Query 58 Size of the filtered table is = 232
2025-02-11 03:17 | INFO | Training Time Active Learning Classifier: 6.11 seconds
2025-02-11 03:17 | INFO | Training Time Active Learning Regressor: 2.75 seconds
2025-02-11 03:17 | INFO | Query 58 Active Learning Runtime on Validation Set: 375540.95
2025-02-11 03:17 | INFO | Query 58 Active Learning Runtime on Test Set: 151910.88
2025-02-11 03:17 | INFO | Query 58 Active Learning Instance Cost: 3666835.34
2025-02-11 03:17 | INFO | Query 59 Size of the uncertainty table is = 3467/23184
2025-02-11 03:17 | INFO | Query 59 Size of the filtered table is = 232
2025-02-11 03:18 | INFO | Training Time Active Learning Classifier: 6.09 seconds
2025-02-11 03:18 | INFO | Training Time Active Learning Regressor: 2.74 seconds
2025-02-11 03:18 | INFO | Query 59 Active Learning Runtime on Validation Set: 411673.46
2025-02-11 03:18 | INFO | Query 59 Active Learning Runtime on Test Set: 153798.37
2025-02-11 03:18 | INFO | Query 59 Active Learning Instance Cost: 3708584.77
2025-02-11 03:18 | INFO | Timeout limit is increased to 2700
2025-02-11 03:18 | INFO | Query 60 Size of the uncertainty table is = 3434/23184
2025-02-11 03:18 | INFO | Query 60 Size of the filtered table is = 232
2025-02-11 03:18 | INFO | Training Time Active Learning Classifier: 6.11 seconds
2025-02-11 03:18 | INFO | Training Time Active Learning Regressor: 2.75 seconds
2025-02-11 03:19 | INFO | Query 60 Active Learning Runtime on Validation Set: 377400.98
2025-02-11 03:19 | INFO | Query 60 Active Learning Runtime on Test Set: 151953.12
2025-02-11 03:19 | INFO | Query 60 Active Learning Instance Cost: 3735515.3
2025-02-11 03:19 | INFO | Query 61 Size of the uncertainty table is = 3403/23184
2025-02-11 03:19 | INFO | Query 61 Size of the filtered table is = 232
2025-02-11 03:19 | INFO | Training Time Active Learning Classifier: 6.1 seconds
2025-02-11 03:19 | INFO | Training Time Active Learning Regressor: 2.75 seconds
2025-02-11 03:19 | INFO | Query 61 Active Learning Runtime on Validation Set: 377627.59
2025-02-11 03:19 | INFO | Query 61 Active Learning Runtime on Test Set: 152019.82
2025-02-11 03:19 | INFO | Query 61 Active Learning Instance Cost: 3746217.1
2025-02-11 03:19 | INFO | Timeout limit is increased to 2800
2025-02-11 03:20 | INFO | Query 62 Size of the uncertainty table is = 3389/23184
2025-02-11 03:20 | INFO | Query 62 Size of the filtered table is = 232
2025-02-11 03:20 | INFO | Training Time Active Learning Classifier: 6.3 seconds
2025-02-11 03:20 | INFO | Training Time Active Learning Regressor: 2.77 seconds
2025-02-11 03:20 | INFO | Query 62 Active Learning Runtime on Validation Set: 376088.49
2025-02-11 03:20 | INFO | Query 62 Active Learning Runtime on Test Set: 151937.46
2025-02-11 03:20 | INFO | Query 62 Active Learning Instance Cost: 3768775.55
2025-02-11 03:20 | INFO | Query 63 Size of the uncertainty table is = 3377/23184
2025-02-11 03:20 | INFO | Query 63 Size of the filtered table is = 232
2025-02-11 03:20 | INFO | Training Time Active Learning Classifier: 6.15 seconds
2025-02-11 03:20 | INFO | Training Time Active Learning Regressor: 2.75 seconds
2025-02-11 03:21 | INFO | Query 63 Active Learning Runtime on Validation Set: 378042.5
2025-02-11 03:21 | INFO | Query 63 Active Learning Runtime on Test Set: 151794.38
2025-02-11 03:21 | INFO | Query 63 Active Learning Instance Cost: 3816865.5
2025-02-11 03:21 | INFO | Timeout limit is increased to 2900
2025-02-11 03:21 | INFO | Query 64 Size of the uncertainty table is = 3341/23184
2025-02-11 03:21 | INFO | Query 64 Size of the filtered table is = 232
2025-02-11 03:21 | INFO | Training Time Active Learning Classifier: 6.16 seconds
2025-02-11 03:21 | INFO | Training Time Active Learning Regressor: 2.77 seconds
2025-02-11 03:21 | INFO | Query 64 Active Learning Runtime on Validation Set: 381788.44
2025-02-11 03:21 | INFO | Query 64 Active Learning Runtime on Test Set: 153280.51
2025-02-11 03:21 | INFO | Query 64 Active Learning Instance Cost: 3851939.81
2025-02-11 03:21 | INFO | Timeout limit is increased to 3000
2025-02-11 03:22 | INFO | Query 65 Size of the uncertainty table is = 3313/23184
2025-02-11 03:22 | INFO | Query 65 Size of the filtered table is = 232
2025-02-11 03:22 | INFO | Training Time Active Learning Classifier: 6.16 seconds
2025-02-11 03:22 | INFO | Training Time Active Learning Regressor: 2.78 seconds
2025-02-11 03:22 | INFO | Query 65 Active Learning Runtime on Validation Set: 416911.75
2025-02-11 03:22 | INFO | Query 65 Active Learning Runtime on Test Set: 151964.34
2025-02-11 03:22 | INFO | Query 65 Active Learning Instance Cost: 3889175.34
2025-02-11 03:22 | INFO | Timeout limit is increased to 3100
2025-02-11 03:22 | INFO | Query 66 Size of the uncertainty table is = 3290/23184
2025-02-11 03:22 | INFO | Query 66 Size of the filtered table is = 232
2025-02-11 03:22 | INFO | Training Time Active Learning Classifier: 6.16 seconds
2025-02-11 03:22 | INFO | Training Time Active Learning Regressor: 2.76 seconds
2025-02-11 03:23 | INFO | Query 66 Active Learning Runtime on Validation Set: 420182.54
2025-02-11 03:23 | INFO | Query 66 Active Learning Runtime on Test Set: 151952.69
2025-02-11 03:23 | INFO | Query 66 Active Learning Instance Cost: 3936363.98
2025-02-11 03:23 | INFO | Timeout limit is increased to 3200
2025-02-11 03:23 | INFO | Query 67 Size of the uncertainty table is = 3272/23184
2025-02-11 03:23 | INFO | Query 67 Size of the filtered table is = 232
2025-02-11 03:23 | INFO | Training Time Active Learning Classifier: 6.16 seconds
2025-02-11 03:23 | INFO | Training Time Active Learning Regressor: 2.84 seconds
2025-02-11 03:24 | INFO | Query 67 Active Learning Runtime on Validation Set: 416507.66
2025-02-11 03:24 | INFO | Query 67 Active Learning Runtime on Test Set: 151969.82
2025-02-11 03:24 | INFO | Query 67 Active Learning Instance Cost: 3976766.12
2025-02-11 03:24 | INFO | Query 68 Size of the uncertainty table is = 3257/23184
2025-02-11 03:24 | INFO | Query 68 Size of the filtered table is = 232
2025-02-11 03:24 | INFO | Training Time Active Learning Classifier: 6.25 seconds
2025-02-11 03:24 | INFO | Training Time Active Learning Regressor: 2.78 seconds
2025-02-11 03:24 | INFO | Query 68 Active Learning Runtime on Validation Set: 416453.79
2025-02-11 03:24 | INFO | Query 68 Active Learning Runtime on Test Set: 151906.01
2025-02-11 03:24 | INFO | Query 68 Active Learning Instance Cost: 4001012.73
2025-02-11 03:24 | INFO | Query 69 Size of the uncertainty table is = 3252/23184
2025-02-11 03:24 | INFO | Query 69 Size of the filtered table is = 232
2025-02-11 03:24 | INFO | Training Time Active Learning Classifier: 6.18 seconds
2025-02-11 03:24 | INFO | Training Time Active Learning Regressor: 2.77 seconds
2025-02-11 03:25 | INFO | Query 69 Active Learning Runtime on Validation Set: 416453.79
2025-02-11 03:25 | INFO | Query 69 Active Learning Runtime on Test Set: 151906.01
2025-02-11 03:25 | INFO | Query 69 Active Learning Instance Cost: 4015212.73
2025-02-11 03:25 | INFO | Timeout limit is increased to 3300
2025-02-11 03:25 | INFO | Query 70 Size of the uncertainty table is = 3252/23184
2025-02-11 03:25 | INFO | Query 70 Size of the filtered table is = 232
2025-02-11 03:25 | INFO | Training Time Active Learning Classifier: 6.16 seconds
2025-02-11 03:25 | INFO | Training Time Active Learning Regressor: 2.81 seconds
2025-02-11 03:26 | INFO | Query 70 Active Learning Runtime on Validation Set: 416628.45
2025-02-11 03:26 | INFO | Query 70 Active Learning Runtime on Test Set: 153338.2
2025-02-11 03:26 | INFO | Query 70 Active Learning Instance Cost: 4048342.85
2025-02-11 03:26 | INFO | Timeout limit is increased to 3400
2025-02-11 03:26 | INFO | Query 71 Size of the uncertainty table is = 3237/23184
2025-02-11 03:26 | INFO | Query 71 Size of the filtered table is = 232
2025-02-11 03:26 | INFO | Training Time Active Learning Classifier: 6.17 seconds
2025-02-11 03:26 | INFO | Training Time Active Learning Regressor: 2.79 seconds
2025-02-11 03:26 | INFO | Query 71 Active Learning Runtime on Validation Set: 413337.83
2025-02-11 03:26 | INFO | Query 71 Active Learning Runtime on Test Set: 153500.94
2025-02-11 03:26 | INFO | Query 71 Active Learning Instance Cost: 4122982.82
2025-02-11 03:26 | INFO | Query 72 Size of the uncertainty table is = 3205/23184
2025-02-11 03:26 | INFO | Query 72 Size of the filtered table is = 232
2025-02-11 03:26 | INFO | Training Time Active Learning Classifier: 6.19 seconds
2025-02-11 03:27 | INFO | Training Time Active Learning Regressor: 2.79 seconds
2025-02-11 03:27 | INFO | Query 72 Active Learning Runtime on Validation Set: 381253.87
2025-02-11 03:27 | INFO | Query 72 Active Learning Runtime on Test Set: 153606.99
2025-02-11 03:27 | INFO | Query 72 Active Learning Instance Cost: 4166506.73
2025-02-11 03:27 | INFO | Query 73 Size of the uncertainty table is = 3181/23184
2025-02-11 03:27 | INFO | Query 73 Size of the filtered table is = 232
2025-02-11 03:27 | INFO | Training Time Active Learning Classifier: 6.17 seconds
2025-02-11 03:27 | INFO | Training Time Active Learning Regressor: 2.78 seconds
2025-02-11 03:28 | INFO | Query 73 Active Learning Runtime on Validation Set: 381253.87
2025-02-11 03:28 | INFO | Query 73 Active Learning Runtime on Test Set: 153606.99
2025-02-11 03:28 | INFO | Query 73 Active Learning Instance Cost: 4172206.73
2025-02-11 03:28 | INFO | Timeout limit is increased to 3500
2025-02-11 03:28 | INFO | Query 74 Size of the uncertainty table is = 3181/23184
2025-02-11 03:28 | INFO | Query 74 Size of the filtered table is = 232
2025-02-11 03:28 | INFO | Training Time Active Learning Classifier: 6.18 seconds
2025-02-11 03:28 | INFO | Training Time Active Learning Regressor: 2.81 seconds
2025-02-11 03:28 | INFO | Query 74 Active Learning Runtime on Validation Set: 415792.45
2025-02-11 03:28 | INFO | Query 74 Active Learning Runtime on Test Set: 153664.73
2025-02-11 03:28 | INFO | Query 74 Active Learning Instance Cost: 4199973.94
2025-02-11 03:28 | INFO | Timeout limit is increased to 3600
2025-02-11 03:28 | INFO | Query 75 Size of the uncertainty table is = 3173/23184
2025-02-11 03:28 | INFO | Query 75 Size of the filtered table is = 232
2025-02-11 03:29 | INFO | Training Time Active Learning Classifier: 6.35 seconds
2025-02-11 03:29 | INFO | Training Time Active Learning Regressor: 2.8 seconds
2025-02-11 03:29 | INFO | Query 75 Active Learning Runtime on Validation Set: 448376.28
2025-02-11 03:29 | INFO | Query 75 Active Learning Runtime on Test Set: 153647.03
2025-02-11 03:29 | INFO | Query 75 Active Learning Instance Cost: 4245608.05
2025-02-11 03:29 | INFO | Timeout limit is increased to 3600
2025-02-11 03:29 | INFO | Query 76 Size of the uncertainty table is = 35/23184
2025-02-11 03:29 | INFO | Query 76 Size of the filtered table is = 35
2025-02-11 03:29 | INFO | Training Time Active Learning Classifier: 6.28 seconds
2025-02-11 03:29 | INFO | Training Time Active Learning Regressor: 2.8 seconds
2025-02-11 03:30 | INFO | Query 76 Active Learning Runtime on Validation Set: 448376.28
2025-02-11 03:30 | INFO | Query 76 Active Learning Runtime on Test Set: 153647.03
2025-02-11 03:30 | INFO | Query 76 Active Learning Instance Cost: 4268908.05
2025-02-11 03:30 | INFO | Timeout limit is increased to 3600
2025-02-11 03:30 | INFO | Active Learning Emissions: 0.0372760150799198
2025-02-11 03:30 | INFO | Active Learning Energy Consumption: 0.04055725627390725 kWh
2025-02-11 03:30 | INFO | runtime_test_score is written as json file
2025-02-11 03:30 | INFO | runtime_validation_score is written as json file
2025-02-11 03:30 | INFO | instance_cost is written as json file
2025-02-11 03:30 | INFO | Experiment is finished
