2025-02-11 02:55 | INFO | Paramaters are: {'dataset': 'CPMP-2015', 'penalty': 10, 'weight': 'No_Weight', 'voting': 'Hard', 'pre_selection_size': 64, 'pre_selection_technique': 'No_pre_selection', 'feature_elimination_threshold': 20, 'imputer_strategy': 'median', 'feature_selection_technique': 'No_feature_selection', 'feature_scaling_technique': 'StandardScaler', 'initial_train_size': 20, 'query_size': 1, 'timeout_predictor_usage': 'No', 'pareto_features': {'Uncertainty': 'max', 'PredDiff': 'max', 'PredCost': 'min'}, 'timeout_limit': 3600, 'timeout_increase_rate': 100, 'penalty_type': 'Only-timeout-penalty', 'RANDOM_STATE_SEED': 7, 'n_splits': 10, 'split_number': 1, 'max_timeout': 3600, 'param_grid': {'n_estimators': 100, 'max_features': 'sqrt', 'max_depth': 2147483648, 'min_samples_split': 2, 'bootstrap': True}}
2025-02-11 02:55 | INFO | CPMP-2015 is current dataset
2025-02-11 02:55 | INFO | DATASETS/CPMP-2015/algorithm_runs.csv is found
2025-02-11 02:55 | INFO | DATASETS/CPMP-2015/algorithm_runs.csv is finished
2025-02-11 02:55 | INFO | DATASETS/CPMP-2015/feature_values.csv is found
2025-02-11 02:55 | INFO | DATASETS/CPMP-2015/feature_values.csv is finished
2025-02-11 02:55 | INFO | Virtual best solver time in train = 48105.91
2025-02-11 02:55 | INFO | Single best solver list train = {'astar-symmulgt-transmul': 3477922.41, 'astar-symmullt-transmul': 4192663.99, 'idastar-symmulgt-transmul': 2972020.12, 'idastar-symmullt-transmul': 3751109.82}
2025-02-11 02:55 | INFO | Single best solver time train = idastar-symmulgt-transmul (2972020.12)
2025-02-11 02:55 | INFO | Virtual best solver time in validation = 65142.97
2025-02-11 02:55 | INFO | Single best solver list validation = {'astar-symmulgt-transmul': 2354118.58, 'astar-symmullt-transmul': 2352983.56, 'idastar-symmulgt-transmul': 316884.48, 'idastar-symmullt-transmul': 101019.16}
2025-02-11 02:55 | INFO | Single best solver time validation = idastar-symmullt-transmul (101019.16)
2025-02-11 02:55 | INFO | Virtual best solver time in test = 6698.84
2025-02-11 02:55 | INFO | Single best solver list test = {'astar-symmulgt-transmul': 618312.0, 'astar-symmullt-transmul': 438899.63, 'idastar-symmulgt-transmul': 401627.2, 'idastar-symmullt-transmul': 334906.82}
2025-02-11 02:55 | INFO | Single best solver time test = idastar-symmullt-transmul (334906.82)
2025-02-11 02:55 | INFO | Training Time Passive Learning Classifier: 0.5 seconds
2025-02-11 02:55 | INFO | Training Time Passive Learning Regressor: 0.34 seconds
2025-02-11 02:55 | INFO | Passive Learning Classifier Runtime on Validation Set: 136128.49
2025-02-11 02:55 | INFO | Passive Learning Classifier Runtime on Test Set: 331562.24
2025-02-11 02:55 | INFO | Passive Learning Instance Cost: 1595716.34
2025-02-11 02:55 | INFO | Passive Learning Emissions: 3.6614965582681756e-05
2025-02-11 02:55 | INFO | Passive Learning Energy Consumption: 3.9838017540589336e-05 kWh
2025-02-11 02:55 | INFO | Training Time Active Learning Classifier: 0.32 seconds
2025-02-11 02:55 | INFO | Training Time Active Learning Regressor: 0.18 seconds
2025-02-11 02:56 | INFO | Initial Active Learning Runtime on Validation Set: 134609.73
2025-02-11 02:56 | INFO | Initial Active Learning Runtime on Test Set: 296893.42
2025-02-11 02:56 | INFO | Initial Active Learning Instance Cost: 81676.62
2025-02-11 02:56 | INFO | Bin size = 22
2025-02-11 02:56 | INFO | Query 1 Size of the uncertainty table is = 2154/2154
2025-02-11 02:56 | INFO | Query 1 Size of the filtered table is = 270
2025-02-11 02:56 | INFO | Training Time Active Learning Classifier: 0.31 seconds
2025-02-11 02:56 | INFO | Training Time Active Learning Regressor: 0.18 seconds
2025-02-11 02:56 | INFO | Query 1 Active Learning Runtime on Validation Set: 101074.33
2025-02-11 02:56 | INFO | Query 1 Active Learning Runtime on Test Set: 295986.65
2025-02-11 02:56 | INFO | Query 1 Active Learning Instance Cost: 115932.28
2025-02-11 02:56 | INFO | Query 2 Size of the uncertainty table is = 2130/2154
2025-02-11 02:56 | INFO | Query 2 Size of the filtered table is = 163
2025-02-11 02:56 | INFO | Training Time Active Learning Classifier: 0.31 seconds
2025-02-11 02:56 | INFO | Training Time Active Learning Regressor: 0.19 seconds
2025-02-11 02:56 | INFO | Query 2 Active Learning Runtime on Validation Set: 169942.66
2025-02-11 02:56 | INFO | Query 2 Active Learning Runtime on Test Set: 368576.21
2025-02-11 02:56 | INFO | Query 2 Active Learning Instance Cost: 125782.42
2025-02-11 02:56 | INFO | Timeout limit is increased to 3600
2025-02-11 02:56 | INFO | Query 3 Size of the uncertainty table is = 2106/2154
2025-02-11 02:56 | INFO | Query 3 Size of the filtered table is = 138
2025-02-11 02:56 | INFO | Training Time Active Learning Classifier: 0.32 seconds
2025-02-11 02:56 | INFO | Training Time Active Learning Regressor: 0.19 seconds
2025-02-11 02:56 | INFO | Query 3 Active Learning Runtime on Validation Set: 134126.66
2025-02-11 02:56 | INFO | Query 3 Active Learning Runtime on Test Set: 297567.22
2025-02-11 02:56 | INFO | Query 3 Active Learning Instance Cost: 170832.11
2025-02-11 02:56 | INFO | Query 4 Size of the uncertainty table is = 2069/2154
2025-02-11 02:56 | INFO | Query 4 Size of the filtered table is = 102
2025-02-11 02:56 | INFO | Training Time Active Learning Classifier: 0.32 seconds
2025-02-11 02:56 | INFO | Training Time Active Learning Regressor: 0.19 seconds
2025-02-11 02:56 | INFO | Query 4 Active Learning Runtime on Validation Set: 101018.43
2025-02-11 02:56 | INFO | Query 4 Active Learning Runtime on Test Set: 296931.95
2025-02-11 02:56 | INFO | Query 4 Active Learning Instance Cost: 179755.05
2025-02-11 02:56 | INFO | Query 5 Size of the uncertainty table is = 2032/2154
2025-02-11 02:56 | INFO | Query 5 Size of the filtered table is = 115
2025-02-11 02:56 | INFO | Training Time Active Learning Classifier: 0.33 seconds
2025-02-11 02:56 | INFO | Training Time Active Learning Regressor: 0.2 seconds
2025-02-11 02:56 | INFO | Query 5 Active Learning Runtime on Validation Set: 136828.64
2025-02-11 02:56 | INFO | Query 5 Active Learning Runtime on Test Set: 296548.24
2025-02-11 02:56 | INFO | Query 5 Active Learning Instance Cost: 203522.92
2025-02-11 02:56 | INFO | Timeout limit is increased to 3600
2025-02-11 02:56 | INFO | Query 6 Size of the uncertainty table is = 1999/2154
2025-02-11 02:56 | INFO | Query 6 Size of the filtered table is = 99
2025-02-11 02:56 | INFO | Training Time Active Learning Classifier: 0.33 seconds
2025-02-11 02:56 | INFO | Training Time Active Learning Regressor: 0.2 seconds
2025-02-11 02:56 | INFO | Query 6 Active Learning Runtime on Validation Set: 101011.13
2025-02-11 02:56 | INFO | Query 6 Active Learning Runtime on Test Set: 297668.14
2025-02-11 02:56 | INFO | Query 6 Active Learning Instance Cost: 229007.24
2025-02-11 02:56 | INFO | Query 7 Size of the uncertainty table is = 1963/2154
2025-02-11 02:56 | INFO | Query 7 Size of the filtered table is = 121
2025-02-11 02:56 | INFO | Training Time Active Learning Classifier: 0.33 seconds
2025-02-11 02:56 | INFO | Training Time Active Learning Regressor: 0.2 seconds
2025-02-11 02:56 | INFO | Query 7 Active Learning Runtime on Validation Set: 136437.7
2025-02-11 02:56 | INFO | Query 7 Active Learning Runtime on Test Set: 260613.58
2025-02-11 02:56 | INFO | Query 7 Active Learning Instance Cost: 248456.02
2025-02-11 02:56 | INFO | Timeout limit is increased to 3600
2025-02-11 02:56 | INFO | Query 8 Size of the uncertainty table is = 1922/2154
2025-02-11 02:56 | INFO | Query 8 Size of the filtered table is = 84
2025-02-11 02:56 | INFO | Training Time Active Learning Classifier: 0.34 seconds
2025-02-11 02:56 | INFO | Training Time Active Learning Regressor: 0.21 seconds
2025-02-11 02:56 | INFO | Query 8 Active Learning Runtime on Validation Set: 101018.43
2025-02-11 02:56 | INFO | Query 8 Active Learning Runtime on Test Set: 295676.69
2025-02-11 02:56 | INFO | Query 8 Active Learning Instance Cost: 274321.39
2025-02-11 02:56 | INFO | Query 9 Size of the uncertainty table is = 1880/2154
2025-02-11 02:56 | INFO | Query 9 Size of the filtered table is = 116
2025-02-11 02:56 | INFO | Training Time Active Learning Classifier: 0.34 seconds
2025-02-11 02:56 | INFO | Training Time Active Learning Regressor: 0.21 seconds
2025-02-11 02:56 | INFO | Query 9 Active Learning Runtime on Validation Set: 101018.43
2025-02-11 02:56 | INFO | Query 9 Active Learning Runtime on Test Set: 367886.46
2025-02-11 02:56 | INFO | Query 9 Active Learning Instance Cost: 297824.53
2025-02-11 02:56 | INFO | Timeout limit is increased to 3600
2025-02-11 02:56 | INFO | Query 10 Size of the uncertainty table is = 1847/2154
2025-02-11 02:56 | INFO | Query 10 Size of the filtered table is = 78
2025-02-11 02:56 | INFO | Training Time Active Learning Classifier: 0.34 seconds
2025-02-11 02:56 | INFO | Training Time Active Learning Regressor: 0.22 seconds
2025-02-11 02:56 | INFO | Query 10 Active Learning Runtime on Validation Set: 101018.43
2025-02-11 02:56 | INFO | Query 10 Active Learning Runtime on Test Set: 332108.06
2025-02-11 02:56 | INFO | Query 10 Active Learning Instance Cost: 326921.47
2025-02-11 02:56 | INFO | Timeout limit is increased to 3600
2025-02-11 02:56 | INFO | Query 11 Size of the uncertainty table is = 1811/2154
2025-02-11 02:56 | INFO | Query 11 Size of the filtered table is = 103
2025-02-11 02:56 | INFO | Training Time Active Learning Classifier: 0.34 seconds
2025-02-11 02:56 | INFO | Training Time Active Learning Regressor: 0.22 seconds
2025-02-11 02:56 | INFO | Query 11 Active Learning Runtime on Validation Set: 134127.54
2025-02-11 02:56 | INFO | Query 11 Active Learning Runtime on Test Set: 367673.83
2025-02-11 02:56 | INFO | Query 11 Active Learning Instance Cost: 344935.7
2025-02-11 02:56 | INFO | Timeout limit is increased to 3600
2025-02-11 02:56 | INFO | Query 12 Size of the uncertainty table is = 1767/2154
2025-02-11 02:56 | INFO | Query 12 Size of the filtered table is = 88
2025-02-11 02:56 | INFO | Training Time Active Learning Classifier: 0.35 seconds
2025-02-11 02:56 | INFO | Training Time Active Learning Regressor: 0.22 seconds
2025-02-11 02:56 | INFO | Query 12 Active Learning Runtime on Validation Set: 169835.54
2025-02-11 02:56 | INFO | Query 12 Active Learning Runtime on Test Set: 367563.51
2025-02-11 02:56 | INFO | Query 12 Active Learning Instance Cost: 385850.1
2025-02-11 02:56 | INFO | Timeout limit is increased to 3600
2025-02-11 02:56 | INFO | Query 13 Size of the uncertainty table is = 1723/2154
2025-02-11 02:56 | INFO | Query 13 Size of the filtered table is = 60
2025-02-11 02:56 | INFO | Training Time Active Learning Classifier: 0.35 seconds
2025-02-11 02:56 | INFO | Training Time Active Learning Regressor: 0.22 seconds
2025-02-11 02:56 | INFO | Query 13 Active Learning Runtime on Validation Set: 134232.78
2025-02-11 02:56 | INFO | Query 13 Active Learning Runtime on Test Set: 367918.92
2025-02-11 02:56 | INFO | Query 13 Active Learning Instance Cost: 416429.02
2025-02-11 02:56 | INFO | Query 14 Size of the uncertainty table is = 1677/2154
2025-02-11 02:56 | INFO | Query 14 Size of the filtered table is = 60
2025-02-11 02:56 | INFO | Training Time Active Learning Classifier: 0.35 seconds
2025-02-11 02:56 | INFO | Training Time Active Learning Regressor: 0.23 seconds
2025-02-11 02:56 | INFO | Query 14 Active Learning Runtime on Validation Set: 101018.43
2025-02-11 02:56 | INFO | Query 14 Active Learning Runtime on Test Set: 367538.63
2025-02-11 02:56 | INFO | Query 14 Active Learning Instance Cost: 439295.66
2025-02-11 02:56 | INFO | Query 15 Size of the uncertainty table is = 1630/2154
2025-02-11 02:56 | INFO | Query 15 Size of the filtered table is = 95
2025-02-11 02:56 | INFO | Training Time Active Learning Classifier: 0.36 seconds
2025-02-11 02:56 | INFO | Training Time Active Learning Regressor: 0.23 seconds
2025-02-11 02:56 | INFO | Query 15 Active Learning Runtime on Validation Set: 101018.43
2025-02-11 02:56 | INFO | Query 15 Active Learning Runtime on Test Set: 403560.3
2025-02-11 02:56 | INFO | Query 15 Active Learning Instance Cost: 458838.02
2025-02-11 02:56 | INFO | Timeout limit is increased to 3600
2025-02-11 02:56 | INFO | Query 16 Size of the uncertainty table is = 1582/2154
2025-02-11 02:56 | INFO | Query 16 Size of the filtered table is = 97
2025-02-11 02:56 | INFO | Training Time Active Learning Classifier: 0.36 seconds
2025-02-11 02:56 | INFO | Training Time Active Learning Regressor: 0.23 seconds
2025-02-11 02:56 | INFO | Query 16 Active Learning Runtime on Validation Set: 101074.05
2025-02-11 02:56 | INFO | Query 16 Active Learning Runtime on Test Set: 403880.03
2025-02-11 02:56 | INFO | Query 16 Active Learning Instance Cost: 480850.93
2025-02-11 02:56 | INFO | Timeout limit is increased to 3600
2025-02-11 02:56 | INFO | Query 17 Size of the uncertainty table is = 1536/2154
2025-02-11 02:56 | INFO | Query 17 Size of the filtered table is = 77
2025-02-11 02:57 | INFO | Training Time Active Learning Classifier: 0.37 seconds
2025-02-11 02:57 | INFO | Training Time Active Learning Regressor: 0.24 seconds
2025-02-11 02:57 | INFO | Query 17 Active Learning Runtime on Validation Set: 101074.24
2025-02-11 02:57 | INFO | Query 17 Active Learning Runtime on Test Set: 367911.32
2025-02-11 02:57 | INFO | Query 17 Active Learning Instance Cost: 496342.94
2025-02-11 02:57 | INFO | Timeout limit is increased to 3600
2025-02-11 02:57 | INFO | Query 18 Size of the uncertainty table is = 1496/2154
2025-02-11 02:57 | INFO | Query 18 Size of the filtered table is = 87
2025-02-11 02:57 | INFO | Training Time Active Learning Classifier: 0.37 seconds
2025-02-11 02:57 | INFO | Training Time Active Learning Regressor: 0.24 seconds
2025-02-11 02:57 | INFO | Query 18 Active Learning Runtime on Validation Set: 134166.91
2025-02-11 02:57 | INFO | Query 18 Active Learning Runtime on Test Set: 403518.06
2025-02-11 02:57 | INFO | Query 18 Active Learning Instance Cost: 523399.17
2025-02-11 02:57 | INFO | Timeout limit is increased to 3600
2025-02-11 02:57 | INFO | Query 19 Size of the uncertainty table is = 1455/2154
2025-02-11 02:57 | INFO | Query 19 Size of the filtered table is = 75
2025-02-11 02:57 | INFO | Training Time Active Learning Classifier: 0.38 seconds
2025-02-11 02:57 | INFO | Training Time Active Learning Regressor: 0.24 seconds
2025-02-11 02:57 | INFO | Query 19 Active Learning Runtime on Validation Set: 136829.36
2025-02-11 02:57 | INFO | Query 19 Active Learning Runtime on Test Set: 331496.62
2025-02-11 02:57 | INFO | Query 19 Active Learning Instance Cost: 532680.0
2025-02-11 02:57 | INFO | Timeout limit is increased to 3600
2025-02-11 02:57 | INFO | Query 20 Size of the uncertainty table is = 1401/2154
2025-02-11 02:57 | INFO | Query 20 Size of the filtered table is = 62
2025-02-11 02:57 | INFO | Training Time Active Learning Classifier: 0.38 seconds
2025-02-11 02:57 | INFO | Training Time Active Learning Regressor: 0.25 seconds
2025-02-11 02:57 | INFO | Query 20 Active Learning Runtime on Validation Set: 134166.91
2025-02-11 02:57 | INFO | Query 20 Active Learning Runtime on Test Set: 367861.4
2025-02-11 02:57 | INFO | Query 20 Active Learning Instance Cost: 558620.11
2025-02-11 02:57 | INFO | Query 21 Size of the uncertainty table is = 1354/2154
2025-02-11 02:57 | INFO | Query 21 Size of the filtered table is = 73
2025-02-11 02:57 | INFO | Training Time Active Learning Classifier: 0.38 seconds
2025-02-11 02:57 | INFO | Training Time Active Learning Regressor: 0.25 seconds
2025-02-11 02:57 | INFO | Query 21 Active Learning Runtime on Validation Set: 134111.83
2025-02-11 02:57 | INFO | Query 21 Active Learning Runtime on Test Set: 331840.96
2025-02-11 02:57 | INFO | Query 21 Active Learning Instance Cost: 564147.59
2025-02-11 02:57 | INFO | Query 22 Size of the uncertainty table is = 1312/2154
2025-02-11 02:57 | INFO | Query 22 Size of the filtered table is = 57
2025-02-11 02:57 | INFO | Training Time Active Learning Classifier: 0.39 seconds
2025-02-11 02:57 | INFO | Training Time Active Learning Regressor: 0.25 seconds
2025-02-11 02:57 | INFO | Query 22 Active Learning Runtime on Validation Set: 135898.14
2025-02-11 02:57 | INFO | Query 22 Active Learning Runtime on Test Set: 331497.0
2025-02-11 02:57 | INFO | Query 22 Active Learning Instance Cost: 590177.3
2025-02-11 02:57 | INFO | Timeout limit is increased to 3600
2025-02-11 02:57 | INFO | Query 23 Size of the uncertainty table is = 1261/2154
2025-02-11 02:57 | INFO | Query 23 Size of the filtered table is = 67
2025-02-11 02:57 | INFO | Training Time Active Learning Classifier: 0.39 seconds
2025-02-11 02:57 | INFO | Training Time Active Learning Regressor: 0.25 seconds
2025-02-11 02:57 | INFO | Query 23 Active Learning Runtime on Validation Set: 102860.55
2025-02-11 02:57 | INFO | Query 23 Active Learning Runtime on Test Set: 368225.79
2025-02-11 02:57 | INFO | Query 23 Active Learning Instance Cost: 614669.77
2025-02-11 02:57 | INFO | Query 24 Size of the uncertainty table is = 1212/2154
2025-02-11 02:57 | INFO | Query 24 Size of the filtered table is = 85
2025-02-11 02:57 | INFO | Training Time Active Learning Classifier: 0.4 seconds
2025-02-11 02:57 | INFO | Training Time Active Learning Regressor: 0.25 seconds
2025-02-11 02:57 | INFO | Query 24 Active Learning Runtime on Validation Set: 101018.43
2025-02-11 02:57 | INFO | Query 24 Active Learning Runtime on Test Set: 331869.53
2025-02-11 02:57 | INFO | Query 24 Active Learning Instance Cost: 646537.96
2025-02-11 02:57 | INFO | Query 25 Size of the uncertainty table is = 1167/2154
2025-02-11 02:57 | INFO | Query 25 Size of the filtered table is = 77
2025-02-11 02:57 | INFO | Training Time Active Learning Classifier: 0.4 seconds
2025-02-11 02:57 | INFO | Training Time Active Learning Regressor: 0.26 seconds
2025-02-11 02:57 | INFO | Query 25 Active Learning Runtime on Validation Set: 101018.43
2025-02-11 02:57 | INFO | Query 25 Active Learning Runtime on Test Set: 296010.92
2025-02-11 02:57 | INFO | Query 25 Active Learning Instance Cost: 669357.75
2025-02-11 02:57 | INFO | Timeout limit is increased to 3600
2025-02-11 02:57 | INFO | Query 26 Size of the uncertainty table is = 1126/2154
2025-02-11 02:57 | INFO | Query 26 Size of the filtered table is = 62
2025-02-11 02:57 | INFO | Training Time Active Learning Classifier: 0.4 seconds
2025-02-11 02:57 | INFO | Training Time Active Learning Regressor: 0.26 seconds
2025-02-11 02:57 | INFO | Query 26 Active Learning Runtime on Validation Set: 101018.43
2025-02-11 02:57 | INFO | Query 26 Active Learning Runtime on Test Set: 331993.25
2025-02-11 02:57 | INFO | Query 26 Active Learning Instance Cost: 695967.31
2025-02-11 02:57 | INFO | Timeout limit is increased to 3600
2025-02-11 02:57 | INFO | Query 27 Size of the uncertainty table is = 1083/2154
2025-02-11 02:57 | INFO | Query 27 Size of the filtered table is = 70
2025-02-11 02:57 | INFO | Training Time Active Learning Classifier: 0.41 seconds
2025-02-11 02:57 | INFO | Training Time Active Learning Regressor: 0.27 seconds
2025-02-11 02:57 | INFO | Query 27 Active Learning Runtime on Validation Set: 134111.11
2025-02-11 02:57 | INFO | Query 27 Active Learning Runtime on Test Set: 331976.05
2025-02-11 02:57 | INFO | Query 27 Active Learning Instance Cost: 718142.85
2025-02-11 02:57 | INFO | Timeout limit is increased to 3600
2025-02-11 02:57 | INFO | Query 28 Size of the uncertainty table is = 1035/2154
2025-02-11 02:57 | INFO | Query 28 Size of the filtered table is = 67
2025-02-11 02:57 | INFO | Training Time Active Learning Classifier: 0.41 seconds
2025-02-11 02:57 | INFO | Training Time Active Learning Regressor: 0.27 seconds
2025-02-11 02:57 | INFO | Query 28 Active Learning Runtime on Validation Set: 101011.13
2025-02-11 02:57 | INFO | Query 28 Active Learning Runtime on Test Set: 331925.31
2025-02-11 02:57 | INFO | Query 28 Active Learning Instance Cost: 736583.42
2025-02-11 02:57 | INFO | Query 29 Size of the uncertainty table is = 982/2154
2025-02-11 02:57 | INFO | Query 29 Size of the filtered table is = 67
2025-02-11 02:57 | INFO | Training Time Active Learning Classifier: 0.42 seconds
2025-02-11 02:57 | INFO | Training Time Active Learning Regressor: 0.27 seconds
2025-02-11 02:57 | INFO | Query 29 Active Learning Runtime on Validation Set: 135897.42
2025-02-11 02:57 | INFO | Query 29 Active Learning Runtime on Test Set: 367916.39
2025-02-11 02:57 | INFO | Query 29 Active Learning Instance Cost: 757020.3
2025-02-11 02:57 | INFO | Timeout limit is increased to 3600
2025-02-11 02:57 | INFO | Query 30 Size of the uncertainty table is = 933/2154
2025-02-11 02:57 | INFO | Query 30 Size of the filtered table is = 58
2025-02-11 02:57 | INFO | Training Time Active Learning Classifier: 0.42 seconds
2025-02-11 02:57 | INFO | Training Time Active Learning Regressor: 0.27 seconds
2025-02-11 02:57 | INFO | Query 30 Active Learning Runtime on Validation Set: 135897.42
2025-02-11 02:57 | INFO | Query 30 Active Learning Runtime on Test Set: 403914.86
2025-02-11 02:57 | INFO | Query 30 Active Learning Instance Cost: 773681.3
2025-02-11 02:57 | INFO | Timeout limit is increased to 3600
2025-02-11 02:57 | INFO | Query 31 Size of the uncertainty table is = 885/2154
2025-02-11 02:57 | INFO | Query 31 Size of the filtered table is = 47
2025-02-11 02:57 | INFO | Training Time Active Learning Classifier: 0.43 seconds
2025-02-11 02:57 | INFO | Training Time Active Learning Regressor: 0.28 seconds
2025-02-11 02:57 | INFO | Query 31 Active Learning Runtime on Validation Set: 103035.82
2025-02-11 02:57 | INFO | Query 31 Active Learning Runtime on Test Set: 331976.55
2025-02-11 02:57 | INFO | Query 31 Active Learning Instance Cost: 799040.45
2025-02-11 02:57 | INFO | Query 32 Size of the uncertainty table is = 842/2154
2025-02-11 02:57 | INFO | Query 32 Size of the filtered table is = 50
2025-02-11 02:57 | INFO | Training Time Active Learning Classifier: 0.43 seconds
2025-02-11 02:57 | INFO | Training Time Active Learning Regressor: 0.28 seconds
2025-02-11 02:57 | INFO | Query 32 Active Learning Runtime on Validation Set: 102804.74
2025-02-11 02:57 | INFO | Query 32 Active Learning Runtime on Test Set: 331916.9
2025-02-11 02:57 | INFO | Query 32 Active Learning Instance Cost: 822096.29
2025-02-11 02:57 | INFO | Query 33 Size of the uncertainty table is = 806/2154
2025-02-11 02:57 | INFO | Query 33 Size of the filtered table is = 49
2025-02-11 02:57 | INFO | Training Time Active Learning Classifier: 0.43 seconds
2025-02-11 02:57 | INFO | Training Time Active Learning Regressor: 0.28 seconds
2025-02-11 02:58 | INFO | Query 33 Active Learning Runtime on Validation Set: 102879.54
2025-02-11 02:58 | INFO | Query 33 Active Learning Runtime on Test Set: 260861.41
2025-02-11 02:58 | INFO | Query 33 Active Learning Instance Cost: 845244.2
2025-02-11 02:58 | INFO | Timeout limit is increased to 3600
2025-02-11 02:58 | INFO | Query 34 Size of the uncertainty table is = 764/2154
2025-02-11 02:58 | INFO | Query 34 Size of the filtered table is = 53
2025-02-11 02:58 | INFO | Training Time Active Learning Classifier: 0.44 seconds
2025-02-11 02:58 | INFO | Training Time Active Learning Regressor: 0.29 seconds
2025-02-11 02:58 | INFO | Query 34 Active Learning Runtime on Validation Set: 102817.44
2025-02-11 02:58 | INFO | Query 34 Active Learning Runtime on Test Set: 295977.69
2025-02-11 02:58 | INFO | Query 34 Active Learning Instance Cost: 870669.25
2025-02-11 02:58 | INFO | Query 35 Size of the uncertainty table is = 720/2154
2025-02-11 02:58 | INFO | Query 35 Size of the filtered table is = 29
2025-02-11 02:58 | INFO | Training Time Active Learning Classifier: 0.44 seconds
2025-02-11 02:58 | INFO | Training Time Active Learning Regressor: 0.29 seconds
2025-02-11 02:58 | INFO | Query 35 Active Learning Runtime on Validation Set: 102651.97
2025-02-11 02:58 | INFO | Query 35 Active Learning Runtime on Test Set: 259940.48
2025-02-11 02:58 | INFO | Query 35 Active Learning Instance Cost: 898903.23
2025-02-11 02:58 | INFO | Query 36 Size of the uncertainty table is = 679/2154
2025-02-11 02:58 | INFO | Query 36 Size of the filtered table is = 40
2025-02-11 02:58 | INFO | Training Time Active Learning Classifier: 0.44 seconds
2025-02-11 02:58 | INFO | Training Time Active Learning Regressor: 0.29 seconds
2025-02-11 02:58 | INFO | Query 36 Active Learning Runtime on Validation Set: 135740.16
2025-02-11 02:58 | INFO | Query 36 Active Learning Runtime on Test Set: 260025.04
2025-02-11 02:58 | INFO | Query 36 Active Learning Instance Cost: 956799.71
2025-02-11 02:58 | INFO | Timeout limit is increased to 3600
2025-02-11 02:58 | INFO | Query 37 Size of the uncertainty table is = 636/2154
2025-02-11 02:58 | INFO | Query 37 Size of the filtered table is = 26
2025-02-11 02:58 | INFO | Training Time Active Learning Classifier: 0.45 seconds
2025-02-11 02:58 | INFO | Training Time Active Learning Regressor: 0.29 seconds
2025-02-11 02:58 | INFO | Query 37 Active Learning Runtime on Validation Set: 136132.97
2025-02-11 02:58 | INFO | Query 37 Active Learning Runtime on Test Set: 224067.57
2025-02-11 02:58 | INFO | Query 37 Active Learning Instance Cost: 1005523.01
2025-02-11 02:58 | INFO | Timeout limit is increased to 3600
2025-02-11 02:58 | INFO | Query 38 Size of the uncertainty table is = 593/2154
2025-02-11 02:58 | INFO | Query 38 Size of the filtered table is = 37
2025-02-11 02:58 | INFO | Training Time Active Learning Classifier: 0.45 seconds
2025-02-11 02:58 | INFO | Training Time Active Learning Regressor: 0.3 seconds
2025-02-11 02:58 | INFO | Query 38 Active Learning Runtime on Validation Set: 134330.43
2025-02-11 02:58 | INFO | Query 38 Active Learning Runtime on Test Set: 259640.4
2025-02-11 02:58 | INFO | Query 38 Active Learning Instance Cost: 1050645.71
2025-02-11 02:58 | INFO | Query 39 Size of the uncertainty table is = 556/2154
2025-02-11 02:58 | INFO | Query 39 Size of the filtered table is = 33
2025-02-11 02:58 | INFO | Training Time Active Learning Classifier: 0.45 seconds
2025-02-11 02:58 | INFO | Training Time Active Learning Regressor: 0.3 seconds
2025-02-11 02:58 | INFO | Query 39 Active Learning Runtime on Validation Set: 134347.25
2025-02-11 02:58 | INFO | Query 39 Active Learning Runtime on Test Set: 224257.79
2025-02-11 02:58 | INFO | Query 39 Active Learning Instance Cost: 1075421.1
2025-02-11 02:58 | INFO | Timeout limit is increased to 3600
2025-02-11 02:58 | INFO | Query 40 Size of the uncertainty table is = 518/2154
2025-02-11 02:58 | INFO | Query 40 Size of the filtered table is = 41
2025-02-11 02:58 | INFO | Training Time Active Learning Classifier: 0.46 seconds
2025-02-11 02:58 | INFO | Training Time Active Learning Regressor: 0.3 seconds
2025-02-11 02:58 | INFO | Query 40 Active Learning Runtime on Validation Set: 103035.82
2025-02-11 02:58 | INFO | Query 40 Active Learning Runtime on Test Set: 226445.26
2025-02-11 02:58 | INFO | Query 40 Active Learning Instance Cost: 1097688.03
2025-02-11 02:58 | INFO | Query 41 Size of the uncertainty table is = 478/2154
2025-02-11 02:58 | INFO | Query 41 Size of the filtered table is = 46
2025-02-11 02:58 | INFO | Training Time Active Learning Classifier: 0.46 seconds
2025-02-11 02:58 | INFO | Training Time Active Learning Regressor: 0.31 seconds
2025-02-11 02:58 | INFO | Query 41 Active Learning Runtime on Validation Set: 135897.23
2025-02-11 02:58 | INFO | Query 41 Active Learning Runtime on Test Set: 188312.67
2025-02-11 02:58 | INFO | Query 41 Active Learning Instance Cost: 1146745.56
2025-02-11 02:58 | INFO | Timeout limit is increased to 3600
2025-02-11 02:58 | INFO | Query 42 Size of the uncertainty table is = 442/2154
2025-02-11 02:58 | INFO | Query 42 Size of the filtered table is = 42
2025-02-11 02:58 | INFO | Training Time Active Learning Classifier: 0.46 seconds
2025-02-11 02:58 | INFO | Training Time Active Learning Regressor: 0.31 seconds
2025-02-11 02:58 | INFO | Query 42 Active Learning Runtime on Validation Set: 136129.18
2025-02-11 02:58 | INFO | Query 42 Active Learning Runtime on Test Set: 224688.3
2025-02-11 02:58 | INFO | Query 42 Active Learning Instance Cost: 1190005.74
2025-02-11 02:58 | INFO | Timeout limit is increased to 3600
2025-02-11 02:58 | INFO | Query 43 Size of the uncertainty table is = 396/2154
2025-02-11 02:58 | INFO | Query 43 Size of the filtered table is = 24
2025-02-11 02:58 | INFO | Training Time Active Learning Classifier: 0.47 seconds
2025-02-11 02:58 | INFO | Training Time Active Learning Regressor: 0.31 seconds
2025-02-11 02:58 | INFO | Query 43 Active Learning Runtime on Validation Set: 135971.92
2025-02-11 02:58 | INFO | Query 43 Active Learning Runtime on Test Set: 189384.95
2025-02-11 02:58 | INFO | Query 43 Active Learning Instance Cost: 1215989.36
2025-02-11 02:58 | INFO | Query 44 Size of the uncertainty table is = 360/2154
2025-02-11 02:58 | INFO | Query 44 Size of the filtered table is = 22
2025-02-11 02:58 | INFO | Training Time Active Learning Classifier: 0.47 seconds
2025-02-11 02:58 | INFO | Training Time Active Learning Regressor: 0.32 seconds
2025-02-11 02:58 | INFO | Query 44 Active Learning Runtime on Validation Set: 135971.92
2025-02-11 02:58 | INFO | Query 44 Active Learning Runtime on Test Set: 225021.08
2025-02-11 02:58 | INFO | Query 44 Active Learning Instance Cost: 1274210.71
2025-02-11 02:58 | INFO | Timeout limit is increased to 3600
2025-02-11 02:58 | INFO | Query 45 Size of the uncertainty table is = 323/2154
2025-02-11 02:58 | INFO | Query 45 Size of the filtered table is = 22
2025-02-11 02:58 | INFO | Training Time Active Learning Classifier: 0.47 seconds
2025-02-11 02:58 | INFO | Training Time Active Learning Regressor: 0.32 seconds
2025-02-11 02:58 | INFO | Query 45 Active Learning Runtime on Validation Set: 135897.42
2025-02-11 02:58 | INFO | Query 45 Active Learning Runtime on Test Set: 296080.63
2025-02-11 02:58 | INFO | Query 45 Active Learning Instance Cost: 1325067.11
2025-02-11 02:58 | INFO | Query 46 Size of the uncertainty table is = 282/2154
2025-02-11 02:58 | INFO | Query 46 Size of the filtered table is = 22
2025-02-11 02:58 | INFO | Training Time Active Learning Classifier: 0.48 seconds
2025-02-11 02:58 | INFO | Training Time Active Learning Regressor: 0.39 seconds
2025-02-11 02:58 | INFO | Query 46 Active Learning Runtime on Validation Set: 135740.16
2025-02-11 02:58 | INFO | Query 46 Active Learning Runtime on Test Set: 296051.49
2025-02-11 02:58 | INFO | Query 46 Active Learning Instance Cost: 1370057.63
2025-02-11 02:58 | INFO | Query 47 Size of the uncertainty table is = 242/2154
2025-02-11 02:58 | INFO | Query 47 Size of the filtered table is = 22
2025-02-11 02:58 | INFO | Training Time Active Learning Classifier: 0.48 seconds
2025-02-11 02:58 | INFO | Training Time Active Learning Regressor: 0.32 seconds
2025-02-11 02:58 | INFO | Query 47 Active Learning Runtime on Validation Set: 171555.06
2025-02-11 02:58 | INFO | Query 47 Active Learning Runtime on Test Set: 260082.9
2025-02-11 02:58 | INFO | Query 47 Active Learning Instance Cost: 1397632.32
2025-02-11 02:58 | INFO | Timeout limit is increased to 3600
2025-02-11 02:58 | INFO | Query 48 Size of the uncertainty table is = 207/2154
2025-02-11 02:58 | INFO | Query 48 Size of the filtered table is = 22
2025-02-11 02:58 | INFO | Training Time Active Learning Classifier: 0.48 seconds
2025-02-11 02:58 | INFO | Training Time Active Learning Regressor: 0.33 seconds
2025-02-11 02:58 | INFO | Query 48 Active Learning Runtime on Validation Set: 136128.49
2025-02-11 02:58 | INFO | Query 48 Active Learning Runtime on Test Set: 260137.08
2025-02-11 02:58 | INFO | Query 48 Active Learning Instance Cost: 1438845.94
2025-02-11 02:58 | INFO | Query 49 Size of the uncertainty table is = 167/2154
2025-02-11 02:58 | INFO | Query 49 Size of the filtered table is = 25
2025-02-11 02:58 | INFO | Training Time Active Learning Classifier: 0.49 seconds
2025-02-11 02:58 | INFO | Training Time Active Learning Regressor: 0.33 seconds
2025-02-11 02:58 | INFO | Query 49 Active Learning Runtime on Validation Set: 136128.49
2025-02-11 02:58 | INFO | Query 49 Active Learning Runtime on Test Set: 296098.57
2025-02-11 02:58 | INFO | Query 49 Active Learning Instance Cost: 1485819.82
2025-02-11 02:58 | INFO | Timeout limit is increased to 3600
2025-02-11 02:58 | INFO | Query 50 Size of the uncertainty table is = 133/2154
2025-02-11 02:58 | INFO | Query 50 Size of the filtered table is = 22
2025-02-11 02:58 | INFO | Training Time Active Learning Classifier: 0.49 seconds
2025-02-11 02:58 | INFO | Training Time Active Learning Regressor: 0.33 seconds
2025-02-11 02:58 | INFO | Query 50 Active Learning Runtime on Validation Set: 136132.97
2025-02-11 02:58 | INFO | Query 50 Active Learning Runtime on Test Set: 296108.26
2025-02-11 02:58 | INFO | Query 50 Active Learning Instance Cost: 1515527.1
2025-02-11 02:58 | INFO | Timeout limit is increased to 3600
2025-02-11 02:58 | INFO | Query 51 Size of the uncertainty table is = 93/2154
2025-02-11 02:58 | INFO | Query 51 Size of the filtered table is = 22
2025-02-11 02:59 | INFO | Training Time Active Learning Classifier: 0.5 seconds
2025-02-11 02:59 | INFO | Training Time Active Learning Regressor: 0.33 seconds
2025-02-11 02:59 | INFO | Query 51 Active Learning Runtime on Validation Set: 102809.22
2025-02-11 02:59 | INFO | Query 51 Active Learning Runtime on Test Set: 332227.45
2025-02-11 02:59 | INFO | Query 51 Active Learning Instance Cost: 1554829.58
2025-02-11 02:59 | INFO | Query 52 Size of the uncertainty table is = 59/2154
2025-02-11 02:59 | INFO | Query 52 Size of the filtered table is = 22
2025-02-11 02:59 | INFO | Training Time Active Learning Classifier: 0.5 seconds
2025-02-11 02:59 | INFO | Training Time Active Learning Regressor: 0.34 seconds
2025-02-11 02:59 | INFO | Query 52 Active Learning Runtime on Validation Set: 101250.19
2025-02-11 02:59 | INFO | Query 52 Active Learning Runtime on Test Set: 295091.54
2025-02-11 02:59 | INFO | Query 52 Active Learning Instance Cost: 1583858.64
2025-02-11 02:59 | INFO | Query 53 Size of the uncertainty table is = 27/2154
2025-02-11 02:59 | INFO | Query 53 Size of the filtered table is = 22
2025-02-11 02:59 | INFO | Training Time Active Learning Classifier: 0.5 seconds
2025-02-11 02:59 | INFO | Training Time Active Learning Regressor: 0.34 seconds
2025-02-11 02:59 | INFO | Query 53 Active Learning Runtime on Validation Set: 134342.87
2025-02-11 02:59 | INFO | Query 53 Active Learning Runtime on Test Set: 295907.43
2025-02-11 02:59 | INFO | Query 53 Active Learning Instance Cost: 1595716.34
2025-02-11 02:59 | INFO | Timeout limit is increased to 3600
2025-02-11 02:59 | INFO | Active Learning Emissions: 0.0022630454139579655
2025-02-11 02:59 | INFO | Active Learning Energy Consumption: 0.002462251198702466 kWh
2025-02-11 02:59 | INFO | runtime_test_score is written as json file
2025-02-11 02:59 | INFO | runtime_validation_score is written as json file
2025-02-11 02:59 | INFO | instance_cost is written as json file
2025-02-11 02:59 | INFO | Experiment is finished
