2025-02-11 03:05 | INFO | Paramaters are: {'dataset': 'CPMP-2015', 'penalty': 10, 'weight': 'No_Weight', 'voting': 'Hard', 'pre_selection_size': 64, 'pre_selection_technique': 'No_pre_selection', 'feature_elimination_threshold': 20, 'imputer_strategy': 'median', 'feature_selection_technique': 'No_feature_selection', 'feature_scaling_technique': 'StandardScaler', 'initial_train_size': 20, 'query_size': 1, 'timeout_predictor_usage': 'No', 'pareto_features': {'PredDiff': 'max', 'PredCost': 'min'}, 'timeout_limit': 100, 'timeout_increase_rate': 100, 'penalty_type': 'Only-timeout-penalty', 'RANDOM_STATE_SEED': 42, 'n_splits': 10, 'split_number': 8, 'max_timeout': 3600, 'param_grid': {'n_estimators': 100, 'max_features': 'sqrt', 'max_depth': 2147483648, 'min_samples_split': 2, 'bootstrap': True}}
2025-02-11 03:05 | INFO | CPMP-2015 is current dataset
2025-02-11 03:05 | INFO | DATASETS/CPMP-2015/algorithm_runs.csv is found
2025-02-11 03:05 | INFO | DATASETS/CPMP-2015/algorithm_runs.csv is finished
2025-02-11 03:05 | INFO | DATASETS/CPMP-2015/feature_values.csv is found
2025-02-11 03:05 | INFO | DATASETS/CPMP-2015/feature_values.csv is finished
2025-02-11 03:05 | INFO | Virtual best solver time in train = 36224.81
2025-02-11 03:05 | INFO | Single best solver list train = {'astar-symmulgt-transmul': 3476015.17, 'astar-symmullt-transmul': 3759353.61, 'idastar-symmulgt-transmul': 3140495.39, 'idastar-symmullt-transmul': 3741806.42}
2025-02-11 03:05 | INFO | Single best solver time train = idastar-symmulgt-transmul (3140495.39)
2025-02-11 03:05 | INFO | Virtual best solver time in validation = 68736.09
2025-02-11 03:05 | INFO | Single best solver list validation = {'astar-symmulgt-transmul': 2285792.18, 'astar-symmullt-transmul': 2284211.14, 'idastar-symmulgt-transmul': 352511.98, 'idastar-symmullt-transmul': 103751.74}
2025-02-11 03:05 | INFO | Single best solver time validation = idastar-symmullt-transmul (103751.74)
2025-02-11 03:05 | INFO | Virtual best solver time in test = 14986.82
2025-02-11 03:05 | INFO | Single best solver list test = {'astar-symmulgt-transmul': 688545.64, 'astar-symmullt-transmul': 940982.43, 'idastar-symmulgt-transmul': 197524.42, 'idastar-symmullt-transmul': 341477.64}
2025-02-11 03:05 | INFO | Single best solver time test = idastar-symmulgt-transmul (197524.42)
2025-02-11 03:05 | INFO | Training Time Passive Learning Classifier: 0.51 seconds
2025-02-11 03:05 | INFO | Training Time Passive Learning Regressor: 0.34 seconds
2025-02-11 03:05 | INFO | Passive Learning Classifier Runtime on Validation Set: 139559.68
2025-02-11 03:05 | INFO | Passive Learning Classifier Runtime on Test Set: 228362.91
2025-02-11 03:05 | INFO | Passive Learning Instance Cost: 1546470.59
2025-02-11 03:05 | INFO | Passive Learning Emissions: 3.6555564953653295e-05
2025-02-11 03:05 | INFO | Passive Learning Energy Consumption: 3.977338813937321e-05 kWh
2025-02-11 03:06 | INFO | Training Time Active Learning Classifier: 0.32 seconds
2025-02-11 03:06 | INFO | Training Time Active Learning Regressor: 0.18 seconds
2025-02-11 03:06 | INFO | Initial Active Learning Runtime on Validation Set: 352071.31
2025-02-11 03:06 | INFO | Initial Active Learning Runtime on Test Set: 266917.42
2025-02-11 03:06 | INFO | Initial Active Learning Instance Cost: 2633.39
2025-02-11 03:06 | INFO | Bin size = 22
2025-02-11 03:06 | INFO | Query 1 Size of the uncertainty table is = 2173/2160
2025-02-11 03:06 | INFO | Query 1 Size of the filtered table is = 65
2025-02-11 03:06 | INFO | Training Time Active Learning Classifier: 0.32 seconds
2025-02-11 03:06 | INFO | Training Time Active Learning Regressor: 0.18 seconds
2025-02-11 03:06 | INFO | Query 1 Active Learning Runtime on Validation Set: 316493.82
2025-02-11 03:06 | INFO | Query 1 Active Learning Runtime on Test Set: 334966.2
2025-02-11 03:06 | INFO | Query 1 Active Learning Instance Cost: 3651.02
2025-02-11 03:06 | INFO | Query 2 Size of the uncertainty table is = 2152/2160
2025-02-11 03:06 | INFO | Query 2 Size of the filtered table is = 34
2025-02-11 03:06 | INFO | Training Time Active Learning Classifier: 0.32 seconds
2025-02-11 03:06 | INFO | Training Time Active Learning Regressor: 0.19 seconds
2025-02-11 03:06 | INFO | Query 2 Active Learning Runtime on Validation Set: 349986.9
2025-02-11 03:06 | INFO | Query 2 Active Learning Runtime on Test Set: 227870.66
2025-02-11 03:06 | INFO | Query 2 Active Learning Instance Cost: 5045.84
2025-02-11 03:06 | INFO | Timeout limit is increased to 200
2025-02-11 03:06 | INFO | Query 3 Size of the uncertainty table is = 2128/2160
2025-02-11 03:06 | INFO | Query 3 Size of the filtered table is = 24
2025-02-11 03:06 | INFO | Training Time Active Learning Classifier: 0.32 seconds
2025-02-11 03:06 | INFO | Training Time Active Learning Regressor: 0.19 seconds
2025-02-11 03:06 | INFO | Query 3 Active Learning Runtime on Validation Set: 353075.09
2025-02-11 03:06 | INFO | Query 3 Active Learning Runtime on Test Set: 264130.0
2025-02-11 03:06 | INFO | Query 3 Active Learning Instance Cost: 6729.32
2025-02-11 03:06 | INFO | Timeout limit is increased to 300
2025-02-11 03:06 | INFO | Query 4 Size of the uncertainty table is = 2095/2160
2025-02-11 03:06 | INFO | Query 4 Size of the filtered table is = 22
2025-02-11 03:06 | INFO | Training Time Active Learning Classifier: 0.32 seconds
2025-02-11 03:06 | INFO | Training Time Active Learning Regressor: 0.2 seconds
2025-02-11 03:06 | INFO | Query 4 Active Learning Runtime on Validation Set: 350649.86
2025-02-11 03:06 | INFO | Query 4 Active Learning Runtime on Test Set: 228186.45
2025-02-11 03:06 | INFO | Query 4 Active Learning Instance Cost: 10062.16
2025-02-11 03:06 | INFO | Query 5 Size of the uncertainty table is = 2067/2160
2025-02-11 03:06 | INFO | Query 5 Size of the filtered table is = 35
2025-02-11 03:06 | INFO | Training Time Active Learning Classifier: 0.32 seconds
2025-02-11 03:06 | INFO | Training Time Active Learning Regressor: 0.2 seconds
2025-02-11 03:06 | INFO | Query 5 Active Learning Runtime on Validation Set: 278890.37
2025-02-11 03:06 | INFO | Query 5 Active Learning Runtime on Test Set: 228177.69
2025-02-11 03:06 | INFO | Query 5 Active Learning Instance Cost: 12277.84
2025-02-11 03:06 | INFO | Query 6 Size of the uncertainty table is = 2030/2160
2025-02-11 03:06 | INFO | Query 6 Size of the filtered table is = 33
2025-02-11 03:06 | INFO | Training Time Active Learning Classifier: 0.33 seconds
2025-02-11 03:06 | INFO | Training Time Active Learning Regressor: 0.2 seconds
2025-02-11 03:06 | INFO | Query 6 Active Learning Runtime on Validation Set: 279439.45
2025-02-11 03:06 | INFO | Query 6 Active Learning Runtime on Test Set: 264176.85
2025-02-11 03:06 | INFO | Query 6 Active Learning Instance Cost: 14674.92
2025-02-11 03:06 | INFO | Timeout limit is increased to 400
2025-02-11 03:06 | INFO | Query 7 Size of the uncertainty table is = 1998/2160
2025-02-11 03:06 | INFO | Query 7 Size of the filtered table is = 30
2025-02-11 03:06 | INFO | Training Time Active Learning Classifier: 0.33 seconds
2025-02-11 03:06 | INFO | Training Time Active Learning Regressor: 0.21 seconds
2025-02-11 03:06 | INFO | Query 7 Active Learning Runtime on Validation Set: 316823.41
2025-02-11 03:06 | INFO | Query 7 Active Learning Runtime on Test Set: 266679.91
2025-02-11 03:06 | INFO | Query 7 Active Learning Instance Cost: 17378.03
2025-02-11 03:06 | INFO | Timeout limit is increased to 500
2025-02-11 03:06 | INFO | Query 8 Size of the uncertainty table is = 1960/2160
2025-02-11 03:06 | INFO | Query 8 Size of the filtered table is = 37
2025-02-11 03:06 | INFO | Training Time Active Learning Classifier: 0.33 seconds
2025-02-11 03:06 | INFO | Training Time Active Learning Regressor: 0.21 seconds
2025-02-11 03:06 | INFO | Query 8 Active Learning Runtime on Validation Set: 316067.65
2025-02-11 03:06 | INFO | Query 8 Active Learning Runtime on Test Set: 297031.65
2025-02-11 03:06 | INFO | Query 8 Active Learning Instance Cost: 20594.71
2025-02-11 03:06 | INFO | Query 9 Size of the uncertainty table is = 1923/2160
2025-02-11 03:06 | INFO | Query 9 Size of the filtered table is = 31
2025-02-11 03:06 | INFO | Training Time Active Learning Classifier: 0.34 seconds
2025-02-11 03:06 | INFO | Training Time Active Learning Regressor: 0.21 seconds
2025-02-11 03:06 | INFO | Query 9 Active Learning Runtime on Validation Set: 316502.03
2025-02-11 03:06 | INFO | Query 9 Active Learning Runtime on Test Set: 335739.35
2025-02-11 03:06 | INFO | Query 9 Active Learning Instance Cost: 26223.98
2025-02-11 03:06 | INFO | Timeout limit is increased to 600
2025-02-11 03:06 | INFO | Query 10 Size of the uncertainty table is = 1892/2160
2025-02-11 03:06 | INFO | Query 10 Size of the filtered table is = 40
2025-02-11 03:06 | INFO | Training Time Active Learning Classifier: 0.34 seconds
2025-02-11 03:06 | INFO | Training Time Active Learning Regressor: 0.21 seconds
2025-02-11 03:06 | INFO | Query 10 Active Learning Runtime on Validation Set: 349953.42
2025-02-11 03:06 | INFO | Query 10 Active Learning Runtime on Test Set: 230852.71
2025-02-11 03:06 | INFO | Query 10 Active Learning Instance Cost: 29568.62
2025-02-11 03:06 | INFO | Timeout limit is increased to 700
2025-02-11 03:06 | INFO | Query 11 Size of the uncertainty table is = 1856/2160
2025-02-11 03:06 | INFO | Query 11 Size of the filtered table is = 33
2025-02-11 03:06 | INFO | Training Time Active Learning Classifier: 0.34 seconds
2025-02-11 03:06 | INFO | Training Time Active Learning Regressor: 0.22 seconds
2025-02-11 03:06 | INFO | Query 11 Active Learning Runtime on Validation Set: 315218.26
2025-02-11 03:06 | INFO | Query 11 Active Learning Runtime on Test Set: 335388.78
2025-02-11 03:06 | INFO | Query 11 Active Learning Instance Cost: 35654.57
2025-02-11 03:06 | INFO | Query 12 Size of the uncertainty table is = 1818/2160
2025-02-11 03:06 | INFO | Query 12 Size of the filtered table is = 24
2025-02-11 03:06 | INFO | Training Time Active Learning Classifier: 0.35 seconds
2025-02-11 03:06 | INFO | Training Time Active Learning Regressor: 0.23 seconds
2025-02-11 03:06 | INFO | Query 12 Active Learning Runtime on Validation Set: 452168.58
2025-02-11 03:06 | INFO | Query 12 Active Learning Runtime on Test Set: 369410.07
2025-02-11 03:06 | INFO | Query 12 Active Learning Instance Cost: 43603.02
2025-02-11 03:06 | INFO | Timeout limit is increased to 800
2025-02-11 03:06 | INFO | Query 13 Size of the uncertainty table is = 1784/2160
2025-02-11 03:06 | INFO | Query 13 Size of the filtered table is = 36
2025-02-11 03:06 | INFO | Training Time Active Learning Classifier: 0.36 seconds
2025-02-11 03:06 | INFO | Training Time Active Learning Regressor: 0.23 seconds
2025-02-11 03:06 | INFO | Query 13 Active Learning Runtime on Validation Set: 387950.11
2025-02-11 03:06 | INFO | Query 13 Active Learning Runtime on Test Set: 296651.34
2025-02-11 03:06 | INFO | Query 13 Active Learning Instance Cost: 51641.03
2025-02-11 03:06 | INFO | Query 14 Size of the uncertainty table is = 1746/2160
2025-02-11 03:06 | INFO | Query 14 Size of the filtered table is = 24
2025-02-11 03:06 | INFO | Training Time Active Learning Classifier: 0.36 seconds
2025-02-11 03:06 | INFO | Training Time Active Learning Regressor: 0.23 seconds
2025-02-11 03:06 | INFO | Query 14 Active Learning Runtime on Validation Set: 416336.8
2025-02-11 03:06 | INFO | Query 14 Active Learning Runtime on Test Set: 368599.89
2025-02-11 03:06 | INFO | Query 14 Active Learning Instance Cost: 63864.74
2025-02-11 03:06 | INFO | Timeout limit is increased to 900
2025-02-11 03:06 | INFO | Query 15 Size of the uncertainty table is = 1706/2160
2025-02-11 03:06 | INFO | Query 15 Size of the filtered table is = 31
2025-02-11 03:06 | INFO | Training Time Active Learning Classifier: 0.36 seconds
2025-02-11 03:06 | INFO | Training Time Active Learning Regressor: 0.23 seconds
2025-02-11 03:06 | INFO | Query 15 Active Learning Runtime on Validation Set: 174832.18
2025-02-11 03:06 | INFO | Query 15 Active Learning Runtime on Test Set: 332598.81
2025-02-11 03:06 | INFO | Query 15 Active Learning Instance Cost: 67804.5
2025-02-11 03:07 | INFO | Query 16 Size of the uncertainty table is = 1663/2160
2025-02-11 03:07 | INFO | Query 16 Size of the filtered table is = 31
2025-02-11 03:07 | INFO | Training Time Active Learning Classifier: 0.36 seconds
2025-02-11 03:07 | INFO | Training Time Active Learning Regressor: 0.23 seconds
2025-02-11 03:07 | INFO | Query 16 Active Learning Runtime on Validation Set: 174519.43
2025-02-11 03:07 | INFO | Query 16 Active Learning Runtime on Test Set: 300251.48
2025-02-11 03:07 | INFO | Query 16 Active Learning Instance Cost: 74242.69
2025-02-11 03:07 | INFO | Query 17 Size of the uncertainty table is = 1618/2160
2025-02-11 03:07 | INFO | Query 17 Size of the filtered table is = 28
2025-02-11 03:07 | INFO | Training Time Active Learning Classifier: 0.37 seconds
2025-02-11 03:07 | INFO | Training Time Active Learning Regressor: 0.23 seconds
2025-02-11 03:07 | INFO | Query 17 Active Learning Runtime on Validation Set: 174662.99
2025-02-11 03:07 | INFO | Query 17 Active Learning Runtime on Test Set: 368532.16
2025-02-11 03:07 | INFO | Query 17 Active Learning Instance Cost: 82434.04
2025-02-11 03:07 | INFO | Timeout limit is increased to 1000
2025-02-11 03:07 | INFO | Query 18 Size of the uncertainty table is = 1575/2160
2025-02-11 03:07 | INFO | Query 18 Size of the filtered table is = 25
2025-02-11 03:07 | INFO | Training Time Active Learning Classifier: 0.37 seconds
2025-02-11 03:07 | INFO | Training Time Active Learning Regressor: 0.24 seconds
2025-02-11 03:07 | INFO | Query 18 Active Learning Runtime on Validation Set: 209757.48
2025-02-11 03:07 | INFO | Query 18 Active Learning Runtime on Test Set: 297189.57
2025-02-11 03:07 | INFO | Query 18 Active Learning Instance Cost: 95590.65
2025-02-11 03:07 | INFO | Timeout limit is increased to 1100
2025-02-11 03:07 | INFO | Query 19 Size of the uncertainty table is = 1529/2160
2025-02-11 03:07 | INFO | Query 19 Size of the filtered table is = 31
2025-02-11 03:07 | INFO | Training Time Active Learning Classifier: 0.38 seconds
2025-02-11 03:07 | INFO | Training Time Active Learning Regressor: 0.24 seconds
2025-02-11 03:07 | INFO | Query 19 Active Learning Runtime on Validation Set: 172961.05
2025-02-11 03:07 | INFO | Query 19 Active Learning Runtime on Test Set: 369360.31
2025-02-11 03:07 | INFO | Query 19 Active Learning Instance Cost: 101642.77
2025-02-11 03:07 | INFO | Query 20 Size of the uncertainty table is = 1488/2160
2025-02-11 03:07 | INFO | Query 20 Size of the filtered table is = 24
2025-02-11 03:07 | INFO | Training Time Active Learning Classifier: 0.38 seconds
2025-02-11 03:07 | INFO | Training Time Active Learning Regressor: 0.24 seconds
2025-02-11 03:07 | INFO | Query 20 Active Learning Runtime on Validation Set: 173561.45
2025-02-11 03:07 | INFO | Query 20 Active Learning Runtime on Test Set: 298397.89
2025-02-11 03:07 | INFO | Query 20 Active Learning Instance Cost: 118631.88
2025-02-11 03:07 | INFO | Timeout limit is increased to 1200
2025-02-11 03:07 | INFO | Query 21 Size of the uncertainty table is = 1455/2160
2025-02-11 03:07 | INFO | Query 21 Size of the filtered table is = 32
2025-02-11 03:07 | INFO | Training Time Active Learning Classifier: 0.38 seconds
2025-02-11 03:07 | INFO | Training Time Active Learning Regressor: 0.24 seconds
2025-02-11 03:07 | INFO | Query 21 Active Learning Runtime on Validation Set: 243724.68
2025-02-11 03:07 | INFO | Query 21 Active Learning Runtime on Test Set: 297509.79
2025-02-11 03:07 | INFO | Query 21 Active Learning Instance Cost: 128225.46
2025-02-11 03:07 | INFO | Timeout limit is increased to 1300
2025-02-11 03:07 | INFO | Query 22 Size of the uncertainty table is = 1417/2160
2025-02-11 03:07 | INFO | Query 22 Size of the filtered table is = 25
2025-02-11 03:07 | INFO | Training Time Active Learning Classifier: 0.39 seconds
2025-02-11 03:07 | INFO | Training Time Active Learning Regressor: 0.25 seconds
2025-02-11 03:07 | INFO | Query 22 Active Learning Runtime on Validation Set: 139561.94
2025-02-11 03:07 | INFO | Query 22 Active Learning Runtime on Test Set: 297508.52
2025-02-11 03:07 | INFO | Query 22 Active Learning Instance Cost: 136488.41
2025-02-11 03:07 | INFO | Query 23 Size of the uncertainty table is = 1377/2160
2025-02-11 03:07 | INFO | Query 23 Size of the filtered table is = 29
2025-02-11 03:07 | INFO | Training Time Active Learning Classifier: 0.39 seconds
2025-02-11 03:07 | INFO | Training Time Active Learning Regressor: 0.25 seconds
2025-02-11 03:07 | INFO | Query 23 Active Learning Runtime on Validation Set: 174648.35
2025-02-11 03:07 | INFO | Query 23 Active Learning Runtime on Test Set: 369283.24
2025-02-11 03:07 | INFO | Query 23 Active Learning Instance Cost: 140123.66
2025-02-11 03:07 | INFO | Timeout limit is increased to 1400
2025-02-11 03:07 | INFO | Query 24 Size of the uncertainty table is = 1336/2160
2025-02-11 03:07 | INFO | Query 24 Size of the filtered table is = 35
2025-02-11 03:07 | INFO | Training Time Active Learning Classifier: 0.39 seconds
2025-02-11 03:07 | INFO | Training Time Active Learning Regressor: 0.25 seconds
2025-02-11 03:07 | INFO | Query 24 Active Learning Runtime on Validation Set: 136844.41
2025-02-11 03:07 | INFO | Query 24 Active Learning Runtime on Test Set: 372099.75
2025-02-11 03:07 | INFO | Query 24 Active Learning Instance Cost: 148877.13
2025-02-11 03:07 | INFO | Query 25 Size of the uncertainty table is = 1295/2160
2025-02-11 03:07 | INFO | Query 25 Size of the filtered table is = 34
2025-02-11 03:07 | INFO | Training Time Active Learning Classifier: 0.4 seconds
2025-02-11 03:07 | INFO | Training Time Active Learning Regressor: 0.26 seconds
2025-02-11 03:07 | INFO | Query 25 Active Learning Runtime on Validation Set: 172707.12
2025-02-11 03:07 | INFO | Query 25 Active Learning Runtime on Test Set: 441596.02
2025-02-11 03:07 | INFO | Query 25 Active Learning Instance Cost: 167510.19
2025-02-11 03:07 | INFO | Timeout limit is increased to 1500
2025-02-11 03:07 | INFO | Query 26 Size of the uncertainty table is = 1259/2160
2025-02-11 03:07 | INFO | Query 26 Size of the filtered table is = 23
2025-02-11 03:07 | INFO | Training Time Active Learning Classifier: 0.4 seconds
2025-02-11 03:07 | INFO | Training Time Active Learning Regressor: 0.26 seconds
2025-02-11 03:07 | INFO | Query 26 Active Learning Runtime on Validation Set: 136842.15
2025-02-11 03:07 | INFO | Query 26 Active Learning Runtime on Test Set: 405621.65
2025-02-11 03:07 | INFO | Query 26 Active Learning Instance Cost: 189424.49
2025-02-11 03:07 | INFO | Query 27 Size of the uncertainty table is = 1224/2160
2025-02-11 03:07 | INFO | Query 27 Size of the filtered table is = 23
2025-02-11 03:07 | INFO | Training Time Active Learning Classifier: 0.4 seconds
2025-02-11 03:07 | INFO | Training Time Active Learning Regressor: 0.26 seconds
2025-02-11 03:07 | INFO | Query 27 Active Learning Runtime on Validation Set: 136842.15
2025-02-11 03:07 | INFO | Query 27 Active Learning Runtime on Test Set: 336180.56
2025-02-11 03:07 | INFO | Query 27 Active Learning Instance Cost: 201504.94
2025-02-11 03:07 | INFO | Timeout limit is increased to 1600
2025-02-11 03:07 | INFO | Query 28 Size of the uncertainty table is = 1180/2160
2025-02-11 03:07 | INFO | Query 28 Size of the filtered table is = 22
2025-02-11 03:07 | INFO | Training Time Active Learning Classifier: 0.41 seconds
2025-02-11 03:07 | INFO | Training Time Active Learning Regressor: 0.26 seconds
2025-02-11 03:07 | INFO | Query 28 Active Learning Runtime on Validation Set: 172652.35
2025-02-11 03:07 | INFO | Query 28 Active Learning Runtime on Test Set: 300177.87
2025-02-11 03:07 | INFO | Query 28 Active Learning Instance Cost: 212762.23
2025-02-11 03:07 | INFO | Timeout limit is increased to 1700
2025-02-11 03:07 | INFO | Query 29 Size of the uncertainty table is = 1142/2160
2025-02-11 03:07 | INFO | Query 29 Size of the filtered table is = 23
2025-02-11 03:07 | INFO | Training Time Active Learning Classifier: 0.41 seconds
2025-02-11 03:07 | INFO | Training Time Active Learning Regressor: 0.27 seconds
2025-02-11 03:07 | INFO | Query 29 Active Learning Runtime on Validation Set: 172652.36
2025-02-11 03:07 | INFO | Query 29 Active Learning Runtime on Test Set: 369287.39
2025-02-11 03:07 | INFO | Query 29 Active Learning Instance Cost: 219458.15
2025-02-11 03:07 | INFO | Timeout limit is increased to 1800
2025-02-11 03:07 | INFO | Query 30 Size of the uncertainty table is = 1090/2160
2025-02-11 03:07 | INFO | Query 30 Size of the filtered table is = 22
2025-02-11 03:07 | INFO | Training Time Active Learning Classifier: 0.42 seconds
2025-02-11 03:07 | INFO | Training Time Active Learning Regressor: 0.27 seconds
2025-02-11 03:07 | INFO | Query 30 Active Learning Runtime on Validation Set: 139572.73
2025-02-11 03:07 | INFO | Query 30 Active Learning Runtime on Test Set: 369284.39
2025-02-11 03:07 | INFO | Query 30 Active Learning Instance Cost: 228633.59
2025-02-11 03:07 | INFO | Query 31 Size of the uncertainty table is = 1045/2160
2025-02-11 03:07 | INFO | Query 31 Size of the filtered table is = 22
2025-02-11 03:07 | INFO | Training Time Active Learning Classifier: 0.42 seconds
2025-02-11 03:07 | INFO | Training Time Active Learning Regressor: 0.27 seconds
2025-02-11 03:07 | INFO | Query 31 Active Learning Runtime on Validation Set: 172495.1
2025-02-11 03:07 | INFO | Query 31 Active Learning Runtime on Test Set: 371698.96
2025-02-11 03:07 | INFO | Query 31 Active Learning Instance Cost: 239480.89
2025-02-11 03:07 | INFO | Timeout limit is increased to 1900
2025-02-11 03:07 | INFO | Query 32 Size of the uncertainty table is = 1003/2160
2025-02-11 03:07 | INFO | Query 32 Size of the filtered table is = 22
2025-02-11 03:07 | INFO | Training Time Active Learning Classifier: 0.43 seconds
2025-02-11 03:07 | INFO | Training Time Active Learning Regressor: 0.28 seconds
2025-02-11 03:08 | INFO | Query 32 Active Learning Runtime on Validation Set: 139477.22
2025-02-11 03:08 | INFO | Query 32 Active Learning Runtime on Test Set: 299851.33
2025-02-11 03:08 | INFO | Query 32 Active Learning Instance Cost: 249637.51
2025-02-11 03:08 | INFO | Query 33 Size of the uncertainty table is = 965/2160
2025-02-11 03:08 | INFO | Query 33 Size of the filtered table is = 22
2025-02-11 03:08 | INFO | Training Time Active Learning Classifier: 0.43 seconds
2025-02-11 03:08 | INFO | Training Time Active Learning Regressor: 0.28 seconds
2025-02-11 03:08 | INFO | Query 33 Active Learning Runtime on Validation Set: 139477.95
2025-02-11 03:08 | INFO | Query 33 Active Learning Runtime on Test Set: 297782.91
2025-02-11 03:08 | INFO | Query 33 Active Learning Instance Cost: 256784.65
2025-02-11 03:08 | INFO | Timeout limit is increased to 2000
2025-02-11 03:08 | INFO | Query 34 Size of the uncertainty table is = 926/2160
2025-02-11 03:08 | INFO | Query 34 Size of the filtered table is = 22
2025-02-11 03:08 | INFO | Training Time Active Learning Classifier: 0.43 seconds
2025-02-11 03:08 | INFO | Training Time Active Learning Regressor: 0.28 seconds
2025-02-11 03:08 | INFO | Query 34 Active Learning Runtime on Validation Set: 139402.42
2025-02-11 03:08 | INFO | Query 34 Active Learning Runtime on Test Set: 266685.56
2025-02-11 03:08 | INFO | Query 34 Active Learning Instance Cost: 276648.23
2025-02-11 03:08 | INFO | Query 35 Size of the uncertainty table is = 892/2160
2025-02-11 03:08 | INFO | Query 35 Size of the filtered table is = 22
2025-02-11 03:08 | INFO | Training Time Active Learning Classifier: 0.44 seconds
2025-02-11 03:08 | INFO | Training Time Active Learning Regressor: 0.28 seconds
2025-02-11 03:08 | INFO | Query 35 Active Learning Runtime on Validation Set: 103722.82
2025-02-11 03:08 | INFO | Query 35 Active Learning Runtime on Test Set: 297440.24
2025-02-11 03:08 | INFO | Query 35 Active Learning Instance Cost: 291758.19
2025-02-11 03:08 | INFO | Query 36 Size of the uncertainty table is = 855/2160
2025-02-11 03:08 | INFO | Query 36 Size of the filtered table is = 22
2025-02-11 03:08 | INFO | Training Time Active Learning Classifier: 0.44 seconds
2025-02-11 03:08 | INFO | Training Time Active Learning Regressor: 0.29 seconds
2025-02-11 03:08 | INFO | Query 36 Active Learning Runtime on Validation Set: 139403.15
2025-02-11 03:08 | INFO | Query 36 Active Learning Runtime on Test Set: 333439.37
2025-02-11 03:08 | INFO | Query 36 Active Learning Instance Cost: 309929.92
2025-02-11 03:08 | INFO | Timeout limit is increased to 2100
2025-02-11 03:08 | INFO | Query 37 Size of the uncertainty table is = 827/2160
2025-02-11 03:08 | INFO | Query 37 Size of the filtered table is = 22
2025-02-11 03:08 | INFO | Training Time Active Learning Classifier: 0.44 seconds
2025-02-11 03:08 | INFO | Training Time Active Learning Regressor: 0.29 seconds
2025-02-11 03:08 | INFO | Query 37 Active Learning Runtime on Validation Set: 105452.1
2025-02-11 03:08 | INFO | Query 37 Active Learning Runtime on Test Set: 297401.56
2025-02-11 03:08 | INFO | Query 37 Active Learning Instance Cost: 340093.39
2025-02-11 03:08 | INFO | Query 38 Size of the uncertainty table is = 796/2160
2025-02-11 03:08 | INFO | Query 38 Size of the filtered table is = 22
2025-02-11 03:08 | INFO | Training Time Active Learning Classifier: 0.45 seconds
2025-02-11 03:08 | INFO | Training Time Active Learning Regressor: 0.29 seconds
2025-02-11 03:08 | INFO | Query 38 Active Learning Runtime on Validation Set: 103974.65
2025-02-11 03:08 | INFO | Query 38 Active Learning Runtime on Test Set: 297955.55
2025-02-11 03:08 | INFO | Query 38 Active Learning Instance Cost: 352438.04
2025-02-11 03:08 | INFO | Query 39 Size of the uncertainty table is = 767/2160
2025-02-11 03:08 | INFO | Query 39 Size of the filtered table is = 22
2025-02-11 03:08 | INFO | Training Time Active Learning Classifier: 0.45 seconds
2025-02-11 03:08 | INFO | Training Time Active Learning Regressor: 0.3 seconds
2025-02-11 03:08 | INFO | Query 39 Active Learning Runtime on Validation Set: 141346.72
2025-02-11 03:08 | INFO | Query 39 Active Learning Runtime on Test Set: 264219.64
2025-02-11 03:08 | INFO | Query 39 Active Learning Instance Cost: 375882.43
2025-02-11 03:08 | INFO | Timeout limit is increased to 2200
2025-02-11 03:08 | INFO | Query 40 Size of the uncertainty table is = 738/2160
2025-02-11 03:08 | INFO | Query 40 Size of the filtered table is = 22
2025-02-11 03:08 | INFO | Training Time Active Learning Classifier: 0.46 seconds
2025-02-11 03:08 | INFO | Training Time Active Learning Regressor: 0.3 seconds
2025-02-11 03:08 | INFO | Query 40 Active Learning Runtime on Validation Set: 103571.57
2025-02-11 03:08 | INFO | Query 40 Active Learning Runtime on Test Set: 300180.53
2025-02-11 03:08 | INFO | Query 40 Active Learning Instance Cost: 407956.63
2025-02-11 03:08 | INFO | Query 41 Size of the uncertainty table is = 717/2160
2025-02-11 03:08 | INFO | Query 41 Size of the filtered table is = 22
2025-02-11 03:08 | INFO | Training Time Active Learning Classifier: 0.46 seconds
2025-02-11 03:08 | INFO | Training Time Active Learning Regressor: 0.3 seconds
2025-02-11 03:08 | INFO | Query 41 Active Learning Runtime on Validation Set: 139402.42
2025-02-11 03:08 | INFO | Query 41 Active Learning Runtime on Test Set: 336181.55
2025-02-11 03:08 | INFO | Query 41 Active Learning Instance Cost: 422277.34
2025-02-11 03:08 | INFO | Timeout limit is increased to 2300
2025-02-11 03:08 | INFO | Query 42 Size of the uncertainty table is = 685/2160
2025-02-11 03:08 | INFO | Query 42 Size of the filtered table is = 22
2025-02-11 03:08 | INFO | Training Time Active Learning Classifier: 0.46 seconds
2025-02-11 03:08 | INFO | Training Time Active Learning Regressor: 0.3 seconds
2025-02-11 03:08 | INFO | Query 42 Active Learning Runtime on Validation Set: 139626.88
2025-02-11 03:08 | INFO | Query 42 Active Learning Runtime on Test Set: 336180.5
2025-02-11 03:08 | INFO | Query 42 Active Learning Instance Cost: 436159.51
2025-02-11 03:08 | INFO | Timeout limit is increased to 2400
2025-02-11 03:08 | INFO | Query 43 Size of the uncertainty table is = 657/2160
2025-02-11 03:08 | INFO | Query 43 Size of the filtered table is = 22
2025-02-11 03:08 | INFO | Training Time Active Learning Classifier: 0.46 seconds
2025-02-11 03:08 | INFO | Training Time Active Learning Regressor: 0.31 seconds
2025-02-11 03:08 | INFO | Query 43 Active Learning Runtime on Validation Set: 172897.46
2025-02-11 03:08 | INFO | Query 43 Active Learning Runtime on Test Set: 264296.23
2025-02-11 03:08 | INFO | Query 43 Active Learning Instance Cost: 455663.57
2025-02-11 03:08 | INFO | Timeout limit is increased to 2500
2025-02-11 03:08 | INFO | Query 44 Size of the uncertainty table is = 627/2160
2025-02-11 03:08 | INFO | Query 44 Size of the filtered table is = 22
2025-02-11 03:08 | INFO | Training Time Active Learning Classifier: 0.47 seconds
2025-02-11 03:08 | INFO | Training Time Active Learning Regressor: 0.31 seconds
2025-02-11 03:08 | INFO | Query 44 Active Learning Runtime on Validation Set: 139639.55
2025-02-11 03:08 | INFO | Query 44 Active Learning Runtime on Test Set: 228324.73
2025-02-11 03:08 | INFO | Query 44 Active Learning Instance Cost: 477951.73
2025-02-11 03:08 | INFO | Query 45 Size of the uncertainty table is = 603/2160
2025-02-11 03:08 | INFO | Query 45 Size of the filtered table is = 22
2025-02-11 03:08 | INFO | Training Time Active Learning Classifier: 0.47 seconds
2025-02-11 03:08 | INFO | Training Time Active Learning Regressor: 0.31 seconds
2025-02-11 03:08 | INFO | Query 45 Active Learning Runtime on Validation Set: 139804.79
2025-02-11 03:08 | INFO | Query 45 Active Learning Runtime on Test Set: 192326.12
2025-02-11 03:08 | INFO | Query 45 Active Learning Instance Cost: 504955.16
2025-02-11 03:08 | INFO | Timeout limit is increased to 2600
2025-02-11 03:08 | INFO | Query 46 Size of the uncertainty table is = 575/2160
2025-02-11 03:08 | INFO | Query 46 Size of the filtered table is = 22
2025-02-11 03:08 | INFO | Training Time Active Learning Classifier: 0.47 seconds
2025-02-11 03:08 | INFO | Training Time Active Learning Regressor: 0.32 seconds
2025-02-11 03:08 | INFO | Query 46 Active Learning Runtime on Validation Set: 136842.15
2025-02-11 03:08 | INFO | Query 46 Active Learning Runtime on Test Set: 192368.47
2025-02-11 03:08 | INFO | Query 46 Active Learning Instance Cost: 536006.84
2025-02-11 03:08 | INFO | Query 47 Size of the uncertainty table is = 538/2160
2025-02-11 03:08 | INFO | Query 47 Size of the filtered table is = 22
2025-02-11 03:08 | INFO | Training Time Active Learning Classifier: 0.47 seconds
2025-02-11 03:08 | INFO | Training Time Active Learning Regressor: 0.32 seconds
2025-02-11 03:08 | INFO | Query 47 Active Learning Runtime on Validation Set: 136842.15
2025-02-11 03:08 | INFO | Query 47 Active Learning Runtime on Test Set: 228295.3
2025-02-11 03:08 | INFO | Query 47 Active Learning Instance Cost: 576586.3
2025-02-11 03:08 | INFO | Timeout limit is increased to 2700
2025-02-11 03:08 | INFO | Query 48 Size of the uncertainty table is = 516/2160
2025-02-11 03:08 | INFO | Query 48 Size of the filtered table is = 22
2025-02-11 03:08 | INFO | Training Time Active Learning Classifier: 0.48 seconds
2025-02-11 03:08 | INFO | Training Time Active Learning Regressor: 0.32 seconds
2025-02-11 03:08 | INFO | Query 48 Active Learning Runtime on Validation Set: 103728.82
2025-02-11 03:08 | INFO | Query 48 Active Learning Runtime on Test Set: 228320.27
2025-02-11 03:08 | INFO | Query 48 Active Learning Instance Cost: 598250.01
2025-02-11 03:08 | INFO | Query 49 Size of the uncertainty table is = 492/2160
2025-02-11 03:08 | INFO | Query 49 Size of the filtered table is = 22
2025-02-11 03:08 | INFO | Training Time Active Learning Classifier: 0.48 seconds
2025-02-11 03:08 | INFO | Training Time Active Learning Regressor: 0.32 seconds
2025-02-11 03:09 | INFO | Query 49 Active Learning Runtime on Validation Set: 139454.93
2025-02-11 03:09 | INFO | Query 49 Active Learning Runtime on Test Set: 228256.7
2025-02-11 03:09 | INFO | Query 49 Active Learning Instance Cost: 640309.57
2025-02-11 03:09 | INFO | Timeout limit is increased to 2800
2025-02-11 03:09 | INFO | Query 50 Size of the uncertainty table is = 466/2160
2025-02-11 03:09 | INFO | Query 50 Size of the filtered table is = 22
2025-02-11 03:09 | INFO | Training Time Active Learning Classifier: 0.49 seconds
2025-02-11 03:09 | INFO | Training Time Active Learning Regressor: 0.32 seconds
2025-02-11 03:09 | INFO | Query 50 Active Learning Runtime on Validation Set: 103749.48
2025-02-11 03:09 | INFO | Query 50 Active Learning Runtime on Test Set: 264329.44
2025-02-11 03:09 | INFO | Query 50 Active Learning Instance Cost: 666045.63
2025-02-11 03:09 | INFO | Query 51 Size of the uncertainty table is = 434/2160
2025-02-11 03:09 | INFO | Query 51 Size of the filtered table is = 22
2025-02-11 03:09 | INFO | Training Time Active Learning Classifier: 0.49 seconds
2025-02-11 03:09 | INFO | Training Time Active Learning Regressor: 0.33 seconds
2025-02-11 03:09 | INFO | Query 51 Active Learning Runtime on Validation Set: 172652.35
2025-02-11 03:09 | INFO | Query 51 Active Learning Runtime on Test Set: 228368.05
2025-02-11 03:09 | INFO | Query 51 Active Learning Instance Cost: 702418.81
2025-02-11 03:09 | INFO | Timeout limit is increased to 2900
2025-02-11 03:09 | INFO | Query 52 Size of the uncertainty table is = 406/2160
2025-02-11 03:09 | INFO | Query 52 Size of the filtered table is = 22
2025-02-11 03:09 | INFO | Training Time Active Learning Classifier: 0.49 seconds
2025-02-11 03:09 | INFO | Training Time Active Learning Regressor: 0.33 seconds
2025-02-11 03:09 | INFO | Query 52 Active Learning Runtime on Validation Set: 139539.03
2025-02-11 03:09 | INFO | Query 52 Active Learning Runtime on Test Set: 264323.96
2025-02-11 03:09 | INFO | Query 52 Active Learning Instance Cost: 733825.57
2025-02-11 03:09 | INFO | Query 53 Size of the uncertainty table is = 376/2160
2025-02-11 03:09 | INFO | Query 53 Size of the filtered table is = 22
2025-02-11 03:09 | INFO | Training Time Active Learning Classifier: 0.49 seconds
2025-02-11 03:09 | INFO | Training Time Active Learning Regressor: 0.34 seconds
2025-02-11 03:09 | INFO | Query 53 Active Learning Runtime on Validation Set: 173250.02
2025-02-11 03:09 | INFO | Query 53 Active Learning Runtime on Test Set: 192377.19
2025-02-11 03:09 | INFO | Query 53 Active Learning Instance Cost: 766963.4
2025-02-11 03:09 | INFO | Timeout limit is increased to 3000
2025-02-11 03:09 | INFO | Query 54 Size of the uncertainty table is = 345/2160
2025-02-11 03:09 | INFO | Query 54 Size of the filtered table is = 22
2025-02-11 03:09 | INFO | Training Time Active Learning Classifier: 0.5 seconds
2025-02-11 03:09 | INFO | Training Time Active Learning Regressor: 0.33 seconds
2025-02-11 03:09 | INFO | Query 54 Active Learning Runtime on Validation Set: 136848.75
2025-02-11 03:09 | INFO | Query 54 Active Learning Runtime on Test Set: 192368.72
2025-02-11 03:09 | INFO | Query 54 Active Learning Instance Cost: 797283.54
2025-02-11 03:09 | INFO | Query 55 Size of the uncertainty table is = 320/2160
2025-02-11 03:09 | INFO | Query 55 Size of the filtered table is = 22
2025-02-11 03:09 | INFO | Training Time Active Learning Classifier: 0.51 seconds
2025-02-11 03:09 | INFO | Training Time Active Learning Regressor: 0.34 seconds
2025-02-11 03:09 | INFO | Query 55 Active Learning Runtime on Validation Set: 136917.51
2025-02-11 03:09 | INFO | Query 55 Active Learning Runtime on Test Set: 300251.06
2025-02-11 03:09 | INFO | Query 55 Active Learning Instance Cost: 824664.24
2025-02-11 03:09 | INFO | Timeout limit is increased to 3100
2025-02-11 03:09 | INFO | Query 56 Size of the uncertainty table is = 301/2160
2025-02-11 03:09 | INFO | Query 56 Size of the filtered table is = 22
2025-02-11 03:09 | INFO | Training Time Active Learning Classifier: 0.51 seconds
2025-02-11 03:09 | INFO | Training Time Active Learning Regressor: 0.34 seconds
2025-02-11 03:09 | INFO | Query 56 Active Learning Runtime on Validation Set: 103749.48
2025-02-11 03:09 | INFO | Query 56 Active Learning Runtime on Test Set: 230312.25
2025-02-11 03:09 | INFO | Query 56 Active Learning Instance Cost: 852878.29
2025-02-11 03:09 | INFO | Query 57 Size of the uncertainty table is = 281/2160
2025-02-11 03:09 | INFO | Query 57 Size of the filtered table is = 22
2025-02-11 03:09 | INFO | Training Time Active Learning Classifier: 0.51 seconds
2025-02-11 03:09 | INFO | Training Time Active Learning Regressor: 0.34 seconds
2025-02-11 03:09 | INFO | Query 57 Active Learning Runtime on Validation Set: 103749.48
2025-02-11 03:09 | INFO | Query 57 Active Learning Runtime on Test Set: 228921.64
2025-02-11 03:09 | INFO | Query 57 Active Learning Instance Cost: 891423.34
2025-02-11 03:09 | INFO | Timeout limit is increased to 3200
2025-02-11 03:09 | INFO | Query 58 Size of the uncertainty table is = 266/2160
2025-02-11 03:09 | INFO | Query 58 Size of the filtered table is = 22
2025-02-11 03:09 | INFO | Training Time Active Learning Classifier: 0.51 seconds
2025-02-11 03:09 | INFO | Training Time Active Learning Regressor: 0.34 seconds
2025-02-11 03:09 | INFO | Query 58 Active Learning Runtime on Validation Set: 139559.68
2025-02-11 03:09 | INFO | Query 58 Active Learning Runtime on Test Set: 228921.64
2025-02-11 03:09 | INFO | Query 58 Active Learning Instance Cost: 919532.95
2025-02-11 03:09 | INFO | Timeout limit is increased to 3300
2025-02-11 03:09 | INFO | Query 59 Size of the uncertainty table is = 263/2160
2025-02-11 03:09 | INFO | Query 59 Size of the filtered table is = 22
2025-02-11 03:09 | INFO | Training Time Active Learning Classifier: 0.51 seconds
2025-02-11 03:09 | INFO | Training Time Active Learning Regressor: 0.34 seconds
2025-02-11 03:09 | INFO | Query 59 Active Learning Runtime on Validation Set: 103749.48
2025-02-11 03:09 | INFO | Query 59 Active Learning Runtime on Test Set: 228367.65
2025-02-11 03:09 | INFO | Query 59 Active Learning Instance Cost: 944889.7
2025-02-11 03:09 | INFO | Query 60 Size of the uncertainty table is = 260/2160
2025-02-11 03:09 | INFO | Query 60 Size of the filtered table is = 22
2025-02-11 03:09 | INFO | Training Time Active Learning Classifier: 0.51 seconds
2025-02-11 03:09 | INFO | Training Time Active Learning Regressor: 0.34 seconds
2025-02-11 03:09 | INFO | Query 60 Active Learning Runtime on Validation Set: 103749.48
2025-02-11 03:09 | INFO | Query 60 Active Learning Runtime on Test Set: 228367.65
2025-02-11 03:09 | INFO | Query 60 Active Learning Instance Cost: 948889.7
2025-02-11 03:09 | INFO | Timeout limit is increased to 3400
2025-02-11 03:09 | INFO | Query 61 Size of the uncertainty table is = 260/2160
2025-02-11 03:09 | INFO | Query 61 Size of the filtered table is = 22
2025-02-11 03:09 | INFO | Training Time Active Learning Classifier: 0.51 seconds
2025-02-11 03:09 | INFO | Training Time Active Learning Regressor: 0.34 seconds
2025-02-11 03:09 | INFO | Query 61 Active Learning Runtime on Validation Set: 103749.48
2025-02-11 03:09 | INFO | Query 61 Active Learning Runtime on Test Set: 228367.65
2025-02-11 03:09 | INFO | Query 61 Active Learning Instance Cost: 967189.7
2025-02-11 03:09 | INFO | Timeout limit is increased to 3500
2025-02-11 03:09 | INFO | Query 62 Size of the uncertainty table is = 260/2160
2025-02-11 03:09 | INFO | Query 62 Size of the filtered table is = 22
2025-02-11 03:09 | INFO | Training Time Active Learning Classifier: 0.51 seconds
2025-02-11 03:09 | INFO | Training Time Active Learning Regressor: 0.34 seconds
2025-02-11 03:09 | INFO | Query 62 Active Learning Runtime on Validation Set: 139559.68
2025-02-11 03:09 | INFO | Query 62 Active Learning Runtime on Test Set: 264836.41
2025-02-11 03:09 | INFO | Query 62 Active Learning Instance Cost: 985276.88
2025-02-11 03:09 | INFO | Timeout limit is increased to 3600
2025-02-11 03:09 | INFO | Query 63 Size of the uncertainty table is = 257/2160
2025-02-11 03:09 | INFO | Query 63 Size of the filtered table is = 22
2025-02-11 03:09 | INFO | Training Time Active Learning Classifier: 0.51 seconds
2025-02-11 03:09 | INFO | Training Time Active Learning Regressor: 0.34 seconds
2025-02-11 03:09 | INFO | Query 63 Active Learning Runtime on Validation Set: 139559.68
2025-02-11 03:09 | INFO | Query 63 Active Learning Runtime on Test Set: 228914.81
2025-02-11 03:09 | INFO | Query 63 Active Learning Instance Cost: 992923.46
2025-02-11 03:09 | INFO | Timeout limit is increased to 3600
2025-02-11 03:09 | INFO | Active Learning Emissions: 0.0027100962252947594
2025-02-11 03:09 | INFO | Active Learning Energy Consumption: 0.0029486538971661104 kWh
2025-02-11 03:09 | INFO | runtime_test_score is written as json file
2025-02-11 03:09 | INFO | runtime_validation_score is written as json file
2025-02-11 03:09 | INFO | instance_cost is written as json file
2025-02-11 03:09 | INFO | Experiment is finished
