2025-02-11 03:09 | INFO | Paramaters are: {'dataset': 'CSP-2010', 'penalty': 10, 'weight': 'No_Weight', 'voting': 'Hard', 'pre_selection_size': 64, 'pre_selection_technique': 'No_pre_selection', 'feature_elimination_threshold': 20, 'imputer_strategy': 'median', 'feature_selection_technique': 'No_feature_selection', 'feature_scaling_technique': 'StandardScaler', 'initial_train_size': 20, 'query_size': 1, 'timeout_predictor_usage': 'No', 'pareto_features': {'Uncertainty': 'max', 'PredDiff': 'max'}, 'timeout_limit': 100, 'timeout_increase_rate': 100, 'penalty_type': 'Only-timeout-penalty', 'RANDOM_STATE_SEED': 123, 'n_splits': 10, 'split_number': 5, 'max_timeout': 3600, 'param_grid': {'n_estimators': 100, 'max_features': 'sqrt', 'max_depth': 2147483648, 'min_samples_split': 2, 'bootstrap': True}}
2025-02-11 03:09 | INFO | CSP-2010 is current dataset
2025-02-11 03:09 | INFO | DATASETS/CSP-2010/algorithm_runs.csv is found
2025-02-11 03:09 | INFO | DATASETS/CSP-2010/algorithm_runs.csv is finished
2025-02-11 03:09 | INFO | DATASETS/CSP-2010/feature_values.csv is found
2025-02-11 03:09 | INFO | DATASETS/CSP-2010/feature_values.csv is finished
2025-02-11 03:09 | INFO | Virtual best solver time in train = 71606.65
2025-02-11 03:09 | INFO | Single best solver list train = {'learning': 3205484.38, 'standard': 1063949.97}
2025-02-11 03:09 | INFO | Single best solver time train = standard (1063949.97)
2025-02-11 03:09 | INFO | Virtual best solver time in validation = 95375.52
2025-02-11 03:09 | INFO | Single best solver list validation = {'learning': 5096185.08, 'standard': 99859.93}
2025-02-11 03:09 | INFO | Single best solver time validation = standard (99859.93)
2025-02-11 03:09 | INFO | Virtual best solver time in test = 16451.18
2025-02-11 03:09 | INFO | Single best solver list test = {'learning': 1037484.78, 'standard': 233454.51}
2025-02-11 03:09 | INFO | Single best solver time test = standard (233454.51)
2025-02-11 03:09 | INFO | Training Time Passive Learning Classifier: 0.24 seconds
2025-02-11 03:09 | INFO | Training Time Passive Learning Regressor: 0.74 seconds
2025-02-11 03:10 | INFO | Passive Learning Classifier Runtime on Validation Set: 99859.93
2025-02-11 03:10 | INFO | Passive Learning Classifier Runtime on Test Set: 16507.18
2025-02-11 03:10 | INFO | Passive Learning Instance Cost: 640634.35
2025-02-11 03:10 | INFO | Passive Learning Emissions: 2.6668993170212656e-05
2025-02-11 03:10 | INFO | Passive Learning Energy Consumption: 2.901654557903789e-05 kWh
2025-02-11 03:10 | INFO | Training Time Active Learning Classifier: 0.06 seconds
2025-02-11 03:10 | INFO | Training Time Active Learning Regressor: 0.09 seconds
2025-02-11 03:10 | INFO | Initial Active Learning Runtime on Validation Set: 95408.82
2025-02-11 03:10 | INFO | Initial Active Learning Runtime on Test Set: 233451.11
2025-02-11 03:10 | INFO | Initial Active Learning Instance Cost: 508.36
2025-02-11 03:10 | INFO | Bin size = 12
2025-02-11 03:10 | INFO | Query 1 Size of the uncertainty table is = 1200/1200
2025-02-11 03:10 | INFO | Query 1 Size of the filtered table is = 14
2025-02-11 03:10 | INFO | Training Time Active Learning Classifier: 0.06 seconds
2025-02-11 03:10 | INFO | Training Time Active Learning Regressor: 0.1 seconds
2025-02-11 03:10 | INFO | Query 1 Active Learning Runtime on Validation Set: 99859.93
2025-02-11 03:10 | INFO | Query 1 Active Learning Runtime on Test Set: 233448.97
2025-02-11 03:10 | INFO | Query 1 Active Learning Instance Cost: 1283.19
2025-02-11 03:10 | INFO | Timeout limit is increased to 200
2025-02-11 03:10 | INFO | Query 2 Size of the uncertainty table is = 1189/1200
2025-02-11 03:10 | INFO | Query 2 Size of the filtered table is = 13
2025-02-11 03:10 | INFO | Training Time Active Learning Classifier: 0.06 seconds
2025-02-11 03:10 | INFO | Training Time Active Learning Regressor: 0.1 seconds
2025-02-11 03:10 | INFO | Query 2 Active Learning Runtime on Validation Set: 99859.93
2025-02-11 03:10 | INFO | Query 2 Active Learning Runtime on Test Set: 195262.5
2025-02-11 03:10 | INFO | Query 2 Active Learning Instance Cost: 2675.61
2025-02-11 03:10 | INFO | Timeout limit is increased to 300
2025-02-11 03:10 | INFO | Query 3 Size of the uncertainty table is = 1178/1200
2025-02-11 03:10 | INFO | Query 3 Size of the filtered table is = 13
2025-02-11 03:10 | INFO | Training Time Active Learning Classifier: 0.06 seconds
2025-02-11 03:10 | INFO | Training Time Active Learning Regressor: 0.11 seconds
2025-02-11 03:10 | INFO | Query 3 Active Learning Runtime on Validation Set: 99859.93
2025-02-11 03:10 | INFO | Query 3 Active Learning Runtime on Test Set: 195241.39
2025-02-11 03:10 | INFO | Query 3 Active Learning Instance Cost: 3820.88
2025-02-11 03:10 | INFO | Timeout limit is increased to 400
2025-02-11 03:10 | INFO | Query 4 Size of the uncertainty table is = 1166/1200
2025-02-11 03:10 | INFO | Query 4 Size of the filtered table is = 12
2025-02-11 03:10 | INFO | Training Time Active Learning Classifier: 0.06 seconds
2025-02-11 03:10 | INFO | Training Time Active Learning Regressor: 0.11 seconds
2025-02-11 03:10 | INFO | Query 4 Active Learning Runtime on Validation Set: 99859.93
2025-02-11 03:10 | INFO | Query 4 Active Learning Runtime on Test Set: 195241.64
2025-02-11 03:10 | INFO | Query 4 Active Learning Instance Cost: 7904.07
2025-02-11 03:10 | INFO | Timeout limit is increased to 500
2025-02-11 03:10 | INFO | Query 5 Size of the uncertainty table is = 1156/1200
2025-02-11 03:10 | INFO | Query 5 Size of the filtered table is = 12
2025-02-11 03:10 | INFO | Training Time Active Learning Classifier: 0.06 seconds
2025-02-11 03:10 | INFO | Training Time Active Learning Regressor: 0.11 seconds
2025-02-11 03:10 | INFO | Query 5 Active Learning Runtime on Validation Set: 99859.93
2025-02-11 03:10 | INFO | Query 5 Active Learning Runtime on Test Set: 195239.69
2025-02-11 03:10 | INFO | Query 5 Active Learning Instance Cost: 10563.65
2025-02-11 03:10 | INFO | Timeout limit is increased to 600
2025-02-11 03:10 | INFO | Query 6 Size of the uncertainty table is = 1145/1200
2025-02-11 03:10 | INFO | Query 6 Size of the filtered table is = 12
2025-02-11 03:10 | INFO | Training Time Active Learning Classifier: 0.06 seconds
2025-02-11 03:10 | INFO | Training Time Active Learning Regressor: 0.12 seconds
2025-02-11 03:10 | INFO | Query 6 Active Learning Runtime on Validation Set: 99859.93
2025-02-11 03:10 | INFO | Query 6 Active Learning Runtime on Test Set: 195239.55
2025-02-11 03:10 | INFO | Query 6 Active Learning Instance Cost: 12385.9
2025-02-11 03:10 | INFO | Timeout limit is increased to 700
2025-02-11 03:10 | INFO | Query 7 Size of the uncertainty table is = 1134/1200
2025-02-11 03:10 | INFO | Query 7 Size of the filtered table is = 21
2025-02-11 03:10 | INFO | Training Time Active Learning Classifier: 0.06 seconds
2025-02-11 03:10 | INFO | Training Time Active Learning Regressor: 0.12 seconds
2025-02-11 03:10 | INFO | Query 7 Active Learning Runtime on Validation Set: 99859.93
2025-02-11 03:10 | INFO | Query 7 Active Learning Runtime on Test Set: 195238.34
2025-02-11 03:10 | INFO | Query 7 Active Learning Instance Cost: 14537.03
2025-02-11 03:10 | INFO | Timeout limit is increased to 800
2025-02-11 03:10 | INFO | Query 8 Size of the uncertainty table is = 1123/1200
2025-02-11 03:10 | INFO | Query 8 Size of the filtered table is = 16
2025-02-11 03:10 | INFO | Training Time Active Learning Classifier: 0.06 seconds
2025-02-11 03:10 | INFO | Training Time Active Learning Regressor: 0.13 seconds
2025-02-11 03:10 | INFO | Query 8 Active Learning Runtime on Validation Set: 99859.93
2025-02-11 03:10 | INFO | Query 8 Active Learning Runtime on Test Set: 195238.09
2025-02-11 03:10 | INFO | Query 8 Active Learning Instance Cost: 15600.4
2025-02-11 03:10 | INFO | Timeout limit is increased to 900
2025-02-11 03:10 | INFO | Query 9 Size of the uncertainty table is = 1111/1200
2025-02-11 03:10 | INFO | Query 9 Size of the filtered table is = 12
2025-02-11 03:10 | INFO | Training Time Active Learning Classifier: 0.07 seconds
2025-02-11 03:10 | INFO | Training Time Active Learning Regressor: 0.13 seconds
2025-02-11 03:10 | INFO | Query 9 Active Learning Runtime on Validation Set: 99859.93
2025-02-11 03:10 | INFO | Query 9 Active Learning Runtime on Test Set: 195237.23
2025-02-11 03:10 | INFO | Query 9 Active Learning Instance Cost: 20556.11
2025-02-11 03:10 | INFO | Timeout limit is increased to 1000
2025-02-11 03:10 | INFO | Query 10 Size of the uncertainty table is = 1099/1200
2025-02-11 03:10 | INFO | Query 10 Size of the filtered table is = 12
2025-02-11 03:10 | INFO | Training Time Active Learning Classifier: 0.07 seconds
2025-02-11 03:10 | INFO | Training Time Active Learning Regressor: 0.14 seconds
2025-02-11 03:10 | INFO | Query 10 Active Learning Runtime on Validation Set: 99859.93
2025-02-11 03:10 | INFO | Query 10 Active Learning Runtime on Test Set: 195238.06
2025-02-11 03:10 | INFO | Query 10 Active Learning Instance Cost: 26396.65
2025-02-11 03:10 | INFO | Timeout limit is increased to 1100
2025-02-11 03:10 | INFO | Query 11 Size of the uncertainty table is = 1087/1200
2025-02-11 03:10 | INFO | Query 11 Size of the filtered table is = 16
2025-02-11 03:10 | INFO | Training Time Active Learning Classifier: 0.07 seconds
2025-02-11 03:10 | INFO | Training Time Active Learning Regressor: 0.15 seconds
2025-02-11 03:10 | INFO | Query 11 Active Learning Runtime on Validation Set: 99859.93
2025-02-11 03:10 | INFO | Query 11 Active Learning Runtime on Test Set: 195237.9
2025-02-11 03:10 | INFO | Query 11 Active Learning Instance Cost: 32168.48
2025-02-11 03:10 | INFO | Timeout limit is increased to 1200
2025-02-11 03:10 | INFO | Query 12 Size of the uncertainty table is = 1076/1200
2025-02-11 03:10 | INFO | Query 12 Size of the filtered table is = 15
2025-02-11 03:10 | INFO | Training Time Active Learning Classifier: 0.07 seconds
2025-02-11 03:10 | INFO | Training Time Active Learning Regressor: 0.15 seconds
2025-02-11 03:10 | INFO | Query 12 Active Learning Runtime on Validation Set: 99859.93
2025-02-11 03:10 | INFO | Query 12 Active Learning Runtime on Test Set: 195237.34
2025-02-11 03:10 | INFO | Query 12 Active Learning Instance Cost: 33609.98
2025-02-11 03:10 | INFO | Timeout limit is increased to 1300
2025-02-11 03:10 | INFO | Query 13 Size of the uncertainty table is = 1064/1200
2025-02-11 03:10 | INFO | Query 13 Size of the filtered table is = 12
2025-02-11 03:10 | INFO | Training Time Active Learning Classifier: 0.07 seconds
2025-02-11 03:10 | INFO | Training Time Active Learning Regressor: 0.16 seconds
2025-02-11 03:10 | INFO | Query 13 Active Learning Runtime on Validation Set: 99859.93
2025-02-11 03:10 | INFO | Query 13 Active Learning Runtime on Test Set: 195237.34
2025-02-11 03:10 | INFO | Query 13 Active Learning Instance Cost: 36354.77
2025-02-11 03:10 | INFO | Timeout limit is increased to 1400
2025-02-11 03:10 | INFO | Query 14 Size of the uncertainty table is = 1052/1200
2025-02-11 03:10 | INFO | Query 14 Size of the filtered table is = 14
2025-02-11 03:10 | INFO | Training Time Active Learning Classifier: 0.07 seconds
2025-02-11 03:10 | INFO | Training Time Active Learning Regressor: 0.17 seconds
2025-02-11 03:10 | INFO | Query 14 Active Learning Runtime on Validation Set: 99859.93
2025-02-11 03:10 | INFO | Query 14 Active Learning Runtime on Test Set: 195237.1
2025-02-11 03:10 | INFO | Query 14 Active Learning Instance Cost: 41102.98
2025-02-11 03:10 | INFO | Timeout limit is increased to 1500
2025-02-11 03:10 | INFO | Query 15 Size of the uncertainty table is = 1040/1200
2025-02-11 03:10 | INFO | Query 15 Size of the filtered table is = 12
2025-02-11 03:10 | INFO | Training Time Active Learning Classifier: 0.08 seconds
2025-02-11 03:10 | INFO | Training Time Active Learning Regressor: 0.17 seconds
2025-02-11 03:10 | INFO | Query 15 Active Learning Runtime on Validation Set: 99859.93
2025-02-11 03:10 | INFO | Query 15 Active Learning Runtime on Test Set: 195237.28
2025-02-11 03:10 | INFO | Query 15 Active Learning Instance Cost: 46476.65
2025-02-11 03:10 | INFO | Timeout limit is increased to 1600
2025-02-11 03:10 | INFO | Query 16 Size of the uncertainty table is = 1028/1200
2025-02-11 03:10 | INFO | Query 16 Size of the filtered table is = 12
2025-02-11 03:10 | INFO | Training Time Active Learning Classifier: 0.08 seconds
2025-02-11 03:10 | INFO | Training Time Active Learning Regressor: 0.18 seconds
2025-02-11 03:10 | INFO | Query 16 Active Learning Runtime on Validation Set: 99859.93
2025-02-11 03:10 | INFO | Query 16 Active Learning Runtime on Test Set: 195236.98
2025-02-11 03:10 | INFO | Query 16 Active Learning Instance Cost: 54882.07
2025-02-11 03:10 | INFO | Timeout limit is increased to 1700
2025-02-11 03:10 | INFO | Query 17 Size of the uncertainty table is = 1017/1200
2025-02-11 03:10 | INFO | Query 17 Size of the filtered table is = 12
2025-02-11 03:10 | INFO | Training Time Active Learning Classifier: 0.08 seconds
2025-02-11 03:10 | INFO | Training Time Active Learning Regressor: 0.18 seconds
2025-02-11 03:10 | INFO | Query 17 Active Learning Runtime on Validation Set: 99859.93
2025-02-11 03:10 | INFO | Query 17 Active Learning Runtime on Test Set: 195237.13
2025-02-11 03:10 | INFO | Query 17 Active Learning Instance Cost: 66434.36
2025-02-11 03:10 | INFO | Timeout limit is increased to 1800
2025-02-11 03:10 | INFO | Query 18 Size of the uncertainty table is = 1007/1200
2025-02-11 03:10 | INFO | Query 18 Size of the filtered table is = 21
2025-02-11 03:10 | INFO | Training Time Active Learning Classifier: 0.08 seconds
2025-02-11 03:10 | INFO | Training Time Active Learning Regressor: 0.19 seconds
2025-02-11 03:10 | INFO | Query 18 Active Learning Runtime on Validation Set: 99859.93
2025-02-11 03:10 | INFO | Query 18 Active Learning Runtime on Test Set: 159220.93
2025-02-11 03:10 | INFO | Query 18 Active Learning Instance Cost: 72488.12
2025-02-11 03:10 | INFO | Timeout limit is increased to 1900
2025-02-11 03:10 | INFO | Query 19 Size of the uncertainty table is = 995/1200
2025-02-11 03:10 | INFO | Query 19 Size of the filtered table is = 12
2025-02-11 03:10 | INFO | Training Time Active Learning Classifier: 0.08 seconds
2025-02-11 03:10 | INFO | Training Time Active Learning Regressor: 0.2 seconds
2025-02-11 03:10 | INFO | Query 19 Active Learning Runtime on Validation Set: 99859.93
2025-02-11 03:10 | INFO | Query 19 Active Learning Runtime on Test Set: 159221.04
2025-02-11 03:10 | INFO | Query 19 Active Learning Instance Cost: 86901.51
2025-02-11 03:10 | INFO | Timeout limit is increased to 2000
2025-02-11 03:10 | INFO | Query 20 Size of the uncertainty table is = 983/1200
2025-02-11 03:10 | INFO | Query 20 Size of the filtered table is = 14
2025-02-11 03:10 | INFO | Training Time Active Learning Classifier: 0.08 seconds
2025-02-11 03:10 | INFO | Training Time Active Learning Regressor: 0.2 seconds
2025-02-11 03:10 | INFO | Query 20 Active Learning Runtime on Validation Set: 99859.93
2025-02-11 03:10 | INFO | Query 20 Active Learning Runtime on Test Set: 159220.42
2025-02-11 03:10 | INFO | Query 20 Active Learning Instance Cost: 90936.9
2025-02-11 03:10 | INFO | Timeout limit is increased to 2100
2025-02-11 03:10 | INFO | Query 21 Size of the uncertainty table is = 971/1200
2025-02-11 03:10 | INFO | Query 21 Size of the filtered table is = 12
2025-02-11 03:10 | INFO | Training Time Active Learning Classifier: 0.09 seconds
2025-02-11 03:10 | INFO | Training Time Active Learning Regressor: 0.21 seconds
2025-02-11 03:10 | INFO | Query 21 Active Learning Runtime on Validation Set: 99859.93
2025-02-11 03:10 | INFO | Query 21 Active Learning Runtime on Test Set: 159221.33
2025-02-11 03:10 | INFO | Query 21 Active Learning Instance Cost: 100939.41
2025-02-11 03:10 | INFO | Timeout limit is increased to 2200
2025-02-11 03:10 | INFO | Query 22 Size of the uncertainty table is = 959/1200
2025-02-11 03:10 | INFO | Query 22 Size of the filtered table is = 12
2025-02-11 03:10 | INFO | Training Time Active Learning Classifier: 0.09 seconds
2025-02-11 03:10 | INFO | Training Time Active Learning Regressor: 0.22 seconds
2025-02-11 03:10 | INFO | Query 22 Active Learning Runtime on Validation Set: 99859.93
2025-02-11 03:10 | INFO | Query 22 Active Learning Runtime on Test Set: 159221.06
2025-02-11 03:10 | INFO | Query 22 Active Learning Instance Cost: 111734.16
2025-02-11 03:10 | INFO | Timeout limit is increased to 2300
2025-02-11 03:10 | INFO | Query 23 Size of the uncertainty table is = 948/1200
2025-02-11 03:10 | INFO | Query 23 Size of the filtered table is = 12
2025-02-11 03:10 | INFO | Training Time Active Learning Classifier: 0.09 seconds
2025-02-11 03:10 | INFO | Training Time Active Learning Regressor: 0.22 seconds
2025-02-11 03:10 | INFO | Query 23 Active Learning Runtime on Validation Set: 99859.93
2025-02-11 03:10 | INFO | Query 23 Active Learning Runtime on Test Set: 159221.69
2025-02-11 03:10 | INFO | Query 23 Active Learning Instance Cost: 119633.99
2025-02-11 03:10 | INFO | Timeout limit is increased to 2400
2025-02-11 03:10 | INFO | Query 24 Size of the uncertainty table is = 938/1200
2025-02-11 03:10 | INFO | Query 24 Size of the filtered table is = 12
2025-02-11 03:10 | INFO | Training Time Active Learning Classifier: 0.09 seconds
2025-02-11 03:10 | INFO | Training Time Active Learning Regressor: 0.23 seconds
2025-02-11 03:10 | INFO | Query 24 Active Learning Runtime on Validation Set: 99859.93
2025-02-11 03:10 | INFO | Query 24 Active Learning Runtime on Test Set: 159221.54
2025-02-11 03:10 | INFO | Query 24 Active Learning Instance Cost: 132297.14
2025-02-11 03:10 | INFO | Timeout limit is increased to 2500
2025-02-11 03:10 | INFO | Query 25 Size of the uncertainty table is = 928/1200
2025-02-11 03:10 | INFO | Query 25 Size of the filtered table is = 12
2025-02-11 03:10 | INFO | Training Time Active Learning Classifier: 0.09 seconds
2025-02-11 03:10 | INFO | Training Time Active Learning Regressor: 0.23 seconds
2025-02-11 03:10 | INFO | Query 25 Active Learning Runtime on Validation Set: 99859.93
2025-02-11 03:10 | INFO | Query 25 Active Learning Runtime on Test Set: 159221.55
2025-02-11 03:10 | INFO | Query 25 Active Learning Instance Cost: 137575.44
2025-02-11 03:10 | INFO | Timeout limit is increased to 2600
2025-02-11 03:10 | INFO | Query 26 Size of the uncertainty table is = 917/1200
2025-02-11 03:10 | INFO | Query 26 Size of the filtered table is = 12
2025-02-11 03:10 | INFO | Training Time Active Learning Classifier: 0.1 seconds
2025-02-11 03:10 | INFO | Training Time Active Learning Regressor: 0.24 seconds
2025-02-11 03:10 | INFO | Query 26 Active Learning Runtime on Validation Set: 99859.93
2025-02-11 03:10 | INFO | Query 26 Active Learning Runtime on Test Set: 159221.44
2025-02-11 03:10 | INFO | Query 26 Active Learning Instance Cost: 151135.05
2025-02-11 03:10 | INFO | Timeout limit is increased to 2700
2025-02-11 03:10 | INFO | Query 27 Size of the uncertainty table is = 906/1200
2025-02-11 03:10 | INFO | Query 27 Size of the filtered table is = 12
2025-02-11 03:10 | INFO | Training Time Active Learning Classifier: 0.1 seconds
2025-02-11 03:10 | INFO | Training Time Active Learning Regressor: 0.24 seconds
2025-02-11 03:10 | INFO | Query 27 Active Learning Runtime on Validation Set: 99859.93
2025-02-11 03:10 | INFO | Query 27 Active Learning Runtime on Test Set: 159221.62
2025-02-11 03:10 | INFO | Query 27 Active Learning Instance Cost: 157983.38
2025-02-11 03:10 | INFO | Timeout limit is increased to 2800
2025-02-11 03:10 | INFO | Query 28 Size of the uncertainty table is = 895/1200
2025-02-11 03:10 | INFO | Query 28 Size of the filtered table is = 12
2025-02-11 03:10 | INFO | Training Time Active Learning Classifier: 0.1 seconds
2025-02-11 03:10 | INFO | Training Time Active Learning Regressor: 0.25 seconds
2025-02-11 03:10 | INFO | Query 28 Active Learning Runtime on Validation Set: 99859.93
2025-02-11 03:10 | INFO | Query 28 Active Learning Runtime on Test Set: 159221.51
2025-02-11 03:10 | INFO | Query 28 Active Learning Instance Cost: 161180.48
2025-02-11 03:10 | INFO | Timeout limit is increased to 2900
2025-02-11 03:10 | INFO | Query 29 Size of the uncertainty table is = 884/1200
2025-02-11 03:10 | INFO | Query 29 Size of the filtered table is = 12
2025-02-11 03:10 | INFO | Training Time Active Learning Classifier: 0.1 seconds
2025-02-11 03:10 | INFO | Training Time Active Learning Regressor: 0.25 seconds
2025-02-11 03:11 | INFO | Query 29 Active Learning Runtime on Validation Set: 99859.93
2025-02-11 03:11 | INFO | Query 29 Active Learning Runtime on Test Set: 159221.51
2025-02-11 03:11 | INFO | Query 29 Active Learning Instance Cost: 178354.81
2025-02-11 03:11 | INFO | Timeout limit is increased to 3000
2025-02-11 03:11 | INFO | Query 30 Size of the uncertainty table is = 875/1200
2025-02-11 03:11 | INFO | Query 30 Size of the filtered table is = 12
2025-02-11 03:11 | INFO | Training Time Active Learning Classifier: 0.1 seconds
2025-02-11 03:11 | INFO | Training Time Active Learning Regressor: 0.26 seconds
2025-02-11 03:11 | INFO | Query 30 Active Learning Runtime on Validation Set: 99859.93
2025-02-11 03:11 | INFO | Query 30 Active Learning Runtime on Test Set: 88502.59
2025-02-11 03:11 | INFO | Query 30 Active Learning Instance Cost: 187043.31
2025-02-11 03:11 | INFO | Timeout limit is increased to 3100
2025-02-11 03:11 | INFO | Query 31 Size of the uncertainty table is = 866/1200
2025-02-11 03:11 | INFO | Query 31 Size of the filtered table is = 12
2025-02-11 03:11 | INFO | Training Time Active Learning Classifier: 0.1 seconds
2025-02-11 03:11 | INFO | Training Time Active Learning Regressor: 0.26 seconds
2025-02-11 03:11 | INFO | Query 31 Active Learning Runtime on Validation Set: 99859.93
2025-02-11 03:11 | INFO | Query 31 Active Learning Runtime on Test Set: 88502.65
2025-02-11 03:11 | INFO | Query 31 Active Learning Instance Cost: 198839.2
2025-02-11 03:11 | INFO | Timeout limit is increased to 3200
2025-02-11 03:11 | INFO | Query 32 Size of the uncertainty table is = 857/1200
2025-02-11 03:11 | INFO | Query 32 Size of the filtered table is = 12
2025-02-11 03:11 | INFO | Training Time Active Learning Classifier: 0.11 seconds
2025-02-11 03:11 | INFO | Training Time Active Learning Regressor: 0.27 seconds
2025-02-11 03:11 | INFO | Query 32 Active Learning Runtime on Validation Set: 99859.93
2025-02-11 03:11 | INFO | Query 32 Active Learning Runtime on Test Set: 159221.73
2025-02-11 03:11 | INFO | Query 32 Active Learning Instance Cost: 205843.25
2025-02-11 03:11 | INFO | Timeout limit is increased to 3300
2025-02-11 03:11 | INFO | Query 33 Size of the uncertainty table is = 847/1200
2025-02-11 03:11 | INFO | Query 33 Size of the filtered table is = 12
2025-02-11 03:11 | INFO | Training Time Active Learning Classifier: 0.11 seconds
2025-02-11 03:11 | INFO | Training Time Active Learning Regressor: 0.27 seconds
2025-02-11 03:11 | INFO | Query 33 Active Learning Runtime on Validation Set: 99859.93
2025-02-11 03:11 | INFO | Query 33 Active Learning Runtime on Test Set: 88502.7
2025-02-11 03:11 | INFO | Query 33 Active Learning Instance Cost: 215379.85
2025-02-11 03:11 | INFO | Timeout limit is increased to 3400
2025-02-11 03:11 | INFO | Query 34 Size of the uncertainty table is = 837/1200
2025-02-11 03:11 | INFO | Query 34 Size of the filtered table is = 12
2025-02-11 03:11 | INFO | Training Time Active Learning Classifier: 0.11 seconds
2025-02-11 03:11 | INFO | Training Time Active Learning Regressor: 0.28 seconds
2025-02-11 03:11 | INFO | Query 34 Active Learning Runtime on Validation Set: 99859.93
2025-02-11 03:11 | INFO | Query 34 Active Learning Runtime on Test Set: 88501.74
2025-02-11 03:11 | INFO | Query 34 Active Learning Instance Cost: 231889.83
2025-02-11 03:11 | INFO | Timeout limit is increased to 3500
2025-02-11 03:11 | INFO | Query 35 Size of the uncertainty table is = 828/1200
2025-02-11 03:11 | INFO | Query 35 Size of the filtered table is = 12
2025-02-11 03:11 | INFO | Training Time Active Learning Classifier: 0.11 seconds
2025-02-11 03:11 | INFO | Training Time Active Learning Regressor: 0.28 seconds
2025-02-11 03:11 | INFO | Query 35 Active Learning Runtime on Validation Set: 99859.93
2025-02-11 03:11 | INFO | Query 35 Active Learning Runtime on Test Set: 88501.85
2025-02-11 03:11 | INFO | Query 35 Active Learning Instance Cost: 248756.19
2025-02-11 03:11 | INFO | Timeout limit is increased to 3600
2025-02-11 03:11 | INFO | Query 36 Size of the uncertainty table is = 820/1200
2025-02-11 03:11 | INFO | Query 36 Size of the filtered table is = 12
2025-02-11 03:11 | INFO | Training Time Active Learning Classifier: 0.11 seconds
2025-02-11 03:11 | INFO | Training Time Active Learning Regressor: 0.29 seconds
2025-02-11 03:11 | INFO | Query 36 Active Learning Runtime on Validation Set: 99859.93
2025-02-11 03:11 | INFO | Query 36 Active Learning Runtime on Test Set: 159220.6
2025-02-11 03:11 | INFO | Query 36 Active Learning Instance Cost: 253818.42
2025-02-11 03:11 | INFO | Timeout limit is increased to 3600
2025-02-11 03:11 | INFO | Query 37 Size of the uncertainty table is = 806/1200
2025-02-11 03:11 | INFO | Query 37 Size of the filtered table is = 16
2025-02-11 03:11 | INFO | Training Time Active Learning Classifier: 0.11 seconds
2025-02-11 03:11 | INFO | Training Time Active Learning Regressor: 0.3 seconds
2025-02-11 03:11 | INFO | Query 37 Active Learning Runtime on Validation Set: 99859.93
2025-02-11 03:11 | INFO | Query 37 Active Learning Runtime on Test Set: 159220.83
2025-02-11 03:11 | INFO | Query 37 Active Learning Instance Cost: 259616.36
2025-02-11 03:11 | INFO | Timeout limit is increased to 3600
2025-02-11 03:11 | INFO | Query 38 Size of the uncertainty table is = 794/1200
2025-02-11 03:11 | INFO | Query 38 Size of the filtered table is = 13
2025-02-11 03:11 | INFO | Training Time Active Learning Classifier: 0.11 seconds
2025-02-11 03:11 | INFO | Training Time Active Learning Regressor: 0.3 seconds
2025-02-11 03:11 | INFO | Query 38 Active Learning Runtime on Validation Set: 99859.93
2025-02-11 03:11 | INFO | Query 38 Active Learning Runtime on Test Set: 88501.68
2025-02-11 03:11 | INFO | Query 38 Active Learning Instance Cost: 275090.97
2025-02-11 03:11 | INFO | Timeout limit is increased to 3600
2025-02-11 03:11 | INFO | Query 39 Size of the uncertainty table is = 782/1200
2025-02-11 03:11 | INFO | Query 39 Size of the filtered table is = 12
2025-02-11 03:11 | INFO | Training Time Active Learning Classifier: 0.12 seconds
2025-02-11 03:11 | INFO | Training Time Active Learning Regressor: 0.31 seconds
2025-02-11 03:11 | INFO | Query 39 Active Learning Runtime on Validation Set: 99859.93
2025-02-11 03:11 | INFO | Query 39 Active Learning Runtime on Test Set: 16501.86
2025-02-11 03:11 | INFO | Query 39 Active Learning Instance Cost: 282564.05
2025-02-11 03:11 | INFO | Timeout limit is increased to 3600
2025-02-11 03:11 | INFO | Query 40 Size of the uncertainty table is = 770/1200
2025-02-11 03:11 | INFO | Query 40 Size of the filtered table is = 12
2025-02-11 03:11 | INFO | Training Time Active Learning Classifier: 0.12 seconds
2025-02-11 03:11 | INFO | Training Time Active Learning Regressor: 0.32 seconds
2025-02-11 03:11 | INFO | Query 40 Active Learning Runtime on Validation Set: 99859.93
2025-02-11 03:11 | INFO | Query 40 Active Learning Runtime on Test Set: 16501.88
2025-02-11 03:11 | INFO | Query 40 Active Learning Instance Cost: 290338.19
2025-02-11 03:11 | INFO | Timeout limit is increased to 3600
2025-02-11 03:11 | INFO | Query 41 Size of the uncertainty table is = 758/1200
2025-02-11 03:11 | INFO | Query 41 Size of the filtered table is = 15
2025-02-11 03:11 | INFO | Training Time Active Learning Classifier: 0.12 seconds
2025-02-11 03:11 | INFO | Training Time Active Learning Regressor: 0.33 seconds
2025-02-11 03:11 | INFO | Query 41 Active Learning Runtime on Validation Set: 99859.93
2025-02-11 03:11 | INFO | Query 41 Active Learning Runtime on Test Set: 88501.85
2025-02-11 03:11 | INFO | Query 41 Active Learning Instance Cost: 294291.67
2025-02-11 03:11 | INFO | Timeout limit is increased to 3600
2025-02-11 03:11 | INFO | Query 42 Size of the uncertainty table is = 746/1200
2025-02-11 03:11 | INFO | Query 42 Size of the filtered table is = 12
2025-02-11 03:11 | INFO | Training Time Active Learning Classifier: 0.12 seconds
2025-02-11 03:11 | INFO | Training Time Active Learning Regressor: 0.33 seconds
2025-02-11 03:11 | INFO | Query 42 Active Learning Runtime on Validation Set: 99859.93
2025-02-11 03:11 | INFO | Query 42 Active Learning Runtime on Test Set: 88501.91
2025-02-11 03:11 | INFO | Query 42 Active Learning Instance Cost: 295138.22
2025-02-11 03:11 | INFO | Timeout limit is increased to 3600
2025-02-11 03:11 | INFO | Query 43 Size of the uncertainty table is = 734/1200
2025-02-11 03:11 | INFO | Query 43 Size of the filtered table is = 18
2025-02-11 03:11 | INFO | Training Time Active Learning Classifier: 0.12 seconds
2025-02-11 03:11 | INFO | Training Time Active Learning Regressor: 0.34 seconds
2025-02-11 03:11 | INFO | Query 43 Active Learning Runtime on Validation Set: 99859.93
2025-02-11 03:11 | INFO | Query 43 Active Learning Runtime on Test Set: 16501.99
2025-02-11 03:11 | INFO | Query 43 Active Learning Instance Cost: 299002.68
2025-02-11 03:11 | INFO | Timeout limit is increased to 3600
2025-02-11 03:11 | INFO | Query 44 Size of the uncertainty table is = 722/1200
2025-02-11 03:11 | INFO | Query 44 Size of the filtered table is = 18
2025-02-11 03:11 | INFO | Training Time Active Learning Classifier: 0.13 seconds
2025-02-11 03:11 | INFO | Training Time Active Learning Regressor: 0.34 seconds
2025-02-11 03:11 | INFO | Query 44 Active Learning Runtime on Validation Set: 99859.93
2025-02-11 03:11 | INFO | Query 44 Active Learning Runtime on Test Set: 159220.79
2025-02-11 03:11 | INFO | Query 44 Active Learning Instance Cost: 303586.34
2025-02-11 03:11 | INFO | Timeout limit is increased to 3600
2025-02-11 03:11 | INFO | Query 45 Size of the uncertainty table is = 710/1200
2025-02-11 03:11 | INFO | Query 45 Size of the filtered table is = 12
2025-02-11 03:11 | INFO | Training Time Active Learning Classifier: 0.13 seconds
2025-02-11 03:11 | INFO | Training Time Active Learning Regressor: 0.35 seconds
2025-02-11 03:11 | INFO | Query 45 Active Learning Runtime on Validation Set: 99859.93
2025-02-11 03:11 | INFO | Query 45 Active Learning Runtime on Test Set: 88501.87
2025-02-11 03:11 | INFO | Query 45 Active Learning Instance Cost: 311256.35
2025-02-11 03:11 | INFO | Timeout limit is increased to 3600
2025-02-11 03:11 | INFO | Query 46 Size of the uncertainty table is = 698/1200
2025-02-11 03:11 | INFO | Query 46 Size of the filtered table is = 15
2025-02-11 03:11 | INFO | Training Time Active Learning Classifier: 0.13 seconds
2025-02-11 03:11 | INFO | Training Time Active Learning Regressor: 0.36 seconds
2025-02-11 03:11 | INFO | Query 46 Active Learning Runtime on Validation Set: 99859.93
2025-02-11 03:11 | INFO | Query 46 Active Learning Runtime on Test Set: 88501.84
2025-02-11 03:11 | INFO | Query 46 Active Learning Instance Cost: 314207.46
2025-02-11 03:11 | INFO | Timeout limit is increased to 3600
2025-02-11 03:11 | INFO | Query 47 Size of the uncertainty table is = 686/1200
2025-02-11 03:11 | INFO | Query 47 Size of the filtered table is = 12
2025-02-11 03:11 | INFO | Training Time Active Learning Classifier: 0.13 seconds
2025-02-11 03:11 | INFO | Training Time Active Learning Regressor: 0.36 seconds
2025-02-11 03:11 | INFO | Query 47 Active Learning Runtime on Validation Set: 99859.93
2025-02-11 03:11 | INFO | Query 47 Active Learning Runtime on Test Set: 88501.87
2025-02-11 03:11 | INFO | Query 47 Active Learning Instance Cost: 319428.9
2025-02-11 03:11 | INFO | Timeout limit is increased to 3600
2025-02-11 03:11 | INFO | Query 48 Size of the uncertainty table is = 674/1200
2025-02-11 03:11 | INFO | Query 48 Size of the filtered table is = 12
2025-02-11 03:11 | INFO | Training Time Active Learning Classifier: 0.13 seconds
2025-02-11 03:11 | INFO | Training Time Active Learning Regressor: 0.37 seconds
2025-02-11 03:11 | INFO | Query 48 Active Learning Runtime on Validation Set: 99859.93
2025-02-11 03:11 | INFO | Query 48 Active Learning Runtime on Test Set: 88501.93
2025-02-11 03:11 | INFO | Query 48 Active Learning Instance Cost: 324252.16
2025-02-11 03:11 | INFO | Timeout limit is increased to 3600
2025-02-11 03:11 | INFO | Query 49 Size of the uncertainty table is = 662/1200
2025-02-11 03:11 | INFO | Query 49 Size of the filtered table is = 15
2025-02-11 03:11 | INFO | Training Time Active Learning Classifier: 0.14 seconds
2025-02-11 03:11 | INFO | Training Time Active Learning Regressor: 0.38 seconds
2025-02-11 03:11 | INFO | Query 49 Active Learning Runtime on Validation Set: 99859.93
2025-02-11 03:11 | INFO | Query 49 Active Learning Runtime on Test Set: 88501.87
2025-02-11 03:11 | INFO | Query 49 Active Learning Instance Cost: 324403.85
2025-02-11 03:11 | INFO | Timeout limit is increased to 3600
2025-02-11 03:11 | INFO | Query 50 Size of the uncertainty table is = 650/1200
2025-02-11 03:11 | INFO | Query 50 Size of the filtered table is = 12
2025-02-11 03:11 | INFO | Training Time Active Learning Classifier: 0.14 seconds
2025-02-11 03:11 | INFO | Training Time Active Learning Regressor: 0.38 seconds
2025-02-11 03:11 | INFO | Query 50 Active Learning Runtime on Validation Set: 99859.93
2025-02-11 03:11 | INFO | Query 50 Active Learning Runtime on Test Set: 88501.87
2025-02-11 03:11 | INFO | Query 50 Active Learning Instance Cost: 328032.62
2025-02-11 03:11 | INFO | Timeout limit is increased to 3600
2025-02-11 03:11 | INFO | Query 51 Size of the uncertainty table is = 638/1200
2025-02-11 03:11 | INFO | Query 51 Size of the filtered table is = 15
2025-02-11 03:11 | INFO | Training Time Active Learning Classifier: 0.14 seconds
2025-02-11 03:11 | INFO | Training Time Active Learning Regressor: 0.39 seconds
2025-02-11 03:11 | INFO | Query 51 Active Learning Runtime on Validation Set: 99859.93
2025-02-11 03:11 | INFO | Query 51 Active Learning Runtime on Test Set: 16501.97
2025-02-11 03:11 | INFO | Query 51 Active Learning Instance Cost: 335484.39
2025-02-11 03:11 | INFO | Timeout limit is increased to 3600
2025-02-11 03:11 | INFO | Query 52 Size of the uncertainty table is = 626/1200
2025-02-11 03:11 | INFO | Query 52 Size of the filtered table is = 14
2025-02-11 03:11 | INFO | Training Time Active Learning Classifier: 0.14 seconds
2025-02-11 03:11 | INFO | Training Time Active Learning Regressor: 0.4 seconds
2025-02-11 03:11 | INFO | Query 52 Active Learning Runtime on Validation Set: 99859.93
2025-02-11 03:11 | INFO | Query 52 Active Learning Runtime on Test Set: 16501.99
2025-02-11 03:11 | INFO | Query 52 Active Learning Instance Cost: 335553.66
2025-02-11 03:11 | INFO | Timeout limit is increased to 3600
2025-02-11 03:11 | INFO | Query 53 Size of the uncertainty table is = 614/1200
2025-02-11 03:11 | INFO | Query 53 Size of the filtered table is = 12
2025-02-11 03:11 | INFO | Training Time Active Learning Classifier: 0.14 seconds
2025-02-11 03:11 | INFO | Training Time Active Learning Regressor: 0.4 seconds
2025-02-11 03:11 | INFO | Query 53 Active Learning Runtime on Validation Set: 99859.93
2025-02-11 03:11 | INFO | Query 53 Active Learning Runtime on Test Set: 16501.99
2025-02-11 03:11 | INFO | Query 53 Active Learning Instance Cost: 343037.19
2025-02-11 03:11 | INFO | Timeout limit is increased to 3600
2025-02-11 03:11 | INFO | Query 54 Size of the uncertainty table is = 602/1200
2025-02-11 03:11 | INFO | Query 54 Size of the filtered table is = 12
2025-02-11 03:11 | INFO | Training Time Active Learning Classifier: 0.14 seconds
2025-02-11 03:11 | INFO | Training Time Active Learning Regressor: 0.41 seconds
2025-02-11 03:11 | INFO | Query 54 Active Learning Runtime on Validation Set: 99859.93
2025-02-11 03:11 | INFO | Query 54 Active Learning Runtime on Test Set: 88501.86
2025-02-11 03:11 | INFO | Query 54 Active Learning Instance Cost: 344615.93
2025-02-11 03:11 | INFO | Timeout limit is increased to 3600
2025-02-11 03:11 | INFO | Query 55 Size of the uncertainty table is = 590/1200
2025-02-11 03:11 | INFO | Query 55 Size of the filtered table is = 12
2025-02-11 03:11 | INFO | Training Time Active Learning Classifier: 0.15 seconds
2025-02-11 03:11 | INFO | Training Time Active Learning Regressor: 0.42 seconds
2025-02-11 03:11 | INFO | Query 55 Active Learning Runtime on Validation Set: 99859.93
2025-02-11 03:11 | INFO | Query 55 Active Learning Runtime on Test Set: 88502.07
2025-02-11 03:11 | INFO | Query 55 Active Learning Instance Cost: 344741.04
2025-02-11 03:11 | INFO | Timeout limit is increased to 3600
2025-02-11 03:11 | INFO | Query 56 Size of the uncertainty table is = 578/1200
2025-02-11 03:11 | INFO | Query 56 Size of the filtered table is = 14
2025-02-11 03:11 | INFO | Training Time Active Learning Classifier: 0.15 seconds
2025-02-11 03:11 | INFO | Training Time Active Learning Regressor: 0.42 seconds
2025-02-11 03:11 | INFO | Query 56 Active Learning Runtime on Validation Set: 99859.93
2025-02-11 03:11 | INFO | Query 56 Active Learning Runtime on Test Set: 88501.93
2025-02-11 03:11 | INFO | Query 56 Active Learning Instance Cost: 348386.81
2025-02-11 03:11 | INFO | Timeout limit is increased to 3600
2025-02-11 03:11 | INFO | Query 57 Size of the uncertainty table is = 566/1200
2025-02-11 03:11 | INFO | Query 57 Size of the filtered table is = 12
2025-02-11 03:11 | INFO | Training Time Active Learning Classifier: 0.15 seconds
2025-02-11 03:11 | INFO | Training Time Active Learning Regressor: 0.43 seconds
2025-02-11 03:11 | INFO | Query 57 Active Learning Runtime on Validation Set: 99859.93
2025-02-11 03:11 | INFO | Query 57 Active Learning Runtime on Test Set: 16501.99
2025-02-11 03:11 | INFO | Query 57 Active Learning Instance Cost: 348394.08
2025-02-11 03:11 | INFO | Timeout limit is increased to 3600
2025-02-11 03:11 | INFO | Query 58 Size of the uncertainty table is = 554/1200
2025-02-11 03:11 | INFO | Query 58 Size of the filtered table is = 16
2025-02-11 03:12 | INFO | Training Time Active Learning Classifier: 0.15 seconds
2025-02-11 03:12 | INFO | Training Time Active Learning Regressor: 0.44 seconds
2025-02-11 03:12 | INFO | Query 58 Active Learning Runtime on Validation Set: 99859.93
2025-02-11 03:12 | INFO | Query 58 Active Learning Runtime on Test Set: 159220.79
2025-02-11 03:12 | INFO | Query 58 Active Learning Instance Cost: 352057.59
2025-02-11 03:12 | INFO | Timeout limit is increased to 3600
2025-02-11 03:12 | INFO | Query 59 Size of the uncertainty table is = 542/1200
2025-02-11 03:12 | INFO | Query 59 Size of the filtered table is = 12
2025-02-11 03:12 | INFO | Training Time Active Learning Classifier: 0.15 seconds
2025-02-11 03:12 | INFO | Training Time Active Learning Regressor: 0.44 seconds
2025-02-11 03:12 | INFO | Query 59 Active Learning Runtime on Validation Set: 99859.93
2025-02-11 03:12 | INFO | Query 59 Active Learning Runtime on Test Set: 88502.03
2025-02-11 03:12 | INFO | Query 59 Active Learning Instance Cost: 355687.92
2025-02-11 03:12 | INFO | Timeout limit is increased to 3600
2025-02-11 03:12 | INFO | Query 60 Size of the uncertainty table is = 530/1200
2025-02-11 03:12 | INFO | Query 60 Size of the filtered table is = 12
2025-02-11 03:12 | INFO | Training Time Active Learning Classifier: 0.15 seconds
2025-02-11 03:12 | INFO | Training Time Active Learning Regressor: 0.45 seconds
2025-02-11 03:12 | INFO | Query 60 Active Learning Runtime on Validation Set: 99859.93
2025-02-11 03:12 | INFO | Query 60 Active Learning Runtime on Test Set: 88501.87
2025-02-11 03:12 | INFO | Query 60 Active Learning Instance Cost: 360797.8
2025-02-11 03:12 | INFO | Timeout limit is increased to 3600
2025-02-11 03:12 | INFO | Query 61 Size of the uncertainty table is = 518/1200
2025-02-11 03:12 | INFO | Query 61 Size of the filtered table is = 12
2025-02-11 03:12 | INFO | Training Time Active Learning Classifier: 0.16 seconds
2025-02-11 03:12 | INFO | Training Time Active Learning Regressor: 0.46 seconds
2025-02-11 03:12 | INFO | Query 61 Active Learning Runtime on Validation Set: 99859.93
2025-02-11 03:12 | INFO | Query 61 Active Learning Runtime on Test Set: 88501.87
2025-02-11 03:12 | INFO | Query 61 Active Learning Instance Cost: 365023.38
2025-02-11 03:12 | INFO | Timeout limit is increased to 3600
2025-02-11 03:12 | INFO | Query 62 Size of the uncertainty table is = 506/1200
2025-02-11 03:12 | INFO | Query 62 Size of the filtered table is = 12
2025-02-11 03:12 | INFO | Training Time Active Learning Classifier: 0.16 seconds
2025-02-11 03:12 | INFO | Training Time Active Learning Regressor: 0.47 seconds
2025-02-11 03:12 | INFO | Query 62 Active Learning Runtime on Validation Set: 99859.93
2025-02-11 03:12 | INFO | Query 62 Active Learning Runtime on Test Set: 88501.87
2025-02-11 03:12 | INFO | Query 62 Active Learning Instance Cost: 370066.44
2025-02-11 03:12 | INFO | Timeout limit is increased to 3600
2025-02-11 03:12 | INFO | Query 63 Size of the uncertainty table is = 494/1200
2025-02-11 03:12 | INFO | Query 63 Size of the filtered table is = 12
2025-02-11 03:12 | INFO | Training Time Active Learning Classifier: 0.16 seconds
2025-02-11 03:12 | INFO | Training Time Active Learning Regressor: 0.47 seconds
2025-02-11 03:12 | INFO | Query 63 Active Learning Runtime on Validation Set: 99859.93
2025-02-11 03:12 | INFO | Query 63 Active Learning Runtime on Test Set: 88501.87
2025-02-11 03:12 | INFO | Query 63 Active Learning Instance Cost: 372149.59
2025-02-11 03:12 | INFO | Timeout limit is increased to 3600
2025-02-11 03:12 | INFO | Query 64 Size of the uncertainty table is = 482/1200
2025-02-11 03:12 | INFO | Query 64 Size of the filtered table is = 12
2025-02-11 03:12 | INFO | Training Time Active Learning Classifier: 0.16 seconds
2025-02-11 03:12 | INFO | Training Time Active Learning Regressor: 0.49 seconds
2025-02-11 03:12 | INFO | Query 64 Active Learning Runtime on Validation Set: 99859.93
2025-02-11 03:12 | INFO | Query 64 Active Learning Runtime on Test Set: 88501.87
2025-02-11 03:12 | INFO | Query 64 Active Learning Instance Cost: 381208.17
2025-02-11 03:12 | INFO | Timeout limit is increased to 3600
2025-02-11 03:12 | INFO | Query 65 Size of the uncertainty table is = 470/1200
2025-02-11 03:12 | INFO | Query 65 Size of the filtered table is = 12
2025-02-11 03:12 | INFO | Training Time Active Learning Classifier: 0.17 seconds
2025-02-11 03:12 | INFO | Training Time Active Learning Regressor: 0.48 seconds
2025-02-11 03:12 | INFO | Query 65 Active Learning Runtime on Validation Set: 99859.93
2025-02-11 03:12 | INFO | Query 65 Active Learning Runtime on Test Set: 88501.96
2025-02-11 03:12 | INFO | Query 65 Active Learning Instance Cost: 384919.13
2025-02-11 03:12 | INFO | Timeout limit is increased to 3600
2025-02-11 03:12 | INFO | Query 66 Size of the uncertainty table is = 458/1200
2025-02-11 03:12 | INFO | Query 66 Size of the filtered table is = 12
2025-02-11 03:12 | INFO | Training Time Active Learning Classifier: 0.17 seconds
2025-02-11 03:12 | INFO | Training Time Active Learning Regressor: 0.49 seconds
2025-02-11 03:12 | INFO | Query 66 Active Learning Runtime on Validation Set: 99859.93
2025-02-11 03:12 | INFO | Query 66 Active Learning Runtime on Test Set: 88501.91
2025-02-11 03:12 | INFO | Query 66 Active Learning Instance Cost: 386733.69
2025-02-11 03:12 | INFO | Timeout limit is increased to 3600
2025-02-11 03:12 | INFO | Query 67 Size of the uncertainty table is = 446/1200
2025-02-11 03:12 | INFO | Query 67 Size of the filtered table is = 12
2025-02-11 03:12 | INFO | Training Time Active Learning Classifier: 0.17 seconds
2025-02-11 03:12 | INFO | Training Time Active Learning Regressor: 0.5 seconds
2025-02-11 03:12 | INFO | Query 67 Active Learning Runtime on Validation Set: 99859.93
2025-02-11 03:12 | INFO | Query 67 Active Learning Runtime on Test Set: 88501.87
2025-02-11 03:12 | INFO | Query 67 Active Learning Instance Cost: 392003.8
2025-02-11 03:12 | INFO | Timeout limit is increased to 3600
2025-02-11 03:12 | INFO | Query 68 Size of the uncertainty table is = 434/1200
2025-02-11 03:12 | INFO | Query 68 Size of the filtered table is = 12
2025-02-11 03:12 | INFO | Training Time Active Learning Classifier: 0.17 seconds
2025-02-11 03:12 | INFO | Training Time Active Learning Regressor: 0.51 seconds
2025-02-11 03:12 | INFO | Query 68 Active Learning Runtime on Validation Set: 99859.93
2025-02-11 03:12 | INFO | Query 68 Active Learning Runtime on Test Set: 88502.01
2025-02-11 03:12 | INFO | Query 68 Active Learning Instance Cost: 394299.75
2025-02-11 03:12 | INFO | Timeout limit is increased to 3600
2025-02-11 03:12 | INFO | Query 69 Size of the uncertainty table is = 422/1200
2025-02-11 03:12 | INFO | Query 69 Size of the filtered table is = 12
2025-02-11 03:12 | INFO | Training Time Active Learning Classifier: 0.17 seconds
2025-02-11 03:12 | INFO | Training Time Active Learning Regressor: 0.51 seconds
2025-02-11 03:12 | INFO | Query 69 Active Learning Runtime on Validation Set: 99859.93
2025-02-11 03:12 | INFO | Query 69 Active Learning Runtime on Test Set: 88501.87
2025-02-11 03:12 | INFO | Query 69 Active Learning Instance Cost: 397954.81
2025-02-11 03:12 | INFO | Timeout limit is increased to 3600
2025-02-11 03:12 | INFO | Query 70 Size of the uncertainty table is = 410/1200
2025-02-11 03:12 | INFO | Query 70 Size of the filtered table is = 12
2025-02-11 03:12 | INFO | Training Time Active Learning Classifier: 0.18 seconds
2025-02-11 03:12 | INFO | Training Time Active Learning Regressor: 0.53 seconds
2025-02-11 03:12 | INFO | Query 70 Active Learning Runtime on Validation Set: 99859.93
2025-02-11 03:12 | INFO | Query 70 Active Learning Runtime on Test Set: 88502.07
2025-02-11 03:12 | INFO | Query 70 Active Learning Instance Cost: 399178.91
2025-02-11 03:12 | INFO | Timeout limit is increased to 3600
2025-02-11 03:12 | INFO | Query 71 Size of the uncertainty table is = 398/1200
2025-02-11 03:12 | INFO | Query 71 Size of the filtered table is = 12
2025-02-11 03:12 | INFO | Training Time Active Learning Classifier: 0.18 seconds
2025-02-11 03:12 | INFO | Training Time Active Learning Regressor: 0.53 seconds
2025-02-11 03:12 | INFO | Query 71 Active Learning Runtime on Validation Set: 99859.93
2025-02-11 03:12 | INFO | Query 71 Active Learning Runtime on Test Set: 124205.84
2025-02-11 03:12 | INFO | Query 71 Active Learning Instance Cost: 399378.31
2025-02-11 03:12 | INFO | Timeout limit is increased to 3600
2025-02-11 03:12 | INFO | Query 72 Size of the uncertainty table is = 386/1200
2025-02-11 03:12 | INFO | Query 72 Size of the filtered table is = 12
2025-02-11 03:12 | INFO | Training Time Active Learning Classifier: 0.18 seconds
2025-02-11 03:12 | INFO | Training Time Active Learning Regressor: 0.54 seconds
2025-02-11 03:12 | INFO | Query 72 Active Learning Runtime on Validation Set: 99859.93
2025-02-11 03:12 | INFO | Query 72 Active Learning Runtime on Test Set: 159220.77
2025-02-11 03:12 | INFO | Query 72 Active Learning Instance Cost: 399476.0
2025-02-11 03:12 | INFO | Timeout limit is increased to 3600
2025-02-11 03:12 | INFO | Query 73 Size of the uncertainty table is = 374/1200
2025-02-11 03:12 | INFO | Query 73 Size of the filtered table is = 12
2025-02-11 03:12 | INFO | Training Time Active Learning Classifier: 0.18 seconds
2025-02-11 03:12 | INFO | Training Time Active Learning Regressor: 0.55 seconds
2025-02-11 03:12 | INFO | Query 73 Active Learning Runtime on Validation Set: 99859.93
2025-02-11 03:12 | INFO | Query 73 Active Learning Runtime on Test Set: 88501.85
2025-02-11 03:12 | INFO | Query 73 Active Learning Instance Cost: 406276.9
2025-02-11 03:12 | INFO | Timeout limit is increased to 3600
2025-02-11 03:12 | INFO | Query 74 Size of the uncertainty table is = 362/1200
2025-02-11 03:12 | INFO | Query 74 Size of the filtered table is = 12
2025-02-11 03:12 | INFO | Training Time Active Learning Classifier: 0.18 seconds
2025-02-11 03:12 | INFO | Training Time Active Learning Regressor: 0.55 seconds
2025-02-11 03:12 | INFO | Query 74 Active Learning Runtime on Validation Set: 99859.93
2025-02-11 03:12 | INFO | Query 74 Active Learning Runtime on Test Set: 88501.87
2025-02-11 03:12 | INFO | Query 74 Active Learning Instance Cost: 411044.59
2025-02-11 03:12 | INFO | Timeout limit is increased to 3600
2025-02-11 03:12 | INFO | Query 75 Size of the uncertainty table is = 350/1200
2025-02-11 03:12 | INFO | Query 75 Size of the filtered table is = 12
2025-02-11 03:12 | INFO | Training Time Active Learning Classifier: 0.19 seconds
2025-02-11 03:12 | INFO | Training Time Active Learning Regressor: 0.57 seconds
2025-02-11 03:12 | INFO | Query 75 Active Learning Runtime on Validation Set: 99859.93
2025-02-11 03:12 | INFO | Query 75 Active Learning Runtime on Test Set: 159220.6
2025-02-11 03:12 | INFO | Query 75 Active Learning Instance Cost: 411102.17
2025-02-11 03:12 | INFO | Timeout limit is increased to 3600
2025-02-11 03:12 | INFO | Query 76 Size of the uncertainty table is = 338/1200
2025-02-11 03:12 | INFO | Query 76 Size of the filtered table is = 12
2025-02-11 03:12 | INFO | Training Time Active Learning Classifier: 0.19 seconds
2025-02-11 03:12 | INFO | Training Time Active Learning Regressor: 0.57 seconds
2025-02-11 03:12 | INFO | Query 76 Active Learning Runtime on Validation Set: 99859.93
2025-02-11 03:12 | INFO | Query 76 Active Learning Runtime on Test Set: 159220.66
2025-02-11 03:12 | INFO | Query 76 Active Learning Instance Cost: 416069.32
2025-02-11 03:12 | INFO | Timeout limit is increased to 3600
2025-02-11 03:12 | INFO | Query 77 Size of the uncertainty table is = 326/1200
2025-02-11 03:12 | INFO | Query 77 Size of the filtered table is = 12
2025-02-11 03:12 | INFO | Training Time Active Learning Classifier: 0.19 seconds
2025-02-11 03:12 | INFO | Training Time Active Learning Regressor: 0.58 seconds
2025-02-11 03:12 | INFO | Query 77 Active Learning Runtime on Validation Set: 99859.93
2025-02-11 03:12 | INFO | Query 77 Active Learning Runtime on Test Set: 159220.85
2025-02-11 03:12 | INFO | Query 77 Active Learning Instance Cost: 416163.64
2025-02-11 03:12 | INFO | Timeout limit is increased to 3600
2025-02-11 03:12 | INFO | Query 78 Size of the uncertainty table is = 314/1200
2025-02-11 03:12 | INFO | Query 78 Size of the filtered table is = 12
2025-02-11 03:12 | INFO | Training Time Active Learning Classifier: 0.19 seconds
2025-02-11 03:12 | INFO | Training Time Active Learning Regressor: 0.58 seconds
2025-02-11 03:12 | INFO | Query 78 Active Learning Runtime on Validation Set: 99859.93
2025-02-11 03:12 | INFO | Query 78 Active Learning Runtime on Test Set: 159220.8
2025-02-11 03:12 | INFO | Query 78 Active Learning Instance Cost: 416213.0
2025-02-11 03:12 | INFO | Timeout limit is increased to 3600
2025-02-11 03:12 | INFO | Query 79 Size of the uncertainty table is = 302/1200
2025-02-11 03:12 | INFO | Query 79 Size of the filtered table is = 12
2025-02-11 03:12 | INFO | Training Time Active Learning Classifier: 0.19 seconds
2025-02-11 03:12 | INFO | Training Time Active Learning Regressor: 0.6 seconds
2025-02-11 03:12 | INFO | Query 79 Active Learning Runtime on Validation Set: 99859.93
2025-02-11 03:12 | INFO | Query 79 Active Learning Runtime on Test Set: 159220.85
2025-02-11 03:12 | INFO | Query 79 Active Learning Instance Cost: 416727.05
2025-02-11 03:12 | INFO | Timeout limit is increased to 3600
2025-02-11 03:12 | INFO | Query 80 Size of the uncertainty table is = 290/1200
2025-02-11 03:12 | INFO | Query 80 Size of the filtered table is = 12
2025-02-11 03:12 | INFO | Training Time Active Learning Classifier: 0.2 seconds
2025-02-11 03:12 | INFO | Training Time Active Learning Regressor: 0.61 seconds
2025-02-11 03:12 | INFO | Query 80 Active Learning Runtime on Validation Set: 99859.93
2025-02-11 03:12 | INFO | Query 80 Active Learning Runtime on Test Set: 124205.7
2025-02-11 03:12 | INFO | Query 80 Active Learning Instance Cost: 425308.85
2025-02-11 03:12 | INFO | Timeout limit is increased to 3600
2025-02-11 03:12 | INFO | Query 81 Size of the uncertainty table is = 278/1200
2025-02-11 03:12 | INFO | Query 81 Size of the filtered table is = 12
2025-02-11 03:12 | INFO | Training Time Active Learning Classifier: 0.2 seconds
2025-02-11 03:12 | INFO | Training Time Active Learning Regressor: 0.61 seconds
2025-02-11 03:12 | INFO | Query 81 Active Learning Runtime on Validation Set: 99859.93
2025-02-11 03:12 | INFO | Query 81 Active Learning Runtime on Test Set: 124205.73
2025-02-11 03:12 | INFO | Query 81 Active Learning Instance Cost: 425566.79
2025-02-11 03:12 | INFO | Timeout limit is increased to 3600
2025-02-11 03:12 | INFO | Query 82 Size of the uncertainty table is = 266/1200
2025-02-11 03:12 | INFO | Query 82 Size of the filtered table is = 12
2025-02-11 03:12 | INFO | Training Time Active Learning Classifier: 0.2 seconds
2025-02-11 03:12 | INFO | Training Time Active Learning Regressor: 0.61 seconds
2025-02-11 03:12 | INFO | Query 82 Active Learning Runtime on Validation Set: 99859.93
2025-02-11 03:12 | INFO | Query 82 Active Learning Runtime on Test Set: 88502.01
2025-02-11 03:12 | INFO | Query 82 Active Learning Instance Cost: 441940.55
2025-02-11 03:12 | INFO | Timeout limit is increased to 3600
2025-02-11 03:12 | INFO | Query 83 Size of the uncertainty table is = 254/1200
2025-02-11 03:12 | INFO | Query 83 Size of the filtered table is = 12
2025-02-11 03:12 | INFO | Training Time Active Learning Classifier: 0.21 seconds
2025-02-11 03:12 | INFO | Training Time Active Learning Regressor: 0.62 seconds
2025-02-11 03:12 | INFO | Query 83 Active Learning Runtime on Validation Set: 99859.93
2025-02-11 03:12 | INFO | Query 83 Active Learning Runtime on Test Set: 88501.99
2025-02-11 03:12 | INFO | Query 83 Active Learning Instance Cost: 442235.56
2025-02-11 03:12 | INFO | Timeout limit is increased to 3600
2025-02-11 03:12 | INFO | Query 84 Size of the uncertainty table is = 242/1200
2025-02-11 03:12 | INFO | Query 84 Size of the filtered table is = 12
2025-02-11 03:12 | INFO | Training Time Active Learning Classifier: 0.21 seconds
2025-02-11 03:12 | INFO | Training Time Active Learning Regressor: 0.63 seconds
2025-02-11 03:13 | INFO | Query 84 Active Learning Runtime on Validation Set: 99859.93
2025-02-11 03:13 | INFO | Query 84 Active Learning Runtime on Test Set: 88502.07
2025-02-11 03:13 | INFO | Query 84 Active Learning Instance Cost: 447604.13
2025-02-11 03:13 | INFO | Timeout limit is increased to 3600
2025-02-11 03:13 | INFO | Query 85 Size of the uncertainty table is = 230/1200
2025-02-11 03:13 | INFO | Query 85 Size of the filtered table is = 12
2025-02-11 03:13 | INFO | Training Time Active Learning Classifier: 0.21 seconds
2025-02-11 03:13 | INFO | Training Time Active Learning Regressor: 0.63 seconds
2025-02-11 03:13 | INFO | Query 85 Active Learning Runtime on Validation Set: 99859.93
2025-02-11 03:13 | INFO | Query 85 Active Learning Runtime on Test Set: 88507.37
2025-02-11 03:13 | INFO | Query 85 Active Learning Instance Cost: 448407.57
2025-02-11 03:13 | INFO | Timeout limit is increased to 3600
2025-02-11 03:13 | INFO | Query 86 Size of the uncertainty table is = 218/1200
2025-02-11 03:13 | INFO | Query 86 Size of the filtered table is = 12
2025-02-11 03:13 | INFO | Training Time Active Learning Classifier: 0.21 seconds
2025-02-11 03:13 | INFO | Training Time Active Learning Regressor: 0.64 seconds
2025-02-11 03:13 | INFO | Query 86 Active Learning Runtime on Validation Set: 99859.93
2025-02-11 03:13 | INFO | Query 86 Active Learning Runtime on Test Set: 88502.01
2025-02-11 03:13 | INFO | Query 86 Active Learning Instance Cost: 449217.29
2025-02-11 03:13 | INFO | Timeout limit is increased to 3600
2025-02-11 03:13 | INFO | Query 87 Size of the uncertainty table is = 206/1200
2025-02-11 03:13 | INFO | Query 87 Size of the filtered table is = 12
2025-02-11 03:13 | INFO | Training Time Active Learning Classifier: 0.21 seconds
2025-02-11 03:13 | INFO | Training Time Active Learning Regressor: 0.64 seconds
2025-02-11 03:13 | INFO | Query 87 Active Learning Runtime on Validation Set: 99859.93
2025-02-11 03:13 | INFO | Query 87 Active Learning Runtime on Test Set: 159220.92
2025-02-11 03:13 | INFO | Query 87 Active Learning Instance Cost: 453489.59
2025-02-11 03:13 | INFO | Timeout limit is increased to 3600
2025-02-11 03:13 | INFO | Query 88 Size of the uncertainty table is = 194/1200
2025-02-11 03:13 | INFO | Query 88 Size of the filtered table is = 12
2025-02-11 03:13 | INFO | Training Time Active Learning Classifier: 0.21 seconds
2025-02-11 03:13 | INFO | Training Time Active Learning Regressor: 0.65 seconds
2025-02-11 03:13 | INFO | Query 88 Active Learning Runtime on Validation Set: 99859.93
2025-02-11 03:13 | INFO | Query 88 Active Learning Runtime on Test Set: 16501.99
2025-02-11 03:13 | INFO | Query 88 Active Learning Instance Cost: 453933.13
2025-02-11 03:13 | INFO | Timeout limit is increased to 3600
2025-02-11 03:13 | INFO | Query 89 Size of the uncertainty table is = 182/1200
2025-02-11 03:13 | INFO | Query 89 Size of the filtered table is = 12
2025-02-11 03:13 | INFO | Training Time Active Learning Classifier: 0.21 seconds
2025-02-11 03:13 | INFO | Training Time Active Learning Regressor: 0.65 seconds
2025-02-11 03:13 | INFO | Query 89 Active Learning Runtime on Validation Set: 99859.93
2025-02-11 03:13 | INFO | Query 89 Active Learning Runtime on Test Set: 88501.99
2025-02-11 03:13 | INFO | Query 89 Active Learning Instance Cost: 454078.22
2025-02-11 03:13 | INFO | Timeout limit is increased to 3600
2025-02-11 03:13 | INFO | Query 90 Size of the uncertainty table is = 170/1200
2025-02-11 03:13 | INFO | Query 90 Size of the filtered table is = 12
2025-02-11 03:13 | INFO | Training Time Active Learning Classifier: 0.21 seconds
2025-02-11 03:13 | INFO | Training Time Active Learning Regressor: 0.68 seconds
2025-02-11 03:13 | INFO | Query 90 Active Learning Runtime on Validation Set: 99859.93
2025-02-11 03:13 | INFO | Query 90 Active Learning Runtime on Test Set: 88501.99
2025-02-11 03:13 | INFO | Query 90 Active Learning Instance Cost: 454096.11
2025-02-11 03:13 | INFO | Timeout limit is increased to 3600
2025-02-11 03:13 | INFO | Query 91 Size of the uncertainty table is = 158/1200
2025-02-11 03:13 | INFO | Query 91 Size of the filtered table is = 12
2025-02-11 03:13 | INFO | Training Time Active Learning Classifier: 0.22 seconds
2025-02-11 03:13 | INFO | Training Time Active Learning Regressor: 0.68 seconds
2025-02-11 03:13 | INFO | Query 91 Active Learning Runtime on Validation Set: 99859.93
2025-02-11 03:13 | INFO | Query 91 Active Learning Runtime on Test Set: 88501.99
2025-02-11 03:13 | INFO | Query 91 Active Learning Instance Cost: 454099.1
2025-02-11 03:13 | INFO | Timeout limit is increased to 3600
2025-02-11 03:13 | INFO | Query 92 Size of the uncertainty table is = 146/1200
2025-02-11 03:13 | INFO | Query 92 Size of the filtered table is = 12
2025-02-11 03:13 | INFO | Training Time Active Learning Classifier: 0.22 seconds
2025-02-11 03:13 | INFO | Training Time Active Learning Regressor: 0.67 seconds
2025-02-11 03:13 | INFO | Query 92 Active Learning Runtime on Validation Set: 99859.93
2025-02-11 03:13 | INFO | Query 92 Active Learning Runtime on Test Set: 16502.12
2025-02-11 03:13 | INFO | Query 92 Active Learning Instance Cost: 454202.34
2025-02-11 03:13 | INFO | Timeout limit is increased to 3600
2025-02-11 03:13 | INFO | Query 93 Size of the uncertainty table is = 134/1200
2025-02-11 03:13 | INFO | Query 93 Size of the filtered table is = 12
2025-02-11 03:13 | INFO | Training Time Active Learning Classifier: 0.22 seconds
2025-02-11 03:13 | INFO | Training Time Active Learning Regressor: 0.69 seconds
2025-02-11 03:13 | INFO | Query 93 Active Learning Runtime on Validation Set: 99859.93
2025-02-11 03:13 | INFO | Query 93 Active Learning Runtime on Test Set: 88501.99
2025-02-11 03:13 | INFO | Query 93 Active Learning Instance Cost: 454257.99
2025-02-11 03:13 | INFO | Timeout limit is increased to 3600
2025-02-11 03:13 | INFO | Query 94 Size of the uncertainty table is = 122/1200
2025-02-11 03:13 | INFO | Query 94 Size of the filtered table is = 12
2025-02-11 03:13 | INFO | Training Time Active Learning Classifier: 0.22 seconds
2025-02-11 03:13 | INFO | Training Time Active Learning Regressor: 0.7 seconds
2025-02-11 03:13 | INFO | Query 94 Active Learning Runtime on Validation Set: 99859.93
2025-02-11 03:13 | INFO | Query 94 Active Learning Runtime on Test Set: 88501.85
2025-02-11 03:13 | INFO | Query 94 Active Learning Instance Cost: 454263.06
2025-02-11 03:13 | INFO | Timeout limit is increased to 3600
2025-02-11 03:13 | INFO | Query 95 Size of the uncertainty table is = 110/1200
2025-02-11 03:13 | INFO | Query 95 Size of the filtered table is = 12
2025-02-11 03:13 | INFO | Training Time Active Learning Classifier: 0.22 seconds
2025-02-11 03:13 | INFO | Training Time Active Learning Regressor: 0.71 seconds
2025-02-11 03:13 | INFO | Query 95 Active Learning Runtime on Validation Set: 99859.93
2025-02-11 03:13 | INFO | Query 95 Active Learning Runtime on Test Set: 88501.99
2025-02-11 03:13 | INFO | Query 95 Active Learning Instance Cost: 454268.78
2025-02-11 03:13 | INFO | Timeout limit is increased to 3600
2025-02-11 03:13 | INFO | Query 96 Size of the uncertainty table is = 98/1200
2025-02-11 03:13 | INFO | Query 96 Size of the filtered table is = 12
2025-02-11 03:13 | INFO | Training Time Active Learning Classifier: 0.23 seconds
2025-02-11 03:13 | INFO | Training Time Active Learning Regressor: 0.71 seconds
2025-02-11 03:13 | INFO | Query 96 Active Learning Runtime on Validation Set: 99859.93
2025-02-11 03:13 | INFO | Query 96 Active Learning Runtime on Test Set: 16502.11
2025-02-11 03:13 | INFO | Query 96 Active Learning Instance Cost: 454274.27
2025-02-11 03:13 | INFO | Timeout limit is increased to 3600
2025-02-11 03:13 | INFO | Query 97 Size of the uncertainty table is = 86/1200
2025-02-11 03:13 | INFO | Query 97 Size of the filtered table is = 12
2025-02-11 03:13 | INFO | Training Time Active Learning Classifier: 0.23 seconds
2025-02-11 03:13 | INFO | Training Time Active Learning Regressor: 0.71 seconds
2025-02-11 03:13 | INFO | Query 97 Active Learning Runtime on Validation Set: 99859.93
2025-02-11 03:13 | INFO | Query 97 Active Learning Runtime on Test Set: 16502.13
2025-02-11 03:13 | INFO | Query 97 Active Learning Instance Cost: 454278.76
2025-02-11 03:13 | INFO | Timeout limit is increased to 3600
2025-02-11 03:13 | INFO | Query 98 Size of the uncertainty table is = 74/1200
2025-02-11 03:13 | INFO | Query 98 Size of the filtered table is = 12
2025-02-11 03:13 | INFO | Training Time Active Learning Classifier: 0.23 seconds
2025-02-11 03:13 | INFO | Training Time Active Learning Regressor: 0.72 seconds
2025-02-11 03:13 | INFO | Query 98 Active Learning Runtime on Validation Set: 99859.93
2025-02-11 03:13 | INFO | Query 98 Active Learning Runtime on Test Set: 88501.85
2025-02-11 03:13 | INFO | Query 98 Active Learning Instance Cost: 454286.17
2025-02-11 03:13 | INFO | Timeout limit is increased to 3600
2025-02-11 03:13 | INFO | Query 99 Size of the uncertainty table is = 62/1200
2025-02-11 03:13 | INFO | Query 99 Size of the filtered table is = 12
2025-02-11 03:13 | INFO | Training Time Active Learning Classifier: 0.23 seconds
2025-02-11 03:13 | INFO | Training Time Active Learning Regressor: 0.72 seconds
2025-02-11 03:13 | INFO | Query 99 Active Learning Runtime on Validation Set: 99859.93
2025-02-11 03:13 | INFO | Query 99 Active Learning Runtime on Test Set: 16502.19
2025-02-11 03:13 | INFO | Query 99 Active Learning Instance Cost: 454300.22
2025-02-11 03:13 | INFO | Timeout limit is increased to 3600
2025-02-11 03:13 | INFO | Query 100 Size of the uncertainty table is = 50/1200
2025-02-11 03:13 | INFO | Query 100 Size of the filtered table is = 12
2025-02-11 03:13 | INFO | Training Time Active Learning Classifier: 0.23 seconds
2025-02-11 03:13 | INFO | Training Time Active Learning Regressor: 0.73 seconds
2025-02-11 03:13 | INFO | Query 100 Active Learning Runtime on Validation Set: 99859.93
2025-02-11 03:13 | INFO | Query 100 Active Learning Runtime on Test Set: 16502.13
2025-02-11 03:13 | INFO | Query 100 Active Learning Instance Cost: 454310.59
2025-02-11 03:13 | INFO | Timeout limit is increased to 3600
2025-02-11 03:13 | INFO | Query 101 Size of the uncertainty table is = 38/1200
2025-02-11 03:13 | INFO | Query 101 Size of the filtered table is = 12
2025-02-11 03:13 | INFO | Training Time Active Learning Classifier: 0.24 seconds
2025-02-11 03:13 | INFO | Training Time Active Learning Regressor: 0.76 seconds
2025-02-11 03:13 | INFO | Query 101 Active Learning Runtime on Validation Set: 99859.93
2025-02-11 03:13 | INFO | Query 101 Active Learning Runtime on Test Set: 16502.13
2025-02-11 03:13 | INFO | Query 101 Active Learning Instance Cost: 454318.21
2025-02-11 03:13 | INFO | Timeout limit is increased to 3600
2025-02-11 03:13 | INFO | Query 102 Size of the uncertainty table is = 26/1200
2025-02-11 03:13 | INFO | Query 102 Size of the filtered table is = 12
2025-02-11 03:13 | INFO | Training Time Active Learning Classifier: 0.24 seconds
2025-02-11 03:13 | INFO | Training Time Active Learning Regressor: 0.75 seconds
2025-02-11 03:13 | INFO | Query 102 Active Learning Runtime on Validation Set: 99859.93
2025-02-11 03:13 | INFO | Query 102 Active Learning Runtime on Test Set: 88501.85
2025-02-11 03:13 | INFO | Query 102 Active Learning Instance Cost: 454323.18
2025-02-11 03:13 | INFO | Timeout limit is increased to 3600
2025-02-11 03:13 | INFO | Query 103 Size of the uncertainty table is = 14/1200
2025-02-11 03:13 | INFO | Query 103 Size of the filtered table is = 12
2025-02-11 03:13 | INFO | Training Time Active Learning Classifier: 0.24 seconds
2025-02-11 03:13 | INFO | Training Time Active Learning Regressor: 0.76 seconds
2025-02-11 03:13 | INFO | Query 103 Active Learning Runtime on Validation Set: 99859.93
2025-02-11 03:13 | INFO | Query 103 Active Learning Runtime on Test Set: 16502.13
2025-02-11 03:13 | INFO | Query 103 Active Learning Instance Cost: 454327.64
2025-02-11 03:13 | INFO | Timeout limit is increased to 3600
2025-02-11 03:13 | INFO | Query 104 Size of the uncertainty table is = 2/1200
2025-02-11 03:13 | INFO | Query 104 Size of the filtered table is = 2
2025-02-11 03:13 | INFO | Training Time Active Learning Classifier: 0.24 seconds
2025-02-11 03:13 | INFO | Training Time Active Learning Regressor: 0.76 seconds
2025-02-11 03:13 | INFO | Query 104 Active Learning Runtime on Validation Set: 99859.93
2025-02-11 03:13 | INFO | Query 104 Active Learning Runtime on Test Set: 16502.13
2025-02-11 03:13 | INFO | Query 104 Active Learning Instance Cost: 454328.16
2025-02-11 03:13 | INFO | Timeout limit is increased to 3600
2025-02-11 03:13 | INFO | Active Learning Emissions: 0.0026572920624885654
2025-02-11 03:13 | INFO | Active Learning Energy Consumption: 0.0028912016196448046 kWh
2025-02-11 03:13 | INFO | runtime_test_score is written as json file
2025-02-11 03:13 | INFO | runtime_validation_score is written as json file
2025-02-11 03:13 | INFO | instance_cost is written as json file
2025-02-11 03:13 | INFO | Experiment is finished
