2025-02-11 03:32 | INFO | Paramaters are: {'dataset': 'MAXSAT-WPMS-2016', 'penalty': 10, 'weight': 'No_Weight', 'voting': 'Hard', 'pre_selection_size': 64, 'pre_selection_technique': 'No_pre_selection', 'feature_elimination_threshold': 20, 'imputer_strategy': 'median', 'feature_selection_technique': 'No_feature_selection', 'feature_scaling_technique': 'StandardScaler', 'initial_train_size': 20, 'query_size': 1, 'timeout_predictor_usage': 'No', 'pareto_features': {'Uncertainty': 'max', 'PredDiff': 'max', 'PredCost': 'min'}, 'timeout_limit': 100, 'timeout_increase_rate': 100, 'penalty_type': 'Only-timeout-penalty', 'RANDOM_STATE_SEED': 7, 'n_splits': 10, 'split_number': 1, 'max_timeout': 3600, 'param_grid': {'n_estimators': 100, 'max_features': 'sqrt', 'max_depth': 2147483648, 'min_samples_split': 2, 'bootstrap': True}}
2025-02-11 03:32 | INFO | MAXSAT-WPMS-2016 is current dataset
2025-02-11 03:32 | INFO | DATASETS/MAXSAT-WPMS-2016/algorithm_runs.arff is found
2025-02-11 03:32 | INFO | DATASETS/MAXSAT-WPMS-2016/algorithm_runs.arff is finished
2025-02-11 03:32 | INFO | DATASETS/MAXSAT-WPMS-2016/feature_values.arff is found
2025-02-11 03:32 | INFO | DATASETS/MAXSAT-WPMS-2016/feature_values.arff is finished
2025-02-11 03:32 | INFO | DATASETS/MAXSAT-WPMS-2016/feature_costs.arff is found
2025-02-11 03:32 | INFO | DATASETS/MAXSAT-WPMS-2016/feature_costs.arff is finished
2025-02-11 03:32 | INFO | Virtual best solver time in train = 46425.85
2025-02-11 03:32 | INFO | Single best solver list train = {'CCEHC2akms': 12859201.71, 'CCLS2akms': 13179483.59, 'LMHS-2016': 2937983.34, 'Naps-1.02-ms': 10633763.35, 'Open-WBO16': 4259012.39, 'Optiriss6': 8151293.82, 'QMaxSAT14': 5618155.2, 'QMaxSAT16UC': 5545951.23, 'WMaxSatz+': 11464312.57, 'WMaxSatz09': 11498452.89, 'WPM3-2015-co': 4692858.16, 'ahms-1.70': 12858333.2, 'ahms-ls-1.70': 12963631.13, 'maxhs-b': 1349147.66, 'maxino16-c10': 3761026.25, 'maxino16-dis': 3685122.39, 'mscg2015a': 3937586.67, 'mscg2015b': 3549412.37}
2025-02-11 03:32 | INFO | Single best solver time train = maxhs-b (1349147.66)
2025-02-11 03:32 | INFO | Virtual best solver time in validation = 4705.31
2025-02-11 03:32 | INFO | Single best solver list validation = {'CCEHC2akms': 3528000.0, 'CCLS2akms': 3528000.0, 'LMHS-2016': 950075.19, 'Naps-1.02-ms': 2773323.09, 'Open-WBO16': 326772.42, 'Optiriss6': 507544.45, 'QMaxSAT14': 965782.24, 'QMaxSAT16UC': 931289.7, 'WMaxSatz+': 3493369.8, 'WMaxSatz09': 3493359.74, 'WPM3-2015-co': 112545.31, 'ahms-1.70': 2925223.67, 'ahms-ls-1.70': 2957716.44, 'maxhs-b': 227358.91, 'maxino16-c10': 150417.32, 'maxino16-dis': 146216.29, 'mscg2015a': 109667.7, 'mscg2015b': 112444.67}
2025-02-11 03:32 | INFO | Single best solver time validation = mscg2015a (109667.7)
2025-02-11 03:32 | INFO | Virtual best solver time in test = 4280.37
2025-02-11 03:32 | INFO | Single best solver list test = {'CCEHC2akms': 1837454.29, 'CCLS2akms': 1872396.36, 'LMHS-2016': 542331.5, 'Naps-1.02-ms': 1513615.77, 'Open-WBO16': 684929.78, 'Optiriss6': 1081402.37, 'QMaxSAT14': 763620.01, 'QMaxSAT16UC': 763084.11, 'WMaxSatz+': 1729076.63, 'WMaxSatz09': 1729060.78, 'WPM3-2015-co': 684861.98, 'ahms-1.70': 1765669.08, 'ahms-ls-1.70': 1732188.65, 'maxhs-b': 47946.71, 'maxino16-c10': 577097.17, 'maxino16-dis': 576681.43, 'mscg2015a': 578623.11, 'mscg2015b': 542737.56}
2025-02-11 03:32 | INFO | Single best solver time test = maxhs-b (47946.71)
2025-02-11 03:33 | INFO | Training Time Passive Learning Classifier: 10.66 seconds
2025-02-11 03:33 | INFO | Training Time Passive Learning Regressor: 1.66 seconds
2025-02-11 03:34 | INFO | Passive Learning Classifier Runtime on Validation Set: 110131.26
2025-02-11 03:34 | INFO | Passive Learning Classifier Runtime on Test Set: 5258.01
2025-02-11 03:34 | INFO | Passive Learning Instance Cost: 13615527.92
2025-02-11 03:34 | INFO | Passive Learning Emissions: 0.0008536701774495554
2025-02-11 03:34 | INFO | Passive Learning Energy Consumption: 0.0009288149520806553 kWh
2025-02-11 03:34 | INFO | Training Time Active Learning Classifier: 8.42 seconds
2025-02-11 03:34 | INFO | Training Time Active Learning Regressor: 0.81 seconds
2025-02-11 03:35 | INFO | Initial Active Learning Runtime on Validation Set: 263568.91
2025-02-11 03:35 | INFO | Initial Active Learning Runtime on Test Set: 224302.28
2025-02-11 03:35 | INFO | Initial Active Learning Instance Cost: 30093.03
2025-02-11 03:35 | INFO | Bin size = 565
2025-02-11 03:35 | INFO | Query 1 Size of the uncertainty table is = 58608/56457
2025-02-11 03:35 | INFO | Query 1 Size of the filtered table is = 565
2025-02-11 03:35 | INFO | Training Time Active Learning Classifier: 8.24 seconds
2025-02-11 03:35 | INFO | Training Time Active Learning Regressor: 0.91 seconds
2025-02-11 03:36 | INFO | Query 1 Active Learning Runtime on Validation Set: 110454.03
2025-02-11 03:36 | INFO | Query 1 Active Learning Runtime on Test Set: 184330.99
2025-02-11 03:36 | INFO | Query 1 Active Learning Instance Cost: 45153.9
2025-02-11 03:37 | INFO | Query 2 Size of the uncertainty table is = 56335/56457
2025-02-11 03:37 | INFO | Query 2 Size of the filtered table is = 565
2025-02-11 03:37 | INFO | Training Time Active Learning Classifier: 8.43 seconds
2025-02-11 03:37 | INFO | Training Time Active Learning Regressor: 0.98 seconds
2025-02-11 03:38 | INFO | Query 2 Active Learning Runtime on Validation Set: 108985.18000000001
2025-02-11 03:38 | INFO | Query 2 Active Learning Runtime on Test Set: 80198.71
2025-02-11 03:38 | INFO | Query 2 Active Learning Instance Cost: 57568.42
2025-02-11 03:38 | INFO | Query 3 Size of the uncertainty table is = 54043/56457
2025-02-11 03:38 | INFO | Query 3 Size of the filtered table is = 565
2025-02-11 03:39 | INFO | Training Time Active Learning Classifier: 8.67 seconds
2025-02-11 03:39 | INFO | Training Time Active Learning Regressor: 1.04 seconds
2025-02-11 03:40 | INFO | Query 3 Active Learning Runtime on Validation Set: 75798.02
2025-02-11 03:40 | INFO | Query 3 Active Learning Runtime on Test Set: 113495.65000000001
2025-02-11 03:40 | INFO | Query 3 Active Learning Instance Cost: 72705.13
2025-02-11 03:40 | INFO | Query 4 Size of the uncertainty table is = 51525/56457
2025-02-11 03:40 | INFO | Query 4 Size of the filtered table is = 565
2025-02-11 03:40 | INFO | Training Time Active Learning Classifier: 8.85 seconds
2025-02-11 03:40 | INFO | Training Time Active Learning Regressor: 1.12 seconds
2025-02-11 03:41 | INFO | Query 4 Active Learning Runtime on Validation Set: 110702.28
2025-02-11 03:41 | INFO | Query 4 Active Learning Runtime on Test Set: 146883.99
2025-02-11 03:41 | INFO | Query 4 Active Learning Instance Cost: 89906.71
2025-02-11 03:41 | INFO | Timeout limit is increased to 200
2025-02-11 03:42 | INFO | Query 5 Size of the uncertainty table is = 48993/56457
2025-02-11 03:42 | INFO | Query 5 Size of the filtered table is = 565
2025-02-11 03:42 | INFO | Training Time Active Learning Classifier: 9.12 seconds
2025-02-11 03:42 | INFO | Training Time Active Learning Regressor: 1.2 seconds
2025-02-11 03:43 | INFO | Query 5 Active Learning Runtime on Validation Set: 221128.05
2025-02-11 03:43 | INFO | Query 5 Active Learning Runtime on Test Set: 112472.68000000001
2025-02-11 03:43 | INFO | Query 5 Active Learning Instance Cost: 127520.79
2025-02-11 03:43 | INFO | Timeout limit is increased to 300
2025-02-11 03:44 | INFO | Query 6 Size of the uncertainty table is = 46356/56457
2025-02-11 03:44 | INFO | Query 6 Size of the filtered table is = 565
2025-02-11 03:44 | INFO | Training Time Active Learning Classifier: 9.22 seconds
2025-02-11 03:44 | INFO | Training Time Active Learning Regressor: 1.28 seconds
2025-02-11 03:45 | INFO | Query 6 Active Learning Runtime on Validation Set: 182177.45
2025-02-11 03:45 | INFO | Query 6 Active Learning Runtime on Test Set: 41888.4
2025-02-11 03:45 | INFO | Query 6 Active Learning Instance Cost: 179891.74
2025-02-11 03:45 | INFO | Query 7 Size of the uncertainty table is = 43501/56457
2025-02-11 03:45 | INFO | Query 7 Size of the filtered table is = 565
2025-02-11 03:46 | INFO | Training Time Active Learning Classifier: 9.45 seconds
2025-02-11 03:46 | INFO | Training Time Active Learning Regressor: 1.35 seconds
2025-02-11 03:47 | INFO | Query 7 Active Learning Runtime on Validation Set: 181368.23
2025-02-11 03:47 | INFO | Query 7 Active Learning Runtime on Test Set: 6944.17
2025-02-11 03:47 | INFO | Query 7 Active Learning Instance Cost: 237794.55
2025-02-11 03:47 | INFO | Query 8 Size of the uncertainty table is = 40967/56457
2025-02-11 03:47 | INFO | Query 8 Size of the filtered table is = 565
2025-02-11 03:47 | INFO | Training Time Active Learning Classifier: 9.64 seconds
2025-02-11 03:47 | INFO | Training Time Active Learning Regressor: 1.4 seconds
2025-02-11 03:48 | INFO | Query 8 Active Learning Runtime on Validation Set: 182402.53
2025-02-11 03:48 | INFO | Query 8 Active Learning Runtime on Test Set: 6843.65
2025-02-11 03:48 | INFO | Query 8 Active Learning Instance Cost: 334260.31
2025-02-11 03:48 | INFO | Timeout limit is increased to 400
2025-02-11 03:49 | INFO | Query 9 Size of the uncertainty table is = 38794/56457
2025-02-11 03:49 | INFO | Query 9 Size of the filtered table is = 565
2025-02-11 03:49 | INFO | Training Time Active Learning Classifier: 9.94 seconds
2025-02-11 03:49 | INFO | Training Time Active Learning Regressor: 1.45 seconds
2025-02-11 03:50 | INFO | Query 9 Active Learning Runtime on Validation Set: 182133.71
2025-02-11 03:50 | INFO | Query 9 Active Learning Runtime on Test Set: 6368.02
2025-02-11 03:50 | INFO | Query 9 Active Learning Instance Cost: 430030.92
2025-02-11 03:51 | INFO | Query 10 Size of the uncertainty table is = 36693/56457
2025-02-11 03:51 | INFO | Query 10 Size of the filtered table is = 565
2025-02-11 03:51 | INFO | Training Time Active Learning Classifier: 10.07 seconds
2025-02-11 03:51 | INFO | Training Time Active Learning Regressor: 1.48 seconds
2025-02-11 03:52 | INFO | Query 10 Active Learning Runtime on Validation Set: 182127.44
2025-02-11 03:52 | INFO | Query 10 Active Learning Runtime on Test Set: 5537.67
2025-02-11 03:52 | INFO | Query 10 Active Learning Instance Cost: 547797.92
2025-02-11 03:53 | INFO | Query 11 Size of the uncertainty table is = 34564/56457
2025-02-11 03:53 | INFO | Query 11 Size of the filtered table is = 565
2025-02-11 03:53 | INFO | Training Time Active Learning Classifier: 10.08 seconds
2025-02-11 03:53 | INFO | Training Time Active Learning Regressor: 1.65 seconds
2025-02-11 03:54 | INFO | Query 11 Active Learning Runtime on Validation Set: 110192.65000000001
2025-02-11 03:54 | INFO | Query 11 Active Learning Runtime on Test Set: 5258.01
2025-02-11 03:54 | INFO | Query 11 Active Learning Instance Cost: 626626.77
2025-02-11 03:55 | INFO | Query 12 Size of the uncertainty table is = 33040/56457
2025-02-11 03:55 | INFO | Query 12 Size of the filtered table is = 565
2025-02-11 03:55 | INFO | Training Time Active Learning Classifier: 10.12 seconds
2025-02-11 03:55 | INFO | Training Time Active Learning Regressor: 1.53 seconds
2025-02-11 03:56 | INFO | Query 12 Active Learning Runtime on Validation Set: 182128.01
2025-02-11 03:56 | INFO | Query 12 Active Learning Runtime on Test Set: 5544.639999999999
2025-02-11 03:56 | INFO | Query 12 Active Learning Instance Cost: 719113.67
2025-02-11 03:56 | INFO | Timeout limit is increased to 500
2025-02-11 03:57 | INFO | Query 13 Size of the uncertainty table is = 32179/56457
2025-02-11 03:57 | INFO | Query 13 Size of the filtered table is = 565
2025-02-11 03:57 | INFO | Training Time Active Learning Classifier: 10.17 seconds
2025-02-11 03:57 | INFO | Training Time Active Learning Regressor: 1.54 seconds
2025-02-11 03:58 | INFO | Query 13 Active Learning Runtime on Validation Set: 110192.37
2025-02-11 03:58 | INFO | Query 13 Active Learning Runtime on Test Set: 5179.6900000000005
2025-02-11 03:58 | INFO | Query 13 Active Learning Instance Cost: 829293.95
2025-02-11 03:58 | INFO | Query 14 Size of the uncertainty table is = 31348/56457
2025-02-11 03:58 | INFO | Query 14 Size of the filtered table is = 565
2025-02-11 03:59 | INFO | Training Time Active Learning Classifier: 10.22 seconds
2025-02-11 03:59 | INFO | Training Time Active Learning Regressor: 1.56 seconds
2025-02-11 04:00 | INFO | Query 14 Active Learning Runtime on Validation Set: 110192.65000000001
2025-02-11 04:00 | INFO | Query 14 Active Learning Runtime on Test Set: 5243.360000000001
2025-02-11 04:00 | INFO | Query 14 Active Learning Instance Cost: 905952.78
2025-02-11 04:00 | INFO | Timeout limit is increased to 600
2025-02-11 04:00 | INFO | Query 15 Size of the uncertainty table is = 30647/56457
2025-02-11 04:00 | INFO | Query 15 Size of the filtered table is = 565
2025-02-11 04:01 | INFO | Training Time Active Learning Classifier: 10.38 seconds
2025-02-11 04:01 | INFO | Training Time Active Learning Regressor: 1.57 seconds
2025-02-11 04:02 | INFO | Query 15 Active Learning Runtime on Validation Set: 110196.03
2025-02-11 04:02 | INFO | Query 15 Active Learning Runtime on Test Set: 5243.360000000001
2025-02-11 04:02 | INFO | Query 15 Active Learning Instance Cost: 1010972.85
2025-02-11 04:02 | INFO | Timeout limit is increased to 700
2025-02-11 04:02 | INFO | Query 16 Size of the uncertainty table is = 29975/56457
2025-02-11 04:02 | INFO | Query 16 Size of the filtered table is = 565
2025-02-11 04:02 | INFO | Training Time Active Learning Classifier: 10.27 seconds
2025-02-11 04:02 | INFO | Training Time Active Learning Regressor: 1.58 seconds
2025-02-11 04:03 | INFO | Query 16 Active Learning Runtime on Validation Set: 110131.33
2025-02-11 04:03 | INFO | Query 16 Active Learning Runtime on Test Set: 5523.02
2025-02-11 04:03 | INFO | Query 16 Active Learning Instance Cost: 1124981.74
2025-02-11 04:04 | INFO | Query 17 Size of the uncertainty table is = 29488/56457
2025-02-11 04:04 | INFO | Query 17 Size of the filtered table is = 565
2025-02-11 04:04 | INFO | Training Time Active Learning Classifier: 10.45 seconds
2025-02-11 04:04 | INFO | Training Time Active Learning Regressor: 1.58 seconds
2025-02-11 04:05 | INFO | Query 17 Active Learning Runtime on Validation Set: 110192.65000000001
2025-02-11 04:05 | INFO | Query 17 Active Learning Runtime on Test Set: 5243.360000000001
2025-02-11 04:05 | INFO | Query 17 Active Learning Instance Cost: 1209814.54
2025-02-11 04:05 | INFO | Timeout limit is increased to 800
2025-02-11 04:06 | INFO | Query 18 Size of the uncertainty table is = 29074/56457
2025-02-11 04:06 | INFO | Query 18 Size of the filtered table is = 565
2025-02-11 04:06 | INFO | Training Time Active Learning Classifier: 10.33 seconds
2025-02-11 04:06 | INFO | Training Time Active Learning Regressor: 1.6 seconds
2025-02-11 04:07 | INFO | Query 18 Active Learning Runtime on Validation Set: 110192.58
2025-02-11 04:07 | INFO | Query 18 Active Learning Runtime on Test Set: 5243.360000000001
2025-02-11 04:07 | INFO | Query 18 Active Learning Instance Cost: 1321595.32
2025-02-11 04:08 | INFO | Query 19 Size of the uncertainty table is = 28740/56457
2025-02-11 04:08 | INFO | Query 19 Size of the filtered table is = 565
2025-02-11 04:08 | INFO | Training Time Active Learning Classifier: 10.52 seconds
2025-02-11 04:08 | INFO | Training Time Active Learning Regressor: 1.6 seconds
2025-02-11 04:09 | INFO | Query 19 Active Learning Runtime on Validation Set: 110192.58
2025-02-11 04:09 | INFO | Query 19 Active Learning Runtime on Test Set: 5236.389999999999
2025-02-11 04:09 | INFO | Query 19 Active Learning Instance Cost: 1397422.08
2025-02-11 04:09 | INFO | Timeout limit is increased to 900
2025-02-11 04:10 | INFO | Query 20 Size of the uncertainty table is = 28422/56457
2025-02-11 04:10 | INFO | Query 20 Size of the filtered table is = 565
2025-02-11 04:10 | INFO | Training Time Active Learning Classifier: 10.5 seconds
2025-02-11 04:10 | INFO | Training Time Active Learning Regressor: 1.61 seconds
2025-02-11 04:11 | INFO | Query 20 Active Learning Runtime on Validation Set: 110174.64
2025-02-11 04:11 | INFO | Query 20 Active Learning Runtime on Test Set: 5234.360000000001
2025-02-11 04:11 | INFO | Query 20 Active Learning Instance Cost: 1473533.42
2025-02-11 04:12 | INFO | Query 21 Size of the uncertainty table is = 28230/56457
2025-02-11 04:12 | INFO | Query 21 Size of the filtered table is = 565
2025-02-11 04:12 | INFO | Training Time Active Learning Classifier: 10.39 seconds
2025-02-11 04:12 | INFO | Training Time Active Learning Regressor: 1.6 seconds
2025-02-11 04:13 | INFO | Query 21 Active Learning Runtime on Validation Set: 110169.7
2025-02-11 04:13 | INFO | Query 21 Active Learning Runtime on Test Set: 5234.360000000001
2025-02-11 04:13 | INFO | Query 21 Active Learning Instance Cost: 1561948.38
2025-02-11 04:13 | INFO | Query 22 Size of the uncertainty table is = 27904/56457
2025-02-11 04:13 | INFO | Query 22 Size of the filtered table is = 565
2025-02-11 04:14 | INFO | Training Time Active Learning Classifier: 10.39 seconds
2025-02-11 04:14 | INFO | Training Time Active Learning Regressor: 1.6 seconds
2025-02-11 04:15 | INFO | Query 22 Active Learning Runtime on Validation Set: 110169.7
2025-02-11 04:15 | INFO | Query 22 Active Learning Runtime on Test Set: 5234.360000000001
2025-02-11 04:15 | INFO | Query 22 Active Learning Instance Cost: 1614648.38
2025-02-11 04:15 | INFO | Timeout limit is increased to 1000
2025-02-11 04:15 | INFO | Query 23 Size of the uncertainty table is = 27725/56457
2025-02-11 04:15 | INFO | Query 23 Size of the filtered table is = 565
2025-02-11 04:16 | INFO | Training Time Active Learning Classifier: 10.41 seconds
2025-02-11 04:16 | INFO | Training Time Active Learning Regressor: 1.61 seconds
2025-02-11 04:17 | INFO | Query 23 Active Learning Runtime on Validation Set: 110169.7
2025-02-11 04:17 | INFO | Query 23 Active Learning Runtime on Test Set: 5234.360000000001
2025-02-11 04:17 | INFO | Query 23 Active Learning Instance Cost: 1693129.73
2025-02-11 04:17 | INFO | Timeout limit is increased to 1100
2025-02-11 04:17 | INFO | Query 24 Size of the uncertainty table is = 27512/56457
2025-02-11 04:17 | INFO | Query 24 Size of the filtered table is = 565
2025-02-11 04:17 | INFO | Training Time Active Learning Classifier: 10.58 seconds
2025-02-11 04:17 | INFO | Training Time Active Learning Regressor: 1.62 seconds
2025-02-11 04:18 | INFO | Query 24 Active Learning Runtime on Validation Set: 110174.64
2025-02-11 04:18 | INFO | Query 24 Active Learning Runtime on Test Set: 5255.98
2025-02-11 04:18 | INFO | Query 24 Active Learning Instance Cost: 1817234.26
2025-02-11 04:18 | INFO | Timeout limit is increased to 1200
2025-02-11 04:19 | INFO | Query 25 Size of the uncertainty table is = 27274/56457
2025-02-11 04:19 | INFO | Query 25 Size of the filtered table is = 565
2025-02-11 04:19 | INFO | Training Time Active Learning Classifier: 10.46 seconds
2025-02-11 04:19 | INFO | Training Time Active Learning Regressor: 1.62 seconds
2025-02-11 04:20 | INFO | Query 25 Active Learning Runtime on Validation Set: 110174.64
2025-02-11 04:20 | INFO | Query 25 Active Learning Runtime on Test Set: 5535.639999999999
2025-02-11 04:20 | INFO | Query 25 Active Learning Instance Cost: 1956316.6
2025-02-11 04:20 | INFO | Timeout limit is increased to 1300
2025-02-11 04:21 | INFO | Query 26 Size of the uncertainty table is = 27015/56457
2025-02-11 04:21 | INFO | Query 26 Size of the filtered table is = 565
2025-02-11 04:21 | INFO | Training Time Active Learning Classifier: 10.48 seconds
2025-02-11 04:21 | INFO | Training Time Active Learning Regressor: 1.62 seconds
2025-02-11 04:22 | INFO | Query 26 Active Learning Runtime on Validation Set: 146093.79
2025-02-11 04:22 | INFO | Query 26 Active Learning Runtime on Test Set: 5262.950000000001
2025-02-11 04:22 | INFO | Query 26 Active Learning Instance Cost: 2062179.8
2025-02-11 04:22 | INFO | Timeout limit is increased to 1400
2025-02-11 04:23 | INFO | Query 27 Size of the uncertainty table is = 26809/56457
2025-02-11 04:23 | INFO | Query 27 Size of the filtered table is = 565
2025-02-11 04:23 | INFO | Training Time Active Learning Classifier: 10.53 seconds
2025-02-11 04:23 | INFO | Training Time Active Learning Regressor: 1.63 seconds
2025-02-11 04:24 | INFO | Query 27 Active Learning Runtime on Validation Set: 146093.79
2025-02-11 04:24 | INFO | Query 27 Active Learning Runtime on Test Set: 5262.950000000001
2025-02-11 04:24 | INFO | Query 27 Active Learning Instance Cost: 2189509.3
2025-02-11 04:24 | INFO | Timeout limit is increased to 1500
2025-02-11 04:25 | INFO | Query 28 Size of the uncertainty table is = 26603/56457
2025-02-11 04:25 | INFO | Query 28 Size of the filtered table is = 565
2025-02-11 04:25 | INFO | Training Time Active Learning Classifier: 10.68 seconds
2025-02-11 04:25 | INFO | Training Time Active Learning Regressor: 1.63 seconds
2025-02-11 04:26 | INFO | Query 28 Active Learning Runtime on Validation Set: 146093.79
2025-02-11 04:26 | INFO | Query 28 Active Learning Runtime on Test Set: 5262.950000000001
2025-02-11 04:26 | INFO | Query 28 Active Learning Instance Cost: 2326858.34
2025-02-11 04:26 | INFO | Timeout limit is increased to 1600
2025-02-11 04:26 | INFO | Query 29 Size of the uncertainty table is = 26382/56457
2025-02-11 04:27 | INFO | Query 29 Size of the filtered table is = 565
2025-02-11 04:27 | INFO | Training Time Active Learning Classifier: 10.53 seconds
2025-02-11 04:27 | INFO | Training Time Active Learning Regressor: 1.64 seconds
2025-02-11 04:28 | INFO | Query 29 Active Learning Runtime on Validation Set: 146094.1
2025-02-11 04:28 | INFO | Query 29 Active Learning Runtime on Test Set: 5262.950000000001
2025-02-11 04:28 | INFO | Query 29 Active Learning Instance Cost: 2474844.87
2025-02-11 04:28 | INFO | Timeout limit is increased to 1700
2025-02-11 04:28 | INFO | Query 30 Size of the uncertainty table is = 26208/56457
2025-02-11 04:28 | INFO | Query 30 Size of the filtered table is = 565
2025-02-11 04:29 | INFO | Training Time Active Learning Classifier: 10.57 seconds
2025-02-11 04:29 | INFO | Training Time Active Learning Regressor: 1.64 seconds
2025-02-11 04:30 | INFO | Query 30 Active Learning Runtime on Validation Set: 146093.97
2025-02-11 04:30 | INFO | Query 30 Active Learning Runtime on Test Set: 5262.950000000001
2025-02-11 04:30 | INFO | Query 30 Active Learning Instance Cost: 2590580.94
2025-02-11 04:30 | INFO | Query 31 Size of the uncertainty table is = 25978/56457
2025-02-11 04:30 | INFO | Query 31 Size of the filtered table is = 565
2025-02-11 04:30 | INFO | Training Time Active Learning Classifier: 10.56 seconds
2025-02-11 04:30 | INFO | Training Time Active Learning Regressor: 1.65 seconds
2025-02-11 04:31 | INFO | Query 31 Active Learning Runtime on Validation Set: 146093.97
2025-02-11 04:31 | INFO | Query 31 Active Learning Runtime on Test Set: 5262.950000000001
2025-02-11 04:31 | INFO | Query 31 Active Learning Instance Cost: 2683652.41
2025-02-11 04:31 | INFO | Timeout limit is increased to 1800
2025-02-11 04:32 | INFO | Query 32 Size of the uncertainty table is = 25818/56457
2025-02-11 04:32 | INFO | Query 32 Size of the filtered table is = 565
2025-02-11 04:32 | INFO | Training Time Active Learning Classifier: 10.57 seconds
2025-02-11 04:32 | INFO | Training Time Active Learning Regressor: 1.64 seconds
2025-02-11 04:33 | INFO | Query 32 Active Learning Runtime on Validation Set: 110181.08
2025-02-11 04:33 | INFO | Query 32 Active Learning Runtime on Test Set: 5264.98
2025-02-11 04:33 | INFO | Query 32 Active Learning Instance Cost: 2784092.33
2025-02-11 04:34 | INFO | Query 33 Size of the uncertainty table is = 25630/56457
2025-02-11 04:34 | INFO | Query 33 Size of the filtered table is = 565
2025-02-11 04:34 | INFO | Training Time Active Learning Classifier: 10.56 seconds
2025-02-11 04:34 | INFO | Training Time Active Learning Regressor: 1.66 seconds
2025-02-11 04:35 | INFO | Query 33 Active Learning Runtime on Validation Set: 110181.08
2025-02-11 04:35 | INFO | Query 33 Active Learning Runtime on Test Set: 5264.98
2025-02-11 04:35 | INFO | Query 33 Active Learning Instance Cost: 2857918.63
2025-02-11 04:35 | INFO | Timeout limit is increased to 1900
2025-02-11 04:36 | INFO | Query 34 Size of the uncertainty table is = 25524/56457
2025-02-11 04:36 | INFO | Query 34 Size of the filtered table is = 565
2025-02-11 04:36 | INFO | Training Time Active Learning Classifier: 10.59 seconds
2025-02-11 04:36 | INFO | Training Time Active Learning Regressor: 1.66 seconds
2025-02-11 04:37 | INFO | Query 34 Active Learning Runtime on Validation Set: 110181.13
2025-02-11 04:37 | INFO | Query 34 Active Learning Runtime on Test Set: 5264.98
2025-02-11 04:37 | INFO | Query 34 Active Learning Instance Cost: 2940207.85
2025-02-11 04:37 | INFO | Timeout limit is increased to 2000
2025-02-11 04:38 | INFO | Query 35 Size of the uncertainty table is = 25447/56457
2025-02-11 04:38 | INFO | Query 35 Size of the filtered table is = 565
2025-02-11 04:38 | INFO | Training Time Active Learning Classifier: 10.6 seconds
2025-02-11 04:38 | INFO | Training Time Active Learning Regressor: 1.66 seconds
2025-02-11 04:39 | INFO | Query 35 Active Learning Runtime on Validation Set: 110181.13
2025-02-11 04:39 | INFO | Query 35 Active Learning Runtime on Test Set: 5264.98
2025-02-11 04:39 | INFO | Query 35 Active Learning Instance Cost: 3029107.85
2025-02-11 04:39 | INFO | Timeout limit is increased to 2100
2025-02-11 04:40 | INFO | Query 36 Size of the uncertainty table is = 25355/56457
2025-02-11 04:40 | INFO | Query 36 Size of the filtered table is = 565
2025-02-11 04:40 | INFO | Training Time Active Learning Classifier: 10.59 seconds
2025-02-11 04:40 | INFO | Training Time Active Learning Regressor: 1.66 seconds
2025-02-11 04:41 | INFO | Query 36 Active Learning Runtime on Validation Set: 110181.31
2025-02-11 04:41 | INFO | Query 36 Active Learning Runtime on Test Set: 5264.98
2025-02-11 04:41 | INFO | Query 36 Active Learning Instance Cost: 3130507.85
2025-02-11 04:41 | INFO | Timeout limit is increased to 2200
2025-02-11 04:41 | INFO | Query 37 Size of the uncertainty table is = 25259/56457
2025-02-11 04:41 | INFO | Query 37 Size of the filtered table is = 565
2025-02-11 04:42 | INFO | Training Time Active Learning Classifier: 10.69 seconds
2025-02-11 04:42 | INFO | Training Time Active Learning Regressor: 1.66 seconds
2025-02-11 04:43 | INFO | Query 37 Active Learning Runtime on Validation Set: 110181.31
2025-02-11 04:43 | INFO | Query 37 Active Learning Runtime on Test Set: 5264.98
2025-02-11 04:43 | INFO | Query 37 Active Learning Instance Cost: 3233407.85
2025-02-11 04:43 | INFO | Timeout limit is increased to 2300
2025-02-11 04:43 | INFO | Query 38 Size of the uncertainty table is = 25174/56457
2025-02-11 04:43 | INFO | Query 38 Size of the filtered table is = 565
2025-02-11 04:43 | INFO | Training Time Active Learning Classifier: 10.56 seconds
2025-02-11 04:43 | INFO | Training Time Active Learning Regressor: 1.66 seconds
2025-02-11 04:44 | INFO | Query 38 Active Learning Runtime on Validation Set: 110181.31
2025-02-11 04:44 | INFO | Query 38 Active Learning Runtime on Test Set: 5264.98
2025-02-11 04:44 | INFO | Query 38 Active Learning Instance Cost: 3324307.85
2025-02-11 04:44 | INFO | Timeout limit is increased to 2400
2025-02-11 04:45 | INFO | Query 39 Size of the uncertainty table is = 25105/56457
2025-02-11 04:45 | INFO | Query 39 Size of the filtered table is = 565
2025-02-11 04:45 | INFO | Training Time Active Learning Classifier: 10.57 seconds
2025-02-11 04:45 | INFO | Training Time Active Learning Regressor: 1.65 seconds
2025-02-11 04:46 | INFO | Query 39 Active Learning Runtime on Validation Set: 110181.31
2025-02-11 04:46 | INFO | Query 39 Active Learning Runtime on Test Set: 5264.98
2025-02-11 04:46 | INFO | Query 39 Active Learning Instance Cost: 3410007.85
2025-02-11 04:46 | INFO | Timeout limit is increased to 2500
2025-02-11 04:47 | INFO | Query 40 Size of the uncertainty table is = 25037/56457
2025-02-11 04:47 | INFO | Query 40 Size of the filtered table is = 565
2025-02-11 04:47 | INFO | Training Time Active Learning Classifier: 10.55 seconds
2025-02-11 04:47 | INFO | Training Time Active Learning Regressor: 1.66 seconds
2025-02-11 04:48 | INFO | Query 40 Active Learning Runtime on Validation Set: 110181.31
2025-02-11 04:48 | INFO | Query 40 Active Learning Runtime on Test Set: 5264.98
2025-02-11 04:48 | INFO | Query 40 Active Learning Instance Cost: 3502807.85
2025-02-11 04:48 | INFO | Timeout limit is increased to 2600
2025-02-11 04:49 | INFO | Query 41 Size of the uncertainty table is = 24959/56457
2025-02-11 04:49 | INFO | Query 41 Size of the filtered table is = 565
2025-02-11 04:49 | INFO | Training Time Active Learning Classifier: 10.56 seconds
2025-02-11 04:49 | INFO | Training Time Active Learning Regressor: 1.66 seconds
2025-02-11 04:50 | INFO | Query 41 Active Learning Runtime on Validation Set: 110181.31
2025-02-11 04:50 | INFO | Query 41 Active Learning Runtime on Test Set: 5264.98
2025-02-11 04:50 | INFO | Query 41 Active Learning Instance Cost: 3612007.85
2025-02-11 04:50 | INFO | Timeout limit is increased to 2700
2025-02-11 04:51 | INFO | Query 42 Size of the uncertainty table is = 24868/56457
2025-02-11 04:51 | INFO | Query 42 Size of the filtered table is = 565
2025-02-11 04:51 | INFO | Training Time Active Learning Classifier: 10.72 seconds
2025-02-11 04:51 | INFO | Training Time Active Learning Regressor: 1.66 seconds
2025-02-11 04:52 | INFO | Query 42 Active Learning Runtime on Validation Set: 110181.31
2025-02-11 04:52 | INFO | Query 42 Active Learning Runtime on Test Set: 5264.98
2025-02-11 04:52 | INFO | Query 42 Active Learning Instance Cost: 3714507.85
2025-02-11 04:52 | INFO | Timeout limit is increased to 2800
2025-02-11 04:52 | INFO | Query 43 Size of the uncertainty table is = 24792/56457
2025-02-11 04:52 | INFO | Query 43 Size of the filtered table is = 565
2025-02-11 04:53 | INFO | Training Time Active Learning Classifier: 10.58 seconds
2025-02-11 04:53 | INFO | Training Time Active Learning Regressor: 1.66 seconds
2025-02-11 04:54 | INFO | Query 43 Active Learning Runtime on Validation Set: 110181.13
2025-02-11 04:54 | INFO | Query 43 Active Learning Runtime on Test Set: 5264.98
2025-02-11 04:54 | INFO | Query 43 Active Learning Instance Cost: 3842107.85
2025-02-11 04:54 | INFO | Query 44 Size of the uncertainty table is = 24701/56457
2025-02-11 04:54 | INFO | Query 44 Size of the filtered table is = 565
2025-02-11 04:54 | INFO | Training Time Active Learning Classifier: 10.57 seconds
2025-02-11 04:55 | INFO | Training Time Active Learning Regressor: 1.66 seconds
2025-02-11 04:56 | INFO | Query 44 Active Learning Runtime on Validation Set: 110181.13
2025-02-11 04:56 | INFO | Query 44 Active Learning Runtime on Test Set: 5264.98
2025-02-11 04:56 | INFO | Query 44 Active Learning Instance Cost: 3898407.85
2025-02-11 04:56 | INFO | Timeout limit is increased to 2900
2025-02-11 04:56 | INFO | Query 45 Size of the uncertainty table is = 24628/56457
2025-02-11 04:56 | INFO | Query 45 Size of the filtered table is = 565
2025-02-11 04:56 | INFO | Training Time Active Learning Classifier: 10.57 seconds
2025-02-11 04:56 | INFO | Training Time Active Learning Regressor: 1.65 seconds
2025-02-11 04:57 | INFO | Query 45 Active Learning Runtime on Validation Set: 110181.31
2025-02-11 04:57 | INFO | Query 45 Active Learning Runtime on Test Set: 5264.98
2025-02-11 04:57 | INFO | Query 45 Active Learning Instance Cost: 3993072.52
2025-02-11 04:57 | INFO | Timeout limit is increased to 3000
2025-02-11 04:58 | INFO | Query 46 Size of the uncertainty table is = 24544/56457
2025-02-11 04:58 | INFO | Query 46 Size of the filtered table is = 565
2025-02-11 04:58 | INFO | Training Time Active Learning Classifier: 10.74 seconds
2025-02-11 04:58 | INFO | Training Time Active Learning Regressor: 1.66 seconds
2025-02-11 04:59 | INFO | Query 46 Active Learning Runtime on Validation Set: 110181.31
2025-02-11 04:59 | INFO | Query 46 Active Learning Runtime on Test Set: 5264.98
2025-02-11 04:59 | INFO | Query 46 Active Learning Instance Cost: 4086472.52
2025-02-11 04:59 | INFO | Timeout limit is increased to 3100
2025-02-11 05:00 | INFO | Query 47 Size of the uncertainty table is = 24482/56457
2025-02-11 05:00 | INFO | Query 47 Size of the filtered table is = 565
2025-02-11 05:00 | INFO | Training Time Active Learning Classifier: 10.57 seconds
2025-02-11 05:00 | INFO | Training Time Active Learning Regressor: 1.65 seconds
2025-02-11 05:01 | INFO | Query 47 Active Learning Runtime on Validation Set: 110181.31
2025-02-11 05:01 | INFO | Query 47 Active Learning Runtime on Test Set: 5264.98
2025-02-11 05:01 | INFO | Query 47 Active Learning Instance Cost: 4192272.52
2025-02-11 05:01 | INFO | Timeout limit is increased to 3200
2025-02-11 05:02 | INFO | Query 48 Size of the uncertainty table is = 24417/56457
2025-02-11 05:02 | INFO | Query 48 Size of the filtered table is = 565
2025-02-11 05:02 | INFO | Training Time Active Learning Classifier: 10.56 seconds
2025-02-11 05:02 | INFO | Training Time Active Learning Regressor: 1.66 seconds
2025-02-11 05:03 | INFO | Query 48 Active Learning Runtime on Validation Set: 110181.31
2025-02-11 05:03 | INFO | Query 48 Active Learning Runtime on Test Set: 5264.98
2025-02-11 05:03 | INFO | Query 48 Active Learning Instance Cost: 4307372.52
2025-02-11 05:03 | INFO | Timeout limit is increased to 3300
2025-02-11 05:03 | INFO | Query 49 Size of the uncertainty table is = 24324/56457
2025-02-11 05:03 | INFO | Query 49 Size of the filtered table is = 565
2025-02-11 05:04 | INFO | Training Time Active Learning Classifier: 10.58 seconds
2025-02-11 05:04 | INFO | Training Time Active Learning Regressor: 1.66 seconds
2025-02-11 05:05 | INFO | Query 49 Active Learning Runtime on Validation Set: 110181.31
2025-02-11 05:05 | INFO | Query 49 Active Learning Runtime on Test Set: 5264.98
2025-02-11 05:05 | INFO | Query 49 Active Learning Instance Cost: 4415572.52
2025-02-11 05:05 | INFO | Timeout limit is increased to 3400
2025-02-11 05:05 | INFO | Query 50 Size of the uncertainty table is = 24225/56457
2025-02-11 05:05 | INFO | Query 50 Size of the filtered table is = 565
2025-02-11 05:06 | INFO | Training Time Active Learning Classifier: 10.71 seconds
2025-02-11 05:06 | INFO | Training Time Active Learning Regressor: 1.65 seconds
2025-02-11 05:07 | INFO | Query 50 Active Learning Runtime on Validation Set: 110181.31
2025-02-11 05:07 | INFO | Query 50 Active Learning Runtime on Test Set: 5264.98
2025-02-11 05:07 | INFO | Query 50 Active Learning Instance Cost: 4526372.52
2025-02-11 05:07 | INFO | Timeout limit is increased to 3500
2025-02-11 05:07 | INFO | Query 51 Size of the uncertainty table is = 24143/56457
2025-02-11 05:07 | INFO | Query 51 Size of the filtered table is = 565
2025-02-11 05:07 | INFO | Training Time Active Learning Classifier: 10.6 seconds
2025-02-11 05:07 | INFO | Training Time Active Learning Regressor: 1.66 seconds
2025-02-11 05:08 | INFO | Query 51 Active Learning Runtime on Validation Set: 110181.31
2025-02-11 05:08 | INFO | Query 51 Active Learning Runtime on Test Set: 5264.98
2025-02-11 05:08 | INFO | Query 51 Active Learning Instance Cost: 4635672.52
2025-02-11 05:08 | INFO | Timeout limit is increased to 3600
2025-02-11 05:09 | INFO | Query 52 Size of the uncertainty table is = 24047/56457
2025-02-11 05:09 | INFO | Query 52 Size of the filtered table is = 565
2025-02-11 05:09 | INFO | Training Time Active Learning Classifier: 10.59 seconds
2025-02-11 05:09 | INFO | Training Time Active Learning Regressor: 1.8 seconds
2025-02-11 05:10 | INFO | Query 52 Active Learning Runtime on Validation Set: 110181.31
2025-02-11 05:10 | INFO | Query 52 Active Learning Runtime on Test Set: 5264.98
2025-02-11 05:10 | INFO | Query 52 Active Learning Instance Cost: 4757672.52
2025-02-11 05:10 | INFO | Timeout limit is increased to 3600
2025-02-11 05:10 | INFO | Query 53 Size of the uncertainty table is = 10494/56457
2025-02-11 05:10 | INFO | Query 53 Size of the filtered table is = 565
2025-02-11 05:11 | INFO | Training Time Active Learning Classifier: 10.65 seconds
2025-02-11 05:11 | INFO | Training Time Active Learning Regressor: 1.67 seconds
2025-02-11 05:12 | INFO | Query 53 Active Learning Runtime on Validation Set: 110197.63
2025-02-11 05:12 | INFO | Query 53 Active Learning Runtime on Test Set: 5264.98
2025-02-11 05:12 | INFO | Query 53 Active Learning Instance Cost: 6455872.52
2025-02-11 05:12 | INFO | Timeout limit is increased to 3600
2025-02-11 05:12 | INFO | Query 54 Size of the uncertainty table is = 6061/56457
2025-02-11 05:12 | INFO | Query 54 Size of the filtered table is = 565
2025-02-11 05:12 | INFO | Training Time Active Learning Classifier: 10.71 seconds
2025-02-11 05:12 | INFO | Training Time Active Learning Regressor: 1.69 seconds
2025-02-11 05:13 | INFO | Query 54 Active Learning Runtime on Validation Set: 110197.81
2025-02-11 05:13 | INFO | Query 54 Active Learning Runtime on Test Set: 5264.98
2025-02-11 05:13 | INFO | Query 54 Active Learning Instance Cost: 8005872.52
2025-02-11 05:13 | INFO | Timeout limit is increased to 3600
2025-02-11 05:13 | INFO | Query 55 Size of the uncertainty table is = 930/56457
2025-02-11 05:13 | INFO | Query 55 Size of the filtered table is = 565
2025-02-11 05:14 | INFO | Training Time Active Learning Classifier: 10.72 seconds
2025-02-11 05:14 | INFO | Training Time Active Learning Regressor: 1.7 seconds
2025-02-11 05:15 | INFO | Query 55 Active Learning Runtime on Validation Set: 110197.81
2025-02-11 05:15 | INFO | Query 55 Active Learning Runtime on Test Set: 5264.98
2025-02-11 05:15 | INFO | Query 55 Active Learning Instance Cost: 8291272.52
2025-02-11 05:15 | INFO | Timeout limit is increased to 3600
2025-02-11 05:15 | INFO | Active Learning Emissions: 0.07148893202170437
2025-02-11 05:15 | INFO | Active Learning Energy Consumption: 0.07778178355534768 kWh
2025-02-11 05:15 | INFO | runtime_test_score is written as json file
2025-02-11 05:15 | INFO | runtime_validation_score is written as json file
2025-02-11 05:15 | INFO | instance_cost is written as json file
2025-02-11 05:15 | INFO | Experiment is finished
