2025-02-11 03:42 | INFO | Paramaters are: {'dataset': 'MAXSAT-WPMS-2016', 'penalty': 10, 'weight': 'No_Weight', 'voting': 'Hard', 'pre_selection_size': 64, 'pre_selection_technique': 'No_pre_selection', 'feature_elimination_threshold': 20, 'imputer_strategy': 'median', 'feature_selection_technique': 'No_feature_selection', 'feature_scaling_technique': 'StandardScaler', 'initial_train_size': 20, 'query_size': 1, 'timeout_predictor_usage': 'No', 'pareto_features': {'Uncertainty': 'max', 'PredDiff': 'max', 'PredCost': 'min'}, 'timeout_limit': 3600, 'timeout_increase_rate': 100, 'penalty_type': 'Only-timeout-penalty', 'RANDOM_STATE_SEED': 42, 'n_splits': 10, 'split_number': 7, 'max_timeout': 3600, 'param_grid': {'n_estimators': 100, 'max_features': 'sqrt', 'max_depth': 2147483648, 'min_samples_split': 2, 'bootstrap': True}}
2025-02-11 03:42 | INFO | MAXSAT-WPMS-2016 is current dataset
2025-02-11 03:42 | INFO | DATASETS/MAXSAT-WPMS-2016/algorithm_runs.arff is found
2025-02-11 03:42 | INFO | DATASETS/MAXSAT-WPMS-2016/algorithm_runs.arff is finished
2025-02-11 03:42 | INFO | DATASETS/MAXSAT-WPMS-2016/feature_values.arff is found
2025-02-11 03:42 | INFO | DATASETS/MAXSAT-WPMS-2016/feature_values.arff is finished
2025-02-11 03:42 | INFO | DATASETS/MAXSAT-WPMS-2016/feature_costs.arff is found
2025-02-11 03:42 | INFO | DATASETS/MAXSAT-WPMS-2016/feature_costs.arff is finished
2025-02-11 03:42 | INFO | Virtual best solver time in train = 46623.04
2025-02-11 03:42 | INFO | Single best solver list train = {'CCEHC2akms': 12824484.99, 'CCLS2akms': 13143879.94, 'LMHS-2016': 2900938.03, 'Naps-1.02-ms': 10740819.02, 'Open-WBO16': 4331067.1, 'Optiriss6': 8223165.55, 'QMaxSAT14': 5404282.13, 'QMaxSAT16UC': 5366251.57, 'WMaxSatz+': 11640710.47, 'WMaxSatz09': 11640732.31, 'WPM3-2015-co': 4870606.94, 'ahms-1.70': 12858009.08, 'ahms-ls-1.70': 12927659.25, 'maxhs-b': 1172254.28, 'maxino16-c10': 3831529.52, 'maxino16-dis': 3863345.93, 'mscg2015a': 4082555.38, 'mscg2015b': 3729308.79}
2025-02-11 03:42 | INFO | Single best solver time train = maxhs-b (1172254.28)
2025-02-11 03:42 | INFO | Virtual best solver time in validation = 4919.67
2025-02-11 03:42 | INFO | Single best solver list validation = {'CCEHC2akms': 3528000.0, 'CCLS2akms': 3528000.0, 'LMHS-2016': 1199669.76, 'Naps-1.02-ms': 2701602.73, 'Open-WBO16': 471252.49, 'Optiriss6': 507958.96, 'QMaxSAT14': 1072468.65, 'QMaxSAT16UC': 1037339.73, 'WMaxSatz+': 3493369.8, 'WMaxSatz09': 3493359.74, 'WPM3-2015-co': 114653.68, 'ahms-1.70': 2926265.75, 'ahms-ls-1.70': 2959616.21, 'maxhs-b': 338278.02, 'maxino16-c10': 222675.46, 'maxino16-dis': 146556.95, 'mscg2015a': 110591.09, 'mscg2015b': 111903.48}
2025-02-11 03:42 | INFO | Single best solver time validation = mscg2015a (110591.09)
2025-02-11 03:42 | INFO | Virtual best solver time in test = 3868.82
2025-02-11 03:42 | INFO | Single best solver list test = {'CCEHC2akms': 1872171.01, 'CCLS2akms': 1908000.01, 'LMHS-2016': 329782.24, 'Naps-1.02-ms': 1478280.46, 'Open-WBO16': 468395.0, 'Optiriss6': 1009116.13, 'QMaxSAT14': 870806.67, 'QMaxSAT16UC': 836733.74, 'WMaxSatz+': 1552678.73, 'WMaxSatz09': 1586781.36, 'WPM3-2015-co': 505004.83, 'ahms-1.70': 1764951.12, 'ahms-ls-1.70': 1766260.76, 'maxhs-b': 113920.98, 'maxino16-c10': 434335.76, 'maxino16-dis': 398117.23, 'mscg2015a': 432731.01, 'mscg2015b': 363382.33}
2025-02-11 03:42 | INFO | Single best solver time test = maxhs-b (113920.98)
2025-02-11 03:43 | INFO | Training Time Passive Learning Classifier: 10.58 seconds
2025-02-11 03:43 | INFO | Training Time Passive Learning Regressor: 1.66 seconds
2025-02-11 03:44 | INFO | Passive Learning Classifier Runtime on Validation Set: 219308.37
2025-02-11 03:44 | INFO | Passive Learning Classifier Runtime on Test Set: 77303.57
2025-02-11 03:44 | INFO | Passive Learning Instance Cost: 13671600.28
2025-02-11 03:44 | INFO | Passive Learning Emissions: 0.0008510022962415299
2025-02-11 03:44 | INFO | Passive Learning Energy Consumption: 0.0009259122292002656 kWh
2025-02-11 03:44 | INFO | Training Time Active Learning Classifier: 8.2 seconds
2025-02-11 03:44 | INFO | Training Time Active Learning Regressor: 0.82 seconds
2025-02-11 03:45 | INFO | Initial Active Learning Runtime on Validation Set: 145448.55
2025-02-11 03:45 | INFO | Initial Active Learning Runtime on Test Set: 184871.83
2025-02-11 03:45 | INFO | Initial Active Learning Instance Cost: 737287.46
2025-02-11 03:45 | INFO | Bin size = 565
2025-02-11 03:45 | INFO | Query 1 Size of the uncertainty table is = 56457/56457
2025-02-11 03:45 | INFO | Query 1 Size of the filtered table is = 696
2025-02-11 03:45 | INFO | Training Time Active Learning Classifier: 8.16 seconds
2025-02-11 03:45 | INFO | Training Time Active Learning Regressor: 0.93 seconds
2025-02-11 03:46 | INFO | Query 1 Active Learning Runtime on Validation Set: 147215.16
2025-02-11 03:46 | INFO | Query 1 Active Learning Runtime on Test Set: 184470.23
2025-02-11 03:46 | INFO | Query 1 Active Learning Instance Cost: 1528863.42
2025-02-11 03:46 | INFO | Timeout limit is increased to 3600
2025-02-11 03:47 | INFO | Query 2 Size of the uncertainty table is = 54161/56457
2025-02-11 03:47 | INFO | Query 2 Size of the filtered table is = 565
2025-02-11 03:47 | INFO | Training Time Active Learning Classifier: 8.28 seconds
2025-02-11 03:47 | INFO | Training Time Active Learning Regressor: 1.02 seconds
2025-02-11 03:48 | INFO | Query 2 Active Learning Runtime on Validation Set: 219820.95
2025-02-11 03:48 | INFO | Query 2 Active Learning Runtime on Test Set: 77302.03
2025-02-11 03:48 | INFO | Query 2 Active Learning Instance Cost: 2000925.89
2025-02-11 03:48 | INFO | Timeout limit is increased to 3600
2025-02-11 03:48 | INFO | Query 3 Size of the uncertainty table is = 51595/56457
2025-02-11 03:48 | INFO | Query 3 Size of the filtered table is = 565
2025-02-11 03:48 | INFO | Training Time Active Learning Classifier: 8.58 seconds
2025-02-11 03:49 | INFO | Training Time Active Learning Regressor: 1.12 seconds
2025-02-11 03:50 | INFO | Query 3 Active Learning Runtime on Validation Set: 147326.33000000002
2025-02-11 03:50 | INFO | Query 3 Active Learning Runtime on Test Set: 77110.29
2025-02-11 03:50 | INFO | Query 3 Active Learning Instance Cost: 2511498.72
2025-02-11 03:50 | INFO | Query 4 Size of the uncertainty table is = 48495/56457
2025-02-11 03:50 | INFO | Query 4 Size of the filtered table is = 565
2025-02-11 03:50 | INFO | Training Time Active Learning Classifier: 9.01 seconds
2025-02-11 03:50 | INFO | Training Time Active Learning Regressor: 1.2 seconds
2025-02-11 03:51 | INFO | Query 4 Active Learning Runtime on Validation Set: 148716.72
2025-02-11 03:51 | INFO | Query 4 Active Learning Runtime on Test Set: 112930.05
2025-02-11 03:51 | INFO | Query 4 Active Learning Instance Cost: 2903064.36
2025-02-11 03:51 | INFO | Timeout limit is increased to 3600
2025-02-11 03:52 | INFO | Query 5 Size of the uncertainty table is = 45397/56457
2025-02-11 03:52 | INFO | Query 5 Size of the filtered table is = 565
2025-02-11 03:52 | INFO | Training Time Active Learning Classifier: 9.2 seconds
2025-02-11 03:52 | INFO | Training Time Active Learning Regressor: 1.28 seconds
2025-02-11 03:53 | INFO | Query 5 Active Learning Runtime on Validation Set: 146606.69
2025-02-11 03:53 | INFO | Query 5 Active Learning Runtime on Test Set: 76755.27
2025-02-11 03:53 | INFO | Query 5 Active Learning Instance Cost: 3392308.82
2025-02-11 03:53 | INFO | Query 6 Size of the uncertainty table is = 42463/56457
2025-02-11 03:53 | INFO | Query 6 Size of the filtered table is = 565
2025-02-11 03:54 | INFO | Training Time Active Learning Classifier: 9.5 seconds
2025-02-11 03:54 | INFO | Training Time Active Learning Regressor: 1.35 seconds
2025-02-11 03:55 | INFO | Query 6 Active Learning Runtime on Validation Set: 219323.03000000003
2025-02-11 03:55 | INFO | Query 6 Active Learning Runtime on Test Set: 76730.33
2025-02-11 03:55 | INFO | Query 6 Active Learning Instance Cost: 3923182.61
2025-02-11 03:55 | INFO | Timeout limit is increased to 3600
2025-02-11 03:55 | INFO | Query 7 Size of the uncertainty table is = 39324/56457
2025-02-11 03:55 | INFO | Query 7 Size of the filtered table is = 565
2025-02-11 03:55 | INFO | Training Time Active Learning Classifier: 9.83 seconds
2025-02-11 03:55 | INFO | Training Time Active Learning Regressor: 1.42 seconds
2025-02-11 03:56 | INFO | Query 7 Active Learning Runtime on Validation Set: 183288.73
2025-02-11 03:56 | INFO | Query 7 Active Learning Runtime on Test Set: 112410.81
2025-02-11 03:56 | INFO | Query 7 Active Learning Instance Cost: 4660769.57
2025-02-11 03:57 | INFO | Query 8 Size of the uncertainty table is = 36376/56457
2025-02-11 03:57 | INFO | Query 8 Size of the filtered table is = 565
2025-02-11 03:57 | INFO | Training Time Active Learning Classifier: 9.91 seconds
2025-02-11 03:57 | INFO | Training Time Active Learning Regressor: 1.6 seconds
2025-02-11 03:58 | INFO | Query 8 Active Learning Runtime on Validation Set: 218549.90000000002
2025-02-11 03:58 | INFO | Query 8 Active Learning Runtime on Test Set: 76660.96
2025-02-11 03:58 | INFO | Query 8 Active Learning Instance Cost: 5338787.58
2025-02-11 03:58 | INFO | Timeout limit is increased to 3600
2025-02-11 03:59 | INFO | Query 9 Size of the uncertainty table is = 33653/56457
2025-02-11 03:59 | INFO | Query 9 Size of the filtered table is = 565
2025-02-11 03:59 | INFO | Training Time Active Learning Classifier: 10.01 seconds
2025-02-11 03:59 | INFO | Training Time Active Learning Regressor: 1.52 seconds
2025-02-11 04:00 | INFO | Query 9 Active Learning Runtime on Validation Set: 219588.83000000002
2025-02-11 04:00 | INFO | Query 9 Active Learning Runtime on Test Set: 77483.92
2025-02-11 04:00 | INFO | Query 9 Active Learning Instance Cost: 5883814.38
2025-02-11 04:00 | INFO | Timeout limit is increased to 3600
2025-02-11 04:00 | INFO | Query 10 Size of the uncertainty table is = 31586/56457
2025-02-11 04:00 | INFO | Query 10 Size of the filtered table is = 565
2025-02-11 04:01 | INFO | Training Time Active Learning Classifier: 10.23 seconds
2025-02-11 04:01 | INFO | Training Time Active Learning Regressor: 1.55 seconds
2025-02-11 04:02 | INFO | Query 10 Active Learning Runtime on Validation Set: 219526.7
2025-02-11 04:02 | INFO | Query 10 Active Learning Runtime on Test Set: 76660.96
2025-02-11 04:02 | INFO | Query 10 Active Learning Instance Cost: 6796636.01
2025-02-11 04:02 | INFO | Query 11 Size of the uncertainty table is = 28357/56457
2025-02-11 04:02 | INFO | Query 11 Size of the filtered table is = 565
2025-02-11 04:02 | INFO | Training Time Active Learning Classifier: 10.25 seconds
2025-02-11 04:02 | INFO | Training Time Active Learning Regressor: 1.59 seconds
2025-02-11 04:03 | INFO | Query 11 Active Learning Runtime on Validation Set: 147103.17
2025-02-11 04:03 | INFO | Query 11 Active Learning Runtime on Test Set: 77228.19
2025-02-11 04:03 | INFO | Query 11 Active Learning Instance Cost: 7500087.47
2025-02-11 04:04 | INFO | Query 12 Size of the uncertainty table is = 24666/56457
2025-02-11 04:04 | INFO | Query 12 Size of the filtered table is = 565
2025-02-11 04:04 | INFO | Training Time Active Learning Classifier: 10.47 seconds
2025-02-11 04:04 | INFO | Training Time Active Learning Regressor: 1.6 seconds
2025-02-11 04:05 | INFO | Query 12 Active Learning Runtime on Validation Set: 147089.29
2025-02-11 04:05 | INFO | Query 12 Active Learning Runtime on Test Set: 77303.56999999999
2025-02-11 04:05 | INFO | Query 12 Active Learning Instance Cost: 8470162.63
2025-02-11 04:06 | INFO | Query 13 Size of the uncertainty table is = 20608/56457
2025-02-11 04:06 | INFO | Query 13 Size of the filtered table is = 565
2025-02-11 04:06 | INFO | Training Time Active Learning Classifier: 10.37 seconds
2025-02-11 04:06 | INFO | Training Time Active Learning Regressor: 1.62 seconds
2025-02-11 04:07 | INFO | Query 13 Active Learning Runtime on Validation Set: 183292.88
2025-02-11 04:07 | INFO | Query 13 Active Learning Runtime on Test Set: 77304.99
2025-02-11 04:07 | INFO | Query 13 Active Learning Instance Cost: 9264153.16
2025-02-11 04:07 | INFO | Timeout limit is increased to 3600
2025-02-11 04:07 | INFO | Query 14 Size of the uncertainty table is = 17537/56457
2025-02-11 04:07 | INFO | Query 14 Size of the filtered table is = 565
2025-02-11 04:07 | INFO | Training Time Active Learning Classifier: 10.42 seconds
2025-02-11 04:07 | INFO | Training Time Active Learning Regressor: 1.64 seconds
2025-02-11 04:08 | INFO | Query 14 Active Learning Runtime on Validation Set: 183306.94
2025-02-11 04:08 | INFO | Query 14 Active Learning Runtime on Test Set: 77228.19
2025-02-11 04:08 | INFO | Query 14 Active Learning Instance Cost: 10046106.05
2025-02-11 04:08 | INFO | Timeout limit is increased to 3600
2025-02-11 04:09 | INFO | Query 15 Size of the uncertainty table is = 14362/56457
2025-02-11 04:09 | INFO | Query 15 Size of the filtered table is = 565
2025-02-11 04:09 | INFO | Training Time Active Learning Classifier: 10.6 seconds
2025-02-11 04:09 | INFO | Training Time Active Learning Regressor: 1.66 seconds
2025-02-11 04:10 | INFO | Query 15 Active Learning Runtime on Validation Set: 183306.95
2025-02-11 04:10 | INFO | Query 15 Active Learning Runtime on Test Set: 77228.19
2025-02-11 04:10 | INFO | Query 15 Active Learning Instance Cost: 11281200.28
2025-02-11 04:10 | INFO | Timeout limit is increased to 3600
2025-02-11 04:10 | INFO | Query 16 Size of the uncertainty table is = 9762/56457
2025-02-11 04:10 | INFO | Query 16 Size of the filtered table is = 565
2025-02-11 04:11 | INFO | Training Time Active Learning Classifier: 10.66 seconds
2025-02-11 04:11 | INFO | Training Time Active Learning Regressor: 1.68 seconds
2025-02-11 04:12 | INFO | Query 16 Active Learning Runtime on Validation Set: 183307.13
2025-02-11 04:12 | INFO | Query 16 Active Learning Runtime on Test Set: 77228.2
2025-02-11 04:12 | INFO | Query 16 Active Learning Instance Cost: 12746400.28
2025-02-11 04:12 | INFO | Timeout limit is increased to 3600
2025-02-11 04:12 | INFO | Query 17 Size of the uncertainty table is = 3972/56457
2025-02-11 04:12 | INFO | Query 17 Size of the filtered table is = 565
2025-02-11 04:12 | INFO | Training Time Active Learning Classifier: 10.69 seconds
2025-02-11 04:12 | INFO | Training Time Active Learning Regressor: 1.69 seconds
2025-02-11 04:13 | INFO | Query 17 Active Learning Runtime on Validation Set: 183306.94
2025-02-11 04:13 | INFO | Query 17 Active Learning Runtime on Test Set: 77228.2
2025-02-11 04:13 | INFO | Query 17 Active Learning Instance Cost: 13664400.28
2025-02-11 04:13 | INFO | Query 18 Size of the uncertainty table is = 34/56457
2025-02-11 04:13 | INFO | Query 18 Size of the filtered table is = 34
2025-02-11 04:13 | INFO | Training Time Active Learning Classifier: 10.58 seconds
2025-02-11 04:13 | INFO | Training Time Active Learning Regressor: 1.69 seconds
2025-02-11 04:14 | INFO | Query 18 Active Learning Runtime on Validation Set: 183306.94
2025-02-11 04:14 | INFO | Query 18 Active Learning Runtime on Test Set: 77228.2
2025-02-11 04:14 | INFO | Query 18 Active Learning Instance Cost: 13671600.28
2025-02-11 04:14 | INFO | Timeout limit is increased to 3600
2025-02-11 04:14 | INFO | Active Learning Emissions: 0.021673813446998324
2025-02-11 04:14 | INFO | Active Learning Energy Consumption: 0.02358166248506248 kWh
2025-02-11 04:14 | INFO | runtime_test_score is written as json file
2025-02-11 04:14 | INFO | runtime_validation_score is written as json file
2025-02-11 04:14 | INFO | instance_cost is written as json file
2025-02-11 04:14 | INFO | Experiment is finished
