2025-02-11 05:33 | INFO | Paramaters are: {'dataset': 'MAXSAT12-PMS', 'penalty': 10, 'weight': 'No_Weight', 'voting': 'Hard', 'pre_selection_size': 64, 'pre_selection_technique': 'No_pre_selection', 'feature_elimination_threshold': 20, 'imputer_strategy': 'median', 'feature_selection_technique': 'No_feature_selection', 'feature_scaling_technique': 'StandardScaler', 'initial_train_size': 20, 'query_size': 1, 'timeout_predictor_usage': 'No', 'pareto_features': {'Uncertainty': 'max', 'PredCost': 'min'}, 'timeout_limit': 3600, 'timeout_increase_rate': 100, 'penalty_type': 'Only-timeout-penalty', 'RANDOM_STATE_SEED': 99, 'n_splits': 10, 'split_number': 6, 'max_timeout': 3600, 'param_grid': {'n_estimators': 100, 'max_features': 'sqrt', 'max_depth': 2147483648, 'min_samples_split': 2, 'bootstrap': True}}
2025-02-11 05:33 | INFO | MAXSAT12-PMS is current dataset
2025-02-11 05:33 | INFO | DATASETS/MAXSAT12-PMS/algorithm_runs.csv is found
2025-02-11 05:33 | INFO | DATASETS/MAXSAT12-PMS/algorithm_runs.csv is finished
2025-02-11 05:33 | INFO | DATASETS/MAXSAT12-PMS/feature_values.csv is found
2025-02-11 05:33 | INFO | DATASETS/MAXSAT12-PMS/feature_values.csv is finished
2025-02-11 05:33 | INFO | DATASETS/MAXSAT12-PMS/feature_costs.csv is found
2025-02-11 05:33 | INFO | DATASETS/MAXSAT12-PMS/feature_costs.csv is finished
2025-02-11 05:33 | INFO | Virtual best solver time in train = 19299.3
2025-02-11 05:33 | INFO | Single best solver list train = {'DSWPM1_924': 8725971.99, 'akmaxsat': 7877447.64, 'akmaxsat_ls': 7877435.19, 'pwbo2.1': 4271754.89, 'qmaxsat0.21comp': 2096039.45, 'qmaxsat0.21g2comp': 2516342.89}
2025-02-11 05:33 | INFO | Single best solver time train = qmaxsat0.21comp (2096039.45)
2025-02-11 05:33 | INFO | Virtual best solver time in validation = 7752.65
2025-02-11 05:33 | INFO | Single best solver list validation = {'DSWPM1_924': 2422994.1, 'akmaxsat': 4184404.66, 'akmaxsat_ls': 4184417.48, 'pwbo2.1': 911741.44, 'qmaxsat0.21comp': 732076.07, 'qmaxsat0.21g2comp': 8551.58}
2025-02-11 05:33 | INFO | Single best solver time validation = qmaxsat0.21g2comp (8551.58)
2025-02-11 05:33 | INFO | Virtual best solver time in test = 3501.14
2025-02-11 05:33 | INFO | Single best solver list test = {'DSWPM1_924': 1123782.88, 'akmaxsat': 1371119.36, 'akmaxsat_ls': 1371115.64, 'pwbo2.1': 327572.97, 'qmaxsat0.21comp': 218090.51, 'qmaxsat0.21g2comp': 147496.79}
2025-02-11 05:33 | INFO | Single best solver time test = qmaxsat0.21g2comp (147496.79)
2025-02-11 05:33 | INFO | Training Time Passive Learning Classifier: 1.58 seconds
2025-02-11 05:33 | INFO | Training Time Passive Learning Regressor: 0.81 seconds
2025-02-11 05:34 | INFO | Passive Learning Classifier Runtime on Validation Set: 227495.32
2025-02-11 05:34 | INFO | Passive Learning Classifier Runtime on Test Set: 3656.81
2025-02-11 05:34 | INFO | Passive Learning Instance Cost: 3524592.05
2025-02-11 05:34 | INFO | Passive Learning Emissions: 0.00012469371238855458
2025-02-11 05:34 | INFO | Passive Learning Energy Consumption: 0.00013566994321267378 kWh
2025-02-11 05:34 | INFO | Training Time Active Learning Classifier: 0.8 seconds
2025-02-11 05:34 | INFO | Training Time Active Learning Regressor: 0.27 seconds
2025-02-11 05:34 | INFO | Initial Active Learning Runtime on Validation Set: 8585.44
2025-02-11 05:34 | INFO | Initial Active Learning Runtime on Test Set: 110967.44
2025-02-11 05:34 | INFO | Initial Active Learning Instance Cost: 116933.9
2025-02-11 05:34 | INFO | Bin size = 78
2025-02-11 05:34 | INFO | Query 1 Size of the uncertainty table is = 7755/7755
2025-02-11 05:34 | INFO | Query 1 Size of the filtered table is = 78
2025-02-11 05:34 | INFO | Training Time Active Learning Classifier: 0.8 seconds
2025-02-11 05:34 | INFO | Training Time Active Learning Regressor: 0.29 seconds
2025-02-11 05:34 | INFO | Query 1 Active Learning Runtime on Validation Set: 8585.439999999999
2025-02-11 05:34 | INFO | Query 1 Active Learning Runtime on Test Set: 110975.15000000001
2025-02-11 05:34 | INFO | Query 1 Active Learning Instance Cost: 172009.18
2025-02-11 05:34 | INFO | Timeout limit is increased to 3600
2025-02-11 05:34 | INFO | Query 2 Size of the uncertainty table is = 7650/7755
2025-02-11 05:34 | INFO | Query 2 Size of the filtered table is = 78
2025-02-11 05:34 | INFO | Training Time Active Learning Classifier: 0.8 seconds
2025-02-11 05:34 | INFO | Training Time Active Learning Regressor: 0.31 seconds
2025-02-11 05:34 | INFO | Query 2 Active Learning Runtime on Validation Set: 11764.449999999999
2025-02-11 05:34 | INFO | Query 2 Active Learning Runtime on Test Set: 110633.56
2025-02-11 05:34 | INFO | Query 2 Active Learning Instance Cost: 218252.9
2025-02-11 05:34 | INFO | Timeout limit is increased to 3600
2025-02-11 05:34 | INFO | Query 3 Size of the uncertainty table is = 7550/7755
2025-02-11 05:34 | INFO | Query 3 Size of the filtered table is = 78
2025-02-11 05:34 | INFO | Training Time Active Learning Classifier: 0.81 seconds
2025-02-11 05:34 | INFO | Training Time Active Learning Regressor: 0.33 seconds
2025-02-11 05:34 | INFO | Query 3 Active Learning Runtime on Validation Set: 47138.85
2025-02-11 05:34 | INFO | Query 3 Active Learning Runtime on Test Set: 111093.20000000001
2025-02-11 05:34 | INFO | Query 3 Active Learning Instance Cost: 224851.31
2025-02-11 05:34 | INFO | Timeout limit is increased to 3600
2025-02-11 05:34 | INFO | Query 4 Size of the uncertainty table is = 7451/7755
2025-02-11 05:34 | INFO | Query 4 Size of the filtered table is = 78
2025-02-11 05:34 | INFO | Training Time Active Learning Classifier: 0.83 seconds
2025-02-11 05:34 | INFO | Training Time Active Learning Regressor: 0.35 seconds
2025-02-11 05:35 | INFO | Query 4 Active Learning Runtime on Validation Set: 154744.84
2025-02-11 05:35 | INFO | Query 4 Active Learning Runtime on Test Set: 111125.92
2025-02-11 05:35 | INFO | Query 4 Active Learning Instance Cost: 241309.21
2025-02-11 05:35 | INFO | Timeout limit is increased to 3600
2025-02-11 05:35 | INFO | Query 5 Size of the uncertainty table is = 7332/7755
2025-02-11 05:35 | INFO | Query 5 Size of the filtered table is = 78
2025-02-11 05:35 | INFO | Training Time Active Learning Classifier: 0.84 seconds
2025-02-11 05:35 | INFO | Training Time Active Learning Regressor: 0.37 seconds
2025-02-11 05:35 | INFO | Query 5 Active Learning Runtime on Validation Set: 154747.18
2025-02-11 05:35 | INFO | Query 5 Active Learning Runtime on Test Set: 111281.27
2025-02-11 05:35 | INFO | Query 5 Active Learning Instance Cost: 270030.46
2025-02-11 05:35 | INFO | Timeout limit is increased to 3600
2025-02-11 05:35 | INFO | Query 6 Size of the uncertainty table is = 7209/7755
2025-02-11 05:35 | INFO | Query 6 Size of the filtered table is = 78
2025-02-11 05:35 | INFO | Training Time Active Learning Classifier: 0.85 seconds
2025-02-11 05:35 | INFO | Training Time Active Learning Regressor: 0.39 seconds
2025-02-11 05:35 | INFO | Query 6 Active Learning Runtime on Validation Set: 47141.189999999995
2025-02-11 05:35 | INFO | Query 6 Active Learning Runtime on Test Set: 111108.42
2025-02-11 05:35 | INFO | Query 6 Active Learning Instance Cost: 284554.38
2025-02-11 05:35 | INFO | Query 7 Size of the uncertainty table is = 7101/7755
2025-02-11 05:35 | INFO | Query 7 Size of the filtered table is = 78
2025-02-11 05:35 | INFO | Training Time Active Learning Classifier: 0.87 seconds
2025-02-11 05:35 | INFO | Training Time Active Learning Regressor: 0.41 seconds
2025-02-11 05:35 | INFO | Query 7 Active Learning Runtime on Validation Set: 47163.77
2025-02-11 05:35 | INFO | Query 7 Active Learning Runtime on Test Set: 111253.44
2025-02-11 05:35 | INFO | Query 7 Active Learning Instance Cost: 300639.62
2025-02-11 05:35 | INFO | Timeout limit is increased to 3600
2025-02-11 05:35 | INFO | Query 8 Size of the uncertainty table is = 6975/7755
2025-02-11 05:35 | INFO | Query 8 Size of the filtered table is = 78
2025-02-11 05:35 | INFO | Training Time Active Learning Classifier: 0.89 seconds
2025-02-11 05:35 | INFO | Training Time Active Learning Regressor: 0.43 seconds
2025-02-11 05:35 | INFO | Query 8 Active Learning Runtime on Validation Set: 47198.92
2025-02-11 05:35 | INFO | Query 8 Active Learning Runtime on Test Set: 111109.57
2025-02-11 05:35 | INFO | Query 8 Active Learning Instance Cost: 310790.08
2025-02-11 05:35 | INFO | Timeout limit is increased to 3600
2025-02-11 05:36 | INFO | Query 9 Size of the uncertainty table is = 6812/7755
2025-02-11 05:36 | INFO | Query 9 Size of the filtered table is = 78
2025-02-11 05:36 | INFO | Training Time Active Learning Classifier: 0.9 seconds
2025-02-11 05:36 | INFO | Training Time Active Learning Regressor: 0.45 seconds
2025-02-11 05:36 | INFO | Query 9 Active Learning Runtime on Validation Set: 47175.409999999996
2025-02-11 05:36 | INFO | Query 9 Active Learning Runtime on Test Set: 111109.18000000001
2025-02-11 05:36 | INFO | Query 9 Active Learning Instance Cost: 321697.22
2025-02-11 05:36 | INFO | Query 10 Size of the uncertainty table is = 6654/7755
2025-02-11 05:36 | INFO | Query 10 Size of the filtered table is = 78
2025-02-11 05:36 | INFO | Training Time Active Learning Classifier: 0.92 seconds
2025-02-11 05:36 | INFO | Training Time Active Learning Regressor: 0.46 seconds
2025-02-11 05:36 | INFO | Query 10 Active Learning Runtime on Validation Set: 297790.83
2025-02-11 05:36 | INFO | Query 10 Active Learning Runtime on Test Set: 110651.12000000001
2025-02-11 05:36 | INFO | Query 10 Active Learning Instance Cost: 334398.13
2025-02-11 05:36 | INFO | Timeout limit is increased to 3600
2025-02-11 05:36 | INFO | Query 11 Size of the uncertainty table is = 6516/7755
2025-02-11 05:36 | INFO | Query 11 Size of the filtered table is = 78
2025-02-11 05:36 | INFO | Training Time Active Learning Classifier: 0.94 seconds
2025-02-11 05:36 | INFO | Training Time Active Learning Regressor: 0.48 seconds
2025-02-11 05:36 | INFO | Query 11 Active Learning Runtime on Validation Set: 47141.24
2025-02-11 05:36 | INFO | Query 11 Active Learning Runtime on Test Set: 110791.42
2025-02-11 05:36 | INFO | Query 11 Active Learning Instance Cost: 373743.88
2025-02-11 05:36 | INFO | Query 12 Size of the uncertainty table is = 6364/7755
2025-02-11 05:36 | INFO | Query 12 Size of the filtered table is = 78
2025-02-11 05:36 | INFO | Training Time Active Learning Classifier: 0.96 seconds
2025-02-11 05:36 | INFO | Training Time Active Learning Regressor: 0.49 seconds
2025-02-11 05:36 | INFO | Query 12 Active Learning Runtime on Validation Set: 47205.18
2025-02-11 05:36 | INFO | Query 12 Active Learning Runtime on Test Set: 110777.13
2025-02-11 05:36 | INFO | Query 12 Active Learning Instance Cost: 393281.51
2025-02-11 05:36 | INFO | Timeout limit is increased to 3600
2025-02-11 05:36 | INFO | Query 13 Size of the uncertainty table is = 6213/7755
2025-02-11 05:36 | INFO | Query 13 Size of the filtered table is = 78
2025-02-11 05:36 | INFO | Training Time Active Learning Classifier: 0.98 seconds
2025-02-11 05:36 | INFO | Training Time Active Learning Regressor: 0.51 seconds
2025-02-11 05:37 | INFO | Query 13 Active Learning Runtime on Validation Set: 297690.71
2025-02-11 05:37 | INFO | Query 13 Active Learning Runtime on Test Set: 110796.21
2025-02-11 05:37 | INFO | Query 13 Active Learning Instance Cost: 408654.85
2025-02-11 05:37 | INFO | Timeout limit is increased to 3600
2025-02-11 05:37 | INFO | Query 14 Size of the uncertainty table is = 6068/7755
2025-02-11 05:37 | INFO | Query 14 Size of the filtered table is = 78
2025-02-11 05:37 | INFO | Training Time Active Learning Classifier: 1.0 seconds
2025-02-11 05:37 | INFO | Training Time Active Learning Regressor: 0.54 seconds
2025-02-11 05:37 | INFO | Query 14 Active Learning Runtime on Validation Set: 154870.51
2025-02-11 05:37 | INFO | Query 14 Active Learning Runtime on Test Set: 110651.1
2025-02-11 05:37 | INFO | Query 14 Active Learning Instance Cost: 429230.81
2025-02-11 05:37 | INFO | Query 15 Size of the uncertainty table is = 5924/7755
2025-02-11 05:37 | INFO | Query 15 Size of the filtered table is = 78
2025-02-11 05:37 | INFO | Training Time Active Learning Classifier: 1.02 seconds
2025-02-11 05:37 | INFO | Training Time Active Learning Regressor: 0.56 seconds
2025-02-11 05:37 | INFO | Query 15 Active Learning Runtime on Validation Set: 261946.23
2025-02-11 05:37 | INFO | Query 15 Active Learning Runtime on Test Set: 74759.73000000001
2025-02-11 05:37 | INFO | Query 15 Active Learning Instance Cost: 480222.3
2025-02-11 05:37 | INFO | Timeout limit is increased to 3600
2025-02-11 05:37 | INFO | Query 16 Size of the uncertainty table is = 5769/7755
2025-02-11 05:37 | INFO | Query 16 Size of the filtered table is = 78
2025-02-11 05:37 | INFO | Training Time Active Learning Classifier: 1.03 seconds
2025-02-11 05:37 | INFO | Training Time Active Learning Regressor: 0.57 seconds
2025-02-11 05:37 | INFO | Query 16 Active Learning Runtime on Validation Set: 297867.89
2025-02-11 05:37 | INFO | Query 16 Active Learning Runtime on Test Set: 110615.89
2025-02-11 05:37 | INFO | Query 16 Active Learning Instance Cost: 511425.58
2025-02-11 05:37 | INFO | Timeout limit is increased to 3600
2025-02-11 05:37 | INFO | Query 17 Size of the uncertainty table is = 5609/7755
2025-02-11 05:37 | INFO | Query 17 Size of the filtered table is = 78
2025-02-11 05:37 | INFO | Training Time Active Learning Classifier: 1.06 seconds
2025-02-11 05:37 | INFO | Training Time Active Learning Regressor: 0.58 seconds
2025-02-11 05:37 | INFO | Query 17 Active Learning Runtime on Validation Set: 226386.84
2025-02-11 05:37 | INFO | Query 17 Active Learning Runtime on Test Set: 110618.61
2025-02-11 05:37 | INFO | Query 17 Active Learning Instance Cost: 548353.31
2025-02-11 05:37 | INFO | Query 18 Size of the uncertainty table is = 5434/7755
2025-02-11 05:37 | INFO | Query 18 Size of the filtered table is = 78
2025-02-11 05:38 | INFO | Training Time Active Learning Classifier: 1.08 seconds
2025-02-11 05:38 | INFO | Training Time Active Learning Regressor: 0.6 seconds
2025-02-11 05:38 | INFO | Query 18 Active Learning Runtime on Validation Set: 370092.19
2025-02-11 05:38 | INFO | Query 18 Active Learning Runtime on Test Set: 74769.79000000001
2025-02-11 05:38 | INFO | Query 18 Active Learning Instance Cost: 634460.12
2025-02-11 05:38 | INFO | Timeout limit is increased to 3600
2025-02-11 05:38 | INFO | Query 19 Size of the uncertainty table is = 5255/7755
2025-02-11 05:38 | INFO | Query 19 Size of the filtered table is = 78
2025-02-11 05:38 | INFO | Training Time Active Learning Classifier: 1.1 seconds
2025-02-11 05:38 | INFO | Training Time Active Learning Regressor: 0.68 seconds
2025-02-11 05:38 | INFO | Query 19 Active Learning Runtime on Validation Set: 118666.86
2025-02-11 05:38 | INFO | Query 19 Active Learning Runtime on Test Set: 74719.87000000001
2025-02-11 05:38 | INFO | Query 19 Active Learning Instance Cost: 678823.33
2025-02-11 05:38 | INFO | Query 20 Size of the uncertainty table is = 5067/7755
2025-02-11 05:38 | INFO | Query 20 Size of the filtered table is = 78
2025-02-11 05:38 | INFO | Training Time Active Learning Classifier: 1.13 seconds
2025-02-11 05:38 | INFO | Training Time Active Learning Regressor: 0.63 seconds
2025-02-11 05:38 | INFO | Query 20 Active Learning Runtime on Validation Set: 227522.16
2025-02-11 05:38 | INFO | Query 20 Active Learning Runtime on Test Set: 110533.6
2025-02-11 05:38 | INFO | Query 20 Active Learning Instance Cost: 705910.27
2025-02-11 05:38 | INFO | Timeout limit is increased to 3600
2025-02-11 05:38 | INFO | Query 21 Size of the uncertainty table is = 4912/7755
2025-02-11 05:38 | INFO | Query 21 Size of the filtered table is = 78
2025-02-11 05:38 | INFO | Training Time Active Learning Classifier: 1.16 seconds
2025-02-11 05:38 | INFO | Training Time Active Learning Regressor: 0.65 seconds
2025-02-11 05:38 | INFO | Query 21 Active Learning Runtime on Validation Set: 8711.06
2025-02-11 05:38 | INFO | Query 21 Active Learning Runtime on Test Set: 74792.82
2025-02-11 05:38 | INFO | Query 21 Active Learning Instance Cost: 763602.37
2025-02-11 05:38 | INFO | Query 22 Size of the uncertainty table is = 4691/7755
2025-02-11 05:38 | INFO | Query 22 Size of the filtered table is = 78
2025-02-11 05:38 | INFO | Training Time Active Learning Classifier: 1.18 seconds
2025-02-11 05:38 | INFO | Training Time Active Learning Regressor: 0.67 seconds
2025-02-11 05:39 | INFO | Query 22 Active Learning Runtime on Validation Set: 44548.04
2025-02-11 05:39 | INFO | Query 22 Active Learning Runtime on Test Set: 74426.09000000001
2025-02-11 05:39 | INFO | Query 22 Active Learning Instance Cost: 831927.9
2025-02-11 05:39 | INFO | Timeout limit is increased to 3600
2025-02-11 05:39 | INFO | Query 23 Size of the uncertainty table is = 4465/7755
2025-02-11 05:39 | INFO | Query 23 Size of the filtered table is = 78
2025-02-11 05:39 | INFO | Training Time Active Learning Classifier: 1.21 seconds
2025-02-11 05:39 | INFO | Training Time Active Learning Regressor: 0.68 seconds
2025-02-11 05:39 | INFO | Query 23 Active Learning Runtime on Validation Set: 442877.4
2025-02-11 05:39 | INFO | Query 23 Active Learning Runtime on Test Set: 110162.19
2025-02-11 05:39 | INFO | Query 23 Active Learning Instance Cost: 900076.0
2025-02-11 05:39 | INFO | Timeout limit is increased to 3600
2025-02-11 05:39 | INFO | Query 24 Size of the uncertainty table is = 4248/7755
2025-02-11 05:39 | INFO | Query 24 Size of the filtered table is = 78
2025-02-11 05:39 | INFO | Training Time Active Learning Classifier: 1.23 seconds
2025-02-11 05:39 | INFO | Training Time Active Learning Regressor: 0.7 seconds
2025-02-11 05:39 | INFO | Query 24 Active Learning Runtime on Validation Set: 116247.27
2025-02-11 05:39 | INFO | Query 24 Active Learning Runtime on Test Set: 110166.63
2025-02-11 05:39 | INFO | Query 24 Active Learning Instance Cost: 981593.47
2025-02-11 05:39 | INFO | Query 25 Size of the uncertainty table is = 4050/7755
2025-02-11 05:39 | INFO | Query 25 Size of the filtered table is = 78
2025-02-11 05:39 | INFO | Training Time Active Learning Classifier: 1.27 seconds
2025-02-11 05:39 | INFO | Training Time Active Learning Regressor: 0.72 seconds
2025-02-11 05:39 | INFO | Query 25 Active Learning Runtime on Validation Set: 8656.74
2025-02-11 05:39 | INFO | Query 25 Active Learning Runtime on Test Set: 74419.68000000001
2025-02-11 05:39 | INFO | Query 25 Active Learning Instance Cost: 1065563.32
2025-02-11 05:39 | INFO | Query 26 Size of the uncertainty table is = 3844/7755
2025-02-11 05:39 | INFO | Query 26 Size of the filtered table is = 78
2025-02-11 05:39 | INFO | Training Time Active Learning Classifier: 1.3 seconds
2025-02-11 05:39 | INFO | Training Time Active Learning Regressor: 0.73 seconds
2025-02-11 05:39 | INFO | Query 26 Active Learning Runtime on Validation Set: 8634.16
2025-02-11 05:39 | INFO | Query 26 Active Learning Runtime on Test Set: 74331.37000000001
2025-02-11 05:39 | INFO | Query 26 Active Learning Instance Cost: 1213147.33
2025-02-11 05:40 | INFO | Query 27 Size of the uncertainty table is = 3555/7755
2025-02-11 05:40 | INFO | Query 27 Size of the filtered table is = 78
2025-02-11 05:40 | INFO | Training Time Active Learning Classifier: 1.33 seconds
2025-02-11 05:40 | INFO | Training Time Active Learning Regressor: 0.74 seconds
2025-02-11 05:40 | INFO | Query 27 Active Learning Runtime on Validation Set: 152239.25
2025-02-11 05:40 | INFO | Query 27 Active Learning Runtime on Test Set: 39402.509999999995
2025-02-11 05:40 | INFO | Query 27 Active Learning Instance Cost: 1356547.72
2025-02-11 05:40 | INFO | Timeout limit is increased to 3600
2025-02-11 05:40 | INFO | Query 28 Size of the uncertainty table is = 3273/7755
2025-02-11 05:40 | INFO | Query 28 Size of the filtered table is = 78
2025-02-11 05:40 | INFO | Training Time Active Learning Classifier: 1.36 seconds
2025-02-11 05:40 | INFO | Training Time Active Learning Regressor: 0.75 seconds
2025-02-11 05:40 | INFO | Query 28 Active Learning Runtime on Validation Set: 8631.82
2025-02-11 05:40 | INFO | Query 28 Active Learning Runtime on Test Set: 3663.92
2025-02-11 05:40 | INFO | Query 28 Active Learning Instance Cost: 1535698.49
2025-02-11 05:40 | INFO | Query 29 Size of the uncertainty table is = 2966/7755
2025-02-11 05:40 | INFO | Query 29 Size of the filtered table is = 78
2025-02-11 05:40 | INFO | Training Time Active Learning Classifier: 1.38 seconds
2025-02-11 05:40 | INFO | Training Time Active Learning Regressor: 0.76 seconds
2025-02-11 05:40 | INFO | Query 29 Active Learning Runtime on Validation Set: 8631.82
2025-02-11 05:40 | INFO | Query 29 Active Learning Runtime on Test Set: 3661.7400000000002
2025-02-11 05:40 | INFO | Query 29 Active Learning Instance Cost: 1779923.74
2025-02-11 05:40 | INFO | Timeout limit is increased to 3600
2025-02-11 05:40 | INFO | Query 30 Size of the uncertainty table is = 2604/7755
2025-02-11 05:40 | INFO | Query 30 Size of the filtered table is = 78
2025-02-11 05:40 | INFO | Training Time Active Learning Classifier: 1.43 seconds
2025-02-11 05:40 | INFO | Training Time Active Learning Regressor: 0.77 seconds
2025-02-11 05:40 | INFO | Query 30 Active Learning Runtime on Validation Set: 8631.82
2025-02-11 05:40 | INFO | Query 30 Active Learning Runtime on Test Set: 3661.61
2025-02-11 05:40 | INFO | Query 30 Active Learning Instance Cost: 2038891.64
2025-02-11 05:40 | INFO | Timeout limit is increased to 3600
2025-02-11 05:40 | INFO | Query 31 Size of the uncertainty table is = 2218/7755
2025-02-11 05:40 | INFO | Query 31 Size of the filtered table is = 78
2025-02-11 05:40 | INFO | Training Time Active Learning Classifier: 1.45 seconds
2025-02-11 05:40 | INFO | Training Time Active Learning Regressor: 0.77 seconds
2025-02-11 05:41 | INFO | Query 31 Active Learning Runtime on Validation Set: 8631.82
2025-02-11 05:41 | INFO | Query 31 Active Learning Runtime on Test Set: 3668.7200000000003
2025-02-11 05:41 | INFO | Query 31 Active Learning Instance Cost: 2284099.13
2025-02-11 05:41 | INFO | Timeout limit is increased to 3600
2025-02-11 05:41 | INFO | Query 32 Size of the uncertainty table is = 1873/7755
2025-02-11 05:41 | INFO | Query 32 Size of the filtered table is = 78
2025-02-11 05:41 | INFO | Training Time Active Learning Classifier: 1.49 seconds
2025-02-11 05:41 | INFO | Training Time Active Learning Regressor: 0.78 seconds
2025-02-11 05:41 | INFO | Query 32 Active Learning Runtime on Validation Set: 8631.82
2025-02-11 05:41 | INFO | Query 32 Active Learning Runtime on Test Set: 3661.61
2025-02-11 05:41 | INFO | Query 32 Active Learning Instance Cost: 2529676.71
2025-02-11 05:41 | INFO | Timeout limit is increased to 3600
2025-02-11 05:41 | INFO | Query 33 Size of the uncertainty table is = 1510/7755
2025-02-11 05:41 | INFO | Query 33 Size of the filtered table is = 78
2025-02-11 05:41 | INFO | Training Time Active Learning Classifier: 1.51 seconds
2025-02-11 05:41 | INFO | Training Time Active Learning Regressor: 0.79 seconds
2025-02-11 05:41 | INFO | Query 33 Active Learning Runtime on Validation Set: 8631.82
2025-02-11 05:41 | INFO | Query 33 Active Learning Runtime on Test Set: 3668.15
2025-02-11 05:41 | INFO | Query 33 Active Learning Instance Cost: 2772538.88
2025-02-11 05:41 | INFO | Timeout limit is increased to 3600
2025-02-11 05:41 | INFO | Query 34 Size of the uncertainty table is = 1178/7755
2025-02-11 05:41 | INFO | Query 34 Size of the filtered table is = 78
2025-02-11 05:41 | INFO | Training Time Active Learning Classifier: 1.52 seconds
2025-02-11 05:41 | INFO | Training Time Active Learning Regressor: 0.8 seconds
2025-02-11 05:41 | INFO | Query 34 Active Learning Runtime on Validation Set: 8631.82
2025-02-11 05:41 | INFO | Query 34 Active Learning Runtime on Test Set: 3661.61
2025-02-11 05:41 | INFO | Query 34 Active Learning Instance Cost: 2965779.6
2025-02-11 05:41 | INFO | Timeout limit is increased to 3600
2025-02-11 05:41 | INFO | Query 35 Size of the uncertainty table is = 926/7755
2025-02-11 05:41 | INFO | Query 35 Size of the filtered table is = 78
2025-02-11 05:41 | INFO | Training Time Active Learning Classifier: 1.54 seconds
2025-02-11 05:41 | INFO | Training Time Active Learning Regressor: 0.81 seconds
2025-02-11 05:41 | INFO | Query 35 Active Learning Runtime on Validation Set: 8631.82
2025-02-11 05:41 | INFO | Query 35 Active Learning Runtime on Test Set: 3661.61
2025-02-11 05:41 | INFO | Query 35 Active Learning Instance Cost: 3183130.17
2025-02-11 05:41 | INFO | Timeout limit is increased to 3600
2025-02-11 05:41 | INFO | Query 36 Size of the uncertainty table is = 611/7755
2025-02-11 05:41 | INFO | Query 36 Size of the filtered table is = 78
2025-02-11 05:41 | INFO | Training Time Active Learning Classifier: 1.55 seconds
2025-02-11 05:41 | INFO | Training Time Active Learning Regressor: 0.81 seconds
2025-02-11 05:42 | INFO | Query 36 Active Learning Runtime on Validation Set: 8631.82
2025-02-11 05:42 | INFO | Query 36 Active Learning Runtime on Test Set: 3661.61
2025-02-11 05:42 | INFO | Query 36 Active Learning Instance Cost: 3229353.22
2025-02-11 05:42 | INFO | Timeout limit is increased to 3600
2025-02-11 05:42 | INFO | Query 37 Size of the uncertainty table is = 482/7755
2025-02-11 05:42 | INFO | Query 37 Size of the filtered table is = 78
2025-02-11 05:42 | INFO | Training Time Active Learning Classifier: 1.56 seconds
2025-02-11 05:42 | INFO | Training Time Active Learning Regressor: 0.81 seconds
2025-02-11 05:42 | INFO | Query 37 Active Learning Runtime on Validation Set: 8631.82
2025-02-11 05:42 | INFO | Query 37 Active Learning Runtime on Test Set: 3661.61
2025-02-11 05:42 | INFO | Query 37 Active Learning Instance Cost: 3242423.83
2025-02-11 05:42 | INFO | Timeout limit is increased to 3600
2025-02-11 05:42 | INFO | Query 38 Size of the uncertainty table is = 397/7755
2025-02-11 05:42 | INFO | Query 38 Size of the filtered table is = 78
2025-02-11 05:42 | INFO | Training Time Active Learning Classifier: 1.57 seconds
2025-02-11 05:42 | INFO | Training Time Active Learning Regressor: 0.81 seconds
2025-02-11 05:42 | INFO | Query 38 Active Learning Runtime on Validation Set: 8631.82
2025-02-11 05:42 | INFO | Query 38 Active Learning Runtime on Test Set: 3661.61
2025-02-11 05:42 | INFO | Query 38 Active Learning Instance Cost: 3312192.05
2025-02-11 05:42 | INFO | Timeout limit is increased to 3600
2025-02-11 05:42 | INFO | Query 39 Size of the uncertainty table is = 294/7755
2025-02-11 05:42 | INFO | Query 39 Size of the filtered table is = 78
2025-02-11 05:42 | INFO | Training Time Active Learning Classifier: 1.58 seconds
2025-02-11 05:42 | INFO | Training Time Active Learning Regressor: 0.82 seconds
2025-02-11 05:42 | INFO | Query 39 Active Learning Runtime on Validation Set: 8631.82
2025-02-11 05:42 | INFO | Query 39 Active Learning Runtime on Test Set: 3661.58
2025-02-11 05:42 | INFO | Query 39 Active Learning Instance Cost: 3445392.05
2025-02-11 05:42 | INFO | Timeout limit is increased to 3600
2025-02-11 05:42 | INFO | Query 40 Size of the uncertainty table is = 109/7755
2025-02-11 05:42 | INFO | Query 40 Size of the filtered table is = 78
2025-02-11 05:42 | INFO | Training Time Active Learning Classifier: 1.59 seconds
2025-02-11 05:42 | INFO | Training Time Active Learning Regressor: 0.83 seconds
2025-02-11 05:42 | INFO | Query 40 Active Learning Runtime on Validation Set: 8631.82
2025-02-11 05:42 | INFO | Query 40 Active Learning Runtime on Test Set: 3661.61
2025-02-11 05:42 | INFO | Query 40 Active Learning Instance Cost: 3524592.05
2025-02-11 05:42 | INFO | Timeout limit is increased to 3600
2025-02-11 05:42 | INFO | Active Learning Emissions: 0.006183617987094827
2025-02-11 05:42 | INFO | Active Learning Energy Consumption: 0.006727934272610744 kWh
2025-02-11 05:42 | INFO | runtime_test_score is written as json file
2025-02-11 05:42 | INFO | runtime_validation_score is written as json file
2025-02-11 05:42 | INFO | instance_cost is written as json file
2025-02-11 05:42 | INFO | Experiment is finished
