2025-02-11 05:37 | INFO | Paramaters are: {'dataset': 'MAXSAT12-PMS', 'penalty': 10, 'weight': 'No_Weight', 'voting': 'Hard', 'pre_selection_size': 64, 'pre_selection_technique': 'No_pre_selection', 'feature_elimination_threshold': 20, 'imputer_strategy': 'median', 'feature_selection_technique': 'No_feature_selection', 'feature_scaling_technique': 'StandardScaler', 'initial_train_size': 20, 'query_size': 1, 'timeout_predictor_usage': 'No', 'pareto_features': {'PredDiff': 'max', 'PredCost': 'min'}, 'timeout_limit': 100, 'timeout_increase_rate': 100, 'penalty_type': 'Only-timeout-penalty', 'RANDOM_STATE_SEED': 99, 'n_splits': 10, 'split_number': 4, 'max_timeout': 3600, 'param_grid': {'n_estimators': 100, 'max_features': 'sqrt', 'max_depth': 2147483648, 'min_samples_split': 2, 'bootstrap': True}}
2025-02-11 05:37 | INFO | MAXSAT12-PMS is current dataset
2025-02-11 05:37 | INFO | DATASETS/MAXSAT12-PMS/algorithm_runs.csv is found
2025-02-11 05:37 | INFO | DATASETS/MAXSAT12-PMS/algorithm_runs.csv is finished
2025-02-11 05:37 | INFO | DATASETS/MAXSAT12-PMS/feature_values.csv is found
2025-02-11 05:37 | INFO | DATASETS/MAXSAT12-PMS/feature_values.csv is finished
2025-02-11 05:37 | INFO | DATASETS/MAXSAT12-PMS/feature_costs.csv is found
2025-02-11 05:37 | INFO | DATASETS/MAXSAT12-PMS/feature_costs.csv is finished
2025-02-11 05:37 | INFO | Virtual best solver time in train = 18763.77
2025-02-11 05:37 | INFO | Single best solver list train = {'DSWPM1_924': 8906333.35, 'akmaxsat': 8162827.65, 'akmaxsat_ls': 8162811.15, 'pwbo2.1': 4021275.5, 'qmaxsat0.21comp': 2128149.68, 'qmaxsat0.21g2comp': 2442315.94}
2025-02-11 05:37 | INFO | Single best solver time train = qmaxsat0.21comp (2128149.68)
2025-02-11 05:37 | INFO | Virtual best solver time in validation = 7831.37
2025-02-11 05:37 | INFO | Single best solver list validation = {'DSWPM1_924': 2387130.79, 'akmaxsat': 4113114.39, 'akmaxsat_ls': 4113124.89, 'pwbo2.1': 911218.33, 'qmaxsat0.21comp': 731864.7, 'qmaxsat0.21g2comp': 8585.02}
2025-02-11 05:37 | INFO | Single best solver time validation = qmaxsat0.21g2comp (8585.02)
2025-02-11 05:37 | INFO | Virtual best solver time in test = 3957.95
2025-02-11 05:37 | INFO | Single best solver list test = {'DSWPM1_924': 979284.83, 'akmaxsat': 1157029.62, 'akmaxsat_ls': 1157032.27, 'pwbo2.1': 578575.47, 'qmaxsat0.21comp': 186191.65, 'qmaxsat0.21g2comp': 221490.3}
2025-02-11 05:37 | INFO | Single best solver time test = qmaxsat0.21comp (186191.65)
2025-02-11 05:37 | INFO | Training Time Passive Learning Classifier: 1.58 seconds
2025-02-11 05:37 | INFO | Training Time Passive Learning Regressor: 0.82 seconds
2025-02-11 05:38 | INFO | Passive Learning Classifier Runtime on Validation Set: 8763.44
2025-02-11 05:38 | INFO | Passive Learning Classifier Runtime on Test Set: 4368.18
2025-02-11 05:38 | INFO | Passive Learning Instance Cost: 3562113.27
2025-02-11 05:38 | INFO | Passive Learning Emissions: 0.00012357715694218875
2025-02-11 05:38 | INFO | Passive Learning Energy Consumption: 0.00013445510237506826 kWh
2025-02-11 05:38 | INFO | Training Time Active Learning Classifier: 0.86 seconds
2025-02-11 05:38 | INFO | Training Time Active Learning Regressor: 0.27 seconds
2025-02-11 05:38 | INFO | Initial Active Learning Runtime on Validation Set: 731899.52
2025-02-11 05:38 | INFO | Initial Active Learning Runtime on Test Set: 183354.46
2025-02-11 05:38 | INFO | Initial Active Learning Instance Cost: 5909.23
2025-02-11 05:38 | INFO | Bin size = 78
2025-02-11 05:38 | INFO | Query 1 Size of the uncertainty table is = 7842/7755
2025-02-11 05:38 | INFO | Query 1 Size of the filtered table is = 88
2025-02-11 05:38 | INFO | Training Time Active Learning Classifier: 0.79 seconds
2025-02-11 05:38 | INFO | Training Time Active Learning Regressor: 0.29 seconds
2025-02-11 05:38 | INFO | Query 1 Active Learning Runtime on Validation Set: 731840.6900000001
2025-02-11 05:38 | INFO | Query 1 Active Learning Runtime on Test Set: 183360.18
2025-02-11 05:38 | INFO | Query 1 Active Learning Instance Cost: 10431.14
2025-02-11 05:38 | INFO | Query 2 Size of the uncertainty table is = 7727/7755
2025-02-11 05:38 | INFO | Query 2 Size of the filtered table is = 78
2025-02-11 05:38 | INFO | Training Time Active Learning Classifier: 0.8 seconds
2025-02-11 05:38 | INFO | Training Time Active Learning Regressor: 0.29 seconds
2025-02-11 05:38 | INFO | Query 2 Active Learning Runtime on Validation Set: 731840.6900000001
2025-02-11 05:38 | INFO | Query 2 Active Learning Runtime on Test Set: 183358.01
2025-02-11 05:38 | INFO | Query 2 Active Learning Instance Cost: 13136.56
2025-02-11 05:38 | INFO | Timeout limit is increased to 200
2025-02-11 05:38 | INFO | Query 3 Size of the uncertainty table is = 7583/7755
2025-02-11 05:38 | INFO | Query 3 Size of the filtered table is = 78
2025-02-11 05:38 | INFO | Training Time Active Learning Classifier: 0.81 seconds
2025-02-11 05:38 | INFO | Training Time Active Learning Regressor: 0.31 seconds
2025-02-11 05:38 | INFO | Query 3 Active Learning Runtime on Validation Set: 731884.43
2025-02-11 05:38 | INFO | Query 3 Active Learning Runtime on Test Set: 147890.62
2025-02-11 05:38 | INFO | Query 3 Active Learning Instance Cost: 19174.1
2025-02-11 05:38 | INFO | Timeout limit is increased to 300
2025-02-11 05:38 | INFO | Query 4 Size of the uncertainty table is = 7430/7755
2025-02-11 05:38 | INFO | Query 4 Size of the filtered table is = 78
2025-02-11 05:38 | INFO | Training Time Active Learning Classifier: 0.82 seconds
2025-02-11 05:38 | INFO | Training Time Active Learning Regressor: 0.32 seconds
2025-02-11 05:39 | INFO | Query 4 Active Learning Runtime on Validation Set: 190362.80000000002
2025-02-11 05:39 | INFO | Query 4 Active Learning Runtime on Test Set: 110624.56
2025-02-11 05:39 | INFO | Query 4 Active Learning Instance Cost: 29695.14
2025-02-11 05:39 | INFO | Query 5 Size of the uncertainty table is = 7292/7755
2025-02-11 05:39 | INFO | Query 5 Size of the filtered table is = 78
2025-02-11 05:39 | INFO | Training Time Active Learning Classifier: 0.83 seconds
2025-02-11 05:39 | INFO | Training Time Active Learning Regressor: 0.34 seconds
2025-02-11 05:39 | INFO | Query 5 Active Learning Runtime on Validation Set: 480717.61
2025-02-11 05:39 | INFO | Query 5 Active Learning Runtime on Test Set: 146540.82
2025-02-11 05:39 | INFO | Query 5 Active Learning Instance Cost: 36053.28
2025-02-11 05:39 | INFO | Timeout limit is increased to 400
2025-02-11 05:39 | INFO | Query 6 Size of the uncertainty table is = 7154/7755
2025-02-11 05:39 | INFO | Query 6 Size of the filtered table is = 78
2025-02-11 05:39 | INFO | Training Time Active Learning Classifier: 0.84 seconds
2025-02-11 05:39 | INFO | Training Time Active Learning Regressor: 0.35 seconds
2025-02-11 05:39 | INFO | Query 6 Active Learning Runtime on Validation Set: 335605.56999999995
2025-02-11 05:39 | INFO | Query 6 Active Learning Runtime on Test Set: 110259.26000000001
2025-02-11 05:39 | INFO | Query 6 Active Learning Instance Cost: 48899.97
2025-02-11 05:39 | INFO | Query 7 Size of the uncertainty table is = 7005/7755
2025-02-11 05:39 | INFO | Query 7 Size of the filtered table is = 78
2025-02-11 05:39 | INFO | Training Time Active Learning Classifier: 0.86 seconds
2025-02-11 05:39 | INFO | Training Time Active Learning Regressor: 0.37 seconds
2025-02-11 05:39 | INFO | Query 7 Active Learning Runtime on Validation Set: 297730.32999999996
2025-02-11 05:39 | INFO | Query 7 Active Learning Runtime on Test Set: 146350.68
2025-02-11 05:39 | INFO | Query 7 Active Learning Instance Cost: 59723.71
2025-02-11 05:39 | INFO | Query 8 Size of the uncertainty table is = 6852/7755
2025-02-11 05:39 | INFO | Query 8 Size of the filtered table is = 78
2025-02-11 05:39 | INFO | Training Time Active Learning Classifier: 0.87 seconds
2025-02-11 05:39 | INFO | Training Time Active Learning Regressor: 0.38 seconds
2025-02-11 05:39 | INFO | Query 8 Active Learning Runtime on Validation Set: 154423.52
2025-02-11 05:39 | INFO | Query 8 Active Learning Runtime on Test Set: 146148.27
2025-02-11 05:39 | INFO | Query 8 Active Learning Instance Cost: 70663.3
2025-02-11 05:39 | INFO | Query 9 Size of the uncertainty table is = 6702/7755
2025-02-11 05:39 | INFO | Query 9 Size of the filtered table is = 78
2025-02-11 05:40 | INFO | Training Time Active Learning Classifier: 0.89 seconds
2025-02-11 05:40 | INFO | Training Time Active Learning Regressor: 0.4 seconds
2025-02-11 05:40 | INFO | Query 9 Active Learning Runtime on Validation Set: 297798.94999999995
2025-02-11 05:40 | INFO | Query 9 Active Learning Runtime on Test Set: 146328.78
2025-02-11 05:40 | INFO | Query 9 Active Learning Instance Cost: 76486.17
2025-02-11 05:40 | INFO | Timeout limit is increased to 500
2025-02-11 05:40 | INFO | Query 10 Size of the uncertainty table is = 6522/7755
2025-02-11 05:40 | INFO | Query 10 Size of the filtered table is = 78
2025-02-11 05:40 | INFO | Training Time Active Learning Classifier: 0.9 seconds
2025-02-11 05:40 | INFO | Training Time Active Learning Regressor: 0.41 seconds
2025-02-11 05:40 | INFO | Query 10 Active Learning Runtime on Validation Set: 297790.82999999996
2025-02-11 05:40 | INFO | Query 10 Active Learning Runtime on Test Set: 146310.47
2025-02-11 05:40 | INFO | Query 10 Active Learning Instance Cost: 93185.23
2025-02-11 05:40 | INFO | Query 11 Size of the uncertainty table is = 6349/7755
2025-02-11 05:40 | INFO | Query 11 Size of the filtered table is = 78
2025-02-11 05:40 | INFO | Training Time Active Learning Classifier: 0.92 seconds
2025-02-11 05:40 | INFO | Training Time Active Learning Regressor: 0.43 seconds
2025-02-11 05:40 | INFO | Query 11 Active Learning Runtime on Validation Set: 297790.82999999996
2025-02-11 05:40 | INFO | Query 11 Active Learning Runtime on Test Set: 145944.13
2025-02-11 05:40 | INFO | Query 11 Active Learning Instance Cost: 109679.52
2025-02-11 05:40 | INFO | Timeout limit is increased to 600
2025-02-11 05:40 | INFO | Query 12 Size of the uncertainty table is = 6158/7755
2025-02-11 05:40 | INFO | Query 12 Size of the filtered table is = 78
2025-02-11 05:40 | INFO | Training Time Active Learning Classifier: 0.93 seconds
2025-02-11 05:40 | INFO | Training Time Active Learning Regressor: 0.45 seconds
2025-02-11 05:40 | INFO | Query 12 Active Learning Runtime on Validation Set: 11801.01
2025-02-11 05:40 | INFO | Query 12 Active Learning Runtime on Test Set: 109824.46
2025-02-11 05:40 | INFO | Query 12 Active Learning Instance Cost: 123373.49
2025-02-11 05:40 | INFO | Query 13 Size of the uncertainty table is = 5994/7755
2025-02-11 05:40 | INFO | Query 13 Size of the filtered table is = 78
2025-02-11 05:40 | INFO | Training Time Active Learning Classifier: 0.95 seconds
2025-02-11 05:40 | INFO | Training Time Active Learning Regressor: 0.46 seconds
2025-02-11 05:41 | INFO | Query 13 Active Learning Runtime on Validation Set: 8621.93
2025-02-11 05:41 | INFO | Query 13 Active Learning Runtime on Test Set: 145942.97
2025-02-11 05:41 | INFO | Query 13 Active Learning Instance Cost: 138130.22
2025-02-11 05:41 | INFO | Query 14 Size of the uncertainty table is = 5805/7755
2025-02-11 05:41 | INFO | Query 14 Size of the filtered table is = 78
2025-02-11 05:41 | INFO | Training Time Active Learning Classifier: 0.97 seconds
2025-02-11 05:41 | INFO | Training Time Active Learning Regressor: 0.48 seconds
2025-02-11 05:41 | INFO | Query 14 Active Learning Runtime on Validation Set: 154761.27
2025-02-11 05:41 | INFO | Query 14 Active Learning Runtime on Test Set: 74676.31
2025-02-11 05:41 | INFO | Query 14 Active Learning Instance Cost: 148260.84
2025-02-11 05:41 | INFO | Timeout limit is increased to 700
2025-02-11 05:41 | INFO | Query 15 Size of the uncertainty table is = 5628/7755
2025-02-11 05:41 | INFO | Query 15 Size of the filtered table is = 78
2025-02-11 05:41 | INFO | Training Time Active Learning Classifier: 0.98 seconds
2025-02-11 05:41 | INFO | Training Time Active Learning Regressor: 0.5 seconds
2025-02-11 05:41 | INFO | Query 15 Active Learning Runtime on Validation Set: 45824.130000000005
2025-02-11 05:41 | INFO | Query 15 Active Learning Runtime on Test Set: 74636.79000000001
2025-02-11 05:41 | INFO | Query 15 Active Learning Instance Cost: 165996.71
2025-02-11 05:41 | INFO | Query 16 Size of the uncertainty table is = 5466/7755
2025-02-11 05:41 | INFO | Query 16 Size of the filtered table is = 78
2025-02-11 05:41 | INFO | Training Time Active Learning Classifier: 1.0 seconds
2025-02-11 05:41 | INFO | Training Time Active Learning Regressor: 0.52 seconds
2025-02-11 05:41 | INFO | Query 16 Active Learning Runtime on Validation Set: 190325.28
2025-02-11 05:41 | INFO | Query 16 Active Learning Runtime on Test Set: 74636.32
2025-02-11 05:41 | INFO | Query 16 Active Learning Instance Cost: 188200.09
2025-02-11 05:41 | INFO | Timeout limit is increased to 800
2025-02-11 05:41 | INFO | Query 17 Size of the uncertainty table is = 5282/7755
2025-02-11 05:41 | INFO | Query 17 Size of the filtered table is = 78
2025-02-11 05:41 | INFO | Training Time Active Learning Classifier: 1.03 seconds
2025-02-11 05:41 | INFO | Training Time Active Learning Regressor: 0.53 seconds
2025-02-11 05:41 | INFO | Query 17 Active Learning Runtime on Validation Set: 297769.52999999997
2025-02-11 05:41 | INFO | Query 17 Active Learning Runtime on Test Set: 74633.71
2025-02-11 05:41 | INFO | Query 17 Active Learning Instance Cost: 197724.04
2025-02-11 05:41 | INFO | Timeout limit is increased to 900
2025-02-11 05:41 | INFO | Query 18 Size of the uncertainty table is = 5108/7755
2025-02-11 05:41 | INFO | Query 18 Size of the filtered table is = 78
2025-02-11 05:41 | INFO | Training Time Active Learning Classifier: 1.05 seconds
2025-02-11 05:41 | INFO | Training Time Active Learning Regressor: 0.55 seconds
2025-02-11 05:42 | INFO | Query 18 Active Learning Runtime on Validation Set: 226198.96
2025-02-11 05:42 | INFO | Query 18 Active Learning Runtime on Test Set: 74632.47
2025-02-11 05:42 | INFO | Query 18 Active Learning Instance Cost: 210534.69
2025-02-11 05:42 | INFO | Query 19 Size of the uncertainty table is = 4907/7755
2025-02-11 05:42 | INFO | Query 19 Size of the filtered table is = 78
2025-02-11 05:42 | INFO | Training Time Active Learning Classifier: 1.08 seconds
2025-02-11 05:42 | INFO | Training Time Active Learning Regressor: 0.57 seconds
2025-02-11 05:42 | INFO | Query 19 Active Learning Runtime on Validation Set: 226008.64
2025-02-11 05:42 | INFO | Query 19 Active Learning Runtime on Test Set: 110560.17
2025-02-11 05:42 | INFO | Query 19 Active Learning Instance Cost: 224910.37
2025-02-11 05:42 | INFO | Query 20 Size of the uncertainty table is = 4724/7755
2025-02-11 05:42 | INFO | Query 20 Size of the filtered table is = 78
2025-02-11 05:42 | INFO | Training Time Active Learning Classifier: 1.1 seconds
2025-02-11 05:42 | INFO | Training Time Active Learning Regressor: 0.58 seconds
2025-02-11 05:42 | INFO | Query 20 Active Learning Runtime on Validation Set: 11801.01
2025-02-11 05:42 | INFO | Query 20 Active Learning Runtime on Test Set: 110574.86
2025-02-11 05:42 | INFO | Query 20 Active Learning Instance Cost: 244003.88
2025-02-11 05:42 | INFO | Query 21 Size of the uncertainty table is = 4546/7755
2025-02-11 05:42 | INFO | Query 21 Size of the filtered table is = 78
2025-02-11 05:42 | INFO | Training Time Active Learning Classifier: 1.13 seconds
2025-02-11 05:42 | INFO | Training Time Active Learning Regressor: 0.6 seconds
2025-02-11 05:42 | INFO | Query 21 Active Learning Runtime on Validation Set: 297788.49
2025-02-11 05:42 | INFO | Query 21 Active Learning Runtime on Test Set: 74612.51000000001
2025-02-11 05:42 | INFO | Query 21 Active Learning Instance Cost: 273181.3
2025-02-11 05:42 | INFO | Timeout limit is increased to 1000
2025-02-11 05:42 | INFO | Query 22 Size of the uncertainty table is = 4372/7755
2025-02-11 05:42 | INFO | Query 22 Size of the filtered table is = 78
2025-02-11 05:42 | INFO | Training Time Active Learning Classifier: 1.17 seconds
2025-02-11 05:42 | INFO | Training Time Active Learning Regressor: 0.61 seconds
2025-02-11 05:42 | INFO | Query 22 Active Learning Runtime on Validation Set: 297790.82999999996
2025-02-11 05:42 | INFO | Query 22 Active Learning Runtime on Test Set: 74615.28
2025-02-11 05:42 | INFO | Query 22 Active Learning Instance Cost: 293407.93
2025-02-11 05:42 | INFO | Timeout limit is increased to 1100
2025-02-11 05:43 | INFO | Query 23 Size of the uncertainty table is = 4188/7755
2025-02-11 05:43 | INFO | Query 23 Size of the filtered table is = 78
2025-02-11 05:43 | INFO | Training Time Active Learning Classifier: 1.19 seconds
2025-02-11 05:43 | INFO | Training Time Active Learning Regressor: 0.63 seconds
2025-02-11 05:43 | INFO | Query 23 Active Learning Runtime on Validation Set: 297790.82999999996
2025-02-11 05:43 | INFO | Query 23 Active Learning Runtime on Test Set: 74907.22
2025-02-11 05:43 | INFO | Query 23 Active Learning Instance Cost: 320151.25
2025-02-11 05:43 | INFO | Timeout limit is increased to 1200
2025-02-11 05:43 | INFO | Query 24 Size of the uncertainty table is = 3982/7755
2025-02-11 05:43 | INFO | Query 24 Size of the filtered table is = 78
2025-02-11 05:43 | INFO | Training Time Active Learning Classifier: 1.21 seconds
2025-02-11 05:43 | INFO | Training Time Active Learning Regressor: 0.64 seconds
2025-02-11 05:43 | INFO | Query 24 Active Learning Runtime on Validation Set: 297790.82999999996
2025-02-11 05:43 | INFO | Query 24 Active Learning Runtime on Test Set: 110560.92
2025-02-11 05:43 | INFO | Query 24 Active Learning Instance Cost: 344124.3
2025-02-11 05:43 | INFO | Timeout limit is increased to 1300
2025-02-11 05:43 | INFO | Query 25 Size of the uncertainty table is = 3809/7755
2025-02-11 05:43 | INFO | Query 25 Size of the filtered table is = 78
2025-02-11 05:43 | INFO | Training Time Active Learning Classifier: 1.24 seconds
2025-02-11 05:43 | INFO | Training Time Active Learning Regressor: 0.65 seconds
2025-02-11 05:43 | INFO | Query 25 Active Learning Runtime on Validation Set: 297790.82999999996
2025-02-11 05:43 | INFO | Query 25 Active Learning Runtime on Test Set: 110543.39
2025-02-11 05:43 | INFO | Query 25 Active Learning Instance Cost: 383262.35
2025-02-11 05:43 | INFO | Timeout limit is increased to 1400
2025-02-11 05:43 | INFO | Query 26 Size of the uncertainty table is = 3639/7755
2025-02-11 05:43 | INFO | Query 26 Size of the filtered table is = 78
2025-02-11 05:43 | INFO | Training Time Active Learning Classifier: 1.27 seconds
2025-02-11 05:43 | INFO | Training Time Active Learning Regressor: 0.67 seconds
2025-02-11 05:43 | INFO | Query 26 Active Learning Runtime on Validation Set: 297790.82999999996
2025-02-11 05:43 | INFO | Query 26 Active Learning Runtime on Test Set: 110540.61
2025-02-11 05:43 | INFO | Query 26 Active Learning Instance Cost: 417215.4
2025-02-11 05:43 | INFO | Timeout limit is increased to 1500
2025-02-11 05:43 | INFO | Query 27 Size of the uncertainty table is = 3470/7755
2025-02-11 05:43 | INFO | Query 27 Size of the filtered table is = 78
2025-02-11 05:43 | INFO | Training Time Active Learning Classifier: 1.3 seconds
2025-02-11 05:43 | INFO | Training Time Active Learning Regressor: 0.68 seconds
2025-02-11 05:44 | INFO | Query 27 Active Learning Runtime on Validation Set: 297788.49
2025-02-11 05:44 | INFO | Query 27 Active Learning Runtime on Test Set: 74593.38
2025-02-11 05:44 | INFO | Query 27 Active Learning Instance Cost: 468196.04
2025-02-11 05:44 | INFO | Query 28 Size of the uncertainty table is = 3316/7755
2025-02-11 05:44 | INFO | Query 28 Size of the filtered table is = 78
2025-02-11 05:44 | INFO | Training Time Active Learning Classifier: 1.32 seconds
2025-02-11 05:44 | INFO | Training Time Active Learning Regressor: 0.76 seconds
2025-02-11 05:44 | INFO | Query 28 Active Learning Runtime on Validation Set: 47194.51
2025-02-11 05:44 | INFO | Query 28 Active Learning Runtime on Test Set: 74385.32
2025-02-11 05:44 | INFO | Query 28 Active Learning Instance Cost: 508741.97
2025-02-11 05:44 | INFO | Query 29 Size of the uncertainty table is = 3119/7755
2025-02-11 05:44 | INFO | Query 29 Size of the filtered table is = 78
2025-02-11 05:44 | INFO | Training Time Active Learning Classifier: 1.34 seconds
2025-02-11 05:44 | INFO | Training Time Active Learning Regressor: 0.71 seconds
2025-02-11 05:44 | INFO | Query 29 Active Learning Runtime on Validation Set: 297807.58999999997
2025-02-11 05:44 | INFO | Query 29 Active Learning Runtime on Test Set: 74589.33
2025-02-11 05:44 | INFO | Query 29 Active Learning Instance Cost: 578815.02
2025-02-11 05:44 | INFO | Timeout limit is increased to 1600
2025-02-11 05:44 | INFO | Query 30 Size of the uncertainty table is = 2985/7755
2025-02-11 05:44 | INFO | Query 30 Size of the filtered table is = 78
2025-02-11 05:44 | INFO | Training Time Active Learning Classifier: 1.36 seconds
2025-02-11 05:44 | INFO | Training Time Active Learning Regressor: 0.73 seconds
2025-02-11 05:44 | INFO | Query 30 Active Learning Runtime on Validation Set: 8579.22
2025-02-11 05:44 | INFO | Query 30 Active Learning Runtime on Test Set: 74314.45
2025-02-11 05:44 | INFO | Query 30 Active Learning Instance Cost: 638345.73
2025-02-11 05:44 | INFO | Query 31 Size of the uncertainty table is = 2807/7755
2025-02-11 05:44 | INFO | Query 31 Size of the filtered table is = 78
2025-02-11 05:44 | INFO | Training Time Active Learning Classifier: 1.39 seconds
2025-02-11 05:44 | INFO | Training Time Active Learning Regressor: 0.74 seconds
2025-02-11 05:44 | INFO | Query 31 Active Learning Runtime on Validation Set: 8537.93
2025-02-11 05:44 | INFO | Query 31 Active Learning Runtime on Test Set: 74351.16
2025-02-11 05:44 | INFO | Query 31 Active Learning Instance Cost: 658863.63
2025-02-11 05:44 | INFO | Query 32 Size of the uncertainty table is = 2614/7755
2025-02-11 05:44 | INFO | Query 32 Size of the filtered table is = 78
2025-02-11 05:45 | INFO | Training Time Active Learning Classifier: 1.41 seconds
2025-02-11 05:45 | INFO | Training Time Active Learning Regressor: 0.76 seconds
2025-02-11 05:45 | INFO | Query 32 Active Learning Runtime on Validation Set: 8537.93
2025-02-11 05:45 | INFO | Query 32 Active Learning Runtime on Test Set: 74314.15000000001
2025-02-11 05:45 | INFO | Query 32 Active Learning Instance Cost: 677538.14
2025-02-11 05:45 | INFO | Timeout limit is increased to 1700
2025-02-11 05:45 | INFO | Query 33 Size of the uncertainty table is = 2457/7755
2025-02-11 05:45 | INFO | Query 33 Size of the filtered table is = 78
2025-02-11 05:45 | INFO | Training Time Active Learning Classifier: 1.44 seconds
2025-02-11 05:45 | INFO | Training Time Active Learning Regressor: 0.77 seconds
2025-02-11 05:45 | INFO | Query 33 Active Learning Runtime on Validation Set: 8537.91
2025-02-11 05:45 | INFO | Query 33 Active Learning Runtime on Test Set: 74314.54000000001
2025-02-11 05:45 | INFO | Query 33 Active Learning Instance Cost: 706777.47
2025-02-11 05:45 | INFO | Query 34 Size of the uncertainty table is = 2288/7755
2025-02-11 05:45 | INFO | Query 34 Size of the filtered table is = 78
2025-02-11 05:45 | INFO | Training Time Active Learning Classifier: 1.46 seconds
2025-02-11 05:45 | INFO | Training Time Active Learning Regressor: 0.79 seconds
2025-02-11 05:45 | INFO | Query 34 Active Learning Runtime on Validation Set: 8537.91
2025-02-11 05:45 | INFO | Query 34 Active Learning Runtime on Test Set: 74336.95
2025-02-11 05:45 | INFO | Query 34 Active Learning Instance Cost: 767328.01
2025-02-11 05:45 | INFO | Timeout limit is increased to 1800
2025-02-11 05:45 | INFO | Query 35 Size of the uncertainty table is = 2109/7755
2025-02-11 05:45 | INFO | Query 35 Size of the filtered table is = 78
2025-02-11 05:45 | INFO | Training Time Active Learning Classifier: 1.48 seconds
2025-02-11 05:45 | INFO | Training Time Active Learning Regressor: 0.8 seconds
2025-02-11 05:45 | INFO | Query 35 Active Learning Runtime on Validation Set: 151847.42
2025-02-11 05:45 | INFO | Query 35 Active Learning Runtime on Test Set: 4367.79
2025-02-11 05:45 | INFO | Query 35 Active Learning Instance Cost: 807096.65
2025-02-11 05:45 | INFO | Timeout limit is increased to 1900
2025-02-11 05:45 | INFO | Query 36 Size of the uncertainty table is = 1992/7755
2025-02-11 05:45 | INFO | Query 36 Size of the filtered table is = 78
2025-02-11 05:45 | INFO | Training Time Active Learning Classifier: 1.51 seconds
2025-02-11 05:45 | INFO | Training Time Active Learning Regressor: 0.8 seconds
2025-02-11 05:46 | INFO | Query 36 Active Learning Runtime on Validation Set: 334763.74
2025-02-11 05:46 | INFO | Query 36 Active Learning Runtime on Test Set: 40312.37
2025-02-11 05:46 | INFO | Query 36 Active Learning Instance Cost: 898669.81
2025-02-11 05:46 | INFO | Timeout limit is increased to 2000
2025-02-11 05:46 | INFO | Query 37 Size of the uncertainty table is = 1825/7755
2025-02-11 05:46 | INFO | Query 37 Size of the filtered table is = 78
2025-02-11 05:46 | INFO | Training Time Active Learning Classifier: 1.52 seconds
2025-02-11 05:46 | INFO | Training Time Active Learning Regressor: 0.8 seconds
2025-02-11 05:46 | INFO | Query 37 Active Learning Runtime on Validation Set: 262098.41
2025-02-11 05:46 | INFO | Query 37 Active Learning Runtime on Test Set: 40312.030000000006
2025-02-11 05:46 | INFO | Query 37 Active Learning Instance Cost: 994113.42
2025-02-11 05:46 | INFO | Query 38 Size of the uncertainty table is = 1669/7755
2025-02-11 05:46 | INFO | Query 38 Size of the filtered table is = 78
2025-02-11 05:46 | INFO | Training Time Active Learning Classifier: 1.54 seconds
2025-02-11 05:46 | INFO | Training Time Active Learning Regressor: 0.81 seconds
2025-02-11 05:46 | INFO | Query 38 Active Learning Runtime on Validation Set: 191456.55000000002
2025-02-11 05:46 | INFO | Query 38 Active Learning Runtime on Test Set: 40312.68
2025-02-11 05:46 | INFO | Query 38 Active Learning Instance Cost: 1064035.07
2025-02-11 05:46 | INFO | Query 39 Size of the uncertainty table is = 1553/7755
2025-02-11 05:46 | INFO | Query 39 Size of the filtered table is = 78
2025-02-11 05:46 | INFO | Training Time Active Learning Classifier: 1.55 seconds
2025-02-11 05:46 | INFO | Training Time Active Learning Regressor: 0.82 seconds
2025-02-11 05:46 | INFO | Query 39 Active Learning Runtime on Validation Set: 8537.89
2025-02-11 05:46 | INFO | Query 39 Active Learning Runtime on Test Set: 4368.42
2025-02-11 05:46 | INFO | Query 39 Active Learning Instance Cost: 1133059.27
2025-02-11 05:46 | INFO | Query 40 Size of the uncertainty table is = 1421/7755
2025-02-11 05:46 | INFO | Query 40 Size of the filtered table is = 78
2025-02-11 05:46 | INFO | Training Time Active Learning Classifier: 1.57 seconds
2025-02-11 05:46 | INFO | Training Time Active Learning Regressor: 0.83 seconds
2025-02-11 05:46 | INFO | Query 40 Active Learning Runtime on Validation Set: 191456.55000000002
2025-02-11 05:46 | INFO | Query 40 Active Learning Runtime on Test Set: 40312.76
2025-02-11 05:46 | INFO | Query 40 Active Learning Instance Cost: 1214109.23
2025-02-11 05:46 | INFO | Timeout limit is increased to 2100
2025-02-11 05:46 | INFO | Query 41 Size of the uncertainty table is = 1279/7755
2025-02-11 05:46 | INFO | Query 41 Size of the filtered table is = 78
2025-02-11 05:46 | INFO | Training Time Active Learning Classifier: 1.56 seconds
2025-02-11 05:46 | INFO | Training Time Active Learning Regressor: 0.82 seconds
2025-02-11 05:47 | INFO | Query 41 Active Learning Runtime on Validation Set: 191456.55000000002
2025-02-11 05:47 | INFO | Query 41 Active Learning Runtime on Test Set: 40313.0
2025-02-11 05:47 | INFO | Query 41 Active Learning Instance Cost: 1306894.01
2025-02-11 05:47 | INFO | Timeout limit is increased to 2200
2025-02-11 05:47 | INFO | Query 42 Size of the uncertainty table is = 1132/7755
2025-02-11 05:47 | INFO | Query 42 Size of the filtered table is = 78
2025-02-11 05:47 | INFO | Training Time Active Learning Classifier: 1.57 seconds
2025-02-11 05:47 | INFO | Training Time Active Learning Regressor: 0.83 seconds
2025-02-11 05:47 | INFO | Query 42 Active Learning Runtime on Validation Set: 191456.55000000002
2025-02-11 05:47 | INFO | Query 42 Active Learning Runtime on Test Set: 40313.0
2025-02-11 05:47 | INFO | Query 42 Active Learning Instance Cost: 1397094.85
2025-02-11 05:47 | INFO | Timeout limit is increased to 2300
2025-02-11 05:47 | INFO | Query 43 Size of the uncertainty table is = 1024/7755
2025-02-11 05:47 | INFO | Query 43 Size of the filtered table is = 78
2025-02-11 05:47 | INFO | Training Time Active Learning Classifier: 1.59 seconds
2025-02-11 05:47 | INFO | Training Time Active Learning Regressor: 0.83 seconds
2025-02-11 05:47 | INFO | Query 43 Active Learning Runtime on Validation Set: 191456.55000000002
2025-02-11 05:47 | INFO | Query 43 Active Learning Runtime on Test Set: 40313.0
2025-02-11 05:47 | INFO | Query 43 Active Learning Instance Cost: 1490195.04
2025-02-11 05:47 | INFO | Timeout limit is increased to 2400
2025-02-11 05:47 | INFO | Query 44 Size of the uncertainty table is = 894/7755
2025-02-11 05:47 | INFO | Query 44 Size of the filtered table is = 78
2025-02-11 05:47 | INFO | Training Time Active Learning Classifier: 1.59 seconds
2025-02-11 05:47 | INFO | Training Time Active Learning Regressor: 0.83 seconds
2025-02-11 05:47 | INFO | Query 44 Active Learning Runtime on Validation Set: 82229.02
2025-02-11 05:47 | INFO | Query 44 Active Learning Runtime on Test Set: 40312.29
2025-02-11 05:47 | INFO | Query 44 Active Learning Instance Cost: 1599968.87
2025-02-11 05:47 | INFO | Query 45 Size of the uncertainty table is = 837/7755
2025-02-11 05:47 | INFO | Query 45 Size of the filtered table is = 78
2025-02-11 05:47 | INFO | Training Time Active Learning Classifier: 1.59 seconds
2025-02-11 05:47 | INFO | Training Time Active Learning Regressor: 0.83 seconds
2025-02-11 05:47 | INFO | Query 45 Active Learning Runtime on Validation Set: 82229.02
2025-02-11 05:47 | INFO | Query 45 Active Learning Runtime on Test Set: 40312.29
2025-02-11 05:47 | INFO | Query 45 Active Learning Instance Cost: 1677268.87
2025-02-11 05:47 | INFO | Timeout limit is increased to 2500
2025-02-11 05:47 | INFO | Query 46 Size of the uncertainty table is = 837/7755
2025-02-11 05:47 | INFO | Query 46 Size of the filtered table is = 78
2025-02-11 05:47 | INFO | Training Time Active Learning Classifier: 1.59 seconds
2025-02-11 05:47 | INFO | Training Time Active Learning Regressor: 0.83 seconds
2025-02-11 05:48 | INFO | Query 46 Active Learning Runtime on Validation Set: 82229.02
2025-02-11 05:48 | INFO | Query 46 Active Learning Runtime on Test Set: 40312.29
2025-02-11 05:48 | INFO | Query 46 Active Learning Instance Cost: 1696368.87
2025-02-11 05:48 | INFO | Timeout limit is increased to 2600
2025-02-11 05:48 | INFO | Query 47 Size of the uncertainty table is = 837/7755
2025-02-11 05:48 | INFO | Query 47 Size of the filtered table is = 78
2025-02-11 05:48 | INFO | Training Time Active Learning Classifier: 1.59 seconds
2025-02-11 05:48 | INFO | Training Time Active Learning Regressor: 0.83 seconds
2025-02-11 05:48 | INFO | Query 47 Active Learning Runtime on Validation Set: 82229.02
2025-02-11 05:48 | INFO | Query 47 Active Learning Runtime on Test Set: 40312.29
2025-02-11 05:48 | INFO | Query 47 Active Learning Instance Cost: 1721868.87
2025-02-11 05:48 | INFO | Timeout limit is increased to 2700
2025-02-11 05:48 | INFO | Query 48 Size of the uncertainty table is = 837/7755
2025-02-11 05:48 | INFO | Query 48 Size of the filtered table is = 78
2025-02-11 05:48 | INFO | Training Time Active Learning Classifier: 1.59 seconds
2025-02-11 05:48 | INFO | Training Time Active Learning Regressor: 0.83 seconds
2025-02-11 05:48 | INFO | Query 48 Active Learning Runtime on Validation Set: 82229.02
2025-02-11 05:48 | INFO | Query 48 Active Learning Runtime on Test Set: 40312.29
2025-02-11 05:48 | INFO | Query 48 Active Learning Instance Cost: 1739968.87
2025-02-11 05:48 | INFO | Timeout limit is increased to 2800
2025-02-11 05:48 | INFO | Query 49 Size of the uncertainty table is = 837/7755
2025-02-11 05:48 | INFO | Query 49 Size of the filtered table is = 78
2025-02-11 05:48 | INFO | Training Time Active Learning Classifier: 1.6 seconds
2025-02-11 05:48 | INFO | Training Time Active Learning Regressor: 0.83 seconds
2025-02-11 05:48 | INFO | Query 49 Active Learning Runtime on Validation Set: 82229.02
2025-02-11 05:48 | INFO | Query 49 Active Learning Runtime on Test Set: 40312.29
2025-02-11 05:48 | INFO | Query 49 Active Learning Instance Cost: 1753868.87
2025-02-11 05:48 | INFO | Timeout limit is increased to 2900
2025-02-11 05:48 | INFO | Query 50 Size of the uncertainty table is = 837/7755
2025-02-11 05:48 | INFO | Query 50 Size of the filtered table is = 78
2025-02-11 05:48 | INFO | Training Time Active Learning Classifier: 1.59 seconds
2025-02-11 05:48 | INFO | Training Time Active Learning Regressor: 0.83 seconds
2025-02-11 05:48 | INFO | Query 50 Active Learning Runtime on Validation Set: 82229.02
2025-02-11 05:48 | INFO | Query 50 Active Learning Runtime on Test Set: 40312.29
2025-02-11 05:48 | INFO | Query 50 Active Learning Instance Cost: 1771868.87
2025-02-11 05:48 | INFO | Timeout limit is increased to 3000
2025-02-11 05:48 | INFO | Query 51 Size of the uncertainty table is = 837/7755
2025-02-11 05:48 | INFO | Query 51 Size of the filtered table is = 78
2025-02-11 05:48 | INFO | Training Time Active Learning Classifier: 1.59 seconds
2025-02-11 05:48 | INFO | Training Time Active Learning Regressor: 0.83 seconds
2025-02-11 05:49 | INFO | Query 51 Active Learning Runtime on Validation Set: 82229.02
2025-02-11 05:49 | INFO | Query 51 Active Learning Runtime on Test Set: 40312.29
2025-02-11 05:49 | INFO | Query 51 Active Learning Instance Cost: 1787568.87
2025-02-11 05:49 | INFO | Timeout limit is increased to 3100
2025-02-11 05:49 | INFO | Query 52 Size of the uncertainty table is = 837/7755
2025-02-11 05:49 | INFO | Query 52 Size of the filtered table is = 78
2025-02-11 05:49 | INFO | Training Time Active Learning Classifier: 1.59 seconds
2025-02-11 05:49 | INFO | Training Time Active Learning Regressor: 0.83 seconds
2025-02-11 05:49 | INFO | Query 52 Active Learning Runtime on Validation Set: 82229.02
2025-02-11 05:49 | INFO | Query 52 Active Learning Runtime on Test Set: 40312.29
2025-02-11 05:49 | INFO | Query 52 Active Learning Instance Cost: 1811768.87
2025-02-11 05:49 | INFO | Timeout limit is increased to 3200
2025-02-11 05:49 | INFO | Query 53 Size of the uncertainty table is = 837/7755
2025-02-11 05:49 | INFO | Query 53 Size of the filtered table is = 78
2025-02-11 05:49 | INFO | Training Time Active Learning Classifier: 1.59 seconds
2025-02-11 05:49 | INFO | Training Time Active Learning Regressor: 0.83 seconds
2025-02-11 05:49 | INFO | Query 53 Active Learning Runtime on Validation Set: 82229.02
2025-02-11 05:49 | INFO | Query 53 Active Learning Runtime on Test Set: 40312.29
2025-02-11 05:49 | INFO | Query 53 Active Learning Instance Cost: 1833868.87
2025-02-11 05:49 | INFO | Timeout limit is increased to 3300
2025-02-11 05:49 | INFO | Query 54 Size of the uncertainty table is = 837/7755
2025-02-11 05:49 | INFO | Query 54 Size of the filtered table is = 78
2025-02-11 05:49 | INFO | Training Time Active Learning Classifier: 1.59 seconds
2025-02-11 05:49 | INFO | Training Time Active Learning Regressor: 0.83 seconds
2025-02-11 05:49 | INFO | Query 54 Active Learning Runtime on Validation Set: 82229.02
2025-02-11 05:49 | INFO | Query 54 Active Learning Runtime on Test Set: 40312.29
2025-02-11 05:49 | INFO | Query 54 Active Learning Instance Cost: 1853768.87
2025-02-11 05:49 | INFO | Timeout limit is increased to 3400
2025-02-11 05:49 | INFO | Query 55 Size of the uncertainty table is = 837/7755
2025-02-11 05:49 | INFO | Query 55 Size of the filtered table is = 78
2025-02-11 05:49 | INFO | Training Time Active Learning Classifier: 1.59 seconds
2025-02-11 05:49 | INFO | Training Time Active Learning Regressor: 0.83 seconds
2025-02-11 05:49 | INFO | Query 55 Active Learning Runtime on Validation Set: 82229.02
2025-02-11 05:49 | INFO | Query 55 Active Learning Runtime on Test Set: 40312.29
2025-02-11 05:49 | INFO | Query 55 Active Learning Instance Cost: 1871768.87
2025-02-11 05:49 | INFO | Timeout limit is increased to 3500
2025-02-11 05:49 | INFO | Query 56 Size of the uncertainty table is = 837/7755
2025-02-11 05:49 | INFO | Query 56 Size of the filtered table is = 78
2025-02-11 05:49 | INFO | Training Time Active Learning Classifier: 1.6 seconds
2025-02-11 05:49 | INFO | Training Time Active Learning Regressor: 0.83 seconds
2025-02-11 05:50 | INFO | Query 56 Active Learning Runtime on Validation Set: 82229.02
2025-02-11 05:50 | INFO | Query 56 Active Learning Runtime on Test Set: 40312.29
2025-02-11 05:50 | INFO | Query 56 Active Learning Instance Cost: 1884968.87
2025-02-11 05:50 | INFO | Timeout limit is increased to 3600
2025-02-11 05:50 | INFO | Query 57 Size of the uncertainty table is = 837/7755
2025-02-11 05:50 | INFO | Query 57 Size of the filtered table is = 78
2025-02-11 05:50 | INFO | Training Time Active Learning Classifier: 1.59 seconds
2025-02-11 05:50 | INFO | Training Time Active Learning Regressor: 0.83 seconds
2025-02-11 05:50 | INFO | Query 57 Active Learning Runtime on Validation Set: 82229.02
2025-02-11 05:50 | INFO | Query 57 Active Learning Runtime on Test Set: 40312.29
2025-02-11 05:50 | INFO | Query 57 Active Learning Instance Cost: 1901068.87
2025-02-11 05:50 | INFO | Timeout limit is increased to 3600
2025-02-11 05:50 | INFO | Active Learning Emissions: 0.008619237152226875
2025-02-11 05:50 | INFO | Active Learning Energy Consumption: 0.00937795011937204 kWh
2025-02-11 05:50 | INFO | runtime_test_score is written as json file
2025-02-11 05:50 | INFO | runtime_validation_score is written as json file
2025-02-11 05:50 | INFO | instance_cost is written as json file
2025-02-11 05:50 | INFO | Experiment is finished
