2025-02-11 05:24 | INFO | Paramaters are: {'dataset': 'MAXSAT12-PMS', 'penalty': 10, 'weight': 'No_Weight', 'voting': 'Hard', 'pre_selection_size': 64, 'pre_selection_technique': 'No_pre_selection', 'feature_elimination_threshold': 20, 'imputer_strategy': 'median', 'feature_selection_technique': 'No_feature_selection', 'feature_scaling_technique': 'StandardScaler', 'initial_train_size': 20, 'query_size': 1, 'timeout_predictor_usage': 'No', 'pareto_features': {'Uncertainty': 'max', 'PredDiff': 'max'}, 'timeout_limit': 3600, 'timeout_increase_rate': 100, 'penalty_type': 'Only-timeout-penalty', 'RANDOM_STATE_SEED': 7, 'n_splits': 10, 'split_number': 9, 'max_timeout': 3600, 'param_grid': {'n_estimators': 100, 'max_features': 'sqrt', 'max_depth': 2147483648, 'min_samples_split': 2, 'bootstrap': True}}
2025-02-11 05:24 | INFO | MAXSAT12-PMS is current dataset
2025-02-11 05:24 | INFO | DATASETS/MAXSAT12-PMS/algorithm_runs.csv is found
2025-02-11 05:24 | INFO | DATASETS/MAXSAT12-PMS/algorithm_runs.csv is finished
2025-02-11 05:24 | INFO | DATASETS/MAXSAT12-PMS/feature_values.csv is found
2025-02-11 05:24 | INFO | DATASETS/MAXSAT12-PMS/feature_values.csv is finished
2025-02-11 05:24 | INFO | DATASETS/MAXSAT12-PMS/feature_costs.csv is found
2025-02-11 05:24 | INFO | DATASETS/MAXSAT12-PMS/feature_costs.csv is finished
2025-02-11 05:24 | INFO | Virtual best solver time in train = 19914.25
2025-02-11 05:24 | INFO | Single best solver list train = {'DSWPM1_924': 8656269.73, 'akmaxsat': 7839559.3, 'akmaxsat_ls': 7839513.22, 'pwbo2.1': 4197308.76, 'qmaxsat0.21comp': 2057773.08, 'qmaxsat0.21g2comp': 2408746.82}
2025-02-11 05:24 | INFO | Single best solver time train = qmaxsat0.21comp (2057773.08)
2025-02-11 05:24 | INFO | Virtual best solver time in validation = 7824.53
2025-02-11 05:24 | INFO | Single best solver list validation = {'DSWPM1_924': 2423280.39, 'akmaxsat': 4184615.34, 'akmaxsat_ls': 4184625.44, 'pwbo2.1': 911100.63, 'qmaxsat0.21comp': 696326.66, 'qmaxsat0.21g2comp': 8509.72}
2025-02-11 05:24 | INFO | Single best solver time validation = qmaxsat0.21g2comp (8509.72)
2025-02-11 05:24 | INFO | Virtual best solver time in test = 2814.31
2025-02-11 05:24 | INFO | Single best solver list test = {'DSWPM1_924': 1193198.85, 'akmaxsat': 1408797.02, 'akmaxsat_ls': 1408829.65, 'pwbo2.1': 402659.91, 'qmaxsat0.21comp': 292106.29, 'qmaxsat0.21g2comp': 255134.72}
2025-02-11 05:24 | INFO | Single best solver time test = qmaxsat0.21g2comp (255134.72)
2025-02-11 05:24 | INFO | Training Time Passive Learning Classifier: 1.59 seconds
2025-02-11 05:24 | INFO | Training Time Passive Learning Regressor: 0.82 seconds
2025-02-11 05:25 | INFO | Passive Learning Classifier Runtime on Validation Set: 299545.89
2025-02-11 05:25 | INFO | Passive Learning Classifier Runtime on Test Set: 110572.07
2025-02-11 05:25 | INFO | Passive Learning Instance Cost: 3482770.91
2025-02-11 05:25 | INFO | Passive Learning Emissions: 0.0001248414070853548
2025-02-11 05:25 | INFO | Passive Learning Energy Consumption: 0.00013583063881427126 kWh
2025-02-11 05:25 | INFO | Training Time Active Learning Classifier: 0.8 seconds
2025-02-11 05:25 | INFO | Training Time Active Learning Regressor: 0.28 seconds
2025-02-11 05:25 | INFO | Initial Active Learning Runtime on Validation Set: 297999.94
2025-02-11 05:25 | INFO | Initial Active Learning Runtime on Test Set: 219293.94
2025-02-11 05:25 | INFO | Initial Active Learning Instance Cost: 99815.92
2025-02-11 05:25 | INFO | Bin size = 78
2025-02-11 05:25 | INFO | Query 1 Size of the uncertainty table is = 7770/7770
2025-02-11 05:25 | INFO | Query 1 Size of the filtered table is = 78
2025-02-11 05:25 | INFO | Training Time Active Learning Classifier: 0.79 seconds
2025-02-11 05:25 | INFO | Training Time Active Learning Regressor: 0.29 seconds
2025-02-11 05:25 | INFO | Query 1 Active Learning Runtime on Validation Set: 297980.21
2025-02-11 05:25 | INFO | Query 1 Active Learning Runtime on Test Set: 184658.22
2025-02-11 05:25 | INFO | Query 1 Active Learning Instance Cost: 341491.87
2025-02-11 05:25 | INFO | Query 2 Size of the uncertainty table is = 7668/7770
2025-02-11 05:25 | INFO | Query 2 Size of the filtered table is = 78
2025-02-11 05:25 | INFO | Training Time Active Learning Classifier: 0.8 seconds
2025-02-11 05:25 | INFO | Training Time Active Learning Regressor: 0.3 seconds
2025-02-11 05:25 | INFO | Query 2 Active Learning Runtime on Validation Set: 297712.36
2025-02-11 05:25 | INFO | Query 2 Active Learning Runtime on Test Set: 146870.76
2025-02-11 05:25 | INFO | Query 2 Active Learning Instance Cost: 526842.64
2025-02-11 05:25 | INFO | Query 3 Size of the uncertainty table is = 7517/7770
2025-02-11 05:25 | INFO | Query 3 Size of the filtered table is = 78
2025-02-11 05:25 | INFO | Training Time Active Learning Classifier: 0.81 seconds
2025-02-11 05:25 | INFO | Training Time Active Learning Regressor: 0.32 seconds
2025-02-11 05:25 | INFO | Query 3 Active Learning Runtime on Validation Set: 297712.36
2025-02-11 05:25 | INFO | Query 3 Active Learning Runtime on Test Set: 182441.93
2025-02-11 05:25 | INFO | Query 3 Active Learning Instance Cost: 710332.58
2025-02-11 05:25 | INFO | Timeout limit is increased to 3600
2025-02-11 05:25 | INFO | Query 4 Size of the uncertainty table is = 7365/7770
2025-02-11 05:25 | INFO | Query 4 Size of the filtered table is = 78
2025-02-11 05:25 | INFO | Training Time Active Learning Classifier: 0.83 seconds
2025-02-11 05:25 | INFO | Training Time Active Learning Regressor: 0.34 seconds
2025-02-11 05:26 | INFO | Query 4 Active Learning Runtime on Validation Set: 297712.36
2025-02-11 05:26 | INFO | Query 4 Active Learning Runtime on Test Set: 182496.63
2025-02-11 05:26 | INFO | Query 4 Active Learning Instance Cost: 816290.7
2025-02-11 05:26 | INFO | Timeout limit is increased to 3600
2025-02-11 05:26 | INFO | Query 5 Size of the uncertainty table is = 7200/7770
2025-02-11 05:26 | INFO | Query 5 Size of the filtered table is = 78
2025-02-11 05:26 | INFO | Training Time Active Learning Classifier: 0.84 seconds
2025-02-11 05:26 | INFO | Training Time Active Learning Regressor: 0.36 seconds
2025-02-11 05:26 | INFO | Query 5 Active Learning Runtime on Validation Set: 297712.36
2025-02-11 05:26 | INFO | Query 5 Active Learning Runtime on Test Set: 182364.22
2025-02-11 05:26 | INFO | Query 5 Active Learning Instance Cost: 1013488.8
2025-02-11 05:26 | INFO | Timeout limit is increased to 3600
2025-02-11 05:26 | INFO | Query 6 Size of the uncertainty table is = 7059/7770
2025-02-11 05:26 | INFO | Query 6 Size of the filtered table is = 78
2025-02-11 05:26 | INFO | Training Time Active Learning Classifier: 0.85 seconds
2025-02-11 05:26 | INFO | Training Time Active Learning Regressor: 0.37 seconds
2025-02-11 05:26 | INFO | Query 6 Active Learning Runtime on Validation Set: 8543.46
2025-02-11 05:26 | INFO | Query 6 Active Learning Runtime on Test Set: 182439.4
2025-02-11 05:26 | INFO | Query 6 Active Learning Instance Cost: 1178273.24
2025-02-11 05:26 | INFO | Query 7 Size of the uncertainty table is = 6820/7770
2025-02-11 05:26 | INFO | Query 7 Size of the filtered table is = 78
2025-02-11 05:26 | INFO | Training Time Active Learning Classifier: 0.86 seconds
2025-02-11 05:26 | INFO | Training Time Active Learning Regressor: 0.39 seconds
2025-02-11 05:26 | INFO | Query 7 Active Learning Runtime on Validation Set: 8543.48
2025-02-11 05:26 | INFO | Query 7 Active Learning Runtime on Test Set: 182362.1
2025-02-11 05:26 | INFO | Query 7 Active Learning Instance Cost: 1312217.34
2025-02-11 05:26 | INFO | Timeout limit is increased to 3600
2025-02-11 05:26 | INFO | Query 8 Size of the uncertainty table is = 6639/7770
2025-02-11 05:26 | INFO | Query 8 Size of the filtered table is = 78
2025-02-11 05:26 | INFO | Training Time Active Learning Classifier: 0.88 seconds
2025-02-11 05:26 | INFO | Training Time Active Learning Regressor: 0.41 seconds
2025-02-11 05:26 | INFO | Query 8 Active Learning Runtime on Validation Set: 8543.46
2025-02-11 05:26 | INFO | Query 8 Active Learning Runtime on Test Set: 147177.66999999998
2025-02-11 05:26 | INFO | Query 8 Active Learning Instance Cost: 1500225.46
2025-02-11 05:27 | INFO | Query 9 Size of the uncertainty table is = 6435/7770
2025-02-11 05:27 | INFO | Query 9 Size of the filtered table is = 78
2025-02-11 05:27 | INFO | Training Time Active Learning Classifier: 0.89 seconds
2025-02-11 05:27 | INFO | Training Time Active Learning Regressor: 0.42 seconds
2025-02-11 05:27 | INFO | Query 9 Active Learning Runtime on Validation Set: 8543.46
2025-02-11 05:27 | INFO | Query 9 Active Learning Runtime on Test Set: 182181.66999999998
2025-02-11 05:27 | INFO | Query 9 Active Learning Instance Cost: 1614364.86
2025-02-11 05:27 | INFO | Timeout limit is increased to 3600
2025-02-11 05:27 | INFO | Query 10 Size of the uncertainty table is = 6233/7770
2025-02-11 05:27 | INFO | Query 10 Size of the filtered table is = 78
2025-02-11 05:27 | INFO | Training Time Active Learning Classifier: 0.92 seconds
2025-02-11 05:27 | INFO | Training Time Active Learning Regressor: 0.44 seconds
2025-02-11 05:27 | INFO | Query 10 Active Learning Runtime on Validation Set: 8543.46
2025-02-11 05:27 | INFO | Query 10 Active Learning Runtime on Test Set: 110183.62
2025-02-11 05:27 | INFO | Query 10 Active Learning Instance Cost: 1763719.27
2025-02-11 05:27 | INFO | Timeout limit is increased to 3600
2025-02-11 05:27 | INFO | Query 11 Size of the uncertainty table is = 6039/7770
2025-02-11 05:27 | INFO | Query 11 Size of the filtered table is = 78
2025-02-11 05:27 | INFO | Training Time Active Learning Classifier: 0.94 seconds
2025-02-11 05:27 | INFO | Training Time Active Learning Regressor: 0.45 seconds
2025-02-11 05:27 | INFO | Query 11 Active Learning Runtime on Validation Set: 8543.46
2025-02-11 05:27 | INFO | Query 11 Active Learning Runtime on Test Set: 74256.65
2025-02-11 05:27 | INFO | Query 11 Active Learning Instance Cost: 1878297.03
2025-02-11 05:27 | INFO | Timeout limit is increased to 3600
2025-02-11 05:27 | INFO | Query 12 Size of the uncertainty table is = 5831/7770
2025-02-11 05:27 | INFO | Query 12 Size of the filtered table is = 78
2025-02-11 05:27 | INFO | Training Time Active Learning Classifier: 0.96 seconds
2025-02-11 05:27 | INFO | Training Time Active Learning Regressor: 0.47 seconds
2025-02-11 05:27 | INFO | Query 12 Active Learning Runtime on Validation Set: 8543.529999999999
2025-02-11 05:27 | INFO | Query 12 Active Learning Runtime on Test Set: 74253.95
2025-02-11 05:27 | INFO | Query 12 Active Learning Instance Cost: 1986842.17
2025-02-11 05:27 | INFO | Timeout limit is increased to 3600
2025-02-11 05:27 | INFO | Query 13 Size of the uncertainty table is = 5606/7770
2025-02-11 05:27 | INFO | Query 13 Size of the filtered table is = 78
2025-02-11 05:27 | INFO | Training Time Active Learning Classifier: 0.99 seconds
2025-02-11 05:27 | INFO | Training Time Active Learning Regressor: 0.55 seconds
2025-02-11 05:28 | INFO | Query 13 Active Learning Runtime on Validation Set: 8543.529999999999
2025-02-11 05:28 | INFO | Query 13 Active Learning Runtime on Test Set: 110251.27
2025-02-11 05:28 | INFO | Query 13 Active Learning Instance Cost: 2094728.94
2025-02-11 05:28 | INFO | Timeout limit is increased to 3600
2025-02-11 05:28 | INFO | Query 14 Size of the uncertainty table is = 5366/7770
2025-02-11 05:28 | INFO | Query 14 Size of the filtered table is = 78
2025-02-11 05:28 | INFO | Training Time Active Learning Classifier: 1.01 seconds
2025-02-11 05:28 | INFO | Training Time Active Learning Regressor: 0.5 seconds
2025-02-11 05:28 | INFO | Query 14 Active Learning Runtime on Validation Set: 10415.16
2025-02-11 05:28 | INFO | Query 14 Active Learning Runtime on Test Set: 110256.39
2025-02-11 05:28 | INFO | Query 14 Active Learning Instance Cost: 2216342.17
2025-02-11 05:28 | INFO | Timeout limit is increased to 3600
2025-02-11 05:28 | INFO | Query 15 Size of the uncertainty table is = 5111/7770
2025-02-11 05:28 | INFO | Query 15 Size of the filtered table is = 78
2025-02-11 05:28 | INFO | Training Time Active Learning Classifier: 1.04 seconds
2025-02-11 05:28 | INFO | Training Time Active Learning Regressor: 0.52 seconds
2025-02-11 05:28 | INFO | Query 15 Active Learning Runtime on Validation Set: 8543.46
2025-02-11 05:28 | INFO | Query 15 Active Learning Runtime on Test Set: 110250.62
2025-02-11 05:28 | INFO | Query 15 Active Learning Instance Cost: 2306165.72
2025-02-11 05:28 | INFO | Query 16 Size of the uncertainty table is = 4917/7770
2025-02-11 05:28 | INFO | Query 16 Size of the filtered table is = 78
2025-02-11 05:28 | INFO | Training Time Active Learning Classifier: 1.06 seconds
2025-02-11 05:28 | INFO | Training Time Active Learning Regressor: 0.55 seconds
2025-02-11 05:28 | INFO | Query 16 Active Learning Runtime on Validation Set: 8543.46
2025-02-11 05:28 | INFO | Query 16 Active Learning Runtime on Test Set: 110251.29
2025-02-11 05:28 | INFO | Query 16 Active Learning Instance Cost: 2353215.77
2025-02-11 05:28 | INFO | Timeout limit is increased to 3600
2025-02-11 05:28 | INFO | Query 17 Size of the uncertainty table is = 4710/7770
2025-02-11 05:28 | INFO | Query 17 Size of the filtered table is = 78
2025-02-11 05:28 | INFO | Training Time Active Learning Classifier: 1.09 seconds
2025-02-11 05:28 | INFO | Training Time Active Learning Regressor: 0.56 seconds
2025-02-11 05:28 | INFO | Query 17 Active Learning Runtime on Validation Set: 8543.46
2025-02-11 05:28 | INFO | Query 17 Active Learning Runtime on Test Set: 74757.81999999999
2025-02-11 05:28 | INFO | Query 17 Active Learning Instance Cost: 2427186.9
2025-02-11 05:28 | INFO | Timeout limit is increased to 3600
2025-02-11 05:28 | INFO | Query 18 Size of the uncertainty table is = 4468/7770
2025-02-11 05:28 | INFO | Query 18 Size of the filtered table is = 78
2025-02-11 05:28 | INFO | Training Time Active Learning Classifier: 1.12 seconds
2025-02-11 05:28 | INFO | Training Time Active Learning Regressor: 0.58 seconds
2025-02-11 05:29 | INFO | Query 18 Active Learning Runtime on Validation Set: 8543.46
2025-02-11 05:29 | INFO | Query 18 Active Learning Runtime on Test Set: 74746.08
2025-02-11 05:29 | INFO | Query 18 Active Learning Instance Cost: 2526682.34
2025-02-11 05:29 | INFO | Timeout limit is increased to 3600
2025-02-11 05:29 | INFO | Query 19 Size of the uncertainty table is = 4251/7770
2025-02-11 05:29 | INFO | Query 19 Size of the filtered table is = 78
2025-02-11 05:29 | INFO | Training Time Active Learning Classifier: 1.15 seconds
2025-02-11 05:29 | INFO | Training Time Active Learning Regressor: 0.59 seconds
2025-02-11 05:29 | INFO | Query 19 Active Learning Runtime on Validation Set: 8543.46
2025-02-11 05:29 | INFO | Query 19 Active Learning Runtime on Test Set: 3840.9
2025-02-11 05:29 | INFO | Query 19 Active Learning Instance Cost: 2614115.29
2025-02-11 05:29 | INFO | Timeout limit is increased to 3600
2025-02-11 05:29 | INFO | Query 20 Size of the uncertainty table is = 4010/7770
2025-02-11 05:29 | INFO | Query 20 Size of the filtered table is = 78
2025-02-11 05:29 | INFO | Training Time Active Learning Classifier: 1.18 seconds
2025-02-11 05:29 | INFO | Training Time Active Learning Regressor: 0.61 seconds
2025-02-11 05:29 | INFO | Query 20 Active Learning Runtime on Validation Set: 8543.46
2025-02-11 05:29 | INFO | Query 20 Active Learning Runtime on Test Set: 74746.44
2025-02-11 05:29 | INFO | Query 20 Active Learning Instance Cost: 2686644.01
2025-02-11 05:29 | INFO | Timeout limit is increased to 3600
2025-02-11 05:29 | INFO | Query 21 Size of the uncertainty table is = 3786/7770
2025-02-11 05:29 | INFO | Query 21 Size of the filtered table is = 78
2025-02-11 05:29 | INFO | Training Time Active Learning Classifier: 1.21 seconds
2025-02-11 05:29 | INFO | Training Time Active Learning Regressor: 0.63 seconds
2025-02-11 05:29 | INFO | Query 21 Active Learning Runtime on Validation Set: 8543.46
2025-02-11 05:29 | INFO | Query 21 Active Learning Runtime on Test Set: 38749.06
2025-02-11 05:29 | INFO | Query 21 Active Learning Instance Cost: 2721880.65
2025-02-11 05:29 | INFO | Timeout limit is increased to 3600
2025-02-11 05:29 | INFO | Query 22 Size of the uncertainty table is = 3552/7770
2025-02-11 05:29 | INFO | Query 22 Size of the filtered table is = 78
2025-02-11 05:29 | INFO | Training Time Active Learning Classifier: 1.25 seconds
2025-02-11 05:29 | INFO | Training Time Active Learning Regressor: 0.65 seconds
2025-02-11 05:29 | INFO | Query 22 Active Learning Runtime on Validation Set: 8543.46
2025-02-11 05:29 | INFO | Query 22 Active Learning Runtime on Test Set: 38748.659999999996
2025-02-11 05:29 | INFO | Query 22 Active Learning Instance Cost: 2753901.53
2025-02-11 05:29 | INFO | Timeout limit is increased to 3600
2025-02-11 05:30 | INFO | Query 23 Size of the uncertainty table is = 3303/7770
2025-02-11 05:30 | INFO | Query 23 Size of the filtered table is = 78
2025-02-11 05:30 | INFO | Training Time Active Learning Classifier: 1.28 seconds
2025-02-11 05:30 | INFO | Training Time Active Learning Regressor: 0.67 seconds
2025-02-11 05:30 | INFO | Query 23 Active Learning Runtime on Validation Set: 8543.48
2025-02-11 05:30 | INFO | Query 23 Active Learning Runtime on Test Set: 38748.99
2025-02-11 05:30 | INFO | Query 23 Active Learning Instance Cost: 2788651.84
2025-02-11 05:30 | INFO | Timeout limit is increased to 3600
2025-02-11 05:30 | INFO | Query 24 Size of the uncertainty table is = 3058/7770
2025-02-11 05:30 | INFO | Query 24 Size of the filtered table is = 78
2025-02-11 05:30 | INFO | Training Time Active Learning Classifier: 1.31 seconds
2025-02-11 05:30 | INFO | Training Time Active Learning Regressor: 0.68 seconds
2025-02-11 05:30 | INFO | Query 24 Active Learning Runtime on Validation Set: 8639.189999999999
2025-02-11 05:30 | INFO | Query 24 Active Learning Runtime on Test Set: 38743.54
2025-02-11 05:30 | INFO | Query 24 Active Learning Instance Cost: 2883516.75
2025-02-11 05:30 | INFO | Timeout limit is increased to 3600
2025-02-11 05:30 | INFO | Query 25 Size of the uncertainty table is = 2854/7770
2025-02-11 05:30 | INFO | Query 25 Size of the filtered table is = 78
2025-02-11 05:30 | INFO | Training Time Active Learning Classifier: 1.34 seconds
2025-02-11 05:30 | INFO | Training Time Active Learning Regressor: 0.7 seconds
2025-02-11 05:30 | INFO | Query 25 Active Learning Runtime on Validation Set: 8615.3
2025-02-11 05:30 | INFO | Query 25 Active Learning Runtime on Test Set: 38731.439999999995
2025-02-11 05:30 | INFO | Query 25 Active Learning Instance Cost: 2979338.42
2025-02-11 05:30 | INFO | Query 26 Size of the uncertainty table is = 2567/7770
2025-02-11 05:30 | INFO | Query 26 Size of the filtered table is = 78
2025-02-11 05:30 | INFO | Training Time Active Learning Classifier: 1.37 seconds
2025-02-11 05:30 | INFO | Training Time Active Learning Regressor: 0.72 seconds
2025-02-11 05:30 | INFO | Query 26 Active Learning Runtime on Validation Set: 8668.46
2025-02-11 05:30 | INFO | Query 26 Active Learning Runtime on Test Set: 38658.659999999996
2025-02-11 05:30 | INFO | Query 26 Active Learning Instance Cost: 3014266.91
2025-02-11 05:30 | INFO | Timeout limit is increased to 3600
2025-02-11 05:30 | INFO | Query 27 Size of the uncertainty table is = 2283/7770
2025-02-11 05:30 | INFO | Query 27 Size of the filtered table is = 78
2025-02-11 05:30 | INFO | Training Time Active Learning Classifier: 1.4 seconds
2025-02-11 05:30 | INFO | Training Time Active Learning Regressor: 0.74 seconds
2025-02-11 05:31 | INFO | Query 27 Active Learning Runtime on Validation Set: 8731.699999999999
2025-02-11 05:31 | INFO | Query 27 Active Learning Runtime on Test Set: 38641.909999999996
2025-02-11 05:31 | INFO | Query 27 Active Learning Instance Cost: 3030062.96
2025-02-11 05:31 | INFO | Timeout limit is increased to 3600
2025-02-11 05:31 | INFO | Query 28 Size of the uncertainty table is = 2044/7770
2025-02-11 05:31 | INFO | Query 28 Size of the filtered table is = 78
2025-02-11 05:31 | INFO | Training Time Active Learning Classifier: 1.43 seconds
2025-02-11 05:31 | INFO | Training Time Active Learning Regressor: 0.76 seconds
2025-02-11 05:31 | INFO | Query 28 Active Learning Runtime on Validation Set: 44548.229999999996
2025-02-11 05:31 | INFO | Query 28 Active Learning Runtime on Test Set: 38658.6
2025-02-11 05:31 | INFO | Query 28 Active Learning Instance Cost: 3095808.09
2025-02-11 05:31 | INFO | Timeout limit is increased to 3600
2025-02-11 05:31 | INFO | Query 29 Size of the uncertainty table is = 1719/7770
2025-02-11 05:31 | INFO | Query 29 Size of the filtered table is = 78
2025-02-11 05:31 | INFO | Training Time Active Learning Classifier: 1.47 seconds
2025-02-11 05:31 | INFO | Training Time Active Learning Regressor: 0.76 seconds
2025-02-11 05:31 | INFO | Query 29 Active Learning Runtime on Validation Set: 8703.38
2025-02-11 05:31 | INFO | Query 29 Active Learning Runtime on Test Set: 38659.03
2025-02-11 05:31 | INFO | Query 29 Active Learning Instance Cost: 3170801.38
2025-02-11 05:31 | INFO | Query 30 Size of the uncertainty table is = 1424/7770
2025-02-11 05:31 | INFO | Query 30 Size of the filtered table is = 78
2025-02-11 05:31 | INFO | Training Time Active Learning Classifier: 1.5 seconds
2025-02-11 05:31 | INFO | Training Time Active Learning Regressor: 0.78 seconds
2025-02-11 05:31 | INFO | Query 30 Active Learning Runtime on Validation Set: 8834.949999999999
2025-02-11 05:31 | INFO | Query 30 Active Learning Runtime on Test Set: 38518.52
2025-02-11 05:31 | INFO | Query 30 Active Learning Instance Cost: 3216077.42
2025-02-11 05:31 | INFO | Timeout limit is increased to 3600
2025-02-11 05:31 | INFO | Query 31 Size of the uncertainty table is = 1149/7770
2025-02-11 05:31 | INFO | Query 31 Size of the filtered table is = 78
2025-02-11 05:31 | INFO | Training Time Active Learning Classifier: 1.54 seconds
2025-02-11 05:31 | INFO | Training Time Active Learning Regressor: 0.8 seconds
2025-02-11 05:31 | INFO | Query 31 Active Learning Runtime on Validation Set: 82981.14
2025-02-11 05:31 | INFO | Query 31 Active Learning Runtime on Test Set: 74588.42
2025-02-11 05:31 | INFO | Query 31 Active Learning Instance Cost: 3267082.1
2025-02-11 05:31 | INFO | Timeout limit is increased to 3600
2025-02-11 05:31 | INFO | Query 32 Size of the uncertainty table is = 798/7770
2025-02-11 05:31 | INFO | Query 32 Size of the filtered table is = 78
2025-02-11 05:31 | INFO | Training Time Active Learning Classifier: 1.57 seconds
2025-02-11 05:31 | INFO | Training Time Active Learning Regressor: 0.81 seconds
2025-02-11 05:32 | INFO | Query 32 Active Learning Runtime on Validation Set: 118484.43
2025-02-11 05:32 | INFO | Query 32 Active Learning Runtime on Test Set: 74670.41
2025-02-11 05:32 | INFO | Query 32 Active Learning Instance Cost: 3358035.88
2025-02-11 05:32 | INFO | Timeout limit is increased to 3600
2025-02-11 05:32 | INFO | Query 33 Size of the uncertainty table is = 491/7770
2025-02-11 05:32 | INFO | Query 33 Size of the filtered table is = 78
2025-02-11 05:32 | INFO | Training Time Active Learning Classifier: 1.58 seconds
2025-02-11 05:32 | INFO | Training Time Active Learning Regressor: 0.82 seconds
2025-02-11 05:32 | INFO | Query 33 Active Learning Runtime on Validation Set: 118433.20999999999
2025-02-11 05:32 | INFO | Query 33 Active Learning Runtime on Test Set: 74670.43
2025-02-11 05:32 | INFO | Query 33 Active Learning Instance Cost: 3438299.81
2025-02-11 05:32 | INFO | Query 34 Size of the uncertainty table is = 237/7770
2025-02-11 05:32 | INFO | Query 34 Size of the filtered table is = 78
2025-02-11 05:32 | INFO | Training Time Active Learning Classifier: 1.59 seconds
2025-02-11 05:32 | INFO | Training Time Active Learning Regressor: 0.83 seconds
2025-02-11 05:32 | INFO | Query 34 Active Learning Runtime on Validation Set: 191818.63
2025-02-11 05:32 | INFO | Query 34 Active Learning Runtime on Test Set: 74578.47
2025-02-11 05:32 | INFO | Query 34 Active Learning Instance Cost: 3470576.58
2025-02-11 05:32 | INFO | Timeout limit is increased to 3600
2025-02-11 05:32 | INFO | Query 35 Size of the uncertainty table is = 30/7770
2025-02-11 05:32 | INFO | Query 35 Size of the filtered table is = 30
2025-02-11 05:32 | INFO | Training Time Active Learning Classifier: 1.6 seconds
2025-02-11 05:32 | INFO | Training Time Active Learning Regressor: 0.83 seconds
2025-02-11 05:32 | INFO | Query 35 Active Learning Runtime on Validation Set: 191818.63
2025-02-11 05:32 | INFO | Query 35 Active Learning Runtime on Test Set: 74578.47
2025-02-11 05:32 | INFO | Query 35 Active Learning Instance Cost: 3482770.91
2025-02-11 05:32 | INFO | Timeout limit is increased to 3600
2025-02-11 05:32 | INFO | Active Learning Emissions: 0.005338368232072122
2025-02-11 05:32 | INFO | Active Learning Energy Consumption: 0.00580828095515139 kWh
2025-02-11 05:32 | INFO | runtime_test_score is written as json file
2025-02-11 05:32 | INFO | runtime_validation_score is written as json file
2025-02-11 05:32 | INFO | instance_cost is written as json file
2025-02-11 05:32 | INFO | Experiment is finished
