2025-02-11 05:33 | INFO | Paramaters are: {'dataset': 'MAXSAT12-PMS', 'penalty': 10, 'weight': 'No_Weight', 'voting': 'Hard', 'pre_selection_size': 64, 'pre_selection_technique': 'No_pre_selection', 'feature_elimination_threshold': 20, 'imputer_strategy': 'median', 'feature_selection_technique': 'No_feature_selection', 'feature_scaling_technique': 'StandardScaler', 'initial_train_size': 20, 'query_size': 1, 'timeout_predictor_usage': 'No', 'pareto_features': {'Uncertainty': 'max', 'PredCost': 'min'}, 'timeout_limit': 3600, 'timeout_increase_rate': 100, 'penalty_type': 'Only-timeout-penalty', 'RANDOM_STATE_SEED': 99, 'n_splits': 10, 'split_number': 3, 'max_timeout': 3600, 'param_grid': {'n_estimators': 100, 'max_features': 'sqrt', 'max_depth': 2147483648, 'min_samples_split': 2, 'bootstrap': True}}
2025-02-11 05:33 | INFO | MAXSAT12-PMS is current dataset
2025-02-11 05:33 | INFO | DATASETS/MAXSAT12-PMS/algorithm_runs.csv is found
2025-02-11 05:33 | INFO | DATASETS/MAXSAT12-PMS/algorithm_runs.csv is finished
2025-02-11 05:33 | INFO | DATASETS/MAXSAT12-PMS/feature_values.csv is found
2025-02-11 05:33 | INFO | DATASETS/MAXSAT12-PMS/feature_values.csv is finished
2025-02-11 05:33 | INFO | DATASETS/MAXSAT12-PMS/feature_costs.csv is found
2025-02-11 05:33 | INFO | DATASETS/MAXSAT12-PMS/feature_costs.csv is finished
2025-02-11 05:33 | INFO | Virtual best solver time in train = 20590.39
2025-02-11 05:33 | INFO | Single best solver list train = {'DSWPM1_924': 8654965.66, 'akmaxsat': 7804872.66, 'akmaxsat_ls': 7804892.6, 'pwbo2.1': 4055116.81, 'qmaxsat0.21comp': 2091529.55, 'qmaxsat0.21g2comp': 2407974.35}
2025-02-11 05:33 | INFO | Single best solver time train = qmaxsat0.21comp (2091529.55)
2025-02-11 05:33 | INFO | Virtual best solver time in validation = 7544.61
2025-02-11 05:33 | INFO | Single best solver list validation = {'DSWPM1_924': 2421788.17, 'akmaxsat': 4113114.39, 'akmaxsat_ls': 4113124.89, 'pwbo2.1': 874522.33, 'qmaxsat0.21comp': 659683.34, 'qmaxsat0.21g2comp': 8245.08}
2025-02-11 05:33 | INFO | Single best solver time validation = qmaxsat0.21g2comp (8245.08)
2025-02-11 05:33 | INFO | Virtual best solver time in test = 2418.09
2025-02-11 05:33 | INFO | Single best solver list test = {'DSWPM1_924': 1195995.14, 'akmaxsat': 1514984.61, 'akmaxsat_ls': 1514950.82, 'pwbo2.1': 581430.16, 'qmaxsat0.21comp': 294993.14, 'qmaxsat0.21g2comp': 256171.83}
2025-02-11 05:33 | INFO | Single best solver time test = qmaxsat0.21g2comp (256171.83)
2025-02-11 05:33 | INFO | Training Time Passive Learning Classifier: 1.58 seconds
2025-02-11 05:33 | INFO | Training Time Passive Learning Regressor: 0.82 seconds
2025-02-11 05:34 | INFO | Passive Learning Classifier Runtime on Validation Set: 8284.48
2025-02-11 05:34 | INFO | Passive Learning Classifier Runtime on Test Set: 37899.7
2025-02-11 05:34 | INFO | Passive Learning Instance Cost: 3464951.63
2025-02-11 05:34 | INFO | Passive Learning Emissions: 0.00012296340348428932
2025-02-11 05:34 | INFO | Passive Learning Energy Consumption: 0.00013378732294028547 kWh
2025-02-11 05:34 | INFO | Training Time Active Learning Classifier: 0.8 seconds
2025-02-11 05:34 | INFO | Training Time Active Learning Regressor: 0.27 seconds
2025-02-11 05:34 | INFO | Initial Active Learning Runtime on Validation Set: 261556.11
2025-02-11 05:34 | INFO | Initial Active Learning Runtime on Test Set: 146713.51
2025-02-11 05:34 | INFO | Initial Active Learning Instance Cost: 149266.52
2025-02-11 05:34 | INFO | Bin size = 78
2025-02-11 05:34 | INFO | Query 1 Size of the uncertainty table is = 7755/7755
2025-02-11 05:34 | INFO | Query 1 Size of the filtered table is = 78
2025-02-11 05:34 | INFO | Training Time Active Learning Classifier: 0.8 seconds
2025-02-11 05:34 | INFO | Training Time Active Learning Regressor: 0.3 seconds
2025-02-11 05:34 | INFO | Query 1 Active Learning Runtime on Validation Set: 8290.49
2025-02-11 05:34 | INFO | Query 1 Active Learning Runtime on Test Set: 110733.94
2025-02-11 05:34 | INFO | Query 1 Active Learning Instance Cost: 157513.04
2025-02-11 05:34 | INFO | Query 2 Size of the uncertainty table is = 7672/7755
2025-02-11 05:34 | INFO | Query 2 Size of the filtered table is = 78
2025-02-11 05:34 | INFO | Training Time Active Learning Classifier: 0.8 seconds
2025-02-11 05:34 | INFO | Training Time Active Learning Regressor: 0.32 seconds
2025-02-11 05:34 | INFO | Query 2 Active Learning Runtime on Validation Set: 261565.5
2025-02-11 05:34 | INFO | Query 2 Active Learning Runtime on Test Set: 146675.91999999998
2025-02-11 05:34 | INFO | Query 2 Active Learning Instance Cost: 164690.77
2025-02-11 05:34 | INFO | Timeout limit is increased to 3600
2025-02-11 05:34 | INFO | Query 3 Size of the uncertainty table is = 7579/7755
2025-02-11 05:34 | INFO | Query 3 Size of the filtered table is = 78
2025-02-11 05:34 | INFO | Training Time Active Learning Classifier: 0.82 seconds
2025-02-11 05:34 | INFO | Training Time Active Learning Regressor: 0.34 seconds
2025-02-11 05:34 | INFO | Query 3 Active Learning Runtime on Validation Set: 154446.44999999998
2025-02-11 05:34 | INFO | Query 3 Active Learning Runtime on Test Set: 110038.8
2025-02-11 05:34 | INFO | Query 3 Active Learning Instance Cost: 190405.46
2025-02-11 05:34 | INFO | Query 4 Size of the uncertainty table is = 7456/7755
2025-02-11 05:34 | INFO | Query 4 Size of the filtered table is = 78
2025-02-11 05:34 | INFO | Training Time Active Learning Classifier: 0.83 seconds
2025-02-11 05:34 | INFO | Training Time Active Learning Regressor: 0.35 seconds
2025-02-11 05:35 | INFO | Query 4 Active Learning Runtime on Validation Set: 261584.65
2025-02-11 05:35 | INFO | Query 4 Active Learning Runtime on Test Set: 74321.49
2025-02-11 05:35 | INFO | Query 4 Active Learning Instance Cost: 191200.6
2025-02-11 05:35 | INFO | Timeout limit is increased to 3600
2025-02-11 05:35 | INFO | Query 5 Size of the uncertainty table is = 7336/7755
2025-02-11 05:35 | INFO | Query 5 Size of the filtered table is = 78
2025-02-11 05:35 | INFO | Training Time Active Learning Classifier: 0.85 seconds
2025-02-11 05:35 | INFO | Training Time Active Learning Regressor: 0.37 seconds
2025-02-11 05:35 | INFO | Query 5 Active Learning Runtime on Validation Set: 119009.39
2025-02-11 05:35 | INFO | Query 5 Active Learning Runtime on Test Set: 110571.08
2025-02-11 05:35 | INFO | Query 5 Active Learning Instance Cost: 195714.33
2025-02-11 05:35 | INFO | Query 6 Size of the uncertainty table is = 7213/7755
2025-02-11 05:35 | INFO | Query 6 Size of the filtered table is = 78
2025-02-11 05:35 | INFO | Training Time Active Learning Classifier: 0.86 seconds
2025-02-11 05:35 | INFO | Training Time Active Learning Regressor: 0.39 seconds
2025-02-11 05:35 | INFO | Query 6 Active Learning Runtime on Validation Set: 261565.5
2025-02-11 05:35 | INFO | Query 6 Active Learning Runtime on Test Set: 146342.37999999998
2025-02-11 05:35 | INFO | Query 6 Active Learning Instance Cost: 203269.12
2025-02-11 05:35 | INFO | Timeout limit is increased to 3600
2025-02-11 05:35 | INFO | Query 7 Size of the uncertainty table is = 7076/7755
2025-02-11 05:35 | INFO | Query 7 Size of the filtered table is = 78
2025-02-11 05:35 | INFO | Training Time Active Learning Classifier: 0.88 seconds
2025-02-11 05:35 | INFO | Training Time Active Learning Regressor: 0.42 seconds
2025-02-11 05:35 | INFO | Query 7 Active Learning Runtime on Validation Set: 189873.74
2025-02-11 05:35 | INFO | Query 7 Active Learning Runtime on Test Set: 110450.67
2025-02-11 05:35 | INFO | Query 7 Active Learning Instance Cost: 224551.38
2025-02-11 05:35 | INFO | Query 8 Size of the uncertainty table is = 6958/7755
2025-02-11 05:35 | INFO | Query 8 Size of the filtered table is = 78
2025-02-11 05:35 | INFO | Training Time Active Learning Classifier: 0.9 seconds
2025-02-11 05:35 | INFO | Training Time Active Learning Regressor: 0.44 seconds
2025-02-11 05:35 | INFO | Query 8 Active Learning Runtime on Validation Set: 9659.68
2025-02-11 05:35 | INFO | Query 8 Active Learning Runtime on Test Set: 110423.88
2025-02-11 05:35 | INFO | Query 8 Active Learning Instance Cost: 245531.47
2025-02-11 05:35 | INFO | Query 9 Size of the uncertainty table is = 6816/7755
2025-02-11 05:35 | INFO | Query 9 Size of the filtered table is = 78
2025-02-11 05:36 | INFO | Training Time Active Learning Classifier: 0.92 seconds
2025-02-11 05:36 | INFO | Training Time Active Learning Regressor: 0.46 seconds
2025-02-11 05:36 | INFO | Query 9 Active Learning Runtime on Validation Set: 117567.97
2025-02-11 05:36 | INFO | Query 9 Active Learning Runtime on Test Set: 74024.96
2025-02-11 05:36 | INFO | Query 9 Active Learning Instance Cost: 278178.92
2025-02-11 05:36 | INFO | Timeout limit is increased to 3600
2025-02-11 05:36 | INFO | Query 10 Size of the uncertainty table is = 6650/7755
2025-02-11 05:36 | INFO | Query 10 Size of the filtered table is = 78
2025-02-11 05:36 | INFO | Training Time Active Learning Classifier: 0.94 seconds
2025-02-11 05:36 | INFO | Training Time Active Learning Regressor: 0.55 seconds
2025-02-11 05:36 | INFO | Query 10 Active Learning Runtime on Validation Set: 261553.86
2025-02-11 05:36 | INFO | Query 10 Active Learning Runtime on Test Set: 110198.55
2025-02-11 05:36 | INFO | Query 10 Active Learning Instance Cost: 304042.38
2025-02-11 05:36 | INFO | Timeout limit is increased to 3600
2025-02-11 05:36 | INFO | Query 11 Size of the uncertainty table is = 6483/7755
2025-02-11 05:36 | INFO | Query 11 Size of the filtered table is = 78
2025-02-11 05:36 | INFO | Training Time Active Learning Classifier: 0.96 seconds
2025-02-11 05:36 | INFO | Training Time Active Learning Regressor: 0.5 seconds
2025-02-11 05:36 | INFO | Query 11 Active Learning Runtime on Validation Set: 476789.98
2025-02-11 05:36 | INFO | Query 11 Active Learning Runtime on Test Set: 145981.96999999997
2025-02-11 05:36 | INFO | Query 11 Active Learning Instance Cost: 334848.3
2025-02-11 05:36 | INFO | Timeout limit is increased to 3600
2025-02-11 05:36 | INFO | Query 12 Size of the uncertainty table is = 6284/7755
2025-02-11 05:36 | INFO | Query 12 Size of the filtered table is = 78
2025-02-11 05:36 | INFO | Training Time Active Learning Classifier: 0.98 seconds
2025-02-11 05:36 | INFO | Training Time Active Learning Regressor: 0.52 seconds
2025-02-11 05:36 | INFO | Query 12 Active Learning Runtime on Validation Set: 623933.91
2025-02-11 05:36 | INFO | Query 12 Active Learning Runtime on Test Set: 182109.27
2025-02-11 05:36 | INFO | Query 12 Active Learning Instance Cost: 379246.04
2025-02-11 05:36 | INFO | Timeout limit is increased to 3600
2025-02-11 05:36 | INFO | Query 13 Size of the uncertainty table is = 6094/7755
2025-02-11 05:36 | INFO | Query 13 Size of the filtered table is = 78
2025-02-11 05:36 | INFO | Training Time Active Learning Classifier: 1.0 seconds
2025-02-11 05:36 | INFO | Training Time Active Learning Regressor: 0.54 seconds
2025-02-11 05:37 | INFO | Query 13 Active Learning Runtime on Validation Set: 8368.18
2025-02-11 05:37 | INFO | Query 13 Active Learning Runtime on Test Set: 74285.21
2025-02-11 05:37 | INFO | Query 13 Active Learning Instance Cost: 399090.14
2025-02-11 05:37 | INFO | Query 14 Size of the uncertainty table is = 5921/7755
2025-02-11 05:37 | INFO | Query 14 Size of the filtered table is = 78
2025-02-11 05:37 | INFO | Training Time Active Learning Classifier: 1.02 seconds
2025-02-11 05:37 | INFO | Training Time Active Learning Regressor: 0.56 seconds
2025-02-11 05:37 | INFO | Query 14 Active Learning Runtime on Validation Set: 8363.35
2025-02-11 05:37 | INFO | Query 14 Active Learning Runtime on Test Set: 74051.78
2025-02-11 05:37 | INFO | Query 14 Active Learning Instance Cost: 416757.51
2025-02-11 05:37 | INFO | Query 15 Size of the uncertainty table is = 5766/7755
2025-02-11 05:37 | INFO | Query 15 Size of the filtered table is = 78
2025-02-11 05:37 | INFO | Training Time Active Learning Classifier: 1.05 seconds
2025-02-11 05:37 | INFO | Training Time Active Learning Regressor: 0.59 seconds
2025-02-11 05:37 | INFO | Query 15 Active Learning Runtime on Validation Set: 223689.18999999997
2025-02-11 05:37 | INFO | Query 15 Active Learning Runtime on Test Set: 109723.47
2025-02-11 05:37 | INFO | Query 15 Active Learning Instance Cost: 490892.26
2025-02-11 05:37 | INFO | Timeout limit is increased to 3600
2025-02-11 05:37 | INFO | Query 16 Size of the uncertainty table is = 5551/7755
2025-02-11 05:37 | INFO | Query 16 Size of the filtered table is = 78
2025-02-11 05:37 | INFO | Training Time Active Learning Classifier: 1.08 seconds
2025-02-11 05:37 | INFO | Training Time Active Learning Regressor: 0.6 seconds
2025-02-11 05:37 | INFO | Query 16 Active Learning Runtime on Validation Set: 225858.00999999998
2025-02-11 05:37 | INFO | Query 16 Active Learning Runtime on Test Set: 109593.26
2025-02-11 05:37 | INFO | Query 16 Active Learning Instance Cost: 516621.88
2025-02-11 05:37 | INFO | Timeout limit is increased to 3600
2025-02-11 05:37 | INFO | Query 17 Size of the uncertainty table is = 5367/7755
2025-02-11 05:37 | INFO | Query 17 Size of the filtered table is = 78
2025-02-11 05:37 | INFO | Training Time Active Learning Classifier: 1.11 seconds
2025-02-11 05:37 | INFO | Training Time Active Learning Regressor: 0.62 seconds
2025-02-11 05:37 | INFO | Query 17 Active Learning Runtime on Validation Set: 8332.74
2025-02-11 05:37 | INFO | Query 17 Active Learning Runtime on Test Set: 73823.31
2025-02-11 05:37 | INFO | Query 17 Active Learning Instance Cost: 530026.54
2025-02-11 05:37 | INFO | Query 18 Size of the uncertainty table is = 5172/7755
2025-02-11 05:37 | INFO | Query 18 Size of the filtered table is = 78
2025-02-11 05:37 | INFO | Training Time Active Learning Classifier: 1.14 seconds
2025-02-11 05:38 | INFO | Training Time Active Learning Regressor: 0.64 seconds
2025-02-11 05:38 | INFO | Query 18 Active Learning Runtime on Validation Set: 334930.51
2025-02-11 05:38 | INFO | Query 18 Active Learning Runtime on Test Set: 145809.59999999998
2025-02-11 05:38 | INFO | Query 18 Active Learning Instance Cost: 576890.9
2025-02-11 05:38 | INFO | Timeout limit is increased to 3600
2025-02-11 05:38 | INFO | Query 19 Size of the uncertainty table is = 4998/7755
2025-02-11 05:38 | INFO | Query 19 Size of the filtered table is = 78
2025-02-11 05:38 | INFO | Training Time Active Learning Classifier: 1.16 seconds
2025-02-11 05:38 | INFO | Training Time Active Learning Regressor: 0.66 seconds
2025-02-11 05:38 | INFO | Query 19 Active Learning Runtime on Validation Set: 764444.01
2025-02-11 05:38 | INFO | Query 19 Active Learning Runtime on Test Set: 145751.02
2025-02-11 05:38 | INFO | Query 19 Active Learning Instance Cost: 593043.93
2025-02-11 05:38 | INFO | Timeout limit is increased to 3600
2025-02-11 05:38 | INFO | Query 20 Size of the uncertainty table is = 4831/7755
2025-02-11 05:38 | INFO | Query 20 Size of the filtered table is = 78
2025-02-11 05:38 | INFO | Training Time Active Learning Classifier: 1.18 seconds
2025-02-11 05:38 | INFO | Training Time Active Learning Regressor: 0.67 seconds
2025-02-11 05:38 | INFO | Query 20 Active Learning Runtime on Validation Set: 82045.28
2025-02-11 05:38 | INFO | Query 20 Active Learning Runtime on Test Set: 74091.33
2025-02-11 05:38 | INFO | Query 20 Active Learning Instance Cost: 665401.69
2025-02-11 05:38 | INFO | Query 21 Size of the uncertainty table is = 4647/7755
2025-02-11 05:38 | INFO | Query 21 Size of the filtered table is = 78
2025-02-11 05:38 | INFO | Training Time Active Learning Classifier: 1.19 seconds
2025-02-11 05:38 | INFO | Training Time Active Learning Regressor: 0.69 seconds
2025-02-11 05:38 | INFO | Query 21 Active Learning Runtime on Validation Set: 191030.62
2025-02-11 05:38 | INFO | Query 21 Active Learning Runtime on Test Set: 74117.32
2025-02-11 05:38 | INFO | Query 21 Active Learning Instance Cost: 698491.42
2025-02-11 05:38 | INFO | Timeout limit is increased to 3600
2025-02-11 05:38 | INFO | Query 22 Size of the uncertainty table is = 4487/7755
2025-02-11 05:38 | INFO | Query 22 Size of the filtered table is = 78
2025-02-11 05:38 | INFO | Training Time Active Learning Classifier: 1.22 seconds
2025-02-11 05:38 | INFO | Training Time Active Learning Regressor: 0.7 seconds
2025-02-11 05:39 | INFO | Query 22 Active Learning Runtime on Validation Set: 151905.72999999998
2025-02-11 05:39 | INFO | Query 22 Active Learning Runtime on Test Set: 73713.48
2025-02-11 05:39 | INFO | Query 22 Active Learning Instance Cost: 828739.83
2025-02-11 05:39 | INFO | Query 23 Size of the uncertainty table is = 4235/7755
2025-02-11 05:39 | INFO | Query 23 Size of the filtered table is = 78
2025-02-11 05:39 | INFO | Training Time Active Learning Classifier: 1.25 seconds
2025-02-11 05:39 | INFO | Training Time Active Learning Regressor: 0.71 seconds
2025-02-11 05:39 | INFO | Query 23 Active Learning Runtime on Validation Set: 8302.810000000001
2025-02-11 05:39 | INFO | Query 23 Active Learning Runtime on Test Set: 37892.46
2025-02-11 05:39 | INFO | Query 23 Active Learning Instance Cost: 978450.07
2025-02-11 05:39 | INFO | Query 24 Size of the uncertainty table is = 4023/7755
2025-02-11 05:39 | INFO | Query 24 Size of the filtered table is = 78
2025-02-11 05:39 | INFO | Training Time Active Learning Classifier: 1.27 seconds
2025-02-11 05:39 | INFO | Training Time Active Learning Regressor: 0.73 seconds
2025-02-11 05:39 | INFO | Query 24 Active Learning Runtime on Validation Set: 334512.2
2025-02-11 05:39 | INFO | Query 24 Active Learning Runtime on Test Set: 109858.12
2025-02-11 05:39 | INFO | Query 24 Active Learning Instance Cost: 1104691.57
2025-02-11 05:39 | INFO | Timeout limit is increased to 3600
2025-02-11 05:39 | INFO | Query 25 Size of the uncertainty table is = 3784/7755
2025-02-11 05:39 | INFO | Query 25 Size of the filtered table is = 78
2025-02-11 05:39 | INFO | Training Time Active Learning Classifier: 1.29 seconds
2025-02-11 05:39 | INFO | Training Time Active Learning Regressor: 0.74 seconds
2025-02-11 05:39 | INFO | Query 25 Active Learning Runtime on Validation Set: 8351.19
2025-02-11 05:39 | INFO | Query 25 Active Learning Runtime on Test Set: 37876.01
2025-02-11 05:39 | INFO | Query 25 Active Learning Instance Cost: 1224184.53
2025-02-11 05:39 | INFO | Query 26 Size of the uncertainty table is = 3532/7755
2025-02-11 05:39 | INFO | Query 26 Size of the filtered table is = 78
2025-02-11 05:39 | INFO | Training Time Active Learning Classifier: 1.33 seconds
2025-02-11 05:39 | INFO | Training Time Active Learning Regressor: 0.74 seconds
2025-02-11 05:39 | INFO | Query 26 Active Learning Runtime on Validation Set: 223633.46
2025-02-11 05:39 | INFO | Query 26 Active Learning Runtime on Test Set: 73578.63
2025-02-11 05:39 | INFO | Query 26 Active Learning Instance Cost: 1387648.57
2025-02-11 05:39 | INFO | Timeout limit is increased to 3600
2025-02-11 05:39 | INFO | Query 27 Size of the uncertainty table is = 3251/7755
2025-02-11 05:39 | INFO | Query 27 Size of the filtered table is = 78
2025-02-11 05:39 | INFO | Training Time Active Learning Classifier: 1.37 seconds
2025-02-11 05:39 | INFO | Training Time Active Learning Regressor: 0.75 seconds
2025-02-11 05:40 | INFO | Query 27 Active Learning Runtime on Validation Set: 223668.81
2025-02-11 05:40 | INFO | Query 27 Active Learning Runtime on Test Set: 73622.02
2025-02-11 05:40 | INFO | Query 27 Active Learning Instance Cost: 1569725.09
2025-02-11 05:40 | INFO | Timeout limit is increased to 3600
2025-02-11 05:40 | INFO | Query 28 Size of the uncertainty table is = 2911/7755
2025-02-11 05:40 | INFO | Query 28 Size of the filtered table is = 78
2025-02-11 05:40 | INFO | Training Time Active Learning Classifier: 1.47 seconds
2025-02-11 05:40 | INFO | Training Time Active Learning Regressor: 0.77 seconds
2025-02-11 05:40 | INFO | Query 28 Active Learning Runtime on Validation Set: 406364.8
2025-02-11 05:40 | INFO | Query 28 Active Learning Runtime on Test Set: 109829.05
2025-02-11 05:40 | INFO | Query 28 Active Learning Instance Cost: 1803363.58
2025-02-11 05:40 | INFO | Timeout limit is increased to 3600
2025-02-11 05:40 | INFO | Query 29 Size of the uncertainty table is = 2554/7755
2025-02-11 05:40 | INFO | Query 29 Size of the filtered table is = 78
2025-02-11 05:40 | INFO | Training Time Active Learning Classifier: 1.43 seconds
2025-02-11 05:40 | INFO | Training Time Active Learning Regressor: 0.78 seconds
2025-02-11 05:40 | INFO | Query 29 Active Learning Runtime on Validation Set: 298544.52999999997
2025-02-11 05:40 | INFO | Query 29 Active Learning Runtime on Test Set: 109859.26
2025-02-11 05:40 | INFO | Query 29 Active Learning Instance Cost: 2004563.51
2025-02-11 05:40 | INFO | Query 30 Size of the uncertainty table is = 2253/7755
2025-02-11 05:40 | INFO | Query 30 Size of the filtered table is = 78
2025-02-11 05:40 | INFO | Training Time Active Learning Classifier: 1.46 seconds
2025-02-11 05:40 | INFO | Training Time Active Learning Regressor: 0.79 seconds
2025-02-11 05:40 | INFO | Query 30 Active Learning Runtime on Validation Set: 406457.5
2025-02-11 05:40 | INFO | Query 30 Active Learning Runtime on Test Set: 109812.47
2025-02-11 05:40 | INFO | Query 30 Active Learning Instance Cost: 2257984.88
2025-02-11 05:40 | INFO | Timeout limit is increased to 3600
2025-02-11 05:40 | INFO | Query 31 Size of the uncertainty table is = 1895/7755
2025-02-11 05:40 | INFO | Query 31 Size of the filtered table is = 78
2025-02-11 05:40 | INFO | Training Time Active Learning Classifier: 1.48 seconds
2025-02-11 05:40 | INFO | Training Time Active Learning Regressor: 0.79 seconds
2025-02-11 05:40 | INFO | Query 31 Active Learning Runtime on Validation Set: 406333.38
2025-02-11 05:40 | INFO | Query 31 Active Learning Runtime on Test Set: 109836.02
2025-02-11 05:40 | INFO | Query 31 Active Learning Instance Cost: 2505624.5
2025-02-11 05:40 | INFO | Query 32 Size of the uncertainty table is = 1550/7755
2025-02-11 05:40 | INFO | Query 32 Size of the filtered table is = 78
2025-02-11 05:41 | INFO | Training Time Active Learning Classifier: 1.51 seconds
2025-02-11 05:41 | INFO | Training Time Active Learning Regressor: 0.8 seconds
2025-02-11 05:41 | INFO | Query 32 Active Learning Runtime on Validation Set: 298542.19
2025-02-11 05:41 | INFO | Query 32 Active Learning Runtime on Test Set: 109845.81
2025-02-11 05:41 | INFO | Query 32 Active Learning Instance Cost: 2715652.93
2025-02-11 05:41 | INFO | Query 33 Size of the uncertainty table is = 1228/7755
2025-02-11 05:41 | INFO | Query 33 Size of the filtered table is = 78
2025-02-11 05:41 | INFO | Training Time Active Learning Classifier: 1.53 seconds
2025-02-11 05:41 | INFO | Training Time Active Learning Regressor: 0.81 seconds
2025-02-11 05:41 | INFO | Query 33 Active Learning Runtime on Validation Set: 406421.45999999996
2025-02-11 05:41 | INFO | Query 33 Active Learning Runtime on Test Set: 109836.68000000001
2025-02-11 05:41 | INFO | Query 33 Active Learning Instance Cost: 2929322.61
2025-02-11 05:41 | INFO | Timeout limit is increased to 3600
2025-02-11 05:41 | INFO | Query 34 Size of the uncertainty table is = 918/7755
2025-02-11 05:41 | INFO | Query 34 Size of the filtered table is = 78
2025-02-11 05:41 | INFO | Training Time Active Learning Classifier: 1.55 seconds
2025-02-11 05:41 | INFO | Training Time Active Learning Regressor: 0.82 seconds
2025-02-11 05:41 | INFO | Query 34 Active Learning Runtime on Validation Set: 406372.87
2025-02-11 05:41 | INFO | Query 34 Active Learning Runtime on Test Set: 109835.49
2025-02-11 05:41 | INFO | Query 34 Active Learning Instance Cost: 3154048.03
2025-02-11 05:41 | INFO | Query 35 Size of the uncertainty table is = 571/7755
2025-02-11 05:41 | INFO | Query 35 Size of the filtered table is = 78
2025-02-11 05:41 | INFO | Training Time Active Learning Classifier: 1.56 seconds
2025-02-11 05:41 | INFO | Training Time Active Learning Regressor: 0.82 seconds
2025-02-11 05:41 | INFO | Query 35 Active Learning Runtime on Validation Set: 262772.82999999996
2025-02-11 05:41 | INFO | Query 35 Active Learning Runtime on Test Set: 109859.7
2025-02-11 05:41 | INFO | Query 35 Active Learning Instance Cost: 3225879.94
2025-02-11 05:41 | INFO | Query 36 Size of the uncertainty table is = 405/7755
2025-02-11 05:41 | INFO | Query 36 Size of the filtered table is = 78
2025-02-11 05:41 | INFO | Training Time Active Learning Classifier: 1.57 seconds
2025-02-11 05:41 | INFO | Training Time Active Learning Regressor: 0.83 seconds
2025-02-11 05:41 | INFO | Query 36 Active Learning Runtime on Validation Set: 406322.45999999996
2025-02-11 05:41 | INFO | Query 36 Active Learning Runtime on Test Set: 109859.7
2025-02-11 05:41 | INFO | Query 36 Active Learning Instance Cost: 3233526.97
2025-02-11 05:41 | INFO | Timeout limit is increased to 3600
2025-02-11 05:41 | INFO | Query 37 Size of the uncertainty table is = 325/7755
2025-02-11 05:41 | INFO | Query 37 Size of the filtered table is = 78
2025-02-11 05:42 | INFO | Training Time Active Learning Classifier: 1.58 seconds
2025-02-11 05:42 | INFO | Training Time Active Learning Regressor: 0.83 seconds
2025-02-11 05:42 | INFO | Query 37 Active Learning Runtime on Validation Set: 406314.08999999997
2025-02-11 05:42 | INFO | Query 37 Active Learning Runtime on Test Set: 109880.89
2025-02-11 05:42 | INFO | Query 37 Active Learning Instance Cost: 3346151.63
2025-02-11 05:42 | INFO | Query 38 Size of the uncertainty table is = 165/7755
2025-02-11 05:42 | INFO | Query 38 Size of the filtered table is = 78
2025-02-11 05:42 | INFO | Training Time Active Learning Classifier: 1.59 seconds
2025-02-11 05:42 | INFO | Training Time Active Learning Regressor: 0.83 seconds
2025-02-11 05:42 | INFO | Query 38 Active Learning Runtime on Validation Set: 406314.08999999997
2025-02-11 05:42 | INFO | Query 38 Active Learning Runtime on Test Set: 109880.89
2025-02-11 05:42 | INFO | Query 38 Active Learning Instance Cost: 3461351.63
2025-02-11 05:42 | INFO | Timeout limit is increased to 3600
2025-02-11 05:42 | INFO | Query 39 Size of the uncertainty table is = 5/7755
2025-02-11 05:42 | INFO | Query 39 Size of the filtered table is = 5
2025-02-11 05:42 | INFO | Training Time Active Learning Classifier: 1.6 seconds
2025-02-11 05:42 | INFO | Training Time Active Learning Regressor: 0.83 seconds
2025-02-11 05:42 | INFO | Query 39 Active Learning Runtime on Validation Set: 406314.08999999997
2025-02-11 05:42 | INFO | Query 39 Active Learning Runtime on Test Set: 109880.89
2025-02-11 05:42 | INFO | Query 39 Active Learning Instance Cost: 3464951.63
2025-02-11 05:42 | INFO | Timeout limit is increased to 3600
2025-02-11 05:42 | INFO | Active Learning Emissions: 0.005932897942941351
2025-02-11 05:42 | INFO | Active Learning Energy Consumption: 0.00645514446227462 kWh
2025-02-11 05:42 | INFO | runtime_test_score is written as json file
2025-02-11 05:42 | INFO | runtime_validation_score is written as json file
2025-02-11 05:42 | INFO | instance_cost is written as json file
2025-02-11 05:42 | INFO | Experiment is finished
