2025-02-11 06:40 | INFO | Paramaters are: {'dataset': 'MAXSAT19-UCMS', 'penalty': 10, 'weight': 'No_Weight', 'voting': 'Hard', 'pre_selection_size': 64, 'pre_selection_technique': 'No_pre_selection', 'feature_elimination_threshold': 20, 'imputer_strategy': 'median', 'feature_selection_technique': 'No_feature_selection', 'feature_scaling_technique': 'StandardScaler', 'initial_train_size': 20, 'query_size': 1, 'timeout_predictor_usage': 'No', 'pareto_features': {'PredDiff': 'max', 'PredCost': 'min'}, 'timeout_limit': 100, 'timeout_increase_rate': 100, 'penalty_type': 'Only-timeout-penalty', 'RANDOM_STATE_SEED': 42, 'n_splits': 10, 'split_number': 3, 'max_timeout': 3600, 'param_grid': {'n_estimators': 100, 'max_features': 'sqrt', 'max_depth': 2147483648, 'min_samples_split': 2, 'bootstrap': True}}
2025-02-11 06:40 | INFO | MAXSAT19-UCMS is current dataset
2025-02-11 06:40 | INFO | DATASETS/MAXSAT19-UCMS/algorithm_runs.arff is found
2025-02-11 06:40 | INFO | DATASETS/MAXSAT19-UCMS/algorithm_runs.arff is finished
2025-02-11 06:40 | INFO | DATASETS/MAXSAT19-UCMS/feature_values.arff is found
2025-02-11 06:40 | INFO | DATASETS/MAXSAT19-UCMS/feature_values.arff is finished
2025-02-11 06:40 | INFO | DATASETS/MAXSAT19-UCMS/feature_costs.arff is found
2025-02-11 06:40 | INFO | DATASETS/MAXSAT19-UCMS/feature_costs.arff is finished
2025-02-11 06:40 | INFO | Virtual best solver time in train = 53180.51
2025-02-11 06:40 | INFO | Single best solver list train = {'MaxHS': 1054143.89, 'Open.WBO.g': 1589772.0, 'Open.WBO.ms': 1410313.65, 'Open.WBO.ms.pre': 1976758.34, 'QMaxSAT2018': 3856243.43, 'UWrMaxSAT': 1353272.72, 'maxino2018': 1650150.93}
2025-02-11 06:40 | INFO | Single best solver time train = MaxHS (1054143.89)
2025-02-11 06:40 | INFO | Virtual best solver time in validation = 9018.43
2025-02-11 06:40 | INFO | Single best solver list validation = {'MaxHS': 295499.74, 'Open.WBO.g': 192026.42, 'Open.WBO.ms': 155149.3, 'Open.WBO.ms.pre': 221054.09, 'QMaxSAT2018': 548956.21, 'UWrMaxSAT': 149582.46, 'maxino2018': 223109.32}
2025-02-11 06:40 | INFO | Single best solver time validation = UWrMaxSAT (149582.46)
2025-02-11 06:40 | INFO | Virtual best solver time in test = 9357.94
2025-02-11 06:40 | INFO | Single best solver list test = {'MaxHS': 221182.24, 'Open.WBO.g': 217277.35, 'Open.WBO.ms': 217958.48, 'Open.WBO.ms.pre': 289920.94, 'QMaxSAT2018': 686409.26, 'UWrMaxSAT': 109026.14, 'maxino2018': 253674.59}
2025-02-11 06:40 | INFO | Single best solver time test = UWrMaxSAT (109026.14)
2025-02-11 06:40 | INFO | Training Time Passive Learning Classifier: 1.47 seconds
2025-02-11 06:40 | INFO | Training Time Passive Learning Regressor: 0.48 seconds
2025-02-11 06:41 | INFO | Passive Learning Classifier Runtime on Validation Set: 396599.8
2025-02-11 06:41 | INFO | Passive Learning Classifier Runtime on Test Set: 105396.03
2025-02-11 06:41 | INFO | Passive Learning Instance Cost: 1518254.96
2025-02-11 06:41 | INFO | Passive Learning Emissions: 8.900602510059046e-05
2025-02-11 06:41 | INFO | Passive Learning Energy Consumption: 9.684082813538327e-05 kWh
2025-02-11 06:41 | INFO | Training Time Active Learning Classifier: 1.21 seconds
2025-02-11 06:41 | INFO | Training Time Active Learning Regressor: 0.32 seconds
2025-02-11 06:41 | INFO | Initial Active Learning Runtime on Validation Set: 182333.96
2025-02-11 06:41 | INFO | Initial Active Learning Runtime on Test Set: 104437.59
2025-02-11 06:41 | INFO | Initial Active Learning Instance Cost: 8103.47
2025-02-11 06:41 | INFO | Bin size = 51
2025-02-11 06:41 | INFO | Query 1 Size of the uncertainty table is = 5153/5040
2025-02-11 06:41 | INFO | Query 1 Size of the filtered table is = 73
2025-02-11 06:41 | INFO | Training Time Active Learning Classifier: 1.12 seconds
2025-02-11 06:41 | INFO | Training Time Active Learning Regressor: 0.33 seconds
2025-02-11 06:41 | INFO | Query 1 Active Learning Runtime on Validation Set: 184956.33000000002
2025-02-11 06:41 | INFO | Query 1 Active Learning Runtime on Test Set: 104434.2
2025-02-11 06:41 | INFO | Query 1 Active Learning Instance Cost: 13107.17
2025-02-11 06:41 | INFO | Timeout limit is increased to 200
2025-02-11 06:41 | INFO | Query 2 Size of the uncertainty table is = 5091/5040
2025-02-11 06:41 | INFO | Query 2 Size of the filtered table is = 51
2025-02-11 06:41 | INFO | Training Time Active Learning Classifier: 1.12 seconds
2025-02-11 06:41 | INFO | Training Time Active Learning Regressor: 0.34 seconds
2025-02-11 06:41 | INFO | Query 2 Active Learning Runtime on Validation Set: 185257.81
2025-02-11 06:41 | INFO | Query 2 Active Learning Runtime on Test Set: 104437.59
2025-02-11 06:41 | INFO | Query 2 Active Learning Instance Cost: 20353.93
2025-02-11 06:41 | INFO | Timeout limit is increased to 300
2025-02-11 06:41 | INFO | Query 3 Size of the uncertainty table is = 5023/5040
2025-02-11 06:41 | INFO | Query 3 Size of the filtered table is = 51
2025-02-11 06:41 | INFO | Training Time Active Learning Classifier: 1.14 seconds
2025-02-11 06:41 | INFO | Training Time Active Learning Regressor: 0.34 seconds
2025-02-11 06:41 | INFO | Query 3 Active Learning Runtime on Validation Set: 184746.24
2025-02-11 06:41 | INFO | Query 3 Active Learning Runtime on Test Set: 104387.81
2025-02-11 06:41 | INFO | Query 3 Active Learning Instance Cost: 26903.98
2025-02-11 06:41 | INFO | Query 4 Size of the uncertainty table is = 4903/5040
2025-02-11 06:41 | INFO | Query 4 Size of the filtered table is = 51
2025-02-11 06:41 | INFO | Training Time Active Learning Classifier: 1.15 seconds
2025-02-11 06:41 | INFO | Training Time Active Learning Regressor: 0.34 seconds
2025-02-11 06:41 | INFO | Query 4 Active Learning Runtime on Validation Set: 184751.84999999998
2025-02-11 06:41 | INFO | Query 4 Active Learning Runtime on Test Set: 104195.81
2025-02-11 06:41 | INFO | Query 4 Active Learning Instance Cost: 32719.37
2025-02-11 06:41 | INFO | Timeout limit is increased to 400
2025-02-11 06:41 | INFO | Query 5 Size of the uncertainty table is = 4779/5040
2025-02-11 06:41 | INFO | Query 5 Size of the filtered table is = 51
2025-02-11 06:41 | INFO | Training Time Active Learning Classifier: 1.15 seconds
2025-02-11 06:41 | INFO | Training Time Active Learning Regressor: 0.35 seconds
2025-02-11 06:42 | INFO | Query 5 Active Learning Runtime on Validation Set: 148790.8
2025-02-11 06:42 | INFO | Query 5 Active Learning Runtime on Test Set: 140190.7
2025-02-11 06:42 | INFO | Query 5 Active Learning Instance Cost: 40058.57
2025-02-11 06:42 | INFO | Query 6 Size of the uncertainty table is = 4663/5040
2025-02-11 06:42 | INFO | Query 6 Size of the filtered table is = 51
2025-02-11 06:42 | INFO | Training Time Active Learning Classifier: 1.16 seconds
2025-02-11 06:42 | INFO | Training Time Active Learning Regressor: 0.35 seconds
2025-02-11 06:42 | INFO | Query 6 Active Learning Runtime on Validation Set: 148787.82
2025-02-11 06:42 | INFO | Query 6 Active Learning Runtime on Test Set: 140356.6
2025-02-11 06:42 | INFO | Query 6 Active Learning Instance Cost: 47812.84
2025-02-11 06:42 | INFO | Query 7 Size of the uncertainty table is = 4537/5040
2025-02-11 06:42 | INFO | Query 7 Size of the filtered table is = 51
2025-02-11 06:42 | INFO | Training Time Active Learning Classifier: 1.16 seconds
2025-02-11 06:42 | INFO | Training Time Active Learning Regressor: 0.36 seconds
2025-02-11 06:42 | INFO | Query 7 Active Learning Runtime on Validation Set: 146380.36
2025-02-11 06:42 | INFO | Query 7 Active Learning Runtime on Test Set: 140212.59
2025-02-11 06:42 | INFO | Query 7 Active Learning Instance Cost: 56721.57
2025-02-11 06:42 | INFO | Query 8 Size of the uncertainty table is = 4434/5040
2025-02-11 06:42 | INFO | Query 8 Size of the filtered table is = 51
2025-02-11 06:42 | INFO | Training Time Active Learning Classifier: 1.17 seconds
2025-02-11 06:42 | INFO | Training Time Active Learning Regressor: 0.36 seconds
2025-02-11 06:42 | INFO | Query 8 Active Learning Runtime on Validation Set: 218016.57
2025-02-11 06:42 | INFO | Query 8 Active Learning Runtime on Test Set: 140413.13
2025-02-11 06:42 | INFO | Query 8 Active Learning Instance Cost: 65388.97
2025-02-11 06:42 | INFO | Timeout limit is increased to 500
2025-02-11 06:42 | INFO | Query 9 Size of the uncertainty table is = 4318/5040
2025-02-11 06:42 | INFO | Query 9 Size of the filtered table is = 51
2025-02-11 06:42 | INFO | Training Time Active Learning Classifier: 1.17 seconds
2025-02-11 06:42 | INFO | Training Time Active Learning Regressor: 0.36 seconds
2025-02-11 06:42 | INFO | Query 9 Active Learning Runtime on Validation Set: 218001.41999999998
2025-02-11 06:42 | INFO | Query 9 Active Learning Runtime on Test Set: 140414.61
2025-02-11 06:42 | INFO | Query 9 Active Learning Instance Cost: 76770.37
2025-02-11 06:42 | INFO | Query 10 Size of the uncertainty table is = 4196/5040
2025-02-11 06:42 | INFO | Query 10 Size of the filtered table is = 55
2025-02-11 06:42 | INFO | Training Time Active Learning Classifier: 1.18 seconds
2025-02-11 06:42 | INFO | Training Time Active Learning Regressor: 0.37 seconds
2025-02-11 06:42 | INFO | Query 10 Active Learning Runtime on Validation Set: 180376.14
2025-02-11 06:42 | INFO | Query 10 Active Learning Runtime on Test Set: 140414.13
2025-02-11 06:42 | INFO | Query 10 Active Learning Instance Cost: 90643.03
2025-02-11 06:42 | INFO | Query 11 Size of the uncertainty table is = 4072/5040
2025-02-11 06:42 | INFO | Query 11 Size of the filtered table is = 51
2025-02-11 06:42 | INFO | Training Time Active Learning Classifier: 1.2 seconds
2025-02-11 06:42 | INFO | Training Time Active Learning Regressor: 0.45 seconds
2025-02-11 06:42 | INFO | Query 11 Active Learning Runtime on Validation Set: 180435.24
2025-02-11 06:42 | INFO | Query 11 Active Learning Runtime on Test Set: 175913.34999999998
2025-02-11 06:42 | INFO | Query 11 Active Learning Instance Cost: 97490.86
2025-02-11 06:42 | INFO | Timeout limit is increased to 600
2025-02-11 06:42 | INFO | Query 12 Size of the uncertainty table is = 3941/5040
2025-02-11 06:42 | INFO | Query 12 Size of the filtered table is = 51
2025-02-11 06:43 | INFO | Training Time Active Learning Classifier: 1.21 seconds
2025-02-11 06:43 | INFO | Training Time Active Learning Regressor: 0.37 seconds
2025-02-11 06:43 | INFO | Query 12 Active Learning Runtime on Validation Set: 184774.13
2025-02-11 06:43 | INFO | Query 12 Active Learning Runtime on Test Set: 175837.21999999997
2025-02-11 06:43 | INFO | Query 12 Active Learning Instance Cost: 110254.94
2025-02-11 06:43 | INFO | Timeout limit is increased to 700
2025-02-11 06:43 | INFO | Query 13 Size of the uncertainty table is = 3828/5040
2025-02-11 06:43 | INFO | Query 13 Size of the filtered table is = 51
2025-02-11 06:43 | INFO | Training Time Active Learning Classifier: 1.21 seconds
2025-02-11 06:43 | INFO | Training Time Active Learning Regressor: 0.38 seconds
2025-02-11 06:43 | INFO | Query 13 Active Learning Runtime on Validation Set: 184816.83000000002
2025-02-11 06:43 | INFO | Query 13 Active Learning Runtime on Test Set: 140309.14
2025-02-11 06:43 | INFO | Query 13 Active Learning Instance Cost: 120969.44
2025-02-11 06:43 | INFO | Timeout limit is increased to 800
2025-02-11 06:43 | INFO | Query 14 Size of the uncertainty table is = 3692/5040
2025-02-11 06:43 | INFO | Query 14 Size of the filtered table is = 51
2025-02-11 06:43 | INFO | Training Time Active Learning Classifier: 1.22 seconds
2025-02-11 06:43 | INFO | Training Time Active Learning Regressor: 0.39 seconds
2025-02-11 06:43 | INFO | Query 14 Active Learning Runtime on Validation Set: 182807.22999999998
2025-02-11 06:43 | INFO | Query 14 Active Learning Runtime on Test Set: 140323.25
2025-02-11 06:43 | INFO | Query 14 Active Learning Instance Cost: 135045.12
2025-02-11 06:43 | INFO | Query 15 Size of the uncertainty table is = 3548/5040
2025-02-11 06:43 | INFO | Query 15 Size of the filtered table is = 54
2025-02-11 06:43 | INFO | Training Time Active Learning Classifier: 1.23 seconds
2025-02-11 06:43 | INFO | Training Time Active Learning Regressor: 0.39 seconds
2025-02-11 06:43 | INFO | Query 15 Active Learning Runtime on Validation Set: 287310.11
2025-02-11 06:43 | INFO | Query 15 Active Learning Runtime on Test Set: 140239.85
2025-02-11 06:43 | INFO | Query 15 Active Learning Instance Cost: 152706.5
2025-02-11 06:43 | INFO | Timeout limit is increased to 900
2025-02-11 06:43 | INFO | Query 16 Size of the uncertainty table is = 3421/5040
2025-02-11 06:43 | INFO | Query 16 Size of the filtered table is = 51
2025-02-11 06:43 | INFO | Training Time Active Learning Classifier: 1.24 seconds
2025-02-11 06:43 | INFO | Training Time Active Learning Regressor: 0.4 seconds
2025-02-11 06:43 | INFO | Query 16 Active Learning Runtime on Validation Set: 291546.93
2025-02-11 06:43 | INFO | Query 16 Active Learning Runtime on Test Set: 211693.76
2025-02-11 06:43 | INFO | Query 16 Active Learning Instance Cost: 169657.66
2025-02-11 06:43 | INFO | Timeout limit is increased to 1000
2025-02-11 06:43 | INFO | Query 17 Size of the uncertainty table is = 3306/5040
2025-02-11 06:43 | INFO | Query 17 Size of the filtered table is = 51
2025-02-11 06:43 | INFO | Training Time Active Learning Classifier: 1.25 seconds
2025-02-11 06:43 | INFO | Training Time Active Learning Regressor: 0.4 seconds
2025-02-11 06:43 | INFO | Query 17 Active Learning Runtime on Validation Set: 324041.79
2025-02-11 06:43 | INFO | Query 17 Active Learning Runtime on Test Set: 177235.8
2025-02-11 06:43 | INFO | Query 17 Active Learning Instance Cost: 189474.53
2025-02-11 06:43 | INFO | Timeout limit is increased to 1100
2025-02-11 06:43 | INFO | Query 18 Size of the uncertainty table is = 3168/5040
2025-02-11 06:43 | INFO | Query 18 Size of the filtered table is = 51
2025-02-11 06:43 | INFO | Training Time Active Learning Classifier: 1.34 seconds
2025-02-11 06:43 | INFO | Training Time Active Learning Regressor: 0.4 seconds
2025-02-11 06:44 | INFO | Query 18 Active Learning Runtime on Validation Set: 324064.5
2025-02-11 06:44 | INFO | Query 18 Active Learning Runtime on Test Set: 141284.56
2025-02-11 06:44 | INFO | Query 18 Active Learning Instance Cost: 209609.0
2025-02-11 06:44 | INFO | Timeout limit is increased to 1200
2025-02-11 06:44 | INFO | Query 19 Size of the uncertainty table is = 3008/5040
2025-02-11 06:44 | INFO | Query 19 Size of the filtered table is = 52
2025-02-11 06:44 | INFO | Training Time Active Learning Classifier: 1.27 seconds
2025-02-11 06:44 | INFO | Training Time Active Learning Regressor: 0.41 seconds
2025-02-11 06:44 | INFO | Query 19 Active Learning Runtime on Validation Set: 331189.11
2025-02-11 06:44 | INFO | Query 19 Active Learning Runtime on Test Set: 141245.43
2025-02-11 06:44 | INFO | Query 19 Active Learning Instance Cost: 236830.67
2025-02-11 06:44 | INFO | Timeout limit is increased to 1300
2025-02-11 06:44 | INFO | Query 20 Size of the uncertainty table is = 2865/5040
2025-02-11 06:44 | INFO | Query 20 Size of the filtered table is = 51
2025-02-11 06:44 | INFO | Training Time Active Learning Classifier: 1.29 seconds
2025-02-11 06:44 | INFO | Training Time Active Learning Regressor: 0.42 seconds
2025-02-11 06:44 | INFO | Query 20 Active Learning Runtime on Validation Set: 432647.41
2025-02-11 06:44 | INFO | Query 20 Active Learning Runtime on Test Set: 141239.27000000002
2025-02-11 06:44 | INFO | Query 20 Active Learning Instance Cost: 262567.24
2025-02-11 06:44 | INFO | Timeout limit is increased to 1400
2025-02-11 06:44 | INFO | Query 21 Size of the uncertainty table is = 2733/5040
2025-02-11 06:44 | INFO | Query 21 Size of the filtered table is = 51
2025-02-11 06:44 | INFO | Training Time Active Learning Classifier: 1.3 seconds
2025-02-11 06:44 | INFO | Training Time Active Learning Regressor: 0.43 seconds
2025-02-11 06:44 | INFO | Query 21 Active Learning Runtime on Validation Set: 396553.5
2025-02-11 06:44 | INFO | Query 21 Active Learning Runtime on Test Set: 141309.18
2025-02-11 06:44 | INFO | Query 21 Active Learning Instance Cost: 285948.33
2025-02-11 06:44 | INFO | Query 22 Size of the uncertainty table is = 2589/5040
2025-02-11 06:44 | INFO | Query 22 Size of the filtered table is = 51
2025-02-11 06:44 | INFO | Training Time Active Learning Classifier: 1.31 seconds
2025-02-11 06:44 | INFO | Training Time Active Learning Regressor: 0.43 seconds
2025-02-11 06:44 | INFO | Query 22 Active Learning Runtime on Validation Set: 327702.13
2025-02-11 06:44 | INFO | Query 22 Active Learning Runtime on Test Set: 141288.72
2025-02-11 06:44 | INFO | Query 22 Active Learning Instance Cost: 311329.0
2025-02-11 06:44 | INFO | Query 23 Size of the uncertainty table is = 2465/5040
2025-02-11 06:44 | INFO | Query 23 Size of the filtered table is = 51
2025-02-11 06:44 | INFO | Training Time Active Learning Classifier: 1.4 seconds
2025-02-11 06:44 | INFO | Training Time Active Learning Regressor: 0.43 seconds
2025-02-11 06:44 | INFO | Query 23 Active Learning Runtime on Validation Set: 396555.89999999997
2025-02-11 06:44 | INFO | Query 23 Active Learning Runtime on Test Set: 177263.09000000003
2025-02-11 06:44 | INFO | Query 23 Active Learning Instance Cost: 336362.07
2025-02-11 06:44 | INFO | Timeout limit is increased to 1500
2025-02-11 06:44 | INFO | Query 24 Size of the uncertainty table is = 2326/5040
2025-02-11 06:44 | INFO | Query 24 Size of the filtered table is = 51
2025-02-11 06:44 | INFO | Training Time Active Learning Classifier: 1.33 seconds
2025-02-11 06:44 | INFO | Training Time Active Learning Regressor: 0.44 seconds
2025-02-11 06:45 | INFO | Query 24 Active Learning Runtime on Validation Set: 396563.5
2025-02-11 06:45 | INFO | Query 24 Active Learning Runtime on Test Set: 177270.2
2025-02-11 06:45 | INFO | Query 24 Active Learning Instance Cost: 359044.17
2025-02-11 06:45 | INFO | Timeout limit is increased to 1600
2025-02-11 06:45 | INFO | Query 25 Size of the uncertainty table is = 2197/5040
2025-02-11 06:45 | INFO | Query 25 Size of the filtered table is = 51
2025-02-11 06:45 | INFO | Training Time Active Learning Classifier: 1.35 seconds
2025-02-11 06:45 | INFO | Training Time Active Learning Regressor: 0.44 seconds
2025-02-11 06:45 | INFO | Query 25 Active Learning Runtime on Validation Set: 360549.01999999996
2025-02-11 06:45 | INFO | Query 25 Active Learning Runtime on Test Set: 177220.57
2025-02-11 06:45 | INFO | Query 25 Active Learning Instance Cost: 378035.31
2025-02-11 06:45 | INFO | Query 26 Size of the uncertainty table is = 2056/5040
2025-02-11 06:45 | INFO | Query 26 Size of the filtered table is = 51
2025-02-11 06:45 | INFO | Training Time Active Learning Classifier: 1.36 seconds
2025-02-11 06:45 | INFO | Training Time Active Learning Regressor: 0.44 seconds
2025-02-11 06:45 | INFO | Query 26 Active Learning Runtime on Validation Set: 360548.0
2025-02-11 06:45 | INFO | Query 26 Active Learning Runtime on Test Set: 177296.09000000003
2025-02-11 06:45 | INFO | Query 26 Active Learning Instance Cost: 403763.15
2025-02-11 06:45 | INFO | Query 27 Size of the uncertainty table is = 1960/5040
2025-02-11 06:45 | INFO | Query 27 Size of the filtered table is = 51
2025-02-11 06:45 | INFO | Training Time Active Learning Classifier: 1.37 seconds
2025-02-11 06:45 | INFO | Training Time Active Learning Regressor: 0.45 seconds
2025-02-11 06:45 | INFO | Query 27 Active Learning Runtime on Validation Set: 396547.39999999997
2025-02-11 06:45 | INFO | Query 27 Active Learning Runtime on Test Set: 141378.84
2025-02-11 06:45 | INFO | Query 27 Active Learning Instance Cost: 428254.2
2025-02-11 06:45 | INFO | Timeout limit is increased to 1700
2025-02-11 06:45 | INFO | Query 28 Size of the uncertainty table is = 1823/5040
2025-02-11 06:45 | INFO | Query 28 Size of the filtered table is = 51
2025-02-11 06:45 | INFO | Training Time Active Learning Classifier: 1.38 seconds
2025-02-11 06:45 | INFO | Training Time Active Learning Regressor: 0.45 seconds
2025-02-11 06:45 | INFO | Query 28 Active Learning Runtime on Validation Set: 399822.92
2025-02-11 06:45 | INFO | Query 28 Active Learning Runtime on Test Set: 141384.96000000002
2025-02-11 06:45 | INFO | Query 28 Active Learning Instance Cost: 451178.84
2025-02-11 06:45 | INFO | Timeout limit is increased to 1800
2025-02-11 06:45 | INFO | Query 29 Size of the uncertainty table is = 1676/5040
2025-02-11 06:45 | INFO | Query 29 Size of the filtered table is = 51
2025-02-11 06:45 | INFO | Training Time Active Learning Classifier: 1.39 seconds
2025-02-11 06:45 | INFO | Training Time Active Learning Regressor: 0.45 seconds
2025-02-11 06:45 | INFO | Query 29 Active Learning Runtime on Validation Set: 396600.66
2025-02-11 06:45 | INFO | Query 29 Active Learning Runtime on Test Set: 141384.16999999998
2025-02-11 06:45 | INFO | Query 29 Active Learning Instance Cost: 470432.46
2025-02-11 06:45 | INFO | Query 30 Size of the uncertainty table is = 1554/5040
2025-02-11 06:45 | INFO | Query 30 Size of the filtered table is = 51
2025-02-11 06:45 | INFO | Training Time Active Learning Classifier: 1.39 seconds
2025-02-11 06:45 | INFO | Training Time Active Learning Regressor: 0.46 seconds
2025-02-11 06:45 | INFO | Query 30 Active Learning Runtime on Validation Set: 432368.95
2025-02-11 06:45 | INFO | Query 30 Active Learning Runtime on Test Set: 105393.28
2025-02-11 06:45 | INFO | Query 30 Active Learning Instance Cost: 487042.97
2025-02-11 06:45 | INFO | Timeout limit is increased to 1900
2025-02-11 06:46 | INFO | Query 31 Size of the uncertainty table is = 1398/5040
2025-02-11 06:46 | INFO | Query 31 Size of the filtered table is = 51
2025-02-11 06:46 | INFO | Training Time Active Learning Classifier: 1.41 seconds
2025-02-11 06:46 | INFO | Training Time Active Learning Regressor: 0.46 seconds
2025-02-11 06:46 | INFO | Query 31 Active Learning Runtime on Validation Set: 396599.74
2025-02-11 06:46 | INFO | Query 31 Active Learning Runtime on Test Set: 141400.49
2025-02-11 06:46 | INFO | Query 31 Active Learning Instance Cost: 504113.04
2025-02-11 06:46 | INFO | Query 32 Size of the uncertainty table is = 1265/5040
2025-02-11 06:46 | INFO | Query 32 Size of the filtered table is = 51
2025-02-11 06:46 | INFO | Training Time Active Learning Classifier: 1.42 seconds
2025-02-11 06:46 | INFO | Training Time Active Learning Regressor: 0.47 seconds
2025-02-11 06:46 | INFO | Query 32 Active Learning Runtime on Validation Set: 325313.16
2025-02-11 06:46 | INFO | Query 32 Active Learning Runtime on Test Set: 141420.56
2025-02-11 06:46 | INFO | Query 32 Active Learning Instance Cost: 514484.09
2025-02-11 06:46 | INFO | Query 33 Size of the uncertainty table is = 1101/5040
2025-02-11 06:46 | INFO | Query 33 Size of the filtered table is = 51
2025-02-11 06:46 | INFO | Training Time Active Learning Classifier: 1.51 seconds
2025-02-11 06:46 | INFO | Training Time Active Learning Regressor: 0.47 seconds
2025-02-11 06:46 | INFO | Query 33 Active Learning Runtime on Validation Set: 397191.42
2025-02-11 06:46 | INFO | Query 33 Active Learning Runtime on Test Set: 141420.56
2025-02-11 06:46 | INFO | Query 33 Active Learning Instance Cost: 546101.49
2025-02-11 06:46 | INFO | Timeout limit is increased to 2000
2025-02-11 06:46 | INFO | Query 34 Size of the uncertainty table is = 943/5040
2025-02-11 06:46 | INFO | Query 34 Size of the filtered table is = 51
2025-02-11 06:46 | INFO | Training Time Active Learning Classifier: 1.44 seconds
2025-02-11 06:46 | INFO | Training Time Active Learning Regressor: 0.47 seconds
2025-02-11 06:46 | INFO | Query 34 Active Learning Runtime on Validation Set: 324668.25
2025-02-11 06:46 | INFO | Query 34 Active Learning Runtime on Test Set: 141417.16999999998
2025-02-11 06:46 | INFO | Query 34 Active Learning Instance Cost: 597050.95
2025-02-11 06:46 | INFO | Query 35 Size of the uncertainty table is = 830/5040
2025-02-11 06:46 | INFO | Query 35 Size of the filtered table is = 51
2025-02-11 06:46 | INFO | Training Time Active Learning Classifier: 1.44 seconds
2025-02-11 06:46 | INFO | Training Time Active Learning Regressor: 0.47 seconds
2025-02-11 06:46 | INFO | Query 35 Active Learning Runtime on Validation Set: 397309.38
2025-02-11 06:46 | INFO | Query 35 Active Learning Runtime on Test Set: 105392.64
2025-02-11 06:46 | INFO | Query 35 Active Learning Instance Cost: 627626.71
2025-02-11 06:46 | INFO | Timeout limit is increased to 2100
2025-02-11 06:46 | INFO | Query 36 Size of the uncertainty table is = 694/5040
2025-02-11 06:46 | INFO | Query 36 Size of the filtered table is = 51
2025-02-11 06:46 | INFO | Training Time Active Learning Classifier: 1.46 seconds
2025-02-11 06:46 | INFO | Training Time Active Learning Regressor: 0.48 seconds
2025-02-11 06:46 | INFO | Query 36 Active Learning Runtime on Validation Set: 324657.2
2025-02-11 06:46 | INFO | Query 36 Active Learning Runtime on Test Set: 105429.03
2025-02-11 06:46 | INFO | Query 36 Active Learning Instance Cost: 643014.02
2025-02-11 06:46 | INFO | Query 37 Size of the uncertainty table is = 583/5040
2025-02-11 06:46 | INFO | Query 37 Size of the filtered table is = 51
2025-02-11 06:46 | INFO | Training Time Active Learning Classifier: 1.45 seconds
2025-02-11 06:46 | INFO | Training Time Active Learning Regressor: 0.48 seconds
2025-02-11 06:47 | INFO | Query 37 Active Learning Runtime on Validation Set: 360656.56
2025-02-11 06:47 | INFO | Query 37 Active Learning Runtime on Test Set: 141417.16999999998
2025-02-11 06:47 | INFO | Query 37 Active Learning Instance Cost: 691438.17
2025-02-11 06:47 | INFO | Timeout limit is increased to 2200
2025-02-11 06:47 | INFO | Query 38 Size of the uncertainty table is = 559/5040
2025-02-11 06:47 | INFO | Query 38 Size of the filtered table is = 51
2025-02-11 06:47 | INFO | Training Time Active Learning Classifier: 1.45 seconds
2025-02-11 06:47 | INFO | Training Time Active Learning Regressor: 0.48 seconds
2025-02-11 06:47 | INFO | Query 38 Active Learning Runtime on Validation Set: 360656.56
2025-02-11 06:47 | INFO | Query 38 Active Learning Runtime on Test Set: 141417.16999999998
2025-02-11 06:47 | INFO | Query 38 Active Learning Instance Cost: 724538.17
2025-02-11 06:47 | INFO | Timeout limit is increased to 2300
2025-02-11 06:47 | INFO | Query 39 Size of the uncertainty table is = 559/5040
2025-02-11 06:47 | INFO | Query 39 Size of the filtered table is = 51
2025-02-11 06:47 | INFO | Training Time Active Learning Classifier: 1.46 seconds
2025-02-11 06:47 | INFO | Training Time Active Learning Regressor: 0.48 seconds
2025-02-11 06:47 | INFO | Query 39 Active Learning Runtime on Validation Set: 360656.56
2025-02-11 06:47 | INFO | Query 39 Active Learning Runtime on Test Set: 141417.16999999998
2025-02-11 06:47 | INFO | Query 39 Active Learning Instance Cost: 741959.35
2025-02-11 06:47 | INFO | Timeout limit is increased to 2400
2025-02-11 06:47 | INFO | Query 40 Size of the uncertainty table is = 551/5040
2025-02-11 06:47 | INFO | Query 40 Size of the filtered table is = 51
2025-02-11 06:47 | INFO | Training Time Active Learning Classifier: 1.45 seconds
2025-02-11 06:47 | INFO | Training Time Active Learning Regressor: 0.48 seconds
2025-02-11 06:47 | INFO | Query 40 Active Learning Runtime on Validation Set: 360656.56
2025-02-11 06:47 | INFO | Query 40 Active Learning Runtime on Test Set: 141420.56
2025-02-11 06:47 | INFO | Query 40 Active Learning Instance Cost: 756720.6
2025-02-11 06:47 | INFO | Timeout limit is increased to 2500
2025-02-11 06:47 | INFO | Query 41 Size of the uncertainty table is = 547/5040
2025-02-11 06:47 | INFO | Query 41 Size of the filtered table is = 51
2025-02-11 06:47 | INFO | Training Time Active Learning Classifier: 1.47 seconds
2025-02-11 06:47 | INFO | Training Time Active Learning Regressor: 0.48 seconds
2025-02-11 06:47 | INFO | Query 41 Active Learning Runtime on Validation Set: 361371.69
2025-02-11 06:47 | INFO | Query 41 Active Learning Runtime on Test Set: 141384.16999999998
2025-02-11 06:47 | INFO | Query 41 Active Learning Instance Cost: 782377.52
2025-02-11 06:47 | INFO | Timeout limit is increased to 2600
2025-02-11 06:47 | INFO | Query 42 Size of the uncertainty table is = 542/5040
2025-02-11 06:47 | INFO | Query 42 Size of the filtered table is = 51
2025-02-11 06:47 | INFO | Training Time Active Learning Classifier: 1.45 seconds
2025-02-11 06:47 | INFO | Training Time Active Learning Regressor: 0.56 seconds
2025-02-11 06:47 | INFO | Query 42 Active Learning Runtime on Validation Set: 361371.69
2025-02-11 06:47 | INFO | Query 42 Active Learning Runtime on Test Set: 141384.16999999998
2025-02-11 06:47 | INFO | Query 42 Active Learning Instance Cost: 801677.52
2025-02-11 06:47 | INFO | Timeout limit is increased to 2700
2025-02-11 06:47 | INFO | Query 43 Size of the uncertainty table is = 542/5040
2025-02-11 06:47 | INFO | Query 43 Size of the filtered table is = 51
2025-02-11 06:47 | INFO | Training Time Active Learning Classifier: 1.45 seconds
2025-02-11 06:47 | INFO | Training Time Active Learning Regressor: 0.48 seconds
2025-02-11 06:47 | INFO | Query 43 Active Learning Runtime on Validation Set: 361371.69
2025-02-11 06:47 | INFO | Query 43 Active Learning Runtime on Test Set: 141384.16999999998
2025-02-11 06:47 | INFO | Query 43 Active Learning Instance Cost: 815625.03
2025-02-11 06:47 | INFO | Timeout limit is increased to 2800
2025-02-11 06:47 | INFO | Query 44 Size of the uncertainty table is = 537/5040
2025-02-11 06:47 | INFO | Query 44 Size of the filtered table is = 51
2025-02-11 06:47 | INFO | Training Time Active Learning Classifier: 1.45 seconds
2025-02-11 06:47 | INFO | Training Time Active Learning Regressor: 0.48 seconds
2025-02-11 06:48 | INFO | Query 44 Active Learning Runtime on Validation Set: 361371.69
2025-02-11 06:48 | INFO | Query 44 Active Learning Runtime on Test Set: 141384.16999999998
2025-02-11 06:48 | INFO | Query 44 Active Learning Instance Cost: 835895.04
2025-02-11 06:48 | INFO | Timeout limit is increased to 2900
2025-02-11 06:48 | INFO | Query 45 Size of the uncertainty table is = 536/5040
2025-02-11 06:48 | INFO | Query 45 Size of the filtered table is = 51
2025-02-11 06:48 | INFO | Training Time Active Learning Classifier: 1.46 seconds
2025-02-11 06:48 | INFO | Training Time Active Learning Regressor: 0.48 seconds
2025-02-11 06:48 | INFO | Query 45 Active Learning Runtime on Validation Set: 361371.69
2025-02-11 06:48 | INFO | Query 45 Active Learning Runtime on Test Set: 141384.16999999998
2025-02-11 06:48 | INFO | Query 45 Active Learning Instance Cost: 857824.33
2025-02-11 06:48 | INFO | Timeout limit is increased to 3000
2025-02-11 06:48 | INFO | Query 46 Size of the uncertainty table is = 531/5040
2025-02-11 06:48 | INFO | Query 46 Size of the filtered table is = 51
2025-02-11 06:48 | INFO | Training Time Active Learning Classifier: 1.46 seconds
2025-02-11 06:48 | INFO | Training Time Active Learning Regressor: 0.48 seconds
2025-02-11 06:48 | INFO | Query 46 Active Learning Runtime on Validation Set: 361371.69
2025-02-11 06:48 | INFO | Query 46 Active Learning Runtime on Test Set: 141384.16999999998
2025-02-11 06:48 | INFO | Query 46 Active Learning Instance Cost: 872396.56
2025-02-11 06:48 | INFO | Timeout limit is increased to 3100
2025-02-11 06:48 | INFO | Query 47 Size of the uncertainty table is = 521/5040
2025-02-11 06:48 | INFO | Query 47 Size of the filtered table is = 51
2025-02-11 06:48 | INFO | Training Time Active Learning Classifier: 1.46 seconds
2025-02-11 06:48 | INFO | Training Time Active Learning Regressor: 0.48 seconds
2025-02-11 06:48 | INFO | Query 47 Active Learning Runtime on Validation Set: 361348.01
2025-02-11 06:48 | INFO | Query 47 Active Learning Runtime on Test Set: 141384.16999999998
2025-02-11 06:48 | INFO | Query 47 Active Learning Instance Cost: 882424.85
2025-02-11 06:48 | INFO | Query 48 Size of the uncertainty table is = 510/5040
2025-02-11 06:48 | INFO | Query 48 Size of the filtered table is = 51
2025-02-11 06:48 | INFO | Training Time Active Learning Classifier: 1.46 seconds
2025-02-11 06:48 | INFO | Training Time Active Learning Regressor: 0.48 seconds
2025-02-11 06:48 | INFO | Query 48 Active Learning Runtime on Validation Set: 360633.45999999996
2025-02-11 06:48 | INFO | Query 48 Active Learning Runtime on Test Set: 141387.56
2025-02-11 06:48 | INFO | Query 48 Active Learning Instance Cost: 897383.55
2025-02-11 06:48 | INFO | Query 49 Size of the uncertainty table is = 505/5040
2025-02-11 06:48 | INFO | Query 49 Size of the filtered table is = 51
2025-02-11 06:48 | INFO | Training Time Active Learning Classifier: 1.46 seconds
2025-02-11 06:48 | INFO | Training Time Active Learning Regressor: 0.48 seconds
2025-02-11 06:48 | INFO | Query 49 Active Learning Runtime on Validation Set: 360633.45999999996
2025-02-11 06:48 | INFO | Query 49 Active Learning Runtime on Test Set: 141387.56
2025-02-11 06:48 | INFO | Query 49 Active Learning Instance Cost: 904283.55
2025-02-11 06:48 | INFO | Timeout limit is increased to 3200
2025-02-11 06:48 | INFO | Query 50 Size of the uncertainty table is = 505/5040
2025-02-11 06:48 | INFO | Query 50 Size of the filtered table is = 51
2025-02-11 06:48 | INFO | Training Time Active Learning Classifier: 1.48 seconds
2025-02-11 06:48 | INFO | Training Time Active Learning Regressor: 0.48 seconds
2025-02-11 06:48 | INFO | Query 50 Active Learning Runtime on Validation Set: 360585.83999999997
2025-02-11 06:48 | INFO | Query 50 Active Learning Runtime on Test Set: 141387.56
2025-02-11 06:48 | INFO | Query 50 Active Learning Instance Cost: 911367.46
2025-02-11 06:48 | INFO | Query 51 Size of the uncertainty table is = 500/5040
2025-02-11 06:48 | INFO | Query 51 Size of the filtered table is = 51
2025-02-11 06:48 | INFO | Training Time Active Learning Classifier: 1.47 seconds
2025-02-11 06:48 | INFO | Training Time Active Learning Regressor: 0.48 seconds
2025-02-11 06:49 | INFO | Query 51 Active Learning Runtime on Validation Set: 360585.83999999997
2025-02-11 06:49 | INFO | Query 51 Active Learning Runtime on Test Set: 141387.56
2025-02-11 06:49 | INFO | Query 51 Active Learning Instance Cost: 919967.46
2025-02-11 06:49 | INFO | Timeout limit is increased to 3300
2025-02-11 06:49 | INFO | Query 52 Size of the uncertainty table is = 500/5040
2025-02-11 06:49 | INFO | Query 52 Size of the filtered table is = 51
2025-02-11 06:49 | INFO | Training Time Active Learning Classifier: 1.47 seconds
2025-02-11 06:49 | INFO | Training Time Active Learning Regressor: 0.48 seconds
2025-02-11 06:49 | INFO | Query 52 Active Learning Runtime on Validation Set: 360585.83999999997
2025-02-11 06:49 | INFO | Query 52 Active Learning Runtime on Test Set: 141387.56
2025-02-11 06:49 | INFO | Query 52 Active Learning Instance Cost: 929915.5
2025-02-11 06:49 | INFO | Timeout limit is increased to 3400
2025-02-11 06:49 | INFO | Query 53 Size of the uncertainty table is = 495/5040
2025-02-11 06:49 | INFO | Query 53 Size of the filtered table is = 51
2025-02-11 06:49 | INFO | Training Time Active Learning Classifier: 1.47 seconds
2025-02-11 06:49 | INFO | Training Time Active Learning Regressor: 0.48 seconds
2025-02-11 06:49 | INFO | Query 53 Active Learning Runtime on Validation Set: 360589.88
2025-02-11 06:49 | INFO | Query 53 Active Learning Runtime on Test Set: 141387.56
2025-02-11 06:49 | INFO | Query 53 Active Learning Instance Cost: 947444.0
2025-02-11 06:49 | INFO | Timeout limit is increased to 3500
2025-02-11 06:49 | INFO | Query 54 Size of the uncertainty table is = 485/5040
2025-02-11 06:49 | INFO | Query 54 Size of the filtered table is = 51
2025-02-11 06:49 | INFO | Training Time Active Learning Classifier: 1.47 seconds
2025-02-11 06:49 | INFO | Training Time Active Learning Regressor: 0.48 seconds
2025-02-11 06:49 | INFO | Query 54 Active Learning Runtime on Validation Set: 360589.88
2025-02-11 06:49 | INFO | Query 54 Active Learning Runtime on Test Set: 141387.56
2025-02-11 06:49 | INFO | Query 54 Active Learning Instance Cost: 959144.0
2025-02-11 06:49 | INFO | Timeout limit is increased to 3600
2025-02-11 06:49 | INFO | Query 55 Size of the uncertainty table is = 485/5040
2025-02-11 06:49 | INFO | Query 55 Size of the filtered table is = 51
2025-02-11 06:49 | INFO | Training Time Active Learning Classifier: 1.47 seconds
2025-02-11 06:49 | INFO | Training Time Active Learning Regressor: 0.48 seconds
2025-02-11 06:49 | INFO | Query 55 Active Learning Runtime on Validation Set: 360589.88
2025-02-11 06:49 | INFO | Query 55 Active Learning Runtime on Test Set: 141387.56
2025-02-11 06:49 | INFO | Query 55 Active Learning Instance Cost: 978644.0
2025-02-11 06:49 | INFO | Timeout limit is increased to 3600
2025-02-11 06:49 | INFO | Active Learning Emissions: 0.0060671932248772134
2025-02-11 06:49 | INFO | Active Learning Energy Consumption: 0.006601261158337001 kWh
2025-02-11 06:49 | INFO | runtime_test_score is written as json file
2025-02-11 06:49 | INFO | runtime_validation_score is written as json file
2025-02-11 06:49 | INFO | instance_cost is written as json file
2025-02-11 06:49 | INFO | Experiment is finished
