2025-02-11 07:01 | INFO | Paramaters are: {'dataset': 'QBF-2011', 'penalty': 10, 'weight': 'No_Weight', 'voting': 'Hard', 'pre_selection_size': 64, 'pre_selection_technique': 'No_pre_selection', 'feature_elimination_threshold': 20, 'imputer_strategy': 'median', 'feature_selection_technique': 'No_feature_selection', 'feature_scaling_technique': 'StandardScaler', 'initial_train_size': 20, 'query_size': 1, 'timeout_predictor_usage': 'No', 'pareto_features': {'Uncertainty': 'max', 'PredDiff': 'max'}, 'timeout_limit': 100, 'timeout_increase_rate': 100, 'penalty_type': 'Only-timeout-penalty', 'RANDOM_STATE_SEED': 12345, 'n_splits': 10, 'split_number': 8, 'max_timeout': 3600, 'param_grid': {'n_estimators': 100, 'max_features': 'sqrt', 'max_depth': 2147483648, 'min_samples_split': 2, 'bootstrap': True}}
2025-02-11 07:01 | INFO | QBF-2011 is current dataset
2025-02-11 07:01 | INFO | DATASETS/QBF-2011/algorithm_runs.csv is found
2025-02-11 07:01 | INFO | DATASETS/QBF-2011/algorithm_runs.csv is finished
2025-02-11 07:01 | INFO | DATASETS/QBF-2011/feature_values.csv is found
2025-02-11 07:01 | INFO | DATASETS/QBF-2011/feature_values.csv is finished
2025-02-11 07:01 | INFO | Virtual best solver time in train = 76322.53
2025-02-11 07:01 | INFO | Single best solver list train = {'2clsQ': 13553414.16, 'QuBE': 10302335.0, 'quantor': 17876541.48, 'sKizzo': 6470324.14, 'sSolve': 8321286.86}
2025-02-11 07:01 | INFO | Single best solver time train = sKizzo (6470324.14)
2025-02-11 07:01 | INFO | Virtual best solver time in validation = 18043.88
2025-02-11 07:01 | INFO | Single best solver list validation = {'2clsQ': 3117673.01, 'QuBE': 2170309.67, 'quantor': 3678112.32, 'sKizzo': 2355843.15, 'sSolve': 2938012.53}
2025-02-11 07:01 | INFO | Single best solver time validation = QuBE (2170309.67)
2025-02-11 07:01 | INFO | Virtual best solver time in test = 6785.5
2025-02-11 07:01 | INFO | Single best solver list test = {'2clsQ': 1962661.25, 'QuBE': 1447462.54, 'quantor': 2487088.8, 'sKizzo': 841506.31, 'sSolve': 1380885.91}
2025-02-11 07:01 | INFO | Single best solver time test = sKizzo (841506.31)
2025-02-11 07:01 | INFO | Training Time Passive Learning Classifier: 1.57 seconds
2025-02-11 07:02 | INFO | Training Time Passive Learning Regressor: 1.01 seconds
2025-02-11 07:02 | INFO | Passive Learning Classifier Runtime on Validation Set: 1348379.58
2025-02-11 07:02 | INFO | Passive Learning Classifier Runtime on Test Set: 337379.75
2025-02-11 07:02 | INFO | Passive Learning Instance Cost: 6109501.64
2025-02-11 07:02 | INFO | Passive Learning Emissions: 0.000122309419949209
2025-02-11 07:02 | INFO | Passive Learning Energy Consumption: 0.00013307577215422903 kWh
2025-02-11 07:02 | INFO | Training Time Active Learning Classifier: 0.55 seconds
2025-02-11 07:02 | INFO | Training Time Active Learning Regressor: 0.23 seconds
2025-02-11 07:02 | INFO | Initial Active Learning Runtime on Validation Set: 2105624.98
2025-02-11 07:02 | INFO | Initial Active Learning Runtime on Test Set: 874512.84
2025-02-11 07:02 | INFO | Initial Active Learning Instance Cost: 6233.62
2025-02-11 07:02 | INFO | Bin size = 74
2025-02-11 07:02 | INFO | Query 1 Size of the uncertainty table is = 7478/7390
2025-02-11 07:02 | INFO | Query 1 Size of the filtered table is = 74
2025-02-11 07:02 | INFO | Training Time Active Learning Classifier: 0.54 seconds
2025-02-11 07:02 | INFO | Training Time Active Learning Regressor: 0.25 seconds
2025-02-11 07:02 | INFO | Query 1 Active Learning Runtime on Validation Set: 2141551.69
2025-02-11 07:02 | INFO | Query 1 Active Learning Runtime on Test Set: 841455.78
2025-02-11 07:02 | INFO | Query 1 Active Learning Instance Cost: 12084.27
2025-02-11 07:02 | INFO | Timeout limit is increased to 200
2025-02-11 07:02 | INFO | Query 2 Size of the uncertainty table is = 7402/7390
2025-02-11 07:02 | INFO | Query 2 Size of the filtered table is = 74
2025-02-11 07:02 | INFO | Training Time Active Learning Classifier: 0.54 seconds
2025-02-11 07:02 | INFO | Training Time Active Learning Regressor: 0.27 seconds
2025-02-11 07:02 | INFO | Query 2 Active Learning Runtime on Validation Set: 2105568.96
2025-02-11 07:02 | INFO | Query 2 Active Learning Runtime on Test Set: 804538.69
2025-02-11 07:02 | INFO | Query 2 Active Learning Instance Cost: 24188.38
2025-02-11 07:02 | INFO | Query 3 Size of the uncertainty table is = 7286/7390
2025-02-11 07:02 | INFO | Query 3 Size of the filtered table is = 74
2025-02-11 07:02 | INFO | Training Time Active Learning Classifier: 0.56 seconds
2025-02-11 07:02 | INFO | Training Time Active Learning Regressor: 0.28 seconds
2025-02-11 07:02 | INFO | Query 3 Active Learning Runtime on Validation Set: 2039207.37
2025-02-11 07:02 | INFO | Query 3 Active Learning Runtime on Test Set: 804539.37
2025-02-11 07:02 | INFO | Query 3 Active Learning Instance Cost: 38106.81
2025-02-11 07:02 | INFO | Query 4 Size of the uncertainty table is = 7200/7390
2025-02-11 07:02 | INFO | Query 4 Size of the filtered table is = 74
2025-02-11 07:02 | INFO | Training Time Active Learning Classifier: 0.57 seconds
2025-02-11 07:02 | INFO | Training Time Active Learning Regressor: 0.31 seconds
2025-02-11 07:03 | INFO | Query 4 Active Learning Runtime on Validation Set: 2181075.08
2025-02-11 07:03 | INFO | Query 4 Active Learning Runtime on Test Set: 664812.84
2025-02-11 07:03 | INFO | Query 4 Active Learning Instance Cost: 50021.59
2025-02-11 07:03 | INFO | Timeout limit is increased to 300
2025-02-11 07:03 | INFO | Query 5 Size of the uncertainty table is = 7086/7390
2025-02-11 07:03 | INFO | Query 5 Size of the filtered table is = 74
2025-02-11 07:03 | INFO | Training Time Active Learning Classifier: 0.58 seconds
2025-02-11 07:03 | INFO | Training Time Active Learning Regressor: 0.33 seconds
2025-02-11 07:03 | INFO | Query 5 Active Learning Runtime on Validation Set: 1679238.89
2025-02-11 07:03 | INFO | Query 5 Active Learning Runtime on Test Set: 628815.53
2025-02-11 07:03 | INFO | Query 5 Active Learning Instance Cost: 69284.4
2025-02-11 07:03 | INFO | Query 6 Size of the uncertainty table is = 6969/7390
2025-02-11 07:03 | INFO | Query 6 Size of the filtered table is = 74
2025-02-11 07:03 | INFO | Training Time Active Learning Classifier: 0.59 seconds
2025-02-11 07:03 | INFO | Training Time Active Learning Regressor: 0.42 seconds
2025-02-11 07:03 | INFO | Query 6 Active Learning Runtime on Validation Set: 1823240.6
2025-02-11 07:03 | INFO | Query 6 Active Learning Runtime on Test Set: 664852.59
2025-02-11 07:03 | INFO | Query 6 Active Learning Instance Cost: 87367.05
2025-02-11 07:03 | INFO | Timeout limit is increased to 400
2025-02-11 07:03 | INFO | Query 7 Size of the uncertainty table is = 6869/7390
2025-02-11 07:03 | INFO | Query 7 Size of the filtered table is = 74
2025-02-11 07:03 | INFO | Training Time Active Learning Classifier: 0.62 seconds
2025-02-11 07:03 | INFO | Training Time Active Learning Regressor: 0.37 seconds
2025-02-11 07:03 | INFO | Query 7 Active Learning Runtime on Validation Set: 1063083.13
2025-02-11 07:03 | INFO | Query 7 Active Learning Runtime on Test Set: 627098.61
2025-02-11 07:03 | INFO | Query 7 Active Learning Instance Cost: 109560.1
2025-02-11 07:03 | INFO | Query 8 Size of the uncertainty table is = 6734/7390
2025-02-11 07:03 | INFO | Query 8 Size of the filtered table is = 74
2025-02-11 07:03 | INFO | Training Time Active Learning Classifier: 0.63 seconds
2025-02-11 07:03 | INFO | Training Time Active Learning Regressor: 0.39 seconds
2025-02-11 07:03 | INFO | Query 8 Active Learning Runtime on Validation Set: 1066176.51
2025-02-11 07:03 | INFO | Query 8 Active Learning Runtime on Test Set: 556200.46
2025-02-11 07:03 | INFO | Query 8 Active Learning Instance Cost: 138318.42
2025-02-11 07:03 | INFO | Timeout limit is increased to 500
2025-02-11 07:03 | INFO | Query 9 Size of the uncertainty table is = 6639/7390
2025-02-11 07:03 | INFO | Query 9 Size of the filtered table is = 74
2025-02-11 07:03 | INFO | Training Time Active Learning Classifier: 0.65 seconds
2025-02-11 07:03 | INFO | Training Time Active Learning Regressor: 0.41 seconds
2025-02-11 07:04 | INFO | Query 9 Active Learning Runtime on Validation Set: 1096994.16
2025-02-11 07:04 | INFO | Query 9 Active Learning Runtime on Test Set: 520322.13
2025-02-11 07:04 | INFO | Query 9 Active Learning Instance Cost: 172967.25
2025-02-11 07:04 | INFO | Timeout limit is increased to 600
2025-02-11 07:04 | INFO | Query 10 Size of the uncertainty table is = 6526/7390
2025-02-11 07:04 | INFO | Query 10 Size of the filtered table is = 74
2025-02-11 07:04 | INFO | Training Time Active Learning Classifier: 0.67 seconds
2025-02-11 07:04 | INFO | Training Time Active Learning Regressor: 0.43 seconds
2025-02-11 07:04 | INFO | Query 10 Active Learning Runtime on Validation Set: 1027255.55
2025-02-11 07:04 | INFO | Query 10 Active Learning Runtime on Test Set: 521378.42
2025-02-11 07:04 | INFO | Query 10 Active Learning Instance Cost: 216817.3
2025-02-11 07:04 | INFO | Query 11 Size of the uncertainty table is = 6421/7390
2025-02-11 07:04 | INFO | Query 11 Size of the filtered table is = 74
2025-02-11 07:04 | INFO | Training Time Active Learning Classifier: 0.69 seconds
2025-02-11 07:04 | INFO | Training Time Active Learning Regressor: 0.45 seconds
2025-02-11 07:04 | INFO | Query 11 Active Learning Runtime on Validation Set: 1027285.98
2025-02-11 07:04 | INFO | Query 11 Active Learning Runtime on Test Set: 447656.84
2025-02-11 07:04 | INFO | Query 11 Active Learning Instance Cost: 258294.21
2025-02-11 07:04 | INFO | Timeout limit is increased to 700
2025-02-11 07:04 | INFO | Query 12 Size of the uncertainty table is = 6308/7390
2025-02-11 07:04 | INFO | Query 12 Size of the filtered table is = 74
2025-02-11 07:04 | INFO | Training Time Active Learning Classifier: 0.7 seconds
2025-02-11 07:04 | INFO | Training Time Active Learning Regressor: 0.47 seconds
2025-02-11 07:04 | INFO | Query 12 Active Learning Runtime on Validation Set: 1027285.14
2025-02-11 07:04 | INFO | Query 12 Active Learning Runtime on Test Set: 340281.28
2025-02-11 07:04 | INFO | Query 12 Active Learning Instance Cost: 297602.05
2025-02-11 07:04 | INFO | Query 13 Size of the uncertainty table is = 6195/7390
2025-02-11 07:04 | INFO | Query 13 Size of the filtered table is = 74
2025-02-11 07:04 | INFO | Training Time Active Learning Classifier: 0.72 seconds
2025-02-11 07:04 | INFO | Training Time Active Learning Regressor: 0.49 seconds
2025-02-11 07:04 | INFO | Query 13 Active Learning Runtime on Validation Set: 1279478.29
2025-02-11 07:04 | INFO | Query 13 Active Learning Runtime on Test Set: 412183.52
2025-02-11 07:04 | INFO | Query 13 Active Learning Instance Cost: 347785.84
2025-02-11 07:04 | INFO | Timeout limit is increased to 800
2025-02-11 07:04 | INFO | Query 14 Size of the uncertainty table is = 6090/7390
2025-02-11 07:04 | INFO | Query 14 Size of the filtered table is = 74
2025-02-11 07:04 | INFO | Training Time Active Learning Classifier: 0.75 seconds
2025-02-11 07:04 | INFO | Training Time Active Learning Regressor: 0.51 seconds
2025-02-11 07:05 | INFO | Query 14 Active Learning Runtime on Validation Set: 1096590.76
2025-02-11 07:05 | INFO | Query 14 Active Learning Runtime on Test Set: 448420.68
2025-02-11 07:05 | INFO | Query 14 Active Learning Instance Cost: 396279.55
2025-02-11 07:05 | INFO | Query 15 Size of the uncertainty table is = 5956/7390
2025-02-11 07:05 | INFO | Query 15 Size of the filtered table is = 74
2025-02-11 07:05 | INFO | Training Time Active Learning Classifier: 0.77 seconds
2025-02-11 07:05 | INFO | Training Time Active Learning Regressor: 0.53 seconds
2025-02-11 07:05 | INFO | Query 15 Active Learning Runtime on Validation Set: 991271.08
2025-02-11 07:05 | INFO | Query 15 Active Learning Runtime on Test Set: 412630.1
2025-02-11 07:05 | INFO | Query 15 Active Learning Instance Cost: 444674.37
2025-02-11 07:05 | INFO | Query 16 Size of the uncertainty table is = 5832/7390
2025-02-11 07:05 | INFO | Query 16 Size of the filtered table is = 74
2025-02-11 07:05 | INFO | Training Time Active Learning Classifier: 0.79 seconds
2025-02-11 07:05 | INFO | Training Time Active Learning Regressor: 0.56 seconds
2025-02-11 07:05 | INFO | Query 16 Active Learning Runtime on Validation Set: 1063002.38
2025-02-11 07:05 | INFO | Query 16 Active Learning Runtime on Test Set: 412651.35
2025-02-11 07:05 | INFO | Query 16 Active Learning Instance Cost: 496088.43
2025-02-11 07:05 | INFO | Timeout limit is increased to 900
2025-02-11 07:05 | INFO | Query 17 Size of the uncertainty table is = 5721/7390
2025-02-11 07:05 | INFO | Query 17 Size of the filtered table is = 74
2025-02-11 07:05 | INFO | Training Time Active Learning Classifier: 0.88 seconds
2025-02-11 07:05 | INFO | Training Time Active Learning Regressor: 0.58 seconds
2025-02-11 07:05 | INFO | Query 17 Active Learning Runtime on Validation Set: 1348415.2
2025-02-11 07:05 | INFO | Query 17 Active Learning Runtime on Test Set: 447181.3
2025-02-11 07:05 | INFO | Query 17 Active Learning Instance Cost: 555702.65
2025-02-11 07:05 | INFO | Timeout limit is increased to 1000
2025-02-11 07:05 | INFO | Query 18 Size of the uncertainty table is = 5602/7390
2025-02-11 07:05 | INFO | Query 18 Size of the filtered table is = 74
2025-02-11 07:05 | INFO | Training Time Active Learning Classifier: 0.84 seconds
2025-02-11 07:05 | INFO | Training Time Active Learning Regressor: 0.6 seconds
2025-02-11 07:05 | INFO | Query 18 Active Learning Runtime on Validation Set: 1348414.58
2025-02-11 07:05 | INFO | Query 18 Active Learning Runtime on Test Set: 516569.04
2025-02-11 07:05 | INFO | Query 18 Active Learning Instance Cost: 596676.02
2025-02-11 07:06 | INFO | Query 19 Size of the uncertainty table is = 5462/7390
2025-02-11 07:06 | INFO | Query 19 Size of the filtered table is = 74
2025-02-11 07:06 | INFO | Training Time Active Learning Classifier: 0.86 seconds
2025-02-11 07:06 | INFO | Training Time Active Learning Regressor: 0.62 seconds
2025-02-11 07:06 | INFO | Query 19 Active Learning Runtime on Validation Set: 1348416.72
2025-02-11 07:06 | INFO | Query 19 Active Learning Runtime on Test Set: 516696.98
2025-02-11 07:06 | INFO | Query 19 Active Learning Instance Cost: 645560.47
2025-02-11 07:06 | INFO | Timeout limit is increased to 1100
2025-02-11 07:06 | INFO | Query 20 Size of the uncertainty table is = 5332/7390
2025-02-11 07:06 | INFO | Query 20 Size of the filtered table is = 74
2025-02-11 07:06 | INFO | Training Time Active Learning Classifier: 0.89 seconds
2025-02-11 07:06 | INFO | Training Time Active Learning Regressor: 0.64 seconds
2025-02-11 07:06 | INFO | Query 20 Active Learning Runtime on Validation Set: 1348530.08
2025-02-11 07:06 | INFO | Query 20 Active Learning Runtime on Test Set: 481467.88
2025-02-11 07:06 | INFO | Query 20 Active Learning Instance Cost: 710987.76
2025-02-11 07:06 | INFO | Timeout limit is increased to 1200
2025-02-11 07:06 | INFO | Query 21 Size of the uncertainty table is = 5189/7390
2025-02-11 07:06 | INFO | Query 21 Size of the filtered table is = 74
2025-02-11 07:06 | INFO | Training Time Active Learning Classifier: 0.91 seconds
2025-02-11 07:06 | INFO | Training Time Active Learning Regressor: 0.65 seconds
2025-02-11 07:06 | INFO | Query 21 Active Learning Runtime on Validation Set: 1310070.65
2025-02-11 07:06 | INFO | Query 21 Active Learning Runtime on Test Set: 481699.52
2025-02-11 07:06 | INFO | Query 21 Active Learning Instance Cost: 766674.83
2025-02-11 07:06 | INFO | Query 22 Size of the uncertainty table is = 5062/7390
2025-02-11 07:06 | INFO | Query 22 Size of the filtered table is = 74
2025-02-11 07:06 | INFO | Training Time Active Learning Classifier: 0.95 seconds
2025-02-11 07:06 | INFO | Training Time Active Learning Regressor: 0.68 seconds
2025-02-11 07:06 | INFO | Query 22 Active Learning Runtime on Validation Set: 1276485.6
2025-02-11 07:06 | INFO | Query 22 Active Learning Runtime on Test Set: 445630.59
2025-02-11 07:06 | INFO | Query 22 Active Learning Instance Cost: 825367.38
2025-02-11 07:06 | INFO | Query 23 Size of the uncertainty table is = 4911/7390
2025-02-11 07:06 | INFO | Query 23 Size of the filtered table is = 74
2025-02-11 07:06 | INFO | Training Time Active Learning Classifier: 0.98 seconds
2025-02-11 07:06 | INFO | Training Time Active Learning Regressor: 0.7 seconds
2025-02-11 07:07 | INFO | Query 23 Active Learning Runtime on Validation Set: 1345912.0
2025-02-11 07:07 | INFO | Query 23 Active Learning Runtime on Test Set: 480205.64
2025-02-11 07:07 | INFO | Query 23 Active Learning Instance Cost: 877202.95
2025-02-11 07:07 | INFO | Timeout limit is increased to 1300
2025-02-11 07:07 | INFO | Query 24 Size of the uncertainty table is = 4768/7390
2025-02-11 07:07 | INFO | Query 24 Size of the filtered table is = 74
2025-02-11 07:07 | INFO | Training Time Active Learning Classifier: 1.02 seconds
2025-02-11 07:07 | INFO | Training Time Active Learning Regressor: 0.72 seconds
2025-02-11 07:07 | INFO | Query 24 Active Learning Runtime on Validation Set: 1312465.06
2025-02-11 07:07 | INFO | Query 24 Active Learning Runtime on Test Set: 444770.95
2025-02-11 07:07 | INFO | Query 24 Active Learning Instance Cost: 940717.28
2025-02-11 07:07 | INFO | Query 25 Size of the uncertainty table is = 4650/7390
2025-02-11 07:07 | INFO | Query 25 Size of the filtered table is = 74
2025-02-11 07:07 | INFO | Training Time Active Learning Classifier: 1.04 seconds
2025-02-11 07:07 | INFO | Training Time Active Learning Regressor: 0.75 seconds
2025-02-11 07:07 | INFO | Query 25 Active Learning Runtime on Validation Set: 1348356.51
2025-02-11 07:07 | INFO | Query 25 Active Learning Runtime on Test Set: 410134.09
2025-02-11 07:07 | INFO | Query 25 Active Learning Instance Cost: 1013092.61
2025-02-11 07:07 | INFO | Timeout limit is increased to 1400
2025-02-11 07:07 | INFO | Query 26 Size of the uncertainty table is = 4518/7390
2025-02-11 07:07 | INFO | Query 26 Size of the filtered table is = 74
2025-02-11 07:07 | INFO | Training Time Active Learning Classifier: 1.05 seconds
2025-02-11 07:07 | INFO | Training Time Active Learning Regressor: 0.75 seconds
2025-02-11 07:07 | INFO | Query 26 Active Learning Runtime on Validation Set: 1348359.7
2025-02-11 07:07 | INFO | Query 26 Active Learning Runtime on Test Set: 445590.42
2025-02-11 07:07 | INFO | Query 26 Active Learning Instance Cost: 1089284.44
2025-02-11 07:07 | INFO | Timeout limit is increased to 1500
2025-02-11 07:07 | INFO | Query 27 Size of the uncertainty table is = 4413/7390
2025-02-11 07:07 | INFO | Query 27 Size of the filtered table is = 74
2025-02-11 07:07 | INFO | Training Time Active Learning Classifier: 1.09 seconds
2025-02-11 07:07 | INFO | Training Time Active Learning Regressor: 0.78 seconds
2025-02-11 07:07 | INFO | Query 27 Active Learning Runtime on Validation Set: 1348359.34
2025-02-11 07:07 | INFO | Query 27 Active Learning Runtime on Test Set: 339234.0
2025-02-11 07:07 | INFO | Query 27 Active Learning Instance Cost: 1178385.7
2025-02-11 07:08 | INFO | Query 28 Size of the uncertainty table is = 4296/7390
2025-02-11 07:08 | INFO | Query 28 Size of the filtered table is = 74
2025-02-11 07:08 | INFO | Training Time Active Learning Classifier: 1.09 seconds
2025-02-11 07:08 | INFO | Training Time Active Learning Regressor: 0.79 seconds
2025-02-11 07:08 | INFO | Query 28 Active Learning Runtime on Validation Set: 1312461.48
2025-02-11 07:08 | INFO | Query 28 Active Learning Runtime on Test Set: 410600.35
2025-02-11 07:08 | INFO | Query 28 Active Learning Instance Cost: 1256755.62
2025-02-11 07:08 | INFO | Query 29 Size of the uncertainty table is = 4190/7390
2025-02-11 07:08 | INFO | Query 29 Size of the filtered table is = 74
2025-02-11 07:08 | INFO | Training Time Active Learning Classifier: 1.12 seconds
2025-02-11 07:08 | INFO | Training Time Active Learning Regressor: 0.8 seconds
2025-02-11 07:08 | INFO | Query 29 Active Learning Runtime on Validation Set: 1312464.81
2025-02-11 07:08 | INFO | Query 29 Active Learning Runtime on Test Set: 337304.92
2025-02-11 07:08 | INFO | Query 29 Active Learning Instance Cost: 1325046.77
2025-02-11 07:08 | INFO | Timeout limit is increased to 1600
2025-02-11 07:08 | INFO | Query 30 Size of the uncertainty table is = 4051/7390
2025-02-11 07:08 | INFO | Query 30 Size of the filtered table is = 74
2025-02-11 07:08 | INFO | Training Time Active Learning Classifier: 1.16 seconds
2025-02-11 07:08 | INFO | Training Time Active Learning Regressor: 0.82 seconds
2025-02-11 07:08 | INFO | Query 30 Active Learning Runtime on Validation Set: 1312464.82
2025-02-11 07:08 | INFO | Query 30 Active Learning Runtime on Test Set: 301882.7
2025-02-11 07:08 | INFO | Query 30 Active Learning Instance Cost: 1399993.1
2025-02-11 07:08 | INFO | Timeout limit is increased to 1700
2025-02-11 07:08 | INFO | Query 31 Size of the uncertainty table is = 3925/7390
2025-02-11 07:08 | INFO | Query 31 Size of the filtered table is = 74
2025-02-11 07:08 | INFO | Training Time Active Learning Classifier: 1.17 seconds
2025-02-11 07:08 | INFO | Training Time Active Learning Regressor: 0.84 seconds
2025-02-11 07:08 | INFO | Query 31 Active Learning Runtime on Validation Set: 1312465.03
2025-02-11 07:08 | INFO | Query 31 Active Learning Runtime on Test Set: 337833.65
2025-02-11 07:08 | INFO | Query 31 Active Learning Instance Cost: 1472498.4
2025-02-11 07:08 | INFO | Timeout limit is increased to 1800
2025-02-11 07:08 | INFO | Query 32 Size of the uncertainty table is = 3794/7390
2025-02-11 07:08 | INFO | Query 32 Size of the filtered table is = 74
2025-02-11 07:08 | INFO | Training Time Active Learning Classifier: 1.19 seconds
2025-02-11 07:08 | INFO | Training Time Active Learning Regressor: 0.83 seconds
2025-02-11 07:09 | INFO | Query 32 Active Learning Runtime on Validation Set: 1312465.0
2025-02-11 07:09 | INFO | Query 32 Active Learning Runtime on Test Set: 373203.34
2025-02-11 07:09 | INFO | Query 32 Active Learning Instance Cost: 1538905.57
2025-02-11 07:09 | INFO | Query 33 Size of the uncertainty table is = 3677/7390
2025-02-11 07:09 | INFO | Query 33 Size of the filtered table is = 74
2025-02-11 07:09 | INFO | Training Time Active Learning Classifier: 1.22 seconds
2025-02-11 07:09 | INFO | Training Time Active Learning Regressor: 0.85 seconds
2025-02-11 07:09 | INFO | Query 33 Active Learning Runtime on Validation Set: 1348390.98
2025-02-11 07:09 | INFO | Query 33 Active Learning Runtime on Test Set: 337252.42
2025-02-11 07:09 | INFO | Query 33 Active Learning Instance Cost: 1595045.58
2025-02-11 07:09 | INFO | Timeout limit is increased to 1900
2025-02-11 07:09 | INFO | Query 34 Size of the uncertainty table is = 3567/7390
2025-02-11 07:09 | INFO | Query 34 Size of the filtered table is = 74
2025-02-11 07:09 | INFO | Training Time Active Learning Classifier: 1.24 seconds
2025-02-11 07:09 | INFO | Training Time Active Learning Regressor: 0.87 seconds
2025-02-11 07:09 | INFO | Query 34 Active Learning Runtime on Validation Set: 1348365.6
2025-02-11 07:09 | INFO | Query 34 Active Learning Runtime on Test Set: 337705.89
2025-02-11 07:09 | INFO | Query 34 Active Learning Instance Cost: 1658645.96
2025-02-11 07:09 | INFO | Query 35 Size of the uncertainty table is = 3463/7390
2025-02-11 07:09 | INFO | Query 35 Size of the filtered table is = 74
2025-02-11 07:09 | INFO | Training Time Active Learning Classifier: 1.26 seconds
2025-02-11 07:09 | INFO | Training Time Active Learning Regressor: 0.88 seconds
2025-02-11 07:09 | INFO | Query 35 Active Learning Runtime on Validation Set: 1312470.95
2025-02-11 07:09 | INFO | Query 35 Active Learning Runtime on Test Set: 337588.89
2025-02-11 07:09 | INFO | Query 35 Active Learning Instance Cost: 1736407.6
2025-02-11 07:09 | INFO | Query 36 Size of the uncertainty table is = 3374/7390
2025-02-11 07:09 | INFO | Query 36 Size of the filtered table is = 74
2025-02-11 07:09 | INFO | Training Time Active Learning Classifier: 1.28 seconds
2025-02-11 07:09 | INFO | Training Time Active Learning Regressor: 0.88 seconds
2025-02-11 07:10 | INFO | Query 36 Active Learning Runtime on Validation Set: 1348359.68
2025-02-11 07:10 | INFO | Query 36 Active Learning Runtime on Test Set: 302219.89
2025-02-11 07:10 | INFO | Query 36 Active Learning Instance Cost: 1808144.95
2025-02-11 07:10 | INFO | Timeout limit is increased to 2000
2025-02-11 07:10 | INFO | Query 37 Size of the uncertainty table is = 3304/7390
2025-02-11 07:10 | INFO | Query 37 Size of the filtered table is = 74
2025-02-11 07:10 | INFO | Training Time Active Learning Classifier: 1.3 seconds
2025-02-11 07:10 | INFO | Training Time Active Learning Regressor: 0.89 seconds
2025-02-11 07:10 | INFO | Query 37 Active Learning Runtime on Validation Set: 1312461.84
2025-02-11 07:10 | INFO | Query 37 Active Learning Runtime on Test Set: 373200.36
2025-02-11 07:10 | INFO | Query 37 Active Learning Instance Cost: 1880645.63
2025-02-11 07:10 | INFO | Query 38 Size of the uncertainty table is = 3224/7390
2025-02-11 07:10 | INFO | Query 38 Size of the filtered table is = 74
2025-02-11 07:10 | INFO | Training Time Active Learning Classifier: 1.31 seconds
2025-02-11 07:10 | INFO | Training Time Active Learning Regressor: 0.91 seconds
2025-02-11 07:10 | INFO | Query 38 Active Learning Runtime on Validation Set: 1312465.69
2025-02-11 07:10 | INFO | Query 38 Active Learning Runtime on Test Set: 373071.93
2025-02-11 07:10 | INFO | Query 38 Active Learning Instance Cost: 1936817.88
2025-02-11 07:10 | INFO | Timeout limit is increased to 2100
2025-02-11 07:10 | INFO | Query 39 Size of the uncertainty table is = 3156/7390
2025-02-11 07:10 | INFO | Query 39 Size of the filtered table is = 74
2025-02-11 07:10 | INFO | Training Time Active Learning Classifier: 1.33 seconds
2025-02-11 07:10 | INFO | Training Time Active Learning Regressor: 0.9 seconds
2025-02-11 07:10 | INFO | Query 39 Active Learning Runtime on Validation Set: 1348359.62
2025-02-11 07:10 | INFO | Query 39 Active Learning Runtime on Test Set: 372562.94
2025-02-11 07:10 | INFO | Query 39 Active Learning Instance Cost: 2012464.41
2025-02-11 07:10 | INFO | Timeout limit is increased to 2200
2025-02-11 07:10 | INFO | Query 40 Size of the uncertainty table is = 3090/7390
2025-02-11 07:10 | INFO | Query 40 Size of the filtered table is = 74
2025-02-11 07:10 | INFO | Training Time Active Learning Classifier: 1.34 seconds
2025-02-11 07:10 | INFO | Training Time Active Learning Regressor: 0.91 seconds
2025-02-11 07:10 | INFO | Query 40 Active Learning Runtime on Validation Set: 1312464.9
2025-02-11 07:10 | INFO | Query 40 Active Learning Runtime on Test Set: 337193.2
2025-02-11 07:10 | INFO | Query 40 Active Learning Instance Cost: 2096814.78
2025-02-11 07:10 | INFO | Query 41 Size of the uncertainty table is = 3059/7390
2025-02-11 07:10 | INFO | Query 41 Size of the filtered table is = 74
2025-02-11 07:10 | INFO | Training Time Active Learning Classifier: 1.34 seconds
2025-02-11 07:10 | INFO | Training Time Active Learning Regressor: 0.91 seconds
2025-02-11 07:11 | INFO | Query 41 Active Learning Runtime on Validation Set: 1312464.92
2025-02-11 07:11 | INFO | Query 41 Active Learning Runtime on Test Set: 337702.14
2025-02-11 07:11 | INFO | Query 41 Active Learning Instance Cost: 2163916.0
2025-02-11 07:11 | INFO | Timeout limit is increased to 2300
2025-02-11 07:11 | INFO | Query 42 Size of the uncertainty table is = 3006/7390
2025-02-11 07:11 | INFO | Query 42 Size of the filtered table is = 74
2025-02-11 07:11 | INFO | Training Time Active Learning Classifier: 1.35 seconds
2025-02-11 07:11 | INFO | Training Time Active Learning Regressor: 0.92 seconds
2025-02-11 07:11 | INFO | Query 42 Active Learning Runtime on Validation Set: 1348359.55
2025-02-11 07:11 | INFO | Query 42 Active Learning Runtime on Test Set: 337193.2
2025-02-11 07:11 | INFO | Query 42 Active Learning Instance Cost: 2233467.1
2025-02-11 07:11 | INFO | Timeout limit is increased to 2400
2025-02-11 07:11 | INFO | Query 43 Size of the uncertainty table is = 2958/7390
2025-02-11 07:11 | INFO | Query 43 Size of the filtered table is = 74
2025-02-11 07:11 | INFO | Training Time Active Learning Classifier: 1.36 seconds
2025-02-11 07:11 | INFO | Training Time Active Learning Regressor: 0.92 seconds
2025-02-11 07:11 | INFO | Query 43 Active Learning Runtime on Validation Set: 1348356.31
2025-02-11 07:11 | INFO | Query 43 Active Learning Runtime on Test Set: 373199.61
2025-02-11 07:11 | INFO | Query 43 Active Learning Instance Cost: 2300203.75
2025-02-11 07:11 | INFO | Query 44 Size of the uncertainty table is = 2894/7390
2025-02-11 07:11 | INFO | Query 44 Size of the filtered table is = 74
2025-02-11 07:11 | INFO | Training Time Active Learning Classifier: 1.36 seconds
2025-02-11 07:11 | INFO | Training Time Active Learning Regressor: 0.92 seconds
2025-02-11 07:11 | INFO | Query 44 Active Learning Runtime on Validation Set: 1348359.66
2025-02-11 07:11 | INFO | Query 44 Active Learning Runtime on Test Set: 337193.29
2025-02-11 07:11 | INFO | Query 44 Active Learning Instance Cost: 2344751.47
2025-02-11 07:11 | INFO | Timeout limit is increased to 2500
2025-02-11 07:11 | INFO | Query 45 Size of the uncertainty table is = 2869/7390
2025-02-11 07:11 | INFO | Query 45 Size of the filtered table is = 74
2025-02-11 07:11 | INFO | Training Time Active Learning Classifier: 1.4 seconds
2025-02-11 07:11 | INFO | Training Time Active Learning Regressor: 0.94 seconds
2025-02-11 07:12 | INFO | Query 45 Active Learning Runtime on Validation Set: 1348359.68
2025-02-11 07:12 | INFO | Query 45 Active Learning Runtime on Test Set: 337321.01
2025-02-11 07:12 | INFO | Query 45 Active Learning Instance Cost: 2391665.38
2025-02-11 07:12 | INFO | Timeout limit is increased to 2600
2025-02-11 07:12 | INFO | Query 46 Size of the uncertainty table is = 2841/7390
2025-02-11 07:12 | INFO | Query 46 Size of the filtered table is = 74
2025-02-11 07:12 | INFO | Training Time Active Learning Classifier: 1.37 seconds
2025-02-11 07:12 | INFO | Training Time Active Learning Regressor: 0.93 seconds
2025-02-11 07:12 | INFO | Query 46 Active Learning Runtime on Validation Set: 1348359.67
2025-02-11 07:12 | INFO | Query 46 Active Learning Runtime on Test Set: 337193.23
2025-02-11 07:12 | INFO | Query 46 Active Learning Instance Cost: 2460271.74
2025-02-11 07:12 | INFO | Query 47 Size of the uncertainty table is = 2804/7390
2025-02-11 07:12 | INFO | Query 47 Size of the filtered table is = 74
2025-02-11 07:12 | INFO | Training Time Active Learning Classifier: 1.39 seconds
2025-02-11 07:12 | INFO | Training Time Active Learning Regressor: 0.93 seconds
2025-02-11 07:12 | INFO | Query 47 Active Learning Runtime on Validation Set: 1384344.86
2025-02-11 07:12 | INFO | Query 47 Active Learning Runtime on Test Set: 372562.97
2025-02-11 07:12 | INFO | Query 47 Active Learning Instance Cost: 2517040.06
2025-02-11 07:12 | INFO | Timeout limit is increased to 2700
2025-02-11 07:12 | INFO | Query 48 Size of the uncertainty table is = 2778/7390
2025-02-11 07:12 | INFO | Query 48 Size of the filtered table is = 74
2025-02-11 07:12 | INFO | Training Time Active Learning Classifier: 1.39 seconds
2025-02-11 07:12 | INFO | Training Time Active Learning Regressor: 0.94 seconds
2025-02-11 07:12 | INFO | Query 48 Active Learning Runtime on Validation Set: 1348359.68
2025-02-11 07:12 | INFO | Query 48 Active Learning Runtime on Test Set: 372563.03
2025-02-11 07:12 | INFO | Query 48 Active Learning Instance Cost: 2582679.67
2025-02-11 07:12 | INFO | Query 49 Size of the uncertainty table is = 2759/7390
2025-02-11 07:12 | INFO | Query 49 Size of the filtered table is = 74
2025-02-11 07:12 | INFO | Training Time Active Learning Classifier: 1.4 seconds
2025-02-11 07:12 | INFO | Training Time Active Learning Regressor: 0.95 seconds
2025-02-11 07:12 | INFO | Query 49 Active Learning Runtime on Validation Set: 1348359.66
2025-02-11 07:12 | INFO | Query 49 Active Learning Runtime on Test Set: 337702.17
2025-02-11 07:12 | INFO | Query 49 Active Learning Instance Cost: 2619436.74
2025-02-11 07:12 | INFO | Query 50 Size of the uncertainty table is = 2733/7390
2025-02-11 07:12 | INFO | Query 50 Size of the filtered table is = 74
2025-02-11 07:12 | INFO | Training Time Active Learning Classifier: 1.4 seconds
2025-02-11 07:12 | INFO | Training Time Active Learning Regressor: 0.95 seconds
2025-02-11 07:13 | INFO | Query 50 Active Learning Runtime on Validation Set: 1348359.66
2025-02-11 07:13 | INFO | Query 50 Active Learning Runtime on Test Set: 337829.87
2025-02-11 07:13 | INFO | Query 50 Active Learning Instance Cost: 2677041.43
2025-02-11 07:13 | INFO | Timeout limit is increased to 2800
2025-02-11 07:13 | INFO | Query 51 Size of the uncertainty table is = 2707/7390
2025-02-11 07:13 | INFO | Query 51 Size of the filtered table is = 74
2025-02-11 07:13 | INFO | Training Time Active Learning Classifier: 1.4 seconds
2025-02-11 07:13 | INFO | Training Time Active Learning Regressor: 0.96 seconds
2025-02-11 07:13 | INFO | Query 51 Active Learning Runtime on Validation Set: 1348359.66
2025-02-11 07:13 | INFO | Query 51 Active Learning Runtime on Test Set: 337829.87
2025-02-11 07:13 | INFO | Query 51 Active Learning Instance Cost: 2718906.58
2025-02-11 07:13 | INFO | Timeout limit is increased to 2900
2025-02-11 07:13 | INFO | Query 52 Size of the uncertainty table is = 2698/7390
2025-02-11 07:13 | INFO | Query 52 Size of the filtered table is = 74
2025-02-11 07:13 | INFO | Training Time Active Learning Classifier: 1.41 seconds
2025-02-11 07:13 | INFO | Training Time Active Learning Regressor: 0.95 seconds
2025-02-11 07:13 | INFO | Query 52 Active Learning Runtime on Validation Set: 1348359.68
2025-02-11 07:13 | INFO | Query 52 Active Learning Runtime on Test Set: 337829.87
2025-02-11 07:13 | INFO | Query 52 Active Learning Instance Cost: 2772195.7
2025-02-11 07:13 | INFO | Timeout limit is increased to 3000
2025-02-11 07:13 | INFO | Query 53 Size of the uncertainty table is = 2681/7390
2025-02-11 07:13 | INFO | Query 53 Size of the filtered table is = 74
2025-02-11 07:13 | INFO | Training Time Active Learning Classifier: 1.41 seconds
2025-02-11 07:13 | INFO | Training Time Active Learning Regressor: 0.95 seconds
2025-02-11 07:13 | INFO | Query 53 Active Learning Runtime on Validation Set: 1348359.68
2025-02-11 07:13 | INFO | Query 53 Active Learning Runtime on Test Set: 337829.87
2025-02-11 07:13 | INFO | Query 53 Active Learning Instance Cost: 2837344.79
2025-02-11 07:13 | INFO | Timeout limit is increased to 3100
2025-02-11 07:13 | INFO | Query 54 Size of the uncertainty table is = 2664/7390
2025-02-11 07:13 | INFO | Query 54 Size of the filtered table is = 74
2025-02-11 07:13 | INFO | Training Time Active Learning Classifier: 1.41 seconds
2025-02-11 07:13 | INFO | Training Time Active Learning Regressor: 0.96 seconds
2025-02-11 07:14 | INFO | Query 54 Active Learning Runtime on Validation Set: 1348352.04
2025-02-11 07:14 | INFO | Query 54 Active Learning Runtime on Test Set: 302010.07
2025-02-11 07:14 | INFO | Query 54 Active Learning Instance Cost: 2917974.79
2025-02-11 07:14 | INFO | Query 55 Size of the uncertainty table is = 2640/7390
2025-02-11 07:14 | INFO | Query 55 Size of the filtered table is = 74
2025-02-11 07:14 | INFO | Training Time Active Learning Classifier: 1.42 seconds
2025-02-11 07:14 | INFO | Training Time Active Learning Regressor: 0.97 seconds
2025-02-11 07:14 | INFO | Query 55 Active Learning Runtime on Validation Set: 1384344.87
2025-02-11 07:14 | INFO | Query 55 Active Learning Runtime on Test Set: 337320.93
2025-02-11 07:14 | INFO | Query 55 Active Learning Instance Cost: 2977020.87
2025-02-11 07:14 | INFO | Timeout limit is increased to 3200
2025-02-11 07:14 | INFO | Query 56 Size of the uncertainty table is = 2623/7390
2025-02-11 07:14 | INFO | Query 56 Size of the filtered table is = 74
2025-02-11 07:14 | INFO | Training Time Active Learning Classifier: 1.42 seconds
2025-02-11 07:14 | INFO | Training Time Active Learning Regressor: 0.96 seconds
2025-02-11 07:14 | INFO | Query 56 Active Learning Runtime on Validation Set: 1384337.23
2025-02-11 07:14 | INFO | Query 56 Active Learning Runtime on Test Set: 301501.07
2025-02-11 07:14 | INFO | Query 56 Active Learning Instance Cost: 3024283.87
2025-02-11 07:14 | INFO | Query 57 Size of the uncertainty table is = 2604/7390
2025-02-11 07:14 | INFO | Query 57 Size of the filtered table is = 74
2025-02-11 07:14 | INFO | Training Time Active Learning Classifier: 1.42 seconds
2025-02-11 07:14 | INFO | Training Time Active Learning Regressor: 0.96 seconds
2025-02-11 07:14 | INFO | Query 57 Active Learning Runtime on Validation Set: 1384337.23
2025-02-11 07:14 | INFO | Query 57 Active Learning Runtime on Test Set: 301501.07
2025-02-11 07:14 | INFO | Query 57 Active Learning Instance Cost: 3067805.37
2025-02-11 07:14 | INFO | Timeout limit is increased to 3300
2025-02-11 07:14 | INFO | Query 58 Size of the uncertainty table is = 2591/7390
2025-02-11 07:14 | INFO | Query 58 Size of the filtered table is = 74
2025-02-11 07:14 | INFO | Training Time Active Learning Classifier: 1.44 seconds
2025-02-11 07:14 | INFO | Training Time Active Learning Regressor: 0.97 seconds
2025-02-11 07:14 | INFO | Query 58 Active Learning Runtime on Validation Set: 1384337.23
2025-02-11 07:14 | INFO | Query 58 Active Learning Runtime on Test Set: 301400.75
2025-02-11 07:14 | INFO | Query 58 Active Learning Instance Cost: 3135370.02
2025-02-11 07:14 | INFO | Timeout limit is increased to 3400
2025-02-11 07:14 | INFO | Query 59 Size of the uncertainty table is = 2572/7390
2025-02-11 07:14 | INFO | Query 59 Size of the filtered table is = 74
2025-02-11 07:14 | INFO | Training Time Active Learning Classifier: 1.43 seconds
2025-02-11 07:14 | INFO | Training Time Active Learning Regressor: 0.97 seconds
2025-02-11 07:15 | INFO | Query 59 Active Learning Runtime on Validation Set: 1384337.23
2025-02-11 07:15 | INFO | Query 59 Active Learning Runtime on Test Set: 337496.31
2025-02-11 07:15 | INFO | Query 59 Active Learning Instance Cost: 3198537.51
2025-02-11 07:15 | INFO | Timeout limit is increased to 3500
2025-02-11 07:15 | INFO | Query 60 Size of the uncertainty table is = 2554/7390
2025-02-11 07:15 | INFO | Query 60 Size of the filtered table is = 74
2025-02-11 07:15 | INFO | Training Time Active Learning Classifier: 1.43 seconds
2025-02-11 07:15 | INFO | Training Time Active Learning Regressor: 0.96 seconds
2025-02-11 07:15 | INFO | Query 60 Active Learning Runtime on Validation Set: 1384344.87
2025-02-11 07:15 | INFO | Query 60 Active Learning Runtime on Test Set: 337396.05
2025-02-11 07:15 | INFO | Query 60 Active Learning Instance Cost: 3253002.65
2025-02-11 07:15 | INFO | Timeout limit is increased to 3600
2025-02-11 07:15 | INFO | Query 61 Size of the uncertainty table is = 2525/7390
2025-02-11 07:15 | INFO | Query 61 Size of the filtered table is = 74
2025-02-11 07:15 | INFO | Training Time Active Learning Classifier: 1.44 seconds
2025-02-11 07:15 | INFO | Training Time Active Learning Regressor: 0.97 seconds
2025-02-11 07:15 | INFO | Query 61 Active Learning Runtime on Validation Set: 1384344.88
2025-02-11 07:15 | INFO | Query 61 Active Learning Runtime on Test Set: 373215.85
2025-02-11 07:15 | INFO | Query 61 Active Learning Instance Cost: 3322098.63
2025-02-11 07:15 | INFO | Timeout limit is increased to 3600
2025-02-11 07:15 | INFO | Query 62 Size of the uncertainty table is = 867/7390
2025-02-11 07:15 | INFO | Query 62 Size of the filtered table is = 74
2025-02-11 07:15 | INFO | Training Time Active Learning Classifier: 1.47 seconds
2025-02-11 07:15 | INFO | Training Time Active Learning Regressor: 0.98 seconds
2025-02-11 07:15 | INFO | Query 62 Active Learning Runtime on Validation Set: 1312457.46
2025-02-11 07:15 | INFO | Query 62 Active Learning Runtime on Test Set: 336860.5
2025-02-11 07:15 | INFO | Query 62 Active Learning Instance Cost: 3339273.34
2025-02-11 07:15 | INFO | Query 63 Size of the uncertainty table is = 688/7390
2025-02-11 07:15 | INFO | Query 63 Size of the filtered table is = 74
2025-02-11 07:15 | INFO | Training Time Active Learning Classifier: 1.51 seconds
2025-02-11 07:15 | INFO | Training Time Active Learning Regressor: 1.0 seconds
2025-02-11 07:15 | INFO | Query 63 Active Learning Runtime on Validation Set: 1348442.84
2025-02-11 07:15 | INFO | Query 63 Active Learning Runtime on Test Set: 301909.69
2025-02-11 07:15 | INFO | Query 63 Active Learning Instance Cost: 3352325.63
2025-02-11 07:15 | INFO | Timeout limit is increased to 3600
2025-02-11 07:15 | INFO | Query 64 Size of the uncertainty table is = 546/7390
2025-02-11 07:15 | INFO | Query 64 Size of the filtered table is = 74
2025-02-11 07:15 | INFO | Training Time Active Learning Classifier: 1.53 seconds
2025-02-11 07:16 | INFO | Training Time Active Learning Regressor: 1.01 seconds
2025-02-11 07:16 | INFO | Query 64 Active Learning Runtime on Validation Set: 1312454.39
2025-02-11 07:16 | INFO | Query 64 Active Learning Runtime on Test Set: 336960.82
2025-02-11 07:16 | INFO | Query 64 Active Learning Instance Cost: 3352749.03
2025-02-11 07:16 | INFO | Query 65 Size of the uncertainty table is = 392/7390
2025-02-11 07:16 | INFO | Query 65 Size of the filtered table is = 74
2025-02-11 07:16 | INFO | Training Time Active Learning Classifier: 1.58 seconds
2025-02-11 07:16 | INFO | Training Time Active Learning Regressor: 1.02 seconds
2025-02-11 07:16 | INFO | Query 65 Active Learning Runtime on Validation Set: 1348352.22
2025-02-11 07:16 | INFO | Query 65 Active Learning Runtime on Test Set: 336870.81
2025-02-11 07:16 | INFO | Query 65 Active Learning Instance Cost: 3355200.67
2025-02-11 07:16 | INFO | Timeout limit is increased to 3600
2025-02-11 07:16 | INFO | Query 66 Size of the uncertainty table is = 259/7390
2025-02-11 07:16 | INFO | Query 66 Size of the filtered table is = 74
2025-02-11 07:16 | INFO | Training Time Active Learning Classifier: 1.57 seconds
2025-02-11 07:16 | INFO | Training Time Active Learning Regressor: 1.02 seconds
2025-02-11 07:16 | INFO | Query 66 Active Learning Runtime on Validation Set: 1348352.27
2025-02-11 07:16 | INFO | Query 66 Active Learning Runtime on Test Set: 372590.35
2025-02-11 07:16 | INFO | Query 66 Active Learning Instance Cost: 3357969.36
2025-02-11 07:16 | INFO | Timeout limit is increased to 3600
2025-02-11 07:16 | INFO | Query 67 Size of the uncertainty table is = 104/7390
2025-02-11 07:16 | INFO | Query 67 Size of the filtered table is = 74
2025-02-11 07:16 | INFO | Training Time Active Learning Classifier: 1.58 seconds
2025-02-11 07:16 | INFO | Training Time Active Learning Regressor: 1.02 seconds
2025-02-11 07:16 | INFO | Query 67 Active Learning Runtime on Validation Set: 1312457.64
2025-02-11 07:16 | INFO | Query 67 Active Learning Runtime on Test Set: 336770.49
2025-02-11 07:16 | INFO | Query 67 Active Learning Instance Cost: 3358121.81
2025-02-11 07:16 | INFO | Active Learning Emissions: 0.010286623164126811
2025-02-11 07:16 | INFO | Active Learning Energy Consumption: 0.011192108678090472 kWh
2025-02-11 07:16 | INFO | runtime_test_score is written as json file
2025-02-11 07:16 | INFO | runtime_validation_score is written as json file
2025-02-11 07:16 | INFO | instance_cost is written as json file
2025-02-11 07:16 | INFO | Experiment is finished
