2025-02-11 06:34 | INFO | Paramaters are: {'dataset': 'MAXSAT19-UCMS', 'penalty': 10, 'weight': 'No_Weight', 'voting': 'Hard', 'pre_selection_size': 64, 'pre_selection_technique': 'No_pre_selection', 'feature_elimination_threshold': 20, 'imputer_strategy': 'median', 'feature_selection_technique': 'No_feature_selection', 'feature_scaling_technique': 'StandardScaler', 'initial_train_size': 20, 'query_size': 1, 'timeout_predictor_usage': 'No', 'pareto_features': {'Uncertainty': 'max', 'PredCost': 'min'}, 'timeout_limit': 100, 'timeout_increase_rate': 100, 'penalty_type': 'Only-timeout-penalty', 'RANDOM_STATE_SEED': 42, 'n_splits': 10, 'split_number': 3, 'max_timeout': 3600, 'param_grid': {'n_estimators': 100, 'max_features': 'sqrt', 'max_depth': 2147483648, 'min_samples_split': 2, 'bootstrap': True}}
2025-02-11 06:34 | INFO | MAXSAT19-UCMS is current dataset
2025-02-11 06:34 | INFO | DATASETS/MAXSAT19-UCMS/algorithm_runs.arff is found
2025-02-11 06:34 | INFO | DATASETS/MAXSAT19-UCMS/algorithm_runs.arff is finished
2025-02-11 06:34 | INFO | DATASETS/MAXSAT19-UCMS/feature_values.arff is found
2025-02-11 06:34 | INFO | DATASETS/MAXSAT19-UCMS/feature_values.arff is finished
2025-02-11 06:34 | INFO | DATASETS/MAXSAT19-UCMS/feature_costs.arff is found
2025-02-11 06:34 | INFO | DATASETS/MAXSAT19-UCMS/feature_costs.arff is finished
2025-02-11 06:34 | INFO | Virtual best solver time in train = 53180.51
2025-02-11 06:34 | INFO | Single best solver list train = {'MaxHS': 1054143.89, 'Open.WBO.g': 1589772.0, 'Open.WBO.ms': 1410313.65, 'Open.WBO.ms.pre': 1976758.34, 'QMaxSAT2018': 3856243.43, 'UWrMaxSAT': 1353272.72, 'maxino2018': 1650150.93}
2025-02-11 06:34 | INFO | Single best solver time train = MaxHS (1054143.89)
2025-02-11 06:34 | INFO | Virtual best solver time in validation = 9018.43
2025-02-11 06:34 | INFO | Single best solver list validation = {'MaxHS': 295499.74, 'Open.WBO.g': 192026.42, 'Open.WBO.ms': 155149.3, 'Open.WBO.ms.pre': 221054.09, 'QMaxSAT2018': 548956.21, 'UWrMaxSAT': 149582.46, 'maxino2018': 223109.32}
2025-02-11 06:34 | INFO | Single best solver time validation = UWrMaxSAT (149582.46)
2025-02-11 06:34 | INFO | Virtual best solver time in test = 9357.94
2025-02-11 06:34 | INFO | Single best solver list test = {'MaxHS': 221182.24, 'Open.WBO.g': 217277.35, 'Open.WBO.ms': 217958.48, 'Open.WBO.ms.pre': 289920.94, 'QMaxSAT2018': 686409.26, 'UWrMaxSAT': 109026.14, 'maxino2018': 253674.59}
2025-02-11 06:34 | INFO | Single best solver time test = UWrMaxSAT (109026.14)
2025-02-11 06:34 | INFO | Training Time Passive Learning Classifier: 1.47 seconds
2025-02-11 06:34 | INFO | Training Time Passive Learning Regressor: 0.47 seconds
2025-02-11 06:34 | INFO | Passive Learning Classifier Runtime on Validation Set: 396599.8
2025-02-11 06:34 | INFO | Passive Learning Classifier Runtime on Test Set: 105396.03
2025-02-11 06:34 | INFO | Passive Learning Instance Cost: 1518254.96
2025-02-11 06:34 | INFO | Passive Learning Emissions: 9.116777117007005e-05
2025-02-11 06:34 | INFO | Passive Learning Energy Consumption: 9.919286306054952e-05 kWh
2025-02-11 06:34 | INFO | Training Time Active Learning Classifier: 1.22 seconds
2025-02-11 06:34 | INFO | Training Time Active Learning Regressor: 0.32 seconds
2025-02-11 06:34 | INFO | Initial Active Learning Runtime on Validation Set: 182333.96
2025-02-11 06:34 | INFO | Initial Active Learning Runtime on Test Set: 104437.59
2025-02-11 06:34 | INFO | Initial Active Learning Instance Cost: 8103.47
2025-02-11 06:34 | INFO | Bin size = 51
2025-02-11 06:34 | INFO | Query 1 Size of the uncertainty table is = 5153/5040
2025-02-11 06:34 | INFO | Query 1 Size of the filtered table is = 51
2025-02-11 06:34 | INFO | Training Time Active Learning Classifier: 1.12 seconds
2025-02-11 06:34 | INFO | Training Time Active Learning Regressor: 0.33 seconds
2025-02-11 06:34 | INFO | Query 1 Active Learning Runtime on Validation Set: 184754.75
2025-02-11 06:34 | INFO | Query 1 Active Learning Runtime on Test Set: 104447.68000000001
2025-02-11 06:34 | INFO | Query 1 Active Learning Instance Cost: 11627.12
2025-02-11 06:34 | INFO | Timeout limit is increased to 200
2025-02-11 06:34 | INFO | Query 2 Size of the uncertainty table is = 5093/5040
2025-02-11 06:34 | INFO | Query 2 Size of the filtered table is = 51
2025-02-11 06:34 | INFO | Training Time Active Learning Classifier: 1.13 seconds
2025-02-11 06:34 | INFO | Training Time Active Learning Regressor: 0.33 seconds
2025-02-11 06:34 | INFO | Query 2 Active Learning Runtime on Validation Set: 183079.16999999998
2025-02-11 06:34 | INFO | Query 2 Active Learning Runtime on Test Set: 140530.71000000002
2025-02-11 06:34 | INFO | Query 2 Active Learning Instance Cost: 16173.02
2025-02-11 06:34 | INFO | Query 3 Size of the uncertainty table is = 5017/5040
2025-02-11 06:34 | INFO | Query 3 Size of the filtered table is = 51
2025-02-11 06:34 | INFO | Training Time Active Learning Classifier: 1.13 seconds
2025-02-11 06:34 | INFO | Training Time Active Learning Regressor: 0.34 seconds
2025-02-11 06:34 | INFO | Query 3 Active Learning Runtime on Validation Set: 180346.2
2025-02-11 06:34 | INFO | Query 3 Active Learning Runtime on Test Set: 175792.27000000002
2025-02-11 06:34 | INFO | Query 3 Active Learning Instance Cost: 19262.68
2025-02-11 06:35 | INFO | Query 4 Size of the uncertainty table is = 4905/5040
2025-02-11 06:35 | INFO | Query 4 Size of the filtered table is = 51
2025-02-11 06:35 | INFO | Training Time Active Learning Classifier: 1.14 seconds
2025-02-11 06:35 | INFO | Training Time Active Learning Regressor: 0.35 seconds
2025-02-11 06:35 | INFO | Query 4 Active Learning Runtime on Validation Set: 180564.81
2025-02-11 06:35 | INFO | Query 4 Active Learning Runtime on Test Set: 175795.31
2025-02-11 06:35 | INFO | Query 4 Active Learning Instance Cost: 23103.98
2025-02-11 06:35 | INFO | Timeout limit is increased to 300
2025-02-11 06:35 | INFO | Query 5 Size of the uncertainty table is = 4814/5040
2025-02-11 06:35 | INFO | Query 5 Size of the filtered table is = 51
2025-02-11 06:35 | INFO | Training Time Active Learning Classifier: 1.15 seconds
2025-02-11 06:35 | INFO | Training Time Active Learning Regressor: 0.35 seconds
2025-02-11 06:35 | INFO | Query 5 Active Learning Runtime on Validation Set: 180144.28000000003
2025-02-11 06:35 | INFO | Query 5 Active Learning Runtime on Test Set: 175759.91999999998
2025-02-11 06:35 | INFO | Query 5 Active Learning Instance Cost: 27387.15
2025-02-11 06:35 | INFO | Query 6 Size of the uncertainty table is = 4687/5040
2025-02-11 06:35 | INFO | Query 6 Size of the filtered table is = 51
2025-02-11 06:35 | INFO | Training Time Active Learning Classifier: 1.16 seconds
2025-02-11 06:35 | INFO | Training Time Active Learning Regressor: 0.36 seconds
2025-02-11 06:35 | INFO | Query 6 Active Learning Runtime on Validation Set: 147412.72999999998
2025-02-11 06:35 | INFO | Query 6 Active Learning Runtime on Test Set: 175809.34000000003
2025-02-11 06:35 | INFO | Query 6 Active Learning Instance Cost: 32424.89
2025-02-11 06:35 | INFO | Query 7 Size of the uncertainty table is = 4554/5040
2025-02-11 06:35 | INFO | Query 7 Size of the filtered table is = 51
2025-02-11 06:35 | INFO | Training Time Active Learning Classifier: 1.17 seconds
2025-02-11 06:35 | INFO | Training Time Active Learning Regressor: 0.36 seconds
2025-02-11 06:35 | INFO | Query 7 Active Learning Runtime on Validation Set: 180202.7
2025-02-11 06:35 | INFO | Query 7 Active Learning Runtime on Test Set: 175680.65000000002
2025-02-11 06:35 | INFO | Query 7 Active Learning Instance Cost: 36366.29
2025-02-11 06:35 | INFO | Timeout limit is increased to 400
2025-02-11 06:35 | INFO | Query 8 Size of the uncertainty table is = 4448/5040
2025-02-11 06:35 | INFO | Query 8 Size of the filtered table is = 51
2025-02-11 06:35 | INFO | Training Time Active Learning Classifier: 1.17 seconds
2025-02-11 06:35 | INFO | Training Time Active Learning Regressor: 0.36 seconds
2025-02-11 06:35 | INFO | Query 8 Active Learning Runtime on Validation Set: 180483.3
2025-02-11 06:35 | INFO | Query 8 Active Learning Runtime on Test Set: 175804.01
2025-02-11 06:35 | INFO | Query 8 Active Learning Instance Cost: 44336.08
2025-02-11 06:35 | INFO | Timeout limit is increased to 500
2025-02-11 06:35 | INFO | Query 9 Size of the uncertainty table is = 4336/5040
2025-02-11 06:35 | INFO | Query 9 Size of the filtered table is = 51
2025-02-11 06:35 | INFO | Training Time Active Learning Classifier: 1.18 seconds
2025-02-11 06:35 | INFO | Training Time Active Learning Regressor: 0.37 seconds
2025-02-11 06:35 | INFO | Query 9 Active Learning Runtime on Validation Set: 216470.90999999997
2025-02-11 06:35 | INFO | Query 9 Active Learning Runtime on Test Set: 175693.01
2025-02-11 06:35 | INFO | Query 9 Active Learning Instance Cost: 55087.43
2025-02-11 06:35 | INFO | Timeout limit is increased to 600
2025-02-11 06:35 | INFO | Query 10 Size of the uncertainty table is = 4208/5040
2025-02-11 06:35 | INFO | Query 10 Size of the filtered table is = 51
2025-02-11 06:36 | INFO | Training Time Active Learning Classifier: 1.19 seconds
2025-02-11 06:36 | INFO | Training Time Active Learning Regressor: 0.38 seconds
2025-02-11 06:36 | INFO | Query 10 Active Learning Runtime on Validation Set: 180494.96000000002
2025-02-11 06:36 | INFO | Query 10 Active Learning Runtime on Test Set: 175628.47999999998
2025-02-11 06:36 | INFO | Query 10 Active Learning Instance Cost: 62804.98
2025-02-11 06:36 | INFO | Query 11 Size of the uncertainty table is = 4096/5040
2025-02-11 06:36 | INFO | Query 11 Size of the filtered table is = 51
2025-02-11 06:36 | INFO | Training Time Active Learning Classifier: 1.2 seconds
2025-02-11 06:36 | INFO | Training Time Active Learning Regressor: 0.46 seconds
2025-02-11 06:36 | INFO | Query 11 Active Learning Runtime on Validation Set: 183074.90000000002
2025-02-11 06:36 | INFO | Query 11 Active Learning Runtime on Test Set: 175716.03000000003
2025-02-11 06:36 | INFO | Query 11 Active Learning Instance Cost: 68184.82
2025-02-11 06:36 | INFO | Timeout limit is increased to 700
2025-02-11 06:36 | INFO | Query 12 Size of the uncertainty table is = 3996/5040
2025-02-11 06:36 | INFO | Query 12 Size of the filtered table is = 51
2025-02-11 06:36 | INFO | Training Time Active Learning Classifier: 1.2 seconds
2025-02-11 06:36 | INFO | Training Time Active Learning Regressor: 0.39 seconds
2025-02-11 06:36 | INFO | Query 12 Active Learning Runtime on Validation Set: 184076.88
2025-02-11 06:36 | INFO | Query 12 Active Learning Runtime on Test Set: 175668.28000000003
2025-02-11 06:36 | INFO | Query 12 Active Learning Instance Cost: 73151.33
2025-02-11 06:36 | INFO | Timeout limit is increased to 800
2025-02-11 06:36 | INFO | Query 13 Size of the uncertainty table is = 3883/5040
2025-02-11 06:36 | INFO | Query 13 Size of the filtered table is = 51
2025-02-11 06:36 | INFO | Training Time Active Learning Classifier: 1.28 seconds
2025-02-11 06:36 | INFO | Training Time Active Learning Regressor: 0.39 seconds
2025-02-11 06:36 | INFO | Query 13 Active Learning Runtime on Validation Set: 219760.24
2025-02-11 06:36 | INFO | Query 13 Active Learning Runtime on Test Set: 175626.34999999998
2025-02-11 06:36 | INFO | Query 13 Active Learning Instance Cost: 86533.1
2025-02-11 06:36 | INFO | Timeout limit is increased to 900
2025-02-11 06:36 | INFO | Query 14 Size of the uncertainty table is = 3756/5040
2025-02-11 06:36 | INFO | Query 14 Size of the filtered table is = 51
2025-02-11 06:36 | INFO | Training Time Active Learning Classifier: 1.21 seconds
2025-02-11 06:36 | INFO | Training Time Active Learning Regressor: 0.4 seconds
2025-02-11 06:36 | INFO | Query 14 Active Learning Runtime on Validation Set: 220077.69
2025-02-11 06:36 | INFO | Query 14 Active Learning Runtime on Test Set: 175676.13
2025-02-11 06:36 | INFO | Query 14 Active Learning Instance Cost: 95117.02
2025-02-11 06:36 | INFO | Timeout limit is increased to 1000
2025-02-11 06:36 | INFO | Query 15 Size of the uncertainty table is = 3612/5040
2025-02-11 06:36 | INFO | Query 15 Size of the filtered table is = 51
2025-02-11 06:36 | INFO | Training Time Active Learning Classifier: 1.3 seconds
2025-02-11 06:36 | INFO | Training Time Active Learning Regressor: 0.4 seconds
2025-02-11 06:36 | INFO | Query 15 Active Learning Runtime on Validation Set: 220144.49
2025-02-11 06:36 | INFO | Query 15 Active Learning Runtime on Test Set: 175661.87
2025-02-11 06:36 | INFO | Query 15 Active Learning Instance Cost: 108742.35
2025-02-11 06:36 | INFO | Timeout limit is increased to 1100
2025-02-11 06:36 | INFO | Query 16 Size of the uncertainty table is = 3486/5040
2025-02-11 06:36 | INFO | Query 16 Size of the filtered table is = 51
2025-02-11 06:36 | INFO | Training Time Active Learning Classifier: 1.24 seconds
2025-02-11 06:36 | INFO | Training Time Active Learning Regressor: 0.4 seconds
2025-02-11 06:37 | INFO | Query 16 Active Learning Runtime on Validation Set: 221273.53999999998
2025-02-11 06:37 | INFO | Query 16 Active Learning Runtime on Test Set: 176313.55
2025-02-11 06:37 | INFO | Query 16 Active Learning Instance Cost: 132432.9
2025-02-11 06:37 | INFO | Timeout limit is increased to 1200
2025-02-11 06:37 | INFO | Query 17 Size of the uncertainty table is = 3359/5040
2025-02-11 06:37 | INFO | Query 17 Size of the filtered table is = 51
2025-02-11 06:37 | INFO | Training Time Active Learning Classifier: 1.25 seconds
2025-02-11 06:37 | INFO | Training Time Active Learning Regressor: 0.41 seconds
2025-02-11 06:37 | INFO | Query 17 Active Learning Runtime on Validation Set: 219680.0
2025-02-11 06:37 | INFO | Query 17 Active Learning Runtime on Test Set: 175674.71999999997
2025-02-11 06:37 | INFO | Query 17 Active Learning Instance Cost: 146101.18
2025-02-11 06:37 | INFO | Query 18 Size of the uncertainty table is = 3240/5040
2025-02-11 06:37 | INFO | Query 18 Size of the filtered table is = 51
2025-02-11 06:37 | INFO | Training Time Active Learning Classifier: 1.26 seconds
2025-02-11 06:37 | INFO | Training Time Active Learning Regressor: 0.41 seconds
2025-02-11 06:37 | INFO | Query 18 Active Learning Runtime on Validation Set: 220070.49
2025-02-11 06:37 | INFO | Query 18 Active Learning Runtime on Test Set: 175760.46000000002
2025-02-11 06:37 | INFO | Query 18 Active Learning Instance Cost: 161917.55
2025-02-11 06:37 | INFO | Timeout limit is increased to 1300
2025-02-11 06:37 | INFO | Query 19 Size of the uncertainty table is = 3060/5040
2025-02-11 06:37 | INFO | Query 19 Size of the filtered table is = 51
2025-02-11 06:37 | INFO | Training Time Active Learning Classifier: 1.27 seconds
2025-02-11 06:37 | INFO | Training Time Active Learning Regressor: 0.41 seconds
2025-02-11 06:37 | INFO | Query 19 Active Learning Runtime on Validation Set: 220013.83000000002
2025-02-11 06:37 | INFO | Query 19 Active Learning Runtime on Test Set: 139887.09
2025-02-11 06:37 | INFO | Query 19 Active Learning Instance Cost: 170627.77
2025-02-11 06:37 | INFO | Query 20 Size of the uncertainty table is = 2938/5040
2025-02-11 06:37 | INFO | Query 20 Size of the filtered table is = 51
2025-02-11 06:37 | INFO | Training Time Active Learning Classifier: 1.28 seconds
2025-02-11 06:37 | INFO | Training Time Active Learning Regressor: 0.42 seconds
2025-02-11 06:37 | INFO | Query 20 Active Learning Runtime on Validation Set: 220083.58000000002
2025-02-11 06:37 | INFO | Query 20 Active Learning Runtime on Test Set: 175704.26
2025-02-11 06:37 | INFO | Query 20 Active Learning Instance Cost: 183293.94
2025-02-11 06:37 | INFO | Timeout limit is increased to 1400
2025-02-11 06:37 | INFO | Query 21 Size of the uncertainty table is = 2816/5040
2025-02-11 06:37 | INFO | Query 21 Size of the filtered table is = 51
2025-02-11 06:37 | INFO | Training Time Active Learning Classifier: 1.29 seconds
2025-02-11 06:37 | INFO | Training Time Active Learning Regressor: 0.42 seconds
2025-02-11 06:37 | INFO | Query 21 Active Learning Runtime on Validation Set: 254920.18
2025-02-11 06:37 | INFO | Query 21 Active Learning Runtime on Test Set: 139722.03999999998
2025-02-11 06:37 | INFO | Query 21 Active Learning Instance Cost: 199136.58
2025-02-11 06:37 | INFO | Timeout limit is increased to 1500
2025-02-11 06:37 | INFO | Query 22 Size of the uncertainty table is = 2676/5040
2025-02-11 06:37 | INFO | Query 22 Size of the filtered table is = 51
2025-02-11 06:37 | INFO | Training Time Active Learning Classifier: 1.31 seconds
2025-02-11 06:37 | INFO | Training Time Active Learning Regressor: 0.5 seconds
2025-02-11 06:38 | INFO | Query 22 Active Learning Runtime on Validation Set: 255630.51
2025-02-11 06:38 | INFO | Query 22 Active Learning Runtime on Test Set: 103995.91
2025-02-11 06:38 | INFO | Query 22 Active Learning Instance Cost: 212311.26
2025-02-11 06:38 | INFO | Timeout limit is increased to 1600
2025-02-11 06:38 | INFO | Query 23 Size of the uncertainty table is = 2551/5040
2025-02-11 06:38 | INFO | Query 23 Size of the filtered table is = 51
2025-02-11 06:38 | INFO | Training Time Active Learning Classifier: 1.32 seconds
2025-02-11 06:38 | INFO | Training Time Active Learning Regressor: 0.43 seconds
2025-02-11 06:38 | INFO | Query 23 Active Learning Runtime on Validation Set: 255627.33000000002
2025-02-11 06:38 | INFO | Query 23 Active Learning Runtime on Test Set: 104043.18000000001
2025-02-11 06:38 | INFO | Query 23 Active Learning Instance Cost: 239208.52
2025-02-11 06:38 | INFO | Query 24 Size of the uncertainty table is = 2401/5040
2025-02-11 06:38 | INFO | Query 24 Size of the filtered table is = 51
2025-02-11 06:38 | INFO | Training Time Active Learning Classifier: 1.33 seconds
2025-02-11 06:38 | INFO | Training Time Active Learning Regressor: 0.44 seconds
2025-02-11 06:38 | INFO | Query 24 Active Learning Runtime on Validation Set: 254839.16999999998
2025-02-11 06:38 | INFO | Query 24 Active Learning Runtime on Test Set: 104269.99
2025-02-11 06:38 | INFO | Query 24 Active Learning Instance Cost: 256457.06
2025-02-11 06:38 | INFO | Query 25 Size of the uncertainty table is = 2269/5040
2025-02-11 06:38 | INFO | Query 25 Size of the filtered table is = 51
2025-02-11 06:38 | INFO | Training Time Active Learning Classifier: 1.34 seconds
2025-02-11 06:38 | INFO | Training Time Active Learning Regressor: 0.44 seconds
2025-02-11 06:38 | INFO | Query 25 Active Learning Runtime on Validation Set: 255351.12
2025-02-11 06:38 | INFO | Query 25 Active Learning Runtime on Test Set: 140133.22999999998
2025-02-11 06:38 | INFO | Query 25 Active Learning Instance Cost: 264643.05
2025-02-11 06:38 | INFO | Timeout limit is increased to 1700
2025-02-11 06:38 | INFO | Query 26 Size of the uncertainty table is = 2115/5040
2025-02-11 06:38 | INFO | Query 26 Size of the filtered table is = 51
2025-02-11 06:38 | INFO | Training Time Active Learning Classifier: 1.36 seconds
2025-02-11 06:38 | INFO | Training Time Active Learning Regressor: 0.45 seconds
2025-02-11 06:38 | INFO | Query 26 Active Learning Runtime on Validation Set: 288591.61
2025-02-11 06:38 | INFO | Query 26 Active Learning Runtime on Test Set: 104227.82
2025-02-11 06:38 | INFO | Query 26 Active Learning Instance Cost: 286640.17
2025-02-11 06:38 | INFO | Timeout limit is increased to 1800
2025-02-11 06:38 | INFO | Query 27 Size of the uncertainty table is = 1964/5040
2025-02-11 06:38 | INFO | Query 27 Size of the filtered table is = 51
2025-02-11 06:38 | INFO | Training Time Active Learning Classifier: 1.38 seconds
2025-02-11 06:38 | INFO | Training Time Active Learning Regressor: 0.53 seconds
2025-02-11 06:38 | INFO | Query 27 Active Learning Runtime on Validation Set: 324593.8
2025-02-11 06:38 | INFO | Query 27 Active Learning Runtime on Test Set: 140144.76
2025-02-11 06:38 | INFO | Query 27 Active Learning Instance Cost: 308845.1
2025-02-11 06:38 | INFO | Timeout limit is increased to 1900
2025-02-11 06:38 | INFO | Query 28 Size of the uncertainty table is = 1790/5040
2025-02-11 06:38 | INFO | Query 28 Size of the filtered table is = 51
2025-02-11 06:38 | INFO | Training Time Active Learning Classifier: 1.38 seconds
2025-02-11 06:38 | INFO | Training Time Active Learning Regressor: 0.45 seconds
2025-02-11 06:39 | INFO | Query 28 Active Learning Runtime on Validation Set: 324542.51
2025-02-11 06:39 | INFO | Query 28 Active Learning Runtime on Test Set: 140190.51
2025-02-11 06:39 | INFO | Query 28 Active Learning Instance Cost: 338455.89
2025-02-11 06:39 | INFO | Query 29 Size of the uncertainty table is = 1655/5040
2025-02-11 06:39 | INFO | Query 29 Size of the filtered table is = 51
2025-02-11 06:39 | INFO | Training Time Active Learning Classifier: 1.39 seconds
2025-02-11 06:39 | INFO | Training Time Active Learning Regressor: 0.46 seconds
2025-02-11 06:39 | INFO | Query 29 Active Learning Runtime on Validation Set: 397192.7
2025-02-11 06:39 | INFO | Query 29 Active Learning Runtime on Test Set: 105744.39
2025-02-11 06:39 | INFO | Query 29 Active Learning Instance Cost: 388180.96
2025-02-11 06:39 | INFO | Timeout limit is increased to 2000
2025-02-11 06:39 | INFO | Query 30 Size of the uncertainty table is = 1499/5040
2025-02-11 06:39 | INFO | Query 30 Size of the filtered table is = 51
2025-02-11 06:39 | INFO | Training Time Active Learning Classifier: 1.39 seconds
2025-02-11 06:39 | INFO | Training Time Active Learning Regressor: 0.46 seconds
2025-02-11 06:39 | INFO | Query 30 Active Learning Runtime on Validation Set: 360685.62
2025-02-11 06:39 | INFO | Query 30 Active Learning Runtime on Test Set: 141270.62
2025-02-11 06:39 | INFO | Query 30 Active Learning Instance Cost: 423793.56
2025-02-11 06:39 | INFO | Query 31 Size of the uncertainty table is = 1384/5040
2025-02-11 06:39 | INFO | Query 31 Size of the filtered table is = 51
2025-02-11 06:39 | INFO | Training Time Active Learning Classifier: 1.41 seconds
2025-02-11 06:39 | INFO | Training Time Active Learning Regressor: 0.46 seconds
2025-02-11 06:39 | INFO | Query 31 Active Learning Runtime on Validation Set: 360756.32999999996
2025-02-11 06:39 | INFO | Query 31 Active Learning Runtime on Test Set: 141228.11
2025-02-11 06:39 | INFO | Query 31 Active Learning Instance Cost: 463845.37
2025-02-11 06:39 | INFO | Timeout limit is increased to 2100
2025-02-11 06:39 | INFO | Query 32 Size of the uncertainty table is = 1251/5040
2025-02-11 06:39 | INFO | Query 32 Size of the filtered table is = 51
2025-02-11 06:39 | INFO | Training Time Active Learning Classifier: 1.42 seconds
2025-02-11 06:39 | INFO | Training Time Active Learning Regressor: 0.47 seconds
2025-02-11 06:39 | INFO | Query 32 Active Learning Runtime on Validation Set: 360756.91
2025-02-11 06:39 | INFO | Query 32 Active Learning Runtime on Test Set: 105731.49
2025-02-11 06:39 | INFO | Query 32 Active Learning Instance Cost: 522599.62
2025-02-11 06:39 | INFO | Timeout limit is increased to 2200
2025-02-11 06:39 | INFO | Query 33 Size of the uncertainty table is = 1116/5040
2025-02-11 06:39 | INFO | Query 33 Size of the filtered table is = 51
2025-02-11 06:39 | INFO | Training Time Active Learning Classifier: 1.42 seconds
2025-02-11 06:39 | INFO | Training Time Active Learning Regressor: 0.48 seconds
2025-02-11 06:39 | INFO | Query 33 Active Learning Runtime on Validation Set: 361371.69
2025-02-11 06:39 | INFO | Query 33 Active Learning Runtime on Test Set: 105353.51
2025-02-11 06:39 | INFO | Query 33 Active Learning Instance Cost: 547231.81
2025-02-11 06:39 | INFO | Timeout limit is increased to 2300
2025-02-11 06:39 | INFO | Query 34 Size of the uncertainty table is = 1041/5040
2025-02-11 06:39 | INFO | Query 34 Size of the filtered table is = 51
2025-02-11 06:39 | INFO | Training Time Active Learning Classifier: 1.43 seconds
2025-02-11 06:39 | INFO | Training Time Active Learning Regressor: 0.47 seconds
2025-02-11 06:39 | INFO | Query 34 Active Learning Runtime on Validation Set: 397193.27999999997
2025-02-11 06:39 | INFO | Query 34 Active Learning Runtime on Test Set: 141345.03999999998
2025-02-11 06:39 | INFO | Query 34 Active Learning Instance Cost: 602904.49
2025-02-11 06:39 | INFO | Timeout limit is increased to 2400
2025-02-11 06:39 | INFO | Query 35 Size of the uncertainty table is = 935/5040
2025-02-11 06:39 | INFO | Query 35 Size of the filtered table is = 51
2025-02-11 06:39 | INFO | Training Time Active Learning Classifier: 1.44 seconds
2025-02-11 06:39 | INFO | Training Time Active Learning Regressor: 0.47 seconds
2025-02-11 06:40 | INFO | Query 35 Active Learning Runtime on Validation Set: 397192.74
2025-02-11 06:40 | INFO | Query 35 Active Learning Runtime on Test Set: 141344.89
2025-02-11 06:40 | INFO | Query 35 Active Learning Instance Cost: 639975.98
2025-02-11 06:40 | INFO | Query 36 Size of the uncertainty table is = 877/5040
2025-02-11 06:40 | INFO | Query 36 Size of the filtered table is = 51
2025-02-11 06:40 | INFO | Training Time Active Learning Classifier: 1.44 seconds
2025-02-11 06:40 | INFO | Training Time Active Learning Regressor: 0.47 seconds
2025-02-11 06:40 | INFO | Query 36 Active Learning Runtime on Validation Set: 361320.44
2025-02-11 06:40 | INFO | Query 36 Active Learning Runtime on Test Set: 141344.89
2025-02-11 06:40 | INFO | Query 36 Active Learning Instance Cost: 679903.46
2025-02-11 06:40 | INFO | Query 37 Size of the uncertainty table is = 833/5040
2025-02-11 06:40 | INFO | Query 37 Size of the filtered table is = 51
2025-02-11 06:40 | INFO | Training Time Active Learning Classifier: 1.52 seconds
2025-02-11 06:40 | INFO | Training Time Active Learning Regressor: 0.47 seconds
2025-02-11 06:40 | INFO | Query 37 Active Learning Runtime on Validation Set: 361371.14999999997
2025-02-11 06:40 | INFO | Query 37 Active Learning Runtime on Test Set: 141374.51
2025-02-11 06:40 | INFO | Query 37 Active Learning Instance Cost: 725409.6
2025-02-11 06:40 | INFO | Timeout limit is increased to 2500
2025-02-11 06:40 | INFO | Query 38 Size of the uncertainty table is = 773/5040
2025-02-11 06:40 | INFO | Query 38 Size of the filtered table is = 51
2025-02-11 06:40 | INFO | Training Time Active Learning Classifier: 1.44 seconds
2025-02-11 06:40 | INFO | Training Time Active Learning Regressor: 0.47 seconds
2025-02-11 06:40 | INFO | Query 38 Active Learning Runtime on Validation Set: 361371.14999999997
2025-02-11 06:40 | INFO | Query 38 Active Learning Runtime on Test Set: 141374.51
2025-02-11 06:40 | INFO | Query 38 Active Learning Instance Cost: 767609.6
2025-02-11 06:40 | INFO | Timeout limit is increased to 2600
2025-02-11 06:40 | INFO | Query 39 Size of the uncertainty table is = 733/5040
2025-02-11 06:40 | INFO | Query 39 Size of the filtered table is = 51
2025-02-11 06:40 | INFO | Training Time Active Learning Classifier: 1.45 seconds
2025-02-11 06:40 | INFO | Training Time Active Learning Regressor: 0.47 seconds
2025-02-11 06:40 | INFO | Query 39 Active Learning Runtime on Validation Set: 361371.14999999997
2025-02-11 06:40 | INFO | Query 39 Active Learning Runtime on Test Set: 105382.98
2025-02-11 06:40 | INFO | Query 39 Active Learning Instance Cost: 802860.04
2025-02-11 06:40 | INFO | Timeout limit is increased to 2700
2025-02-11 06:40 | INFO | Query 40 Size of the uncertainty table is = 692/5040
2025-02-11 06:40 | INFO | Query 40 Size of the filtered table is = 51
2025-02-11 06:40 | INFO | Training Time Active Learning Classifier: 1.45 seconds
2025-02-11 06:40 | INFO | Training Time Active Learning Regressor: 0.47 seconds
2025-02-11 06:40 | INFO | Query 40 Active Learning Runtime on Validation Set: 361371.14999999997
2025-02-11 06:40 | INFO | Query 40 Active Learning Runtime on Test Set: 105382.98
2025-02-11 06:40 | INFO | Query 40 Active Learning Instance Cost: 829860.48
2025-02-11 06:40 | INFO | Timeout limit is increased to 2800
2025-02-11 06:40 | INFO | Query 41 Size of the uncertainty table is = 664/5040
2025-02-11 06:40 | INFO | Query 41 Size of the filtered table is = 51
2025-02-11 06:40 | INFO | Training Time Active Learning Classifier: 1.46 seconds
2025-02-11 06:40 | INFO | Training Time Active Learning Regressor: 0.47 seconds
2025-02-11 06:40 | INFO | Query 41 Active Learning Runtime on Validation Set: 397313.76999999996
2025-02-11 06:40 | INFO | Query 41 Active Learning Runtime on Test Set: 105349.98
2025-02-11 06:40 | INFO | Query 41 Active Learning Instance Cost: 867989.01
2025-02-11 06:40 | INFO | Timeout limit is increased to 2900
2025-02-11 06:40 | INFO | Query 42 Size of the uncertainty table is = 622/5040
2025-02-11 06:40 | INFO | Query 42 Size of the filtered table is = 51
2025-02-11 06:41 | INFO | Training Time Active Learning Classifier: 1.45 seconds
2025-02-11 06:41 | INFO | Training Time Active Learning Regressor: 0.48 seconds
2025-02-11 06:41 | INFO | Query 42 Active Learning Runtime on Validation Set: 361371.11
2025-02-11 06:41 | INFO | Query 42 Active Learning Runtime on Test Set: 141384.02000000002
2025-02-11 06:41 | INFO | Query 42 Active Learning Instance Cost: 898818.3
2025-02-11 06:41 | INFO | Query 43 Size of the uncertainty table is = 595/5040
2025-02-11 06:41 | INFO | Query 43 Size of the filtered table is = 51
2025-02-11 06:41 | INFO | Training Time Active Learning Classifier: 1.46 seconds
2025-02-11 06:41 | INFO | Training Time Active Learning Regressor: 0.47 seconds
2025-02-11 06:41 | INFO | Query 43 Active Learning Runtime on Validation Set: 361371.11
2025-02-11 06:41 | INFO | Query 43 Active Learning Runtime on Test Set: 141384.02000000002
2025-02-11 06:41 | INFO | Query 43 Active Learning Instance Cost: 916057.25
2025-02-11 06:41 | INFO | Timeout limit is increased to 3000
2025-02-11 06:41 | INFO | Query 44 Size of the uncertainty table is = 578/5040
2025-02-11 06:41 | INFO | Query 44 Size of the filtered table is = 51
2025-02-11 06:41 | INFO | Training Time Active Learning Classifier: 1.46 seconds
2025-02-11 06:41 | INFO | Training Time Active Learning Regressor: 0.48 seconds
2025-02-11 06:41 | INFO | Query 44 Active Learning Runtime on Validation Set: 361371.11
2025-02-11 06:41 | INFO | Query 44 Active Learning Runtime on Test Set: 141341.5
2025-02-11 06:41 | INFO | Query 44 Active Learning Instance Cost: 933879.72
2025-02-11 06:41 | INFO | Timeout limit is increased to 3100
2025-02-11 06:41 | INFO | Query 45 Size of the uncertainty table is = 561/5040
2025-02-11 06:41 | INFO | Query 45 Size of the filtered table is = 51
2025-02-11 06:41 | INFO | Training Time Active Learning Classifier: 1.45 seconds
2025-02-11 06:41 | INFO | Training Time Active Learning Regressor: 0.47 seconds
2025-02-11 06:41 | INFO | Query 45 Active Learning Runtime on Validation Set: 325371.75
2025-02-11 06:41 | INFO | Query 45 Active Learning Runtime on Test Set: 141384.02000000002
2025-02-11 06:41 | INFO | Query 45 Active Learning Instance Cost: 958757.77
2025-02-11 06:41 | INFO | Query 46 Size of the uncertainty table is = 543/5040
2025-02-11 06:41 | INFO | Query 46 Size of the filtered table is = 51
2025-02-11 06:41 | INFO | Training Time Active Learning Classifier: 1.46 seconds
2025-02-11 06:41 | INFO | Training Time Active Learning Regressor: 0.48 seconds
2025-02-11 06:41 | INFO | Query 46 Active Learning Runtime on Validation Set: 361371.11
2025-02-11 06:41 | INFO | Query 46 Active Learning Runtime on Test Set: 105392.49
2025-02-11 06:41 | INFO | Query 46 Active Learning Instance Cost: 974816.47
2025-02-11 06:41 | INFO | Timeout limit is increased to 3200
2025-02-11 06:41 | INFO | Query 47 Size of the uncertainty table is = 531/5040
2025-02-11 06:41 | INFO | Query 47 Size of the filtered table is = 51
2025-02-11 06:41 | INFO | Training Time Active Learning Classifier: 1.54 seconds
2025-02-11 06:41 | INFO | Training Time Active Learning Regressor: 0.48 seconds
2025-02-11 06:41 | INFO | Query 47 Active Learning Runtime on Validation Set: 361371.69
2025-02-11 06:41 | INFO | Query 47 Active Learning Runtime on Test Set: 105392.49
2025-02-11 06:41 | INFO | Query 47 Active Learning Instance Cost: 994445.64
2025-02-11 06:41 | INFO | Timeout limit is increased to 3300
2025-02-11 06:41 | INFO | Query 48 Size of the uncertainty table is = 523/5040
2025-02-11 06:41 | INFO | Query 48 Size of the filtered table is = 51
2025-02-11 06:41 | INFO | Training Time Active Learning Classifier: 1.46 seconds
2025-02-11 06:41 | INFO | Training Time Active Learning Regressor: 0.47 seconds
2025-02-11 06:41 | INFO | Query 48 Active Learning Runtime on Validation Set: 361371.69
2025-02-11 06:41 | INFO | Query 48 Active Learning Runtime on Test Set: 105392.49
2025-02-11 06:41 | INFO | Query 48 Active Learning Instance Cost: 1009048.42
2025-02-11 06:41 | INFO | Timeout limit is increased to 3400
2025-02-11 06:42 | INFO | Query 49 Size of the uncertainty table is = 515/5040
2025-02-11 06:42 | INFO | Query 49 Size of the filtered table is = 51
2025-02-11 06:42 | INFO | Training Time Active Learning Classifier: 1.46 seconds
2025-02-11 06:42 | INFO | Training Time Active Learning Regressor: 0.48 seconds
2025-02-11 06:42 | INFO | Query 49 Active Learning Runtime on Validation Set: 361371.69
2025-02-11 06:42 | INFO | Query 49 Active Learning Runtime on Test Set: 105392.49
2025-02-11 06:42 | INFO | Query 49 Active Learning Instance Cost: 1025648.42
2025-02-11 06:42 | INFO | Timeout limit is increased to 3500
2025-02-11 06:42 | INFO | Query 50 Size of the uncertainty table is = 510/5040
2025-02-11 06:42 | INFO | Query 50 Size of the filtered table is = 51
2025-02-11 06:42 | INFO | Training Time Active Learning Classifier: 1.46 seconds
2025-02-11 06:42 | INFO | Training Time Active Learning Regressor: 0.47 seconds
2025-02-11 06:42 | INFO | Query 50 Active Learning Runtime on Validation Set: 361371.69
2025-02-11 06:42 | INFO | Query 50 Active Learning Runtime on Test Set: 105392.49
2025-02-11 06:42 | INFO | Query 50 Active Learning Instance Cost: 1057736.18
2025-02-11 06:42 | INFO | Timeout limit is increased to 3600
2025-02-11 06:42 | INFO | Query 51 Size of the uncertainty table is = 504/5040
2025-02-11 06:42 | INFO | Query 51 Size of the filtered table is = 51
2025-02-11 06:42 | INFO | Training Time Active Learning Classifier: 1.46 seconds
2025-02-11 06:42 | INFO | Training Time Active Learning Regressor: 0.47 seconds
2025-02-11 06:42 | INFO | Query 51 Active Learning Runtime on Validation Set: 361371.69
2025-02-11 06:42 | INFO | Query 51 Active Learning Runtime on Test Set: 105392.49
2025-02-11 06:42 | INFO | Query 51 Active Learning Instance Cost: 1070936.18
2025-02-11 06:42 | INFO | Timeout limit is increased to 3600
2025-02-11 06:42 | INFO | Query 52 Size of the uncertainty table is = 6/5040
2025-02-11 06:42 | INFO | Query 52 Size of the filtered table is = 6
2025-02-11 06:42 | INFO | Training Time Active Learning Classifier: 1.46 seconds
2025-02-11 06:42 | INFO | Training Time Active Learning Regressor: 0.48 seconds
2025-02-11 06:42 | INFO | Query 52 Active Learning Runtime on Validation Set: 361371.69
2025-02-11 06:42 | INFO | Query 52 Active Learning Runtime on Test Set: 105392.49
2025-02-11 06:42 | INFO | Query 52 Active Learning Instance Cost: 1076536.18
2025-02-11 06:42 | INFO | Timeout limit is increased to 3600
2025-02-11 06:42 | INFO | Active Learning Emissions: 0.005786831777119088
2025-02-11 06:42 | INFO | Active Learning Energy Consumption: 0.006296220743966764 kWh
2025-02-11 06:42 | INFO | runtime_test_score is written as json file
2025-02-11 06:42 | INFO | runtime_validation_score is written as json file
2025-02-11 06:42 | INFO | instance_cost is written as json file
2025-02-11 06:42 | INFO | Experiment is finished
