2025-02-11 08:39 | INFO | Paramaters are: {'dataset': 'QBF-2016', 'penalty': 10, 'weight': 'No_Weight', 'voting': 'Hard', 'pre_selection_size': 64, 'pre_selection_technique': 'No_pre_selection', 'feature_elimination_threshold': 20, 'imputer_strategy': 'median', 'feature_selection_technique': 'No_feature_selection', 'feature_scaling_technique': 'StandardScaler', 'initial_train_size': 20, 'query_size': 1, 'timeout_predictor_usage': 'No', 'pareto_features': {'Uncertainty': 'max', 'PredDiff': 'max'}, 'timeout_limit': 100, 'timeout_increase_rate': 100, 'penalty_type': 'Only-timeout-penalty', 'RANDOM_STATE_SEED': 99, 'n_splits': 10, 'split_number': 6, 'max_timeout': 3600, 'param_grid': {'n_estimators': 100, 'max_features': 'sqrt', 'max_depth': 2147483648, 'min_samples_split': 2, 'bootstrap': True}}
2025-02-11 08:39 | INFO | QBF-2016 is current dataset
2025-02-11 08:39 | INFO | DATASETS/QBF-2016/algorithm_runs.arff is found
2025-02-11 08:39 | INFO | DATASETS/QBF-2016/algorithm_runs.arff is finished
2025-02-11 08:39 | INFO | DATASETS/QBF-2016/feature_values.arff is found
2025-02-11 08:39 | INFO | DATASETS/QBF-2016/feature_values.arff is finished
2025-02-11 08:39 | INFO | DATASETS/QBF-2016/feature_costs.arff is found
2025-02-11 08:39 | INFO | DATASETS/QBF-2016/feature_costs.arff is finished
2025-02-11 08:39 | INFO | Virtual best solver time in train = 6889.63
2025-02-11 08:39 | INFO | Single best solver list train = {'AIGSolve': 5197145.21, 'aqua-f3v': 8284428.58, 'aqua-s2v': 8177105.04, 'aqua-s3o': 8320245.14, 'caqe-minisat': 4907947.27, 'caqe-picosat': 4441902.96, 'depqbf-v1': 8431900.36, 'depqbf-v2': 4546456.88, 'depqbf-v3': 6419431.73, 'ghostq-cegar': 4546237.89, 'ghostq-plain': 4653747.61, 'hiqqer1': 5048281.77, 'hiqqer1ldsq': 5227544.5, 'hiqqer3': 5122799.25, 'iprover-QBF': 10918445.02, 'iprover-QBF-bloqqer': 11275839.84, 'qesto': 4908213.41, 'qestos': 6483120.45, 'qsts': 4755866.71, 'rareqs': 3394547.04, 'squeezebf+struqs': 11493913.83, 'struqs-10': 11422125.51, 'xb-bid-qsts': 2966743.72, 'xb-qsts': 3935734.0}
2025-02-11 08:39 | INFO | Single best solver time train = xb-bid-qsts (2966743.72)
2025-02-11 08:39 | INFO | Virtual best solver time in validation = 844.42
2025-02-11 08:39 | INFO | Single best solver list validation = {'AIGSolve': 685948.38, 'aqua-f3v': 1118021.78, 'aqua-s2v': 1153025.73, 'aqua-s3o': 1152883.36, 'caqe-minisat': 1298695.89, 'caqe-picosat': 1334356.9, 'depqbf-v1': 1728673.89, 'depqbf-v2': 902029.09, 'depqbf-v3': 1550449.83, 'ghostq-cegar': 1262395.34, 'ghostq-plain': 1657902.91, 'hiqqer1': 1261306.52, 'hiqqer1ldsq': 1261299.37, 'hiqqer3': 1297009.19, 'iprover-QBF': 2557374.2, 'iprover-QBF-bloqqer': 2880954.05, 'qesto': 1297612.61, 'qestos': 1368841.74, 'qsts': 1872550.34, 'rareqs': 937592.75, 'squeezebf+struqs': 1909958.32, 'struqs-10': 1910016.33, 'xb-bid-qsts': 686416.71, 'xb-qsts': 1118227.27}
2025-02-11 08:39 | INFO | Single best solver time validation = AIGSolve (685948.38)
2025-02-11 08:39 | INFO | Virtual best solver time in test = 622.76
2025-02-11 08:39 | INFO | Single best solver list test = {'AIGSolve': 612701.89, 'aqua-f3v': 829264.3, 'aqua-s2v': 829505.95, 'aqua-s3o': 865413.07, 'caqe-minisat': 612534.45, 'caqe-picosat': 540876.32, 'depqbf-v1': 1081317.49, 'depqbf-v2': 505348.31, 'depqbf-v3': 722059.19, 'ghostq-cegar': 613366.12, 'ghostq-plain': 757166.36, 'hiqqer1': 505925.18, 'hiqqer1ldsq': 505679.37, 'hiqqer3': 612754.9, 'iprover-QBF': 1369102.82, 'iprover-QBF-bloqqer': 1548575.23, 'qesto': 469696.09, 'qestos': 828318.36, 'qsts': 720639.68, 'rareqs': 361001.68, 'squeezebf+struqs': 1368678.05, 'struqs-10': 1332674.12, 'xb-bid-qsts': 217831.06, 'xb-qsts': 433294.24}
2025-02-11 08:39 | INFO | Single best solver time test = xb-bid-qsts (217831.06)
2025-02-11 08:40 | INFO | Training Time Passive Learning Classifier: 38.43 seconds
2025-02-11 08:40 | INFO | Training Time Passive Learning Regressor: 4.51 seconds
2025-02-11 08:43 | INFO | Passive Learning Classifier Runtime on Validation Set: 721805.82
2025-02-11 08:43 | INFO | Passive Learning Classifier Runtime on Test Set: 181329.86
2025-02-11 08:43 | INFO | Passive Learning Instance Cost: 15689323.72
2025-02-11 08:43 | INFO | Passive Learning Emissions: 0.0023228802742564906
2025-02-11 08:43 | INFO | Passive Learning Energy Consumption: 0.002527353054628798 kWh
2025-02-11 08:43 | INFO | Training Time Active Learning Classifier: 15.46 seconds
2025-02-11 08:43 | INFO | Training Time Active Learning Regressor: 1.12 seconds
2025-02-11 08:46 | INFO | Initial Active Learning Runtime on Validation Set: 1406186.73
2025-02-11 08:46 | INFO | Initial Active Learning Runtime on Test Set: 541758.58
2025-02-11 08:46 | INFO | Initial Active Learning Instance Cost: 15471.22
2025-02-11 08:46 | INFO | Bin size = 1455
2025-02-11 08:46 | INFO | Query 1 Size of the uncertainty table is = 146524/145452
2025-02-11 08:46 | INFO | Query 1 Size of the filtered table is = 1455
2025-02-11 08:47 | INFO | Training Time Active Learning Classifier: 15.13 seconds
2025-02-11 08:47 | INFO | Training Time Active Learning Regressor: 1.36 seconds
2025-02-11 08:49 | INFO | Query 1 Active Learning Runtime on Validation Set: 1369939.826
2025-02-11 08:49 | INFO | Query 1 Active Learning Runtime on Test Set: 541998.7660000001
2025-02-11 08:49 | INFO | Query 1 Active Learning Instance Cost: 102309.66
2025-02-11 08:51 | INFO | Query 2 Size of the uncertainty table is = 142533/145452
2025-02-11 08:51 | INFO | Query 2 Size of the filtered table is = 1455
2025-02-11 08:51 | INFO | Training Time Active Learning Classifier: 15.89 seconds
2025-02-11 08:51 | INFO | Training Time Active Learning Regressor: 1.57 seconds
2025-02-11 08:54 | INFO | Query 2 Active Learning Runtime on Validation Set: 1333848.096
2025-02-11 08:54 | INFO | Query 2 Active Learning Runtime on Test Set: 361540.12600000005
2025-02-11 08:54 | INFO | Query 2 Active Learning Instance Cost: 147735.85
2025-02-11 08:55 | INFO | Query 3 Size of the uncertainty table is = 136445/145452
2025-02-11 08:55 | INFO | Query 3 Size of the filtered table is = 1455
2025-02-11 08:56 | INFO | Training Time Active Learning Classifier: 16.5 seconds
2025-02-11 08:56 | INFO | Training Time Active Learning Regressor: 1.77 seconds
2025-02-11 08:58 | INFO | Query 3 Active Learning Runtime on Validation Set: 1297853.5659999999
2025-02-11 08:58 | INFO | Query 3 Active Learning Runtime on Test Set: 325455.44600000005
2025-02-11 08:58 | INFO | Query 3 Active Learning Instance Cost: 188618.66
2025-02-11 09:00 | INFO | Query 4 Size of the uncertainty table is = 130540/145452
2025-02-11 09:00 | INFO | Query 4 Size of the filtered table is = 1455
2025-02-11 09:01 | INFO | Training Time Active Learning Classifier: 17.85 seconds
2025-02-11 09:01 | INFO | Training Time Active Learning Regressor: 2.01 seconds
2025-02-11 09:03 | INFO | Query 4 Active Learning Runtime on Validation Set: 1369436.716
2025-02-11 09:03 | INFO | Query 4 Active Learning Runtime on Test Set: 469331.92600000004
2025-02-11 09:03 | INFO | Query 4 Active Learning Instance Cost: 220143.86
2025-02-11 09:03 | INFO | Timeout limit is increased to 200
2025-02-11 09:05 | INFO | Query 5 Size of the uncertainty table is = 123215/145452
2025-02-11 09:05 | INFO | Query 5 Size of the filtered table is = 1455
2025-02-11 09:06 | INFO | Training Time Active Learning Classifier: 18.8 seconds
2025-02-11 09:06 | INFO | Training Time Active Learning Regressor: 2.23 seconds
2025-02-11 09:08 | INFO | Query 5 Active Learning Runtime on Validation Set: 1369210.3059999999
2025-02-11 09:08 | INFO | Query 5 Active Learning Runtime on Test Set: 541828.866
2025-02-11 09:08 | INFO | Query 5 Active Learning Instance Cost: 303826.32
2025-02-11 09:10 | INFO | Query 6 Size of the uncertainty table is = 115854/145452
2025-02-11 09:10 | INFO | Query 6 Size of the filtered table is = 1455
2025-02-11 09:11 | INFO | Training Time Active Learning Classifier: 20.21 seconds
2025-02-11 09:11 | INFO | Training Time Active Learning Regressor: 2.42 seconds
2025-02-11 09:13 | INFO | Query 6 Active Learning Runtime on Validation Set: 1369213.396
2025-02-11 09:13 | INFO | Query 6 Active Learning Runtime on Test Set: 505835.81600000005
2025-02-11 09:13 | INFO | Query 6 Active Learning Instance Cost: 412411.88
2025-02-11 09:13 | INFO | Timeout limit is increased to 300
2025-02-11 09:16 | INFO | Query 7 Size of the uncertainty table is = 108139/145452
2025-02-11 09:16 | INFO | Query 7 Size of the filtered table is = 1455
2025-02-11 09:16 | INFO | Training Time Active Learning Classifier: 21.95 seconds
2025-02-11 09:16 | INFO | Training Time Active Learning Regressor: 2.65 seconds
2025-02-11 09:19 | INFO | Query 7 Active Learning Runtime on Validation Set: 1153425.976
2025-02-11 09:19 | INFO | Query 7 Active Learning Runtime on Test Set: 397685.43600000005
2025-02-11 09:19 | INFO | Query 7 Active Learning Instance Cost: 538341.46
2025-02-11 09:21 | INFO | Query 8 Size of the uncertainty table is = 100157/145452
2025-02-11 09:21 | INFO | Query 8 Size of the filtered table is = 1455
2025-02-11 09:22 | INFO | Training Time Active Learning Classifier: 23.29 seconds
2025-02-11 09:22 | INFO | Training Time Active Learning Regressor: 2.85 seconds
2025-02-11 09:24 | INFO | Query 8 Active Learning Runtime on Validation Set: 1261661.146
2025-02-11 09:24 | INFO | Query 8 Active Learning Runtime on Test Set: 326267.656
2025-02-11 09:24 | INFO | Query 8 Active Learning Instance Cost: 672333.74
2025-02-11 09:24 | INFO | Timeout limit is increased to 400
2025-02-11 09:26 | INFO | Query 9 Size of the uncertainty table is = 92212/145452
2025-02-11 09:26 | INFO | Query 9 Size of the filtered table is = 1455
2025-02-11 09:27 | INFO | Training Time Active Learning Classifier: 25.02 seconds
2025-02-11 09:27 | INFO | Training Time Active Learning Regressor: 3.09 seconds
2025-02-11 09:30 | INFO | Query 9 Active Learning Runtime on Validation Set: 1082123.126
2025-02-11 09:30 | INFO | Query 9 Active Learning Runtime on Test Set: 290261.48600000003
2025-02-11 09:30 | INFO | Query 9 Active Learning Instance Cost: 898643.82
2025-02-11 09:32 | INFO | Query 10 Size of the uncertainty table is = 84510/145452
2025-02-11 09:32 | INFO | Query 10 Size of the filtered table is = 1455
2025-02-11 09:32 | INFO | Training Time Active Learning Classifier: 26.81 seconds
2025-02-11 09:32 | INFO | Training Time Active Learning Regressor: 3.28 seconds
2025-02-11 09:35 | INFO | Query 10 Active Learning Runtime on Validation Set: 901792.466
2025-02-11 09:35 | INFO | Query 10 Active Learning Runtime on Test Set: 253617.866
2025-02-11 09:35 | INFO | Query 10 Active Learning Instance Cost: 1089766.46
2025-02-11 09:37 | INFO | Query 11 Size of the uncertainty table is = 77776/145452
2025-02-11 09:37 | INFO | Query 11 Size of the filtered table is = 1455
2025-02-11 09:38 | INFO | Training Time Active Learning Classifier: 28.78 seconds
2025-02-11 09:38 | INFO | Training Time Active Learning Regressor: 3.48 seconds
2025-02-11 09:40 | INFO | Query 11 Active Learning Runtime on Validation Set: 1009857.116
2025-02-11 09:40 | INFO | Query 11 Active Learning Runtime on Test Set: 217233.866
2025-02-11 09:40 | INFO | Query 11 Active Learning Instance Cost: 1229373.47
2025-02-11 09:40 | INFO | Timeout limit is increased to 500
2025-02-11 09:43 | INFO | Query 12 Size of the uncertainty table is = 69819/145452
2025-02-11 09:43 | INFO | Query 12 Size of the filtered table is = 1455
2025-02-11 09:43 | INFO | Training Time Active Learning Classifier: 30.77 seconds
2025-02-11 09:43 | INFO | Training Time Active Learning Regressor: 3.7 seconds
2025-02-11 09:46 | INFO | Query 12 Active Learning Runtime on Validation Set: 973662.886
2025-02-11 09:46 | INFO | Query 12 Active Learning Runtime on Test Set: 181878.646
2025-02-11 09:46 | INFO | Query 12 Active Learning Instance Cost: 1418529.03
2025-02-11 09:48 | INFO | Query 13 Size of the uncertainty table is = 62435/145452
2025-02-11 09:48 | INFO | Query 13 Size of the filtered table is = 1455
2025-02-11 09:49 | INFO | Training Time Active Learning Classifier: 32.4 seconds
2025-02-11 09:49 | INFO | Training Time Active Learning Regressor: 4.1 seconds
2025-02-11 09:51 | INFO | Query 13 Active Learning Runtime on Validation Set: 901581.4060000001
2025-02-11 09:51 | INFO | Query 13 Active Learning Runtime on Test Set: 145560.476
2025-02-11 09:51 | INFO | Query 13 Active Learning Instance Cost: 1615772.81
2025-02-11 09:53 | INFO | Query 14 Size of the uncertainty table is = 56138/145452
2025-02-11 09:53 | INFO | Query 14 Size of the filtered table is = 1455
2025-02-11 09:54 | INFO | Training Time Active Learning Classifier: 34.0 seconds
2025-02-11 09:54 | INFO | Training Time Active Learning Regressor: 4.02 seconds
2025-02-11 09:57 | INFO | Query 14 Active Learning Runtime on Validation Set: 901599.486
2025-02-11 09:57 | INFO | Query 14 Active Learning Runtime on Test Set: 181364.406
2025-02-11 09:57 | INFO | Query 14 Active Learning Instance Cost: 1696841.65
2025-02-11 09:57 | INFO | Timeout limit is increased to 600
2025-02-11 09:58 | INFO | Query 15 Size of the uncertainty table is = 49815/145452
2025-02-11 09:58 | INFO | Query 15 Size of the filtered table is = 1455
2025-02-11 09:59 | INFO | Training Time Active Learning Classifier: 35.11 seconds
2025-02-11 09:59 | INFO | Training Time Active Learning Regressor: 4.16 seconds
2025-02-11 10:02 | INFO | Query 15 Active Learning Runtime on Validation Set: 721561.246
2025-02-11 10:02 | INFO | Query 15 Active Learning Runtime on Test Set: 181275.486
2025-02-11 10:02 | INFO | Query 15 Active Learning Instance Cost: 1897633.35
2025-02-11 10:03 | INFO | Query 16 Size of the uncertainty table is = 45460/145452
2025-02-11 10:03 | INFO | Query 16 Size of the filtered table is = 1455
2025-02-11 10:04 | INFO | Training Time Active Learning Classifier: 35.89 seconds
2025-02-11 10:04 | INFO | Training Time Active Learning Regressor: 4.18 seconds
2025-02-11 10:07 | INFO | Query 16 Active Learning Runtime on Validation Set: 757882.366
2025-02-11 10:07 | INFO | Query 16 Active Learning Runtime on Test Set: 181436.716
2025-02-11 10:07 | INFO | Query 16 Active Learning Instance Cost: 2051859.68
2025-02-11 10:07 | INFO | Timeout limit is increased to 700
2025-02-11 10:08 | INFO | Query 17 Size of the uncertainty table is = 43307/145452
2025-02-11 10:08 | INFO | Query 17 Size of the filtered table is = 1455
2025-02-11 10:09 | INFO | Training Time Active Learning Classifier: 36.08 seconds
2025-02-11 10:09 | INFO | Training Time Active Learning Regressor: 4.45 seconds
2025-02-11 10:12 | INFO | Query 17 Active Learning Runtime on Validation Set: 901484.116
2025-02-11 10:12 | INFO | Query 17 Active Learning Runtime on Test Set: 181411.026
2025-02-11 10:12 | INFO | Query 17 Active Learning Instance Cost: 2255896.02
2025-02-11 10:12 | INFO | Timeout limit is increased to 800
2025-02-11 10:13 | INFO | Query 18 Size of the uncertainty table is = 42059/145452
2025-02-11 10:13 | INFO | Query 18 Size of the filtered table is = 1455
2025-02-11 10:14 | INFO | Training Time Active Learning Classifier: 36.43 seconds
2025-02-11 10:14 | INFO | Training Time Active Learning Regressor: 4.26 seconds
2025-02-11 10:17 | INFO | Query 18 Active Learning Runtime on Validation Set: 685581.726
2025-02-11 10:17 | INFO | Query 18 Active Learning Runtime on Test Set: 181410.996
2025-02-11 10:17 | INFO | Query 18 Active Learning Instance Cost: 2466221.74
2025-02-11 10:18 | INFO | Query 19 Size of the uncertainty table is = 41226/145452
2025-02-11 10:18 | INFO | Query 19 Size of the filtered table is = 1455
2025-02-11 10:19 | INFO | Training Time Active Learning Classifier: 36.23 seconds
2025-02-11 10:19 | INFO | Training Time Active Learning Regressor: 4.27 seconds
2025-02-11 10:22 | INFO | Query 19 Active Learning Runtime on Validation Set: 721665.096
2025-02-11 10:22 | INFO | Query 19 Active Learning Runtime on Test Set: 181399.536
2025-02-11 10:22 | INFO | Query 19 Active Learning Instance Cost: 2566033.9
2025-02-11 10:22 | INFO | Timeout limit is increased to 900
2025-02-11 10:23 | INFO | Query 20 Size of the uncertainty table is = 41081/145452
2025-02-11 10:23 | INFO | Query 20 Size of the filtered table is = 1455
2025-02-11 10:24 | INFO | Training Time Active Learning Classifier: 36.29 seconds
2025-02-11 10:24 | INFO | Training Time Active Learning Regressor: 4.51 seconds
2025-02-11 10:27 | INFO | Query 20 Active Learning Runtime on Validation Set: 721682.696
2025-02-11 10:27 | INFO | Query 20 Active Learning Runtime on Test Set: 181400.176
2025-02-11 10:27 | INFO | Query 20 Active Learning Instance Cost: 2751939.67
2025-02-11 10:27 | INFO | Timeout limit is increased to 1000
2025-02-11 10:28 | INFO | Query 21 Size of the uncertainty table is = 40921/145452
2025-02-11 10:28 | INFO | Query 21 Size of the filtered table is = 1455
2025-02-11 10:29 | INFO | Training Time Active Learning Classifier: 36.54 seconds
2025-02-11 10:29 | INFO | Training Time Active Learning Regressor: 4.27 seconds
2025-02-11 10:32 | INFO | Query 21 Active Learning Runtime on Validation Set: 685669.716
2025-02-11 10:32 | INFO | Query 21 Active Learning Runtime on Test Set: 181364.316
2025-02-11 10:32 | INFO | Query 21 Active Learning Instance Cost: 2961868.7
2025-02-11 10:33 | INFO | Query 22 Size of the uncertainty table is = 40836/145452
2025-02-11 10:33 | INFO | Query 22 Size of the filtered table is = 1455
2025-02-11 10:34 | INFO | Training Time Active Learning Classifier: 36.3 seconds
2025-02-11 10:34 | INFO | Training Time Active Learning Regressor: 4.52 seconds
2025-02-11 10:36 | INFO | Query 22 Active Learning Runtime on Validation Set: 721651.6560000001
2025-02-11 10:36 | INFO | Query 22 Active Learning Runtime on Test Set: 181364.306
2025-02-11 10:36 | INFO | Query 22 Active Learning Instance Cost: 3066069.52
2025-02-11 10:36 | INFO | Timeout limit is increased to 1100
2025-02-11 10:38 | INFO | Query 23 Size of the uncertainty table is = 40739/145452
2025-02-11 10:38 | INFO | Query 23 Size of the filtered table is = 1455
2025-02-11 10:39 | INFO | Training Time Active Learning Classifier: 36.45 seconds
2025-02-11 10:39 | INFO | Training Time Active Learning Regressor: 4.28 seconds
2025-02-11 10:41 | INFO | Query 23 Active Learning Runtime on Validation Set: 721651.6560000001
2025-02-11 10:41 | INFO | Query 23 Active Learning Runtime on Test Set: 181364.306
2025-02-11 10:41 | INFO | Query 23 Active Learning Instance Cost: 3239776.5
2025-02-11 10:41 | INFO | Timeout limit is increased to 1200
2025-02-11 10:43 | INFO | Query 24 Size of the uncertainty table is = 40707/145452
2025-02-11 10:43 | INFO | Query 24 Size of the filtered table is = 1455
2025-02-11 10:44 | INFO | Training Time Active Learning Classifier: 36.37 seconds
2025-02-11 10:44 | INFO | Training Time Active Learning Regressor: 4.28 seconds
2025-02-11 10:46 | INFO | Query 24 Active Learning Runtime on Validation Set: 685671.1560000001
2025-02-11 10:46 | INFO | Query 24 Active Learning Runtime on Test Set: 181364.306
2025-02-11 10:46 | INFO | Query 24 Active Learning Instance Cost: 3447778.5
2025-02-11 10:48 | INFO | Query 25 Size of the uncertainty table is = 40583/145452
2025-02-11 10:48 | INFO | Query 25 Size of the filtered table is = 1455
2025-02-11 10:49 | INFO | Training Time Active Learning Classifier: 36.41 seconds
2025-02-11 10:49 | INFO | Training Time Active Learning Regressor: 4.29 seconds
2025-02-11 10:51 | INFO | Query 25 Active Learning Runtime on Validation Set: 685670.216
2025-02-11 10:51 | INFO | Query 25 Active Learning Runtime on Test Set: 181364.306
2025-02-11 10:51 | INFO | Query 25 Active Learning Instance Cost: 3542786.1
2025-02-11 10:53 | INFO | Query 26 Size of the uncertainty table is = 40522/145452
2025-02-11 10:53 | INFO | Query 26 Size of the filtered table is = 1455
2025-02-11 10:53 | INFO | Training Time Active Learning Classifier: 36.65 seconds
2025-02-11 10:54 | INFO | Training Time Active Learning Regressor: 4.3 seconds
2025-02-11 10:56 | INFO | Query 26 Active Learning Runtime on Validation Set: 685670.216
2025-02-11 10:56 | INFO | Query 26 Active Learning Runtime on Test Set: 181364.306
2025-02-11 10:56 | INFO | Query 26 Active Learning Instance Cost: 3615086.74
2025-02-11 10:56 | INFO | Timeout limit is increased to 1300
2025-02-11 10:58 | INFO | Query 27 Size of the uncertainty table is = 40489/145452
2025-02-11 10:58 | INFO | Query 27 Size of the filtered table is = 1455
2025-02-11 10:58 | INFO | Training Time Active Learning Classifier: 36.47 seconds
2025-02-11 10:58 | INFO | Training Time Active Learning Regressor: 4.33 seconds
2025-02-11 11:01 | INFO | Query 27 Active Learning Runtime on Validation Set: 685670.216
2025-02-11 11:01 | INFO | Query 27 Active Learning Runtime on Test Set: 181364.306
2025-02-11 11:01 | INFO | Query 27 Active Learning Instance Cost: 3792795.16
2025-02-11 11:01 | INFO | Timeout limit is increased to 1400
2025-02-11 11:03 | INFO | Query 28 Size of the uncertainty table is = 40473/145452
2025-02-11 11:03 | INFO | Query 28 Size of the filtered table is = 1455
2025-02-11 11:03 | INFO | Training Time Active Learning Classifier: 36.4 seconds
2025-02-11 11:03 | INFO | Training Time Active Learning Regressor: 4.29 seconds
2025-02-11 11:06 | INFO | Query 28 Active Learning Runtime on Validation Set: 685670.216
2025-02-11 11:06 | INFO | Query 28 Active Learning Runtime on Test Set: 181364.306
2025-02-11 11:06 | INFO | Query 28 Active Learning Instance Cost: 3989095.26
2025-02-11 11:06 | INFO | Timeout limit is increased to 1500
2025-02-11 11:08 | INFO | Query 29 Size of the uncertainty table is = 40457/145452
2025-02-11 11:08 | INFO | Query 29 Size of the filtered table is = 1455
2025-02-11 11:08 | INFO | Training Time Active Learning Classifier: 36.51 seconds
2025-02-11 11:08 | INFO | Training Time Active Learning Regressor: 4.29 seconds
2025-02-11 11:11 | INFO | Query 29 Active Learning Runtime on Validation Set: 722109.236
2025-02-11 11:11 | INFO | Query 29 Active Learning Runtime on Test Set: 181364.306
2025-02-11 11:11 | INFO | Query 29 Active Learning Instance Cost: 4212397.49
2025-02-11 11:11 | INFO | Timeout limit is increased to 1600
2025-02-11 11:12 | INFO | Query 30 Size of the uncertainty table is = 40328/145452
2025-02-11 11:12 | INFO | Query 30 Size of the filtered table is = 1455
2025-02-11 11:13 | INFO | Training Time Active Learning Classifier: 36.49 seconds
2025-02-11 11:13 | INFO | Training Time Active Learning Regressor: 4.3 seconds
2025-02-11 11:16 | INFO | Query 30 Active Learning Runtime on Validation Set: 758133.486
2025-02-11 11:16 | INFO | Query 30 Active Learning Runtime on Test Set: 181363.676
2025-02-11 11:16 | INFO | Query 30 Active Learning Instance Cost: 4451297.87
2025-02-11 11:16 | INFO | Timeout limit is increased to 1700
2025-02-11 11:17 | INFO | Query 31 Size of the uncertainty table is = 40140/145452
2025-02-11 11:17 | INFO | Query 31 Size of the filtered table is = 1455
2025-02-11 11:18 | INFO | Training Time Active Learning Classifier: 36.57 seconds
2025-02-11 11:18 | INFO | Training Time Active Learning Regressor: 4.56 seconds
2025-02-11 11:21 | INFO | Query 31 Active Learning Runtime on Validation Set: 829571.0260000001
2025-02-11 11:21 | INFO | Query 31 Active Learning Runtime on Test Set: 181375.136
2025-02-11 11:21 | INFO | Query 31 Active Learning Instance Cost: 4691598.08
2025-02-11 11:21 | INFO | Timeout limit is increased to 1800
2025-02-11 11:22 | INFO | Query 32 Size of the uncertainty table is = 40054/145452
2025-02-11 11:22 | INFO | Query 32 Size of the filtered table is = 1455
2025-02-11 11:23 | INFO | Training Time Active Learning Classifier: 36.82 seconds
2025-02-11 11:23 | INFO | Training Time Active Learning Regressor: 4.29 seconds
2025-02-11 11:26 | INFO | Query 32 Active Learning Runtime on Validation Set: 865570.836
2025-02-11 11:26 | INFO | Query 32 Active Learning Runtime on Test Set: 181375.136
2025-02-11 11:26 | INFO | Query 32 Active Learning Instance Cost: 4947898.59
2025-02-11 11:26 | INFO | Timeout limit is increased to 1900
2025-02-11 11:27 | INFO | Query 33 Size of the uncertainty table is = 39881/145452
2025-02-11 11:27 | INFO | Query 33 Size of the filtered table is = 1455
2025-02-11 11:28 | INFO | Training Time Active Learning Classifier: 36.88 seconds
2025-02-11 11:28 | INFO | Training Time Active Learning Regressor: 4.32 seconds
2025-02-11 11:31 | INFO | Query 33 Active Learning Runtime on Validation Set: 829581.4160000001
2025-02-11 11:31 | INFO | Query 33 Active Learning Runtime on Test Set: 181375.126
2025-02-11 11:31 | INFO | Query 33 Active Learning Instance Cost: 5180699.86
2025-02-11 11:32 | INFO | Query 34 Size of the uncertainty table is = 39501/145452
2025-02-11 11:32 | INFO | Query 34 Size of the filtered table is = 1455
2025-02-11 11:33 | INFO | Training Time Active Learning Classifier: 36.61 seconds
2025-02-11 11:33 | INFO | Training Time Active Learning Regressor: 4.58 seconds
2025-02-11 11:36 | INFO | Query 34 Active Learning Runtime on Validation Set: 865549.596
2025-02-11 11:36 | INFO | Query 34 Active Learning Runtime on Test Set: 181375.766
2025-02-11 11:36 | INFO | Query 34 Active Learning Instance Cost: 5302500.05
2025-02-11 11:36 | INFO | Timeout limit is increased to 2000
2025-02-11 11:37 | INFO | Query 35 Size of the uncertainty table is = 39452/145452
2025-02-11 11:37 | INFO | Query 35 Size of the filtered table is = 1455
2025-02-11 11:38 | INFO | Training Time Active Learning Classifier: 36.64 seconds
2025-02-11 11:38 | INFO | Training Time Active Learning Regressor: 4.3 seconds
2025-02-11 11:40 | INFO | Query 35 Active Learning Runtime on Validation Set: 865549.596
2025-02-11 11:40 | INFO | Query 35 Active Learning Runtime on Test Set: 181375.766
2025-02-11 11:40 | INFO | Query 35 Active Learning Instance Cost: 5505600.05
2025-02-11 11:40 | INFO | Timeout limit is increased to 2100
2025-02-11 11:42 | INFO | Query 36 Size of the uncertainty table is = 39449/145452
2025-02-11 11:42 | INFO | Query 36 Size of the filtered table is = 1455
2025-02-11 11:43 | INFO | Training Time Active Learning Classifier: 36.98 seconds
2025-02-11 11:43 | INFO | Training Time Active Learning Regressor: 4.3 seconds
2025-02-11 11:45 | INFO | Query 36 Active Learning Runtime on Validation Set: 865549.596
2025-02-11 11:45 | INFO | Query 36 Active Learning Runtime on Test Set: 181375.766
2025-02-11 11:45 | INFO | Query 36 Active Learning Instance Cost: 5737500.1
2025-02-11 11:45 | INFO | Timeout limit is increased to 2200
2025-02-11 11:47 | INFO | Query 37 Size of the uncertainty table is = 39432/145452
2025-02-11 11:47 | INFO | Query 37 Size of the filtered table is = 1455
2025-02-11 11:48 | INFO | Training Time Active Learning Classifier: 36.66 seconds
2025-02-11 11:48 | INFO | Training Time Active Learning Regressor: 4.33 seconds
2025-02-11 11:50 | INFO | Query 37 Active Learning Runtime on Validation Set: 829549.816
2025-02-11 11:50 | INFO | Query 37 Active Learning Runtime on Test Set: 181375.766
2025-02-11 11:50 | INFO | Query 37 Active Learning Instance Cost: 6004800.12
2025-02-11 11:52 | INFO | Query 38 Size of the uncertainty table is = 39409/145452
2025-02-11 11:52 | INFO | Query 38 Size of the filtered table is = 1455
2025-02-11 11:52 | INFO | Training Time Active Learning Classifier: 36.9 seconds
2025-02-11 11:53 | INFO | Training Time Active Learning Regressor: 4.32 seconds
2025-02-11 11:55 | INFO | Query 38 Active Learning Runtime on Validation Set: 829549.816
2025-02-11 11:55 | INFO | Query 38 Active Learning Runtime on Test Set: 181375.766
2025-02-11 11:55 | INFO | Query 38 Active Learning Instance Cost: 6111700.12
2025-02-11 11:55 | INFO | Timeout limit is increased to 2300
2025-02-11 11:57 | INFO | Query 39 Size of the uncertainty table is = 39409/145452
2025-02-11 11:57 | INFO | Query 39 Size of the filtered table is = 1455
2025-02-11 11:57 | INFO | Training Time Active Learning Classifier: 36.72 seconds
2025-02-11 11:57 | INFO | Training Time Active Learning Regressor: 4.33 seconds
2025-02-11 12:00 | INFO | Query 39 Active Learning Runtime on Validation Set: 1081481.586
2025-02-11 12:00 | INFO | Query 39 Active Learning Runtime on Test Set: 181375.776
2025-02-11 12:00 | INFO | Query 39 Active Learning Instance Cost: 6309300.19
2025-02-11 12:00 | INFO | Timeout limit is increased to 2400
2025-02-11 12:02 | INFO | Query 40 Size of the uncertainty table is = 39364/145452
2025-02-11 12:02 | INFO | Query 40 Size of the filtered table is = 1455
2025-02-11 12:02 | INFO | Training Time Active Learning Classifier: 36.71 seconds
2025-02-11 12:02 | INFO | Training Time Active Learning Regressor: 4.32 seconds
2025-02-11 12:05 | INFO | Query 40 Active Learning Runtime on Validation Set: 1117384.686
2025-02-11 12:05 | INFO | Query 40 Active Learning Runtime on Test Set: 181375.776
2025-02-11 12:05 | INFO | Query 40 Active Learning Instance Cost: 6521000.21
2025-02-11 12:05 | INFO | Timeout limit is increased to 2500
2025-02-11 12:06 | INFO | Query 41 Size of the uncertainty table is = 39343/145452
2025-02-11 12:06 | INFO | Query 41 Size of the filtered table is = 1455
2025-02-11 12:07 | INFO | Training Time Active Learning Classifier: 36.9 seconds
2025-02-11 12:07 | INFO | Training Time Active Learning Regressor: 4.31 seconds
2025-02-11 12:10 | INFO | Query 41 Active Learning Runtime on Validation Set: 1117384.686
2025-02-11 12:10 | INFO | Query 41 Active Learning Runtime on Test Set: 181375.776
2025-02-11 12:10 | INFO | Query 41 Active Learning Instance Cost: 6799400.38
2025-02-11 12:10 | INFO | Timeout limit is increased to 2600
2025-02-11 12:11 | INFO | Query 42 Size of the uncertainty table is = 39323/145452
2025-02-11 12:11 | INFO | Query 42 Size of the filtered table is = 1455
2025-02-11 12:12 | INFO | Training Time Active Learning Classifier: 36.66 seconds
2025-02-11 12:12 | INFO | Training Time Active Learning Regressor: 4.31 seconds
2025-02-11 12:15 | INFO | Query 42 Active Learning Runtime on Validation Set: 1117265.426
2025-02-11 12:15 | INFO | Query 42 Active Learning Runtime on Test Set: 181375.786
2025-02-11 12:15 | INFO | Query 42 Active Learning Instance Cost: 7040200.41
2025-02-11 12:16 | INFO | Query 43 Size of the uncertainty table is = 39304/145452
2025-02-11 12:16 | INFO | Query 43 Size of the filtered table is = 1455
2025-02-11 12:17 | INFO | Training Time Active Learning Classifier: 36.47 seconds
2025-02-11 12:17 | INFO | Training Time Active Learning Regressor: 4.32 seconds
2025-02-11 12:20 | INFO | Query 43 Active Learning Runtime on Validation Set: 1117265.406
2025-02-11 12:20 | INFO | Query 43 Active Learning Runtime on Test Set: 181375.776
2025-02-11 12:20 | INFO | Query 43 Active Learning Instance Cost: 7201900.83
2025-02-11 12:21 | INFO | Query 44 Size of the uncertainty table is = 39249/145452
2025-02-11 12:21 | INFO | Query 44 Size of the filtered table is = 1455
2025-02-11 12:22 | INFO | Training Time Active Learning Classifier: 36.5 seconds
2025-02-11 12:22 | INFO | Training Time Active Learning Regressor: 4.56 seconds
2025-02-11 12:24 | INFO | Query 44 Active Learning Runtime on Validation Set: 1117265.406
2025-02-11 12:24 | INFO | Query 44 Active Learning Runtime on Test Set: 181375.776
2025-02-11 12:24 | INFO | Query 44 Active Learning Instance Cost: 7286800.83
2025-02-11 12:24 | INFO | Timeout limit is increased to 2700
2025-02-11 12:26 | INFO | Query 45 Size of the uncertainty table is = 39249/145452
2025-02-11 12:26 | INFO | Query 45 Size of the filtered table is = 1455
2025-02-11 12:27 | INFO | Training Time Active Learning Classifier: 36.57 seconds
2025-02-11 12:27 | INFO | Training Time Active Learning Regressor: 4.31 seconds
2025-02-11 12:29 | INFO | Query 45 Active Learning Runtime on Validation Set: 1117265.406
2025-02-11 12:29 | INFO | Query 45 Active Learning Runtime on Test Set: 181375.776
2025-02-11 12:29 | INFO | Query 45 Active Learning Instance Cost: 7504400.83
2025-02-11 12:29 | INFO | Timeout limit is increased to 2800
2025-02-11 12:31 | INFO | Query 46 Size of the uncertainty table is = 39249/145452
2025-02-11 12:31 | INFO | Query 46 Size of the filtered table is = 1455
2025-02-11 12:31 | INFO | Training Time Active Learning Classifier: 36.8 seconds
2025-02-11 12:31 | INFO | Training Time Active Learning Regressor: 4.32 seconds
2025-02-11 12:34 | INFO | Query 46 Active Learning Runtime on Validation Set: 1117447.8159999999
2025-02-11 12:34 | INFO | Query 46 Active Learning Runtime on Test Set: 181375.776
2025-02-11 12:34 | INFO | Query 46 Active Learning Instance Cost: 7760501.09
2025-02-11 12:34 | INFO | Timeout limit is increased to 2900
2025-02-11 12:35 | INFO | Query 47 Size of the uncertainty table is = 39178/145452
2025-02-11 12:35 | INFO | Query 47 Size of the filtered table is = 1455
2025-02-11 12:36 | INFO | Training Time Active Learning Classifier: 36.57 seconds
2025-02-11 12:36 | INFO | Training Time Active Learning Regressor: 4.33 seconds
2025-02-11 12:39 | INFO | Query 47 Active Learning Runtime on Validation Set: 1117447.586
2025-02-11 12:39 | INFO | Query 47 Active Learning Runtime on Test Set: 181375.776
2025-02-11 12:39 | INFO | Query 47 Active Learning Instance Cost: 7979601.13
2025-02-11 12:40 | INFO | Query 48 Size of the uncertainty table is = 39160/145452
2025-02-11 12:40 | INFO | Query 48 Size of the filtered table is = 1455
2025-02-11 12:41 | INFO | Training Time Active Learning Classifier: 36.56 seconds
2025-02-11 12:41 | INFO | Training Time Active Learning Regressor: 4.32 seconds
2025-02-11 12:44 | INFO | Query 48 Active Learning Runtime on Validation Set: 1117447.586
2025-02-11 12:44 | INFO | Query 48 Active Learning Runtime on Test Set: 181375.776
2025-02-11 12:44 | INFO | Query 48 Active Learning Instance Cost: 8108903.85
2025-02-11 12:44 | INFO | Timeout limit is increased to 3000
2025-02-11 12:45 | INFO | Query 49 Size of the uncertainty table is = 39111/145452
2025-02-11 12:45 | INFO | Query 49 Size of the filtered table is = 1455
2025-02-11 12:46 | INFO | Training Time Active Learning Classifier: 36.81 seconds
2025-02-11 12:46 | INFO | Training Time Active Learning Regressor: 4.33 seconds
2025-02-11 12:49 | INFO | Query 49 Active Learning Runtime on Validation Set: 1117447.586
2025-02-11 12:49 | INFO | Query 49 Active Learning Runtime on Test Set: 181375.776
2025-02-11 12:49 | INFO | Query 49 Active Learning Instance Cost: 8337903.85
2025-02-11 12:49 | INFO | Timeout limit is increased to 3100
2025-02-11 12:50 | INFO | Query 50 Size of the uncertainty table is = 39111/145452
2025-02-11 12:50 | INFO | Query 50 Size of the filtered table is = 1455
2025-02-11 12:51 | INFO | Training Time Active Learning Classifier: 36.62 seconds
2025-02-11 12:51 | INFO | Training Time Active Learning Regressor: 4.33 seconds
2025-02-11 12:53 | INFO | Query 50 Active Learning Runtime on Validation Set: 1117447.586
2025-02-11 12:53 | INFO | Query 50 Active Learning Runtime on Test Set: 181375.776
2025-02-11 12:53 | INFO | Query 50 Active Learning Instance Cost: 8591603.85
2025-02-11 12:53 | INFO | Timeout limit is increased to 3200
2025-02-11 12:55 | INFO | Query 51 Size of the uncertainty table is = 39111/145452
2025-02-11 12:55 | INFO | Query 51 Size of the filtered table is = 1455
2025-02-11 12:56 | INFO | Training Time Active Learning Classifier: 36.88 seconds
2025-02-11 12:56 | INFO | Training Time Active Learning Regressor: 4.33 seconds
2025-02-11 12:58 | INFO | Query 51 Active Learning Runtime on Validation Set: 1117447.586
2025-02-11 12:58 | INFO | Query 51 Active Learning Runtime on Test Set: 181375.776
2025-02-11 12:58 | INFO | Query 51 Active Learning Instance Cost: 8820903.85
2025-02-11 12:58 | INFO | Timeout limit is increased to 3300
2025-02-11 13:00 | INFO | Query 52 Size of the uncertainty table is = 39111/145452
2025-02-11 13:00 | INFO | Query 52 Size of the filtered table is = 1455
2025-02-11 13:00 | INFO | Training Time Active Learning Classifier: 36.65 seconds
2025-02-11 13:00 | INFO | Training Time Active Learning Regressor: 4.32 seconds
2025-02-11 13:03 | INFO | Query 52 Active Learning Runtime on Validation Set: 1117447.586
2025-02-11 13:03 | INFO | Query 52 Active Learning Runtime on Test Set: 181375.776
2025-02-11 13:03 | INFO | Query 52 Active Learning Instance Cost: 9085003.91
2025-02-11 13:03 | INFO | Timeout limit is increased to 3400
2025-02-11 13:05 | INFO | Query 53 Size of the uncertainty table is = 39110/145452
2025-02-11 13:05 | INFO | Query 53 Size of the filtered table is = 1455
2025-02-11 13:05 | INFO | Training Time Active Learning Classifier: 36.64 seconds
2025-02-11 13:05 | INFO | Training Time Active Learning Regressor: 4.71 seconds
2025-02-11 13:08 | INFO | Query 53 Active Learning Runtime on Validation Set: 1117447.586
2025-02-11 13:08 | INFO | Query 53 Active Learning Runtime on Test Set: 181375.776
2025-02-11 13:08 | INFO | Query 53 Active Learning Instance Cost: 9345603.91
2025-02-11 13:08 | INFO | Timeout limit is increased to 3500
2025-02-11 13:09 | INFO | Query 54 Size of the uncertainty table is = 39110/145452
2025-02-11 13:09 | INFO | Query 54 Size of the filtered table is = 1455
2025-02-11 13:10 | INFO | Training Time Active Learning Classifier: 36.68 seconds
2025-02-11 13:10 | INFO | Training Time Active Learning Regressor: 4.34 seconds
2025-02-11 13:13 | INFO | Query 54 Active Learning Runtime on Validation Set: 1117447.586
2025-02-11 13:13 | INFO | Query 54 Active Learning Runtime on Test Set: 181375.776
2025-02-11 13:13 | INFO | Query 54 Active Learning Instance Cost: 9625303.91
2025-02-11 13:13 | INFO | Timeout limit is increased to 3600
2025-02-11 13:14 | INFO | Query 55 Size of the uncertainty table is = 39110/145452
2025-02-11 13:14 | INFO | Query 55 Size of the filtered table is = 1455
2025-02-11 13:15 | INFO | Training Time Active Learning Classifier: 36.94 seconds
2025-02-11 13:15 | INFO | Training Time Active Learning Regressor: 4.34 seconds
2025-02-11 13:18 | INFO | Query 55 Active Learning Runtime on Validation Set: 1117447.586
2025-02-11 13:18 | INFO | Query 55 Active Learning Runtime on Test Set: 181375.776
2025-02-11 13:18 | INFO | Query 55 Active Learning Instance Cost: 9853203.91
2025-02-11 13:18 | INFO | Timeout limit is increased to 3600
2025-02-11 13:18 | INFO | Query 56 Size of the uncertainty table is = 8192/145452
2025-02-11 13:18 | INFO | Query 56 Size of the filtered table is = 1455
2025-02-11 13:19 | INFO | Training Time Active Learning Classifier: 38.51 seconds
2025-02-11 13:19 | INFO | Training Time Active Learning Regressor: 4.51 seconds
2025-02-11 13:22 | INFO | Query 56 Active Learning Runtime on Validation Set: 937566.816
2025-02-11 13:22 | INFO | Query 56 Active Learning Runtime on Test Set: 181397.866
2025-02-11 13:22 | INFO | Query 56 Active Learning Instance Cost: 9853296.59
2025-02-11 13:22 | INFO | Query 57 Size of the uncertainty table is = 1400/145452
2025-02-11 13:22 | INFO | Query 57 Size of the filtered table is = 1400
2025-02-11 13:22 | INFO | Training Time Active Learning Classifier: 38.83 seconds
2025-02-11 13:23 | INFO | Training Time Active Learning Regressor: 4.53 seconds
2025-02-11 13:25 | INFO | Query 57 Active Learning Runtime on Validation Set: 901678.9060000001
2025-02-11 13:25 | INFO | Query 57 Active Learning Runtime on Test Set: 181397.866
2025-02-11 13:25 | INFO | Query 57 Active Learning Instance Cost: 9853297.8
2025-02-11 13:25 | INFO | Active Learning Emissions: 0.20000435031124275
2025-02-11 13:25 | INFO | Active Learning Energy Consumption: 0.21760984037800332 kWh
2025-02-11 13:25 | INFO | runtime_test_score is written as json file
2025-02-11 13:25 | INFO | runtime_validation_score is written as json file
2025-02-11 13:25 | INFO | instance_cost is written as json file
2025-02-11 13:25 | INFO | Experiment is finished
