2025-02-11 08:48 | INFO | Paramaters are: {'dataset': 'QBF-2016', 'penalty': 10, 'weight': 'No_Weight', 'voting': 'Hard', 'pre_selection_size': 64, 'pre_selection_technique': 'No_pre_selection', 'feature_elimination_threshold': 20, 'imputer_strategy': 'median', 'feature_selection_technique': 'No_feature_selection', 'feature_scaling_technique': 'StandardScaler', 'initial_train_size': 20, 'query_size': 1, 'timeout_predictor_usage': 'No', 'pareto_features': {'Uncertainty': 'max', 'PredDiff': 'max'}, 'timeout_limit': 3600, 'timeout_increase_rate': 100, 'penalty_type': 'Only-timeout-penalty', 'RANDOM_STATE_SEED': 99, 'n_splits': 10, 'split_number': 8, 'max_timeout': 3600, 'param_grid': {'n_estimators': 100, 'max_features': 'sqrt', 'max_depth': 2147483648, 'min_samples_split': 2, 'bootstrap': True}}
2025-02-11 08:48 | INFO | QBF-2016 is current dataset
2025-02-11 08:48 | INFO | DATASETS/QBF-2016/algorithm_runs.arff is found
2025-02-11 08:48 | INFO | DATASETS/QBF-2016/algorithm_runs.arff is finished
2025-02-11 08:48 | INFO | DATASETS/QBF-2016/feature_values.arff is found
2025-02-11 08:48 | INFO | DATASETS/QBF-2016/feature_values.arff is finished
2025-02-11 08:48 | INFO | DATASETS/QBF-2016/feature_costs.arff is found
2025-02-11 08:48 | INFO | DATASETS/QBF-2016/feature_costs.arff is finished
2025-02-11 08:48 | INFO | Virtual best solver time in train = 6957.47
2025-02-11 08:48 | INFO | Single best solver list train = {'AIGSolve': 5160011.83, 'aqua-f3v': 7816953.81, 'aqua-s2v': 7709896.63, 'aqua-s3o': 7889273.92, 'caqe-minisat': 4655181.53, 'caqe-picosat': 4152191.95, 'depqbf-v1': 8358380.02, 'depqbf-v2': 4258586.91, 'depqbf-v3': 6238720.59, 'ghostq-cegar': 4330227.87, 'ghostq-plain': 4616927.3, 'hiqqer1': 4761072.87, 'hiqqer1ldsq': 4940131.53, 'hiqqer3': 4906424.69, 'iprover-QBF': 10666035.88, 'iprover-QBF-bloqqer': 11274671.35, 'qesto': 4582066.38, 'qestos': 6231207.35, 'qsts': 4719532.27, 'rareqs': 3177326.95, 'squeezebf+struqs': 11205457.78, 'struqs-10': 11097658.46, 'xb-bid-qsts': 2676984.54, 'xb-qsts': 3754736.14}
2025-02-11 08:48 | INFO | Single best solver time train = xb-bid-qsts (2676984.54)
2025-02-11 08:48 | INFO | Virtual best solver time in validation = 814.35
2025-02-11 08:48 | INFO | Single best solver list validation = {'AIGSolve': 793803.37, 'aqua-f3v': 1333748.0, 'aqua-s2v': 1368815.08, 'aqua-s3o': 1368729.5, 'caqe-minisat': 1441850.85, 'caqe-picosat': 1406900.55, 'depqbf-v1': 1837290.78, 'depqbf-v2': 1046315.96, 'depqbf-v3': 1658649.45, 'ghostq-cegar': 1262875.15, 'ghostq-plain': 1658420.15, 'hiqqer1': 1405283.28, 'hiqqer1ldsq': 1405264.04, 'hiqqer3': 1441001.48, 'iprover-QBF': 2701323.92, 'iprover-QBF-bloqqer': 2916918.98, 'qesto': 1263617.14, 'qestos': 1476856.11, 'qsts': 1908537.98, 'rareqs': 866633.84, 'squeezebf+struqs': 2125312.48, 'struqs-10': 2125373.44, 'xb-bid-qsts': 723103.49, 'xb-qsts': 1154620.63}
2025-02-11 08:48 | INFO | Single best solver time validation = xb-bid-qsts (723103.49)
2025-02-11 08:48 | INFO | Virtual best solver time in test = 584.99
2025-02-11 08:48 | INFO | Single best solver list test = {'AIGSolve': 541980.28, 'aqua-f3v': 1081012.85, 'aqua-s2v': 1080925.01, 'aqua-s3o': 1080538.15, 'caqe-minisat': 722145.23, 'caqe-picosat': 758043.68, 'depqbf-v1': 1046220.94, 'depqbf-v2': 648931.41, 'depqbf-v3': 794570.71, 'ghostq-cegar': 828896.33, 'ghostq-plain': 793469.43, 'hiqqer1': 649157.32, 'hiqqer1ldsq': 649127.67, 'hiqqer3': 685137.17, 'iprover-QBF': 1477562.24, 'iprover-QBF-bloqqer': 1513778.79, 'qesto': 829838.59, 'qestos': 972217.09, 'qsts': 720986.48, 'rareqs': 649180.68, 'squeezebf+struqs': 1441779.94, 'struqs-10': 1441784.06, 'xb-bid-qsts': 470903.46, 'xb-qsts': 577898.74}
2025-02-11 08:48 | INFO | Single best solver time test = xb-bid-qsts (470903.46)
2025-02-11 08:49 | INFO | Training Time Passive Learning Classifier: 39.07 seconds
2025-02-11 08:49 | INFO | Training Time Passive Learning Regressor: 4.62 seconds
2025-02-11 08:52 | INFO | Passive Learning Classifier Runtime on Validation Set: 1046553.2
2025-02-11 08:52 | INFO | Passive Learning Classifier Runtime on Test Set: 253347.69
2025-02-11 08:52 | INFO | Passive Learning Instance Cost: 15108458.55
2025-02-11 08:52 | INFO | Passive Learning Emissions: 0.0023391133010399225
2025-02-11 08:52 | INFO | Passive Learning Energy Consumption: 0.002545015002289923 kWh
2025-02-11 08:52 | INFO | Training Time Active Learning Classifier: 15.53 seconds
2025-02-11 08:52 | INFO | Training Time Active Learning Regressor: 1.17 seconds
2025-02-11 08:55 | INFO | Initial Active Learning Runtime on Validation Set: 1046010.06
2025-02-11 08:55 | INFO | Initial Active Learning Runtime on Test Set: 721109.71
2025-02-11 08:55 | INFO | Initial Active Learning Instance Cost: 556538.4
2025-02-11 08:55 | INFO | Bin size = 1455
2025-02-11 08:55 | INFO | Query 1 Size of the uncertainty table is = 145452/145452
2025-02-11 08:55 | INFO | Query 1 Size of the filtered table is = 1455
2025-02-11 08:56 | INFO | Training Time Active Learning Classifier: 15.45 seconds
2025-02-11 08:56 | INFO | Training Time Active Learning Regressor: 1.62 seconds
2025-02-11 08:58 | INFO | Query 1 Active Learning Runtime on Validation Set: 1118016.4679999999
2025-02-11 08:58 | INFO | Query 1 Active Learning Runtime on Test Set: 685020.708
2025-02-11 08:58 | INFO | Query 1 Active Learning Instance Cost: 2961619.97
2025-02-11 08:58 | INFO | Timeout limit is increased to 3600
2025-02-11 09:00 | INFO | Query 2 Size of the uncertainty table is = 139625/145452
2025-02-11 09:00 | INFO | Query 2 Size of the filtered table is = 1455
2025-02-11 09:00 | INFO | Training Time Active Learning Classifier: 16.43 seconds
2025-02-11 09:00 | INFO | Training Time Active Learning Regressor: 1.73 seconds
2025-02-11 09:03 | INFO | Query 2 Active Learning Runtime on Validation Set: 1082290.078
2025-02-11 09:03 | INFO | Query 2 Active Learning Runtime on Test Set: 613331.9180000001
2025-02-11 09:03 | INFO | Query 2 Active Learning Instance Cost: 4623146.79
2025-02-11 09:04 | INFO | Query 3 Size of the uncertainty table is = 131634/145452
2025-02-11 09:04 | INFO | Query 3 Size of the filtered table is = 1455
2025-02-11 09:05 | INFO | Training Time Active Learning Classifier: 17.47 seconds
2025-02-11 09:05 | INFO | Training Time Active Learning Regressor: 1.98 seconds
2025-02-11 09:07 | INFO | Query 3 Active Learning Runtime on Validation Set: 937959.0480000001
2025-02-11 09:07 | INFO | Query 3 Active Learning Runtime on Test Set: 505224.978
2025-02-11 09:07 | INFO | Query 3 Active Learning Instance Cost: 6036508.79
2025-02-11 09:09 | INFO | Query 4 Size of the uncertainty table is = 121974/145452
2025-02-11 09:09 | INFO | Query 4 Size of the filtered table is = 1455
2025-02-11 09:09 | INFO | Training Time Active Learning Classifier: 18.45 seconds
2025-02-11 09:09 | INFO | Training Time Active Learning Regressor: 2.19 seconds
2025-02-11 09:12 | INFO | Query 4 Active Learning Runtime on Validation Set: 973830.898
2025-02-11 09:12 | INFO | Query 4 Active Learning Runtime on Test Set: 540912.268
2025-02-11 09:12 | INFO | Query 4 Active Learning Instance Cost: 7151513.16
2025-02-11 09:12 | INFO | Timeout limit is increased to 3600
2025-02-11 09:14 | INFO | Query 5 Size of the uncertainty table is = 112269/145452
2025-02-11 09:14 | INFO | Query 5 Size of the filtered table is = 1455
2025-02-11 09:14 | INFO | Training Time Active Learning Classifier: 19.78 seconds
2025-02-11 09:14 | INFO | Training Time Active Learning Regressor: 2.39 seconds
2025-02-11 09:17 | INFO | Query 5 Active Learning Runtime on Validation Set: 1045814.6680000001
2025-02-11 09:17 | INFO | Query 5 Active Learning Runtime on Test Set: 504976.68799999997
2025-02-11 09:17 | INFO | Query 5 Active Learning Instance Cost: 8510363.2
2025-02-11 09:17 | INFO | Timeout limit is increased to 3600
2025-02-11 09:19 | INFO | Query 6 Size of the uncertainty table is = 102022/145452
2025-02-11 09:19 | INFO | Query 6 Size of the filtered table is = 1455
2025-02-11 09:19 | INFO | Training Time Active Learning Classifier: 21.27 seconds
2025-02-11 09:19 | INFO | Training Time Active Learning Regressor: 2.61 seconds
2025-02-11 09:22 | INFO | Query 6 Active Learning Runtime on Validation Set: 937639.598
2025-02-11 09:22 | INFO | Query 6 Active Learning Runtime on Test Set: 505076.67799999996
2025-02-11 09:22 | INFO | Query 6 Active Learning Instance Cost: 9652937.65
2025-02-11 09:24 | INFO | Query 7 Size of the uncertainty table is = 91086/145452
2025-02-11 09:24 | INFO | Query 7 Size of the filtered table is = 1455
2025-02-11 09:24 | INFO | Training Time Active Learning Classifier: 22.43 seconds
2025-02-11 09:24 | INFO | Training Time Active Learning Regressor: 2.78 seconds
2025-02-11 09:27 | INFO | Query 7 Active Learning Runtime on Validation Set: 1153990.268
2025-02-11 09:27 | INFO | Query 7 Active Learning Runtime on Test Set: 541037.5680000001
2025-02-11 09:27 | INFO | Query 7 Active Learning Instance Cost: 10476620.22
2025-02-11 09:27 | INFO | Timeout limit is increased to 3600
2025-02-11 09:29 | INFO | Query 8 Size of the uncertainty table is = 81847/145452
2025-02-11 09:29 | INFO | Query 8 Size of the filtered table is = 1455
2025-02-11 09:29 | INFO | Training Time Active Learning Classifier: 23.75 seconds
2025-02-11 09:29 | INFO | Training Time Active Learning Regressor: 2.94 seconds
2025-02-11 09:32 | INFO | Query 8 Active Learning Runtime on Validation Set: 1081772.028
2025-02-11 09:32 | INFO | Query 8 Active Learning Runtime on Test Set: 361116.908
2025-02-11 09:32 | INFO | Query 8 Active Learning Instance Cost: 11470687.69
2025-02-11 09:33 | INFO | Query 9 Size of the uncertainty table is = 72282/145452
2025-02-11 09:33 | INFO | Query 9 Size of the filtered table is = 1455
2025-02-11 09:34 | INFO | Training Time Active Learning Classifier: 25.66 seconds
2025-02-11 09:34 | INFO | Training Time Active Learning Regressor: 3.13 seconds
2025-02-11 09:37 | INFO | Query 9 Active Learning Runtime on Validation Set: 938343.738
2025-02-11 09:37 | INFO | Query 9 Active Learning Runtime on Test Set: 361138.42799999996
2025-02-11 09:37 | INFO | Query 9 Active Learning Instance Cost: 12378721.55
2025-02-11 09:38 | INFO | Query 10 Size of the uncertainty table is = 61180/145452
2025-02-11 09:38 | INFO | Query 10 Size of the filtered table is = 1455
2025-02-11 09:39 | INFO | Training Time Active Learning Classifier: 27.69 seconds
2025-02-11 09:39 | INFO | Training Time Active Learning Regressor: 3.35 seconds
2025-02-11 09:41 | INFO | Query 10 Active Learning Runtime on Validation Set: 578634.108
2025-02-11 09:41 | INFO | Query 10 Active Learning Runtime on Test Set: 253161.15800000002
2025-02-11 09:41 | INFO | Query 10 Active Learning Instance Cost: 13135407.26
2025-02-11 09:43 | INFO | Query 11 Size of the uncertainty table is = 51609/145452
2025-02-11 09:43 | INFO | Query 11 Size of the filtered table is = 1455
2025-02-11 09:43 | INFO | Training Time Active Learning Classifier: 29.99 seconds
2025-02-11 09:43 | INFO | Training Time Active Learning Regressor: 3.59 seconds
2025-02-11 09:46 | INFO | Query 11 Active Learning Runtime on Validation Set: 1154421.788
2025-02-11 09:46 | INFO | Query 11 Active Learning Runtime on Test Set: 325118.048
2025-02-11 09:46 | INFO | Query 11 Active Learning Instance Cost: 13888595.55
2025-02-11 09:46 | INFO | Timeout limit is increased to 3600
2025-02-11 09:47 | INFO | Query 12 Size of the uncertainty table is = 41820/145452
2025-02-11 09:47 | INFO | Query 12 Size of the filtered table is = 1455
2025-02-11 09:48 | INFO | Training Time Active Learning Classifier: 31.92 seconds
2025-02-11 09:48 | INFO | Training Time Active Learning Regressor: 3.83 seconds
2025-02-11 09:51 | INFO | Query 12 Active Learning Runtime on Validation Set: 866888.838
2025-02-11 09:51 | INFO | Query 12 Active Learning Runtime on Test Set: 289269.858
2025-02-11 09:51 | INFO | Query 12 Active Learning Instance Cost: 14530711.82
2025-02-11 09:52 | INFO | Query 13 Size of the uncertainty table is = 32534/145452
2025-02-11 09:52 | INFO | Query 13 Size of the filtered table is = 1455
2025-02-11 09:52 | INFO | Training Time Active Learning Classifier: 33.73 seconds
2025-02-11 09:52 | INFO | Training Time Active Learning Regressor: 4.06 seconds
2025-02-11 09:55 | INFO | Query 13 Active Learning Runtime on Validation Set: 614440.258
2025-02-11 09:55 | INFO | Query 13 Active Learning Runtime on Test Set: 253342.768
2025-02-11 09:55 | INFO | Query 13 Active Learning Instance Cost: 14937704.68
2025-02-11 09:56 | INFO | Query 14 Size of the uncertainty table is = 22795/145452
2025-02-11 09:56 | INFO | Query 14 Size of the filtered table is = 1455
2025-02-11 09:56 | INFO | Training Time Active Learning Classifier: 35.76 seconds
2025-02-11 09:57 | INFO | Training Time Active Learning Regressor: 4.27 seconds
2025-02-11 09:59 | INFO | Query 14 Active Learning Runtime on Validation Set: 830244.9480000001
2025-02-11 09:59 | INFO | Query 14 Active Learning Runtime on Test Set: 181366.36800000002
2025-02-11 09:59 | INFO | Query 14 Active Learning Instance Cost: 15053526.39
2025-02-11 09:59 | INFO | Timeout limit is increased to 3600
2025-02-11 10:00 | INFO | Query 15 Size of the uncertainty table is = 14818/145452
2025-02-11 10:00 | INFO | Query 15 Size of the filtered table is = 1455
2025-02-11 10:00 | INFO | Training Time Active Learning Classifier: 37.82 seconds
2025-02-11 10:01 | INFO | Training Time Active Learning Regressor: 4.54 seconds
2025-02-11 10:03 | INFO | Query 15 Active Learning Runtime on Validation Set: 758396.0580000001
2025-02-11 10:03 | INFO | Query 15 Active Learning Runtime on Test Set: 217355.538
2025-02-11 10:03 | INFO | Query 15 Active Learning Instance Cost: 15097611.31
2025-02-11 10:03 | INFO | Query 16 Size of the uncertainty table is = 6203/145452
2025-02-11 10:03 | INFO | Query 16 Size of the filtered table is = 1455
2025-02-11 10:04 | INFO | Training Time Active Learning Classifier: 39.24 seconds
2025-02-11 10:04 | INFO | Training Time Active Learning Regressor: 4.65 seconds
2025-02-11 10:07 | INFO | Query 16 Active Learning Runtime on Validation Set: 973961.3080000001
2025-02-11 10:07 | INFO | Query 16 Active Learning Runtime on Test Set: 217355.46800000002
2025-02-11 10:07 | INFO | Query 16 Active Learning Instance Cost: 15108458.43
2025-02-11 10:07 | INFO | Timeout limit is increased to 3600
2025-02-11 10:07 | INFO | Query 17 Size of the uncertainty table is = 351/145452
2025-02-11 10:07 | INFO | Query 17 Size of the filtered table is = 351
2025-02-11 10:08 | INFO | Training Time Active Learning Classifier: 39.11 seconds
2025-02-11 10:08 | INFO | Training Time Active Learning Regressor: 4.67 seconds
2025-02-11 10:10 | INFO | Query 17 Active Learning Runtime on Validation Set: 1009597.248
2025-02-11 10:10 | INFO | Query 17 Active Learning Runtime on Test Set: 217365.21800000002
2025-02-11 10:10 | INFO | Query 17 Active Learning Instance Cost: 15108458.55
2025-02-11 10:10 | INFO | Timeout limit is increased to 3600
2025-02-11 10:10 | INFO | Active Learning Emissions: 0.05573228674762401
2025-02-11 10:10 | INFO | Active Learning Energy Consumption: 0.06063815114110461 kWh
2025-02-11 10:10 | INFO | runtime_test_score is written as json file
2025-02-11 10:10 | INFO | runtime_validation_score is written as json file
2025-02-11 10:10 | INFO | instance_cost is written as json file
2025-02-11 10:10 | INFO | Experiment is finished
