2025-02-11 08:13 | INFO | Paramaters are: {'dataset': 'QBF-2016', 'penalty': 10, 'weight': 'No_Weight', 'voting': 'Hard', 'pre_selection_size': 64, 'pre_selection_technique': 'No_pre_selection', 'feature_elimination_threshold': 20, 'imputer_strategy': 'median', 'feature_selection_technique': 'No_feature_selection', 'feature_scaling_technique': 'StandardScaler', 'initial_train_size': 20, 'query_size': 1, 'timeout_predictor_usage': 'No', 'pareto_features': {'Uncertainty': 'max', 'PredDiff': 'max', 'PredCost': 'min'}, 'timeout_limit': 3600, 'timeout_increase_rate': 100, 'penalty_type': 'Only-timeout-penalty', 'RANDOM_STATE_SEED': 42, 'n_splits': 10, 'split_number': 0, 'max_timeout': 3600, 'param_grid': {'n_estimators': 100, 'max_features': 'sqrt', 'max_depth': 2147483648, 'min_samples_split': 2, 'bootstrap': True}}
2025-02-11 08:13 | INFO | QBF-2016 is current dataset
2025-02-11 08:13 | INFO | DATASETS/QBF-2016/algorithm_runs.arff is found
2025-02-11 08:13 | INFO | DATASETS/QBF-2016/algorithm_runs.arff is finished
2025-02-11 08:13 | INFO | DATASETS/QBF-2016/feature_values.arff is found
2025-02-11 08:13 | INFO | DATASETS/QBF-2016/feature_values.arff is finished
2025-02-11 08:13 | INFO | DATASETS/QBF-2016/feature_costs.arff is found
2025-02-11 08:13 | INFO | DATASETS/QBF-2016/feature_costs.arff is finished
2025-02-11 08:13 | INFO | Virtual best solver time in train = 7020.89
2025-02-11 08:13 | INFO | Single best solver list train = {'AIGSolve': 5303932.92, 'aqua-f3v': 7853659.5, 'aqua-s2v': 7746566.93, 'aqua-s3o': 7925540.96, 'caqe-minisat': 4727604.42, 'caqe-picosat': 4332882.19, 'depqbf-v1': 8467932.52, 'depqbf-v2': 4401747.34, 'depqbf-v3': 6275408.59, 'ghostq-cegar': 4509653.98, 'ghostq-plain': 4689815.3, 'hiqqer1': 4725171.87, 'hiqqer1ldsq': 4868186.56, 'hiqqer3': 4941806.39, 'iprover-QBF': 10845599.22, 'iprover-QBF-bloqqer': 11275057.27, 'qesto': 4763804.39, 'qestos': 6339327.34, 'qsts': 4684252.98, 'rareqs': 3286594.84, 'squeezebf+struqs': 11098303.83, 'struqs-10': 10990567.69, 'xb-bid-qsts': 2822895.13, 'xb-qsts': 3719763.64}
2025-02-11 08:13 | INFO | Single best solver time train = xb-bid-qsts (2822895.13)
2025-02-11 08:13 | INFO | Virtual best solver time in validation = 855.11
2025-02-11 08:13 | INFO | Single best solver list validation = {'AIGSolve': 649127.33, 'aqua-f3v': 1189793.59, 'aqua-s2v': 1224862.18, 'aqua-s3o': 1224761.78, 'caqe-minisat': 1334259.43, 'caqe-picosat': 1370319.72, 'depqbf-v1': 1621297.36, 'depqbf-v2': 902387.73, 'depqbf-v3': 1514643.95, 'ghostq-cegar': 1298864.87, 'ghostq-plain': 1765360.02, 'hiqqer1': 1297038.25, 'hiqqer1ldsq': 1297022.85, 'hiqqer3': 1332751.09, 'iprover-QBF': 2521473.71, 'iprover-QBF-bloqqer': 2809023.7, 'qesto': 1298032.6, 'qestos': 1332872.09, 'qsts': 1944494.96, 'rareqs': 937704.23, 'squeezebf+struqs': 1945408.98, 'struqs-10': 1945419.8, 'xb-bid-qsts': 686347.97, 'xb-qsts': 1154120.13}
2025-02-11 08:13 | INFO | Single best solver time validation = AIGSolve (649127.33)
2025-02-11 08:13 | INFO | Virtual best solver time in test = 480.8
2025-02-11 08:13 | INFO | Single best solver list test = {'AIGSolve': 542735.23, 'aqua-f3v': 1188261.57, 'aqua-s2v': 1188207.61, 'aqua-s3o': 1188238.83, 'caqe-minisat': 757313.76, 'caqe-picosat': 613934.27, 'depqbf-v1': 1152661.86, 'depqbf-v2': 649699.21, 'depqbf-v3': 901888.21, 'ghostq-cegar': 613480.5, 'ghostq-plain': 613641.56, 'hiqqer1': 793303.35, 'hiqqer1ldsq': 829313.83, 'hiqqer3': 758005.86, 'iprover-QBF': 1477849.11, 'iprover-QBF-bloqqer': 1621288.15, 'qesto': 613685.12, 'qestos': 1008081.12, 'qsts': 720308.79, 'rareqs': 468842.4, 'squeezebf+struqs': 1728837.39, 'struqs-10': 1728828.47, 'xb-bid-qsts': 361748.39, 'xb-qsts': 613371.74}
2025-02-11 08:13 | INFO | Single best solver time test = xb-bid-qsts (361748.39)
2025-02-11 08:14 | INFO | Training Time Passive Learning Classifier: 38.42 seconds
2025-02-11 08:14 | INFO | Training Time Passive Learning Regressor: 4.57 seconds
2025-02-11 08:17 | INFO | Passive Learning Classifier Runtime on Validation Set: 1045465.94
2025-02-11 08:17 | INFO | Passive Learning Classifier Runtime on Test Set: 289161.72
2025-02-11 08:17 | INFO | Passive Learning Instance Cost: 15261275.8
2025-02-11 08:17 | INFO | Passive Learning Emissions: 0.002322512937988133
2025-02-11 08:17 | INFO | Passive Learning Energy Consumption: 0.0025269533833886574 kWh
2025-02-11 08:17 | INFO | Training Time Active Learning Classifier: 14.91 seconds
2025-02-11 08:17 | INFO | Training Time Active Learning Regressor: 1.12 seconds
2025-02-11 08:20 | INFO | Initial Active Learning Runtime on Validation Set: 1622510.79
2025-02-11 08:20 | INFO | Initial Active Learning Runtime on Test Set: 684843.52
2025-02-11 08:20 | INFO | Initial Active Learning Instance Cost: 402394.39
2025-02-11 08:20 | INFO | Bin size = 1455
2025-02-11 08:20 | INFO | Query 1 Size of the uncertainty table is = 145452/145452
2025-02-11 08:20 | INFO | Query 1 Size of the filtered table is = 4688
2025-02-11 08:21 | INFO | Training Time Active Learning Classifier: 15.41 seconds
2025-02-11 08:21 | INFO | Training Time Active Learning Regressor: 1.51 seconds
2025-02-11 08:23 | INFO | Query 1 Active Learning Runtime on Validation Set: 1764962.6700000002
2025-02-11 08:23 | INFO | Query 1 Active Learning Runtime on Test Set: 720702.6699999999
2025-02-11 08:23 | INFO | Query 1 Active Learning Instance Cost: 1495940.87
2025-02-11 08:23 | INFO | Timeout limit is increased to 3600
2025-02-11 08:25 | INFO | Query 2 Size of the uncertainty table is = 136302/145452
2025-02-11 08:25 | INFO | Query 2 Size of the filtered table is = 1455
2025-02-11 08:25 | INFO | Training Time Active Learning Classifier: 16.44 seconds
2025-02-11 08:25 | INFO | Training Time Active Learning Regressor: 1.81 seconds
2025-02-11 08:28 | INFO | Query 2 Active Learning Runtime on Validation Set: 1549941.3800000001
2025-02-11 08:28 | INFO | Query 2 Active Learning Runtime on Test Set: 613331.24
2025-02-11 08:28 | INFO | Query 2 Active Learning Instance Cost: 2074990.31
2025-02-11 08:29 | INFO | Query 3 Size of the uncertainty table is = 126503/145452
2025-02-11 08:29 | INFO | Query 3 Size of the filtered table is = 1455
2025-02-11 08:30 | INFO | Training Time Active Learning Classifier: 18.05 seconds
2025-02-11 08:30 | INFO | Training Time Active Learning Regressor: 2.15 seconds
2025-02-11 08:32 | INFO | Query 3 Active Learning Runtime on Validation Set: 1369044.6700000002
2025-02-11 08:32 | INFO | Query 3 Active Learning Runtime on Test Set: 576968.69
2025-02-11 08:32 | INFO | Query 3 Active Learning Instance Cost: 2650560.96
2025-02-11 08:34 | INFO | Query 4 Size of the uncertainty table is = 115452/145452
2025-02-11 08:34 | INFO | Query 4 Size of the filtered table is = 1455
2025-02-11 08:34 | INFO | Training Time Active Learning Classifier: 20.25 seconds
2025-02-11 08:34 | INFO | Training Time Active Learning Regressor: 2.5 seconds
2025-02-11 08:37 | INFO | Query 4 Active Learning Runtime on Validation Set: 1693375.2200000002
2025-02-11 08:37 | INFO | Query 4 Active Learning Runtime on Test Set: 612990.14
2025-02-11 08:37 | INFO | Query 4 Active Learning Instance Cost: 3269934.92
2025-02-11 08:37 | INFO | Timeout limit is increased to 3600
2025-02-11 08:39 | INFO | Query 5 Size of the uncertainty table is = 104328/145452
2025-02-11 08:39 | INFO | Query 5 Size of the filtered table is = 1455
2025-02-11 08:39 | INFO | Training Time Active Learning Classifier: 22.34 seconds
2025-02-11 08:39 | INFO | Training Time Active Learning Regressor: 2.8 seconds
2025-02-11 08:42 | INFO | Query 5 Active Learning Runtime on Validation Set: 1261267.6800000002
2025-02-11 08:42 | INFO | Query 5 Active Learning Runtime on Test Set: 576931.86
2025-02-11 08:42 | INFO | Query 5 Active Learning Instance Cost: 4050312.64
2025-02-11 08:44 | INFO | Query 6 Size of the uncertainty table is = 93421/145452
2025-02-11 08:44 | INFO | Query 6 Size of the filtered table is = 1455
2025-02-11 08:44 | INFO | Training Time Active Learning Classifier: 24.37 seconds
2025-02-11 08:44 | INFO | Training Time Active Learning Regressor: 3.08 seconds
2025-02-11 08:47 | INFO | Query 6 Active Learning Runtime on Validation Set: 1261387.74
2025-02-11 08:47 | INFO | Query 6 Active Learning Runtime on Test Set: 577069.22
2025-02-11 08:47 | INFO | Query 6 Active Learning Instance Cost: 4800390.25
2025-02-11 08:47 | INFO | Timeout limit is increased to 3600
2025-02-11 08:49 | INFO | Query 7 Size of the uncertainty table is = 82815/145452
2025-02-11 08:49 | INFO | Query 7 Size of the filtered table is = 1455
2025-02-11 08:49 | INFO | Training Time Active Learning Classifier: 26.64 seconds
2025-02-11 08:49 | INFO | Training Time Active Learning Regressor: 3.34 seconds
2025-02-11 08:52 | INFO | Query 7 Active Learning Runtime on Validation Set: 1189343.08
2025-02-11 08:52 | INFO | Query 7 Active Learning Runtime on Test Set: 433063.06
2025-02-11 08:52 | INFO | Query 7 Active Learning Instance Cost: 5714743.93
2025-02-11 08:53 | INFO | Query 8 Size of the uncertainty table is = 71675/145452
2025-02-11 08:53 | INFO | Query 8 Size of the filtered table is = 1455
2025-02-11 08:54 | INFO | Training Time Active Learning Classifier: 29.08 seconds
2025-02-11 08:54 | INFO | Training Time Active Learning Regressor: 3.62 seconds
2025-02-11 08:57 | INFO | Query 8 Active Learning Runtime on Validation Set: 1369593.4400000002
2025-02-11 08:57 | INFO | Query 8 Active Learning Runtime on Test Set: 396949.54
2025-02-11 08:57 | INFO | Query 8 Active Learning Instance Cost: 6693615.47
2025-02-11 08:57 | INFO | Timeout limit is increased to 3600
2025-02-11 08:58 | INFO | Query 9 Size of the uncertainty table is = 60652/145452
2025-02-11 08:58 | INFO | Query 9 Size of the filtered table is = 1455
2025-02-11 08:59 | INFO | Training Time Active Learning Classifier: 31.46 seconds
2025-02-11 08:59 | INFO | Training Time Active Learning Regressor: 3.84 seconds
2025-02-11 09:02 | INFO | Query 9 Active Learning Runtime on Validation Set: 1405520.5
2025-02-11 09:02 | INFO | Query 9 Active Learning Runtime on Test Set: 397062.1
2025-02-11 09:02 | INFO | Query 9 Active Learning Instance Cost: 7467393.08
2025-02-11 09:02 | INFO | Timeout limit is increased to 3600
2025-02-11 09:03 | INFO | Query 10 Size of the uncertainty table is = 50360/145452
2025-02-11 09:03 | INFO | Query 10 Size of the filtered table is = 1455
2025-02-11 09:04 | INFO | Training Time Active Learning Classifier: 33.45 seconds
2025-02-11 09:04 | INFO | Training Time Active Learning Regressor: 4.03 seconds
2025-02-11 09:06 | INFO | Query 10 Active Learning Runtime on Validation Set: 1333128.1500000001
2025-02-11 09:06 | INFO | Query 10 Active Learning Runtime on Test Set: 360990.07999999996
2025-02-11 09:06 | INFO | Query 10 Active Learning Instance Cost: 8552098.03
2025-02-11 09:08 | INFO | Query 11 Size of the uncertainty table is = 40310/145452
2025-02-11 09:08 | INFO | Query 11 Size of the filtered table is = 1455
2025-02-11 09:08 | INFO | Training Time Active Learning Classifier: 35.29 seconds
2025-02-11 09:08 | INFO | Training Time Active Learning Regressor: 4.21 seconds
2025-02-11 09:11 | INFO | Query 11 Active Learning Runtime on Validation Set: 1369457.2200000002
2025-02-11 09:11 | INFO | Query 11 Active Learning Runtime on Test Set: 396958.24
2025-02-11 09:11 | INFO | Query 11 Active Learning Instance Cost: 9935875.21
2025-02-11 09:11 | INFO | Timeout limit is increased to 3600
2025-02-11 09:12 | INFO | Query 12 Size of the uncertainty table is = 29627/145452
2025-02-11 09:12 | INFO | Query 12 Size of the filtered table is = 1455
2025-02-11 09:13 | INFO | Training Time Active Learning Classifier: 36.83 seconds
2025-02-11 09:13 | INFO | Training Time Active Learning Regressor: 4.33 seconds
2025-02-11 09:15 | INFO | Query 12 Active Learning Runtime on Validation Set: 1261399.34
2025-02-11 09:15 | INFO | Query 12 Active Learning Runtime on Test Set: 361081.47
2025-02-11 09:15 | INFO | Query 12 Active Learning Instance Cost: 11408872.73
2025-02-11 09:16 | INFO | Query 13 Size of the uncertainty table is = 20057/145452
2025-02-11 09:16 | INFO | Query 13 Size of the filtered table is = 1455
2025-02-11 09:17 | INFO | Training Time Active Learning Classifier: 37.81 seconds
2025-02-11 09:17 | INFO | Training Time Active Learning Regressor: 4.45 seconds
2025-02-11 09:20 | INFO | Query 13 Active Learning Runtime on Validation Set: 1010145.77
2025-02-11 09:20 | INFO | Query 13 Active Learning Runtime on Test Set: 253176.09
2025-02-11 09:20 | INFO | Query 13 Active Learning Instance Cost: 12927257.02
2025-02-11 09:20 | INFO | Query 14 Size of the uncertainty table is = 12311/145452
2025-02-11 09:20 | INFO | Query 14 Size of the filtered table is = 1455
2025-02-11 09:21 | INFO | Training Time Active Learning Classifier: 38.47 seconds
2025-02-11 09:21 | INFO | Training Time Active Learning Regressor: 4.56 seconds
2025-02-11 09:24 | INFO | Query 14 Active Learning Runtime on Validation Set: 938045.27
2025-02-11 09:24 | INFO | Query 14 Active Learning Runtime on Test Set: 253230.07
2025-02-11 09:24 | INFO | Query 14 Active Learning Instance Cost: 14218812.33
2025-02-11 09:24 | INFO | Query 15 Size of the uncertainty table is = 5503/145452
2025-02-11 09:24 | INFO | Query 15 Size of the filtered table is = 1455
2025-02-11 09:25 | INFO | Training Time Active Learning Classifier: 38.66 seconds
2025-02-11 09:25 | INFO | Training Time Active Learning Regressor: 4.61 seconds
2025-02-11 09:27 | INFO | Query 15 Active Learning Runtime on Validation Set: 1117818.1600000001
2025-02-11 09:27 | INFO | Query 15 Active Learning Runtime on Test Set: 253111.85
2025-02-11 09:27 | INFO | Query 15 Active Learning Instance Cost: 15146075.8
2025-02-11 09:27 | INFO | Timeout limit is increased to 3600
2025-02-11 09:27 | INFO | Query 16 Size of the uncertainty table is = 716/145452
2025-02-11 09:27 | INFO | Query 16 Size of the filtered table is = 716
2025-02-11 09:28 | INFO | Training Time Active Learning Classifier: 38.46 seconds
2025-02-11 09:28 | INFO | Training Time Active Learning Regressor: 4.71 seconds
2025-02-11 09:31 | INFO | Query 16 Active Learning Runtime on Validation Set: 1189816.74
2025-02-11 09:31 | INFO | Query 16 Active Learning Runtime on Test Set: 253111.85
2025-02-11 09:31 | INFO | Query 16 Active Learning Instance Cost: 15261275.8
2025-02-11 09:31 | INFO | Timeout limit is increased to 3600
2025-02-11 09:31 | INFO | Active Learning Emissions: 0.05248739705894959
2025-02-11 09:31 | INFO | Active Learning Energy Consumption: 0.05710762829948732 kWh
2025-02-11 09:31 | INFO | runtime_test_score is written as json file
2025-02-11 09:31 | INFO | runtime_validation_score is written as json file
2025-02-11 09:31 | INFO | instance_cost is written as json file
2025-02-11 09:31 | INFO | Experiment is finished
