2025-02-11 10:24 | INFO | Paramaters are: {'dataset': 'SAT11-HAND', 'penalty': 10, 'weight': 'No_Weight', 'voting': 'Hard', 'pre_selection_size': 64, 'pre_selection_technique': 'No_pre_selection', 'feature_elimination_threshold': 20, 'imputer_strategy': 'median', 'feature_selection_technique': 'No_feature_selection', 'feature_scaling_technique': 'StandardScaler', 'initial_train_size': 20, 'query_size': 1, 'timeout_predictor_usage': 'No', 'pareto_features': {'Uncertainty': 'max', 'PredCost': 'min'}, 'timeout_limit': 100, 'timeout_increase_rate': 100, 'penalty_type': 'Only-timeout-penalty', 'RANDOM_STATE_SEED': 7, 'n_splits': 10, 'split_number': 6, 'max_timeout': 3600, 'param_grid': {'n_estimators': 100, 'max_features': 'sqrt', 'max_depth': 2147483648, 'min_samples_split': 2, 'bootstrap': True}}
2025-02-11 10:24 | INFO | SAT11-HAND is current dataset
2025-02-11 10:24 | INFO | DATASETS/SAT11-HAND/algorithm_runs.arff is found
2025-02-11 10:24 | INFO | DATASETS/SAT11-HAND/algorithm_runs.arff is finished
2025-02-11 10:24 | INFO | DATASETS/SAT11-HAND/feature_values.arff is found
2025-02-11 10:24 | INFO | DATASETS/SAT11-HAND/feature_values.arff is finished
2025-02-11 10:24 | INFO | DATASETS/SAT11-HAND/feature_costs.arff is found
2025-02-11 10:24 | INFO | DATASETS/SAT11-HAND/feature_costs.arff is finished
2025-02-11 10:24 | INFO | Virtual best solver time in train = 102803.39
2025-02-11 10:24 | INFO | Single best solver list train = {'CryptoMiniSat_Strange-Night2-st_fixed_': 3003624.04, 'MPhaseSAT_2011-02-15': 2591016.79, 'PicoSAT_941': 2967390.62, 'QuteRSat_2011-05-12_fixed_': 3044542.58, 'RestartSAT_B95': 3187915.25, 'SAT07referencesolverminisat_SAT2007': 2792075.43, 'SAT09referencesolverclasp_1.2.0-SAT09-32': 1944204.38, 'SApperloT2010_2011-05-15_fixed_': 3358638.27, 'Sol_2011-04-04': 2908216.88, 'clasp_2.0-R4092-crafted': 1987417.78, 'glucose_2': 2777083.24, 'jMiniSat_2011': 3607362.61, 'sathys_2011-04-01': 3586502.19, 'sattime+_2011-03-02': 3182482.05, 'sattime_2011-03-02': 3150929.19}
2025-02-11 10:24 | INFO | Single best solver time train = SAT09referencesolverclasp_1.2.0-SAT09-32 (1944204.38)
2025-02-11 10:24 | INFO | Virtual best solver time in validation = 3332.07
2025-02-11 10:24 | INFO | Single best solver list validation = {'CryptoMiniSat_Strange-Night2-st_fixed_': 579234.26, 'MPhaseSAT_2011-02-15': 364250.26, 'PicoSAT_941': 332138.69, 'QuteRSat_2011-05-12_fixed_': 544100.73, 'RestartSAT_B95': 367706.02, 'SAT07referencesolverminisat_SAT2007': 474183.1, 'SAT09referencesolverclasp_1.2.0-SAT09-32': 549105.02, 'SApperloT2010_2011-05-15_fixed_': 330063.49, 'Sol_2011-04-04': 550619.24, 'clasp_2.0-R4092-crafted': 514418.43, 'glucose_2': 446678.22, 'jMiniSat_2011': 334137.48, 'sathys_2011-04-01': 505587.84, 'sattime+_2011-03-02': 576422.76, 'sattime_2011-03-02': 577363.44}
2025-02-11 10:24 | INFO | Single best solver time validation = SApperloT2010_2011-05-15_fixed_ (330063.49)
2025-02-11 10:24 | INFO | Virtual best solver time in test = 9141.5
2025-02-11 10:24 | INFO | Single best solver list test = {'CryptoMiniSat_Strange-Night2-st_fixed_': 433063.45, 'MPhaseSAT_2011-02-15': 297719.96, 'PicoSAT_941': 366888.52, 'QuteRSat_2011-05-12_fixed_': 433440.39, 'RestartSAT_B95': 400073.39, 'SAT07referencesolverminisat_SAT2007': 371284.89, 'SAT09referencesolverclasp_1.2.0-SAT09-32': 237114.17, 'SApperloT2010_2011-05-15_fixed_': 364992.94, 'Sol_2011-04-04': 326045.4, 'clasp_2.0-R4092-crafted': 232295.35, 'glucose_2': 334265.97, 'jMiniSat_2011': 504053.14, 'sathys_2011-04-01': 398900.37, 'sattime+_2011-03-02': 397651.2, 'sattime_2011-03-02': 326600.46}
2025-02-11 10:24 | INFO | Single best solver time test = clasp_2.0-R4092-crafted (232295.35)
2025-02-11 10:25 | INFO | Training Time Passive Learning Classifier: 7.59 seconds
2025-02-11 10:25 | INFO | Training Time Passive Learning Regressor: 1.26 seconds
2025-02-11 10:25 | INFO | Passive Learning Classifier Runtime on Validation Set: 446108.17
2025-02-11 10:25 | INFO | Passive Learning Classifier Runtime on Test Set: 97830.33
2025-02-11 10:25 | INFO | Passive Learning Instance Cost: 5241801.29
2025-02-11 10:25 | INFO | Passive Learning Emissions: 0.0003182883217968436
2025-02-11 10:25 | INFO | Passive Learning Energy Consumption: 0.00034630582181141816 kWh
2025-02-11 10:25 | INFO | Training Time Active Learning Classifier: 6.21 seconds
2025-02-11 10:25 | INFO | Training Time Active Learning Regressor: 0.69 seconds
2025-02-11 10:25 | INFO | Initial Active Learning Runtime on Validation Set: 371679.39
2025-02-11 10:25 | INFO | Initial Active Learning Runtime on Test Set: 190951.16
2025-02-11 10:25 | INFO | Initial Active Learning Instance Cost: 22993.73
2025-02-11 10:25 | INFO | Bin size = 144
2025-02-11 10:26 | INFO | Query 1 Size of the uncertainty table is = 15725/14385
2025-02-11 10:26 | INFO | Query 1 Size of the filtered table is = 144
2025-02-11 10:26 | INFO | Training Time Active Learning Classifier: 5.81 seconds
2025-02-11 10:26 | INFO | Training Time Active Learning Regressor: 0.72 seconds
2025-02-11 10:26 | INFO | Query 1 Active Learning Runtime on Validation Set: 450368.99
2025-02-11 10:26 | INFO | Query 1 Active Learning Runtime on Test Set: 190950.51
2025-02-11 10:26 | INFO | Query 1 Active Learning Instance Cost: 24171.97
2025-02-11 10:26 | INFO | Timeout limit is increased to 200
2025-02-11 10:26 | INFO | Query 2 Size of the uncertainty table is = 15314/14385
2025-02-11 10:26 | INFO | Query 2 Size of the filtered table is = 144
2025-02-11 10:26 | INFO | Training Time Active Learning Classifier: 5.88 seconds
2025-02-11 10:26 | INFO | Training Time Active Learning Regressor: 0.75 seconds
2025-02-11 10:27 | INFO | Query 2 Active Learning Runtime on Validation Set: 409684.15
2025-02-11 10:27 | INFO | Query 2 Active Learning Runtime on Test Set: 157032.18000000002
2025-02-11 10:27 | INFO | Query 2 Active Learning Instance Cost: 25816.09
2025-02-11 10:27 | INFO | Query 3 Size of the uncertainty table is = 14823/14385
2025-02-11 10:27 | INFO | Query 3 Size of the filtered table is = 144
2025-02-11 10:27 | INFO | Training Time Active Learning Classifier: 5.79 seconds
2025-02-11 10:27 | INFO | Training Time Active Learning Regressor: 0.77 seconds
2025-02-11 10:27 | INFO | Query 3 Active Learning Runtime on Validation Set: 343130.23
2025-02-11 10:27 | INFO | Query 3 Active Learning Runtime on Test Set: 157031.76
2025-02-11 10:27 | INFO | Query 3 Active Learning Instance Cost: 32302.11
2025-02-11 10:27 | INFO | Query 4 Size of the uncertainty table is = 14407/14385
2025-02-11 10:27 | INFO | Query 4 Size of the filtered table is = 144
2025-02-11 10:27 | INFO | Training Time Active Learning Classifier: 5.99 seconds
2025-02-11 10:27 | INFO | Training Time Active Learning Regressor: 0.78 seconds
2025-02-11 10:28 | INFO | Query 4 Active Learning Runtime on Validation Set: 348465.28
2025-02-11 10:28 | INFO | Query 4 Active Learning Runtime on Test Set: 122082.86
2025-02-11 10:28 | INFO | Query 4 Active Learning Instance Cost: 40986.47
2025-02-11 10:28 | INFO | Timeout limit is increased to 300
2025-02-11 10:28 | INFO | Query 5 Size of the uncertainty table is = 14038/14385
2025-02-11 10:28 | INFO | Query 5 Size of the filtered table is = 144
2025-02-11 10:28 | INFO | Training Time Active Learning Classifier: 6.05 seconds
2025-02-11 10:28 | INFO | Training Time Active Learning Regressor: 0.81 seconds
2025-02-11 10:28 | INFO | Query 5 Active Learning Runtime on Validation Set: 345659.82
2025-02-11 10:28 | INFO | Query 5 Active Learning Runtime on Test Set: 123148.79999999999
2025-02-11 10:28 | INFO | Query 5 Active Learning Instance Cost: 58038.22
2025-02-11 10:28 | INFO | Query 6 Size of the uncertainty table is = 13703/14385
2025-02-11 10:28 | INFO | Query 6 Size of the filtered table is = 144
2025-02-11 10:29 | INFO | Training Time Active Learning Classifier: 5.95 seconds
2025-02-11 10:29 | INFO | Training Time Active Learning Regressor: 0.83 seconds
2025-02-11 10:29 | INFO | Query 6 Active Learning Runtime on Validation Set: 307418.04000000004
2025-02-11 10:29 | INFO | Query 6 Active Learning Runtime on Test Set: 89343.18
2025-02-11 10:29 | INFO | Query 6 Active Learning Instance Cost: 87861.99
2025-02-11 10:29 | INFO | Query 7 Size of the uncertainty table is = 13392/14385
2025-02-11 10:29 | INFO | Query 7 Size of the filtered table is = 144
2025-02-11 10:29 | INFO | Training Time Active Learning Classifier: 6.17 seconds
2025-02-11 10:29 | INFO | Training Time Active Learning Regressor: 0.86 seconds
2025-02-11 10:30 | INFO | Query 7 Active Learning Runtime on Validation Set: 307308.9
2025-02-11 10:30 | INFO | Query 7 Active Learning Runtime on Test Set: 120035.45
2025-02-11 10:30 | INFO | Query 7 Active Learning Instance Cost: 111633.51
2025-02-11 10:30 | INFO | Query 8 Size of the uncertainty table is = 13017/14385
2025-02-11 10:30 | INFO | Query 8 Size of the filtered table is = 144
2025-02-11 10:30 | INFO | Training Time Active Learning Classifier: 6.11 seconds
2025-02-11 10:30 | INFO | Training Time Active Learning Regressor: 0.9 seconds
2025-02-11 10:30 | INFO | Query 8 Active Learning Runtime on Validation Set: 306087.26
2025-02-11 10:30 | INFO | Query 8 Active Learning Runtime on Test Set: 157150.72
2025-02-11 10:30 | INFO | Query 8 Active Learning Instance Cost: 134712.63
2025-02-11 10:30 | INFO | Query 9 Size of the uncertainty table is = 12648/14385
2025-02-11 10:30 | INFO | Query 9 Size of the filtered table is = 144
2025-02-11 10:30 | INFO | Training Time Active Learning Classifier: 6.21 seconds
2025-02-11 10:30 | INFO | Training Time Active Learning Regressor: 0.93 seconds
2025-02-11 10:31 | INFO | Query 9 Active Learning Runtime on Validation Set: 338814.15
2025-02-11 10:31 | INFO | Query 9 Active Learning Runtime on Test Set: 121265.54999999999
2025-02-11 10:31 | INFO | Query 9 Active Learning Instance Cost: 162476.41
2025-02-11 10:31 | INFO | Timeout limit is increased to 400
2025-02-11 10:31 | INFO | Query 10 Size of the uncertainty table is = 12385/14385
2025-02-11 10:31 | INFO | Query 10 Size of the filtered table is = 144
2025-02-11 10:31 | INFO | Training Time Active Learning Classifier: 6.46 seconds
2025-02-11 10:31 | INFO | Training Time Active Learning Regressor: 0.96 seconds
2025-02-11 10:31 | INFO | Query 10 Active Learning Runtime on Validation Set: 340412.18
2025-02-11 10:31 | INFO | Query 10 Active Learning Runtime on Test Set: 120516.26
2025-02-11 10:31 | INFO | Query 10 Active Learning Instance Cost: 197769.87
2025-02-11 10:31 | INFO | Timeout limit is increased to 500
2025-02-11 10:31 | INFO | Query 11 Size of the uncertainty table is = 12051/14385
2025-02-11 10:31 | INFO | Query 11 Size of the filtered table is = 144
2025-02-11 10:32 | INFO | Training Time Active Learning Classifier: 6.37 seconds
2025-02-11 10:32 | INFO | Training Time Active Learning Regressor: 0.99 seconds
2025-02-11 10:32 | INFO | Query 11 Active Learning Runtime on Validation Set: 345737.85000000003
2025-02-11 10:32 | INFO | Query 11 Active Learning Runtime on Test Set: 87646.26
2025-02-11 10:32 | INFO | Query 11 Active Learning Instance Cost: 232372.82
2025-02-11 10:32 | INFO | Timeout limit is increased to 600
2025-02-11 10:32 | INFO | Query 12 Size of the uncertainty table is = 11576/14385
2025-02-11 10:32 | INFO | Query 12 Size of the filtered table is = 144
2025-02-11 10:32 | INFO | Training Time Active Learning Classifier: 6.45 seconds
2025-02-11 10:32 | INFO | Training Time Active Learning Regressor: 1.01 seconds
2025-02-11 10:33 | INFO | Query 12 Active Learning Runtime on Validation Set: 380989.58
2025-02-11 10:33 | INFO | Query 12 Active Learning Runtime on Test Set: 122122.09999999999
2025-02-11 10:33 | INFO | Query 12 Active Learning Instance Cost: 270430.41
2025-02-11 10:33 | INFO | Timeout limit is increased to 700
2025-02-11 10:33 | INFO | Query 13 Size of the uncertainty table is = 11157/14385
2025-02-11 10:33 | INFO | Query 13 Size of the filtered table is = 144
2025-02-11 10:33 | INFO | Training Time Active Learning Classifier: 6.56 seconds
2025-02-11 10:33 | INFO | Training Time Active Learning Regressor: 1.02 seconds
2025-02-11 10:33 | INFO | Query 13 Active Learning Runtime on Validation Set: 415426.49
2025-02-11 10:33 | INFO | Query 13 Active Learning Runtime on Test Set: 123856.95999999999
2025-02-11 10:33 | INFO | Query 13 Active Learning Instance Cost: 334305.16
2025-02-11 10:33 | INFO | Timeout limit is increased to 800
2025-02-11 10:33 | INFO | Query 14 Size of the uncertainty table is = 10747/14385
2025-02-11 10:33 | INFO | Query 14 Size of the filtered table is = 144
2025-02-11 10:34 | INFO | Training Time Active Learning Classifier: 6.6 seconds
2025-02-11 10:34 | INFO | Training Time Active Learning Regressor: 1.03 seconds
2025-02-11 10:34 | INFO | Query 14 Active Learning Runtime on Validation Set: 450826.44
2025-02-11 10:34 | INFO | Query 14 Active Learning Runtime on Test Set: 159845.26
2025-02-11 10:34 | INFO | Query 14 Active Learning Instance Cost: 399273.32
2025-02-11 10:34 | INFO | Timeout limit is increased to 900
2025-02-11 10:34 | INFO | Query 15 Size of the uncertainty table is = 10501/14385
2025-02-11 10:34 | INFO | Query 15 Size of the filtered table is = 144
2025-02-11 10:34 | INFO | Training Time Active Learning Classifier: 6.66 seconds
2025-02-11 10:34 | INFO | Training Time Active Learning Regressor: 1.05 seconds
2025-02-11 10:34 | INFO | Query 15 Active Learning Runtime on Validation Set: 415040.2
2025-02-11 10:34 | INFO | Query 15 Active Learning Runtime on Test Set: 123912.68
2025-02-11 10:34 | INFO | Query 15 Active Learning Instance Cost: 465476.89
2025-02-11 10:35 | INFO | Query 16 Size of the uncertainty table is = 10226/14385
2025-02-11 10:35 | INFO | Query 16 Size of the filtered table is = 144
2025-02-11 10:35 | INFO | Training Time Active Learning Classifier: 6.71 seconds
2025-02-11 10:35 | INFO | Training Time Active Learning Regressor: 1.07 seconds
2025-02-11 10:35 | INFO | Query 16 Active Learning Runtime on Validation Set: 380120.49
2025-02-11 10:35 | INFO | Query 16 Active Learning Runtime on Test Set: 122178.29999999999
2025-02-11 10:35 | INFO | Query 16 Active Learning Instance Cost: 546082.69
2025-02-11 10:35 | INFO | Query 17 Size of the uncertainty table is = 9982/14385
2025-02-11 10:35 | INFO | Query 17 Size of the filtered table is = 144
2025-02-11 10:35 | INFO | Training Time Active Learning Classifier: 6.9 seconds
2025-02-11 10:35 | INFO | Training Time Active Learning Regressor: 1.08 seconds
2025-02-11 10:36 | INFO | Query 17 Active Learning Runtime on Validation Set: 379101.02
2025-02-11 10:36 | INFO | Query 17 Active Learning Runtime on Test Set: 86183.87
2025-02-11 10:36 | INFO | Query 17 Active Learning Instance Cost: 603922.04
2025-02-11 10:36 | INFO | Query 18 Size of the uncertainty table is = 9811/14385
2025-02-11 10:36 | INFO | Query 18 Size of the filtered table is = 144
2025-02-11 10:36 | INFO | Training Time Active Learning Classifier: 6.96 seconds
2025-02-11 10:36 | INFO | Training Time Active Learning Regressor: 1.1 seconds
2025-02-11 10:36 | INFO | Query 18 Active Learning Runtime on Validation Set: 343143.75
2025-02-11 10:36 | INFO | Query 18 Active Learning Runtime on Test Set: 86177.73
2025-02-11 10:36 | INFO | Query 18 Active Learning Instance Cost: 671520.03
2025-02-11 10:36 | INFO | Query 19 Size of the uncertainty table is = 9608/14385
2025-02-11 10:36 | INFO | Query 19 Size of the filtered table is = 144
2025-02-11 10:37 | INFO | Training Time Active Learning Classifier: 6.84 seconds
2025-02-11 10:37 | INFO | Training Time Active Learning Regressor: 1.12 seconds
2025-02-11 10:37 | INFO | Query 19 Active Learning Runtime on Validation Set: 450826.44
2025-02-11 10:37 | INFO | Query 19 Active Learning Runtime on Test Set: 158172.12
2025-02-11 10:37 | INFO | Query 19 Active Learning Instance Cost: 744540.27
2025-02-11 10:37 | INFO | Timeout limit is increased to 1000
2025-02-11 10:37 | INFO | Query 20 Size of the uncertainty table is = 9403/14385
2025-02-11 10:37 | INFO | Query 20 Size of the filtered table is = 144
2025-02-11 10:37 | INFO | Training Time Active Learning Classifier: 6.86 seconds
2025-02-11 10:37 | INFO | Training Time Active Learning Regressor: 1.14 seconds
2025-02-11 10:38 | INFO | Query 20 Active Learning Runtime on Validation Set: 452081.36
2025-02-11 10:38 | INFO | Query 20 Active Learning Runtime on Test Set: 158172.12
2025-02-11 10:38 | INFO | Query 20 Active Learning Instance Cost: 803806.54
2025-02-11 10:38 | INFO | Timeout limit is increased to 1100
2025-02-11 10:38 | INFO | Query 21 Size of the uncertainty table is = 9294/14385
2025-02-11 10:38 | INFO | Query 21 Size of the filtered table is = 144
2025-02-11 10:38 | INFO | Training Time Active Learning Classifier: 7.08 seconds
2025-02-11 10:38 | INFO | Training Time Active Learning Regressor: 1.14 seconds
2025-02-11 10:38 | INFO | Query 21 Active Learning Runtime on Validation Set: 374906.2
2025-02-11 10:38 | INFO | Query 21 Active Learning Runtime on Test Set: 122172.01999999999
2025-02-11 10:38 | INFO | Query 21 Active Learning Instance Cost: 879524.36
2025-02-11 10:38 | INFO | Query 22 Size of the uncertainty table is = 9146/14385
2025-02-11 10:38 | INFO | Query 22 Size of the filtered table is = 144
2025-02-11 10:39 | INFO | Training Time Active Learning Classifier: 6.92 seconds
2025-02-11 10:39 | INFO | Training Time Active Learning Regressor: 1.15 seconds
2025-02-11 10:39 | INFO | Query 22 Active Learning Runtime on Validation Set: 410658.85000000003
2025-02-11 10:39 | INFO | Query 22 Active Learning Runtime on Test Set: 122172.01999999999
2025-02-11 10:39 | INFO | Query 22 Active Learning Instance Cost: 948409.56
2025-02-11 10:39 | INFO | Timeout limit is increased to 1200
2025-02-11 10:39 | INFO | Query 23 Size of the uncertainty table is = 8987/14385
2025-02-11 10:39 | INFO | Query 23 Size of the filtered table is = 144
2025-02-11 10:39 | INFO | Training Time Active Learning Classifier: 7.11 seconds
2025-02-11 10:39 | INFO | Training Time Active Learning Regressor: 1.16 seconds
2025-02-11 10:39 | INFO | Query 23 Active Learning Runtime on Validation Set: 410658.85000000003
2025-02-11 10:39 | INFO | Query 23 Active Learning Runtime on Test Set: 122172.01999999999
2025-02-11 10:39 | INFO | Query 23 Active Learning Instance Cost: 1022165.62
2025-02-11 10:39 | INFO | Timeout limit is increased to 1300
2025-02-11 10:40 | INFO | Query 24 Size of the uncertainty table is = 8856/14385
2025-02-11 10:40 | INFO | Query 24 Size of the filtered table is = 144
2025-02-11 10:40 | INFO | Training Time Active Learning Classifier: 6.98 seconds
2025-02-11 10:40 | INFO | Training Time Active Learning Regressor: 1.33 seconds
2025-02-11 10:40 | INFO | Query 24 Active Learning Runtime on Validation Set: 450826.44
2025-02-11 10:40 | INFO | Query 24 Active Learning Runtime on Test Set: 86177.23999999999
2025-02-11 10:40 | INFO | Query 24 Active Learning Instance Cost: 1091759.58
2025-02-11 10:40 | INFO | Timeout limit is increased to 1400
2025-02-11 10:40 | INFO | Query 25 Size of the uncertainty table is = 8718/14385
2025-02-11 10:40 | INFO | Query 25 Size of the filtered table is = 144
2025-02-11 10:40 | INFO | Training Time Active Learning Classifier: 7.03 seconds
2025-02-11 10:40 | INFO | Training Time Active Learning Regressor: 1.16 seconds
2025-02-11 10:41 | INFO | Query 25 Active Learning Runtime on Validation Set: 410416.68
2025-02-11 10:41 | INFO | Query 25 Active Learning Runtime on Test Set: 86177.23999999999
2025-02-11 10:41 | INFO | Query 25 Active Learning Instance Cost: 1157461.71
2025-02-11 10:41 | INFO | Query 26 Size of the uncertainty table is = 8590/14385
2025-02-11 10:41 | INFO | Query 26 Size of the filtered table is = 144
2025-02-11 10:41 | INFO | Training Time Active Learning Classifier: 7.2 seconds
2025-02-11 10:41 | INFO | Training Time Active Learning Regressor: 1.17 seconds
2025-02-11 10:41 | INFO | Query 26 Active Learning Runtime on Validation Set: 411481.22000000003
2025-02-11 10:41 | INFO | Query 26 Active Learning Runtime on Test Set: 122118.54999999999
2025-02-11 10:41 | INFO | Query 26 Active Learning Instance Cost: 1255965.77
2025-02-11 10:41 | INFO | Timeout limit is increased to 1500
2025-02-11 10:42 | INFO | Query 27 Size of the uncertainty table is = 8488/14385
2025-02-11 10:42 | INFO | Query 27 Size of the filtered table is = 144
2025-02-11 10:42 | INFO | Training Time Active Learning Classifier: 7.08 seconds
2025-02-11 10:42 | INFO | Training Time Active Learning Regressor: 1.18 seconds
2025-02-11 10:42 | INFO | Query 27 Active Learning Runtime on Validation Set: 410226.3
2025-02-11 10:42 | INFO | Query 27 Active Learning Runtime on Test Set: 122118.54999999999
2025-02-11 10:42 | INFO | Query 27 Active Learning Instance Cost: 1305092.48
2025-02-11 10:42 | INFO | Query 28 Size of the uncertainty table is = 8447/14385
2025-02-11 10:42 | INFO | Query 28 Size of the filtered table is = 144
2025-02-11 10:42 | INFO | Training Time Active Learning Classifier: 7.25 seconds
2025-02-11 10:42 | INFO | Training Time Active Learning Regressor: 1.18 seconds
2025-02-11 10:43 | INFO | Query 28 Active Learning Runtime on Validation Set: 450744.16000000003
2025-02-11 10:43 | INFO | Query 28 Active Learning Runtime on Test Set: 122118.89
2025-02-11 10:43 | INFO | Query 28 Active Learning Instance Cost: 1338429.27
2025-02-11 10:43 | INFO | Timeout limit is increased to 1600
2025-02-11 10:43 | INFO | Query 29 Size of the uncertainty table is = 8344/14385
2025-02-11 10:43 | INFO | Query 29 Size of the filtered table is = 144
2025-02-11 10:43 | INFO | Training Time Active Learning Classifier: 7.27 seconds
2025-02-11 10:43 | INFO | Training Time Active Learning Regressor: 1.18 seconds
2025-02-11 10:43 | INFO | Query 29 Active Learning Runtime on Validation Set: 450744.16000000003
2025-02-11 10:43 | INFO | Query 29 Active Learning Runtime on Test Set: 122118.89
2025-02-11 10:43 | INFO | Query 29 Active Learning Instance Cost: 1371120.06
2025-02-11 10:43 | INFO | Timeout limit is increased to 1700
2025-02-11 10:43 | INFO | Query 30 Size of the uncertainty table is = 8324/14385
2025-02-11 10:43 | INFO | Query 30 Size of the filtered table is = 144
2025-02-11 10:44 | INFO | Training Time Active Learning Classifier: 7.1 seconds
2025-02-11 10:44 | INFO | Training Time Active Learning Regressor: 1.18 seconds
2025-02-11 10:44 | INFO | Query 30 Active Learning Runtime on Validation Set: 521425.33
2025-02-11 10:44 | INFO | Query 30 Active Learning Runtime on Test Set: 122118.89
2025-02-11 10:44 | INFO | Query 30 Active Learning Instance Cost: 1422159.7
2025-02-11 10:44 | INFO | Timeout limit is increased to 1800
2025-02-11 10:44 | INFO | Query 31 Size of the uncertainty table is = 8233/14385
2025-02-11 10:44 | INFO | Query 31 Size of the filtered table is = 144
2025-02-11 10:44 | INFO | Training Time Active Learning Classifier: 7.15 seconds
2025-02-11 10:44 | INFO | Training Time Active Learning Regressor: 1.19 seconds
2025-02-11 10:44 | INFO | Query 31 Active Learning Runtime on Validation Set: 479813.36
2025-02-11 10:44 | INFO | Query 31 Active Learning Runtime on Test Set: 87184.51999999999
2025-02-11 10:44 | INFO | Query 31 Active Learning Instance Cost: 1487911.17
2025-02-11 10:45 | INFO | Query 32 Size of the uncertainty table is = 8146/14385
2025-02-11 10:45 | INFO | Query 32 Size of the filtered table is = 144
2025-02-11 10:45 | INFO | Training Time Active Learning Classifier: 7.13 seconds
2025-02-11 10:45 | INFO | Training Time Active Learning Regressor: 1.19 seconds
2025-02-11 10:45 | INFO | Query 32 Active Learning Runtime on Validation Set: 446639.47000000003
2025-02-11 10:45 | INFO | Query 32 Active Learning Runtime on Test Set: 87184.51999999999
2025-02-11 10:45 | INFO | Query 32 Active Learning Instance Cost: 1562075.99
2025-02-11 10:45 | INFO | Query 33 Size of the uncertainty table is = 8054/14385
2025-02-11 10:45 | INFO | Query 33 Size of the filtered table is = 144
2025-02-11 10:45 | INFO | Training Time Active Learning Classifier: 7.14 seconds
2025-02-11 10:45 | INFO | Training Time Active Learning Regressor: 1.19 seconds
2025-02-11 10:46 | INFO | Query 33 Active Learning Runtime on Validation Set: 446639.47000000003
2025-02-11 10:46 | INFO | Query 33 Active Learning Runtime on Test Set: 87184.51999999999
2025-02-11 10:46 | INFO | Query 33 Active Learning Instance Cost: 1592575.99
2025-02-11 10:46 | INFO | Timeout limit is increased to 1900
2025-02-11 10:46 | INFO | Query 34 Size of the uncertainty table is = 8042/14385
2025-02-11 10:46 | INFO | Query 34 Size of the filtered table is = 144
2025-02-11 10:46 | INFO | Training Time Active Learning Classifier: 7.19 seconds
2025-02-11 10:46 | INFO | Training Time Active Learning Regressor: 1.19 seconds
2025-02-11 10:46 | INFO | Query 34 Active Learning Runtime on Validation Set: 446639.47000000003
2025-02-11 10:46 | INFO | Query 34 Active Learning Runtime on Test Set: 87184.51999999999
2025-02-11 10:46 | INFO | Query 34 Active Learning Instance Cost: 1614799.14
2025-02-11 10:46 | INFO | Timeout limit is increased to 2000
2025-02-11 10:46 | INFO | Query 35 Size of the uncertainty table is = 8034/14385
2025-02-11 10:46 | INFO | Query 35 Size of the filtered table is = 144
2025-02-11 10:47 | INFO | Training Time Active Learning Classifier: 7.19 seconds
2025-02-11 10:47 | INFO | Training Time Active Learning Regressor: 1.19 seconds
2025-02-11 10:47 | INFO | Query 35 Active Learning Runtime on Validation Set: 446639.47000000003
2025-02-11 10:47 | INFO | Query 35 Active Learning Runtime on Test Set: 123184.48999999999
2025-02-11 10:47 | INFO | Query 35 Active Learning Instance Cost: 1672780.94
2025-02-11 10:47 | INFO | Timeout limit is increased to 2100
2025-02-11 10:47 | INFO | Query 36 Size of the uncertainty table is = 7969/14385
2025-02-11 10:47 | INFO | Query 36 Size of the filtered table is = 144
2025-02-11 10:47 | INFO | Training Time Active Learning Classifier: 7.21 seconds
2025-02-11 10:47 | INFO | Training Time Active Learning Regressor: 1.2 seconds
2025-02-11 10:48 | INFO | Query 36 Active Learning Runtime on Validation Set: 450925.86
2025-02-11 10:48 | INFO | Query 36 Active Learning Runtime on Test Set: 123184.48999999999
2025-02-11 10:48 | INFO | Query 36 Active Learning Instance Cost: 1722556.52
2025-02-11 10:48 | INFO | Timeout limit is increased to 2200
2025-02-11 10:48 | INFO | Query 37 Size of the uncertainty table is = 7906/14385
2025-02-11 10:48 | INFO | Query 37 Size of the filtered table is = 144
2025-02-11 10:48 | INFO | Training Time Active Learning Classifier: 7.43 seconds
2025-02-11 10:48 | INFO | Training Time Active Learning Regressor: 1.2 seconds
2025-02-11 10:48 | INFO | Query 37 Active Learning Runtime on Validation Set: 451001.46
2025-02-11 10:48 | INFO | Query 37 Active Learning Runtime on Test Set: 123184.48999999999
2025-02-11 10:48 | INFO | Query 37 Active Learning Instance Cost: 1787475.33
2025-02-11 10:48 | INFO | Timeout limit is increased to 2300
2025-02-11 10:48 | INFO | Query 38 Size of the uncertainty table is = 7856/14385
2025-02-11 10:48 | INFO | Query 38 Size of the filtered table is = 144
2025-02-11 10:48 | INFO | Training Time Active Learning Classifier: 7.25 seconds
2025-02-11 10:48 | INFO | Training Time Active Learning Regressor: 1.22 seconds
2025-02-11 10:49 | INFO | Query 38 Active Learning Runtime on Validation Set: 517522.82
2025-02-11 10:49 | INFO | Query 38 Active Learning Runtime on Test Set: 91069.95999999999
2025-02-11 10:49 | INFO | Query 38 Active Learning Instance Cost: 1867805.4
2025-02-11 10:49 | INFO | Timeout limit is increased to 2400
2025-02-11 10:49 | INFO | Query 39 Size of the uncertainty table is = 7782/14385
2025-02-11 10:49 | INFO | Query 39 Size of the filtered table is = 144
2025-02-11 10:49 | INFO | Training Time Active Learning Classifier: 7.27 seconds
2025-02-11 10:49 | INFO | Training Time Active Learning Regressor: 1.2 seconds
2025-02-11 10:49 | INFO | Query 39 Active Learning Runtime on Validation Set: 521152.96
2025-02-11 10:49 | INFO | Query 39 Active Learning Runtime on Test Set: 127070.53
2025-02-11 10:49 | INFO | Query 39 Active Learning Instance Cost: 1966037.96
2025-02-11 10:49 | INFO | Timeout limit is increased to 2500
2025-02-11 10:50 | INFO | Query 40 Size of the uncertainty table is = 7654/14385
2025-02-11 10:50 | INFO | Query 40 Size of the filtered table is = 144
2025-02-11 10:50 | INFO | Training Time Active Learning Classifier: 7.28 seconds
2025-02-11 10:50 | INFO | Training Time Active Learning Regressor: 1.21 seconds
2025-02-11 10:50 | INFO | Query 40 Active Learning Runtime on Validation Set: 517220.08
2025-02-11 10:50 | INFO | Query 40 Active Learning Runtime on Test Set: 59040.61
2025-02-11 10:50 | INFO | Query 40 Active Learning Instance Cost: 2071492.52
2025-02-11 10:50 | INFO | Query 41 Size of the uncertainty table is = 7577/14385
2025-02-11 10:50 | INFO | Query 41 Size of the filtered table is = 144
2025-02-11 10:50 | INFO | Training Time Active Learning Classifier: 7.32 seconds
2025-02-11 10:50 | INFO | Training Time Active Learning Regressor: 1.21 seconds
2025-02-11 10:51 | INFO | Query 41 Active Learning Runtime on Validation Set: 481964.85000000003
2025-02-11 10:51 | INFO | Query 41 Active Learning Runtime on Test Set: 23926.85
2025-02-11 10:51 | INFO | Query 41 Active Learning Instance Cost: 2133936.16
2025-02-11 10:51 | INFO | Query 42 Size of the uncertainty table is = 7520/14385
2025-02-11 10:51 | INFO | Query 42 Size of the filtered table is = 144
2025-02-11 10:51 | INFO | Training Time Active Learning Classifier: 7.3 seconds
2025-02-11 10:51 | INFO | Training Time Active Learning Regressor: 1.21 seconds
2025-02-11 10:51 | INFO | Query 42 Active Learning Runtime on Validation Set: 446108.17
2025-02-11 10:51 | INFO | Query 42 Active Learning Runtime on Test Set: 23926.85
2025-02-11 10:51 | INFO | Query 42 Active Learning Instance Cost: 2153562.55
2025-02-11 10:51 | INFO | Query 43 Size of the uncertainty table is = 7507/14385
2025-02-11 10:51 | INFO | Query 43 Size of the filtered table is = 144
2025-02-11 10:52 | INFO | Training Time Active Learning Classifier: 7.3 seconds
2025-02-11 10:52 | INFO | Training Time Active Learning Regressor: 1.21 seconds
2025-02-11 10:52 | INFO | Query 43 Active Learning Runtime on Validation Set: 446108.17
2025-02-11 10:52 | INFO | Query 43 Active Learning Runtime on Test Set: 23926.85
2025-02-11 10:52 | INFO | Query 43 Active Learning Instance Cost: 2161462.55
2025-02-11 10:52 | INFO | Timeout limit is increased to 2600
2025-02-11 10:52 | INFO | Query 44 Size of the uncertainty table is = 7507/14385
2025-02-11 10:52 | INFO | Query 44 Size of the filtered table is = 144
2025-02-11 10:52 | INFO | Training Time Active Learning Classifier: 7.32 seconds
2025-02-11 10:52 | INFO | Training Time Active Learning Regressor: 1.22 seconds
2025-02-11 10:52 | INFO | Query 44 Active Learning Runtime on Validation Set: 446108.17
2025-02-11 10:52 | INFO | Query 44 Active Learning Runtime on Test Set: 23926.85
2025-02-11 10:52 | INFO | Query 44 Active Learning Instance Cost: 2176358.75
2025-02-11 10:52 | INFO | Timeout limit is increased to 2700
2025-02-11 10:53 | INFO | Query 45 Size of the uncertainty table is = 7486/14385
2025-02-11 10:53 | INFO | Query 45 Size of the filtered table is = 144
2025-02-11 10:53 | INFO | Training Time Active Learning Classifier: 7.35 seconds
2025-02-11 10:53 | INFO | Training Time Active Learning Regressor: 1.39 seconds
2025-02-11 10:53 | INFO | Query 45 Active Learning Runtime on Validation Set: 481964.85000000003
2025-02-11 10:53 | INFO | Query 45 Active Learning Runtime on Test Set: 25431.35
2025-02-11 10:53 | INFO | Query 45 Active Learning Instance Cost: 2247200.14
2025-02-11 10:53 | INFO | Timeout limit is increased to 2800
2025-02-11 10:53 | INFO | Query 46 Size of the uncertainty table is = 7393/14385
2025-02-11 10:53 | INFO | Query 46 Size of the filtered table is = 144
2025-02-11 10:53 | INFO | Training Time Active Learning Classifier: 7.37 seconds
2025-02-11 10:53 | INFO | Training Time Active Learning Regressor: 1.21 seconds
2025-02-11 10:54 | INFO | Query 46 Active Learning Runtime on Validation Set: 481964.85000000003
2025-02-11 10:54 | INFO | Query 46 Active Learning Runtime on Test Set: 25431.35
2025-02-11 10:54 | INFO | Query 46 Active Learning Instance Cost: 2310187.85
2025-02-11 10:54 | INFO | Timeout limit is increased to 2900
2025-02-11 10:54 | INFO | Query 47 Size of the uncertainty table is = 7331/14385
2025-02-11 10:54 | INFO | Query 47 Size of the filtered table is = 144
2025-02-11 10:54 | INFO | Training Time Active Learning Classifier: 7.35 seconds
2025-02-11 10:54 | INFO | Training Time Active Learning Regressor: 1.21 seconds
2025-02-11 10:54 | INFO | Query 47 Active Learning Runtime on Validation Set: 486159.67
2025-02-11 10:54 | INFO | Query 47 Active Learning Runtime on Test Set: 25431.35
2025-02-11 10:54 | INFO | Query 47 Active Learning Instance Cost: 2370325.3
2025-02-11 10:54 | INFO | Timeout limit is increased to 3000
2025-02-11 10:54 | INFO | Query 48 Size of the uncertainty table is = 7291/14385
2025-02-11 10:54 | INFO | Query 48 Size of the filtered table is = 144
2025-02-11 10:55 | INFO | Training Time Active Learning Classifier: 7.36 seconds
2025-02-11 10:55 | INFO | Training Time Active Learning Regressor: 1.21 seconds
2025-02-11 10:55 | INFO | Query 48 Active Learning Runtime on Validation Set: 486159.67
2025-02-11 10:55 | INFO | Query 48 Active Learning Runtime on Test Set: 25431.35
2025-02-11 10:55 | INFO | Query 48 Active Learning Instance Cost: 2399481.92
2025-02-11 10:55 | INFO | Timeout limit is increased to 3100
2025-02-11 10:55 | INFO | Query 49 Size of the uncertainty table is = 7267/14385
2025-02-11 10:55 | INFO | Query 49 Size of the filtered table is = 144
2025-02-11 10:55 | INFO | Training Time Active Learning Classifier: 7.38 seconds
2025-02-11 10:55 | INFO | Training Time Active Learning Regressor: 1.22 seconds
2025-02-11 10:56 | INFO | Query 49 Active Learning Runtime on Validation Set: 485865.79000000004
2025-02-11 10:56 | INFO | Query 49 Active Learning Runtime on Test Set: 25431.739999999998
2025-02-11 10:56 | INFO | Query 49 Active Learning Instance Cost: 2501018.09
2025-02-11 10:56 | INFO | Query 50 Size of the uncertainty table is = 7174/14385
2025-02-11 10:56 | INFO | Query 50 Size of the filtered table is = 144
2025-02-11 10:56 | INFO | Training Time Active Learning Classifier: 7.42 seconds
2025-02-11 10:56 | INFO | Training Time Active Learning Regressor: 1.22 seconds
2025-02-11 10:56 | INFO | Query 50 Active Learning Runtime on Validation Set: 482316.67
2025-02-11 10:56 | INFO | Query 50 Active Learning Runtime on Test Set: 25431.739999999998
2025-02-11 10:56 | INFO | Query 50 Active Learning Instance Cost: 2554790.24
2025-02-11 10:56 | INFO | Query 51 Size of the uncertainty table is = 7138/14385
2025-02-11 10:56 | INFO | Query 51 Size of the filtered table is = 144
2025-02-11 10:56 | INFO | Training Time Active Learning Classifier: 7.41 seconds
2025-02-11 10:56 | INFO | Training Time Active Learning Regressor: 1.22 seconds
2025-02-11 10:57 | INFO | Query 51 Active Learning Runtime on Validation Set: 482316.67
2025-02-11 10:57 | INFO | Query 51 Active Learning Runtime on Test Set: 25431.739999999998
2025-02-11 10:57 | INFO | Query 51 Active Learning Instance Cost: 2557090.24
2025-02-11 10:57 | INFO | Timeout limit is increased to 3200
2025-02-11 10:57 | INFO | Query 52 Size of the uncertainty table is = 7138/14385
2025-02-11 10:57 | INFO | Query 52 Size of the filtered table is = 144
2025-02-11 10:57 | INFO | Training Time Active Learning Classifier: 7.42 seconds
2025-02-11 10:57 | INFO | Training Time Active Learning Regressor: 1.22 seconds
2025-02-11 10:57 | INFO | Query 52 Active Learning Runtime on Validation Set: 482316.67
2025-02-11 10:57 | INFO | Query 52 Active Learning Runtime on Test Set: 25431.739999999998
2025-02-11 10:57 | INFO | Query 52 Active Learning Instance Cost: 2575279.69
2025-02-11 10:57 | INFO | Timeout limit is increased to 3300
2025-02-11 10:57 | INFO | Query 53 Size of the uncertainty table is = 7132/14385
2025-02-11 10:57 | INFO | Query 53 Size of the filtered table is = 144
2025-02-11 10:58 | INFO | Training Time Active Learning Classifier: 7.45 seconds
2025-02-11 10:58 | INFO | Training Time Active Learning Regressor: 1.23 seconds
2025-02-11 10:58 | INFO | Query 53 Active Learning Runtime on Validation Set: 485950.32
2025-02-11 10:58 | INFO | Query 53 Active Learning Runtime on Test Set: 29279.019999999997
2025-02-11 10:58 | INFO | Query 53 Active Learning Instance Cost: 2651502.39
2025-02-11 10:58 | INFO | Timeout limit is increased to 3400
2025-02-11 10:58 | INFO | Query 54 Size of the uncertainty table is = 7036/14385
2025-02-11 10:58 | INFO | Query 54 Size of the filtered table is = 144
2025-02-11 10:58 | INFO | Training Time Active Learning Classifier: 7.63 seconds
2025-02-11 10:58 | INFO | Training Time Active Learning Regressor: 1.24 seconds
2025-02-11 10:59 | INFO | Query 54 Active Learning Runtime on Validation Set: 449992.4
2025-02-11 10:59 | INFO | Query 54 Active Learning Runtime on Test Set: 131267.68
2025-02-11 10:59 | INFO | Query 54 Active Learning Instance Cost: 2756400.42
2025-02-11 10:59 | INFO | Query 55 Size of the uncertainty table is = 6964/14385
2025-02-11 10:59 | INFO | Query 55 Size of the filtered table is = 144
2025-02-11 10:59 | INFO | Training Time Active Learning Classifier: 7.66 seconds
2025-02-11 10:59 | INFO | Training Time Active Learning Regressor: 1.23 seconds
2025-02-11 10:59 | INFO | Query 55 Active Learning Runtime on Validation Set: 481279.01
2025-02-11 10:59 | INFO | Query 55 Active Learning Runtime on Test Set: 131267.68
2025-02-11 10:59 | INFO | Query 55 Active Learning Instance Cost: 2907860.65
2025-02-11 10:59 | INFO | Timeout limit is increased to 3500
2025-02-11 10:59 | INFO | Query 56 Size of the uncertainty table is = 6889/14385
2025-02-11 10:59 | INFO | Query 56 Size of the filtered table is = 144
2025-02-11 10:59 | INFO | Training Time Active Learning Classifier: 7.47 seconds
2025-02-11 11:00 | INFO | Training Time Active Learning Regressor: 1.24 seconds
2025-02-11 11:00 | INFO | Query 56 Active Learning Runtime on Validation Set: 481289.56
2025-02-11 11:00 | INFO | Query 56 Active Learning Runtime on Test Set: 131267.68
2025-02-11 11:00 | INFO | Query 56 Active Learning Instance Cost: 2942720.61
2025-02-11 11:00 | INFO | Timeout limit is increased to 3600
2025-02-11 11:00 | INFO | Query 57 Size of the uncertainty table is = 6871/14385
2025-02-11 11:00 | INFO | Query 57 Size of the filtered table is = 144
2025-02-11 11:00 | INFO | Training Time Active Learning Classifier: 7.52 seconds
2025-02-11 11:00 | INFO | Training Time Active Learning Regressor: 1.24 seconds
2025-02-11 11:00 | INFO | Query 57 Active Learning Runtime on Validation Set: 481112.01
2025-02-11 11:00 | INFO | Query 57 Active Learning Runtime on Test Set: 131267.68
2025-02-11 11:00 | INFO | Query 57 Active Learning Instance Cost: 3065781.16
2025-02-11 11:00 | INFO | Query 58 Size of the uncertainty table is = 290/14385
2025-02-11 11:00 | INFO | Query 58 Size of the filtered table is = 144
2025-02-11 11:01 | INFO | Training Time Active Learning Classifier: 7.53 seconds
2025-02-11 11:01 | INFO | Training Time Active Learning Regressor: 1.24 seconds
2025-02-11 11:01 | INFO | Query 58 Active Learning Runtime on Validation Set: 481112.01
2025-02-11 11:01 | INFO | Query 58 Active Learning Runtime on Test Set: 131267.68
2025-02-11 11:01 | INFO | Query 58 Active Learning Instance Cost: 3216781.16
2025-02-11 11:01 | INFO | Timeout limit is increased to 3600
2025-02-11 11:01 | INFO | Active Learning Emissions: 0.025456555473159316
2025-02-11 11:01 | INFO | Active Learning Energy Consumption: 0.02769738240426959 kWh
2025-02-11 11:01 | INFO | runtime_test_score is written as json file
2025-02-11 11:01 | INFO | runtime_validation_score is written as json file
2025-02-11 11:01 | INFO | instance_cost is written as json file
2025-02-11 11:01 | INFO | Experiment is finished
