2025-02-11 11:11 | INFO | Paramaters are: {'dataset': 'SAT11-RAND', 'penalty': 10, 'weight': 'No_Weight', 'voting': 'Hard', 'pre_selection_size': 64, 'pre_selection_technique': 'No_pre_selection', 'feature_elimination_threshold': 20, 'imputer_strategy': 'median', 'feature_selection_technique': 'No_feature_selection', 'feature_scaling_technique': 'StandardScaler', 'initial_train_size': 20, 'query_size': 1, 'timeout_predictor_usage': 'No', 'pareto_features': {'PredDiff': 'max', 'PredCost': 'min'}, 'timeout_limit': 3600, 'timeout_increase_rate': 100, 'penalty_type': 'Only-timeout-penalty', 'RANDOM_STATE_SEED': 123, 'n_splits': 10, 'split_number': 7, 'max_timeout': 3600, 'param_grid': {'n_estimators': 100, 'max_features': 'sqrt', 'max_depth': 2147483648, 'min_samples_split': 2, 'bootstrap': True}}
2025-02-11 11:11 | INFO | SAT11-RAND is current dataset
2025-02-11 11:11 | INFO | DATASETS/SAT11-RAND/algorithm_runs.arff is found
2025-02-11 11:11 | INFO | DATASETS/SAT11-RAND/algorithm_runs.arff is finished
2025-02-11 11:11 | INFO | DATASETS/SAT11-RAND/feature_values.arff is found
2025-02-11 11:11 | INFO | DATASETS/SAT11-RAND/feature_values.arff is finished
2025-02-11 11:11 | INFO | DATASETS/SAT11-RAND/feature_costs.arff is found
2025-02-11 11:11 | INFO | DATASETS/SAT11-RAND/feature_costs.arff is finished
2025-02-11 11:11 | INFO | Virtual best solver time in train = 76113.32
2025-02-11 11:11 | INFO | Single best solver list train = {'EagleUP_1.565.350': 4004835.45, 'MPhaseSAT_M_2011-02-16': 4197854.46, 'SAT09referencesolverTNM_2009-03-22': 4215214.06, 'SAT09referencesolvergnovelty+2_2009-03-22': 5048791.13, 'SAT09referencesolvermarch_hi_hi': 7308299.88, 'adaptg2wsat2011_2011-03-02': 4183105.55, 'march_rw_2011-03-02': 7333546.67, 'sattime2011_2011-03-02': 3927151.13, 'sparrow2011_sparrow2011_ubcsat1.2_2011-03-02': 2960197.58}
2025-02-11 11:11 | INFO | Single best solver time train = sparrow2011_sparrow2011_ubcsat1.2_2011-03-02 (2960197.58)
2025-02-11 11:11 | INFO | Virtual best solver time in validation = 26551.55
2025-02-11 11:11 | INFO | Single best solver list validation = {'EagleUP_1.565.350': 1296453.65, 'MPhaseSAT_M_2011-02-16': 151130.19, 'SAT09referencesolverTNM_2009-03-22': 1296379.52, 'SAT09referencesolvergnovelty+2_2009-03-22': 1296427.09, 'SAT09referencesolvermarch_hi_hi': 688487.06, 'adaptg2wsat2011_2011-03-02': 1296449.2, 'march_rw_2011-03-02': 689717.65, 'sattime2011_2011-03-02': 1296724.04, 'sparrow2011_sparrow2011_ubcsat1.2_2011-03-02': 1296591.08}
2025-02-11 11:11 | INFO | Single best solver time validation = MPhaseSAT_M_2011-02-16 (151130.19)
2025-02-11 11:11 | INFO | Virtual best solver time in test = 23534.38
2025-02-11 11:11 | INFO | Single best solver list test = {'EagleUP_1.565.350': 649248.46, 'MPhaseSAT_M_2011-02-16': 517001.91, 'SAT09referencesolverTNM_2009-03-22': 649827.88, 'SAT09referencesolvergnovelty+2_2009-03-22': 724799.34, 'SAT09referencesolvermarch_hi_hi': 814845.51, 'adaptg2wsat2011_2011-03-02': 513182.9, 'march_rw_2011-03-02': 782936.22, 'sattime2011_2011-03-02': 584100.37, 'sparrow2011_sparrow2011_ubcsat1.2_2011-03-02': 473024.9}
2025-02-11 11:11 | INFO | Single best solver time test = sparrow2011_sparrow2011_ubcsat1.2_2011-03-02 (473024.9)
2025-02-11 11:11 | INFO | Training Time Passive Learning Classifier: 4.21 seconds
2025-02-11 11:11 | INFO | Training Time Passive Learning Regressor: 1.43 seconds
2025-02-11 11:11 | INFO | Passive Learning Classifier Runtime on Validation Set: 157440.42
2025-02-11 11:11 | INFO | Passive Learning Classifier Runtime on Test Set: 302536.54
2025-02-11 11:11 | INFO | Passive Learning Instance Cost: 4914595.91
2025-02-11 11:11 | INFO | Passive Learning Emissions: 0.0002322497238924173
2025-02-11 11:11 | INFO | Passive Learning Energy Consumption: 0.00025269363024061833 kWh
2025-02-11 11:11 | INFO | Training Time Active Learning Classifier: 2.1 seconds
2025-02-11 11:11 | INFO | Training Time Active Learning Regressor: 0.43 seconds
2025-02-11 11:11 | INFO | Initial Active Learning Runtime on Validation Set: 157406.37
2025-02-11 11:11 | INFO | Initial Active Learning Runtime on Test Set: 371061.14
2025-02-11 11:11 | INFO | Initial Active Learning Instance Cost: 298281.74
2025-02-11 11:11 | INFO | Bin size = 121
2025-02-11 11:11 | INFO | Query 1 Size of the uncertainty table is = 12024/12024
2025-02-11 11:11 | INFO | Query 1 Size of the filtered table is = 289
2025-02-11 11:11 | INFO | Training Time Active Learning Classifier: 2.02 seconds
2025-02-11 11:11 | INFO | Training Time Active Learning Regressor: 0.48 seconds
2025-02-11 11:12 | INFO | Query 1 Active Learning Runtime on Validation Set: 157042.84
2025-02-11 11:12 | INFO | Query 1 Active Learning Runtime on Test Set: 335880.31
2025-02-11 11:12 | INFO | Query 1 Active Learning Instance Cost: 537663.51
2025-02-11 11:12 | INFO | Query 2 Size of the uncertainty table is = 11818/12024
2025-02-11 11:12 | INFO | Query 2 Size of the filtered table is = 121
2025-02-11 11:12 | INFO | Training Time Active Learning Classifier: 2.06 seconds
2025-02-11 11:12 | INFO | Training Time Active Learning Regressor: 0.53 seconds
2025-02-11 11:12 | INFO | Query 2 Active Learning Runtime on Validation Set: 156934.5
2025-02-11 11:12 | INFO | Query 2 Active Learning Runtime on Test Set: 407495.49
2025-02-11 11:12 | INFO | Query 2 Active Learning Instance Cost: 685296.79
2025-02-11 11:12 | INFO | Query 3 Size of the uncertainty table is = 11540/12024
2025-02-11 11:12 | INFO | Query 3 Size of the filtered table is = 121
2025-02-11 11:12 | INFO | Training Time Active Learning Classifier: 2.19 seconds
2025-02-11 11:12 | INFO | Training Time Active Learning Regressor: 0.56 seconds
2025-02-11 11:12 | INFO | Query 3 Active Learning Runtime on Validation Set: 157108.3
2025-02-11 11:12 | INFO | Query 3 Active Learning Runtime on Test Set: 371190.50999999995
2025-02-11 11:12 | INFO | Query 3 Active Learning Instance Cost: 850692.54
2025-02-11 11:12 | INFO | Timeout limit is increased to 3600
2025-02-11 11:12 | INFO | Query 4 Size of the uncertainty table is = 11261/12024
2025-02-11 11:12 | INFO | Query 4 Size of the filtered table is = 121
2025-02-11 11:13 | INFO | Training Time Active Learning Classifier: 2.17 seconds
2025-02-11 11:13 | INFO | Training Time Active Learning Regressor: 0.7 seconds
2025-02-11 11:13 | INFO | Query 4 Active Learning Runtime on Validation Set: 157073.25
2025-02-11 11:13 | INFO | Query 4 Active Learning Runtime on Test Set: 407373.81999999995
2025-02-11 11:13 | INFO | Query 4 Active Learning Instance Cost: 1006999.78
2025-02-11 11:13 | INFO | Query 5 Size of the uncertainty table is = 10942/12024
2025-02-11 11:13 | INFO | Query 5 Size of the filtered table is = 121
2025-02-11 11:13 | INFO | Training Time Active Learning Classifier: 2.24 seconds
2025-02-11 11:13 | INFO | Training Time Active Learning Regressor: 0.65 seconds
2025-02-11 11:13 | INFO | Query 5 Active Learning Runtime on Validation Set: 157186.34
2025-02-11 11:13 | INFO | Query 5 Active Learning Runtime on Test Set: 407135.52999999997
2025-02-11 11:13 | INFO | Query 5 Active Learning Instance Cost: 1168012.13
2025-02-11 11:13 | INFO | Timeout limit is increased to 3600
2025-02-11 11:13 | INFO | Query 6 Size of the uncertainty table is = 10561/12024
2025-02-11 11:13 | INFO | Query 6 Size of the filtered table is = 121
2025-02-11 11:13 | INFO | Training Time Active Learning Classifier: 2.28 seconds
2025-02-11 11:13 | INFO | Training Time Active Learning Regressor: 0.69 seconds
2025-02-11 11:14 | INFO | Query 6 Active Learning Runtime on Validation Set: 157058.31
2025-02-11 11:14 | INFO | Query 6 Active Learning Runtime on Test Set: 406937.77999999997
2025-02-11 11:14 | INFO | Query 6 Active Learning Instance Cost: 1329801.03
2025-02-11 11:14 | INFO | Query 7 Size of the uncertainty table is = 10227/12024
2025-02-11 11:14 | INFO | Query 7 Size of the filtered table is = 121
2025-02-11 11:14 | INFO | Training Time Active Learning Classifier: 2.34 seconds
2025-02-11 11:14 | INFO | Training Time Active Learning Regressor: 0.72 seconds
2025-02-11 11:14 | INFO | Query 7 Active Learning Runtime on Validation Set: 157186.34
2025-02-11 11:14 | INFO | Query 7 Active Learning Runtime on Test Set: 407484.68
2025-02-11 11:14 | INFO | Query 7 Active Learning Instance Cost: 1449414.16
2025-02-11 11:14 | INFO | Timeout limit is increased to 3600
2025-02-11 11:14 | INFO | Query 8 Size of the uncertainty table is = 9868/12024
2025-02-11 11:14 | INFO | Query 8 Size of the filtered table is = 121
2025-02-11 11:14 | INFO | Training Time Active Learning Classifier: 2.41 seconds
2025-02-11 11:14 | INFO | Training Time Active Learning Regressor: 0.76 seconds
2025-02-11 11:14 | INFO | Query 8 Active Learning Runtime on Validation Set: 157106.13
2025-02-11 11:14 | INFO | Query 8 Active Learning Runtime on Test Set: 407142.68
2025-02-11 11:14 | INFO | Query 8 Active Learning Instance Cost: 1579209.21
2025-02-11 11:14 | INFO | Query 9 Size of the uncertainty table is = 9462/12024
2025-02-11 11:14 | INFO | Query 9 Size of the filtered table is = 121
2025-02-11 11:14 | INFO | Training Time Active Learning Classifier: 2.49 seconds
2025-02-11 11:14 | INFO | Training Time Active Learning Regressor: 0.79 seconds
2025-02-11 11:15 | INFO | Query 9 Active Learning Runtime on Validation Set: 156965.41
2025-02-11 11:15 | INFO | Query 9 Active Learning Runtime on Test Set: 406979.24
2025-02-11 11:15 | INFO | Query 9 Active Learning Instance Cost: 1700787.38
2025-02-11 11:15 | INFO | Query 10 Size of the uncertainty table is = 9088/12024
2025-02-11 11:15 | INFO | Query 10 Size of the filtered table is = 121
2025-02-11 11:15 | INFO | Training Time Active Learning Classifier: 2.55 seconds
2025-02-11 11:15 | INFO | Training Time Active Learning Regressor: 0.83 seconds
2025-02-11 11:15 | INFO | Query 10 Active Learning Runtime on Validation Set: 157509.78
2025-02-11 11:15 | INFO | Query 10 Active Learning Runtime on Test Set: 406822.11
2025-02-11 11:15 | INFO | Query 10 Active Learning Instance Cost: 1824681.99
2025-02-11 11:15 | INFO | Timeout limit is increased to 3600
2025-02-11 11:15 | INFO | Query 11 Size of the uncertainty table is = 8739/12024
2025-02-11 11:15 | INFO | Query 11 Size of the filtered table is = 121
2025-02-11 11:15 | INFO | Training Time Active Learning Classifier: 2.62 seconds
2025-02-11 11:15 | INFO | Training Time Active Learning Regressor: 0.87 seconds
2025-02-11 11:15 | INFO | Query 11 Active Learning Runtime on Validation Set: 157186.34
2025-02-11 11:15 | INFO | Query 11 Active Learning Runtime on Test Set: 407397.44999999995
2025-02-11 11:15 | INFO | Query 11 Active Learning Instance Cost: 1984934.78
2025-02-11 11:16 | INFO | Query 12 Size of the uncertainty table is = 8345/12024
2025-02-11 11:16 | INFO | Query 12 Size of the filtered table is = 121
2025-02-11 11:16 | INFO | Training Time Active Learning Classifier: 2.7 seconds
2025-02-11 11:16 | INFO | Training Time Active Learning Regressor: 0.91 seconds
2025-02-11 11:16 | INFO | Query 12 Active Learning Runtime on Validation Set: 157186.34
2025-02-11 11:16 | INFO | Query 12 Active Learning Runtime on Test Set: 406954.50999999995
2025-02-11 11:16 | INFO | Query 12 Active Learning Instance Cost: 2104868.8
2025-02-11 11:16 | INFO | Timeout limit is increased to 3600
2025-02-11 11:16 | INFO | Query 13 Size of the uncertainty table is = 7947/12024
2025-02-11 11:16 | INFO | Query 13 Size of the filtered table is = 121
2025-02-11 11:16 | INFO | Training Time Active Learning Classifier: 2.79 seconds
2025-02-11 11:16 | INFO | Training Time Active Learning Regressor: 0.96 seconds
2025-02-11 11:16 | INFO | Query 13 Active Learning Runtime on Validation Set: 157522.69
2025-02-11 11:16 | INFO | Query 13 Active Learning Runtime on Test Set: 302193.70999999996
2025-02-11 11:16 | INFO | Query 13 Active Learning Instance Cost: 2304100.1
2025-02-11 11:16 | INFO | Timeout limit is increased to 3600
2025-02-11 11:16 | INFO | Query 14 Size of the uncertainty table is = 7601/12024
2025-02-11 11:16 | INFO | Query 14 Size of the filtered table is = 121
2025-02-11 11:16 | INFO | Training Time Active Learning Classifier: 2.86 seconds
2025-02-11 11:16 | INFO | Training Time Active Learning Regressor: 0.99 seconds
2025-02-11 11:17 | INFO | Query 14 Active Learning Runtime on Validation Set: 157132.27
2025-02-11 11:17 | INFO | Query 14 Active Learning Runtime on Test Set: 302193.83999999997
2025-02-11 11:17 | INFO | Query 14 Active Learning Instance Cost: 2427715.82
2025-02-11 11:17 | INFO | Query 15 Size of the uncertainty table is = 7241/12024
2025-02-11 11:17 | INFO | Query 15 Size of the filtered table is = 121
2025-02-11 11:17 | INFO | Training Time Active Learning Classifier: 2.96 seconds
2025-02-11 11:17 | INFO | Training Time Active Learning Regressor: 1.03 seconds
2025-02-11 11:17 | INFO | Query 15 Active Learning Runtime on Validation Set: 158572.53
2025-02-11 11:17 | INFO | Query 15 Active Learning Runtime on Test Set: 302345.75999999995
2025-02-11 11:17 | INFO | Query 15 Active Learning Instance Cost: 2601225.65
2025-02-11 11:17 | INFO | Timeout limit is increased to 3600
2025-02-11 11:17 | INFO | Query 16 Size of the uncertainty table is = 6825/12024
2025-02-11 11:17 | INFO | Query 16 Size of the filtered table is = 121
2025-02-11 11:17 | INFO | Training Time Active Learning Classifier: 3.05 seconds
2025-02-11 11:17 | INFO | Training Time Active Learning Regressor: 1.06 seconds
2025-02-11 11:17 | INFO | Query 16 Active Learning Runtime on Validation Set: 158935.26
2025-02-11 11:17 | INFO | Query 16 Active Learning Runtime on Test Set: 302034.51999999996
2025-02-11 11:17 | INFO | Query 16 Active Learning Instance Cost: 2706473.09
2025-02-11 11:17 | INFO | Timeout limit is increased to 3600
2025-02-11 11:18 | INFO | Query 17 Size of the uncertainty table is = 6401/12024
2025-02-11 11:18 | INFO | Query 17 Size of the filtered table is = 121
2025-02-11 11:18 | INFO | Training Time Active Learning Classifier: 3.15 seconds
2025-02-11 11:18 | INFO | Training Time Active Learning Regressor: 1.1 seconds
2025-02-11 11:18 | INFO | Query 17 Active Learning Runtime on Validation Set: 158002.07
2025-02-11 11:18 | INFO | Query 17 Active Learning Runtime on Test Set: 301776.98
2025-02-11 11:18 | INFO | Query 17 Active Learning Instance Cost: 2836770.52
2025-02-11 11:18 | INFO | Query 18 Size of the uncertainty table is = 5968/12024
2025-02-11 11:18 | INFO | Query 18 Size of the filtered table is = 121
2025-02-11 11:18 | INFO | Training Time Active Learning Classifier: 3.24 seconds
2025-02-11 11:18 | INFO | Training Time Active Learning Regressor: 1.13 seconds
2025-02-11 11:18 | INFO | Query 18 Active Learning Runtime on Validation Set: 158343.59
2025-02-11 11:18 | INFO | Query 18 Active Learning Runtime on Test Set: 373530.41
2025-02-11 11:18 | INFO | Query 18 Active Learning Instance Cost: 2965939.24
2025-02-11 11:18 | INFO | Timeout limit is increased to 3600
2025-02-11 11:18 | INFO | Query 19 Size of the uncertainty table is = 5556/12024
2025-02-11 11:18 | INFO | Query 19 Size of the filtered table is = 121
2025-02-11 11:18 | INFO | Training Time Active Learning Classifier: 3.35 seconds
2025-02-11 11:18 | INFO | Training Time Active Learning Regressor: 1.17 seconds
2025-02-11 11:19 | INFO | Query 19 Active Learning Runtime on Validation Set: 157423.27
2025-02-11 11:19 | INFO | Query 19 Active Learning Runtime on Test Set: 302265.95999999996
2025-02-11 11:19 | INFO | Query 19 Active Learning Instance Cost: 3039309.41
2025-02-11 11:19 | INFO | Query 20 Size of the uncertainty table is = 5133/12024
2025-02-11 11:19 | INFO | Query 20 Size of the filtered table is = 121
2025-02-11 11:19 | INFO | Training Time Active Learning Classifier: 3.44 seconds
2025-02-11 11:19 | INFO | Training Time Active Learning Regressor: 1.21 seconds
2025-02-11 11:19 | INFO | Query 20 Active Learning Runtime on Validation Set: 157442.96
2025-02-11 11:19 | INFO | Query 20 Active Learning Runtime on Test Set: 302182.51999999996
2025-02-11 11:19 | INFO | Query 20 Active Learning Instance Cost: 3115932.45
2025-02-11 11:19 | INFO | Timeout limit is increased to 3600
2025-02-11 11:19 | INFO | Query 21 Size of the uncertainty table is = 4733/12024
2025-02-11 11:19 | INFO | Query 21 Size of the filtered table is = 121
2025-02-11 11:19 | INFO | Training Time Active Learning Classifier: 3.55 seconds
2025-02-11 11:19 | INFO | Training Time Active Learning Regressor: 1.25 seconds
2025-02-11 11:19 | INFO | Query 21 Active Learning Runtime on Validation Set: 157393.08
2025-02-11 11:19 | INFO | Query 21 Active Learning Runtime on Test Set: 302100.82999999996
2025-02-11 11:19 | INFO | Query 21 Active Learning Instance Cost: 3180291.28
2025-02-11 11:19 | INFO | Query 22 Size of the uncertainty table is = 4346/12024
2025-02-11 11:19 | INFO | Query 22 Size of the filtered table is = 121
2025-02-11 11:20 | INFO | Training Time Active Learning Classifier: 3.63 seconds
2025-02-11 11:20 | INFO | Training Time Active Learning Regressor: 1.28 seconds
2025-02-11 11:20 | INFO | Query 22 Active Learning Runtime on Validation Set: 157387.02
2025-02-11 11:20 | INFO | Query 22 Active Learning Runtime on Test Set: 337192.92
2025-02-11 11:20 | INFO | Query 22 Active Learning Instance Cost: 3265525.42
2025-02-11 11:20 | INFO | Query 23 Size of the uncertainty table is = 3998/12024
2025-02-11 11:20 | INFO | Query 23 Size of the filtered table is = 121
2025-02-11 11:20 | INFO | Training Time Active Learning Classifier: 3.71 seconds
2025-02-11 11:20 | INFO | Training Time Active Learning Regressor: 1.3 seconds
2025-02-11 11:20 | INFO | Query 23 Active Learning Runtime on Validation Set: 157340.2
2025-02-11 11:20 | INFO | Query 23 Active Learning Runtime on Test Set: 302097.83999999997
2025-02-11 11:20 | INFO | Query 23 Active Learning Instance Cost: 3392992.36
2025-02-11 11:20 | INFO | Query 24 Size of the uncertainty table is = 3588/12024
2025-02-11 11:20 | INFO | Query 24 Size of the filtered table is = 121
2025-02-11 11:20 | INFO | Training Time Active Learning Classifier: 3.81 seconds
2025-02-11 11:20 | INFO | Training Time Active Learning Regressor: 1.33 seconds
2025-02-11 11:21 | INFO | Query 24 Active Learning Runtime on Validation Set: 157530.42
2025-02-11 11:21 | INFO | Query 24 Active Learning Runtime on Test Set: 302534.31999999995
2025-02-11 11:21 | INFO | Query 24 Active Learning Instance Cost: 3493429.79
2025-02-11 11:21 | INFO | Timeout limit is increased to 3600
2025-02-11 11:21 | INFO | Query 25 Size of the uncertainty table is = 3190/12024
2025-02-11 11:21 | INFO | Query 25 Size of the filtered table is = 121
2025-02-11 11:21 | INFO | Training Time Active Learning Classifier: 3.87 seconds
2025-02-11 11:21 | INFO | Training Time Active Learning Regressor: 1.36 seconds
2025-02-11 11:21 | INFO | Query 25 Active Learning Runtime on Validation Set: 157588.27
2025-02-11 11:21 | INFO | Query 25 Active Learning Runtime on Test Set: 338317.76999999996
2025-02-11 11:21 | INFO | Query 25 Active Learning Instance Cost: 3687806.87
2025-02-11 11:21 | INFO | Timeout limit is increased to 3600
2025-02-11 11:21 | INFO | Query 26 Size of the uncertainty table is = 2720/12024
2025-02-11 11:21 | INFO | Query 26 Size of the filtered table is = 121
2025-02-11 11:21 | INFO | Training Time Active Learning Classifier: 3.96 seconds
2025-02-11 11:21 | INFO | Training Time Active Learning Regressor: 1.39 seconds
2025-02-11 11:21 | INFO | Query 26 Active Learning Runtime on Validation Set: 157317.9
2025-02-11 11:21 | INFO | Query 26 Active Learning Runtime on Test Set: 338281.1
2025-02-11 11:21 | INFO | Query 26 Active Learning Instance Cost: 3798717.52
2025-02-11 11:21 | INFO | Query 27 Size of the uncertainty table is = 2261/12024
2025-02-11 11:21 | INFO | Query 27 Size of the filtered table is = 121
2025-02-11 11:21 | INFO | Training Time Active Learning Classifier: 4.06 seconds
2025-02-11 11:22 | INFO | Training Time Active Learning Regressor: 1.41 seconds
2025-02-11 11:22 | INFO | Query 27 Active Learning Runtime on Validation Set: 157469.74
2025-02-11 11:22 | INFO | Query 27 Active Learning Runtime on Test Set: 302599.62999999995
2025-02-11 11:22 | INFO | Query 27 Active Learning Instance Cost: 3983968.53
2025-02-11 11:22 | INFO | Timeout limit is increased to 3600
2025-02-11 11:22 | INFO | Query 28 Size of the uncertainty table is = 1863/12024
2025-02-11 11:22 | INFO | Query 28 Size of the filtered table is = 121
2025-02-11 11:22 | INFO | Training Time Active Learning Classifier: 4.1 seconds
2025-02-11 11:22 | INFO | Training Time Active Learning Regressor: 1.42 seconds
2025-02-11 11:22 | INFO | Query 28 Active Learning Runtime on Validation Set: 157294.95
2025-02-11 11:22 | INFO | Query 28 Active Learning Runtime on Test Set: 302253.41
2025-02-11 11:22 | INFO | Query 28 Active Learning Instance Cost: 4180523.06
2025-02-11 11:22 | INFO | Query 29 Size of the uncertainty table is = 1422/12024
2025-02-11 11:22 | INFO | Query 29 Size of the filtered table is = 121
2025-02-11 11:22 | INFO | Training Time Active Learning Classifier: 4.13 seconds
2025-02-11 11:22 | INFO | Training Time Active Learning Regressor: 1.43 seconds
2025-02-11 11:22 | INFO | Query 29 Active Learning Runtime on Validation Set: 157376.83
2025-02-11 11:22 | INFO | Query 29 Active Learning Runtime on Test Set: 338340.41
2025-02-11 11:22 | INFO | Query 29 Active Learning Instance Cost: 4396177.55
2025-02-11 11:22 | INFO | Timeout limit is increased to 3600
2025-02-11 11:23 | INFO | Query 30 Size of the uncertainty table is = 1019/12024
2025-02-11 11:23 | INFO | Query 30 Size of the filtered table is = 121
2025-02-11 11:23 | INFO | Training Time Active Learning Classifier: 4.17 seconds
2025-02-11 11:23 | INFO | Training Time Active Learning Regressor: 1.44 seconds
2025-02-11 11:23 | INFO | Query 30 Active Learning Runtime on Validation Set: 157382.81
2025-02-11 11:23 | INFO | Query 30 Active Learning Runtime on Test Set: 338190.93999999994
2025-02-11 11:23 | INFO | Query 30 Active Learning Instance Cost: 4651777.55
2025-02-11 11:23 | INFO | Timeout limit is increased to 3600
2025-02-11 11:23 | INFO | Query 31 Size of the uncertainty table is = 496/12024
2025-02-11 11:23 | INFO | Query 31 Size of the filtered table is = 121
2025-02-11 11:23 | INFO | Training Time Active Learning Classifier: 4.17 seconds
2025-02-11 11:23 | INFO | Training Time Active Learning Regressor: 1.43 seconds
2025-02-11 11:23 | INFO | Query 31 Active Learning Runtime on Validation Set: 157382.2
2025-02-11 11:23 | INFO | Query 31 Active Learning Runtime on Test Set: 338190.81
2025-02-11 11:23 | INFO | Query 31 Active Learning Instance Cost: 4838977.55
2025-02-11 11:23 | INFO | Query 32 Size of the uncertainty table is = 98/12024
2025-02-11 11:23 | INFO | Query 32 Size of the filtered table is = 98
2025-02-11 11:23 | INFO | Training Time Active Learning Classifier: 4.17 seconds
2025-02-11 11:23 | INFO | Training Time Active Learning Regressor: 1.44 seconds
2025-02-11 11:24 | INFO | Query 32 Active Learning Runtime on Validation Set: 157427.19
2025-02-11 11:24 | INFO | Query 32 Active Learning Runtime on Test Set: 338145.25
2025-02-11 11:24 | INFO | Query 32 Active Learning Instance Cost: 4892768.36
2025-02-11 11:24 | INFO | Timeout limit is increased to 3600
2025-02-11 11:24 | INFO | Active Learning Emissions: 0.008877500114527282
2025-02-11 11:24 | INFO | Active Learning Energy Consumption: 0.009658946817265278 kWh
2025-02-11 11:24 | INFO | runtime_test_score is written as json file
2025-02-11 11:24 | INFO | runtime_validation_score is written as json file
2025-02-11 11:24 | INFO | instance_cost is written as json file
2025-02-11 11:24 | INFO | Experiment is finished
