2025-02-11 11:33 | INFO | Paramaters are: {'dataset': 'SAT12-HAND', 'penalty': 10, 'weight': 'No_Weight', 'voting': 'Hard', 'pre_selection_size': 64, 'pre_selection_technique': 'No_pre_selection', 'feature_elimination_threshold': 20, 'imputer_strategy': 'median', 'feature_selection_technique': 'No_feature_selection', 'feature_scaling_technique': 'StandardScaler', 'initial_train_size': 20, 'query_size': 1, 'timeout_predictor_usage': 'No', 'pareto_features': {'PredDiff': 'max', 'PredCost': 'min'}, 'timeout_limit': 3600, 'timeout_increase_rate': 100, 'penalty_type': 'Only-timeout-penalty', 'RANDOM_STATE_SEED': 7, 'n_splits': 10, 'split_number': 4, 'max_timeout': 3600, 'param_grid': {'n_estimators': 100, 'max_features': 'sqrt', 'max_depth': 2147483648, 'min_samples_split': 2, 'bootstrap': True}}
2025-02-11 11:33 | INFO | SAT12-HAND is current dataset
2025-02-11 11:33 | INFO | DATASETS/SAT12-HAND/algorithm_runs.arff is found
2025-02-11 11:33 | INFO | DATASETS/SAT12-HAND/algorithm_runs.arff is finished
2025-02-11 11:33 | INFO | DATASETS/SAT12-HAND/feature_values.arff is found
2025-02-11 11:33 | INFO | DATASETS/SAT12-HAND/feature_values.arff is finished
2025-02-11 11:33 | INFO | DATASETS/SAT12-HAND/feature_costs.arff is found
2025-02-11 11:33 | INFO | DATASETS/SAT12-HAND/feature_costs.arff is finished
2025-02-11 11:33 | INFO | Virtual best solver time in train = 77761.82
2025-02-11 11:33 | INFO | Single best solver list train = {'clasp1': 5585708.49, 'clasp2': 4905225.73, 'cryptominisat2011': 6225259.92, 'eagleup': 12996117.61, 'ebglucose': 6980621.48, 'ebminisat': 6482629.95, 'glucose2': 6259198.28, 'glueminisat': 6866066.18, 'gnoveltyp2': 11636603.82, 'lingeling': 6618688.08, 'lrglshr': 7840150.71, 'marchrw': 9349954.88, 'minisatpsm': 6840458.73, 'mphaseSAT': 4142882.59, 'mphaseSAT64': 4611513.64, 'mphaseSATm': 4145620.45, 'mxc09': 5840579.88, 'picosat': 6556466.02, 'precosat': 6116123.55, 'qutersat': 6437917.86, 'rcl': 7771218.4, 'restartsat': 6202526.21, 'sapperlot': 6884930.51, 'satime11': 9985243.33, 'sattime': 10196942.15, 'sattimep': 10055813.09, 'sol': 7297573.03, 'sparrow': 10132281.06, 'spear-hw': 8493799.58, 'spear-sw': 9532361.93, 'tnm': 10486014.12}
2025-02-11 11:33 | INFO | Single best solver time train = mphaseSAT (4142882.59)
2025-02-11 11:33 | INFO | Virtual best solver time in validation = 7113.27
2025-02-11 11:33 | INFO | Single best solver list validation = {'clasp1': 1665220.41, 'clasp2': 1593106.43, 'cryptominisat2011': 1806233.35, 'eagleup': 2701278.46, 'ebglucose': 1806812.68, 'ebminisat': 1554886.6, 'glucose2': 1628861.09, 'glueminisat': 1806544.74, 'gnoveltyp2': 1696338.74, 'lingeling': 1768947.16, 'lrglshr': 1700644.13, 'marchrw': 1877557.07, 'minisatpsm': 1732798.02, 'mphaseSAT': 1483233.83, 'mphaseSAT64': 1521053.56, 'mphaseSATm': 1555157.64, 'mxc09': 1736012.35, 'picosat': 1628598.98, 'precosat': 1555063.61, 'qutersat': 1807480.34, 'rcl': 1840407.72, 'restartsat': 1664952.89, 'sapperlot': 1697953.99, 'satime11': 1409110.05, 'sattime': 1337960.08, 'sattimep': 1338259.43, 'sol': 1337515.37, 'sparrow': 1406600.59, 'spear-hw': 1843310.84, 'spear-sw': 2450649.74, 'tnm': 1373878.42}
2025-02-11 11:33 | INFO | Single best solver time validation = sol (1337515.37)
2025-02-11 11:33 | INFO | Virtual best solver time in test = 7115.25
2025-02-11 11:33 | INFO | Single best solver list test = {'clasp1': 724972.83, 'clasp2': 653768.97, 'cryptominisat2011': 797570.01, 'eagleup': 1692000.52, 'ebglucose': 977703.41, 'ebminisat': 831480.11, 'glucose2': 940819.8, 'glueminisat': 726957.25, 'gnoveltyp2': 1369713.9, 'lingeling': 902774.12, 'lrglshr': 867987.55, 'marchrw': 1298760.27, 'minisatpsm': 975096.18, 'mphaseSAT': 615818.57, 'mphaseSAT64': 652592.26, 'mphaseSATm': 615734.33, 'mxc09': 725607.53, 'picosat': 976088.6, 'precosat': 795109.65, 'qutersat': 760698.42, 'rcl': 870957.9, 'restartsat': 831540.05, 'sapperlot': 799023.97, 'satime11': 1119346.24, 'sattime': 1118706.74, 'sattimep': 1188525.45, 'sol': 902839.1, 'sparrow': 1224825.32, 'spear-hw': 1118246.52, 'spear-sw': 1262951.85, 'tnm': 1262780.54}
2025-02-11 11:33 | INFO | Single best solver time test = mphaseSATm (615734.33)
2025-02-11 11:33 | INFO | Training Time Passive Learning Classifier: 50.42 seconds
2025-02-11 11:34 | INFO | Training Time Passive Learning Regressor: 4.86 seconds
2025-02-11 11:37 | INFO | Passive Learning Classifier Runtime on Validation Set: 1042318.02
2025-02-11 11:37 | INFO | Passive Learning Classifier Runtime on Test Set: 321261.49
2025-02-11 11:37 | INFO | Passive Learning Instance Cost: 24172491.26
2025-02-11 11:37 | INFO | Passive Learning Emissions: 0.002955896023797194
2025-02-11 11:37 | INFO | Passive Learning Energy Consumption: 0.0032160903545922744 kWh
2025-02-11 11:37 | INFO | Training Time Active Learning Classifier: 26.75 seconds
2025-02-11 11:37 | INFO | Training Time Active Learning Regressor: 1.49 seconds
2025-02-11 11:40 | INFO | Initial Active Learning Runtime on Validation Set: 900662.33
2025-02-11 11:40 | INFO | Initial Active Learning Runtime on Test Set: 571574.19
2025-02-11 11:40 | INFO | Initial Active Learning Instance Cost: 1312494.58
2025-02-11 11:40 | INFO | Bin size = 1693
2025-02-11 11:41 | INFO | Query 1 Size of the uncertainty table is = 169260/169260
2025-02-11 11:42 | INFO | Query 1 Size of the filtered table is = 1693
2025-02-11 11:42 | INFO | Training Time Active Learning Classifier: 26.35 seconds
2025-02-11 11:42 | INFO | Training Time Active Learning Regressor: 1.77 seconds
2025-02-11 11:45 | INFO | Query 1 Active Learning Runtime on Validation Set: 866249.28
2025-02-11 11:45 | INFO | Query 1 Active Learning Runtime on Test Set: 465364.51999999996
2025-02-11 11:45 | INFO | Query 1 Active Learning Instance Cost: 3062938.6
2025-02-11 11:47 | INFO | Query 2 Size of the uncertainty table is = 156439/169260
2025-02-11 11:47 | INFO | Query 2 Size of the filtered table is = 1693
2025-02-11 11:47 | INFO | Training Time Active Learning Classifier: 27.31 seconds
2025-02-11 11:47 | INFO | Training Time Active Learning Regressor: 1.99 seconds
2025-02-11 11:51 | INFO | Query 2 Active Learning Runtime on Validation Set: 1115021.87
2025-02-11 11:51 | INFO | Query 2 Active Learning Runtime on Test Set: 607925.42
2025-02-11 11:51 | INFO | Query 2 Active Learning Instance Cost: 4187482.17
2025-02-11 11:51 | INFO | Timeout limit is increased to 3600
2025-02-11 11:52 | INFO | Query 3 Size of the uncertainty table is = 148394/169260
2025-02-11 11:52 | INFO | Query 3 Size of the filtered table is = 1693
2025-02-11 11:53 | INFO | Training Time Active Learning Classifier: 28.98 seconds
2025-02-11 11:53 | INFO | Training Time Active Learning Regressor: 2.16 seconds
2025-02-11 11:56 | INFO | Query 3 Active Learning Runtime on Validation Set: 1222033.0
2025-02-11 11:56 | INFO | Query 3 Active Learning Runtime on Test Set: 643484.0
2025-02-11 11:56 | INFO | Query 3 Active Learning Instance Cost: 5176928.13
2025-02-11 11:56 | INFO | Timeout limit is increased to 3600
2025-02-11 11:58 | INFO | Query 4 Size of the uncertainty table is = 139447/169260
2025-02-11 11:58 | INFO | Query 4 Size of the filtered table is = 1693
2025-02-11 11:58 | INFO | Training Time Active Learning Classifier: 30.46 seconds
2025-02-11 11:58 | INFO | Training Time Active Learning Regressor: 2.35 seconds
2025-02-11 12:02 | INFO | Query 4 Active Learning Runtime on Validation Set: 1042160.43
2025-02-11 12:02 | INFO | Query 4 Active Learning Runtime on Test Set: 643974.27
2025-02-11 12:02 | INFO | Query 4 Active Learning Instance Cost: 5904220.61
2025-02-11 12:03 | INFO | Query 5 Size of the uncertainty table is = 130173/169260
2025-02-11 12:03 | INFO | Query 5 Size of the filtered table is = 1693
2025-02-11 12:04 | INFO | Training Time Active Learning Classifier: 31.93 seconds
2025-02-11 12:04 | INFO | Training Time Active Learning Regressor: 2.51 seconds
2025-02-11 12:07 | INFO | Query 5 Active Learning Runtime on Validation Set: 1113582.18
2025-02-11 12:07 | INFO | Query 5 Active Learning Runtime on Test Set: 572837.4400000001
2025-02-11 12:07 | INFO | Query 5 Active Learning Instance Cost: 6870664.23
2025-02-11 12:07 | INFO | Timeout limit is increased to 3600
2025-02-11 12:09 | INFO | Query 6 Size of the uncertainty table is = 119482/169260
2025-02-11 12:09 | INFO | Query 6 Size of the filtered table is = 1693
2025-02-11 12:10 | INFO | Training Time Active Learning Classifier: 33.1 seconds
2025-02-11 12:10 | INFO | Training Time Active Learning Regressor: 2.7 seconds
2025-02-11 12:13 | INFO | Query 6 Active Learning Runtime on Validation Set: 1079558.3
2025-02-11 12:13 | INFO | Query 6 Active Learning Runtime on Test Set: 644019.18
2025-02-11 12:13 | INFO | Query 6 Active Learning Instance Cost: 7971910.8
2025-02-11 12:15 | INFO | Query 7 Size of the uncertainty table is = 109153/169260
2025-02-11 12:15 | INFO | Query 7 Size of the filtered table is = 1693
2025-02-11 12:16 | INFO | Training Time Active Learning Classifier: 35.09 seconds
2025-02-11 12:16 | INFO | Training Time Active Learning Regressor: 2.85 seconds
2025-02-11 12:19 | INFO | Query 7 Active Learning Runtime on Validation Set: 1185795.43
2025-02-11 12:19 | INFO | Query 7 Active Learning Runtime on Test Set: 571221.43
2025-02-11 12:19 | INFO | Query 7 Active Learning Instance Cost: 8790196.17
2025-02-11 12:19 | INFO | Timeout limit is increased to 3600
2025-02-11 12:21 | INFO | Query 8 Size of the uncertainty table is = 100009/169260
2025-02-11 12:21 | INFO | Query 8 Size of the filtered table is = 1693
2025-02-11 12:22 | INFO | Training Time Active Learning Classifier: 36.77 seconds
2025-02-11 12:22 | INFO | Training Time Active Learning Regressor: 3.04 seconds
2025-02-11 12:25 | INFO | Query 8 Active Learning Runtime on Validation Set: 1183178.32
2025-02-11 12:25 | INFO | Query 8 Active Learning Runtime on Test Set: 570545.06
2025-02-11 12:25 | INFO | Query 8 Active Learning Instance Cost: 9978579.36
2025-02-11 12:27 | INFO | Query 9 Size of the uncertainty table is = 89244/169260
2025-02-11 12:27 | INFO | Query 9 Size of the filtered table is = 1693
2025-02-11 12:27 | INFO | Training Time Active Learning Classifier: 37.88 seconds
2025-02-11 12:27 | INFO | Training Time Active Learning Regressor: 3.28 seconds
2025-02-11 12:31 | INFO | Query 9 Active Learning Runtime on Validation Set: 1007365.39
2025-02-11 12:31 | INFO | Query 9 Active Learning Runtime on Test Set: 428421.33
2025-02-11 12:31 | INFO | Query 9 Active Learning Instance Cost: 11876109.94
2025-02-11 12:32 | INFO | Query 10 Size of the uncertainty table is = 79130/169260
2025-02-11 12:32 | INFO | Query 10 Size of the filtered table is = 1693
2025-02-11 12:33 | INFO | Training Time Active Learning Classifier: 39.38 seconds
2025-02-11 12:33 | INFO | Training Time Active Learning Regressor: 3.43 seconds
2025-02-11 12:37 | INFO | Query 10 Active Learning Runtime on Validation Set: 1148635.49
2025-02-11 12:37 | INFO | Query 10 Active Learning Runtime on Test Set: 358365.49
2025-02-11 12:37 | INFO | Query 10 Active Learning Instance Cost: 13594161.62
2025-02-11 12:37 | INFO | Timeout limit is increased to 3600
2025-02-11 12:38 | INFO | Query 11 Size of the uncertainty table is = 67528/169260
2025-02-11 12:38 | INFO | Query 11 Size of the filtered table is = 1693
2025-02-11 12:39 | INFO | Training Time Active Learning Classifier: 41.12 seconds
2025-02-11 12:39 | INFO | Training Time Active Learning Regressor: 3.64 seconds
2025-02-11 12:42 | INFO | Query 11 Active Learning Runtime on Validation Set: 1076445.1300000001
2025-02-11 12:42 | INFO | Query 11 Active Learning Runtime on Test Set: 357026.64999999997
2025-02-11 12:42 | INFO | Query 11 Active Learning Instance Cost: 14867069.91
2025-02-11 12:44 | INFO | Query 12 Size of the uncertainty table is = 60016/169260
2025-02-11 12:44 | INFO | Query 12 Size of the filtered table is = 1693
2025-02-11 12:45 | INFO | Training Time Active Learning Classifier: 43.28 seconds
2025-02-11 12:45 | INFO | Training Time Active Learning Regressor: 3.82 seconds
2025-02-11 12:48 | INFO | Query 12 Active Learning Runtime on Validation Set: 1043045.02
2025-02-11 12:48 | INFO | Query 12 Active Learning Runtime on Test Set: 358234.1
2025-02-11 12:48 | INFO | Query 12 Active Learning Instance Cost: 16090546.55
2025-02-11 12:49 | INFO | Query 13 Size of the uncertainty table is = 50391/169260
2025-02-11 12:49 | INFO | Query 13 Size of the filtered table is = 1693
2025-02-11 12:50 | INFO | Training Time Active Learning Classifier: 44.16 seconds
2025-02-11 12:50 | INFO | Training Time Active Learning Regressor: 4.02 seconds
2025-02-11 12:54 | INFO | Query 13 Active Learning Runtime on Validation Set: 1006526.2100000001
2025-02-11 12:54 | INFO | Query 13 Active Learning Runtime on Test Set: 394563.29
2025-02-11 12:54 | INFO | Query 13 Active Learning Instance Cost: 16995877.8
2025-02-11 12:55 | INFO | Query 14 Size of the uncertainty table is = 43437/169260
2025-02-11 12:55 | INFO | Query 14 Size of the filtered table is = 1693
2025-02-11 12:56 | INFO | Training Time Active Learning Classifier: 45.95 seconds
2025-02-11 12:56 | INFO | Training Time Active Learning Regressor: 4.17 seconds
2025-02-11 12:59 | INFO | Query 14 Active Learning Runtime on Validation Set: 1007034.3300000001
2025-02-11 12:59 | INFO | Query 14 Active Learning Runtime on Test Set: 359141.73
2025-02-11 12:59 | INFO | Query 14 Active Learning Instance Cost: 17884863.48
2025-02-11 12:59 | INFO | Timeout limit is increased to 3600
2025-02-11 13:00 | INFO | Query 15 Size of the uncertainty table is = 37207/169260
2025-02-11 13:00 | INFO | Query 15 Size of the filtered table is = 1693
2025-02-11 13:01 | INFO | Training Time Active Learning Classifier: 47.27 seconds
2025-02-11 13:01 | INFO | Training Time Active Learning Regressor: 4.34 seconds
2025-02-11 13:05 | INFO | Query 15 Active Learning Runtime on Validation Set: 1042406.62
2025-02-11 13:05 | INFO | Query 15 Active Learning Runtime on Test Set: 429935.08
2025-02-11 13:05 | INFO | Query 15 Active Learning Instance Cost: 19078366.0
2025-02-11 13:05 | INFO | Timeout limit is increased to 3600
2025-02-11 13:05 | INFO | Query 16 Size of the uncertainty table is = 29387/169260
2025-02-11 13:05 | INFO | Query 16 Size of the filtered table is = 1693
2025-02-11 13:06 | INFO | Training Time Active Learning Classifier: 47.82 seconds
2025-02-11 13:07 | INFO | Training Time Active Learning Regressor: 4.48 seconds
2025-02-11 13:10 | INFO | Query 16 Active Learning Runtime on Validation Set: 971874.04
2025-02-11 13:10 | INFO | Query 16 Active Learning Runtime on Test Set: 321111.95
2025-02-11 13:10 | INFO | Query 16 Active Learning Instance Cost: 20174206.59
2025-02-11 13:11 | INFO | Query 17 Size of the uncertainty table is = 22837/169260
2025-02-11 13:11 | INFO | Query 17 Size of the filtered table is = 1693
2025-02-11 13:12 | INFO | Training Time Active Learning Classifier: 49.55 seconds
2025-02-11 13:12 | INFO | Training Time Active Learning Regressor: 4.61 seconds
2025-02-11 13:15 | INFO | Query 17 Active Learning Runtime on Validation Set: 1007315.4500000001
2025-02-11 13:15 | INFO | Query 17 Active Learning Runtime on Test Set: 214702.03000000003
2025-02-11 13:15 | INFO | Query 17 Active Learning Instance Cost: 21047187.8
2025-02-11 13:15 | INFO | Timeout limit is increased to 3600
2025-02-11 13:16 | INFO | Query 18 Size of the uncertainty table is = 16757/169260
2025-02-11 13:16 | INFO | Query 18 Size of the filtered table is = 1693
2025-02-11 13:17 | INFO | Training Time Active Learning Classifier: 50.26 seconds
2025-02-11 13:17 | INFO | Training Time Active Learning Regressor: 5.26 seconds
2025-02-11 13:20 | INFO | Query 18 Active Learning Runtime on Validation Set: 1148890.9100000001
2025-02-11 13:20 | INFO | Query 18 Active Learning Runtime on Test Set: 321832.08999999997
2025-02-11 13:20 | INFO | Query 18 Active Learning Instance Cost: 23115826.28
2025-02-11 13:20 | INFO | Timeout limit is increased to 3600
2025-02-11 13:20 | INFO | Query 19 Size of the uncertainty table is = 6243/169260
2025-02-11 13:20 | INFO | Query 19 Size of the filtered table is = 1693
2025-02-11 13:21 | INFO | Training Time Active Learning Classifier: 50.91 seconds
2025-02-11 13:22 | INFO | Training Time Active Learning Regressor: 4.94 seconds
2025-02-11 13:25 | INFO | Query 19 Active Learning Runtime on Validation Set: 1113353.47
2025-02-11 13:25 | INFO | Query 19 Active Learning Runtime on Test Set: 321841.25
2025-02-11 13:25 | INFO | Query 19 Active Learning Instance Cost: 24172491.26
2025-02-11 13:25 | INFO | Active Learning Emissions: 0.07651497972759716
2025-02-11 13:25 | INFO | Active Learning Energy Consumption: 0.08325025180271099 kWh
2025-02-11 13:25 | INFO | runtime_test_score is written as json file
2025-02-11 13:25 | INFO | runtime_validation_score is written as json file
2025-02-11 13:25 | INFO | instance_cost is written as json file
2025-02-11 13:25 | INFO | Experiment is finished
