2025-02-11 12:24 | INFO | Paramaters are: {'dataset': 'SAT12-INDU', 'penalty': 10, 'weight': 'No_Weight', 'voting': 'Hard', 'pre_selection_size': 64, 'pre_selection_technique': 'No_pre_selection', 'feature_elimination_threshold': 20, 'imputer_strategy': 'median', 'feature_selection_technique': 'No_feature_selection', 'feature_scaling_technique': 'StandardScaler', 'initial_train_size': 20, 'query_size': 1, 'timeout_predictor_usage': 'No', 'pareto_features': {'PredDiff': 'max', 'PredCost': 'min'}, 'timeout_limit': 3600, 'timeout_increase_rate': 100, 'penalty_type': 'Only-timeout-penalty', 'RANDOM_STATE_SEED': 99, 'n_splits': 10, 'split_number': 1, 'max_timeout': 3600, 'param_grid': {'n_estimators': 100, 'max_features': 'sqrt', 'max_depth': 2147483648, 'min_samples_split': 2, 'bootstrap': True}}
2025-02-11 12:24 | INFO | SAT12-INDU is current dataset
2025-02-11 12:24 | INFO | DATASETS/SAT12-INDU/algorithm_runs.arff is found
2025-02-11 12:24 | INFO | DATASETS/SAT12-INDU/algorithm_runs.arff is finished
2025-02-11 12:24 | INFO | DATASETS/SAT12-INDU/feature_values.arff is found
2025-02-11 12:24 | INFO | DATASETS/SAT12-INDU/feature_values.arff is finished
2025-02-11 12:24 | INFO | DATASETS/SAT12-INDU/feature_costs.arff is found
2025-02-11 12:24 | INFO | DATASETS/SAT12-INDU/feature_costs.arff is finished
2025-02-11 12:24 | INFO | Virtual best solver time in train = 133906.53
2025-02-11 12:24 | INFO | Single best solver list train = {'clasp1': 6182676.44, 'clasp2': 6534389.64, 'cryptominisat2011': 3415997.38, 'eagleup': 23652000.02, 'ebglucose': 5655364.47, 'ebminisat': 4834672.61, 'glucose2': 4543103.66, 'glueminisat': 4500563.11, 'gnoveltyp2': 23364058.46, 'lingeling': 3178726.28, 'lrglshr': 6228293.47, 'marchrw': 22185922.18, 'minisatpsm': 4607085.17, 'mphaseSAT': 4123069.93, 'mphaseSAT64': 3835475.28, 'mphaseSATm': 4091819.3, 'mxc09': 5485051.24, 'picosat': 7028862.77, 'precosat': 4265984.25, 'qutersat': 3228169.07, 'rcl': 6089084.98, 'restartsat': 4660010.6, 'sapperlot': 5740920.69, 'satime11': 21825968.62, 'sattime': 22005332.26, 'sattimep': 22044848.12, 'sol': 9575768.8, 'sparrow': 22648234.25, 'spear-hw': 10081261.58, 'spear-sw': 11006101.51, 'tnm': 22789421.88}
2025-02-11 12:24 | INFO | Single best solver time train = lingeling (3178726.28)
2025-02-11 12:24 | INFO | Virtual best solver time in validation = 30370.29
2025-02-11 12:24 | INFO | Single best solver list validation = {'clasp1': 1352179.93, 'clasp2': 1707689.44, 'cryptominisat2011': 455057.35, 'eagleup': 5940000.0, 'ebglucose': 988175.96, 'ebminisat': 631501.68, 'glucose2': 593348.98, 'glueminisat': 700660.57, 'gnoveltyp2': 5904166.89, 'lingeling': 376741.71, 'lrglshr': 881082.36, 'marchrw': 5689062.73, 'minisatpsm': 732876.24, 'mphaseSAT': 415816.19, 'mphaseSAT64': 700675.94, 'mphaseSATm': 453945.58, 'mxc09': 809645.11, 'picosat': 1242314.91, 'precosat': 665110.11, 'qutersat': 347989.36, 'rcl': 882857.29, 'restartsat': 597823.19, 'sapperlot': 743202.95, 'satime11': 5724478.16, 'sattime': 5760198.21, 'sattimep': 5724746.56, 'sol': 2117434.12, 'sparrow': 5904572.26, 'spear-hw': 2431428.01, 'spear-sw': 2037897.27, 'tnm': 5832224.61}
2025-02-11 12:24 | INFO | Single best solver time validation = qutersat (347989.36)
2025-02-11 12:24 | INFO | Virtual best solver time in test = 17734.35
2025-02-11 12:24 | INFO | Single best solver list test = {'clasp1': 767566.89, 'clasp2': 907349.91, 'cryptominisat2011': 301108.51, 'eagleup': 3276000.03, 'ebglucose': 655188.94, 'ebminisat': 480511.36, 'glucose2': 442843.87, 'glueminisat': 300130.41, 'gnoveltyp2': 3240841.69, 'lingeling': 122967.2, 'lrglshr': 729542.05, 'marchrw': 3061155.3, 'minisatpsm': 480808.06, 'mphaseSAT': 444013.08, 'mphaseSAT64': 337873.96, 'mphaseSATm': 445682.74, 'mxc09': 622095.32, 'picosat': 942290.6, 'precosat': 479185.58, 'qutersat': 298803.34, 'rcl': 837514.74, 'restartsat': 479984.04, 'sapperlot': 834071.92, 'satime11': 3024939.15, 'sattime': 3060224.45, 'sattimep': 3097119.7, 'sol': 1164181.67, 'sparrow': 3096705.43, 'spear-hw': 1266529.96, 'spear-sw': 1374718.55, 'tnm': 3168147.31}
2025-02-11 12:24 | INFO | Single best solver time test = lingeling (122967.2)
2025-02-11 12:26 | INFO | Training Time Passive Learning Classifier: 83.83 seconds
2025-02-11 12:26 | INFO | Training Time Passive Learning Regressor: 8.77 seconds
2025-02-11 12:32 | INFO | Passive Learning Classifier Runtime on Validation Set: 79513.59
2025-02-11 12:32 | INFO | Passive Learning Classifier Runtime on Test Set: 148054.35
2025-02-11 12:32 | INFO | Passive Learning Instance Cost: 32744638.02
2025-02-11 12:32 | INFO | Passive Learning Emissions: 0.005038153472089361
2025-02-11 12:32 | INFO | Passive Learning Energy Consumption: 0.005481639630113687 kWh
2025-02-11 12:32 | INFO | Training Time Active Learning Classifier: 26.6 seconds
2025-02-11 12:32 | INFO | Training Time Active Learning Regressor: 1.49 seconds
2025-02-11 12:38 | INFO | Initial Active Learning Runtime on Validation Set: 334541.44
2025-02-11 12:38 | INFO | Initial Active Learning Runtime on Test Set: 293385.78
2025-02-11 12:38 | INFO | Initial Active Learning Instance Cost: 1058345.82
2025-02-11 12:38 | INFO | Bin size = 2967
2025-02-11 12:39 | INFO | Query 1 Size of the uncertainty table is = 296670/296670
2025-02-11 12:39 | INFO | Query 1 Size of the filtered table is = 2967
2025-02-11 12:40 | INFO | Training Time Active Learning Classifier: 29.82 seconds
2025-02-11 12:40 | INFO | Training Time Active Learning Regressor: 2.49 seconds
2025-02-11 12:46 | INFO | Query 1 Active Learning Runtime on Validation Set: 263015.86
2025-02-11 12:46 | INFO | Query 1 Active Learning Runtime on Test Set: 363314.53
2025-02-11 12:46 | INFO | Query 1 Active Learning Instance Cost: 4040819.54
2025-02-11 12:49 | INFO | Query 2 Size of the uncertainty table is = 271688/296670
2025-02-11 12:49 | INFO | Query 2 Size of the filtered table is = 2967
2025-02-11 12:50 | INFO | Training Time Active Learning Classifier: 32.62 seconds
2025-02-11 12:50 | INFO | Training Time Active Learning Regressor: 3.05 seconds
2025-02-11 12:55 | INFO | Query 2 Active Learning Runtime on Validation Set: 334127.04000000004
2025-02-11 12:55 | INFO | Query 2 Active Learning Runtime on Test Set: 363265.15
2025-02-11 12:55 | INFO | Query 2 Active Learning Instance Cost: 5699922.85
2025-02-11 12:55 | INFO | Timeout limit is increased to 3600
2025-02-11 12:59 | INFO | Query 3 Size of the uncertainty table is = 259265/296670
2025-02-11 12:59 | INFO | Query 3 Size of the filtered table is = 2967
2025-02-11 13:00 | INFO | Training Time Active Learning Classifier: 35.44 seconds
2025-02-11 13:00 | INFO | Training Time Active Learning Regressor: 3.63 seconds
2025-02-11 13:06 | INFO | Query 3 Active Learning Runtime on Validation Set: 227201.41999999998
2025-02-11 13:06 | INFO | Query 3 Active Learning Runtime on Test Set: 397421.92
2025-02-11 13:06 | INFO | Query 3 Active Learning Instance Cost: 7209392.47
2025-02-11 13:11 | INFO | Query 4 Size of the uncertainty table is = 248114/296670
2025-02-11 13:11 | INFO | Query 4 Size of the filtered table is = 2967
2025-02-11 13:11 | INFO | Training Time Active Learning Classifier: 38.71 seconds
2025-02-11 13:11 | INFO | Training Time Active Learning Regressor: 4.16 seconds
2025-02-11 13:17 | INFO | Query 4 Active Learning Runtime on Validation Set: 332876.97000000003
2025-02-11 13:17 | INFO | Query 4 Active Learning Runtime on Test Set: 326657.95
2025-02-11 13:17 | INFO | Query 4 Active Learning Instance Cost: 8375995.18
2025-02-11 13:17 | INFO | Timeout limit is increased to 3600
2025-02-11 13:22 | INFO | Query 5 Size of the uncertainty table is = 234541/296670
2025-02-11 13:22 | INFO | Query 5 Size of the filtered table is = 2967
2025-02-11 13:23 | INFO | Training Time Active Learning Classifier: 41.96 seconds
2025-02-11 13:23 | INFO | Training Time Active Learning Regressor: 4.64 seconds
2025-02-11 13:29 | INFO | Query 5 Active Learning Runtime on Validation Set: 260736.97999999998
2025-02-11 13:29 | INFO | Query 5 Active Learning Runtime on Test Set: 361970.18
2025-02-11 13:29 | INFO | Query 5 Active Learning Instance Cost: 9611071.61
2025-02-11 13:34 | INFO | Query 6 Size of the uncertainty table is = 220022/296670
2025-02-11 13:34 | INFO | Query 6 Size of the filtered table is = 2967
2025-02-11 13:35 | INFO | Training Time Active Learning Classifier: 45.89 seconds
2025-02-11 13:35 | INFO | Training Time Active Learning Regressor: 5.08 seconds
2025-02-11 13:41 | INFO | Query 6 Active Learning Runtime on Validation Set: 261201.39
2025-02-11 13:41 | INFO | Query 6 Active Learning Runtime on Test Set: 326761.5
2025-02-11 13:41 | INFO | Query 6 Active Learning Instance Cost: 10604409.65
2025-02-11 13:41 | INFO | Timeout limit is increased to 3600
2025-02-11 13:46 | INFO | Query 7 Size of the uncertainty table is = 206081/296670
2025-02-11 13:46 | INFO | Query 7 Size of the filtered table is = 2967
2025-02-11 13:47 | INFO | Training Time Active Learning Classifier: 50.64 seconds
2025-02-11 13:47 | INFO | Training Time Active Learning Regressor: 5.67 seconds
2025-02-11 13:53 | INFO | Query 7 Active Learning Runtime on Validation Set: 152348.59
2025-02-11 13:53 | INFO | Query 7 Active Learning Runtime on Test Set: 291156.26
2025-02-11 13:53 | INFO | Query 7 Active Learning Instance Cost: 11879518.68
2025-02-11 13:59 | INFO | Query 8 Size of the uncertainty table is = 189065/296670
2025-02-11 13:59 | INFO | Query 8 Size of the filtered table is = 2967
2025-02-11 14:00 | INFO | Training Time Active Learning Classifier: 55.72 seconds
2025-02-11 14:00 | INFO | Training Time Active Learning Regressor: 6.15 seconds
2025-02-11 14:05 | INFO | Query 8 Active Learning Runtime on Validation Set: 153378.77
2025-02-11 14:05 | INFO | Query 8 Active Learning Runtime on Test Set: 254190.0
2025-02-11 14:05 | INFO | Query 8 Active Learning Instance Cost: 12787048.59
2025-02-11 14:05 | INFO | Timeout limit is increased to 3600
2025-02-11 14:11 | INFO | Query 9 Size of the uncertainty table is = 172369/296670
2025-02-11 14:11 | INFO | Query 9 Size of the filtered table is = 2967
2025-02-11 14:12 | INFO | Training Time Active Learning Classifier: 60.78 seconds
2025-02-11 14:12 | INFO | Training Time Active Learning Regressor: 6.64 seconds
2025-02-11 14:18 | INFO | Query 9 Active Learning Runtime on Validation Set: 152261.0
2025-02-11 14:18 | INFO | Query 9 Active Learning Runtime on Test Set: 219804.7
2025-02-11 14:18 | INFO | Query 9 Active Learning Instance Cost: 13347110.28
2025-02-11 14:23 | INFO | Query 10 Size of the uncertainty table is = 157006/296670
2025-02-11 14:23 | INFO | Query 10 Size of the filtered table is = 2967
2025-02-11 14:25 | INFO | Training Time Active Learning Classifier: 65.19 seconds
2025-02-11 14:25 | INFO | Training Time Active Learning Regressor: 7.17 seconds
2025-02-11 14:30 | INFO | Query 10 Active Learning Runtime on Validation Set: 117891.82999999999
2025-02-11 14:30 | INFO | Query 10 Active Learning Runtime on Test Set: 184555.13
2025-02-11 14:30 | INFO | Query 10 Active Learning Instance Cost: 14580361.5
2025-02-11 14:36 | INFO | Query 11 Size of the uncertainty table is = 142000/296670
2025-02-11 14:36 | INFO | Query 11 Size of the filtered table is = 2967
2025-02-11 14:37 | INFO | Training Time Active Learning Classifier: 68.84 seconds
2025-02-11 14:37 | INFO | Training Time Active Learning Regressor: 7.52 seconds
2025-02-11 14:43 | INFO | Query 11 Active Learning Runtime on Validation Set: 152288.0
2025-02-11 14:43 | INFO | Query 11 Active Learning Runtime on Test Set: 184608.9
2025-02-11 14:43 | INFO | Query 11 Active Learning Instance Cost: 16729282.59
2025-02-11 14:43 | INFO | Timeout limit is increased to 3600
2025-02-11 14:48 | INFO | Query 12 Size of the uncertainty table is = 123173/296670
2025-02-11 14:48 | INFO | Query 12 Size of the filtered table is = 2967
2025-02-11 14:49 | INFO | Training Time Active Learning Classifier: 71.99 seconds
2025-02-11 14:49 | INFO | Training Time Active Learning Regressor: 7.84 seconds
2025-02-11 14:55 | INFO | Query 12 Active Learning Runtime on Validation Set: 153685.2
2025-02-11 14:55 | INFO | Query 12 Active Learning Runtime on Test Set: 219725.38
2025-02-11 14:55 | INFO | Query 12 Active Learning Instance Cost: 18468043.06
2025-02-11 14:55 | INFO | Timeout limit is increased to 3600
2025-02-11 14:59 | INFO | Query 13 Size of the uncertainty table is = 107478/296670
2025-02-11 14:59 | INFO | Query 13 Size of the filtered table is = 2967
2025-02-11 15:01 | INFO | Training Time Active Learning Classifier: 74.89 seconds
2025-02-11 15:01 | INFO | Training Time Active Learning Regressor: 8.18 seconds
2025-02-11 15:07 | INFO | Query 13 Active Learning Runtime on Validation Set: 152034.9
2025-02-11 15:07 | INFO | Query 13 Active Learning Runtime on Test Set: 219707.49
2025-02-11 15:07 | INFO | Query 13 Active Learning Instance Cost: 20418368.91
2025-02-11 15:10 | INFO | Query 14 Size of the uncertainty table is = 91532/296670
2025-02-11 15:10 | INFO | Query 14 Size of the filtered table is = 2967
2025-02-11 15:12 | INFO | Training Time Active Learning Classifier: 76.82 seconds
2025-02-11 15:12 | INFO | Training Time Active Learning Regressor: 8.47 seconds
2025-02-11 15:18 | INFO | Query 14 Active Learning Runtime on Validation Set: 116261.59
2025-02-11 15:18 | INFO | Query 14 Active Learning Runtime on Test Set: 148375.64
2025-02-11 15:18 | INFO | Query 14 Active Learning Instance Cost: 22638723.17
2025-02-11 15:21 | INFO | Query 15 Size of the uncertainty table is = 76542/296670
2025-02-11 15:21 | INFO | Query 15 Size of the filtered table is = 2967
2025-02-11 15:23 | INFO | Training Time Active Learning Classifier: 79.25 seconds
2025-02-11 15:23 | INFO | Training Time Active Learning Regressor: 8.66 seconds
2025-02-11 15:29 | INFO | Query 15 Active Learning Runtime on Validation Set: 116007.09
2025-02-11 15:29 | INFO | Query 15 Active Learning Runtime on Test Set: 148668.65
2025-02-11 15:29 | INFO | Query 15 Active Learning Instance Cost: 24223397.62
2025-02-11 15:32 | INFO | Query 16 Size of the uncertainty table is = 64945/296670
2025-02-11 15:32 | INFO | Query 16 Size of the filtered table is = 2967
2025-02-11 15:34 | INFO | Training Time Active Learning Classifier: 80.44 seconds
2025-02-11 15:34 | INFO | Training Time Active Learning Regressor: 8.86 seconds
2025-02-11 15:39 | INFO | Query 16 Active Learning Runtime on Validation Set: 79963.94
2025-02-11 15:39 | INFO | Query 16 Active Learning Runtime on Test Set: 147822.51
2025-02-11 15:39 | INFO | Query 16 Active Learning Instance Cost: 25682479.89
2025-02-11 15:42 | INFO | Query 17 Size of the uncertainty table is = 54518/296670
2025-02-11 15:42 | INFO | Query 17 Size of the filtered table is = 2967
2025-02-11 15:44 | INFO | Training Time Active Learning Classifier: 82.02 seconds
2025-02-11 15:44 | INFO | Training Time Active Learning Regressor: 8.95 seconds
2025-02-11 15:50 | INFO | Query 17 Active Learning Runtime on Validation Set: 115556.45999999999
2025-02-11 15:50 | INFO | Query 17 Active Learning Runtime on Test Set: 147808.78999999998
2025-02-11 15:50 | INFO | Query 17 Active Learning Instance Cost: 27336813.29
2025-02-11 15:50 | INFO | Timeout limit is increased to 3600
2025-02-11 15:52 | INFO | Query 18 Size of the uncertainty table is = 42233/296670
2025-02-11 15:52 | INFO | Query 18 Size of the filtered table is = 2967
2025-02-11 15:54 | INFO | Training Time Active Learning Classifier: 84.08 seconds
2025-02-11 15:54 | INFO | Training Time Active Learning Regressor: 9.0 seconds
2025-02-11 15:59 | INFO | Query 18 Active Learning Runtime on Validation Set: 150625.43
2025-02-11 15:59 | INFO | Query 18 Active Learning Runtime on Test Set: 147808.78999999998
2025-02-11 15:59 | INFO | Query 18 Active Learning Instance Cost: 29604829.76
2025-02-11 15:59 | INFO | Timeout limit is increased to 3600
2025-02-11 16:01 | INFO | Query 19 Size of the uncertainty table is = 24457/296670
2025-02-11 16:01 | INFO | Query 19 Size of the filtered table is = 2967
2025-02-11 16:02 | INFO | Training Time Active Learning Classifier: 83.68 seconds
2025-02-11 16:03 | INFO | Training Time Active Learning Regressor: 9.14 seconds
2025-02-11 16:08 | INFO | Query 19 Active Learning Runtime on Validation Set: 150625.43
2025-02-11 16:08 | INFO | Query 19 Active Learning Runtime on Test Set: 147816.91999999998
2025-02-11 16:08 | INFO | Query 19 Active Learning Instance Cost: 31732429.76
2025-02-11 16:08 | INFO | Timeout limit is increased to 3600
2025-02-11 16:09 | INFO | Query 20 Size of the uncertainty table is = 7656/296670
2025-02-11 16:09 | INFO | Query 20 Size of the filtered table is = 2967
2025-02-11 16:11 | INFO | Training Time Active Learning Classifier: 84.48 seconds
2025-02-11 16:11 | INFO | Training Time Active Learning Regressor: 9.15 seconds
2025-02-11 16:16 | INFO | Query 20 Active Learning Runtime on Validation Set: 150597.55
2025-02-11 16:16 | INFO | Query 20 Active Learning Runtime on Test Set: 147990.25
2025-02-11 16:16 | INFO | Query 20 Active Learning Instance Cost: 32744638.02
2025-02-11 16:16 | INFO | Active Learning Emissions: 0.15917821252644526
2025-02-11 16:16 | INFO | Active Learning Energy Consumption: 0.17318995994652878 kWh
2025-02-11 16:16 | INFO | runtime_test_score is written as json file
2025-02-11 16:16 | INFO | runtime_validation_score is written as json file
2025-02-11 16:16 | INFO | instance_cost is written as json file
2025-02-11 16:16 | INFO | Experiment is finished
