2025-02-10 11:28 | INFO | Paramaters are: {'dataset': 'ASP-POTASSCO', 'penalty': 10, 'weight': 'No_Weight', 'voting': 'Hard', 'pre_selection_size': 64, 'pre_selection_technique': 'No_pre_selection', 'feature_elimination_threshold': 20, 'imputer_strategy': 'median', 'feature_selection_technique': 'No_feature_selection', 'feature_scaling_technique': 'StandardScaler', 'priority': {'Uncertainty': 'max', 'PredCost': 'min', 'PredDiff': 'max'}, 'initial_train_size': 20, 'query_size': 1, 'timeout_predictor_usage': 'No', 'timeout_limit': 100, 'timeout_increase_rate': 100, 'penalty_type': 'Only-timeout-penalty', 'RANDOM_STATE_SEED': 99, 'n_splits': 10, 'split_number': 1, 'max_timeout': 3600, 'param_grid': {'n_estimators': 100, 'max_features': 'sqrt', 'max_depth': 2147483648, 'min_samples_split': 2, 'bootstrap': True}}
2025-02-10 11:28 | INFO | ASP-POTASSCO is current dataset
2025-02-10 11:28 | INFO | DATASETS/ASP-POTASSCO/algorithm_runs.arff is found
2025-02-10 11:28 | INFO | DATASETS/ASP-POTASSCO/algorithm_runs.arff is finished
2025-02-10 11:28 | INFO | DATASETS/ASP-POTASSCO/feature_values.arff is found
2025-02-10 11:28 | INFO | DATASETS/ASP-POTASSCO/feature_values.arff is finished
2025-02-10 11:28 | INFO | DATASETS/ASP-POTASSCO/feature_costs.arff is found
2025-02-10 11:28 | INFO | DATASETS/ASP-POTASSCO/feature_costs.arff is finished
2025-02-10 11:28 | INFO | Virtual best solver time in train = 22188.16
2025-02-10 11:28 | INFO | Single best solver list train = {'clasp/2.1.3/h1-n1': 3043800.91, 'clasp/2.1.3/h10-n1': 5101050.01, 'clasp/2.1.3/h11-n1': 6829918.19, 'clasp/2.1.3/h2-n1': 5028821.16, 'clasp/2.1.3/h3-n1': 5842600.36, 'clasp/2.1.3/h4-n1': 3811515.8, 'clasp/2.1.3/h5-n1': 4918569.7, 'clasp/2.1.3/h6-n1': 3990399.15, 'clasp/2.1.3/h7-n1': 6643834.92, 'clasp/2.1.3/h8-n1': 2925553.29, 'clasp/2.1.3/h9-n1': 4564935.98}
2025-02-10 11:28 | INFO | Single best solver time train = clasp/2.1.3/h8-n1 (2925553.29)
2025-02-10 11:28 | INFO | Virtual best solver time in validation = 2791.06
2025-02-10 11:28 | INFO | Single best solver list validation = {'clasp/2.1.3/h1-n1': 305388.31, 'clasp/2.1.3/h10-n1': 724433.74, 'clasp/2.1.3/h11-n1': 2497188.7, 'clasp/2.1.3/h2-n1': 618441.33, 'clasp/2.1.3/h3-n1': 2212414.1, 'clasp/2.1.3/h4-n1': 842433.44, 'clasp/2.1.3/h5-n1': 294832.46, 'clasp/2.1.3/h6-n1': 653794.6, 'clasp/2.1.3/h7-n1': 699291.66, 'clasp/2.1.3/h8-n1': 976595.69, 'clasp/2.1.3/h9-n1': 1743744.93}
2025-02-10 11:28 | INFO | Single best solver time validation = clasp/2.1.3/h5-n1 (294832.46)
2025-02-10 11:28 | INFO | Virtual best solver time in test = 2299.09
2025-02-10 11:28 | INFO | Single best solver list test = {'clasp/2.1.3/h1-n1': 327742.08, 'clasp/2.1.3/h10-n1': 507034.25, 'clasp/2.1.3/h11-n1': 941228.49, 'clasp/2.1.3/h2-n1': 793842.11, 'clasp/2.1.3/h3-n1': 798987.56, 'clasp/2.1.3/h4-n1': 330900.65, 'clasp/2.1.3/h5-n1': 435952.57, 'clasp/2.1.3/h6-n1': 507486.74, 'clasp/2.1.3/h7-n1': 723754.3, 'clasp/2.1.3/h8-n1': 292961.14, 'clasp/2.1.3/h9-n1': 725447.73}
2025-02-10 11:28 | INFO | Single best solver time test = clasp/2.1.3/h8-n1 (292961.14)
2025-02-10 11:30 | INFO | Training Time Passive Learning Classifier: 123.51 seconds
2025-02-10 11:30 | INFO | Training Time Passive Learning Regressor: 32.89 seconds
2025-02-10 11:43 | INFO | Passive Learning Classifier Runtime on Validation Set: 402645.49
2025-02-10 11:43 | INFO | Passive Learning Classifier Runtime on Test Set: 111634.59
2025-02-10 11:43 | INFO | Passive Learning Instance Cost: 5558999.46
2025-02-10 11:43 | INFO | Passive Learning Emissions: 0.029524090774008624
2025-02-10 11:43 | INFO | Passive Learning Energy Consumption: 0.032122964678716524 kWh
2025-02-10 11:44 | INFO | Training Time Active Learning Classifier: 50.3 seconds
2025-02-10 11:45 | INFO | Training Time Active Learning Regressor: 7.81 seconds
2025-02-10 11:57 | INFO | Initial Active Learning Runtime on Validation Set: 689900.67
2025-02-10 11:57 | INFO | Initial Active Learning Runtime on Test Set: 400644.11
2025-02-10 11:57 | INFO | Initial Active Learning Instance Cost: 9900.1
2025-02-10 11:57 | INFO | Bin size = 394
2025-02-10 12:02 | INFO | Query 1 Size of the uncertainty table is = 39584/39325
2025-02-10 12:02 | INFO | Query 1 Size of the filtered table is = 394
2025-02-10 12:03 | INFO | Training Time Active Learning Classifier: 46.36 seconds
2025-02-10 12:03 | INFO | Training Time Active Learning Regressor: 9.44 seconds
2025-02-10 12:16 | INFO | Query 1 Active Learning Runtime on Validation Set: 870870.6100000001
2025-02-10 12:16 | INFO | Query 1 Active Learning Runtime on Test Set: 472078.37
2025-02-10 12:16 | INFO | Query 1 Active Learning Instance Cost: 26689.73
2025-02-10 12:16 | INFO | Timeout limit is increased to 200
2025-02-10 12:21 | INFO | Query 2 Size of the uncertainty table is = 38952/39325
2025-02-10 12:21 | INFO | Query 2 Size of the filtered table is = 394
2025-02-10 12:23 | INFO | Training Time Active Learning Classifier: 48.61 seconds
2025-02-10 12:23 | INFO | Training Time Active Learning Regressor: 11.38 seconds
2025-02-10 12:36 | INFO | Query 2 Active Learning Runtime on Validation Set: 689679.9500000001
2025-02-10 12:36 | INFO | Query 2 Active Learning Runtime on Test Set: 542915.64
2025-02-10 12:36 | INFO | Query 2 Active Learning Instance Cost: 69573.39
2025-02-10 12:42 | INFO | Query 3 Size of the uncertainty table is = 37999/39325
2025-02-10 12:42 | INFO | Query 3 Size of the filtered table is = 394
2025-02-10 12:44 | INFO | Training Time Active Learning Classifier: 51.46 seconds
2025-02-10 12:44 | INFO | Training Time Active Learning Regressor: 13.0 seconds
2025-02-10 12:57 | INFO | Query 3 Active Learning Runtime on Validation Set: 654156.2000000001
2025-02-10 12:57 | INFO | Query 3 Active Learning Runtime on Test Set: 435672.89
2025-02-10 12:57 | INFO | Query 3 Active Learning Instance Cost: 102095.07
2025-02-10 13:04 | INFO | Query 4 Size of the uncertainty table is = 36550/39325
2025-02-10 13:04 | INFO | Query 4 Size of the filtered table is = 394
2025-02-10 13:05 | INFO | Training Time Active Learning Classifier: 55.2 seconds
2025-02-10 13:06 | INFO | Training Time Active Learning Regressor: 14.6 seconds
2025-02-10 13:18 | INFO | Query 4 Active Learning Runtime on Validation Set: 690608.4500000001
2025-02-10 13:18 | INFO | Query 4 Active Learning Runtime on Test Set: 363757.45
2025-02-10 13:18 | INFO | Query 4 Active Learning Instance Cost: 131148.3
2025-02-10 13:18 | INFO | Timeout limit is increased to 300
2025-02-10 13:25 | INFO | Query 5 Size of the uncertainty table is = 34992/39325
2025-02-10 13:25 | INFO | Query 5 Size of the filtered table is = 394
2025-02-10 13:27 | INFO | Training Time Active Learning Classifier: 60.49 seconds
2025-02-10 13:28 | INFO | Training Time Active Learning Regressor: 17.11 seconds
2025-02-10 13:40 | INFO | Query 5 Active Learning Runtime on Validation Set: 653450.12
2025-02-10 13:40 | INFO | Query 5 Active Learning Runtime on Test Set: 292320.33999999997
2025-02-10 13:40 | INFO | Query 5 Active Learning Instance Cost: 168985.76
2025-02-10 13:48 | INFO | Query 6 Size of the uncertainty table is = 33159/39325
2025-02-10 13:48 | INFO | Query 6 Size of the filtered table is = 394
2025-02-10 13:50 | INFO | Training Time Active Learning Classifier: 65.24 seconds
2025-02-10 13:50 | INFO | Training Time Active Learning Regressor: 18.2 seconds
2025-02-10 14:03 | INFO | Query 6 Active Learning Runtime on Validation Set: 619222.0900000001
2025-02-10 14:03 | INFO | Query 6 Active Learning Runtime on Test Set: 363970.22
2025-02-10 14:03 | INFO | Query 6 Active Learning Instance Cost: 210245.18
2025-02-10 14:10 | INFO | Query 7 Size of the uncertainty table is = 31179/39325
2025-02-10 14:10 | INFO | Query 7 Size of the filtered table is = 394
2025-02-10 14:12 | INFO | Training Time Active Learning Classifier: 69.05 seconds
2025-02-10 14:13 | INFO | Training Time Active Learning Regressor: 20.39 seconds
2025-02-10 14:25 | INFO | Query 7 Active Learning Runtime on Validation Set: 546763.9500000001
2025-02-10 14:25 | INFO | Query 7 Active Learning Runtime on Test Set: 292480.87
2025-02-10 14:25 | INFO | Query 7 Active Learning Instance Cost: 235133.28
2025-02-10 14:33 | INFO | Query 8 Size of the uncertainty table is = 29082/39325
2025-02-10 14:33 | INFO | Query 8 Size of the filtered table is = 394
2025-02-10 14:35 | INFO | Training Time Active Learning Classifier: 72.88 seconds
2025-02-10 14:35 | INFO | Training Time Active Learning Regressor: 22.11 seconds
2025-02-10 14:48 | INFO | Query 8 Active Learning Runtime on Validation Set: 224821.36
2025-02-10 14:48 | INFO | Query 8 Active Learning Runtime on Test Set: 147825.62
2025-02-10 14:48 | INFO | Query 8 Active Learning Instance Cost: 264723.8
2025-02-10 14:55 | INFO | Query 9 Size of the uncertainty table is = 26991/39325
2025-02-10 14:55 | INFO | Query 9 Size of the filtered table is = 394
2025-02-10 14:58 | INFO | Training Time Active Learning Classifier: 77.7 seconds
2025-02-10 14:58 | INFO | Training Time Active Learning Regressor: 23.74 seconds
2025-02-10 15:11 | INFO | Query 9 Active Learning Runtime on Validation Set: 152598.5
2025-02-10 15:11 | INFO | Query 9 Active Learning Runtime on Test Set: 40103.66
2025-02-10 15:11 | INFO | Query 9 Active Learning Instance Cost: 304491.57
2025-02-10 15:18 | INFO | Query 10 Size of the uncertainty table is = 24862/39325
2025-02-10 15:18 | INFO | Query 10 Size of the filtered table is = 394
2025-02-10 15:20 | INFO | Training Time Active Learning Classifier: 82.75 seconds
2025-02-10 15:21 | INFO | Training Time Active Learning Regressor: 24.2 seconds
2025-02-10 15:34 | INFO | Query 10 Active Learning Runtime on Validation Set: 189111.57
2025-02-10 15:34 | INFO | Query 10 Active Learning Runtime on Test Set: 76019.26999999999
2025-02-10 15:34 | INFO | Query 10 Active Learning Instance Cost: 348172.71
2025-02-10 15:34 | INFO | Timeout limit is increased to 400
2025-02-10 15:41 | INFO | Query 11 Size of the uncertainty table is = 22895/39325
2025-02-10 15:41 | INFO | Query 11 Size of the filtered table is = 394
2025-02-10 15:43 | INFO | Training Time Active Learning Classifier: 87.07 seconds
2025-02-10 15:44 | INFO | Training Time Active Learning Regressor: 25.52 seconds
2025-02-10 15:57 | INFO | Query 11 Active Learning Runtime on Validation Set: 438279.83
2025-02-10 15:57 | INFO | Query 11 Active Learning Runtime on Test Set: 76001.2
2025-02-10 15:57 | INFO | Query 11 Active Learning Instance Cost: 421537.04
2025-02-10 15:57 | INFO | Timeout limit is increased to 500
2025-02-10 16:03 | INFO | Query 12 Size of the uncertainty table is = 21100/39325
2025-02-10 16:03 | INFO | Query 12 Size of the filtered table is = 394
2025-02-10 16:06 | INFO | Training Time Active Learning Classifier: 91.5 seconds
2025-02-10 16:06 | INFO | Training Time Active Learning Regressor: 26.78 seconds
2025-02-10 16:20 | INFO | Query 12 Active Learning Runtime on Validation Set: 473033.04
2025-02-10 16:20 | INFO | Query 12 Active Learning Runtime on Test Set: 75973.64
2025-02-10 16:20 | INFO | Query 12 Active Learning Instance Cost: 503567.66
2025-02-10 16:20 | INFO | Timeout limit is increased to 600
2025-02-10 16:26 | INFO | Query 13 Size of the uncertainty table is = 19254/39325
2025-02-10 16:26 | INFO | Query 13 Size of the filtered table is = 394
2025-02-10 16:28 | INFO | Training Time Active Learning Classifier: 95.62 seconds
2025-02-10 16:29 | INFO | Training Time Active Learning Regressor: 27.9 seconds
2025-02-10 16:42 | INFO | Query 13 Active Learning Runtime on Validation Set: 402249.48
2025-02-10 16:42 | INFO | Query 13 Active Learning Runtime on Test Set: 111875.75
2025-02-10 16:42 | INFO | Query 13 Active Learning Instance Cost: 604445.63
2025-02-10 16:48 | INFO | Query 14 Size of the uncertainty table is = 17705/39325
2025-02-10 16:48 | INFO | Query 14 Size of the filtered table is = 394
2025-02-10 16:51 | INFO | Training Time Active Learning Classifier: 98.88 seconds
2025-02-10 16:51 | INFO | Training Time Active Learning Regressor: 28.41 seconds
2025-02-10 17:04 | INFO | Query 14 Active Learning Runtime on Validation Set: 473651.0
2025-02-10 17:04 | INFO | Query 14 Active Learning Runtime on Test Set: 147368.97
2025-02-10 17:04 | INFO | Query 14 Active Learning Instance Cost: 705121.62
2025-02-10 17:04 | INFO | Timeout limit is increased to 700
2025-02-10 17:10 | INFO | Query 15 Size of the uncertainty table is = 16512/39325
2025-02-10 17:10 | INFO | Query 15 Size of the filtered table is = 394
2025-02-10 17:13 | INFO | Training Time Active Learning Classifier: 101.47 seconds
2025-02-10 17:13 | INFO | Training Time Active Learning Regressor: 28.93 seconds
2025-02-10 17:26 | INFO | Query 15 Active Learning Runtime on Validation Set: 438043.87
2025-02-10 17:26 | INFO | Query 15 Active Learning Runtime on Test Set: 111453.51
2025-02-10 17:26 | INFO | Query 15 Active Learning Instance Cost: 817723.68
2025-02-10 17:31 | INFO | Query 16 Size of the uncertainty table is = 15580/39325
2025-02-10 17:31 | INFO | Query 16 Size of the filtered table is = 394
2025-02-10 17:34 | INFO | Training Time Active Learning Classifier: 102.74 seconds
2025-02-10 17:35 | INFO | Training Time Active Learning Regressor: 29.33 seconds
2025-02-10 17:48 | INFO | Query 16 Active Learning Runtime on Validation Set: 474057.35
2025-02-10 17:48 | INFO | Query 16 Active Learning Runtime on Test Set: 147562.44
2025-02-10 17:48 | INFO | Query 16 Active Learning Instance Cost: 877583.56
2025-02-10 17:48 | INFO | Timeout limit is increased to 800
2025-02-10 17:53 | INFO | Query 17 Size of the uncertainty table is = 14836/39325
2025-02-10 17:53 | INFO | Query 17 Size of the filtered table is = 394
2025-02-10 17:56 | INFO | Training Time Active Learning Classifier: 104.02 seconds
2025-02-10 17:56 | INFO | Training Time Active Learning Regressor: 29.76 seconds
2025-02-10 18:09 | INFO | Query 17 Active Learning Runtime on Validation Set: 473274.66
2025-02-10 18:09 | INFO | Query 17 Active Learning Runtime on Test Set: 111836.35999999999
2025-02-10 18:09 | INFO | Query 17 Active Learning Instance Cost: 980254.76
2025-02-10 18:14 | INFO | Query 18 Size of the uncertainty table is = 14382/39325
2025-02-10 18:14 | INFO | Query 18 Size of the filtered table is = 394
2025-02-10 18:17 | INFO | Training Time Active Learning Classifier: 105.41 seconds
2025-02-10 18:18 | INFO | Training Time Active Learning Regressor: 29.73 seconds
2025-02-10 18:31 | INFO | Query 18 Active Learning Runtime on Validation Set: 473829.13
2025-02-10 18:31 | INFO | Query 18 Active Learning Runtime on Test Set: 147435.19999999998
2025-02-10 18:31 | INFO | Query 18 Active Learning Instance Cost: 1022138.4
2025-02-10 18:31 | INFO | Timeout limit is increased to 900
2025-02-10 18:36 | INFO | Query 19 Size of the uncertainty table is = 13983/39325
2025-02-10 18:36 | INFO | Query 19 Size of the filtered table is = 394
2025-02-10 18:38 | INFO | Training Time Active Learning Classifier: 105.54 seconds
2025-02-10 18:39 | INFO | Training Time Active Learning Regressor: 30.05 seconds
2025-02-10 18:52 | INFO | Query 19 Active Learning Runtime on Validation Set: 473646.62
2025-02-10 18:52 | INFO | Query 19 Active Learning Runtime on Test Set: 75407.34999999999
2025-02-10 18:52 | INFO | Query 19 Active Learning Instance Cost: 1104268.85
2025-02-10 18:57 | INFO | Query 20 Size of the uncertainty table is = 13673/39325
2025-02-10 18:57 | INFO | Query 20 Size of the filtered table is = 394
2025-02-10 19:00 | INFO | Training Time Active Learning Classifier: 106.21 seconds
2025-02-10 19:00 | INFO | Training Time Active Learning Regressor: 30.04 seconds
2025-02-10 19:13 | INFO | Query 20 Active Learning Runtime on Validation Set: 474281.48
2025-02-10 19:13 | INFO | Query 20 Active Learning Runtime on Test Set: 111699.76
2025-02-10 19:13 | INFO | Query 20 Active Learning Instance Cost: 1127213.68
2025-02-10 19:13 | INFO | Timeout limit is increased to 1000
2025-02-10 19:18 | INFO | Query 21 Size of the uncertainty table is = 13396/39325
2025-02-10 19:18 | INFO | Query 21 Size of the filtered table is = 394
2025-02-10 19:21 | INFO | Training Time Active Learning Classifier: 106.67 seconds
2025-02-10 19:21 | INFO | Training Time Active Learning Regressor: 30.25 seconds
2025-02-10 19:35 | INFO | Query 21 Active Learning Runtime on Validation Set: 366397.71
2025-02-10 19:35 | INFO | Query 21 Active Learning Runtime on Test Set: 147771.25999999998
2025-02-10 19:35 | INFO | Query 21 Active Learning Instance Cost: 1196045.15
2025-02-10 19:39 | INFO | Query 22 Size of the uncertainty table is = 13208/39325
2025-02-10 19:39 | INFO | Query 22 Size of the filtered table is = 394
2025-02-10 19:42 | INFO | Training Time Active Learning Classifier: 106.58 seconds
2025-02-10 19:42 | INFO | Training Time Active Learning Regressor: 30.22 seconds
2025-02-10 19:56 | INFO | Query 22 Active Learning Runtime on Validation Set: 366113.94
2025-02-10 19:56 | INFO | Query 22 Active Learning Runtime on Test Set: 147769.15
2025-02-10 19:56 | INFO | Query 22 Active Learning Instance Cost: 1226289.01
2025-02-10 20:01 | INFO | Query 23 Size of the uncertainty table is = 13137/39325
2025-02-10 20:01 | INFO | Query 23 Size of the filtered table is = 394
2025-02-10 20:03 | INFO | Training Time Active Learning Classifier: 106.55 seconds
2025-02-10 20:04 | INFO | Training Time Active Learning Regressor: 30.8 seconds
2025-02-10 20:17 | INFO | Query 23 Active Learning Runtime on Validation Set: 402722.07
2025-02-10 20:17 | INFO | Query 23 Active Learning Runtime on Test Set: 111777.89
2025-02-10 20:17 | INFO | Query 23 Active Learning Instance Cost: 1240378.45
2025-02-10 20:17 | INFO | Timeout limit is increased to 1100
2025-02-10 20:22 | INFO | Query 24 Size of the uncertainty table is = 13081/39325
2025-02-10 20:22 | INFO | Query 24 Size of the filtered table is = 394
2025-02-10 20:24 | INFO | Training Time Active Learning Classifier: 106.52 seconds
2025-02-10 20:25 | INFO | Training Time Active Learning Regressor: 30.35 seconds
2025-02-10 20:38 | INFO | Query 24 Active Learning Runtime on Validation Set: 402696.26
2025-02-10 20:38 | INFO | Query 24 Active Learning Runtime on Test Set: 75902.10999999999
2025-02-10 20:38 | INFO | Query 24 Active Learning Instance Cost: 1300609.81
2025-02-10 20:43 | INFO | Query 25 Size of the uncertainty table is = 13054/39325
2025-02-10 20:43 | INFO | Query 25 Size of the filtered table is = 394
2025-02-10 20:45 | INFO | Training Time Active Learning Classifier: 106.82 seconds
2025-02-10 20:45 | INFO | Training Time Active Learning Regressor: 30.3 seconds
2025-02-10 20:59 | INFO | Query 25 Active Learning Runtime on Validation Set: 366754.85
2025-02-10 20:59 | INFO | Query 25 Active Learning Runtime on Test Set: 75813.37
2025-02-10 20:59 | INFO | Query 25 Active Learning Instance Cost: 1308630.73
2025-02-10 21:03 | INFO | Query 26 Size of the uncertainty table is = 13043/39325
2025-02-10 21:03 | INFO | Query 26 Size of the filtered table is = 394
2025-02-10 21:06 | INFO | Training Time Active Learning Classifier: 106.29 seconds
2025-02-10 21:06 | INFO | Training Time Active Learning Regressor: 30.32 seconds
2025-02-10 21:20 | INFO | Query 26 Active Learning Runtime on Validation Set: 366754.85
2025-02-10 21:20 | INFO | Query 26 Active Learning Runtime on Test Set: 75813.37
2025-02-10 21:20 | INFO | Query 26 Active Learning Instance Cost: 1316030.73
2025-02-10 21:20 | INFO | Timeout limit is increased to 1200
2025-02-10 21:24 | INFO | Query 27 Size of the uncertainty table is = 13043/39325
2025-02-10 21:24 | INFO | Query 27 Size of the filtered table is = 394
2025-02-10 21:27 | INFO | Training Time Active Learning Classifier: 106.57 seconds
2025-02-10 21:27 | INFO | Training Time Active Learning Regressor: 30.73 seconds
2025-02-10 21:40 | INFO | Query 27 Active Learning Runtime on Validation Set: 366754.85
2025-02-10 21:40 | INFO | Query 27 Active Learning Runtime on Test Set: 75813.37
2025-02-10 21:40 | INFO | Query 27 Active Learning Instance Cost: 1373930.73
2025-02-10 21:40 | INFO | Timeout limit is increased to 1300
2025-02-10 21:45 | INFO | Query 28 Size of the uncertainty table is = 13043/39325
2025-02-10 21:45 | INFO | Query 28 Size of the filtered table is = 394
2025-02-10 21:47 | INFO | Training Time Active Learning Classifier: 106.44 seconds
2025-02-10 21:48 | INFO | Training Time Active Learning Regressor: 30.44 seconds
2025-02-10 22:01 | INFO | Query 28 Active Learning Runtime on Validation Set: 366754.85
2025-02-10 22:01 | INFO | Query 28 Active Learning Runtime on Test Set: 75813.37
2025-02-10 22:01 | INFO | Query 28 Active Learning Instance Cost: 1431630.73
2025-02-10 22:01 | INFO | Timeout limit is increased to 1400
2025-02-10 22:06 | INFO | Query 29 Size of the uncertainty table is = 13043/39325
2025-02-10 22:06 | INFO | Query 29 Size of the filtered table is = 394
2025-02-10 22:08 | INFO | Training Time Active Learning Classifier: 106.54 seconds
2025-02-10 22:09 | INFO | Training Time Active Learning Regressor: 30.16 seconds
2025-02-10 22:22 | INFO | Query 29 Active Learning Runtime on Validation Set: 366754.85
2025-02-10 22:22 | INFO | Query 29 Active Learning Runtime on Test Set: 75813.37
2025-02-10 22:22 | INFO | Query 29 Active Learning Instance Cost: 1489430.73
2025-02-10 22:22 | INFO | Timeout limit is increased to 1500
2025-02-10 22:27 | INFO | Query 30 Size of the uncertainty table is = 13043/39325
2025-02-10 22:27 | INFO | Query 30 Size of the filtered table is = 394
2025-02-10 22:29 | INFO | Training Time Active Learning Classifier: 106.78 seconds
2025-02-10 22:30 | INFO | Training Time Active Learning Regressor: 30.45 seconds
2025-02-10 22:43 | INFO | Query 30 Active Learning Runtime on Validation Set: 366754.85
2025-02-10 22:43 | INFO | Query 30 Active Learning Runtime on Test Set: 75813.37
2025-02-10 22:43 | INFO | Query 30 Active Learning Instance Cost: 1546830.73
2025-02-10 22:43 | INFO | Timeout limit is increased to 1600
2025-02-10 22:48 | INFO | Query 31 Size of the uncertainty table is = 13043/39325
2025-02-10 22:48 | INFO | Query 31 Size of the filtered table is = 394
2025-02-10 22:50 | INFO | Training Time Active Learning Classifier: 106.47 seconds
2025-02-10 22:50 | INFO | Training Time Active Learning Regressor: 30.25 seconds
2025-02-10 23:04 | INFO | Query 31 Active Learning Runtime on Validation Set: 366754.85
2025-02-10 23:04 | INFO | Query 31 Active Learning Runtime on Test Set: 75813.37
2025-02-10 23:04 | INFO | Query 31 Active Learning Instance Cost: 1605230.73
2025-02-10 23:04 | INFO | Timeout limit is increased to 1700
2025-02-10 23:08 | INFO | Query 32 Size of the uncertainty table is = 13043/39325
2025-02-10 23:08 | INFO | Query 32 Size of the filtered table is = 394
2025-02-10 23:11 | INFO | Training Time Active Learning Classifier: 106.33 seconds
2025-02-10 23:11 | INFO | Training Time Active Learning Regressor: 30.76 seconds
2025-02-10 23:25 | INFO | Query 32 Active Learning Runtime on Validation Set: 366754.85
2025-02-10 23:25 | INFO | Query 32 Active Learning Runtime on Test Set: 75813.37
2025-02-10 23:25 | INFO | Query 32 Active Learning Instance Cost: 1663530.73
2025-02-10 23:25 | INFO | Timeout limit is increased to 1800
2025-02-10 23:29 | INFO | Query 33 Size of the uncertainty table is = 13043/39325
2025-02-10 23:29 | INFO | Query 33 Size of the filtered table is = 394
2025-02-10 23:32 | INFO | Training Time Active Learning Classifier: 106.49 seconds
2025-02-10 23:32 | INFO | Training Time Active Learning Regressor: 30.4 seconds
2025-02-10 23:45 | INFO | Query 33 Active Learning Runtime on Validation Set: 366754.85
2025-02-10 23:45 | INFO | Query 33 Active Learning Runtime on Test Set: 75813.37
2025-02-10 23:45 | INFO | Query 33 Active Learning Instance Cost: 1722830.73
2025-02-10 23:45 | INFO | Timeout limit is increased to 1900
2025-02-10 23:50 | INFO | Query 34 Size of the uncertainty table is = 13043/39325
2025-02-10 23:50 | INFO | Query 34 Size of the filtered table is = 394
2025-02-10 23:52 | INFO | Training Time Active Learning Classifier: 106.36 seconds
2025-02-10 23:53 | INFO | Training Time Active Learning Regressor: 30.38 seconds
2025-02-11 00:06 | INFO | Query 34 Active Learning Runtime on Validation Set: 366754.85
2025-02-11 00:06 | INFO | Query 34 Active Learning Runtime on Test Set: 75813.37
2025-02-11 00:06 | INFO | Query 34 Active Learning Instance Cost: 1781130.73
2025-02-11 00:06 | INFO | Timeout limit is increased to 2000
2025-02-11 00:11 | INFO | Query 35 Size of the uncertainty table is = 13043/39325
2025-02-11 00:11 | INFO | Query 35 Size of the filtered table is = 394
2025-02-11 00:13 | INFO | Training Time Active Learning Classifier: 106.79 seconds
2025-02-11 00:14 | INFO | Training Time Active Learning Regressor: 30.38 seconds
2025-02-11 00:27 | INFO | Query 35 Active Learning Runtime on Validation Set: 366754.85
2025-02-11 00:27 | INFO | Query 35 Active Learning Runtime on Test Set: 75813.37
2025-02-11 00:27 | INFO | Query 35 Active Learning Instance Cost: 1838830.73
2025-02-11 00:27 | INFO | Timeout limit is increased to 2100
2025-02-11 00:32 | INFO | Query 36 Size of the uncertainty table is = 13043/39325
2025-02-11 00:32 | INFO | Query 36 Size of the filtered table is = 394
2025-02-11 00:34 | INFO | Training Time Active Learning Classifier: 106.5 seconds
2025-02-11 00:34 | INFO | Training Time Active Learning Regressor: 30.46 seconds
2025-02-11 00:48 | INFO | Query 36 Active Learning Runtime on Validation Set: 366754.85
2025-02-11 00:48 | INFO | Query 36 Active Learning Runtime on Test Set: 75813.37
2025-02-11 00:48 | INFO | Query 36 Active Learning Instance Cost: 1896330.73
2025-02-11 00:48 | INFO | Timeout limit is increased to 2200
2025-02-11 00:52 | INFO | Query 37 Size of the uncertainty table is = 13043/39325
2025-02-11 00:52 | INFO | Query 37 Size of the filtered table is = 394
2025-02-11 00:55 | INFO | Training Time Active Learning Classifier: 107.07 seconds
2025-02-11 00:55 | INFO | Training Time Active Learning Regressor: 30.23 seconds
2025-02-11 01:09 | INFO | Query 37 Active Learning Runtime on Validation Set: 366754.85
2025-02-11 01:09 | INFO | Query 37 Active Learning Runtime on Test Set: 75813.37
2025-02-11 01:09 | INFO | Query 37 Active Learning Instance Cost: 1954930.73
2025-02-11 01:09 | INFO | Timeout limit is increased to 2300
2025-02-11 01:13 | INFO | Query 38 Size of the uncertainty table is = 13043/39325
2025-02-11 01:13 | INFO | Query 38 Size of the filtered table is = 394
2025-02-11 01:15 | INFO | Training Time Active Learning Classifier: 106.57 seconds
2025-02-11 01:16 | INFO | Training Time Active Learning Regressor: 30.39 seconds
2025-02-11 01:29 | INFO | Query 38 Active Learning Runtime on Validation Set: 366754.85
2025-02-11 01:29 | INFO | Query 38 Active Learning Runtime on Test Set: 75813.37
2025-02-11 01:29 | INFO | Query 38 Active Learning Instance Cost: 2012630.73
2025-02-11 01:29 | INFO | Timeout limit is increased to 2400
2025-02-11 01:34 | INFO | Query 39 Size of the uncertainty table is = 13043/39325
2025-02-11 01:34 | INFO | Query 39 Size of the filtered table is = 394
2025-02-11 01:36 | INFO | Training Time Active Learning Classifier: 106.42 seconds
2025-02-11 01:37 | INFO | Training Time Active Learning Regressor: 30.34 seconds
2025-02-11 01:50 | INFO | Query 39 Active Learning Runtime on Validation Set: 366754.85
2025-02-11 01:50 | INFO | Query 39 Active Learning Runtime on Test Set: 75813.37
2025-02-11 01:50 | INFO | Query 39 Active Learning Instance Cost: 2070330.73
2025-02-11 01:50 | INFO | Timeout limit is increased to 2500
2025-02-11 01:55 | INFO | Query 40 Size of the uncertainty table is = 13043/39325
2025-02-11 01:55 | INFO | Query 40 Size of the filtered table is = 394
2025-02-11 01:57 | INFO | Training Time Active Learning Classifier: 106.74 seconds
2025-02-11 01:58 | INFO | Training Time Active Learning Regressor: 30.32 seconds
2025-02-11 02:11 | INFO | Query 40 Active Learning Runtime on Validation Set: 366754.85
2025-02-11 02:11 | INFO | Query 40 Active Learning Runtime on Test Set: 75813.37
2025-02-11 02:11 | INFO | Query 40 Active Learning Instance Cost: 2127930.73
2025-02-11 02:11 | INFO | Timeout limit is increased to 2600
2025-02-11 02:16 | INFO | Query 41 Size of the uncertainty table is = 13043/39325
2025-02-11 02:16 | INFO | Query 41 Size of the filtered table is = 394
2025-02-11 02:18 | INFO | Training Time Active Learning Classifier: 106.52 seconds
2025-02-11 02:18 | INFO | Training Time Active Learning Regressor: 30.42 seconds
2025-02-11 02:32 | INFO | Query 41 Active Learning Runtime on Validation Set: 366754.85
2025-02-11 02:32 | INFO | Query 41 Active Learning Runtime on Test Set: 75813.37
2025-02-11 02:32 | INFO | Query 41 Active Learning Instance Cost: 2185530.73
2025-02-11 02:32 | INFO | Timeout limit is increased to 2700
2025-02-11 02:36 | INFO | Query 42 Size of the uncertainty table is = 13043/39325
2025-02-11 02:36 | INFO | Query 42 Size of the filtered table is = 394
2025-02-11 02:39 | INFO | Training Time Active Learning Classifier: 106.81 seconds
2025-02-11 02:39 | INFO | Training Time Active Learning Regressor: 30.27 seconds
2025-02-11 02:53 | INFO | Query 42 Active Learning Runtime on Validation Set: 366754.85
2025-02-11 02:53 | INFO | Query 42 Active Learning Runtime on Test Set: 75813.37
2025-02-11 02:53 | INFO | Query 42 Active Learning Instance Cost: 2243930.73
2025-02-11 02:53 | INFO | Timeout limit is increased to 2800
2025-02-11 02:57 | INFO | Query 43 Size of the uncertainty table is = 13043/39325
2025-02-11 02:57 | INFO | Query 43 Size of the filtered table is = 394
2025-02-11 02:59 | INFO | Training Time Active Learning Classifier: 106.31 seconds
2025-02-11 03:00 | INFO | Training Time Active Learning Regressor: 30.17 seconds
2025-02-11 03:13 | INFO | Query 43 Active Learning Runtime on Validation Set: 366754.85
2025-02-11 03:13 | INFO | Query 43 Active Learning Runtime on Test Set: 75813.37
2025-02-11 03:13 | INFO | Query 43 Active Learning Instance Cost: 2301330.73
2025-02-11 03:13 | INFO | Timeout limit is increased to 2900
2025-02-11 03:18 | INFO | Query 44 Size of the uncertainty table is = 13043/39325
2025-02-11 03:18 | INFO | Query 44 Size of the filtered table is = 394
2025-02-11 03:20 | INFO | Training Time Active Learning Classifier: 106.26 seconds
2025-02-11 03:21 | INFO | Training Time Active Learning Regressor: 30.36 seconds
2025-02-11 03:34 | INFO | Query 44 Active Learning Runtime on Validation Set: 366754.85
2025-02-11 03:34 | INFO | Query 44 Active Learning Runtime on Test Set: 75813.37
2025-02-11 03:34 | INFO | Query 44 Active Learning Instance Cost: 2358730.73
2025-02-11 03:34 | INFO | Timeout limit is increased to 3000
2025-02-11 03:39 | INFO | Query 45 Size of the uncertainty table is = 13043/39325
2025-02-11 03:39 | INFO | Query 45 Size of the filtered table is = 394
2025-02-11 03:41 | INFO | Training Time Active Learning Classifier: 106.51 seconds
2025-02-11 03:41 | INFO | Training Time Active Learning Regressor: 30.25 seconds
2025-02-11 03:55 | INFO | Query 45 Active Learning Runtime on Validation Set: 366754.85
2025-02-11 03:55 | INFO | Query 45 Active Learning Runtime on Test Set: 75813.37
2025-02-11 03:55 | INFO | Query 45 Active Learning Instance Cost: 2416730.73
2025-02-11 03:55 | INFO | Timeout limit is increased to 3100
2025-02-11 03:59 | INFO | Query 46 Size of the uncertainty table is = 13043/39325
2025-02-11 03:59 | INFO | Query 46 Size of the filtered table is = 394
2025-02-11 04:02 | INFO | Training Time Active Learning Classifier: 106.28 seconds
2025-02-11 04:02 | INFO | Training Time Active Learning Regressor: 30.34 seconds
2025-02-11 04:15 | INFO | Query 46 Active Learning Runtime on Validation Set: 366754.85
2025-02-11 04:15 | INFO | Query 46 Active Learning Runtime on Test Set: 75813.37
2025-02-11 04:15 | INFO | Query 46 Active Learning Instance Cost: 2474330.73
2025-02-11 04:15 | INFO | Timeout limit is increased to 3200
2025-02-11 04:20 | INFO | Query 47 Size of the uncertainty table is = 13043/39325
2025-02-11 04:20 | INFO | Query 47 Size of the filtered table is = 394
2025-02-11 04:22 | INFO | Training Time Active Learning Classifier: 106.52 seconds
2025-02-11 04:23 | INFO | Training Time Active Learning Regressor: 30.77 seconds
2025-02-11 04:36 | INFO | Query 47 Active Learning Runtime on Validation Set: 366754.85
2025-02-11 04:36 | INFO | Query 47 Active Learning Runtime on Test Set: 75813.37
2025-02-11 04:36 | INFO | Query 47 Active Learning Instance Cost: 2531930.73
2025-02-11 04:36 | INFO | Timeout limit is increased to 3300
2025-02-11 04:41 | INFO | Query 48 Size of the uncertainty table is = 13043/39325
2025-02-11 04:41 | INFO | Query 48 Size of the filtered table is = 394
2025-02-11 04:43 | INFO | Training Time Active Learning Classifier: 106.4 seconds
2025-02-11 04:44 | INFO | Training Time Active Learning Regressor: 30.42 seconds
2025-02-11 04:57 | INFO | Query 48 Active Learning Runtime on Validation Set: 366754.85
2025-02-11 04:57 | INFO | Query 48 Active Learning Runtime on Test Set: 75813.37
2025-02-11 04:57 | INFO | Query 48 Active Learning Instance Cost: 2589530.73
2025-02-11 04:57 | INFO | Timeout limit is increased to 3400
2025-02-11 05:02 | INFO | Query 49 Size of the uncertainty table is = 13043/39325
2025-02-11 05:02 | INFO | Query 49 Size of the filtered table is = 394
2025-02-11 05:04 | INFO | Training Time Active Learning Classifier: 106.34 seconds
2025-02-11 05:04 | INFO | Training Time Active Learning Regressor: 30.29 seconds
2025-02-11 05:18 | INFO | Query 49 Active Learning Runtime on Validation Set: 366754.85
2025-02-11 05:18 | INFO | Query 49 Active Learning Runtime on Test Set: 75813.37
2025-02-11 05:18 | INFO | Query 49 Active Learning Instance Cost: 2646930.73
2025-02-11 05:18 | INFO | Timeout limit is increased to 3500
2025-02-11 05:22 | INFO | Query 50 Size of the uncertainty table is = 13043/39325
2025-02-11 05:22 | INFO | Query 50 Size of the filtered table is = 394
2025-02-11 05:25 | INFO | Training Time Active Learning Classifier: 106.31 seconds
2025-02-11 05:25 | INFO | Training Time Active Learning Regressor: 30.36 seconds
2025-02-11 05:38 | INFO | Query 50 Active Learning Runtime on Validation Set: 366754.85
2025-02-11 05:38 | INFO | Query 50 Active Learning Runtime on Test Set: 75813.37
2025-02-11 05:38 | INFO | Query 50 Active Learning Instance Cost: 2704730.73
2025-02-11 05:38 | INFO | Timeout limit is increased to 3600
2025-02-11 05:43 | INFO | Query 51 Size of the uncertainty table is = 13043/39325
2025-02-11 05:43 | INFO | Query 51 Size of the filtered table is = 394
2025-02-11 05:46 | INFO | Training Time Active Learning Classifier: 106.72 seconds
2025-02-11 05:46 | INFO | Training Time Active Learning Regressor: 30.38 seconds
2025-02-11 05:59 | INFO | Query 51 Active Learning Runtime on Validation Set: 366754.85
2025-02-11 05:59 | INFO | Query 51 Active Learning Runtime on Test Set: 75813.37
2025-02-11 05:59 | INFO | Query 51 Active Learning Instance Cost: 2765430.73
2025-02-11 05:59 | INFO | Timeout limit is increased to 3600
2025-02-11 06:03 | INFO | Query 52 Size of the uncertainty table is = 9728/39325
2025-02-11 06:03 | INFO | Query 52 Size of the filtered table is = 394
2025-02-11 06:06 | INFO | Training Time Active Learning Classifier: 112.2 seconds
2025-02-11 06:07 | INFO | Training Time Active Learning Regressor: 31.35 seconds
2025-02-11 06:20 | INFO | Query 52 Active Learning Runtime on Validation Set: 403246.1
2025-02-11 06:20 | INFO | Query 52 Active Learning Runtime on Test Set: 147484.35
2025-02-11 06:20 | INFO | Query 52 Active Learning Instance Cost: 3270697.79
2025-02-11 06:20 | INFO | Timeout limit is increased to 3600
2025-02-11 06:23 | INFO | Query 53 Size of the uncertainty table is = 6962/39325
2025-02-11 06:23 | INFO | Query 53 Size of the filtered table is = 394
2025-02-11 06:26 | INFO | Training Time Active Learning Classifier: 116.65 seconds
2025-02-11 06:27 | INFO | Training Time Active Learning Regressor: 32.57 seconds
2025-02-11 06:40 | INFO | Query 53 Active Learning Runtime on Validation Set: 402877.12
2025-02-11 06:40 | INFO | Query 53 Active Learning Runtime on Test Set: 75462.90999999999
2025-02-11 06:40 | INFO | Query 53 Active Learning Instance Cost: 3641808.38
2025-02-11 06:42 | INFO | Query 54 Size of the uncertainty table is = 4787/39325
2025-02-11 06:42 | INFO | Query 54 Size of the filtered table is = 394
2025-02-11 06:45 | INFO | Training Time Active Learning Classifier: 120.97 seconds
2025-02-11 06:46 | INFO | Training Time Active Learning Regressor: 33.45 seconds
2025-02-11 06:59 | INFO | Query 54 Active Learning Runtime on Validation Set: 439476.69
2025-02-11 06:59 | INFO | Query 54 Active Learning Runtime on Test Set: 75938.56999999999
2025-02-11 06:59 | INFO | Query 54 Active Learning Instance Cost: 3896646.36
2025-02-11 06:59 | INFO | Timeout limit is increased to 3600
2025-02-11 07:00 | INFO | Query 55 Size of the uncertainty table is = 2720/39325
2025-02-11 07:00 | INFO | Query 55 Size of the filtered table is = 394
2025-02-11 07:04 | INFO | Training Time Active Learning Classifier: 124.62 seconds
2025-02-11 07:04 | INFO | Training Time Active Learning Regressor: 34.86 seconds
2025-02-11 07:18 | INFO | Query 55 Active Learning Runtime on Validation Set: 331439.5
2025-02-11 07:18 | INFO | Query 55 Active Learning Runtime on Test Set: 183261.84
2025-02-11 07:18 | INFO | Query 55 Active Learning Instance Cost: 4228938.73
2025-02-11 07:18 | INFO | Query 56 Size of the uncertainty table is = 1145/39325
2025-02-11 07:18 | INFO | Query 56 Size of the filtered table is = 394
2025-02-11 07:22 | INFO | Training Time Active Learning Classifier: 126.09 seconds
2025-02-11 07:23 | INFO | Training Time Active Learning Regressor: 34.18 seconds
2025-02-11 07:36 | INFO | Query 56 Active Learning Runtime on Validation Set: 367426.69
2025-02-11 07:36 | INFO | Query 56 Active Learning Runtime on Test Set: 148052.28
2025-02-11 07:36 | INFO | Query 56 Active Learning Instance Cost: 4302169.35
2025-02-11 07:36 | INFO | Timeout limit is increased to 3600
2025-02-11 07:36 | INFO | Query 57 Size of the uncertainty table is = 189/39325
2025-02-11 07:36 | INFO | Query 57 Size of the filtered table is = 189
2025-02-11 07:39 | INFO | Training Time Active Learning Classifier: 126.37 seconds
2025-02-11 07:40 | INFO | Training Time Active Learning Regressor: 34.02 seconds
2025-02-11 07:53 | INFO | Query 57 Active Learning Runtime on Validation Set: 366890.69
2025-02-11 07:53 | INFO | Query 57 Active Learning Runtime on Test Set: 147616.47999999998
2025-02-11 07:53 | INFO | Query 57 Active Learning Instance Cost: 4387635.43
2025-02-11 07:53 | INFO | Active Learning Emissions: 2.2759690717469883
2025-02-11 07:53 | INFO | Active Learning Energy Consumption: 2.4763124683908133 kWh
2025-02-11 07:53 | INFO | runtime_test_score is written as json file
2025-02-11 07:53 | INFO | runtime_validation_score is written as json file
2025-02-11 07:53 | INFO | instance_cost is written as json file
2025-02-11 07:53 | INFO | Experiment is finished
