2025-02-10 11:30 | INFO | Paramaters are: {'dataset': 'ASP-POTASSCO', 'penalty': 10, 'weight': 'No_Weight', 'voting': 'Hard', 'pre_selection_size': 64, 'pre_selection_technique': 'No_pre_selection', 'feature_elimination_threshold': 20, 'imputer_strategy': 'median', 'feature_selection_technique': 'No_feature_selection', 'feature_scaling_technique': 'StandardScaler', 'priority': {'PredDiff': 'max', 'Uncertainty': 'max', 'PredCost': 'min'}, 'initial_train_size': 20, 'query_size': 1, 'timeout_predictor_usage': 'No', 'timeout_limit': 100, 'timeout_increase_rate': 100, 'penalty_type': 'Only-timeout-penalty', 'RANDOM_STATE_SEED': 12345, 'n_splits': 10, 'split_number': 8, 'max_timeout': 3600, 'param_grid': {'n_estimators': 100, 'max_features': 'sqrt', 'max_depth': 2147483648, 'min_samples_split': 2, 'bootstrap': True}}
2025-02-10 11:30 | INFO | ASP-POTASSCO is current dataset
2025-02-10 11:30 | INFO | DATASETS/ASP-POTASSCO/algorithm_runs.arff is found
2025-02-10 11:30 | INFO | DATASETS/ASP-POTASSCO/algorithm_runs.arff is finished
2025-02-10 11:30 | INFO | DATASETS/ASP-POTASSCO/feature_values.arff is found
2025-02-10 11:30 | INFO | DATASETS/ASP-POTASSCO/feature_values.arff is finished
2025-02-10 11:30 | INFO | DATASETS/ASP-POTASSCO/feature_costs.arff is found
2025-02-10 11:30 | INFO | DATASETS/ASP-POTASSCO/feature_costs.arff is finished
2025-02-10 11:30 | INFO | Virtual best solver time in train = 21624.7
2025-02-10 11:30 | INFO | Single best solver list train = {'clasp/2.1.3/h1-n1': 3079577.54, 'clasp/2.1.3/h10-n1': 5028895.26, 'clasp/2.1.3/h11-n1': 6793731.78, 'clasp/2.1.3/h2-n1': 5279201.45, 'clasp/2.1.3/h3-n1': 5914677.84, 'clasp/2.1.3/h4-n1': 3776281.96, 'clasp/2.1.3/h5-n1': 4989548.66, 'clasp/2.1.3/h6-n1': 3990778.37, 'clasp/2.1.3/h7-n1': 6751342.92, 'clasp/2.1.3/h8-n1': 2888987.51, 'clasp/2.1.3/h9-n1': 4710050.79}
2025-02-10 11:30 | INFO | Single best solver time train = clasp/2.1.3/h8-n1 (2888987.51)
2025-02-10 11:30 | INFO | Virtual best solver time in validation = 3011.66
2025-02-10 11:30 | INFO | Single best solver list validation = {'clasp/2.1.3/h1-n1': 161090.3, 'clasp/2.1.3/h10-n1': 760728.77, 'clasp/2.1.3/h11-n1': 2461251.09, 'clasp/2.1.3/h2-n1': 689305.9, 'clasp/2.1.3/h3-n1': 2175689.94, 'clasp/2.1.3/h4-n1': 805886.81, 'clasp/2.1.3/h5-n1': 258703.69, 'clasp/2.1.3/h6-n1': 653796.93, 'clasp/2.1.3/h7-n1': 697452.72, 'clasp/2.1.3/h8-n1': 1013467.38, 'clasp/2.1.3/h9-n1': 1743398.83}
2025-02-10 11:30 | INFO | Single best solver time validation = clasp/2.1.3/h1-n1 (161090.3)
2025-02-10 11:30 | INFO | Virtual best solver time in test = 2641.95
2025-02-10 11:30 | INFO | Single best solver list test = {'clasp/2.1.3/h1-n1': 436263.46, 'clasp/2.1.3/h10-n1': 542893.97, 'clasp/2.1.3/h11-n1': 1013352.5, 'clasp/2.1.3/h2-n1': 472597.26, 'clasp/2.1.3/h3-n1': 763634.24, 'clasp/2.1.3/h4-n1': 402681.12, 'clasp/2.1.3/h5-n1': 401102.38, 'clasp/2.1.3/h6-n1': 507105.19, 'clasp/2.1.3/h7-n1': 618085.24, 'clasp/2.1.3/h8-n1': 292655.22, 'clasp/2.1.3/h9-n1': 580679.02}
2025-02-10 11:30 | INFO | Single best solver time test = clasp/2.1.3/h8-n1 (292655.22)
2025-02-10 11:32 | INFO | Training Time Passive Learning Classifier: 125.56 seconds
2025-02-10 11:32 | INFO | Training Time Passive Learning Regressor: 32.95 seconds
2025-02-10 11:45 | INFO | Passive Learning Classifier Runtime on Validation Set: 403222.47
2025-02-10 11:45 | INFO | Passive Learning Classifier Runtime on Test Set: 183355.67
2025-02-10 11:45 | INFO | Passive Learning Instance Cost: 5607474.07
2025-02-10 11:45 | INFO | Passive Learning Emissions: 0.02936026161542824
2025-02-10 11:45 | INFO | Passive Learning Energy Consumption: 0.03194471437069842 kWh
2025-02-10 11:46 | INFO | Training Time Active Learning Classifier: 51.3 seconds
2025-02-10 11:46 | INFO | Training Time Active Learning Regressor: 7.69 seconds
2025-02-10 11:59 | INFO | Initial Active Learning Runtime on Validation Set: 735240.27
2025-02-10 11:59 | INFO | Initial Active Learning Runtime on Test Set: 580924.66
2025-02-10 11:59 | INFO | Initial Active Learning Instance Cost: 9411.53
2025-02-10 11:59 | INFO | Bin size = 394
2025-02-10 12:04 | INFO | Query 1 Size of the uncertainty table is = 39644/39325
2025-02-10 12:04 | INFO | Query 1 Size of the filtered table is = 394
2025-02-10 12:05 | INFO | Training Time Active Learning Classifier: 46.54 seconds
2025-02-10 12:05 | INFO | Training Time Active Learning Regressor: 8.44 seconds
2025-02-10 12:18 | INFO | Query 1 Active Learning Runtime on Validation Set: 448228.08
2025-02-10 12:18 | INFO | Query 1 Active Learning Runtime on Test Set: 401777.38
2025-02-10 12:18 | INFO | Query 1 Active Learning Instance Cost: 23389.12
2025-02-10 12:23 | INFO | Query 2 Size of the uncertainty table is = 38878/39325
2025-02-10 12:23 | INFO | Query 2 Size of the filtered table is = 394
2025-02-10 12:25 | INFO | Training Time Active Learning Classifier: 48.24 seconds
2025-02-10 12:25 | INFO | Training Time Active Learning Regressor: 9.19 seconds
2025-02-10 12:38 | INFO | Query 2 Active Learning Runtime on Validation Set: 555842.42
2025-02-10 12:38 | INFO | Query 2 Active Learning Runtime on Test Set: 545723.6900000001
2025-02-10 12:38 | INFO | Query 2 Active Learning Instance Cost: 48031.82
2025-02-10 12:38 | INFO | Timeout limit is increased to 200
2025-02-10 12:43 | INFO | Query 3 Size of the uncertainty table is = 37937/39325
2025-02-10 12:43 | INFO | Query 3 Size of the filtered table is = 394
2025-02-10 12:44 | INFO | Training Time Active Learning Classifier: 48.68 seconds
2025-02-10 12:44 | INFO | Training Time Active Learning Regressor: 9.6 seconds
2025-02-10 12:58 | INFO | Query 3 Active Learning Runtime on Validation Set: 771253.28
2025-02-10 12:58 | INFO | Query 3 Active Learning Runtime on Test Set: 581204.48
2025-02-10 12:58 | INFO | Query 3 Active Learning Instance Cost: 86810.44
2025-02-10 12:58 | INFO | Timeout limit is increased to 300
2025-02-10 13:03 | INFO | Query 4 Size of the uncertainty table is = 37174/39325
2025-02-10 13:03 | INFO | Query 4 Size of the filtered table is = 394
2025-02-10 13:04 | INFO | Training Time Active Learning Classifier: 50.23 seconds
2025-02-10 13:05 | INFO | Training Time Active Learning Regressor: 9.85 seconds
2025-02-10 13:17 | INFO | Query 4 Active Learning Runtime on Validation Set: 735614.8
2025-02-10 13:17 | INFO | Query 4 Active Learning Runtime on Test Set: 545428.34
2025-02-10 13:17 | INFO | Query 4 Active Learning Instance Cost: 147943.88
2025-02-10 13:23 | INFO | Query 5 Size of the uncertainty table is = 36598/39325
2025-02-10 13:23 | INFO | Query 5 Size of the filtered table is = 394
2025-02-10 13:25 | INFO | Training Time Active Learning Classifier: 51.46 seconds
2025-02-10 13:25 | INFO | Training Time Active Learning Regressor: 10.62 seconds
2025-02-10 13:38 | INFO | Query 5 Active Learning Runtime on Validation Set: 520299.85000000003
2025-02-10 13:38 | INFO | Query 5 Active Learning Runtime on Test Set: 437784.82
2025-02-10 13:38 | INFO | Query 5 Active Learning Instance Cost: 190629.24
2025-02-10 13:43 | INFO | Query 6 Size of the uncertainty table is = 35809/39325
2025-02-10 13:43 | INFO | Query 6 Size of the filtered table is = 394
2025-02-10 13:45 | INFO | Training Time Active Learning Classifier: 53.29 seconds
2025-02-10 13:45 | INFO | Training Time Active Learning Regressor: 11.11 seconds
2025-02-10 13:58 | INFO | Query 6 Active Learning Runtime on Validation Set: 158082.09000000003
2025-02-10 13:58 | INFO | Query 6 Active Learning Runtime on Test Set: 329257.17000000004
2025-02-10 13:58 | INFO | Query 6 Active Learning Instance Cost: 223800.68
2025-02-10 14:03 | INFO | Query 7 Size of the uncertainty table is = 35013/39325
2025-02-10 14:03 | INFO | Query 7 Size of the filtered table is = 394
2025-02-10 14:05 | INFO | Training Time Active Learning Classifier: 55.74 seconds
2025-02-10 14:05 | INFO | Training Time Active Learning Regressor: 11.36 seconds
2025-02-10 14:18 | INFO | Query 7 Active Learning Runtime on Validation Set: 268852.77
2025-02-10 14:18 | INFO | Query 7 Active Learning Runtime on Test Set: 293704.8
2025-02-10 14:18 | INFO | Query 7 Active Learning Instance Cost: 263229.64
2025-02-10 14:18 | INFO | Timeout limit is increased to 400
2025-02-10 14:24 | INFO | Query 8 Size of the uncertainty table is = 34008/39325
2025-02-10 14:24 | INFO | Query 8 Size of the filtered table is = 394
2025-02-10 14:26 | INFO | Training Time Active Learning Classifier: 58.76 seconds
2025-02-10 14:26 | INFO | Training Time Active Learning Regressor: 12.39 seconds
2025-02-10 14:39 | INFO | Query 8 Active Learning Runtime on Validation Set: 339075.37
2025-02-10 14:39 | INFO | Query 8 Active Learning Runtime on Test Set: 257329.45
2025-02-10 14:39 | INFO | Query 8 Active Learning Instance Cost: 312457.7
2025-02-10 14:39 | INFO | Timeout limit is increased to 500
2025-02-10 14:45 | INFO | Query 9 Size of the uncertainty table is = 32700/39325
2025-02-10 14:45 | INFO | Query 9 Size of the filtered table is = 394
2025-02-10 14:47 | INFO | Training Time Active Learning Classifier: 60.26 seconds
2025-02-10 14:47 | INFO | Training Time Active Learning Regressor: 13.17 seconds
2025-02-10 15:00 | INFO | Query 9 Active Learning Runtime on Validation Set: 447057.56
2025-02-10 15:00 | INFO | Query 9 Active Learning Runtime on Test Set: 292608.11
2025-02-10 15:00 | INFO | Query 9 Active Learning Instance Cost: 375198.46
2025-02-10 15:00 | INFO | Timeout limit is increased to 600
2025-02-10 15:06 | INFO | Query 10 Size of the uncertainty table is = 31729/39325
2025-02-10 15:06 | INFO | Query 10 Size of the filtered table is = 394
2025-02-10 15:08 | INFO | Training Time Active Learning Classifier: 62.65 seconds
2025-02-10 15:08 | INFO | Training Time Active Learning Regressor: 13.85 seconds
2025-02-10 15:21 | INFO | Query 10 Active Learning Runtime on Validation Set: 330383.81
2025-02-10 15:21 | INFO | Query 10 Active Learning Runtime on Test Set: 148065.24000000002
2025-02-10 15:21 | INFO | Query 10 Active Learning Instance Cost: 502929.52
2025-02-10 15:27 | INFO | Query 11 Size of the uncertainty table is = 30776/39325
2025-02-10 15:27 | INFO | Query 11 Size of the filtered table is = 394
2025-02-10 15:29 | INFO | Training Time Active Learning Classifier: 64.58 seconds
2025-02-10 15:29 | INFO | Training Time Active Learning Regressor: 14.56 seconds
2025-02-10 15:43 | INFO | Query 11 Active Learning Runtime on Validation Set: 330793.09
2025-02-10 15:43 | INFO | Query 11 Active Learning Runtime on Test Set: 183959.59000000003
2025-02-10 15:43 | INFO | Query 11 Active Learning Instance Cost: 615116.62
2025-02-10 15:43 | INFO | Timeout limit is increased to 700
2025-02-10 15:48 | INFO | Query 12 Size of the uncertainty table is = 29843/39325
2025-02-10 15:48 | INFO | Query 12 Size of the filtered table is = 394
2025-02-10 15:50 | INFO | Training Time Active Learning Classifier: 66.64 seconds
2025-02-10 15:51 | INFO | Training Time Active Learning Regressor: 15.32 seconds
2025-02-10 16:04 | INFO | Query 12 Active Learning Runtime on Validation Set: 330673.24
2025-02-10 16:04 | INFO | Query 12 Active Learning Runtime on Test Set: 148280.6
2025-02-10 16:04 | INFO | Query 12 Active Learning Instance Cost: 694208.08
2025-02-10 16:10 | INFO | Query 13 Size of the uncertainty table is = 28956/39325
2025-02-10 16:10 | INFO | Query 13 Size of the filtered table is = 394
2025-02-10 16:12 | INFO | Training Time Active Learning Classifier: 68.36 seconds
2025-02-10 16:12 | INFO | Training Time Active Learning Regressor: 16.23 seconds
2025-02-10 16:25 | INFO | Query 13 Active Learning Runtime on Validation Set: 367171.17000000004
2025-02-10 16:25 | INFO | Query 13 Active Learning Runtime on Test Set: 183606.29
2025-02-10 16:25 | INFO | Query 13 Active Learning Instance Cost: 757634.48
2025-02-10 16:25 | INFO | Timeout limit is increased to 800
2025-02-10 16:31 | INFO | Query 14 Size of the uncertainty table is = 27932/39325
2025-02-10 16:31 | INFO | Query 14 Size of the filtered table is = 394
2025-02-10 16:33 | INFO | Training Time Active Learning Classifier: 70.36 seconds
2025-02-10 16:34 | INFO | Training Time Active Learning Regressor: 17.03 seconds
2025-02-10 16:47 | INFO | Query 14 Active Learning Runtime on Validation Set: 438774.17000000004
2025-02-10 16:47 | INFO | Query 14 Active Learning Runtime on Test Set: 183337.82
2025-02-10 16:47 | INFO | Query 14 Active Learning Instance Cost: 789966.34
2025-02-10 16:47 | INFO | Timeout limit is increased to 900
2025-02-10 16:53 | INFO | Query 15 Size of the uncertainty table is = 26916/39325
2025-02-10 16:53 | INFO | Query 15 Size of the filtered table is = 394
2025-02-10 16:55 | INFO | Training Time Active Learning Classifier: 72.5 seconds
2025-02-10 16:55 | INFO | Training Time Active Learning Regressor: 17.69 seconds
2025-02-10 17:08 | INFO | Query 15 Active Learning Runtime on Validation Set: 294345.16000000003
2025-02-10 17:08 | INFO | Query 15 Active Learning Runtime on Test Set: 183727.45
2025-02-10 17:08 | INFO | Query 15 Active Learning Instance Cost: 829976.03
2025-02-10 17:14 | INFO | Query 16 Size of the uncertainty table is = 26211/39325
2025-02-10 17:14 | INFO | Query 16 Size of the filtered table is = 394
2025-02-10 17:16 | INFO | Training Time Active Learning Classifier: 73.57 seconds
2025-02-10 17:17 | INFO | Training Time Active Learning Regressor: 18.23 seconds
2025-02-10 17:30 | INFO | Query 16 Active Learning Runtime on Validation Set: 258676.97
2025-02-10 17:30 | INFO | Query 16 Active Learning Runtime on Test Set: 183797.07
2025-02-10 17:30 | INFO | Query 16 Active Learning Instance Cost: 878328.53
2025-02-10 17:36 | INFO | Query 17 Size of the uncertainty table is = 25718/39325
2025-02-10 17:36 | INFO | Query 17 Size of the filtered table is = 394
2025-02-10 17:38 | INFO | Training Time Active Learning Classifier: 74.36 seconds
2025-02-10 17:38 | INFO | Training Time Active Learning Regressor: 18.93 seconds
2025-02-10 17:51 | INFO | Query 17 Active Learning Runtime on Validation Set: 438904.53
2025-02-10 17:51 | INFO | Query 17 Active Learning Runtime on Test Set: 183141.80000000002
2025-02-10 17:51 | INFO | Query 17 Active Learning Instance Cost: 940574.61
2025-02-10 17:51 | INFO | Timeout limit is increased to 1000
2025-02-10 17:57 | INFO | Query 18 Size of the uncertainty table is = 25017/39325
2025-02-10 17:57 | INFO | Query 18 Size of the filtered table is = 394
2025-02-10 18:00 | INFO | Training Time Active Learning Classifier: 75.33 seconds
2025-02-10 18:00 | INFO | Training Time Active Learning Regressor: 19.47 seconds
2025-02-10 18:13 | INFO | Query 18 Active Learning Runtime on Validation Set: 294424.97000000003
2025-02-10 18:13 | INFO | Query 18 Active Learning Runtime on Test Set: 147440.34000000003
2025-02-10 18:13 | INFO | Query 18 Active Learning Instance Cost: 1003152.18
2025-02-10 18:19 | INFO | Query 19 Size of the uncertainty table is = 24134/39325
2025-02-10 18:19 | INFO | Query 19 Size of the filtered table is = 394
2025-02-10 18:21 | INFO | Training Time Active Learning Classifier: 77.22 seconds
2025-02-10 18:22 | INFO | Training Time Active Learning Regressor: 20.02 seconds
2025-02-10 18:35 | INFO | Query 19 Active Learning Runtime on Validation Set: 332041.89
2025-02-10 18:35 | INFO | Query 19 Active Learning Runtime on Test Set: 183500.07
2025-02-10 18:35 | INFO | Query 19 Active Learning Instance Cost: 1034248.97
2025-02-10 18:35 | INFO | Timeout limit is increased to 1100
2025-02-10 18:41 | INFO | Query 20 Size of the uncertainty table is = 23385/39325
2025-02-10 18:41 | INFO | Query 20 Size of the filtered table is = 394
2025-02-10 18:43 | INFO | Training Time Active Learning Classifier: 78.09 seconds
2025-02-10 18:43 | INFO | Training Time Active Learning Regressor: 20.51 seconds
2025-02-10 18:56 | INFO | Query 20 Active Learning Runtime on Validation Set: 366818.16000000003
2025-02-10 18:56 | INFO | Query 20 Active Learning Runtime on Test Set: 183173.0
2025-02-10 18:56 | INFO | Query 20 Active Learning Instance Cost: 1095820.35
2025-02-10 18:56 | INFO | Timeout limit is increased to 1200
2025-02-10 19:02 | INFO | Query 21 Size of the uncertainty table is = 22985/39325
2025-02-10 19:02 | INFO | Query 21 Size of the filtered table is = 394
2025-02-10 19:05 | INFO | Training Time Active Learning Classifier: 79.33 seconds
2025-02-10 19:05 | INFO | Training Time Active Learning Regressor: 21.12 seconds
2025-02-10 19:18 | INFO | Query 21 Active Learning Runtime on Validation Set: 366694.34
2025-02-10 19:18 | INFO | Query 21 Active Learning Runtime on Test Set: 183130.5
2025-02-10 19:18 | INFO | Query 21 Active Learning Instance Cost: 1198763.5
2025-02-10 19:24 | INFO | Query 22 Size of the uncertainty table is = 22539/39325
2025-02-10 19:24 | INFO | Query 22 Size of the filtered table is = 394
2025-02-10 19:27 | INFO | Training Time Active Learning Classifier: 80.54 seconds
2025-02-10 19:27 | INFO | Training Time Active Learning Regressor: 21.39 seconds
2025-02-10 19:40 | INFO | Query 22 Active Learning Runtime on Validation Set: 259591.11000000002
2025-02-10 19:40 | INFO | Query 22 Active Learning Runtime on Test Set: 183157.44
2025-02-10 19:40 | INFO | Query 22 Active Learning Instance Cost: 1268670.0
2025-02-10 19:46 | INFO | Query 23 Size of the uncertainty table is = 22024/39325
2025-02-10 19:46 | INFO | Query 23 Size of the filtered table is = 394
2025-02-10 19:48 | INFO | Training Time Active Learning Classifier: 80.87 seconds
2025-02-10 19:49 | INFO | Training Time Active Learning Regressor: 21.63 seconds
2025-02-10 20:02 | INFO | Query 23 Active Learning Runtime on Validation Set: 295187.8
2025-02-10 20:02 | INFO | Query 23 Active Learning Runtime on Test Set: 183634.05000000002
2025-02-10 20:02 | INFO | Query 23 Active Learning Instance Cost: 1312894.11
2025-02-10 20:02 | INFO | Timeout limit is increased to 1300
2025-02-10 20:08 | INFO | Query 24 Size of the uncertainty table is = 21745/39325
2025-02-10 20:08 | INFO | Query 24 Size of the filtered table is = 394
2025-02-10 20:10 | INFO | Training Time Active Learning Classifier: 81.45 seconds
2025-02-10 20:10 | INFO | Training Time Active Learning Regressor: 22.0 seconds
2025-02-10 20:23 | INFO | Query 24 Active Learning Runtime on Validation Set: 330752.93
2025-02-10 20:23 | INFO | Query 24 Active Learning Runtime on Test Set: 219472.85
2025-02-10 20:23 | INFO | Query 24 Active Learning Instance Cost: 1389331.61
2025-02-10 20:23 | INFO | Timeout limit is increased to 1400
2025-02-10 20:29 | INFO | Query 25 Size of the uncertainty table is = 21427/39325
2025-02-10 20:29 | INFO | Query 25 Size of the filtered table is = 394
2025-02-10 20:32 | INFO | Training Time Active Learning Classifier: 82.05 seconds
2025-02-10 20:32 | INFO | Training Time Active Learning Regressor: 21.77 seconds
2025-02-10 20:45 | INFO | Query 25 Active Learning Runtime on Validation Set: 331504.72000000003
2025-02-10 20:45 | INFO | Query 25 Active Learning Runtime on Test Set: 147698.75
2025-02-10 20:45 | INFO | Query 25 Active Learning Instance Cost: 1470356.84
2025-02-10 20:45 | INFO | Timeout limit is increased to 1500
2025-02-10 20:51 | INFO | Query 26 Size of the uncertainty table is = 21163/39325
2025-02-10 20:51 | INFO | Query 26 Size of the filtered table is = 394
2025-02-10 20:53 | INFO | Training Time Active Learning Classifier: 82.72 seconds
2025-02-10 20:54 | INFO | Training Time Active Learning Regressor: 22.09 seconds
2025-02-10 21:07 | INFO | Query 26 Active Learning Runtime on Validation Set: 331334.99
2025-02-10 21:07 | INFO | Query 26 Active Learning Runtime on Test Set: 183204.12000000002
2025-02-10 21:07 | INFO | Query 26 Active Learning Instance Cost: 1513702.11
2025-02-10 21:13 | INFO | Query 27 Size of the uncertainty table is = 20780/39325
2025-02-10 21:13 | INFO | Query 27 Size of the filtered table is = 394
2025-02-10 21:15 | INFO | Training Time Active Learning Classifier: 82.91 seconds
2025-02-10 21:15 | INFO | Training Time Active Learning Regressor: 22.15 seconds
2025-02-10 21:28 | INFO | Query 27 Active Learning Runtime on Validation Set: 331281.37
2025-02-10 21:28 | INFO | Query 27 Active Learning Runtime on Test Set: 183306.89
2025-02-10 21:28 | INFO | Query 27 Active Learning Instance Cost: 1552541.43
2025-02-10 21:34 | INFO | Query 28 Size of the uncertainty table is = 20515/39325
2025-02-10 21:34 | INFO | Query 28 Size of the filtered table is = 394
2025-02-10 21:37 | INFO | Training Time Active Learning Classifier: 83.64 seconds
2025-02-10 21:37 | INFO | Training Time Active Learning Regressor: 22.37 seconds
2025-02-10 21:50 | INFO | Query 28 Active Learning Runtime on Validation Set: 223302.44
2025-02-10 21:50 | INFO | Query 28 Active Learning Runtime on Test Set: 183275.40000000002
2025-02-10 21:50 | INFO | Query 28 Active Learning Instance Cost: 1604776.42
2025-02-10 21:56 | INFO | Query 29 Size of the uncertainty table is = 20320/39325
2025-02-10 21:56 | INFO | Query 29 Size of the filtered table is = 394
2025-02-10 21:58 | INFO | Training Time Active Learning Classifier: 83.75 seconds
2025-02-10 21:58 | INFO | Training Time Active Learning Regressor: 22.5 seconds
2025-02-10 22:11 | INFO | Query 29 Active Learning Runtime on Validation Set: 366595.8
2025-02-10 22:11 | INFO | Query 29 Active Learning Runtime on Test Set: 183310.16
2025-02-10 22:11 | INFO | Query 29 Active Learning Instance Cost: 1638769.16
2025-02-10 22:11 | INFO | Timeout limit is increased to 1600
2025-02-10 22:17 | INFO | Query 30 Size of the uncertainty table is = 20179/39325
2025-02-10 22:17 | INFO | Query 30 Size of the filtered table is = 394
2025-02-10 22:20 | INFO | Training Time Active Learning Classifier: 84.01 seconds
2025-02-10 22:20 | INFO | Training Time Active Learning Regressor: 22.58 seconds
2025-02-10 22:33 | INFO | Query 30 Active Learning Runtime on Validation Set: 329970.25
2025-02-10 22:33 | INFO | Query 30 Active Learning Runtime on Test Set: 183419.46000000002
2025-02-10 22:33 | INFO | Query 30 Active Learning Instance Cost: 1697388.29
2025-02-10 22:39 | INFO | Query 31 Size of the uncertainty table is = 20022/39325
2025-02-10 22:39 | INFO | Query 31 Size of the filtered table is = 394
2025-02-10 22:41 | INFO | Training Time Active Learning Classifier: 84.51 seconds
2025-02-10 22:41 | INFO | Training Time Active Learning Regressor: 22.71 seconds
2025-02-10 22:54 | INFO | Query 31 Active Learning Runtime on Validation Set: 258807.71000000002
2025-02-10 22:54 | INFO | Query 31 Active Learning Runtime on Test Set: 183217.43000000002
2025-02-10 22:54 | INFO | Query 31 Active Learning Instance Cost: 1740430.4
2025-02-10 23:00 | INFO | Query 32 Size of the uncertainty table is = 19934/39325
2025-02-10 23:00 | INFO | Query 32 Size of the filtered table is = 394
2025-02-10 23:02 | INFO | Training Time Active Learning Classifier: 84.35 seconds
2025-02-10 23:03 | INFO | Training Time Active Learning Regressor: 23.12 seconds
2025-02-10 23:16 | INFO | Query 32 Active Learning Runtime on Validation Set: 295416.11
2025-02-10 23:16 | INFO | Query 32 Active Learning Runtime on Test Set: 183593.68000000002
2025-02-10 23:16 | INFO | Query 32 Active Learning Instance Cost: 1774036.87
2025-02-10 23:16 | INFO | Timeout limit is increased to 1700
2025-02-10 23:22 | INFO | Query 33 Size of the uncertainty table is = 19816/39325
2025-02-10 23:22 | INFO | Query 33 Size of the filtered table is = 394
2025-02-10 23:24 | INFO | Training Time Active Learning Classifier: 85.24 seconds
2025-02-10 23:24 | INFO | Training Time Active Learning Regressor: 23.28 seconds
2025-02-10 23:37 | INFO | Query 33 Active Learning Runtime on Validation Set: 474204.38
2025-02-10 23:37 | INFO | Query 33 Active Learning Runtime on Test Set: 183758.47
2025-02-10 23:37 | INFO | Query 33 Active Learning Instance Cost: 1829124.6
2025-02-10 23:37 | INFO | Timeout limit is increased to 1800
2025-02-10 23:43 | INFO | Query 34 Size of the uncertainty table is = 19492/39325
2025-02-10 23:43 | INFO | Query 34 Size of the filtered table is = 394
2025-02-10 23:45 | INFO | Training Time Active Learning Classifier: 84.95 seconds
2025-02-10 23:46 | INFO | Training Time Active Learning Regressor: 23.22 seconds
2025-02-10 23:59 | INFO | Query 34 Active Learning Runtime on Validation Set: 439408.92000000004
2025-02-10 23:59 | INFO | Query 34 Active Learning Runtime on Test Set: 183500.14
2025-02-10 23:59 | INFO | Query 34 Active Learning Instance Cost: 1898277.47
2025-02-11 00:04 | INFO | Query 35 Size of the uncertainty table is = 19399/39325
2025-02-11 00:04 | INFO | Query 35 Size of the filtered table is = 394
2025-02-11 00:06 | INFO | Training Time Active Learning Classifier: 85.09 seconds
2025-02-11 00:07 | INFO | Training Time Active Learning Regressor: 23.29 seconds
2025-02-11 00:20 | INFO | Query 35 Active Learning Runtime on Validation Set: 403098.93
2025-02-11 00:20 | INFO | Query 35 Active Learning Runtime on Test Set: 183217.15000000002
2025-02-11 00:20 | INFO | Query 35 Active Learning Instance Cost: 1938947.95
2025-02-11 00:26 | INFO | Query 36 Size of the uncertainty table is = 19337/39325
2025-02-11 00:26 | INFO | Query 36 Size of the filtered table is = 394
2025-02-11 00:28 | INFO | Training Time Active Learning Classifier: 85.19 seconds
2025-02-11 00:28 | INFO | Training Time Active Learning Regressor: 23.37 seconds
2025-02-11 00:41 | INFO | Query 36 Active Learning Runtime on Validation Set: 330969.44
2025-02-11 00:41 | INFO | Query 36 Active Learning Runtime on Test Set: 183403.18000000002
2025-02-11 00:41 | INFO | Query 36 Active Learning Instance Cost: 1966059.35
2025-02-11 00:47 | INFO | Query 37 Size of the uncertainty table is = 19277/39325
2025-02-11 00:47 | INFO | Query 37 Size of the filtered table is = 394
2025-02-11 00:49 | INFO | Training Time Active Learning Classifier: 85.65 seconds
2025-02-11 00:50 | INFO | Training Time Active Learning Regressor: 23.6 seconds
2025-02-11 01:03 | INFO | Query 37 Active Learning Runtime on Validation Set: 366310.18
2025-02-11 01:03 | INFO | Query 37 Active Learning Runtime on Test Set: 183629.51
2025-02-11 01:03 | INFO | Query 37 Active Learning Instance Cost: 1976995.45
2025-02-11 01:03 | INFO | Timeout limit is increased to 1900
2025-02-11 01:08 | INFO | Query 38 Size of the uncertainty table is = 19154/39325
2025-02-11 01:08 | INFO | Query 38 Size of the filtered table is = 394
2025-02-11 01:10 | INFO | Training Time Active Learning Classifier: 85.71 seconds
2025-02-11 01:11 | INFO | Training Time Active Learning Regressor: 23.55 seconds
2025-02-11 01:24 | INFO | Query 38 Active Learning Runtime on Validation Set: 402789.59
2025-02-11 01:24 | INFO | Query 38 Active Learning Runtime on Test Set: 219697.76
2025-02-11 01:24 | INFO | Query 38 Active Learning Instance Cost: 2034339.01
2025-02-11 01:24 | INFO | Timeout limit is increased to 2000
2025-02-11 01:30 | INFO | Query 39 Size of the uncertainty table is = 19124/39325
2025-02-11 01:30 | INFO | Query 39 Size of the filtered table is = 394
2025-02-11 01:32 | INFO | Training Time Active Learning Classifier: 86.1 seconds
2025-02-11 01:32 | INFO | Training Time Active Learning Regressor: 23.74 seconds
2025-02-11 01:45 | INFO | Query 39 Active Learning Runtime on Validation Set: 367122.67000000004
2025-02-11 01:45 | INFO | Query 39 Active Learning Runtime on Test Set: 183212.23
2025-02-11 01:45 | INFO | Query 39 Active Learning Instance Cost: 2090480.69
2025-02-11 01:51 | INFO | Query 40 Size of the uncertainty table is = 19067/39325
2025-02-11 01:51 | INFO | Query 40 Size of the filtered table is = 394
2025-02-11 01:53 | INFO | Training Time Active Learning Classifier: 85.7 seconds
2025-02-11 01:53 | INFO | Training Time Active Learning Regressor: 23.67 seconds
2025-02-11 02:07 | INFO | Query 40 Active Learning Runtime on Validation Set: 331514.32
2025-02-11 02:07 | INFO | Query 40 Active Learning Runtime on Test Set: 183211.38
2025-02-11 02:07 | INFO | Query 40 Active Learning Instance Cost: 2128404.07
2025-02-11 02:12 | INFO | Query 41 Size of the uncertainty table is = 19023/39325
2025-02-11 02:12 | INFO | Query 41 Size of the filtered table is = 394
2025-02-11 02:14 | INFO | Training Time Active Learning Classifier: 86.2 seconds
2025-02-11 02:15 | INFO | Training Time Active Learning Regressor: 23.9 seconds
2025-02-11 02:28 | INFO | Query 41 Active Learning Runtime on Validation Set: 366751.96
2025-02-11 02:28 | INFO | Query 41 Active Learning Runtime on Test Set: 183210.36000000002
2025-02-11 02:28 | INFO | Query 41 Active Learning Instance Cost: 2155476.77
2025-02-11 02:28 | INFO | Timeout limit is increased to 2100
2025-02-11 02:34 | INFO | Query 42 Size of the uncertainty table is = 18982/39325
2025-02-11 02:34 | INFO | Query 42 Size of the filtered table is = 394
2025-02-11 02:36 | INFO | Training Time Active Learning Classifier: 86.0 seconds
2025-02-11 02:36 | INFO | Training Time Active Learning Regressor: 23.69 seconds
2025-02-11 02:49 | INFO | Query 42 Active Learning Runtime on Validation Set: 294977.43
2025-02-11 02:49 | INFO | Query 42 Active Learning Runtime on Test Set: 183227.45
2025-02-11 02:49 | INFO | Query 42 Active Learning Instance Cost: 2213883.49
2025-02-11 02:55 | INFO | Query 43 Size of the uncertainty table is = 18944/39325
2025-02-11 02:55 | INFO | Query 43 Size of the filtered table is = 394
2025-02-11 02:57 | INFO | Training Time Active Learning Classifier: 86.4 seconds
2025-02-11 02:57 | INFO | Training Time Active Learning Regressor: 23.83 seconds
2025-02-11 03:11 | INFO | Query 43 Active Learning Runtime on Validation Set: 260559.28000000003
2025-02-11 03:11 | INFO | Query 43 Active Learning Runtime on Test Set: 147408.0
2025-02-11 03:11 | INFO | Query 43 Active Learning Instance Cost: 2254807.61
2025-02-11 03:16 | INFO | Query 44 Size of the uncertainty table is = 18894/39325
2025-02-11 03:16 | INFO | Query 44 Size of the filtered table is = 394
2025-02-11 03:18 | INFO | Training Time Active Learning Classifier: 86.37 seconds
2025-02-11 03:19 | INFO | Training Time Active Learning Regressor: 23.87 seconds
2025-02-11 03:32 | INFO | Query 44 Active Learning Runtime on Validation Set: 260419.41
2025-02-11 03:32 | INFO | Query 44 Active Learning Runtime on Test Set: 183594.77000000002
2025-02-11 03:32 | INFO | Query 44 Active Learning Instance Cost: 2277920.66
2025-02-11 03:38 | INFO | Query 45 Size of the uncertainty table is = 18866/39325
2025-02-11 03:38 | INFO | Query 45 Size of the filtered table is = 394
2025-02-11 03:40 | INFO | Training Time Active Learning Classifier: 86.61 seconds
2025-02-11 03:40 | INFO | Training Time Active Learning Regressor: 24.15 seconds
2025-02-11 03:54 | INFO | Query 45 Active Learning Runtime on Validation Set: 223919.76
2025-02-11 03:54 | INFO | Query 45 Active Learning Runtime on Test Set: 183560.23
2025-02-11 03:54 | INFO | Query 45 Active Learning Instance Cost: 2299655.66
2025-02-11 03:59 | INFO | Query 46 Size of the uncertainty table is = 18782/39325
2025-02-11 03:59 | INFO | Query 46 Size of the filtered table is = 394
2025-02-11 04:02 | INFO | Training Time Active Learning Classifier: 86.87 seconds
2025-02-11 04:02 | INFO | Training Time Active Learning Regressor: 23.86 seconds
2025-02-11 04:15 | INFO | Query 46 Active Learning Runtime on Validation Set: 331647.13
2025-02-11 04:15 | INFO | Query 46 Active Learning Runtime on Test Set: 183581.7
2025-02-11 04:15 | INFO | Query 46 Active Learning Instance Cost: 2320068.79
2025-02-11 04:15 | INFO | Timeout limit is increased to 2200
2025-02-11 04:21 | INFO | Query 47 Size of the uncertainty table is = 18713/39325
2025-02-11 04:21 | INFO | Query 47 Size of the filtered table is = 394
2025-02-11 04:23 | INFO | Training Time Active Learning Classifier: 87.18 seconds
2025-02-11 04:24 | INFO | Training Time Active Learning Regressor: 24.02 seconds
2025-02-11 04:37 | INFO | Query 47 Active Learning Runtime on Validation Set: 402761.22000000003
2025-02-11 04:37 | INFO | Query 47 Active Learning Runtime on Test Set: 183175.69
2025-02-11 04:37 | INFO | Query 47 Active Learning Instance Cost: 2371142.05
2025-02-11 04:37 | INFO | Timeout limit is increased to 2300
2025-02-11 04:42 | INFO | Query 48 Size of the uncertainty table is = 18606/39325
2025-02-11 04:42 | INFO | Query 48 Size of the filtered table is = 394
2025-02-11 04:45 | INFO | Training Time Active Learning Classifier: 87.47 seconds
2025-02-11 04:45 | INFO | Training Time Active Learning Regressor: 24.02 seconds
2025-02-11 04:58 | INFO | Query 48 Active Learning Runtime on Validation Set: 295236.36
2025-02-11 04:58 | INFO | Query 48 Active Learning Runtime on Test Set: 183545.73
2025-02-11 04:58 | INFO | Query 48 Active Learning Instance Cost: 2429782.64
2025-02-11 05:04 | INFO | Query 49 Size of the uncertainty table is = 18574/39325
2025-02-11 05:04 | INFO | Query 49 Size of the filtered table is = 394
2025-02-11 05:06 | INFO | Training Time Active Learning Classifier: 87.56 seconds
2025-02-11 05:06 | INFO | Training Time Active Learning Regressor: 24.1 seconds
2025-02-11 05:20 | INFO | Query 49 Active Learning Runtime on Validation Set: 295425.51
2025-02-11 05:20 | INFO | Query 49 Active Learning Runtime on Test Set: 183576.86000000002
2025-02-11 05:20 | INFO | Query 49 Active Learning Instance Cost: 2461784.68
2025-02-11 05:20 | INFO | Timeout limit is increased to 2400
2025-02-11 05:25 | INFO | Query 50 Size of the uncertainty table is = 18505/39325
2025-02-11 05:25 | INFO | Query 50 Size of the filtered table is = 394
2025-02-11 05:27 | INFO | Training Time Active Learning Classifier: 87.55 seconds
2025-02-11 05:28 | INFO | Training Time Active Learning Regressor: 24.15 seconds
2025-02-11 05:41 | INFO | Query 50 Active Learning Runtime on Validation Set: 295252.13
2025-02-11 05:41 | INFO | Query 50 Active Learning Runtime on Test Set: 183708.72
2025-02-11 05:41 | INFO | Query 50 Active Learning Instance Cost: 2522290.11
2025-02-11 05:47 | INFO | Query 51 Size of the uncertainty table is = 18487/39325
2025-02-11 05:47 | INFO | Query 51 Size of the filtered table is = 394
2025-02-11 05:49 | INFO | Training Time Active Learning Classifier: 87.43 seconds
2025-02-11 05:49 | INFO | Training Time Active Learning Regressor: 24.13 seconds
2025-02-11 06:02 | INFO | Query 51 Active Learning Runtime on Validation Set: 294781.84
2025-02-11 06:02 | INFO | Query 51 Active Learning Runtime on Test Set: 183720.6
2025-02-11 06:02 | INFO | Query 51 Active Learning Instance Cost: 2558701.83
2025-02-11 06:08 | INFO | Query 52 Size of the uncertainty table is = 18445/39325
2025-02-11 06:08 | INFO | Query 52 Size of the filtered table is = 394
2025-02-11 06:10 | INFO | Training Time Active Learning Classifier: 87.49 seconds
2025-02-11 06:10 | INFO | Training Time Active Learning Regressor: 24.16 seconds
2025-02-11 06:24 | INFO | Query 52 Active Learning Runtime on Validation Set: 294596.25
2025-02-11 06:24 | INFO | Query 52 Active Learning Runtime on Test Set: 183350.97
2025-02-11 06:24 | INFO | Query 52 Active Learning Instance Cost: 2579804.6
2025-02-11 06:29 | INFO | Query 53 Size of the uncertainty table is = 18430/39325
2025-02-11 06:29 | INFO | Query 53 Size of the filtered table is = 394
2025-02-11 06:31 | INFO | Training Time Active Learning Classifier: 87.79 seconds
2025-02-11 06:32 | INFO | Training Time Active Learning Regressor: 24.3 seconds
2025-02-11 06:45 | INFO | Query 53 Active Learning Runtime on Validation Set: 330489.87
2025-02-11 06:45 | INFO | Query 53 Active Learning Runtime on Test Set: 183424.85
2025-02-11 06:45 | INFO | Query 53 Active Learning Instance Cost: 2608163.19
2025-02-11 06:45 | INFO | Timeout limit is increased to 2500
2025-02-11 06:51 | INFO | Query 54 Size of the uncertainty table is = 18403/39325
2025-02-11 06:51 | INFO | Query 54 Size of the filtered table is = 394
2025-02-11 06:53 | INFO | Training Time Active Learning Classifier: 87.59 seconds
2025-02-11 06:53 | INFO | Training Time Active Learning Regressor: 24.2 seconds
2025-02-11 07:07 | INFO | Query 54 Active Learning Runtime on Validation Set: 330800.43
2025-02-11 07:07 | INFO | Query 54 Active Learning Runtime on Test Set: 183212.94
2025-02-11 07:07 | INFO | Query 54 Active Learning Instance Cost: 2664606.18
2025-02-11 07:07 | INFO | Timeout limit is increased to 2600
2025-02-11 07:12 | INFO | Query 55 Size of the uncertainty table is = 18380/39325
2025-02-11 07:12 | INFO | Query 55 Size of the filtered table is = 394
2025-02-11 07:14 | INFO | Training Time Active Learning Classifier: 88.07 seconds
2025-02-11 07:15 | INFO | Training Time Active Learning Regressor: 24.21 seconds
2025-02-11 07:28 | INFO | Query 55 Active Learning Runtime on Validation Set: 330413.32
2025-02-11 07:28 | INFO | Query 55 Active Learning Runtime on Test Set: 183212.81000000003
2025-02-11 07:28 | INFO | Query 55 Active Learning Instance Cost: 2728424.82
2025-02-11 07:34 | INFO | Query 56 Size of the uncertainty table is = 18338/39325
2025-02-11 07:34 | INFO | Query 56 Size of the filtered table is = 394
2025-02-11 07:36 | INFO | Training Time Active Learning Classifier: 88.39 seconds
2025-02-11 07:36 | INFO | Training Time Active Learning Regressor: 24.47 seconds
2025-02-11 07:50 | INFO | Query 56 Active Learning Runtime on Validation Set: 366445.66000000003
2025-02-11 07:50 | INFO | Query 56 Active Learning Runtime on Test Set: 183322.98
2025-02-11 07:50 | INFO | Query 56 Active Learning Instance Cost: 2755326.54
2025-02-11 07:50 | INFO | Timeout limit is increased to 2700
2025-02-11 07:55 | INFO | Query 57 Size of the uncertainty table is = 18199/39325
2025-02-11 07:55 | INFO | Query 57 Size of the filtered table is = 394
2025-02-11 07:58 | INFO | Training Time Active Learning Classifier: 89.2 seconds
2025-02-11 07:58 | INFO | Training Time Active Learning Regressor: 24.45 seconds
2025-02-11 08:12 | INFO | Query 57 Active Learning Runtime on Validation Set: 330601.03
2025-02-11 08:12 | INFO | Query 57 Active Learning Runtime on Test Set: 183176.37000000002
2025-02-11 08:12 | INFO | Query 57 Active Learning Instance Cost: 2808442.57
2025-02-11 08:17 | INFO | Query 58 Size of the uncertainty table is = 18079/39325
2025-02-11 08:17 | INFO | Query 58 Size of the filtered table is = 394
2025-02-11 08:19 | INFO | Training Time Active Learning Classifier: 88.74 seconds
2025-02-11 08:20 | INFO | Training Time Active Learning Regressor: 24.48 seconds
2025-02-11 08:33 | INFO | Query 58 Active Learning Runtime on Validation Set: 330535.43
2025-02-11 08:33 | INFO | Query 58 Active Learning Runtime on Test Set: 183227.66
2025-02-11 08:33 | INFO | Query 58 Active Learning Instance Cost: 2839549.72
2025-02-11 08:38 | INFO | Query 59 Size of the uncertainty table is = 18061/39325
2025-02-11 08:38 | INFO | Query 59 Size of the filtered table is = 394
2025-02-11 08:40 | INFO | Training Time Active Learning Classifier: 88.64 seconds
2025-02-11 08:41 | INFO | Training Time Active Learning Regressor: 24.61 seconds
2025-02-11 08:54 | INFO | Query 59 Active Learning Runtime on Validation Set: 330535.43
2025-02-11 08:54 | INFO | Query 59 Active Learning Runtime on Test Set: 183228.14
2025-02-11 08:54 | INFO | Query 59 Active Learning Instance Cost: 2859949.74
2025-02-11 08:54 | INFO | Timeout limit is increased to 2800
2025-02-11 09:00 | INFO | Query 60 Size of the uncertainty table is = 18052/39325
2025-02-11 09:00 | INFO | Query 60 Size of the filtered table is = 394
2025-02-11 09:02 | INFO | Training Time Active Learning Classifier: 88.55 seconds
2025-02-11 09:02 | INFO | Training Time Active Learning Regressor: 24.51 seconds
2025-02-11 09:16 | INFO | Query 60 Active Learning Runtime on Validation Set: 366445.16000000003
2025-02-11 09:16 | INFO | Query 60 Active Learning Runtime on Test Set: 183328.86000000002
2025-02-11 09:16 | INFO | Query 60 Active Learning Instance Cost: 2914754.1
2025-02-11 09:16 | INFO | Timeout limit is increased to 2900
2025-02-11 09:21 | INFO | Query 61 Size of the uncertainty table is = 18036/39325
2025-02-11 09:21 | INFO | Query 61 Size of the filtered table is = 394
2025-02-11 09:23 | INFO | Training Time Active Learning Classifier: 88.92 seconds
2025-02-11 09:24 | INFO | Training Time Active Learning Regressor: 24.57 seconds
2025-02-11 09:37 | INFO | Query 61 Active Learning Runtime on Validation Set: 366659.45
2025-02-11 09:37 | INFO | Query 61 Active Learning Runtime on Test Set: 183325.78000000003
2025-02-11 09:37 | INFO | Query 61 Active Learning Instance Cost: 2980859.38
2025-02-11 09:37 | INFO | Timeout limit is increased to 3000
2025-02-11 09:43 | INFO | Query 62 Size of the uncertainty table is = 18026/39325
2025-02-11 09:43 | INFO | Query 62 Size of the filtered table is = 394
2025-02-11 09:45 | INFO | Training Time Active Learning Classifier: 89.08 seconds
2025-02-11 09:45 | INFO | Training Time Active Learning Regressor: 24.51 seconds
2025-02-11 09:59 | INFO | Query 62 Active Learning Runtime on Validation Set: 402817.21
2025-02-11 09:59 | INFO | Query 62 Active Learning Runtime on Test Set: 183196.54
2025-02-11 09:59 | INFO | Query 62 Active Learning Instance Cost: 3054509.28
2025-02-11 09:59 | INFO | Timeout limit is increased to 3100
2025-02-11 10:04 | INFO | Query 63 Size of the uncertainty table is = 18003/39325
2025-02-11 10:04 | INFO | Query 63 Size of the filtered table is = 394
2025-02-11 10:06 | INFO | Training Time Active Learning Classifier: 89.02 seconds
2025-02-11 10:07 | INFO | Training Time Active Learning Regressor: 24.61 seconds
2025-02-11 10:20 | INFO | Query 63 Active Learning Runtime on Validation Set: 402691.36
2025-02-11 10:20 | INFO | Query 63 Active Learning Runtime on Test Set: 183348.76
2025-02-11 10:20 | INFO | Query 63 Active Learning Instance Cost: 3125828.08
2025-02-11 10:26 | INFO | Query 64 Size of the uncertainty table is = 17975/39325
2025-02-11 10:26 | INFO | Query 64 Size of the filtered table is = 394
2025-02-11 10:28 | INFO | Training Time Active Learning Classifier: 89.1 seconds
2025-02-11 10:28 | INFO | Training Time Active Learning Regressor: 24.51 seconds
2025-02-11 10:42 | INFO | Query 64 Active Learning Runtime on Validation Set: 402688.74
2025-02-11 10:42 | INFO | Query 64 Active Learning Runtime on Test Set: 183351.2
2025-02-11 10:42 | INFO | Query 64 Active Learning Instance Cost: 3150634.55
2025-02-11 10:47 | INFO | Query 65 Size of the uncertainty table is = 17961/39325
2025-02-11 10:47 | INFO | Query 65 Size of the filtered table is = 394
2025-02-11 10:49 | INFO | Training Time Active Learning Classifier: 89.05 seconds
2025-02-11 10:50 | INFO | Training Time Active Learning Regressor: 24.59 seconds
2025-02-11 11:03 | INFO | Query 65 Active Learning Runtime on Validation Set: 402265.07
2025-02-11 11:03 | INFO | Query 65 Active Learning Runtime on Test Set: 183196.82
2025-02-11 11:03 | INFO | Query 65 Active Learning Instance Cost: 3180737.77
2025-02-11 11:09 | INFO | Query 66 Size of the uncertainty table is = 17943/39325
2025-02-11 11:09 | INFO | Query 66 Size of the filtered table is = 394
2025-02-11 11:11 | INFO | Training Time Active Learning Classifier: 89.44 seconds
2025-02-11 11:11 | INFO | Training Time Active Learning Regressor: 24.73 seconds
2025-02-11 11:25 | INFO | Query 66 Active Learning Runtime on Validation Set: 402265.07
2025-02-11 11:25 | INFO | Query 66 Active Learning Runtime on Test Set: 183196.82
2025-02-11 11:25 | INFO | Query 66 Active Learning Instance Cost: 3206437.77
2025-02-11 11:25 | INFO | Timeout limit is increased to 3200
2025-02-11 11:30 | INFO | Query 67 Size of the uncertainty table is = 17943/39325
2025-02-11 11:30 | INFO | Query 67 Size of the filtered table is = 394
2025-02-11 11:32 | INFO | Training Time Active Learning Classifier: 89.35 seconds
2025-02-11 11:33 | INFO | Training Time Active Learning Regressor: 24.62 seconds
2025-02-11 11:47 | INFO | Query 67 Active Learning Runtime on Validation Set: 331094.5
2025-02-11 11:47 | INFO | Query 67 Active Learning Runtime on Test Set: 183202.48
2025-02-11 11:47 | INFO | Query 67 Active Learning Instance Cost: 3261740.48
2025-02-11 11:52 | INFO | Query 68 Size of the uncertainty table is = 17929/39325
2025-02-11 11:52 | INFO | Query 68 Size of the filtered table is = 394
2025-02-11 11:54 | INFO | Training Time Active Learning Classifier: 88.89 seconds
2025-02-11 11:54 | INFO | Training Time Active Learning Regressor: 24.58 seconds
2025-02-11 12:08 | INFO | Query 68 Active Learning Runtime on Validation Set: 331144.60000000003
2025-02-11 12:08 | INFO | Query 68 Active Learning Runtime on Test Set: 183203.11000000002
2025-02-11 12:08 | INFO | Query 68 Active Learning Instance Cost: 3296144.63
2025-02-11 12:08 | INFO | Timeout limit is increased to 3300
2025-02-11 12:13 | INFO | Query 69 Size of the uncertainty table is = 17914/39325
2025-02-11 12:13 | INFO | Query 69 Size of the filtered table is = 394
2025-02-11 12:15 | INFO | Training Time Active Learning Classifier: 89.15 seconds
2025-02-11 12:16 | INFO | Training Time Active Learning Regressor: 24.69 seconds
2025-02-11 12:29 | INFO | Query 69 Active Learning Runtime on Validation Set: 331144.60000000003
2025-02-11 12:29 | INFO | Query 69 Active Learning Runtime on Test Set: 183203.11000000002
2025-02-11 12:29 | INFO | Query 69 Active Learning Instance Cost: 3366044.63
2025-02-11 12:29 | INFO | Timeout limit is increased to 3400
2025-02-11 12:35 | INFO | Query 70 Size of the uncertainty table is = 17914/39325
2025-02-11 12:35 | INFO | Query 70 Size of the filtered table is = 394
2025-02-11 12:37 | INFO | Training Time Active Learning Classifier: 89.09 seconds
2025-02-11 12:37 | INFO | Training Time Active Learning Regressor: 24.66 seconds
2025-02-11 12:51 | INFO | Query 70 Active Learning Runtime on Validation Set: 331159.36
2025-02-11 12:51 | INFO | Query 70 Active Learning Runtime on Test Set: 183194.59000000003
2025-02-11 12:51 | INFO | Query 70 Active Learning Instance Cost: 3429145.49
2025-02-11 12:51 | INFO | Timeout limit is increased to 3500
2025-02-11 12:56 | INFO | Query 71 Size of the uncertainty table is = 17909/39325
2025-02-11 12:56 | INFO | Query 71 Size of the filtered table is = 394
2025-02-11 12:58 | INFO | Training Time Active Learning Classifier: 88.93 seconds
2025-02-11 12:59 | INFO | Training Time Active Learning Regressor: 24.67 seconds
2025-02-11 13:12 | INFO | Query 71 Active Learning Runtime on Validation Set: 331161.16000000003
2025-02-11 13:12 | INFO | Query 71 Active Learning Runtime on Test Set: 183194.59000000003
2025-02-11 13:12 | INFO | Query 71 Active Learning Instance Cost: 3505545.55
2025-02-11 13:12 | INFO | Timeout limit is increased to 3600
2025-02-11 13:17 | INFO | Query 72 Size of the uncertainty table is = 17908/39325
2025-02-11 13:17 | INFO | Query 72 Size of the filtered table is = 394
2025-02-11 13:20 | INFO | Training Time Active Learning Classifier: 89.42 seconds
2025-02-11 13:20 | INFO | Training Time Active Learning Regressor: 25.09 seconds
2025-02-11 13:34 | INFO | Query 72 Active Learning Runtime on Validation Set: 331395.23000000004
2025-02-11 13:34 | INFO | Query 72 Active Learning Runtime on Test Set: 183200.14
2025-02-11 13:34 | INFO | Query 72 Active Learning Instance Cost: 3568357.02
2025-02-11 13:34 | INFO | Timeout limit is increased to 3600
2025-02-11 13:38 | INFO | Query 73 Size of the uncertainty table is = 13640/39325
2025-02-11 13:38 | INFO | Query 73 Size of the filtered table is = 394
2025-02-11 13:41 | INFO | Training Time Active Learning Classifier: 92.3 seconds
2025-02-11 13:41 | INFO | Training Time Active Learning Regressor: 25.51 seconds
2025-02-11 13:54 | INFO | Query 73 Active Learning Runtime on Validation Set: 366169.59
2025-02-11 13:54 | INFO | Query 73 Active Learning Runtime on Test Set: 183218.32
2025-02-11 13:54 | INFO | Query 73 Active Learning Instance Cost: 3570005.39
2025-02-11 13:54 | INFO | Timeout limit is increased to 3600
2025-02-11 13:58 | INFO | Query 74 Size of the uncertainty table is = 12624/39325
2025-02-11 13:58 | INFO | Query 74 Size of the filtered table is = 394
2025-02-11 14:01 | INFO | Training Time Active Learning Classifier: 94.44 seconds
2025-02-11 14:02 | INFO | Training Time Active Learning Regressor: 26.18 seconds
2025-02-11 14:15 | INFO | Query 74 Active Learning Runtime on Validation Set: 294599.82
2025-02-11 14:15 | INFO | Query 74 Active Learning Runtime on Test Set: 183293.89
2025-02-11 14:15 | INFO | Query 74 Active Learning Instance Cost: 3574537.67
2025-02-11 14:18 | INFO | Query 75 Size of the uncertainty table is = 11642/39325
2025-02-11 14:18 | INFO | Query 75 Size of the filtered table is = 394
2025-02-11 14:21 | INFO | Training Time Active Learning Classifier: 96.9 seconds
2025-02-11 14:22 | INFO | Training Time Active Learning Regressor: 26.96 seconds
2025-02-11 14:35 | INFO | Query 75 Active Learning Runtime on Validation Set: 259163.89
2025-02-11 14:35 | INFO | Query 75 Active Learning Runtime on Test Set: 183311.95
2025-02-11 14:35 | INFO | Query 75 Active Learning Instance Cost: 3582792.5
2025-02-11 14:39 | INFO | Query 76 Size of the uncertainty table is = 10621/39325
2025-02-11 14:39 | INFO | Query 76 Size of the filtered table is = 394
2025-02-11 14:42 | INFO | Training Time Active Learning Classifier: 101.31 seconds
2025-02-11 14:42 | INFO | Training Time Active Learning Regressor: 28.12 seconds
2025-02-11 14:56 | INFO | Query 76 Active Learning Runtime on Validation Set: 294946.24
2025-02-11 14:56 | INFO | Query 76 Active Learning Runtime on Test Set: 183178.17
2025-02-11 14:56 | INFO | Query 76 Active Learning Instance Cost: 3589213.45
2025-02-11 14:56 | INFO | Timeout limit is increased to 3600
2025-02-11 14:59 | INFO | Query 77 Size of the uncertainty table is = 9456/39325
2025-02-11 14:59 | INFO | Query 77 Size of the filtered table is = 394
2025-02-11 15:02 | INFO | Training Time Active Learning Classifier: 106.57 seconds
2025-02-11 15:02 | INFO | Training Time Active Learning Regressor: 29.27 seconds
2025-02-11 15:15 | INFO | Query 77 Active Learning Runtime on Validation Set: 366894.02
2025-02-11 15:15 | INFO | Query 77 Active Learning Runtime on Test Set: 183296.5
2025-02-11 15:15 | INFO | Query 77 Active Learning Instance Cost: 3605480.27
2025-02-11 15:15 | INFO | Timeout limit is increased to 3600
2025-02-11 15:18 | INFO | Query 78 Size of the uncertainty table is = 8377/39325
2025-02-11 15:18 | INFO | Query 78 Size of the filtered table is = 394
2025-02-11 15:22 | INFO | Training Time Active Learning Classifier: 108.97 seconds
2025-02-11 15:22 | INFO | Training Time Active Learning Regressor: 29.4 seconds
2025-02-11 15:35 | INFO | Query 78 Active Learning Runtime on Validation Set: 367386.12
2025-02-11 15:35 | INFO | Query 78 Active Learning Runtime on Test Set: 183471.64
2025-02-11 15:35 | INFO | Query 78 Active Learning Instance Cost: 3606171.23
2025-02-11 15:35 | INFO | Timeout limit is increased to 3600
2025-02-11 15:38 | INFO | Query 79 Size of the uncertainty table is = 7265/39325
2025-02-11 15:38 | INFO | Query 79 Size of the filtered table is = 394
2025-02-11 15:41 | INFO | Training Time Active Learning Classifier: 109.6 seconds
2025-02-11 15:41 | INFO | Training Time Active Learning Regressor: 29.9 seconds
2025-02-11 15:55 | INFO | Query 79 Active Learning Runtime on Validation Set: 367001.11
2025-02-11 15:55 | INFO | Query 79 Active Learning Runtime on Test Set: 183215.29
2025-02-11 15:55 | INFO | Query 79 Active Learning Instance Cost: 3610470.11
2025-02-11 15:57 | INFO | Query 80 Size of the uncertainty table is = 6163/39325
2025-02-11 15:57 | INFO | Query 80 Size of the filtered table is = 394
2025-02-11 16:00 | INFO | Training Time Active Learning Classifier: 113.2 seconds
2025-02-11 16:01 | INFO | Training Time Active Learning Regressor: 31.24 seconds
2025-02-11 16:14 | INFO | Query 80 Active Learning Runtime on Validation Set: 367469.93
2025-02-11 16:14 | INFO | Query 80 Active Learning Runtime on Test Set: 183563.51
2025-02-11 16:14 | INFO | Query 80 Active Learning Instance Cost: 3615116.68
2025-02-11 16:14 | INFO | Timeout limit is increased to 3600
2025-02-11 16:15 | INFO | Query 81 Size of the uncertainty table is = 5096/39325
2025-02-11 16:15 | INFO | Query 81 Size of the filtered table is = 394
2025-02-11 16:19 | INFO | Training Time Active Learning Classifier: 111.33 seconds
2025-02-11 16:19 | INFO | Training Time Active Learning Regressor: 30.52 seconds
2025-02-11 16:31 | INFO | Query 81 Active Learning Runtime on Validation Set: 402931.35000000003
2025-02-11 16:31 | INFO | Query 81 Active Learning Runtime on Test Set: 183150.30000000002
2025-02-11 16:31 | INFO | Query 81 Active Learning Instance Cost: 3618998.01
2025-02-11 16:31 | INFO | Timeout limit is increased to 3600
2025-02-11 16:32 | INFO | Query 82 Size of the uncertainty table is = 3920/39325
2025-02-11 16:32 | INFO | Query 82 Size of the filtered table is = 394
2025-02-11 16:35 | INFO | Training Time Active Learning Classifier: 113.49 seconds
2025-02-11 16:36 | INFO | Training Time Active Learning Regressor: 31.05 seconds
2025-02-11 16:47 | INFO | Query 82 Active Learning Runtime on Validation Set: 438770.47000000003
2025-02-11 16:47 | INFO | Query 82 Active Learning Runtime on Test Set: 183246.64
2025-02-11 16:47 | INFO | Query 82 Active Learning Instance Cost: 3619255.26
2025-02-11 16:47 | INFO | Timeout limit is increased to 3600
2025-02-11 16:48 | INFO | Query 83 Size of the uncertainty table is = 2924/39325
2025-02-11 16:48 | INFO | Query 83 Size of the filtered table is = 394
2025-02-11 16:52 | INFO | Training Time Active Learning Classifier: 116.76 seconds
2025-02-11 16:52 | INFO | Training Time Active Learning Regressor: 31.86 seconds
2025-02-11 17:04 | INFO | Query 83 Active Learning Runtime on Validation Set: 367186.41000000003
2025-02-11 17:04 | INFO | Query 83 Active Learning Runtime on Test Set: 183109.31000000003
2025-02-11 17:04 | INFO | Query 83 Active Learning Instance Cost: 3619602.08
2025-02-11 17:05 | INFO | Query 84 Size of the uncertainty table is = 1678/39325
2025-02-11 17:05 | INFO | Query 84 Size of the filtered table is = 394
2025-02-11 17:08 | INFO | Training Time Active Learning Classifier: 120.06 seconds
2025-02-11 17:08 | INFO | Training Time Active Learning Regressor: 32.53 seconds
2025-02-11 17:20 | INFO | Query 84 Active Learning Runtime on Validation Set: 331791.36
2025-02-11 17:20 | INFO | Query 84 Active Learning Runtime on Test Set: 183567.13
2025-02-11 17:20 | INFO | Query 84 Active Learning Instance Cost: 3619959.37
2025-02-11 17:20 | INFO | Query 85 Size of the uncertainty table is = 615/39325
2025-02-11 17:20 | INFO | Query 85 Size of the filtered table is = 394
2025-02-11 17:24 | INFO | Training Time Active Learning Classifier: 121.51 seconds
2025-02-11 17:24 | INFO | Training Time Active Learning Regressor: 32.9 seconds
2025-02-11 17:36 | INFO | Query 85 Active Learning Runtime on Validation Set: 367465.69
2025-02-11 17:36 | INFO | Query 85 Active Learning Runtime on Test Set: 183177.40000000002
2025-02-11 17:36 | INFO | Query 85 Active Learning Instance Cost: 3620089.18
2025-02-11 17:36 | INFO | Timeout limit is increased to 3600
2025-02-11 17:36 | INFO | Query 86 Size of the uncertainty table is = 85/39325
2025-02-11 17:36 | INFO | Query 86 Size of the filtered table is = 85
2025-02-11 17:39 | INFO | Training Time Active Learning Classifier: 121.46 seconds
2025-02-11 17:40 | INFO | Training Time Active Learning Regressor: 32.88 seconds
2025-02-11 17:51 | INFO | Query 86 Active Learning Runtime on Validation Set: 402708.73000000004
2025-02-11 17:51 | INFO | Query 86 Active Learning Runtime on Test Set: 183240.55000000002
2025-02-11 17:51 | INFO | Query 86 Active Learning Instance Cost: 3620090.57
2025-02-11 17:51 | INFO | Timeout limit is increased to 3600
2025-02-11 17:51 | INFO | Active Learning Emissions: 3.3992075601660807
2025-02-11 17:51 | INFO | Active Learning Energy Consumption: 3.698424626406051 kWh
2025-02-11 17:51 | INFO | runtime_test_score is written as json file
2025-02-11 17:51 | INFO | runtime_validation_score is written as json file
2025-02-11 17:51 | INFO | instance_cost is written as json file
2025-02-11 17:51 | INFO | Experiment is finished
