2025-02-10 11:31 | INFO | Paramaters are: {'dataset': 'ASP-POTASSCO', 'penalty': 10, 'weight': 'No_Weight', 'voting': 'Hard', 'pre_selection_size': 64, 'pre_selection_technique': 'No_pre_selection', 'feature_elimination_threshold': 20, 'imputer_strategy': 'median', 'feature_selection_technique': 'No_feature_selection', 'feature_scaling_technique': 'StandardScaler', 'priority': {'PredDiff': 'max', 'PredCost': 'min', 'Uncertainty': 'max'}, 'initial_train_size': 20, 'query_size': 1, 'timeout_predictor_usage': 'No', 'timeout_limit': 100, 'timeout_increase_rate': 100, 'penalty_type': 'Only-timeout-penalty', 'RANDOM_STATE_SEED': 7, 'n_splits': 10, 'split_number': 3, 'max_timeout': 3600, 'param_grid': {'n_estimators': 100, 'max_features': 'sqrt', 'max_depth': 2147483648, 'min_samples_split': 2, 'bootstrap': True}}
2025-02-10 11:31 | INFO | ASP-POTASSCO is current dataset
2025-02-10 11:31 | INFO | DATASETS/ASP-POTASSCO/algorithm_runs.arff is found
2025-02-10 11:31 | INFO | DATASETS/ASP-POTASSCO/algorithm_runs.arff is finished
2025-02-10 11:31 | INFO | DATASETS/ASP-POTASSCO/feature_values.arff is found
2025-02-10 11:31 | INFO | DATASETS/ASP-POTASSCO/feature_values.arff is finished
2025-02-10 11:31 | INFO | DATASETS/ASP-POTASSCO/feature_costs.arff is found
2025-02-10 11:31 | INFO | DATASETS/ASP-POTASSCO/feature_costs.arff is finished
2025-02-10 11:31 | INFO | Virtual best solver time in train = 21678.41
2025-02-10 11:31 | INFO | Single best solver list train = {'clasp/2.1.3/h1-n1': 3044773.45, 'clasp/2.1.3/h10-n1': 5029068.18, 'clasp/2.1.3/h11-n1': 6544331.33, 'clasp/2.1.3/h2-n1': 5135712.29, 'clasp/2.1.3/h3-n1': 5879386.54, 'clasp/2.1.3/h4-n1': 3776599.72, 'clasp/2.1.3/h5-n1': 4739467.46, 'clasp/2.1.3/h6-n1': 3918636.22, 'clasp/2.1.3/h7-n1': 6537296.88, 'clasp/2.1.3/h8-n1': 2852439.03, 'clasp/2.1.3/h9-n1': 4565712.06}
2025-02-10 11:31 | INFO | Single best solver time train = clasp/2.1.3/h8-n1 (2852439.03)
2025-02-10 11:31 | INFO | Virtual best solver time in validation = 3077.3
2025-02-10 11:31 | INFO | Single best solver list validation = {'clasp/2.1.3/h1-n1': 269998.2, 'clasp/2.1.3/h10-n1': 724861.95, 'clasp/2.1.3/h11-n1': 2676451.75, 'clasp/2.1.3/h2-n1': 690581.86, 'clasp/2.1.3/h3-n1': 2318557.74, 'clasp/2.1.3/h4-n1': 879230.12, 'clasp/2.1.3/h5-n1': 259993.53, 'clasp/2.1.3/h6-n1': 690095.15, 'clasp/2.1.3/h7-n1': 842673.74, 'clasp/2.1.3/h8-n1': 1013668.36, 'clasp/2.1.3/h9-n1': 1852120.66}
2025-02-10 11:31 | INFO | Single best solver time validation = clasp/2.1.3/h5-n1 (259993.53)
2025-02-10 11:31 | INFO | Virtual best solver time in test = 2522.6
2025-02-10 11:31 | INFO | Single best solver list test = {'clasp/2.1.3/h1-n1': 362159.65, 'clasp/2.1.3/h10-n1': 578587.87, 'clasp/2.1.3/h11-n1': 1047552.3, 'clasp/2.1.3/h2-n1': 614810.45, 'clasp/2.1.3/h3-n1': 656057.74, 'clasp/2.1.3/h4-n1': 329020.04, 'clasp/2.1.3/h5-n1': 649893.74, 'clasp/2.1.3/h6-n1': 542949.11, 'clasp/2.1.3/h7-n1': 686910.26, 'clasp/2.1.3/h8-n1': 329002.72, 'clasp/2.1.3/h9-n1': 616295.92}
2025-02-10 11:31 | INFO | Single best solver time test = clasp/2.1.3/h8-n1 (329002.72)
2025-02-10 11:33 | INFO | Training Time Passive Learning Classifier: 124.83 seconds
2025-02-10 11:34 | INFO | Training Time Passive Learning Regressor: 33.05 seconds
2025-02-10 11:47 | INFO | Passive Learning Classifier Runtime on Validation Set: 438537.6
2025-02-10 11:47 | INFO | Passive Learning Classifier Runtime on Test Set: 75516.07
2025-02-10 11:47 | INFO | Passive Learning Instance Cost: 5497023.16
2025-02-10 11:47 | INFO | Passive Learning Emissions: 0.029165504665851348
2025-02-10 11:47 | INFO | Passive Learning Energy Consumption: 0.031732813836315134 kWh
2025-02-10 11:48 | INFO | Training Time Active Learning Classifier: 50.4 seconds
2025-02-10 11:48 | INFO | Training Time Active Learning Regressor: 7.7 seconds
2025-02-10 12:01 | INFO | Initial Active Learning Runtime on Validation Set: 196818.51
2025-02-10 12:01 | INFO | Initial Active Learning Runtime on Test Set: 291072.73
2025-02-10 12:01 | INFO | Initial Active Learning Instance Cost: 10208.94
2025-02-10 12:01 | INFO | Bin size = 394
2025-02-10 12:05 | INFO | Query 1 Size of the uncertainty table is = 39680/39325
2025-02-10 12:05 | INFO | Query 1 Size of the filtered table is = 394
2025-02-10 12:06 | INFO | Training Time Active Learning Classifier: 45.7 seconds
2025-02-10 12:06 | INFO | Training Time Active Learning Regressor: 8.51 seconds
2025-02-10 12:19 | INFO | Query 1 Active Learning Runtime on Validation Set: 161615.58
2025-02-10 12:19 | INFO | Query 1 Active Learning Runtime on Test Set: 220404.65
2025-02-10 12:19 | INFO | Query 1 Active Learning Instance Cost: 31048.81
2025-02-10 12:24 | INFO | Query 2 Size of the uncertainty table is = 39125/39325
2025-02-10 12:24 | INFO | Query 2 Size of the filtered table is = 394
2025-02-10 12:25 | INFO | Training Time Active Learning Classifier: 47.26 seconds
2025-02-10 12:25 | INFO | Training Time Active Learning Regressor: 9.13 seconds
2025-02-10 12:38 | INFO | Query 2 Active Learning Runtime on Validation Set: 233243.29
2025-02-10 12:38 | INFO | Query 2 Active Learning Runtime on Test Set: 255926.97999999998
2025-02-10 12:38 | INFO | Query 2 Active Learning Instance Cost: 63887.31
2025-02-10 12:38 | INFO | Timeout limit is increased to 200
2025-02-10 12:44 | INFO | Query 3 Size of the uncertainty table is = 38566/39325
2025-02-10 12:44 | INFO | Query 3 Size of the filtered table is = 394
2025-02-10 12:45 | INFO | Training Time Active Learning Classifier: 47.27 seconds
2025-02-10 12:45 | INFO | Training Time Active Learning Regressor: 9.55 seconds
2025-02-10 12:58 | INFO | Query 3 Active Learning Runtime on Validation Set: 773153.58
2025-02-10 12:58 | INFO | Query 3 Active Learning Runtime on Test Set: 220714.78
2025-02-10 12:58 | INFO | Query 3 Active Learning Instance Cost: 106115.74
2025-02-10 12:58 | INFO | Timeout limit is increased to 300
2025-02-10 13:04 | INFO | Query 4 Size of the uncertainty table is = 37974/39325
2025-02-10 13:04 | INFO | Query 4 Size of the filtered table is = 394
2025-02-10 13:05 | INFO | Training Time Active Learning Classifier: 48.2 seconds
2025-02-10 13:05 | INFO | Training Time Active Learning Regressor: 9.89 seconds
2025-02-10 13:18 | INFO | Query 4 Active Learning Runtime on Validation Set: 413381.23
2025-02-10 13:18 | INFO | Query 4 Active Learning Runtime on Test Set: 255938.88
2025-02-10 13:18 | INFO | Query 4 Active Learning Instance Cost: 173842.17
2025-02-10 13:24 | INFO | Query 5 Size of the uncertainty table is = 37272/39325
2025-02-10 13:24 | INFO | Query 5 Size of the filtered table is = 394
2025-02-10 13:25 | INFO | Training Time Active Learning Classifier: 48.99 seconds
2025-02-10 13:25 | INFO | Training Time Active Learning Regressor: 10.18 seconds
2025-02-10 13:38 | INFO | Query 5 Active Learning Runtime on Validation Set: 484968.02
2025-02-10 13:38 | INFO | Query 5 Active Learning Runtime on Test Set: 184535.16
2025-02-10 13:38 | INFO | Query 5 Active Learning Instance Cost: 211735.15
2025-02-10 13:38 | INFO | Timeout limit is increased to 400
2025-02-10 13:44 | INFO | Query 6 Size of the uncertainty table is = 36612/39325
2025-02-10 13:44 | INFO | Query 6 Size of the filtered table is = 394
2025-02-10 13:45 | INFO | Training Time Active Learning Classifier: 49.63 seconds
2025-02-10 13:45 | INFO | Training Time Active Learning Regressor: 11.34 seconds
2025-02-10 13:58 | INFO | Query 6 Active Learning Runtime on Validation Set: 443872.52999999997
2025-02-10 13:58 | INFO | Query 6 Active Learning Runtime on Test Set: 255673.6
2025-02-10 13:58 | INFO | Query 6 Active Learning Instance Cost: 269661.3
2025-02-10 14:04 | INFO | Query 7 Size of the uncertainty table is = 35748/39325
2025-02-10 14:04 | INFO | Query 7 Size of the filtered table is = 394
2025-02-10 14:05 | INFO | Training Time Active Learning Classifier: 51.52 seconds
2025-02-10 14:06 | INFO | Training Time Active Learning Regressor: 11.61 seconds
2025-02-10 14:19 | INFO | Query 7 Active Learning Runtime on Validation Set: 260277.11
2025-02-10 14:19 | INFO | Query 7 Active Learning Runtime on Test Set: 184104.56
2025-02-10 14:19 | INFO | Query 7 Active Learning Instance Cost: 327633.81
2025-02-10 14:24 | INFO | Query 8 Size of the uncertainty table is = 34762/39325
2025-02-10 14:24 | INFO | Query 8 Size of the filtered table is = 394
2025-02-10 14:26 | INFO | Training Time Active Learning Classifier: 53.37 seconds
2025-02-10 14:26 | INFO | Training Time Active Learning Regressor: 12.27 seconds
2025-02-10 14:39 | INFO | Query 8 Active Learning Runtime on Validation Set: 365647.61
2025-02-10 14:39 | INFO | Query 8 Active Learning Runtime on Test Set: 147488.79
2025-02-10 14:39 | INFO | Query 8 Active Learning Instance Cost: 388153.91
2025-02-10 14:39 | INFO | Timeout limit is increased to 500
2025-02-10 14:45 | INFO | Query 9 Size of the uncertainty table is = 33767/39325
2025-02-10 14:45 | INFO | Query 9 Size of the filtered table is = 394
2025-02-10 14:47 | INFO | Training Time Active Learning Classifier: 55.44 seconds
2025-02-10 14:47 | INFO | Training Time Active Learning Regressor: 13.41 seconds
2025-02-10 15:00 | INFO | Query 9 Active Learning Runtime on Validation Set: 474734.57
2025-02-10 15:00 | INFO | Query 9 Active Learning Runtime on Test Set: 183323.63
2025-02-10 15:00 | INFO | Query 9 Active Learning Instance Cost: 479537.92
2025-02-10 15:00 | INFO | Timeout limit is increased to 600
2025-02-10 15:06 | INFO | Query 10 Size of the uncertainty table is = 32513/39325
2025-02-10 15:06 | INFO | Query 10 Size of the filtered table is = 394
2025-02-10 15:08 | INFO | Training Time Active Learning Classifier: 57.09 seconds
2025-02-10 15:08 | INFO | Training Time Active Learning Regressor: 13.91 seconds
2025-02-10 15:21 | INFO | Query 10 Active Learning Runtime on Validation Set: 510105.49
2025-02-10 15:21 | INFO | Query 10 Active Learning Runtime on Test Set: 147818.96
2025-02-10 15:21 | INFO | Query 10 Active Learning Instance Cost: 583319.35
2025-02-10 15:21 | INFO | Timeout limit is increased to 700
2025-02-10 15:27 | INFO | Query 11 Size of the uncertainty table is = 31668/39325
2025-02-10 15:27 | INFO | Query 11 Size of the filtered table is = 394
2025-02-10 15:29 | INFO | Training Time Active Learning Classifier: 58.95 seconds
2025-02-10 15:29 | INFO | Training Time Active Learning Regressor: 14.32 seconds
2025-02-10 15:42 | INFO | Query 11 Active Learning Runtime on Validation Set: 473955.22
2025-02-10 15:42 | INFO | Query 11 Active Learning Runtime on Test Set: 112035.92
2025-02-10 15:42 | INFO | Query 11 Active Learning Instance Cost: 702822.51
2025-02-10 15:48 | INFO | Query 12 Size of the uncertainty table is = 30798/39325
2025-02-10 15:48 | INFO | Query 12 Size of the filtered table is = 394
2025-02-10 15:50 | INFO | Training Time Active Learning Classifier: 61.06 seconds
2025-02-10 15:51 | INFO | Training Time Active Learning Regressor: 15.11 seconds
2025-02-10 16:03 | INFO | Query 12 Active Learning Runtime on Validation Set: 438133.33
2025-02-10 16:03 | INFO | Query 12 Active Learning Runtime on Test Set: 111824.31
2025-02-10 16:03 | INFO | Query 12 Active Learning Instance Cost: 775092.71
2025-02-10 16:10 | INFO | Query 13 Size of the uncertainty table is = 29667/39325
2025-02-10 16:10 | INFO | Query 13 Size of the filtered table is = 394
2025-02-10 16:12 | INFO | Training Time Active Learning Classifier: 63.46 seconds
2025-02-10 16:12 | INFO | Training Time Active Learning Regressor: 16.0 seconds
2025-02-10 16:25 | INFO | Query 13 Active Learning Runtime on Validation Set: 403935.01
2025-02-10 16:25 | INFO | Query 13 Active Learning Runtime on Test Set: 112038.53
2025-02-10 16:25 | INFO | Query 13 Active Learning Instance Cost: 827890.03
2025-02-10 16:31 | INFO | Query 14 Size of the uncertainty table is = 28654/39325
2025-02-10 16:31 | INFO | Query 14 Size of the filtered table is = 394
2025-02-10 16:33 | INFO | Training Time Active Learning Classifier: 66.94 seconds
2025-02-10 16:33 | INFO | Training Time Active Learning Regressor: 17.17 seconds
2025-02-10 16:46 | INFO | Query 14 Active Learning Runtime on Validation Set: 509828.29
2025-02-10 16:46 | INFO | Query 14 Active Learning Runtime on Test Set: 183372.07
2025-02-10 16:46 | INFO | Query 14 Active Learning Instance Cost: 855268.73
2025-02-10 16:46 | INFO | Timeout limit is increased to 800
2025-02-10 16:52 | INFO | Query 15 Size of the uncertainty table is = 27288/39325
2025-02-10 16:52 | INFO | Query 15 Size of the filtered table is = 394
2025-02-10 16:54 | INFO | Training Time Active Learning Classifier: 68.47 seconds
2025-02-10 16:55 | INFO | Training Time Active Learning Regressor: 17.7 seconds
2025-02-10 17:08 | INFO | Query 15 Active Learning Runtime on Validation Set: 402601.88
2025-02-10 17:08 | INFO | Query 15 Active Learning Runtime on Test Set: 219225.82
2025-02-10 17:08 | INFO | Query 15 Active Learning Instance Cost: 870667.69
2025-02-10 17:14 | INFO | Query 16 Size of the uncertainty table is = 26445/39325
2025-02-10 17:14 | INFO | Query 16 Size of the filtered table is = 394
2025-02-10 17:16 | INFO | Training Time Active Learning Classifier: 70.0 seconds
2025-02-10 17:16 | INFO | Training Time Active Learning Regressor: 19.09 seconds
2025-02-10 17:29 | INFO | Query 16 Active Learning Runtime on Validation Set: 474706.85
2025-02-10 17:29 | INFO | Query 16 Active Learning Runtime on Test Set: 219560.19999999998
2025-02-10 17:29 | INFO | Query 16 Active Learning Instance Cost: 917058.69
2025-02-10 17:29 | INFO | Timeout limit is increased to 900
2025-02-10 17:35 | INFO | Query 17 Size of the uncertainty table is = 25710/39325
2025-02-10 17:35 | INFO | Query 17 Size of the filtered table is = 394
2025-02-10 17:38 | INFO | Training Time Active Learning Classifier: 72.09 seconds
2025-02-10 17:38 | INFO | Training Time Active Learning Regressor: 19.28 seconds
2025-02-10 17:51 | INFO | Query 17 Active Learning Runtime on Validation Set: 509062.11
2025-02-10 17:51 | INFO | Query 17 Active Learning Runtime on Test Set: 111650.09999999999
2025-02-10 17:51 | INFO | Query 17 Active Learning Instance Cost: 997163.33
2025-02-10 17:51 | INFO | Timeout limit is increased to 1000
2025-02-10 17:57 | INFO | Query 18 Size of the uncertainty table is = 24681/39325
2025-02-10 17:57 | INFO | Query 18 Size of the filtered table is = 394
2025-02-10 17:59 | INFO | Training Time Active Learning Classifier: 73.97 seconds
2025-02-10 17:59 | INFO | Training Time Active Learning Regressor: 19.73 seconds
2025-02-10 18:12 | INFO | Query 18 Active Learning Runtime on Validation Set: 365705.65
2025-02-10 18:12 | INFO | Query 18 Active Learning Runtime on Test Set: 147155.34
2025-02-10 18:12 | INFO | Query 18 Active Learning Instance Cost: 1046468.07
2025-02-10 18:18 | INFO | Query 19 Size of the uncertainty table is = 23830/39325
2025-02-10 18:18 | INFO | Query 19 Size of the filtered table is = 394
2025-02-10 18:21 | INFO | Training Time Active Learning Classifier: 75.14 seconds
2025-02-10 18:21 | INFO | Training Time Active Learning Regressor: 20.27 seconds
2025-02-10 18:34 | INFO | Query 19 Active Learning Runtime on Validation Set: 403221.67
2025-02-10 18:34 | INFO | Query 19 Active Learning Runtime on Test Set: 111349.04999999999
2025-02-10 18:34 | INFO | Query 19 Active Learning Instance Cost: 1091133.45
2025-02-10 18:34 | INFO | Timeout limit is increased to 1100
2025-02-10 18:40 | INFO | Query 20 Size of the uncertainty table is = 23214/39325
2025-02-10 18:40 | INFO | Query 20 Size of the filtered table is = 394
2025-02-10 18:42 | INFO | Training Time Active Learning Classifier: 76.54 seconds
2025-02-10 18:43 | INFO | Training Time Active Learning Regressor: 20.8 seconds
2025-02-10 18:56 | INFO | Query 20 Active Learning Runtime on Validation Set: 438298.26
2025-02-10 18:56 | INFO | Query 20 Active Learning Runtime on Test Set: 111295.56
2025-02-10 18:56 | INFO | Query 20 Active Learning Instance Cost: 1165595.01
2025-02-10 18:56 | INFO | Timeout limit is increased to 1200
2025-02-10 19:02 | INFO | Query 21 Size of the uncertainty table is = 22613/39325
2025-02-10 19:02 | INFO | Query 21 Size of the filtered table is = 394
2025-02-10 19:04 | INFO | Training Time Active Learning Classifier: 78.17 seconds
2025-02-10 19:05 | INFO | Training Time Active Learning Regressor: 21.38 seconds
2025-02-10 19:18 | INFO | Query 21 Active Learning Runtime on Validation Set: 438346.99
2025-02-10 19:18 | INFO | Query 21 Active Learning Runtime on Test Set: 111263.34
2025-02-10 19:18 | INFO | Query 21 Active Learning Instance Cost: 1227516.59
2025-02-10 19:18 | INFO | Timeout limit is increased to 1300
2025-02-10 19:24 | INFO | Query 22 Size of the uncertainty table is = 22031/39325
2025-02-10 19:24 | INFO | Query 22 Size of the filtered table is = 394
2025-02-10 19:26 | INFO | Training Time Active Learning Classifier: 79.35 seconds
2025-02-10 19:26 | INFO | Training Time Active Learning Regressor: 21.76 seconds
2025-02-10 19:39 | INFO | Query 22 Active Learning Runtime on Validation Set: 473809.27
2025-02-10 19:39 | INFO | Query 22 Active Learning Runtime on Test Set: 75531.70999999999
2025-02-10 19:39 | INFO | Query 22 Active Learning Instance Cost: 1336114.96
2025-02-10 19:39 | INFO | Timeout limit is increased to 1400
2025-02-10 19:45 | INFO | Query 23 Size of the uncertainty table is = 21597/39325
2025-02-10 19:45 | INFO | Query 23 Size of the filtered table is = 394
2025-02-10 19:48 | INFO | Training Time Active Learning Classifier: 80.52 seconds
2025-02-10 19:48 | INFO | Training Time Active Learning Regressor: 22.1 seconds
2025-02-10 20:01 | INFO | Query 23 Active Learning Runtime on Validation Set: 582295.86
2025-02-10 20:01 | INFO | Query 23 Active Learning Runtime on Test Set: 75786.54
2025-02-10 20:01 | INFO | Query 23 Active Learning Instance Cost: 1393072.88
2025-02-10 20:01 | INFO | Timeout limit is increased to 1500
2025-02-10 20:07 | INFO | Query 24 Size of the uncertainty table is = 21128/39325
2025-02-10 20:07 | INFO | Query 24 Size of the filtered table is = 394
2025-02-10 20:09 | INFO | Training Time Active Learning Classifier: 81.21 seconds
2025-02-10 20:09 | INFO | Training Time Active Learning Regressor: 22.45 seconds
2025-02-10 20:22 | INFO | Query 24 Active Learning Runtime on Validation Set: 402212.27
2025-02-10 20:22 | INFO | Query 24 Active Learning Runtime on Test Set: 75578.08
2025-02-10 20:22 | INFO | Query 24 Active Learning Instance Cost: 1484673.63
2025-02-10 20:28 | INFO | Query 25 Size of the uncertainty table is = 20811/39325
2025-02-10 20:28 | INFO | Query 25 Size of the filtered table is = 394
2025-02-10 20:31 | INFO | Training Time Active Learning Classifier: 82.22 seconds
2025-02-10 20:31 | INFO | Training Time Active Learning Regressor: 22.73 seconds
2025-02-10 20:44 | INFO | Query 25 Active Learning Runtime on Validation Set: 438754.85
2025-02-10 20:44 | INFO | Query 25 Active Learning Runtime on Test Set: 75519.12999999999
2025-02-10 20:44 | INFO | Query 25 Active Learning Instance Cost: 1531955.01
2025-02-10 20:44 | INFO | Timeout limit is increased to 1600
2025-02-10 20:50 | INFO | Query 26 Size of the uncertainty table is = 20461/39325
2025-02-10 20:50 | INFO | Query 26 Size of the filtered table is = 394
2025-02-10 20:52 | INFO | Training Time Active Learning Classifier: 82.99 seconds
2025-02-10 20:53 | INFO | Training Time Active Learning Regressor: 22.88 seconds
2025-02-10 21:05 | INFO | Query 26 Active Learning Runtime on Validation Set: 366871.5
2025-02-10 21:05 | INFO | Query 26 Active Learning Runtime on Test Set: 75573.31999999999
2025-02-10 21:05 | INFO | Query 26 Active Learning Instance Cost: 1609179.79
2025-02-10 21:11 | INFO | Query 27 Size of the uncertainty table is = 20157/39325
2025-02-10 21:11 | INFO | Query 27 Size of the filtered table is = 394
2025-02-10 21:13 | INFO | Training Time Active Learning Classifier: 84.31 seconds
2025-02-10 21:14 | INFO | Training Time Active Learning Regressor: 23.13 seconds
2025-02-10 21:27 | INFO | Query 27 Active Learning Runtime on Validation Set: 438532.54
2025-02-10 21:27 | INFO | Query 27 Active Learning Runtime on Test Set: 75568.29999999999
2025-02-10 21:27 | INFO | Query 27 Active Learning Instance Cost: 1656968.37
2025-02-10 21:27 | INFO | Timeout limit is increased to 1700
2025-02-10 21:33 | INFO | Query 28 Size of the uncertainty table is = 19899/39325
2025-02-10 21:33 | INFO | Query 28 Size of the filtered table is = 394
2025-02-10 21:35 | INFO | Training Time Active Learning Classifier: 84.26 seconds
2025-02-10 21:35 | INFO | Training Time Active Learning Regressor: 23.4 seconds
2025-02-10 21:48 | INFO | Query 28 Active Learning Runtime on Validation Set: 437724.49
2025-02-10 21:48 | INFO | Query 28 Active Learning Runtime on Test Set: 75528.04
2025-02-10 21:48 | INFO | Query 28 Active Learning Instance Cost: 1712195.49
2025-02-10 21:54 | INFO | Query 29 Size of the uncertainty table is = 19704/39325
2025-02-10 21:54 | INFO | Query 29 Size of the filtered table is = 394
2025-02-10 21:56 | INFO | Training Time Active Learning Classifier: 84.75 seconds
2025-02-10 21:57 | INFO | Training Time Active Learning Regressor: 23.54 seconds
2025-02-10 22:10 | INFO | Query 29 Active Learning Runtime on Validation Set: 437818.25
2025-02-10 22:10 | INFO | Query 29 Active Learning Runtime on Test Set: 75546.56999999999
2025-02-10 22:10 | INFO | Query 29 Active Learning Instance Cost: 1765043.61
2025-02-10 22:10 | INFO | Timeout limit is increased to 1800
2025-02-10 22:15 | INFO | Query 30 Size of the uncertainty table is = 19587/39325
2025-02-10 22:15 | INFO | Query 30 Size of the filtered table is = 394
2025-02-10 22:17 | INFO | Training Time Active Learning Classifier: 85.24 seconds
2025-02-10 22:18 | INFO | Training Time Active Learning Regressor: 23.52 seconds
2025-02-10 22:31 | INFO | Query 30 Active Learning Runtime on Validation Set: 438698.43
2025-02-10 22:31 | INFO | Query 30 Active Learning Runtime on Test Set: 111354.09999999999
2025-02-10 22:31 | INFO | Query 30 Active Learning Instance Cost: 1845741.17
2025-02-10 22:31 | INFO | Timeout limit is increased to 1900
2025-02-10 22:36 | INFO | Query 31 Size of the uncertainty table is = 19491/39325
2025-02-10 22:36 | INFO | Query 31 Size of the filtered table is = 394
2025-02-10 22:39 | INFO | Training Time Active Learning Classifier: 85.39 seconds
2025-02-10 22:39 | INFO | Training Time Active Learning Regressor: 23.66 seconds
2025-02-10 22:52 | INFO | Query 31 Active Learning Runtime on Validation Set: 365558.27
2025-02-10 22:52 | INFO | Query 31 Active Learning Runtime on Test Set: 75645.98999999999
2025-02-10 22:52 | INFO | Query 31 Active Learning Instance Cost: 1920048.08
2025-02-10 22:58 | INFO | Query 32 Size of the uncertainty table is = 19293/39325
2025-02-10 22:58 | INFO | Query 32 Size of the filtered table is = 394
2025-02-10 23:00 | INFO | Training Time Active Learning Classifier: 85.86 seconds
2025-02-10 23:00 | INFO | Training Time Active Learning Regressor: 23.69 seconds
2025-02-10 23:13 | INFO | Query 32 Active Learning Runtime on Validation Set: 473597.73
2025-02-10 23:13 | INFO | Query 32 Active Learning Runtime on Test Set: 75647.65
2025-02-10 23:13 | INFO | Query 32 Active Learning Instance Cost: 1966765.57
2025-02-10 23:13 | INFO | Timeout limit is increased to 2000
2025-02-10 23:19 | INFO | Query 33 Size of the uncertainty table is = 19229/39325
2025-02-10 23:19 | INFO | Query 33 Size of the filtered table is = 394
2025-02-10 23:21 | INFO | Training Time Active Learning Classifier: 86.39 seconds
2025-02-10 23:22 | INFO | Training Time Active Learning Regressor: 24.51 seconds
2025-02-10 23:34 | INFO | Query 33 Active Learning Runtime on Validation Set: 581724.63
2025-02-10 23:34 | INFO | Query 33 Active Learning Runtime on Test Set: 75455.31999999999
2025-02-10 23:34 | INFO | Query 33 Active Learning Instance Cost: 2028905.15
2025-02-10 23:34 | INFO | Timeout limit is increased to 2100
2025-02-10 23:40 | INFO | Query 34 Size of the uncertainty table is = 19099/39325
2025-02-10 23:40 | INFO | Query 34 Size of the filtered table is = 394
2025-02-10 23:42 | INFO | Training Time Active Learning Classifier: 85.81 seconds
2025-02-10 23:43 | INFO | Training Time Active Learning Regressor: 23.88 seconds
2025-02-10 23:55 | INFO | Query 34 Active Learning Runtime on Validation Set: 545843.87
2025-02-10 23:55 | INFO | Query 34 Active Learning Runtime on Test Set: 75495.12999999999
2025-02-10 23:55 | INFO | Query 34 Active Learning Instance Cost: 2120100.53
2025-02-11 00:01 | INFO | Query 35 Size of the uncertainty table is = 19060/39325
2025-02-11 00:01 | INFO | Query 35 Size of the filtered table is = 394
2025-02-11 00:03 | INFO | Training Time Active Learning Classifier: 86.41 seconds
2025-02-11 00:04 | INFO | Training Time Active Learning Regressor: 24.03 seconds
2025-02-11 00:17 | INFO | Query 35 Active Learning Runtime on Validation Set: 437958.36
2025-02-11 00:17 | INFO | Query 35 Active Learning Runtime on Test Set: 75507.40999999999
2025-02-11 00:17 | INFO | Query 35 Active Learning Instance Cost: 2168403.93
2025-02-11 00:22 | INFO | Query 36 Size of the uncertainty table is = 18850/39325
2025-02-11 00:22 | INFO | Query 36 Size of the filtered table is = 394
2025-02-11 00:25 | INFO | Training Time Active Learning Classifier: 87.33 seconds
2025-02-11 00:25 | INFO | Training Time Active Learning Regressor: 24.13 seconds
2025-02-11 00:38 | INFO | Query 36 Active Learning Runtime on Validation Set: 402190.08999999997
2025-02-11 00:38 | INFO | Query 36 Active Learning Runtime on Test Set: 75503.5
2025-02-11 00:38 | INFO | Query 36 Active Learning Instance Cost: 2200706.7
2025-02-11 00:43 | INFO | Query 37 Size of the uncertainty table is = 18726/39325
2025-02-11 00:43 | INFO | Query 37 Size of the filtered table is = 394
2025-02-11 00:46 | INFO | Training Time Active Learning Classifier: 87.61 seconds
2025-02-11 00:46 | INFO | Training Time Active Learning Regressor: 24.45 seconds
2025-02-11 00:59 | INFO | Query 37 Active Learning Runtime on Validation Set: 366004.98
2025-02-11 00:59 | INFO | Query 37 Active Learning Runtime on Test Set: 75622.15
2025-02-11 00:59 | INFO | Query 37 Active Learning Instance Cost: 2242540.93
2025-02-11 01:05 | INFO | Query 38 Size of the uncertainty table is = 18581/39325
2025-02-11 01:05 | INFO | Query 38 Size of the filtered table is = 394
2025-02-11 01:07 | INFO | Training Time Active Learning Classifier: 87.55 seconds
2025-02-11 01:07 | INFO | Training Time Active Learning Regressor: 24.25 seconds
2025-02-11 01:20 | INFO | Query 38 Active Learning Runtime on Validation Set: 366644.15
2025-02-11 01:20 | INFO | Query 38 Active Learning Runtime on Test Set: 75555.28
2025-02-11 01:20 | INFO | Query 38 Active Learning Instance Cost: 2273629.03
2025-02-11 01:20 | INFO | Timeout limit is increased to 2200
2025-02-11 01:26 | INFO | Query 39 Size of the uncertainty table is = 18495/39325
2025-02-11 01:26 | INFO | Query 39 Size of the filtered table is = 394
2025-02-11 01:28 | INFO | Training Time Active Learning Classifier: 88.13 seconds
2025-02-11 01:28 | INFO | Training Time Active Learning Regressor: 24.29 seconds
2025-02-11 01:41 | INFO | Query 39 Active Learning Runtime on Validation Set: 401896.21
2025-02-11 01:41 | INFO | Query 39 Active Learning Runtime on Test Set: 111327.76999999999
2025-02-11 01:41 | INFO | Query 39 Active Learning Instance Cost: 2347966.07
2025-02-11 01:41 | INFO | Timeout limit is increased to 2300
2025-02-11 01:47 | INFO | Query 40 Size of the uncertainty table is = 18466/39325
2025-02-11 01:47 | INFO | Query 40 Size of the filtered table is = 394
2025-02-11 01:49 | INFO | Training Time Active Learning Classifier: 87.81 seconds
2025-02-11 01:49 | INFO | Training Time Active Learning Regressor: 24.4 seconds
2025-02-11 02:02 | INFO | Query 40 Active Learning Runtime on Validation Set: 401735.76
2025-02-11 02:02 | INFO | Query 40 Active Learning Runtime on Test Set: 75459.40999999999
2025-02-11 02:02 | INFO | Query 40 Active Learning Instance Cost: 2415358.58
2025-02-11 02:08 | INFO | Query 41 Size of the uncertainty table is = 18424/39325
2025-02-11 02:08 | INFO | Query 41 Size of the filtered table is = 394
2025-02-11 02:10 | INFO | Training Time Active Learning Classifier: 88.03 seconds
2025-02-11 02:10 | INFO | Training Time Active Learning Regressor: 24.25 seconds
2025-02-11 02:23 | INFO | Query 41 Active Learning Runtime on Validation Set: 366480.74
2025-02-11 02:23 | INFO | Query 41 Active Learning Runtime on Test Set: 75458.64
2025-02-11 02:23 | INFO | Query 41 Active Learning Instance Cost: 2445676.08
2025-02-11 02:29 | INFO | Query 42 Size of the uncertainty table is = 18398/39325
2025-02-11 02:29 | INFO | Query 42 Size of the filtered table is = 394
2025-02-11 02:31 | INFO | Training Time Active Learning Classifier: 88.08 seconds
2025-02-11 02:31 | INFO | Training Time Active Learning Regressor: 24.38 seconds
2025-02-11 02:44 | INFO | Query 42 Active Learning Runtime on Validation Set: 330557.71
2025-02-11 02:44 | INFO | Query 42 Active Learning Runtime on Test Set: 75458.64
2025-02-11 02:44 | INFO | Query 42 Active Learning Instance Cost: 2475525.16
2025-02-11 02:49 | INFO | Query 43 Size of the uncertainty table is = 18370/39325
2025-02-11 02:49 | INFO | Query 43 Size of the filtered table is = 394
2025-02-11 02:52 | INFO | Training Time Active Learning Classifier: 88.54 seconds
2025-02-11 02:52 | INFO | Training Time Active Learning Regressor: 24.08 seconds
2025-02-11 03:05 | INFO | Query 43 Active Learning Runtime on Validation Set: 330898.58999999997
2025-02-11 03:05 | INFO | Query 43 Active Learning Runtime on Test Set: 75458.79
2025-02-11 03:05 | INFO | Query 43 Active Learning Instance Cost: 2499328.0
2025-02-11 03:05 | INFO | Timeout limit is increased to 2400
2025-02-11 03:10 | INFO | Query 44 Size of the uncertainty table is = 18338/39325
2025-02-11 03:10 | INFO | Query 44 Size of the filtered table is = 394
2025-02-11 03:12 | INFO | Training Time Active Learning Classifier: 88.54 seconds
2025-02-11 03:13 | INFO | Training Time Active Learning Regressor: 24.19 seconds
2025-02-11 03:26 | INFO | Query 44 Active Learning Runtime on Validation Set: 365984.08999999997
2025-02-11 03:26 | INFO | Query 44 Active Learning Runtime on Test Set: 110982.7
2025-02-11 03:26 | INFO | Query 44 Active Learning Instance Cost: 2559940.19
2025-02-11 03:26 | INFO | Timeout limit is increased to 2500
2025-02-11 03:31 | INFO | Query 45 Size of the uncertainty table is = 18306/39325
2025-02-11 03:31 | INFO | Query 45 Size of the filtered table is = 394
2025-02-11 03:33 | INFO | Training Time Active Learning Classifier: 89.01 seconds
2025-02-11 03:34 | INFO | Training Time Active Learning Regressor: 24.28 seconds
2025-02-11 03:47 | INFO | Query 45 Active Learning Runtime on Validation Set: 331434.01
2025-02-11 03:47 | INFO | Query 45 Active Learning Runtime on Test Set: 75460.29999999999
2025-02-11 03:47 | INFO | Query 45 Active Learning Instance Cost: 2622975.57
2025-02-11 03:52 | INFO | Query 46 Size of the uncertainty table is = 18256/39325
2025-02-11 03:52 | INFO | Query 46 Size of the filtered table is = 394
2025-02-11 03:54 | INFO | Training Time Active Learning Classifier: 89.12 seconds
2025-02-11 03:55 | INFO | Training Time Active Learning Regressor: 24.49 seconds
2025-02-11 04:08 | INFO | Query 46 Active Learning Runtime on Validation Set: 366651.04
2025-02-11 04:08 | INFO | Query 46 Active Learning Runtime on Test Set: 75558.26
2025-02-11 04:08 | INFO | Query 46 Active Learning Instance Cost: 2659194.41
2025-02-11 04:08 | INFO | Timeout limit is increased to 2600
2025-02-11 04:13 | INFO | Query 47 Size of the uncertainty table is = 18212/39325
2025-02-11 04:13 | INFO | Query 47 Size of the filtered table is = 394
2025-02-11 04:15 | INFO | Training Time Active Learning Classifier: 88.9 seconds
2025-02-11 04:16 | INFO | Training Time Active Learning Regressor: 24.44 seconds
2025-02-11 04:29 | INFO | Query 47 Active Learning Runtime on Validation Set: 402746.88
2025-02-11 04:29 | INFO | Query 47 Active Learning Runtime on Test Set: 75567.48
2025-02-11 04:29 | INFO | Query 47 Active Learning Instance Cost: 2714805.34
2025-02-11 04:29 | INFO | Timeout limit is increased to 2700
2025-02-11 04:34 | INFO | Query 48 Size of the uncertainty table is = 18141/39325
2025-02-11 04:34 | INFO | Query 48 Size of the filtered table is = 394
2025-02-11 04:36 | INFO | Training Time Active Learning Classifier: 89.18 seconds
2025-02-11 04:37 | INFO | Training Time Active Learning Regressor: 24.89 seconds
2025-02-11 04:50 | INFO | Query 48 Active Learning Runtime on Validation Set: 402937.06
2025-02-11 04:50 | INFO | Query 48 Active Learning Runtime on Test Set: 75425.12
2025-02-11 04:50 | INFO | Query 48 Active Learning Instance Cost: 2789706.07
2025-02-11 04:50 | INFO | Timeout limit is increased to 2800
2025-02-11 04:55 | INFO | Query 49 Size of the uncertainty table is = 18118/39325
2025-02-11 04:55 | INFO | Query 49 Size of the filtered table is = 394
2025-02-11 04:57 | INFO | Training Time Active Learning Classifier: 89.57 seconds
2025-02-11 04:57 | INFO | Training Time Active Learning Regressor: 24.59 seconds
2025-02-11 05:10 | INFO | Query 49 Active Learning Runtime on Validation Set: 402937.06
2025-02-11 05:10 | INFO | Query 49 Active Learning Runtime on Test Set: 75425.12
2025-02-11 05:10 | INFO | Query 49 Active Learning Instance Cost: 2861506.07
2025-02-11 05:10 | INFO | Timeout limit is increased to 2900
2025-02-11 05:16 | INFO | Query 50 Size of the uncertainty table is = 18118/39325
2025-02-11 05:16 | INFO | Query 50 Size of the filtered table is = 394
2025-02-11 05:18 | INFO | Training Time Active Learning Classifier: 89.79 seconds
2025-02-11 05:18 | INFO | Training Time Active Learning Regressor: 24.51 seconds
2025-02-11 05:31 | INFO | Query 50 Active Learning Runtime on Validation Set: 438399.02999999997
2025-02-11 05:31 | INFO | Query 50 Active Learning Runtime on Test Set: 75392.94
2025-02-11 05:31 | INFO | Query 50 Active Learning Instance Cost: 2937065.54
2025-02-11 05:31 | INFO | Timeout limit is increased to 3000
2025-02-11 05:37 | INFO | Query 51 Size of the uncertainty table is = 18084/39325
2025-02-11 05:37 | INFO | Query 51 Size of the filtered table is = 394
2025-02-11 05:39 | INFO | Training Time Active Learning Classifier: 90.0 seconds
2025-02-11 05:39 | INFO | Training Time Active Learning Regressor: 24.53 seconds
2025-02-11 05:52 | INFO | Query 51 Active Learning Runtime on Validation Set: 438170.6
2025-02-11 05:52 | INFO | Query 51 Active Learning Runtime on Test Set: 75467.44
2025-02-11 05:52 | INFO | Query 51 Active Learning Instance Cost: 3026867.2
2025-02-11 05:57 | INFO | Query 52 Size of the uncertainty table is = 18072/39325
2025-02-11 05:57 | INFO | Query 52 Size of the filtered table is = 394
2025-02-11 06:00 | INFO | Training Time Active Learning Classifier: 90.37 seconds
2025-02-11 06:00 | INFO | Training Time Active Learning Regressor: 24.63 seconds
2025-02-11 06:13 | INFO | Query 52 Active Learning Runtime on Validation Set: 437941.38
2025-02-11 06:13 | INFO | Query 52 Active Learning Runtime on Test Set: 75467.37
2025-02-11 06:13 | INFO | Query 52 Active Learning Instance Cost: 3070472.59
2025-02-11 06:18 | INFO | Query 53 Size of the uncertainty table is = 18060/39325
2025-02-11 06:18 | INFO | Query 53 Size of the filtered table is = 394
2025-02-11 06:21 | INFO | Training Time Active Learning Classifier: 91.23 seconds
2025-02-11 06:21 | INFO | Training Time Active Learning Regressor: 24.68 seconds
2025-02-11 06:34 | INFO | Query 53 Active Learning Runtime on Validation Set: 438000.71
2025-02-11 06:34 | INFO | Query 53 Active Learning Runtime on Test Set: 75489.54
2025-02-11 06:34 | INFO | Query 53 Active Learning Instance Cost: 3094377.08
2025-02-11 06:34 | INFO | Timeout limit is increased to 3100
2025-02-11 06:39 | INFO | Query 54 Size of the uncertainty table is = 18024/39325
2025-02-11 06:39 | INFO | Query 54 Size of the filtered table is = 394
2025-02-11 06:41 | INFO | Training Time Active Learning Classifier: 90.53 seconds
2025-02-11 06:42 | INFO | Training Time Active Learning Regressor: 25.34 seconds
2025-02-11 06:55 | INFO | Query 54 Active Learning Runtime on Validation Set: 438151.52
2025-02-11 06:55 | INFO | Query 54 Active Learning Runtime on Test Set: 75489.65
2025-02-11 06:55 | INFO | Query 54 Active Learning Instance Cost: 3155978.03
2025-02-11 06:55 | INFO | Timeout limit is increased to 3200
2025-02-11 07:00 | INFO | Query 55 Size of the uncertainty table is = 18006/39325
2025-02-11 07:00 | INFO | Query 55 Size of the filtered table is = 394
2025-02-11 07:02 | INFO | Training Time Active Learning Classifier: 89.82 seconds
2025-02-11 07:03 | INFO | Training Time Active Learning Regressor: 25.53 seconds
2025-02-11 07:16 | INFO | Query 55 Active Learning Runtime on Validation Set: 474042.51
2025-02-11 07:16 | INFO | Query 55 Active Learning Runtime on Test Set: 75496.97
2025-02-11 07:16 | INFO | Query 55 Active Learning Instance Cost: 3224487.74
2025-02-11 07:16 | INFO | Timeout limit is increased to 3300
2025-02-11 07:21 | INFO | Query 56 Size of the uncertainty table is = 17952/39325
2025-02-11 07:21 | INFO | Query 56 Size of the filtered table is = 394
2025-02-11 07:23 | INFO | Training Time Active Learning Classifier: 90.07 seconds
2025-02-11 07:24 | INFO | Training Time Active Learning Regressor: 25.08 seconds
2025-02-11 07:37 | INFO | Query 56 Active Learning Runtime on Validation Set: 474190.23
2025-02-11 07:37 | INFO | Query 56 Active Learning Runtime on Test Set: 111291.04
2025-02-11 07:37 | INFO | Query 56 Active Learning Instance Cost: 3315416.69
2025-02-11 07:37 | INFO | Timeout limit is increased to 3400
2025-02-11 07:42 | INFO | Query 57 Size of the uncertainty table is = 17932/39325
2025-02-11 07:42 | INFO | Query 57 Size of the filtered table is = 394
2025-02-11 07:44 | INFO | Training Time Active Learning Classifier: 90.37 seconds
2025-02-11 07:45 | INFO | Training Time Active Learning Regressor: 25.34 seconds
2025-02-11 07:58 | INFO | Query 57 Active Learning Runtime on Validation Set: 473940.29
2025-02-11 07:58 | INFO | Query 57 Active Learning Runtime on Test Set: 111292.81999999999
2025-02-11 07:58 | INFO | Query 57 Active Learning Instance Cost: 3410042.99
2025-02-11 08:03 | INFO | Query 58 Size of the uncertainty table is = 17885/39325
2025-02-11 08:03 | INFO | Query 58 Size of the filtered table is = 394
2025-02-11 08:05 | INFO | Training Time Active Learning Classifier: 90.35 seconds
2025-02-11 08:06 | INFO | Training Time Active Learning Regressor: 25.03 seconds
2025-02-11 08:19 | INFO | Query 58 Active Learning Runtime on Validation Set: 474288.47
2025-02-11 08:19 | INFO | Query 58 Active Learning Runtime on Test Set: 111296.98
2025-02-11 08:19 | INFO | Query 58 Active Learning Instance Cost: 3481253.65
2025-02-11 08:19 | INFO | Timeout limit is increased to 3500
2025-02-11 08:24 | INFO | Query 59 Size of the uncertainty table is = 17858/39325
2025-02-11 08:24 | INFO | Query 59 Size of the filtered table is = 394
2025-02-11 08:26 | INFO | Training Time Active Learning Classifier: 90.3 seconds
2025-02-11 08:26 | INFO | Training Time Active Learning Regressor: 24.84 seconds
2025-02-11 08:39 | INFO | Query 59 Active Learning Runtime on Validation Set: 438378.46
2025-02-11 08:39 | INFO | Query 59 Active Learning Runtime on Test Set: 75503.01999999999
2025-02-11 08:39 | INFO | Query 59 Active Learning Instance Cost: 3551453.7
2025-02-11 08:45 | INFO | Query 60 Size of the uncertainty table is = 17844/39325
2025-02-11 08:45 | INFO | Query 60 Size of the filtered table is = 394
2025-02-11 08:47 | INFO | Training Time Active Learning Classifier: 90.4 seconds
2025-02-11 08:47 | INFO | Training Time Active Learning Regressor: 24.82 seconds
2025-02-11 09:00 | INFO | Query 60 Active Learning Runtime on Validation Set: 510154.05
2025-02-11 09:00 | INFO | Query 60 Active Learning Runtime on Test Set: 75503.04999999999
2025-02-11 09:00 | INFO | Query 60 Active Learning Instance Cost: 3587960.16
2025-02-11 09:00 | INFO | Timeout limit is increased to 3600
2025-02-11 09:06 | INFO | Query 61 Size of the uncertainty table is = 17836/39325
2025-02-11 09:06 | INFO | Query 61 Size of the filtered table is = 394
2025-02-11 09:08 | INFO | Training Time Active Learning Classifier: 90.13 seconds
2025-02-11 09:09 | INFO | Training Time Active Learning Regressor: 24.84 seconds
2025-02-11 09:21 | INFO | Query 61 Active Learning Runtime on Validation Set: 510122.89
2025-02-11 09:21 | INFO | Query 61 Active Learning Runtime on Test Set: 75503.04
2025-02-11 09:21 | INFO | Query 61 Active Learning Instance Cost: 3657138.23
2025-02-11 09:25 | INFO | Query 62 Size of the uncertainty table is = 13766/39325
2025-02-11 09:25 | INFO | Query 62 Size of the filtered table is = 394
2025-02-11 09:28 | INFO | Training Time Active Learning Classifier: 93.82 seconds
2025-02-11 09:29 | INFO | Training Time Active Learning Regressor: 25.94 seconds
2025-02-11 09:42 | INFO | Query 62 Active Learning Runtime on Validation Set: 474790.2
2025-02-11 09:42 | INFO | Query 62 Active Learning Runtime on Test Set: 75505.20999999999
2025-02-11 09:42 | INFO | Query 62 Active Learning Instance Cost: 3669620.37
2025-02-11 09:46 | INFO | Query 63 Size of the uncertainty table is = 12579/39325
2025-02-11 09:46 | INFO | Query 63 Size of the filtered table is = 394
2025-02-11 09:49 | INFO | Training Time Active Learning Classifier: 97.66 seconds
2025-02-11 09:49 | INFO | Training Time Active Learning Regressor: 26.92 seconds
2025-02-11 10:02 | INFO | Query 63 Active Learning Runtime on Validation Set: 439210.22
2025-02-11 10:02 | INFO | Query 63 Active Learning Runtime on Test Set: 75359.15
2025-02-11 10:02 | INFO | Query 63 Active Learning Instance Cost: 3727476.48
2025-02-11 10:06 | INFO | Query 64 Size of the uncertainty table is = 11225/39325
2025-02-11 10:06 | INFO | Query 64 Size of the filtered table is = 394
2025-02-11 10:09 | INFO | Training Time Active Learning Classifier: 100.92 seconds
2025-02-11 10:09 | INFO | Training Time Active Learning Regressor: 28.02 seconds
2025-02-11 10:23 | INFO | Query 64 Active Learning Runtime on Validation Set: 402273.42
2025-02-11 10:23 | INFO | Query 64 Active Learning Runtime on Test Set: 75600.39
2025-02-11 10:23 | INFO | Query 64 Active Learning Instance Cost: 3740755.77
2025-02-11 10:26 | INFO | Query 65 Size of the uncertainty table is = 9909/39325
2025-02-11 10:26 | INFO | Query 65 Size of the filtered table is = 394
2025-02-11 10:29 | INFO | Training Time Active Learning Classifier: 102.99 seconds
2025-02-11 10:29 | INFO | Training Time Active Learning Regressor: 28.73 seconds
2025-02-11 10:43 | INFO | Query 65 Active Learning Runtime on Validation Set: 402900.98
2025-02-11 10:43 | INFO | Query 65 Active Learning Runtime on Test Set: 75211.86
2025-02-11 10:43 | INFO | Query 65 Active Learning Instance Cost: 3746473.97
2025-02-11 10:43 | INFO | Timeout limit is increased to 3600
2025-02-11 10:45 | INFO | Query 66 Size of the uncertainty table is = 8845/39325
2025-02-11 10:45 | INFO | Query 66 Size of the filtered table is = 394
2025-02-11 10:49 | INFO | Training Time Active Learning Classifier: 105.65 seconds
2025-02-11 10:49 | INFO | Training Time Active Learning Regressor: 29.35 seconds
2025-02-11 11:02 | INFO | Query 66 Active Learning Runtime on Validation Set: 438281.62
2025-02-11 11:02 | INFO | Query 66 Active Learning Runtime on Test Set: 111084.97
2025-02-11 11:02 | INFO | Query 66 Active Learning Instance Cost: 3750868.73
2025-02-11 11:02 | INFO | Timeout limit is increased to 3600
2025-02-11 11:05 | INFO | Query 67 Size of the uncertainty table is = 7637/39325
2025-02-11 11:05 | INFO | Query 67 Size of the filtered table is = 394
2025-02-11 11:08 | INFO | Training Time Active Learning Classifier: 109.47 seconds
2025-02-11 11:09 | INFO | Training Time Active Learning Regressor: 30.71 seconds
2025-02-11 11:22 | INFO | Query 67 Active Learning Runtime on Validation Set: 367512.49
2025-02-11 11:22 | INFO | Query 67 Active Learning Runtime on Test Set: 75473.5
2025-02-11 11:22 | INFO | Query 67 Active Learning Instance Cost: 3762952.27
2025-02-11 11:24 | INFO | Query 68 Size of the uncertainty table is = 6418/39325
2025-02-11 11:24 | INFO | Query 68 Size of the filtered table is = 394
2025-02-11 11:28 | INFO | Training Time Active Learning Classifier: 112.59 seconds
2025-02-11 11:28 | INFO | Training Time Active Learning Regressor: 31.01 seconds
2025-02-11 11:41 | INFO | Query 68 Active Learning Runtime on Validation Set: 402677.23
2025-02-11 11:41 | INFO | Query 68 Active Learning Runtime on Test Set: 75339.89
2025-02-11 11:41 | INFO | Query 68 Active Learning Instance Cost: 3763708.68
2025-02-11 11:41 | INFO | Timeout limit is increased to 3600
2025-02-11 11:43 | INFO | Query 69 Size of the uncertainty table is = 5401/39325
2025-02-11 11:43 | INFO | Query 69 Size of the filtered table is = 394
2025-02-11 11:47 | INFO | Training Time Active Learning Classifier: 115.39 seconds
2025-02-11 11:47 | INFO | Training Time Active Learning Regressor: 31.74 seconds
2025-02-11 12:01 | INFO | Query 69 Active Learning Runtime on Validation Set: 474603.87
2025-02-11 12:01 | INFO | Query 69 Active Learning Runtime on Test Set: 75415.23
2025-02-11 12:01 | INFO | Query 69 Active Learning Instance Cost: 3764197.47
2025-02-11 12:01 | INFO | Timeout limit is increased to 3600
2025-02-11 12:02 | INFO | Query 70 Size of the uncertainty table is = 4327/39325
2025-02-11 12:02 | INFO | Query 70 Size of the filtered table is = 394
2025-02-11 12:06 | INFO | Training Time Active Learning Classifier: 118.61 seconds
2025-02-11 12:06 | INFO | Training Time Active Learning Regressor: 32.48 seconds
2025-02-11 12:20 | INFO | Query 70 Active Learning Runtime on Validation Set: 331733.77
2025-02-11 12:20 | INFO | Query 70 Active Learning Runtime on Test Set: 75245.90999999999
2025-02-11 12:20 | INFO | Query 70 Active Learning Instance Cost: 3765402.66
2025-02-11 12:21 | INFO | Query 71 Size of the uncertainty table is = 3270/39325
2025-02-11 12:21 | INFO | Query 71 Size of the filtered table is = 394
2025-02-11 12:24 | INFO | Training Time Active Learning Classifier: 121.45 seconds
2025-02-11 12:25 | INFO | Training Time Active Learning Regressor: 33.08 seconds
2025-02-11 12:38 | INFO | Query 71 Active Learning Runtime on Validation Set: 403456.02999999997
2025-02-11 12:38 | INFO | Query 71 Active Learning Runtime on Test Set: 75436.79
2025-02-11 12:38 | INFO | Query 71 Active Learning Instance Cost: 3765701.62
2025-02-11 12:38 | INFO | Timeout limit is increased to 3600
2025-02-11 12:39 | INFO | Query 72 Size of the uncertainty table is = 2308/39325
2025-02-11 12:39 | INFO | Query 72 Size of the filtered table is = 394
2025-02-11 12:43 | INFO | Training Time Active Learning Classifier: 124.06 seconds
2025-02-11 12:43 | INFO | Training Time Active Learning Regressor: 33.32 seconds
2025-02-11 12:56 | INFO | Query 72 Active Learning Runtime on Validation Set: 402274.64
2025-02-11 12:56 | INFO | Query 72 Active Learning Runtime on Test Set: 75319.09999999999
2025-02-11 12:56 | INFO | Query 72 Active Learning Instance Cost: 3765893.47
2025-02-11 12:57 | INFO | Query 73 Size of the uncertainty table is = 1370/39325
2025-02-11 12:57 | INFO | Query 73 Size of the filtered table is = 394
2025-02-11 13:01 | INFO | Training Time Active Learning Classifier: 126.92 seconds
2025-02-11 13:01 | INFO | Training Time Active Learning Regressor: 34.26 seconds
2025-02-11 13:15 | INFO | Query 73 Active Learning Runtime on Validation Set: 403570.15
2025-02-11 13:15 | INFO | Query 73 Active Learning Runtime on Test Set: 75478.64
2025-02-11 13:15 | INFO | Query 73 Active Learning Instance Cost: 3766002.4
2025-02-11 13:15 | INFO | Timeout limit is increased to 3600
2025-02-11 13:15 | INFO | Query 74 Size of the uncertainty table is = 390/39325
2025-02-11 13:15 | INFO | Query 74 Size of the filtered table is = 390
2025-02-11 13:18 | INFO | Training Time Active Learning Classifier: 127.81 seconds
2025-02-11 13:19 | INFO | Training Time Active Learning Regressor: 34.44 seconds
2025-02-11 13:32 | INFO | Query 74 Active Learning Runtime on Validation Set: 366802.92
2025-02-11 13:32 | INFO | Query 74 Active Learning Runtime on Test Set: 75703.83
2025-02-11 13:32 | INFO | Query 74 Active Learning Instance Cost: 3766028.08
2025-02-11 13:32 | INFO | Active Learning Emissions: 2.9087549752724375
2025-02-11 13:32 | INFO | Active Learning Energy Consumption: 3.164799690020428 kWh
2025-02-11 13:32 | INFO | runtime_test_score is written as json file
2025-02-11 13:32 | INFO | runtime_validation_score is written as json file
2025-02-11 13:32 | INFO | instance_cost is written as json file
2025-02-11 13:32 | INFO | Experiment is finished
