2025-02-10 11:30 | INFO | Paramaters are: {'dataset': 'ASP-POTASSCO', 'penalty': 10, 'weight': 'No_Weight', 'voting': 'Hard', 'pre_selection_size': 64, 'pre_selection_technique': 'No_pre_selection', 'feature_elimination_threshold': 20, 'imputer_strategy': 'median', 'feature_selection_technique': 'No_feature_selection', 'feature_scaling_technique': 'StandardScaler', 'priority': {'PredDiff': 'max', 'Uncertainty': 'max', 'PredCost': 'min'}, 'initial_train_size': 20, 'query_size': 1, 'timeout_predictor_usage': 'No', 'timeout_limit': 3600, 'timeout_increase_rate': 100, 'penalty_type': 'Only-timeout-penalty', 'RANDOM_STATE_SEED': 123, 'n_splits': 10, 'split_number': 7, 'max_timeout': 3600, 'param_grid': {'n_estimators': 100, 'max_features': 'sqrt', 'max_depth': 2147483648, 'min_samples_split': 2, 'bootstrap': True}}
2025-02-10 11:30 | INFO | ASP-POTASSCO is current dataset
2025-02-10 11:30 | INFO | DATASETS/ASP-POTASSCO/algorithm_runs.arff is found
2025-02-10 11:30 | INFO | DATASETS/ASP-POTASSCO/algorithm_runs.arff is finished
2025-02-10 11:30 | INFO | DATASETS/ASP-POTASSCO/feature_values.arff is found
2025-02-10 11:30 | INFO | DATASETS/ASP-POTASSCO/feature_values.arff is finished
2025-02-10 11:30 | INFO | DATASETS/ASP-POTASSCO/feature_costs.arff is found
2025-02-10 11:30 | INFO | DATASETS/ASP-POTASSCO/feature_costs.arff is finished
2025-02-10 11:30 | INFO | Virtual best solver time in train = 21496.22
2025-02-10 11:30 | INFO | Single best solver list train = {'clasp/2.1.3/h1-n1': 3116453.33, 'clasp/2.1.3/h10-n1': 4921659.78, 'clasp/2.1.3/h11-n1': 6758887.61, 'clasp/2.1.3/h2-n1': 5064885.23, 'clasp/2.1.3/h3-n1': 5736198.92, 'clasp/2.1.3/h4-n1': 3598026.37, 'clasp/2.1.3/h5-n1': 4810711.19, 'clasp/2.1.3/h6-n1': 3918757.29, 'clasp/2.1.3/h7-n1': 6609046.23, 'clasp/2.1.3/h8-n1': 2745148.27, 'clasp/2.1.3/h9-n1': 4529490.15}
2025-02-10 11:30 | INFO | Single best solver time train = clasp/2.1.3/h8-n1 (2745148.27)
2025-02-10 11:30 | INFO | Virtual best solver time in validation = 3391.25
2025-02-10 11:30 | INFO | Single best solver list validation = {'clasp/2.1.3/h1-n1': 305713.19, 'clasp/2.1.3/h10-n1': 868865.56, 'clasp/2.1.3/h11-n1': 2640669.77, 'clasp/2.1.3/h2-n1': 798422.84, 'clasp/2.1.3/h3-n1': 2283286.27, 'clasp/2.1.3/h4-n1': 987018.13, 'clasp/2.1.3/h5-n1': 331719.52, 'clasp/2.1.3/h6-n1': 761841.35, 'clasp/2.1.3/h7-n1': 842038.79, 'clasp/2.1.3/h8-n1': 1049782.08, 'clasp/2.1.3/h9-n1': 1852452.42}
2025-02-10 11:30 | INFO | Single best solver time validation = clasp/2.1.3/h1-n1 (305713.19)
2025-02-10 11:30 | INFO | Virtual best solver time in test = 2390.83
2025-02-10 11:30 | INFO | Single best solver list test = {'clasp/2.1.3/h1-n1': 254764.79, 'clasp/2.1.3/h10-n1': 541992.65, 'clasp/2.1.3/h11-n1': 868777.99, 'clasp/2.1.3/h2-n1': 577796.54, 'clasp/2.1.3/h3-n1': 834516.83, 'clasp/2.1.3/h4-n1': 399805.39, 'clasp/2.1.3/h5-n1': 506924.01, 'clasp/2.1.3/h6-n1': 471081.85, 'clasp/2.1.3/h7-n1': 615795.87, 'clasp/2.1.3/h8-n1': 400179.76, 'clasp/2.1.3/h9-n1': 652186.07}
2025-02-10 11:30 | INFO | Single best solver time test = clasp/2.1.3/h1-n1 (254764.79)
2025-02-10 11:32 | INFO | Training Time Passive Learning Classifier: 125.02 seconds
2025-02-10 11:33 | INFO | Training Time Passive Learning Regressor: 33.19 seconds
2025-02-10 11:46 | INFO | Passive Learning Classifier Runtime on Validation Set: 259911.2
2025-02-10 11:46 | INFO | Passive Learning Classifier Runtime on Test Set: 111092.85
2025-02-10 11:46 | INFO | Passive Learning Instance Cost: 5477264.36
2025-02-10 11:46 | INFO | Passive Learning Emissions: 0.02970959666099689
2025-02-10 11:46 | INFO | Passive Learning Energy Consumption: 0.03232479982077157 kWh
2025-02-10 11:47 | INFO | Training Time Active Learning Classifier: 46.58 seconds
2025-02-10 11:47 | INFO | Training Time Active Learning Regressor: 7.8 seconds
2025-02-10 12:00 | INFO | Initial Active Learning Runtime on Validation Set: 509814.97
2025-02-10 12:00 | INFO | Initial Active Learning Runtime on Test Set: 183645.45
2025-02-10 12:00 | INFO | Initial Active Learning Instance Cost: 194614.37
2025-02-10 12:00 | INFO | Bin size = 394
2025-02-10 12:04 | INFO | Query 1 Size of the uncertainty table is = 39325/39325
2025-02-10 12:04 | INFO | Query 1 Size of the filtered table is = 394
2025-02-10 12:05 | INFO | Training Time Active Learning Classifier: 46.27 seconds
2025-02-10 12:05 | INFO | Training Time Active Learning Regressor: 8.58 seconds
2025-02-10 12:18 | INFO | Query 1 Active Learning Runtime on Validation Set: 509832.41000000003
2025-02-10 12:18 | INFO | Query 1 Active Learning Runtime on Test Set: 183085.97
2025-02-10 12:18 | INFO | Query 1 Active Learning Instance Cost: 767624.43
2025-02-10 12:18 | INFO | Timeout limit is increased to 3600
2025-02-10 12:23 | INFO | Query 2 Size of the uncertainty table is = 38578/39325
2025-02-10 12:23 | INFO | Query 2 Size of the filtered table is = 394
2025-02-10 12:24 | INFO | Training Time Active Learning Classifier: 47.59 seconds
2025-02-10 12:24 | INFO | Training Time Active Learning Regressor: 8.8 seconds
2025-02-10 12:37 | INFO | Query 2 Active Learning Runtime on Validation Set: 509830.37
2025-02-10 12:37 | INFO | Query 2 Active Learning Runtime on Test Set: 182936.19999999998
2025-02-10 12:37 | INFO | Query 2 Active Learning Instance Cost: 1157409.38
2025-02-10 12:42 | INFO | Query 3 Size of the uncertainty table is = 37726/39325
2025-02-10 12:42 | INFO | Query 3 Size of the filtered table is = 394
2025-02-10 12:43 | INFO | Training Time Active Learning Classifier: 49.31 seconds
2025-02-10 12:43 | INFO | Training Time Active Learning Regressor: 9.25 seconds
2025-02-10 12:57 | INFO | Query 3 Active Learning Runtime on Validation Set: 510085.72000000003
2025-02-10 12:57 | INFO | Query 3 Active Learning Runtime on Test Set: 147760.3
2025-02-10 12:57 | INFO | Query 3 Active Learning Instance Cost: 1538350.9
2025-02-10 12:57 | INFO | Timeout limit is increased to 3600
2025-02-10 13:02 | INFO | Query 4 Size of the uncertainty table is = 36703/39325
2025-02-10 13:02 | INFO | Query 4 Size of the filtered table is = 394
2025-02-10 13:03 | INFO | Training Time Active Learning Classifier: 50.68 seconds
2025-02-10 13:03 | INFO | Training Time Active Learning Regressor: 9.94 seconds
2025-02-10 13:17 | INFO | Query 4 Active Learning Runtime on Validation Set: 402306.62
2025-02-10 13:17 | INFO | Query 4 Active Learning Runtime on Test Set: 219224.87
2025-02-10 13:17 | INFO | Query 4 Active Learning Instance Cost: 1844762.33
2025-02-10 13:21 | INFO | Query 5 Size of the uncertainty table is = 35488/39325
2025-02-10 13:21 | INFO | Query 5 Size of the filtered table is = 394
2025-02-10 13:23 | INFO | Training Time Active Learning Classifier: 52.67 seconds
2025-02-10 13:23 | INFO | Training Time Active Learning Regressor: 10.64 seconds
2025-02-10 13:36 | INFO | Query 5 Active Learning Runtime on Validation Set: 473690.22000000003
2025-02-10 13:36 | INFO | Query 5 Active Learning Runtime on Test Set: 184172.22999999998
2025-02-10 13:36 | INFO | Query 5 Active Learning Instance Cost: 2111077.26
2025-02-10 13:36 | INFO | Timeout limit is increased to 3600
2025-02-10 13:41 | INFO | Query 6 Size of the uncertainty table is = 34289/39325
2025-02-10 13:41 | INFO | Query 6 Size of the filtered table is = 394
2025-02-10 13:43 | INFO | Training Time Active Learning Classifier: 53.46 seconds
2025-02-10 13:43 | INFO | Training Time Active Learning Regressor: 10.88 seconds
2025-02-10 13:56 | INFO | Query 6 Active Learning Runtime on Validation Set: 294893.86000000004
2025-02-10 13:56 | INFO | Query 6 Active Learning Runtime on Test Set: 148222.09
2025-02-10 13:56 | INFO | Query 6 Active Learning Instance Cost: 2267398.79
2025-02-10 14:01 | INFO | Query 7 Size of the uncertainty table is = 33423/39325
2025-02-10 14:01 | INFO | Query 7 Size of the filtered table is = 394
2025-02-10 14:02 | INFO | Training Time Active Learning Classifier: 55.4 seconds
2025-02-10 14:03 | INFO | Training Time Active Learning Regressor: 11.81 seconds
2025-02-10 14:16 | INFO | Query 7 Active Learning Runtime on Validation Set: 617864.96
2025-02-10 14:16 | INFO | Query 7 Active Learning Runtime on Test Set: 183399.93
2025-02-10 14:16 | INFO | Query 7 Active Learning Instance Cost: 2471240.32
2025-02-10 14:16 | INFO | Timeout limit is increased to 3600
2025-02-10 14:21 | INFO | Query 8 Size of the uncertainty table is = 32250/39325
2025-02-10 14:21 | INFO | Query 8 Size of the filtered table is = 394
2025-02-10 14:23 | INFO | Training Time Active Learning Classifier: 57.42 seconds
2025-02-10 14:23 | INFO | Training Time Active Learning Regressor: 12.83 seconds
2025-02-10 14:36 | INFO | Query 8 Active Learning Runtime on Validation Set: 656307.01
2025-02-10 14:36 | INFO | Query 8 Active Learning Runtime on Test Set: 184270.19999999998
2025-02-10 14:36 | INFO | Query 8 Active Learning Instance Cost: 2861381.19
2025-02-10 14:36 | INFO | Timeout limit is increased to 3600
2025-02-10 14:42 | INFO | Query 9 Size of the uncertainty table is = 31099/39325
2025-02-10 14:42 | INFO | Query 9 Size of the filtered table is = 394
2025-02-10 14:43 | INFO | Training Time Active Learning Classifier: 58.86 seconds
2025-02-10 14:43 | INFO | Training Time Active Learning Regressor: 13.48 seconds
2025-02-10 14:56 | INFO | Query 9 Active Learning Runtime on Validation Set: 368056.2
2025-02-10 14:56 | INFO | Query 9 Active Learning Runtime on Test Set: 183660.06
2025-02-10 14:56 | INFO | Query 9 Active Learning Instance Cost: 3237708.43
2025-02-10 15:02 | INFO | Query 10 Size of the uncertainty table is = 29969/39325
2025-02-10 15:02 | INFO | Query 10 Size of the filtered table is = 394
2025-02-10 15:03 | INFO | Training Time Active Learning Classifier: 59.55 seconds
2025-02-10 15:03 | INFO | Training Time Active Learning Regressor: 13.93 seconds
2025-02-10 15:17 | INFO | Query 10 Active Learning Runtime on Validation Set: 297183.25
2025-02-10 15:17 | INFO | Query 10 Active Learning Runtime on Test Set: 111863.02
2025-02-10 15:17 | INFO | Query 10 Active Learning Instance Cost: 3505128.22
2025-02-10 15:22 | INFO | Query 11 Size of the uncertainty table is = 28864/39325
2025-02-10 15:22 | INFO | Query 11 Size of the filtered table is = 394
2025-02-10 15:23 | INFO | Training Time Active Learning Classifier: 61.6 seconds
2025-02-10 15:23 | INFO | Training Time Active Learning Regressor: 14.58 seconds
2025-02-10 15:37 | INFO | Query 11 Active Learning Runtime on Validation Set: 368374.18
2025-02-10 15:37 | INFO | Query 11 Active Learning Runtime on Test Set: 147644.72
2025-02-10 15:37 | INFO | Query 11 Active Learning Instance Cost: 3985123.96
2025-02-10 15:37 | INFO | Timeout limit is increased to 3600
2025-02-10 15:42 | INFO | Query 12 Size of the uncertainty table is = 27475/39325
2025-02-10 15:42 | INFO | Query 12 Size of the filtered table is = 394
2025-02-10 15:43 | INFO | Training Time Active Learning Classifier: 63.99 seconds
2025-02-10 15:44 | INFO | Training Time Active Learning Regressor: 15.3 seconds
2025-02-10 15:57 | INFO | Query 12 Active Learning Runtime on Validation Set: 403255.24000000005
2025-02-10 15:57 | INFO | Query 12 Active Learning Runtime on Test Set: 147275.61
2025-02-10 15:57 | INFO | Query 12 Active Learning Instance Cost: 4304400.53
2025-02-10 15:57 | INFO | Timeout limit is increased to 3600
2025-02-10 16:02 | INFO | Query 13 Size of the uncertainty table is = 26167/39325
2025-02-10 16:02 | INFO | Query 13 Size of the filtered table is = 394
2025-02-10 16:04 | INFO | Training Time Active Learning Classifier: 65.9 seconds
2025-02-10 16:04 | INFO | Training Time Active Learning Regressor: 15.96 seconds
2025-02-10 16:17 | INFO | Query 13 Active Learning Runtime on Validation Set: 333859.64
2025-02-10 16:17 | INFO | Query 13 Active Learning Runtime on Test Set: 111783.75
2025-02-10 16:17 | INFO | Query 13 Active Learning Instance Cost: 4434764.59
2025-02-10 16:22 | INFO | Query 14 Size of the uncertainty table is = 25140/39325
2025-02-10 16:22 | INFO | Query 14 Size of the filtered table is = 394
2025-02-10 16:24 | INFO | Training Time Active Learning Classifier: 68.24 seconds
2025-02-10 16:24 | INFO | Training Time Active Learning Regressor: 17.08 seconds
2025-02-10 16:37 | INFO | Query 14 Active Learning Runtime on Validation Set: 547705.02
2025-02-10 16:37 | INFO | Query 14 Active Learning Runtime on Test Set: 182844.03
2025-02-10 16:37 | INFO | Query 14 Active Learning Instance Cost: 4540461.3
2025-02-10 16:37 | INFO | Timeout limit is increased to 3600
2025-02-10 16:43 | INFO | Query 15 Size of the uncertainty table is = 24093/39325
2025-02-10 16:43 | INFO | Query 15 Size of the filtered table is = 394
2025-02-10 16:44 | INFO | Training Time Active Learning Classifier: 69.89 seconds
2025-02-10 16:45 | INFO | Training Time Active Learning Regressor: 18.47 seconds
2025-02-10 16:58 | INFO | Query 15 Active Learning Runtime on Validation Set: 475931.44
2025-02-10 16:58 | INFO | Query 15 Active Learning Runtime on Test Set: 183002.06
2025-02-10 16:58 | INFO | Query 15 Active Learning Instance Cost: 4755551.4
2025-02-10 17:03 | INFO | Query 16 Size of the uncertainty table is = 23221/39325
2025-02-10 17:03 | INFO | Query 16 Size of the filtered table is = 394
2025-02-10 17:05 | INFO | Training Time Active Learning Classifier: 71.55 seconds
2025-02-10 17:05 | INFO | Training Time Active Learning Regressor: 18.98 seconds
2025-02-10 17:18 | INFO | Query 16 Active Learning Runtime on Validation Set: 368157.12
2025-02-10 17:18 | INFO | Query 16 Active Learning Runtime on Test Set: 146901.88
2025-02-10 17:18 | INFO | Query 16 Active Learning Instance Cost: 4920517.57
2025-02-10 17:23 | INFO | Query 17 Size of the uncertainty table is = 22234/39325
2025-02-10 17:23 | INFO | Query 17 Size of the filtered table is = 394
2025-02-10 17:25 | INFO | Training Time Active Learning Classifier: 73.0 seconds
2025-02-10 17:26 | INFO | Training Time Active Learning Regressor: 19.7 seconds
2025-02-10 17:39 | INFO | Query 17 Active Learning Runtime on Validation Set: 332203.24000000005
2025-02-10 17:39 | INFO | Query 17 Active Learning Runtime on Test Set: 182963.05
2025-02-10 17:39 | INFO | Query 17 Active Learning Instance Cost: 5087535.29
2025-02-10 17:44 | INFO | Query 18 Size of the uncertainty table is = 21023/39325
2025-02-10 17:44 | INFO | Query 18 Size of the filtered table is = 394
2025-02-10 17:46 | INFO | Training Time Active Learning Classifier: 75.14 seconds
2025-02-10 17:46 | INFO | Training Time Active Learning Regressor: 19.91 seconds
2025-02-10 17:59 | INFO | Query 18 Active Learning Runtime on Validation Set: 403967.62
2025-02-10 17:59 | INFO | Query 18 Active Learning Runtime on Test Set: 147632.34
2025-02-10 17:59 | INFO | Query 18 Active Learning Instance Cost: 5214646.8
2025-02-10 17:59 | INFO | Timeout limit is increased to 3600
2025-02-10 18:04 | INFO | Query 19 Size of the uncertainty table is = 19933/39325
2025-02-10 18:04 | INFO | Query 19 Size of the filtered table is = 394
2025-02-10 18:06 | INFO | Training Time Active Learning Classifier: 76.93 seconds
2025-02-10 18:06 | INFO | Training Time Active Learning Regressor: 20.5 seconds
2025-02-10 18:20 | INFO | Query 19 Active Learning Runtime on Validation Set: 476081.08
2025-02-10 18:20 | INFO | Query 19 Active Learning Runtime on Test Set: 147161.6
2025-02-10 18:20 | INFO | Query 19 Active Learning Instance Cost: 5268734.46
2025-02-10 18:20 | INFO | Timeout limit is increased to 3600
2025-02-10 18:24 | INFO | Query 20 Size of the uncertainty table is = 19146/39325
2025-02-10 18:24 | INFO | Query 20 Size of the filtered table is = 394
2025-02-10 18:26 | INFO | Training Time Active Learning Classifier: 79.43 seconds
2025-02-10 18:27 | INFO | Training Time Active Learning Regressor: 21.51 seconds
2025-02-10 18:40 | INFO | Query 20 Active Learning Runtime on Validation Set: 475774.66000000003
2025-02-10 18:40 | INFO | Query 20 Active Learning Runtime on Test Set: 111215.43000000001
2025-02-10 18:40 | INFO | Query 20 Active Learning Instance Cost: 5314474.14
2025-02-10 18:45 | INFO | Query 21 Size of the uncertainty table is = 18010/39325
2025-02-10 18:45 | INFO | Query 21 Size of the filtered table is = 394
2025-02-10 18:47 | INFO | Training Time Active Learning Classifier: 81.76 seconds
2025-02-10 18:47 | INFO | Training Time Active Learning Regressor: 22.47 seconds
2025-02-10 19:01 | INFO | Query 21 Active Learning Runtime on Validation Set: 403882.72000000003
2025-02-10 19:01 | INFO | Query 21 Active Learning Runtime on Test Set: 146973.34
2025-02-10 19:01 | INFO | Query 21 Active Learning Instance Cost: 5332164.91
2025-02-10 19:05 | INFO | Query 22 Size of the uncertainty table is = 17067/39325
2025-02-10 19:05 | INFO | Query 22 Size of the filtered table is = 394
2025-02-10 19:07 | INFO | Training Time Active Learning Classifier: 84.36 seconds
2025-02-10 19:08 | INFO | Training Time Active Learning Regressor: 23.27 seconds
2025-02-10 19:21 | INFO | Query 22 Active Learning Runtime on Validation Set: 368161.56
2025-02-10 19:21 | INFO | Query 22 Active Learning Runtime on Test Set: 111228.66
2025-02-10 19:21 | INFO | Query 22 Active Learning Instance Cost: 5356714.08
2025-02-10 19:26 | INFO | Query 23 Size of the uncertainty table is = 15974/39325
2025-02-10 19:26 | INFO | Query 23 Size of the filtered table is = 394
2025-02-10 19:28 | INFO | Training Time Active Learning Classifier: 87.0 seconds
2025-02-10 19:28 | INFO | Training Time Active Learning Regressor: 24.14 seconds
2025-02-10 19:42 | INFO | Query 23 Active Learning Runtime on Validation Set: 367109.2
2025-02-10 19:42 | INFO | Query 23 Active Learning Runtime on Test Set: 111415.29000000001
2025-02-10 19:42 | INFO | Query 23 Active Learning Instance Cost: 5373156.15
2025-02-10 19:46 | INFO | Query 24 Size of the uncertainty table is = 14984/39325
2025-02-10 19:46 | INFO | Query 24 Size of the filtered table is = 394
2025-02-10 19:48 | INFO | Training Time Active Learning Classifier: 89.48 seconds
2025-02-10 19:49 | INFO | Training Time Active Learning Regressor: 24.87 seconds
2025-02-10 20:02 | INFO | Query 24 Active Learning Runtime on Validation Set: 260188.63999999998
2025-02-10 20:02 | INFO | Query 24 Active Learning Runtime on Test Set: 75745.77
2025-02-10 20:02 | INFO | Query 24 Active Learning Instance Cost: 5397931.78
2025-02-10 20:06 | INFO | Query 25 Size of the uncertainty table is = 13917/39325
2025-02-10 20:06 | INFO | Query 25 Size of the filtered table is = 394
2025-02-10 20:08 | INFO | Training Time Active Learning Classifier: 92.88 seconds
2025-02-10 20:09 | INFO | Training Time Active Learning Regressor: 25.79 seconds
2025-02-10 20:22 | INFO | Query 25 Active Learning Runtime on Validation Set: 260367.86
2025-02-10 20:22 | INFO | Query 25 Active Learning Runtime on Test Set: 146828.15
2025-02-10 20:22 | INFO | Query 25 Active Learning Instance Cost: 5424098.18
2025-02-10 20:22 | INFO | Timeout limit is increased to 3600
2025-02-10 20:26 | INFO | Query 26 Size of the uncertainty table is = 12705/39325
2025-02-10 20:26 | INFO | Query 26 Size of the filtered table is = 394
2025-02-10 20:28 | INFO | Training Time Active Learning Classifier: 96.04 seconds
2025-02-10 20:29 | INFO | Training Time Active Learning Regressor: 26.68 seconds
2025-02-10 20:42 | INFO | Query 26 Active Learning Runtime on Validation Set: 403939.01
2025-02-10 20:42 | INFO | Query 26 Active Learning Runtime on Test Set: 147221.58
2025-02-10 20:42 | INFO | Query 26 Active Learning Instance Cost: 5441828.64
2025-02-10 20:42 | INFO | Timeout limit is increased to 3600
2025-02-10 20:46 | INFO | Query 27 Size of the uncertainty table is = 11590/39325
2025-02-10 20:46 | INFO | Query 27 Size of the filtered table is = 394
2025-02-10 20:48 | INFO | Training Time Active Learning Classifier: 99.02 seconds
2025-02-10 20:49 | INFO | Training Time Active Learning Regressor: 27.2 seconds
2025-02-10 21:02 | INFO | Query 27 Active Learning Runtime on Validation Set: 403903.59
2025-02-10 21:02 | INFO | Query 27 Active Learning Runtime on Test Set: 111646.11
2025-02-10 21:02 | INFO | Query 27 Active Learning Instance Cost: 5443319.31
2025-02-10 21:05 | INFO | Query 28 Size of the uncertainty table is = 10538/39325
2025-02-10 21:05 | INFO | Query 28 Size of the filtered table is = 394
2025-02-10 21:08 | INFO | Training Time Active Learning Classifier: 101.78 seconds
2025-02-10 21:08 | INFO | Training Time Active Learning Regressor: 28.14 seconds
2025-02-10 21:22 | INFO | Query 28 Active Learning Runtime on Validation Set: 296418.11000000004
2025-02-10 21:22 | INFO | Query 28 Active Learning Runtime on Test Set: 75655.09000000001
2025-02-10 21:22 | INFO | Query 28 Active Learning Instance Cost: 5448440.29
2025-02-10 21:25 | INFO | Query 29 Size of the uncertainty table is = 9417/39325
2025-02-10 21:25 | INFO | Query 29 Size of the filtered table is = 394
2025-02-10 21:27 | INFO | Training Time Active Learning Classifier: 104.9 seconds
2025-02-10 21:28 | INFO | Training Time Active Learning Regressor: 29.03 seconds
2025-02-10 21:41 | INFO | Query 29 Active Learning Runtime on Validation Set: 296877.91000000003
2025-02-10 21:41 | INFO | Query 29 Active Learning Runtime on Test Set: 111053.63
2025-02-10 21:41 | INFO | Query 29 Active Learning Instance Cost: 5461434.6
2025-02-10 21:41 | INFO | Timeout limit is increased to 3600
2025-02-10 21:44 | INFO | Query 30 Size of the uncertainty table is = 8296/39325
2025-02-10 21:44 | INFO | Query 30 Size of the filtered table is = 394
2025-02-10 21:47 | INFO | Training Time Active Learning Classifier: 107.83 seconds
2025-02-10 21:47 | INFO | Training Time Active Learning Regressor: 29.84 seconds
2025-02-10 22:01 | INFO | Query 30 Active Learning Runtime on Validation Set: 331986.29000000004
2025-02-10 22:01 | INFO | Query 30 Active Learning Runtime on Test Set: 75670.70000000001
2025-02-10 22:01 | INFO | Query 30 Active Learning Instance Cost: 5462919.21
2025-02-10 22:01 | INFO | Timeout limit is increased to 3600
2025-02-10 22:03 | INFO | Query 31 Size of the uncertainty table is = 7212/39325
2025-02-10 22:03 | INFO | Query 31 Size of the filtered table is = 394
2025-02-10 22:06 | INFO | Training Time Active Learning Classifier: 110.78 seconds
2025-02-10 22:06 | INFO | Training Time Active Learning Regressor: 30.57 seconds
2025-02-10 22:20 | INFO | Query 31 Active Learning Runtime on Validation Set: 404068.95
2025-02-10 22:20 | INFO | Query 31 Active Learning Runtime on Test Set: 75845.8
2025-02-10 22:20 | INFO | Query 31 Active Learning Instance Cost: 5474606.13
2025-02-10 22:20 | INFO | Timeout limit is increased to 3600
2025-02-10 22:22 | INFO | Query 32 Size of the uncertainty table is = 6140/39325
2025-02-10 22:22 | INFO | Query 32 Size of the filtered table is = 394
2025-02-10 22:25 | INFO | Training Time Active Learning Classifier: 113.93 seconds
2025-02-10 22:25 | INFO | Training Time Active Learning Regressor: 31.27 seconds
2025-02-10 22:39 | INFO | Query 32 Active Learning Runtime on Validation Set: 368587.49000000005
2025-02-10 22:39 | INFO | Query 32 Active Learning Runtime on Test Set: 76102.69
2025-02-10 22:39 | INFO | Query 32 Active Learning Instance Cost: 5475607.46
2025-02-10 22:40 | INFO | Query 33 Size of the uncertainty table is = 5018/39325
2025-02-10 22:40 | INFO | Query 33 Size of the filtered table is = 394
2025-02-10 22:43 | INFO | Training Time Active Learning Classifier: 117.16 seconds
2025-02-10 22:44 | INFO | Training Time Active Learning Regressor: 32.59 seconds
2025-02-10 22:57 | INFO | Query 33 Active Learning Runtime on Validation Set: 260175.96
2025-02-10 22:57 | INFO | Query 33 Active Learning Runtime on Test Set: 111346.72
2025-02-10 22:57 | INFO | Query 33 Active Learning Instance Cost: 5476220.32
2025-02-10 22:59 | INFO | Query 34 Size of the uncertainty table is = 3886/39325
2025-02-10 22:59 | INFO | Query 34 Size of the filtered table is = 394
2025-02-10 23:02 | INFO | Training Time Active Learning Classifier: 120.09 seconds
2025-02-10 23:02 | INFO | Training Time Active Learning Regressor: 32.9 seconds
2025-02-10 23:16 | INFO | Query 34 Active Learning Runtime on Validation Set: 368150.56
2025-02-10 23:16 | INFO | Query 34 Active Learning Runtime on Test Set: 111047.59000000001
2025-02-10 23:16 | INFO | Query 34 Active Learning Instance Cost: 5476419.59
2025-02-10 23:16 | INFO | Timeout limit is increased to 3600
2025-02-10 23:17 | INFO | Query 35 Size of the uncertainty table is = 2821/39325
2025-02-10 23:17 | INFO | Query 35 Size of the filtered table is = 394
2025-02-10 23:20 | INFO | Training Time Active Learning Classifier: 123.59 seconds
2025-02-10 23:21 | INFO | Training Time Active Learning Regressor: 33.65 seconds
2025-02-10 23:34 | INFO | Query 35 Active Learning Runtime on Validation Set: 189691.62
2025-02-10 23:34 | INFO | Query 35 Active Learning Runtime on Test Set: 110997.6
2025-02-10 23:34 | INFO | Query 35 Active Learning Instance Cost: 5476895.8
2025-02-10 23:35 | INFO | Query 36 Size of the uncertainty table is = 1756/39325
2025-02-10 23:35 | INFO | Query 36 Size of the filtered table is = 394
2025-02-10 23:38 | INFO | Training Time Active Learning Classifier: 125.59 seconds
2025-02-10 23:38 | INFO | Training Time Active Learning Regressor: 34.19 seconds
2025-02-10 23:52 | INFO | Query 36 Active Learning Runtime on Validation Set: 260056.75
2025-02-10 23:52 | INFO | Query 36 Active Learning Runtime on Test Set: 111019.5
2025-02-10 23:52 | INFO | Query 36 Active Learning Instance Cost: 5477175.12
2025-02-10 23:52 | INFO | Timeout limit is increased to 3600
2025-02-10 23:52 | INFO | Query 37 Size of the uncertainty table is = 817/39325
2025-02-10 23:52 | INFO | Query 37 Size of the filtered table is = 394
2025-02-10 23:56 | INFO | Training Time Active Learning Classifier: 128.29 seconds
2025-02-10 23:56 | INFO | Training Time Active Learning Regressor: 34.77 seconds
2025-02-11 00:10 | INFO | Query 37 Active Learning Runtime on Validation Set: 152926.38999999998
2025-02-11 00:10 | INFO | Query 37 Active Learning Runtime on Test Set: 111197.57
2025-02-11 00:10 | INFO | Query 37 Active Learning Instance Cost: 5477262.01
2025-02-11 00:10 | INFO | Query 38 Size of the uncertainty table is = 124/39325
2025-02-11 00:10 | INFO | Query 38 Size of the filtered table is = 124
2025-02-11 00:13 | INFO | Training Time Active Learning Classifier: 127.9 seconds
2025-02-11 00:14 | INFO | Training Time Active Learning Regressor: 34.65 seconds
2025-02-11 00:27 | INFO | Query 38 Active Learning Runtime on Validation Set: 189375.75
2025-02-11 00:27 | INFO | Query 38 Active Learning Runtime on Test Set: 182773.28
2025-02-11 00:27 | INFO | Query 38 Active Learning Instance Cost: 5477264.36
2025-02-11 00:27 | INFO | Timeout limit is increased to 3600
2025-02-11 00:27 | INFO | Active Learning Emissions: 1.4322738044280883
2025-02-11 00:27 | INFO | Active Learning Energy Consumption: 1.5583504732480395 kWh
2025-02-11 00:27 | INFO | runtime_test_score is written as json file
2025-02-11 00:27 | INFO | runtime_validation_score is written as json file
2025-02-11 00:27 | INFO | instance_cost is written as json file
2025-02-11 00:27 | INFO | Experiment is finished
