2025-02-10 11:53 | INFO | Paramaters are: {'dataset': 'CPMP-2015', 'penalty': 10, 'weight': 'No_Weight', 'voting': 'Hard', 'pre_selection_size': 64, 'pre_selection_technique': 'No_pre_selection', 'feature_elimination_threshold': 20, 'imputer_strategy': 'median', 'feature_selection_technique': 'No_feature_selection', 'feature_scaling_technique': 'StandardScaler', 'priority': {'PredDiff': 'max', 'PredCost': 'min', 'Uncertainty': 'max'}, 'initial_train_size': 20, 'query_size': 1, 'timeout_predictor_usage': 'No', 'timeout_limit': 3600, 'timeout_increase_rate': 100, 'penalty_type': 'Only-timeout-penalty', 'RANDOM_STATE_SEED': 12345, 'n_splits': 10, 'split_number': 1, 'max_timeout': 3600, 'param_grid': {'n_estimators': 100, 'max_features': 'sqrt', 'max_depth': 2147483648, 'min_samples_split': 2, 'bootstrap': True}}
2025-02-10 11:53 | INFO | CPMP-2015 is current dataset
2025-02-10 11:53 | INFO | DATASETS/CPMP-2015/algorithm_runs.csv is found
2025-02-10 11:53 | INFO | DATASETS/CPMP-2015/algorithm_runs.csv is finished
2025-02-10 11:53 | INFO | DATASETS/CPMP-2015/feature_values.csv is found
2025-02-10 11:53 | INFO | DATASETS/CPMP-2015/feature_values.csv is finished
2025-02-10 11:53 | INFO | Virtual best solver time in train = 44884.98
2025-02-10 11:53 | INFO | Single best solver list train = {'astar-symmulgt-transmul': 3549831.8, 'astar-symmullt-transmul': 3869584.83, 'idastar-symmulgt-transmul': 2897582.81, 'idastar-symmullt-transmul': 3567940.96}
2025-02-10 11:53 | INFO | Single best solver time train = idastar-symmulgt-transmul (2897582.81)
2025-02-10 11:53 | INFO | Virtual best solver time in validation = 60533.14
2025-02-10 11:53 | INFO | Single best solver list validation = {'astar-symmulgt-transmul': 2213309.55, 'astar-symmullt-transmul': 2211840.01, 'idastar-symmulgt-transmul': 311332.89, 'idastar-symmullt-transmul': 96206.73}
2025-02-10 11:53 | INFO | Single best solver time validation = idastar-symmullt-transmul (96206.73)
2025-02-10 11:53 | INFO | Virtual best solver time in test = 14529.59
2025-02-10 11:53 | INFO | Single best solver list test = {'astar-symmulgt-transmul': 687211.64, 'astar-symmullt-transmul': 903122.34, 'idastar-symmulgt-transmul': 481616.1, 'idastar-symmullt-transmul': 522888.11}
2025-02-10 11:53 | INFO | Single best solver time test = idastar-symmulgt-transmul (481616.1)
2025-02-10 11:53 | INFO | Training Time Passive Learning Classifier: 0.51 seconds
2025-02-10 11:53 | INFO | Training Time Passive Learning Regressor: 0.34 seconds
2025-02-10 11:53 | INFO | Passive Learning Classifier Runtime on Validation Set: 98162.63
2025-02-10 11:53 | INFO | Passive Learning Classifier Runtime on Test Set: 343419.54
2025-02-10 11:53 | INFO | Passive Learning Instance Cost: 1540540.4
2025-02-10 11:53 | INFO | Passive Learning Emissions: 3.648024437291764e-05
2025-02-10 11:53 | INFO | Passive Learning Energy Consumption: 3.969143742417347e-05 kWh
2025-02-10 11:53 | INFO | Training Time Active Learning Classifier: 0.32 seconds
2025-02-10 11:53 | INFO | Training Time Active Learning Regressor: 0.18 seconds
2025-02-10 11:53 | INFO | Initial Active Learning Runtime on Validation Set: 96817.56
2025-02-10 11:53 | INFO | Initial Active Learning Runtime on Test Set: 343055.61
2025-02-10 11:53 | INFO | Initial Active Learning Instance Cost: 82344.87
2025-02-10 11:53 | INFO | Bin size = 22
2025-02-10 11:53 | INFO | Query 1 Size of the uncertainty table is = 2154/2154
2025-02-10 11:53 | INFO | Query 1 Size of the filtered table is = 22
2025-02-10 11:53 | INFO | Training Time Active Learning Classifier: 0.32 seconds
2025-02-10 11:53 | INFO | Training Time Active Learning Regressor: 0.19 seconds
2025-02-10 11:53 | INFO | Query 1 Active Learning Runtime on Validation Set: 96206.73
2025-02-10 11:53 | INFO | Query 1 Active Learning Runtime on Test Set: 345843.0
2025-02-10 11:53 | INFO | Query 1 Active Learning Instance Cost: 133166.83
2025-02-10 11:53 | INFO | Query 2 Size of the uncertainty table is = 2131/2154
2025-02-10 11:53 | INFO | Query 2 Size of the filtered table is = 22
2025-02-10 11:53 | INFO | Training Time Active Learning Classifier: 0.32 seconds
2025-02-10 11:53 | INFO | Training Time Active Learning Regressor: 0.19 seconds
2025-02-10 11:53 | INFO | Query 2 Active Learning Runtime on Validation Set: 96206.73
2025-02-10 11:53 | INFO | Query 2 Active Learning Runtime on Test Set: 309265.88
2025-02-10 11:53 | INFO | Query 2 Active Learning Instance Cost: 209675.86
2025-02-10 11:53 | INFO | Timeout limit is increased to 3600
2025-02-10 11:53 | INFO | Query 3 Size of the uncertainty table is = 2096/2154
2025-02-10 11:53 | INFO | Query 3 Size of the filtered table is = 22
2025-02-10 11:53 | INFO | Training Time Active Learning Classifier: 0.32 seconds
2025-02-10 11:53 | INFO | Training Time Active Learning Regressor: 0.19 seconds
2025-02-10 11:53 | INFO | Query 3 Active Learning Runtime on Validation Set: 96206.73
2025-02-10 11:53 | INFO | Query 3 Active Learning Runtime on Test Set: 237223.18
2025-02-10 11:53 | INFO | Query 3 Active Learning Instance Cost: 276140.27
2025-02-10 11:53 | INFO | Timeout limit is increased to 3600
2025-02-10 11:53 | INFO | Query 4 Size of the uncertainty table is = 2057/2154
2025-02-10 11:53 | INFO | Query 4 Size of the filtered table is = 22
2025-02-10 11:53 | INFO | Training Time Active Learning Classifier: 0.32 seconds
2025-02-10 11:53 | INFO | Training Time Active Learning Regressor: 0.19 seconds
2025-02-10 11:53 | INFO | Query 4 Active Learning Runtime on Validation Set: 96206.73
2025-02-10 11:53 | INFO | Query 4 Active Learning Runtime on Test Set: 237063.63
2025-02-10 11:53 | INFO | Query 4 Active Learning Instance Cost: 313251.29
2025-02-10 11:53 | INFO | Timeout limit is increased to 3600
2025-02-10 11:53 | INFO | Query 5 Size of the uncertainty table is = 2016/2154
2025-02-10 11:53 | INFO | Query 5 Size of the filtered table is = 22
2025-02-10 11:53 | INFO | Training Time Active Learning Classifier: 0.33 seconds
2025-02-10 11:53 | INFO | Training Time Active Learning Regressor: 0.25 seconds
2025-02-10 11:53 | INFO | Query 5 Active Learning Runtime on Validation Set: 96206.73
2025-02-10 11:53 | INFO | Query 5 Active Learning Runtime on Test Set: 344309.7
2025-02-10 11:53 | INFO | Query 5 Active Learning Instance Cost: 357526.23
2025-02-10 11:53 | INFO | Timeout limit is increased to 3600
2025-02-10 11:53 | INFO | Query 6 Size of the uncertainty table is = 1977/2154
2025-02-10 11:53 | INFO | Query 6 Size of the filtered table is = 22
2025-02-10 11:53 | INFO | Training Time Active Learning Classifier: 0.33 seconds
2025-02-10 11:53 | INFO | Training Time Active Learning Regressor: 0.2 seconds
2025-02-10 11:53 | INFO | Query 6 Active Learning Runtime on Validation Set: 96206.73
2025-02-10 11:53 | INFO | Query 6 Active Learning Runtime on Test Set: 273300.81
2025-02-10 11:53 | INFO | Query 6 Active Learning Instance Cost: 382353.98
2025-02-10 11:53 | INFO | Timeout limit is increased to 3600
2025-02-10 11:53 | INFO | Query 7 Size of the uncertainty table is = 1939/2154
2025-02-10 11:53 | INFO | Query 7 Size of the filtered table is = 22
2025-02-10 11:53 | INFO | Training Time Active Learning Classifier: 0.33 seconds
2025-02-10 11:53 | INFO | Training Time Active Learning Regressor: 0.2 seconds
2025-02-10 11:53 | INFO | Query 7 Active Learning Runtime on Validation Set: 96206.73
2025-02-10 11:53 | INFO | Query 7 Active Learning Runtime on Test Set: 236743.7
2025-02-10 11:53 | INFO | Query 7 Active Learning Instance Cost: 425625.14
2025-02-10 11:53 | INFO | Timeout limit is increased to 3600
2025-02-10 11:53 | INFO | Query 8 Size of the uncertainty table is = 1908/2154
2025-02-10 11:53 | INFO | Query 8 Size of the filtered table is = 22
2025-02-10 11:53 | INFO | Training Time Active Learning Classifier: 0.33 seconds
2025-02-10 11:53 | INFO | Training Time Active Learning Regressor: 0.21 seconds
2025-02-10 11:53 | INFO | Query 8 Active Learning Runtime on Validation Set: 96206.73
2025-02-10 11:53 | INFO | Query 8 Active Learning Runtime on Test Set: 416553.37
2025-02-10 11:53 | INFO | Query 8 Active Learning Instance Cost: 482633.65
2025-02-10 11:53 | INFO | Timeout limit is increased to 3600
2025-02-10 11:53 | INFO | Query 9 Size of the uncertainty table is = 1862/2154
2025-02-10 11:53 | INFO | Query 9 Size of the filtered table is = 22
2025-02-10 11:53 | INFO | Training Time Active Learning Classifier: 0.34 seconds
2025-02-10 11:53 | INFO | Training Time Active Learning Regressor: 0.21 seconds
2025-02-10 11:53 | INFO | Query 9 Active Learning Runtime on Validation Set: 96206.73
2025-02-10 11:53 | INFO | Query 9 Active Learning Runtime on Test Set: 272743.12
2025-02-10 11:53 | INFO | Query 9 Active Learning Instance Cost: 532419.36
2025-02-10 11:53 | INFO | Timeout limit is increased to 3600
2025-02-10 11:54 | INFO | Query 10 Size of the uncertainty table is = 1823/2154
2025-02-10 11:54 | INFO | Query 10 Size of the filtered table is = 22
2025-02-10 11:54 | INFO | Training Time Active Learning Classifier: 0.34 seconds
2025-02-10 11:54 | INFO | Training Time Active Learning Regressor: 0.21 seconds
2025-02-10 11:54 | INFO | Query 10 Active Learning Runtime on Validation Set: 96206.73
2025-02-10 11:54 | INFO | Query 10 Active Learning Runtime on Test Set: 380677.07
2025-02-10 11:54 | INFO | Query 10 Active Learning Instance Cost: 584961.3
2025-02-10 11:54 | INFO | Timeout limit is increased to 3600
2025-02-10 11:54 | INFO | Query 11 Size of the uncertainty table is = 1788/2154
2025-02-10 11:54 | INFO | Query 11 Size of the filtered table is = 22
2025-02-10 11:54 | INFO | Training Time Active Learning Classifier: 0.34 seconds
2025-02-10 11:54 | INFO | Training Time Active Learning Regressor: 0.21 seconds
2025-02-10 11:54 | INFO | Query 11 Active Learning Runtime on Validation Set: 96206.73
2025-02-10 11:54 | INFO | Query 11 Active Learning Runtime on Test Set: 345308.1
2025-02-10 11:54 | INFO | Query 11 Active Learning Instance Cost: 640231.05
2025-02-10 11:54 | INFO | Timeout limit is increased to 3600
2025-02-10 11:54 | INFO | Query 12 Size of the uncertainty table is = 1746/2154
2025-02-10 11:54 | INFO | Query 12 Size of the filtered table is = 22
2025-02-10 11:54 | INFO | Training Time Active Learning Classifier: 0.34 seconds
2025-02-10 11:54 | INFO | Training Time Active Learning Regressor: 0.22 seconds
2025-02-10 11:54 | INFO | Query 12 Active Learning Runtime on Validation Set: 96206.73
2025-02-10 11:54 | INFO | Query 12 Active Learning Runtime on Test Set: 273314.31
2025-02-10 11:54 | INFO | Query 12 Active Learning Instance Cost: 683196.6
2025-02-10 11:54 | INFO | Timeout limit is increased to 3600
2025-02-10 11:54 | INFO | Query 13 Size of the uncertainty table is = 1700/2154
2025-02-10 11:54 | INFO | Query 13 Size of the filtered table is = 22
2025-02-10 11:54 | INFO | Training Time Active Learning Classifier: 0.35 seconds
2025-02-10 11:54 | INFO | Training Time Active Learning Regressor: 0.22 seconds
2025-02-10 11:54 | INFO | Query 13 Active Learning Runtime on Validation Set: 96206.73
2025-02-10 11:54 | INFO | Query 13 Active Learning Runtime on Test Set: 273387.32
2025-02-10 11:54 | INFO | Query 13 Active Learning Instance Cost: 738423.94
2025-02-10 11:54 | INFO | Timeout limit is increased to 3600
2025-02-10 11:54 | INFO | Query 14 Size of the uncertainty table is = 1659/2154
2025-02-10 11:54 | INFO | Query 14 Size of the filtered table is = 22
2025-02-10 11:54 | INFO | Training Time Active Learning Classifier: 0.35 seconds
2025-02-10 11:54 | INFO | Training Time Active Learning Regressor: 0.22 seconds
2025-02-10 11:54 | INFO | Query 14 Active Learning Runtime on Validation Set: 96206.73
2025-02-10 11:54 | INFO | Query 14 Active Learning Runtime on Test Set: 343195.82
2025-02-10 11:54 | INFO | Query 14 Active Learning Instance Cost: 786327.14
2025-02-10 11:54 | INFO | Timeout limit is increased to 3600
2025-02-10 11:54 | INFO | Query 15 Size of the uncertainty table is = 1617/2154
2025-02-10 11:54 | INFO | Query 15 Size of the filtered table is = 22
2025-02-10 11:54 | INFO | Training Time Active Learning Classifier: 0.35 seconds
2025-02-10 11:54 | INFO | Training Time Active Learning Regressor: 0.22 seconds
2025-02-10 11:54 | INFO | Query 15 Active Learning Runtime on Validation Set: 96206.73
2025-02-10 11:54 | INFO | Query 15 Active Learning Runtime on Test Set: 271220.15
2025-02-10 11:54 | INFO | Query 15 Active Learning Instance Cost: 833783.97
2025-02-10 11:54 | INFO | Timeout limit is increased to 3600
2025-02-10 11:54 | INFO | Query 16 Size of the uncertainty table is = 1573/2154
2025-02-10 11:54 | INFO | Query 16 Size of the filtered table is = 22
2025-02-10 11:54 | INFO | Training Time Active Learning Classifier: 0.36 seconds
2025-02-10 11:54 | INFO | Training Time Active Learning Regressor: 0.23 seconds
2025-02-10 11:54 | INFO | Query 16 Active Learning Runtime on Validation Set: 96206.73
2025-02-10 11:54 | INFO | Query 16 Active Learning Runtime on Test Set: 309457.79
2025-02-10 11:54 | INFO | Query 16 Active Learning Instance Cost: 855585.24
2025-02-10 11:54 | INFO | Timeout limit is increased to 3600
2025-02-10 11:54 | INFO | Query 17 Size of the uncertainty table is = 1536/2154
2025-02-10 11:54 | INFO | Query 17 Size of the filtered table is = 22
2025-02-10 11:54 | INFO | Training Time Active Learning Classifier: 0.36 seconds
2025-02-10 11:54 | INFO | Training Time Active Learning Regressor: 0.23 seconds
2025-02-10 11:54 | INFO | Query 17 Active Learning Runtime on Validation Set: 96206.73
2025-02-10 11:54 | INFO | Query 17 Active Learning Runtime on Test Set: 345455.07
2025-02-10 11:54 | INFO | Query 17 Active Learning Instance Cost: 888133.35
2025-02-10 11:54 | INFO | Timeout limit is increased to 3600
2025-02-10 11:54 | INFO | Query 18 Size of the uncertainty table is = 1502/2154
2025-02-10 11:54 | INFO | Query 18 Size of the filtered table is = 22
2025-02-10 11:54 | INFO | Training Time Active Learning Classifier: 0.37 seconds
2025-02-10 11:54 | INFO | Training Time Active Learning Regressor: 0.24 seconds
2025-02-10 11:54 | INFO | Query 18 Active Learning Runtime on Validation Set: 96206.73
2025-02-10 11:54 | INFO | Query 18 Active Learning Runtime on Test Set: 309483.27
2025-02-10 11:54 | INFO | Query 18 Active Learning Instance Cost: 920312.85
2025-02-10 11:54 | INFO | Timeout limit is increased to 3600
2025-02-10 11:54 | INFO | Query 19 Size of the uncertainty table is = 1457/2154
2025-02-10 11:54 | INFO | Query 19 Size of the filtered table is = 22
2025-02-10 11:54 | INFO | Training Time Active Learning Classifier: 0.37 seconds
2025-02-10 11:54 | INFO | Training Time Active Learning Regressor: 0.24 seconds
2025-02-10 11:54 | INFO | Query 19 Active Learning Runtime on Validation Set: 96206.73
2025-02-10 11:54 | INFO | Query 19 Active Learning Runtime on Test Set: 379167.7
2025-02-10 11:54 | INFO | Query 19 Active Learning Instance Cost: 953877.07
2025-02-10 11:54 | INFO | Timeout limit is increased to 3600
2025-02-10 11:54 | INFO | Query 20 Size of the uncertainty table is = 1419/2154
2025-02-10 11:54 | INFO | Query 20 Size of the filtered table is = 22
2025-02-10 11:54 | INFO | Training Time Active Learning Classifier: 0.37 seconds
2025-02-10 11:54 | INFO | Training Time Active Learning Regressor: 0.24 seconds
2025-02-10 11:54 | INFO | Query 20 Active Learning Runtime on Validation Set: 96206.73
2025-02-10 11:54 | INFO | Query 20 Active Learning Runtime on Test Set: 343218.66
2025-02-10 11:54 | INFO | Query 20 Active Learning Instance Cost: 990719.46
2025-02-10 11:54 | INFO | Timeout limit is increased to 3600
2025-02-10 11:54 | INFO | Query 21 Size of the uncertainty table is = 1379/2154
2025-02-10 11:54 | INFO | Query 21 Size of the filtered table is = 22
2025-02-10 11:54 | INFO | Training Time Active Learning Classifier: 0.37 seconds
2025-02-10 11:54 | INFO | Training Time Active Learning Regressor: 0.24 seconds
2025-02-10 11:54 | INFO | Query 21 Active Learning Runtime on Validation Set: 96206.73
2025-02-10 11:54 | INFO | Query 21 Active Learning Runtime on Test Set: 343174.0
2025-02-10 11:54 | INFO | Query 21 Active Learning Instance Cost: 1036564.16
2025-02-10 11:54 | INFO | Timeout limit is increased to 3600
2025-02-10 11:54 | INFO | Query 22 Size of the uncertainty table is = 1349/2154
2025-02-10 11:54 | INFO | Query 22 Size of the filtered table is = 22
2025-02-10 11:54 | INFO | Training Time Active Learning Classifier: 0.38 seconds
2025-02-10 11:54 | INFO | Training Time Active Learning Regressor: 0.25 seconds
2025-02-10 11:54 | INFO | Query 22 Active Learning Runtime on Validation Set: 96206.73
2025-02-10 11:54 | INFO | Query 22 Active Learning Runtime on Test Set: 271447.82
2025-02-10 11:54 | INFO | Query 22 Active Learning Instance Cost: 1052699.78
2025-02-10 11:54 | INFO | Timeout limit is increased to 3600
2025-02-10 11:54 | INFO | Query 23 Size of the uncertainty table is = 1311/2154
2025-02-10 11:54 | INFO | Query 23 Size of the filtered table is = 22
2025-02-10 11:54 | INFO | Training Time Active Learning Classifier: 0.38 seconds
2025-02-10 11:54 | INFO | Training Time Active Learning Regressor: 0.25 seconds
2025-02-10 11:54 | INFO | Query 23 Active Learning Runtime on Validation Set: 96206.73
2025-02-10 11:54 | INFO | Query 23 Active Learning Runtime on Test Set: 379213.94
2025-02-10 11:54 | INFO | Query 23 Active Learning Instance Cost: 1088596.22
2025-02-10 11:54 | INFO | Timeout limit is increased to 3600
2025-02-10 11:54 | INFO | Query 24 Size of the uncertainty table is = 1278/2154
2025-02-10 11:54 | INFO | Query 24 Size of the filtered table is = 22
2025-02-10 11:54 | INFO | Training Time Active Learning Classifier: 0.38 seconds
2025-02-10 11:54 | INFO | Training Time Active Learning Regressor: 0.25 seconds
2025-02-10 11:54 | INFO | Query 24 Active Learning Runtime on Validation Set: 96206.73
2025-02-10 11:54 | INFO | Query 24 Active Learning Runtime on Test Set: 307445.1
2025-02-10 11:54 | INFO | Query 24 Active Learning Instance Cost: 1125114.72
2025-02-10 11:54 | INFO | Timeout limit is increased to 3600
2025-02-10 11:54 | INFO | Query 25 Size of the uncertainty table is = 1234/2154
2025-02-10 11:54 | INFO | Query 25 Size of the filtered table is = 22
2025-02-10 11:54 | INFO | Training Time Active Learning Classifier: 0.39 seconds
2025-02-10 11:54 | INFO | Training Time Active Learning Regressor: 0.26 seconds
2025-02-10 11:54 | INFO | Query 25 Active Learning Runtime on Validation Set: 96206.73
2025-02-10 11:54 | INFO | Query 25 Active Learning Runtime on Test Set: 343218.66
2025-02-10 11:54 | INFO | Query 25 Active Learning Instance Cost: 1150507.85
2025-02-10 11:54 | INFO | Timeout limit is increased to 3600
2025-02-10 11:54 | INFO | Query 26 Size of the uncertainty table is = 1195/2154
2025-02-10 11:54 | INFO | Query 26 Size of the filtered table is = 22
2025-02-10 11:54 | INFO | Training Time Active Learning Classifier: 0.39 seconds
2025-02-10 11:54 | INFO | Training Time Active Learning Regressor: 0.26 seconds
2025-02-10 11:54 | INFO | Query 26 Active Learning Runtime on Validation Set: 96206.73
2025-02-10 11:54 | INFO | Query 26 Active Learning Runtime on Test Set: 379142.18
2025-02-10 11:54 | INFO | Query 26 Active Learning Instance Cost: 1176833.95
2025-02-10 11:54 | INFO | Timeout limit is increased to 3600
2025-02-10 11:55 | INFO | Query 27 Size of the uncertainty table is = 1161/2154
2025-02-10 11:55 | INFO | Query 27 Size of the filtered table is = 22
2025-02-10 11:55 | INFO | Training Time Active Learning Classifier: 0.4 seconds
2025-02-10 11:55 | INFO | Training Time Active Learning Regressor: 0.26 seconds
2025-02-10 11:55 | INFO | Query 27 Active Learning Runtime on Validation Set: 96206.73
2025-02-10 11:55 | INFO | Query 27 Active Learning Runtime on Test Set: 345455.07
2025-02-10 11:55 | INFO | Query 27 Active Learning Instance Cost: 1227085.45
2025-02-10 11:55 | INFO | Timeout limit is increased to 3600
2025-02-10 11:55 | INFO | Query 28 Size of the uncertainty table is = 1120/2154
2025-02-10 11:55 | INFO | Query 28 Size of the filtered table is = 22
2025-02-10 11:55 | INFO | Training Time Active Learning Classifier: 0.39 seconds
2025-02-10 11:55 | INFO | Training Time Active Learning Regressor: 0.27 seconds
2025-02-10 11:55 | INFO | Query 28 Active Learning Runtime on Validation Set: 96206.73
2025-02-10 11:55 | INFO | Query 28 Active Learning Runtime on Test Set: 345409.98
2025-02-10 11:55 | INFO | Query 28 Active Learning Instance Cost: 1273267.78
2025-02-10 11:55 | INFO | Timeout limit is increased to 3600
2025-02-10 11:55 | INFO | Query 29 Size of the uncertainty table is = 1086/2154
2025-02-10 11:55 | INFO | Query 29 Size of the filtered table is = 22
2025-02-10 11:55 | INFO | Training Time Active Learning Classifier: 0.4 seconds
2025-02-10 11:55 | INFO | Training Time Active Learning Regressor: 0.27 seconds
2025-02-10 11:55 | INFO | Query 29 Active Learning Runtime on Validation Set: 131719.01
2025-02-10 11:55 | INFO | Query 29 Active Learning Runtime on Test Set: 274404.34
2025-02-10 11:55 | INFO | Query 29 Active Learning Instance Cost: 1298946.53
2025-02-10 11:55 | INFO | Timeout limit is increased to 3600
2025-02-10 11:55 | INFO | Query 30 Size of the uncertainty table is = 1047/2154
2025-02-10 11:55 | INFO | Query 30 Size of the filtered table is = 22
2025-02-10 11:55 | INFO | Training Time Active Learning Classifier: 0.4 seconds
2025-02-10 11:55 | INFO | Training Time Active Learning Regressor: 0.27 seconds
2025-02-10 11:55 | INFO | Query 30 Active Learning Runtime on Validation Set: 131502.16
2025-02-10 11:55 | INFO | Query 30 Active Learning Runtime on Test Set: 345455.02
2025-02-10 11:55 | INFO | Query 30 Active Learning Instance Cost: 1310939.53
2025-02-10 11:55 | INFO | Query 31 Size of the uncertainty table is = 1013/2154
2025-02-10 11:55 | INFO | Query 31 Size of the filtered table is = 22
2025-02-10 11:55 | INFO | Training Time Active Learning Classifier: 0.41 seconds
2025-02-10 11:55 | INFO | Training Time Active Learning Regressor: 0.28 seconds
2025-02-10 11:55 | INFO | Query 31 Active Learning Runtime on Validation Set: 131554.67
2025-02-10 11:55 | INFO | Query 31 Active Learning Runtime on Test Set: 309681.51
2025-02-10 11:55 | INFO | Query 31 Active Learning Instance Cost: 1327716.86
2025-02-10 11:55 | INFO | Timeout limit is increased to 3600
2025-02-10 11:55 | INFO | Query 32 Size of the uncertainty table is = 984/2154
2025-02-10 11:55 | INFO | Query 32 Size of the filtered table is = 22
2025-02-10 11:55 | INFO | Training Time Active Learning Classifier: 0.41 seconds
2025-02-10 11:55 | INFO | Training Time Active Learning Regressor: 0.28 seconds
2025-02-10 11:55 | INFO | Query 32 Active Learning Runtime on Validation Set: 97993.04
2025-02-10 11:55 | INFO | Query 32 Active Learning Runtime on Test Set: 345453.07
2025-02-10 11:55 | INFO | Query 32 Active Learning Instance Cost: 1346264.29
2025-02-10 11:55 | INFO | Query 33 Size of the uncertainty table is = 951/2154
2025-02-10 11:55 | INFO | Query 33 Size of the filtered table is = 22
2025-02-10 11:55 | INFO | Training Time Active Learning Classifier: 0.41 seconds
2025-02-10 11:55 | INFO | Training Time Active Learning Regressor: 0.28 seconds
2025-02-10 11:55 | INFO | Query 33 Active Learning Runtime on Validation Set: 97993.04
2025-02-10 11:55 | INFO | Query 33 Active Learning Runtime on Test Set: 345453.02
2025-02-10 11:55 | INFO | Query 33 Active Learning Instance Cost: 1370221.22
2025-02-10 11:55 | INFO | Timeout limit is increased to 3600
2025-02-10 11:55 | INFO | Query 34 Size of the uncertainty table is = 914/2154
2025-02-10 11:55 | INFO | Query 34 Size of the filtered table is = 22
2025-02-10 11:55 | INFO | Training Time Active Learning Classifier: 0.41 seconds
2025-02-10 11:55 | INFO | Training Time Active Learning Regressor: 0.28 seconds
2025-02-10 11:55 | INFO | Query 34 Active Learning Runtime on Validation Set: 98154.39
2025-02-10 11:55 | INFO | Query 34 Active Learning Runtime on Test Set: 345526.83
2025-02-10 11:55 | INFO | Query 34 Active Learning Instance Cost: 1393311.26
2025-02-10 11:55 | INFO | Timeout limit is increased to 3600
2025-02-10 11:55 | INFO | Query 35 Size of the uncertainty table is = 878/2154
2025-02-10 11:55 | INFO | Query 35 Size of the filtered table is = 22
2025-02-10 11:55 | INFO | Training Time Active Learning Classifier: 0.42 seconds
2025-02-10 11:55 | INFO | Training Time Active Learning Regressor: 0.29 seconds
2025-02-10 11:55 | INFO | Query 35 Active Learning Runtime on Validation Set: 98005.74
2025-02-10 11:55 | INFO | Query 35 Active Learning Runtime on Test Set: 345475.12
2025-02-10 11:55 | INFO | Query 35 Active Learning Instance Cost: 1421839.2
2025-02-10 11:55 | INFO | Query 36 Size of the uncertainty table is = 843/2154
2025-02-10 11:55 | INFO | Query 36 Size of the filtered table is = 22
2025-02-10 11:55 | INFO | Training Time Active Learning Classifier: 0.42 seconds
2025-02-10 11:55 | INFO | Training Time Active Learning Regressor: 0.29 seconds
2025-02-10 11:55 | INFO | Query 36 Active Learning Runtime on Validation Set: 97993.04
2025-02-10 11:55 | INFO | Query 36 Active Learning Runtime on Test Set: 345630.51
2025-02-10 11:55 | INFO | Query 36 Active Learning Instance Cost: 1433296.31
2025-02-10 11:55 | INFO | Query 37 Size of the uncertainty table is = 809/2154
2025-02-10 11:55 | INFO | Query 37 Size of the filtered table is = 22
2025-02-10 11:55 | INFO | Training Time Active Learning Classifier: 0.43 seconds
2025-02-10 11:55 | INFO | Training Time Active Learning Regressor: 0.29 seconds
2025-02-10 11:55 | INFO | Query 37 Active Learning Runtime on Validation Set: 97985.09
2025-02-10 11:55 | INFO | Query 37 Active Learning Runtime on Test Set: 309681.51
2025-02-10 11:55 | INFO | Query 37 Active Learning Instance Cost: 1447995.25
2025-02-10 11:55 | INFO | Query 38 Size of the uncertainty table is = 769/2154
2025-02-10 11:55 | INFO | Query 38 Size of the filtered table is = 22
2025-02-10 11:55 | INFO | Training Time Active Learning Classifier: 0.43 seconds
2025-02-10 11:55 | INFO | Training Time Active Learning Regressor: 0.29 seconds
2025-02-10 11:55 | INFO | Query 38 Active Learning Runtime on Validation Set: 97972.39
2025-02-10 11:55 | INFO | Query 38 Active Learning Runtime on Test Set: 345480.55
2025-02-10 11:55 | INFO | Query 38 Active Learning Instance Cost: 1452841.19
2025-02-10 11:55 | INFO | Query 39 Size of the uncertainty table is = 732/2154
2025-02-10 11:55 | INFO | Query 39 Size of the filtered table is = 22
2025-02-10 11:55 | INFO | Training Time Active Learning Classifier: 0.44 seconds
2025-02-10 11:55 | INFO | Training Time Active Learning Regressor: 0.3 seconds
2025-02-10 11:55 | INFO | Query 39 Active Learning Runtime on Validation Set: 96206.73
2025-02-10 11:55 | INFO | Query 39 Active Learning Runtime on Test Set: 379142.18
2025-02-10 11:55 | INFO | Query 39 Active Learning Instance Cost: 1461249.41
2025-02-10 11:55 | INFO | Query 40 Size of the uncertainty table is = 690/2154
2025-02-10 11:55 | INFO | Query 40 Size of the filtered table is = 22
2025-02-10 11:55 | INFO | Training Time Active Learning Classifier: 0.44 seconds
2025-02-10 11:55 | INFO | Training Time Active Learning Regressor: 0.3 seconds
2025-02-10 11:55 | INFO | Query 40 Active Learning Runtime on Validation Set: 96206.73
2025-02-10 11:55 | INFO | Query 40 Active Learning Runtime on Test Set: 343373.21
2025-02-10 11:55 | INFO | Query 40 Active Learning Instance Cost: 1480302.14
2025-02-10 11:55 | INFO | Timeout limit is increased to 3600
2025-02-10 11:55 | INFO | Query 41 Size of the uncertainty table is = 643/2154
2025-02-10 11:55 | INFO | Query 41 Size of the filtered table is = 22
2025-02-10 11:55 | INFO | Training Time Active Learning Classifier: 0.44 seconds
2025-02-10 11:55 | INFO | Training Time Active Learning Regressor: 0.3 seconds
2025-02-10 11:55 | INFO | Query 41 Active Learning Runtime on Validation Set: 96206.73
2025-02-10 11:55 | INFO | Query 41 Active Learning Runtime on Test Set: 271500.74
2025-02-10 11:55 | INFO | Query 41 Active Learning Instance Cost: 1484346.78
2025-02-10 11:55 | INFO | Timeout limit is increased to 3600
2025-02-10 11:55 | INFO | Query 42 Size of the uncertainty table is = 606/2154
2025-02-10 11:55 | INFO | Query 42 Size of the filtered table is = 22
2025-02-10 11:55 | INFO | Training Time Active Learning Classifier: 0.45 seconds
2025-02-10 11:55 | INFO | Training Time Active Learning Regressor: 0.31 seconds
2025-02-10 11:55 | INFO | Query 42 Active Learning Runtime on Validation Set: 96206.73
2025-02-10 11:55 | INFO | Query 42 Active Learning Runtime on Test Set: 307496.02
2025-02-10 11:55 | INFO | Query 42 Active Learning Instance Cost: 1484741.13
2025-02-10 11:55 | INFO | Timeout limit is increased to 3600
2025-02-10 11:55 | INFO | Query 43 Size of the uncertainty table is = 570/2154
2025-02-10 11:55 | INFO | Query 43 Size of the filtered table is = 22
2025-02-10 11:55 | INFO | Training Time Active Learning Classifier: 0.45 seconds
2025-02-10 11:55 | INFO | Training Time Active Learning Regressor: 0.31 seconds
2025-02-10 11:55 | INFO | Query 43 Active Learning Runtime on Validation Set: 96356.39
2025-02-10 11:55 | INFO | Query 43 Active Learning Runtime on Test Set: 343448.05
2025-02-10 11:55 | INFO | Query 43 Active Learning Instance Cost: 1493177.31
2025-02-10 11:55 | INFO | Timeout limit is increased to 3600
2025-02-10 11:56 | INFO | Query 44 Size of the uncertainty table is = 535/2154
2025-02-10 11:56 | INFO | Query 44 Size of the filtered table is = 22
2025-02-10 11:56 | INFO | Training Time Active Learning Classifier: 0.45 seconds
2025-02-10 11:56 | INFO | Training Time Active Learning Regressor: 0.32 seconds
2025-02-10 11:56 | INFO | Query 44 Active Learning Runtime on Validation Set: 96262.54
2025-02-10 11:56 | INFO | Query 44 Active Learning Runtime on Test Set: 271500.74
2025-02-10 11:56 | INFO | Query 44 Active Learning Instance Cost: 1505729.47
2025-02-10 11:56 | INFO | Query 45 Size of the uncertainty table is = 497/2154
2025-02-10 11:56 | INFO | Query 45 Size of the filtered table is = 22
2025-02-10 11:56 | INFO | Training Time Active Learning Classifier: 0.46 seconds
2025-02-10 11:56 | INFO | Training Time Active Learning Regressor: 0.32 seconds
2025-02-10 11:56 | INFO | Query 45 Active Learning Runtime on Validation Set: 98153.67
2025-02-10 11:56 | INFO | Query 45 Active Learning Runtime on Test Set: 307496.02
2025-02-10 11:56 | INFO | Query 45 Active Learning Instance Cost: 1509324.06
2025-02-10 11:56 | INFO | Timeout limit is increased to 3600
2025-02-10 11:56 | INFO | Query 46 Size of the uncertainty table is = 461/2154
2025-02-10 11:56 | INFO | Query 46 Size of the filtered table is = 22
2025-02-10 11:56 | INFO | Training Time Active Learning Classifier: 0.46 seconds
2025-02-10 11:56 | INFO | Training Time Active Learning Regressor: 0.32 seconds
2025-02-10 11:56 | INFO | Query 46 Active Learning Runtime on Validation Set: 98154.39
2025-02-10 11:56 | INFO | Query 46 Active Learning Runtime on Test Set: 343445.01
2025-02-10 11:56 | INFO | Query 46 Active Learning Instance Cost: 1510550.35
2025-02-10 11:56 | INFO | Timeout limit is increased to 3600
2025-02-10 11:56 | INFO | Query 47 Size of the uncertainty table is = 430/2154
2025-02-10 11:56 | INFO | Query 47 Size of the filtered table is = 22
2025-02-10 11:56 | INFO | Training Time Active Learning Classifier: 0.47 seconds
2025-02-10 11:56 | INFO | Training Time Active Learning Regressor: 0.32 seconds
2025-02-10 11:56 | INFO | Query 47 Active Learning Runtime on Validation Set: 96429.55
2025-02-10 11:56 | INFO | Query 47 Active Learning Runtime on Test Set: 307496.02
2025-02-10 11:56 | INFO | Query 47 Active Learning Instance Cost: 1517886.76
2025-02-10 11:56 | INFO | Query 48 Size of the uncertainty table is = 391/2154
2025-02-10 11:56 | INFO | Query 48 Size of the filtered table is = 22
2025-02-10 11:56 | INFO | Training Time Active Learning Classifier: 0.47 seconds
2025-02-10 11:56 | INFO | Training Time Active Learning Regressor: 0.32 seconds
2025-02-10 11:56 | INFO | Query 48 Active Learning Runtime on Validation Set: 98044.83
2025-02-10 11:56 | INFO | Query 48 Active Learning Runtime on Test Set: 343445.11
2025-02-10 11:56 | INFO | Query 48 Active Learning Instance Cost: 1517932.41
2025-02-10 11:56 | INFO | Timeout limit is increased to 3600
2025-02-10 11:56 | INFO | Query 49 Size of the uncertainty table is = 356/2154
2025-02-10 11:56 | INFO | Query 49 Size of the filtered table is = 22
2025-02-10 11:56 | INFO | Training Time Active Learning Classifier: 0.47 seconds
2025-02-10 11:56 | INFO | Training Time Active Learning Regressor: 0.32 seconds
2025-02-10 11:56 | INFO | Query 49 Active Learning Runtime on Validation Set: 98390.64
2025-02-10 11:56 | INFO | Query 49 Active Learning Runtime on Test Set: 271500.84
2025-02-10 11:56 | INFO | Query 49 Active Learning Instance Cost: 1533113.44
2025-02-10 11:56 | INFO | Timeout limit is increased to 3600
2025-02-10 11:56 | INFO | Query 50 Size of the uncertainty table is = 323/2154
2025-02-10 11:56 | INFO | Query 50 Size of the filtered table is = 22
2025-02-10 11:56 | INFO | Training Time Active Learning Classifier: 0.48 seconds
2025-02-10 11:56 | INFO | Training Time Active Learning Regressor: 0.32 seconds
2025-02-10 11:56 | INFO | Query 50 Active Learning Runtime on Validation Set: 98224.81
2025-02-10 11:56 | INFO | Query 50 Active Learning Runtime on Test Set: 307570.82
2025-02-10 11:56 | INFO | Query 50 Active Learning Instance Cost: 1539448.41
2025-02-10 11:56 | INFO | Query 51 Size of the uncertainty table is = 292/2154
2025-02-10 11:56 | INFO | Query 51 Size of the filtered table is = 22
2025-02-10 11:56 | INFO | Training Time Active Learning Classifier: 0.48 seconds
2025-02-10 11:56 | INFO | Training Time Active Learning Regressor: 0.33 seconds
2025-02-10 11:56 | INFO | Query 51 Active Learning Runtime on Validation Set: 131260.51
2025-02-10 11:56 | INFO | Query 51 Active Learning Runtime on Test Set: 271576.4
2025-02-10 11:56 | INFO | Query 51 Active Learning Instance Cost: 1539481.22
2025-02-10 11:56 | INFO | Timeout limit is increased to 3600
2025-02-10 11:56 | INFO | Query 52 Size of the uncertainty table is = 264/2154
2025-02-10 11:56 | INFO | Query 52 Size of the filtered table is = 22
2025-02-10 11:56 | INFO | Training Time Active Learning Classifier: 0.48 seconds
2025-02-10 11:56 | INFO | Training Time Active Learning Regressor: 0.33 seconds
2025-02-10 11:56 | INFO | Query 52 Active Learning Runtime on Validation Set: 98167.11
2025-02-10 11:56 | INFO | Query 52 Active Learning Runtime on Test Set: 307274.3
2025-02-10 11:56 | INFO | Query 52 Active Learning Instance Cost: 1539513.93
2025-02-10 11:56 | INFO | Query 53 Size of the uncertainty table is = 228/2154
2025-02-10 11:56 | INFO | Query 53 Size of the filtered table is = 22
2025-02-10 11:56 | INFO | Training Time Active Learning Classifier: 0.49 seconds
2025-02-10 11:56 | INFO | Training Time Active Learning Regressor: 0.33 seconds
2025-02-10 11:56 | INFO | Query 53 Active Learning Runtime on Validation Set: 98167.11
2025-02-10 11:56 | INFO | Query 53 Active Learning Runtime on Test Set: 307496.02
2025-02-10 11:56 | INFO | Query 53 Active Learning Instance Cost: 1539560.7
2025-02-10 11:56 | INFO | Timeout limit is increased to 3600
2025-02-10 11:56 | INFO | Query 54 Size of the uncertainty table is = 190/2154
2025-02-10 11:56 | INFO | Query 54 Size of the filtered table is = 22
2025-02-10 11:56 | INFO | Training Time Active Learning Classifier: 0.49 seconds
2025-02-10 11:56 | INFO | Training Time Active Learning Regressor: 0.33 seconds
2025-02-10 11:56 | INFO | Query 54 Active Learning Runtime on Validation Set: 96437.77
2025-02-10 11:56 | INFO | Query 54 Active Learning Runtime on Test Set: 271500.84
2025-02-10 11:56 | INFO | Query 54 Active Learning Instance Cost: 1540217.53
2025-02-10 11:56 | INFO | Query 55 Size of the uncertainty table is = 152/2154
2025-02-10 11:56 | INFO | Query 55 Size of the filtered table is = 22
2025-02-10 11:56 | INFO | Training Time Active Learning Classifier: 0.5 seconds
2025-02-10 11:56 | INFO | Training Time Active Learning Regressor: 0.33 seconds
2025-02-10 11:56 | INFO | Query 55 Active Learning Runtime on Validation Set: 131307.81
2025-02-10 11:56 | INFO | Query 55 Active Learning Runtime on Test Set: 307467.55
2025-02-10 11:56 | INFO | Query 55 Active Learning Instance Cost: 1540334.94
2025-02-10 11:56 | INFO | Timeout limit is increased to 3600
2025-02-10 11:56 | INFO | Query 56 Size of the uncertainty table is = 119/2154
2025-02-10 11:56 | INFO | Query 56 Size of the filtered table is = 22
2025-02-10 11:56 | INFO | Training Time Active Learning Classifier: 0.5 seconds
2025-02-10 11:56 | INFO | Training Time Active Learning Regressor: 0.34 seconds
2025-02-10 11:56 | INFO | Query 56 Active Learning Runtime on Validation Set: 97993.04
2025-02-10 11:56 | INFO | Query 56 Active Learning Runtime on Test Set: 309724.8
2025-02-10 11:56 | INFO | Query 56 Active Learning Instance Cost: 1540421.87
2025-02-10 11:56 | INFO | Query 57 Size of the uncertainty table is = 85/2154
2025-02-10 11:56 | INFO | Query 57 Size of the filtered table is = 22
2025-02-10 11:56 | INFO | Training Time Active Learning Classifier: 0.51 seconds
2025-02-10 11:56 | INFO | Training Time Active Learning Regressor: 0.34 seconds
2025-02-10 11:56 | INFO | Query 57 Active Learning Runtime on Validation Set: 165563.46
2025-02-10 11:56 | INFO | Query 57 Active Learning Runtime on Test Set: 271479.46
2025-02-10 11:56 | INFO | Query 57 Active Learning Instance Cost: 1540433.34
2025-02-10 11:56 | INFO | Timeout limit is increased to 3600
2025-02-10 11:56 | INFO | Query 58 Size of the uncertainty table is = 49/2154
2025-02-10 11:56 | INFO | Query 58 Size of the filtered table is = 22
2025-02-10 11:56 | INFO | Training Time Active Learning Classifier: 0.51 seconds
2025-02-10 11:56 | INFO | Training Time Active Learning Regressor: 0.34 seconds
2025-02-10 11:56 | INFO | Query 58 Active Learning Runtime on Validation Set: 131369.26
2025-02-10 11:56 | INFO | Query 58 Active Learning Runtime on Test Set: 343416.45
2025-02-10 11:56 | INFO | Query 58 Active Learning Instance Cost: 1540538.41
2025-02-10 11:56 | INFO | Query 59 Size of the uncertainty table is = 15/2154
2025-02-10 11:56 | INFO | Query 59 Size of the filtered table is = 15
2025-02-10 11:56 | INFO | Training Time Active Learning Classifier: 0.51 seconds
2025-02-10 11:56 | INFO | Training Time Active Learning Regressor: 0.34 seconds
2025-02-10 11:56 | INFO | Query 59 Active Learning Runtime on Validation Set: 129425.7
2025-02-10 11:56 | INFO | Query 59 Active Learning Runtime on Test Set: 271472.18
2025-02-10 11:56 | INFO | Query 59 Active Learning Instance Cost: 1540540.4
2025-02-10 11:56 | INFO | Active Learning Emissions: 0.0024679617214855985
2025-02-10 11:56 | INFO | Active Learning Energy Consumption: 0.0026852053739618797 kWh
2025-02-10 11:56 | INFO | runtime_test_score is written as json file
2025-02-10 11:56 | INFO | runtime_validation_score is written as json file
2025-02-10 11:56 | INFO | instance_cost is written as json file
2025-02-10 11:56 | INFO | Experiment is finished
