2025-02-10 11:56 | INFO | Paramaters are: {'dataset': 'CPMP-2015', 'penalty': 10, 'weight': 'No_Weight', 'voting': 'Hard', 'pre_selection_size': 64, 'pre_selection_technique': 'No_pre_selection', 'feature_elimination_threshold': 20, 'imputer_strategy': 'median', 'feature_selection_technique': 'No_feature_selection', 'feature_scaling_technique': 'StandardScaler', 'priority': {'PredCost': 'min', 'PredDiff': 'max', 'Uncertainty': 'max'}, 'initial_train_size': 20, 'query_size': 1, 'timeout_predictor_usage': 'No', 'timeout_limit': 3600, 'timeout_increase_rate': 100, 'penalty_type': 'Only-timeout-penalty', 'RANDOM_STATE_SEED': 7, 'n_splits': 10, 'split_number': 8, 'max_timeout': 3600, 'param_grid': {'n_estimators': 100, 'max_features': 'sqrt', 'max_depth': 2147483648, 'min_samples_split': 2, 'bootstrap': True}}
2025-02-10 11:56 | INFO | CPMP-2015 is current dataset
2025-02-10 11:56 | INFO | DATASETS/CPMP-2015/algorithm_runs.csv is found
2025-02-10 11:56 | INFO | DATASETS/CPMP-2015/algorithm_runs.csv is finished
2025-02-10 11:56 | INFO | DATASETS/CPMP-2015/feature_values.csv is found
2025-02-10 11:56 | INFO | DATASETS/CPMP-2015/feature_values.csv is finished
2025-02-10 11:56 | INFO | Virtual best solver time in train = 40622.86
2025-02-10 11:56 | INFO | Single best solver list train = {'astar-symmulgt-transmul': 3477703.24, 'astar-symmullt-transmul': 3977005.85, 'idastar-symmulgt-transmul': 3142417.14, 'idastar-symmullt-transmul': 3782181.98}
2025-02-10 11:56 | INFO | Single best solver time train = idastar-symmulgt-transmul (3142417.14)
2025-02-10 11:56 | INFO | Virtual best solver time in validation = 66573.68
2025-02-10 11:56 | INFO | Single best solver list validation = {'astar-symmulgt-transmul': 2322188.47, 'astar-symmullt-transmul': 2320216.39, 'idastar-symmulgt-transmul': 281513.78, 'idastar-symmullt-transmul': 102190.61}
2025-02-10 11:56 | INFO | Single best solver time validation = idastar-symmullt-transmul (102190.61)
2025-02-10 11:56 | INFO | Virtual best solver time in test = 12751.17
2025-02-10 11:56 | INFO | Single best solver list test = {'astar-symmulgt-transmul': 650461.27, 'astar-symmullt-transmul': 687324.94, 'idastar-symmulgt-transmul': 266600.88, 'idastar-symmullt-transmul': 302663.2}
2025-02-10 11:56 | INFO | Single best solver time test = idastar-symmulgt-transmul (266600.88)
2025-02-10 11:56 | INFO | Training Time Passive Learning Classifier: 0.51 seconds
2025-02-10 11:56 | INFO | Training Time Passive Learning Regressor: 0.34 seconds
2025-02-10 11:56 | INFO | Passive Learning Classifier Runtime on Validation Set: 137237.64
2025-02-10 11:56 | INFO | Passive Learning Classifier Runtime on Test Set: 224832.03
2025-02-10 11:56 | INFO | Passive Learning Instance Cost: 1581308.22
2025-02-10 11:56 | INFO | Passive Learning Emissions: 3.6513778831014994e-05
2025-02-10 11:56 | INFO | Passive Learning Energy Consumption: 3.972792377090729e-05 kWh
2025-02-10 11:56 | INFO | Training Time Active Learning Classifier: 0.32 seconds
2025-02-10 11:56 | INFO | Training Time Active Learning Regressor: 0.18 seconds
2025-02-10 11:56 | INFO | Initial Active Learning Runtime on Validation Set: 136291.04
2025-02-10 11:56 | INFO | Initial Active Learning Runtime on Test Set: 230676.83
2025-02-10 11:56 | INFO | Initial Active Learning Instance Cost: 63985.8
2025-02-10 11:56 | INFO | Bin size = 22
2025-02-10 11:56 | INFO | Query 1 Size of the uncertainty table is = 2160/2160
2025-02-10 11:56 | INFO | Query 1 Size of the filtered table is = 22
2025-02-10 11:56 | INFO | Training Time Active Learning Classifier: 0.32 seconds
2025-02-10 11:56 | INFO | Training Time Active Learning Regressor: 0.19 seconds
2025-02-10 11:56 | INFO | Query 1 Active Learning Runtime on Validation Set: 136258.62
2025-02-10 11:56 | INFO | Query 1 Active Learning Runtime on Test Set: 230266.17
2025-02-10 11:56 | INFO | Query 1 Active Learning Instance Cost: 64744.17
2025-02-10 11:56 | INFO | Query 2 Size of the uncertainty table is = 2138/2160
2025-02-10 11:56 | INFO | Query 2 Size of the filtered table is = 22
2025-02-10 11:56 | INFO | Training Time Active Learning Classifier: 0.32 seconds
2025-02-10 11:56 | INFO | Training Time Active Learning Regressor: 0.19 seconds
2025-02-10 11:56 | INFO | Query 2 Active Learning Runtime on Validation Set: 102405.66
2025-02-10 11:56 | INFO | Query 2 Active Learning Runtime on Test Set: 230280.71
2025-02-10 11:56 | INFO | Query 2 Active Learning Instance Cost: 65025.04
2025-02-10 11:56 | INFO | Query 3 Size of the uncertainty table is = 2114/2160
2025-02-10 11:56 | INFO | Query 3 Size of the filtered table is = 22
2025-02-10 11:56 | INFO | Training Time Active Learning Classifier: 0.32 seconds
2025-02-10 11:56 | INFO | Training Time Active Learning Regressor: 0.19 seconds
2025-02-10 11:56 | INFO | Query 3 Active Learning Runtime on Validation Set: 102405.66
2025-02-10 11:56 | INFO | Query 3 Active Learning Runtime on Test Set: 230879.44
2025-02-10 11:56 | INFO | Query 3 Active Learning Instance Cost: 67168.56
2025-02-10 11:56 | INFO | Timeout limit is increased to 3600
2025-02-10 11:56 | INFO | Query 4 Size of the uncertainty table is = 2092/2160
2025-02-10 11:56 | INFO | Query 4 Size of the filtered table is = 22
2025-02-10 11:56 | INFO | Training Time Active Learning Classifier: 0.32 seconds
2025-02-10 11:56 | INFO | Training Time Active Learning Regressor: 0.19 seconds
2025-02-10 11:56 | INFO | Query 4 Active Learning Runtime on Validation Set: 135298.84
2025-02-10 11:56 | INFO | Query 4 Active Learning Runtime on Test Set: 298438.01
2025-02-10 11:56 | INFO | Query 4 Active Learning Instance Cost: 67185.34
2025-02-10 11:56 | INFO | Timeout limit is increased to 3600
2025-02-10 11:56 | INFO | Query 5 Size of the uncertainty table is = 2070/2160
2025-02-10 11:56 | INFO | Query 5 Size of the filtered table is = 22
2025-02-10 11:56 | INFO | Training Time Active Learning Classifier: 0.32 seconds
2025-02-10 11:56 | INFO | Training Time Active Learning Regressor: 0.2 seconds
2025-02-10 11:56 | INFO | Query 5 Active Learning Runtime on Validation Set: 102190.61
2025-02-10 11:56 | INFO | Query 5 Active Learning Runtime on Test Set: 298438.04
2025-02-10 11:56 | INFO | Query 5 Active Learning Instance Cost: 67400.91
2025-02-10 11:56 | INFO | Query 6 Size of the uncertainty table is = 2047/2160
2025-02-10 11:56 | INFO | Query 6 Size of the filtered table is = 22
2025-02-10 11:56 | INFO | Training Time Active Learning Classifier: 0.33 seconds
2025-02-10 11:56 | INFO | Training Time Active Learning Regressor: 0.2 seconds
2025-02-10 11:57 | INFO | Query 6 Active Learning Runtime on Validation Set: 135298.84
2025-02-10 11:57 | INFO | Query 6 Active Learning Runtime on Test Set: 266273.09
2025-02-10 11:57 | INFO | Query 6 Active Learning Instance Cost: 68083.77
2025-02-10 11:57 | INFO | Timeout limit is increased to 3600
2025-02-10 11:57 | INFO | Query 7 Size of the uncertainty table is = 2025/2160
2025-02-10 11:57 | INFO | Query 7 Size of the filtered table is = 22
2025-02-10 11:57 | INFO | Training Time Active Learning Classifier: 0.33 seconds
2025-02-10 11:57 | INFO | Training Time Active Learning Regressor: 0.2 seconds
2025-02-10 11:57 | INFO | Query 7 Active Learning Runtime on Validation Set: 138445.94
2025-02-10 11:57 | INFO | Query 7 Active Learning Runtime on Test Set: 230864.51
2025-02-10 11:57 | INFO | Query 7 Active Learning Instance Cost: 69298.43
2025-02-10 11:57 | INFO | Timeout limit is increased to 3600
2025-02-10 11:57 | INFO | Query 8 Size of the uncertainty table is = 2003/2160
2025-02-10 11:57 | INFO | Query 8 Size of the filtered table is = 22
2025-02-10 11:57 | INFO | Training Time Active Learning Classifier: 0.33 seconds
2025-02-10 11:57 | INFO | Training Time Active Learning Regressor: 0.2 seconds
2025-02-10 11:57 | INFO | Query 8 Active Learning Runtime on Validation Set: 173523.62
2025-02-10 11:57 | INFO | Query 8 Active Learning Runtime on Test Set: 266266.51
2025-02-10 11:57 | INFO | Query 8 Active Learning Instance Cost: 70627.94
2025-02-10 11:57 | INFO | Timeout limit is increased to 3600
2025-02-10 11:57 | INFO | Query 9 Size of the uncertainty table is = 1981/2160
2025-02-10 11:57 | INFO | Query 9 Size of the filtered table is = 22
2025-02-10 11:57 | INFO | Training Time Active Learning Classifier: 0.33 seconds
2025-02-10 11:57 | INFO | Training Time Active Learning Regressor: 0.2 seconds
2025-02-10 11:57 | INFO | Query 9 Active Learning Runtime on Validation Set: 102190.61
2025-02-10 11:57 | INFO | Query 9 Active Learning Runtime on Test Set: 266266.51
2025-02-10 11:57 | INFO | Query 9 Active Learning Instance Cost: 70836.39
2025-02-10 11:57 | INFO | Query 10 Size of the uncertainty table is = 1959/2160
2025-02-10 11:57 | INFO | Query 10 Size of the filtered table is = 22
2025-02-10 11:57 | INFO | Training Time Active Learning Classifier: 0.33 seconds
2025-02-10 11:57 | INFO | Training Time Active Learning Regressor: 0.21 seconds
2025-02-10 11:57 | INFO | Query 10 Active Learning Runtime on Validation Set: 102190.61
2025-02-10 11:57 | INFO | Query 10 Active Learning Runtime on Test Set: 230872.81
2025-02-10 11:57 | INFO | Query 10 Active Learning Instance Cost: 76038.75
2025-02-10 11:57 | INFO | Timeout limit is increased to 3600
2025-02-10 11:57 | INFO | Query 11 Size of the uncertainty table is = 1935/2160
2025-02-10 11:57 | INFO | Query 11 Size of the filtered table is = 22
2025-02-10 11:57 | INFO | Training Time Active Learning Classifier: 0.34 seconds
2025-02-10 11:57 | INFO | Training Time Active Learning Regressor: 0.21 seconds
2025-02-10 11:57 | INFO | Query 11 Active Learning Runtime on Validation Set: 137277.02
2025-02-10 11:57 | INFO | Query 11 Active Learning Runtime on Test Set: 266260.52
2025-02-10 11:57 | INFO | Query 11 Active Learning Instance Cost: 90071.89
2025-02-10 11:57 | INFO | Timeout limit is increased to 3600
2025-02-10 11:57 | INFO | Query 12 Size of the uncertainty table is = 1909/2160
2025-02-10 11:57 | INFO | Query 12 Size of the filtered table is = 22
2025-02-10 11:57 | INFO | Training Time Active Learning Classifier: 0.34 seconds
2025-02-10 11:57 | INFO | Training Time Active Learning Regressor: 0.21 seconds
2025-02-10 11:57 | INFO | Query 12 Active Learning Runtime on Validation Set: 102188.17
2025-02-10 11:57 | INFO | Query 12 Active Learning Runtime on Test Set: 266268.59
2025-02-10 11:57 | INFO | Query 12 Active Learning Instance Cost: 91125.5
2025-02-10 11:57 | INFO | Query 13 Size of the uncertainty table is = 1885/2160
2025-02-10 11:57 | INFO | Query 13 Size of the filtered table is = 22
2025-02-10 11:57 | INFO | Training Time Active Learning Classifier: 0.34 seconds
2025-02-10 11:57 | INFO | Training Time Active Learning Regressor: 0.21 seconds
2025-02-10 11:57 | INFO | Query 13 Active Learning Runtime on Validation Set: 103397.39
2025-02-10 11:57 | INFO | Query 13 Active Learning Runtime on Test Set: 264828.27
2025-02-10 11:57 | INFO | Query 13 Active Learning Instance Cost: 92682.68
2025-02-10 11:57 | INFO | Timeout limit is increased to 3600
2025-02-10 11:57 | INFO | Query 14 Size of the uncertainty table is = 1860/2160
2025-02-10 11:57 | INFO | Query 14 Size of the filtered table is = 22
2025-02-10 11:57 | INFO | Training Time Active Learning Classifier: 0.34 seconds
2025-02-10 11:57 | INFO | Training Time Active Learning Regressor: 0.21 seconds
2025-02-10 11:57 | INFO | Query 14 Active Learning Runtime on Validation Set: 138211.39
2025-02-10 11:57 | INFO | Query 14 Active Learning Runtime on Test Set: 301114.93
2025-02-10 11:57 | INFO | Query 14 Active Learning Instance Cost: 93408.12
2025-02-10 11:57 | INFO | Timeout limit is increased to 3600
2025-02-10 11:57 | INFO | Query 15 Size of the uncertainty table is = 1838/2160
2025-02-10 11:57 | INFO | Query 15 Size of the filtered table is = 22
2025-02-10 11:57 | INFO | Training Time Active Learning Classifier: 0.35 seconds
2025-02-10 11:57 | INFO | Training Time Active Learning Regressor: 0.22 seconds
2025-02-10 11:57 | INFO | Query 15 Active Learning Runtime on Validation Set: 209142.4
2025-02-10 11:57 | INFO | Query 15 Active Learning Runtime on Test Set: 373159.13
2025-02-10 11:57 | INFO | Query 15 Active Learning Instance Cost: 93834.86
2025-02-10 11:57 | INFO | Timeout limit is increased to 3600
2025-02-10 11:57 | INFO | Query 16 Size of the uncertainty table is = 1815/2160
2025-02-10 11:57 | INFO | Query 16 Size of the filtered table is = 22
2025-02-10 11:57 | INFO | Training Time Active Learning Classifier: 0.35 seconds
2025-02-10 11:57 | INFO | Training Time Active Learning Regressor: 0.22 seconds
2025-02-10 11:57 | INFO | Query 16 Active Learning Runtime on Validation Set: 209668.25
2025-02-10 11:57 | INFO | Query 16 Active Learning Runtime on Test Set: 298928.8
2025-02-10 11:57 | INFO | Query 16 Active Learning Instance Cost: 98347.57
2025-02-10 11:57 | INFO | Timeout limit is increased to 3600
2025-02-10 11:57 | INFO | Query 17 Size of the uncertainty table is = 1792/2160
2025-02-10 11:57 | INFO | Query 17 Size of the filtered table is = 22
2025-02-10 11:57 | INFO | Training Time Active Learning Classifier: 0.35 seconds
2025-02-10 11:57 | INFO | Training Time Active Learning Regressor: 0.22 seconds
2025-02-10 11:57 | INFO | Query 17 Active Learning Runtime on Validation Set: 175694.49
2025-02-10 11:57 | INFO | Query 17 Active Learning Runtime on Test Set: 300421.51
2025-02-10 11:57 | INFO | Query 17 Active Learning Instance Cost: 98752.85
2025-02-10 11:57 | INFO | Query 18 Size of the uncertainty table is = 1770/2160
2025-02-10 11:57 | INFO | Query 18 Size of the filtered table is = 22
2025-02-10 11:57 | INFO | Training Time Active Learning Classifier: 0.35 seconds
2025-02-10 11:57 | INFO | Training Time Active Learning Regressor: 0.22 seconds
2025-02-10 11:57 | INFO | Query 18 Active Learning Runtime on Validation Set: 139624.41
2025-02-10 11:57 | INFO | Query 18 Active Learning Runtime on Test Set: 265112.02
2025-02-10 11:57 | INFO | Query 18 Active Learning Instance Cost: 109194.53
2025-02-10 11:57 | INFO | Query 19 Size of the uncertainty table is = 1746/2160
2025-02-10 11:57 | INFO | Query 19 Size of the filtered table is = 22
2025-02-10 11:57 | INFO | Training Time Active Learning Classifier: 0.35 seconds
2025-02-10 11:57 | INFO | Training Time Active Learning Regressor: 0.22 seconds
2025-02-10 11:57 | INFO | Query 19 Active Learning Runtime on Validation Set: 138230.67
2025-02-10 11:57 | INFO | Query 19 Active Learning Runtime on Test Set: 265109.68
2025-02-10 11:57 | INFO | Query 19 Active Learning Instance Cost: 109230.89
2025-02-10 11:57 | INFO | Query 20 Size of the uncertainty table is = 1723/2160
2025-02-10 11:57 | INFO | Query 20 Size of the filtered table is = 22
2025-02-10 11:57 | INFO | Training Time Active Learning Classifier: 0.36 seconds
2025-02-10 11:57 | INFO | Training Time Active Learning Regressor: 0.22 seconds
2025-02-10 11:57 | INFO | Query 20 Active Learning Runtime on Validation Set: 138229.94
2025-02-10 11:57 | INFO | Query 20 Active Learning Runtime on Test Set: 265114.93
2025-02-10 11:57 | INFO | Query 20 Active Learning Instance Cost: 118387.03
2025-02-10 11:57 | INFO | Query 21 Size of the uncertainty table is = 1700/2160
2025-02-10 11:57 | INFO | Query 21 Size of the filtered table is = 22
2025-02-10 11:57 | INFO | Training Time Active Learning Classifier: 0.36 seconds
2025-02-10 11:57 | INFO | Training Time Active Learning Regressor: 0.22 seconds
2025-02-10 11:57 | INFO | Query 21 Active Learning Runtime on Validation Set: 138230.67
2025-02-10 11:57 | INFO | Query 21 Active Learning Runtime on Test Set: 265086.16
2025-02-10 11:57 | INFO | Query 21 Active Learning Instance Cost: 126058.07
2025-02-10 11:57 | INFO | Timeout limit is increased to 3600
2025-02-10 11:57 | INFO | Query 22 Size of the uncertainty table is = 1676/2160
2025-02-10 11:57 | INFO | Query 22 Size of the filtered table is = 22
2025-02-10 11:57 | INFO | Training Time Active Learning Classifier: 0.36 seconds
2025-02-10 11:57 | INFO | Training Time Active Learning Regressor: 0.23 seconds
2025-02-10 11:57 | INFO | Query 22 Active Learning Runtime on Validation Set: 138387.92
2025-02-10 11:57 | INFO | Query 22 Active Learning Runtime on Test Set: 265085.96
2025-02-10 11:57 | INFO | Query 22 Active Learning Instance Cost: 135915.34
2025-02-10 11:57 | INFO | Timeout limit is increased to 3600
2025-02-10 11:57 | INFO | Query 23 Size of the uncertainty table is = 1652/2160
2025-02-10 11:57 | INFO | Query 23 Size of the filtered table is = 22
2025-02-10 11:57 | INFO | Training Time Active Learning Classifier: 0.36 seconds
2025-02-10 11:57 | INFO | Training Time Active Learning Regressor: 0.23 seconds
2025-02-10 11:58 | INFO | Query 23 Active Learning Runtime on Validation Set: 138387.92
2025-02-10 11:58 | INFO | Query 23 Active Learning Runtime on Test Set: 265087.54
2025-02-10 11:58 | INFO | Query 23 Active Learning Instance Cost: 141648.56
2025-02-10 11:58 | INFO | Timeout limit is increased to 3600
2025-02-10 11:58 | INFO | Query 24 Size of the uncertainty table is = 1629/2160
2025-02-10 11:58 | INFO | Query 24 Size of the filtered table is = 22
2025-02-10 11:58 | INFO | Training Time Active Learning Classifier: 0.36 seconds
2025-02-10 11:58 | INFO | Training Time Active Learning Regressor: 0.23 seconds
2025-02-10 11:58 | INFO | Query 24 Active Learning Runtime on Validation Set: 138389.46
2025-02-10 11:58 | INFO | Query 24 Active Learning Runtime on Test Set: 265085.87
2025-02-10 11:58 | INFO | Query 24 Active Learning Instance Cost: 143065.24
2025-02-10 11:58 | INFO | Timeout limit is increased to 3600
2025-02-10 11:58 | INFO | Query 25 Size of the uncertainty table is = 1606/2160
2025-02-10 11:58 | INFO | Query 25 Size of the filtered table is = 22
2025-02-10 11:58 | INFO | Training Time Active Learning Classifier: 0.36 seconds
2025-02-10 11:58 | INFO | Training Time Active Learning Regressor: 0.23 seconds
2025-02-10 11:58 | INFO | Query 25 Active Learning Runtime on Validation Set: 138387.92
2025-02-10 11:58 | INFO | Query 25 Active Learning Runtime on Test Set: 297949.03
2025-02-10 11:58 | INFO | Query 25 Active Learning Instance Cost: 148577.14
2025-02-10 11:58 | INFO | Query 26 Size of the uncertainty table is = 1582/2160
2025-02-10 11:58 | INFO | Query 26 Size of the filtered table is = 22
2025-02-10 11:58 | INFO | Training Time Active Learning Classifier: 0.37 seconds
2025-02-10 11:58 | INFO | Training Time Active Learning Regressor: 0.23 seconds
2025-02-10 11:58 | INFO | Query 26 Active Learning Runtime on Validation Set: 138387.92
2025-02-10 11:58 | INFO | Query 26 Active Learning Runtime on Test Set: 297948.65
2025-02-10 11:58 | INFO | Query 26 Active Learning Instance Cost: 148931.43
2025-02-10 11:58 | INFO | Timeout limit is increased to 3600
2025-02-10 11:58 | INFO | Query 27 Size of the uncertainty table is = 1559/2160
2025-02-10 11:58 | INFO | Query 27 Size of the filtered table is = 22
2025-02-10 11:58 | INFO | Training Time Active Learning Classifier: 0.37 seconds
2025-02-10 11:58 | INFO | Training Time Active Learning Regressor: 0.23 seconds
2025-02-10 11:58 | INFO | Query 27 Active Learning Runtime on Validation Set: 138387.92
2025-02-10 11:58 | INFO | Query 27 Active Learning Runtime on Test Set: 265091.85
2025-02-10 11:58 | INFO | Query 27 Active Learning Instance Cost: 149338.61
2025-02-10 11:58 | INFO | Timeout limit is increased to 3600
2025-02-10 11:58 | INFO | Query 28 Size of the uncertainty table is = 1537/2160
2025-02-10 11:58 | INFO | Query 28 Size of the filtered table is = 22
2025-02-10 11:58 | INFO | Training Time Active Learning Classifier: 0.37 seconds
2025-02-10 11:58 | INFO | Training Time Active Learning Regressor: 0.23 seconds
2025-02-10 11:58 | INFO | Query 28 Active Learning Runtime on Validation Set: 206685.46
2025-02-10 11:58 | INFO | Query 28 Active Learning Runtime on Test Set: 265091.19
2025-02-10 11:58 | INFO | Query 28 Active Learning Instance Cost: 150170.54
2025-02-10 11:58 | INFO | Timeout limit is increased to 3600
2025-02-10 11:58 | INFO | Query 29 Size of the uncertainty table is = 1513/2160
2025-02-10 11:58 | INFO | Query 29 Size of the filtered table is = 22
2025-02-10 11:58 | INFO | Training Time Active Learning Classifier: 0.37 seconds
2025-02-10 11:58 | INFO | Training Time Active Learning Regressor: 0.23 seconds
2025-02-10 11:58 | INFO | Query 29 Active Learning Runtime on Validation Set: 174197.4
2025-02-10 11:58 | INFO | Query 29 Active Learning Runtime on Test Set: 300779.76
2025-02-10 11:58 | INFO | Query 29 Active Learning Instance Cost: 154061.9
2025-02-10 11:58 | INFO | Query 30 Size of the uncertainty table is = 1490/2160
2025-02-10 11:58 | INFO | Query 30 Size of the filtered table is = 22
2025-02-10 11:58 | INFO | Training Time Active Learning Classifier: 0.38 seconds
2025-02-10 11:58 | INFO | Training Time Active Learning Regressor: 0.24 seconds
2025-02-10 11:58 | INFO | Query 30 Active Learning Runtime on Validation Set: 175561.08
2025-02-10 11:58 | INFO | Query 30 Active Learning Runtime on Test Set: 333278.21
2025-02-10 11:58 | INFO | Query 30 Active Learning Instance Cost: 160812.52
2025-02-10 11:58 | INFO | Timeout limit is increased to 3600
2025-02-10 11:58 | INFO | Query 31 Size of the uncertainty table is = 1467/2160
2025-02-10 11:58 | INFO | Query 31 Size of the filtered table is = 22
2025-02-10 11:58 | INFO | Training Time Active Learning Classifier: 0.38 seconds
2025-02-10 11:58 | INFO | Training Time Active Learning Regressor: 0.24 seconds
2025-02-10 11:58 | INFO | Query 31 Active Learning Runtime on Validation Set: 175561.08
2025-02-10 11:58 | INFO | Query 31 Active Learning Runtime on Test Set: 333516.81
2025-02-10 11:58 | INFO | Query 31 Active Learning Instance Cost: 168393.31
2025-02-10 11:58 | INFO | Timeout limit is increased to 3600
2025-02-10 11:58 | INFO | Query 32 Size of the uncertainty table is = 1444/2160
2025-02-10 11:58 | INFO | Query 32 Size of the filtered table is = 22
2025-02-10 11:58 | INFO | Training Time Active Learning Classifier: 0.38 seconds
2025-02-10 11:58 | INFO | Training Time Active Learning Regressor: 0.24 seconds
2025-02-10 11:58 | INFO | Query 32 Active Learning Runtime on Validation Set: 175561.08
2025-02-10 11:58 | INFO | Query 32 Active Learning Runtime on Test Set: 333294.23
2025-02-10 11:58 | INFO | Query 32 Active Learning Instance Cost: 180424.69
2025-02-10 11:58 | INFO | Timeout limit is increased to 3600
2025-02-10 11:58 | INFO | Query 33 Size of the uncertainty table is = 1418/2160
2025-02-10 11:58 | INFO | Query 33 Size of the filtered table is = 22
2025-02-10 11:58 | INFO | Training Time Active Learning Classifier: 0.38 seconds
2025-02-10 11:58 | INFO | Training Time Active Learning Regressor: 0.24 seconds
2025-02-10 11:58 | INFO | Query 33 Active Learning Runtime on Validation Set: 174868.17
2025-02-10 11:58 | INFO | Query 33 Active Learning Runtime on Test Set: 297993.64
2025-02-10 11:58 | INFO | Query 33 Active Learning Instance Cost: 202085.66
2025-02-10 11:58 | INFO | Query 34 Size of the uncertainty table is = 1391/2160
2025-02-10 11:58 | INFO | Query 34 Size of the filtered table is = 22
2025-02-10 11:58 | INFO | Training Time Active Learning Classifier: 0.39 seconds
2025-02-10 11:58 | INFO | Training Time Active Learning Regressor: 0.24 seconds
2025-02-10 11:58 | INFO | Query 34 Active Learning Runtime on Validation Set: 175426.56
2025-02-10 11:58 | INFO | Query 34 Active Learning Runtime on Test Set: 335235.93
2025-02-10 11:58 | INFO | Query 34 Active Learning Instance Cost: 243024.77
2025-02-10 11:58 | INFO | Timeout limit is increased to 3600
2025-02-10 11:58 | INFO | Query 35 Size of the uncertainty table is = 1367/2160
2025-02-10 11:58 | INFO | Query 35 Size of the filtered table is = 22
2025-02-10 11:58 | INFO | Training Time Active Learning Classifier: 0.39 seconds
2025-02-10 11:58 | INFO | Training Time Active Learning Regressor: 0.24 seconds
2025-02-10 11:58 | INFO | Query 35 Active Learning Runtime on Validation Set: 210882.19
2025-02-10 11:58 | INFO | Query 35 Active Learning Runtime on Test Set: 370909.65
2025-02-10 11:58 | INFO | Query 35 Active Learning Instance Cost: 279550.37
2025-02-10 11:58 | INFO | Timeout limit is increased to 3600
2025-02-10 11:58 | INFO | Query 36 Size of the uncertainty table is = 1340/2160
2025-02-10 11:58 | INFO | Query 36 Size of the filtered table is = 22
2025-02-10 11:58 | INFO | Training Time Active Learning Classifier: 0.39 seconds
2025-02-10 11:58 | INFO | Training Time Active Learning Regressor: 0.24 seconds
2025-02-10 11:58 | INFO | Query 36 Active Learning Runtime on Validation Set: 174576.41
2025-02-10 11:58 | INFO | Query 36 Active Learning Runtime on Test Set: 333269.09
2025-02-10 11:58 | INFO | Query 36 Active Learning Instance Cost: 290674.15
2025-02-10 11:58 | INFO | Query 37 Size of the uncertainty table is = 1313/2160
2025-02-10 11:58 | INFO | Query 37 Size of the filtered table is = 22
2025-02-10 11:58 | INFO | Training Time Active Learning Classifier: 0.4 seconds
2025-02-10 11:58 | INFO | Training Time Active Learning Regressor: 0.25 seconds
2025-02-10 11:58 | INFO | Query 37 Active Learning Runtime on Validation Set: 175029.75
2025-02-10 11:58 | INFO | Query 37 Active Learning Runtime on Test Set: 265107.21
2025-02-10 11:58 | INFO | Query 37 Active Learning Instance Cost: 333553.74
2025-02-10 11:58 | INFO | Timeout limit is increased to 3600
2025-02-10 11:58 | INFO | Query 38 Size of the uncertainty table is = 1287/2160
2025-02-10 11:58 | INFO | Query 38 Size of the filtered table is = 22
2025-02-10 11:58 | INFO | Training Time Active Learning Classifier: 0.4 seconds
2025-02-10 11:58 | INFO | Training Time Active Learning Regressor: 0.25 seconds
2025-02-10 11:58 | INFO | Query 38 Active Learning Runtime on Validation Set: 173703.89
2025-02-10 11:58 | INFO | Query 38 Active Learning Runtime on Test Set: 263205.33
2025-02-10 11:58 | INFO | Query 38 Active Learning Instance Cost: 360627.47
2025-02-10 11:58 | INFO | Query 39 Size of the uncertainty table is = 1263/2160
2025-02-10 11:58 | INFO | Query 39 Size of the filtered table is = 22
2025-02-10 11:58 | INFO | Training Time Active Learning Classifier: 0.4 seconds
2025-02-10 11:58 | INFO | Training Time Active Learning Regressor: 0.25 seconds
2025-02-10 11:58 | INFO | Query 39 Active Learning Runtime on Validation Set: 172875.71
2025-02-10 11:58 | INFO | Query 39 Active Learning Runtime on Test Set: 227205.34
2025-02-10 11:58 | INFO | Query 39 Active Learning Instance Cost: 381010.77
2025-02-10 11:58 | INFO | Query 40 Size of the uncertainty table is = 1235/2160
2025-02-10 11:58 | INFO | Query 40 Size of the filtered table is = 22
2025-02-10 11:58 | INFO | Training Time Active Learning Classifier: 0.4 seconds
2025-02-10 11:58 | INFO | Training Time Active Learning Regressor: 0.25 seconds
2025-02-10 11:59 | INFO | Query 40 Active Learning Runtime on Validation Set: 172758.24
2025-02-10 11:59 | INFO | Query 40 Active Learning Runtime on Test Set: 194078.7
2025-02-10 11:59 | INFO | Query 40 Active Learning Instance Cost: 403310.35
2025-02-10 11:59 | INFO | Query 41 Size of the uncertainty table is = 1210/2160
2025-02-10 11:59 | INFO | Query 41 Size of the filtered table is = 22
2025-02-10 11:59 | INFO | Training Time Active Learning Classifier: 0.4 seconds
2025-02-10 11:59 | INFO | Training Time Active Learning Regressor: 0.26 seconds
2025-02-10 11:59 | INFO | Query 41 Active Learning Runtime on Validation Set: 172526.67
2025-02-10 11:59 | INFO | Query 41 Active Learning Runtime on Test Set: 263086.87
2025-02-10 11:59 | INFO | Query 41 Active Learning Instance Cost: 445212.77
2025-02-10 11:59 | INFO | Query 42 Size of the uncertainty table is = 1177/2160
2025-02-10 11:59 | INFO | Query 42 Size of the filtered table is = 22
2025-02-10 11:59 | INFO | Training Time Active Learning Classifier: 0.41 seconds
2025-02-10 11:59 | INFO | Training Time Active Learning Regressor: 0.26 seconds
2025-02-10 11:59 | INFO | Query 42 Active Learning Runtime on Validation Set: 138071.71
2025-02-10 11:59 | INFO | Query 42 Active Learning Runtime on Test Set: 262700.51
2025-02-10 11:59 | INFO | Query 42 Active Learning Instance Cost: 476280.29
2025-02-10 11:59 | INFO | Query 43 Size of the uncertainty table is = 1139/2160
2025-02-10 11:59 | INFO | Query 43 Size of the filtered table is = 22
2025-02-10 11:59 | INFO | Training Time Active Learning Classifier: 0.41 seconds
2025-02-10 11:59 | INFO | Training Time Active Learning Regressor: 0.26 seconds
2025-02-10 11:59 | INFO | Query 43 Active Learning Runtime on Validation Set: 102089.66
2025-02-10 11:59 | INFO | Query 43 Active Learning Runtime on Test Set: 190970.54
2025-02-10 11:59 | INFO | Query 43 Active Learning Instance Cost: 498022.97
2025-02-10 11:59 | INFO | Query 44 Size of the uncertainty table is = 1110/2160
2025-02-10 11:59 | INFO | Query 44 Size of the filtered table is = 22
2025-02-10 11:59 | INFO | Training Time Active Learning Classifier: 0.41 seconds
2025-02-10 11:59 | INFO | Training Time Active Learning Regressor: 0.26 seconds
2025-02-10 11:59 | INFO | Query 44 Active Learning Runtime on Validation Set: 135509.9
2025-02-10 11:59 | INFO | Query 44 Active Learning Runtime on Test Set: 226941.43
2025-02-10 11:59 | INFO | Query 44 Active Learning Instance Cost: 519607.11
2025-02-10 11:59 | INFO | Timeout limit is increased to 3600
2025-02-10 11:59 | INFO | Query 45 Size of the uncertainty table is = 1084/2160
2025-02-10 11:59 | INFO | Query 45 Size of the filtered table is = 22
2025-02-10 11:59 | INFO | Training Time Active Learning Classifier: 0.41 seconds
2025-02-10 11:59 | INFO | Training Time Active Learning Regressor: 0.27 seconds
2025-02-10 11:59 | INFO | Query 45 Active Learning Runtime on Validation Set: 140670.48
2025-02-10 11:59 | INFO | Query 45 Active Learning Runtime on Test Set: 190970.55
2025-02-10 11:59 | INFO | Query 45 Active Learning Instance Cost: 545270.71
2025-02-10 11:59 | INFO | Timeout limit is increased to 3600
2025-02-10 11:59 | INFO | Query 46 Size of the uncertainty table is = 1058/2160
2025-02-10 11:59 | INFO | Query 46 Size of the filtered table is = 22
2025-02-10 11:59 | INFO | Training Time Active Learning Classifier: 0.42 seconds
2025-02-10 11:59 | INFO | Training Time Active Learning Regressor: 0.27 seconds
2025-02-10 11:59 | INFO | Query 46 Active Learning Runtime on Validation Set: 172831.36
2025-02-10 11:59 | INFO | Query 46 Active Learning Runtime on Test Set: 190941.49
2025-02-10 11:59 | INFO | Query 46 Active Learning Instance Cost: 573704.53
2025-02-10 11:59 | INFO | Timeout limit is increased to 3600
2025-02-10 11:59 | INFO | Query 47 Size of the uncertainty table is = 1031/2160
2025-02-10 11:59 | INFO | Query 47 Size of the filtered table is = 22
2025-02-10 11:59 | INFO | Training Time Active Learning Classifier: 0.42 seconds
2025-02-10 11:59 | INFO | Training Time Active Learning Regressor: 0.27 seconds
2025-02-10 11:59 | INFO | Query 47 Active Learning Runtime on Validation Set: 139391.0
2025-02-10 11:59 | INFO | Query 47 Active Learning Runtime on Test Set: 297962.34
2025-02-10 11:59 | INFO | Query 47 Active Learning Instance Cost: 605943.78
2025-02-10 11:59 | INFO | Query 48 Size of the uncertainty table is = 1001/2160
2025-02-10 11:59 | INFO | Query 48 Size of the filtered table is = 22
2025-02-10 11:59 | INFO | Training Time Active Learning Classifier: 0.42 seconds
2025-02-10 11:59 | INFO | Training Time Active Learning Regressor: 0.27 seconds
2025-02-10 11:59 | INFO | Query 48 Active Learning Runtime on Validation Set: 104992.66
2025-02-10 11:59 | INFO | Query 48 Active Learning Runtime on Test Set: 334182.87
2025-02-10 11:59 | INFO | Query 48 Active Learning Instance Cost: 630542.57
2025-02-10 11:59 | INFO | Query 49 Size of the uncertainty table is = 970/2160
2025-02-10 11:59 | INFO | Query 49 Size of the filtered table is = 22
2025-02-10 11:59 | INFO | Training Time Active Learning Classifier: 0.42 seconds
2025-02-10 11:59 | INFO | Training Time Active Learning Regressor: 0.28 seconds
2025-02-10 11:59 | INFO | Query 49 Active Learning Runtime on Validation Set: 141093.63
2025-02-10 11:59 | INFO | Query 49 Active Learning Runtime on Test Set: 226972.4
2025-02-10 11:59 | INFO | Query 49 Active Learning Instance Cost: 652338.43
2025-02-10 11:59 | INFO | Timeout limit is increased to 3600
2025-02-10 11:59 | INFO | Query 50 Size of the uncertainty table is = 941/2160
2025-02-10 11:59 | INFO | Query 50 Size of the filtered table is = 22
2025-02-10 11:59 | INFO | Training Time Active Learning Classifier: 0.43 seconds
2025-02-10 11:59 | INFO | Training Time Active Learning Regressor: 0.28 seconds
2025-02-10 11:59 | INFO | Query 50 Active Learning Runtime on Validation Set: 139955.17
2025-02-10 11:59 | INFO | Query 50 Active Learning Runtime on Test Set: 264520.83
2025-02-10 11:59 | INFO | Query 50 Active Learning Instance Cost: 689736.33
2025-02-10 11:59 | INFO | Query 51 Size of the uncertainty table is = 914/2160
2025-02-10 11:59 | INFO | Query 51 Size of the filtered table is = 22
2025-02-10 11:59 | INFO | Training Time Active Learning Classifier: 0.43 seconds
2025-02-10 11:59 | INFO | Training Time Active Learning Regressor: 0.28 seconds
2025-02-10 11:59 | INFO | Query 51 Active Learning Runtime on Validation Set: 171372.32
2025-02-10 11:59 | INFO | Query 51 Active Learning Runtime on Test Set: 190943.36
2025-02-10 11:59 | INFO | Query 51 Active Learning Instance Cost: 700712.04
2025-02-10 11:59 | INFO | Timeout limit is increased to 3600
2025-02-10 11:59 | INFO | Query 52 Size of the uncertainty table is = 886/2160
2025-02-10 11:59 | INFO | Query 52 Size of the filtered table is = 22
2025-02-10 11:59 | INFO | Training Time Active Learning Classifier: 0.43 seconds
2025-02-10 11:59 | INFO | Training Time Active Learning Regressor: 0.28 seconds
2025-02-10 11:59 | INFO | Query 52 Active Learning Runtime on Validation Set: 139839.25
2025-02-10 11:59 | INFO | Query 52 Active Learning Runtime on Test Set: 154939.22
2025-02-10 11:59 | INFO | Query 52 Active Learning Instance Cost: 726404.49
2025-02-10 11:59 | INFO | Query 53 Size of the uncertainty table is = 856/2160
2025-02-10 11:59 | INFO | Query 53 Size of the filtered table is = 22
2025-02-10 11:59 | INFO | Training Time Active Learning Classifier: 0.44 seconds
2025-02-10 11:59 | INFO | Training Time Active Learning Regressor: 0.29 seconds
2025-02-10 11:59 | INFO | Query 53 Active Learning Runtime on Validation Set: 137781.85
2025-02-10 11:59 | INFO | Query 53 Active Learning Runtime on Test Set: 226943.36
2025-02-10 11:59 | INFO | Query 53 Active Learning Instance Cost: 752134.49
2025-02-10 11:59 | INFO | Query 54 Size of the uncertainty table is = 827/2160
2025-02-10 11:59 | INFO | Query 54 Size of the filtered table is = 22
2025-02-10 11:59 | INFO | Training Time Active Learning Classifier: 0.44 seconds
2025-02-10 11:59 | INFO | Training Time Active Learning Regressor: 0.29 seconds
2025-02-10 11:59 | INFO | Query 54 Active Learning Runtime on Validation Set: 174704.3
2025-02-10 11:59 | INFO | Query 54 Active Learning Runtime on Test Set: 156732.3
2025-02-10 11:59 | INFO | Query 54 Active Learning Instance Cost: 785061.48
2025-02-10 11:59 | INFO | Timeout limit is increased to 3600
2025-02-10 11:59 | INFO | Query 55 Size of the uncertainty table is = 795/2160
2025-02-10 11:59 | INFO | Query 55 Size of the filtered table is = 22
2025-02-10 11:59 | INFO | Training Time Active Learning Classifier: 0.44 seconds
2025-02-10 11:59 | INFO | Training Time Active Learning Regressor: 0.29 seconds
2025-02-10 11:59 | INFO | Query 55 Active Learning Runtime on Validation Set: 173064.06
2025-02-10 11:59 | INFO | Query 55 Active Learning Runtime on Test Set: 154939.22
2025-02-10 11:59 | INFO | Query 55 Active Learning Instance Cost: 799970.17
2025-02-10 11:59 | INFO | Query 56 Size of the uncertainty table is = 766/2160
2025-02-10 11:59 | INFO | Query 56 Size of the filtered table is = 22
2025-02-10 11:59 | INFO | Training Time Active Learning Classifier: 0.45 seconds
2025-02-10 11:59 | INFO | Training Time Active Learning Regressor: 0.29 seconds
2025-02-10 11:59 | INFO | Query 56 Active Learning Runtime on Validation Set: 139955.9
2025-02-10 11:59 | INFO | Query 56 Active Learning Runtime on Test Set: 154972.43
2025-02-10 11:59 | INFO | Query 56 Active Learning Instance Cost: 839364.48
2025-02-10 11:59 | INFO | Query 57 Size of the uncertainty table is = 732/2160
2025-02-10 11:59 | INFO | Query 57 Size of the filtered table is = 22
2025-02-10 11:59 | INFO | Training Time Active Learning Classifier: 0.45 seconds
2025-02-10 11:59 | INFO | Training Time Active Learning Regressor: 0.29 seconds
2025-02-10 12:00 | INFO | Query 57 Active Learning Runtime on Validation Set: 140553.56
2025-02-10 12:00 | INFO | Query 57 Active Learning Runtime on Test Set: 154972.43
2025-02-10 12:00 | INFO | Query 57 Active Learning Instance Cost: 869628.17
2025-02-10 12:00 | INFO | Timeout limit is increased to 3600
2025-02-10 12:00 | INFO | Query 58 Size of the uncertainty table is = 701/2160
2025-02-10 12:00 | INFO | Query 58 Size of the filtered table is = 22
2025-02-10 12:00 | INFO | Training Time Active Learning Classifier: 0.46 seconds
2025-02-10 12:00 | INFO | Training Time Active Learning Regressor: 0.3 seconds
2025-02-10 12:00 | INFO | Query 58 Active Learning Runtime on Validation Set: 137930.56
2025-02-10 12:00 | INFO | Query 58 Active Learning Runtime on Test Set: 122076.53
2025-02-10 12:00 | INFO | Query 58 Active Learning Instance Cost: 890928.52
2025-02-10 12:00 | INFO | Query 59 Size of the uncertainty table is = 668/2160
2025-02-10 12:00 | INFO | Query 59 Size of the filtered table is = 22
2025-02-10 12:00 | INFO | Training Time Active Learning Classifier: 0.46 seconds
2025-02-10 12:00 | INFO | Training Time Active Learning Regressor: 0.3 seconds
2025-02-10 12:00 | INFO | Query 59 Active Learning Runtime on Validation Set: 105251.84
2025-02-10 12:00 | INFO | Query 59 Active Learning Runtime on Test Set: 190494.98
2025-02-10 12:00 | INFO | Query 59 Active Learning Instance Cost: 922418.39
2025-02-10 12:00 | INFO | Query 60 Size of the uncertainty table is = 641/2160
2025-02-10 12:00 | INFO | Query 60 Size of the filtered table is = 22
2025-02-10 12:00 | INFO | Training Time Active Learning Classifier: 0.46 seconds
2025-02-10 12:00 | INFO | Training Time Active Learning Regressor: 0.3 seconds
2025-02-10 12:00 | INFO | Query 60 Active Learning Runtime on Validation Set: 102373.04
2025-02-10 12:00 | INFO | Query 60 Active Learning Runtime on Test Set: 155191.17
2025-02-10 12:00 | INFO | Query 60 Active Learning Instance Cost: 963879.08
2025-02-10 12:00 | INFO | Query 61 Size of the uncertainty table is = 602/2160
2025-02-10 12:00 | INFO | Query 61 Size of the filtered table is = 22
2025-02-10 12:00 | INFO | Training Time Active Learning Classifier: 0.46 seconds
2025-02-10 12:00 | INFO | Training Time Active Learning Regressor: 0.3 seconds
2025-02-10 12:00 | INFO | Query 61 Active Learning Runtime on Validation Set: 135003.53
2025-02-10 12:00 | INFO | Query 61 Active Learning Runtime on Test Set: 154943.84
2025-02-10 12:00 | INFO | Query 61 Active Learning Instance Cost: 982981.8
2025-02-10 12:00 | INFO | Timeout limit is increased to 3600
2025-02-10 12:00 | INFO | Query 62 Size of the uncertainty table is = 572/2160
2025-02-10 12:00 | INFO | Query 62 Size of the filtered table is = 22
2025-02-10 12:00 | INFO | Training Time Active Learning Classifier: 0.46 seconds
2025-02-10 12:00 | INFO | Training Time Active Learning Regressor: 0.31 seconds
2025-02-10 12:00 | INFO | Query 62 Active Learning Runtime on Validation Set: 137329.86
2025-02-10 12:00 | INFO | Query 62 Active Learning Runtime on Test Set: 155187.02
2025-02-10 12:00 | INFO | Query 62 Active Learning Instance Cost: 1004754.83
2025-02-10 12:00 | INFO | Timeout limit is increased to 3600
2025-02-10 12:00 | INFO | Query 63 Size of the uncertainty table is = 538/2160
2025-02-10 12:00 | INFO | Query 63 Size of the filtered table is = 22
2025-02-10 12:00 | INFO | Training Time Active Learning Classifier: 0.47 seconds
2025-02-10 12:00 | INFO | Training Time Active Learning Regressor: 0.31 seconds
2025-02-10 12:00 | INFO | Query 63 Active Learning Runtime on Validation Set: 103975.39
2025-02-10 12:00 | INFO | Query 63 Active Learning Runtime on Test Set: 156776.02
2025-02-10 12:00 | INFO | Query 63 Active Learning Instance Cost: 1025400.06
2025-02-10 12:00 | INFO | Query 64 Size of the uncertainty table is = 506/2160
2025-02-10 12:00 | INFO | Query 64 Size of the filtered table is = 22
2025-02-10 12:00 | INFO | Training Time Active Learning Classifier: 0.47 seconds
2025-02-10 12:00 | INFO | Training Time Active Learning Regressor: 0.31 seconds
2025-02-10 12:00 | INFO | Query 64 Active Learning Runtime on Validation Set: 104010.35
2025-02-10 12:00 | INFO | Query 64 Active Learning Runtime on Test Set: 156476.98
2025-02-10 12:00 | INFO | Query 64 Active Learning Instance Cost: 1058357.33
2025-02-10 12:00 | INFO | Timeout limit is increased to 3600
2025-02-10 12:00 | INFO | Query 65 Size of the uncertainty table is = 481/2160
2025-02-10 12:00 | INFO | Query 65 Size of the filtered table is = 22
2025-02-10 12:00 | INFO | Training Time Active Learning Classifier: 0.47 seconds
2025-02-10 12:00 | INFO | Training Time Active Learning Regressor: 0.32 seconds
2025-02-10 12:00 | INFO | Query 65 Active Learning Runtime on Validation Set: 136563.12
2025-02-10 12:00 | INFO | Query 65 Active Learning Runtime on Test Set: 226696.39
2025-02-10 12:00 | INFO | Query 65 Active Learning Instance Cost: 1088499.35
2025-02-10 12:00 | INFO | Timeout limit is increased to 3600
2025-02-10 12:00 | INFO | Query 66 Size of the uncertainty table is = 452/2160
2025-02-10 12:00 | INFO | Query 66 Size of the filtered table is = 22
2025-02-10 12:00 | INFO | Training Time Active Learning Classifier: 0.47 seconds
2025-02-10 12:00 | INFO | Training Time Active Learning Regressor: 0.32 seconds
2025-02-10 12:00 | INFO | Query 66 Active Learning Runtime on Validation Set: 103987.71
2025-02-10 12:00 | INFO | Query 66 Active Learning Runtime on Test Set: 155111.76
2025-02-10 12:00 | INFO | Query 66 Active Learning Instance Cost: 1117173.97
2025-02-10 12:00 | INFO | Query 67 Size of the uncertainty table is = 424/2160
2025-02-10 12:00 | INFO | Query 67 Size of the filtered table is = 22
2025-02-10 12:00 | INFO | Training Time Active Learning Classifier: 0.48 seconds
2025-02-10 12:00 | INFO | Training Time Active Learning Regressor: 0.32 seconds
2025-02-10 12:00 | INFO | Query 67 Active Learning Runtime on Validation Set: 103987.71
2025-02-10 12:00 | INFO | Query 67 Active Learning Runtime on Test Set: 155082.7
2025-02-10 12:00 | INFO | Query 67 Active Learning Instance Cost: 1143102.55
2025-02-10 12:00 | INFO | Timeout limit is increased to 3600
2025-02-10 12:00 | INFO | Query 68 Size of the uncertainty table is = 389/2160
2025-02-10 12:00 | INFO | Query 68 Size of the filtered table is = 22
2025-02-10 12:00 | INFO | Training Time Active Learning Classifier: 0.48 seconds
2025-02-10 12:00 | INFO | Training Time Active Learning Regressor: 0.32 seconds
2025-02-10 12:00 | INFO | Query 68 Active Learning Runtime on Validation Set: 139813.02
2025-02-10 12:00 | INFO | Query 68 Active Learning Runtime on Test Set: 190380.24
2025-02-10 12:00 | INFO | Query 68 Active Learning Instance Cost: 1165629.35
2025-02-10 12:00 | INFO | Timeout limit is increased to 3600
2025-02-10 12:00 | INFO | Query 69 Size of the uncertainty table is = 355/2160
2025-02-10 12:00 | INFO | Query 69 Size of the filtered table is = 22
2025-02-10 12:00 | INFO | Training Time Active Learning Classifier: 0.48 seconds
2025-02-10 12:00 | INFO | Training Time Active Learning Regressor: 0.32 seconds
2025-02-10 12:00 | INFO | Query 69 Active Learning Runtime on Validation Set: 139812.3
2025-02-10 12:00 | INFO | Query 69 Active Learning Runtime on Test Set: 192430.81
2025-02-10 12:00 | INFO | Query 69 Active Learning Instance Cost: 1216189.97
2025-02-10 12:00 | INFO | Query 70 Size of the uncertainty table is = 317/2160
2025-02-10 12:00 | INFO | Query 70 Size of the filtered table is = 22
2025-02-10 12:00 | INFO | Training Time Active Learning Classifier: 0.48 seconds
2025-02-10 12:00 | INFO | Training Time Active Learning Regressor: 0.32 seconds
2025-02-10 12:00 | INFO | Query 70 Active Learning Runtime on Validation Set: 104002.09
2025-02-10 12:00 | INFO | Query 70 Active Learning Runtime on Test Set: 157000.74
2025-02-10 12:00 | INFO | Query 70 Active Learning Instance Cost: 1252224.39
2025-02-10 12:00 | INFO | Query 71 Size of the uncertainty table is = 278/2160
2025-02-10 12:00 | INFO | Query 71 Size of the filtered table is = 22
2025-02-10 12:00 | INFO | Training Time Active Learning Classifier: 0.49 seconds
2025-02-10 12:00 | INFO | Training Time Active Learning Regressor: 0.33 seconds
2025-02-10 12:00 | INFO | Query 71 Active Learning Runtime on Validation Set: 172904.97
2025-02-10 12:00 | INFO | Query 71 Active Learning Runtime on Test Set: 190187.62
2025-02-10 12:00 | INFO | Query 71 Active Learning Instance Cost: 1288284.73
2025-02-10 12:00 | INFO | Timeout limit is increased to 3600
2025-02-10 12:00 | INFO | Query 72 Size of the uncertainty table is = 245/2160
2025-02-10 12:00 | INFO | Query 72 Size of the filtered table is = 22
2025-02-10 12:00 | INFO | Training Time Active Learning Classifier: 0.49 seconds
2025-02-10 12:00 | INFO | Training Time Active Learning Regressor: 0.33 seconds
2025-02-10 12:00 | INFO | Query 72 Active Learning Runtime on Validation Set: 139812.3
2025-02-10 12:00 | INFO | Query 72 Active Learning Runtime on Test Set: 154189.23
2025-02-10 12:00 | INFO | Query 72 Active Learning Instance Cost: 1335537.11
2025-02-10 12:00 | INFO | Query 73 Size of the uncertainty table is = 206/2160
2025-02-10 12:00 | INFO | Query 73 Size of the filtered table is = 22
2025-02-10 12:00 | INFO | Training Time Active Learning Classifier: 0.49 seconds
2025-02-10 12:00 | INFO | Training Time Active Learning Regressor: 0.33 seconds
2025-02-10 12:00 | INFO | Query 73 Active Learning Runtime on Validation Set: 172890.59
2025-02-10 12:00 | INFO | Query 73 Active Learning Runtime on Test Set: 190154.42
2025-02-10 12:00 | INFO | Query 73 Active Learning Instance Cost: 1379430.82
2025-02-10 12:00 | INFO | Timeout limit is increased to 3600
2025-02-10 12:00 | INFO | Query 74 Size of the uncertainty table is = 173/2160
2025-02-10 12:00 | INFO | Query 74 Size of the filtered table is = 22
2025-02-10 12:00 | INFO | Training Time Active Learning Classifier: 0.5 seconds
2025-02-10 12:00 | INFO | Training Time Active Learning Regressor: 0.34 seconds
2025-02-10 12:01 | INFO | Query 74 Active Learning Runtime on Validation Set: 139641.99
2025-02-10 12:01 | INFO | Query 74 Active Learning Runtime on Test Set: 190187.62
2025-02-10 12:01 | INFO | Query 74 Active Learning Instance Cost: 1423590.52
2025-02-10 12:01 | INFO | Query 75 Size of the uncertainty table is = 120/2160
2025-02-10 12:01 | INFO | Query 75 Size of the filtered table is = 22
2025-02-10 12:01 | INFO | Training Time Active Learning Classifier: 0.5 seconds
2025-02-10 12:01 | INFO | Training Time Active Learning Regressor: 0.34 seconds
2025-02-10 12:01 | INFO | Query 75 Active Learning Runtime on Validation Set: 102201.4
2025-02-10 12:01 | INFO | Query 75 Active Learning Runtime on Test Set: 154887.33
2025-02-10 12:01 | INFO | Query 75 Active Learning Instance Cost: 1473301.1
2025-02-10 12:01 | INFO | Query 76 Size of the uncertainty table is = 84/2160
2025-02-10 12:01 | INFO | Query 76 Size of the filtered table is = 22
2025-02-10 12:01 | INFO | Training Time Active Learning Classifier: 0.51 seconds
2025-02-10 12:01 | INFO | Training Time Active Learning Regressor: 0.34 seconds
2025-02-10 12:01 | INFO | Query 76 Active Learning Runtime on Validation Set: 139812.3
2025-02-10 12:01 | INFO | Query 76 Active Learning Runtime on Test Set: 154225.62
2025-02-10 12:01 | INFO | Query 76 Active Learning Instance Cost: 1527943.6
2025-02-10 12:01 | INFO | Timeout limit is increased to 3600
2025-02-10 12:01 | INFO | Query 77 Size of the uncertainty table is = 49/2160
2025-02-10 12:01 | INFO | Query 77 Size of the filtered table is = 22
2025-02-10 12:01 | INFO | Training Time Active Learning Classifier: 0.51 seconds
2025-02-10 12:01 | INFO | Training Time Active Learning Regressor: 0.34 seconds
2025-02-10 12:01 | INFO | Query 77 Active Learning Runtime on Validation Set: 103974.66
2025-02-10 12:01 | INFO | Query 77 Active Learning Runtime on Test Set: 190213.64
2025-02-10 12:01 | INFO | Query 77 Active Learning Instance Cost: 1574896.7
2025-02-10 12:01 | INFO | Query 78 Size of the uncertainty table is = 5/2160
2025-02-10 12:01 | INFO | Query 78 Size of the filtered table is = 5
2025-02-10 12:01 | INFO | Training Time Active Learning Classifier: 0.51 seconds
2025-02-10 12:01 | INFO | Training Time Active Learning Regressor: 0.34 seconds
2025-02-10 12:01 | INFO | Query 78 Active Learning Runtime on Validation Set: 103817.22
2025-02-10 12:01 | INFO | Query 78 Active Learning Runtime on Test Set: 190213.64
2025-02-10 12:01 | INFO | Query 78 Active Learning Instance Cost: 1581308.22
2025-02-10 12:01 | INFO | Active Learning Emissions: 0.0032638330502818085
2025-02-10 12:01 | INFO | Active Learning Energy Consumption: 0.0035511337027770216 kWh
2025-02-10 12:01 | INFO | runtime_test_score is written as json file
2025-02-10 12:01 | INFO | runtime_validation_score is written as json file
2025-02-10 12:01 | INFO | instance_cost is written as json file
2025-02-10 12:01 | INFO | Experiment is finished
