2025-02-10 12:01 | INFO | Paramaters are: {'dataset': 'CSP-2010', 'penalty': 10, 'weight': 'No_Weight', 'voting': 'Hard', 'pre_selection_size': 64, 'pre_selection_technique': 'No_pre_selection', 'feature_elimination_threshold': 20, 'imputer_strategy': 'median', 'feature_selection_technique': 'No_feature_selection', 'feature_scaling_technique': 'StandardScaler', 'priority': {'PredDiff': 'max', 'Uncertainty': 'max', 'PredCost': 'min'}, 'initial_train_size': 20, 'query_size': 1, 'timeout_predictor_usage': 'No', 'timeout_limit': 100, 'timeout_increase_rate': 100, 'penalty_type': 'Only-timeout-penalty', 'RANDOM_STATE_SEED': 12345, 'n_splits': 10, 'split_number': 8, 'max_timeout': 3600, 'param_grid': {'n_estimators': 100, 'max_features': 'sqrt', 'max_depth': 2147483648, 'min_samples_split': 2, 'bootstrap': True}}
2025-02-10 12:01 | INFO | CSP-2010 is current dataset
2025-02-10 12:01 | INFO | DATASETS/CSP-2010/algorithm_runs.csv is found
2025-02-10 12:01 | INFO | DATASETS/CSP-2010/algorithm_runs.csv is finished
2025-02-10 12:01 | INFO | DATASETS/CSP-2010/feature_values.csv is found
2025-02-10 12:01 | INFO | DATASETS/CSP-2010/feature_values.csv is finished
2025-02-10 12:01 | INFO | Virtual best solver time in train = 69648.24
2025-02-10 12:01 | INFO | Single best solver list train = {'learning': 3199300.28, 'standard': 1104186.47}
2025-02-10 12:01 | INFO | Single best solver time train = standard (1104186.47)
2025-02-10 12:01 | INFO | Virtual best solver time in validation = 95279.36
2025-02-10 12:01 | INFO | Single best solver list validation = {'learning': 5168288.67, 'standard': 99763.76}
2025-02-10 12:01 | INFO | Single best solver time validation = standard (99763.76)
2025-02-10 12:01 | INFO | Virtual best solver time in test = 18505.76
2025-02-10 12:01 | INFO | Single best solver list test = {'learning': 971565.29, 'standard': 193314.17}
2025-02-10 12:01 | INFO | Single best solver time test = standard (193314.17)
2025-02-10 12:01 | INFO | Training Time Passive Learning Classifier: 0.24 seconds
2025-02-10 12:01 | INFO | Training Time Passive Learning Regressor: 0.75 seconds
2025-02-10 12:01 | INFO | Passive Learning Classifier Runtime on Validation Set: 99763.76
2025-02-10 12:01 | INFO | Passive Learning Classifier Runtime on Test Set: 49731.06
2025-02-10 12:01 | INFO | Passive Learning Instance Cost: 642286.75
2025-02-10 12:01 | INFO | Passive Learning Emissions: 2.669038644878793e-05
2025-02-10 12:01 | INFO | Passive Learning Energy Consumption: 2.9039822012418885e-05 kWh
2025-02-10 12:02 | INFO | Training Time Active Learning Classifier: 0.06 seconds
2025-02-10 12:02 | INFO | Training Time Active Learning Regressor: 0.09 seconds
2025-02-10 12:02 | INFO | Initial Active Learning Runtime on Validation Set: 99764.33
2025-02-10 12:02 | INFO | Initial Active Learning Runtime on Test Set: 121672.75
2025-02-10 12:02 | INFO | Initial Active Learning Instance Cost: 573.57
2025-02-10 12:02 | INFO | Bin size = 13
2025-02-10 12:02 | INFO | Query 1 Size of the uncertainty table is = 1203/1201
2025-02-10 12:02 | INFO | Query 1 Size of the filtered table is = 13
2025-02-10 12:02 | INFO | Training Time Active Learning Classifier: 0.05 seconds
2025-02-10 12:02 | INFO | Training Time Active Learning Regressor: 0.1 seconds
2025-02-10 12:02 | INFO | Query 1 Active Learning Runtime on Validation Set: 99762.07
2025-02-10 12:02 | INFO | Query 1 Active Learning Runtime on Test Set: 193311.5
2025-02-10 12:02 | INFO | Query 1 Active Learning Instance Cost: 2064.84
2025-02-10 12:02 | INFO | Query 2 Size of the uncertainty table is = 1190/1201
2025-02-10 12:02 | INFO | Query 2 Size of the filtered table is = 13
2025-02-10 12:02 | INFO | Training Time Active Learning Classifier: 0.05 seconds
2025-02-10 12:02 | INFO | Training Time Active Learning Regressor: 0.1 seconds
2025-02-10 12:02 | INFO | Query 2 Active Learning Runtime on Validation Set: 99764.35
2025-02-10 12:02 | INFO | Query 2 Active Learning Runtime on Test Set: 121679.4
2025-02-10 12:02 | INFO | Query 2 Active Learning Instance Cost: 3773.25
2025-02-10 12:02 | INFO | Timeout limit is increased to 200
2025-02-10 12:02 | INFO | Query 3 Size of the uncertainty table is = 1177/1201
2025-02-10 12:02 | INFO | Query 3 Size of the filtered table is = 13
2025-02-10 12:02 | INFO | Training Time Active Learning Classifier: 0.05 seconds
2025-02-10 12:02 | INFO | Training Time Active Learning Regressor: 0.1 seconds
2025-02-10 12:02 | INFO | Query 3 Active Learning Runtime on Validation Set: 99763.69
2025-02-10 12:02 | INFO | Query 3 Active Learning Runtime on Test Set: 121678.89
2025-02-10 12:02 | INFO | Query 3 Active Learning Instance Cost: 6269.63
2025-02-10 12:02 | INFO | Query 4 Size of the uncertainty table is = 1165/1201
2025-02-10 12:02 | INFO | Query 4 Size of the filtered table is = 13
2025-02-10 12:02 | INFO | Training Time Active Learning Classifier: 0.06 seconds
2025-02-10 12:02 | INFO | Training Time Active Learning Regressor: 0.1 seconds
2025-02-10 12:02 | INFO | Query 4 Active Learning Runtime on Validation Set: 99762.09
2025-02-10 12:02 | INFO | Query 4 Active Learning Runtime on Test Set: 193311.22
2025-02-10 12:02 | INFO | Query 4 Active Learning Instance Cost: 6647.59
2025-02-10 12:02 | INFO | Query 5 Size of the uncertainty table is = 1152/1201
2025-02-10 12:02 | INFO | Query 5 Size of the filtered table is = 13
2025-02-10 12:02 | INFO | Training Time Active Learning Classifier: 0.06 seconds
2025-02-10 12:02 | INFO | Training Time Active Learning Regressor: 0.11 seconds
2025-02-10 12:02 | INFO | Query 5 Active Learning Runtime on Validation Set: 99762.11
2025-02-10 12:02 | INFO | Query 5 Active Learning Runtime on Test Set: 121672.64
2025-02-10 12:02 | INFO | Query 5 Active Learning Instance Cost: 9282.28
2025-02-10 12:02 | INFO | Timeout limit is increased to 300
2025-02-10 12:02 | INFO | Query 6 Size of the uncertainty table is = 1143/1201
2025-02-10 12:02 | INFO | Query 6 Size of the filtered table is = 13
2025-02-10 12:02 | INFO | Training Time Active Learning Classifier: 0.06 seconds
2025-02-10 12:02 | INFO | Training Time Active Learning Regressor: 0.11 seconds
2025-02-10 12:02 | INFO | Query 6 Active Learning Runtime on Validation Set: 99762.11
2025-02-10 12:02 | INFO | Query 6 Active Learning Runtime on Test Set: 121663.15
2025-02-10 12:02 | INFO | Query 6 Active Learning Instance Cost: 12916.7
2025-02-10 12:02 | INFO | Timeout limit is increased to 400
2025-02-10 12:02 | INFO | Query 7 Size of the uncertainty table is = 1131/1201
2025-02-10 12:02 | INFO | Query 7 Size of the filtered table is = 13
2025-02-10 12:02 | INFO | Training Time Active Learning Classifier: 0.06 seconds
2025-02-10 12:02 | INFO | Training Time Active Learning Regressor: 0.12 seconds
2025-02-10 12:02 | INFO | Query 7 Active Learning Runtime on Validation Set: 99762.09
2025-02-10 12:02 | INFO | Query 7 Active Learning Runtime on Test Set: 121663.16
2025-02-10 12:02 | INFO | Query 7 Active Learning Instance Cost: 16672.22
2025-02-10 12:02 | INFO | Query 8 Size of the uncertainty table is = 1118/1201
2025-02-10 12:02 | INFO | Query 8 Size of the filtered table is = 13
2025-02-10 12:02 | INFO | Training Time Active Learning Classifier: 0.06 seconds
2025-02-10 12:02 | INFO | Training Time Active Learning Regressor: 0.12 seconds
2025-02-10 12:02 | INFO | Query 8 Active Learning Runtime on Validation Set: 99762.09
2025-02-10 12:02 | INFO | Query 8 Active Learning Runtime on Test Set: 121663.33
2025-02-10 12:02 | INFO | Query 8 Active Learning Instance Cost: 20388.09
2025-02-10 12:02 | INFO | Timeout limit is increased to 500
2025-02-10 12:02 | INFO | Query 9 Size of the uncertainty table is = 1106/1201
2025-02-10 12:02 | INFO | Query 9 Size of the filtered table is = 13
2025-02-10 12:02 | INFO | Training Time Active Learning Classifier: 0.06 seconds
2025-02-10 12:02 | INFO | Training Time Active Learning Regressor: 0.13 seconds
2025-02-10 12:02 | INFO | Query 9 Active Learning Runtime on Validation Set: 99762.09
2025-02-10 12:02 | INFO | Query 9 Active Learning Runtime on Test Set: 193296.25
2025-02-10 12:02 | INFO | Query 9 Active Learning Instance Cost: 22943.5
2025-02-10 12:02 | INFO | Timeout limit is increased to 600
2025-02-10 12:02 | INFO | Query 10 Size of the uncertainty table is = 1093/1201
2025-02-10 12:02 | INFO | Query 10 Size of the filtered table is = 13
2025-02-10 12:02 | INFO | Training Time Active Learning Classifier: 0.06 seconds
2025-02-10 12:02 | INFO | Training Time Active Learning Regressor: 0.13 seconds
2025-02-10 12:02 | INFO | Query 10 Active Learning Runtime on Validation Set: 99764.35
2025-02-10 12:02 | INFO | Query 10 Active Learning Runtime on Test Set: 121645.74
2025-02-10 12:02 | INFO | Query 10 Active Learning Instance Cost: 27372.25
2025-02-10 12:02 | INFO | Timeout limit is increased to 700
2025-02-10 12:02 | INFO | Query 11 Size of the uncertainty table is = 1082/1201
2025-02-10 12:02 | INFO | Query 11 Size of the filtered table is = 13
2025-02-10 12:02 | INFO | Training Time Active Learning Classifier: 0.06 seconds
2025-02-10 12:02 | INFO | Training Time Active Learning Regressor: 0.14 seconds
2025-02-10 12:02 | INFO | Query 11 Active Learning Runtime on Validation Set: 99764.35
2025-02-10 12:02 | INFO | Query 11 Active Learning Runtime on Test Set: 121644.4
2025-02-10 12:02 | INFO | Query 11 Active Learning Instance Cost: 32376.74
2025-02-10 12:02 | INFO | Timeout limit is increased to 800
2025-02-10 12:02 | INFO | Query 12 Size of the uncertainty table is = 1070/1201
2025-02-10 12:02 | INFO | Query 12 Size of the filtered table is = 13
2025-02-10 12:02 | INFO | Training Time Active Learning Classifier: 0.07 seconds
2025-02-10 12:02 | INFO | Training Time Active Learning Regressor: 0.14 seconds
2025-02-10 12:02 | INFO | Query 12 Active Learning Runtime on Validation Set: 95312.6
2025-02-10 12:02 | INFO | Query 12 Active Learning Runtime on Test Set: 85621.47
2025-02-10 12:02 | INFO | Query 12 Active Learning Instance Cost: 38010.49
2025-02-10 12:02 | INFO | Query 13 Size of the uncertainty table is = 1058/1201
2025-02-10 12:02 | INFO | Query 13 Size of the filtered table is = 13
2025-02-10 12:02 | INFO | Training Time Active Learning Classifier: 0.07 seconds
2025-02-10 12:02 | INFO | Training Time Active Learning Regressor: 0.14 seconds
2025-02-10 12:02 | INFO | Query 13 Active Learning Runtime on Validation Set: 95312.6
2025-02-10 12:02 | INFO | Query 13 Active Learning Runtime on Test Set: 49632.23
2025-02-10 12:02 | INFO | Query 13 Active Learning Instance Cost: 51185.91
2025-02-10 12:02 | INFO | Timeout limit is increased to 900
2025-02-10 12:02 | INFO | Query 14 Size of the uncertainty table is = 1049/1201
2025-02-10 12:02 | INFO | Query 14 Size of the filtered table is = 13
2025-02-10 12:02 | INFO | Training Time Active Learning Classifier: 0.07 seconds
2025-02-10 12:02 | INFO | Training Time Active Learning Regressor: 0.15 seconds
2025-02-10 12:02 | INFO | Query 14 Active Learning Runtime on Validation Set: 95312.65
2025-02-10 12:02 | INFO | Query 14 Active Learning Runtime on Test Set: 49621.66
2025-02-10 12:02 | INFO | Query 14 Active Learning Instance Cost: 52092.95
2025-02-10 12:02 | INFO | Timeout limit is increased to 1000
2025-02-10 12:02 | INFO | Query 15 Size of the uncertainty table is = 1036/1201
2025-02-10 12:02 | INFO | Query 15 Size of the filtered table is = 13
2025-02-10 12:02 | INFO | Training Time Active Learning Classifier: 0.07 seconds
2025-02-10 12:02 | INFO | Training Time Active Learning Regressor: 0.15 seconds
2025-02-10 12:02 | INFO | Query 15 Active Learning Runtime on Validation Set: 95312.65
2025-02-10 12:02 | INFO | Query 15 Active Learning Runtime on Test Set: 49621.73
2025-02-10 12:02 | INFO | Query 15 Active Learning Instance Cost: 63677.07
2025-02-10 12:02 | INFO | Timeout limit is increased to 1100
2025-02-10 12:02 | INFO | Query 16 Size of the uncertainty table is = 1026/1201
2025-02-10 12:02 | INFO | Query 16 Size of the filtered table is = 13
2025-02-10 12:02 | INFO | Training Time Active Learning Classifier: 0.07 seconds
2025-02-10 12:02 | INFO | Training Time Active Learning Regressor: 0.16 seconds
2025-02-10 12:02 | INFO | Query 16 Active Learning Runtime on Validation Set: 99763.76
2025-02-10 12:02 | INFO | Query 16 Active Learning Runtime on Test Set: 49621.77
2025-02-10 12:02 | INFO | Query 16 Active Learning Instance Cost: 70754.39
2025-02-10 12:02 | INFO | Timeout limit is increased to 1200
2025-02-10 12:02 | INFO | Query 17 Size of the uncertainty table is = 1018/1201
2025-02-10 12:02 | INFO | Query 17 Size of the filtered table is = 13
2025-02-10 12:02 | INFO | Training Time Active Learning Classifier: 0.07 seconds
2025-02-10 12:02 | INFO | Training Time Active Learning Regressor: 0.16 seconds
2025-02-10 12:02 | INFO | Query 17 Active Learning Runtime on Validation Set: 95312.65
2025-02-10 12:02 | INFO | Query 17 Active Learning Runtime on Test Set: 49632.23
2025-02-10 12:02 | INFO | Query 17 Active Learning Instance Cost: 79697.32
2025-02-10 12:02 | INFO | Query 18 Size of the uncertainty table is = 1008/1201
2025-02-10 12:02 | INFO | Query 18 Size of the filtered table is = 13
2025-02-10 12:02 | INFO | Training Time Active Learning Classifier: 0.07 seconds
2025-02-10 12:02 | INFO | Training Time Active Learning Regressor: 0.16 seconds
2025-02-10 12:02 | INFO | Query 18 Active Learning Runtime on Validation Set: 95312.65
2025-02-10 12:02 | INFO | Query 18 Active Learning Runtime on Test Set: 49632.23
2025-02-10 12:02 | INFO | Query 18 Active Learning Instance Cost: 86553.85
2025-02-10 12:02 | INFO | Timeout limit is increased to 1300
2025-02-10 12:02 | INFO | Query 19 Size of the uncertainty table is = 1003/1201
2025-02-10 12:02 | INFO | Query 19 Size of the filtered table is = 13
2025-02-10 12:02 | INFO | Training Time Active Learning Classifier: 0.07 seconds
2025-02-10 12:02 | INFO | Training Time Active Learning Regressor: 0.16 seconds
2025-02-10 12:02 | INFO | Query 19 Active Learning Runtime on Validation Set: 95312.65
2025-02-10 12:02 | INFO | Query 19 Active Learning Runtime on Test Set: 49632.54
2025-02-10 12:02 | INFO | Query 19 Active Learning Instance Cost: 88314.84
2025-02-10 12:02 | INFO | Timeout limit is increased to 1400
2025-02-10 12:02 | INFO | Query 20 Size of the uncertainty table is = 997/1201
2025-02-10 12:02 | INFO | Query 20 Size of the filtered table is = 13
2025-02-10 12:02 | INFO | Training Time Active Learning Classifier: 0.07 seconds
2025-02-10 12:02 | INFO | Training Time Active Learning Regressor: 0.16 seconds
2025-02-10 12:02 | INFO | Query 20 Active Learning Runtime on Validation Set: 95312.65
2025-02-10 12:02 | INFO | Query 20 Active Learning Runtime on Test Set: 49632.65
2025-02-10 12:02 | INFO | Query 20 Active Learning Instance Cost: 97411.32
2025-02-10 12:02 | INFO | Timeout limit is increased to 1500
2025-02-10 12:02 | INFO | Query 21 Size of the uncertainty table is = 995/1201
2025-02-10 12:02 | INFO | Query 21 Size of the filtered table is = 13
2025-02-10 12:02 | INFO | Training Time Active Learning Classifier: 0.07 seconds
2025-02-10 12:02 | INFO | Training Time Active Learning Regressor: 0.17 seconds
2025-02-10 12:02 | INFO | Query 21 Active Learning Runtime on Validation Set: 95312.65
2025-02-10 12:02 | INFO | Query 21 Active Learning Runtime on Test Set: 49632.04
2025-02-10 12:02 | INFO | Query 21 Active Learning Instance Cost: 101903.95
2025-02-10 12:02 | INFO | Timeout limit is increased to 1600
2025-02-10 12:02 | INFO | Query 22 Size of the uncertainty table is = 988/1201
2025-02-10 12:02 | INFO | Query 22 Size of the filtered table is = 13
2025-02-10 12:02 | INFO | Training Time Active Learning Classifier: 0.07 seconds
2025-02-10 12:02 | INFO | Training Time Active Learning Regressor: 0.17 seconds
2025-02-10 12:02 | INFO | Query 22 Active Learning Runtime on Validation Set: 95312.65
2025-02-10 12:02 | INFO | Query 22 Active Learning Runtime on Test Set: 49632.24
2025-02-10 12:02 | INFO | Query 22 Active Learning Instance Cost: 117015.23
2025-02-10 12:02 | INFO | Timeout limit is increased to 1700
2025-02-10 12:02 | INFO | Query 23 Size of the uncertainty table is = 977/1201
2025-02-10 12:02 | INFO | Query 23 Size of the filtered table is = 13
2025-02-10 12:02 | INFO | Training Time Active Learning Classifier: 0.07 seconds
2025-02-10 12:02 | INFO | Training Time Active Learning Regressor: 0.18 seconds
2025-02-10 12:02 | INFO | Query 23 Active Learning Runtime on Validation Set: 95312.65
2025-02-10 12:02 | INFO | Query 23 Active Learning Runtime on Test Set: 49632.24
2025-02-10 12:02 | INFO | Query 23 Active Learning Instance Cost: 134696.15
2025-02-10 12:02 | INFO | Timeout limit is increased to 1800
2025-02-10 12:02 | INFO | Query 24 Size of the uncertainty table is = 965/1201
2025-02-10 12:02 | INFO | Query 24 Size of the filtered table is = 13
2025-02-10 12:02 | INFO | Training Time Active Learning Classifier: 0.07 seconds
2025-02-10 12:02 | INFO | Training Time Active Learning Regressor: 0.18 seconds
2025-02-10 12:02 | INFO | Query 24 Active Learning Runtime on Validation Set: 99763.76
2025-02-10 12:02 | INFO | Query 24 Active Learning Runtime on Test Set: 49647.86
2025-02-10 12:02 | INFO | Query 24 Active Learning Instance Cost: 149381.24
2025-02-10 12:02 | INFO | Timeout limit is increased to 1900
2025-02-10 12:02 | INFO | Query 25 Size of the uncertainty table is = 957/1201
2025-02-10 12:02 | INFO | Query 25 Size of the filtered table is = 13
2025-02-10 12:02 | INFO | Training Time Active Learning Classifier: 0.08 seconds
2025-02-10 12:02 | INFO | Training Time Active Learning Regressor: 0.18 seconds
2025-02-10 12:02 | INFO | Query 25 Active Learning Runtime on Validation Set: 99763.76
2025-02-10 12:02 | INFO | Query 25 Active Learning Runtime on Test Set: 49647.9
2025-02-10 12:02 | INFO | Query 25 Active Learning Instance Cost: 155580.67
2025-02-10 12:02 | INFO | Timeout limit is increased to 2000
2025-02-10 12:02 | INFO | Query 26 Size of the uncertainty table is = 949/1201
2025-02-10 12:02 | INFO | Query 26 Size of the filtered table is = 13
2025-02-10 12:02 | INFO | Training Time Active Learning Classifier: 0.08 seconds
2025-02-10 12:02 | INFO | Training Time Active Learning Regressor: 0.19 seconds
2025-02-10 12:02 | INFO | Query 26 Active Learning Runtime on Validation Set: 99763.76
2025-02-10 12:02 | INFO | Query 26 Active Learning Runtime on Test Set: 49637.4
2025-02-10 12:02 | INFO | Query 26 Active Learning Instance Cost: 164163.23
2025-02-10 12:02 | INFO | Timeout limit is increased to 2100
2025-02-10 12:02 | INFO | Query 27 Size of the uncertainty table is = 942/1201
2025-02-10 12:02 | INFO | Query 27 Size of the filtered table is = 13
2025-02-10 12:02 | INFO | Training Time Active Learning Classifier: 0.08 seconds
2025-02-10 12:02 | INFO | Training Time Active Learning Regressor: 0.19 seconds
2025-02-10 12:02 | INFO | Query 27 Active Learning Runtime on Validation Set: 95312.65
2025-02-10 12:02 | INFO | Query 27 Active Learning Runtime on Test Set: 49621.45
2025-02-10 12:02 | INFO | Query 27 Active Learning Instance Cost: 179111.98
2025-02-10 12:02 | INFO | Query 28 Size of the uncertainty table is = 934/1201
2025-02-10 12:02 | INFO | Query 28 Size of the filtered table is = 13
2025-02-10 12:02 | INFO | Training Time Active Learning Classifier: 0.08 seconds
2025-02-10 12:02 | INFO | Training Time Active Learning Regressor: 0.2 seconds
2025-02-10 12:02 | INFO | Query 28 Active Learning Runtime on Validation Set: 95312.65
2025-02-10 12:02 | INFO | Query 28 Active Learning Runtime on Test Set: 49620.02
2025-02-10 12:02 | INFO | Query 28 Active Learning Instance Cost: 188994.3
2025-02-10 12:02 | INFO | Timeout limit is increased to 2200
2025-02-10 12:02 | INFO | Query 29 Size of the uncertainty table is = 927/1201
2025-02-10 12:02 | INFO | Query 29 Size of the filtered table is = 13
2025-02-10 12:02 | INFO | Training Time Active Learning Classifier: 0.09 seconds
2025-02-10 12:02 | INFO | Training Time Active Learning Regressor: 0.2 seconds
2025-02-10 12:02 | INFO | Query 29 Active Learning Runtime on Validation Set: 95312.65
2025-02-10 12:02 | INFO | Query 29 Active Learning Runtime on Test Set: 49619.98
2025-02-10 12:02 | INFO | Query 29 Active Learning Instance Cost: 192525.95
2025-02-10 12:02 | INFO | Timeout limit is increased to 2300
2025-02-10 12:02 | INFO | Query 30 Size of the uncertainty table is = 920/1201
2025-02-10 12:02 | INFO | Query 30 Size of the filtered table is = 13
2025-02-10 12:02 | INFO | Training Time Active Learning Classifier: 0.09 seconds
2025-02-10 12:02 | INFO | Training Time Active Learning Regressor: 0.2 seconds
2025-02-10 12:02 | INFO | Query 30 Active Learning Runtime on Validation Set: 95312.65
2025-02-10 12:02 | INFO | Query 30 Active Learning Runtime on Test Set: 49619.99
2025-02-10 12:02 | INFO | Query 30 Active Learning Instance Cost: 193731.36
2025-02-10 12:02 | INFO | Timeout limit is increased to 2400
2025-02-10 12:02 | INFO | Query 31 Size of the uncertainty table is = 913/1201
2025-02-10 12:02 | INFO | Query 31 Size of the filtered table is = 13
2025-02-10 12:03 | INFO | Training Time Active Learning Classifier: 0.09 seconds
2025-02-10 12:03 | INFO | Training Time Active Learning Regressor: 0.2 seconds
2025-02-10 12:03 | INFO | Query 31 Active Learning Runtime on Validation Set: 95312.65
2025-02-10 12:03 | INFO | Query 31 Active Learning Runtime on Test Set: 49619.99
2025-02-10 12:03 | INFO | Query 31 Active Learning Instance Cost: 198220.05
2025-02-10 12:03 | INFO | Timeout limit is increased to 2500
2025-02-10 12:03 | INFO | Query 32 Size of the uncertainty table is = 906/1201
2025-02-10 12:03 | INFO | Query 32 Size of the filtered table is = 13
2025-02-10 12:03 | INFO | Training Time Active Learning Classifier: 0.09 seconds
2025-02-10 12:03 | INFO | Training Time Active Learning Regressor: 0.21 seconds
2025-02-10 12:03 | INFO | Query 32 Active Learning Runtime on Validation Set: 99763.76
2025-02-10 12:03 | INFO | Query 32 Active Learning Runtime on Test Set: 49621.42
2025-02-10 12:03 | INFO | Query 32 Active Learning Instance Cost: 204633.49
2025-02-10 12:03 | INFO | Timeout limit is increased to 2600
2025-02-10 12:03 | INFO | Query 33 Size of the uncertainty table is = 899/1201
2025-02-10 12:03 | INFO | Query 33 Size of the filtered table is = 13
2025-02-10 12:03 | INFO | Training Time Active Learning Classifier: 0.09 seconds
2025-02-10 12:03 | INFO | Training Time Active Learning Regressor: 0.21 seconds
2025-02-10 12:03 | INFO | Query 33 Active Learning Runtime on Validation Set: 99763.76
2025-02-10 12:03 | INFO | Query 33 Active Learning Runtime on Test Set: 49621.38
2025-02-10 12:03 | INFO | Query 33 Active Learning Instance Cost: 208537.83
2025-02-10 12:03 | INFO | Timeout limit is increased to 2700
2025-02-10 12:03 | INFO | Query 34 Size of the uncertainty table is = 891/1201
2025-02-10 12:03 | INFO | Query 34 Size of the filtered table is = 13
2025-02-10 12:03 | INFO | Training Time Active Learning Classifier: 0.09 seconds
2025-02-10 12:03 | INFO | Training Time Active Learning Regressor: 0.21 seconds
2025-02-10 12:03 | INFO | Query 34 Active Learning Runtime on Validation Set: 99763.76
2025-02-10 12:03 | INFO | Query 34 Active Learning Runtime on Test Set: 49631.88
2025-02-10 12:03 | INFO | Query 34 Active Learning Instance Cost: 215772.05
2025-02-10 12:03 | INFO | Timeout limit is increased to 2800
2025-02-10 12:03 | INFO | Query 35 Size of the uncertainty table is = 883/1201
2025-02-10 12:03 | INFO | Query 35 Size of the filtered table is = 13
2025-02-10 12:03 | INFO | Training Time Active Learning Classifier: 0.09 seconds
2025-02-10 12:03 | INFO | Training Time Active Learning Regressor: 0.22 seconds
2025-02-10 12:03 | INFO | Query 35 Active Learning Runtime on Validation Set: 99763.76
2025-02-10 12:03 | INFO | Query 35 Active Learning Runtime on Test Set: 49632.14
2025-02-10 12:03 | INFO | Query 35 Active Learning Instance Cost: 218375.26
2025-02-10 12:03 | INFO | Timeout limit is increased to 2900
2025-02-10 12:03 | INFO | Query 36 Size of the uncertainty table is = 876/1201
2025-02-10 12:03 | INFO | Query 36 Size of the filtered table is = 13
2025-02-10 12:03 | INFO | Training Time Active Learning Classifier: 0.09 seconds
2025-02-10 12:03 | INFO | Training Time Active Learning Regressor: 0.22 seconds
2025-02-10 12:03 | INFO | Query 36 Active Learning Runtime on Validation Set: 99763.76
2025-02-10 12:03 | INFO | Query 36 Active Learning Runtime on Test Set: 49619.99
2025-02-10 12:03 | INFO | Query 36 Active Learning Instance Cost: 219581.11
2025-02-10 12:03 | INFO | Timeout limit is increased to 3000
2025-02-10 12:03 | INFO | Query 37 Size of the uncertainty table is = 869/1201
2025-02-10 12:03 | INFO | Query 37 Size of the filtered table is = 13
2025-02-10 12:03 | INFO | Training Time Active Learning Classifier: 0.09 seconds
2025-02-10 12:03 | INFO | Training Time Active Learning Regressor: 0.23 seconds
2025-02-10 12:03 | INFO | Query 37 Active Learning Runtime on Validation Set: 99763.76
2025-02-10 12:03 | INFO | Query 37 Active Learning Runtime on Test Set: 49630.77
2025-02-10 12:03 | INFO | Query 37 Active Learning Instance Cost: 222465.38
2025-02-10 12:03 | INFO | Timeout limit is increased to 3100
2025-02-10 12:03 | INFO | Query 38 Size of the uncertainty table is = 861/1201
2025-02-10 12:03 | INFO | Query 38 Size of the filtered table is = 13
2025-02-10 12:03 | INFO | Training Time Active Learning Classifier: 0.09 seconds
2025-02-10 12:03 | INFO | Training Time Active Learning Regressor: 0.23 seconds
2025-02-10 12:03 | INFO | Query 38 Active Learning Runtime on Validation Set: 99763.76
2025-02-10 12:03 | INFO | Query 38 Active Learning Runtime on Test Set: 49632.04
2025-02-10 12:03 | INFO | Query 38 Active Learning Instance Cost: 226582.88
2025-02-10 12:03 | INFO | Timeout limit is increased to 3200
2025-02-10 12:03 | INFO | Query 39 Size of the uncertainty table is = 853/1201
2025-02-10 12:03 | INFO | Query 39 Size of the filtered table is = 13
2025-02-10 12:03 | INFO | Training Time Active Learning Classifier: 0.1 seconds
2025-02-10 12:03 | INFO | Training Time Active Learning Regressor: 0.24 seconds
2025-02-10 12:03 | INFO | Query 39 Active Learning Runtime on Validation Set: 99763.76
2025-02-10 12:03 | INFO | Query 39 Active Learning Runtime on Test Set: 49631.92
2025-02-10 12:03 | INFO | Query 39 Active Learning Instance Cost: 254018.99
2025-02-10 12:03 | INFO | Timeout limit is increased to 3300
2025-02-10 12:03 | INFO | Query 40 Size of the uncertainty table is = 843/1201
2025-02-10 12:03 | INFO | Query 40 Size of the filtered table is = 13
2025-02-10 12:03 | INFO | Training Time Active Learning Classifier: 0.1 seconds
2025-02-10 12:03 | INFO | Training Time Active Learning Regressor: 0.25 seconds
2025-02-10 12:03 | INFO | Query 40 Active Learning Runtime on Validation Set: 138363.68
2025-02-10 12:03 | INFO | Query 40 Active Learning Runtime on Test Set: 49631.93
2025-02-10 12:03 | INFO | Query 40 Active Learning Instance Cost: 258115.17
2025-02-10 12:03 | INFO | Timeout limit is increased to 3400
2025-02-10 12:03 | INFO | Query 41 Size of the uncertainty table is = 832/1201
2025-02-10 12:03 | INFO | Query 41 Size of the filtered table is = 13
2025-02-10 12:03 | INFO | Training Time Active Learning Classifier: 0.1 seconds
2025-02-10 12:03 | INFO | Training Time Active Learning Regressor: 0.25 seconds
2025-02-10 12:03 | INFO | Query 41 Active Learning Runtime on Validation Set: 99763.76
2025-02-10 12:03 | INFO | Query 41 Active Learning Runtime on Test Set: 49632.1
2025-02-10 12:03 | INFO | Query 41 Active Learning Instance Cost: 265880.81
2025-02-10 12:03 | INFO | Query 42 Size of the uncertainty table is = 821/1201
2025-02-10 12:03 | INFO | Query 42 Size of the filtered table is = 13
2025-02-10 12:03 | INFO | Training Time Active Learning Classifier: 0.1 seconds
2025-02-10 12:03 | INFO | Training Time Active Learning Regressor: 0.25 seconds
2025-02-10 12:03 | INFO | Query 42 Active Learning Runtime on Validation Set: 99763.76
2025-02-10 12:03 | INFO | Query 42 Active Learning Runtime on Test Set: 49632.1
2025-02-10 12:03 | INFO | Query 42 Active Learning Instance Cost: 268207.63
2025-02-10 12:03 | INFO | Timeout limit is increased to 3500
2025-02-10 12:03 | INFO | Query 43 Size of the uncertainty table is = 812/1201
2025-02-10 12:03 | INFO | Query 43 Size of the filtered table is = 13
2025-02-10 12:03 | INFO | Training Time Active Learning Classifier: 0.11 seconds
2025-02-10 12:03 | INFO | Training Time Active Learning Regressor: 0.26 seconds
2025-02-10 12:03 | INFO | Query 43 Active Learning Runtime on Validation Set: 174677.09
2025-02-10 12:03 | INFO | Query 43 Active Learning Runtime on Test Set: 49619.82
2025-02-10 12:03 | INFO | Query 43 Active Learning Instance Cost: 268752.99
2025-02-10 12:03 | INFO | Timeout limit is increased to 3600
2025-02-10 12:03 | INFO | Query 44 Size of the uncertainty table is = 801/1201
2025-02-10 12:03 | INFO | Query 44 Size of the filtered table is = 13
2025-02-10 12:03 | INFO | Training Time Active Learning Classifier: 0.11 seconds
2025-02-10 12:03 | INFO | Training Time Active Learning Regressor: 0.26 seconds
2025-02-10 12:03 | INFO | Query 44 Active Learning Runtime on Validation Set: 99763.76
2025-02-10 12:03 | INFO | Query 44 Active Learning Runtime on Test Set: 49635.85
2025-02-10 12:03 | INFO | Query 44 Active Learning Instance Cost: 269554.7
2025-02-10 12:03 | INFO | Query 45 Size of the uncertainty table is = 788/1201
2025-02-10 12:03 | INFO | Query 45 Size of the filtered table is = 13
2025-02-10 12:03 | INFO | Training Time Active Learning Classifier: 0.11 seconds
2025-02-10 12:03 | INFO | Training Time Active Learning Regressor: 0.27 seconds
2025-02-10 12:03 | INFO | Query 45 Active Learning Runtime on Validation Set: 99763.76
2025-02-10 12:03 | INFO | Query 45 Active Learning Runtime on Test Set: 49620.03
2025-02-10 12:03 | INFO | Query 45 Active Learning Instance Cost: 269559.57
2025-02-10 12:03 | INFO | Timeout limit is increased to 3600
2025-02-10 12:03 | INFO | Query 46 Size of the uncertainty table is = 775/1201
2025-02-10 12:03 | INFO | Query 46 Size of the filtered table is = 13
2025-02-10 12:03 | INFO | Training Time Active Learning Classifier: 0.11 seconds
2025-02-10 12:03 | INFO | Training Time Active Learning Regressor: 0.28 seconds
2025-02-10 12:03 | INFO | Query 46 Active Learning Runtime on Validation Set: 99763.76
2025-02-10 12:03 | INFO | Query 46 Active Learning Runtime on Test Set: 49631.93
2025-02-10 12:03 | INFO | Query 46 Active Learning Instance Cost: 276775.15
2025-02-10 12:03 | INFO | Timeout limit is increased to 3600
2025-02-10 12:03 | INFO | Query 47 Size of the uncertainty table is = 762/1201
2025-02-10 12:03 | INFO | Query 47 Size of the filtered table is = 13
2025-02-10 12:03 | INFO | Training Time Active Learning Classifier: 0.11 seconds
2025-02-10 12:03 | INFO | Training Time Active Learning Regressor: 0.29 seconds
2025-02-10 12:03 | INFO | Query 47 Active Learning Runtime on Validation Set: 99763.76
2025-02-10 12:03 | INFO | Query 47 Active Learning Runtime on Test Set: 49754.31
2025-02-10 12:03 | INFO | Query 47 Active Learning Instance Cost: 288746.03
2025-02-10 12:03 | INFO | Timeout limit is increased to 3600
2025-02-10 12:03 | INFO | Query 48 Size of the uncertainty table is = 749/1201
2025-02-10 12:03 | INFO | Query 48 Size of the filtered table is = 13
2025-02-10 12:03 | INFO | Training Time Active Learning Classifier: 0.12 seconds
2025-02-10 12:03 | INFO | Training Time Active Learning Regressor: 0.29 seconds
2025-02-10 12:03 | INFO | Query 48 Active Learning Runtime on Validation Set: 99763.76
2025-02-10 12:03 | INFO | Query 48 Active Learning Runtime on Test Set: 49755.75
2025-02-10 12:03 | INFO | Query 48 Active Learning Instance Cost: 293265.02
2025-02-10 12:03 | INFO | Timeout limit is increased to 3600
2025-02-10 12:03 | INFO | Query 49 Size of the uncertainty table is = 736/1201
2025-02-10 12:03 | INFO | Query 49 Size of the filtered table is = 13
2025-02-10 12:03 | INFO | Training Time Active Learning Classifier: 0.12 seconds
2025-02-10 12:03 | INFO | Training Time Active Learning Regressor: 0.3 seconds
2025-02-10 12:03 | INFO | Query 49 Active Learning Runtime on Validation Set: 99763.76
2025-02-10 12:03 | INFO | Query 49 Active Learning Runtime on Test Set: 49771.5
2025-02-10 12:03 | INFO | Query 49 Active Learning Instance Cost: 293270.52
2025-02-10 12:03 | INFO | Timeout limit is increased to 3600
2025-02-10 12:03 | INFO | Query 50 Size of the uncertainty table is = 723/1201
2025-02-10 12:03 | INFO | Query 50 Size of the filtered table is = 13
2025-02-10 12:03 | INFO | Training Time Active Learning Classifier: 0.12 seconds
2025-02-10 12:03 | INFO | Training Time Active Learning Regressor: 0.31 seconds
2025-02-10 12:03 | INFO | Query 50 Active Learning Runtime on Validation Set: 99763.76
2025-02-10 12:03 | INFO | Query 50 Active Learning Runtime on Test Set: 49754.07
2025-02-10 12:03 | INFO | Query 50 Active Learning Instance Cost: 296488.44
2025-02-10 12:03 | INFO | Timeout limit is increased to 3600
2025-02-10 12:03 | INFO | Query 51 Size of the uncertainty table is = 710/1201
2025-02-10 12:03 | INFO | Query 51 Size of the filtered table is = 13
2025-02-10 12:03 | INFO | Training Time Active Learning Classifier: 0.13 seconds
2025-02-10 12:03 | INFO | Training Time Active Learning Regressor: 0.32 seconds
2025-02-10 12:03 | INFO | Query 51 Active Learning Runtime on Validation Set: 99763.76
2025-02-10 12:03 | INFO | Query 51 Active Learning Runtime on Test Set: 49754.0
2025-02-10 12:03 | INFO | Query 51 Active Learning Instance Cost: 298333.6
2025-02-10 12:03 | INFO | Timeout limit is increased to 3600
2025-02-10 12:03 | INFO | Query 52 Size of the uncertainty table is = 697/1201
2025-02-10 12:03 | INFO | Query 52 Size of the filtered table is = 13
2025-02-10 12:03 | INFO | Training Time Active Learning Classifier: 0.13 seconds
2025-02-10 12:03 | INFO | Training Time Active Learning Regressor: 0.32 seconds
2025-02-10 12:03 | INFO | Query 52 Active Learning Runtime on Validation Set: 99763.76
2025-02-10 12:03 | INFO | Query 52 Active Learning Runtime on Test Set: 49753.96
2025-02-10 12:03 | INFO | Query 52 Active Learning Instance Cost: 298478.3
2025-02-10 12:03 | INFO | Timeout limit is increased to 3600
2025-02-10 12:03 | INFO | Query 53 Size of the uncertainty table is = 684/1201
2025-02-10 12:03 | INFO | Query 53 Size of the filtered table is = 13
2025-02-10 12:03 | INFO | Training Time Active Learning Classifier: 0.13 seconds
2025-02-10 12:03 | INFO | Training Time Active Learning Regressor: 0.33 seconds
2025-02-10 12:03 | INFO | Query 53 Active Learning Runtime on Validation Set: 99763.76
2025-02-10 12:03 | INFO | Query 53 Active Learning Runtime on Test Set: 49753.95
2025-02-10 12:03 | INFO | Query 53 Active Learning Instance Cost: 298589.63
2025-02-10 12:03 | INFO | Timeout limit is increased to 3600
2025-02-10 12:03 | INFO | Query 54 Size of the uncertainty table is = 671/1201
2025-02-10 12:03 | INFO | Query 54 Size of the filtered table is = 13
2025-02-10 12:03 | INFO | Training Time Active Learning Classifier: 0.13 seconds
2025-02-10 12:03 | INFO | Training Time Active Learning Regressor: 0.34 seconds
2025-02-10 12:03 | INFO | Query 54 Active Learning Runtime on Validation Set: 99763.76
2025-02-10 12:03 | INFO | Query 54 Active Learning Runtime on Test Set: 49769.61
2025-02-10 12:03 | INFO | Query 54 Active Learning Instance Cost: 306968.91
2025-02-10 12:03 | INFO | Timeout limit is increased to 3600
2025-02-10 12:03 | INFO | Query 55 Size of the uncertainty table is = 658/1201
2025-02-10 12:03 | INFO | Query 55 Size of the filtered table is = 13
2025-02-10 12:03 | INFO | Training Time Active Learning Classifier: 0.13 seconds
2025-02-10 12:03 | INFO | Training Time Active Learning Regressor: 0.35 seconds
2025-02-10 12:03 | INFO | Query 55 Active Learning Runtime on Validation Set: 99763.76
2025-02-10 12:03 | INFO | Query 55 Active Learning Runtime on Test Set: 49769.78
2025-02-10 12:03 | INFO | Query 55 Active Learning Instance Cost: 307049.33
2025-02-10 12:03 | INFO | Timeout limit is increased to 3600
2025-02-10 12:03 | INFO | Query 56 Size of the uncertainty table is = 645/1201
2025-02-10 12:03 | INFO | Query 56 Size of the filtered table is = 13
2025-02-10 12:03 | INFO | Training Time Active Learning Classifier: 0.14 seconds
2025-02-10 12:03 | INFO | Training Time Active Learning Regressor: 0.36 seconds
2025-02-10 12:03 | INFO | Query 56 Active Learning Runtime on Validation Set: 99763.76
2025-02-10 12:03 | INFO | Query 56 Active Learning Runtime on Test Set: 49754.12
2025-02-10 12:03 | INFO | Query 56 Active Learning Instance Cost: 307066.66
2025-02-10 12:03 | INFO | Timeout limit is increased to 3600
2025-02-10 12:03 | INFO | Query 57 Size of the uncertainty table is = 632/1201
2025-02-10 12:03 | INFO | Query 57 Size of the filtered table is = 13
2025-02-10 12:03 | INFO | Training Time Active Learning Classifier: 0.14 seconds
2025-02-10 12:03 | INFO | Training Time Active Learning Regressor: 0.37 seconds
2025-02-10 12:03 | INFO | Query 57 Active Learning Runtime on Validation Set: 99763.76
2025-02-10 12:03 | INFO | Query 57 Active Learning Runtime on Test Set: 49769.78
2025-02-10 12:03 | INFO | Query 57 Active Learning Instance Cost: 307122.57
2025-02-10 12:03 | INFO | Timeout limit is increased to 3600
2025-02-10 12:03 | INFO | Query 58 Size of the uncertainty table is = 619/1201
2025-02-10 12:03 | INFO | Query 58 Size of the filtered table is = 13
2025-02-10 12:03 | INFO | Training Time Active Learning Classifier: 0.15 seconds
2025-02-10 12:03 | INFO | Training Time Active Learning Regressor: 0.37 seconds
2025-02-10 12:03 | INFO | Query 58 Active Learning Runtime on Validation Set: 99763.76
2025-02-10 12:03 | INFO | Query 58 Active Learning Runtime on Test Set: 49754.19
2025-02-10 12:03 | INFO | Query 58 Active Learning Instance Cost: 307127.43
2025-02-10 12:03 | INFO | Timeout limit is increased to 3600
2025-02-10 12:03 | INFO | Query 59 Size of the uncertainty table is = 606/1201
2025-02-10 12:03 | INFO | Query 59 Size of the filtered table is = 13
2025-02-10 12:03 | INFO | Training Time Active Learning Classifier: 0.15 seconds
2025-02-10 12:03 | INFO | Training Time Active Learning Regressor: 0.38 seconds
2025-02-10 12:03 | INFO | Query 59 Active Learning Runtime on Validation Set: 99763.76
2025-02-10 12:03 | INFO | Query 59 Active Learning Runtime on Test Set: 49753.79
2025-02-10 12:03 | INFO | Query 59 Active Learning Instance Cost: 307337.12
2025-02-10 12:03 | INFO | Timeout limit is increased to 3600
2025-02-10 12:03 | INFO | Query 60 Size of the uncertainty table is = 593/1201
2025-02-10 12:03 | INFO | Query 60 Size of the filtered table is = 13
2025-02-10 12:03 | INFO | Training Time Active Learning Classifier: 0.15 seconds
2025-02-10 12:03 | INFO | Training Time Active Learning Regressor: 0.38 seconds
2025-02-10 12:03 | INFO | Query 60 Active Learning Runtime on Validation Set: 99763.76
2025-02-10 12:03 | INFO | Query 60 Active Learning Runtime on Test Set: 49754.17
2025-02-10 12:03 | INFO | Query 60 Active Learning Instance Cost: 307393.97
2025-02-10 12:03 | INFO | Timeout limit is increased to 3600
2025-02-10 12:04 | INFO | Query 61 Size of the uncertainty table is = 580/1201
2025-02-10 12:04 | INFO | Query 61 Size of the filtered table is = 13
2025-02-10 12:04 | INFO | Training Time Active Learning Classifier: 0.15 seconds
2025-02-10 12:04 | INFO | Training Time Active Learning Regressor: 0.4 seconds
2025-02-10 12:04 | INFO | Query 61 Active Learning Runtime on Validation Set: 99763.76
2025-02-10 12:04 | INFO | Query 61 Active Learning Runtime on Test Set: 49743.59
2025-02-10 12:04 | INFO | Query 61 Active Learning Instance Cost: 308750.05
2025-02-10 12:04 | INFO | Timeout limit is increased to 3600
2025-02-10 12:04 | INFO | Query 62 Size of the uncertainty table is = 567/1201
2025-02-10 12:04 | INFO | Query 62 Size of the filtered table is = 13
2025-02-10 12:04 | INFO | Training Time Active Learning Classifier: 0.15 seconds
2025-02-10 12:04 | INFO | Training Time Active Learning Regressor: 0.4 seconds
2025-02-10 12:04 | INFO | Query 62 Active Learning Runtime on Validation Set: 99763.76
2025-02-10 12:04 | INFO | Query 62 Active Learning Runtime on Test Set: 49769.74
2025-02-10 12:04 | INFO | Query 62 Active Learning Instance Cost: 311131.54
2025-02-10 12:04 | INFO | Timeout limit is increased to 3600
2025-02-10 12:04 | INFO | Query 63 Size of the uncertainty table is = 554/1201
2025-02-10 12:04 | INFO | Query 63 Size of the filtered table is = 13
2025-02-10 12:04 | INFO | Training Time Active Learning Classifier: 0.15 seconds
2025-02-10 12:04 | INFO | Training Time Active Learning Regressor: 0.41 seconds
2025-02-10 12:04 | INFO | Query 63 Active Learning Runtime on Validation Set: 99763.76
2025-02-10 12:04 | INFO | Query 63 Active Learning Runtime on Test Set: 49743.65
2025-02-10 12:04 | INFO | Query 63 Active Learning Instance Cost: 311424.1
2025-02-10 12:04 | INFO | Timeout limit is increased to 3600
2025-02-10 12:04 | INFO | Query 64 Size of the uncertainty table is = 541/1201
2025-02-10 12:04 | INFO | Query 64 Size of the filtered table is = 13
2025-02-10 12:04 | INFO | Training Time Active Learning Classifier: 0.15 seconds
2025-02-10 12:04 | INFO | Training Time Active Learning Regressor: 0.42 seconds
2025-02-10 12:04 | INFO | Query 64 Active Learning Runtime on Validation Set: 99763.76
2025-02-10 12:04 | INFO | Query 64 Active Learning Runtime on Test Set: 49753.97
2025-02-10 12:04 | INFO | Query 64 Active Learning Instance Cost: 311442.0
2025-02-10 12:04 | INFO | Timeout limit is increased to 3600
2025-02-10 12:04 | INFO | Query 65 Size of the uncertainty table is = 528/1201
2025-02-10 12:04 | INFO | Query 65 Size of the filtered table is = 13
2025-02-10 12:04 | INFO | Training Time Active Learning Classifier: 0.15 seconds
2025-02-10 12:04 | INFO | Training Time Active Learning Regressor: 0.43 seconds
2025-02-10 12:04 | INFO | Query 65 Active Learning Runtime on Validation Set: 99763.76
2025-02-10 12:04 | INFO | Query 65 Active Learning Runtime on Test Set: 49769.78
2025-02-10 12:04 | INFO | Query 65 Active Learning Instance Cost: 311448.14
2025-02-10 12:04 | INFO | Timeout limit is increased to 3600
2025-02-10 12:04 | INFO | Query 66 Size of the uncertainty table is = 515/1201
2025-02-10 12:04 | INFO | Query 66 Size of the filtered table is = 13
2025-02-10 12:04 | INFO | Training Time Active Learning Classifier: 0.15 seconds
2025-02-10 12:04 | INFO | Training Time Active Learning Regressor: 0.49 seconds
2025-02-10 12:04 | INFO | Query 66 Active Learning Runtime on Validation Set: 99763.76
2025-02-10 12:04 | INFO | Query 66 Active Learning Runtime on Test Set: 49754.25
2025-02-10 12:04 | INFO | Query 66 Active Learning Instance Cost: 311952.64
2025-02-10 12:04 | INFO | Timeout limit is increased to 3600
2025-02-10 12:04 | INFO | Query 67 Size of the uncertainty table is = 502/1201
2025-02-10 12:04 | INFO | Query 67 Size of the filtered table is = 13
2025-02-10 12:04 | INFO | Training Time Active Learning Classifier: 0.16 seconds
2025-02-10 12:04 | INFO | Training Time Active Learning Regressor: 0.44 seconds
2025-02-10 12:04 | INFO | Query 67 Active Learning Runtime on Validation Set: 99763.76
2025-02-10 12:04 | INFO | Query 67 Active Learning Runtime on Test Set: 49754.03
2025-02-10 12:04 | INFO | Query 67 Active Learning Instance Cost: 313788.72
2025-02-10 12:04 | INFO | Timeout limit is increased to 3600
2025-02-10 12:04 | INFO | Query 68 Size of the uncertainty table is = 489/1201
2025-02-10 12:04 | INFO | Query 68 Size of the filtered table is = 13
2025-02-10 12:04 | INFO | Training Time Active Learning Classifier: 0.16 seconds
2025-02-10 12:04 | INFO | Training Time Active Learning Regressor: 0.46 seconds
2025-02-10 12:04 | INFO | Query 68 Active Learning Runtime on Validation Set: 99763.76
2025-02-10 12:04 | INFO | Query 68 Active Learning Runtime on Test Set: 49743.7
2025-02-10 12:04 | INFO | Query 68 Active Learning Instance Cost: 313886.3
2025-02-10 12:04 | INFO | Timeout limit is increased to 3600
2025-02-10 12:04 | INFO | Query 69 Size of the uncertainty table is = 476/1201
2025-02-10 12:04 | INFO | Query 69 Size of the filtered table is = 13
2025-02-10 12:04 | INFO | Training Time Active Learning Classifier: 0.16 seconds
2025-02-10 12:04 | INFO | Training Time Active Learning Regressor: 0.46 seconds
2025-02-10 12:04 | INFO | Query 69 Active Learning Runtime on Validation Set: 99763.76
2025-02-10 12:04 | INFO | Query 69 Active Learning Runtime on Test Set: 49744.2
2025-02-10 12:04 | INFO | Query 69 Active Learning Instance Cost: 313888.95
2025-02-10 12:04 | INFO | Timeout limit is increased to 3600
2025-02-10 12:04 | INFO | Query 70 Size of the uncertainty table is = 463/1201
2025-02-10 12:04 | INFO | Query 70 Size of the filtered table is = 13
2025-02-10 12:04 | INFO | Training Time Active Learning Classifier: 0.17 seconds
2025-02-10 12:04 | INFO | Training Time Active Learning Regressor: 0.48 seconds
2025-02-10 12:04 | INFO | Query 70 Active Learning Runtime on Validation Set: 99763.76
2025-02-10 12:04 | INFO | Query 70 Active Learning Runtime on Test Set: 49744.36
2025-02-10 12:04 | INFO | Query 70 Active Learning Instance Cost: 313990.38
2025-02-10 12:04 | INFO | Timeout limit is increased to 3600
2025-02-10 12:04 | INFO | Query 71 Size of the uncertainty table is = 450/1201
2025-02-10 12:04 | INFO | Query 71 Size of the filtered table is = 13
2025-02-10 12:04 | INFO | Training Time Active Learning Classifier: 0.17 seconds
2025-02-10 12:04 | INFO | Training Time Active Learning Regressor: 0.48 seconds
2025-02-10 12:04 | INFO | Query 71 Active Learning Runtime on Validation Set: 99763.76
2025-02-10 12:04 | INFO | Query 71 Active Learning Runtime on Test Set: 49744.38
2025-02-10 12:04 | INFO | Query 71 Active Learning Instance Cost: 313997.51
2025-02-10 12:04 | INFO | Timeout limit is increased to 3600
2025-02-10 12:04 | INFO | Query 72 Size of the uncertainty table is = 437/1201
2025-02-10 12:04 | INFO | Query 72 Size of the filtered table is = 13
2025-02-10 12:04 | INFO | Training Time Active Learning Classifier: 0.18 seconds
2025-02-10 12:04 | INFO | Training Time Active Learning Regressor: 0.49 seconds
2025-02-10 12:04 | INFO | Query 72 Active Learning Runtime on Validation Set: 99763.76
2025-02-10 12:04 | INFO | Query 72 Active Learning Runtime on Test Set: 49759.84
2025-02-10 12:04 | INFO | Query 72 Active Learning Instance Cost: 314001.33
2025-02-10 12:04 | INFO | Timeout limit is increased to 3600
2025-02-10 12:04 | INFO | Query 73 Size of the uncertainty table is = 424/1201
2025-02-10 12:04 | INFO | Query 73 Size of the filtered table is = 13
2025-02-10 12:04 | INFO | Training Time Active Learning Classifier: 0.18 seconds
2025-02-10 12:04 | INFO | Training Time Active Learning Regressor: 0.51 seconds
2025-02-10 12:04 | INFO | Query 73 Active Learning Runtime on Validation Set: 99763.76
2025-02-10 12:04 | INFO | Query 73 Active Learning Runtime on Test Set: 49731.6
2025-02-10 12:04 | INFO | Query 73 Active Learning Instance Cost: 314153.65
2025-02-10 12:04 | INFO | Timeout limit is increased to 3600
2025-02-10 12:04 | INFO | Query 74 Size of the uncertainty table is = 411/1201
2025-02-10 12:04 | INFO | Query 74 Size of the filtered table is = 13
2025-02-10 12:04 | INFO | Training Time Active Learning Classifier: 0.18 seconds
2025-02-10 12:04 | INFO | Training Time Active Learning Regressor: 0.51 seconds
2025-02-10 12:04 | INFO | Query 74 Active Learning Runtime on Validation Set: 99763.76
2025-02-10 12:04 | INFO | Query 74 Active Learning Runtime on Test Set: 49731.38
2025-02-10 12:04 | INFO | Query 74 Active Learning Instance Cost: 314160.65
2025-02-10 12:04 | INFO | Timeout limit is increased to 3600
2025-02-10 12:04 | INFO | Query 75 Size of the uncertainty table is = 398/1201
2025-02-10 12:04 | INFO | Query 75 Size of the filtered table is = 13
2025-02-10 12:04 | INFO | Training Time Active Learning Classifier: 0.18 seconds
2025-02-10 12:04 | INFO | Training Time Active Learning Regressor: 0.51 seconds
2025-02-10 12:04 | INFO | Query 75 Active Learning Runtime on Validation Set: 99763.76
2025-02-10 12:04 | INFO | Query 75 Active Learning Runtime on Test Set: 49732.01
2025-02-10 12:04 | INFO | Query 75 Active Learning Instance Cost: 314179.76
2025-02-10 12:04 | INFO | Timeout limit is increased to 3600
2025-02-10 12:04 | INFO | Query 76 Size of the uncertainty table is = 385/1201
2025-02-10 12:04 | INFO | Query 76 Size of the filtered table is = 13
2025-02-10 12:04 | INFO | Training Time Active Learning Classifier: 0.19 seconds
2025-02-10 12:04 | INFO | Training Time Active Learning Regressor: 0.52 seconds
2025-02-10 12:04 | INFO | Query 76 Active Learning Runtime on Validation Set: 99763.76
2025-02-10 12:04 | INFO | Query 76 Active Learning Runtime on Test Set: 49747.68
2025-02-10 12:04 | INFO | Query 76 Active Learning Instance Cost: 314369.39
2025-02-10 12:04 | INFO | Timeout limit is increased to 3600
2025-02-10 12:04 | INFO | Query 77 Size of the uncertainty table is = 372/1201
2025-02-10 12:04 | INFO | Query 77 Size of the filtered table is = 13
2025-02-10 12:04 | INFO | Training Time Active Learning Classifier: 0.19 seconds
2025-02-10 12:04 | INFO | Training Time Active Learning Regressor: 0.53 seconds
2025-02-10 12:04 | INFO | Query 77 Active Learning Runtime on Validation Set: 99763.76
2025-02-10 12:04 | INFO | Query 77 Active Learning Runtime on Test Set: 49732.0
2025-02-10 12:04 | INFO | Query 77 Active Learning Instance Cost: 314377.98
2025-02-10 12:04 | INFO | Timeout limit is increased to 3600
2025-02-10 12:04 | INFO | Query 78 Size of the uncertainty table is = 359/1201
2025-02-10 12:04 | INFO | Query 78 Size of the filtered table is = 13
2025-02-10 12:04 | INFO | Training Time Active Learning Classifier: 0.19 seconds
2025-02-10 12:04 | INFO | Training Time Active Learning Regressor: 0.53 seconds
2025-02-10 12:04 | INFO | Query 78 Active Learning Runtime on Validation Set: 99763.76
2025-02-10 12:04 | INFO | Query 78 Active Learning Runtime on Test Set: 49732.02
2025-02-10 12:04 | INFO | Query 78 Active Learning Instance Cost: 314404.2
2025-02-10 12:04 | INFO | Timeout limit is increased to 3600
2025-02-10 12:04 | INFO | Query 79 Size of the uncertainty table is = 346/1201
2025-02-10 12:04 | INFO | Query 79 Size of the filtered table is = 13
2025-02-10 12:04 | INFO | Training Time Active Learning Classifier: 0.19 seconds
2025-02-10 12:04 | INFO | Training Time Active Learning Regressor: 0.54 seconds
2025-02-10 12:04 | INFO | Query 79 Active Learning Runtime on Validation Set: 99763.76
2025-02-10 12:04 | INFO | Query 79 Active Learning Runtime on Test Set: 49731.34
2025-02-10 12:04 | INFO | Query 79 Active Learning Instance Cost: 314415.11
2025-02-10 12:04 | INFO | Timeout limit is increased to 3600
2025-02-10 12:04 | INFO | Query 80 Size of the uncertainty table is = 333/1201
2025-02-10 12:04 | INFO | Query 80 Size of the filtered table is = 13
2025-02-10 12:04 | INFO | Training Time Active Learning Classifier: 0.19 seconds
2025-02-10 12:04 | INFO | Training Time Active Learning Regressor: 0.56 seconds
2025-02-10 12:04 | INFO | Query 80 Active Learning Runtime on Validation Set: 99763.76
2025-02-10 12:04 | INFO | Query 80 Active Learning Runtime on Test Set: 49731.6
2025-02-10 12:04 | INFO | Query 80 Active Learning Instance Cost: 314421.1
2025-02-10 12:04 | INFO | Timeout limit is increased to 3600
2025-02-10 12:04 | INFO | Query 81 Size of the uncertainty table is = 320/1201
2025-02-10 12:04 | INFO | Query 81 Size of the filtered table is = 13
2025-02-10 12:04 | INFO | Training Time Active Learning Classifier: 0.2 seconds
2025-02-10 12:04 | INFO | Training Time Active Learning Regressor: 0.56 seconds
2025-02-10 12:04 | INFO | Query 81 Active Learning Runtime on Validation Set: 99763.76
2025-02-10 12:04 | INFO | Query 81 Active Learning Runtime on Test Set: 49747.22
2025-02-10 12:04 | INFO | Query 81 Active Learning Instance Cost: 314427.16
2025-02-10 12:04 | INFO | Timeout limit is increased to 3600
2025-02-10 12:04 | INFO | Query 82 Size of the uncertainty table is = 307/1201
2025-02-10 12:04 | INFO | Query 82 Size of the filtered table is = 13
2025-02-10 12:04 | INFO | Training Time Active Learning Classifier: 0.2 seconds
2025-02-10 12:04 | INFO | Training Time Active Learning Regressor: 0.57 seconds
2025-02-10 12:04 | INFO | Query 82 Active Learning Runtime on Validation Set: 99763.76
2025-02-10 12:04 | INFO | Query 82 Active Learning Runtime on Test Set: 49747.21
2025-02-10 12:04 | INFO | Query 82 Active Learning Instance Cost: 314432.61
2025-02-10 12:04 | INFO | Timeout limit is increased to 3600
2025-02-10 12:04 | INFO | Query 83 Size of the uncertainty table is = 294/1201
2025-02-10 12:04 | INFO | Query 83 Size of the filtered table is = 13
2025-02-10 12:04 | INFO | Training Time Active Learning Classifier: 0.2 seconds
2025-02-10 12:04 | INFO | Training Time Active Learning Regressor: 0.64 seconds
2025-02-10 12:04 | INFO | Query 83 Active Learning Runtime on Validation Set: 99763.76
2025-02-10 12:04 | INFO | Query 83 Active Learning Runtime on Test Set: 49731.55
2025-02-10 12:04 | INFO | Query 83 Active Learning Instance Cost: 314450.57
2025-02-10 12:04 | INFO | Timeout limit is increased to 3600
2025-02-10 12:04 | INFO | Query 84 Size of the uncertainty table is = 281/1201
2025-02-10 12:04 | INFO | Query 84 Size of the filtered table is = 13
2025-02-10 12:04 | INFO | Training Time Active Learning Classifier: 0.21 seconds
2025-02-10 12:04 | INFO | Training Time Active Learning Regressor: 0.59 seconds
2025-02-10 12:04 | INFO | Query 84 Active Learning Runtime on Validation Set: 99763.76
2025-02-10 12:04 | INFO | Query 84 Active Learning Runtime on Test Set: 49731.32
2025-02-10 12:04 | INFO | Query 84 Active Learning Instance Cost: 314459.6
2025-02-10 12:04 | INFO | Timeout limit is increased to 3600
2025-02-10 12:04 | INFO | Query 85 Size of the uncertainty table is = 268/1201
2025-02-10 12:04 | INFO | Query 85 Size of the filtered table is = 13
2025-02-10 12:04 | INFO | Training Time Active Learning Classifier: 0.21 seconds
2025-02-10 12:04 | INFO | Training Time Active Learning Regressor: 0.59 seconds
2025-02-10 12:04 | INFO | Query 85 Active Learning Runtime on Validation Set: 99763.76
2025-02-10 12:04 | INFO | Query 85 Active Learning Runtime on Test Set: 49747.73
2025-02-10 12:04 | INFO | Query 85 Active Learning Instance Cost: 314469.19
2025-02-10 12:04 | INFO | Timeout limit is increased to 3600
2025-02-10 12:04 | INFO | Query 86 Size of the uncertainty table is = 255/1201
2025-02-10 12:04 | INFO | Query 86 Size of the filtered table is = 13
2025-02-10 12:04 | INFO | Training Time Active Learning Classifier: 0.21 seconds
2025-02-10 12:04 | INFO | Training Time Active Learning Regressor: 0.6 seconds
2025-02-10 12:04 | INFO | Query 86 Active Learning Runtime on Validation Set: 99763.76
2025-02-10 12:04 | INFO | Query 86 Active Learning Runtime on Test Set: 49747.21
2025-02-10 12:04 | INFO | Query 86 Active Learning Instance Cost: 314483.57
2025-02-10 12:04 | INFO | Timeout limit is increased to 3600
2025-02-10 12:04 | INFO | Query 87 Size of the uncertainty table is = 242/1201
2025-02-10 12:04 | INFO | Query 87 Size of the filtered table is = 13
2025-02-10 12:04 | INFO | Training Time Active Learning Classifier: 0.22 seconds
2025-02-10 12:04 | INFO | Training Time Active Learning Regressor: 0.61 seconds
2025-02-10 12:05 | INFO | Query 87 Active Learning Runtime on Validation Set: 99763.76
2025-02-10 12:05 | INFO | Query 87 Active Learning Runtime on Test Set: 49731.28
2025-02-10 12:05 | INFO | Query 87 Active Learning Instance Cost: 314495.01
2025-02-10 12:05 | INFO | Timeout limit is increased to 3600
2025-02-10 12:05 | INFO | Query 88 Size of the uncertainty table is = 229/1201
2025-02-10 12:05 | INFO | Query 88 Size of the filtered table is = 13
2025-02-10 12:05 | INFO | Training Time Active Learning Classifier: 0.22 seconds
2025-02-10 12:05 | INFO | Training Time Active Learning Regressor: 0.62 seconds
2025-02-10 12:05 | INFO | Query 88 Active Learning Runtime on Validation Set: 99763.76
2025-02-10 12:05 | INFO | Query 88 Active Learning Runtime on Test Set: 49731.1
2025-02-10 12:05 | INFO | Query 88 Active Learning Instance Cost: 314505.06
2025-02-10 12:05 | INFO | Timeout limit is increased to 3600
2025-02-10 12:05 | INFO | Query 89 Size of the uncertainty table is = 216/1201
2025-02-10 12:05 | INFO | Query 89 Size of the filtered table is = 13
2025-02-10 12:05 | INFO | Training Time Active Learning Classifier: 0.22 seconds
2025-02-10 12:05 | INFO | Training Time Active Learning Regressor: 0.63 seconds
2025-02-10 12:05 | INFO | Query 89 Active Learning Runtime on Validation Set: 99763.76
2025-02-10 12:05 | INFO | Query 89 Active Learning Runtime on Test Set: 49731.19
2025-02-10 12:05 | INFO | Query 89 Active Learning Instance Cost: 314517.32
2025-02-10 12:05 | INFO | Timeout limit is increased to 3600
2025-02-10 12:05 | INFO | Query 90 Size of the uncertainty table is = 203/1201
2025-02-10 12:05 | INFO | Query 90 Size of the filtered table is = 13
2025-02-10 12:05 | INFO | Training Time Active Learning Classifier: 0.22 seconds
2025-02-10 12:05 | INFO | Training Time Active Learning Regressor: 0.64 seconds
2025-02-10 12:05 | INFO | Query 90 Active Learning Runtime on Validation Set: 99763.76
2025-02-10 12:05 | INFO | Query 90 Active Learning Runtime on Test Set: 49746.75
2025-02-10 12:05 | INFO | Query 90 Active Learning Instance Cost: 314535.0
2025-02-10 12:05 | INFO | Timeout limit is increased to 3600
2025-02-10 12:05 | INFO | Query 91 Size of the uncertainty table is = 190/1201
2025-02-10 12:05 | INFO | Query 91 Size of the filtered table is = 13
2025-02-10 12:05 | INFO | Training Time Active Learning Classifier: 0.22 seconds
2025-02-10 12:05 | INFO | Training Time Active Learning Regressor: 0.65 seconds
2025-02-10 12:05 | INFO | Query 91 Active Learning Runtime on Validation Set: 99763.76
2025-02-10 12:05 | INFO | Query 91 Active Learning Runtime on Test Set: 49732.17
2025-02-10 12:05 | INFO | Query 91 Active Learning Instance Cost: 314549.61
2025-02-10 12:05 | INFO | Timeout limit is increased to 3600
2025-02-10 12:05 | INFO | Query 92 Size of the uncertainty table is = 177/1201
2025-02-10 12:05 | INFO | Query 92 Size of the filtered table is = 13
2025-02-10 12:05 | INFO | Training Time Active Learning Classifier: 0.23 seconds
2025-02-10 12:05 | INFO | Training Time Active Learning Regressor: 0.65 seconds
2025-02-10 12:05 | INFO | Query 92 Active Learning Runtime on Validation Set: 99763.76
2025-02-10 12:05 | INFO | Query 92 Active Learning Runtime on Test Set: 49746.86
2025-02-10 12:05 | INFO | Query 92 Active Learning Instance Cost: 314564.53
2025-02-10 12:05 | INFO | Timeout limit is increased to 3600
2025-02-10 12:05 | INFO | Query 93 Size of the uncertainty table is = 164/1201
2025-02-10 12:05 | INFO | Query 93 Size of the filtered table is = 13
2025-02-10 12:05 | INFO | Training Time Active Learning Classifier: 0.23 seconds
2025-02-10 12:05 | INFO | Training Time Active Learning Regressor: 0.66 seconds
2025-02-10 12:05 | INFO | Query 93 Active Learning Runtime on Validation Set: 99763.76
2025-02-10 12:05 | INFO | Query 93 Active Learning Runtime on Test Set: 49731.05
2025-02-10 12:05 | INFO | Query 93 Active Learning Instance Cost: 314578.83
2025-02-10 12:05 | INFO | Timeout limit is increased to 3600
2025-02-10 12:05 | INFO | Query 94 Size of the uncertainty table is = 151/1201
2025-02-10 12:05 | INFO | Query 94 Size of the filtered table is = 13
2025-02-10 12:05 | INFO | Training Time Active Learning Classifier: 0.24 seconds
2025-02-10 12:05 | INFO | Training Time Active Learning Regressor: 0.67 seconds
2025-02-10 12:05 | INFO | Query 94 Active Learning Runtime on Validation Set: 99763.76
2025-02-10 12:05 | INFO | Query 94 Active Learning Runtime on Test Set: 49731.56
2025-02-10 12:05 | INFO | Query 94 Active Learning Instance Cost: 314592.73
2025-02-10 12:05 | INFO | Timeout limit is increased to 3600
2025-02-10 12:05 | INFO | Query 95 Size of the uncertainty table is = 138/1201
2025-02-10 12:05 | INFO | Query 95 Size of the filtered table is = 13
2025-02-10 12:05 | INFO | Training Time Active Learning Classifier: 0.24 seconds
2025-02-10 12:05 | INFO | Training Time Active Learning Regressor: 0.67 seconds
2025-02-10 12:05 | INFO | Query 95 Active Learning Runtime on Validation Set: 99763.76
2025-02-10 12:05 | INFO | Query 95 Active Learning Runtime on Test Set: 49731.92
2025-02-10 12:05 | INFO | Query 95 Active Learning Instance Cost: 314607.27
2025-02-10 12:05 | INFO | Timeout limit is increased to 3600
2025-02-10 12:05 | INFO | Query 96 Size of the uncertainty table is = 125/1201
2025-02-10 12:05 | INFO | Query 96 Size of the filtered table is = 13
2025-02-10 12:05 | INFO | Training Time Active Learning Classifier: 0.25 seconds
2025-02-10 12:05 | INFO | Training Time Active Learning Regressor: 0.69 seconds
2025-02-10 12:05 | INFO | Query 96 Active Learning Runtime on Validation Set: 99763.76
2025-02-10 12:05 | INFO | Query 96 Active Learning Runtime on Test Set: 49731.06
2025-02-10 12:05 | INFO | Query 96 Active Learning Instance Cost: 314622.93
2025-02-10 12:05 | INFO | Timeout limit is increased to 3600
2025-02-10 12:05 | INFO | Query 97 Size of the uncertainty table is = 112/1201
2025-02-10 12:05 | INFO | Query 97 Size of the filtered table is = 13
2025-02-10 12:05 | INFO | Training Time Active Learning Classifier: 0.25 seconds
2025-02-10 12:05 | INFO | Training Time Active Learning Regressor: 0.7 seconds
2025-02-10 12:05 | INFO | Query 97 Active Learning Runtime on Validation Set: 99763.76
2025-02-10 12:05 | INFO | Query 97 Active Learning Runtime on Test Set: 49732.09
2025-02-10 12:05 | INFO | Query 97 Active Learning Instance Cost: 314636.87
2025-02-10 12:05 | INFO | Timeout limit is increased to 3600
2025-02-10 12:05 | INFO | Query 98 Size of the uncertainty table is = 99/1201
2025-02-10 12:05 | INFO | Query 98 Size of the filtered table is = 13
2025-02-10 12:05 | INFO | Training Time Active Learning Classifier: 0.25 seconds
2025-02-10 12:05 | INFO | Training Time Active Learning Regressor: 0.69 seconds
2025-02-10 12:05 | INFO | Query 98 Active Learning Runtime on Validation Set: 99763.76
2025-02-10 12:05 | INFO | Query 98 Active Learning Runtime on Test Set: 49731.73
2025-02-10 12:05 | INFO | Query 98 Active Learning Instance Cost: 314648.53
2025-02-10 12:05 | INFO | Timeout limit is increased to 3600
2025-02-10 12:05 | INFO | Query 99 Size of the uncertainty table is = 86/1201
2025-02-10 12:05 | INFO | Query 99 Size of the filtered table is = 13
2025-02-10 12:05 | INFO | Training Time Active Learning Classifier: 0.26 seconds
2025-02-10 12:05 | INFO | Training Time Active Learning Regressor: 0.71 seconds
2025-02-10 12:05 | INFO | Query 99 Active Learning Runtime on Validation Set: 99763.76
2025-02-10 12:05 | INFO | Query 99 Active Learning Runtime on Test Set: 49730.93
2025-02-10 12:05 | INFO | Query 99 Active Learning Instance Cost: 314661.0
2025-02-10 12:05 | INFO | Timeout limit is increased to 3600
2025-02-10 12:05 | INFO | Query 100 Size of the uncertainty table is = 73/1201
2025-02-10 12:05 | INFO | Query 100 Size of the filtered table is = 13
2025-02-10 12:05 | INFO | Training Time Active Learning Classifier: 0.3 seconds
2025-02-10 12:05 | INFO | Training Time Active Learning Regressor: 0.73 seconds
2025-02-10 12:05 | INFO | Query 100 Active Learning Runtime on Validation Set: 99763.76
2025-02-10 12:05 | INFO | Query 100 Active Learning Runtime on Test Set: 49746.76
2025-02-10 12:05 | INFO | Query 100 Active Learning Instance Cost: 314671.11
2025-02-10 12:05 | INFO | Timeout limit is increased to 3600
2025-02-10 12:05 | INFO | Query 101 Size of the uncertainty table is = 60/1201
2025-02-10 12:05 | INFO | Query 101 Size of the filtered table is = 13
2025-02-10 12:05 | INFO | Training Time Active Learning Classifier: 0.26 seconds
2025-02-10 12:05 | INFO | Training Time Active Learning Regressor: 0.72 seconds
2025-02-10 12:05 | INFO | Query 101 Active Learning Runtime on Validation Set: 99763.76
2025-02-10 12:05 | INFO | Query 101 Active Learning Runtime on Test Set: 49730.95
2025-02-10 12:05 | INFO | Query 101 Active Learning Instance Cost: 314675.49
2025-02-10 12:05 | INFO | Timeout limit is increased to 3600
2025-02-10 12:05 | INFO | Query 102 Size of the uncertainty table is = 47/1201
2025-02-10 12:05 | INFO | Query 102 Size of the filtered table is = 13
2025-02-10 12:05 | INFO | Training Time Active Learning Classifier: 0.26 seconds
2025-02-10 12:05 | INFO | Training Time Active Learning Regressor: 0.74 seconds
2025-02-10 12:05 | INFO | Query 102 Active Learning Runtime on Validation Set: 99763.76
2025-02-10 12:05 | INFO | Query 102 Active Learning Runtime on Test Set: 49731.12
2025-02-10 12:05 | INFO | Query 102 Active Learning Instance Cost: 314680.77
2025-02-10 12:05 | INFO | Timeout limit is increased to 3600
2025-02-10 12:05 | INFO | Query 103 Size of the uncertainty table is = 34/1201
2025-02-10 12:05 | INFO | Query 103 Size of the filtered table is = 13
2025-02-10 12:05 | INFO | Training Time Active Learning Classifier: 0.26 seconds
2025-02-10 12:05 | INFO | Training Time Active Learning Regressor: 0.75 seconds
2025-02-10 12:05 | INFO | Query 103 Active Learning Runtime on Validation Set: 99763.76
2025-02-10 12:05 | INFO | Query 103 Active Learning Runtime on Test Set: 49731.12
2025-02-10 12:05 | INFO | Query 103 Active Learning Instance Cost: 318358.94
2025-02-10 12:05 | INFO | Timeout limit is increased to 3600
2025-02-10 12:05 | INFO | Query 104 Size of the uncertainty table is = 21/1201
2025-02-10 12:05 | INFO | Query 104 Size of the filtered table is = 13
2025-02-10 12:05 | INFO | Training Time Active Learning Classifier: 0.27 seconds
2025-02-10 12:05 | INFO | Training Time Active Learning Regressor: 0.76 seconds
2025-02-10 12:05 | INFO | Query 104 Active Learning Runtime on Validation Set: 99763.76
2025-02-10 12:05 | INFO | Query 104 Active Learning Runtime on Test Set: 49731.13
2025-02-10 12:05 | INFO | Query 104 Active Learning Instance Cost: 318361.83
2025-02-10 12:05 | INFO | Timeout limit is increased to 3600
2025-02-10 12:05 | INFO | Query 105 Size of the uncertainty table is = 8/1201
2025-02-10 12:05 | INFO | Query 105 Size of the filtered table is = 8
2025-02-10 12:05 | INFO | Training Time Active Learning Classifier: 0.27 seconds
2025-02-10 12:05 | INFO | Training Time Active Learning Regressor: 0.78 seconds
2025-02-10 12:05 | INFO | Query 105 Active Learning Runtime on Validation Set: 99763.76
2025-02-10 12:05 | INFO | Query 105 Active Learning Runtime on Test Set: 49731.13
2025-02-10 12:05 | INFO | Query 105 Active Learning Instance Cost: 318363.64
2025-02-10 12:05 | INFO | Timeout limit is increased to 3600
2025-02-10 12:05 | INFO | Active Learning Emissions: 0.002595490616666941
2025-02-10 12:05 | INFO | Active Learning Energy Consumption: 0.002823960068451318 kWh
2025-02-10 12:05 | INFO | runtime_test_score is written as json file
2025-02-10 12:05 | INFO | runtime_validation_score is written as json file
2025-02-10 12:05 | INFO | instance_cost is written as json file
2025-02-10 12:05 | INFO | Experiment is finished
