2025-02-10 11:58 | INFO | Paramaters are: {'dataset': 'CSP-2010', 'penalty': 10, 'weight': 'No_Weight', 'voting': 'Hard', 'pre_selection_size': 64, 'pre_selection_technique': 'No_pre_selection', 'feature_elimination_threshold': 20, 'imputer_strategy': 'median', 'feature_selection_technique': 'No_feature_selection', 'feature_scaling_technique': 'StandardScaler', 'priority': {'Uncertainty': 'max', 'PredDiff': 'max', 'PredCost': 'min'}, 'initial_train_size': 20, 'query_size': 1, 'timeout_predictor_usage': 'No', 'timeout_limit': 100, 'timeout_increase_rate': 100, 'penalty_type': 'Only-timeout-penalty', 'RANDOM_STATE_SEED': 99, 'n_splits': 10, 'split_number': 3, 'max_timeout': 3600, 'param_grid': {'n_estimators': 100, 'max_features': 'sqrt', 'max_depth': 2147483648, 'min_samples_split': 2, 'bootstrap': True}}
2025-02-10 11:58 | INFO | CSP-2010 is current dataset
2025-02-10 11:58 | INFO | DATASETS/CSP-2010/algorithm_runs.csv is found
2025-02-10 11:58 | INFO | DATASETS/CSP-2010/algorithm_runs.csv is finished
2025-02-10 11:58 | INFO | DATASETS/CSP-2010/feature_values.csv is found
2025-02-10 11:58 | INFO | DATASETS/CSP-2010/feature_values.csv is finished
2025-02-10 11:58 | INFO | Virtual best solver time in train = 71331.25
2025-02-10 11:58 | INFO | Single best solver list train = {'learning': 3467508.06, 'standard': 1174424.1}
2025-02-10 11:58 | INFO | Single best solver time train = standard (1174424.1)
2025-02-10 11:58 | INFO | Virtual best solver time in validation = 85772.66
2025-02-10 11:58 | INFO | Single best solver list validation = {'learning': 4890221.08, 'standard': 90257.07}
2025-02-10 11:58 | INFO | Single best solver time validation = standard (90257.07)
2025-02-10 11:58 | INFO | Virtual best solver time in test = 26329.44
2025-02-10 11:58 | INFO | Single best solver list test = {'learning': 981425.09, 'standard': 132583.24}
2025-02-10 11:58 | INFO | Single best solver time test = standard (132583.24)
2025-02-10 11:58 | INFO | Training Time Passive Learning Classifier: 0.25 seconds
2025-02-10 11:58 | INFO | Training Time Passive Learning Regressor: 0.75 seconds
2025-02-10 11:58 | INFO | Passive Learning Classifier Runtime on Validation Set: 90257.07
2025-02-10 11:58 | INFO | Passive Learning Classifier Runtime on Test Set: 97208.0
2025-02-10 11:58 | INFO | Passive Learning Instance Cost: 656732.16
2025-02-10 11:58 | INFO | Passive Learning Emissions: 2.6726290641659084e-05
2025-02-10 11:58 | INFO | Passive Learning Energy Consumption: 2.9078886691099293e-05 kWh
2025-02-10 11:58 | INFO | Training Time Active Learning Classifier: 0.06 seconds
2025-02-10 11:58 | INFO | Training Time Active Learning Regressor: 0.09 seconds
2025-02-10 11:58 | INFO | Initial Active Learning Runtime on Validation Set: 90257.01
2025-02-10 11:58 | INFO | Initial Active Learning Runtime on Test Set: 96578.44
2025-02-10 11:58 | INFO | Initial Active Learning Instance Cost: 529.44
2025-02-10 11:58 | INFO | Bin size = 12
2025-02-10 11:58 | INFO | Query 1 Size of the uncertainty table is = 1201/1200
2025-02-10 11:58 | INFO | Query 1 Size of the filtered table is = 12
2025-02-10 11:58 | INFO | Training Time Active Learning Classifier: 0.06 seconds
2025-02-10 11:58 | INFO | Training Time Active Learning Regressor: 0.1 seconds
2025-02-10 11:58 | INFO | Query 1 Active Learning Runtime on Validation Set: 866250.9
2025-02-10 11:58 | INFO | Query 1 Active Learning Runtime on Test Set: 135667.2
2025-02-10 11:58 | INFO | Query 1 Active Learning Instance Cost: 825.51
2025-02-10 11:58 | INFO | Timeout limit is increased to 200
2025-02-10 11:58 | INFO | Query 2 Size of the uncertainty table is = 1189/1200
2025-02-10 11:58 | INFO | Query 2 Size of the filtered table is = 12
2025-02-10 11:58 | INFO | Training Time Active Learning Classifier: 0.06 seconds
2025-02-10 11:58 | INFO | Training Time Active Learning Regressor: 0.1 seconds
2025-02-10 11:58 | INFO | Query 2 Active Learning Runtime on Validation Set: 90257.09
2025-02-10 11:58 | INFO | Query 2 Active Learning Runtime on Test Set: 96533.62
2025-02-10 11:58 | INFO | Query 2 Active Learning Instance Cost: 2336.25
2025-02-10 11:58 | INFO | Query 3 Size of the uncertainty table is = 1179/1200
2025-02-10 11:58 | INFO | Query 3 Size of the filtered table is = 12
2025-02-10 11:58 | INFO | Training Time Active Learning Classifier: 0.06 seconds
2025-02-10 11:58 | INFO | Training Time Active Learning Regressor: 0.11 seconds
2025-02-10 11:58 | INFO | Query 3 Active Learning Runtime on Validation Set: 90257.07
2025-02-10 11:58 | INFO | Query 3 Active Learning Runtime on Test Set: 96532.66
2025-02-10 11:58 | INFO | Query 3 Active Learning Instance Cost: 3540.71
2025-02-10 11:58 | INFO | Query 4 Size of the uncertainty table is = 1170/1200
2025-02-10 11:58 | INFO | Query 4 Size of the filtered table is = 12
2025-02-10 11:58 | INFO | Training Time Active Learning Classifier: 0.06 seconds
2025-02-10 11:58 | INFO | Training Time Active Learning Regressor: 0.11 seconds
2025-02-10 11:58 | INFO | Query 4 Active Learning Runtime on Validation Set: 90257.07
2025-02-10 11:58 | INFO | Query 4 Active Learning Runtime on Test Set: 96530.28
2025-02-10 11:58 | INFO | Query 4 Active Learning Instance Cost: 3551.22
2025-02-10 11:58 | INFO | Timeout limit is increased to 300
2025-02-10 11:58 | INFO | Query 5 Size of the uncertainty table is = 1158/1200
2025-02-10 11:58 | INFO | Query 5 Size of the filtered table is = 12
2025-02-10 11:58 | INFO | Training Time Active Learning Classifier: 0.06 seconds
2025-02-10 11:58 | INFO | Training Time Active Learning Regressor: 0.12 seconds
2025-02-10 11:58 | INFO | Query 5 Active Learning Runtime on Validation Set: 90257.07
2025-02-10 11:58 | INFO | Query 5 Active Learning Runtime on Test Set: 96530.28
2025-02-10 11:58 | INFO | Query 5 Active Learning Instance Cost: 3961.44
2025-02-10 11:58 | INFO | Timeout limit is increased to 400
2025-02-10 11:58 | INFO | Query 6 Size of the uncertainty table is = 1148/1200
2025-02-10 11:58 | INFO | Query 6 Size of the filtered table is = 12
2025-02-10 11:58 | INFO | Training Time Active Learning Classifier: 0.06 seconds
2025-02-10 11:58 | INFO | Training Time Active Learning Regressor: 0.12 seconds
2025-02-10 11:58 | INFO | Query 6 Active Learning Runtime on Validation Set: 90257.07
2025-02-10 11:58 | INFO | Query 6 Active Learning Runtime on Test Set: 96530.25
2025-02-10 11:58 | INFO | Query 6 Active Learning Instance Cost: 3968.12
2025-02-10 11:58 | INFO | Timeout limit is increased to 500
2025-02-10 11:58 | INFO | Query 7 Size of the uncertainty table is = 1136/1200
2025-02-10 11:58 | INFO | Query 7 Size of the filtered table is = 12
2025-02-10 11:58 | INFO | Training Time Active Learning Classifier: 0.06 seconds
2025-02-10 11:58 | INFO | Training Time Active Learning Regressor: 0.13 seconds
2025-02-10 11:58 | INFO | Query 7 Active Learning Runtime on Validation Set: 90257.07
2025-02-10 11:58 | INFO | Query 7 Active Learning Runtime on Test Set: 96529.58
2025-02-10 11:58 | INFO | Query 7 Active Learning Instance Cost: 3987.21
2025-02-10 11:58 | INFO | Timeout limit is increased to 600
2025-02-10 11:58 | INFO | Query 8 Size of the uncertainty table is = 1124/1200
2025-02-10 11:58 | INFO | Query 8 Size of the filtered table is = 12
2025-02-10 11:58 | INFO | Training Time Active Learning Classifier: 0.07 seconds
2025-02-10 11:58 | INFO | Training Time Active Learning Regressor: 0.13 seconds
2025-02-10 11:58 | INFO | Query 8 Active Learning Runtime on Validation Set: 90257.07
2025-02-10 11:58 | INFO | Query 8 Active Learning Runtime on Test Set: 96528.39
2025-02-10 11:58 | INFO | Query 8 Active Learning Instance Cost: 4596.83
2025-02-10 11:58 | INFO | Timeout limit is increased to 700
2025-02-10 11:58 | INFO | Query 9 Size of the uncertainty table is = 1112/1200
2025-02-10 11:58 | INFO | Query 9 Size of the filtered table is = 12
2025-02-10 11:58 | INFO | Training Time Active Learning Classifier: 0.07 seconds
2025-02-10 11:58 | INFO | Training Time Active Learning Regressor: 0.14 seconds
2025-02-10 11:58 | INFO | Query 9 Active Learning Runtime on Validation Set: 90257.07
2025-02-10 11:58 | INFO | Query 9 Active Learning Runtime on Test Set: 96528.33
2025-02-10 11:58 | INFO | Query 9 Active Learning Instance Cost: 4601.81
2025-02-10 11:58 | INFO | Timeout limit is increased to 800
2025-02-10 11:58 | INFO | Query 10 Size of the uncertainty table is = 1100/1200
2025-02-10 11:58 | INFO | Query 10 Size of the filtered table is = 12
2025-02-10 11:58 | INFO | Training Time Active Learning Classifier: 0.07 seconds
2025-02-10 11:58 | INFO | Training Time Active Learning Regressor: 0.15 seconds
2025-02-10 11:58 | INFO | Query 10 Active Learning Runtime on Validation Set: 90257.07
2025-02-10 11:58 | INFO | Query 10 Active Learning Runtime on Test Set: 96527.75
2025-02-10 11:58 | INFO | Query 10 Active Learning Instance Cost: 5563.65
2025-02-10 11:58 | INFO | Timeout limit is increased to 900
2025-02-10 11:58 | INFO | Query 11 Size of the uncertainty table is = 1088/1200
2025-02-10 11:58 | INFO | Query 11 Size of the filtered table is = 12
2025-02-10 11:58 | INFO | Training Time Active Learning Classifier: 0.07 seconds
2025-02-10 11:58 | INFO | Training Time Active Learning Regressor: 0.15 seconds
2025-02-10 11:58 | INFO | Query 11 Active Learning Runtime on Validation Set: 90257.07
2025-02-10 11:58 | INFO | Query 11 Active Learning Runtime on Test Set: 96528.33
2025-02-10 11:58 | INFO | Query 11 Active Learning Instance Cost: 12121.09
2025-02-10 11:58 | INFO | Timeout limit is increased to 1000
2025-02-10 11:58 | INFO | Query 12 Size of the uncertainty table is = 1078/1200
2025-02-10 11:58 | INFO | Query 12 Size of the filtered table is = 12
2025-02-10 11:58 | INFO | Training Time Active Learning Classifier: 0.07 seconds
2025-02-10 11:58 | INFO | Training Time Active Learning Regressor: 0.16 seconds
2025-02-10 11:58 | INFO | Query 12 Active Learning Runtime on Validation Set: 90257.07
2025-02-10 11:58 | INFO | Query 12 Active Learning Runtime on Test Set: 96527.75
2025-02-10 11:58 | INFO | Query 12 Active Learning Instance Cost: 12243.98
2025-02-10 11:58 | INFO | Timeout limit is increased to 1100
2025-02-10 11:58 | INFO | Query 13 Size of the uncertainty table is = 1066/1200
2025-02-10 11:58 | INFO | Query 13 Size of the filtered table is = 12
2025-02-10 11:58 | INFO | Training Time Active Learning Classifier: 0.07 seconds
2025-02-10 11:58 | INFO | Training Time Active Learning Regressor: 0.16 seconds
2025-02-10 11:58 | INFO | Query 13 Active Learning Runtime on Validation Set: 90257.08
2025-02-10 11:58 | INFO | Query 13 Active Learning Runtime on Test Set: 96527.78
2025-02-10 11:58 | INFO | Query 13 Active Learning Instance Cost: 14596.47
2025-02-10 11:58 | INFO | Timeout limit is increased to 1200
2025-02-10 11:58 | INFO | Query 14 Size of the uncertainty table is = 1054/1200
2025-02-10 11:58 | INFO | Query 14 Size of the filtered table is = 12
2025-02-10 11:58 | INFO | Training Time Active Learning Classifier: 0.08 seconds
2025-02-10 11:58 | INFO | Training Time Active Learning Regressor: 0.17 seconds
2025-02-10 11:58 | INFO | Query 14 Active Learning Runtime on Validation Set: 90257.07
2025-02-10 11:58 | INFO | Query 14 Active Learning Runtime on Test Set: 96527.75
2025-02-10 11:58 | INFO | Query 14 Active Learning Instance Cost: 23027.82
2025-02-10 11:58 | INFO | Query 15 Size of the uncertainty table is = 1043/1200
2025-02-10 11:58 | INFO | Query 15 Size of the filtered table is = 12
2025-02-10 11:58 | INFO | Training Time Active Learning Classifier: 0.08 seconds
2025-02-10 11:58 | INFO | Training Time Active Learning Regressor: 0.18 seconds
2025-02-10 11:58 | INFO | Query 15 Active Learning Runtime on Validation Set: 90257.07
2025-02-10 11:58 | INFO | Query 15 Active Learning Runtime on Test Set: 96527.75
2025-02-10 11:58 | INFO | Query 15 Active Learning Instance Cost: 24241.59
2025-02-10 11:58 | INFO | Timeout limit is increased to 1300
2025-02-10 11:58 | INFO | Query 16 Size of the uncertainty table is = 1031/1200
2025-02-10 11:58 | INFO | Query 16 Size of the filtered table is = 12
2025-02-10 11:58 | INFO | Training Time Active Learning Classifier: 0.08 seconds
2025-02-10 11:58 | INFO | Training Time Active Learning Regressor: 0.18 seconds
2025-02-10 11:58 | INFO | Query 16 Active Learning Runtime on Validation Set: 90257.07
2025-02-10 11:58 | INFO | Query 16 Active Learning Runtime on Test Set: 96527.75
2025-02-10 11:58 | INFO | Query 16 Active Learning Instance Cost: 26450.15
2025-02-10 11:58 | INFO | Timeout limit is increased to 1400
2025-02-10 11:58 | INFO | Query 17 Size of the uncertainty table is = 1019/1200
2025-02-10 11:58 | INFO | Query 17 Size of the filtered table is = 12
2025-02-10 11:58 | INFO | Training Time Active Learning Classifier: 0.08 seconds
2025-02-10 11:58 | INFO | Training Time Active Learning Regressor: 0.18 seconds
2025-02-10 11:58 | INFO | Query 17 Active Learning Runtime on Validation Set: 90257.07
2025-02-10 11:58 | INFO | Query 17 Active Learning Runtime on Test Set: 96527.75
2025-02-10 11:58 | INFO | Query 17 Active Learning Instance Cost: 26817.21
2025-02-10 11:58 | INFO | Timeout limit is increased to 1500
2025-02-10 11:58 | INFO | Query 18 Size of the uncertainty table is = 1007/1200
2025-02-10 11:58 | INFO | Query 18 Size of the filtered table is = 12
2025-02-10 11:58 | INFO | Training Time Active Learning Classifier: 0.08 seconds
2025-02-10 11:58 | INFO | Training Time Active Learning Regressor: 0.2 seconds
2025-02-10 11:58 | INFO | Query 18 Active Learning Runtime on Validation Set: 90257.07
2025-02-10 11:58 | INFO | Query 18 Active Learning Runtime on Test Set: 61510.74
2025-02-10 11:58 | INFO | Query 18 Active Learning Instance Cost: 30614.77
2025-02-10 11:58 | INFO | Timeout limit is increased to 1600
2025-02-10 11:58 | INFO | Query 19 Size of the uncertainty table is = 995/1200
2025-02-10 11:58 | INFO | Query 19 Size of the filtered table is = 12
2025-02-10 11:58 | INFO | Training Time Active Learning Classifier: 0.09 seconds
2025-02-10 11:58 | INFO | Training Time Active Learning Regressor: 0.2 seconds
2025-02-10 11:58 | INFO | Query 19 Active Learning Runtime on Validation Set: 90257.07
2025-02-10 11:58 | INFO | Query 19 Active Learning Runtime on Test Set: 61512.49
2025-02-10 11:58 | INFO | Query 19 Active Learning Instance Cost: 30639.33
2025-02-10 11:58 | INFO | Timeout limit is increased to 1700
2025-02-10 11:58 | INFO | Query 20 Size of the uncertainty table is = 983/1200
2025-02-10 11:58 | INFO | Query 20 Size of the filtered table is = 12
2025-02-10 11:58 | INFO | Training Time Active Learning Classifier: 0.09 seconds
2025-02-10 11:58 | INFO | Training Time Active Learning Regressor: 0.21 seconds
2025-02-10 11:58 | INFO | Query 20 Active Learning Runtime on Validation Set: 90257.07
2025-02-10 11:58 | INFO | Query 20 Active Learning Runtime on Test Set: 61500.07
2025-02-10 11:58 | INFO | Query 20 Active Learning Instance Cost: 39649.28
2025-02-10 11:58 | INFO | Timeout limit is increased to 1800
2025-02-10 11:58 | INFO | Query 21 Size of the uncertainty table is = 974/1200
2025-02-10 11:58 | INFO | Query 21 Size of the filtered table is = 12
2025-02-10 11:58 | INFO | Training Time Active Learning Classifier: 0.09 seconds
2025-02-10 11:58 | INFO | Training Time Active Learning Regressor: 0.22 seconds
2025-02-10 11:58 | INFO | Query 21 Active Learning Runtime on Validation Set: 90257.07
2025-02-10 11:58 | INFO | Query 21 Active Learning Runtime on Test Set: 61500.04
2025-02-10 11:58 | INFO | Query 21 Active Learning Instance Cost: 39655.24
2025-02-10 11:58 | INFO | Timeout limit is increased to 1900
2025-02-10 11:58 | INFO | Query 22 Size of the uncertainty table is = 962/1200
2025-02-10 11:58 | INFO | Query 22 Size of the filtered table is = 12
2025-02-10 11:58 | INFO | Training Time Active Learning Classifier: 0.09 seconds
2025-02-10 11:58 | INFO | Training Time Active Learning Regressor: 0.23 seconds
2025-02-10 11:58 | INFO | Query 22 Active Learning Runtime on Validation Set: 90257.07
2025-02-10 11:58 | INFO | Query 22 Active Learning Runtime on Test Set: 61500.23
2025-02-10 11:58 | INFO | Query 22 Active Learning Instance Cost: 39660.77
2025-02-10 11:58 | INFO | Timeout limit is increased to 2000
2025-02-10 11:58 | INFO | Query 23 Size of the uncertainty table is = 950/1200
2025-02-10 11:58 | INFO | Query 23 Size of the filtered table is = 12
2025-02-10 11:58 | INFO | Training Time Active Learning Classifier: 0.09 seconds
2025-02-10 11:58 | INFO | Training Time Active Learning Regressor: 0.23 seconds
2025-02-10 11:59 | INFO | Query 23 Active Learning Runtime on Validation Set: 90257.07
2025-02-10 11:59 | INFO | Query 23 Active Learning Runtime on Test Set: 61500.15
2025-02-10 11:59 | INFO | Query 23 Active Learning Instance Cost: 40265.51
2025-02-10 11:59 | INFO | Timeout limit is increased to 2100
2025-02-10 11:59 | INFO | Query 24 Size of the uncertainty table is = 939/1200
2025-02-10 11:59 | INFO | Query 24 Size of the filtered table is = 12
2025-02-10 11:59 | INFO | Training Time Active Learning Classifier: 0.1 seconds
2025-02-10 11:59 | INFO | Training Time Active Learning Regressor: 0.24 seconds
2025-02-10 11:59 | INFO | Query 24 Active Learning Runtime on Validation Set: 90257.07
2025-02-10 11:59 | INFO | Query 24 Active Learning Runtime on Test Set: 61500.18
2025-02-10 11:59 | INFO | Query 24 Active Learning Instance Cost: 40387.92
2025-02-10 11:59 | INFO | Timeout limit is increased to 2200
2025-02-10 11:59 | INFO | Query 25 Size of the uncertainty table is = 927/1200
2025-02-10 11:59 | INFO | Query 25 Size of the filtered table is = 12
2025-02-10 11:59 | INFO | Training Time Active Learning Classifier: 0.1 seconds
2025-02-10 11:59 | INFO | Training Time Active Learning Regressor: 0.25 seconds
2025-02-10 11:59 | INFO | Query 25 Active Learning Runtime on Validation Set: 90257.07
2025-02-10 11:59 | INFO | Query 25 Active Learning Runtime on Test Set: 61500.15
2025-02-10 11:59 | INFO | Query 25 Active Learning Instance Cost: 40403.24
2025-02-10 11:59 | INFO | Timeout limit is increased to 2300
2025-02-10 11:59 | INFO | Query 26 Size of the uncertainty table is = 915/1200
2025-02-10 11:59 | INFO | Query 26 Size of the filtered table is = 12
2025-02-10 11:59 | INFO | Training Time Active Learning Classifier: 0.1 seconds
2025-02-10 11:59 | INFO | Training Time Active Learning Regressor: 0.26 seconds
2025-02-10 11:59 | INFO | Query 26 Active Learning Runtime on Validation Set: 90257.07
2025-02-10 11:59 | INFO | Query 26 Active Learning Runtime on Test Set: 61500.15
2025-02-10 11:59 | INFO | Query 26 Active Learning Instance Cost: 46405.35
2025-02-10 11:59 | INFO | Timeout limit is increased to 2400
2025-02-10 11:59 | INFO | Query 27 Size of the uncertainty table is = 904/1200
2025-02-10 11:59 | INFO | Query 27 Size of the filtered table is = 12
2025-02-10 11:59 | INFO | Training Time Active Learning Classifier: 0.1 seconds
2025-02-10 11:59 | INFO | Training Time Active Learning Regressor: 0.26 seconds
2025-02-10 11:59 | INFO | Query 27 Active Learning Runtime on Validation Set: 90257.07
2025-02-10 11:59 | INFO | Query 27 Active Learning Runtime on Test Set: 61500.15
2025-02-10 11:59 | INFO | Query 27 Active Learning Instance Cost: 47417.13
2025-02-10 11:59 | INFO | Timeout limit is increased to 2500
2025-02-10 11:59 | INFO | Query 28 Size of the uncertainty table is = 894/1200
2025-02-10 11:59 | INFO | Query 28 Size of the filtered table is = 12
2025-02-10 11:59 | INFO | Training Time Active Learning Classifier: 0.1 seconds
2025-02-10 11:59 | INFO | Training Time Active Learning Regressor: 0.27 seconds
2025-02-10 11:59 | INFO | Query 28 Active Learning Runtime on Validation Set: 90257.07
2025-02-10 11:59 | INFO | Query 28 Active Learning Runtime on Test Set: 61500.2
2025-02-10 11:59 | INFO | Query 28 Active Learning Instance Cost: 49428.69
2025-02-10 11:59 | INFO | Timeout limit is increased to 2600
2025-02-10 11:59 | INFO | Query 29 Size of the uncertainty table is = 885/1200
2025-02-10 11:59 | INFO | Query 29 Size of the filtered table is = 12
2025-02-10 11:59 | INFO | Training Time Active Learning Classifier: 0.1 seconds
2025-02-10 11:59 | INFO | Training Time Active Learning Regressor: 0.27 seconds
2025-02-10 11:59 | INFO | Query 29 Active Learning Runtime on Validation Set: 90257.07
2025-02-10 11:59 | INFO | Query 29 Active Learning Runtime on Test Set: 61500.3
2025-02-10 11:59 | INFO | Query 29 Active Learning Instance Cost: 49633.47
2025-02-10 11:59 | INFO | Timeout limit is increased to 2700
2025-02-10 11:59 | INFO | Query 30 Size of the uncertainty table is = 874/1200
2025-02-10 11:59 | INFO | Query 30 Size of the filtered table is = 12
2025-02-10 11:59 | INFO | Training Time Active Learning Classifier: 0.11 seconds
2025-02-10 11:59 | INFO | Training Time Active Learning Regressor: 0.28 seconds
2025-02-10 11:59 | INFO | Query 30 Active Learning Runtime on Validation Set: 90257.07
2025-02-10 11:59 | INFO | Query 30 Active Learning Runtime on Test Set: 61500.17
2025-02-10 11:59 | INFO | Query 30 Active Learning Instance Cost: 49639.4
2025-02-10 11:59 | INFO | Timeout limit is increased to 2800
2025-02-10 11:59 | INFO | Query 31 Size of the uncertainty table is = 862/1200
2025-02-10 11:59 | INFO | Query 31 Size of the filtered table is = 12
2025-02-10 11:59 | INFO | Training Time Active Learning Classifier: 0.11 seconds
2025-02-10 11:59 | INFO | Training Time Active Learning Regressor: 0.29 seconds
2025-02-10 11:59 | INFO | Query 31 Active Learning Runtime on Validation Set: 90257.07
2025-02-10 11:59 | INFO | Query 31 Active Learning Runtime on Test Set: 61500.18
2025-02-10 11:59 | INFO | Query 31 Active Learning Instance Cost: 49643.29
2025-02-10 11:59 | INFO | Timeout limit is increased to 2900
2025-02-10 11:59 | INFO | Query 32 Size of the uncertainty table is = 850/1200
2025-02-10 11:59 | INFO | Query 32 Size of the filtered table is = 12
2025-02-10 11:59 | INFO | Training Time Active Learning Classifier: 0.11 seconds
2025-02-10 11:59 | INFO | Training Time Active Learning Regressor: 0.3 seconds
2025-02-10 11:59 | INFO | Query 32 Active Learning Runtime on Validation Set: 90257.07
2025-02-10 11:59 | INFO | Query 32 Active Learning Runtime on Test Set: 61500.19
2025-02-10 11:59 | INFO | Query 32 Active Learning Instance Cost: 49646.46
2025-02-10 11:59 | INFO | Timeout limit is increased to 3000
2025-02-10 11:59 | INFO | Query 33 Size of the uncertainty table is = 838/1200
2025-02-10 11:59 | INFO | Query 33 Size of the filtered table is = 12
2025-02-10 11:59 | INFO | Training Time Active Learning Classifier: 0.12 seconds
2025-02-10 11:59 | INFO | Training Time Active Learning Regressor: 0.3 seconds
2025-02-10 11:59 | INFO | Query 33 Active Learning Runtime on Validation Set: 90257.07
2025-02-10 11:59 | INFO | Query 33 Active Learning Runtime on Test Set: 61500.19
2025-02-10 11:59 | INFO | Query 33 Active Learning Instance Cost: 49651.18
2025-02-10 11:59 | INFO | Timeout limit is increased to 3100
2025-02-10 11:59 | INFO | Query 34 Size of the uncertainty table is = 826/1200
2025-02-10 11:59 | INFO | Query 34 Size of the filtered table is = 12
2025-02-10 11:59 | INFO | Training Time Active Learning Classifier: 0.11 seconds
2025-02-10 11:59 | INFO | Training Time Active Learning Regressor: 0.31 seconds
2025-02-10 11:59 | INFO | Query 34 Active Learning Runtime on Validation Set: 90257.07
2025-02-10 11:59 | INFO | Query 34 Active Learning Runtime on Test Set: 61500.27
2025-02-10 11:59 | INFO | Query 34 Active Learning Instance Cost: 52363.97
2025-02-10 11:59 | INFO | Timeout limit is increased to 3200
2025-02-10 11:59 | INFO | Query 35 Size of the uncertainty table is = 815/1200
2025-02-10 11:59 | INFO | Query 35 Size of the filtered table is = 12
2025-02-10 11:59 | INFO | Training Time Active Learning Classifier: 0.12 seconds
2025-02-10 11:59 | INFO | Training Time Active Learning Regressor: 0.31 seconds
2025-02-10 11:59 | INFO | Query 35 Active Learning Runtime on Validation Set: 90257.07
2025-02-10 11:59 | INFO | Query 35 Active Learning Runtime on Test Set: 61500.19
2025-02-10 11:59 | INFO | Query 35 Active Learning Instance Cost: 57227.8
2025-02-10 11:59 | INFO | Timeout limit is increased to 3300
2025-02-10 11:59 | INFO | Query 36 Size of the uncertainty table is = 804/1200
2025-02-10 11:59 | INFO | Query 36 Size of the filtered table is = 12
2025-02-10 11:59 | INFO | Training Time Active Learning Classifier: 0.12 seconds
2025-02-10 11:59 | INFO | Training Time Active Learning Regressor: 0.32 seconds
2025-02-10 11:59 | INFO | Query 36 Active Learning Runtime on Validation Set: 90257.07
2025-02-10 11:59 | INFO | Query 36 Active Learning Runtime on Test Set: 61500.16
2025-02-10 11:59 | INFO | Query 36 Active Learning Instance Cost: 66044.91
2025-02-10 11:59 | INFO | Timeout limit is increased to 3400
2025-02-10 11:59 | INFO | Query 37 Size of the uncertainty table is = 793/1200
2025-02-10 11:59 | INFO | Query 37 Size of the filtered table is = 12
2025-02-10 11:59 | INFO | Training Time Active Learning Classifier: 0.12 seconds
2025-02-10 11:59 | INFO | Training Time Active Learning Regressor: 0.35 seconds
2025-02-10 11:59 | INFO | Query 37 Active Learning Runtime on Validation Set: 90257.07
2025-02-10 11:59 | INFO | Query 37 Active Learning Runtime on Test Set: 61500.16
2025-02-10 11:59 | INFO | Query 37 Active Learning Instance Cost: 70144.87
2025-02-10 11:59 | INFO | Timeout limit is increased to 3500
2025-02-10 11:59 | INFO | Query 38 Size of the uncertainty table is = 782/1200
2025-02-10 11:59 | INFO | Query 38 Size of the filtered table is = 12
2025-02-10 11:59 | INFO | Training Time Active Learning Classifier: 0.12 seconds
2025-02-10 11:59 | INFO | Training Time Active Learning Regressor: 0.34 seconds
2025-02-10 11:59 | INFO | Query 38 Active Learning Runtime on Validation Set: 90257.07
2025-02-10 11:59 | INFO | Query 38 Active Learning Runtime on Test Set: 61500.18
2025-02-10 11:59 | INFO | Query 38 Active Learning Instance Cost: 70346.98
2025-02-10 11:59 | INFO | Timeout limit is increased to 3600
2025-02-10 11:59 | INFO | Query 39 Size of the uncertainty table is = 771/1200
2025-02-10 11:59 | INFO | Query 39 Size of the filtered table is = 12
2025-02-10 11:59 | INFO | Training Time Active Learning Classifier: 0.12 seconds
2025-02-10 11:59 | INFO | Training Time Active Learning Regressor: 0.35 seconds
2025-02-10 11:59 | INFO | Query 39 Active Learning Runtime on Validation Set: 90257.07
2025-02-10 11:59 | INFO | Query 39 Active Learning Runtime on Test Set: 61500.16
2025-02-10 11:59 | INFO | Query 39 Active Learning Instance Cost: 72338.44
2025-02-10 11:59 | INFO | Timeout limit is increased to 3600
2025-02-10 11:59 | INFO | Query 40 Size of the uncertainty table is = 753/1200
2025-02-10 11:59 | INFO | Query 40 Size of the filtered table is = 12
2025-02-10 11:59 | INFO | Training Time Active Learning Classifier: 0.12 seconds
2025-02-10 11:59 | INFO | Training Time Active Learning Regressor: 0.36 seconds
2025-02-10 11:59 | INFO | Query 40 Active Learning Runtime on Validation Set: 90257.07
2025-02-10 11:59 | INFO | Query 40 Active Learning Runtime on Test Set: 61500.15
2025-02-10 11:59 | INFO | Query 40 Active Learning Instance Cost: 78640.71
2025-02-10 11:59 | INFO | Timeout limit is increased to 3600
2025-02-10 11:59 | INFO | Query 41 Size of the uncertainty table is = 741/1200
2025-02-10 11:59 | INFO | Query 41 Size of the filtered table is = 12
2025-02-10 11:59 | INFO | Training Time Active Learning Classifier: 0.13 seconds
2025-02-10 11:59 | INFO | Training Time Active Learning Regressor: 0.36 seconds
2025-02-10 11:59 | INFO | Query 41 Active Learning Runtime on Validation Set: 90257.07
2025-02-10 11:59 | INFO | Query 41 Active Learning Runtime on Test Set: 61500.15
2025-02-10 11:59 | INFO | Query 41 Active Learning Instance Cost: 82366.65
2025-02-10 11:59 | INFO | Timeout limit is increased to 3600
2025-02-10 11:59 | INFO | Query 42 Size of the uncertainty table is = 729/1200
2025-02-10 11:59 | INFO | Query 42 Size of the filtered table is = 12
2025-02-10 11:59 | INFO | Training Time Active Learning Classifier: 0.13 seconds
2025-02-10 11:59 | INFO | Training Time Active Learning Regressor: 0.36 seconds
2025-02-10 11:59 | INFO | Query 42 Active Learning Runtime on Validation Set: 90257.07
2025-02-10 11:59 | INFO | Query 42 Active Learning Runtime on Test Set: 61500.15
2025-02-10 11:59 | INFO | Query 42 Active Learning Instance Cost: 85048.42
2025-02-10 11:59 | INFO | Timeout limit is increased to 3600
2025-02-10 11:59 | INFO | Query 43 Size of the uncertainty table is = 717/1200
2025-02-10 11:59 | INFO | Query 43 Size of the filtered table is = 12
2025-02-10 11:59 | INFO | Training Time Active Learning Classifier: 0.13 seconds
2025-02-10 11:59 | INFO | Training Time Active Learning Regressor: 0.37 seconds
2025-02-10 11:59 | INFO | Query 43 Active Learning Runtime on Validation Set: 90257.07
2025-02-10 11:59 | INFO | Query 43 Active Learning Runtime on Test Set: 61500.19
2025-02-10 11:59 | INFO | Query 43 Active Learning Instance Cost: 96143.31
2025-02-10 11:59 | INFO | Timeout limit is increased to 3600
2025-02-10 11:59 | INFO | Query 44 Size of the uncertainty table is = 705/1200
2025-02-10 11:59 | INFO | Query 44 Size of the filtered table is = 12
2025-02-10 11:59 | INFO | Training Time Active Learning Classifier: 0.14 seconds
2025-02-10 11:59 | INFO | Training Time Active Learning Regressor: 0.39 seconds
2025-02-10 11:59 | INFO | Query 44 Active Learning Runtime on Validation Set: 90257.07
2025-02-10 11:59 | INFO | Query 44 Active Learning Runtime on Test Set: 61500.19
2025-02-10 11:59 | INFO | Query 44 Active Learning Instance Cost: 105976.36
2025-02-10 11:59 | INFO | Timeout limit is increased to 3600
2025-02-10 11:59 | INFO | Query 45 Size of the uncertainty table is = 693/1200
2025-02-10 11:59 | INFO | Query 45 Size of the filtered table is = 12
2025-02-10 11:59 | INFO | Training Time Active Learning Classifier: 0.14 seconds
2025-02-10 11:59 | INFO | Training Time Active Learning Regressor: 0.39 seconds
2025-02-10 11:59 | INFO | Query 45 Active Learning Runtime on Validation Set: 85805.96
2025-02-10 11:59 | INFO | Query 45 Active Learning Runtime on Test Set: 61500.19
2025-02-10 11:59 | INFO | Query 45 Active Learning Instance Cost: 106017.32
2025-02-10 11:59 | INFO | Query 46 Size of the uncertainty table is = 681/1200
2025-02-10 11:59 | INFO | Query 46 Size of the filtered table is = 12
2025-02-10 11:59 | INFO | Training Time Active Learning Classifier: 0.14 seconds
2025-02-10 11:59 | INFO | Training Time Active Learning Regressor: 0.4 seconds
2025-02-10 11:59 | INFO | Query 46 Active Learning Runtime on Validation Set: 85805.96
2025-02-10 11:59 | INFO | Query 46 Active Learning Runtime on Test Set: 61500.2
2025-02-10 11:59 | INFO | Query 46 Active Learning Instance Cost: 115599.43
2025-02-10 11:59 | INFO | Timeout limit is increased to 3600
2025-02-10 11:59 | INFO | Query 47 Size of the uncertainty table is = 669/1200
2025-02-10 11:59 | INFO | Query 47 Size of the filtered table is = 12
2025-02-10 11:59 | INFO | Training Time Active Learning Classifier: 0.14 seconds
2025-02-10 11:59 | INFO | Training Time Active Learning Regressor: 0.41 seconds
2025-02-10 11:59 | INFO | Query 47 Active Learning Runtime on Validation Set: 85805.96
2025-02-10 11:59 | INFO | Query 47 Active Learning Runtime on Test Set: 61500.18
2025-02-10 11:59 | INFO | Query 47 Active Learning Instance Cost: 115603.83
2025-02-10 11:59 | INFO | Timeout limit is increased to 3600
2025-02-10 11:59 | INFO | Query 48 Size of the uncertainty table is = 657/1200
2025-02-10 11:59 | INFO | Query 48 Size of the filtered table is = 12
2025-02-10 11:59 | INFO | Training Time Active Learning Classifier: 0.14 seconds
2025-02-10 11:59 | INFO | Training Time Active Learning Regressor: 0.42 seconds
2025-02-10 11:59 | INFO | Query 48 Active Learning Runtime on Validation Set: 90257.07
2025-02-10 11:59 | INFO | Query 48 Active Learning Runtime on Test Set: 97280.19
2025-02-10 11:59 | INFO | Query 48 Active Learning Instance Cost: 115621.46
2025-02-10 11:59 | INFO | Timeout limit is increased to 3600
2025-02-10 11:59 | INFO | Query 49 Size of the uncertainty table is = 645/1200
2025-02-10 11:59 | INFO | Query 49 Size of the filtered table is = 12
2025-02-10 11:59 | INFO | Training Time Active Learning Classifier: 0.14 seconds
2025-02-10 11:59 | INFO | Training Time Active Learning Regressor: 0.42 seconds
2025-02-10 11:59 | INFO | Query 49 Active Learning Runtime on Validation Set: 90257.07
2025-02-10 11:59 | INFO | Query 49 Active Learning Runtime on Test Set: 97280.33
2025-02-10 11:59 | INFO | Query 49 Active Learning Instance Cost: 115774.37
2025-02-10 11:59 | INFO | Timeout limit is increased to 3600
2025-02-10 11:59 | INFO | Query 50 Size of the uncertainty table is = 633/1200
2025-02-10 11:59 | INFO | Query 50 Size of the filtered table is = 12
2025-02-10 11:59 | INFO | Training Time Active Learning Classifier: 0.15 seconds
2025-02-10 11:59 | INFO | Training Time Active Learning Regressor: 0.43 seconds
2025-02-10 11:59 | INFO | Query 50 Active Learning Runtime on Validation Set: 90257.07
2025-02-10 11:59 | INFO | Query 50 Active Learning Runtime on Test Set: 97280.19
2025-02-10 11:59 | INFO | Query 50 Active Learning Instance Cost: 119387.29
2025-02-10 11:59 | INFO | Timeout limit is increased to 3600
2025-02-10 11:59 | INFO | Query 51 Size of the uncertainty table is = 621/1200
2025-02-10 11:59 | INFO | Query 51 Size of the filtered table is = 12
2025-02-10 11:59 | INFO | Training Time Active Learning Classifier: 0.15 seconds
2025-02-10 11:59 | INFO | Training Time Active Learning Regressor: 0.44 seconds
2025-02-10 11:59 | INFO | Query 51 Active Learning Runtime on Validation Set: 90257.07
2025-02-10 11:59 | INFO | Query 51 Active Learning Runtime on Test Set: 97280.33
2025-02-10 11:59 | INFO | Query 51 Active Learning Instance Cost: 130246.98
2025-02-10 11:59 | INFO | Timeout limit is increased to 3600
2025-02-10 11:59 | INFO | Query 52 Size of the uncertainty table is = 609/1200
2025-02-10 11:59 | INFO | Query 52 Size of the filtered table is = 12
2025-02-10 11:59 | INFO | Training Time Active Learning Classifier: 0.15 seconds
2025-02-10 12:00 | INFO | Training Time Active Learning Regressor: 0.45 seconds
2025-02-10 12:00 | INFO | Query 52 Active Learning Runtime on Validation Set: 90257.07
2025-02-10 12:00 | INFO | Query 52 Active Learning Runtime on Test Set: 97280.33
2025-02-10 12:00 | INFO | Query 52 Active Learning Instance Cost: 130261.54
2025-02-10 12:00 | INFO | Timeout limit is increased to 3600
2025-02-10 12:00 | INFO | Query 53 Size of the uncertainty table is = 597/1200
2025-02-10 12:00 | INFO | Query 53 Size of the filtered table is = 12
2025-02-10 12:00 | INFO | Training Time Active Learning Classifier: 0.16 seconds
2025-02-10 12:00 | INFO | Training Time Active Learning Regressor: 0.45 seconds
2025-02-10 12:00 | INFO | Query 53 Active Learning Runtime on Validation Set: 90257.07
2025-02-10 12:00 | INFO | Query 53 Active Learning Runtime on Test Set: 97280.19
2025-02-10 12:00 | INFO | Query 53 Active Learning Instance Cost: 130273.9
2025-02-10 12:00 | INFO | Timeout limit is increased to 3600
2025-02-10 12:00 | INFO | Query 54 Size of the uncertainty table is = 585/1200
2025-02-10 12:00 | INFO | Query 54 Size of the filtered table is = 12
2025-02-10 12:00 | INFO | Training Time Active Learning Classifier: 0.15 seconds
2025-02-10 12:00 | INFO | Training Time Active Learning Regressor: 0.46 seconds
2025-02-10 12:00 | INFO | Query 54 Active Learning Runtime on Validation Set: 90257.07
2025-02-10 12:00 | INFO | Query 54 Active Learning Runtime on Test Set: 97280.22
2025-02-10 12:00 | INFO | Query 54 Active Learning Instance Cost: 130301.2
2025-02-10 12:00 | INFO | Timeout limit is increased to 3600
2025-02-10 12:00 | INFO | Query 55 Size of the uncertainty table is = 573/1200
2025-02-10 12:00 | INFO | Query 55 Size of the filtered table is = 12
2025-02-10 12:00 | INFO | Training Time Active Learning Classifier: 0.16 seconds
2025-02-10 12:00 | INFO | Training Time Active Learning Regressor: 0.47 seconds
2025-02-10 12:00 | INFO | Query 55 Active Learning Runtime on Validation Set: 90257.07
2025-02-10 12:00 | INFO | Query 55 Active Learning Runtime on Test Set: 97280.22
2025-02-10 12:00 | INFO | Query 55 Active Learning Instance Cost: 136553.06
2025-02-10 12:00 | INFO | Timeout limit is increased to 3600
2025-02-10 12:00 | INFO | Query 56 Size of the uncertainty table is = 561/1200
2025-02-10 12:00 | INFO | Query 56 Size of the filtered table is = 12
2025-02-10 12:00 | INFO | Training Time Active Learning Classifier: 0.16 seconds
2025-02-10 12:00 | INFO | Training Time Active Learning Regressor: 0.48 seconds
2025-02-10 12:00 | INFO | Query 56 Active Learning Runtime on Validation Set: 90257.07
2025-02-10 12:00 | INFO | Query 56 Active Learning Runtime on Test Set: 97280.22
2025-02-10 12:00 | INFO | Query 56 Active Learning Instance Cost: 140313.67
2025-02-10 12:00 | INFO | Timeout limit is increased to 3600
2025-02-10 12:00 | INFO | Query 57 Size of the uncertainty table is = 549/1200
2025-02-10 12:00 | INFO | Query 57 Size of the filtered table is = 12
2025-02-10 12:00 | INFO | Training Time Active Learning Classifier: 0.16 seconds
2025-02-10 12:00 | INFO | Training Time Active Learning Regressor: 0.48 seconds
2025-02-10 12:00 | INFO | Query 57 Active Learning Runtime on Validation Set: 90257.07
2025-02-10 12:00 | INFO | Query 57 Active Learning Runtime on Test Set: 97280.22
2025-02-10 12:00 | INFO | Query 57 Active Learning Instance Cost: 140388.5
2025-02-10 12:00 | INFO | Timeout limit is increased to 3600
2025-02-10 12:00 | INFO | Query 58 Size of the uncertainty table is = 537/1200
2025-02-10 12:00 | INFO | Query 58 Size of the filtered table is = 12
2025-02-10 12:00 | INFO | Training Time Active Learning Classifier: 0.16 seconds
2025-02-10 12:00 | INFO | Training Time Active Learning Regressor: 0.49 seconds
2025-02-10 12:00 | INFO | Query 58 Active Learning Runtime on Validation Set: 90257.07
2025-02-10 12:00 | INFO | Query 58 Active Learning Runtime on Test Set: 97280.22
2025-02-10 12:00 | INFO | Query 58 Active Learning Instance Cost: 144011.29
2025-02-10 12:00 | INFO | Timeout limit is increased to 3600
2025-02-10 12:00 | INFO | Query 59 Size of the uncertainty table is = 525/1200
2025-02-10 12:00 | INFO | Query 59 Size of the filtered table is = 12
2025-02-10 12:00 | INFO | Training Time Active Learning Classifier: 0.17 seconds
2025-02-10 12:00 | INFO | Training Time Active Learning Regressor: 0.49 seconds
2025-02-10 12:00 | INFO | Query 59 Active Learning Runtime on Validation Set: 90257.07
2025-02-10 12:00 | INFO | Query 59 Active Learning Runtime on Test Set: 97280.22
2025-02-10 12:00 | INFO | Query 59 Active Learning Instance Cost: 170836.07
2025-02-10 12:00 | INFO | Timeout limit is increased to 3600
2025-02-10 12:00 | INFO | Query 60 Size of the uncertainty table is = 513/1200
2025-02-10 12:00 | INFO | Query 60 Size of the filtered table is = 12
2025-02-10 12:00 | INFO | Training Time Active Learning Classifier: 0.17 seconds
2025-02-10 12:00 | INFO | Training Time Active Learning Regressor: 0.49 seconds
2025-02-10 12:00 | INFO | Query 60 Active Learning Runtime on Validation Set: 90257.07
2025-02-10 12:00 | INFO | Query 60 Active Learning Runtime on Test Set: 97280.18
2025-02-10 12:00 | INFO | Query 60 Active Learning Instance Cost: 186043.85
2025-02-10 12:00 | INFO | Timeout limit is increased to 3600
2025-02-10 12:00 | INFO | Query 61 Size of the uncertainty table is = 501/1200
2025-02-10 12:00 | INFO | Query 61 Size of the filtered table is = 12
2025-02-10 12:00 | INFO | Training Time Active Learning Classifier: 0.17 seconds
2025-02-10 12:00 | INFO | Training Time Active Learning Regressor: 0.51 seconds
2025-02-10 12:00 | INFO | Query 61 Active Learning Runtime on Validation Set: 90257.07
2025-02-10 12:00 | INFO | Query 61 Active Learning Runtime on Test Set: 97280.28
2025-02-10 12:00 | INFO | Query 61 Active Learning Instance Cost: 192829.04
2025-02-10 12:00 | INFO | Timeout limit is increased to 3600
2025-02-10 12:00 | INFO | Query 62 Size of the uncertainty table is = 489/1200
2025-02-10 12:00 | INFO | Query 62 Size of the filtered table is = 12
2025-02-10 12:00 | INFO | Training Time Active Learning Classifier: 0.17 seconds
2025-02-10 12:00 | INFO | Training Time Active Learning Regressor: 0.51 seconds
2025-02-10 12:00 | INFO | Query 62 Active Learning Runtime on Validation Set: 90257.07
2025-02-10 12:00 | INFO | Query 62 Active Learning Runtime on Test Set: 97280.72
2025-02-10 12:00 | INFO | Query 62 Active Learning Instance Cost: 192835.96
2025-02-10 12:00 | INFO | Timeout limit is increased to 3600
2025-02-10 12:00 | INFO | Query 63 Size of the uncertainty table is = 477/1200
2025-02-10 12:00 | INFO | Query 63 Size of the filtered table is = 12
2025-02-10 12:00 | INFO | Training Time Active Learning Classifier: 0.17 seconds
2025-02-10 12:00 | INFO | Training Time Active Learning Regressor: 0.52 seconds
2025-02-10 12:00 | INFO | Query 63 Active Learning Runtime on Validation Set: 90257.07
2025-02-10 12:00 | INFO | Query 63 Active Learning Runtime on Test Set: 97280.75
2025-02-10 12:00 | INFO | Query 63 Active Learning Instance Cost: 192841.29
2025-02-10 12:00 | INFO | Timeout limit is increased to 3600
2025-02-10 12:00 | INFO | Query 64 Size of the uncertainty table is = 465/1200
2025-02-10 12:00 | INFO | Query 64 Size of the filtered table is = 12
2025-02-10 12:00 | INFO | Training Time Active Learning Classifier: 0.18 seconds
2025-02-10 12:00 | INFO | Training Time Active Learning Regressor: 0.53 seconds
2025-02-10 12:00 | INFO | Query 64 Active Learning Runtime on Validation Set: 90257.07
2025-02-10 12:00 | INFO | Query 64 Active Learning Runtime on Test Set: 62173.35
2025-02-10 12:00 | INFO | Query 64 Active Learning Instance Cost: 198741.53
2025-02-10 12:00 | INFO | Timeout limit is increased to 3600
2025-02-10 12:00 | INFO | Query 65 Size of the uncertainty table is = 453/1200
2025-02-10 12:00 | INFO | Query 65 Size of the filtered table is = 12
2025-02-10 12:00 | INFO | Training Time Active Learning Classifier: 0.18 seconds
2025-02-10 12:00 | INFO | Training Time Active Learning Regressor: 0.53 seconds
2025-02-10 12:00 | INFO | Query 65 Active Learning Runtime on Validation Set: 90257.07
2025-02-10 12:00 | INFO | Query 65 Active Learning Runtime on Test Set: 97208.02
2025-02-10 12:00 | INFO | Query 65 Active Learning Instance Cost: 200071.35
2025-02-10 12:00 | INFO | Timeout limit is increased to 3600
2025-02-10 12:00 | INFO | Query 66 Size of the uncertainty table is = 441/1200
2025-02-10 12:00 | INFO | Query 66 Size of the filtered table is = 12
2025-02-10 12:00 | INFO | Training Time Active Learning Classifier: 0.18 seconds
2025-02-10 12:00 | INFO | Training Time Active Learning Regressor: 0.6 seconds
2025-02-10 12:00 | INFO | Query 66 Active Learning Runtime on Validation Set: 90257.07
2025-02-10 12:00 | INFO | Query 66 Active Learning Runtime on Test Set: 97207.99
2025-02-10 12:00 | INFO | Query 66 Active Learning Instance Cost: 213206.81
2025-02-10 12:00 | INFO | Timeout limit is increased to 3600
2025-02-10 12:00 | INFO | Query 67 Size of the uncertainty table is = 429/1200
2025-02-10 12:00 | INFO | Query 67 Size of the filtered table is = 12
2025-02-10 12:00 | INFO | Training Time Active Learning Classifier: 0.18 seconds
2025-02-10 12:00 | INFO | Training Time Active Learning Regressor: 0.55 seconds
2025-02-10 12:00 | INFO | Query 67 Active Learning Runtime on Validation Set: 90257.07
2025-02-10 12:00 | INFO | Query 67 Active Learning Runtime on Test Set: 97207.98
2025-02-10 12:00 | INFO | Query 67 Active Learning Instance Cost: 214545.43
2025-02-10 12:00 | INFO | Timeout limit is increased to 3600
2025-02-10 12:00 | INFO | Query 68 Size of the uncertainty table is = 417/1200
2025-02-10 12:00 | INFO | Query 68 Size of the filtered table is = 12
2025-02-10 12:00 | INFO | Training Time Active Learning Classifier: 0.19 seconds
2025-02-10 12:00 | INFO | Training Time Active Learning Regressor: 0.55 seconds
2025-02-10 12:00 | INFO | Query 68 Active Learning Runtime on Validation Set: 90257.07
2025-02-10 12:00 | INFO | Query 68 Active Learning Runtime on Test Set: 97207.98
2025-02-10 12:00 | INFO | Query 68 Active Learning Instance Cost: 245739.57
2025-02-10 12:00 | INFO | Timeout limit is increased to 3600
2025-02-10 12:00 | INFO | Query 69 Size of the uncertainty table is = 405/1200
2025-02-10 12:00 | INFO | Query 69 Size of the filtered table is = 12
2025-02-10 12:00 | INFO | Training Time Active Learning Classifier: 0.19 seconds
2025-02-10 12:00 | INFO | Training Time Active Learning Regressor: 0.56 seconds
2025-02-10 12:00 | INFO | Query 69 Active Learning Runtime on Validation Set: 90257.07
2025-02-10 12:00 | INFO | Query 69 Active Learning Runtime on Test Set: 97207.99
2025-02-10 12:00 | INFO | Query 69 Active Learning Instance Cost: 245941.28
2025-02-10 12:00 | INFO | Timeout limit is increased to 3600
2025-02-10 12:00 | INFO | Query 70 Size of the uncertainty table is = 393/1200
2025-02-10 12:00 | INFO | Query 70 Size of the filtered table is = 12
2025-02-10 12:00 | INFO | Training Time Active Learning Classifier: 0.19 seconds
2025-02-10 12:00 | INFO | Training Time Active Learning Regressor: 0.57 seconds
2025-02-10 12:00 | INFO | Query 70 Active Learning Runtime on Validation Set: 90257.07
2025-02-10 12:00 | INFO | Query 70 Active Learning Runtime on Test Set: 97207.98
2025-02-10 12:00 | INFO | Query 70 Active Learning Instance Cost: 249550.85
2025-02-10 12:00 | INFO | Timeout limit is increased to 3600
2025-02-10 12:00 | INFO | Query 71 Size of the uncertainty table is = 381/1200
2025-02-10 12:00 | INFO | Query 71 Size of the filtered table is = 12
2025-02-10 12:00 | INFO | Training Time Active Learning Classifier: 0.19 seconds
2025-02-10 12:00 | INFO | Training Time Active Learning Regressor: 0.57 seconds
2025-02-10 12:00 | INFO | Query 71 Active Learning Runtime on Validation Set: 90257.07
2025-02-10 12:00 | INFO | Query 71 Active Learning Runtime on Test Set: 97207.96
2025-02-10 12:00 | INFO | Query 71 Active Learning Instance Cost: 267698.03
2025-02-10 12:00 | INFO | Timeout limit is increased to 3600
2025-02-10 12:00 | INFO | Query 72 Size of the uncertainty table is = 369/1200
2025-02-10 12:00 | INFO | Query 72 Size of the filtered table is = 12
2025-02-10 12:00 | INFO | Training Time Active Learning Classifier: 0.19 seconds
2025-02-10 12:00 | INFO | Training Time Active Learning Regressor: 0.58 seconds
2025-02-10 12:00 | INFO | Query 72 Active Learning Runtime on Validation Set: 90257.07
2025-02-10 12:00 | INFO | Query 72 Active Learning Runtime on Test Set: 97207.96
2025-02-10 12:00 | INFO | Query 72 Active Learning Instance Cost: 279008.35
2025-02-10 12:00 | INFO | Timeout limit is increased to 3600
2025-02-10 12:00 | INFO | Query 73 Size of the uncertainty table is = 357/1200
2025-02-10 12:00 | INFO | Query 73 Size of the filtered table is = 12
2025-02-10 12:00 | INFO | Training Time Active Learning Classifier: 0.19 seconds
2025-02-10 12:00 | INFO | Training Time Active Learning Regressor: 0.58 seconds
2025-02-10 12:00 | INFO | Query 73 Active Learning Runtime on Validation Set: 90257.07
2025-02-10 12:00 | INFO | Query 73 Active Learning Runtime on Test Set: 97220.77
2025-02-10 12:00 | INFO | Query 73 Active Learning Instance Cost: 307042.89
2025-02-10 12:00 | INFO | Timeout limit is increased to 3600
2025-02-10 12:00 | INFO | Query 74 Size of the uncertainty table is = 345/1200
2025-02-10 12:00 | INFO | Query 74 Size of the filtered table is = 12
2025-02-10 12:00 | INFO | Training Time Active Learning Classifier: 0.19 seconds
2025-02-10 12:00 | INFO | Training Time Active Learning Regressor: 0.59 seconds
2025-02-10 12:00 | INFO | Query 74 Active Learning Runtime on Validation Set: 90257.07
2025-02-10 12:00 | INFO | Query 74 Active Learning Runtime on Test Set: 97207.98
2025-02-10 12:00 | INFO | Query 74 Active Learning Instance Cost: 314448.98
2025-02-10 12:00 | INFO | Timeout limit is increased to 3600
2025-02-10 12:00 | INFO | Query 75 Size of the uncertainty table is = 333/1200
2025-02-10 12:00 | INFO | Query 75 Size of the filtered table is = 12
2025-02-10 12:00 | INFO | Training Time Active Learning Classifier: 0.2 seconds
2025-02-10 12:00 | INFO | Training Time Active Learning Regressor: 0.6 seconds
2025-02-10 12:00 | INFO | Query 75 Active Learning Runtime on Validation Set: 90257.07
2025-02-10 12:00 | INFO | Query 75 Active Learning Runtime on Test Set: 97207.96
2025-02-10 12:00 | INFO | Query 75 Active Learning Instance Cost: 321830.19
2025-02-10 12:00 | INFO | Timeout limit is increased to 3600
2025-02-10 12:00 | INFO | Query 76 Size of the uncertainty table is = 321/1200
2025-02-10 12:00 | INFO | Query 76 Size of the filtered table is = 12
2025-02-10 12:00 | INFO | Training Time Active Learning Classifier: 0.2 seconds
2025-02-10 12:00 | INFO | Training Time Active Learning Regressor: 0.6 seconds
2025-02-10 12:00 | INFO | Query 76 Active Learning Runtime on Validation Set: 90257.07
2025-02-10 12:00 | INFO | Query 76 Active Learning Runtime on Test Set: 97207.96
2025-02-10 12:00 | INFO | Query 76 Active Learning Instance Cost: 332787.99
2025-02-10 12:00 | INFO | Timeout limit is increased to 3600
2025-02-10 12:00 | INFO | Query 77 Size of the uncertainty table is = 309/1200
2025-02-10 12:00 | INFO | Query 77 Size of the filtered table is = 12
2025-02-10 12:00 | INFO | Training Time Active Learning Classifier: 0.2 seconds
2025-02-10 12:00 | INFO | Training Time Active Learning Regressor: 0.61 seconds
2025-02-10 12:00 | INFO | Query 77 Active Learning Runtime on Validation Set: 90257.07
2025-02-10 12:00 | INFO | Query 77 Active Learning Runtime on Test Set: 97208.01
2025-02-10 12:00 | INFO | Query 77 Active Learning Instance Cost: 337599.33
2025-02-10 12:00 | INFO | Timeout limit is increased to 3600
2025-02-10 12:00 | INFO | Query 78 Size of the uncertainty table is = 297/1200
2025-02-10 12:00 | INFO | Query 78 Size of the filtered table is = 12
2025-02-10 12:00 | INFO | Training Time Active Learning Classifier: 0.2 seconds
2025-02-10 12:00 | INFO | Training Time Active Learning Regressor: 0.62 seconds
2025-02-10 12:01 | INFO | Query 78 Active Learning Runtime on Validation Set: 90257.07
2025-02-10 12:01 | INFO | Query 78 Active Learning Runtime on Test Set: 97208.01
2025-02-10 12:01 | INFO | Query 78 Active Learning Instance Cost: 344944.42
2025-02-10 12:01 | INFO | Timeout limit is increased to 3600
2025-02-10 12:01 | INFO | Query 79 Size of the uncertainty table is = 285/1200
2025-02-10 12:01 | INFO | Query 79 Size of the filtered table is = 12
2025-02-10 12:01 | INFO | Training Time Active Learning Classifier: 0.2 seconds
2025-02-10 12:01 | INFO | Training Time Active Learning Regressor: 0.62 seconds
2025-02-10 12:01 | INFO | Query 79 Active Learning Runtime on Validation Set: 90257.07
2025-02-10 12:01 | INFO | Query 79 Active Learning Runtime on Test Set: 97207.98
2025-02-10 12:01 | INFO | Query 79 Active Learning Instance Cost: 365470.21
2025-02-10 12:01 | INFO | Timeout limit is increased to 3600
2025-02-10 12:01 | INFO | Query 80 Size of the uncertainty table is = 273/1200
2025-02-10 12:01 | INFO | Query 80 Size of the filtered table is = 12
2025-02-10 12:01 | INFO | Training Time Active Learning Classifier: 0.2 seconds
2025-02-10 12:01 | INFO | Training Time Active Learning Regressor: 0.63 seconds
2025-02-10 12:01 | INFO | Query 80 Active Learning Runtime on Validation Set: 90257.07
2025-02-10 12:01 | INFO | Query 80 Active Learning Runtime on Test Set: 97208.01
2025-02-10 12:01 | INFO | Query 80 Active Learning Instance Cost: 371485.25
2025-02-10 12:01 | INFO | Timeout limit is increased to 3600
2025-02-10 12:01 | INFO | Query 81 Size of the uncertainty table is = 261/1200
2025-02-10 12:01 | INFO | Query 81 Size of the filtered table is = 12
2025-02-10 12:01 | INFO | Training Time Active Learning Classifier: 0.21 seconds
2025-02-10 12:01 | INFO | Training Time Active Learning Regressor: 0.64 seconds
2025-02-10 12:01 | INFO | Query 81 Active Learning Runtime on Validation Set: 90257.07
2025-02-10 12:01 | INFO | Query 81 Active Learning Runtime on Test Set: 97208.01
2025-02-10 12:01 | INFO | Query 81 Active Learning Instance Cost: 371500.58
2025-02-10 12:01 | INFO | Timeout limit is increased to 3600
2025-02-10 12:01 | INFO | Query 82 Size of the uncertainty table is = 249/1200
2025-02-10 12:01 | INFO | Query 82 Size of the filtered table is = 12
2025-02-10 12:01 | INFO | Training Time Active Learning Classifier: 0.21 seconds
2025-02-10 12:01 | INFO | Training Time Active Learning Regressor: 0.64 seconds
2025-02-10 12:01 | INFO | Query 82 Active Learning Runtime on Validation Set: 90257.07
2025-02-10 12:01 | INFO | Query 82 Active Learning Runtime on Test Set: 62113.42
2025-02-10 12:01 | INFO | Query 82 Active Learning Instance Cost: 383840.96
2025-02-10 12:01 | INFO | Timeout limit is increased to 3600
2025-02-10 12:01 | INFO | Query 83 Size of the uncertainty table is = 237/1200
2025-02-10 12:01 | INFO | Query 83 Size of the filtered table is = 12
2025-02-10 12:01 | INFO | Training Time Active Learning Classifier: 0.21 seconds
2025-02-10 12:01 | INFO | Training Time Active Learning Regressor: 0.7 seconds
2025-02-10 12:01 | INFO | Query 83 Active Learning Runtime on Validation Set: 90257.07
2025-02-10 12:01 | INFO | Query 83 Active Learning Runtime on Test Set: 97208.01
2025-02-10 12:01 | INFO | Query 83 Active Learning Instance Cost: 387780.61
2025-02-10 12:01 | INFO | Timeout limit is increased to 3600
2025-02-10 12:01 | INFO | Query 84 Size of the uncertainty table is = 225/1200
2025-02-10 12:01 | INFO | Query 84 Size of the filtered table is = 12
2025-02-10 12:01 | INFO | Training Time Active Learning Classifier: 0.22 seconds
2025-02-10 12:01 | INFO | Training Time Active Learning Regressor: 0.66 seconds
2025-02-10 12:01 | INFO | Query 84 Active Learning Runtime on Validation Set: 90257.07
2025-02-10 12:01 | INFO | Query 84 Active Learning Runtime on Test Set: 97207.98
2025-02-10 12:01 | INFO | Query 84 Active Learning Instance Cost: 387825.94
2025-02-10 12:01 | INFO | Timeout limit is increased to 3600
2025-02-10 12:01 | INFO | Query 85 Size of the uncertainty table is = 213/1200
2025-02-10 12:01 | INFO | Query 85 Size of the filtered table is = 12
2025-02-10 12:01 | INFO | Training Time Active Learning Classifier: 0.21 seconds
2025-02-10 12:01 | INFO | Training Time Active Learning Regressor: 0.66 seconds
2025-02-10 12:01 | INFO | Query 85 Active Learning Runtime on Validation Set: 90257.07
2025-02-10 12:01 | INFO | Query 85 Active Learning Runtime on Test Set: 62113.44
2025-02-10 12:01 | INFO | Query 85 Active Learning Instance Cost: 421192.21
2025-02-10 12:01 | INFO | Timeout limit is increased to 3600
2025-02-10 12:01 | INFO | Query 86 Size of the uncertainty table is = 201/1200
2025-02-10 12:01 | INFO | Query 86 Size of the filtered table is = 12
2025-02-10 12:01 | INFO | Training Time Active Learning Classifier: 0.22 seconds
2025-02-10 12:01 | INFO | Training Time Active Learning Regressor: 0.67 seconds
2025-02-10 12:01 | INFO | Query 86 Active Learning Runtime on Validation Set: 90257.07
2025-02-10 12:01 | INFO | Query 86 Active Learning Runtime on Test Set: 97207.96
2025-02-10 12:01 | INFO | Query 86 Active Learning Instance Cost: 443117.11
2025-02-10 12:01 | INFO | Timeout limit is increased to 3600
2025-02-10 12:01 | INFO | Query 87 Size of the uncertainty table is = 189/1200
2025-02-10 12:01 | INFO | Query 87 Size of the filtered table is = 12
2025-02-10 12:01 | INFO | Training Time Active Learning Classifier: 0.22 seconds
2025-02-10 12:01 | INFO | Training Time Active Learning Regressor: 0.67 seconds
2025-02-10 12:01 | INFO | Query 87 Active Learning Runtime on Validation Set: 90257.07
2025-02-10 12:01 | INFO | Query 87 Active Learning Runtime on Test Set: 62113.41
2025-02-10 12:01 | INFO | Query 87 Active Learning Instance Cost: 453356.3
2025-02-10 12:01 | INFO | Timeout limit is increased to 3600
2025-02-10 12:01 | INFO | Query 88 Size of the uncertainty table is = 177/1200
2025-02-10 12:01 | INFO | Query 88 Size of the filtered table is = 12
2025-02-10 12:01 | INFO | Training Time Active Learning Classifier: 0.22 seconds
2025-02-10 12:01 | INFO | Training Time Active Learning Regressor: 0.67 seconds
2025-02-10 12:01 | INFO | Query 88 Active Learning Runtime on Validation Set: 90257.07
2025-02-10 12:01 | INFO | Query 88 Active Learning Runtime on Test Set: 97207.97
2025-02-10 12:01 | INFO | Query 88 Active Learning Instance Cost: 463843.54
2025-02-10 12:01 | INFO | Timeout limit is increased to 3600
2025-02-10 12:01 | INFO | Query 89 Size of the uncertainty table is = 165/1200
2025-02-10 12:01 | INFO | Query 89 Size of the filtered table is = 12
2025-02-10 12:01 | INFO | Training Time Active Learning Classifier: 0.22 seconds
2025-02-10 12:01 | INFO | Training Time Active Learning Regressor: 0.69 seconds
2025-02-10 12:01 | INFO | Query 89 Active Learning Runtime on Validation Set: 90257.07
2025-02-10 12:01 | INFO | Query 89 Active Learning Runtime on Test Set: 97207.97
2025-02-10 12:01 | INFO | Query 89 Active Learning Instance Cost: 492928.53
2025-02-10 12:01 | INFO | Timeout limit is increased to 3600
2025-02-10 12:01 | INFO | Query 90 Size of the uncertainty table is = 153/1200
2025-02-10 12:01 | INFO | Query 90 Size of the filtered table is = 12
2025-02-10 12:01 | INFO | Training Time Active Learning Classifier: 0.23 seconds
2025-02-10 12:01 | INFO | Training Time Active Learning Regressor: 0.68 seconds
2025-02-10 12:01 | INFO | Query 90 Active Learning Runtime on Validation Set: 90257.07
2025-02-10 12:01 | INFO | Query 90 Active Learning Runtime on Test Set: 97208.0
2025-02-10 12:01 | INFO | Query 90 Active Learning Instance Cost: 522637.13
2025-02-10 12:01 | INFO | Timeout limit is increased to 3600
2025-02-10 12:01 | INFO | Query 91 Size of the uncertainty table is = 141/1200
2025-02-10 12:01 | INFO | Query 91 Size of the filtered table is = 12
2025-02-10 12:01 | INFO | Training Time Active Learning Classifier: 0.23 seconds
2025-02-10 12:01 | INFO | Training Time Active Learning Regressor: 0.69 seconds
2025-02-10 12:01 | INFO | Query 91 Active Learning Runtime on Validation Set: 90257.07
2025-02-10 12:01 | INFO | Query 91 Active Learning Runtime on Test Set: 97207.98
2025-02-10 12:01 | INFO | Query 91 Active Learning Instance Cost: 543864.34
2025-02-10 12:01 | INFO | Timeout limit is increased to 3600
2025-02-10 12:01 | INFO | Query 92 Size of the uncertainty table is = 129/1200
2025-02-10 12:01 | INFO | Query 92 Size of the filtered table is = 12
2025-02-10 12:01 | INFO | Training Time Active Learning Classifier: 0.23 seconds
2025-02-10 12:01 | INFO | Training Time Active Learning Regressor: 0.7 seconds
2025-02-10 12:01 | INFO | Query 92 Active Learning Runtime on Validation Set: 90257.07
2025-02-10 12:01 | INFO | Query 92 Active Learning Runtime on Test Set: 97207.98
2025-02-10 12:01 | INFO | Query 92 Active Learning Instance Cost: 554802.78
2025-02-10 12:01 | INFO | Timeout limit is increased to 3600
2025-02-10 12:01 | INFO | Query 93 Size of the uncertainty table is = 117/1200
2025-02-10 12:01 | INFO | Query 93 Size of the filtered table is = 12
2025-02-10 12:01 | INFO | Training Time Active Learning Classifier: 0.23 seconds
2025-02-10 12:01 | INFO | Training Time Active Learning Regressor: 0.7 seconds
2025-02-10 12:01 | INFO | Query 93 Active Learning Runtime on Validation Set: 90257.07
2025-02-10 12:01 | INFO | Query 93 Active Learning Runtime on Test Set: 97207.98
2025-02-10 12:01 | INFO | Query 93 Active Learning Instance Cost: 565668.87
2025-02-10 12:01 | INFO | Timeout limit is increased to 3600
2025-02-10 12:01 | INFO | Query 94 Size of the uncertainty table is = 105/1200
2025-02-10 12:01 | INFO | Query 94 Size of the filtered table is = 12
2025-02-10 12:01 | INFO | Training Time Active Learning Classifier: 0.23 seconds
2025-02-10 12:01 | INFO | Training Time Active Learning Regressor: 0.7 seconds
2025-02-10 12:01 | INFO | Query 94 Active Learning Runtime on Validation Set: 90257.07
2025-02-10 12:01 | INFO | Query 94 Active Learning Runtime on Test Set: 97208.01
2025-02-10 12:01 | INFO | Query 94 Active Learning Instance Cost: 567581.97
2025-02-10 12:01 | INFO | Timeout limit is increased to 3600
2025-02-10 12:01 | INFO | Query 95 Size of the uncertainty table is = 93/1200
2025-02-10 12:01 | INFO | Query 95 Size of the filtered table is = 12
2025-02-10 12:01 | INFO | Training Time Active Learning Classifier: 0.23 seconds
2025-02-10 12:01 | INFO | Training Time Active Learning Regressor: 0.71 seconds
2025-02-10 12:01 | INFO | Query 95 Active Learning Runtime on Validation Set: 90257.07
2025-02-10 12:01 | INFO | Query 95 Active Learning Runtime on Test Set: 97207.98
2025-02-10 12:01 | INFO | Query 95 Active Learning Instance Cost: 567594.36
2025-02-10 12:01 | INFO | Timeout limit is increased to 3600
2025-02-10 12:01 | INFO | Query 96 Size of the uncertainty table is = 81/1200
2025-02-10 12:01 | INFO | Query 96 Size of the filtered table is = 12
2025-02-10 12:01 | INFO | Training Time Active Learning Classifier: 0.23 seconds
2025-02-10 12:01 | INFO | Training Time Active Learning Regressor: 0.72 seconds
2025-02-10 12:01 | INFO | Query 96 Active Learning Runtime on Validation Set: 90257.07
2025-02-10 12:01 | INFO | Query 96 Active Learning Runtime on Test Set: 97207.96
2025-02-10 12:01 | INFO | Query 96 Active Learning Instance Cost: 567602.77
2025-02-10 12:01 | INFO | Timeout limit is increased to 3600
2025-02-10 12:01 | INFO | Query 97 Size of the uncertainty table is = 69/1200
2025-02-10 12:01 | INFO | Query 97 Size of the filtered table is = 12
2025-02-10 12:01 | INFO | Training Time Active Learning Classifier: 0.23 seconds
2025-02-10 12:01 | INFO | Training Time Active Learning Regressor: 0.73 seconds
2025-02-10 12:01 | INFO | Query 97 Active Learning Runtime on Validation Set: 90257.07
2025-02-10 12:01 | INFO | Query 97 Active Learning Runtime on Test Set: 97220.88
2025-02-10 12:01 | INFO | Query 97 Active Learning Instance Cost: 567888.06
2025-02-10 12:01 | INFO | Timeout limit is increased to 3600
2025-02-10 12:01 | INFO | Query 98 Size of the uncertainty table is = 57/1200
2025-02-10 12:01 | INFO | Query 98 Size of the filtered table is = 12
2025-02-10 12:01 | INFO | Training Time Active Learning Classifier: 0.24 seconds
2025-02-10 12:01 | INFO | Training Time Active Learning Regressor: 0.74 seconds
2025-02-10 12:01 | INFO | Query 98 Active Learning Runtime on Validation Set: 90257.07
2025-02-10 12:01 | INFO | Query 98 Active Learning Runtime on Test Set: 97208.06
2025-02-10 12:01 | INFO | Query 98 Active Learning Instance Cost: 567894.7
2025-02-10 12:01 | INFO | Timeout limit is increased to 3600
2025-02-10 12:01 | INFO | Query 99 Size of the uncertainty table is = 45/1200
2025-02-10 12:01 | INFO | Query 99 Size of the filtered table is = 12
2025-02-10 12:01 | INFO | Training Time Active Learning Classifier: 0.24 seconds
2025-02-10 12:01 | INFO | Training Time Active Learning Regressor: 0.73 seconds
2025-02-10 12:01 | INFO | Query 99 Active Learning Runtime on Validation Set: 90257.07
2025-02-10 12:01 | INFO | Query 99 Active Learning Runtime on Test Set: 97208.06
2025-02-10 12:01 | INFO | Query 99 Active Learning Instance Cost: 567911.87
2025-02-10 12:01 | INFO | Timeout limit is increased to 3600
2025-02-10 12:01 | INFO | Query 100 Size of the uncertainty table is = 33/1200
2025-02-10 12:01 | INFO | Query 100 Size of the filtered table is = 12
2025-02-10 12:01 | INFO | Training Time Active Learning Classifier: 0.29 seconds
2025-02-10 12:01 | INFO | Training Time Active Learning Regressor: 0.75 seconds
2025-02-10 12:01 | INFO | Query 100 Active Learning Runtime on Validation Set: 90257.07
2025-02-10 12:01 | INFO | Query 100 Active Learning Runtime on Test Set: 97208.06
2025-02-10 12:01 | INFO | Query 100 Active Learning Instance Cost: 567923.43
2025-02-10 12:01 | INFO | Timeout limit is increased to 3600
2025-02-10 12:01 | INFO | Query 101 Size of the uncertainty table is = 21/1200
2025-02-10 12:01 | INFO | Query 101 Size of the filtered table is = 12
2025-02-10 12:01 | INFO | Training Time Active Learning Classifier: 0.24 seconds
2025-02-10 12:01 | INFO | Training Time Active Learning Regressor: 0.76 seconds
2025-02-10 12:01 | INFO | Query 101 Active Learning Runtime on Validation Set: 90257.07
2025-02-10 12:01 | INFO | Query 101 Active Learning Runtime on Test Set: 97207.99
2025-02-10 12:01 | INFO | Query 101 Active Learning Instance Cost: 567927.41
2025-02-10 12:01 | INFO | Timeout limit is increased to 3600
2025-02-10 12:01 | INFO | Query 102 Size of the uncertainty table is = 9/1200
2025-02-10 12:01 | INFO | Query 102 Size of the filtered table is = 9
2025-02-10 12:01 | INFO | Training Time Active Learning Classifier: 0.24 seconds
2025-02-10 12:01 | INFO | Training Time Active Learning Regressor: 0.76 seconds
2025-02-10 12:01 | INFO | Query 102 Active Learning Runtime on Validation Set: 90257.07
2025-02-10 12:01 | INFO | Query 102 Active Learning Runtime on Test Set: 97207.97
2025-02-10 12:01 | INFO | Query 102 Active Learning Instance Cost: 567930.49
2025-02-10 12:01 | INFO | Timeout limit is increased to 3600
2025-02-10 12:01 | INFO | Active Learning Emissions: 0.0025931203505481846
2025-02-10 12:01 | INFO | Active Learning Energy Consumption: 0.0028213811583878453 kWh
2025-02-10 12:01 | INFO | runtime_test_score is written as json file
2025-02-10 12:01 | INFO | runtime_validation_score is written as json file
2025-02-10 12:01 | INFO | instance_cost is written as json file
2025-02-10 12:01 | INFO | Experiment is finished
