2025-02-10 12:45 | INFO | Paramaters are: {'dataset': 'MAXSAT-WPMS-2016', 'penalty': 10, 'weight': 'No_Weight', 'voting': 'Hard', 'pre_selection_size': 64, 'pre_selection_technique': 'No_pre_selection', 'feature_elimination_threshold': 20, 'imputer_strategy': 'median', 'feature_selection_technique': 'No_feature_selection', 'feature_scaling_technique': 'StandardScaler', 'priority': {'Uncertainty': 'max', 'PredDiff': 'max', 'PredCost': 'min'}, 'initial_train_size': 20, 'query_size': 1, 'timeout_predictor_usage': 'No', 'timeout_limit': 3600, 'timeout_increase_rate': 100, 'penalty_type': 'Only-timeout-penalty', 'RANDOM_STATE_SEED': 12345, 'n_splits': 10, 'split_number': 5, 'max_timeout': 3600, 'param_grid': {'n_estimators': 100, 'max_features': 'sqrt', 'max_depth': 2147483648, 'min_samples_split': 2, 'bootstrap': True}}
2025-02-10 12:45 | INFO | MAXSAT-WPMS-2016 is current dataset
2025-02-10 12:45 | INFO | DATASETS/MAXSAT-WPMS-2016/algorithm_runs.arff is found
2025-02-10 12:45 | INFO | DATASETS/MAXSAT-WPMS-2016/algorithm_runs.arff is finished
2025-02-10 12:45 | INFO | DATASETS/MAXSAT-WPMS-2016/feature_values.arff is found
2025-02-10 12:45 | INFO | DATASETS/MAXSAT-WPMS-2016/feature_values.arff is finished
2025-02-10 12:45 | INFO | DATASETS/MAXSAT-WPMS-2016/feature_costs.arff is found
2025-02-10 12:45 | INFO | DATASETS/MAXSAT-WPMS-2016/feature_costs.arff is finished
2025-02-10 12:45 | INFO | Virtual best solver time in train = 42362.75
2025-02-10 12:45 | INFO | Single best solver list train = {'CCEHC2akms': 13003934.42, 'CCLS2akms': 13287464.48, 'LMHS-2016': 2753464.57, 'Naps-1.02-ms': 10670197.75, 'Open-WBO16': 4223083.76, 'Optiriss6': 8330648.54, 'QMaxSAT14': 5401782.21, 'QMaxSAT16UC': 5364789.19, 'WMaxSatz+': 11572443.7, 'WMaxSatz09': 11606584.37, 'WPM3-2015-co': 4725080.07, 'ahms-1.70': 12966324.37, 'ahms-ls-1.70': 13071623.79, 'maxhs-b': 1168679.32, 'maxino16-c10': 3723796.67, 'maxino16-dis': 3755505.5, 'mscg2015a': 4079926.45, 'mscg2015b': 3657348.07}
2025-02-10 12:45 | INFO | Single best solver time train = maxhs-b (1168679.32)
2025-02-10 12:45 | INFO | Virtual best solver time in validation = 4927.69
2025-02-10 12:45 | INFO | Single best solver list validation = {'CCEHC2akms': 3528000.0, 'CCLS2akms': 3528000.0, 'LMHS-2016': 1167260.04, 'Naps-1.02-ms': 2809582.88, 'Open-WBO16': 435279.65, 'Optiriss6': 543814.65, 'QMaxSAT14': 1142460.32, 'QMaxSAT16UC': 1107349.12, 'WMaxSatz+': 3493369.8, 'WMaxSatz09': 3493359.74, 'WPM3-2015-co': 114919.77, 'ahms-1.70': 2925646.64, 'ahms-ls-1.70': 2959396.68, 'maxhs-b': 302585.15, 'maxino16-c10': 222208.07, 'maxino16-dis': 111014.13, 'mscg2015a': 110962.56, 'mscg2015b': 113008.67}
2025-02-10 12:45 | INFO | Single best solver time validation = mscg2015a (110962.56)
2025-02-10 12:45 | INFO | Virtual best solver time in test = 8121.09
2025-02-10 12:45 | INFO | Single best solver list test = {'CCEHC2akms': 1692721.58, 'CCLS2akms': 1764415.47, 'LMHS-2016': 509665.42, 'Naps-1.02-ms': 1440921.58, 'Open-WBO16': 612351.18, 'Optiriss6': 865777.45, 'QMaxSAT14': 803314.92, 'QMaxSAT16UC': 768186.73, 'WMaxSatz+': 1620945.5, 'WMaxSatz09': 1620929.3, 'WPM3-2015-co': 650265.61, 'ahms-1.70': 1657254.94, 'ahms-ls-1.70': 1622515.75, 'maxhs-b': 153188.81, 'maxino16-c10': 542536.0, 'maxino16-dis': 541500.48, 'mscg2015a': 434988.47, 'mscg2015b': 434237.86}
2025-02-10 12:45 | INFO | Single best solver time test = maxhs-b (153188.81)
2025-02-10 12:46 | INFO | Training Time Passive Learning Classifier: 10.63 seconds
2025-02-10 12:46 | INFO | Training Time Passive Learning Regressor: 1.66 seconds
2025-02-10 12:47 | INFO | Passive Learning Classifier Runtime on Validation Set: 218593.91
2025-02-10 12:47 | INFO | Passive Learning Classifier Runtime on Test Set: 9732.23
2025-02-10 12:47 | INFO | Passive Learning Instance Cost: 13644677.23
2025-02-10 12:47 | INFO | Passive Learning Emissions: 0.000861484343935109
2025-02-10 12:47 | INFO | Passive Learning Energy Consumption: 0.000937316964756691 kWh
2025-02-10 12:47 | INFO | Training Time Active Learning Classifier: 8.25 seconds
2025-02-10 12:47 | INFO | Training Time Active Learning Regressor: 0.83 seconds
2025-02-10 12:48 | INFO | Initial Active Learning Runtime on Validation Set: 111285.29
2025-02-10 12:48 | INFO | Initial Active Learning Runtime on Test Set: 148769.45
2025-02-10 12:48 | INFO | Initial Active Learning Instance Cost: 622652.21
2025-02-10 12:48 | INFO | Bin size = 565
2025-02-10 12:48 | INFO | Query 1 Size of the uncertainty table is = 56457/56457
2025-02-10 12:48 | INFO | Query 1 Size of the filtered table is = 565
2025-02-10 12:48 | INFO | Training Time Active Learning Classifier: 8.11 seconds
2025-02-10 12:48 | INFO | Training Time Active Learning Regressor: 0.93 seconds
2025-02-10 12:49 | INFO | Query 1 Active Learning Runtime on Validation Set: 111265.34
2025-02-10 12:49 | INFO | Query 1 Active Learning Runtime on Test Set: 149534.72999999998
2025-02-10 12:49 | INFO | Query 1 Active Learning Instance Cost: 2682571.48
2025-02-10 12:50 | INFO | Query 2 Size of the uncertainty table is = 54437/56457
2025-02-10 12:50 | INFO | Query 2 Size of the filtered table is = 565
2025-02-10 12:50 | INFO | Training Time Active Learning Classifier: 8.2 seconds
2025-02-10 12:50 | INFO | Training Time Active Learning Regressor: 1.04 seconds
2025-02-10 12:51 | INFO | Query 2 Active Learning Runtime on Validation Set: 147535.09
2025-02-10 12:51 | INFO | Query 2 Active Learning Runtime on Test Set: 114614.06
2025-02-10 12:51 | INFO | Query 2 Active Learning Instance Cost: 4556130.63
2025-02-10 12:51 | INFO | Timeout limit is increased to 3600
2025-02-10 12:52 | INFO | Query 3 Size of the uncertainty table is = 50603/56457
2025-02-10 12:52 | INFO | Query 3 Size of the filtered table is = 565
2025-02-10 12:52 | INFO | Training Time Active Learning Classifier: 8.51 seconds
2025-02-10 12:52 | INFO | Training Time Active Learning Regressor: 1.14 seconds
2025-02-10 12:53 | INFO | Query 3 Active Learning Runtime on Validation Set: 218594.68
2025-02-10 12:53 | INFO | Query 3 Active Learning Runtime on Test Set: 79158.06
2025-02-10 12:53 | INFO | Query 3 Active Learning Instance Cost: 5801219.37
2025-02-10 12:53 | INFO | Timeout limit is increased to 3600
2025-02-10 12:53 | INFO | Query 4 Size of the uncertainty table is = 45938/56457
2025-02-10 12:53 | INFO | Query 4 Size of the filtered table is = 565
2025-02-10 12:53 | INFO | Training Time Active Learning Classifier: 8.84 seconds
2025-02-10 12:54 | INFO | Training Time Active Learning Regressor: 1.24 seconds
2025-02-10 12:55 | INFO | Query 4 Active Learning Runtime on Validation Set: 218596.08
2025-02-10 12:55 | INFO | Query 4 Active Learning Runtime on Test Set: 79434.73
2025-02-10 12:55 | INFO | Query 4 Active Learning Instance Cost: 7264132.45
2025-02-10 12:55 | INFO | Timeout limit is increased to 3600
2025-02-10 12:55 | INFO | Query 5 Size of the uncertainty table is = 39777/56457
2025-02-10 12:55 | INFO | Query 5 Size of the filtered table is = 565
2025-02-10 12:55 | INFO | Training Time Active Learning Classifier: 8.97 seconds
2025-02-10 12:55 | INFO | Training Time Active Learning Regressor: 1.3 seconds
2025-02-10 12:56 | INFO | Query 5 Active Learning Runtime on Validation Set: 146333.02
2025-02-10 12:56 | INFO | Query 5 Active Learning Runtime on Test Set: 79432.70999999999
2025-02-10 12:56 | INFO | Query 5 Active Learning Instance Cost: 9142665.4
2025-02-10 12:57 | INFO | Query 6 Size of the uncertainty table is = 34533/56457
2025-02-10 12:57 | INFO | Query 6 Size of the filtered table is = 565
2025-02-10 12:57 | INFO | Training Time Active Learning Classifier: 9.33 seconds
2025-02-10 12:57 | INFO | Training Time Active Learning Regressor: 1.39 seconds
2025-02-10 12:58 | INFO | Query 6 Active Learning Runtime on Validation Set: 218654.02
2025-02-10 12:58 | INFO | Query 6 Active Learning Runtime on Test Set: 79306.37999999999
2025-02-10 12:58 | INFO | Query 6 Active Learning Instance Cost: 10111742.19
2025-02-10 12:58 | INFO | Timeout limit is increased to 3600
2025-02-10 12:59 | INFO | Query 7 Size of the uncertainty table is = 29061/56457
2025-02-10 12:59 | INFO | Query 7 Size of the filtered table is = 565
2025-02-10 12:59 | INFO | Training Time Active Learning Classifier: 9.67 seconds
2025-02-10 12:59 | INFO | Training Time Active Learning Regressor: 1.44 seconds
2025-02-10 13:00 | INFO | Query 7 Active Learning Runtime on Validation Set: 218656.94999999998
2025-02-10 13:00 | INFO | Query 7 Active Learning Runtime on Test Set: 79274.07999999999
2025-02-10 13:00 | INFO | Query 7 Active Learning Instance Cost: 10752777.45
2025-02-10 13:00 | INFO | Timeout limit is increased to 3600
2025-02-10 13:00 | INFO | Query 8 Size of the uncertainty table is = 24665/56457
2025-02-10 13:00 | INFO | Query 8 Size of the filtered table is = 565
2025-02-10 13:00 | INFO | Training Time Active Learning Classifier: 9.82 seconds
2025-02-10 13:00 | INFO | Training Time Active Learning Regressor: 1.5 seconds
2025-02-10 13:02 | INFO | Query 8 Active Learning Runtime on Validation Set: 218594.11
2025-02-10 13:02 | INFO | Query 8 Active Learning Runtime on Test Set: 79402.01999999999
2025-02-10 13:02 | INFO | Query 8 Active Learning Instance Cost: 11709541.18
2025-02-10 13:02 | INFO | Query 9 Size of the uncertainty table is = 19338/56457
2025-02-10 13:02 | INFO | Query 9 Size of the filtered table is = 565
2025-02-10 13:02 | INFO | Training Time Active Learning Classifier: 10.07 seconds
2025-02-10 13:02 | INFO | Training Time Active Learning Regressor: 1.58 seconds
2025-02-10 13:03 | INFO | Query 9 Active Learning Runtime on Validation Set: 218656.27
2025-02-10 13:03 | INFO | Query 9 Active Learning Runtime on Test Set: 79274.01999999999
2025-02-10 13:03 | INFO | Query 9 Active Learning Instance Cost: 12709218.85
2025-02-10 13:03 | INFO | Timeout limit is increased to 3600
2025-02-10 13:03 | INFO | Query 10 Size of the uncertainty table is = 13335/56457
2025-02-10 13:03 | INFO | Query 10 Size of the filtered table is = 565
2025-02-10 13:04 | INFO | Training Time Active Learning Classifier: 10.35 seconds
2025-02-10 13:04 | INFO | Training Time Active Learning Regressor: 1.62 seconds
2025-02-10 13:05 | INFO | Query 10 Active Learning Runtime on Validation Set: 218656.72999999998
2025-02-10 13:05 | INFO | Query 10 Active Learning Runtime on Test Set: 79274.0
2025-02-10 13:05 | INFO | Query 10 Active Learning Instance Cost: 13178613.22
2025-02-10 13:05 | INFO | Timeout limit is increased to 3600
2025-02-10 13:05 | INFO | Query 11 Size of the uncertainty table is = 8786/56457
2025-02-10 13:05 | INFO | Query 11 Size of the filtered table is = 565
2025-02-10 13:05 | INFO | Training Time Active Learning Classifier: 10.47 seconds
2025-02-10 13:05 | INFO | Training Time Active Learning Regressor: 1.66 seconds
2025-02-10 13:06 | INFO | Query 11 Active Learning Runtime on Validation Set: 218595.38999999998
2025-02-10 13:06 | INFO | Query 11 Active Learning Runtime on Test Set: 44827.39
2025-02-10 13:06 | INFO | Query 11 Active Learning Instance Cost: 13627256.84
2025-02-10 13:06 | INFO | Query 12 Size of the uncertainty table is = 3570/56457
2025-02-10 13:06 | INFO | Query 12 Size of the filtered table is = 565
2025-02-10 13:07 | INFO | Training Time Active Learning Classifier: 10.64 seconds
2025-02-10 13:07 | INFO | Training Time Active Learning Regressor: 1.68 seconds
2025-02-10 13:08 | INFO | Query 12 Active Learning Runtime on Validation Set: 218594.24
2025-02-10 13:08 | INFO | Query 12 Active Learning Runtime on Test Set: 9732.89
2025-02-10 13:08 | INFO | Query 12 Active Learning Instance Cost: 13644384.52
2025-02-10 13:08 | INFO | Query 13 Size of the uncertainty table is = 1134/56457
2025-02-10 13:08 | INFO | Query 13 Size of the filtered table is = 565
2025-02-10 13:08 | INFO | Training Time Active Learning Classifier: 10.7 seconds
2025-02-10 13:08 | INFO | Training Time Active Learning Regressor: 1.69 seconds
2025-02-10 13:09 | INFO | Query 13 Active Learning Runtime on Validation Set: 218928.41999999998
2025-02-10 13:09 | INFO | Query 13 Active Learning Runtime on Test Set: 9732.89
2025-02-10 13:09 | INFO | Query 13 Active Learning Instance Cost: 13644677.23
2025-02-10 13:09 | INFO | Timeout limit is increased to 3600
2025-02-10 13:09 | INFO | Active Learning Emissions: 0.015702136345512534
2025-02-10 13:09 | INFO | Active Learning Energy Consumption: 0.017084325308040823 kWh
2025-02-10 13:09 | INFO | runtime_test_score is written as json file
2025-02-10 13:09 | INFO | runtime_validation_score is written as json file
2025-02-10 13:09 | INFO | instance_cost is written as json file
2025-02-10 13:09 | INFO | Experiment is finished
