2025-02-10 12:48 | INFO | Paramaters are: {'dataset': 'MAXSAT-WPMS-2016', 'penalty': 10, 'weight': 'No_Weight', 'voting': 'Hard', 'pre_selection_size': 64, 'pre_selection_technique': 'No_pre_selection', 'feature_elimination_threshold': 20, 'imputer_strategy': 'median', 'feature_selection_technique': 'No_feature_selection', 'feature_scaling_technique': 'StandardScaler', 'priority': {'PredDiff': 'max', 'Uncertainty': 'max', 'PredCost': 'min'}, 'initial_train_size': 20, 'query_size': 1, 'timeout_predictor_usage': 'No', 'timeout_limit': 100, 'timeout_increase_rate': 100, 'penalty_type': 'Only-timeout-penalty', 'RANDOM_STATE_SEED': 99, 'n_splits': 10, 'split_number': 9, 'max_timeout': 3600, 'param_grid': {'n_estimators': 100, 'max_features': 'sqrt', 'max_depth': 2147483648, 'min_samples_split': 2, 'bootstrap': True}}
2025-02-10 12:48 | INFO | MAXSAT-WPMS-2016 is current dataset
2025-02-10 12:48 | INFO | DATASETS/MAXSAT-WPMS-2016/algorithm_runs.arff is found
2025-02-10 12:48 | INFO | DATASETS/MAXSAT-WPMS-2016/algorithm_runs.arff is finished
2025-02-10 12:48 | INFO | DATASETS/MAXSAT-WPMS-2016/feature_values.arff is found
2025-02-10 12:48 | INFO | DATASETS/MAXSAT-WPMS-2016/feature_values.arff is finished
2025-02-10 12:48 | INFO | DATASETS/MAXSAT-WPMS-2016/feature_costs.arff is found
2025-02-10 12:48 | INFO | DATASETS/MAXSAT-WPMS-2016/feature_costs.arff is finished
2025-02-10 12:48 | INFO | Virtual best solver time in train = 45756.52
2025-02-10 12:48 | INFO | Single best solver list train = {'CCEHC2akms': 12931915.24, 'CCLS2akms': 13215457.59, 'LMHS-2016': 2721187.6, 'Naps-1.02-ms': 10956476.2, 'Open-WBO16': 4475026.21, 'Optiriss6': 8546989.13, 'QMaxSAT14': 5727926.58, 'QMaxSAT16UC': 5656345.49, 'WMaxSatz+': 11500613.21, 'WMaxSatz09': 11534732.04, 'WPM3-2015-co': 4978950.76, 'ahms-1.70': 12894325.0, 'ahms-ls-1.70': 12965413.54, 'maxhs-b': 1136456.26, 'maxino16-c10': 3940791.54, 'maxino16-dis': 3901047.79, 'mscg2015a': 4189968.53, 'mscg2015b': 3800282.05}
2025-02-10 12:48 | INFO | Single best solver time train = maxhs-b (1136456.26)
2025-02-10 12:48 | INFO | Virtual best solver time in validation = 4843.47
2025-02-10 12:48 | INFO | Single best solver list validation = {'CCEHC2akms': 3528000.0, 'CCLS2akms': 3528000.0, 'LMHS-2016': 1092078.16, 'Naps-1.02-ms': 2665658.13, 'Open-WBO16': 327380.29, 'Optiriss6': 436093.73, 'QMaxSAT14': 1035675.94, 'QMaxSAT16UC': 1000569.75, 'WMaxSatz+': 3493369.8, 'WMaxSatz09': 3493359.74, 'WPM3-2015-co': 114127.61, 'ahms-1.70': 2959871.05, 'ahms-ls-1.70': 2994456.57, 'maxhs-b': 230567.05, 'maxino16-c10': 185949.07, 'maxino16-dis': 110511.16, 'mscg2015a': 110120.33, 'mscg2015b': 112891.51}
2025-02-10 12:48 | INFO | Single best solver time validation = mscg2015a (110120.33)
2025-02-10 12:48 | INFO | Virtual best solver time in test = 4811.54
2025-02-10 12:48 | INFO | Single best solver list test = {'CCEHC2akms': 1764740.76, 'CCLS2akms': 1836422.36, 'LMHS-2016': 617124.27, 'Naps-1.02-ms': 1298567.88, 'Open-WBO16': 468308.09, 'Optiriss6': 757157.78, 'QMaxSAT14': 583954.93, 'QMaxSAT16UC': 583409.8, 'WMaxSatz+': 1692775.99, 'WMaxSatz09': 1692781.63, 'WPM3-2015-co': 397187.08, 'ahms-1.70': 1695029.9, 'ahms-ls-1.70': 1693666.11, 'maxhs-b': 257429.97, 'maxino16-c10': 361800.13, 'maxino16-dis': 396461.16, 'mscg2015a': 325788.62, 'mscg2015b': 291421.04}
2025-02-10 12:48 | INFO | Single best solver time test = maxhs-b (257429.97)
2025-02-10 12:49 | INFO | Training Time Passive Learning Classifier: 10.51 seconds
2025-02-10 12:49 | INFO | Training Time Passive Learning Regressor: 1.64 seconds
2025-02-10 12:50 | INFO | Passive Learning Classifier Runtime on Validation Set: 109630.44
2025-02-10 12:50 | INFO | Passive Learning Classifier Runtime on Test Set: 112485.86
2025-02-10 12:50 | INFO | Passive Learning Instance Cost: 13833104.76
2025-02-10 12:50 | INFO | Passive Learning Emissions: 0.0008589347290129246
2025-02-10 12:50 | INFO | Passive Learning Energy Consumption: 0.0009345429186153019 kWh
2025-02-10 12:50 | INFO | Training Time Active Learning Classifier: 8.08 seconds
2025-02-10 12:50 | INFO | Training Time Active Learning Regressor: 0.81 seconds
2025-02-10 12:51 | INFO | Initial Active Learning Runtime on Validation Set: 183987.07
2025-02-10 12:51 | INFO | Initial Active Learning Runtime on Test Set: 326701.88
2025-02-10 12:51 | INFO | Initial Active Learning Instance Cost: 24889.85
2025-02-10 12:51 | INFO | Bin size = 565
2025-02-10 12:51 | INFO | Query 1 Size of the uncertainty table is = 55628/56457
2025-02-10 12:51 | INFO | Query 1 Size of the filtered table is = 565
2025-02-10 12:51 | INFO | Training Time Active Learning Classifier: 7.85 seconds
2025-02-10 12:51 | INFO | Training Time Active Learning Regressor: 0.84 seconds
2025-02-10 12:52 | INFO | Query 1 Active Learning Runtime on Validation Set: 183987.07
2025-02-10 12:52 | INFO | Query 1 Active Learning Runtime on Test Set: 326701.88
2025-02-10 12:52 | INFO | Query 1 Active Learning Instance Cost: 81151.21
2025-02-10 12:52 | INFO | Timeout limit is increased to 200
2025-02-10 12:53 | INFO | Query 2 Size of the uncertainty table is = 56859/56457
2025-02-10 12:53 | INFO | Query 2 Size of the filtered table is = 565
2025-02-10 12:53 | INFO | Training Time Active Learning Classifier: 7.88 seconds
2025-02-10 12:53 | INFO | Training Time Active Learning Regressor: 0.84 seconds
2025-02-10 12:54 | INFO | Query 2 Active Learning Runtime on Validation Set: 183987.0
2025-02-10 12:54 | INFO | Query 2 Active Learning Runtime on Test Set: 326701.91000000003
2025-02-10 12:54 | INFO | Query 2 Active Learning Instance Cost: 143618.2
2025-02-10 12:54 | INFO | Query 3 Size of the uncertainty table is = 55989/56457
2025-02-10 12:54 | INFO | Query 3 Size of the filtered table is = 565
2025-02-10 12:54 | INFO | Training Time Active Learning Classifier: 7.93 seconds
2025-02-10 12:54 | INFO | Training Time Active Learning Regressor: 0.85 seconds
2025-02-10 12:56 | INFO | Query 3 Active Learning Runtime on Validation Set: 183987.0
2025-02-10 12:56 | INFO | Query 3 Active Learning Runtime on Test Set: 326701.87
2025-02-10 12:56 | INFO | Query 3 Active Learning Instance Cost: 156796.11
2025-02-10 12:56 | INFO | Timeout limit is increased to 300
2025-02-10 12:56 | INFO | Query 4 Size of the uncertainty table is = 55135/56457
2025-02-10 12:56 | INFO | Query 4 Size of the filtered table is = 565
2025-02-10 12:56 | INFO | Training Time Active Learning Classifier: 8.02 seconds
2025-02-10 12:56 | INFO | Training Time Active Learning Regressor: 0.86 seconds
2025-02-10 12:57 | INFO | Query 4 Active Learning Runtime on Validation Set: 183990.05000000002
2025-02-10 12:57 | INFO | Query 4 Active Learning Runtime on Test Set: 326701.87
2025-02-10 12:57 | INFO | Query 4 Active Learning Instance Cost: 189135.48
2025-02-10 12:57 | INFO | Timeout limit is increased to 400
2025-02-10 12:58 | INFO | Query 5 Size of the uncertainty table is = 54218/56457
2025-02-10 12:58 | INFO | Query 5 Size of the filtered table is = 565
2025-02-10 12:58 | INFO | Training Time Active Learning Classifier: 7.94 seconds
2025-02-10 12:58 | INFO | Training Time Active Learning Regressor: 0.87 seconds
2025-02-10 12:59 | INFO | Query 5 Active Learning Runtime on Validation Set: 183990.05000000002
2025-02-10 12:59 | INFO | Query 5 Active Learning Runtime on Test Set: 326700.76
2025-02-10 12:59 | INFO | Query 5 Active Learning Instance Cost: 270879.38
2025-02-10 12:59 | INFO | Timeout limit is increased to 500
2025-02-10 12:59 | INFO | Query 6 Size of the uncertainty table is = 53340/56457
2025-02-10 12:59 | INFO | Query 6 Size of the filtered table is = 565
2025-02-10 12:59 | INFO | Training Time Active Learning Classifier: 8.04 seconds
2025-02-10 12:59 | INFO | Training Time Active Learning Regressor: 0.87 seconds
2025-02-10 13:00 | INFO | Query 6 Active Learning Runtime on Validation Set: 183990.26
2025-02-10 13:00 | INFO | Query 6 Active Learning Runtime on Test Set: 326704.29000000004
2025-02-10 13:00 | INFO | Query 6 Active Learning Instance Cost: 340690.64
2025-02-10 13:00 | INFO | Timeout limit is increased to 600
2025-02-10 13:01 | INFO | Query 7 Size of the uncertainty table is = 52219/56457
2025-02-10 13:01 | INFO | Query 7 Size of the filtered table is = 565
2025-02-10 13:01 | INFO | Training Time Active Learning Classifier: 7.97 seconds
2025-02-10 13:01 | INFO | Training Time Active Learning Regressor: 0.88 seconds
2025-02-10 13:02 | INFO | Query 7 Active Learning Runtime on Validation Set: 183278.04
2025-02-10 13:02 | INFO | Query 7 Active Learning Runtime on Test Set: 326807.62
2025-02-10 13:02 | INFO | Query 7 Active Learning Instance Cost: 403263.69
2025-02-10 13:03 | INFO | Query 8 Size of the uncertainty table is = 51037/56457
2025-02-10 13:03 | INFO | Query 8 Size of the filtered table is = 565
2025-02-10 13:03 | INFO | Training Time Active Learning Classifier: 7.97 seconds
2025-02-10 13:03 | INFO | Training Time Active Learning Regressor: 0.89 seconds
2025-02-10 13:04 | INFO | Query 8 Active Learning Runtime on Validation Set: 183986.24000000002
2025-02-10 13:04 | INFO | Query 8 Active Learning Runtime on Test Set: 326815.76
2025-02-10 13:04 | INFO | Query 8 Active Learning Instance Cost: 405113.8
2025-02-10 13:04 | INFO | Timeout limit is increased to 700
2025-02-10 13:04 | INFO | Query 9 Size of the uncertainty table is = 49785/56457
2025-02-10 13:04 | INFO | Query 9 Size of the filtered table is = 565
2025-02-10 13:04 | INFO | Training Time Active Learning Classifier: 8.01 seconds
2025-02-10 13:04 | INFO | Training Time Active Learning Regressor: 0.9 seconds
2025-02-10 13:05 | INFO | Query 9 Active Learning Runtime on Validation Set: 183985.67
2025-02-10 13:05 | INFO | Query 9 Active Learning Runtime on Test Set: 290957.9
2025-02-10 13:05 | INFO | Query 9 Active Learning Instance Cost: 488932.42
2025-02-10 13:06 | INFO | Query 10 Size of the uncertainty table is = 48704/56457
2025-02-10 13:06 | INFO | Query 10 Size of the filtered table is = 565
2025-02-10 13:06 | INFO | Training Time Active Learning Classifier: 8.07 seconds
2025-02-10 13:06 | INFO | Training Time Active Learning Regressor: 0.93 seconds
2025-02-10 13:07 | INFO | Query 10 Active Learning Runtime on Validation Set: 182607.45
2025-02-10 13:07 | INFO | Query 10 Active Learning Runtime on Test Set: 325787.83
2025-02-10 13:07 | INFO | Query 10 Active Learning Instance Cost: 591199.92
2025-02-10 13:07 | INFO | Query 11 Size of the uncertainty table is = 47943/56457
2025-02-10 13:07 | INFO | Query 11 Size of the filtered table is = 565
2025-02-10 13:08 | INFO | Training Time Active Learning Classifier: 8.21 seconds
2025-02-10 13:08 | INFO | Training Time Active Learning Regressor: 0.94 seconds
2025-02-10 13:09 | INFO | Query 11 Active Learning Runtime on Validation Set: 182604.72
2025-02-10 13:09 | INFO | Query 11 Active Learning Runtime on Test Set: 325540.13
2025-02-10 13:09 | INFO | Query 11 Active Learning Instance Cost: 675167.88
2025-02-10 13:09 | INFO | Query 12 Size of the uncertainty table is = 46863/56457
2025-02-10 13:09 | INFO | Query 12 Size of the filtered table is = 565
2025-02-10 13:09 | INFO | Training Time Active Learning Classifier: 8.17 seconds
2025-02-10 13:09 | INFO | Training Time Active Learning Regressor: 0.98 seconds
2025-02-10 13:10 | INFO | Query 12 Active Learning Runtime on Validation Set: 182586.76
2025-02-10 13:10 | INFO | Query 12 Active Learning Runtime on Test Set: 325539.97000000003
2025-02-10 13:10 | INFO | Query 12 Active Learning Instance Cost: 746469.66
2025-02-10 13:11 | INFO | Query 13 Size of the uncertainty table is = 45908/56457
2025-02-10 13:11 | INFO | Query 13 Size of the filtered table is = 565
2025-02-10 13:11 | INFO | Training Time Active Learning Classifier: 8.3 seconds
2025-02-10 13:11 | INFO | Training Time Active Learning Regressor: 0.99 seconds
2025-02-10 13:12 | INFO | Query 13 Active Learning Runtime on Validation Set: 113843.47
2025-02-10 13:12 | INFO | Query 13 Active Learning Runtime on Test Set: 326717.43
2025-02-10 13:12 | INFO | Query 13 Active Learning Instance Cost: 768979.35
2025-02-10 13:13 | INFO | Query 14 Size of the uncertainty table is = 44865/56457
2025-02-10 13:13 | INFO | Query 14 Size of the filtered table is = 565
2025-02-10 13:13 | INFO | Training Time Active Learning Classifier: 8.25 seconds
2025-02-10 13:13 | INFO | Training Time Active Learning Regressor: 1.01 seconds
2025-02-10 13:14 | INFO | Query 14 Active Learning Runtime on Validation Set: 77567.45
2025-02-10 13:14 | INFO | Query 14 Active Learning Runtime on Test Set: 325672.26
2025-02-10 13:14 | INFO | Query 14 Active Learning Instance Cost: 781676.97
2025-02-10 13:14 | INFO | Query 15 Size of the uncertainty table is = 43848/56457
2025-02-10 13:14 | INFO | Query 15 Size of the filtered table is = 565
2025-02-10 13:15 | INFO | Training Time Active Learning Classifier: 8.39 seconds
2025-02-10 13:15 | INFO | Training Time Active Learning Regressor: 1.03 seconds
2025-02-10 13:16 | INFO | Query 15 Active Learning Runtime on Validation Set: 149765.17
2025-02-10 13:16 | INFO | Query 15 Active Learning Runtime on Test Set: 362645.53
2025-02-10 13:16 | INFO | Query 15 Active Learning Instance Cost: 801372.55
2025-02-10 13:16 | INFO | Timeout limit is increased to 800
2025-02-10 13:16 | INFO | Query 16 Size of the uncertainty table is = 42646/56457
2025-02-10 13:16 | INFO | Query 16 Size of the filtered table is = 565
2025-02-10 13:16 | INFO | Training Time Active Learning Classifier: 8.45 seconds
2025-02-10 13:16 | INFO | Training Time Active Learning Regressor: 1.06 seconds
2025-02-10 13:17 | INFO | Query 16 Active Learning Runtime on Validation Set: 149766.14
2025-02-10 13:17 | INFO | Query 16 Active Learning Runtime on Test Set: 326559.75
2025-02-10 13:17 | INFO | Query 16 Active Learning Instance Cost: 888764.4
2025-02-10 13:17 | INFO | Timeout limit is increased to 900
2025-02-10 13:18 | INFO | Query 17 Size of the uncertainty table is = 41613/56457
2025-02-10 13:18 | INFO | Query 17 Size of the filtered table is = 565
2025-02-10 13:18 | INFO | Training Time Active Learning Classifier: 8.35 seconds
2025-02-10 13:18 | INFO | Training Time Active Learning Regressor: 1.08 seconds
2025-02-10 13:19 | INFO | Query 17 Active Learning Runtime on Validation Set: 115353.03
2025-02-10 13:19 | INFO | Query 17 Active Learning Runtime on Test Set: 326559.75
2025-02-10 13:19 | INFO | Query 17 Active Learning Instance Cost: 1075160.07
2025-02-10 13:20 | INFO | Query 18 Size of the uncertainty table is = 40783/56457
2025-02-10 13:20 | INFO | Query 18 Size of the filtered table is = 565
2025-02-10 13:20 | INFO | Training Time Active Learning Classifier: 8.52 seconds
2025-02-10 13:20 | INFO | Training Time Active Learning Regressor: 1.11 seconds
2025-02-10 13:21 | INFO | Query 18 Active Learning Runtime on Validation Set: 149766.64
2025-02-10 13:21 | INFO | Query 18 Active Learning Runtime on Test Set: 254981.45
2025-02-10 13:21 | INFO | Query 18 Active Learning Instance Cost: 1223200.85
2025-02-10 13:21 | INFO | Timeout limit is increased to 1000
2025-02-10 13:21 | INFO | Query 19 Size of the uncertainty table is = 39717/56457
2025-02-10 13:21 | INFO | Query 19 Size of the filtered table is = 565
2025-02-10 13:22 | INFO | Training Time Active Learning Classifier: 8.49 seconds
2025-02-10 13:22 | INFO | Training Time Active Learning Regressor: 1.16 seconds
2025-02-10 13:23 | INFO | Query 19 Active Learning Runtime on Validation Set: 186829.04
2025-02-10 13:23 | INFO | Query 19 Active Learning Runtime on Test Set: 149512.51
2025-02-10 13:23 | INFO | Query 19 Active Learning Instance Cost: 1518172.49
2025-02-10 13:23 | INFO | Timeout limit is increased to 1100
2025-02-10 13:23 | INFO | Query 20 Size of the uncertainty table is = 38599/56457
2025-02-10 13:23 | INFO | Query 20 Size of the filtered table is = 565
2025-02-10 13:23 | INFO | Training Time Active Learning Classifier: 8.56 seconds
2025-02-10 13:23 | INFO | Training Time Active Learning Regressor: 1.22 seconds
2025-02-10 13:24 | INFO | Query 20 Active Learning Runtime on Validation Set: 149924.43000000002
2025-02-10 13:24 | INFO | Query 20 Active Learning Runtime on Test Set: 114987.14
2025-02-10 13:24 | INFO | Query 20 Active Learning Instance Cost: 1877633.86
2025-02-10 13:25 | INFO | Query 21 Size of the uncertainty table is = 37375/56457
2025-02-10 13:25 | INFO | Query 21 Size of the filtered table is = 565
2025-02-10 13:25 | INFO | Training Time Active Learning Classifier: 8.63 seconds
2025-02-10 13:25 | INFO | Training Time Active Learning Regressor: 1.25 seconds
2025-02-10 13:26 | INFO | Query 21 Active Learning Runtime on Validation Set: 184436.99000000002
2025-02-10 13:26 | INFO | Query 21 Active Learning Runtime on Test Set: 218729.51
2025-02-10 13:26 | INFO | Query 21 Active Learning Instance Cost: 2239247.08
2025-02-10 13:26 | INFO | Timeout limit is increased to 1200
2025-02-10 13:27 | INFO | Query 22 Size of the uncertainty table is = 36487/56457
2025-02-10 13:27 | INFO | Query 22 Size of the filtered table is = 565
2025-02-10 13:27 | INFO | Training Time Active Learning Classifier: 8.66 seconds
2025-02-10 13:27 | INFO | Training Time Active Learning Regressor: 1.28 seconds
2025-02-10 13:28 | INFO | Query 22 Active Learning Runtime on Validation Set: 219784.98
2025-02-10 13:28 | INFO | Query 22 Active Learning Runtime on Test Set: 254689.47
2025-02-10 13:28 | INFO | Query 22 Active Learning Instance Cost: 2543160.06
2025-02-10 13:28 | INFO | Timeout limit is increased to 1300
2025-02-10 13:29 | INFO | Query 23 Size of the uncertainty table is = 35604/56457
2025-02-10 13:29 | INFO | Query 23 Size of the filtered table is = 565
2025-02-10 13:29 | INFO | Training Time Active Learning Classifier: 8.71 seconds
2025-02-10 13:29 | INFO | Training Time Active Learning Regressor: 1.3 seconds
2025-02-10 13:30 | INFO | Query 23 Active Learning Runtime on Validation Set: 184832.83000000002
2025-02-10 13:30 | INFO | Query 23 Active Learning Runtime on Test Set: 220491.90000000002
2025-02-10 13:30 | INFO | Query 23 Active Learning Instance Cost: 2825301.25
2025-02-10 13:31 | INFO | Query 24 Size of the uncertainty table is = 34780/56457
2025-02-10 13:31 | INFO | Query 24 Size of the filtered table is = 565
2025-02-10 13:31 | INFO | Training Time Active Learning Classifier: 8.73 seconds
2025-02-10 13:31 | INFO | Training Time Active Learning Regressor: 1.32 seconds
2025-02-10 13:32 | INFO | Query 24 Active Learning Runtime on Validation Set: 185458.41
2025-02-10 13:32 | INFO | Query 24 Active Learning Runtime on Test Set: 149906.53
2025-02-10 13:32 | INFO | Query 24 Active Learning Instance Cost: 2986170.59
2025-02-10 13:32 | INFO | Timeout limit is increased to 1400
2025-02-10 13:33 | INFO | Query 25 Size of the uncertainty table is = 33902/56457
2025-02-10 13:33 | INFO | Query 25 Size of the filtered table is = 565
2025-02-10 13:33 | INFO | Training Time Active Learning Classifier: 8.83 seconds
2025-02-10 13:33 | INFO | Training Time Active Learning Regressor: 1.35 seconds
2025-02-10 13:34 | INFO | Query 25 Active Learning Runtime on Validation Set: 151123.94
2025-02-10 13:34 | INFO | Query 25 Active Learning Runtime on Test Set: 79005.5
2025-02-10 13:34 | INFO | Query 25 Active Learning Instance Cost: 3252061.26
2025-02-10 13:35 | INFO | Query 26 Size of the uncertainty table is = 32707/56457
2025-02-10 13:35 | INFO | Query 26 Size of the filtered table is = 565
2025-02-10 13:35 | INFO | Training Time Active Learning Classifier: 8.91 seconds
2025-02-10 13:35 | INFO | Training Time Active Learning Regressor: 1.37 seconds
2025-02-10 13:36 | INFO | Query 26 Active Learning Runtime on Validation Set: 184281.02000000002
2025-02-10 13:36 | INFO | Query 26 Active Learning Runtime on Test Set: 149982.59000000003
2025-02-10 13:36 | INFO | Query 26 Active Learning Instance Cost: 3473602.07
2025-02-10 13:36 | INFO | Timeout limit is increased to 1500
2025-02-10 13:36 | INFO | Query 27 Size of the uncertainty table is = 31555/56457
2025-02-10 13:36 | INFO | Query 27 Size of the filtered table is = 565
2025-02-10 13:37 | INFO | Training Time Active Learning Classifier: 8.99 seconds
2025-02-10 13:37 | INFO | Training Time Active Learning Regressor: 1.5 seconds
2025-02-10 13:38 | INFO | Query 27 Active Learning Runtime on Validation Set: 147971.65000000002
2025-02-10 13:38 | INFO | Query 27 Active Learning Runtime on Test Set: 150134.88
2025-02-10 13:38 | INFO | Query 27 Active Learning Instance Cost: 3653694.07
2025-02-10 13:38 | INFO | Query 28 Size of the uncertainty table is = 30540/56457
2025-02-10 13:38 | INFO | Query 28 Size of the filtered table is = 565
2025-02-10 13:39 | INFO | Training Time Active Learning Classifier: 9.2 seconds
2025-02-10 13:39 | INFO | Training Time Active Learning Regressor: 1.42 seconds
2025-02-10 13:40 | INFO | Query 28 Active Learning Runtime on Validation Set: 149766.96000000002
2025-02-10 13:40 | INFO | Query 28 Active Learning Runtime on Test Set: 149982.6
2025-02-10 13:40 | INFO | Query 28 Active Learning Instance Cost: 3843631.29
2025-02-10 13:40 | INFO | Timeout limit is increased to 1600
2025-02-10 13:40 | INFO | Query 29 Size of the uncertainty table is = 29487/56457
2025-02-10 13:40 | INFO | Query 29 Size of the filtered table is = 565
2025-02-10 13:40 | INFO | Training Time Active Learning Classifier: 9.18 seconds
2025-02-10 13:40 | INFO | Training Time Active Learning Regressor: 1.43 seconds
2025-02-10 13:41 | INFO | Query 29 Active Learning Runtime on Validation Set: 148652.64
2025-02-10 13:41 | INFO | Query 29 Active Learning Runtime on Test Set: 149982.59000000003
2025-02-10 13:41 | INFO | Query 29 Active Learning Instance Cost: 4043836.05
2025-02-10 13:42 | INFO | Query 30 Size of the uncertainty table is = 28406/56457
2025-02-10 13:42 | INFO | Query 30 Size of the filtered table is = 565
2025-02-10 13:42 | INFO | Training Time Active Learning Classifier: 9.27 seconds
2025-02-10 13:42 | INFO | Training Time Active Learning Regressor: 1.47 seconds
2025-02-10 13:43 | INFO | Query 30 Active Learning Runtime on Validation Set: 110859.37999999999
2025-02-10 13:43 | INFO | Query 30 Active Learning Runtime on Test Set: 149588.53
2025-02-10 13:43 | INFO | Query 30 Active Learning Instance Cost: 4379301.88
2025-02-10 13:44 | INFO | Query 31 Size of the uncertainty table is = 27641/56457
2025-02-10 13:44 | INFO | Query 31 Size of the filtered table is = 565
2025-02-10 13:44 | INFO | Training Time Active Learning Classifier: 9.39 seconds
2025-02-10 13:44 | INFO | Training Time Active Learning Regressor: 1.5 seconds
2025-02-10 13:45 | INFO | Query 31 Active Learning Runtime on Validation Set: 110736.34999999999
2025-02-10 13:45 | INFO | Query 31 Active Learning Runtime on Test Set: 77735.03
2025-02-10 13:45 | INFO | Query 31 Active Learning Instance Cost: 4591456.42
2025-02-10 13:46 | INFO | Query 32 Size of the uncertainty table is = 26623/56457
2025-02-10 13:46 | INFO | Query 32 Size of the filtered table is = 565
2025-02-10 13:46 | INFO | Training Time Active Learning Classifier: 9.47 seconds
2025-02-10 13:46 | INFO | Training Time Active Learning Regressor: 1.64 seconds
2025-02-10 13:47 | INFO | Query 32 Active Learning Runtime on Validation Set: 109812.42
2025-02-10 13:47 | INFO | Query 32 Active Learning Runtime on Test Set: 113574.51
2025-02-10 13:47 | INFO | Query 32 Active Learning Instance Cost: 4853851.62
2025-02-10 13:48 | INFO | Query 33 Size of the uncertainty table is = 25829/56457
2025-02-10 13:48 | INFO | Query 33 Size of the filtered table is = 565
2025-02-10 13:48 | INFO | Training Time Active Learning Classifier: 9.78 seconds
2025-02-10 13:48 | INFO | Training Time Active Learning Regressor: 1.56 seconds
2025-02-10 13:49 | INFO | Query 33 Active Learning Runtime on Validation Set: 109604.05
2025-02-10 13:49 | INFO | Query 33 Active Learning Runtime on Test Set: 77614.87999999999
2025-02-10 13:49 | INFO | Query 33 Active Learning Instance Cost: 5027526.56
2025-02-10 13:50 | INFO | Query 34 Size of the uncertainty table is = 24386/56457
2025-02-10 13:50 | INFO | Query 34 Size of the filtered table is = 565
2025-02-10 13:50 | INFO | Training Time Active Learning Classifier: 9.82 seconds
2025-02-10 13:50 | INFO | Training Time Active Learning Regressor: 1.59 seconds
2025-02-10 13:51 | INFO | Query 34 Active Learning Runtime on Validation Set: 110713.8
2025-02-10 13:51 | INFO | Query 34 Active Learning Runtime on Test Set: 77615.25
2025-02-10 13:51 | INFO | Query 34 Active Learning Instance Cost: 5153918.95
2025-02-10 13:51 | INFO | Timeout limit is increased to 1700
2025-02-10 13:51 | INFO | Query 35 Size of the uncertainty table is = 23090/56457
2025-02-10 13:51 | INFO | Query 35 Size of the filtered table is = 565
2025-02-10 13:52 | INFO | Training Time Active Learning Classifier: 9.99 seconds
2025-02-10 13:52 | INFO | Training Time Active Learning Regressor: 1.62 seconds
2025-02-10 13:53 | INFO | Query 35 Active Learning Runtime on Validation Set: 109629.53
2025-02-10 13:53 | INFO | Query 35 Active Learning Runtime on Test Set: 77614.84
2025-02-10 13:53 | INFO | Query 35 Active Learning Instance Cost: 5277281.61
2025-02-10 13:53 | INFO | Query 36 Size of the uncertainty table is = 22000/56457
2025-02-10 13:53 | INFO | Query 36 Size of the filtered table is = 565
2025-02-10 13:53 | INFO | Training Time Active Learning Classifier: 10.09 seconds
2025-02-10 13:54 | INFO | Training Time Active Learning Regressor: 1.63 seconds
2025-02-10 13:55 | INFO | Query 36 Active Learning Runtime on Validation Set: 110395.62999999999
2025-02-10 13:55 | INFO | Query 36 Active Learning Runtime on Test Set: 77615.23999999999
2025-02-10 13:55 | INFO | Query 36 Active Learning Instance Cost: 5401979.98
2025-02-10 13:55 | INFO | Timeout limit is increased to 1800
2025-02-10 13:55 | INFO | Query 37 Size of the uncertainty table is = 21249/56457
2025-02-10 13:55 | INFO | Query 37 Size of the filtered table is = 565
2025-02-10 13:55 | INFO | Training Time Active Learning Classifier: 10.28 seconds
2025-02-10 13:55 | INFO | Training Time Active Learning Regressor: 1.65 seconds
2025-02-10 13:56 | INFO | Query 37 Active Learning Runtime on Validation Set: 110393.09999999999
2025-02-10 13:56 | INFO | Query 37 Active Learning Runtime on Test Set: 77615.16
2025-02-10 13:56 | INFO | Query 37 Active Learning Instance Cost: 5522530.47
2025-02-10 13:57 | INFO | Query 38 Size of the uncertainty table is = 20682/56457
2025-02-10 13:57 | INFO | Query 38 Size of the filtered table is = 565
2025-02-10 13:57 | INFO | Training Time Active Learning Classifier: 10.27 seconds
2025-02-10 13:57 | INFO | Training Time Active Learning Regressor: 1.65 seconds
2025-02-10 13:58 | INFO | Query 38 Active Learning Runtime on Validation Set: 110393.09999999999
2025-02-10 13:58 | INFO | Query 38 Active Learning Runtime on Test Set: 77615.16
2025-02-10 13:58 | INFO | Query 38 Active Learning Instance Cost: 5598361.29
2025-02-10 13:58 | INFO | Timeout limit is increased to 1900
2025-02-10 13:59 | INFO | Query 39 Size of the uncertainty table is = 20612/56457
2025-02-10 13:59 | INFO | Query 39 Size of the filtered table is = 565
2025-02-10 13:59 | INFO | Training Time Active Learning Classifier: 10.28 seconds
2025-02-10 13:59 | INFO | Training Time Active Learning Regressor: 1.78 seconds
2025-02-10 14:00 | INFO | Query 39 Active Learning Runtime on Validation Set: 110393.09999999999
2025-02-10 14:00 | INFO | Query 39 Active Learning Runtime on Test Set: 77615.16
2025-02-10 14:00 | INFO | Query 39 Active Learning Instance Cost: 5663661.29
2025-02-10 14:00 | INFO | Timeout limit is increased to 2000
2025-02-10 14:00 | INFO | Query 40 Size of the uncertainty table is = 20612/56457
2025-02-10 14:00 | INFO | Query 40 Size of the filtered table is = 565
2025-02-10 14:01 | INFO | Training Time Active Learning Classifier: 10.29 seconds
2025-02-10 14:01 | INFO | Training Time Active Learning Regressor: 1.66 seconds
2025-02-10 14:02 | INFO | Query 40 Active Learning Runtime on Validation Set: 110393.09999999999
2025-02-10 14:02 | INFO | Query 40 Active Learning Runtime on Test Set: 77615.16
2025-02-10 14:02 | INFO | Query 40 Active Learning Instance Cost: 5714261.61
2025-02-10 14:02 | INFO | Timeout limit is increased to 2100
2025-02-10 14:02 | INFO | Query 41 Size of the uncertainty table is = 20597/56457
2025-02-10 14:02 | INFO | Query 41 Size of the filtered table is = 565
2025-02-10 14:03 | INFO | Training Time Active Learning Classifier: 10.29 seconds
2025-02-10 14:03 | INFO | Training Time Active Learning Regressor: 1.77 seconds
2025-02-10 14:04 | INFO | Query 41 Active Learning Runtime on Validation Set: 110393.09999999999
2025-02-10 14:04 | INFO | Query 41 Active Learning Runtime on Test Set: 77615.16
2025-02-10 14:04 | INFO | Query 41 Active Learning Instance Cost: 5798248.56
2025-02-10 14:04 | INFO | Timeout limit is increased to 2200
2025-02-10 14:04 | INFO | Query 42 Size of the uncertainty table is = 20577/56457
2025-02-10 14:04 | INFO | Query 42 Size of the filtered table is = 565
2025-02-10 14:04 | INFO | Training Time Active Learning Classifier: 10.31 seconds
2025-02-10 14:04 | INFO | Training Time Active Learning Regressor: 1.65 seconds
2025-02-10 14:05 | INFO | Query 42 Active Learning Runtime on Validation Set: 110393.09999999999
2025-02-10 14:05 | INFO | Query 42 Active Learning Runtime on Test Set: 77615.16
2025-02-10 14:05 | INFO | Query 42 Active Learning Instance Cost: 5849549.26
2025-02-10 14:05 | INFO | Timeout limit is increased to 2300
2025-02-10 14:06 | INFO | Query 43 Size of the uncertainty table is = 20544/56457
2025-02-10 14:06 | INFO | Query 43 Size of the filtered table is = 565
2025-02-10 14:06 | INFO | Training Time Active Learning Classifier: 10.28 seconds
2025-02-10 14:06 | INFO | Training Time Active Learning Regressor: 1.78 seconds
2025-02-10 14:07 | INFO | Query 43 Active Learning Runtime on Validation Set: 110393.09999999999
2025-02-10 14:07 | INFO | Query 43 Active Learning Runtime on Test Set: 77615.16
2025-02-10 14:07 | INFO | Query 43 Active Learning Instance Cost: 5918349.26
2025-02-10 14:07 | INFO | Timeout limit is increased to 2400
2025-02-10 14:08 | INFO | Query 44 Size of the uncertainty table is = 20544/56457
2025-02-10 14:08 | INFO | Query 44 Size of the filtered table is = 565
2025-02-10 14:08 | INFO | Training Time Active Learning Classifier: 10.34 seconds
2025-02-10 14:08 | INFO | Training Time Active Learning Regressor: 1.65 seconds
2025-02-10 14:09 | INFO | Query 44 Active Learning Runtime on Validation Set: 110393.09999999999
2025-02-10 14:09 | INFO | Query 44 Active Learning Runtime on Test Set: 77615.16
2025-02-10 14:09 | INFO | Query 44 Active Learning Instance Cost: 6002649.26
2025-02-10 14:09 | INFO | Timeout limit is increased to 2500
2025-02-10 14:09 | INFO | Query 45 Size of the uncertainty table is = 20544/56457
2025-02-10 14:09 | INFO | Query 45 Size of the filtered table is = 565
2025-02-10 14:10 | INFO | Training Time Active Learning Classifier: 10.33 seconds
2025-02-10 14:10 | INFO | Training Time Active Learning Regressor: 1.66 seconds
2025-02-10 14:11 | INFO | Query 45 Active Learning Runtime on Validation Set: 110393.09999999999
2025-02-10 14:11 | INFO | Query 45 Active Learning Runtime on Test Set: 77615.16
2025-02-10 14:11 | INFO | Query 45 Active Learning Instance Cost: 6061549.27
2025-02-10 14:11 | INFO | Timeout limit is increased to 2600
2025-02-10 14:11 | INFO | Query 46 Size of the uncertainty table is = 20538/56457
2025-02-10 14:11 | INFO | Query 46 Size of the filtered table is = 565
2025-02-10 14:12 | INFO | Training Time Active Learning Classifier: 10.37 seconds
2025-02-10 14:12 | INFO | Training Time Active Learning Regressor: 1.66 seconds
2025-02-10 14:13 | INFO | Query 46 Active Learning Runtime on Validation Set: 110393.09999999999
2025-02-10 14:13 | INFO | Query 46 Active Learning Runtime on Test Set: 77615.16
2025-02-10 14:13 | INFO | Query 46 Active Learning Instance Cost: 6122749.27
2025-02-10 14:13 | INFO | Timeout limit is increased to 2700
2025-02-10 14:13 | INFO | Query 47 Size of the uncertainty table is = 20538/56457
2025-02-10 14:13 | INFO | Query 47 Size of the filtered table is = 565
2025-02-10 14:13 | INFO | Training Time Active Learning Classifier: 10.35 seconds
2025-02-10 14:13 | INFO | Training Time Active Learning Regressor: 1.66 seconds
2025-02-10 14:14 | INFO | Query 47 Active Learning Runtime on Validation Set: 110393.09999999999
2025-02-10 14:14 | INFO | Query 47 Active Learning Runtime on Test Set: 77615.16
2025-02-10 14:14 | INFO | Query 47 Active Learning Instance Cost: 6235049.27
2025-02-10 14:14 | INFO | Timeout limit is increased to 2800
2025-02-10 14:15 | INFO | Query 48 Size of the uncertainty table is = 20538/56457
2025-02-10 14:15 | INFO | Query 48 Size of the filtered table is = 565
2025-02-10 14:15 | INFO | Training Time Active Learning Classifier: 10.32 seconds
2025-02-10 14:15 | INFO | Training Time Active Learning Regressor: 1.66 seconds
2025-02-10 14:16 | INFO | Query 48 Active Learning Runtime on Validation Set: 110393.09999999999
2025-02-10 14:16 | INFO | Query 48 Active Learning Runtime on Test Set: 77615.16
2025-02-10 14:16 | INFO | Query 48 Active Learning Instance Cost: 6307249.27
2025-02-10 14:16 | INFO | Timeout limit is increased to 2900
2025-02-10 14:17 | INFO | Query 49 Size of the uncertainty table is = 20538/56457
2025-02-10 14:17 | INFO | Query 49 Size of the filtered table is = 565
2025-02-10 14:17 | INFO | Training Time Active Learning Classifier: 10.33 seconds
2025-02-10 14:17 | INFO | Training Time Active Learning Regressor: 1.66 seconds
2025-02-10 14:18 | INFO | Query 49 Active Learning Runtime on Validation Set: 110393.09999999999
2025-02-10 14:18 | INFO | Query 49 Active Learning Runtime on Test Set: 77615.16
2025-02-10 14:18 | INFO | Query 49 Active Learning Instance Cost: 6372249.27
2025-02-10 14:18 | INFO | Timeout limit is increased to 3000
2025-02-10 14:18 | INFO | Query 50 Size of the uncertainty table is = 20538/56457
2025-02-10 14:18 | INFO | Query 50 Size of the filtered table is = 565
2025-02-10 14:19 | INFO | Training Time Active Learning Classifier: 10.44 seconds
2025-02-10 14:19 | INFO | Training Time Active Learning Regressor: 1.66 seconds
2025-02-10 14:20 | INFO | Query 50 Active Learning Runtime on Validation Set: 110393.09999999999
2025-02-10 14:20 | INFO | Query 50 Active Learning Runtime on Test Set: 77615.16
2025-02-10 14:20 | INFO | Query 50 Active Learning Instance Cost: 6427149.27
2025-02-10 14:20 | INFO | Timeout limit is increased to 3100
2025-02-10 14:20 | INFO | Query 51 Size of the uncertainty table is = 20538/56457
2025-02-10 14:20 | INFO | Query 51 Size of the filtered table is = 565
2025-02-10 14:21 | INFO | Training Time Active Learning Classifier: 10.4 seconds
2025-02-10 14:21 | INFO | Training Time Active Learning Regressor: 1.67 seconds
2025-02-10 14:22 | INFO | Query 51 Active Learning Runtime on Validation Set: 110393.09999999999
2025-02-10 14:22 | INFO | Query 51 Active Learning Runtime on Test Set: 77615.16
2025-02-10 14:22 | INFO | Query 51 Active Learning Instance Cost: 6492749.27
2025-02-10 14:22 | INFO | Timeout limit is increased to 3200
2025-02-10 14:22 | INFO | Query 52 Size of the uncertainty table is = 20538/56457
2025-02-10 14:22 | INFO | Query 52 Size of the filtered table is = 565
2025-02-10 14:22 | INFO | Training Time Active Learning Classifier: 10.43 seconds
2025-02-10 14:22 | INFO | Training Time Active Learning Regressor: 1.66 seconds
2025-02-10 14:23 | INFO | Query 52 Active Learning Runtime on Validation Set: 110393.09999999999
2025-02-10 14:23 | INFO | Query 52 Active Learning Runtime on Test Set: 77615.16
2025-02-10 14:23 | INFO | Query 52 Active Learning Instance Cost: 6574549.27
2025-02-10 14:23 | INFO | Timeout limit is increased to 3300
2025-02-10 14:24 | INFO | Query 53 Size of the uncertainty table is = 20538/56457
2025-02-10 14:24 | INFO | Query 53 Size of the filtered table is = 565
2025-02-10 14:24 | INFO | Training Time Active Learning Classifier: 10.34 seconds
2025-02-10 14:24 | INFO | Training Time Active Learning Regressor: 1.66 seconds
2025-02-10 14:25 | INFO | Query 53 Active Learning Runtime on Validation Set: 110393.09999999999
2025-02-10 14:25 | INFO | Query 53 Active Learning Runtime on Test Set: 77615.16
2025-02-10 14:25 | INFO | Query 53 Active Learning Instance Cost: 6642249.27
2025-02-10 14:25 | INFO | Timeout limit is increased to 3400
2025-02-10 14:26 | INFO | Query 54 Size of the uncertainty table is = 20538/56457
2025-02-10 14:26 | INFO | Query 54 Size of the filtered table is = 565
2025-02-10 14:26 | INFO | Training Time Active Learning Classifier: 10.36 seconds
2025-02-10 14:26 | INFO | Training Time Active Learning Regressor: 1.66 seconds
2025-02-10 14:27 | INFO | Query 54 Active Learning Runtime on Validation Set: 110393.09999999999
2025-02-10 14:27 | INFO | Query 54 Active Learning Runtime on Test Set: 77615.16
2025-02-10 14:27 | INFO | Query 54 Active Learning Instance Cost: 6708249.88
2025-02-10 14:27 | INFO | Timeout limit is increased to 3500
2025-02-10 14:28 | INFO | Query 55 Size of the uncertainty table is = 20521/56457
2025-02-10 14:28 | INFO | Query 55 Size of the filtered table is = 565
2025-02-10 14:28 | INFO | Training Time Active Learning Classifier: 10.33 seconds
2025-02-10 14:28 | INFO | Training Time Active Learning Regressor: 1.66 seconds
2025-02-10 14:29 | INFO | Query 55 Active Learning Runtime on Validation Set: 110393.09999999999
2025-02-10 14:29 | INFO | Query 55 Active Learning Runtime on Test Set: 77615.16
2025-02-10 14:29 | INFO | Query 55 Active Learning Instance Cost: 6775149.88
2025-02-10 14:29 | INFO | Timeout limit is increased to 3600
2025-02-10 14:29 | INFO | Query 56 Size of the uncertainty table is = 20521/56457
2025-02-10 14:29 | INFO | Query 56 Size of the filtered table is = 565
2025-02-10 14:30 | INFO | Training Time Active Learning Classifier: 10.33 seconds
2025-02-10 14:30 | INFO | Training Time Active Learning Regressor: 1.77 seconds
2025-02-10 14:31 | INFO | Query 56 Active Learning Runtime on Validation Set: 110393.09999999999
2025-02-10 14:31 | INFO | Query 56 Active Learning Runtime on Test Set: 77615.16
2025-02-10 14:31 | INFO | Query 56 Active Learning Instance Cost: 6867549.88
2025-02-10 14:31 | INFO | Timeout limit is increased to 3600
2025-02-10 14:31 | INFO | Query 57 Size of the uncertainty table is = 365/56457
2025-02-10 14:31 | INFO | Query 57 Size of the filtered table is = 365
2025-02-10 14:31 | INFO | Training Time Active Learning Classifier: 10.47 seconds
2025-02-10 14:31 | INFO | Training Time Active Learning Regressor: 1.65 seconds
2025-02-10 14:32 | INFO | Query 57 Active Learning Runtime on Validation Set: 110366.87999999999
2025-02-10 14:32 | INFO | Query 57 Active Learning Runtime on Test Set: 77614.75
2025-02-10 14:32 | INFO | Query 57 Active Learning Instance Cost: 6867556.17
2025-02-10 14:32 | INFO | Active Learning Emissions: 0.07243903161500923
2025-02-10 14:32 | INFO | Active Learning Energy Consumption: 0.0788155161742659 kWh
2025-02-10 14:32 | INFO | runtime_test_score is written as json file
2025-02-10 14:32 | INFO | runtime_validation_score is written as json file
2025-02-10 14:32 | INFO | instance_cost is written as json file
2025-02-10 14:32 | INFO | Experiment is finished
