2025-02-10 13:30 | INFO | Paramaters are: {'dataset': 'MAXSAT-WPMS-2016', 'penalty': 10, 'weight': 'No_Weight', 'voting': 'Hard', 'pre_selection_size': 64, 'pre_selection_technique': 'No_pre_selection', 'feature_elimination_threshold': 20, 'imputer_strategy': 'median', 'feature_selection_technique': 'No_feature_selection', 'feature_scaling_technique': 'StandardScaler', 'priority': {'PredCost': 'min', 'PredDiff': 'max', 'Uncertainty': 'max'}, 'initial_train_size': 20, 'query_size': 1, 'timeout_predictor_usage': 'No', 'timeout_limit': 100, 'timeout_increase_rate': 100, 'penalty_type': 'Only-timeout-penalty', 'RANDOM_STATE_SEED': 12345, 'n_splits': 10, 'split_number': 7, 'max_timeout': 3600, 'param_grid': {'n_estimators': 100, 'max_features': 'sqrt', 'max_depth': 2147483648, 'min_samples_split': 2, 'bootstrap': True}}
2025-02-10 13:30 | INFO | MAXSAT-WPMS-2016 is current dataset
2025-02-10 13:30 | INFO | DATASETS/MAXSAT-WPMS-2016/algorithm_runs.arff is found
2025-02-10 13:30 | INFO | DATASETS/MAXSAT-WPMS-2016/algorithm_runs.arff is finished
2025-02-10 13:30 | INFO | DATASETS/MAXSAT-WPMS-2016/feature_values.arff is found
2025-02-10 13:30 | INFO | DATASETS/MAXSAT-WPMS-2016/feature_values.arff is finished
2025-02-10 13:30 | INFO | DATASETS/MAXSAT-WPMS-2016/feature_costs.arff is found
2025-02-10 13:30 | INFO | DATASETS/MAXSAT-WPMS-2016/feature_costs.arff is finished
2025-02-10 13:30 | INFO | Virtual best solver time in train = 44804.3
2025-02-10 13:30 | INFO | Single best solver list train = {'CCEHC2akms': 12860529.89, 'CCLS2akms': 13215701.81, 'LMHS-2016': 3006933.82, 'Naps-1.02-ms': 10742709.67, 'Open-WBO16': 4473563.41, 'Optiriss6': 8187457.87, 'QMaxSAT14': 5762570.97, 'QMaxSAT16UC': 5655846.86, 'WMaxSatz+': 11572682.78, 'WMaxSatz09': 11606806.7, 'WPM3-2015-co': 4872934.93, 'ahms-1.70': 12858356.37, 'ahms-ls-1.70': 12929435.25, 'maxhs-b': 1317125.12, 'maxino16-c10': 3976079.78, 'maxino16-dis': 3900069.57, 'mscg2015a': 4083608.58, 'mscg2015b': 3729637.94}
2025-02-10 13:30 | INFO | Single best solver time train = maxhs-b (1317125.12)
2025-02-10 13:30 | INFO | Virtual best solver time in validation = 4685.49
2025-02-10 13:30 | INFO | Single best solver list validation = {'CCEHC2akms': 3528000.0, 'CCLS2akms': 3528000.0, 'LMHS-2016': 985925.35, 'Naps-1.02-ms': 2701615.57, 'Open-WBO16': 398880.24, 'Optiriss6': 471680.04, 'QMaxSAT14': 895210.73, 'QMaxSAT16UC': 894263.2, 'WMaxSatz+': 3493369.8, 'WMaxSatz09': 3493359.74, 'WPM3-2015-co': 112060.97, 'ahms-1.70': 2854857.51, 'ahms-ls-1.70': 2888084.97, 'maxhs-b': 226867.37, 'maxino16-c10': 149129.08, 'maxino16-dis': 145734.45, 'mscg2015a': 109288.28, 'mscg2015b': 111323.91}
2025-02-10 13:30 | INFO | Single best solver time validation = mscg2015a (109288.28)
2025-02-10 13:30 | INFO | Virtual best solver time in test = 5921.74
2025-02-10 13:30 | INFO | Single best solver list test = {'CCEHC2akms': 1836126.11, 'CCLS2akms': 1836178.14, 'LMHS-2016': 437530.86, 'Naps-1.02-ms': 1476376.97, 'Open-WBO16': 398270.94, 'Optiriss6': 1081102.73, 'QMaxSAT14': 689775.75, 'QMaxSAT16UC': 690214.98, 'WMaxSatz+': 1620706.42, 'WMaxSatz09': 1620706.97, 'WPM3-2015-co': 505269.55, 'ahms-1.70': 1836012.07, 'ahms-ls-1.70': 1836016.0, 'maxhs-b': 80460.79, 'maxino16-c10': 363331.88, 'maxino16-dis': 362216.09, 'mscg2015a': 432980.62, 'mscg2015b': 363632.75}
2025-02-10 13:30 | INFO | Single best solver time test = maxhs-b (80460.79)
2025-02-10 13:31 | INFO | Training Time Passive Learning Classifier: 10.55 seconds
2025-02-10 13:31 | INFO | Training Time Passive Learning Regressor: 1.66 seconds
2025-02-10 13:32 | INFO | Passive Learning Classifier Runtime on Validation Set: 110608.08
2025-02-10 13:32 | INFO | Passive Learning Classifier Runtime on Test Set: 8381.49
2025-02-10 13:32 | INFO | Passive Learning Instance Cost: 13802851.32
2025-02-10 13:32 | INFO | Passive Learning Emissions: 0.0008681896089151152
2025-02-10 13:32 | INFO | Passive Learning Energy Consumption: 0.0009446124642781798 kWh
2025-02-10 13:32 | INFO | Training Time Active Learning Classifier: 8.36 seconds
2025-02-10 13:32 | INFO | Training Time Active Learning Regressor: 0.82 seconds
2025-02-10 13:33 | INFO | Initial Active Learning Runtime on Validation Set: 219876.12
2025-02-10 13:33 | INFO | Initial Active Learning Runtime on Test Set: 398600.35
2025-02-10 13:33 | INFO | Initial Active Learning Instance Cost: 21556.26
2025-02-10 13:33 | INFO | Bin size = 565
2025-02-10 13:33 | INFO | Query 1 Size of the uncertainty table is = 57648/56457
2025-02-10 13:33 | INFO | Query 1 Size of the filtered table is = 565
2025-02-10 13:33 | INFO | Training Time Active Learning Classifier: 8.03 seconds
2025-02-10 13:33 | INFO | Training Time Active Learning Regressor: 0.86 seconds
2025-02-10 13:34 | INFO | Query 1 Active Learning Runtime on Validation Set: 219876.07
2025-02-10 13:34 | INFO | Query 1 Active Learning Runtime on Test Set: 398599.20999999996
2025-02-10 13:34 | INFO | Query 1 Active Learning Instance Cost: 21936.7
2025-02-10 13:35 | INFO | Query 2 Size of the uncertainty table is = 57021/56457
2025-02-10 13:35 | INFO | Query 2 Size of the filtered table is = 565
2025-02-10 13:35 | INFO | Training Time Active Learning Classifier: 7.96 seconds
2025-02-10 13:35 | INFO | Training Time Active Learning Regressor: 0.88 seconds
2025-02-10 13:36 | INFO | Query 2 Active Learning Runtime on Validation Set: 219876.07
2025-02-10 13:36 | INFO | Query 2 Active Learning Runtime on Test Set: 398612.27999999997
2025-02-10 13:36 | INFO | Query 2 Active Learning Instance Cost: 22175.5
2025-02-10 13:36 | INFO | Timeout limit is increased to 200
2025-02-10 13:36 | INFO | Query 3 Size of the uncertainty table is = 56340/56457
2025-02-10 13:36 | INFO | Query 3 Size of the filtered table is = 565
2025-02-10 13:37 | INFO | Training Time Active Learning Classifier: 8.07 seconds
2025-02-10 13:37 | INFO | Training Time Active Learning Regressor: 0.89 seconds
2025-02-10 13:38 | INFO | Query 3 Active Learning Runtime on Validation Set: 219877.1
2025-02-10 13:38 | INFO | Query 3 Active Learning Runtime on Test Set: 398599.19
2025-02-10 13:38 | INFO | Query 3 Active Learning Instance Cost: 22438.62
2025-02-10 13:38 | INFO | Timeout limit is increased to 300
2025-02-10 13:38 | INFO | Query 4 Size of the uncertainty table is = 55617/56457
2025-02-10 13:38 | INFO | Query 4 Size of the filtered table is = 565
2025-02-10 13:38 | INFO | Training Time Active Learning Classifier: 8.01 seconds
2025-02-10 13:38 | INFO | Training Time Active Learning Regressor: 0.91 seconds
2025-02-10 13:39 | INFO | Query 4 Active Learning Runtime on Validation Set: 219876.07
2025-02-10 13:39 | INFO | Query 4 Active Learning Runtime on Test Set: 398596.37999999995
2025-02-10 13:39 | INFO | Query 4 Active Learning Instance Cost: 22719.23
2025-02-10 13:40 | INFO | Query 5 Size of the uncertainty table is = 54965/56457
2025-02-10 13:40 | INFO | Query 5 Size of the filtered table is = 565
2025-02-10 13:40 | INFO | Training Time Active Learning Classifier: 8.04 seconds
2025-02-10 13:40 | INFO | Training Time Active Learning Regressor: 0.93 seconds
2025-02-10 13:41 | INFO | Query 5 Active Learning Runtime on Validation Set: 219876.07
2025-02-10 13:41 | INFO | Query 5 Active Learning Runtime on Test Set: 398599.22
2025-02-10 13:41 | INFO | Query 5 Active Learning Instance Cost: 23646.46
2025-02-10 13:41 | INFO | Timeout limit is increased to 400
2025-02-10 13:41 | INFO | Query 6 Size of the uncertainty table is = 54306/56457
2025-02-10 13:41 | INFO | Query 6 Size of the filtered table is = 565
2025-02-10 13:41 | INFO | Training Time Active Learning Classifier: 8.07 seconds
2025-02-10 13:42 | INFO | Training Time Active Learning Regressor: 0.94 seconds
2025-02-10 13:43 | INFO | Query 6 Active Learning Runtime on Validation Set: 219876.07
2025-02-10 13:43 | INFO | Query 6 Active Learning Runtime on Test Set: 398599.19
2025-02-10 13:43 | INFO | Query 6 Active Learning Instance Cost: 26338.72
2025-02-10 13:43 | INFO | Timeout limit is increased to 500
2025-02-10 13:43 | INFO | Query 7 Size of the uncertainty table is = 53724/56457
2025-02-10 13:43 | INFO | Query 7 Size of the filtered table is = 565
2025-02-10 13:43 | INFO | Training Time Active Learning Classifier: 8.1 seconds
2025-02-10 13:43 | INFO | Training Time Active Learning Regressor: 0.96 seconds
2025-02-10 13:44 | INFO | Query 7 Active Learning Runtime on Validation Set: 219876.07
2025-02-10 13:44 | INFO | Query 7 Active Learning Runtime on Test Set: 398599.19
2025-02-10 13:44 | INFO | Query 7 Active Learning Instance Cost: 53168.11
2025-02-10 13:44 | INFO | Timeout limit is increased to 600
2025-02-10 13:45 | INFO | Query 8 Size of the uncertainty table is = 52812/56457
2025-02-10 13:45 | INFO | Query 8 Size of the filtered table is = 565
2025-02-10 13:45 | INFO | Training Time Active Learning Classifier: 8.15 seconds
2025-02-10 13:45 | INFO | Training Time Active Learning Regressor: 0.99 seconds
2025-02-10 13:46 | INFO | Query 8 Active Learning Runtime on Validation Set: 219876.32
2025-02-10 13:46 | INFO | Query 8 Active Learning Runtime on Test Set: 327142.05
2025-02-10 13:46 | INFO | Query 8 Active Learning Instance Cost: 85121.05
2025-02-10 13:46 | INFO | Timeout limit is increased to 700
2025-02-10 13:46 | INFO | Query 9 Size of the uncertainty table is = 52237/56457
2025-02-10 13:46 | INFO | Query 9 Size of the filtered table is = 565
2025-02-10 13:47 | INFO | Training Time Active Learning Classifier: 8.21 seconds
2025-02-10 13:47 | INFO | Training Time Active Learning Regressor: 1.01 seconds
2025-02-10 13:48 | INFO | Query 9 Active Learning Runtime on Validation Set: 219876.07
2025-02-10 13:48 | INFO | Query 9 Active Learning Runtime on Test Set: 363086.06999999995
2025-02-10 13:48 | INFO | Query 9 Active Learning Instance Cost: 110233.86
2025-02-10 13:48 | INFO | Query 10 Size of the uncertainty table is = 51610/56457
2025-02-10 13:48 | INFO | Query 10 Size of the filtered table is = 565
2025-02-10 13:48 | INFO | Training Time Active Learning Classifier: 8.26 seconds
2025-02-10 13:48 | INFO | Training Time Active Learning Regressor: 1.04 seconds
2025-02-10 13:49 | INFO | Query 10 Active Learning Runtime on Validation Set: 219876.14
2025-02-10 13:49 | INFO | Query 10 Active Learning Runtime on Test Set: 363083.81
2025-02-10 13:49 | INFO | Query 10 Active Learning Instance Cost: 124738.45
2025-02-10 13:49 | INFO | Timeout limit is increased to 800
2025-02-10 13:50 | INFO | Query 11 Size of the uncertainty table is = 50863/56457
2025-02-10 13:50 | INFO | Query 11 Size of the filtered table is = 565
2025-02-10 13:50 | INFO | Training Time Active Learning Classifier: 8.29 seconds
2025-02-10 13:50 | INFO | Training Time Active Learning Regressor: 1.16 seconds
2025-02-10 13:51 | INFO | Query 11 Active Learning Runtime on Validation Set: 219876.14
2025-02-10 13:51 | INFO | Query 11 Active Learning Runtime on Test Set: 327132.51999999996
2025-02-10 13:51 | INFO | Query 11 Active Learning Instance Cost: 155555.54
2025-02-10 13:51 | INFO | Timeout limit is increased to 900
2025-02-10 13:52 | INFO | Query 12 Size of the uncertainty table is = 50024/56457
2025-02-10 13:52 | INFO | Query 12 Size of the filtered table is = 565
2025-02-10 13:52 | INFO | Training Time Active Learning Classifier: 8.46 seconds
2025-02-10 13:52 | INFO | Training Time Active Learning Regressor: 1.06 seconds
2025-02-10 13:53 | INFO | Query 12 Active Learning Runtime on Validation Set: 219875.79
2025-02-10 13:53 | INFO | Query 12 Active Learning Runtime on Test Set: 327437.29
2025-02-10 13:53 | INFO | Query 12 Active Learning Instance Cost: 173865.35
2025-02-10 13:53 | INFO | Query 13 Size of the uncertainty table is = 49426/56457
2025-02-10 13:53 | INFO | Query 13 Size of the filtered table is = 565
2025-02-10 13:53 | INFO | Training Time Active Learning Classifier: 8.45 seconds
2025-02-10 13:53 | INFO | Training Time Active Learning Regressor: 1.09 seconds
2025-02-10 13:55 | INFO | Query 13 Active Learning Runtime on Validation Set: 219876.14
2025-02-10 13:55 | INFO | Query 13 Active Learning Runtime on Test Set: 291662.3
2025-02-10 13:55 | INFO | Query 13 Active Learning Instance Cost: 196809.11
2025-02-10 13:55 | INFO | Timeout limit is increased to 1000
2025-02-10 13:55 | INFO | Query 14 Size of the uncertainty table is = 48707/56457
2025-02-10 13:55 | INFO | Query 14 Size of the filtered table is = 565
2025-02-10 13:55 | INFO | Training Time Active Learning Classifier: 8.52 seconds
2025-02-10 13:55 | INFO | Training Time Active Learning Regressor: 1.13 seconds
2025-02-10 13:56 | INFO | Query 14 Active Learning Runtime on Validation Set: 218849.54
2025-02-10 13:56 | INFO | Query 14 Active Learning Runtime on Test Set: 291598.44999999995
2025-02-10 13:56 | INFO | Query 14 Active Learning Instance Cost: 199747.53
2025-02-10 13:57 | INFO | Query 15 Size of the uncertainty table is = 47908/56457
2025-02-10 13:57 | INFO | Query 15 Size of the filtered table is = 565
2025-02-10 13:57 | INFO | Training Time Active Learning Classifier: 8.57 seconds
2025-02-10 13:57 | INFO | Training Time Active Learning Regressor: 1.16 seconds
2025-02-10 13:58 | INFO | Query 15 Active Learning Runtime on Validation Set: 218842.41
2025-02-10 13:58 | INFO | Query 15 Active Learning Runtime on Test Set: 363695.37
2025-02-10 13:58 | INFO | Query 15 Active Learning Instance Cost: 226184.45
2025-02-10 13:59 | INFO | Query 16 Size of the uncertainty table is = 47270/56457
2025-02-10 13:59 | INFO | Query 16 Size of the filtered table is = 565
2025-02-10 13:59 | INFO | Training Time Active Learning Classifier: 8.68 seconds
2025-02-10 13:59 | INFO | Training Time Active Learning Regressor: 1.21 seconds
2025-02-10 14:00 | INFO | Query 16 Active Learning Runtime on Validation Set: 218839.78
2025-02-10 14:00 | INFO | Query 16 Active Learning Runtime on Test Set: 399284.06999999995
2025-02-10 14:00 | INFO | Query 16 Active Learning Instance Cost: 247683.97
2025-02-10 14:00 | INFO | Query 17 Size of the uncertainty table is = 46513/56457
2025-02-10 14:00 | INFO | Query 17 Size of the filtered table is = 565
2025-02-10 14:01 | INFO | Training Time Active Learning Classifier: 8.76 seconds
2025-02-10 14:01 | INFO | Training Time Active Learning Regressor: 1.24 seconds
2025-02-10 14:02 | INFO | Query 17 Active Learning Runtime on Validation Set: 220358.06
2025-02-10 14:02 | INFO | Query 17 Active Learning Runtime on Test Set: 399500.07999999996
2025-02-10 14:02 | INFO | Query 17 Active Learning Instance Cost: 273754.62
2025-02-10 14:02 | INFO | Timeout limit is increased to 1100
2025-02-10 14:02 | INFO | Query 18 Size of the uncertainty table is = 45842/56457
2025-02-10 14:02 | INFO | Query 18 Size of the filtered table is = 565
2025-02-10 14:02 | INFO | Training Time Active Learning Classifier: 8.98 seconds
2025-02-10 14:02 | INFO | Training Time Active Learning Regressor: 1.28 seconds
2025-02-10 14:03 | INFO | Query 18 Active Learning Runtime on Validation Set: 111922.51000000001
2025-02-10 14:03 | INFO | Query 18 Active Learning Runtime on Test Set: 399294.39999999997
2025-02-10 14:03 | INFO | Query 18 Active Learning Instance Cost: 295224.88
2025-02-10 14:04 | INFO | Query 19 Size of the uncertainty table is = 45124/56457
2025-02-10 14:04 | INFO | Query 19 Size of the filtered table is = 565
2025-02-10 14:04 | INFO | Training Time Active Learning Classifier: 8.98 seconds
2025-02-10 14:04 | INFO | Training Time Active Learning Regressor: 1.3 seconds
2025-02-10 14:05 | INFO | Query 19 Active Learning Runtime on Validation Set: 218839.99
2025-02-10 14:05 | INFO | Query 19 Active Learning Runtime on Test Set: 256596.87
2025-02-10 14:05 | INFO | Query 19 Active Learning Instance Cost: 318452.72
2025-02-10 14:05 | INFO | Timeout limit is increased to 1200
2025-02-10 14:06 | INFO | Query 20 Size of the uncertainty table is = 44436/56457
2025-02-10 14:06 | INFO | Query 20 Size of the filtered table is = 565
2025-02-10 14:06 | INFO | Training Time Active Learning Classifier: 9.04 seconds
2025-02-10 14:06 | INFO | Training Time Active Learning Regressor: 1.31 seconds
2025-02-10 14:07 | INFO | Query 20 Active Learning Runtime on Validation Set: 218841.16
2025-02-10 14:07 | INFO | Query 20 Active Learning Runtime on Test Set: 184752.71
2025-02-10 14:07 | INFO | Query 20 Active Learning Instance Cost: 369406.68
2025-02-10 14:07 | INFO | Timeout limit is increased to 1300
2025-02-10 14:08 | INFO | Query 21 Size of the uncertainty table is = 43788/56457
2025-02-10 14:08 | INFO | Query 21 Size of the filtered table is = 565
2025-02-10 14:08 | INFO | Training Time Active Learning Classifier: 9.22 seconds
2025-02-10 14:08 | INFO | Training Time Active Learning Regressor: 1.32 seconds
2025-02-10 14:09 | INFO | Query 21 Active Learning Runtime on Validation Set: 218841.45
2025-02-10 14:09 | INFO | Query 21 Active Learning Runtime on Test Set: 186026.82
2025-02-10 14:09 | INFO | Query 21 Active Learning Instance Cost: 439943.06
2025-02-10 14:09 | INFO | Timeout limit is increased to 1400
2025-02-10 14:09 | INFO | Query 22 Size of the uncertainty table is = 43181/56457
2025-02-10 14:09 | INFO | Query 22 Size of the filtered table is = 565
2025-02-10 14:10 | INFO | Training Time Active Learning Classifier: 9.28 seconds
2025-02-10 14:10 | INFO | Training Time Active Learning Regressor: 1.35 seconds
2025-02-10 14:11 | INFO | Query 22 Active Learning Runtime on Validation Set: 218521.81
2025-02-10 14:11 | INFO | Query 22 Active Learning Runtime on Test Set: 46034.58
2025-02-10 14:11 | INFO | Query 22 Active Learning Instance Cost: 496473.43
2025-02-10 14:11 | INFO | Query 23 Size of the uncertainty table is = 42509/56457
2025-02-10 14:11 | INFO | Query 23 Size of the filtered table is = 565
2025-02-10 14:11 | INFO | Training Time Active Learning Classifier: 9.23 seconds
2025-02-10 14:11 | INFO | Training Time Active Learning Regressor: 1.37 seconds
2025-02-10 14:13 | INFO | Query 23 Active Learning Runtime on Validation Set: 181524.31
2025-02-10 14:13 | INFO | Query 23 Active Learning Runtime on Test Set: 81490.34
2025-02-10 14:13 | INFO | Query 23 Active Learning Instance Cost: 641733.5
2025-02-10 14:13 | INFO | Query 24 Size of the uncertainty table is = 41710/56457
2025-02-10 14:13 | INFO | Query 24 Size of the filtered table is = 565
2025-02-10 14:13 | INFO | Training Time Active Learning Classifier: 9.3 seconds
2025-02-10 14:13 | INFO | Training Time Active Learning Regressor: 1.39 seconds
2025-02-10 14:14 | INFO | Query 24 Active Learning Runtime on Validation Set: 182561.29
2025-02-10 14:14 | INFO | Query 24 Active Learning Runtime on Test Set: 79861.34
2025-02-10 14:14 | INFO | Query 24 Active Learning Instance Cost: 803296.41
2025-02-10 14:14 | INFO | Timeout limit is increased to 1500
2025-02-10 14:15 | INFO | Query 25 Size of the uncertainty table is = 41090/56457
2025-02-10 14:15 | INFO | Query 25 Size of the filtered table is = 565
2025-02-10 14:15 | INFO | Training Time Active Learning Classifier: 9.47 seconds
2025-02-10 14:15 | INFO | Training Time Active Learning Regressor: 1.4 seconds
2025-02-10 14:16 | INFO | Query 25 Active Learning Runtime on Validation Set: 110347.02
2025-02-10 14:16 | INFO | Query 25 Active Learning Runtime on Test Set: 43919.55
2025-02-10 14:16 | INFO | Query 25 Active Learning Instance Cost: 896548.46
2025-02-10 14:17 | INFO | Query 26 Size of the uncertainty table is = 40480/56457
2025-02-10 14:17 | INFO | Query 26 Size of the filtered table is = 565
2025-02-10 14:17 | INFO | Training Time Active Learning Classifier: 9.44 seconds
2025-02-10 14:17 | INFO | Training Time Active Learning Regressor: 1.43 seconds
2025-02-10 14:18 | INFO | Query 26 Active Learning Runtime on Validation Set: 111108.56
2025-02-10 14:18 | INFO | Query 26 Active Learning Runtime on Test Set: 44144.990000000005
2025-02-10 14:18 | INFO | Query 26 Active Learning Instance Cost: 1018489.63
2025-02-10 14:18 | INFO | Timeout limit is increased to 1600
2025-02-10 14:19 | INFO | Query 27 Size of the uncertainty table is = 39805/56457
2025-02-10 14:19 | INFO | Query 27 Size of the filtered table is = 565
2025-02-10 14:19 | INFO | Training Time Active Learning Classifier: 9.51 seconds
2025-02-10 14:19 | INFO | Training Time Active Learning Regressor: 1.45 seconds
2025-02-10 14:20 | INFO | Query 27 Active Learning Runtime on Validation Set: 146305.08000000002
2025-02-10 14:20 | INFO | Query 27 Active Learning Runtime on Test Set: 43920.05
2025-02-10 14:20 | INFO | Query 27 Active Learning Instance Cost: 1168206.98
2025-02-10 14:20 | INFO | Timeout limit is increased to 1700
2025-02-10 14:21 | INFO | Query 28 Size of the uncertainty table is = 39126/56457
2025-02-10 14:21 | INFO | Query 28 Size of the filtered table is = 565
2025-02-10 14:21 | INFO | Training Time Active Learning Classifier: 9.69 seconds
2025-02-10 14:21 | INFO | Training Time Active Learning Regressor: 1.45 seconds
2025-02-10 14:22 | INFO | Query 28 Active Learning Runtime on Validation Set: 146265.46
2025-02-10 14:22 | INFO | Query 28 Active Learning Runtime on Test Set: 43920.05
2025-02-10 14:22 | INFO | Query 28 Active Learning Instance Cost: 1295844.98
2025-02-10 14:22 | INFO | Query 29 Size of the uncertainty table is = 38511/56457
2025-02-10 14:22 | INFO | Query 29 Size of the filtered table is = 565
2025-02-10 14:23 | INFO | Training Time Active Learning Classifier: 9.61 seconds
2025-02-10 14:23 | INFO | Training Time Active Learning Regressor: 1.46 seconds
2025-02-10 14:24 | INFO | Query 29 Active Learning Runtime on Validation Set: 146544.98
2025-02-10 14:24 | INFO | Query 29 Active Learning Runtime on Test Set: 43919.55
2025-02-10 14:24 | INFO | Query 29 Active Learning Instance Cost: 1441278.32
2025-02-10 14:24 | INFO | Timeout limit is increased to 1800
2025-02-10 14:24 | INFO | Query 30 Size of the uncertainty table is = 37918/56457
2025-02-10 14:24 | INFO | Query 30 Size of the filtered table is = 565
2025-02-10 14:25 | INFO | Training Time Active Learning Classifier: 9.7 seconds
2025-02-10 14:25 | INFO | Training Time Active Learning Regressor: 1.48 seconds
2025-02-10 14:26 | INFO | Query 30 Active Learning Runtime on Validation Set: 146545.1
2025-02-10 14:26 | INFO | Query 30 Active Learning Runtime on Test Set: 6703.15
2025-02-10 14:26 | INFO | Query 30 Active Learning Instance Cost: 1647860.96
2025-02-10 14:26 | INFO | Timeout limit is increased to 1900
2025-02-10 14:26 | INFO | Query 31 Size of the uncertainty table is = 37232/56457
2025-02-10 14:26 | INFO | Query 31 Size of the filtered table is = 565
2025-02-10 14:26 | INFO | Training Time Active Learning Classifier: 9.81 seconds
2025-02-10 14:26 | INFO | Training Time Active Learning Regressor: 1.51 seconds
2025-02-10 14:28 | INFO | Query 31 Active Learning Runtime on Validation Set: 146544.81
2025-02-10 14:28 | INFO | Query 31 Active Learning Runtime on Test Set: 6697.5599999999995
2025-02-10 14:28 | INFO | Query 31 Active Learning Instance Cost: 1931765.33
2025-02-10 14:28 | INFO | Query 32 Size of the uncertainty table is = 36441/56457
2025-02-10 14:28 | INFO | Query 32 Size of the filtered table is = 565
2025-02-10 14:28 | INFO | Training Time Active Learning Classifier: 9.97 seconds
2025-02-10 14:28 | INFO | Training Time Active Learning Regressor: 1.52 seconds
2025-02-10 14:29 | INFO | Query 32 Active Learning Runtime on Validation Set: 146544.64
2025-02-10 14:29 | INFO | Query 32 Active Learning Runtime on Test Set: 6697.5599999999995
2025-02-10 14:29 | INFO | Query 32 Active Learning Instance Cost: 2126439.53
2025-02-10 14:30 | INFO | Query 33 Size of the uncertainty table is = 35826/56457
2025-02-10 14:30 | INFO | Query 33 Size of the filtered table is = 565
2025-02-10 14:30 | INFO | Training Time Active Learning Classifier: 9.89 seconds
2025-02-10 14:30 | INFO | Training Time Active Learning Regressor: 1.53 seconds
2025-02-10 14:31 | INFO | Query 33 Active Learning Runtime on Validation Set: 146544.64
2025-02-10 14:31 | INFO | Query 33 Active Learning Runtime on Test Set: 6697.5599999999995
2025-02-10 14:31 | INFO | Query 33 Active Learning Instance Cost: 2265247.67
2025-02-10 14:31 | INFO | Timeout limit is increased to 2000
2025-02-10 14:32 | INFO | Query 34 Size of the uncertainty table is = 35247/56457
2025-02-10 14:32 | INFO | Query 34 Size of the filtered table is = 565
2025-02-10 14:32 | INFO | Training Time Active Learning Classifier: 9.93 seconds
2025-02-10 14:32 | INFO | Training Time Active Learning Regressor: 1.66 seconds
2025-02-10 14:33 | INFO | Query 34 Active Learning Runtime on Validation Set: 146544.36000000002
2025-02-10 14:33 | INFO | Query 34 Active Learning Runtime on Test Set: 6697.5599999999995
2025-02-10 14:33 | INFO | Query 34 Active Learning Instance Cost: 2464841.97
2025-02-10 14:34 | INFO | Query 35 Size of the uncertainty table is = 34667/56457
2025-02-10 14:34 | INFO | Query 35 Size of the filtered table is = 565
2025-02-10 14:34 | INFO | Training Time Active Learning Classifier: 10.1 seconds
2025-02-10 14:34 | INFO | Training Time Active Learning Regressor: 1.54 seconds
2025-02-10 14:35 | INFO | Query 35 Active Learning Runtime on Validation Set: 146544.80000000002
2025-02-10 14:35 | INFO | Query 35 Active Learning Runtime on Test Set: 6697.5599999999995
2025-02-10 14:35 | INFO | Query 35 Active Learning Instance Cost: 2657473.81
2025-02-10 14:35 | INFO | Timeout limit is increased to 2100
2025-02-10 14:36 | INFO | Query 36 Size of the uncertainty table is = 34069/56457
2025-02-10 14:36 | INFO | Query 36 Size of the filtered table is = 565
2025-02-10 14:36 | INFO | Training Time Active Learning Classifier: 10.04 seconds
2025-02-10 14:36 | INFO | Training Time Active Learning Regressor: 1.56 seconds
2025-02-10 14:37 | INFO | Query 36 Active Learning Runtime on Validation Set: 146544.80000000002
2025-02-10 14:37 | INFO | Query 36 Active Learning Runtime on Test Set: 6697.5599999999995
2025-02-10 14:37 | INFO | Query 36 Active Learning Instance Cost: 2902595.24
2025-02-10 14:37 | INFO | Timeout limit is increased to 2200
2025-02-10 14:38 | INFO | Query 37 Size of the uncertainty table is = 33479/56457
2025-02-10 14:38 | INFO | Query 37 Size of the filtered table is = 565
2025-02-10 14:38 | INFO | Training Time Active Learning Classifier: 10.07 seconds
2025-02-10 14:38 | INFO | Training Time Active Learning Regressor: 1.69 seconds
2025-02-10 14:39 | INFO | Query 37 Active Learning Runtime on Validation Set: 146544.81
2025-02-10 14:39 | INFO | Query 37 Active Learning Runtime on Test Set: 6697.5599999999995
2025-02-10 14:39 | INFO | Query 37 Active Learning Instance Cost: 3094597.08
2025-02-10 14:39 | INFO | Timeout limit is increased to 2300
2025-02-10 14:40 | INFO | Query 38 Size of the uncertainty table is = 32908/56457
2025-02-10 14:40 | INFO | Query 38 Size of the filtered table is = 565
2025-02-10 14:40 | INFO | Training Time Active Learning Classifier: 10.22 seconds
2025-02-10 14:40 | INFO | Training Time Active Learning Regressor: 1.57 seconds
2025-02-10 14:41 | INFO | Query 38 Active Learning Runtime on Validation Set: 146544.81
2025-02-10 14:41 | INFO | Query 38 Active Learning Runtime on Test Set: 6697.5599999999995
2025-02-10 14:41 | INFO | Query 38 Active Learning Instance Cost: 3315430.0
2025-02-10 14:41 | INFO | Timeout limit is increased to 2400
2025-02-10 14:42 | INFO | Query 39 Size of the uncertainty table is = 32134/56457
2025-02-10 14:42 | INFO | Query 39 Size of the filtered table is = 565
2025-02-10 14:42 | INFO | Training Time Active Learning Classifier: 10.14 seconds
2025-02-10 14:42 | INFO | Training Time Active Learning Regressor: 1.59 seconds
2025-02-10 14:43 | INFO | Query 39 Active Learning Runtime on Validation Set: 146544.93
2025-02-10 14:43 | INFO | Query 39 Active Learning Runtime on Test Set: 6697.5599999999995
2025-02-10 14:43 | INFO | Query 39 Active Learning Instance Cost: 3557033.74
2025-02-10 14:43 | INFO | Timeout limit is increased to 2500
2025-02-10 14:43 | INFO | Query 40 Size of the uncertainty table is = 31536/56457
2025-02-10 14:43 | INFO | Query 40 Size of the filtered table is = 565
2025-02-10 14:44 | INFO | Training Time Active Learning Classifier: 10.17 seconds
2025-02-10 14:44 | INFO | Training Time Active Learning Regressor: 1.6 seconds
2025-02-10 14:45 | INFO | Query 40 Active Learning Runtime on Validation Set: 146544.93
2025-02-10 14:45 | INFO | Query 40 Active Learning Runtime on Test Set: 6697.5599999999995
2025-02-10 14:45 | INFO | Query 40 Active Learning Instance Cost: 3737033.74
2025-02-10 14:45 | INFO | Timeout limit is increased to 2600
2025-02-10 14:45 | INFO | Query 41 Size of the uncertainty table is = 30942/56457
2025-02-10 14:45 | INFO | Query 41 Size of the filtered table is = 565
2025-02-10 14:46 | INFO | Training Time Active Learning Classifier: 10.21 seconds
2025-02-10 14:46 | INFO | Training Time Active Learning Regressor: 1.6 seconds
2025-02-10 14:47 | INFO | Query 41 Active Learning Runtime on Validation Set: 146544.93
2025-02-10 14:47 | INFO | Query 41 Active Learning Runtime on Test Set: 6697.5599999999995
2025-02-10 14:47 | INFO | Query 41 Active Learning Instance Cost: 3971033.74
2025-02-10 14:47 | INFO | Timeout limit is increased to 2700
2025-02-10 14:47 | INFO | Query 42 Size of the uncertainty table is = 30288/56457
2025-02-10 14:47 | INFO | Query 42 Size of the filtered table is = 565
2025-02-10 14:47 | INFO | Training Time Active Learning Classifier: 10.19 seconds
2025-02-10 14:47 | INFO | Training Time Active Learning Regressor: 1.59 seconds
2025-02-10 14:48 | INFO | Query 42 Active Learning Runtime on Validation Set: 146544.93
2025-02-10 14:48 | INFO | Query 42 Active Learning Runtime on Test Set: 6697.5599999999995
2025-02-10 14:48 | INFO | Query 42 Active Learning Instance Cost: 4143833.74
2025-02-10 14:48 | INFO | Timeout limit is increased to 2800
2025-02-10 14:49 | INFO | Query 43 Size of the uncertainty table is = 29714/56457
2025-02-10 14:49 | INFO | Query 43 Size of the filtered table is = 565
2025-02-10 14:49 | INFO | Training Time Active Learning Classifier: 10.22 seconds
2025-02-10 14:49 | INFO | Training Time Active Learning Regressor: 1.73 seconds
2025-02-10 14:50 | INFO | Query 43 Active Learning Runtime on Validation Set: 146544.93
2025-02-10 14:50 | INFO | Query 43 Active Learning Runtime on Test Set: 6697.5599999999995
2025-02-10 14:50 | INFO | Query 43 Active Learning Instance Cost: 4393033.74
2025-02-10 14:50 | INFO | Timeout limit is increased to 2900
2025-02-10 14:51 | INFO | Query 44 Size of the uncertainty table is = 28811/56457
2025-02-10 14:51 | INFO | Query 44 Size of the filtered table is = 565
2025-02-10 14:51 | INFO | Training Time Active Learning Classifier: 10.36 seconds
2025-02-10 14:51 | INFO | Training Time Active Learning Regressor: 1.6 seconds
2025-02-10 14:52 | INFO | Query 44 Active Learning Runtime on Validation Set: 146544.93
2025-02-10 14:52 | INFO | Query 44 Active Learning Runtime on Test Set: 6697.5599999999995
2025-02-10 14:52 | INFO | Query 44 Active Learning Instance Cost: 4598933.74
2025-02-10 14:52 | INFO | Timeout limit is increased to 3000
2025-02-10 14:53 | INFO | Query 45 Size of the uncertainty table is = 28243/56457
2025-02-10 14:53 | INFO | Query 45 Size of the filtered table is = 565
2025-02-10 14:53 | INFO | Training Time Active Learning Classifier: 10.31 seconds
2025-02-10 14:53 | INFO | Training Time Active Learning Regressor: 1.61 seconds
2025-02-10 14:54 | INFO | Query 45 Active Learning Runtime on Validation Set: 146544.93
2025-02-10 14:54 | INFO | Query 45 Active Learning Runtime on Test Set: 6697.5599999999995
2025-02-10 14:54 | INFO | Query 45 Active Learning Instance Cost: 4947761.11
2025-02-10 14:54 | INFO | Timeout limit is increased to 3100
2025-02-10 14:55 | INFO | Query 46 Size of the uncertainty table is = 27657/56457
2025-02-10 14:55 | INFO | Query 46 Size of the filtered table is = 565
2025-02-10 14:55 | INFO | Training Time Active Learning Classifier: 10.31 seconds
2025-02-10 14:55 | INFO | Training Time Active Learning Regressor: 1.62 seconds
2025-02-10 14:56 | INFO | Query 46 Active Learning Runtime on Validation Set: 145507.1
2025-02-10 14:56 | INFO | Query 46 Active Learning Runtime on Test Set: 6697.5599999999995
2025-02-10 14:56 | INFO | Query 46 Active Learning Instance Cost: 5162828.43
2025-02-10 14:57 | INFO | Query 47 Size of the uncertainty table is = 27079/56457
2025-02-10 14:57 | INFO | Query 47 Size of the filtered table is = 565
2025-02-10 14:57 | INFO | Training Time Active Learning Classifier: 10.35 seconds
2025-02-10 14:57 | INFO | Training Time Active Learning Regressor: 1.64 seconds
2025-02-10 14:58 | INFO | Query 47 Active Learning Runtime on Validation Set: 110346.09
2025-02-10 14:58 | INFO | Query 47 Active Learning Runtime on Test Set: 6697.5599999999995
2025-02-10 14:58 | INFO | Query 47 Active Learning Instance Cost: 5565828.43
2025-02-10 14:58 | INFO | Query 48 Size of the uncertainty table is = 26508/56457
2025-02-10 14:58 | INFO | Query 48 Size of the filtered table is = 565
2025-02-10 14:59 | INFO | Training Time Active Learning Classifier: 10.5 seconds
2025-02-10 14:59 | INFO | Training Time Active Learning Regressor: 1.64 seconds
2025-02-10 15:00 | INFO | Query 48 Active Learning Runtime on Validation Set: 110346.09
2025-02-10 15:00 | INFO | Query 48 Active Learning Runtime on Test Set: 6697.5599999999995
2025-02-10 15:00 | INFO | Query 48 Active Learning Instance Cost: 6015328.43
2025-02-10 15:00 | INFO | Timeout limit is increased to 3200
2025-02-10 15:00 | INFO | Query 49 Size of the uncertainty table is = 25516/56457
2025-02-10 15:00 | INFO | Query 49 Size of the filtered table is = 565
2025-02-10 15:01 | INFO | Training Time Active Learning Classifier: 10.47 seconds
2025-02-10 15:01 | INFO | Training Time Active Learning Regressor: 1.78 seconds
2025-02-10 15:02 | INFO | Query 49 Active Learning Runtime on Validation Set: 146544.92
2025-02-10 15:02 | INFO | Query 49 Active Learning Runtime on Test Set: 6697.5599999999995
2025-02-10 15:02 | INFO | Query 49 Active Learning Instance Cost: 6928615.48
2025-02-10 15:02 | INFO | Timeout limit is increased to 3300
2025-02-10 15:02 | INFO | Query 50 Size of the uncertainty table is = 22695/56457
2025-02-10 15:02 | INFO | Query 50 Size of the filtered table is = 565
2025-02-10 15:02 | INFO | Training Time Active Learning Classifier: 10.5 seconds
2025-02-10 15:02 | INFO | Training Time Active Learning Regressor: 1.65 seconds
2025-02-10 15:03 | INFO | Query 50 Active Learning Runtime on Validation Set: 146544.92
2025-02-10 15:03 | INFO | Query 50 Active Learning Runtime on Test Set: 6697.5599999999995
2025-02-10 15:03 | INFO | Query 50 Active Learning Instance Cost: 7343846.25
2025-02-10 15:03 | INFO | Timeout limit is increased to 3400
2025-02-10 15:04 | INFO | Query 51 Size of the uncertainty table is = 21793/56457
2025-02-10 15:04 | INFO | Query 51 Size of the filtered table is = 565
2025-02-10 15:04 | INFO | Training Time Active Learning Classifier: 10.57 seconds
2025-02-10 15:04 | INFO | Training Time Active Learning Regressor: 1.67 seconds
2025-02-10 15:05 | INFO | Query 51 Active Learning Runtime on Validation Set: 146544.92
2025-02-10 15:05 | INFO | Query 51 Active Learning Runtime on Test Set: 6697.5599999999995
2025-02-10 15:05 | INFO | Query 51 Active Learning Instance Cost: 8214731.95
2025-02-10 15:05 | INFO | Timeout limit is increased to 3500
2025-02-10 15:06 | INFO | Query 52 Size of the uncertainty table is = 20664/56457
2025-02-10 15:06 | INFO | Query 52 Size of the filtered table is = 565
2025-02-10 15:06 | INFO | Training Time Active Learning Classifier: 10.71 seconds
2025-02-10 15:06 | INFO | Training Time Active Learning Regressor: 1.69 seconds
2025-02-10 15:07 | INFO | Query 52 Active Learning Runtime on Validation Set: 145507.09
2025-02-10 15:07 | INFO | Query 52 Active Learning Runtime on Test Set: 6697.5599999999995
2025-02-10 15:07 | INFO | Query 52 Active Learning Instance Cost: 9113762.42
2025-02-10 15:08 | INFO | Query 53 Size of the uncertainty table is = 20111/56457
2025-02-10 15:08 | INFO | Query 53 Size of the filtered table is = 565
2025-02-10 15:08 | INFO | Training Time Active Learning Classifier: 10.61 seconds
2025-02-10 15:08 | INFO | Training Time Active Learning Regressor: 1.69 seconds
2025-02-10 15:09 | INFO | Query 53 Active Learning Runtime on Validation Set: 145507.09
2025-02-10 15:09 | INFO | Query 53 Active Learning Runtime on Test Set: 6697.5599999999995
2025-02-10 15:09 | INFO | Query 53 Active Learning Instance Cost: 9656890.42
2025-02-10 15:09 | INFO | Timeout limit is increased to 3600
2025-02-10 15:10 | INFO | Query 54 Size of the uncertainty table is = 20095/56457
2025-02-10 15:10 | INFO | Query 54 Size of the filtered table is = 565
2025-02-10 15:10 | INFO | Training Time Active Learning Classifier: 10.71 seconds
2025-02-10 15:10 | INFO | Training Time Active Learning Regressor: 1.69 seconds
2025-02-10 15:11 | INFO | Query 54 Active Learning Runtime on Validation Set: 145507.09
2025-02-10 15:11 | INFO | Query 54 Active Learning Runtime on Test Set: 6697.5599999999995
2025-02-10 15:11 | INFO | Query 54 Active Learning Instance Cost: 9743090.42
2025-02-10 15:11 | INFO | Timeout limit is increased to 3600
2025-02-10 15:11 | INFO | Active Learning Emissions: 0.07017777643761704
2025-02-10 15:11 | INFO | Active Learning Energy Consumption: 0.07635521279866182 kWh
2025-02-10 15:11 | INFO | runtime_test_score is written as json file
2025-02-10 15:11 | INFO | runtime_validation_score is written as json file
2025-02-10 15:11 | INFO | instance_cost is written as json file
2025-02-10 15:11 | INFO | Experiment is finished
