2025-02-10 14:20 | INFO | Paramaters are: {'dataset': 'MAXSAT12-PMS', 'penalty': 10, 'weight': 'No_Weight', 'voting': 'Hard', 'pre_selection_size': 64, 'pre_selection_technique': 'No_pre_selection', 'feature_elimination_threshold': 20, 'imputer_strategy': 'median', 'feature_selection_technique': 'No_feature_selection', 'feature_scaling_technique': 'StandardScaler', 'priority': {'Uncertainty': 'max', 'PredCost': 'min', 'PredDiff': 'max'}, 'initial_train_size': 20, 'query_size': 1, 'timeout_predictor_usage': 'No', 'timeout_limit': 3600, 'timeout_increase_rate': 100, 'penalty_type': 'Only-timeout-penalty', 'RANDOM_STATE_SEED': 7, 'n_splits': 10, 'split_number': 7, 'max_timeout': 3600, 'param_grid': {'n_estimators': 100, 'max_features': 'sqrt', 'max_depth': 2147483648, 'min_samples_split': 2, 'bootstrap': True}}
2025-02-10 14:20 | INFO | MAXSAT12-PMS is current dataset
2025-02-10 14:20 | INFO | DATASETS/MAXSAT12-PMS/algorithm_runs.csv is found
2025-02-10 14:20 | INFO | DATASETS/MAXSAT12-PMS/algorithm_runs.csv is finished
2025-02-10 14:20 | INFO | DATASETS/MAXSAT12-PMS/feature_values.csv is found
2025-02-10 14:20 | INFO | DATASETS/MAXSAT12-PMS/feature_values.csv is finished
2025-02-10 14:20 | INFO | DATASETS/MAXSAT12-PMS/feature_costs.csv is found
2025-02-10 14:20 | INFO | DATASETS/MAXSAT12-PMS/feature_costs.csv is finished
2025-02-10 14:20 | INFO | Virtual best solver time in train = 18775.85
2025-02-10 14:20 | INFO | Single best solver list train = {'DSWPM1_924': 8582519.64, 'akmaxsat': 7839217.21, 'akmaxsat_ls': 7839180.45, 'pwbo2.1': 4092286.35, 'qmaxsat0.21comp': 2092539.23, 'qmaxsat0.21g2comp': 2444866.93}
2025-02-10 14:20 | INFO | Single best solver time train = qmaxsat0.21comp (2092539.23)
2025-02-10 14:20 | INFO | Virtual best solver time in validation = 7385.46
2025-02-10 14:20 | INFO | Single best solver list validation = {'DSWPM1_924': 2458556.75, 'akmaxsat': 4148818.98, 'akmaxsat_ls': 4148827.09, 'pwbo2.1': 767594.77, 'qmaxsat0.21comp': 695387.22, 'qmaxsat0.21g2comp': 8111.91}
2025-02-10 14:20 | INFO | Single best solver time validation = qmaxsat0.21g2comp (8111.91)
2025-02-10 14:20 | INFO | Virtual best solver time in test = 4391.78
2025-02-10 14:20 | INFO | Single best solver list test = {'DSWPM1_924': 1231672.58, 'akmaxsat': 1444935.47, 'akmaxsat_ls': 1444960.77, 'pwbo2.1': 651188.18, 'qmaxsat0.21comp': 258279.58, 'qmaxsat0.21g2comp': 219412.42}
2025-02-10 14:20 | INFO | Single best solver time test = qmaxsat0.21g2comp (219412.42)
2025-02-10 14:20 | INFO | Training Time Passive Learning Classifier: 1.58 seconds
2025-02-10 14:20 | INFO | Training Time Passive Learning Regressor: 0.82 seconds
2025-02-10 14:20 | INFO | Passive Learning Classifier Runtime on Validation Set: 81741.86
2025-02-10 14:20 | INFO | Passive Learning Classifier Runtime on Test Set: 75901.27
2025-02-10 14:20 | INFO | Passive Learning Instance Cost: 3471409.81
2025-02-10 14:20 | INFO | Passive Learning Emissions: 0.00012163710960612545
2025-02-10 14:20 | INFO | Passive Learning Energy Consumption: 0.00013234428133307829 kWh
2025-02-10 14:20 | INFO | Training Time Active Learning Classifier: 0.79 seconds
2025-02-10 14:20 | INFO | Training Time Active Learning Regressor: 0.27 seconds
2025-02-10 14:20 | INFO | Initial Active Learning Runtime on Validation Set: 297314.4
2025-02-10 14:20 | INFO | Initial Active Learning Runtime on Test Set: 111184.77
2025-02-10 14:20 | INFO | Initial Active Learning Instance Cost: 111830.99
2025-02-10 14:20 | INFO | Bin size = 78
2025-02-10 14:20 | INFO | Query 1 Size of the uncertainty table is = 7770/7770
2025-02-10 14:20 | INFO | Query 1 Size of the filtered table is = 78
2025-02-10 14:20 | INFO | Training Time Active Learning Classifier: 0.79 seconds
2025-02-10 14:20 | INFO | Training Time Active Learning Regressor: 0.29 seconds
2025-02-10 14:20 | INFO | Query 1 Active Learning Runtime on Validation Set: 297314.35
2025-02-10 14:20 | INFO | Query 1 Active Learning Runtime on Test Set: 76197.77
2025-02-10 14:20 | INFO | Query 1 Active Learning Instance Cost: 219416.59
2025-02-10 14:20 | INFO | Query 2 Size of the uncertainty table is = 7658/7770
2025-02-10 14:20 | INFO | Query 2 Size of the filtered table is = 78
2025-02-10 14:20 | INFO | Training Time Active Learning Classifier: 0.81 seconds
2025-02-10 14:20 | INFO | Training Time Active Learning Regressor: 0.32 seconds
2025-02-10 14:20 | INFO | Query 2 Active Learning Runtime on Validation Set: 297314.35
2025-02-10 14:20 | INFO | Query 2 Active Learning Runtime on Test Set: 75642.22
2025-02-10 14:20 | INFO | Query 2 Active Learning Instance Cost: 299129.17
2025-02-10 14:20 | INFO | Timeout limit is increased to 3600
2025-02-10 14:20 | INFO | Query 3 Size of the uncertainty table is = 7525/7770
2025-02-10 14:20 | INFO | Query 3 Size of the filtered table is = 78
2025-02-10 14:20 | INFO | Training Time Active Learning Classifier: 0.82 seconds
2025-02-10 14:20 | INFO | Training Time Active Learning Regressor: 0.34 seconds
2025-02-10 14:21 | INFO | Query 3 Active Learning Runtime on Validation Set: 8161.570000000001
2025-02-10 14:21 | INFO | Query 3 Active Learning Runtime on Test Set: 75585.09999999999
2025-02-10 14:21 | INFO | Query 3 Active Learning Instance Cost: 448739.24
2025-02-10 14:21 | INFO | Query 4 Size of the uncertainty table is = 7413/7770
2025-02-10 14:21 | INFO | Query 4 Size of the filtered table is = 78
2025-02-10 14:21 | INFO | Training Time Active Learning Classifier: 0.84 seconds
2025-02-10 14:21 | INFO | Training Time Active Learning Regressor: 0.37 seconds
2025-02-10 14:21 | INFO | Query 4 Active Learning Runtime on Validation Set: 8145.450000000001
2025-02-10 14:21 | INFO | Query 4 Active Learning Runtime on Test Set: 75641.64
2025-02-10 14:21 | INFO | Query 4 Active Learning Instance Cost: 555365.41
2025-02-10 14:21 | INFO | Query 5 Size of the uncertainty table is = 7253/7770
2025-02-10 14:21 | INFO | Query 5 Size of the filtered table is = 78
2025-02-10 14:21 | INFO | Training Time Active Learning Classifier: 0.87 seconds
2025-02-10 14:21 | INFO | Training Time Active Learning Regressor: 0.39 seconds
2025-02-10 14:21 | INFO | Query 5 Active Learning Runtime on Validation Set: 8145.450000000001
2025-02-10 14:21 | INFO | Query 5 Active Learning Runtime on Test Set: 111674.37
2025-02-10 14:21 | INFO | Query 5 Active Learning Instance Cost: 655371.35
2025-02-10 14:21 | INFO | Timeout limit is increased to 3600
2025-02-10 14:21 | INFO | Query 6 Size of the uncertainty table is = 7015/7770
2025-02-10 14:21 | INFO | Query 6 Size of the filtered table is = 78
2025-02-10 14:21 | INFO | Training Time Active Learning Classifier: 0.89 seconds
2025-02-10 14:21 | INFO | Training Time Active Learning Regressor: 0.4 seconds
2025-02-10 14:21 | INFO | Query 6 Active Learning Runtime on Validation Set: 8145.47
2025-02-10 14:21 | INFO | Query 6 Active Learning Runtime on Test Set: 75657.3
2025-02-10 14:21 | INFO | Query 6 Active Learning Instance Cost: 928304.86
2025-02-10 14:21 | INFO | Timeout limit is increased to 3600
2025-02-10 14:21 | INFO | Query 7 Size of the uncertainty table is = 6830/7770
2025-02-10 14:21 | INFO | Query 7 Size of the filtered table is = 78
2025-02-10 14:21 | INFO | Training Time Active Learning Classifier: 0.92 seconds
2025-02-10 14:21 | INFO | Training Time Active Learning Regressor: 0.42 seconds
2025-02-10 14:21 | INFO | Query 7 Active Learning Runtime on Validation Set: 8145.450000000001
2025-02-10 14:21 | INFO | Query 7 Active Learning Runtime on Test Set: 111636.8
2025-02-10 14:21 | INFO | Query 7 Active Learning Instance Cost: 1070648.68
2025-02-10 14:21 | INFO | Query 8 Size of the uncertainty table is = 6575/7770
2025-02-10 14:21 | INFO | Query 8 Size of the filtered table is = 78
2025-02-10 14:21 | INFO | Training Time Active Learning Classifier: 0.94 seconds
2025-02-10 14:21 | INFO | Training Time Active Learning Regressor: 0.44 seconds
2025-02-10 14:22 | INFO | Query 8 Active Learning Runtime on Validation Set: 8544.47
2025-02-10 14:22 | INFO | Query 8 Active Learning Runtime on Test Set: 75933.18
2025-02-10 14:22 | INFO | Query 8 Active Learning Instance Cost: 1225140.12
2025-02-10 14:22 | INFO | Timeout limit is increased to 3600
2025-02-10 14:22 | INFO | Query 9 Size of the uncertainty table is = 6354/7770
2025-02-10 14:22 | INFO | Query 9 Size of the filtered table is = 78
2025-02-10 14:22 | INFO | Training Time Active Learning Classifier: 0.98 seconds
2025-02-10 14:22 | INFO | Training Time Active Learning Regressor: 0.46 seconds
2025-02-10 14:22 | INFO | Query 9 Active Learning Runtime on Validation Set: 8612.15
2025-02-10 14:22 | INFO | Query 9 Active Learning Runtime on Test Set: 111919.38
2025-02-10 14:22 | INFO | Query 9 Active Learning Instance Cost: 1327254.35
2025-02-10 14:22 | INFO | Timeout limit is increased to 3600
2025-02-10 14:22 | INFO | Query 10 Size of the uncertainty table is = 6075/7770
2025-02-10 14:22 | INFO | Query 10 Size of the filtered table is = 78
2025-02-10 14:22 | INFO | Training Time Active Learning Classifier: 1.0 seconds
2025-02-10 14:22 | INFO | Training Time Active Learning Regressor: 0.53 seconds
2025-02-10 14:22 | INFO | Query 10 Active Learning Runtime on Validation Set: 8538.019999999999
2025-02-10 14:22 | INFO | Query 10 Active Learning Runtime on Test Set: 76000.09
2025-02-10 14:22 | INFO | Query 10 Active Learning Instance Cost: 1500075.25
2025-02-10 14:22 | INFO | Query 11 Size of the uncertainty table is = 5823/7770
2025-02-10 14:22 | INFO | Query 11 Size of the filtered table is = 78
2025-02-10 14:22 | INFO | Training Time Active Learning Classifier: 1.04 seconds
2025-02-10 14:22 | INFO | Training Time Active Learning Regressor: 0.5 seconds
2025-02-10 14:22 | INFO | Query 11 Active Learning Runtime on Validation Set: 11324.55
2025-02-10 14:22 | INFO | Query 11 Active Learning Runtime on Test Set: 75675.17
2025-02-10 14:22 | INFO | Query 11 Active Learning Instance Cost: 1602030.32
2025-02-10 14:22 | INFO | Timeout limit is increased to 3600
2025-02-10 14:22 | INFO | Query 12 Size of the uncertainty table is = 5548/7770
2025-02-10 14:22 | INFO | Query 12 Size of the filtered table is = 78
2025-02-10 14:22 | INFO | Training Time Active Learning Classifier: 1.06 seconds
2025-02-10 14:22 | INFO | Training Time Active Learning Regressor: 0.52 seconds
2025-02-10 14:22 | INFO | Query 12 Active Learning Runtime on Validation Set: 8145.450000000001
2025-02-10 14:22 | INFO | Query 12 Active Learning Runtime on Test Set: 75683.26
2025-02-10 14:22 | INFO | Query 12 Active Learning Instance Cost: 1664330.4
2025-02-10 14:22 | INFO | Query 13 Size of the uncertainty table is = 5294/7770
2025-02-10 14:22 | INFO | Query 13 Size of the filtered table is = 78
2025-02-10 14:22 | INFO | Training Time Active Learning Classifier: 1.09 seconds
2025-02-10 14:22 | INFO | Training Time Active Learning Regressor: 0.54 seconds
2025-02-10 14:23 | INFO | Query 13 Active Learning Runtime on Validation Set: 11717.15
2025-02-10 14:23 | INFO | Query 13 Active Learning Runtime on Test Set: 76035.62
2025-02-10 14:23 | INFO | Query 13 Active Learning Instance Cost: 1840295.56
2025-02-10 14:23 | INFO | Timeout limit is increased to 3600
2025-02-10 14:23 | INFO | Query 14 Size of the uncertainty table is = 5075/7770
2025-02-10 14:23 | INFO | Query 14 Size of the filtered table is = 78
2025-02-10 14:23 | INFO | Training Time Active Learning Classifier: 1.11 seconds
2025-02-10 14:23 | INFO | Training Time Active Learning Regressor: 0.57 seconds
2025-02-10 14:23 | INFO | Query 14 Active Learning Runtime on Validation Set: 8145.450000000001
2025-02-10 14:23 | INFO | Query 14 Active Learning Runtime on Test Set: 75693.31999999999
2025-02-10 14:23 | INFO | Query 14 Active Learning Instance Cost: 1875592.53
2025-02-10 14:23 | INFO | Query 15 Size of the uncertainty table is = 4922/7770
2025-02-10 14:23 | INFO | Query 15 Size of the filtered table is = 78
2025-02-10 14:23 | INFO | Training Time Active Learning Classifier: 1.15 seconds
2025-02-10 14:23 | INFO | Training Time Active Learning Regressor: 0.6 seconds
2025-02-10 14:23 | INFO | Query 15 Active Learning Runtime on Validation Set: 190101.18
2025-02-10 14:23 | INFO | Query 15 Active Learning Runtime on Test Set: 39761.369999999995
2025-02-10 14:23 | INFO | Query 15 Active Learning Instance Cost: 1939378.24
2025-02-10 14:23 | INFO | Timeout limit is increased to 3600
2025-02-10 14:23 | INFO | Query 16 Size of the uncertainty table is = 4641/7770
2025-02-10 14:23 | INFO | Query 16 Size of the filtered table is = 78
2025-02-10 14:23 | INFO | Training Time Active Learning Classifier: 1.19 seconds
2025-02-10 14:23 | INFO | Training Time Active Learning Regressor: 0.62 seconds
2025-02-10 14:23 | INFO | Query 16 Active Learning Runtime on Validation Set: 8145.400000000001
2025-02-10 14:23 | INFO | Query 16 Active Learning Runtime on Test Set: 39733.57
2025-02-10 14:23 | INFO | Query 16 Active Learning Instance Cost: 2129954.13
2025-02-10 14:23 | INFO | Query 17 Size of the uncertainty table is = 4234/7770
2025-02-10 14:23 | INFO | Query 17 Size of the filtered table is = 78
2025-02-10 14:23 | INFO | Training Time Active Learning Classifier: 1.22 seconds
2025-02-10 14:23 | INFO | Training Time Active Learning Regressor: 0.64 seconds
2025-02-10 14:24 | INFO | Query 17 Active Learning Runtime on Validation Set: 8145.400000000001
2025-02-10 14:24 | INFO | Query 17 Active Learning Runtime on Test Set: 39734.24
2025-02-10 14:24 | INFO | Query 17 Active Learning Instance Cost: 2464135.36
2025-02-10 14:24 | INFO | Timeout limit is increased to 3600
2025-02-10 14:24 | INFO | Query 18 Size of the uncertainty table is = 3840/7770
2025-02-10 14:24 | INFO | Query 18 Size of the filtered table is = 78
2025-02-10 14:24 | INFO | Training Time Active Learning Classifier: 1.26 seconds
2025-02-10 14:24 | INFO | Training Time Active Learning Regressor: 0.66 seconds
2025-02-10 14:24 | INFO | Query 18 Active Learning Runtime on Validation Set: 8169.89
2025-02-10 14:24 | INFO | Query 18 Active Learning Runtime on Test Set: 39725.92
2025-02-10 14:24 | INFO | Query 18 Active Learning Instance Cost: 2533308.67
2025-02-10 14:24 | INFO | Timeout limit is increased to 3600
2025-02-10 14:24 | INFO | Query 19 Size of the uncertainty table is = 3540/7770
2025-02-10 14:24 | INFO | Query 19 Size of the filtered table is = 78
2025-02-10 14:24 | INFO | Training Time Active Learning Classifier: 1.28 seconds
2025-02-10 14:24 | INFO | Training Time Active Learning Regressor: 0.68 seconds
2025-02-10 14:24 | INFO | Query 19 Active Learning Runtime on Validation Set: 8145.910000000001
2025-02-10 14:24 | INFO | Query 19 Active Learning Runtime on Test Set: 39998.22
2025-02-10 14:24 | INFO | Query 19 Active Learning Instance Cost: 2542412.29
2025-02-10 14:24 | INFO | Query 20 Size of the uncertainty table is = 3222/7770
2025-02-10 14:24 | INFO | Query 20 Size of the filtered table is = 78
2025-02-10 14:24 | INFO | Training Time Active Learning Classifier: 1.31 seconds
2025-02-10 14:24 | INFO | Training Time Active Learning Regressor: 0.7 seconds
2025-02-10 14:24 | INFO | Query 20 Active Learning Runtime on Validation Set: 8050.400000000001
2025-02-10 14:24 | INFO | Query 20 Active Learning Runtime on Test Set: 39973.28
2025-02-10 14:24 | INFO | Query 20 Active Learning Instance Cost: 2612650.11
2025-02-10 14:24 | INFO | Query 21 Size of the uncertainty table is = 2900/7770
2025-02-10 14:24 | INFO | Query 21 Size of the filtered table is = 78
2025-02-10 14:24 | INFO | Training Time Active Learning Classifier: 1.34 seconds
2025-02-10 14:24 | INFO | Training Time Active Learning Regressor: 0.71 seconds
2025-02-10 14:24 | INFO | Query 21 Active Learning Runtime on Validation Set: 8069.4800000000005
2025-02-10 14:24 | INFO | Query 21 Active Learning Runtime on Test Set: 39997.09
2025-02-10 14:24 | INFO | Query 21 Active Learning Instance Cost: 2723022.61
2025-02-10 14:24 | INFO | Timeout limit is increased to 3600
2025-02-10 14:24 | INFO | Query 22 Size of the uncertainty table is = 2621/7770
2025-02-10 14:24 | INFO | Query 22 Size of the filtered table is = 78
2025-02-10 14:24 | INFO | Training Time Active Learning Classifier: 1.37 seconds
2025-02-10 14:24 | INFO | Training Time Active Learning Regressor: 0.73 seconds
2025-02-10 14:25 | INFO | Query 22 Active Learning Runtime on Validation Set: 9449.49
2025-02-10 14:25 | INFO | Query 22 Active Learning Runtime on Test Set: 39997.549999999996
2025-02-10 14:25 | INFO | Query 22 Active Learning Instance Cost: 2790407.37
2025-02-10 14:25 | INFO | Timeout limit is increased to 3600
2025-02-10 14:25 | INFO | Query 23 Size of the uncertainty table is = 2374/7770
2025-02-10 14:25 | INFO | Query 23 Size of the filtered table is = 78
2025-02-10 14:25 | INFO | Training Time Active Learning Classifier: 1.42 seconds
2025-02-10 14:25 | INFO | Training Time Active Learning Regressor: 0.75 seconds
2025-02-10 14:25 | INFO | Query 23 Active Learning Runtime on Validation Set: 8103.910000000001
2025-02-10 14:25 | INFO | Query 23 Active Learning Runtime on Test Set: 75967.15
2025-02-10 14:25 | INFO | Query 23 Active Learning Instance Cost: 2860398.2
2025-02-10 14:25 | INFO | Query 24 Size of the uncertainty table is = 1996/7770
2025-02-10 14:25 | INFO | Query 24 Size of the filtered table is = 78
2025-02-10 14:25 | INFO | Training Time Active Learning Classifier: 1.44 seconds
2025-02-10 14:25 | INFO | Training Time Active Learning Regressor: 0.77 seconds
2025-02-10 14:25 | INFO | Query 24 Active Learning Runtime on Validation Set: 79651.45
2025-02-10 14:25 | INFO | Query 24 Active Learning Runtime on Test Set: 111924.45
2025-02-10 14:25 | INFO | Query 24 Active Learning Instance Cost: 2924470.03
2025-02-10 14:25 | INFO | Timeout limit is increased to 3600
2025-02-10 14:25 | INFO | Query 25 Size of the uncertainty table is = 1659/7770
2025-02-10 14:25 | INFO | Query 25 Size of the filtered table is = 78
2025-02-10 14:25 | INFO | Training Time Active Learning Classifier: 1.47 seconds
2025-02-10 14:25 | INFO | Training Time Active Learning Regressor: 0.83 seconds
2025-02-10 14:25 | INFO | Query 25 Active Learning Runtime on Validation Set: 8084.830000000001
2025-02-10 14:25 | INFO | Query 25 Active Learning Runtime on Test Set: 75990.28
2025-02-10 14:25 | INFO | Query 25 Active Learning Instance Cost: 2967753.92
2025-02-10 14:25 | INFO | Query 26 Size of the uncertainty table is = 1456/7770
2025-02-10 14:25 | INFO | Query 26 Size of the filtered table is = 78
2025-02-10 14:25 | INFO | Training Time Active Learning Classifier: 1.5 seconds
2025-02-10 14:25 | INFO | Training Time Active Learning Regressor: 0.8 seconds
2025-02-10 14:25 | INFO | Query 26 Active Learning Runtime on Validation Set: 81405.23999999999
2025-02-10 14:25 | INFO | Query 26 Active Learning Runtime on Test Set: 75915.68
2025-02-10 14:25 | INFO | Query 26 Active Learning Instance Cost: 3073480.63
2025-02-10 14:25 | INFO | Timeout limit is increased to 3600
2025-02-10 14:25 | INFO | Query 27 Size of the uncertainty table is = 1112/7770
2025-02-10 14:25 | INFO | Query 27 Size of the filtered table is = 78
2025-02-10 14:25 | INFO | Training Time Active Learning Classifier: 1.52 seconds
2025-02-10 14:25 | INFO | Training Time Active Learning Regressor: 0.8 seconds
2025-02-10 14:26 | INFO | Query 27 Active Learning Runtime on Validation Set: 152010.58
2025-02-10 14:26 | INFO | Query 27 Active Learning Runtime on Test Set: 112097.59999999999
2025-02-10 14:26 | INFO | Query 27 Active Learning Instance Cost: 3132336.84
2025-02-10 14:26 | INFO | Timeout limit is increased to 3600
2025-02-10 14:26 | INFO | Query 28 Size of the uncertainty table is = 804/7770
2025-02-10 14:26 | INFO | Query 28 Size of the filtered table is = 78
2025-02-10 14:26 | INFO | Training Time Active Learning Classifier: 1.54 seconds
2025-02-10 14:26 | INFO | Training Time Active Learning Regressor: 0.8 seconds
2025-02-10 14:26 | INFO | Query 28 Active Learning Runtime on Validation Set: 115305.88
2025-02-10 14:26 | INFO | Query 28 Active Learning Runtime on Test Set: 112073.93
2025-02-10 14:26 | INFO | Query 28 Active Learning Instance Cost: 3237293.53
2025-02-10 14:26 | INFO | Query 29 Size of the uncertainty table is = 604/7770
2025-02-10 14:26 | INFO | Query 29 Size of the filtered table is = 78
2025-02-10 14:26 | INFO | Training Time Active Learning Classifier: 1.57 seconds
2025-02-10 14:26 | INFO | Training Time Active Learning Regressor: 0.81 seconds
2025-02-10 14:26 | INFO | Query 29 Active Learning Runtime on Validation Set: 115305.88
2025-02-10 14:26 | INFO | Query 29 Active Learning Runtime on Test Set: 112080.18
2025-02-10 14:26 | INFO | Query 29 Active Learning Instance Cost: 3248611.05
2025-02-10 14:26 | INFO | Timeout limit is increased to 3600
2025-02-10 14:26 | INFO | Query 30 Size of the uncertainty table is = 494/7770
2025-02-10 14:26 | INFO | Query 30 Size of the filtered table is = 78
2025-02-10 14:26 | INFO | Training Time Active Learning Classifier: 1.56 seconds
2025-02-10 14:26 | INFO | Training Time Active Learning Regressor: 0.82 seconds
2025-02-10 14:26 | INFO | Query 30 Active Learning Runtime on Validation Set: 8145.910000000001
2025-02-10 14:26 | INFO | Query 30 Active Learning Runtime on Test Set: 75974.95999999999
2025-02-10 14:26 | INFO | Query 30 Active Learning Instance Cost: 3248854.86
2025-02-10 14:26 | INFO | Query 31 Size of the uncertainty table is = 413/7770
2025-02-10 14:26 | INFO | Query 31 Size of the filtered table is = 78
2025-02-10 14:26 | INFO | Training Time Active Learning Classifier: 1.57 seconds
2025-02-10 14:26 | INFO | Training Time Active Learning Regressor: 0.81 seconds
2025-02-10 14:26 | INFO | Query 31 Active Learning Runtime on Validation Set: 153439.72
2025-02-10 14:26 | INFO | Query 31 Active Learning Runtime on Test Set: 111901.48
2025-02-10 14:26 | INFO | Query 31 Active Learning Instance Cost: 3257643.98
2025-02-10 14:26 | INFO | Timeout limit is increased to 3600
2025-02-10 14:26 | INFO | Query 32 Size of the uncertainty table is = 321/7770
2025-02-10 14:26 | INFO | Query 32 Size of the filtered table is = 78
2025-02-10 14:26 | INFO | Training Time Active Learning Classifier: 1.59 seconds
2025-02-10 14:26 | INFO | Training Time Active Learning Regressor: 0.82 seconds
2025-02-10 14:27 | INFO | Query 32 Active Learning Runtime on Validation Set: 43820.909999999996
2025-02-10 14:27 | INFO | Query 32 Active Learning Runtime on Test Set: 75974.4
2025-02-10 14:27 | INFO | Query 32 Active Learning Instance Cost: 3302209.81
2025-02-10 14:27 | INFO | Query 33 Size of the uncertainty table is = 234/7770
2025-02-10 14:27 | INFO | Query 33 Size of the filtered table is = 78
2025-02-10 14:27 | INFO | Training Time Active Learning Classifier: 1.58 seconds
2025-02-10 14:27 | INFO | Training Time Active Learning Regressor: 0.83 seconds
2025-02-10 14:27 | INFO | Query 33 Active Learning Runtime on Validation Set: 43820.909999999996
2025-02-10 14:27 | INFO | Query 33 Active Learning Runtime on Test Set: 75974.4
2025-02-10 14:27 | INFO | Query 33 Active Learning Instance Cost: 3410209.81
2025-02-10 14:27 | INFO | Timeout limit is increased to 3600
2025-02-10 14:27 | INFO | Query 34 Size of the uncertainty table is = 84/7770
2025-02-10 14:27 | INFO | Query 34 Size of the filtered table is = 78
2025-02-10 14:27 | INFO | Training Time Active Learning Classifier: 1.59 seconds
2025-02-10 14:27 | INFO | Training Time Active Learning Regressor: 0.83 seconds
2025-02-10 14:27 | INFO | Query 34 Active Learning Runtime on Validation Set: 43820.909999999996
2025-02-10 14:27 | INFO | Query 34 Active Learning Runtime on Test Set: 75956.66
2025-02-10 14:27 | INFO | Query 34 Active Learning Instance Cost: 3471409.81
2025-02-10 14:27 | INFO | Timeout limit is increased to 3600
2025-02-10 14:27 | INFO | Active Learning Emissions: 0.005026840590089689
2025-02-10 14:27 | INFO | Active Learning Energy Consumption: 0.005469330925616346 kWh
2025-02-10 14:27 | INFO | runtime_test_score is written as json file
2025-02-10 14:27 | INFO | runtime_validation_score is written as json file
2025-02-10 14:27 | INFO | instance_cost is written as json file
2025-02-10 14:27 | INFO | Experiment is finished
