2025-02-10 14:38 | INFO | Paramaters are: {'dataset': 'MAXSAT12-PMS', 'penalty': 10, 'weight': 'No_Weight', 'voting': 'Hard', 'pre_selection_size': 64, 'pre_selection_technique': 'No_pre_selection', 'feature_elimination_threshold': 20, 'imputer_strategy': 'median', 'feature_selection_technique': 'No_feature_selection', 'feature_scaling_technique': 'StandardScaler', 'priority': {'PredCost': 'min', 'Uncertainty': 'max', 'PredDiff': 'max'}, 'initial_train_size': 20, 'query_size': 1, 'timeout_predictor_usage': 'No', 'timeout_limit': 3600, 'timeout_increase_rate': 100, 'penalty_type': 'Only-timeout-penalty', 'RANDOM_STATE_SEED': 12345, 'n_splits': 10, 'split_number': 0, 'max_timeout': 3600, 'param_grid': {'n_estimators': 100, 'max_features': 'sqrt', 'max_depth': 2147483648, 'min_samples_split': 2, 'bootstrap': True}}
2025-02-10 14:38 | INFO | MAXSAT12-PMS is current dataset
2025-02-10 14:38 | INFO | DATASETS/MAXSAT12-PMS/algorithm_runs.csv is found
2025-02-10 14:38 | INFO | DATASETS/MAXSAT12-PMS/algorithm_runs.csv is finished
2025-02-10 14:38 | INFO | DATASETS/MAXSAT12-PMS/feature_values.csv is found
2025-02-10 14:38 | INFO | DATASETS/MAXSAT12-PMS/feature_values.csv is finished
2025-02-10 14:38 | INFO | DATASETS/MAXSAT12-PMS/feature_costs.csv is found
2025-02-10 14:38 | INFO | DATASETS/MAXSAT12-PMS/feature_costs.csv is finished
2025-02-10 14:38 | INFO | Virtual best solver time in train = 20592.68
2025-02-10 14:38 | INFO | Single best solver list train = {'DSWPM1_924': 8619755.45, 'akmaxsat': 7697026.09, 'akmaxsat_ls': 7697007.23, 'pwbo2.1': 4270312.63, 'qmaxsat0.21comp': 2164956.61, 'qmaxsat0.21g2comp': 2516461.46}
2025-02-10 14:38 | INFO | Single best solver time train = qmaxsat0.21comp (2164956.61)
2025-02-10 14:38 | INFO | Virtual best solver time in validation = 7473.9
2025-02-10 14:38 | INFO | Single best solver list validation = {'DSWPM1_924': 2456720.29, 'akmaxsat': 4148446.46, 'akmaxsat_ls': 4148463.62, 'pwbo2.1': 875468.73, 'qmaxsat0.21comp': 659738.27, 'qmaxsat0.21g2comp': 8338.82}
2025-02-10 14:38 | INFO | Single best solver time validation = qmaxsat0.21g2comp (8338.82)
2025-02-10 14:38 | INFO | Virtual best solver time in test = 2486.51
2025-02-10 14:38 | INFO | Single best solver list test = {'DSWPM1_924': 1196273.23, 'akmaxsat': 1587499.11, 'akmaxsat_ls': 1587497.46, 'pwbo2.1': 365287.94, 'qmaxsat0.21comp': 221511.15, 'qmaxsat0.21g2comp': 147590.98}
2025-02-10 14:38 | INFO | Single best solver time test = qmaxsat0.21g2comp (147590.98)
2025-02-10 14:38 | INFO | Training Time Passive Learning Classifier: 1.6 seconds
2025-02-10 14:38 | INFO | Training Time Passive Learning Regressor: 0.83 seconds
2025-02-10 14:38 | INFO | Passive Learning Classifier Runtime on Validation Set: 44420.36
2025-02-10 14:38 | INFO | Passive Learning Classifier Runtime on Test Set: 2616.79
2025-02-10 14:38 | INFO | Passive Learning Instance Cost: 3481519.47
2025-02-10 14:38 | INFO | Passive Learning Emissions: 0.00012290385635604437
2025-02-10 14:38 | INFO | Passive Learning Energy Consumption: 0.00013372253414418084 kWh
2025-02-10 14:38 | INFO | Training Time Active Learning Classifier: 0.8 seconds
2025-02-10 14:38 | INFO | Training Time Active Learning Regressor: 0.27 seconds
2025-02-10 14:38 | INFO | Initial Active Learning Runtime on Validation Set: 259016.98
2025-02-10 14:38 | INFO | Initial Active Learning Runtime on Test Set: 76320.49
2025-02-10 14:38 | INFO | Initial Active Learning Instance Cost: 148056.62
2025-02-10 14:38 | INFO | Bin size = 78
2025-02-10 14:38 | INFO | Query 1 Size of the uncertainty table is = 7755/7755
2025-02-10 14:38 | INFO | Query 1 Size of the filtered table is = 78
2025-02-10 14:38 | INFO | Training Time Active Learning Classifier: 0.79 seconds
2025-02-10 14:38 | INFO | Training Time Active Learning Regressor: 0.29 seconds
2025-02-10 14:38 | INFO | Query 1 Active Learning Runtime on Validation Set: 8163.23
2025-02-10 14:38 | INFO | Query 1 Active Learning Runtime on Test Set: 40049.6
2025-02-10 14:38 | INFO | Query 1 Active Learning Instance Cost: 148873.75
2025-02-10 14:38 | INFO | Query 2 Size of the uncertainty table is = 7665/7755
2025-02-10 14:38 | INFO | Query 2 Size of the filtered table is = 78
2025-02-10 14:38 | INFO | Training Time Active Learning Classifier: 0.8 seconds
2025-02-10 14:38 | INFO | Training Time Active Learning Regressor: 0.3 seconds
2025-02-10 14:38 | INFO | Query 2 Active Learning Runtime on Validation Set: 332349.1
2025-02-10 14:38 | INFO | Query 2 Active Learning Runtime on Test Set: 74872.38
2025-02-10 14:38 | INFO | Query 2 Active Learning Instance Cost: 156719.11
2025-02-10 14:38 | INFO | Timeout limit is increased to 3600
2025-02-10 14:38 | INFO | Query 3 Size of the uncertainty table is = 7587/7755
2025-02-10 14:38 | INFO | Query 3 Size of the filtered table is = 78
2025-02-10 14:38 | INFO | Training Time Active Learning Classifier: 0.81 seconds
2025-02-10 14:38 | INFO | Training Time Active Learning Regressor: 0.3 seconds
2025-02-10 14:39 | INFO | Query 3 Active Learning Runtime on Validation Set: 332349.1
2025-02-10 14:39 | INFO | Query 3 Active Learning Runtime on Test Set: 74872.36
2025-02-10 14:39 | INFO | Query 3 Active Learning Instance Cost: 156725.88
2025-02-10 14:39 | INFO | Timeout limit is increased to 3600
2025-02-10 14:39 | INFO | Query 4 Size of the uncertainty table is = 7508/7755
2025-02-10 14:39 | INFO | Query 4 Size of the filtered table is = 78
2025-02-10 14:39 | INFO | Training Time Active Learning Classifier: 0.81 seconds
2025-02-10 14:39 | INFO | Training Time Active Learning Regressor: 0.3 seconds
2025-02-10 14:39 | INFO | Query 4 Active Learning Runtime on Validation Set: 332349.1
2025-02-10 14:39 | INFO | Query 4 Active Learning Runtime on Test Set: 74872.35
2025-02-10 14:39 | INFO | Query 4 Active Learning Instance Cost: 156744.69
2025-02-10 14:39 | INFO | Timeout limit is increased to 3600
2025-02-10 14:39 | INFO | Query 5 Size of the uncertainty table is = 7430/7755
2025-02-10 14:39 | INFO | Query 5 Size of the filtered table is = 78
2025-02-10 14:39 | INFO | Training Time Active Learning Classifier: 0.82 seconds
2025-02-10 14:39 | INFO | Training Time Active Learning Regressor: 0.32 seconds
2025-02-10 14:39 | INFO | Query 5 Active Learning Runtime on Validation Set: 259016.97999999998
2025-02-10 14:39 | INFO | Query 5 Active Learning Runtime on Test Set: 38977.020000000004
2025-02-10 14:39 | INFO | Query 5 Active Learning Instance Cost: 158111.94
2025-02-10 14:39 | INFO | Query 6 Size of the uncertainty table is = 7348/7755
2025-02-10 14:39 | INFO | Query 6 Size of the filtered table is = 78
2025-02-10 14:39 | INFO | Training Time Active Learning Classifier: 0.82 seconds
2025-02-10 14:39 | INFO | Training Time Active Learning Regressor: 0.32 seconds
2025-02-10 14:39 | INFO | Query 6 Active Learning Runtime on Validation Set: 8209.92
2025-02-10 14:39 | INFO | Query 6 Active Learning Runtime on Test Set: 40052.31
2025-02-10 14:39 | INFO | Query 6 Active Learning Instance Cost: 166826.02
2025-02-10 14:39 | INFO | Query 7 Size of the uncertainty table is = 7259/7755
2025-02-10 14:39 | INFO | Query 7 Size of the filtered table is = 78
2025-02-10 14:39 | INFO | Training Time Active Learning Classifier: 0.83 seconds
2025-02-10 14:39 | INFO | Training Time Active Learning Regressor: 0.33 seconds
2025-02-10 14:39 | INFO | Query 7 Active Learning Runtime on Validation Set: 8292.27
2025-02-10 14:39 | INFO | Query 7 Active Learning Runtime on Test Set: 75936.87
2025-02-10 14:39 | INFO | Query 7 Active Learning Instance Cost: 194065.59
2025-02-10 14:39 | INFO | Timeout limit is increased to 3600
2025-02-10 14:39 | INFO | Query 8 Size of the uncertainty table is = 7166/7755
2025-02-10 14:39 | INFO | Query 8 Size of the filtered table is = 78
2025-02-10 14:39 | INFO | Training Time Active Learning Classifier: 0.84 seconds
2025-02-10 14:39 | INFO | Training Time Active Learning Regressor: 0.34 seconds
2025-02-10 14:40 | INFO | Query 8 Active Learning Runtime on Validation Set: 44197.53
2025-02-10 14:40 | INFO | Query 8 Active Learning Runtime on Test Set: 147790.41999999998
2025-02-10 14:40 | INFO | Query 8 Active Learning Instance Cost: 205243.28
2025-02-10 14:40 | INFO | Timeout limit is increased to 3600
2025-02-10 14:40 | INFO | Query 9 Size of the uncertainty table is = 7082/7755
2025-02-10 14:40 | INFO | Query 9 Size of the filtered table is = 78
2025-02-10 14:40 | INFO | Training Time Active Learning Classifier: 0.85 seconds
2025-02-10 14:40 | INFO | Training Time Active Learning Regressor: 0.35 seconds
2025-02-10 14:40 | INFO | Query 9 Active Learning Runtime on Validation Set: 259309.58
2025-02-10 14:40 | INFO | Query 9 Active Learning Runtime on Test Set: 111978.53
2025-02-10 14:40 | INFO | Query 9 Active Learning Instance Cost: 212963.06
2025-02-10 14:40 | INFO | Timeout limit is increased to 3600
2025-02-10 14:40 | INFO | Query 10 Size of the uncertainty table is = 7000/7755
2025-02-10 14:40 | INFO | Query 10 Size of the filtered table is = 78
2025-02-10 14:40 | INFO | Training Time Active Learning Classifier: 0.86 seconds
2025-02-10 14:40 | INFO | Training Time Active Learning Regressor: 0.36 seconds
2025-02-10 14:40 | INFO | Query 10 Active Learning Runtime on Validation Set: 476847.51
2025-02-10 14:40 | INFO | Query 10 Active Learning Runtime on Test Set: 111955.97
2025-02-10 14:40 | INFO | Query 10 Active Learning Instance Cost: 217418.89
2025-02-10 14:40 | INFO | Timeout limit is increased to 3600
2025-02-10 14:40 | INFO | Query 11 Size of the uncertainty table is = 6915/7755
2025-02-10 14:40 | INFO | Query 11 Size of the filtered table is = 78
2025-02-10 14:40 | INFO | Training Time Active Learning Classifier: 0.87 seconds
2025-02-10 14:40 | INFO | Training Time Active Learning Regressor: 0.36 seconds
2025-02-10 14:40 | INFO | Query 11 Active Learning Runtime on Validation Set: 259591.03999999998
2025-02-10 14:40 | INFO | Query 11 Active Learning Runtime on Test Set: 38607.3
2025-02-10 14:40 | INFO | Query 11 Active Learning Instance Cost: 233214.1
2025-02-10 14:40 | INFO | Query 12 Size of the uncertainty table is = 6830/7755
2025-02-10 14:40 | INFO | Query 12 Size of the filtered table is = 78
2025-02-10 14:40 | INFO | Training Time Active Learning Classifier: 0.93 seconds
2025-02-10 14:40 | INFO | Training Time Active Learning Regressor: 0.37 seconds
2025-02-10 14:40 | INFO | Query 12 Active Learning Runtime on Validation Set: 441552.19
2025-02-10 14:40 | INFO | Query 12 Active Learning Runtime on Test Set: 184109.37
2025-02-10 14:40 | INFO | Query 12 Active Learning Instance Cost: 264923.43
2025-02-10 14:40 | INFO | Timeout limit is increased to 3600
2025-02-10 14:40 | INFO | Query 13 Size of the uncertainty table is = 6748/7755
2025-02-10 14:40 | INFO | Query 13 Size of the filtered table is = 78
2025-02-10 14:40 | INFO | Training Time Active Learning Classifier: 0.9 seconds
2025-02-10 14:40 | INFO | Training Time Active Learning Regressor: 0.39 seconds
2025-02-10 14:41 | INFO | Query 13 Active Learning Runtime on Validation Set: 444936.17
2025-02-10 14:41 | INFO | Query 13 Active Learning Runtime on Test Set: 184210.96
2025-02-10 14:41 | INFO | Query 13 Active Learning Instance Cost: 276877.22
2025-02-10 14:41 | INFO | Timeout limit is increased to 3600
2025-02-10 14:41 | INFO | Query 14 Size of the uncertainty table is = 6661/7755
2025-02-10 14:41 | INFO | Query 14 Size of the filtered table is = 78
2025-02-10 14:41 | INFO | Training Time Active Learning Classifier: 0.9 seconds
2025-02-10 14:41 | INFO | Training Time Active Learning Regressor: 0.41 seconds
2025-02-10 14:41 | INFO | Query 14 Active Learning Runtime on Validation Set: 155583.13999999998
2025-02-10 14:41 | INFO | Query 14 Active Learning Runtime on Test Set: 184009.18
2025-02-10 14:41 | INFO | Query 14 Active Learning Instance Cost: 317933.88
2025-02-10 14:41 | INFO | Query 15 Size of the uncertainty table is = 6583/7755
2025-02-10 14:41 | INFO | Query 15 Size of the filtered table is = 78
2025-02-10 14:41 | INFO | Training Time Active Learning Classifier: 0.91 seconds
2025-02-10 14:41 | INFO | Training Time Active Learning Regressor: 0.43 seconds
2025-02-10 14:41 | INFO | Query 15 Active Learning Runtime on Validation Set: 152069.87
2025-02-10 14:41 | INFO | Query 15 Active Learning Runtime on Test Set: 111973.36
2025-02-10 14:41 | INFO | Query 15 Active Learning Instance Cost: 326531.4
2025-02-10 14:41 | INFO | Query 16 Size of the uncertainty table is = 6502/7755
2025-02-10 14:41 | INFO | Query 16 Size of the filtered table is = 78
2025-02-10 14:41 | INFO | Training Time Active Learning Classifier: 0.92 seconds
2025-02-10 14:41 | INFO | Training Time Active Learning Regressor: 0.45 seconds
2025-02-10 14:41 | INFO | Query 16 Active Learning Runtime on Validation Set: 406360.29
2025-02-10 14:41 | INFO | Query 16 Active Learning Runtime on Test Set: 184418.84999999998
2025-02-10 14:41 | INFO | Query 16 Active Learning Instance Cost: 348934.75
2025-02-10 14:41 | INFO | Timeout limit is increased to 3600
2025-02-10 14:41 | INFO | Query 17 Size of the uncertainty table is = 6422/7755
2025-02-10 14:41 | INFO | Query 17 Size of the filtered table is = 78
2025-02-10 14:41 | INFO | Training Time Active Learning Classifier: 0.93 seconds
2025-02-10 14:41 | INFO | Training Time Active Learning Regressor: 0.46 seconds
2025-02-10 14:41 | INFO | Query 17 Active Learning Runtime on Validation Set: 406313.29
2025-02-10 14:41 | INFO | Query 17 Active Learning Runtime on Test Set: 184032.96
2025-02-10 14:41 | INFO | Query 17 Active Learning Instance Cost: 361867.45
2025-02-10 14:41 | INFO | Query 18 Size of the uncertainty table is = 6328/7755
2025-02-10 14:41 | INFO | Query 18 Size of the filtered table is = 78
2025-02-10 14:41 | INFO | Training Time Active Learning Classifier: 0.95 seconds
2025-02-10 14:42 | INFO | Training Time Active Learning Regressor: 0.48 seconds
2025-02-10 14:42 | INFO | Query 18 Active Learning Runtime on Validation Set: 406313.29
2025-02-10 14:42 | INFO | Query 18 Active Learning Runtime on Test Set: 148288.41999999998
2025-02-10 14:42 | INFO | Query 18 Active Learning Instance Cost: 365716.01
2025-02-10 14:42 | INFO | Timeout limit is increased to 3600
2025-02-10 14:42 | INFO | Query 19 Size of the uncertainty table is = 6249/7755
2025-02-10 14:42 | INFO | Query 19 Size of the filtered table is = 78
2025-02-10 14:42 | INFO | Training Time Active Learning Classifier: 0.95 seconds
2025-02-10 14:42 | INFO | Training Time Active Learning Regressor: 0.48 seconds
2025-02-10 14:42 | INFO | Query 19 Active Learning Runtime on Validation Set: 406335.42
2025-02-10 14:42 | INFO | Query 19 Active Learning Runtime on Test Set: 148383.09999999998
2025-02-10 14:42 | INFO | Query 19 Active Learning Instance Cost: 376879.85
2025-02-10 14:42 | INFO | Timeout limit is increased to 3600
2025-02-10 14:42 | INFO | Query 20 Size of the uncertainty table is = 6168/7755
2025-02-10 14:42 | INFO | Query 20 Size of the filtered table is = 78
2025-02-10 14:42 | INFO | Training Time Active Learning Classifier: 0.96 seconds
2025-02-10 14:42 | INFO | Training Time Active Learning Regressor: 0.49 seconds
2025-02-10 14:42 | INFO | Query 20 Active Learning Runtime on Validation Set: 406319.73
2025-02-10 14:42 | INFO | Query 20 Active Learning Runtime on Test Set: 148178.18999999997
2025-02-10 14:42 | INFO | Query 20 Active Learning Instance Cost: 387897.94
2025-02-10 14:42 | INFO | Query 21 Size of the uncertainty table is = 6085/7755
2025-02-10 14:42 | INFO | Query 21 Size of the filtered table is = 78
2025-02-10 14:42 | INFO | Training Time Active Learning Classifier: 0.97 seconds
2025-02-10 14:42 | INFO | Training Time Active Learning Regressor: 0.51 seconds
2025-02-10 14:42 | INFO | Query 21 Active Learning Runtime on Validation Set: 155503.71
2025-02-10 14:42 | INFO | Query 21 Active Learning Runtime on Test Set: 148011.91999999998
2025-02-10 14:42 | INFO | Query 21 Active Learning Instance Cost: 389579.43
2025-02-10 14:42 | INFO | Query 22 Size of the uncertainty table is = 5999/7755
2025-02-10 14:42 | INFO | Query 22 Size of the filtered table is = 78
2025-02-10 14:42 | INFO | Training Time Active Learning Classifier: 0.98 seconds
2025-02-10 14:42 | INFO | Training Time Active Learning Regressor: 0.53 seconds
2025-02-10 14:43 | INFO | Query 22 Active Learning Runtime on Validation Set: 155525.69999999998
2025-02-10 14:43 | INFO | Query 22 Active Learning Runtime on Test Set: 183861.97999999998
2025-02-10 14:43 | INFO | Query 22 Active Learning Instance Cost: 399610.7
2025-02-10 14:43 | INFO | Timeout limit is increased to 3600
2025-02-10 14:43 | INFO | Query 23 Size of the uncertainty table is = 5916/7755
2025-02-10 14:43 | INFO | Query 23 Size of the filtered table is = 78
2025-02-10 14:43 | INFO | Training Time Active Learning Classifier: 0.99 seconds
2025-02-10 14:43 | INFO | Training Time Active Learning Regressor: 0.53 seconds
2025-02-10 14:43 | INFO | Query 23 Active Learning Runtime on Validation Set: 191285.56
2025-02-10 14:43 | INFO | Query 23 Active Learning Runtime on Test Set: 183922.78999999998
2025-02-10 14:43 | INFO | Query 23 Active Learning Instance Cost: 405845.61
2025-02-10 14:43 | INFO | Timeout limit is increased to 3600
2025-02-10 14:43 | INFO | Query 24 Size of the uncertainty table is = 5834/7755
2025-02-10 14:43 | INFO | Query 24 Size of the filtered table is = 78
2025-02-10 14:43 | INFO | Training Time Active Learning Classifier: 1.0 seconds
2025-02-10 14:43 | INFO | Training Time Active Learning Regressor: 0.54 seconds
2025-02-10 14:43 | INFO | Query 24 Active Learning Runtime on Validation Set: 406434.64999999997
2025-02-10 14:43 | INFO | Query 24 Active Learning Runtime on Test Set: 182815.50999999998
2025-02-10 14:43 | INFO | Query 24 Active Learning Instance Cost: 411713.54
2025-02-10 14:43 | INFO | Timeout limit is increased to 3600
2025-02-10 14:43 | INFO | Query 25 Size of the uncertainty table is = 5750/7755
2025-02-10 14:43 | INFO | Query 25 Size of the filtered table is = 78
2025-02-10 14:43 | INFO | Training Time Active Learning Classifier: 1.01 seconds
2025-02-10 14:43 | INFO | Training Time Active Learning Regressor: 0.54 seconds
2025-02-10 14:43 | INFO | Query 25 Active Learning Runtime on Validation Set: 406397.04
2025-02-10 14:43 | INFO | Query 25 Active Learning Runtime on Test Set: 110843.12
2025-02-10 14:43 | INFO | Query 25 Active Learning Instance Cost: 416755.45
2025-02-10 14:43 | INFO | Query 26 Size of the uncertainty table is = 5667/7755
2025-02-10 14:43 | INFO | Query 26 Size of the filtered table is = 78
2025-02-10 14:43 | INFO | Training Time Active Learning Classifier: 1.02 seconds
2025-02-10 14:43 | INFO | Training Time Active Learning Regressor: 0.55 seconds
2025-02-10 14:43 | INFO | Query 26 Active Learning Runtime on Validation Set: 155593.28
2025-02-10 14:43 | INFO | Query 26 Active Learning Runtime on Test Set: 110566.31
2025-02-10 14:43 | INFO | Query 26 Active Learning Instance Cost: 416964.65
2025-02-10 14:43 | INFO | Query 27 Size of the uncertainty table is = 5587/7755
2025-02-10 14:43 | INFO | Query 27 Size of the filtered table is = 78
2025-02-10 14:43 | INFO | Training Time Active Learning Classifier: 1.04 seconds
2025-02-10 14:43 | INFO | Training Time Active Learning Regressor: 0.57 seconds
2025-02-10 14:44 | INFO | Query 27 Active Learning Runtime on Validation Set: 334840.85
2025-02-10 14:44 | INFO | Query 27 Active Learning Runtime on Test Set: 110528.87
2025-02-10 14:44 | INFO | Query 27 Active Learning Instance Cost: 417743.27
2025-02-10 14:44 | INFO | Timeout limit is increased to 3600
2025-02-10 14:44 | INFO | Query 28 Size of the uncertainty table is = 5499/7755
2025-02-10 14:44 | INFO | Query 28 Size of the filtered table is = 78
2025-02-10 14:44 | INFO | Training Time Active Learning Classifier: 1.04 seconds
2025-02-10 14:44 | INFO | Training Time Active Learning Regressor: 0.57 seconds
2025-02-10 14:44 | INFO | Query 28 Active Learning Runtime on Validation Set: 334918.35
2025-02-10 14:44 | INFO | Query 28 Active Learning Runtime on Test Set: 110504.39
2025-02-10 14:44 | INFO | Query 28 Active Learning Instance Cost: 427434.55
2025-02-10 14:44 | INFO | Timeout limit is increased to 3600
2025-02-10 14:44 | INFO | Query 29 Size of the uncertainty table is = 5414/7755
2025-02-10 14:44 | INFO | Query 29 Size of the filtered table is = 78
2025-02-10 14:44 | INFO | Training Time Active Learning Classifier: 1.05 seconds
2025-02-10 14:44 | INFO | Training Time Active Learning Regressor: 0.58 seconds
2025-02-10 14:44 | INFO | Query 29 Active Learning Runtime on Validation Set: 191338.33
2025-02-10 14:44 | INFO | Query 29 Active Learning Runtime on Test Set: 110559.71
2025-02-10 14:44 | INFO | Query 29 Active Learning Instance Cost: 432484.03
2025-02-10 14:44 | INFO | Query 30 Size of the uncertainty table is = 5330/7755
2025-02-10 14:44 | INFO | Query 30 Size of the filtered table is = 78
2025-02-10 14:44 | INFO | Training Time Active Learning Classifier: 1.06 seconds
2025-02-10 14:44 | INFO | Training Time Active Learning Regressor: 0.58 seconds
2025-02-10 14:44 | INFO | Query 30 Active Learning Runtime on Validation Set: 155669.5
2025-02-10 14:44 | INFO | Query 30 Active Learning Runtime on Test Set: 110559.73
2025-02-10 14:44 | INFO | Query 30 Active Learning Instance Cost: 436511.54
2025-02-10 14:44 | INFO | Query 31 Size of the uncertainty table is = 5251/7755
2025-02-10 14:44 | INFO | Query 31 Size of the filtered table is = 78
2025-02-10 14:44 | INFO | Training Time Active Learning Classifier: 1.07 seconds
2025-02-10 14:44 | INFO | Training Time Active Learning Regressor: 0.58 seconds
2025-02-10 14:44 | INFO | Query 31 Active Learning Runtime on Validation Set: 263410.70999999996
2025-02-10 14:44 | INFO | Query 31 Active Learning Runtime on Test Set: 110559.5
2025-02-10 14:44 | INFO | Query 31 Active Learning Instance Cost: 436771.72
2025-02-10 14:44 | INFO | Timeout limit is increased to 3600
2025-02-10 14:45 | INFO | Query 32 Size of the uncertainty table is = 5165/7755
2025-02-10 14:45 | INFO | Query 32 Size of the filtered table is = 78
2025-02-10 14:45 | INFO | Training Time Active Learning Classifier: 1.07 seconds
2025-02-10 14:45 | INFO | Training Time Active Learning Regressor: 0.59 seconds
2025-02-10 14:45 | INFO | Query 32 Active Learning Runtime on Validation Set: 263410.70999999996
2025-02-10 14:45 | INFO | Query 32 Active Learning Runtime on Test Set: 110559.5
2025-02-10 14:45 | INFO | Query 32 Active Learning Instance Cost: 436793.85
2025-02-10 14:45 | INFO | Timeout limit is increased to 3600
2025-02-10 14:45 | INFO | Query 33 Size of the uncertainty table is = 5086/7755
2025-02-10 14:45 | INFO | Query 33 Size of the filtered table is = 78
2025-02-10 14:45 | INFO | Training Time Active Learning Classifier: 1.09 seconds
2025-02-10 14:45 | INFO | Training Time Active Learning Regressor: 0.6 seconds
2025-02-10 14:45 | INFO | Query 33 Active Learning Runtime on Validation Set: 442052.13
2025-02-10 14:45 | INFO | Query 33 Active Learning Runtime on Test Set: 146198.37999999998
2025-02-10 14:45 | INFO | Query 33 Active Learning Instance Cost: 438717.19
2025-02-10 14:45 | INFO | Timeout limit is increased to 3600
2025-02-10 14:45 | INFO | Query 34 Size of the uncertainty table is = 5005/7755
2025-02-10 14:45 | INFO | Query 34 Size of the filtered table is = 78
2025-02-10 14:45 | INFO | Training Time Active Learning Classifier: 1.1 seconds
2025-02-10 14:45 | INFO | Training Time Active Learning Regressor: 0.61 seconds
2025-02-10 14:45 | INFO | Query 34 Active Learning Runtime on Validation Set: 441617.22
2025-02-10 14:45 | INFO | Query 34 Active Learning Runtime on Test Set: 75570.52
2025-02-10 14:45 | INFO | Query 34 Active Learning Instance Cost: 466393.37
2025-02-10 14:45 | INFO | Query 35 Size of the uncertainty table is = 4920/7755
2025-02-10 14:45 | INFO | Query 35 Size of the filtered table is = 78
2025-02-10 14:45 | INFO | Training Time Active Learning Classifier: 1.11 seconds
2025-02-10 14:45 | INFO | Training Time Active Learning Regressor: 0.61 seconds
2025-02-10 14:45 | INFO | Query 35 Active Learning Runtime on Validation Set: 263334.47
2025-02-10 14:45 | INFO | Query 35 Active Learning Runtime on Test Set: 110464.9
2025-02-10 14:45 | INFO | Query 35 Active Learning Instance Cost: 484690.29
2025-02-10 14:45 | INFO | Query 36 Size of the uncertainty table is = 4835/7755
2025-02-10 14:45 | INFO | Query 36 Size of the filtered table is = 78
2025-02-10 14:45 | INFO | Training Time Active Learning Classifier: 1.12 seconds
2025-02-10 14:45 | INFO | Training Time Active Learning Regressor: 0.63 seconds
2025-02-10 14:46 | INFO | Query 36 Active Learning Runtime on Validation Set: 441644.27999999997
2025-02-10 14:46 | INFO | Query 36 Active Learning Runtime on Test Set: 110412.9
2025-02-10 14:46 | INFO | Query 36 Active Learning Instance Cost: 511923.8
2025-02-10 14:46 | INFO | Timeout limit is increased to 3600
2025-02-10 14:46 | INFO | Query 37 Size of the uncertainty table is = 4745/7755
2025-02-10 14:46 | INFO | Query 37 Size of the filtered table is = 78
2025-02-10 14:46 | INFO | Training Time Active Learning Classifier: 1.14 seconds
2025-02-10 14:46 | INFO | Training Time Active Learning Regressor: 0.63 seconds
2025-02-10 14:46 | INFO | Query 37 Active Learning Runtime on Validation Set: 334435.11
2025-02-10 14:46 | INFO | Query 37 Active Learning Runtime on Test Set: 110433.98
2025-02-10 14:46 | INFO | Query 37 Active Learning Instance Cost: 524683.11
2025-02-10 14:46 | INFO | Query 38 Size of the uncertainty table is = 4658/7755
2025-02-10 14:46 | INFO | Query 38 Size of the filtered table is = 78
2025-02-10 14:46 | INFO | Training Time Active Learning Classifier: 1.15 seconds
2025-02-10 14:46 | INFO | Training Time Active Learning Regressor: 0.63 seconds
2025-02-10 14:46 | INFO | Query 38 Active Learning Runtime on Validation Set: 259418.53
2025-02-10 14:46 | INFO | Query 38 Active Learning Runtime on Test Set: 38653.45
2025-02-10 14:46 | INFO | Query 38 Active Learning Instance Cost: 539514.35
2025-02-10 14:46 | INFO | Query 39 Size of the uncertainty table is = 4567/7755
2025-02-10 14:46 | INFO | Query 39 Size of the filtered table is = 78
2025-02-10 14:46 | INFO | Training Time Active Learning Classifier: 1.16 seconds
2025-02-10 14:46 | INFO | Training Time Active Learning Regressor: 0.65 seconds
2025-02-10 14:46 | INFO | Query 39 Active Learning Runtime on Validation Set: 406275.35
2025-02-10 14:46 | INFO | Query 39 Active Learning Runtime on Test Set: 110515.22
2025-02-10 14:46 | INFO | Query 39 Active Learning Instance Cost: 567693.42
2025-02-10 14:46 | INFO | Timeout limit is increased to 3600
2025-02-10 14:46 | INFO | Query 40 Size of the uncertainty table is = 4483/7755
2025-02-10 14:46 | INFO | Query 40 Size of the filtered table is = 78
2025-02-10 14:46 | INFO | Training Time Active Learning Classifier: 1.18 seconds
2025-02-10 14:46 | INFO | Training Time Active Learning Regressor: 0.67 seconds
2025-02-10 14:46 | INFO | Query 40 Active Learning Runtime on Validation Set: 405914.92
2025-02-10 14:46 | INFO | Query 40 Active Learning Runtime on Test Set: 110518.03
2025-02-10 14:46 | INFO | Query 40 Active Learning Instance Cost: 593427.69
2025-02-10 14:47 | INFO | Query 41 Size of the uncertainty table is = 4391/7755
2025-02-10 14:47 | INFO | Query 41 Size of the filtered table is = 78
2025-02-10 14:47 | INFO | Training Time Active Learning Classifier: 1.19 seconds
2025-02-10 14:47 | INFO | Training Time Active Learning Regressor: 0.67 seconds
2025-02-10 14:47 | INFO | Query 41 Active Learning Runtime on Validation Set: 406276.11
2025-02-10 14:47 | INFO | Query 41 Active Learning Runtime on Test Set: 110509.95
2025-02-10 14:47 | INFO | Query 41 Active Learning Instance Cost: 602248.74
2025-02-10 14:47 | INFO | Timeout limit is increased to 3600
2025-02-10 14:47 | INFO | Query 42 Size of the uncertainty table is = 4309/7755
2025-02-10 14:47 | INFO | Query 42 Size of the filtered table is = 78
2025-02-10 14:47 | INFO | Training Time Active Learning Classifier: 1.19 seconds
2025-02-10 14:47 | INFO | Training Time Active Learning Regressor: 0.67 seconds
2025-02-10 14:47 | INFO | Query 42 Active Learning Runtime on Validation Set: 406276.11
2025-02-10 14:47 | INFO | Query 42 Active Learning Runtime on Test Set: 110517.77
2025-02-10 14:47 | INFO | Query 42 Active Learning Instance Cost: 613244.26
2025-02-10 14:47 | INFO | Timeout limit is increased to 3600
2025-02-10 14:47 | INFO | Query 43 Size of the uncertainty table is = 4227/7755
2025-02-10 14:47 | INFO | Query 43 Size of the filtered table is = 78
2025-02-10 14:47 | INFO | Training Time Active Learning Classifier: 1.2 seconds
2025-02-10 14:47 | INFO | Training Time Active Learning Regressor: 0.68 seconds
2025-02-10 14:47 | INFO | Query 43 Active Learning Runtime on Validation Set: 330649.31
2025-02-10 14:47 | INFO | Query 43 Active Learning Runtime on Test Set: 74029.29
2025-02-10 14:47 | INFO | Query 43 Active Learning Instance Cost: 672518.11
2025-02-10 14:47 | INFO | Query 44 Size of the uncertainty table is = 4128/7755
2025-02-10 14:47 | INFO | Query 44 Size of the filtered table is = 78
2025-02-10 14:47 | INFO | Training Time Active Learning Classifier: 1.22 seconds
2025-02-10 14:47 | INFO | Training Time Active Learning Regressor: 0.69 seconds
2025-02-10 14:47 | INFO | Query 44 Active Learning Runtime on Validation Set: 330467.66
2025-02-10 14:47 | INFO | Query 44 Active Learning Runtime on Test Set: 74047.29
2025-02-10 14:47 | INFO | Query 44 Active Learning Instance Cost: 722103.36
2025-02-10 14:47 | INFO | Query 45 Size of the uncertainty table is = 4031/7755
2025-02-10 14:47 | INFO | Query 45 Size of the filtered table is = 78
2025-02-10 14:47 | INFO | Training Time Active Learning Classifier: 1.23 seconds
2025-02-10 14:47 | INFO | Training Time Active Learning Regressor: 0.71 seconds
2025-02-10 14:48 | INFO | Query 45 Active Learning Runtime on Validation Set: 330445.07999999996
2025-02-10 14:48 | INFO | Query 45 Active Learning Runtime on Test Set: 74047.35
2025-02-10 14:48 | INFO | Query 45 Active Learning Instance Cost: 777289.51
2025-02-10 14:48 | INFO | Query 46 Size of the uncertainty table is = 3947/7755
2025-02-10 14:48 | INFO | Query 46 Size of the filtered table is = 78
2025-02-10 14:48 | INFO | Training Time Active Learning Classifier: 1.25 seconds
2025-02-10 14:48 | INFO | Training Time Active Learning Regressor: 0.72 seconds
2025-02-10 14:48 | INFO | Query 46 Active Learning Runtime on Validation Set: 330467.66
2025-02-10 14:48 | INFO | Query 46 Active Learning Runtime on Test Set: 74149.95
2025-02-10 14:48 | INFO | Query 46 Active Learning Instance Cost: 808369.38
2025-02-10 14:48 | INFO | Timeout limit is increased to 3600
2025-02-10 14:48 | INFO | Query 47 Size of the uncertainty table is = 3847/7755
2025-02-10 14:48 | INFO | Query 47 Size of the filtered table is = 78
2025-02-10 14:48 | INFO | Training Time Active Learning Classifier: 1.27 seconds
2025-02-10 14:48 | INFO | Training Time Active Learning Regressor: 0.73 seconds
2025-02-10 14:48 | INFO | Query 47 Active Learning Runtime on Validation Set: 330569.75
2025-02-10 14:48 | INFO | Query 47 Active Learning Runtime on Test Set: 38888.91
2025-02-10 14:48 | INFO | Query 47 Active Learning Instance Cost: 881018.41
2025-02-10 14:48 | INFO | Timeout limit is increased to 3600
2025-02-10 14:48 | INFO | Query 48 Size of the uncertainty table is = 3742/7755
2025-02-10 14:48 | INFO | Query 48 Size of the filtered table is = 78
2025-02-10 14:48 | INFO | Training Time Active Learning Classifier: 1.29 seconds
2025-02-10 14:48 | INFO | Training Time Active Learning Regressor: 0.74 seconds
2025-02-10 14:48 | INFO | Query 48 Active Learning Runtime on Validation Set: 259647.68999999997
2025-02-10 14:48 | INFO | Query 48 Active Learning Runtime on Test Set: 3409.32
2025-02-10 14:48 | INFO | Query 48 Active Learning Instance Cost: 946848.49
2025-02-10 14:48 | INFO | Query 49 Size of the uncertainty table is = 3630/7755
2025-02-10 14:48 | INFO | Query 49 Size of the filtered table is = 78
2025-02-10 14:48 | INFO | Training Time Active Learning Classifier: 1.29 seconds
2025-02-10 14:48 | INFO | Training Time Active Learning Regressor: 0.75 seconds
2025-02-10 14:48 | INFO | Query 49 Active Learning Runtime on Validation Set: 259754.81999999998
2025-02-10 14:48 | INFO | Query 49 Active Learning Runtime on Test Set: 3478.4100000000003
2025-02-10 14:48 | INFO | Query 49 Active Learning Instance Cost: 985733.35
2025-02-10 14:48 | INFO | Timeout limit is increased to 3600
2025-02-10 14:49 | INFO | Query 50 Size of the uncertainty table is = 3540/7755
2025-02-10 14:49 | INFO | Query 50 Size of the filtered table is = 78
2025-02-10 14:49 | INFO | Training Time Active Learning Classifier: 1.3 seconds
2025-02-10 14:49 | INFO | Training Time Active Learning Regressor: 0.74 seconds
2025-02-10 14:49 | INFO | Query 50 Active Learning Runtime on Validation Set: 8479.26
2025-02-10 14:49 | INFO | Query 50 Active Learning Runtime on Test Set: 2748.98
2025-02-10 14:49 | INFO | Query 50 Active Learning Instance Cost: 1041651.41
2025-02-10 14:49 | INFO | Query 51 Size of the uncertainty table is = 3441/7755
2025-02-10 14:49 | INFO | Query 51 Size of the filtered table is = 78
2025-02-10 14:49 | INFO | Training Time Active Learning Classifier: 1.31 seconds
2025-02-10 14:49 | INFO | Training Time Active Learning Regressor: 0.75 seconds
2025-02-10 14:49 | INFO | Query 51 Active Learning Runtime on Validation Set: 8912.02
2025-02-10 14:49 | INFO | Query 51 Active Learning Runtime on Test Set: 2983.1800000000003
2025-02-10 14:49 | INFO | Query 51 Active Learning Instance Cost: 1098809.84
2025-02-10 14:49 | INFO | Timeout limit is increased to 3600
2025-02-10 14:49 | INFO | Query 52 Size of the uncertainty table is = 3336/7755
2025-02-10 14:49 | INFO | Query 52 Size of the filtered table is = 78
2025-02-10 14:49 | INFO | Training Time Active Learning Classifier: 1.32 seconds
2025-02-10 14:49 | INFO | Training Time Active Learning Regressor: 0.76 seconds
2025-02-10 14:49 | INFO | Query 52 Active Learning Runtime on Validation Set: 8467.62
2025-02-10 14:49 | INFO | Query 52 Active Learning Runtime on Test Set: 2638.23
2025-02-10 14:49 | INFO | Query 52 Active Learning Instance Cost: 1149382.99
2025-02-10 14:49 | INFO | Query 53 Size of the uncertainty table is = 3243/7755
2025-02-10 14:49 | INFO | Query 53 Size of the filtered table is = 78
2025-02-10 14:49 | INFO | Training Time Active Learning Classifier: 1.33 seconds
2025-02-10 14:49 | INFO | Training Time Active Learning Regressor: 0.76 seconds
2025-02-10 14:49 | INFO | Query 53 Active Learning Runtime on Validation Set: 8569.24
2025-02-10 14:49 | INFO | Query 53 Active Learning Runtime on Test Set: 2991.2400000000002
2025-02-10 14:49 | INFO | Query 53 Active Learning Instance Cost: 1186474.7
2025-02-10 14:49 | INFO | Timeout limit is increased to 3600
2025-02-10 14:49 | INFO | Query 54 Size of the uncertainty table is = 3153/7755
2025-02-10 14:49 | INFO | Query 54 Size of the filtered table is = 78
2025-02-10 14:49 | INFO | Training Time Active Learning Classifier: 1.35 seconds
2025-02-10 14:49 | INFO | Training Time Active Learning Regressor: 0.78 seconds
2025-02-10 14:50 | INFO | Query 54 Active Learning Runtime on Validation Set: 44537.15
2025-02-10 14:50 | INFO | Query 54 Active Learning Runtime on Test Set: 2931.67
2025-02-10 14:50 | INFO | Query 54 Active Learning Instance Cost: 1215959.21
2025-02-10 14:50 | INFO | Timeout limit is increased to 3600
2025-02-10 14:50 | INFO | Query 55 Size of the uncertainty table is = 3053/7755
2025-02-10 14:50 | INFO | Query 55 Size of the filtered table is = 78
2025-02-10 14:50 | INFO | Training Time Active Learning Classifier: 1.36 seconds
2025-02-10 14:50 | INFO | Training Time Active Learning Regressor: 0.77 seconds
2025-02-10 14:50 | INFO | Query 55 Active Learning Runtime on Validation Set: 8664.960000000001
2025-02-10 14:50 | INFO | Query 55 Active Learning Runtime on Test Set: 2612.56
2025-02-10 14:50 | INFO | Query 55 Active Learning Instance Cost: 1258016.58
2025-02-10 14:50 | INFO | Query 56 Size of the uncertainty table is = 2960/7755
2025-02-10 14:50 | INFO | Query 56 Size of the filtered table is = 78
2025-02-10 14:50 | INFO | Training Time Active Learning Classifier: 1.37 seconds
2025-02-10 14:50 | INFO | Training Time Active Learning Regressor: 0.78 seconds
2025-02-10 14:50 | INFO | Query 56 Active Learning Runtime on Validation Set: 8445.04
2025-02-10 14:50 | INFO | Query 56 Active Learning Runtime on Test Set: 2617.57
2025-02-10 14:50 | INFO | Query 56 Active Learning Instance Cost: 1346314.38
2025-02-10 14:50 | INFO | Query 57 Size of the uncertainty table is = 2849/7755
2025-02-10 14:50 | INFO | Query 57 Size of the filtered table is = 78
2025-02-10 14:50 | INFO | Training Time Active Learning Classifier: 1.38 seconds
2025-02-10 14:50 | INFO | Training Time Active Learning Regressor: 0.77 seconds
2025-02-10 14:50 | INFO | Query 57 Active Learning Runtime on Validation Set: 8445.04
2025-02-10 14:50 | INFO | Query 57 Active Learning Runtime on Test Set: 2617.75
2025-02-10 14:50 | INFO | Query 57 Active Learning Instance Cost: 1386499.68
2025-02-10 14:50 | INFO | Timeout limit is increased to 3600
2025-02-10 14:50 | INFO | Query 58 Size of the uncertainty table is = 2757/7755
2025-02-10 14:50 | INFO | Query 58 Size of the filtered table is = 78
2025-02-10 14:50 | INFO | Training Time Active Learning Classifier: 1.39 seconds
2025-02-10 14:50 | INFO | Training Time Active Learning Regressor: 0.78 seconds
2025-02-10 14:50 | INFO | Query 58 Active Learning Runtime on Validation Set: 8445.04
2025-02-10 14:50 | INFO | Query 58 Active Learning Runtime on Test Set: 2585.4700000000003
2025-02-10 14:50 | INFO | Query 58 Active Learning Instance Cost: 1454991.55
2025-02-10 14:50 | INFO | Timeout limit is increased to 3600
2025-02-10 14:50 | INFO | Query 59 Size of the uncertainty table is = 2660/7755
2025-02-10 14:50 | INFO | Query 59 Size of the filtered table is = 78
2025-02-10 14:50 | INFO | Training Time Active Learning Classifier: 1.4 seconds
2025-02-10 14:51 | INFO | Training Time Active Learning Regressor: 0.78 seconds
2025-02-10 14:51 | INFO | Query 59 Active Learning Runtime on Validation Set: 8445.04
2025-02-10 14:51 | INFO | Query 59 Active Learning Runtime on Test Set: 2588.1
2025-02-10 14:51 | INFO | Query 59 Active Learning Instance Cost: 1527075.03
2025-02-10 14:51 | INFO | Timeout limit is increased to 3600
2025-02-10 14:51 | INFO | Query 60 Size of the uncertainty table is = 2553/7755
2025-02-10 14:51 | INFO | Query 60 Size of the filtered table is = 78
2025-02-10 14:51 | INFO | Training Time Active Learning Classifier: 1.42 seconds
2025-02-10 14:51 | INFO | Training Time Active Learning Regressor: 0.79 seconds
2025-02-10 14:51 | INFO | Query 60 Active Learning Runtime on Validation Set: 8445.04
2025-02-10 14:51 | INFO | Query 60 Active Learning Runtime on Test Set: 2588.1
2025-02-10 14:51 | INFO | Query 60 Active Learning Instance Cost: 1579815.9
2025-02-10 14:51 | INFO | Timeout limit is increased to 3600
2025-02-10 14:51 | INFO | Query 61 Size of the uncertainty table is = 2452/7755
2025-02-10 14:51 | INFO | Query 61 Size of the filtered table is = 78
2025-02-10 14:51 | INFO | Training Time Active Learning Classifier: 1.43 seconds
2025-02-10 14:51 | INFO | Training Time Active Learning Regressor: 0.79 seconds
2025-02-10 14:51 | INFO | Query 61 Active Learning Runtime on Validation Set: 8445.04
2025-02-10 14:51 | INFO | Query 61 Active Learning Runtime on Test Set: 2588.1
2025-02-10 14:51 | INFO | Query 61 Active Learning Instance Cost: 1645258.18
2025-02-10 14:51 | INFO | Timeout limit is increased to 3600
2025-02-10 14:51 | INFO | Query 62 Size of the uncertainty table is = 2367/7755
2025-02-10 14:51 | INFO | Query 62 Size of the filtered table is = 78
2025-02-10 14:51 | INFO | Training Time Active Learning Classifier: 1.43 seconds
2025-02-10 14:51 | INFO | Training Time Active Learning Regressor: 0.79 seconds
2025-02-10 14:51 | INFO | Query 62 Active Learning Runtime on Validation Set: 8445.04
2025-02-10 14:51 | INFO | Query 62 Active Learning Runtime on Test Set: 2588.28
2025-02-10 14:51 | INFO | Query 62 Active Learning Instance Cost: 1751710.62
2025-02-10 14:51 | INFO | Timeout limit is increased to 3600
2025-02-10 14:51 | INFO | Query 63 Size of the uncertainty table is = 2263/7755
2025-02-10 14:51 | INFO | Query 63 Size of the filtered table is = 78
2025-02-10 14:51 | INFO | Training Time Active Learning Classifier: 1.44 seconds
2025-02-10 14:51 | INFO | Training Time Active Learning Regressor: 0.8 seconds
2025-02-10 14:52 | INFO | Query 63 Active Learning Runtime on Validation Set: 8445.04
2025-02-10 14:52 | INFO | Query 63 Active Learning Runtime on Test Set: 2588.1
2025-02-10 14:52 | INFO | Query 63 Active Learning Instance Cost: 1796041.97
2025-02-10 14:52 | INFO | Timeout limit is increased to 3600
2025-02-10 14:52 | INFO | Query 64 Size of the uncertainty table is = 2169/7755
2025-02-10 14:52 | INFO | Query 64 Size of the filtered table is = 78
2025-02-10 14:52 | INFO | Training Time Active Learning Classifier: 1.46 seconds
2025-02-10 14:52 | INFO | Training Time Active Learning Regressor: 0.8 seconds
2025-02-10 14:52 | INFO | Query 64 Active Learning Runtime on Validation Set: 8445.04
2025-02-10 14:52 | INFO | Query 64 Active Learning Runtime on Test Set: 2585.4700000000003
2025-02-10 14:52 | INFO | Query 64 Active Learning Instance Cost: 1865931.58
2025-02-10 14:52 | INFO | Timeout limit is increased to 3600
2025-02-10 14:52 | INFO | Query 65 Size of the uncertainty table is = 2060/7755
2025-02-10 14:52 | INFO | Query 65 Size of the filtered table is = 78
2025-02-10 14:52 | INFO | Training Time Active Learning Classifier: 1.47 seconds
2025-02-10 14:52 | INFO | Training Time Active Learning Regressor: 0.86 seconds
2025-02-10 14:52 | INFO | Query 65 Active Learning Runtime on Validation Set: 8445.04
2025-02-10 14:52 | INFO | Query 65 Active Learning Runtime on Test Set: 2588.28
2025-02-10 14:52 | INFO | Query 65 Active Learning Instance Cost: 1970331.58
2025-02-10 14:52 | INFO | Timeout limit is increased to 3600
2025-02-10 14:52 | INFO | Query 66 Size of the uncertainty table is = 1941/7755
2025-02-10 14:52 | INFO | Query 66 Size of the filtered table is = 78
2025-02-10 14:52 | INFO | Training Time Active Learning Classifier: 1.48 seconds
2025-02-10 14:52 | INFO | Training Time Active Learning Regressor: 0.82 seconds
2025-02-10 14:52 | INFO | Query 66 Active Learning Runtime on Validation Set: 8445.04
2025-02-10 14:52 | INFO | Query 66 Active Learning Runtime on Test Set: 2588.28
2025-02-10 14:52 | INFO | Query 66 Active Learning Instance Cost: 2058040.77
2025-02-10 14:52 | INFO | Timeout limit is increased to 3600
2025-02-10 14:52 | INFO | Query 67 Size of the uncertainty table is = 1835/7755
2025-02-10 14:52 | INFO | Query 67 Size of the filtered table is = 78
2025-02-10 14:52 | INFO | Training Time Active Learning Classifier: 1.49 seconds
2025-02-10 14:52 | INFO | Training Time Active Learning Regressor: 0.81 seconds
2025-02-10 14:52 | INFO | Query 67 Active Learning Runtime on Validation Set: 8445.04
2025-02-10 14:52 | INFO | Query 67 Active Learning Runtime on Test Set: 2588.28
2025-02-10 14:52 | INFO | Query 67 Active Learning Instance Cost: 2127286.85
2025-02-10 14:52 | INFO | Timeout limit is increased to 3600
2025-02-10 14:52 | INFO | Query 68 Size of the uncertainty table is = 1747/7755
2025-02-10 14:52 | INFO | Query 68 Size of the filtered table is = 78
2025-02-10 14:52 | INFO | Training Time Active Learning Classifier: 1.49 seconds
2025-02-10 14:52 | INFO | Training Time Active Learning Regressor: 0.81 seconds
2025-02-10 14:53 | INFO | Query 68 Active Learning Runtime on Validation Set: 8445.04
2025-02-10 14:53 | INFO | Query 68 Active Learning Runtime on Test Set: 2588.1
2025-02-10 14:53 | INFO | Query 68 Active Learning Instance Cost: 2195686.85
2025-02-10 14:53 | INFO | Timeout limit is increased to 3600
2025-02-10 14:53 | INFO | Query 69 Size of the uncertainty table is = 1657/7755
2025-02-10 14:53 | INFO | Query 69 Size of the filtered table is = 78
2025-02-10 14:53 | INFO | Training Time Active Learning Classifier: 1.51 seconds
2025-02-10 14:53 | INFO | Training Time Active Learning Regressor: 0.81 seconds
2025-02-10 14:53 | INFO | Query 69 Active Learning Runtime on Validation Set: 8445.04
2025-02-10 14:53 | INFO | Query 69 Active Learning Runtime on Test Set: 2588.1
2025-02-10 14:53 | INFO | Query 69 Active Learning Instance Cost: 2289286.85
2025-02-10 14:53 | INFO | Timeout limit is increased to 3600
2025-02-10 14:53 | INFO | Query 70 Size of the uncertainty table is = 1543/7755
2025-02-10 14:53 | INFO | Query 70 Size of the filtered table is = 78
2025-02-10 14:53 | INFO | Training Time Active Learning Classifier: 1.51 seconds
2025-02-10 14:53 | INFO | Training Time Active Learning Regressor: 0.81 seconds
2025-02-10 14:53 | INFO | Query 70 Active Learning Runtime on Validation Set: 8445.04
2025-02-10 14:53 | INFO | Query 70 Active Learning Runtime on Test Set: 2588.1
2025-02-10 14:53 | INFO | Query 70 Active Learning Instance Cost: 2372086.85
2025-02-10 14:53 | INFO | Timeout limit is increased to 3600
2025-02-10 14:53 | INFO | Query 71 Size of the uncertainty table is = 1444/7755
2025-02-10 14:53 | INFO | Query 71 Size of the filtered table is = 78
2025-02-10 14:53 | INFO | Training Time Active Learning Classifier: 1.52 seconds
2025-02-10 14:53 | INFO | Training Time Active Learning Regressor: 0.81 seconds
2025-02-10 14:53 | INFO | Query 71 Active Learning Runtime on Validation Set: 8445.04
2025-02-10 14:53 | INFO | Query 71 Active Learning Runtime on Test Set: 2588.28
2025-02-10 14:53 | INFO | Query 71 Active Learning Instance Cost: 2467187.63
2025-02-10 14:53 | INFO | Timeout limit is increased to 3600
2025-02-10 14:53 | INFO | Query 72 Size of the uncertainty table is = 1321/7755
2025-02-10 14:53 | INFO | Query 72 Size of the filtered table is = 78
2025-02-10 14:53 | INFO | Training Time Active Learning Classifier: 1.53 seconds
2025-02-10 14:53 | INFO | Training Time Active Learning Regressor: 0.82 seconds
2025-02-10 14:53 | INFO | Query 72 Active Learning Runtime on Validation Set: 8445.04
2025-02-10 14:53 | INFO | Query 72 Active Learning Runtime on Test Set: 2588.1
2025-02-10 14:53 | INFO | Query 72 Active Learning Instance Cost: 2564387.63
2025-02-10 14:53 | INFO | Timeout limit is increased to 3600
2025-02-10 14:53 | INFO | Query 73 Size of the uncertainty table is = 1203/7755
2025-02-10 14:53 | INFO | Query 73 Size of the filtered table is = 78
2025-02-10 14:53 | INFO | Training Time Active Learning Classifier: 1.54 seconds
2025-02-10 14:53 | INFO | Training Time Active Learning Regressor: 0.82 seconds
2025-02-10 14:54 | INFO | Query 73 Active Learning Runtime on Validation Set: 8445.04
2025-02-10 14:54 | INFO | Query 73 Active Learning Runtime on Test Set: 2588.1
2025-02-10 14:54 | INFO | Query 73 Active Learning Instance Cost: 2647298.1
2025-02-10 14:54 | INFO | Timeout limit is increased to 3600
2025-02-10 14:54 | INFO | Query 74 Size of the uncertainty table is = 1091/7755
2025-02-10 14:54 | INFO | Query 74 Size of the filtered table is = 78
2025-02-10 14:54 | INFO | Training Time Active Learning Classifier: 1.54 seconds
2025-02-10 14:54 | INFO | Training Time Active Learning Regressor: 0.82 seconds
2025-02-10 14:54 | INFO | Query 74 Active Learning Runtime on Validation Set: 8445.04
2025-02-10 14:54 | INFO | Query 74 Active Learning Runtime on Test Set: 2588.2000000000003
2025-02-10 14:54 | INFO | Query 74 Active Learning Instance Cost: 2719298.1
2025-02-10 14:54 | INFO | Timeout limit is increased to 3600
2025-02-10 14:54 | INFO | Query 75 Size of the uncertainty table is = 992/7755
2025-02-10 14:54 | INFO | Query 75 Size of the filtered table is = 78
2025-02-10 14:54 | INFO | Training Time Active Learning Classifier: 1.55 seconds
2025-02-10 14:54 | INFO | Training Time Active Learning Regressor: 0.82 seconds
2025-02-10 14:54 | INFO | Query 75 Active Learning Runtime on Validation Set: 8445.04
2025-02-10 14:54 | INFO | Query 75 Active Learning Runtime on Test Set: 2588.1
2025-02-10 14:54 | INFO | Query 75 Active Learning Instance Cost: 2805698.1
2025-02-10 14:54 | INFO | Timeout limit is increased to 3600
2025-02-10 14:54 | INFO | Query 76 Size of the uncertainty table is = 887/7755
2025-02-10 14:54 | INFO | Query 76 Size of the filtered table is = 78
2025-02-10 14:54 | INFO | Training Time Active Learning Classifier: 1.56 seconds
2025-02-10 14:54 | INFO | Training Time Active Learning Regressor: 0.83 seconds
2025-02-10 14:54 | INFO | Query 76 Active Learning Runtime on Validation Set: 8445.04
2025-02-10 14:54 | INFO | Query 76 Active Learning Runtime on Test Set: 2588.2000000000003
2025-02-10 14:54 | INFO | Query 76 Active Learning Instance Cost: 2983394.34
2025-02-10 14:54 | INFO | Timeout limit is increased to 3600
2025-02-10 14:54 | INFO | Query 77 Size of the uncertainty table is = 656/7755
2025-02-10 14:54 | INFO | Query 77 Size of the filtered table is = 78
2025-02-10 14:54 | INFO | Training Time Active Learning Classifier: 1.58 seconds
2025-02-10 14:54 | INFO | Training Time Active Learning Regressor: 0.83 seconds
2025-02-10 14:54 | INFO | Query 77 Active Learning Runtime on Validation Set: 8445.04
2025-02-10 14:54 | INFO | Query 77 Active Learning Runtime on Test Set: 2588.2000000000003
2025-02-10 14:54 | INFO | Query 77 Active Learning Instance Cost: 3089119.47
2025-02-10 14:54 | INFO | Timeout limit is increased to 3600
2025-02-10 14:54 | INFO | Query 78 Size of the uncertainty table is = 522/7755
2025-02-10 14:54 | INFO | Query 78 Size of the filtered table is = 78
2025-02-10 14:54 | INFO | Training Time Active Learning Classifier: 1.59 seconds
2025-02-10 14:54 | INFO | Training Time Active Learning Regressor: 0.83 seconds
2025-02-10 14:55 | INFO | Query 78 Active Learning Runtime on Validation Set: 8445.04
2025-02-10 14:55 | INFO | Query 78 Active Learning Runtime on Test Set: 2588.1
2025-02-10 14:55 | INFO | Query 78 Active Learning Instance Cost: 3215119.47
2025-02-10 14:55 | INFO | Timeout limit is increased to 3600
2025-02-10 14:55 | INFO | Query 79 Size of the uncertainty table is = 363/7755
2025-02-10 14:55 | INFO | Query 79 Size of the filtered table is = 78
2025-02-10 14:55 | INFO | Training Time Active Learning Classifier: 1.6 seconds
2025-02-10 14:55 | INFO | Training Time Active Learning Regressor: 0.83 seconds
2025-02-10 14:55 | INFO | Query 79 Active Learning Runtime on Validation Set: 8445.04
2025-02-10 14:55 | INFO | Query 79 Active Learning Runtime on Test Set: 2588.1
2025-02-10 14:55 | INFO | Query 79 Active Learning Instance Cost: 3348319.47
2025-02-10 14:55 | INFO | Timeout limit is increased to 3600
2025-02-10 14:55 | INFO | Query 80 Size of the uncertainty table is = 180/7755
2025-02-10 14:55 | INFO | Query 80 Size of the filtered table is = 78
2025-02-10 14:55 | INFO | Training Time Active Learning Classifier: 1.61 seconds
2025-02-10 14:55 | INFO | Training Time Active Learning Regressor: 0.83 seconds
2025-02-10 14:55 | INFO | Query 80 Active Learning Runtime on Validation Set: 8445.04
2025-02-10 14:55 | INFO | Query 80 Active Learning Runtime on Test Set: 2588.38
2025-02-10 14:55 | INFO | Query 80 Active Learning Instance Cost: 3477919.47
2025-02-10 14:55 | INFO | Timeout limit is increased to 3600
2025-02-10 14:55 | INFO | Query 81 Size of the uncertainty table is = 5/7755
2025-02-10 14:55 | INFO | Query 81 Size of the filtered table is = 5
2025-02-10 14:55 | INFO | Training Time Active Learning Classifier: 1.61 seconds
2025-02-10 14:55 | INFO | Training Time Active Learning Regressor: 0.84 seconds
2025-02-10 14:55 | INFO | Query 81 Active Learning Runtime on Validation Set: 8445.04
2025-02-10 14:55 | INFO | Query 81 Active Learning Runtime on Test Set: 2588.38
2025-02-10 14:55 | INFO | Query 81 Active Learning Instance Cost: 3481519.47
2025-02-10 14:55 | INFO | Timeout limit is increased to 3600
2025-02-10 14:55 | INFO | Active Learning Emissions: 0.01224315336138201
2025-02-10 14:55 | INFO | Active Learning Energy Consumption: 0.013320863493957667 kWh
2025-02-10 14:55 | INFO | runtime_test_score is written as json file
2025-02-10 14:55 | INFO | runtime_validation_score is written as json file
2025-02-10 14:55 | INFO | instance_cost is written as json file
2025-02-10 14:55 | INFO | Experiment is finished
