2025-02-10 14:59 | INFO | Paramaters are: {'dataset': 'MAXSAT15-PMS-INDU', 'penalty': 10, 'weight': 'No_Weight', 'voting': 'Hard', 'pre_selection_size': 64, 'pre_selection_technique': 'No_pre_selection', 'feature_elimination_threshold': 20, 'imputer_strategy': 'median', 'feature_selection_technique': 'No_feature_selection', 'feature_scaling_technique': 'StandardScaler', 'priority': {'PredDiff': 'max', 'Uncertainty': 'max', 'PredCost': 'min'}, 'initial_train_size': 20, 'query_size': 1, 'timeout_predictor_usage': 'No', 'timeout_limit': 3600, 'timeout_increase_rate': 100, 'penalty_type': 'Only-timeout-penalty', 'RANDOM_STATE_SEED': 123, 'n_splits': 10, 'split_number': 3, 'max_timeout': 3600, 'param_grid': {'n_estimators': 100, 'max_features': 'sqrt', 'max_depth': 2147483648, 'min_samples_split': 2, 'bootstrap': True}}
2025-02-10 14:59 | INFO | MAXSAT15-PMS-INDU is current dataset
2025-02-10 14:59 | INFO | DATASETS/MAXSAT15-PMS-INDU/algorithm_runs.arff is found
2025-02-10 14:59 | INFO | DATASETS/MAXSAT15-PMS-INDU/algorithm_runs.arff is finished
2025-02-10 14:59 | INFO | DATASETS/MAXSAT15-PMS-INDU/feature_values.arff is found
2025-02-10 14:59 | INFO | DATASETS/MAXSAT15-PMS-INDU/feature_values.arff is finished
2025-02-10 14:59 | INFO | Virtual best solver time in train = 18538.77
2025-02-10 14:59 | INFO | Single best solver list train = {'CCEHC2akms': 13433603.67, 'CCLS2akms': 13649451.61, 'ILP-2015': 6557339.94, 'LMHS-C': 3576513.33, 'LMHS-I': 3106544.31, 'MaxHS': 1947427.69, 'Open-WBO': 1434134.09, 'Open-WBO-L': 2306265.35, 'Open-WBO-R': 971345.09, 'QMSAT14': 2485238.95, 'QMSAT15UC': 2625340.22, 'WMaxSatz+': 12051658.77, 'WMaxSatz09': 12051552.71, 'WPM3-2015-co': 864902.25, 'ahms-1.55': 13359037.0, 'ahms-1.68': 13251561.69, 'ahms-ls-1.55': 13358993.64, 'ahms-ls-1.68': 13251522.6, 'maxino-k16': 1180932.03, 'maxino-kdyn': 1216182.86, 'msUZK-nopp': 7360328.26, 'msUZK-pp': 7389416.95, 'mscg2015a': 1355811.59, 'mscg2015b': 1287139.57, 'optiriss-def': 1793125.63, 'optiriss-sel': 4525075.95, 'ratselfax-cnf': 11281691.81, 'toysat': 9625783.27, 'toysat_ls': 10957255.97}
2025-02-10 14:59 | INFO | Single best solver time train = WPM3-2015-co (864902.25)
2025-02-10 14:59 | INFO | Virtual best solver time in validation = 5165.46
2025-02-10 14:59 | INFO | Single best solver list validation = {'CCEHC2akms': 3528585.64, 'CCLS2akms': 3564406.52, 'ILP-2015': 2343212.55, 'LMHS-C': 591516.24, 'LMHS-I': 413683.18, 'MaxHS': 405211.95, 'Open-WBO': 123444.44, 'Open-WBO-L': 82612.88, 'Open-WBO-R': 82256.67, 'QMSAT14': 48080.38, 'QMSAT15UC': 124646.77, 'WMaxSatz+': 3564460.96, 'WMaxSatz09': 3564484.89, 'WPM3-2015-co': 78048.55, 'ahms-1.55': 3600000.05, 'ahms-1.68': 3600000.1, 'ahms-ls-1.55': 3600000.08, 'ahms-ls-1.68': 3600000.11, 'maxino-k16': 44103.02, 'maxino-kdyn': 44198.07, 'msUZK-nopp': 1705204.82, 'msUZK-pp': 1985401.51, 'mscg2015a': 80386.66, 'mscg2015b': 79169.22, 'optiriss-def': 228721.17, 'optiriss-sel': 2414566.38, 'ratselfax-cnf': 2708494.11, 'toysat': 2704394.94, 'toysat_ls': 3066589.5}
2025-02-10 14:59 | INFO | Single best solver time validation = maxino-k16 (44103.02)
2025-02-10 14:59 | INFO | Virtual best solver time in test = 421.52
2025-02-10 14:59 | INFO | Single best solver list test = {'CCEHC2akms': 1909064.41, 'CCLS2akms': 1944710.71, 'ILP-2015': 1012599.33, 'LMHS-C': 476186.66, 'LMHS-I': 473603.71, 'MaxHS': 151879.81, 'Open-WBO': 145853.44, 'Open-WBO-L': 184093.33, 'Open-WBO-R': 110404.85, 'QMSAT14': 256671.17, 'QMSAT15UC': 256503.75, 'WMaxSatz+': 1839093.47, 'WMaxSatz09': 1839078.42, 'WPM3-2015-co': 109908.39, 'ahms-1.55': 1909181.9, 'ahms-1.68': 1909031.47, 'ahms-ls-1.55': 1944409.57, 'ahms-ls-1.68': 1908633.49, 'maxino-k16': 39187.04, 'maxino-kdyn': 38206.48, 'msUZK-nopp': 1124817.89, 'msUZK-pp': 1127609.14, 'mscg2015a': 109224.12, 'mscg2015b': 110104.26, 'optiriss-def': 146375.93, 'optiriss-sel': 508093.01, 'ratselfax-cnf': 1591038.76, 'toysat': 1267031.4, 'toysat_ls': 1521538.71}
2025-02-10 14:59 | INFO | Single best solver time test = maxino-kdyn (38206.48)
2025-02-10 14:59 | INFO | Training Time Passive Learning Classifier: 31.53 seconds
2025-02-10 14:59 | INFO | Training Time Passive Learning Regressor: 3.03 seconds
2025-02-10 15:02 | INFO | Passive Learning Classifier Runtime on Validation Set: 47787.54
2025-02-10 15:02 | INFO | Passive Learning Classifier Runtime on Test Set: 763.68
2025-02-10 15:02 | INFO | Passive Learning Instance Cost: 19613176.81
2025-02-10 15:02 | INFO | Passive Learning Emissions: 0.002353124352706519
2025-02-10 15:02 | INFO | Passive Learning Energy Consumption: 0.0025602593842843713 kWh
2025-02-10 15:02 | INFO | Training Time Active Learning Classifier: 21.36 seconds
2025-02-10 15:02 | INFO | Training Time Active Learning Regressor: 1.33 seconds
2025-02-10 15:05 | INFO | Initial Active Learning Runtime on Validation Set: 41585.2
2025-02-10 15:05 | INFO | Initial Active Learning Runtime on Test Set: 74033.33
2025-02-10 15:05 | INFO | Initial Active Learning Instance Cost: 1133652.13
2025-02-10 15:05 | INFO | Bin size = 1543
2025-02-10 15:06 | INFO | Query 1 Size of the uncertainty table is = 152000/154280
2025-02-10 15:06 | INFO | Query 1 Size of the filtered table is = 1543
2025-02-10 15:06 | INFO | Training Time Active Learning Classifier: 21.04 seconds
2025-02-10 15:06 | INFO | Training Time Active Learning Regressor: 1.36 seconds
2025-02-10 15:09 | INFO | Query 1 Active Learning Runtime on Validation Set: 45642.93
2025-02-10 15:09 | INFO | Query 1 Active Learning Runtime on Test Set: 74279.71
2025-02-10 15:09 | INFO | Query 1 Active Learning Instance Cost: 2960765.66
2025-02-10 15:09 | INFO | Timeout limit is increased to 3600
2025-02-10 15:10 | INFO | Query 2 Size of the uncertainty table is = 150172/154280
2025-02-10 15:10 | INFO | Query 2 Size of the filtered table is = 1543
2025-02-10 15:11 | INFO | Training Time Active Learning Classifier: 21.14 seconds
2025-02-10 15:11 | INFO | Training Time Active Learning Regressor: 1.4 seconds
2025-02-10 15:14 | INFO | Query 2 Active Learning Runtime on Validation Set: 43785.33
2025-02-10 15:14 | INFO | Query 2 Active Learning Runtime on Test Set: 73933.96
2025-02-10 15:14 | INFO | Query 2 Active Learning Instance Cost: 3766976.26
2025-02-10 15:15 | INFO | Query 3 Size of the uncertainty table is = 147319/154280
2025-02-10 15:15 | INFO | Query 3 Size of the filtered table is = 1543
2025-02-10 15:15 | INFO | Training Time Active Learning Classifier: 21.28 seconds
2025-02-10 15:15 | INFO | Training Time Active Learning Regressor: 1.46 seconds
2025-02-10 15:18 | INFO | Query 3 Active Learning Runtime on Validation Set: 42638.93
2025-02-10 15:18 | INFO | Query 3 Active Learning Runtime on Test Set: 37610.62
2025-02-10 15:18 | INFO | Query 3 Active Learning Instance Cost: 5064841.17
2025-02-10 15:20 | INFO | Query 4 Size of the uncertainty table is = 144742/154280
2025-02-10 15:20 | INFO | Query 4 Size of the filtered table is = 1543
2025-02-10 15:20 | INFO | Training Time Active Learning Classifier: 21.4 seconds
2025-02-10 15:20 | INFO | Training Time Active Learning Regressor: 1.51 seconds
2025-02-10 15:23 | INFO | Query 4 Active Learning Runtime on Validation Set: 44265.96
2025-02-10 15:23 | INFO | Query 4 Active Learning Runtime on Test Set: 73625.55
2025-02-10 15:23 | INFO | Query 4 Active Learning Instance Cost: 6024416.51
2025-02-10 15:23 | INFO | Timeout limit is increased to 3600
2025-02-10 15:24 | INFO | Query 5 Size of the uncertainty table is = 141558/154280
2025-02-10 15:24 | INFO | Query 5 Size of the filtered table is = 1543
2025-02-10 15:25 | INFO | Training Time Active Learning Classifier: 21.35 seconds
2025-02-10 15:25 | INFO | Training Time Active Learning Regressor: 1.56 seconds
2025-02-10 15:28 | INFO | Query 5 Active Learning Runtime on Validation Set: 42887.15
2025-02-10 15:28 | INFO | Query 5 Active Learning Runtime on Test Set: 73957.24
2025-02-10 15:28 | INFO | Query 5 Active Learning Instance Cost: 6657011.95
2025-02-10 15:29 | INFO | Query 6 Size of the uncertainty table is = 138174/154280
2025-02-10 15:29 | INFO | Query 6 Size of the filtered table is = 1543
2025-02-10 15:30 | INFO | Training Time Active Learning Classifier: 21.58 seconds
2025-02-10 15:30 | INFO | Training Time Active Learning Regressor: 1.61 seconds
2025-02-10 15:32 | INFO | Query 6 Active Learning Runtime on Validation Set: 45822.1
2025-02-10 15:32 | INFO | Query 6 Active Learning Runtime on Test Set: 37982.73
2025-02-10 15:32 | INFO | Query 6 Active Learning Instance Cost: 7588612.6
2025-02-10 15:32 | INFO | Timeout limit is increased to 3600
2025-02-10 15:34 | INFO | Query 7 Size of the uncertainty table is = 134925/154280
2025-02-10 15:34 | INFO | Query 7 Size of the filtered table is = 1543
2025-02-10 15:35 | INFO | Training Time Active Learning Classifier: 21.65 seconds
2025-02-10 15:35 | INFO | Training Time Active Learning Regressor: 1.65 seconds
2025-02-10 15:38 | INFO | Query 7 Active Learning Runtime on Validation Set: 41588.5
2025-02-10 15:38 | INFO | Query 7 Active Learning Runtime on Test Set: 109782.11
2025-02-10 15:38 | INFO | Query 7 Active Learning Instance Cost: 8511336.92
2025-02-10 15:39 | INFO | Query 8 Size of the uncertainty table is = 131380/154280
2025-02-10 15:39 | INFO | Query 8 Size of the filtered table is = 1543
2025-02-10 15:40 | INFO | Training Time Active Learning Classifier: 21.81 seconds
2025-02-10 15:40 | INFO | Training Time Active Learning Regressor: 1.7 seconds
2025-02-10 15:43 | INFO | Query 8 Active Learning Runtime on Validation Set: 44061.1
2025-02-10 15:43 | INFO | Query 8 Active Learning Runtime on Test Set: 37409.61
2025-02-10 15:43 | INFO | Query 8 Active Learning Instance Cost: 8938932.67
2025-02-10 15:43 | INFO | Timeout limit is increased to 3600
2025-02-10 15:45 | INFO | Query 9 Size of the uncertainty table is = 127822/154280
2025-02-10 15:45 | INFO | Query 9 Size of the filtered table is = 1543
2025-02-10 15:45 | INFO | Training Time Active Learning Classifier: 21.8 seconds
2025-02-10 15:45 | INFO | Training Time Active Learning Regressor: 1.94 seconds
2025-02-10 15:48 | INFO | Query 9 Active Learning Runtime on Validation Set: 43413.37
2025-02-10 15:48 | INFO | Query 9 Active Learning Runtime on Test Set: 37639.17
2025-02-10 15:48 | INFO | Query 9 Active Learning Instance Cost: 9260525.13
2025-02-10 15:50 | INFO | Query 10 Size of the uncertainty table is = 124137/154280
2025-02-10 15:50 | INFO | Query 10 Size of the filtered table is = 1543
2025-02-10 15:50 | INFO | Training Time Active Learning Classifier: 22.16 seconds
2025-02-10 15:50 | INFO | Training Time Active Learning Regressor: 1.8 seconds
2025-02-10 15:53 | INFO | Query 10 Active Learning Runtime on Validation Set: 43804.27
2025-02-10 15:53 | INFO | Query 10 Active Learning Runtime on Test Set: 37389.54
2025-02-10 15:53 | INFO | Query 10 Active Learning Instance Cost: 9508073.17
2025-02-10 15:53 | INFO | Timeout limit is increased to 3600
2025-02-10 15:55 | INFO | Query 11 Size of the uncertainty table is = 120547/154280
2025-02-10 15:55 | INFO | Query 11 Size of the filtered table is = 1543
2025-02-10 15:56 | INFO | Training Time Active Learning Classifier: 22.34 seconds
2025-02-10 15:56 | INFO | Training Time Active Learning Regressor: 1.86 seconds
2025-02-10 15:58 | INFO | Query 11 Active Learning Runtime on Validation Set: 87622.99
2025-02-10 15:58 | INFO | Query 11 Active Learning Runtime on Test Set: 73516.62
2025-02-10 15:58 | INFO | Query 11 Active Learning Instance Cost: 9922006.27
2025-02-10 15:58 | INFO | Timeout limit is increased to 3600
2025-02-10 16:00 | INFO | Query 12 Size of the uncertainty table is = 116846/154280
2025-02-10 16:00 | INFO | Query 12 Size of the filtered table is = 1543
2025-02-10 16:01 | INFO | Training Time Active Learning Classifier: 22.48 seconds
2025-02-10 16:01 | INFO | Training Time Active Learning Regressor: 1.9 seconds
2025-02-10 16:04 | INFO | Query 12 Active Learning Runtime on Validation Set: 46979.29
2025-02-10 16:04 | INFO | Query 12 Active Learning Runtime on Test Set: 109439.59
2025-02-10 16:04 | INFO | Query 12 Active Learning Instance Cost: 10191162.65
2025-02-10 16:06 | INFO | Query 13 Size of the uncertainty table is = 113081/154280
2025-02-10 16:06 | INFO | Query 13 Size of the filtered table is = 1543
2025-02-10 16:06 | INFO | Training Time Active Learning Classifier: 22.43 seconds
2025-02-10 16:06 | INFO | Training Time Active Learning Regressor: 1.93 seconds
2025-02-10 16:09 | INFO | Query 13 Active Learning Runtime on Validation Set: 46222.94
2025-02-10 16:09 | INFO | Query 13 Active Learning Runtime on Test Set: 73311.22
2025-02-10 16:09 | INFO | Query 13 Active Learning Instance Cost: 10367775.45
2025-02-10 16:11 | INFO | Query 14 Size of the uncertainty table is = 109643/154280
2025-02-10 16:11 | INFO | Query 14 Size of the filtered table is = 1543
2025-02-10 16:12 | INFO | Training Time Active Learning Classifier: 22.66 seconds
2025-02-10 16:12 | INFO | Training Time Active Learning Regressor: 2.2 seconds
2025-02-10 16:14 | INFO | Query 14 Active Learning Runtime on Validation Set: 46024.93
2025-02-10 16:14 | INFO | Query 14 Active Learning Runtime on Test Set: 73246.12
2025-02-10 16:14 | INFO | Query 14 Active Learning Instance Cost: 10675220.84
2025-02-10 16:16 | INFO | Query 15 Size of the uncertainty table is = 105941/154280
2025-02-10 16:16 | INFO | Query 15 Size of the filtered table is = 1543
2025-02-10 16:17 | INFO | Training Time Active Learning Classifier: 23.03 seconds
2025-02-10 16:17 | INFO | Training Time Active Learning Regressor: 2.01 seconds
2025-02-10 16:20 | INFO | Query 15 Active Learning Runtime on Validation Set: 86832.59
2025-02-10 16:20 | INFO | Query 15 Active Learning Runtime on Test Set: 73374.69
2025-02-10 16:20 | INFO | Query 15 Active Learning Instance Cost: 10940833.89
2025-02-10 16:20 | INFO | Timeout limit is increased to 3600
2025-02-10 16:22 | INFO | Query 16 Size of the uncertainty table is = 101888/154280
2025-02-10 16:22 | INFO | Query 16 Size of the filtered table is = 1543
2025-02-10 16:22 | INFO | Training Time Active Learning Classifier: 23.23 seconds
2025-02-10 16:22 | INFO | Training Time Active Learning Regressor: 2.07 seconds
2025-02-10 16:25 | INFO | Query 16 Active Learning Runtime on Validation Set: 121828.18
2025-02-10 16:25 | INFO | Query 16 Active Learning Runtime on Test Set: 109270.33
2025-02-10 16:25 | INFO | Query 16 Active Learning Instance Cost: 11480750.48
2025-02-10 16:25 | INFO | Timeout limit is increased to 3600
2025-02-10 16:27 | INFO | Query 17 Size of the uncertainty table is = 97571/154280
2025-02-10 16:27 | INFO | Query 17 Size of the filtered table is = 1543
2025-02-10 16:28 | INFO | Training Time Active Learning Classifier: 23.28 seconds
2025-02-10 16:28 | INFO | Training Time Active Learning Regressor: 2.13 seconds
2025-02-10 16:31 | INFO | Query 17 Active Learning Runtime on Validation Set: 121854.61
2025-02-10 16:31 | INFO | Query 17 Active Learning Runtime on Test Set: 37651.39
2025-02-10 16:31 | INFO | Query 17 Active Learning Instance Cost: 12120749.2
2025-02-10 16:31 | INFO | Timeout limit is increased to 3600
2025-02-10 16:33 | INFO | Query 18 Size of the uncertainty table is = 93629/154280
2025-02-10 16:33 | INFO | Query 18 Size of the filtered table is = 1543
2025-02-10 16:33 | INFO | Training Time Active Learning Classifier: 23.67 seconds
2025-02-10 16:33 | INFO | Training Time Active Learning Regressor: 2.17 seconds
2025-02-10 16:36 | INFO | Query 18 Active Learning Runtime on Validation Set: 86714.43
2025-02-10 16:36 | INFO | Query 18 Active Learning Runtime on Test Set: 73669.8
2025-02-10 16:36 | INFO | Query 18 Active Learning Instance Cost: 12364047.49
2025-02-10 16:38 | INFO | Query 19 Size of the uncertainty table is = 90499/154280
2025-02-10 16:38 | INFO | Query 19 Size of the filtered table is = 1543
2025-02-10 16:38 | INFO | Training Time Active Learning Classifier: 23.76 seconds
2025-02-10 16:38 | INFO | Training Time Active Learning Regressor: 2.21 seconds
2025-02-10 16:41 | INFO | Query 19 Active Learning Runtime on Validation Set: 86957.57
2025-02-10 16:41 | INFO | Query 19 Active Learning Runtime on Test Set: 37732.44
2025-02-10 16:41 | INFO | Query 19 Active Learning Instance Cost: 12650900.43
2025-02-10 16:41 | INFO | Timeout limit is increased to 3600
2025-02-10 16:43 | INFO | Query 20 Size of the uncertainty table is = 86991/154280
2025-02-10 16:43 | INFO | Query 20 Size of the filtered table is = 1543
2025-02-10 16:44 | INFO | Training Time Active Learning Classifier: 24.06 seconds
2025-02-10 16:44 | INFO | Training Time Active Learning Regressor: 2.28 seconds
2025-02-10 16:47 | INFO | Query 20 Active Learning Runtime on Validation Set: 86432.09
2025-02-10 16:47 | INFO | Query 20 Active Learning Runtime on Test Set: 73794.84
2025-02-10 16:47 | INFO | Query 20 Active Learning Instance Cost: 13009292.41
2025-02-10 16:48 | INFO | Query 21 Size of the uncertainty table is = 82965/154280
2025-02-10 16:48 | INFO | Query 21 Size of the filtered table is = 1543
2025-02-10 16:49 | INFO | Training Time Active Learning Classifier: 24.29 seconds
2025-02-10 16:49 | INFO | Training Time Active Learning Regressor: 2.32 seconds
2025-02-10 16:52 | INFO | Query 21 Active Learning Runtime on Validation Set: 86155.33
2025-02-10 16:52 | INFO | Query 21 Active Learning Runtime on Test Set: 73728.77
2025-02-10 16:52 | INFO | Query 21 Active Learning Instance Cost: 13235593.22
2025-02-10 16:54 | INFO | Query 22 Size of the uncertainty table is = 79172/154280
2025-02-10 16:54 | INFO | Query 22 Size of the filtered table is = 1543
2025-02-10 16:54 | INFO | Training Time Active Learning Classifier: 24.3 seconds
2025-02-10 16:54 | INFO | Training Time Active Learning Regressor: 2.37 seconds
2025-02-10 16:57 | INFO | Query 22 Active Learning Runtime on Validation Set: 87379.42
2025-02-10 16:57 | INFO | Query 22 Active Learning Runtime on Test Set: 109794.07
2025-02-10 16:57 | INFO | Query 22 Active Learning Instance Cost: 13597653.59
2025-02-10 16:57 | INFO | Timeout limit is increased to 3600
2025-02-10 16:59 | INFO | Query 23 Size of the uncertainty table is = 74860/154280
2025-02-10 16:59 | INFO | Query 23 Size of the filtered table is = 1543
2025-02-10 17:00 | INFO | Training Time Active Learning Classifier: 24.64 seconds
2025-02-10 17:00 | INFO | Training Time Active Learning Regressor: 2.65 seconds
2025-02-10 17:02 | INFO | Query 23 Active Learning Runtime on Validation Set: 87394.96
2025-02-10 17:02 | INFO | Query 23 Active Learning Runtime on Test Set: 73832.26
2025-02-10 17:02 | INFO | Query 23 Active Learning Instance Cost: 13972873.74
2025-02-10 17:02 | INFO | Timeout limit is increased to 3600
2025-02-10 17:04 | INFO | Query 24 Size of the uncertainty table is = 71096/154280
2025-02-10 17:04 | INFO | Query 24 Size of the filtered table is = 1543
2025-02-10 17:05 | INFO | Training Time Active Learning Classifier: 25.09 seconds
2025-02-10 17:05 | INFO | Training Time Active Learning Regressor: 2.46 seconds
2025-02-10 17:08 | INFO | Query 24 Active Learning Runtime on Validation Set: 86155.33
2025-02-10 17:08 | INFO | Query 24 Active Learning Runtime on Test Set: 1763.36
2025-02-10 17:08 | INFO | Query 24 Active Learning Instance Cost: 14404048.86
2025-02-10 17:09 | INFO | Query 25 Size of the uncertainty table is = 66754/154280
2025-02-10 17:09 | INFO | Query 25 Size of the filtered table is = 1543
2025-02-10 17:10 | INFO | Training Time Active Learning Classifier: 25.32 seconds
2025-02-10 17:10 | INFO | Training Time Active Learning Regressor: 2.5 seconds
2025-02-10 17:13 | INFO | Query 25 Active Learning Runtime on Validation Set: 81132.73
2025-02-10 17:13 | INFO | Query 25 Active Learning Runtime on Test Set: 73853.99
2025-02-10 17:13 | INFO | Query 25 Active Learning Instance Cost: 14636616.75
2025-02-10 17:14 | INFO | Query 26 Size of the uncertainty table is = 63402/154280
2025-02-10 17:14 | INFO | Query 26 Size of the filtered table is = 1543
2025-02-10 17:15 | INFO | Training Time Active Learning Classifier: 25.51 seconds
2025-02-10 17:15 | INFO | Training Time Active Learning Regressor: 2.56 seconds
2025-02-10 17:18 | INFO | Query 26 Active Learning Runtime on Validation Set: 50156.35
2025-02-10 17:18 | INFO | Query 26 Active Learning Runtime on Test Set: 37716.37
2025-02-10 17:18 | INFO | Query 26 Active Learning Instance Cost: 14973458.08
2025-02-10 17:19 | INFO | Query 27 Size of the uncertainty table is = 59833/154280
2025-02-10 17:19 | INFO | Query 27 Size of the filtered table is = 1543
2025-02-10 17:20 | INFO | Training Time Active Learning Classifier: 25.77 seconds
2025-02-10 17:20 | INFO | Training Time Active Learning Regressor: 2.83 seconds
2025-02-10 17:23 | INFO | Query 27 Active Learning Runtime on Validation Set: 83365.9
2025-02-10 17:23 | INFO | Query 27 Active Learning Runtime on Test Set: 37703.62
2025-02-10 17:23 | INFO | Query 27 Active Learning Instance Cost: 15366525.47
2025-02-10 17:23 | INFO | Timeout limit is increased to 3600
2025-02-10 17:24 | INFO | Query 28 Size of the uncertainty table is = 55787/154280
2025-02-10 17:24 | INFO | Query 28 Size of the filtered table is = 1543
2025-02-10 17:25 | INFO | Training Time Active Learning Classifier: 26.11 seconds
2025-02-10 17:25 | INFO | Training Time Active Learning Regressor: 2.66 seconds
2025-02-10 17:28 | INFO | Query 28 Active Learning Runtime on Validation Set: 50466.01
2025-02-10 17:28 | INFO | Query 28 Active Learning Runtime on Test Set: 37713.75
2025-02-10 17:28 | INFO | Query 28 Active Learning Instance Cost: 15728604.95
2025-02-10 17:29 | INFO | Query 29 Size of the uncertainty table is = 51562/154280
2025-02-10 17:29 | INFO | Query 29 Size of the filtered table is = 1543
2025-02-10 17:30 | INFO | Training Time Active Learning Classifier: 26.63 seconds
2025-02-10 17:30 | INFO | Training Time Active Learning Regressor: 2.7 seconds
2025-02-10 17:33 | INFO | Query 29 Active Learning Runtime on Validation Set: 49754.22
2025-02-10 17:33 | INFO | Query 29 Active Learning Runtime on Test Set: 37758.18
2025-02-10 17:33 | INFO | Query 29 Active Learning Instance Cost: 16110738.55
2025-02-10 17:34 | INFO | Query 30 Size of the uncertainty table is = 47728/154280
2025-02-10 17:34 | INFO | Query 30 Size of the filtered table is = 1543
2025-02-10 17:35 | INFO | Training Time Active Learning Classifier: 26.83 seconds
2025-02-10 17:35 | INFO | Training Time Active Learning Regressor: 2.74 seconds
2025-02-10 17:37 | INFO | Query 30 Active Learning Runtime on Validation Set: 45684.27
2025-02-10 17:37 | INFO | Query 30 Active Learning Runtime on Test Set: 37727.41
2025-02-10 17:37 | INFO | Query 30 Active Learning Instance Cost: 16414658.33
2025-02-10 17:39 | INFO | Query 31 Size of the uncertainty table is = 43869/154280
2025-02-10 17:39 | INFO | Query 31 Size of the filtered table is = 1543
2025-02-10 17:39 | INFO | Training Time Active Learning Classifier: 27.18 seconds
2025-02-10 17:39 | INFO | Training Time Active Learning Regressor: 2.77 seconds
2025-02-10 17:42 | INFO | Query 31 Active Learning Runtime on Validation Set: 82325.02
2025-02-10 17:42 | INFO | Query 31 Active Learning Runtime on Test Set: 37942.17
2025-02-10 17:42 | INFO | Query 31 Active Learning Instance Cost: 16695290.43
2025-02-10 17:42 | INFO | Timeout limit is increased to 3600
2025-02-10 17:43 | INFO | Query 32 Size of the uncertainty table is = 39933/154280
2025-02-10 17:43 | INFO | Query 32 Size of the filtered table is = 1543
2025-02-10 17:44 | INFO | Training Time Active Learning Classifier: 27.64 seconds
2025-02-10 17:44 | INFO | Training Time Active Learning Regressor: 2.81 seconds
2025-02-10 17:47 | INFO | Query 32 Active Learning Runtime on Validation Set: 45420.14
2025-02-10 17:47 | INFO | Query 32 Active Learning Runtime on Test Set: 1174.66
2025-02-10 17:47 | INFO | Query 32 Active Learning Instance Cost: 16942617.84
2025-02-10 17:48 | INFO | Query 33 Size of the uncertainty table is = 36085/154280
2025-02-10 17:48 | INFO | Query 33 Size of the filtered table is = 1543
2025-02-10 17:48 | INFO | Training Time Active Learning Classifier: 28.03 seconds
2025-02-10 17:48 | INFO | Training Time Active Learning Regressor: 2.86 seconds
2025-02-10 17:51 | INFO | Query 33 Active Learning Runtime on Validation Set: 83946.53
2025-02-10 17:51 | INFO | Query 33 Active Learning Runtime on Test Set: 1654.03
2025-02-10 17:51 | INFO | Query 33 Active Learning Instance Cost: 17186023.69
2025-02-10 17:51 | INFO | Timeout limit is increased to 3600
2025-02-10 17:52 | INFO | Query 34 Size of the uncertainty table is = 31992/154280
2025-02-10 17:52 | INFO | Query 34 Size of the filtered table is = 1543
2025-02-10 17:53 | INFO | Training Time Active Learning Classifier: 28.29 seconds
2025-02-10 17:53 | INFO | Training Time Active Learning Regressor: 2.87 seconds
2025-02-10 17:56 | INFO | Query 34 Active Learning Runtime on Validation Set: 48375.33
2025-02-10 17:56 | INFO | Query 34 Active Learning Runtime on Test Set: 1714.48
2025-02-10 17:56 | INFO | Query 34 Active Learning Instance Cost: 17505566.14
2025-02-10 17:57 | INFO | Query 35 Size of the uncertainty table is = 27895/154280
2025-02-10 17:57 | INFO | Query 35 Size of the filtered table is = 1543
2025-02-10 17:57 | INFO | Training Time Active Learning Classifier: 28.6 seconds
2025-02-10 17:57 | INFO | Training Time Active Learning Regressor: 2.92 seconds
2025-02-10 18:00 | INFO | Query 35 Active Learning Runtime on Validation Set: 84080.61
2025-02-10 18:00 | INFO | Query 35 Active Learning Runtime on Test Set: 1692.72
2025-02-10 18:00 | INFO | Query 35 Active Learning Instance Cost: 17763711.74
2025-02-10 18:00 | INFO | Timeout limit is increased to 3600
2025-02-10 18:01 | INFO | Query 36 Size of the uncertainty table is = 23791/154280
2025-02-10 18:01 | INFO | Query 36 Size of the filtered table is = 1543
2025-02-10 18:01 | INFO | Training Time Active Learning Classifier: 29.25 seconds
2025-02-10 18:02 | INFO | Training Time Active Learning Regressor: 3.15 seconds
2025-02-10 18:04 | INFO | Query 36 Active Learning Runtime on Validation Set: 48009.49
2025-02-10 18:04 | INFO | Query 36 Active Learning Runtime on Test Set: 1610.1
2025-02-10 18:04 | INFO | Query 36 Active Learning Instance Cost: 18018988.34
2025-02-10 18:05 | INFO | Query 37 Size of the uncertainty table is = 19258/154280
2025-02-10 18:05 | INFO | Query 37 Size of the filtered table is = 1543
2025-02-10 18:06 | INFO | Training Time Active Learning Classifier: 30.0 seconds
2025-02-10 18:06 | INFO | Training Time Active Learning Regressor: 2.99 seconds
2025-02-10 18:08 | INFO | Query 37 Active Learning Runtime on Validation Set: 47680.41
2025-02-10 18:08 | INFO | Query 37 Active Learning Runtime on Test Set: 1196.5
2025-02-10 18:08 | INFO | Query 37 Active Learning Instance Cost: 18456601.37
2025-02-10 18:09 | INFO | Query 38 Size of the uncertainty table is = 14134/154280
2025-02-10 18:09 | INFO | Query 38 Size of the filtered table is = 1543
2025-02-10 18:10 | INFO | Training Time Active Learning Classifier: 30.37 seconds
2025-02-10 18:10 | INFO | Training Time Active Learning Regressor: 3.04 seconds
2025-02-10 18:12 | INFO | Query 38 Active Learning Runtime on Validation Set: 86136.4
2025-02-10 18:12 | INFO | Query 38 Active Learning Runtime on Test Set: 1176.41
2025-02-10 18:12 | INFO | Query 38 Active Learning Instance Cost: 18940006.69
2025-02-10 18:12 | INFO | Timeout limit is increased to 3600
2025-02-10 18:13 | INFO | Query 39 Size of the uncertainty table is = 8891/154280
2025-02-10 18:13 | INFO | Query 39 Size of the filtered table is = 1543
2025-02-10 18:14 | INFO | Training Time Active Learning Classifier: 31.27 seconds
2025-02-10 18:14 | INFO | Training Time Active Learning Regressor: 3.08 seconds
2025-02-10 18:16 | INFO | Query 39 Active Learning Runtime on Validation Set: 47898.0
2025-02-10 18:16 | INFO | Query 39 Active Learning Runtime on Test Set: 1466.9
2025-02-10 18:16 | INFO | Query 39 Active Learning Instance Cost: 19320337.02
2025-02-10 18:16 | INFO | Query 40 Size of the uncertainty table is = 3959/154280
2025-02-10 18:16 | INFO | Query 40 Size of the filtered table is = 1543
2025-02-10 18:17 | INFO | Training Time Active Learning Classifier: 31.56 seconds
2025-02-10 18:17 | INFO | Training Time Active Learning Regressor: 3.09 seconds
2025-02-10 18:20 | INFO | Query 40 Active Learning Runtime on Validation Set: 86182.51
2025-02-10 18:20 | INFO | Query 40 Active Learning Runtime on Test Set: 1072.25
2025-02-10 18:20 | INFO | Query 40 Active Learning Instance Cost: 19587976.81
2025-02-10 18:20 | INFO | Timeout limit is increased to 3600
2025-02-10 18:20 | INFO | Query 41 Size of the uncertainty table is = 175/154280
2025-02-10 18:20 | INFO | Query 41 Size of the filtered table is = 175
2025-02-10 18:21 | INFO | Training Time Active Learning Classifier: 31.5 seconds
2025-02-10 18:21 | INFO | Training Time Active Learning Regressor: 3.11 seconds
2025-02-10 18:24 | INFO | Query 41 Active Learning Runtime on Validation Set: 86153.59
2025-02-10 18:24 | INFO | Query 41 Active Learning Runtime on Test Set: 1025.66
2025-02-10 18:24 | INFO | Query 41 Active Learning Instance Cost: 19613176.81
2025-02-10 18:24 | INFO | Active Learning Emissions: 0.14270677995970457
2025-02-10 18:24 | INFO | Active Learning Energy Consumption: 0.15526862070531927 kWh
2025-02-10 18:24 | INFO | runtime_test_score is written as json file
2025-02-10 18:24 | INFO | runtime_validation_score is written as json file
2025-02-10 18:24 | INFO | instance_cost is written as json file
2025-02-10 18:24 | INFO | Experiment is finished
