2025-02-10 14:41 | INFO | Paramaters are: {'dataset': 'MAXSAT12-PMS', 'penalty': 10, 'weight': 'No_Weight', 'voting': 'Hard', 'pre_selection_size': 64, 'pre_selection_technique': 'No_pre_selection', 'feature_elimination_threshold': 20, 'imputer_strategy': 'median', 'feature_selection_technique': 'No_feature_selection', 'feature_scaling_technique': 'StandardScaler', 'priority': {'PredCost': 'min', 'PredDiff': 'max', 'Uncertainty': 'max'}, 'initial_train_size': 20, 'query_size': 1, 'timeout_predictor_usage': 'No', 'timeout_limit': 100, 'timeout_increase_rate': 100, 'penalty_type': 'Only-timeout-penalty', 'RANDOM_STATE_SEED': 7, 'n_splits': 10, 'split_number': 8, 'max_timeout': 3600, 'param_grid': {'n_estimators': 100, 'max_features': 'sqrt', 'max_depth': 2147483648, 'min_samples_split': 2, 'bootstrap': True}}
2025-02-10 14:41 | INFO | MAXSAT12-PMS is current dataset
2025-02-10 14:41 | INFO | DATASETS/MAXSAT12-PMS/algorithm_runs.csv is found
2025-02-10 14:41 | INFO | DATASETS/MAXSAT12-PMS/algorithm_runs.csv is finished
2025-02-10 14:41 | INFO | DATASETS/MAXSAT12-PMS/feature_values.csv is found
2025-02-10 14:41 | INFO | DATASETS/MAXSAT12-PMS/feature_values.csv is finished
2025-02-10 14:41 | INFO | DATASETS/MAXSAT12-PMS/feature_costs.csv is found
2025-02-10 14:41 | INFO | DATASETS/MAXSAT12-PMS/feature_costs.csv is finished
2025-02-10 14:41 | INFO | Virtual best solver time in train = 19310.17
2025-02-10 14:41 | INFO | Single best solver list train = {'DSWPM1_924': 8728136.23, 'akmaxsat': 8019382.62, 'akmaxsat_ls': 8019373.98, 'pwbo2.1': 3984772.23, 'qmaxsat0.21comp': 1984956.65, 'qmaxsat0.21g2comp': 2369189.93}
2025-02-10 14:41 | INFO | Single best solver time train = qmaxsat0.21comp (1984956.65)
2025-02-10 14:41 | INFO | Virtual best solver time in validation = 6999.64
2025-02-10 14:41 | INFO | Single best solver list validation = {'DSWPM1_924': 2315402.05, 'akmaxsat': 4220214.43, 'akmaxsat_ls': 4220205.3, 'pwbo2.1': 731835.56, 'qmaxsat0.21comp': 656175.19, 'qmaxsat0.21g2comp': 7775.78}
2025-02-10 14:41 | INFO | Single best solver time validation = qmaxsat0.21g2comp (7775.78)
2025-02-10 14:41 | INFO | Virtual best solver time in test = 4243.28
2025-02-10 14:41 | INFO | Single best solver list test = {'DSWPM1_924': 1229210.69, 'akmaxsat': 1193374.61, 'akmaxsat_ls': 1193389.03, 'pwbo2.1': 794461.51, 'qmaxsat0.21comp': 405074.19, 'qmaxsat0.21g2comp': 295425.55}
2025-02-10 14:41 | INFO | Single best solver time test = qmaxsat0.21g2comp (295425.55)
2025-02-10 14:41 | INFO | Training Time Passive Learning Classifier: 1.59 seconds
2025-02-10 14:41 | INFO | Training Time Passive Learning Regressor: 0.81 seconds
2025-02-10 14:41 | INFO | Passive Learning Classifier Runtime on Validation Set: 7823.16
2025-02-10 14:41 | INFO | Passive Learning Classifier Runtime on Test Set: 4483.57
2025-02-10 14:41 | INFO | Passive Learning Instance Cost: 3492211.64
2025-02-10 14:41 | INFO | Passive Learning Emissions: 0.0001217267626627817
2025-02-10 14:41 | INFO | Passive Learning Energy Consumption: 0.0001324418261480686 kWh
2025-02-10 14:41 | INFO | Training Time Active Learning Classifier: 0.81 seconds
2025-02-10 14:41 | INFO | Training Time Active Learning Regressor: 0.32 seconds
2025-02-10 14:41 | INFO | Initial Active Learning Runtime on Validation Set: 7812.52
2025-02-10 14:41 | INFO | Initial Active Learning Runtime on Test Set: 79894.19
2025-02-10 14:41 | INFO | Initial Active Learning Instance Cost: 5752.46
2025-02-10 14:41 | INFO | Bin size = 78
2025-02-10 14:41 | INFO | Query 1 Size of the uncertainty table is = 7826/7770
2025-02-10 14:41 | INFO | Query 1 Size of the filtered table is = 78
2025-02-10 14:41 | INFO | Training Time Active Learning Classifier: 0.79 seconds
2025-02-10 14:41 | INFO | Training Time Active Learning Regressor: 0.29 seconds
2025-02-10 14:41 | INFO | Query 1 Active Learning Runtime on Validation Set: 7855.2
2025-02-10 14:41 | INFO | Query 1 Active Learning Runtime on Test Set: 79876.25
2025-02-10 14:41 | INFO | Query 1 Active Learning Instance Cost: 5857.2
2025-02-10 14:41 | INFO | Timeout limit is increased to 200
2025-02-10 14:41 | INFO | Query 2 Size of the uncertainty table is = 7748/7770
2025-02-10 14:41 | INFO | Query 2 Size of the filtered table is = 78
2025-02-10 14:41 | INFO | Training Time Active Learning Classifier: 0.8 seconds
2025-02-10 14:41 | INFO | Training Time Active Learning Regressor: 0.3 seconds
2025-02-10 14:41 | INFO | Query 2 Active Learning Runtime on Validation Set: 7810.27
2025-02-10 14:41 | INFO | Query 2 Active Learning Runtime on Test Set: 150840.88
2025-02-10 14:41 | INFO | Query 2 Active Learning Instance Cost: 5989.94
2025-02-10 14:41 | INFO | Query 3 Size of the uncertainty table is = 7670/7770
2025-02-10 14:41 | INFO | Query 3 Size of the filtered table is = 78
2025-02-10 14:41 | INFO | Training Time Active Learning Classifier: 0.8 seconds
2025-02-10 14:41 | INFO | Training Time Active Learning Regressor: 0.31 seconds
2025-02-10 14:42 | INFO | Query 3 Active Learning Runtime on Validation Set: 7812.54
2025-02-10 14:42 | INFO | Query 3 Active Learning Runtime on Test Set: 79893.81
2025-02-10 14:42 | INFO | Query 3 Active Learning Instance Cost: 6064.83
2025-02-10 14:42 | INFO | Timeout limit is increased to 300
2025-02-10 14:42 | INFO | Query 4 Size of the uncertainty table is = 7583/7770
2025-02-10 14:42 | INFO | Query 4 Size of the filtered table is = 78
2025-02-10 14:42 | INFO | Training Time Active Learning Classifier: 0.81 seconds
2025-02-10 14:42 | INFO | Training Time Active Learning Regressor: 0.32 seconds
2025-02-10 14:42 | INFO | Query 4 Active Learning Runtime on Validation Set: 7812.54
2025-02-10 14:42 | INFO | Query 4 Active Learning Runtime on Test Set: 79893.81
2025-02-10 14:42 | INFO | Query 4 Active Learning Instance Cost: 6122.24
2025-02-10 14:42 | INFO | Timeout limit is increased to 400
2025-02-10 14:42 | INFO | Query 5 Size of the uncertainty table is = 7505/7770
2025-02-10 14:42 | INFO | Query 5 Size of the filtered table is = 78
2025-02-10 14:42 | INFO | Training Time Active Learning Classifier: 0.82 seconds
2025-02-10 14:42 | INFO | Training Time Active Learning Regressor: 0.33 seconds
2025-02-10 14:42 | INFO | Query 5 Active Learning Runtime on Validation Set: 257934.76
2025-02-10 14:42 | INFO | Query 5 Active Learning Runtime on Test Set: 154879.52000000002
2025-02-10 14:42 | INFO | Query 5 Active Learning Instance Cost: 8313.6
2025-02-10 14:42 | INFO | Timeout limit is increased to 500
2025-02-10 14:42 | INFO | Query 6 Size of the uncertainty table is = 7428/7770
2025-02-10 14:42 | INFO | Query 6 Size of the filtered table is = 78
2025-02-10 14:42 | INFO | Training Time Active Learning Classifier: 0.82 seconds
2025-02-10 14:42 | INFO | Training Time Active Learning Regressor: 0.34 seconds
2025-02-10 14:42 | INFO | Query 6 Active Learning Runtime on Validation Set: 476589.68
2025-02-10 14:42 | INFO | Query 6 Active Learning Runtime on Test Set: 84038.7
2025-02-10 14:42 | INFO | Query 6 Active Learning Instance Cost: 14349.95
2025-02-10 14:42 | INFO | Timeout limit is increased to 600
2025-02-10 14:42 | INFO | Query 7 Size of the uncertainty table is = 7338/7770
2025-02-10 14:42 | INFO | Query 7 Size of the filtered table is = 78
2025-02-10 14:42 | INFO | Training Time Active Learning Classifier: 0.83 seconds
2025-02-10 14:42 | INFO | Training Time Active Learning Regressor: 0.35 seconds
2025-02-10 14:42 | INFO | Query 7 Active Learning Runtime on Validation Set: 331617.11
2025-02-10 14:42 | INFO | Query 7 Active Learning Runtime on Test Set: 119527.42
2025-02-10 14:42 | INFO | Query 7 Active Learning Instance Cost: 18367.42
2025-02-10 14:42 | INFO | Query 8 Size of the uncertainty table is = 7252/7770
2025-02-10 14:42 | INFO | Query 8 Size of the filtered table is = 78
2025-02-10 14:42 | INFO | Training Time Active Learning Classifier: 0.83 seconds
2025-02-10 14:42 | INFO | Training Time Active Learning Regressor: 0.36 seconds
2025-02-10 14:43 | INFO | Query 8 Active Learning Runtime on Validation Set: 116866.95999999999
2025-02-10 14:43 | INFO | Query 8 Active Learning Runtime on Test Set: 83662.15
2025-02-10 14:43 | INFO | Query 8 Active Learning Instance Cost: 18409.3
2025-02-10 14:43 | INFO | Query 9 Size of the uncertainty table is = 7174/7770
2025-02-10 14:43 | INFO | Query 9 Size of the filtered table is = 78
2025-02-10 14:43 | INFO | Training Time Active Learning Classifier: 0.83 seconds
2025-02-10 14:43 | INFO | Training Time Active Learning Regressor: 0.37 seconds
2025-02-10 14:43 | INFO | Query 9 Active Learning Runtime on Validation Set: 440697.97000000003
2025-02-10 14:43 | INFO | Query 9 Active Learning Runtime on Test Set: 155554.05000000002
2025-02-10 14:43 | INFO | Query 9 Active Learning Instance Cost: 20565.97
2025-02-10 14:43 | INFO | Timeout limit is increased to 700
2025-02-10 14:43 | INFO | Query 10 Size of the uncertainty table is = 7094/7770
2025-02-10 14:43 | INFO | Query 10 Size of the filtered table is = 78
2025-02-10 14:43 | INFO | Training Time Active Learning Classifier: 0.89 seconds
2025-02-10 14:43 | INFO | Training Time Active Learning Regressor: 0.37 seconds
2025-02-10 14:43 | INFO | Query 10 Active Learning Runtime on Validation Set: 440697.97000000003
2025-02-10 14:43 | INFO | Query 10 Active Learning Runtime on Test Set: 190689.08000000002
2025-02-10 14:43 | INFO | Query 10 Active Learning Instance Cost: 27605.13
2025-02-10 14:43 | INFO | Timeout limit is increased to 800
2025-02-10 14:43 | INFO | Query 11 Size of the uncertainty table is = 7016/7770
2025-02-10 14:43 | INFO | Query 11 Size of the filtered table is = 78
2025-02-10 14:43 | INFO | Training Time Active Learning Classifier: 0.85 seconds
2025-02-10 14:43 | INFO | Training Time Active Learning Regressor: 0.38 seconds
2025-02-10 14:43 | INFO | Query 11 Active Learning Runtime on Validation Set: 333433.54000000004
2025-02-10 14:43 | INFO | Query 11 Active Learning Runtime on Test Set: 119321.87
2025-02-10 14:43 | INFO | Query 11 Active Learning Instance Cost: 29986.6
2025-02-10 14:43 | INFO | Query 12 Size of the uncertainty table is = 6927/7770
2025-02-10 14:43 | INFO | Query 12 Size of the filtered table is = 78
2025-02-10 14:43 | INFO | Training Time Active Learning Classifier: 0.85 seconds
2025-02-10 14:43 | INFO | Training Time Active Learning Regressor: 0.39 seconds
2025-02-10 14:43 | INFO | Query 12 Active Learning Runtime on Validation Set: 226334.44
2025-02-10 14:43 | INFO | Query 12 Active Learning Runtime on Test Set: 119455.86
2025-02-10 14:43 | INFO | Query 12 Active Learning Instance Cost: 30454.18
2025-02-10 14:43 | INFO | Query 13 Size of the uncertainty table is = 6816/7770
2025-02-10 14:43 | INFO | Query 13 Size of the filtered table is = 78
2025-02-10 14:43 | INFO | Training Time Active Learning Classifier: 0.86 seconds
2025-02-10 14:43 | INFO | Training Time Active Learning Regressor: 0.39 seconds
2025-02-10 14:44 | INFO | Query 13 Active Learning Runtime on Validation Set: 476455.04000000004
2025-02-10 14:44 | INFO | Query 13 Active Learning Runtime on Test Set: 155263.7
2025-02-10 14:44 | INFO | Query 13 Active Learning Instance Cost: 30463.17
2025-02-10 14:44 | INFO | Timeout limit is increased to 900
2025-02-10 14:44 | INFO | Query 14 Size of the uncertainty table is = 6736/7770
2025-02-10 14:44 | INFO | Query 14 Size of the filtered table is = 78
2025-02-10 14:44 | INFO | Training Time Active Learning Classifier: 0.87 seconds
2025-02-10 14:44 | INFO | Training Time Active Learning Regressor: 0.4 seconds
2025-02-10 14:44 | INFO | Query 14 Active Learning Runtime on Validation Set: 476494.61
2025-02-10 14:44 | INFO | Query 14 Active Learning Runtime on Test Set: 155260.97
2025-02-10 14:44 | INFO | Query 14 Active Learning Instance Cost: 32220.16
2025-02-10 14:44 | INFO | Timeout limit is increased to 1000
2025-02-10 14:44 | INFO | Query 15 Size of the uncertainty table is = 6656/7770
2025-02-10 14:44 | INFO | Query 15 Size of the filtered table is = 78
2025-02-10 14:44 | INFO | Training Time Active Learning Classifier: 0.88 seconds
2025-02-10 14:44 | INFO | Training Time Active Learning Regressor: 0.4 seconds
2025-02-10 14:44 | INFO | Query 15 Active Learning Runtime on Validation Set: 476420.22000000003
2025-02-10 14:44 | INFO | Query 15 Active Learning Runtime on Test Set: 155267.31
2025-02-10 14:44 | INFO | Query 15 Active Learning Instance Cost: 37652.83
2025-02-10 14:44 | INFO | Query 16 Size of the uncertainty table is = 6576/7770
2025-02-10 14:44 | INFO | Query 16 Size of the filtered table is = 78
2025-02-10 14:44 | INFO | Training Time Active Learning Classifier: 0.89 seconds
2025-02-10 14:44 | INFO | Training Time Active Learning Regressor: 0.41 seconds
2025-02-10 14:44 | INFO | Query 16 Active Learning Runtime on Validation Set: 257967.51
2025-02-10 14:44 | INFO | Query 16 Active Learning Runtime on Test Set: 154869.81
2025-02-10 14:44 | INFO | Query 16 Active Learning Instance Cost: 56335.11
2025-02-10 14:44 | INFO | Query 17 Size of the uncertainty table is = 6489/7770
2025-02-10 14:44 | INFO | Query 17 Size of the filtered table is = 78
2025-02-10 14:44 | INFO | Training Time Active Learning Classifier: 0.89 seconds
2025-02-10 14:44 | INFO | Training Time Active Learning Regressor: 0.42 seconds
2025-02-10 14:44 | INFO | Query 17 Active Learning Runtime on Validation Set: 476458.99
2025-02-10 14:44 | INFO | Query 17 Active Learning Runtime on Test Set: 155272.83000000002
2025-02-10 14:44 | INFO | Query 17 Active Learning Instance Cost: 59613.2
2025-02-10 14:44 | INFO | Timeout limit is increased to 1100
2025-02-10 14:44 | INFO | Query 18 Size of the uncertainty table is = 6408/7770
2025-02-10 14:44 | INFO | Query 18 Size of the filtered table is = 78
2025-02-10 14:44 | INFO | Training Time Active Learning Classifier: 0.9 seconds
2025-02-10 14:44 | INFO | Training Time Active Learning Regressor: 0.44 seconds
2025-02-10 14:45 | INFO | Query 18 Active Learning Runtime on Validation Set: 908383.35
2025-02-10 14:45 | INFO | Query 18 Active Learning Runtime on Test Set: 191975.22
2025-02-10 14:45 | INFO | Query 18 Active Learning Instance Cost: 73262.86
2025-02-10 14:45 | INFO | Timeout limit is increased to 1200
2025-02-10 14:45 | INFO | Query 19 Size of the uncertainty table is = 6314/7770
2025-02-10 14:45 | INFO | Query 19 Size of the filtered table is = 78
2025-02-10 14:45 | INFO | Training Time Active Learning Classifier: 0.97 seconds
2025-02-10 14:45 | INFO | Training Time Active Learning Regressor: 0.45 seconds
2025-02-10 14:45 | INFO | Query 19 Active Learning Runtime on Validation Set: 690631.53
2025-02-10 14:45 | INFO | Query 19 Active Learning Runtime on Test Set: 226825.36000000002
2025-02-10 14:45 | INFO | Query 19 Active Learning Instance Cost: 81008.8
2025-02-10 14:45 | INFO | Query 20 Size of the uncertainty table is = 6235/7770
2025-02-10 14:45 | INFO | Query 20 Size of the filtered table is = 78
2025-02-10 14:45 | INFO | Training Time Active Learning Classifier: 0.92 seconds
2025-02-10 14:45 | INFO | Training Time Active Learning Regressor: 0.46 seconds
2025-02-10 14:45 | INFO | Query 20 Active Learning Runtime on Validation Set: 544701.91
2025-02-10 14:45 | INFO | Query 20 Active Learning Runtime on Test Set: 261671.51
2025-02-10 14:45 | INFO | Query 20 Active Learning Instance Cost: 92758.32
2025-02-10 14:45 | INFO | Query 21 Size of the uncertainty table is = 6152/7770
2025-02-10 14:45 | INFO | Query 21 Size of the filtered table is = 78
2025-02-10 14:45 | INFO | Training Time Active Learning Classifier: 0.94 seconds
2025-02-10 14:45 | INFO | Training Time Active Learning Regressor: 0.47 seconds
2025-02-10 14:45 | INFO | Query 21 Active Learning Runtime on Validation Set: 762601.7
2025-02-10 14:45 | INFO | Query 21 Active Learning Runtime on Test Set: 261724.23
2025-02-10 14:45 | INFO | Query 21 Active Learning Instance Cost: 94720.83
2025-02-10 14:45 | INFO | Timeout limit is increased to 1300
2025-02-10 14:45 | INFO | Query 22 Size of the uncertainty table is = 6063/7770
2025-02-10 14:45 | INFO | Query 22 Size of the filtered table is = 78
2025-02-10 14:45 | INFO | Training Time Active Learning Classifier: 0.95 seconds
2025-02-10 14:45 | INFO | Training Time Active Learning Regressor: 0.49 seconds
2025-02-10 14:45 | INFO | Query 22 Active Learning Runtime on Validation Set: 401089.49
2025-02-10 14:45 | INFO | Query 22 Active Learning Runtime on Test Set: 260406.46000000002
2025-02-10 14:45 | INFO | Query 22 Active Learning Instance Cost: 100280.02
2025-02-10 14:45 | INFO | Query 23 Size of the uncertainty table is = 5975/7770
2025-02-10 14:45 | INFO | Query 23 Size of the filtered table is = 78
2025-02-10 14:45 | INFO | Training Time Active Learning Classifier: 0.96 seconds
2025-02-10 14:46 | INFO | Training Time Active Learning Regressor: 0.5 seconds
2025-02-10 14:46 | INFO | Query 23 Active Learning Runtime on Validation Set: 472496.9
2025-02-10 14:46 | INFO | Query 23 Active Learning Runtime on Test Set: 225152.49000000002
2025-02-10 14:46 | INFO | Query 23 Active Learning Instance Cost: 136093.54
2025-02-10 14:46 | INFO | Timeout limit is increased to 1400
2025-02-10 14:46 | INFO | Query 24 Size of the uncertainty table is = 5891/7770
2025-02-10 14:46 | INFO | Query 24 Size of the filtered table is = 78
2025-02-10 14:46 | INFO | Training Time Active Learning Classifier: 0.97 seconds
2025-02-10 14:46 | INFO | Training Time Active Learning Regressor: 0.51 seconds
2025-02-10 14:46 | INFO | Query 24 Active Learning Runtime on Validation Set: 257993.87
2025-02-10 14:46 | INFO | Query 24 Active Learning Runtime on Test Set: 117678.59999999999
2025-02-10 14:46 | INFO | Query 24 Active Learning Instance Cost: 152262.99
2025-02-10 14:46 | INFO | Query 25 Size of the uncertainty table is = 5805/7770
2025-02-10 14:46 | INFO | Query 25 Size of the filtered table is = 78
2025-02-10 14:46 | INFO | Training Time Active Learning Classifier: 0.99 seconds
2025-02-10 14:46 | INFO | Training Time Active Learning Regressor: 0.52 seconds
2025-02-10 14:46 | INFO | Query 25 Active Learning Runtime on Validation Set: 257969.84
2025-02-10 14:46 | INFO | Query 25 Active Learning Runtime on Test Set: 117039.68999999999
2025-02-10 14:46 | INFO | Query 25 Active Learning Instance Cost: 161377.9
2025-02-10 14:46 | INFO | Query 26 Size of the uncertainty table is = 5713/7770
2025-02-10 14:46 | INFO | Query 26 Size of the filtered table is = 78
2025-02-10 14:46 | INFO | Training Time Active Learning Classifier: 0.99 seconds
2025-02-10 14:46 | INFO | Training Time Active Learning Regressor: 0.52 seconds
2025-02-10 14:46 | INFO | Query 26 Active Learning Runtime on Validation Set: 257969.84
2025-02-10 14:46 | INFO | Query 26 Active Learning Runtime on Test Set: 117039.68999999999
2025-02-10 14:46 | INFO | Query 26 Active Learning Instance Cost: 196326.91
2025-02-10 14:46 | INFO | Timeout limit is increased to 1500
2025-02-10 14:46 | INFO | Query 27 Size of the uncertainty table is = 5620/7770
2025-02-10 14:46 | INFO | Query 27 Size of the filtered table is = 78
2025-02-10 14:46 | INFO | Training Time Active Learning Classifier: 1.0 seconds
2025-02-10 14:46 | INFO | Training Time Active Learning Regressor: 0.53 seconds
2025-02-10 14:46 | INFO | Query 27 Active Learning Runtime on Validation Set: 257950.76
2025-02-10 14:46 | INFO | Query 27 Active Learning Runtime on Test Set: 81074.09
2025-02-10 14:46 | INFO | Query 27 Active Learning Instance Cost: 200087.4
2025-02-10 14:47 | INFO | Query 28 Size of the uncertainty table is = 5536/7770
2025-02-10 14:47 | INFO | Query 28 Size of the filtered table is = 78
2025-02-10 14:47 | INFO | Training Time Active Learning Classifier: 1.02 seconds
2025-02-10 14:47 | INFO | Training Time Active Learning Regressor: 0.54 seconds
2025-02-10 14:47 | INFO | Query 28 Active Learning Runtime on Validation Set: 257983.59
2025-02-10 14:47 | INFO | Query 28 Active Learning Runtime on Test Set: 79471.78
2025-02-10 14:47 | INFO | Query 28 Active Learning Instance Cost: 203088.26
2025-02-10 14:47 | INFO | Timeout limit is increased to 1600
2025-02-10 14:47 | INFO | Query 29 Size of the uncertainty table is = 5447/7770
2025-02-10 14:47 | INFO | Query 29 Size of the filtered table is = 78
2025-02-10 14:47 | INFO | Training Time Active Learning Classifier: 1.03 seconds
2025-02-10 14:47 | INFO | Training Time Active Learning Regressor: 0.55 seconds
2025-02-10 14:47 | INFO | Query 29 Active Learning Runtime on Validation Set: 257983.59
2025-02-10 14:47 | INFO | Query 29 Active Learning Runtime on Test Set: 79468.62
2025-02-10 14:47 | INFO | Query 29 Active Learning Instance Cost: 203144.61
2025-02-10 14:47 | INFO | Timeout limit is increased to 1700
2025-02-10 14:47 | INFO | Query 30 Size of the uncertainty table is = 5353/7770
2025-02-10 14:47 | INFO | Query 30 Size of the filtered table is = 78
2025-02-10 14:47 | INFO | Training Time Active Learning Classifier: 1.04 seconds
2025-02-10 14:47 | INFO | Training Time Active Learning Regressor: 0.56 seconds
2025-02-10 14:47 | INFO | Query 30 Active Learning Runtime on Validation Set: 257983.59
2025-02-10 14:47 | INFO | Query 30 Active Learning Runtime on Test Set: 115357.29999999999
2025-02-10 14:47 | INFO | Query 30 Active Learning Instance Cost: 203238.23
2025-02-10 14:47 | INFO | Timeout limit is increased to 1800
2025-02-10 14:47 | INFO | Query 31 Size of the uncertainty table is = 5267/7770
2025-02-10 14:47 | INFO | Query 31 Size of the filtered table is = 78
2025-02-10 14:47 | INFO | Training Time Active Learning Classifier: 1.05 seconds
2025-02-10 14:47 | INFO | Training Time Active Learning Regressor: 0.55 seconds
2025-02-10 14:47 | INFO | Query 31 Active Learning Runtime on Validation Set: 257970.29
2025-02-10 14:47 | INFO | Query 31 Active Learning Runtime on Test Set: 151360.32
2025-02-10 14:47 | INFO | Query 31 Active Learning Instance Cost: 203354.66
2025-02-10 14:47 | INFO | Query 32 Size of the uncertainty table is = 5176/7770
2025-02-10 14:47 | INFO | Query 32 Size of the filtered table is = 78
2025-02-10 14:47 | INFO | Training Time Active Learning Classifier: 1.06 seconds
2025-02-10 14:47 | INFO | Training Time Active Learning Regressor: 0.57 seconds
2025-02-10 14:48 | INFO | Query 32 Active Learning Runtime on Validation Set: 258012.95
2025-02-10 14:48 | INFO | Query 32 Active Learning Runtime on Test Set: 186617.78
2025-02-10 14:48 | INFO | Query 32 Active Learning Instance Cost: 218209.94
2025-02-10 14:48 | INFO | Timeout limit is increased to 1900
2025-02-10 14:48 | INFO | Query 33 Size of the uncertainty table is = 5082/7770
2025-02-10 14:48 | INFO | Query 33 Size of the filtered table is = 78
2025-02-10 14:48 | INFO | Training Time Active Learning Classifier: 1.08 seconds
2025-02-10 14:48 | INFO | Training Time Active Learning Regressor: 0.59 seconds
2025-02-10 14:48 | INFO | Query 33 Active Learning Runtime on Validation Set: 476468.31
2025-02-10 14:48 | INFO | Query 33 Active Learning Runtime on Test Set: 187063.21000000002
2025-02-10 14:48 | INFO | Query 33 Active Learning Instance Cost: 227075.72
2025-02-10 14:48 | INFO | Timeout limit is increased to 2000
2025-02-10 14:48 | INFO | Query 34 Size of the uncertainty table is = 4991/7770
2025-02-10 14:48 | INFO | Query 34 Size of the filtered table is = 78
2025-02-10 14:48 | INFO | Training Time Active Learning Classifier: 1.09 seconds
2025-02-10 14:48 | INFO | Training Time Active Learning Regressor: 0.6 seconds
2025-02-10 14:48 | INFO | Query 34 Active Learning Runtime on Validation Set: 583755.54
2025-02-10 14:48 | INFO | Query 34 Active Learning Runtime on Test Set: 115187.15999999999
2025-02-10 14:48 | INFO | Query 34 Active Learning Instance Cost: 237561.54
2025-02-10 14:48 | INFO | Timeout limit is increased to 2100
2025-02-10 14:48 | INFO | Query 35 Size of the uncertainty table is = 4905/7770
2025-02-10 14:48 | INFO | Query 35 Size of the filtered table is = 78
2025-02-10 14:48 | INFO | Training Time Active Learning Classifier: 1.09 seconds
2025-02-10 14:48 | INFO | Training Time Active Learning Regressor: 0.6 seconds
2025-02-10 14:48 | INFO | Query 35 Active Learning Runtime on Validation Set: 476426.5
2025-02-10 14:48 | INFO | Query 35 Active Learning Runtime on Test Set: 151049.02000000002
2025-02-10 14:48 | INFO | Query 35 Active Learning Instance Cost: 238344.71
2025-02-10 14:48 | INFO | Query 36 Size of the uncertainty table is = 4824/7770
2025-02-10 14:48 | INFO | Query 36 Size of the filtered table is = 78
2025-02-10 14:48 | INFO | Training Time Active Learning Classifier: 1.11 seconds
2025-02-10 14:48 | INFO | Training Time Active Learning Regressor: 0.61 seconds
2025-02-10 14:48 | INFO | Query 36 Active Learning Runtime on Validation Set: 257947.71000000002
2025-02-10 14:48 | INFO | Query 36 Active Learning Runtime on Test Set: 150630.37
2025-02-10 14:48 | INFO | Query 36 Active Learning Instance Cost: 263840.89
2025-02-10 14:48 | INFO | Query 37 Size of the uncertainty table is = 4745/7770
2025-02-10 14:48 | INFO | Query 37 Size of the filtered table is = 78
2025-02-10 14:49 | INFO | Training Time Active Learning Classifier: 1.12 seconds
2025-02-10 14:49 | INFO | Training Time Active Learning Regressor: 0.62 seconds
2025-02-10 14:49 | INFO | Query 37 Active Learning Runtime on Validation Set: 257947.71000000002
2025-02-10 14:49 | INFO | Query 37 Active Learning Runtime on Test Set: 114659.79999999999
2025-02-10 14:49 | INFO | Query 37 Active Learning Instance Cost: 277501.03
2025-02-10 14:49 | INFO | Timeout limit is increased to 2200
2025-02-10 14:49 | INFO | Query 38 Size of the uncertainty table is = 4661/7770
2025-02-10 14:49 | INFO | Query 38 Size of the filtered table is = 78
2025-02-10 14:49 | INFO | Training Time Active Learning Classifier: 1.13 seconds
2025-02-10 14:49 | INFO | Training Time Active Learning Regressor: 0.68 seconds
2025-02-10 14:49 | INFO | Query 38 Active Learning Runtime on Validation Set: 257947.71000000002
2025-02-10 14:49 | INFO | Query 38 Active Learning Runtime on Test Set: 114660.12
2025-02-10 14:49 | INFO | Query 38 Active Learning Instance Cost: 285145.88
2025-02-10 14:49 | INFO | Timeout limit is increased to 2300
2025-02-10 14:49 | INFO | Query 39 Size of the uncertainty table is = 4561/7770
2025-02-10 14:49 | INFO | Query 39 Size of the filtered table is = 78
2025-02-10 14:49 | INFO | Training Time Active Learning Classifier: 1.14 seconds
2025-02-10 14:49 | INFO | Training Time Active Learning Regressor: 0.65 seconds
2025-02-10 14:49 | INFO | Query 39 Active Learning Runtime on Validation Set: 257952.99000000002
2025-02-10 14:49 | INFO | Query 39 Active Learning Runtime on Test Set: 114716.15999999999
2025-02-10 14:49 | INFO | Query 39 Active Learning Instance Cost: 304379.37
2025-02-10 14:49 | INFO | Timeout limit is increased to 2400
2025-02-10 14:49 | INFO | Query 40 Size of the uncertainty table is = 4471/7770
2025-02-10 14:49 | INFO | Query 40 Size of the filtered table is = 78
2025-02-10 14:49 | INFO | Training Time Active Learning Classifier: 1.16 seconds
2025-02-10 14:49 | INFO | Training Time Active Learning Regressor: 0.66 seconds
2025-02-10 14:49 | INFO | Query 40 Active Learning Runtime on Validation Set: 257947.71000000002
2025-02-10 14:49 | INFO | Query 40 Active Learning Runtime on Test Set: 114745.36
2025-02-10 14:49 | INFO | Query 40 Active Learning Instance Cost: 309829.08
2025-02-10 14:49 | INFO | Query 41 Size of the uncertainty table is = 4387/7770
2025-02-10 14:49 | INFO | Query 41 Size of the filtered table is = 78
2025-02-10 14:49 | INFO | Training Time Active Learning Classifier: 1.17 seconds
2025-02-10 14:49 | INFO | Training Time Active Learning Regressor: 0.66 seconds
2025-02-10 14:50 | INFO | Query 41 Active Learning Runtime on Validation Set: 257945.36000000002
2025-02-10 14:50 | INFO | Query 41 Active Learning Runtime on Test Set: 79462.26999999999
2025-02-10 14:50 | INFO | Query 41 Active Learning Instance Cost: 322633.86
2025-02-10 14:50 | INFO | Query 42 Size of the uncertainty table is = 4303/7770
2025-02-10 14:50 | INFO | Query 42 Size of the filtered table is = 78
2025-02-10 14:50 | INFO | Training Time Active Learning Classifier: 1.18 seconds
2025-02-10 14:50 | INFO | Training Time Active Learning Regressor: 0.67 seconds
2025-02-10 14:50 | INFO | Query 42 Active Learning Runtime on Validation Set: 257948.16
2025-02-10 14:50 | INFO | Query 42 Active Learning Runtime on Test Set: 115436.37
2025-02-10 14:50 | INFO | Query 42 Active Learning Instance Cost: 336030.74
2025-02-10 14:50 | INFO | Timeout limit is increased to 2500
2025-02-10 14:50 | INFO | Query 43 Size of the uncertainty table is = 4221/7770
2025-02-10 14:50 | INFO | Query 43 Size of the filtered table is = 78
2025-02-10 14:50 | INFO | Training Time Active Learning Classifier: 1.2 seconds
2025-02-10 14:50 | INFO | Training Time Active Learning Regressor: 0.67 seconds
2025-02-10 14:50 | INFO | Query 43 Active Learning Runtime on Validation Set: 258029.41
2025-02-10 14:50 | INFO | Query 43 Active Learning Runtime on Test Set: 115439.65999999999
2025-02-10 14:50 | INFO | Query 43 Active Learning Instance Cost: 344671.84
2025-02-10 14:50 | INFO | Timeout limit is increased to 2600
2025-02-10 14:50 | INFO | Query 44 Size of the uncertainty table is = 4138/7770
2025-02-10 14:50 | INFO | Query 44 Size of the filtered table is = 78
2025-02-10 14:50 | INFO | Training Time Active Learning Classifier: 1.21 seconds
2025-02-10 14:50 | INFO | Training Time Active Learning Regressor: 0.68 seconds
2025-02-10 14:50 | INFO | Query 44 Active Learning Runtime on Validation Set: 258029.41
2025-02-10 14:50 | INFO | Query 44 Active Learning Runtime on Test Set: 80321.76
2025-02-10 14:50 | INFO | Query 44 Active Learning Instance Cost: 376757.74
2025-02-10 14:50 | INFO | Timeout limit is increased to 2700
2025-02-10 14:50 | INFO | Query 45 Size of the uncertainty table is = 4054/7770
2025-02-10 14:50 | INFO | Query 45 Size of the filtered table is = 78
2025-02-10 14:50 | INFO | Training Time Active Learning Classifier: 1.22 seconds
2025-02-10 14:50 | INFO | Training Time Active Learning Regressor: 0.73 seconds
2025-02-10 14:50 | INFO | Query 45 Active Learning Runtime on Validation Set: 258029.41
2025-02-10 14:50 | INFO | Query 45 Active Learning Runtime on Test Set: 80321.43
2025-02-10 14:50 | INFO | Query 45 Active Learning Instance Cost: 420340.2
2025-02-10 14:50 | INFO | Timeout limit is increased to 2800
2025-02-10 14:50 | INFO | Query 46 Size of the uncertainty table is = 3973/7770
2025-02-10 14:50 | INFO | Query 46 Size of the filtered table is = 78
2025-02-10 14:50 | INFO | Training Time Active Learning Classifier: 1.23 seconds
2025-02-10 14:50 | INFO | Training Time Active Learning Regressor: 0.69 seconds
2025-02-10 14:51 | INFO | Query 46 Active Learning Runtime on Validation Set: 257947.71000000002
2025-02-10 14:51 | INFO | Query 46 Active Learning Runtime on Test Set: 80321.76
2025-02-10 14:51 | INFO | Query 46 Active Learning Instance Cost: 471086.78
2025-02-10 14:51 | INFO | Query 47 Size of the uncertainty table is = 3875/7770
2025-02-10 14:51 | INFO | Query 47 Size of the filtered table is = 78
2025-02-10 14:51 | INFO | Training Time Active Learning Classifier: 1.26 seconds
2025-02-10 14:51 | INFO | Training Time Active Learning Regressor: 0.71 seconds
2025-02-10 14:51 | INFO | Query 47 Active Learning Runtime on Validation Set: 257948.16
2025-02-10 14:51 | INFO | Query 47 Active Learning Runtime on Test Set: 79527.29999999999
2025-02-10 14:51 | INFO | Query 47 Active Learning Instance Cost: 517936.93
2025-02-10 14:51 | INFO | Timeout limit is increased to 2900
2025-02-10 14:51 | INFO | Query 48 Size of the uncertainty table is = 3787/7770
2025-02-10 14:51 | INFO | Query 48 Size of the filtered table is = 78
2025-02-10 14:51 | INFO | Training Time Active Learning Classifier: 1.26 seconds
2025-02-10 14:51 | INFO | Training Time Active Learning Regressor: 0.72 seconds
2025-02-10 14:51 | INFO | Query 48 Active Learning Runtime on Validation Set: 7846.400000000001
2025-02-10 14:51 | INFO | Query 48 Active Learning Runtime on Test Set: 4572.17
2025-02-10 14:51 | INFO | Query 48 Active Learning Instance Cost: 559840.7
2025-02-10 14:51 | INFO | Query 49 Size of the uncertainty table is = 3682/7770
2025-02-10 14:51 | INFO | Query 49 Size of the filtered table is = 78
2025-02-10 14:51 | INFO | Training Time Active Learning Classifier: 1.28 seconds
2025-02-10 14:51 | INFO | Training Time Active Learning Regressor: 0.73 seconds
2025-02-10 14:51 | INFO | Query 49 Active Learning Runtime on Validation Set: 7823.16
2025-02-10 14:51 | INFO | Query 49 Active Learning Runtime on Test Set: 4646.33
2025-02-10 14:51 | INFO | Query 49 Active Learning Instance Cost: 591403.92
2025-02-10 14:51 | INFO | Query 50 Size of the uncertainty table is = 3594/7770
2025-02-10 14:51 | INFO | Query 50 Size of the filtered table is = 78
2025-02-10 14:51 | INFO | Training Time Active Learning Classifier: 1.3 seconds
2025-02-10 14:51 | INFO | Training Time Active Learning Regressor: 0.73 seconds
2025-02-10 14:52 | INFO | Query 50 Active Learning Runtime on Validation Set: 7823.16
2025-02-10 14:52 | INFO | Query 50 Active Learning Runtime on Test Set: 4593.72
2025-02-10 14:52 | INFO | Query 50 Active Learning Instance Cost: 614633.83
2025-02-10 14:52 | INFO | Timeout limit is increased to 3000
2025-02-10 14:52 | INFO | Query 51 Size of the uncertainty table is = 3502/7770
2025-02-10 14:52 | INFO | Query 51 Size of the filtered table is = 78
2025-02-10 14:52 | INFO | Training Time Active Learning Classifier: 1.31 seconds
2025-02-10 14:52 | INFO | Training Time Active Learning Regressor: 0.74 seconds
2025-02-10 14:52 | INFO | Query 51 Active Learning Runtime on Validation Set: 7801.74
2025-02-10 14:52 | INFO | Query 51 Active Learning Runtime on Test Set: 4590.97
2025-02-10 14:52 | INFO | Query 51 Active Learning Instance Cost: 657532.68
2025-02-10 14:52 | INFO | Query 52 Size of the uncertainty table is = 3406/7770
2025-02-10 14:52 | INFO | Query 52 Size of the filtered table is = 78
2025-02-10 14:52 | INFO | Training Time Active Learning Classifier: 1.33 seconds
2025-02-10 14:52 | INFO | Training Time Active Learning Regressor: 0.75 seconds
2025-02-10 14:52 | INFO | Query 52 Active Learning Runtime on Validation Set: 7823.18
2025-02-10 14:52 | INFO | Query 52 Active Learning Runtime on Test Set: 4504.45
2025-02-10 14:52 | INFO | Query 52 Active Learning Instance Cost: 691758.91
2025-02-10 14:52 | INFO | Timeout limit is increased to 3100
2025-02-10 14:52 | INFO | Query 53 Size of the uncertainty table is = 3310/7770
2025-02-10 14:52 | INFO | Query 53 Size of the filtered table is = 78
2025-02-10 14:52 | INFO | Training Time Active Learning Classifier: 1.34 seconds
2025-02-10 14:52 | INFO | Training Time Active Learning Regressor: 0.75 seconds
2025-02-10 14:52 | INFO | Query 53 Active Learning Runtime on Validation Set: 7823.16
2025-02-10 14:52 | INFO | Query 53 Active Learning Runtime on Test Set: 4504.45
2025-02-10 14:52 | INFO | Query 53 Active Learning Instance Cost: 715616.48
2025-02-10 14:52 | INFO | Query 54 Size of the uncertainty table is = 3224/7770
2025-02-10 14:52 | INFO | Query 54 Size of the filtered table is = 78
2025-02-10 14:52 | INFO | Training Time Active Learning Classifier: 1.36 seconds
2025-02-10 14:52 | INFO | Training Time Active Learning Regressor: 0.77 seconds
2025-02-10 14:52 | INFO | Query 54 Active Learning Runtime on Validation Set: 7823.16
2025-02-10 14:52 | INFO | Query 54 Active Learning Runtime on Test Set: 4504.45
2025-02-10 14:52 | INFO | Query 54 Active Learning Instance Cost: 741162.68
2025-02-10 14:52 | INFO | Timeout limit is increased to 3200
2025-02-10 14:52 | INFO | Query 55 Size of the uncertainty table is = 3142/7770
2025-02-10 14:52 | INFO | Query 55 Size of the filtered table is = 78
2025-02-10 14:52 | INFO | Training Time Active Learning Classifier: 1.43 seconds
2025-02-10 14:52 | INFO | Training Time Active Learning Regressor: 0.76 seconds
2025-02-10 14:53 | INFO | Query 55 Active Learning Runtime on Validation Set: 7820.820000000001
2025-02-10 14:53 | INFO | Query 55 Active Learning Runtime on Test Set: 4504.4400000000005
2025-02-10 14:53 | INFO | Query 55 Active Learning Instance Cost: 806678.67
2025-02-10 14:53 | INFO | Query 56 Size of the uncertainty table is = 3056/7770
2025-02-10 14:53 | INFO | Query 56 Size of the filtered table is = 78
2025-02-10 14:53 | INFO | Training Time Active Learning Classifier: 1.39 seconds
2025-02-10 14:53 | INFO | Training Time Active Learning Regressor: 0.77 seconds
2025-02-10 14:53 | INFO | Query 56 Active Learning Runtime on Validation Set: 7820.820000000001
2025-02-10 14:53 | INFO | Query 56 Active Learning Runtime on Test Set: 4504.45
2025-02-10 14:53 | INFO | Query 56 Active Learning Instance Cost: 860625.64
2025-02-10 14:53 | INFO | Timeout limit is increased to 3300
2025-02-10 14:53 | INFO | Query 57 Size of the uncertainty table is = 2971/7770
2025-02-10 14:53 | INFO | Query 57 Size of the filtered table is = 78
2025-02-10 14:53 | INFO | Training Time Active Learning Classifier: 1.39 seconds
2025-02-10 14:53 | INFO | Training Time Active Learning Regressor: 0.77 seconds
2025-02-10 14:53 | INFO | Query 57 Active Learning Runtime on Validation Set: 7823.16
2025-02-10 14:53 | INFO | Query 57 Active Learning Runtime on Test Set: 4486.92
2025-02-10 14:53 | INFO | Query 57 Active Learning Instance Cost: 910749.87
2025-02-10 14:53 | INFO | Timeout limit is increased to 3400
2025-02-10 14:53 | INFO | Query 58 Size of the uncertainty table is = 2881/7770
2025-02-10 14:53 | INFO | Query 58 Size of the filtered table is = 78
2025-02-10 14:53 | INFO | Training Time Active Learning Classifier: 1.4 seconds
2025-02-10 14:53 | INFO | Training Time Active Learning Regressor: 0.84 seconds
2025-02-10 14:53 | INFO | Query 58 Active Learning Runtime on Validation Set: 7820.84
2025-02-10 14:53 | INFO | Query 58 Active Learning Runtime on Test Set: 4486.93
2025-02-10 14:53 | INFO | Query 58 Active Learning Instance Cost: 960489.64
2025-02-10 14:53 | INFO | Query 59 Size of the uncertainty table is = 2798/7770
2025-02-10 14:53 | INFO | Query 59 Size of the filtered table is = 78
2025-02-10 14:53 | INFO | Training Time Active Learning Classifier: 1.42 seconds
2025-02-10 14:53 | INFO | Training Time Active Learning Regressor: 0.78 seconds
2025-02-10 14:53 | INFO | Query 59 Active Learning Runtime on Validation Set: 7820.820000000001
2025-02-10 14:53 | INFO | Query 59 Active Learning Runtime on Test Set: 4486.93
2025-02-10 14:53 | INFO | Query 59 Active Learning Instance Cost: 1040148.37
2025-02-10 14:53 | INFO | Query 60 Size of the uncertainty table is = 2708/7770
2025-02-10 14:53 | INFO | Query 60 Size of the filtered table is = 78
2025-02-10 14:54 | INFO | Training Time Active Learning Classifier: 1.43 seconds
2025-02-10 14:54 | INFO | Training Time Active Learning Regressor: 0.79 seconds
2025-02-10 14:54 | INFO | Query 60 Active Learning Runtime on Validation Set: 7820.820000000001
2025-02-10 14:54 | INFO | Query 60 Active Learning Runtime on Test Set: 4486.93
2025-02-10 14:54 | INFO | Query 60 Active Learning Instance Cost: 1099832.45
2025-02-10 14:54 | INFO | Timeout limit is increased to 3500
2025-02-10 14:54 | INFO | Query 61 Size of the uncertainty table is = 2623/7770
2025-02-10 14:54 | INFO | Query 61 Size of the filtered table is = 78
2025-02-10 14:54 | INFO | Training Time Active Learning Classifier: 1.44 seconds
2025-02-10 14:54 | INFO | Training Time Active Learning Regressor: 0.8 seconds
2025-02-10 14:54 | INFO | Query 61 Active Learning Runtime on Validation Set: 7921.62
2025-02-10 14:54 | INFO | Query 61 Active Learning Runtime on Test Set: 4486.84
2025-02-10 14:54 | INFO | Query 61 Active Learning Instance Cost: 1199566.62
2025-02-10 14:54 | INFO | Timeout limit is increased to 3600
2025-02-10 14:54 | INFO | Query 62 Size of the uncertainty table is = 2544/7770
2025-02-10 14:54 | INFO | Query 62 Size of the filtered table is = 78
2025-02-10 14:54 | INFO | Training Time Active Learning Classifier: 1.44 seconds
2025-02-10 14:54 | INFO | Training Time Active Learning Regressor: 0.79 seconds
2025-02-10 14:54 | INFO | Query 62 Active Learning Runtime on Validation Set: 7921.62
2025-02-10 14:54 | INFO | Query 62 Active Learning Runtime on Test Set: 4489.64
2025-02-10 14:54 | INFO | Query 62 Active Learning Instance Cost: 1303968.96
2025-02-10 14:54 | INFO | Timeout limit is increased to 3600
2025-02-10 14:54 | INFO | Query 63 Size of the uncertainty table is = 2149/7770
2025-02-10 14:54 | INFO | Query 63 Size of the filtered table is = 78
2025-02-10 14:54 | INFO | Training Time Active Learning Classifier: 1.46 seconds
2025-02-10 14:54 | INFO | Training Time Active Learning Regressor: 0.79 seconds
2025-02-10 14:54 | INFO | Query 63 Active Learning Runtime on Validation Set: 7921.62
2025-02-10 14:54 | INFO | Query 63 Active Learning Runtime on Test Set: 4483.6
2025-02-10 14:54 | INFO | Query 63 Active Learning Instance Cost: 1394865.83
2025-02-10 14:54 | INFO | Timeout limit is increased to 3600
2025-02-10 14:54 | INFO | Query 64 Size of the uncertainty table is = 2037/7770
2025-02-10 14:54 | INFO | Query 64 Size of the filtered table is = 78
2025-02-10 14:54 | INFO | Training Time Active Learning Classifier: 1.46 seconds
2025-02-10 14:54 | INFO | Training Time Active Learning Regressor: 0.8 seconds
2025-02-10 14:55 | INFO | Query 64 Active Learning Runtime on Validation Set: 7921.62
2025-02-10 14:55 | INFO | Query 64 Active Learning Runtime on Test Set: 4483.64
2025-02-10 14:55 | INFO | Query 64 Active Learning Instance Cost: 1470465.83
2025-02-10 14:55 | INFO | Timeout limit is increased to 3600
2025-02-10 14:55 | INFO | Query 65 Size of the uncertainty table is = 1946/7770
2025-02-10 14:55 | INFO | Query 65 Size of the filtered table is = 78
2025-02-10 14:55 | INFO | Training Time Active Learning Classifier: 1.48 seconds
2025-02-10 14:55 | INFO | Training Time Active Learning Regressor: 0.8 seconds
2025-02-10 14:55 | INFO | Query 65 Active Learning Runtime on Validation Set: 7820.84
2025-02-10 14:55 | INFO | Query 65 Active Learning Runtime on Test Set: 4486.93
2025-02-10 14:55 | INFO | Query 65 Active Learning Instance Cost: 1560603.86
2025-02-10 14:55 | INFO | Query 66 Size of the uncertainty table is = 1840/7770
2025-02-10 14:55 | INFO | Query 66 Size of the filtered table is = 78
2025-02-10 14:55 | INFO | Training Time Active Learning Classifier: 1.48 seconds
2025-02-10 14:55 | INFO | Training Time Active Learning Regressor: 0.8 seconds
2025-02-10 14:55 | INFO | Query 66 Active Learning Runtime on Validation Set: 7820.84
2025-02-10 14:55 | INFO | Query 66 Active Learning Runtime on Test Set: 4486.93
2025-02-10 14:55 | INFO | Query 66 Active Learning Instance Cost: 1650603.86
2025-02-10 14:55 | INFO | Timeout limit is increased to 3600
2025-02-10 14:55 | INFO | Query 67 Size of the uncertainty table is = 1733/7770
2025-02-10 14:55 | INFO | Query 67 Size of the filtered table is = 78
2025-02-10 14:55 | INFO | Training Time Active Learning Classifier: 1.5 seconds
2025-02-10 14:55 | INFO | Training Time Active Learning Regressor: 0.81 seconds
2025-02-10 14:55 | INFO | Query 67 Active Learning Runtime on Validation Set: 7820.84
2025-02-10 14:55 | INFO | Query 67 Active Learning Runtime on Test Set: 4483.63
2025-02-10 14:55 | INFO | Query 67 Active Learning Instance Cost: 1744203.86
2025-02-10 14:55 | INFO | Timeout limit is increased to 3600
2025-02-10 14:55 | INFO | Query 68 Size of the uncertainty table is = 1615/7770
2025-02-10 14:55 | INFO | Query 68 Size of the filtered table is = 78
2025-02-10 14:55 | INFO | Training Time Active Learning Classifier: 1.5 seconds
2025-02-10 14:55 | INFO | Training Time Active Learning Regressor: 0.8 seconds
2025-02-10 14:55 | INFO | Query 68 Active Learning Runtime on Validation Set: 7820.84
2025-02-10 14:55 | INFO | Query 68 Active Learning Runtime on Test Set: 4483.63
2025-02-10 14:55 | INFO | Query 68 Active Learning Instance Cost: 1864300.1
2025-02-10 14:55 | INFO | Timeout limit is increased to 3600
2025-02-10 14:55 | INFO | Query 69 Size of the uncertainty table is = 1475/7770
2025-02-10 14:55 | INFO | Query 69 Size of the filtered table is = 78
2025-02-10 14:55 | INFO | Training Time Active Learning Classifier: 1.51 seconds
2025-02-10 14:55 | INFO | Training Time Active Learning Regressor: 0.81 seconds
2025-02-10 14:56 | INFO | Query 69 Active Learning Runtime on Validation Set: 7820.84
2025-02-10 14:56 | INFO | Query 69 Active Learning Runtime on Test Set: 4483.64
2025-02-10 14:56 | INFO | Query 69 Active Learning Instance Cost: 1990300.1
2025-02-10 14:56 | INFO | Timeout limit is increased to 3600
2025-02-10 14:56 | INFO | Query 70 Size of the uncertainty table is = 1326/7770
2025-02-10 14:56 | INFO | Query 70 Size of the filtered table is = 78
2025-02-10 14:56 | INFO | Training Time Active Learning Classifier: 1.52 seconds
2025-02-10 14:56 | INFO | Training Time Active Learning Regressor: 0.81 seconds
2025-02-10 14:56 | INFO | Query 70 Active Learning Runtime on Validation Set: 7820.84
2025-02-10 14:56 | INFO | Query 70 Active Learning Runtime on Test Set: 4486.93
2025-02-10 14:56 | INFO | Query 70 Active Learning Instance Cost: 2081304.08
2025-02-10 14:56 | INFO | Timeout limit is increased to 3600
2025-02-10 14:56 | INFO | Query 71 Size of the uncertainty table is = 1204/7770
2025-02-10 14:56 | INFO | Query 71 Size of the filtered table is = 78
2025-02-10 14:56 | INFO | Training Time Active Learning Classifier: 1.53 seconds
2025-02-10 14:56 | INFO | Training Time Active Learning Regressor: 0.81 seconds
2025-02-10 14:56 | INFO | Query 71 Active Learning Runtime on Validation Set: 7820.84
2025-02-10 14:56 | INFO | Query 71 Active Learning Runtime on Test Set: 4486.93
2025-02-10 14:56 | INFO | Query 71 Active Learning Instance Cost: 2160504.08
2025-02-10 14:56 | INFO | Timeout limit is increased to 3600
2025-02-10 14:56 | INFO | Query 72 Size of the uncertainty table is = 1103/7770
2025-02-10 14:56 | INFO | Query 72 Size of the filtered table is = 78
2025-02-10 14:56 | INFO | Training Time Active Learning Classifier: 1.53 seconds
2025-02-10 14:56 | INFO | Training Time Active Learning Regressor: 0.81 seconds
2025-02-10 14:56 | INFO | Query 72 Active Learning Runtime on Validation Set: 7820.84
2025-02-10 14:56 | INFO | Query 72 Active Learning Runtime on Test Set: 4486.93
2025-02-10 14:56 | INFO | Query 72 Active Learning Instance Cost: 2261304.08
2025-02-10 14:56 | INFO | Timeout limit is increased to 3600
2025-02-10 14:56 | INFO | Query 73 Size of the uncertainty table is = 973/7770
2025-02-10 14:56 | INFO | Query 73 Size of the filtered table is = 78
2025-02-10 14:56 | INFO | Training Time Active Learning Classifier: 1.54 seconds
2025-02-10 14:56 | INFO | Training Time Active Learning Regressor: 0.81 seconds
2025-02-10 14:56 | INFO | Query 73 Active Learning Runtime on Validation Set: 7820.84
2025-02-10 14:56 | INFO | Query 73 Active Learning Runtime on Test Set: 4486.93
2025-02-10 14:56 | INFO | Query 73 Active Learning Instance Cost: 2376504.08
2025-02-10 14:56 | INFO | Timeout limit is increased to 3600
2025-02-10 14:56 | INFO | Query 74 Size of the uncertainty table is = 829/7770
2025-02-10 14:56 | INFO | Query 74 Size of the filtered table is = 78
2025-02-10 14:56 | INFO | Training Time Active Learning Classifier: 1.55 seconds
2025-02-10 14:56 | INFO | Training Time Active Learning Regressor: 0.82 seconds
2025-02-10 14:57 | INFO | Query 74 Active Learning Runtime on Validation Set: 7820.84
2025-02-10 14:57 | INFO | Query 74 Active Learning Runtime on Test Set: 4483.64
2025-02-10 14:57 | INFO | Query 74 Active Learning Instance Cost: 2477304.08
2025-02-10 14:57 | INFO | Timeout limit is increased to 3600
2025-02-10 14:57 | INFO | Query 75 Size of the uncertainty table is = 690/7770
2025-02-10 14:57 | INFO | Query 75 Size of the filtered table is = 78
2025-02-10 14:57 | INFO | Training Time Active Learning Classifier: 1.57 seconds
2025-02-10 14:57 | INFO | Training Time Active Learning Regressor: 0.81 seconds
2025-02-10 14:57 | INFO | Query 75 Active Learning Runtime on Validation Set: 7820.84
2025-02-10 14:57 | INFO | Query 75 Active Learning Runtime on Test Set: 4485.37
2025-02-10 14:57 | INFO | Query 75 Active Learning Instance Cost: 2617704.08
2025-02-10 14:57 | INFO | Timeout limit is increased to 3600
2025-02-10 14:57 | INFO | Query 76 Size of the uncertainty table is = 501/7770
2025-02-10 14:57 | INFO | Query 76 Size of the filtered table is = 78
2025-02-10 14:57 | INFO | Training Time Active Learning Classifier: 1.58 seconds
2025-02-10 14:57 | INFO | Training Time Active Learning Regressor: 0.82 seconds
2025-02-10 14:57 | INFO | Query 76 Active Learning Runtime on Validation Set: 7820.84
2025-02-10 14:57 | INFO | Query 76 Active Learning Runtime on Test Set: 4488.66
2025-02-10 14:57 | INFO | Query 76 Active Learning Instance Cost: 2752229.21
2025-02-10 14:57 | INFO | Timeout limit is increased to 3600
2025-02-10 14:57 | INFO | Query 77 Size of the uncertainty table is = 318/7770
2025-02-10 14:57 | INFO | Query 77 Size of the filtered table is = 78
2025-02-10 14:57 | INFO | Training Time Active Learning Classifier: 1.58 seconds
2025-02-10 14:57 | INFO | Training Time Active Learning Regressor: 0.82 seconds
2025-02-10 14:57 | INFO | Query 77 Active Learning Runtime on Validation Set: 7820.84
2025-02-10 14:57 | INFO | Query 77 Active Learning Runtime on Test Set: 4488.66
2025-02-10 14:57 | INFO | Query 77 Active Learning Instance Cost: 2849429.21
2025-02-10 14:57 | INFO | Timeout limit is increased to 3600
2025-02-10 14:57 | INFO | Query 78 Size of the uncertainty table is = 192/7770
2025-02-10 14:57 | INFO | Query 78 Size of the filtered table is = 78
2025-02-10 14:57 | INFO | Training Time Active Learning Classifier: 1.69 seconds
2025-02-10 14:57 | INFO | Training Time Active Learning Regressor: 0.82 seconds
2025-02-10 14:57 | INFO | Query 78 Active Learning Runtime on Validation Set: 7820.84
2025-02-10 14:57 | INFO | Query 78 Active Learning Runtime on Test Set: 4485.37
2025-02-10 14:57 | INFO | Query 78 Active Learning Instance Cost: 2993429.21
2025-02-10 14:57 | INFO | Timeout limit is increased to 3600
2025-02-10 14:57 | INFO | Active Learning Emissions: 0.011687771472224483
2025-02-10 14:57 | INFO | Active Learning Energy Consumption: 0.012716593816521507 kWh
2025-02-10 14:57 | INFO | runtime_test_score is written as json file
2025-02-10 14:57 | INFO | runtime_validation_score is written as json file
2025-02-10 14:57 | INFO | instance_cost is written as json file
2025-02-10 14:57 | INFO | Experiment is finished
