2025-02-10 14:58 | INFO | Paramaters are: {'dataset': 'MAXSAT15-PMS-INDU', 'penalty': 10, 'weight': 'No_Weight', 'voting': 'Hard', 'pre_selection_size': 64, 'pre_selection_technique': 'No_pre_selection', 'feature_elimination_threshold': 20, 'imputer_strategy': 'median', 'feature_selection_technique': 'No_feature_selection', 'feature_scaling_technique': 'StandardScaler', 'priority': {'PredDiff': 'max', 'Uncertainty': 'max', 'PredCost': 'min'}, 'initial_train_size': 20, 'query_size': 1, 'timeout_predictor_usage': 'No', 'timeout_limit': 100, 'timeout_increase_rate': 100, 'penalty_type': 'Only-timeout-penalty', 'RANDOM_STATE_SEED': 12345, 'n_splits': 10, 'split_number': 2, 'max_timeout': 3600, 'param_grid': {'n_estimators': 100, 'max_features': 'sqrt', 'max_depth': 2147483648, 'min_samples_split': 2, 'bootstrap': True}}
2025-02-10 14:58 | INFO | MAXSAT15-PMS-INDU is current dataset
2025-02-10 14:58 | INFO | DATASETS/MAXSAT15-PMS-INDU/algorithm_runs.arff is found
2025-02-10 14:58 | INFO | DATASETS/MAXSAT15-PMS-INDU/algorithm_runs.arff is finished
2025-02-10 14:58 | INFO | DATASETS/MAXSAT15-PMS-INDU/feature_values.arff is found
2025-02-10 14:58 | INFO | DATASETS/MAXSAT15-PMS-INDU/feature_values.arff is finished
2025-02-10 14:58 | INFO | Virtual best solver time in train = 15753.3
2025-02-10 14:58 | INFO | Single best solver list train = {'CCEHC2akms': 13542419.1, 'CCLS2akms': 13650093.14, 'ILP-2015': 6595518.9, 'LMHS-C': 3613108.35, 'LMHS-I': 3177819.9, 'MaxHS': 1876670.64, 'Open-WBO': 1396642.83, 'Open-WBO-L': 2233427.96, 'Open-WBO-R': 861689.43, 'QMSAT14': 2484162.1, 'QMSAT15UC': 2518179.11, 'WMaxSatz+': 12305003.69, 'WMaxSatz09': 12304880.09, 'WPM3-2015-co': 827882.53, 'ahms-1.55': 13396205.45, 'ahms-1.68': 13324581.04, 'ahms-ls-1.55': 13431387.78, 'ahms-ls-1.68': 13324141.84, 'maxino-k16': 999799.09, 'maxino-kdyn': 1035460.47, 'msUZK-nopp': 7472235.76, 'msUZK-pp': 7466226.34, 'mscg2015a': 1283415.12, 'mscg2015b': 1178832.98, 'optiriss-def': 1720587.81, 'optiriss-sel': 4380081.84, 'ratselfax-cnf': 11499192.42, 'toysat': 9592773.52, 'toysat_ls': 11069826.93}
2025-02-10 14:58 | INFO | Single best solver time train = WPM3-2015-co (827882.53)
2025-02-10 14:58 | INFO | Virtual best solver time in validation = 4850.95
2025-02-10 14:58 | INFO | Single best solver list validation = {'CCEHC2akms': 3384601.84, 'CCLS2akms': 3564406.52, 'ILP-2015': 2199126.72, 'LMHS-C': 555040.21, 'LMHS-I': 376457.82, 'MaxHS': 332780.92, 'Open-WBO': 121918.97, 'Open-WBO-L': 81812.77, 'Open-WBO-R': 81043.06, 'QMSAT14': 47250.69, 'QMSAT15UC': 123126.94, 'WMaxSatz+': 3420472.78, 'WMaxSatz09': 3420496.62, 'WPM3-2015-co': 76617.03, 'ahms-1.55': 3492006.89, 'ahms-1.68': 3456006.42, 'ahms-ls-1.55': 3492008.55, 'ahms-ls-1.68': 3456008.95, 'maxino-k16': 43188.76, 'maxino-kdyn': 43423.51, 'msUZK-nopp': 1597275.31, 'msUZK-pp': 1841389.49, 'mscg2015a': 79676.72, 'mscg2015b': 78547.74, 'optiriss-def': 192350.67, 'optiriss-sel': 2234567.04, 'ratselfax-cnf': 2563982.51, 'toysat': 2524379.91, 'toysat_ls': 2886605.43}
2025-02-10 14:58 | INFO | Single best solver time validation = maxino-k16 (43188.76)
2025-02-10 14:58 | INFO | Virtual best solver time in test = 3521.5
2025-02-10 14:58 | INFO | Single best solver list test = {'CCEHC2akms': 1944232.78, 'CCLS2akms': 1944069.18, 'ILP-2015': 1118506.2, 'LMHS-C': 476067.66, 'LMHS-I': 439553.48, 'MaxHS': 295067.89, 'Open-WBO': 184870.17, 'Open-WBO-L': 257730.83, 'Open-WBO-R': 221274.13, 'QMSAT14': 258577.71, 'QMSAT15UC': 365184.69, 'WMaxSatz+': 1729736.74, 'WMaxSatz09': 1729739.3, 'WPM3-2015-co': 148359.64, 'ahms-1.55': 1980006.61, 'ahms-1.68': 1980005.81, 'ahms-ls-1.55': 1980006.96, 'ahms-ls-1.68': 1980005.41, 'maxino-k16': 221234.24, 'maxino-kdyn': 219703.43, 'msUZK-nopp': 1120839.89, 'msUZK-pp': 1194811.77, 'mscg2015a': 182330.53, 'mscg2015b': 219032.34, 'optiriss-def': 255284.24, 'optiriss-sel': 833086.47, 'ratselfax-cnf': 1518049.74, 'toysat': 1480056.18, 'toysat_ls': 1588951.82}
2025-02-10 14:58 | INFO | Single best solver time test = WPM3-2015-co (148359.64)
2025-02-10 14:58 | INFO | Training Time Passive Learning Classifier: 31.49 seconds
2025-02-10 14:58 | INFO | Training Time Passive Learning Regressor: 3.05 seconds
2025-02-10 15:01 | INFO | Passive Learning Classifier Runtime on Validation Set: 85277.51
2025-02-10 15:01 | INFO | Passive Learning Classifier Runtime on Test Set: 111214.07
2025-02-10 15:01 | INFO | Passive Learning Instance Cost: 19661046.16
2025-02-10 15:01 | INFO | Passive Learning Emissions: 0.0023629092716421153
2025-02-10 15:01 | INFO | Passive Learning Energy Consumption: 0.0025709056259504807 kWh
2025-02-10 15:01 | INFO | Training Time Active Learning Classifier: 22.26 seconds
2025-02-10 15:01 | INFO | Training Time Active Learning Regressor: 1.34 seconds
2025-02-10 15:04 | INFO | Initial Active Learning Runtime on Validation Set: 41525.68
2025-02-10 15:04 | INFO | Initial Active Learning Runtime on Test Set: 183911.8
2025-02-10 15:04 | INFO | Initial Active Learning Instance Cost: 37901.94
2025-02-10 15:04 | INFO | Bin size = 1543
2025-02-10 15:05 | INFO | Query 1 Size of the uncertainty table is = 157305/154280
2025-02-10 15:05 | INFO | Query 1 Size of the filtered table is = 1543
2025-02-10 15:06 | INFO | Training Time Active Learning Classifier: 21.12 seconds
2025-02-10 15:06 | INFO | Training Time Active Learning Regressor: 1.38 seconds
2025-02-10 15:08 | INFO | Query 1 Active Learning Runtime on Validation Set: 41539.65
2025-02-10 15:08 | INFO | Query 1 Active Learning Runtime on Test Set: 183904.71
2025-02-10 15:08 | INFO | Query 1 Active Learning Instance Cost: 89764.36
2025-02-10 15:08 | INFO | Timeout limit is increased to 200
2025-02-10 15:10 | INFO | Query 2 Size of the uncertainty table is = 154881/154280
2025-02-10 15:10 | INFO | Query 2 Size of the filtered table is = 1543
2025-02-10 15:10 | INFO | Training Time Active Learning Classifier: 21.28 seconds
2025-02-10 15:10 | INFO | Training Time Active Learning Regressor: 1.42 seconds
2025-02-10 15:13 | INFO | Query 2 Active Learning Runtime on Validation Set: 41352.08
2025-02-10 15:13 | INFO | Query 2 Active Learning Runtime on Test Set: 185304.74
2025-02-10 15:13 | INFO | Query 2 Active Learning Instance Cost: 153118.57
2025-02-10 15:14 | INFO | Query 3 Size of the uncertainty table is = 152302/154280
2025-02-10 15:14 | INFO | Query 3 Size of the filtered table is = 1543
2025-02-10 15:15 | INFO | Training Time Active Learning Classifier: 21.37 seconds
2025-02-10 15:15 | INFO | Training Time Active Learning Regressor: 1.47 seconds
2025-02-10 15:17 | INFO | Query 3 Active Learning Runtime on Validation Set: 153209.14
2025-02-10 15:17 | INFO | Query 3 Active Learning Runtime on Test Set: 185552.06
2025-02-10 15:17 | INFO | Query 3 Active Learning Instance Cost: 210590.92
2025-02-10 15:17 | INFO | Timeout limit is increased to 300
2025-02-10 15:19 | INFO | Query 4 Size of the uncertainty table is = 149791/154280
2025-02-10 15:19 | INFO | Query 4 Size of the filtered table is = 1543
2025-02-10 15:19 | INFO | Training Time Active Learning Classifier: 21.51 seconds
2025-02-10 15:19 | INFO | Training Time Active Learning Regressor: 1.5 seconds
2025-02-10 15:22 | INFO | Query 4 Active Learning Runtime on Validation Set: 44055.25
2025-02-10 15:22 | INFO | Query 4 Active Learning Runtime on Test Set: 183675.55
2025-02-10 15:22 | INFO | Query 4 Active Learning Instance Cost: 316679.15
2025-02-10 15:24 | INFO | Query 5 Size of the uncertainty table is = 147014/154280
2025-02-10 15:24 | INFO | Query 5 Size of the filtered table is = 1543
2025-02-10 15:24 | INFO | Training Time Active Learning Classifier: 21.91 seconds
2025-02-10 15:24 | INFO | Training Time Active Learning Regressor: 1.57 seconds
2025-02-10 15:27 | INFO | Query 5 Active Learning Runtime on Validation Set: 42243.69
2025-02-10 15:27 | INFO | Query 5 Active Learning Runtime on Test Set: 184088.95
2025-02-10 15:27 | INFO | Query 5 Active Learning Instance Cost: 403007.33
2025-02-10 15:29 | INFO | Query 6 Size of the uncertainty table is = 144089/154280
2025-02-10 15:29 | INFO | Query 6 Size of the filtered table is = 1543
2025-02-10 15:29 | INFO | Training Time Active Learning Classifier: 22.08 seconds
2025-02-10 15:29 | INFO | Training Time Active Learning Regressor: 1.63 seconds
2025-02-10 15:32 | INFO | Query 6 Active Learning Runtime on Validation Set: 152533.44
2025-02-10 15:32 | INFO | Query 6 Active Learning Runtime on Test Set: 183333.39
2025-02-10 15:32 | INFO | Query 6 Active Learning Instance Cost: 465261.21
2025-02-10 15:32 | INFO | Timeout limit is increased to 400
2025-02-10 15:34 | INFO | Query 7 Size of the uncertainty table is = 141223/154280
2025-02-10 15:34 | INFO | Query 7 Size of the filtered table is = 1543
2025-02-10 15:34 | INFO | Training Time Active Learning Classifier: 22.25 seconds
2025-02-10 15:34 | INFO | Training Time Active Learning Regressor: 1.68 seconds
2025-02-10 15:37 | INFO | Query 7 Active Learning Runtime on Validation Set: 152620.41
2025-02-10 15:37 | INFO | Query 7 Active Learning Runtime on Test Set: 183835.18
2025-02-10 15:37 | INFO | Query 7 Active Learning Instance Cost: 618690.16
2025-02-10 15:37 | INFO | Timeout limit is increased to 500
2025-02-10 15:39 | INFO | Query 8 Size of the uncertainty table is = 138769/154280
2025-02-10 15:39 | INFO | Query 8 Size of the filtered table is = 1543
2025-02-10 15:39 | INFO | Training Time Active Learning Classifier: 22.13 seconds
2025-02-10 15:39 | INFO | Training Time Active Learning Regressor: 1.98 seconds
2025-02-10 15:42 | INFO | Query 8 Active Learning Runtime on Validation Set: 153085.88
2025-02-10 15:42 | INFO | Query 8 Active Learning Runtime on Test Set: 183906.84
2025-02-10 15:42 | INFO | Query 8 Active Learning Instance Cost: 882983.13
2025-02-10 15:42 | INFO | Timeout limit is increased to 600
2025-02-10 15:44 | INFO | Query 9 Size of the uncertainty table is = 136258/154280
2025-02-10 15:44 | INFO | Query 9 Size of the filtered table is = 1543
2025-02-10 15:45 | INFO | Training Time Active Learning Classifier: 22.53 seconds
2025-02-10 15:45 | INFO | Training Time Active Learning Regressor: 1.79 seconds
2025-02-10 15:47 | INFO | Query 9 Active Learning Runtime on Validation Set: 152901.5
2025-02-10 15:47 | INFO | Query 9 Active Learning Runtime on Test Set: 183156.85
2025-02-10 15:47 | INFO | Query 9 Active Learning Instance Cost: 1091420.52
2025-02-10 15:49 | INFO | Query 10 Size of the uncertainty table is = 133524/154280
2025-02-10 15:49 | INFO | Query 10 Size of the filtered table is = 1543
2025-02-10 15:50 | INFO | Training Time Active Learning Classifier: 22.69 seconds
2025-02-10 15:50 | INFO | Training Time Active Learning Regressor: 1.83 seconds
2025-02-10 15:53 | INFO | Query 10 Active Learning Runtime on Validation Set: 42080.15
2025-02-10 15:53 | INFO | Query 10 Active Learning Runtime on Test Set: 183193.48
2025-02-10 15:53 | INFO | Query 10 Active Learning Instance Cost: 1211749.38
2025-02-10 15:55 | INFO | Query 11 Size of the uncertainty table is = 130616/154280
2025-02-10 15:55 | INFO | Query 11 Size of the filtered table is = 1543
2025-02-10 15:55 | INFO | Training Time Active Learning Classifier: 22.6 seconds
2025-02-10 15:55 | INFO | Training Time Active Learning Regressor: 1.88 seconds
2025-02-10 15:58 | INFO | Query 11 Active Learning Runtime on Validation Set: 155501.43
2025-02-10 15:58 | INFO | Query 11 Active Learning Runtime on Test Set: 183388.93
2025-02-10 15:58 | INFO | Query 11 Active Learning Instance Cost: 1323134.47
2025-02-10 15:58 | INFO | Timeout limit is increased to 700
2025-02-10 16:00 | INFO | Query 12 Size of the uncertainty table is = 127563/154280
2025-02-10 16:00 | INFO | Query 12 Size of the filtered table is = 1543
2025-02-10 16:01 | INFO | Training Time Active Learning Classifier: 23.02 seconds
2025-02-10 16:01 | INFO | Training Time Active Learning Regressor: 1.94 seconds
2025-02-10 16:04 | INFO | Query 12 Active Learning Runtime on Validation Set: 155107.73
2025-02-10 16:04 | INFO | Query 12 Active Learning Runtime on Test Set: 183448.0
2025-02-10 16:04 | INFO | Query 12 Active Learning Instance Cost: 1528892.72
2025-02-10 16:06 | INFO | Query 13 Size of the uncertainty table is = 124779/154280
2025-02-10 16:06 | INFO | Query 13 Size of the filtered table is = 1543
2025-02-10 16:07 | INFO | Training Time Active Learning Classifier: 22.96 seconds
2025-02-10 16:07 | INFO | Training Time Active Learning Regressor: 1.97 seconds
2025-02-10 16:09 | INFO | Query 13 Active Learning Runtime on Validation Set: 152250.22
2025-02-10 16:09 | INFO | Query 13 Active Learning Runtime on Test Set: 183089.24
2025-02-10 16:09 | INFO | Query 13 Active Learning Instance Cost: 1736326.52
2025-02-10 16:12 | INFO | Query 14 Size of the uncertainty table is = 122093/154280
2025-02-10 16:12 | INFO | Query 14 Size of the filtered table is = 1543
2025-02-10 16:12 | INFO | Training Time Active Learning Classifier: 23.32 seconds
2025-02-10 16:12 | INFO | Training Time Active Learning Regressor: 2.04 seconds
2025-02-10 16:15 | INFO | Query 14 Active Learning Runtime on Validation Set: 153348.63
2025-02-10 16:15 | INFO | Query 14 Active Learning Runtime on Test Set: 182979.89
2025-02-10 16:15 | INFO | Query 14 Active Learning Instance Cost: 1874728.88
2025-02-10 16:15 | INFO | Timeout limit is increased to 800
2025-02-10 16:17 | INFO | Query 15 Size of the uncertainty table is = 119726/154280
2025-02-10 16:17 | INFO | Query 15 Size of the filtered table is = 1543
2025-02-10 16:18 | INFO | Training Time Active Learning Classifier: 23.26 seconds
2025-02-10 16:18 | INFO | Training Time Active Learning Regressor: 2.06 seconds
2025-02-10 16:21 | INFO | Query 15 Active Learning Runtime on Validation Set: 82976.77
2025-02-10 16:21 | INFO | Query 15 Active Learning Runtime on Test Set: 182949.45
2025-02-10 16:21 | INFO | Query 15 Active Learning Instance Cost: 2111111.46
2025-02-10 16:23 | INFO | Query 16 Size of the uncertainty table is = 116801/154280
2025-02-10 16:23 | INFO | Query 16 Size of the filtered table is = 1543
2025-02-10 16:24 | INFO | Training Time Active Learning Classifier: 23.69 seconds
2025-02-10 16:24 | INFO | Training Time Active Learning Regressor: 2.1 seconds
2025-02-10 16:26 | INFO | Query 16 Active Learning Runtime on Validation Set: 119146.04
2025-02-10 16:26 | INFO | Query 16 Active Learning Runtime on Test Set: 147177.12
2025-02-10 16:26 | INFO | Query 16 Active Learning Instance Cost: 2296109.0
2025-02-10 16:26 | INFO | Timeout limit is increased to 900
2025-02-10 16:29 | INFO | Query 17 Size of the uncertainty table is = 113765/154280
2025-02-10 16:29 | INFO | Query 17 Size of the filtered table is = 1543
2025-02-10 16:29 | INFO | Training Time Active Learning Classifier: 23.61 seconds
2025-02-10 16:29 | INFO | Training Time Active Learning Regressor: 2.43 seconds
2025-02-10 16:32 | INFO | Query 17 Active Learning Runtime on Validation Set: 82683.0
2025-02-10 16:32 | INFO | Query 17 Active Learning Runtime on Test Set: 147182.23
2025-02-10 16:32 | INFO | Query 17 Active Learning Instance Cost: 2517580.22
2025-02-10 16:35 | INFO | Query 18 Size of the uncertainty table is = 110658/154280
2025-02-10 16:35 | INFO | Query 18 Size of the filtered table is = 1543
2025-02-10 16:35 | INFO | Training Time Active Learning Classifier: 24.04 seconds
2025-02-10 16:35 | INFO | Training Time Active Learning Regressor: 2.2 seconds
2025-02-10 16:38 | INFO | Query 18 Active Learning Runtime on Validation Set: 83960.42
2025-02-10 16:38 | INFO | Query 18 Active Learning Runtime on Test Set: 183278.79
2025-02-10 16:38 | INFO | Query 18 Active Learning Instance Cost: 2750250.91
2025-02-10 16:38 | INFO | Timeout limit is increased to 1000
2025-02-10 16:40 | INFO | Query 19 Size of the uncertainty table is = 108038/154280
2025-02-10 16:40 | INFO | Query 19 Size of the filtered table is = 1543
2025-02-10 16:41 | INFO | Training Time Active Learning Classifier: 24.32 seconds
2025-02-10 16:41 | INFO | Training Time Active Learning Regressor: 2.26 seconds
2025-02-10 16:44 | INFO | Query 19 Active Learning Runtime on Validation Set: 85315.37
2025-02-10 16:44 | INFO | Query 19 Active Learning Runtime on Test Set: 183406.95
2025-02-10 16:44 | INFO | Query 19 Active Learning Instance Cost: 3084965.25
2025-02-10 16:44 | INFO | Timeout limit is increased to 1100
2025-02-10 16:46 | INFO | Query 20 Size of the uncertainty table is = 104993/154280
2025-02-10 16:46 | INFO | Query 20 Size of the filtered table is = 1543
2025-02-10 16:47 | INFO | Training Time Active Learning Classifier: 24.58 seconds
2025-02-10 16:47 | INFO | Training Time Active Learning Regressor: 2.29 seconds
2025-02-10 16:50 | INFO | Query 20 Active Learning Runtime on Validation Set: 85293.45
2025-02-10 16:50 | INFO | Query 20 Active Learning Runtime on Test Set: 183370.14
2025-02-10 16:50 | INFO | Query 20 Active Learning Instance Cost: 3392808.68
2025-02-10 16:52 | INFO | Query 21 Size of the uncertainty table is = 101943/154280
2025-02-10 16:52 | INFO | Query 21 Size of the filtered table is = 1543
2025-02-10 16:53 | INFO | Training Time Active Learning Classifier: 24.76 seconds
2025-02-10 16:53 | INFO | Training Time Active Learning Regressor: 2.33 seconds
2025-02-10 16:55 | INFO | Query 21 Active Learning Runtime on Validation Set: 85297.33
2025-02-10 16:55 | INFO | Query 21 Active Learning Runtime on Test Set: 183369.48
2025-02-10 16:55 | INFO | Query 21 Active Learning Instance Cost: 3642974.23
2025-02-10 16:55 | INFO | Timeout limit is increased to 1200
2025-02-10 16:58 | INFO | Query 22 Size of the uncertainty table is = 99300/154280
2025-02-10 16:58 | INFO | Query 22 Size of the filtered table is = 1543
2025-02-10 16:58 | INFO | Training Time Active Learning Classifier: 24.83 seconds
2025-02-10 16:58 | INFO | Training Time Active Learning Regressor: 2.38 seconds
2025-02-10 17:01 | INFO | Query 22 Active Learning Runtime on Validation Set: 155225.79
2025-02-10 17:01 | INFO | Query 22 Active Learning Runtime on Test Set: 111432.92
2025-02-10 17:01 | INFO | Query 22 Active Learning Instance Cost: 3926416.95
2025-02-10 17:01 | INFO | Timeout limit is increased to 1300
2025-02-10 17:04 | INFO | Query 23 Size of the uncertainty table is = 96004/154280
2025-02-10 17:04 | INFO | Query 23 Size of the filtered table is = 1543
2025-02-10 17:04 | INFO | Training Time Active Learning Classifier: 24.99 seconds
2025-02-10 17:04 | INFO | Training Time Active Learning Regressor: 2.42 seconds
2025-02-10 17:07 | INFO | Query 23 Active Learning Runtime on Validation Set: 85147.63
2025-02-10 17:07 | INFO | Query 23 Active Learning Runtime on Test Set: 111391.4
2025-02-10 17:07 | INFO | Query 23 Active Learning Instance Cost: 4205403.32
2025-02-10 17:09 | INFO | Query 24 Size of the uncertainty table is = 93577/154280
2025-02-10 17:09 | INFO | Query 24 Size of the filtered table is = 1543
2025-02-10 17:10 | INFO | Training Time Active Learning Classifier: 25.29 seconds
2025-02-10 17:10 | INFO | Training Time Active Learning Regressor: 2.45 seconds
2025-02-10 17:13 | INFO | Query 24 Active Learning Runtime on Validation Set: 85776.91
2025-02-10 17:13 | INFO | Query 24 Active Learning Runtime on Test Set: 111388.82
2025-02-10 17:13 | INFO | Query 24 Active Learning Instance Cost: 4394021.98
2025-02-10 17:13 | INFO | Timeout limit is increased to 1400
2025-02-10 17:15 | INFO | Query 25 Size of the uncertainty table is = 90781/154280
2025-02-10 17:15 | INFO | Query 25 Size of the filtered table is = 1543
2025-02-10 17:16 | INFO | Training Time Active Learning Classifier: 25.46 seconds
2025-02-10 17:16 | INFO | Training Time Active Learning Regressor: 2.49 seconds
2025-02-10 17:19 | INFO | Query 25 Active Learning Runtime on Validation Set: 85296.43
2025-02-10 17:19 | INFO | Query 25 Active Learning Runtime on Test Set: 147385.32
2025-02-10 17:19 | INFO | Query 25 Active Learning Instance Cost: 4711167.35
2025-02-10 17:21 | INFO | Query 26 Size of the uncertainty table is = 88269/154280
2025-02-10 17:21 | INFO | Query 26 Size of the filtered table is = 1543
2025-02-10 17:22 | INFO | Training Time Active Learning Classifier: 25.93 seconds
2025-02-10 17:22 | INFO | Training Time Active Learning Regressor: 2.53 seconds
2025-02-10 17:24 | INFO | Query 26 Active Learning Runtime on Validation Set: 121065.99
2025-02-10 17:24 | INFO | Query 26 Active Learning Runtime on Test Set: 147326.48
2025-02-10 17:24 | INFO | Query 26 Active Learning Instance Cost: 4992977.42
2025-02-10 17:24 | INFO | Timeout limit is increased to 1500
2025-02-10 17:27 | INFO | Query 27 Size of the uncertainty table is = 85003/154280
2025-02-10 17:27 | INFO | Query 27 Size of the filtered table is = 1543
2025-02-10 17:27 | INFO | Training Time Active Learning Classifier: 26.25 seconds
2025-02-10 17:27 | INFO | Training Time Active Learning Regressor: 2.58 seconds
2025-02-10 17:30 | INFO | Query 27 Active Learning Runtime on Validation Set: 50511.12
2025-02-10 17:30 | INFO | Query 27 Active Learning Runtime on Test Set: 111190.8
2025-02-10 17:30 | INFO | Query 27 Active Learning Instance Cost: 5258634.88
2025-02-10 17:32 | INFO | Query 28 Size of the uncertainty table is = 81955/154280
2025-02-10 17:32 | INFO | Query 28 Size of the filtered table is = 1543
2025-02-10 17:33 | INFO | Training Time Active Learning Classifier: 26.31 seconds
2025-02-10 17:33 | INFO | Training Time Active Learning Regressor: 2.91 seconds
2025-02-10 17:36 | INFO | Query 28 Active Learning Runtime on Validation Set: 45020.86
2025-02-10 17:36 | INFO | Query 28 Active Learning Runtime on Test Set: 110538.11
2025-02-10 17:36 | INFO | Query 28 Active Learning Instance Cost: 5539646.75
2025-02-10 17:38 | INFO | Query 29 Size of the uncertainty table is = 78748/154280
2025-02-10 17:38 | INFO | Query 29 Size of the filtered table is = 1543
2025-02-10 17:39 | INFO | Training Time Active Learning Classifier: 26.92 seconds
2025-02-10 17:39 | INFO | Training Time Active Learning Regressor: 2.68 seconds
2025-02-10 17:41 | INFO | Query 29 Active Learning Runtime on Validation Set: 87479.88
2025-02-10 17:41 | INFO | Query 29 Active Learning Runtime on Test Set: 147439.26
2025-02-10 17:41 | INFO | Query 29 Active Learning Instance Cost: 5828263.15
2025-02-10 17:41 | INFO | Timeout limit is increased to 1600
2025-02-10 17:44 | INFO | Query 30 Size of the uncertainty table is = 75376/154280
2025-02-10 17:44 | INFO | Query 30 Size of the filtered table is = 1543
2025-02-10 17:44 | INFO | Training Time Active Learning Classifier: 27.27 seconds
2025-02-10 17:44 | INFO | Training Time Active Learning Regressor: 2.74 seconds
2025-02-10 17:47 | INFO | Query 30 Active Learning Runtime on Validation Set: 46824.22
2025-02-10 17:47 | INFO | Query 30 Active Learning Runtime on Test Set: 110991.88
2025-02-10 17:47 | INFO | Query 30 Active Learning Instance Cost: 6115264.85
2025-02-10 17:49 | INFO | Query 31 Size of the uncertainty table is = 72123/154280
2025-02-10 17:49 | INFO | Query 31 Size of the filtered table is = 1543
2025-02-10 17:50 | INFO | Training Time Active Learning Classifier: 27.55 seconds
2025-02-10 17:50 | INFO | Training Time Active Learning Regressor: 2.8 seconds
2025-02-10 17:53 | INFO | Query 31 Active Learning Runtime on Validation Set: 46404.24
2025-02-10 17:53 | INFO | Query 31 Active Learning Runtime on Test Set: 111070.63
2025-02-10 17:53 | INFO | Query 31 Active Learning Instance Cost: 6448999.75
2025-02-10 17:55 | INFO | Query 32 Size of the uncertainty table is = 69629/154280
2025-02-10 17:55 | INFO | Query 32 Size of the filtered table is = 1543
2025-02-10 17:55 | INFO | Training Time Active Learning Classifier: 27.68 seconds
2025-02-10 17:56 | INFO | Training Time Active Learning Regressor: 3.11 seconds
2025-02-10 17:58 | INFO | Query 32 Active Learning Runtime on Validation Set: 85198.66
2025-02-10 17:58 | INFO | Query 32 Active Learning Runtime on Test Set: 110820.2
2025-02-10 17:58 | INFO | Query 32 Active Learning Instance Cost: 6700391.02
2025-02-10 17:58 | INFO | Timeout limit is increased to 1700
2025-02-10 18:00 | INFO | Query 33 Size of the uncertainty table is = 66431/154280
2025-02-10 18:00 | INFO | Query 33 Size of the filtered table is = 1543
2025-02-10 18:01 | INFO | Training Time Active Learning Classifier: 28.25 seconds
2025-02-10 18:01 | INFO | Training Time Active Learning Regressor: 2.88 seconds
2025-02-10 18:04 | INFO | Query 33 Active Learning Runtime on Validation Set: 85211.35
2025-02-10 18:04 | INFO | Query 33 Active Learning Runtime on Test Set: 75346.4
2025-02-10 18:04 | INFO | Query 33 Active Learning Instance Cost: 6985541.03
2025-02-10 18:04 | INFO | Timeout limit is increased to 1800
2025-02-10 18:06 | INFO | Query 34 Size of the uncertainty table is = 63714/154280
2025-02-10 18:06 | INFO | Query 34 Size of the filtered table is = 1543
2025-02-10 18:07 | INFO | Training Time Active Learning Classifier: 28.34 seconds
2025-02-10 18:07 | INFO | Training Time Active Learning Regressor: 2.9 seconds
2025-02-10 18:09 | INFO | Query 34 Active Learning Runtime on Validation Set: 84914.08
2025-02-10 18:09 | INFO | Query 34 Active Learning Runtime on Test Set: 75258.19
2025-02-10 18:09 | INFO | Query 34 Active Learning Instance Cost: 7309445.39
2025-02-10 18:11 | INFO | Query 35 Size of the uncertainty table is = 61045/154280
2025-02-10 18:11 | INFO | Query 35 Size of the filtered table is = 1543
2025-02-10 18:12 | INFO | Training Time Active Learning Classifier: 28.61 seconds
2025-02-10 18:12 | INFO | Training Time Active Learning Regressor: 2.91 seconds
2025-02-10 18:15 | INFO | Query 35 Active Learning Runtime on Validation Set: 83527.37
2025-02-10 18:15 | INFO | Query 35 Active Learning Runtime on Test Set: 110778.2
2025-02-10 18:15 | INFO | Query 35 Active Learning Instance Cost: 7743243.27
2025-02-10 18:17 | INFO | Query 36 Size of the uncertainty table is = 58256/154280
2025-02-10 18:17 | INFO | Query 36 Size of the filtered table is = 1543
2025-02-10 18:17 | INFO | Training Time Active Learning Classifier: 29.09 seconds
2025-02-10 18:17 | INFO | Training Time Active Learning Regressor: 2.93 seconds
2025-02-10 18:20 | INFO | Query 36 Active Learning Runtime on Validation Set: 85311.02
2025-02-10 18:20 | INFO | Query 36 Active Learning Runtime on Test Set: 110823.72
2025-02-10 18:20 | INFO | Query 36 Active Learning Instance Cost: 8019653.16
2025-02-10 18:20 | INFO | Timeout limit is increased to 1900
2025-02-10 18:22 | INFO | Query 37 Size of the uncertainty table is = 55352/154280
2025-02-10 18:22 | INFO | Query 37 Size of the filtered table is = 1543
2025-02-10 18:23 | INFO | Training Time Active Learning Classifier: 29.28 seconds
2025-02-10 18:23 | INFO | Training Time Active Learning Regressor: 2.96 seconds
2025-02-10 18:26 | INFO | Query 37 Active Learning Runtime on Validation Set: 46827.77
2025-02-10 18:26 | INFO | Query 37 Active Learning Runtime on Test Set: 75098.86
2025-02-10 18:26 | INFO | Query 37 Active Learning Instance Cost: 8416803.14
2025-02-10 18:27 | INFO | Query 38 Size of the uncertainty table is = 51780/154280
2025-02-10 18:27 | INFO | Query 38 Size of the filtered table is = 1543
2025-02-10 18:28 | INFO | Training Time Active Learning Classifier: 29.93 seconds
2025-02-10 18:28 | INFO | Training Time Active Learning Regressor: 3.01 seconds
2025-02-10 18:31 | INFO | Query 38 Active Learning Runtime on Validation Set: 85835.23
2025-02-10 18:31 | INFO | Query 38 Active Learning Runtime on Test Set: 182836.5
2025-02-10 18:31 | INFO | Query 38 Active Learning Instance Cost: 8690487.36
2025-02-10 18:31 | INFO | Timeout limit is increased to 2000
2025-02-10 18:32 | INFO | Query 39 Size of the uncertainty table is = 48576/154280
2025-02-10 18:32 | INFO | Query 39 Size of the filtered table is = 1543
2025-02-10 18:33 | INFO | Training Time Active Learning Classifier: 30.14 seconds
2025-02-10 18:33 | INFO | Training Time Active Learning Regressor: 3.03 seconds
2025-02-10 18:36 | INFO | Query 39 Active Learning Runtime on Validation Set: 85608.19
2025-02-10 18:36 | INFO | Query 39 Active Learning Runtime on Test Set: 146914.29
2025-02-10 18:36 | INFO | Query 39 Active Learning Instance Cost: 9068255.86
2025-02-10 18:38 | INFO | Query 40 Size of the uncertainty table is = 45330/154280
2025-02-10 18:38 | INFO | Query 40 Size of the filtered table is = 1543
2025-02-10 18:38 | INFO | Training Time Active Learning Classifier: 30.75 seconds
2025-02-10 18:38 | INFO | Training Time Active Learning Regressor: 3.05 seconds
2025-02-10 18:41 | INFO | Query 40 Active Learning Runtime on Validation Set: 86059.6
2025-02-10 18:41 | INFO | Query 40 Active Learning Runtime on Test Set: 146919.81
2025-02-10 18:41 | INFO | Query 40 Active Learning Instance Cost: 9305135.62
2025-02-10 18:41 | INFO | Timeout limit is increased to 2100
2025-02-10 18:43 | INFO | Query 41 Size of the uncertainty table is = 42210/154280
2025-02-10 18:43 | INFO | Query 41 Size of the filtered table is = 1543
2025-02-10 18:43 | INFO | Training Time Active Learning Classifier: 31.15 seconds
2025-02-10 18:43 | INFO | Training Time Active Learning Regressor: 3.08 seconds
2025-02-10 18:46 | INFO | Query 41 Active Learning Runtime on Validation Set: 47251.6
2025-02-10 18:46 | INFO | Query 41 Active Learning Runtime on Test Set: 147352.75
2025-02-10 18:46 | INFO | Query 41 Active Learning Instance Cost: 9757274.7
2025-02-10 18:47 | INFO | Query 42 Size of the uncertainty table is = 38712/154280
2025-02-10 18:47 | INFO | Query 42 Size of the filtered table is = 1543
2025-02-10 18:48 | INFO | Training Time Active Learning Classifier: 31.33 seconds
2025-02-10 18:48 | INFO | Training Time Active Learning Regressor: 3.37 seconds
2025-02-10 18:51 | INFO | Query 42 Active Learning Runtime on Validation Set: 85372.49
2025-02-10 18:51 | INFO | Query 42 Active Learning Runtime on Test Set: 111428.46
2025-02-10 18:51 | INFO | Query 42 Active Learning Instance Cost: 10043794.31
2025-02-10 18:51 | INFO | Timeout limit is increased to 2200
2025-02-10 18:52 | INFO | Query 43 Size of the uncertainty table is = 35962/154280
2025-02-10 18:52 | INFO | Query 43 Size of the filtered table is = 1543
2025-02-10 18:53 | INFO | Training Time Active Learning Classifier: 31.29 seconds
2025-02-10 18:53 | INFO | Training Time Active Learning Regressor: 3.39 seconds
2025-02-10 18:56 | INFO | Query 43 Active Learning Runtime on Validation Set: 85725.84
2025-02-10 18:56 | INFO | Query 43 Active Learning Runtime on Test Set: 111352.99
2025-02-10 18:56 | INFO | Query 43 Active Learning Instance Cost: 10504880.36
2025-02-10 18:56 | INFO | Timeout limit is increased to 2300
2025-02-10 18:57 | INFO | Query 44 Size of the uncertainty table is = 35924/154280
2025-02-10 18:57 | INFO | Query 44 Size of the filtered table is = 1543
2025-02-10 18:58 | INFO | Training Time Active Learning Classifier: 31.27 seconds
2025-02-10 18:58 | INFO | Training Time Active Learning Regressor: 3.15 seconds
2025-02-10 19:01 | INFO | Query 44 Active Learning Runtime on Validation Set: 86696.54
2025-02-10 19:01 | INFO | Query 44 Active Learning Runtime on Test Set: 111433.9
2025-02-10 19:01 | INFO | Query 44 Active Learning Instance Cost: 10774080.36
2025-02-10 19:01 | INFO | Timeout limit is increased to 2400
2025-02-10 19:02 | INFO | Query 45 Size of the uncertainty table is = 35917/154280
2025-02-10 19:02 | INFO | Query 45 Size of the filtered table is = 1543
2025-02-10 19:03 | INFO | Training Time Active Learning Classifier: 31.56 seconds
2025-02-10 19:03 | INFO | Training Time Active Learning Regressor: 3.12 seconds
2025-02-10 19:05 | INFO | Query 45 Active Learning Runtime on Validation Set: 86696.54
2025-02-10 19:05 | INFO | Query 45 Active Learning Runtime on Test Set: 111433.9
2025-02-10 19:05 | INFO | Query 45 Active Learning Instance Cost: 10944080.36
2025-02-10 19:05 | INFO | Timeout limit is increased to 2500
2025-02-10 19:07 | INFO | Query 46 Size of the uncertainty table is = 35917/154280
2025-02-10 19:07 | INFO | Query 46 Size of the filtered table is = 1543
2025-02-10 19:07 | INFO | Training Time Active Learning Classifier: 31.3 seconds
2025-02-10 19:07 | INFO | Training Time Active Learning Regressor: 3.16 seconds
2025-02-10 19:10 | INFO | Query 46 Active Learning Runtime on Validation Set: 86696.54
2025-02-10 19:10 | INFO | Query 46 Active Learning Runtime on Test Set: 111433.9
2025-02-10 19:10 | INFO | Query 46 Active Learning Instance Cost: 11146080.36
2025-02-10 19:10 | INFO | Timeout limit is increased to 2600
2025-02-10 19:12 | INFO | Query 47 Size of the uncertainty table is = 35917/154280
2025-02-10 19:12 | INFO | Query 47 Size of the filtered table is = 1543
2025-02-10 19:12 | INFO | Training Time Active Learning Classifier: 31.33 seconds
2025-02-10 19:12 | INFO | Training Time Active Learning Regressor: 3.11 seconds
2025-02-10 19:15 | INFO | Query 47 Active Learning Runtime on Validation Set: 86696.54
2025-02-10 19:15 | INFO | Query 47 Active Learning Runtime on Test Set: 111433.9
2025-02-10 19:15 | INFO | Query 47 Active Learning Instance Cost: 11315080.36
2025-02-10 19:15 | INFO | Timeout limit is increased to 2700
2025-02-10 19:16 | INFO | Query 48 Size of the uncertainty table is = 35917/154280
2025-02-10 19:16 | INFO | Query 48 Size of the filtered table is = 1543
2025-02-10 19:17 | INFO | Training Time Active Learning Classifier: 31.57 seconds
2025-02-10 19:17 | INFO | Training Time Active Learning Regressor: 3.16 seconds
2025-02-10 19:20 | INFO | Query 48 Active Learning Runtime on Validation Set: 86696.54
2025-02-10 19:20 | INFO | Query 48 Active Learning Runtime on Test Set: 111433.9
2025-02-10 19:20 | INFO | Query 48 Active Learning Instance Cost: 11450880.36
2025-02-10 19:20 | INFO | Timeout limit is increased to 2800
2025-02-10 19:21 | INFO | Query 49 Size of the uncertainty table is = 35917/154280
2025-02-10 19:21 | INFO | Query 49 Size of the filtered table is = 1543
2025-02-10 19:22 | INFO | Training Time Active Learning Classifier: 31.3 seconds
2025-02-10 19:22 | INFO | Training Time Active Learning Regressor: 3.12 seconds
2025-02-10 19:25 | INFO | Query 49 Active Learning Runtime on Validation Set: 86696.54
2025-02-10 19:25 | INFO | Query 49 Active Learning Runtime on Test Set: 111433.9
2025-02-10 19:25 | INFO | Query 49 Active Learning Instance Cost: 11625580.36
2025-02-10 19:25 | INFO | Timeout limit is increased to 2900
2025-02-10 19:26 | INFO | Query 50 Size of the uncertainty table is = 35917/154280
2025-02-10 19:26 | INFO | Query 50 Size of the filtered table is = 1543
2025-02-10 19:27 | INFO | Training Time Active Learning Classifier: 31.55 seconds
2025-02-10 19:27 | INFO | Training Time Active Learning Regressor: 3.13 seconds
2025-02-10 19:29 | INFO | Query 50 Active Learning Runtime on Validation Set: 86696.54
2025-02-10 19:29 | INFO | Query 50 Active Learning Runtime on Test Set: 111433.9
2025-02-10 19:29 | INFO | Query 50 Active Learning Instance Cost: 11788780.36
2025-02-10 19:29 | INFO | Timeout limit is increased to 3000
2025-02-10 19:31 | INFO | Query 51 Size of the uncertainty table is = 35917/154280
2025-02-10 19:31 | INFO | Query 51 Size of the filtered table is = 1543
2025-02-10 19:31 | INFO | Training Time Active Learning Classifier: 31.38 seconds
2025-02-10 19:31 | INFO | Training Time Active Learning Regressor: 3.13 seconds
2025-02-10 19:34 | INFO | Query 51 Active Learning Runtime on Validation Set: 86696.54
2025-02-10 19:34 | INFO | Query 51 Active Learning Runtime on Test Set: 111433.9
2025-02-10 19:34 | INFO | Query 51 Active Learning Instance Cost: 11984680.36
2025-02-10 19:34 | INFO | Timeout limit is increased to 3100
2025-02-10 19:36 | INFO | Query 52 Size of the uncertainty table is = 35917/154280
2025-02-10 19:36 | INFO | Query 52 Size of the filtered table is = 1543
2025-02-10 19:36 | INFO | Training Time Active Learning Classifier: 31.26 seconds
2025-02-10 19:36 | INFO | Training Time Active Learning Regressor: 3.13 seconds
2025-02-10 19:39 | INFO | Query 52 Active Learning Runtime on Validation Set: 86696.54
2025-02-10 19:39 | INFO | Query 52 Active Learning Runtime on Test Set: 111433.9
2025-02-10 19:39 | INFO | Query 52 Active Learning Instance Cost: 12159780.36
2025-02-10 19:39 | INFO | Timeout limit is increased to 3200
2025-02-10 19:40 | INFO | Query 53 Size of the uncertainty table is = 35917/154280
2025-02-10 19:40 | INFO | Query 53 Size of the filtered table is = 1543
2025-02-10 19:41 | INFO | Training Time Active Learning Classifier: 31.6 seconds
2025-02-10 19:41 | INFO | Training Time Active Learning Regressor: 3.13 seconds
2025-02-10 19:44 | INFO | Query 53 Active Learning Runtime on Validation Set: 86696.54
2025-02-10 19:44 | INFO | Query 53 Active Learning Runtime on Test Set: 111433.9
2025-02-10 19:44 | INFO | Query 53 Active Learning Instance Cost: 12337180.36
2025-02-10 19:44 | INFO | Timeout limit is increased to 3300
2025-02-10 19:45 | INFO | Query 54 Size of the uncertainty table is = 35917/154280
2025-02-10 19:45 | INFO | Query 54 Size of the filtered table is = 1543
2025-02-10 19:46 | INFO | Training Time Active Learning Classifier: 31.31 seconds
2025-02-10 19:46 | INFO | Training Time Active Learning Regressor: 3.13 seconds
2025-02-10 19:49 | INFO | Query 54 Active Learning Runtime on Validation Set: 86696.54
2025-02-10 19:49 | INFO | Query 54 Active Learning Runtime on Test Set: 111433.9
2025-02-10 19:49 | INFO | Query 54 Active Learning Instance Cost: 12514380.36
2025-02-10 19:49 | INFO | Timeout limit is increased to 3400
2025-02-10 19:50 | INFO | Query 55 Size of the uncertainty table is = 35917/154280
2025-02-10 19:50 | INFO | Query 55 Size of the filtered table is = 1543
2025-02-10 19:51 | INFO | Training Time Active Learning Classifier: 31.61 seconds
2025-02-10 19:51 | INFO | Training Time Active Learning Regressor: 3.13 seconds
2025-02-10 19:53 | INFO | Query 55 Active Learning Runtime on Validation Set: 86696.54
2025-02-10 19:53 | INFO | Query 55 Active Learning Runtime on Test Set: 111433.9
2025-02-10 19:53 | INFO | Query 55 Active Learning Instance Cost: 12683580.36
2025-02-10 19:53 | INFO | Timeout limit is increased to 3500
2025-02-10 19:55 | INFO | Query 56 Size of the uncertainty table is = 35917/154280
2025-02-10 19:55 | INFO | Query 56 Size of the filtered table is = 1543
2025-02-10 19:55 | INFO | Training Time Active Learning Classifier: 31.32 seconds
2025-02-10 19:55 | INFO | Training Time Active Learning Regressor: 3.14 seconds
2025-02-10 19:58 | INFO | Query 56 Active Learning Runtime on Validation Set: 86696.54
2025-02-10 19:58 | INFO | Query 56 Active Learning Runtime on Test Set: 111433.9
2025-02-10 19:58 | INFO | Query 56 Active Learning Instance Cost: 12852680.36
2025-02-10 19:58 | INFO | Timeout limit is increased to 3600
2025-02-10 20:00 | INFO | Query 57 Size of the uncertainty table is = 35917/154280
2025-02-10 20:00 | INFO | Query 57 Size of the filtered table is = 1543
2025-02-10 20:00 | INFO | Training Time Active Learning Classifier: 31.46 seconds
2025-02-10 20:00 | INFO | Training Time Active Learning Regressor: 3.4 seconds
2025-02-10 20:03 | INFO | Query 57 Active Learning Runtime on Validation Set: 86696.54
2025-02-10 20:03 | INFO | Query 57 Active Learning Runtime on Test Set: 111433.9
2025-02-10 20:03 | INFO | Query 57 Active Learning Instance Cost: 13017380.36
2025-02-10 20:03 | INFO | Timeout limit is increased to 3600
2025-02-10 20:03 | INFO | Active Learning Emissions: 0.21398626681893504
2025-02-10 20:03 | INFO | Active Learning Energy Consumption: 0.23282252257557878 kWh
2025-02-10 20:03 | INFO | runtime_test_score is written as json file
2025-02-10 20:03 | INFO | runtime_validation_score is written as json file
2025-02-10 20:03 | INFO | instance_cost is written as json file
2025-02-10 20:03 | INFO | Experiment is finished
