2025-02-10 15:08 | INFO | Paramaters are: {'dataset': 'MAXSAT15-PMS-INDU', 'penalty': 10, 'weight': 'No_Weight', 'voting': 'Hard', 'pre_selection_size': 64, 'pre_selection_technique': 'No_pre_selection', 'feature_elimination_threshold': 20, 'imputer_strategy': 'median', 'feature_selection_technique': 'No_feature_selection', 'feature_scaling_technique': 'StandardScaler', 'priority': {'PredCost': 'min', 'Uncertainty': 'max', 'PredDiff': 'max'}, 'initial_train_size': 20, 'query_size': 1, 'timeout_predictor_usage': 'No', 'timeout_limit': 100, 'timeout_increase_rate': 100, 'penalty_type': 'Only-timeout-penalty', 'RANDOM_STATE_SEED': 42, 'n_splits': 10, 'split_number': 7, 'max_timeout': 3600, 'param_grid': {'n_estimators': 100, 'max_features': 'sqrt', 'max_depth': 2147483648, 'min_samples_split': 2, 'bootstrap': True}}
2025-02-10 15:08 | INFO | MAXSAT15-PMS-INDU is current dataset
2025-02-10 15:08 | INFO | DATASETS/MAXSAT15-PMS-INDU/algorithm_runs.arff is found
2025-02-10 15:08 | INFO | DATASETS/MAXSAT15-PMS-INDU/algorithm_runs.arff is finished
2025-02-10 15:08 | INFO | DATASETS/MAXSAT15-PMS-INDU/feature_values.arff is found
2025-02-10 15:08 | INFO | DATASETS/MAXSAT15-PMS-INDU/feature_values.arff is finished
2025-02-10 15:08 | INFO | Virtual best solver time in train = 16431.85
2025-02-10 15:08 | INFO | Single best solver list train = {'CCEHC2akms': 13650326.19, 'CCLS2akms': 13686103.89, 'ILP-2015': 6737872.75, 'LMHS-C': 3760438.32, 'LMHS-I': 3285945.64, 'MaxHS': 1950287.07, 'Open-WBO': 1398579.94, 'Open-WBO-L': 2271220.66, 'Open-WBO-R': 971334.43, 'QMSAT14': 2522365.52, 'QMSAT15UC': 2628326.91, 'WMaxSatz+': 12372727.35, 'WMaxSatz09': 12372704.79, 'WPM3-2015-co': 935461.26, 'ahms-1.55': 13503677.76, 'ahms-1.68': 13431888.75, 'ahms-ls-1.55': 13538916.05, 'ahms-ls-1.68': 13431519.26, 'maxino-k16': 1109177.3, 'maxino-kdyn': 1107156.8, 'msUZK-nopp': 7720937.76, 'msUZK-pp': 7719545.68, 'mscg2015a': 1319961.45, 'mscg2015b': 1286424.33, 'optiriss-def': 1720752.39, 'optiriss-sel': 4418987.45, 'ratselfax-cnf': 11569449.65, 'toysat': 9841552.97, 'toysat_ls': 11209964.18}
2025-02-10 15:08 | INFO | Single best solver time train = WPM3-2015-co (935461.26)
2025-02-10 15:08 | INFO | Virtual best solver time in validation = 3388.52
2025-02-10 15:08 | INFO | Single best solver list validation = {'CCEHC2akms': 3348606.61, 'CCLS2akms': 3564406.52, 'ILP-2015': 2198534.6, 'LMHS-C': 518928.93, 'LMHS-I': 341271.2, 'MaxHS': 332944.95, 'Open-WBO': 87036.4, 'Open-WBO-L': 46196.97, 'Open-WBO-R': 45784.11, 'QMSAT14': 45930.33, 'QMSAT15UC': 87740.52, 'WMaxSatz+': 3350062.31, 'WMaxSatz09': 3349952.3, 'WPM3-2015-co': 41925.0, 'ahms-1.55': 3456010.23, 'ahms-1.68': 3420008.11, 'ahms-ls-1.55': 3456012.9, 'ahms-ls-1.68': 3420010.51, 'maxino-k16': 7745.15, 'maxino-kdyn': 7936.07, 'msUZK-nopp': 1560607.1, 'msUZK-pp': 1840662.11, 'mscg2015a': 44278.97, 'mscg2015b': 43087.14, 'optiriss-def': 192041.57, 'optiriss-sel': 2306401.24, 'ratselfax-cnf': 2564381.75, 'toysat': 2524428.68, 'toysat_ls': 2886253.57}
2025-02-10 15:08 | INFO | Single best solver time validation = maxino-k16 (7745.15)
2025-02-10 15:08 | INFO | Virtual best solver time in test = 4305.38
2025-02-10 15:08 | INFO | Single best solver list test = {'CCEHC2akms': 1872320.91, 'CCLS2akms': 1908058.43, 'ILP-2015': 976744.48, 'LMHS-C': 364848.97, 'LMHS-I': 366614.35, 'MaxHS': 221287.43, 'Open-WBO': 217815.63, 'Open-WBO-L': 255553.94, 'Open-WBO-R': 146888.08, 'QMSAT14': 221694.65, 'QMSAT15UC': 290423.32, 'WMaxSatz+': 1732423.55, 'WMaxSatz09': 1732458.92, 'WPM3-2015-co': 75472.94, 'ahms-1.55': 1908530.96, 'ahms-1.68': 1908696.4, 'ahms-ls-1.55': 1908474.33, 'ahms-ls-1.68': 1908626.42, 'maxino-k16': 147299.65, 'maxino-kdyn': 183494.54, 'msUZK-nopp': 908806.1, 'msUZK-pp': 942219.81, 'mscg2015a': 181181.95, 'mscg2015b': 146901.58, 'optiriss-def': 255428.76, 'optiriss-sel': 722346.65, 'ratselfax-cnf': 1447393.28, 'toysat': 1231227.96, 'toysat_ls': 1449166.42}
2025-02-10 15:08 | INFO | Single best solver time test = WPM3-2015-co (75472.94)
2025-02-10 15:08 | INFO | Training Time Passive Learning Classifier: 31.59 seconds
2025-02-10 15:08 | INFO | Training Time Passive Learning Regressor: 3.04 seconds
2025-02-10 15:11 | INFO | Passive Learning Classifier Runtime on Validation Set: 49964.65
2025-02-10 15:11 | INFO | Passive Learning Classifier Runtime on Test Set: 108703.15
2025-02-10 15:11 | INFO | Passive Learning Instance Cost: 19948006.51
2025-02-10 15:11 | INFO | Passive Learning Emissions: 0.0023171067041442717
2025-02-10 15:11 | INFO | Passive Learning Energy Consumption: 0.0025210712629148875 kWh
2025-02-10 15:11 | INFO | Training Time Active Learning Classifier: 20.48 seconds
2025-02-10 15:11 | INFO | Training Time Active Learning Regressor: 1.33 seconds
2025-02-10 15:14 | INFO | Initial Active Learning Runtime on Validation Set: 153045.11
2025-02-10 15:14 | INFO | Initial Active Learning Runtime on Test Set: 109645.43
2025-02-10 15:14 | INFO | Initial Active Learning Instance Cost: 38542.2
2025-02-10 15:14 | INFO | Bin size = 1547
2025-02-10 15:15 | INFO | Query 1 Size of the uncertainty table is = 143549/154686
2025-02-10 15:15 | INFO | Query 1 Size of the filtered table is = 1547
2025-02-10 15:15 | INFO | Training Time Active Learning Classifier: 19.42 seconds
2025-02-10 15:15 | INFO | Training Time Active Learning Regressor: 1.44 seconds
2025-02-10 15:18 | INFO | Query 1 Active Learning Runtime on Validation Set: 42025.77
2025-02-10 15:18 | INFO | Query 1 Active Learning Runtime on Test Set: 109211.79
2025-02-10 15:18 | INFO | Query 1 Active Learning Instance Cost: 49239.64
2025-02-10 15:19 | INFO | Query 2 Size of the uncertainty table is = 141565/154686
2025-02-10 15:19 | INFO | Query 2 Size of the filtered table is = 1547
2025-02-10 15:19 | INFO | Training Time Active Learning Classifier: 19.79 seconds
2025-02-10 15:19 | INFO | Training Time Active Learning Regressor: 1.51 seconds
2025-02-10 15:21 | INFO | Query 2 Active Learning Runtime on Validation Set: 44832.06
2025-02-10 15:21 | INFO | Query 2 Active Learning Runtime on Test Set: 109237.41
2025-02-10 15:21 | INFO | Query 2 Active Learning Instance Cost: 56919.08
2025-02-10 15:21 | INFO | Timeout limit is increased to 200
2025-02-10 15:23 | INFO | Query 3 Size of the uncertainty table is = 139538/154686
2025-02-10 15:23 | INFO | Query 3 Size of the filtered table is = 1547
2025-02-10 15:23 | INFO | Training Time Active Learning Classifier: 19.87 seconds
2025-02-10 15:23 | INFO | Training Time Active Learning Regressor: 1.59 seconds
2025-02-10 15:26 | INFO | Query 3 Active Learning Runtime on Validation Set: 44804.92
2025-02-10 15:26 | INFO | Query 3 Active Learning Runtime on Test Set: 144870.05
2025-02-10 15:26 | INFO | Query 3 Active Learning Instance Cost: 64478.57
2025-02-10 15:27 | INFO | Query 4 Size of the uncertainty table is = 137572/154686
2025-02-10 15:27 | INFO | Query 4 Size of the filtered table is = 1547
2025-02-10 15:27 | INFO | Training Time Active Learning Classifier: 20.24 seconds
2025-02-10 15:27 | INFO | Training Time Active Learning Regressor: 1.65 seconds
2025-02-10 15:30 | INFO | Query 4 Active Learning Runtime on Validation Set: 82859.71
2025-02-10 15:30 | INFO | Query 4 Active Learning Runtime on Test Set: 144856.69
2025-02-10 15:30 | INFO | Query 4 Active Learning Instance Cost: 69918.4
2025-02-10 15:30 | INFO | Timeout limit is increased to 300
2025-02-10 15:31 | INFO | Query 5 Size of the uncertainty table is = 135822/154686
2025-02-10 15:31 | INFO | Query 5 Size of the filtered table is = 1547
2025-02-10 15:32 | INFO | Training Time Active Learning Classifier: 20.5 seconds
2025-02-10 15:32 | INFO | Training Time Active Learning Regressor: 1.73 seconds
2025-02-10 15:34 | INFO | Query 5 Active Learning Runtime on Validation Set: 49983.76
2025-02-10 15:34 | INFO | Query 5 Active Learning Runtime on Test Set: 144952.26
2025-02-10 15:34 | INFO | Query 5 Active Learning Instance Cost: 76934.43
2025-02-10 15:36 | INFO | Query 6 Size of the uncertainty table is = 134052/154686
2025-02-10 15:36 | INFO | Query 6 Size of the filtered table is = 1547
2025-02-10 15:36 | INFO | Training Time Active Learning Classifier: 20.58 seconds
2025-02-10 15:36 | INFO | Training Time Active Learning Regressor: 1.8 seconds
2025-02-10 15:39 | INFO | Query 6 Active Learning Runtime on Validation Set: 85748.88
2025-02-10 15:39 | INFO | Query 6 Active Learning Runtime on Test Set: 109302.48
2025-02-10 15:39 | INFO | Query 6 Active Learning Instance Cost: 88587.42
2025-02-10 15:39 | INFO | Timeout limit is increased to 400
2025-02-10 15:40 | INFO | Query 7 Size of the uncertainty table is = 132279/154686
2025-02-10 15:40 | INFO | Query 7 Size of the filtered table is = 1547
2025-02-10 15:41 | INFO | Training Time Active Learning Classifier: 20.79 seconds
2025-02-10 15:41 | INFO | Training Time Active Learning Regressor: 1.86 seconds
2025-02-10 15:43 | INFO | Query 7 Active Learning Runtime on Validation Set: 85761.33
2025-02-10 15:43 | INFO | Query 7 Active Learning Runtime on Test Set: 145125.3
2025-02-10 15:43 | INFO | Query 7 Active Learning Instance Cost: 105937.3
2025-02-10 15:43 | INFO | Timeout limit is increased to 500
2025-02-10 15:45 | INFO | Query 8 Size of the uncertainty table is = 130490/154686
2025-02-10 15:45 | INFO | Query 8 Size of the filtered table is = 1547
2025-02-10 15:45 | INFO | Training Time Active Learning Classifier: 21.0 seconds
2025-02-10 15:45 | INFO | Training Time Active Learning Regressor: 1.92 seconds
2025-02-10 15:48 | INFO | Query 8 Active Learning Runtime on Validation Set: 51154.78
2025-02-10 15:48 | INFO | Query 8 Active Learning Runtime on Test Set: 145310.36
2025-02-10 15:48 | INFO | Query 8 Active Learning Instance Cost: 144724.4
2025-02-10 15:49 | INFO | Query 9 Size of the uncertainty table is = 128821/154686
2025-02-10 15:49 | INFO | Query 9 Size of the filtered table is = 1547
2025-02-10 15:50 | INFO | Training Time Active Learning Classifier: 21.2 seconds
2025-02-10 15:50 | INFO | Training Time Active Learning Regressor: 1.97 seconds
2025-02-10 15:52 | INFO | Query 9 Active Learning Runtime on Validation Set: 85748.61
2025-02-10 15:52 | INFO | Query 9 Active Learning Runtime on Test Set: 108916.75
2025-02-10 15:52 | INFO | Query 9 Active Learning Instance Cost: 186089.81
2025-02-10 15:52 | INFO | Timeout limit is increased to 600
2025-02-10 15:54 | INFO | Query 10 Size of the uncertainty table is = 126997/154686
2025-02-10 15:54 | INFO | Query 10 Size of the filtered table is = 1547
2025-02-10 15:55 | INFO | Training Time Active Learning Classifier: 21.66 seconds
2025-02-10 15:55 | INFO | Training Time Active Learning Regressor: 2.04 seconds
2025-02-10 15:57 | INFO | Query 10 Active Learning Runtime on Validation Set: 50085.34
2025-02-10 15:57 | INFO | Query 10 Active Learning Runtime on Test Set: 108842.92
2025-02-10 15:57 | INFO | Query 10 Active Learning Instance Cost: 214861.87
2025-02-10 15:59 | INFO | Query 11 Size of the uncertainty table is = 125257/154686
2025-02-10 15:59 | INFO | Query 11 Size of the filtered table is = 1547
2025-02-10 15:59 | INFO | Training Time Active Learning Classifier: 21.6 seconds
2025-02-10 15:59 | INFO | Training Time Active Learning Regressor: 2.08 seconds
2025-02-10 16:02 | INFO | Query 11 Active Learning Runtime on Validation Set: 50090.85
2025-02-10 16:02 | INFO | Query 11 Active Learning Runtime on Test Set: 108744.9
2025-02-10 16:02 | INFO | Query 11 Active Learning Instance Cost: 273746.51
2025-02-10 16:02 | INFO | Timeout limit is increased to 700
2025-02-10 16:04 | INFO | Query 12 Size of the uncertainty table is = 123421/154686
2025-02-10 16:04 | INFO | Query 12 Size of the filtered table is = 1547
2025-02-10 16:04 | INFO | Training Time Active Learning Classifier: 22.02 seconds
2025-02-10 16:04 | INFO | Training Time Active Learning Regressor: 2.12 seconds
2025-02-10 16:07 | INFO | Query 12 Active Learning Runtime on Validation Set: 51254.44
2025-02-10 16:07 | INFO | Query 12 Active Learning Runtime on Test Set: 109120.42
2025-02-10 16:07 | INFO | Query 12 Active Learning Instance Cost: 292815.68
2025-02-10 16:07 | INFO | Timeout limit is increased to 800
2025-02-10 16:09 | INFO | Query 13 Size of the uncertainty table is = 121753/154686
2025-02-10 16:09 | INFO | Query 13 Size of the filtered table is = 1547
2025-02-10 16:09 | INFO | Training Time Active Learning Classifier: 21.97 seconds
2025-02-10 16:09 | INFO | Training Time Active Learning Regressor: 2.15 seconds
2025-02-10 16:12 | INFO | Query 13 Active Learning Runtime on Validation Set: 49543.41
2025-02-10 16:12 | INFO | Query 13 Active Learning Runtime on Test Set: 108722.7
2025-02-10 16:12 | INFO | Query 13 Active Learning Instance Cost: 312103.04
2025-02-10 16:14 | INFO | Query 14 Size of the uncertainty table is = 120003/154686
2025-02-10 16:14 | INFO | Query 14 Size of the filtered table is = 1547
2025-02-10 16:14 | INFO | Training Time Active Learning Classifier: 22.46 seconds
2025-02-10 16:14 | INFO | Training Time Active Learning Regressor: 2.22 seconds
2025-02-10 16:17 | INFO | Query 14 Active Learning Runtime on Validation Set: 50768.38
2025-02-10 16:17 | INFO | Query 14 Active Learning Runtime on Test Set: 145120.84
2025-02-10 16:17 | INFO | Query 14 Active Learning Instance Cost: 348522.8
2025-02-10 16:17 | INFO | Timeout limit is increased to 900
2025-02-10 16:18 | INFO | Query 15 Size of the uncertainty table is = 118170/154686
2025-02-10 16:18 | INFO | Query 15 Size of the filtered table is = 1547
2025-02-10 16:19 | INFO | Training Time Active Learning Classifier: 22.46 seconds
2025-02-10 16:19 | INFO | Training Time Active Learning Regressor: 2.56 seconds
2025-02-10 16:21 | INFO | Query 15 Active Learning Runtime on Validation Set: 50124.94
2025-02-10 16:21 | INFO | Query 15 Active Learning Runtime on Test Set: 144907.61
2025-02-10 16:21 | INFO | Query 15 Active Learning Instance Cost: 404878.83
2025-02-10 16:23 | INFO | Query 16 Size of the uncertainty table is = 116282/154686
2025-02-10 16:23 | INFO | Query 16 Size of the filtered table is = 1547
2025-02-10 16:24 | INFO | Training Time Active Learning Classifier: 22.88 seconds
2025-02-10 16:24 | INFO | Training Time Active Learning Regressor: 2.34 seconds
2025-02-10 16:27 | INFO | Query 16 Active Learning Runtime on Validation Set: 50520.56
2025-02-10 16:27 | INFO | Query 16 Active Learning Runtime on Test Set: 108875.78
2025-02-10 16:27 | INFO | Query 16 Active Learning Instance Cost: 477341.12
2025-02-10 16:27 | INFO | Timeout limit is increased to 1000
2025-02-10 16:29 | INFO | Query 17 Size of the uncertainty table is = 114545/154686
2025-02-10 16:29 | INFO | Query 17 Size of the filtered table is = 1547
2025-02-10 16:29 | INFO | Training Time Active Learning Classifier: 23.05 seconds
2025-02-10 16:29 | INFO | Training Time Active Learning Regressor: 2.39 seconds
2025-02-10 16:32 | INFO | Query 17 Active Learning Runtime on Validation Set: 11530.33
2025-02-10 16:32 | INFO | Query 17 Active Learning Runtime on Test Set: 144727.64
2025-02-10 16:32 | INFO | Query 17 Active Learning Instance Cost: 525696.88
2025-02-10 16:34 | INFO | Query 18 Size of the uncertainty table is = 112860/154686
2025-02-10 16:34 | INFO | Query 18 Size of the filtered table is = 1547
2025-02-10 16:34 | INFO | Training Time Active Learning Classifier: 23.31 seconds
2025-02-10 16:34 | INFO | Training Time Active Learning Regressor: 2.43 seconds
2025-02-10 16:37 | INFO | Query 18 Active Learning Runtime on Validation Set: 11572.14
2025-02-10 16:37 | INFO | Query 18 Active Learning Runtime on Test Set: 108761.79
2025-02-10 16:37 | INFO | Query 18 Active Learning Instance Cost: 585367.48
2025-02-10 16:37 | INFO | Timeout limit is increased to 1100
2025-02-10 16:39 | INFO | Query 19 Size of the uncertainty table is = 111093/154686
2025-02-10 16:39 | INFO | Query 19 Size of the filtered table is = 1547
2025-02-10 16:39 | INFO | Training Time Active Learning Classifier: 23.23 seconds
2025-02-10 16:39 | INFO | Training Time Active Learning Regressor: 2.7 seconds
2025-02-10 16:42 | INFO | Query 19 Active Learning Runtime on Validation Set: 12308.31
2025-02-10 16:42 | INFO | Query 19 Active Learning Runtime on Test Set: 108891.14
2025-02-10 16:42 | INFO | Query 19 Active Learning Instance Cost: 647653.05
2025-02-10 16:42 | INFO | Timeout limit is increased to 1200
2025-02-10 16:44 | INFO | Query 20 Size of the uncertainty table is = 109390/154686
2025-02-10 16:44 | INFO | Query 20 Size of the filtered table is = 1547
2025-02-10 16:44 | INFO | Training Time Active Learning Classifier: 23.49 seconds
2025-02-10 16:44 | INFO | Training Time Active Learning Regressor: 2.49 seconds
2025-02-10 16:47 | INFO | Query 20 Active Learning Runtime on Validation Set: 11571.04
2025-02-10 16:47 | INFO | Query 20 Active Learning Runtime on Test Set: 109061.27
2025-02-10 16:47 | INFO | Query 20 Active Learning Instance Cost: 727806.48
2025-02-10 16:49 | INFO | Query 21 Size of the uncertainty table is = 107738/154686
2025-02-10 16:49 | INFO | Query 21 Size of the filtered table is = 1547
2025-02-10 16:49 | INFO | Training Time Active Learning Classifier: 23.58 seconds
2025-02-10 16:50 | INFO | Training Time Active Learning Regressor: 2.58 seconds
2025-02-10 16:52 | INFO | Query 21 Active Learning Runtime on Validation Set: 49950.58
2025-02-10 16:52 | INFO | Query 21 Active Learning Runtime on Test Set: 144728.93
2025-02-10 16:52 | INFO | Query 21 Active Learning Instance Cost: 808025.73
2025-02-10 16:52 | INFO | Timeout limit is increased to 1300
2025-02-10 16:54 | INFO | Query 22 Size of the uncertainty table is = 106027/154686
2025-02-10 16:54 | INFO | Query 22 Size of the filtered table is = 1547
2025-02-10 16:55 | INFO | Training Time Active Learning Classifier: 24.04 seconds
2025-02-10 16:55 | INFO | Training Time Active Learning Regressor: 2.55 seconds
2025-02-10 16:57 | INFO | Query 22 Active Learning Runtime on Validation Set: 49996.94
2025-02-10 16:57 | INFO | Query 22 Active Learning Runtime on Test Set: 108730.15
2025-02-10 16:57 | INFO | Query 22 Active Learning Instance Cost: 916097.3
2025-02-10 16:57 | INFO | Timeout limit is increased to 1400
2025-02-10 16:59 | INFO | Query 23 Size of the uncertainty table is = 104357/154686
2025-02-10 16:59 | INFO | Query 23 Size of the filtered table is = 1547
2025-02-10 17:00 | INFO | Training Time Active Learning Classifier: 24.25 seconds
2025-02-10 17:00 | INFO | Training Time Active Learning Regressor: 2.59 seconds
2025-02-10 17:02 | INFO | Query 23 Active Learning Runtime on Validation Set: 49956.62
2025-02-10 17:02 | INFO | Query 23 Active Learning Runtime on Test Set: 109068.36
2025-02-10 17:02 | INFO | Query 23 Active Learning Instance Cost: 1029691.76
2025-02-10 17:04 | INFO | Query 24 Size of the uncertainty table is = 102730/154686
2025-02-10 17:04 | INFO | Query 24 Size of the filtered table is = 1547
2025-02-10 17:05 | INFO | Training Time Active Learning Classifier: 25.55 seconds
2025-02-10 17:05 | INFO | Training Time Active Learning Regressor: 2.61 seconds
2025-02-10 17:08 | INFO | Query 24 Active Learning Runtime on Validation Set: 49952.96
2025-02-10 17:08 | INFO | Query 24 Active Learning Runtime on Test Set: 108777.24
2025-02-10 17:08 | INFO | Query 24 Active Learning Instance Cost: 1164366.13
2025-02-10 17:10 | INFO | Query 25 Size of the uncertainty table is = 109340/154686
2025-02-10 17:10 | INFO | Query 25 Size of the filtered table is = 1547
2025-02-10 17:10 | INFO | Training Time Active Learning Classifier: 25.54 seconds
2025-02-10 17:11 | INFO | Training Time Active Learning Regressor: 2.62 seconds
2025-02-10 17:13 | INFO | Query 25 Active Learning Runtime on Validation Set: 85748.41
2025-02-10 17:13 | INFO | Query 25 Active Learning Runtime on Test Set: 109068.37
2025-02-10 17:13 | INFO | Query 25 Active Learning Instance Cost: 1291721.19
2025-02-10 17:13 | INFO | Timeout limit is increased to 1500
2025-02-10 17:15 | INFO | Query 26 Size of the uncertainty table is = 107536/154686
2025-02-10 17:15 | INFO | Query 26 Size of the filtered table is = 1547
2025-02-10 17:16 | INFO | Training Time Active Learning Classifier: 25.77 seconds
2025-02-10 17:16 | INFO | Training Time Active Learning Regressor: 2.66 seconds
2025-02-10 17:19 | INFO | Query 26 Active Learning Runtime on Validation Set: 49968.81
2025-02-10 17:19 | INFO | Query 26 Active Learning Runtime on Test Set: 109103.4
2025-02-10 17:19 | INFO | Query 26 Active Learning Instance Cost: 1408971.29
2025-02-10 17:21 | INFO | Query 27 Size of the uncertainty table is = 105860/154686
2025-02-10 17:21 | INFO | Query 27 Size of the filtered table is = 1547
2025-02-10 17:22 | INFO | Training Time Active Learning Classifier: 25.96 seconds
2025-02-10 17:22 | INFO | Training Time Active Learning Regressor: 2.93 seconds
2025-02-10 17:24 | INFO | Query 27 Active Learning Runtime on Validation Set: 49994.67
2025-02-10 17:24 | INFO | Query 27 Active Learning Runtime on Test Set: 108771.03
2025-02-10 17:24 | INFO | Query 27 Active Learning Instance Cost: 1605984.15
2025-02-10 17:24 | INFO | Timeout limit is increased to 1600
2025-02-10 17:27 | INFO | Query 28 Size of the uncertainty table is = 104167/154686
2025-02-10 17:27 | INFO | Query 28 Size of the filtered table is = 1547
2025-02-10 17:27 | INFO | Training Time Active Learning Classifier: 26.42 seconds
2025-02-10 17:27 | INFO | Training Time Active Learning Regressor: 2.7 seconds
2025-02-10 17:30 | INFO | Query 28 Active Learning Runtime on Validation Set: 49966.97
2025-02-10 17:30 | INFO | Query 28 Active Learning Runtime on Test Set: 109123.95
2025-02-10 17:30 | INFO | Query 28 Active Learning Instance Cost: 1775674.56
2025-02-10 17:32 | INFO | Query 29 Size of the uncertainty table is = 102538/154686
2025-02-10 17:32 | INFO | Query 29 Size of the filtered table is = 1547
2025-02-10 17:33 | INFO | Training Time Active Learning Classifier: 26.3 seconds
2025-02-10 17:33 | INFO | Training Time Active Learning Regressor: 2.99 seconds
2025-02-10 17:35 | INFO | Query 29 Active Learning Runtime on Validation Set: 49966.97
2025-02-10 17:35 | INFO | Query 29 Active Learning Runtime on Test Set: 109123.95
2025-02-10 17:35 | INFO | Query 29 Active Learning Instance Cost: 1929275.88
2025-02-10 17:35 | INFO | Timeout limit is increased to 1700
2025-02-10 17:38 | INFO | Query 30 Size of the uncertainty table is = 100770/154686
2025-02-10 17:38 | INFO | Query 30 Size of the filtered table is = 1547
2025-02-10 17:38 | INFO | Training Time Active Learning Classifier: 26.65 seconds
2025-02-10 17:38 | INFO | Training Time Active Learning Regressor: 2.74 seconds
2025-02-10 17:41 | INFO | Query 30 Active Learning Runtime on Validation Set: 49966.97
2025-02-10 17:41 | INFO | Query 30 Active Learning Runtime on Test Set: 109131.49
2025-02-10 17:41 | INFO | Query 30 Active Learning Instance Cost: 2032643.5
2025-02-10 17:41 | INFO | Timeout limit is increased to 1800
2025-02-10 17:43 | INFO | Query 31 Size of the uncertainty table is = 99134/154686
2025-02-10 17:43 | INFO | Query 31 Size of the filtered table is = 1547
2025-02-10 17:44 | INFO | Training Time Active Learning Classifier: 26.86 seconds
2025-02-10 17:44 | INFO | Training Time Active Learning Regressor: 2.76 seconds
2025-02-10 17:46 | INFO | Query 31 Active Learning Runtime on Validation Set: 49981.87
2025-02-10 17:46 | INFO | Query 31 Active Learning Runtime on Test Set: 109123.99
2025-02-10 17:46 | INFO | Query 31 Active Learning Instance Cost: 2219469.98
2025-02-10 17:46 | INFO | Timeout limit is increased to 1900
2025-02-10 17:49 | INFO | Query 32 Size of the uncertainty table is = 97462/154686
2025-02-10 17:49 | INFO | Query 32 Size of the filtered table is = 1547
2025-02-10 17:49 | INFO | Training Time Active Learning Classifier: 26.78 seconds
2025-02-10 17:49 | INFO | Training Time Active Learning Regressor: 3.04 seconds
2025-02-10 17:52 | INFO | Query 32 Active Learning Runtime on Validation Set: 50088.08
2025-02-10 17:52 | INFO | Query 32 Active Learning Runtime on Test Set: 109123.99
2025-02-10 17:52 | INFO | Query 32 Active Learning Instance Cost: 2420209.47
2025-02-10 17:52 | INFO | Timeout limit is increased to 2000
2025-02-10 17:54 | INFO | Query 33 Size of the uncertainty table is = 95759/154686
2025-02-10 17:54 | INFO | Query 33 Size of the filtered table is = 1547
2025-02-10 17:55 | INFO | Training Time Active Learning Classifier: 26.87 seconds
2025-02-10 17:55 | INFO | Training Time Active Learning Regressor: 2.78 seconds
2025-02-10 17:57 | INFO | Query 33 Active Learning Runtime on Validation Set: 50088.21
2025-02-10 17:57 | INFO | Query 33 Active Learning Runtime on Test Set: 108771.16
2025-02-10 17:57 | INFO | Query 33 Active Learning Instance Cost: 2608860.55
2025-02-10 17:57 | INFO | Timeout limit is increased to 2100
2025-02-10 18:00 | INFO | Query 34 Size of the uncertainty table is = 94149/154686
2025-02-10 18:00 | INFO | Query 34 Size of the filtered table is = 1547
2025-02-10 18:00 | INFO | Training Time Active Learning Classifier: 27.11 seconds
2025-02-10 18:00 | INFO | Training Time Active Learning Regressor: 2.8 seconds
2025-02-10 18:03 | INFO | Query 34 Active Learning Runtime on Validation Set: 50035.74
2025-02-10 18:03 | INFO | Query 34 Active Learning Runtime on Test Set: 108737.3
2025-02-10 18:03 | INFO | Query 34 Active Learning Instance Cost: 2791605.24
2025-02-10 18:05 | INFO | Query 35 Size of the uncertainty table is = 92535/154686
2025-02-10 18:05 | INFO | Query 35 Size of the filtered table is = 1547
2025-02-10 18:06 | INFO | Training Time Active Learning Classifier: 27.4 seconds
2025-02-10 18:06 | INFO | Training Time Active Learning Regressor: 2.82 seconds
2025-02-10 18:08 | INFO | Query 35 Active Learning Runtime on Validation Set: 49959.59
2025-02-10 18:08 | INFO | Query 35 Active Learning Runtime on Test Set: 109131.53
2025-02-10 18:08 | INFO | Query 35 Active Learning Instance Cost: 2934873.68
2025-02-10 18:11 | INFO | Query 36 Size of the uncertainty table is = 90967/154686
2025-02-10 18:11 | INFO | Query 36 Size of the filtered table is = 1547
2025-02-10 18:11 | INFO | Training Time Active Learning Classifier: 27.31 seconds
2025-02-10 18:11 | INFO | Training Time Active Learning Regressor: 2.83 seconds
2025-02-10 18:14 | INFO | Query 36 Active Learning Runtime on Validation Set: 49996.92
2025-02-10 18:14 | INFO | Query 36 Active Learning Runtime on Test Set: 109097.37
2025-02-10 18:14 | INFO | Query 36 Active Learning Instance Cost: 3096191.08
2025-02-10 18:14 | INFO | Timeout limit is increased to 2200
2025-02-10 18:16 | INFO | Query 37 Size of the uncertainty table is = 89367/154686
2025-02-10 18:16 | INFO | Query 37 Size of the filtered table is = 1547
2025-02-10 18:17 | INFO | Training Time Active Learning Classifier: 27.4 seconds
2025-02-10 18:17 | INFO | Training Time Active Learning Regressor: 2.83 seconds
2025-02-10 18:19 | INFO | Query 37 Active Learning Runtime on Validation Set: 49996.76
2025-02-10 18:19 | INFO | Query 37 Active Learning Runtime on Test Set: 109097.37
2025-02-10 18:19 | INFO | Query 37 Active Learning Instance Cost: 3280875.11
2025-02-10 18:22 | INFO | Query 38 Size of the uncertainty table is = 87767/154686
2025-02-10 18:22 | INFO | Query 38 Size of the filtered table is = 1547
2025-02-10 18:22 | INFO | Training Time Active Learning Classifier: 27.77 seconds
2025-02-10 18:22 | INFO | Training Time Active Learning Regressor: 2.85 seconds
2025-02-10 18:25 | INFO | Query 38 Active Learning Runtime on Validation Set: 49962.62
2025-02-10 18:25 | INFO | Query 38 Active Learning Runtime on Test Set: 108739.68
2025-02-10 18:25 | INFO | Query 38 Active Learning Instance Cost: 3465925.89
2025-02-10 18:27 | INFO | Query 39 Size of the uncertainty table is = 86166/154686
2025-02-10 18:27 | INFO | Query 39 Size of the filtered table is = 1547
2025-02-10 18:28 | INFO | Training Time Active Learning Classifier: 27.53 seconds
2025-02-10 18:28 | INFO | Training Time Active Learning Regressor: 2.85 seconds
2025-02-10 18:30 | INFO | Query 39 Active Learning Runtime on Validation Set: 49967.36
2025-02-10 18:30 | INFO | Query 39 Active Learning Runtime on Test Set: 108739.68
2025-02-10 18:30 | INFO | Query 39 Active Learning Instance Cost: 3681719.42
2025-02-10 18:30 | INFO | Timeout limit is increased to 2300
2025-02-10 18:33 | INFO | Query 40 Size of the uncertainty table is = 84614/154686
2025-02-10 18:33 | INFO | Query 40 Size of the filtered table is = 1547
2025-02-10 18:33 | INFO | Training Time Active Learning Classifier: 27.77 seconds
2025-02-10 18:33 | INFO | Training Time Active Learning Regressor: 2.85 seconds
2025-02-10 18:36 | INFO | Query 40 Active Learning Runtime on Validation Set: 49967.36
2025-02-10 18:36 | INFO | Query 40 Active Learning Runtime on Test Set: 109100.13
2025-02-10 18:36 | INFO | Query 40 Active Learning Instance Cost: 3876831.67
2025-02-10 18:36 | INFO | Timeout limit is increased to 2400
2025-02-10 18:38 | INFO | Query 41 Size of the uncertainty table is = 83017/154686
2025-02-10 18:38 | INFO | Query 41 Size of the filtered table is = 1547
2025-02-10 18:38 | INFO | Training Time Active Learning Classifier: 27.7 seconds
2025-02-10 18:39 | INFO | Training Time Active Learning Regressor: 3.12 seconds
2025-02-10 18:41 | INFO | Query 41 Active Learning Runtime on Validation Set: 49965.7
2025-02-10 18:41 | INFO | Query 41 Active Learning Runtime on Test Set: 109092.59
2025-02-10 18:41 | INFO | Query 41 Active Learning Instance Cost: 4198752.88
2025-02-10 18:43 | INFO | Query 42 Size of the uncertainty table is = 81279/154686
2025-02-10 18:43 | INFO | Query 42 Size of the filtered table is = 1547
2025-02-10 18:44 | INFO | Training Time Active Learning Classifier: 27.77 seconds
2025-02-10 18:44 | INFO | Training Time Active Learning Regressor: 2.88 seconds
2025-02-10 18:47 | INFO | Query 42 Active Learning Runtime on Validation Set: 49967.35
2025-02-10 18:47 | INFO | Query 42 Active Learning Runtime on Test Set: 109100.13
2025-02-10 18:47 | INFO | Query 42 Active Learning Instance Cost: 4467542.97
2025-02-10 18:47 | INFO | Timeout limit is increased to 2500
2025-02-10 18:49 | INFO | Query 43 Size of the uncertainty table is = 79694/154686
2025-02-10 18:49 | INFO | Query 43 Size of the filtered table is = 1547
2025-02-10 18:49 | INFO | Training Time Active Learning Classifier: 27.88 seconds
2025-02-10 18:49 | INFO | Training Time Active Learning Regressor: 2.88 seconds
2025-02-10 18:52 | INFO | Query 43 Active Learning Runtime on Validation Set: 49965.68
2025-02-10 18:52 | INFO | Query 43 Active Learning Runtime on Test Set: 109100.13
2025-02-10 18:52 | INFO | Query 43 Active Learning Instance Cost: 4757372.62
2025-02-10 18:54 | INFO | Query 44 Size of the uncertainty table is = 77961/154686
2025-02-10 18:54 | INFO | Query 44 Size of the filtered table is = 1547
2025-02-10 18:54 | INFO | Training Time Active Learning Classifier: 28.22 seconds
2025-02-10 18:55 | INFO | Training Time Active Learning Regressor: 2.89 seconds
2025-02-10 18:57 | INFO | Query 44 Active Learning Runtime on Validation Set: 49965.68
2025-02-10 18:57 | INFO | Query 44 Active Learning Runtime on Test Set: 108747.22
2025-02-10 18:57 | INFO | Query 44 Active Learning Instance Cost: 5030631.84
2025-02-10 18:57 | INFO | Timeout limit is increased to 2600
2025-02-10 18:59 | INFO | Query 45 Size of the uncertainty table is = 76419/154686
2025-02-10 18:59 | INFO | Query 45 Size of the filtered table is = 1547
2025-02-10 19:00 | INFO | Training Time Active Learning Classifier: 28.1 seconds
2025-02-10 19:00 | INFO | Training Time Active Learning Regressor: 3.15 seconds
2025-02-10 19:02 | INFO | Query 45 Active Learning Runtime on Validation Set: 49965.68
2025-02-10 19:02 | INFO | Query 45 Active Learning Runtime on Test Set: 108739.68
2025-02-10 19:02 | INFO | Query 45 Active Learning Instance Cost: 5313068.02
2025-02-10 19:02 | INFO | Timeout limit is increased to 2700
2025-02-10 19:04 | INFO | Query 46 Size of the uncertainty table is = 74874/154686
2025-02-10 19:04 | INFO | Query 46 Size of the filtered table is = 1547
2025-02-10 19:05 | INFO | Training Time Active Learning Classifier: 28.63 seconds
2025-02-10 19:05 | INFO | Training Time Active Learning Regressor: 2.92 seconds
2025-02-10 19:08 | INFO | Query 46 Active Learning Runtime on Validation Set: 49965.68
2025-02-10 19:08 | INFO | Query 46 Active Learning Runtime on Test Set: 108747.22
2025-02-10 19:08 | INFO | Query 46 Active Learning Instance Cost: 5845025.8
2025-02-10 19:08 | INFO | Timeout limit is increased to 2800
2025-02-10 19:10 | INFO | Query 47 Size of the uncertainty table is = 71821/154686
2025-02-10 19:10 | INFO | Query 47 Size of the filtered table is = 1547
2025-02-10 19:10 | INFO | Training Time Active Learning Classifier: 29.46 seconds
2025-02-10 19:10 | INFO | Training Time Active Learning Regressor: 2.96 seconds
2025-02-10 19:13 | INFO | Query 47 Active Learning Runtime on Validation Set: 49965.68
2025-02-10 19:13 | INFO | Query 47 Active Learning Runtime on Test Set: 109100.13
2025-02-10 19:13 | INFO | Query 47 Active Learning Instance Cost: 6487703.48
2025-02-10 19:13 | INFO | Timeout limit is increased to 2900
2025-02-10 19:15 | INFO | Query 48 Size of the uncertainty table is = 72705/154686
2025-02-10 19:15 | INFO | Query 48 Size of the filtered table is = 1547
2025-02-10 19:16 | INFO | Training Time Active Learning Classifier: 29.41 seconds
2025-02-10 19:16 | INFO | Training Time Active Learning Regressor: 2.96 seconds
2025-02-10 19:19 | INFO | Query 48 Active Learning Runtime on Validation Set: 49965.68
2025-02-10 19:19 | INFO | Query 48 Active Learning Runtime on Test Set: 109092.59
2025-02-10 19:19 | INFO | Query 48 Active Learning Instance Cost: 6673540.9
2025-02-10 19:19 | INFO | Timeout limit is increased to 3000
2025-02-10 19:21 | INFO | Query 49 Size of the uncertainty table is = 70620/154686
2025-02-10 19:21 | INFO | Query 49 Size of the filtered table is = 1547
2025-02-10 19:21 | INFO | Training Time Active Learning Classifier: 29.78 seconds
2025-02-10 19:21 | INFO | Training Time Active Learning Regressor: 3.04 seconds
2025-02-10 19:24 | INFO | Query 49 Active Learning Runtime on Validation Set: 49965.68
2025-02-10 19:24 | INFO | Query 49 Active Learning Runtime on Test Set: 109092.59
2025-02-10 19:24 | INFO | Query 49 Active Learning Instance Cost: 7033052.11
2025-02-10 19:24 | INFO | Timeout limit is increased to 3100
2025-02-10 19:26 | INFO | Query 50 Size of the uncertainty table is = 68913/154686
2025-02-10 19:26 | INFO | Query 50 Size of the filtered table is = 1547
2025-02-10 19:26 | INFO | Training Time Active Learning Classifier: 29.88 seconds
2025-02-10 19:27 | INFO | Training Time Active Learning Regressor: 2.97 seconds
2025-02-10 19:29 | INFO | Query 50 Active Learning Runtime on Validation Set: 49965.68
2025-02-10 19:29 | INFO | Query 50 Active Learning Runtime on Test Set: 109092.59
2025-02-10 19:29 | INFO | Query 50 Active Learning Instance Cost: 7368334.07
2025-02-10 19:29 | INFO | Timeout limit is increased to 3200
2025-02-10 19:31 | INFO | Query 51 Size of the uncertainty table is = 67345/154686
2025-02-10 19:31 | INFO | Query 51 Size of the filtered table is = 1547
2025-02-10 19:32 | INFO | Training Time Active Learning Classifier: 29.97 seconds
2025-02-10 19:32 | INFO | Training Time Active Learning Regressor: 2.97 seconds
2025-02-10 19:35 | INFO | Query 51 Active Learning Runtime on Validation Set: 49965.68
2025-02-10 19:35 | INFO | Query 51 Active Learning Runtime on Test Set: 109092.59
2025-02-10 19:35 | INFO | Query 51 Active Learning Instance Cost: 7683048.07
2025-02-10 19:35 | INFO | Timeout limit is increased to 3300
2025-02-10 19:36 | INFO | Query 52 Size of the uncertainty table is = 65798/154686
2025-02-10 19:36 | INFO | Query 52 Size of the filtered table is = 1547
2025-02-10 19:37 | INFO | Training Time Active Learning Classifier: 30.36 seconds
2025-02-10 19:37 | INFO | Training Time Active Learning Regressor: 2.98 seconds
2025-02-10 19:40 | INFO | Query 52 Active Learning Runtime on Validation Set: 49965.7
2025-02-10 19:40 | INFO | Query 52 Active Learning Runtime on Test Set: 109092.6
2025-02-10 19:40 | INFO | Query 52 Active Learning Instance Cost: 9185271.54
2025-02-10 19:40 | INFO | Timeout limit is increased to 3400
2025-02-10 19:42 | INFO | Query 53 Size of the uncertainty table is = 57931/154686
2025-02-10 19:42 | INFO | Query 53 Size of the filtered table is = 1547
2025-02-10 19:42 | INFO | Training Time Active Learning Classifier: 30.74 seconds
2025-02-10 19:42 | INFO | Training Time Active Learning Regressor: 3.01 seconds
2025-02-10 19:45 | INFO | Query 53 Active Learning Runtime on Validation Set: 49965.7
2025-02-10 19:45 | INFO | Query 53 Active Learning Runtime on Test Set: 108739.69
2025-02-10 19:45 | INFO | Query 53 Active Learning Instance Cost: 10679311.8
2025-02-10 19:45 | INFO | Timeout limit is increased to 3500
2025-02-10 19:47 | INFO | Query 54 Size of the uncertainty table is = 50782/154686
2025-02-10 19:47 | INFO | Query 54 Size of the filtered table is = 1547
2025-02-10 19:47 | INFO | Training Time Active Learning Classifier: 30.98 seconds
2025-02-10 19:47 | INFO | Training Time Active Learning Regressor: 3.31 seconds
2025-02-10 19:50 | INFO | Query 54 Active Learning Runtime on Validation Set: 49965.7
2025-02-10 19:50 | INFO | Query 54 Active Learning Runtime on Test Set: 108739.69
2025-02-10 19:50 | INFO | Query 54 Active Learning Instance Cost: 11372814.32
2025-02-10 19:50 | INFO | Timeout limit is increased to 3600
2025-02-10 19:52 | INFO | Query 55 Size of the uncertainty table is = 47278/154686
2025-02-10 19:52 | INFO | Query 55 Size of the filtered table is = 1547
2025-02-10 19:52 | INFO | Training Time Active Learning Classifier: 31.23 seconds
2025-02-10 19:52 | INFO | Training Time Active Learning Regressor: 3.05 seconds
2025-02-10 19:55 | INFO | Query 55 Active Learning Runtime on Validation Set: 49965.7
2025-02-10 19:55 | INFO | Query 55 Active Learning Runtime on Test Set: 108739.69
2025-02-10 19:55 | INFO | Query 55 Active Learning Instance Cost: 11761634.12
2025-02-10 19:55 | INFO | Timeout limit is increased to 3600
2025-02-10 19:56 | INFO | Query 56 Size of the uncertainty table is = 16216/154686
2025-02-10 19:56 | INFO | Query 56 Size of the filtered table is = 1547
2025-02-10 19:56 | INFO | Training Time Active Learning Classifier: 31.27 seconds
2025-02-10 19:56 | INFO | Training Time Active Learning Regressor: 3.07 seconds
2025-02-10 19:59 | INFO | Query 56 Active Learning Runtime on Validation Set: 49965.7
2025-02-10 19:59 | INFO | Query 56 Active Learning Runtime on Test Set: 109092.6
2025-02-10 19:59 | INFO | Query 56 Active Learning Instance Cost: 12564608.36
2025-02-10 19:59 | INFO | Timeout limit is increased to 3600
2025-02-10 20:00 | INFO | Query 57 Size of the uncertainty table is = 10300/154686
2025-02-10 20:00 | INFO | Query 57 Size of the filtered table is = 1547
2025-02-10 20:00 | INFO | Training Time Active Learning Classifier: 31.36 seconds
2025-02-10 20:00 | INFO | Training Time Active Learning Regressor: 3.08 seconds
2025-02-10 20:03 | INFO | Query 57 Active Learning Runtime on Validation Set: 49965.7
2025-02-10 20:03 | INFO | Query 57 Active Learning Runtime on Test Set: 109092.6
2025-02-10 20:03 | INFO | Query 57 Active Learning Instance Cost: 13453808.36
2025-02-10 20:03 | INFO | Timeout limit is increased to 3600
2025-02-10 20:03 | INFO | Query 58 Size of the uncertainty table is = 3858/154686
2025-02-10 20:03 | INFO | Query 58 Size of the filtered table is = 1547
2025-02-10 20:04 | INFO | Training Time Active Learning Classifier: 31.57 seconds
2025-02-10 20:04 | INFO | Training Time Active Learning Regressor: 3.08 seconds
2025-02-10 20:07 | INFO | Query 58 Active Learning Runtime on Validation Set: 49964.71
2025-02-10 20:07 | INFO | Query 58 Active Learning Runtime on Test Set: 109091.92
2025-02-10 20:07 | INFO | Query 58 Active Learning Instance Cost: 14078894.41
2025-02-10 20:07 | INFO | Active Learning Emissions: 0.20948382995044043
2025-02-10 20:07 | INFO | Active Learning Energy Consumption: 0.22792375629004327 kWh
2025-02-10 20:07 | INFO | runtime_test_score is written as json file
2025-02-10 20:07 | INFO | runtime_validation_score is written as json file
2025-02-10 20:07 | INFO | instance_cost is written as json file
2025-02-10 20:07 | INFO | Experiment is finished
