2025-02-10 15:51 | INFO | Paramaters are: {'dataset': 'MAXSAT19-UCMS', 'penalty': 10, 'weight': 'No_Weight', 'voting': 'Hard', 'pre_selection_size': 64, 'pre_selection_technique': 'No_pre_selection', 'feature_elimination_threshold': 20, 'imputer_strategy': 'median', 'feature_selection_technique': 'No_feature_selection', 'feature_scaling_technique': 'StandardScaler', 'priority': {'Uncertainty': 'max', 'PredCost': 'min', 'PredDiff': 'max'}, 'initial_train_size': 20, 'query_size': 1, 'timeout_predictor_usage': 'No', 'timeout_limit': 3600, 'timeout_increase_rate': 100, 'penalty_type': 'Only-timeout-penalty', 'RANDOM_STATE_SEED': 12345, 'n_splits': 10, 'split_number': 1, 'max_timeout': 3600, 'param_grid': {'n_estimators': 100, 'max_features': 'sqrt', 'max_depth': 2147483648, 'min_samples_split': 2, 'bootstrap': True}}
2025-02-10 15:51 | INFO | MAXSAT19-UCMS is current dataset
2025-02-10 15:51 | INFO | DATASETS/MAXSAT19-UCMS/algorithm_runs.arff is found
2025-02-10 15:51 | INFO | DATASETS/MAXSAT19-UCMS/algorithm_runs.arff is finished
2025-02-10 15:51 | INFO | DATASETS/MAXSAT19-UCMS/feature_values.arff is found
2025-02-10 15:51 | INFO | DATASETS/MAXSAT19-UCMS/feature_values.arff is finished
2025-02-10 15:51 | INFO | DATASETS/MAXSAT19-UCMS/feature_costs.arff is found
2025-02-10 15:51 | INFO | DATASETS/MAXSAT19-UCMS/feature_costs.arff is finished
2025-02-10 15:51 | INFO | Virtual best solver time in train = 55299.83
2025-02-10 15:51 | INFO | Single best solver list train = {'MaxHS': 1126202.1, 'Open.WBO.g': 1512849.17, 'Open.WBO.ms': 1301453.43, 'Open.WBO.ms.pre': 1939979.99, 'QMaxSAT2018': 3886981.36, 'UWrMaxSAT': 1208820.64, 'maxino2018': 1613620.17}
2025-02-10 15:51 | INFO | Single best solver time train = MaxHS (1126202.1)
2025-02-10 15:51 | INFO | Virtual best solver time in validation = 9919.19
2025-02-10 15:51 | INFO | Single best solver list validation = {'MaxHS': 222719.73, 'Open.WBO.g': 191860.91, 'Open.WBO.ms': 155081.86, 'Open.WBO.ms.pre': 184982.7, 'QMaxSAT2018': 548700.44, 'UWrMaxSAT': 113514.93, 'maxino2018': 186890.03}
2025-02-10 15:51 | INFO | Single best solver time validation = UWrMaxSAT (113514.93)
2025-02-10 15:51 | INFO | Virtual best solver time in test = 6337.86
2025-02-10 15:51 | INFO | Single best solver list test = {'MaxHS': 221904.04, 'Open.WBO.g': 294365.69, 'Open.WBO.ms': 326886.14, 'Open.WBO.ms.pre': 362770.68, 'QMaxSAT2018': 655927.11, 'UWrMaxSAT': 289545.75, 'maxino2018': 326424.64}
2025-02-10 15:51 | INFO | Single best solver time test = MaxHS (221904.04)
2025-02-10 15:51 | INFO | Training Time Passive Learning Classifier: 1.45 seconds
2025-02-10 15:51 | INFO | Training Time Passive Learning Regressor: 0.47 seconds
2025-02-10 15:51 | INFO | Passive Learning Classifier Runtime on Validation Set: 325992.72
2025-02-10 15:51 | INFO | Passive Learning Classifier Runtime on Test Set: 180399.4
2025-02-10 15:51 | INFO | Passive Learning Instance Cost: 1476706.86
2025-02-10 15:51 | INFO | Passive Learning Emissions: 8.885233963220473e-05
2025-02-10 15:51 | INFO | Passive Learning Energy Consumption: 9.667361442132258e-05 kWh
2025-02-10 15:51 | INFO | Training Time Active Learning Classifier: 1.17 seconds
2025-02-10 15:51 | INFO | Training Time Active Learning Regressor: 0.32 seconds
2025-02-10 15:51 | INFO | Initial Active Learning Runtime on Validation Set: 116317.92
2025-02-10 15:51 | INFO | Initial Active Learning Runtime on Test Set: 252983.89
2025-02-10 15:51 | INFO | Initial Active Learning Instance Cost: 121578.24
2025-02-10 15:51 | INFO | Bin size = 51
2025-02-10 15:51 | INFO | Query 1 Size of the uncertainty table is = 5040/5040
2025-02-10 15:51 | INFO | Query 1 Size of the filtered table is = 51
2025-02-10 15:51 | INFO | Training Time Active Learning Classifier: 1.1 seconds
2025-02-10 15:51 | INFO | Training Time Active Learning Regressor: 0.32 seconds
2025-02-10 15:51 | INFO | Query 1 Active Learning Runtime on Validation Set: 151433.86
2025-02-10 15:51 | INFO | Query 1 Active Learning Runtime on Test Set: 217059.77000000002
2025-02-10 15:51 | INFO | Query 1 Active Learning Instance Cost: 177965.36
2025-02-10 15:51 | INFO | Timeout limit is increased to 3600
2025-02-10 15:51 | INFO | Query 2 Size of the uncertainty table is = 4952/5040
2025-02-10 15:51 | INFO | Query 2 Size of the filtered table is = 51
2025-02-10 15:51 | INFO | Training Time Active Learning Classifier: 1.11 seconds
2025-02-10 15:51 | INFO | Training Time Active Learning Regressor: 0.33 seconds
2025-02-10 15:51 | INFO | Query 2 Active Learning Runtime on Validation Set: 187453.07
2025-02-10 15:51 | INFO | Query 2 Active Learning Runtime on Test Set: 181532.40999999997
2025-02-10 15:51 | INFO | Query 2 Active Learning Instance Cost: 251168.78
2025-02-10 15:51 | INFO | Timeout limit is increased to 3600
2025-02-10 15:51 | INFO | Query 3 Size of the uncertainty table is = 4851/5040
2025-02-10 15:51 | INFO | Query 3 Size of the filtered table is = 51
2025-02-10 15:51 | INFO | Training Time Active Learning Classifier: 1.12 seconds
2025-02-10 15:51 | INFO | Training Time Active Learning Regressor: 0.34 seconds
2025-02-10 15:52 | INFO | Query 3 Active Learning Runtime on Validation Set: 187599.09000000003
2025-02-10 15:52 | INFO | Query 3 Active Learning Runtime on Test Set: 217059.16999999998
2025-02-10 15:52 | INFO | Query 3 Active Learning Instance Cost: 305290.86
2025-02-10 15:52 | INFO | Timeout limit is increased to 3600
2025-02-10 15:52 | INFO | Query 4 Size of the uncertainty table is = 4765/5040
2025-02-10 15:52 | INFO | Query 4 Size of the filtered table is = 51
2025-02-10 15:52 | INFO | Training Time Active Learning Classifier: 1.13 seconds
2025-02-10 15:52 | INFO | Training Time Active Learning Regressor: 0.35 seconds
2025-02-10 15:52 | INFO | Query 4 Active Learning Runtime on Validation Set: 187511.05
2025-02-10 15:52 | INFO | Query 4 Active Learning Runtime on Test Set: 217118.41999999998
2025-02-10 15:52 | INFO | Query 4 Active Learning Instance Cost: 370273.73
2025-02-10 15:52 | INFO | Query 5 Size of the uncertainty table is = 4639/5040
2025-02-10 15:52 | INFO | Query 5 Size of the filtered table is = 51
2025-02-10 15:52 | INFO | Training Time Active Learning Classifier: 1.19 seconds
2025-02-10 15:52 | INFO | Training Time Active Learning Regressor: 0.35 seconds
2025-02-10 15:52 | INFO | Query 5 Active Learning Runtime on Validation Set: 182918.18
2025-02-10 15:52 | INFO | Query 5 Active Learning Runtime on Test Set: 215464.7
2025-02-10 15:52 | INFO | Query 5 Active Learning Instance Cost: 402667.27
2025-02-10 15:52 | INFO | Query 6 Size of the uncertainty table is = 4521/5040
2025-02-10 15:52 | INFO | Query 6 Size of the filtered table is = 51
2025-02-10 15:52 | INFO | Training Time Active Learning Classifier: 1.14 seconds
2025-02-10 15:52 | INFO | Training Time Active Learning Regressor: 0.36 seconds
2025-02-10 15:52 | INFO | Query 6 Active Learning Runtime on Validation Set: 189031.7
2025-02-10 15:52 | INFO | Query 6 Active Learning Runtime on Test Set: 215628.47999999998
2025-02-10 15:52 | INFO | Query 6 Active Learning Instance Cost: 449241.5
2025-02-10 15:52 | INFO | Timeout limit is increased to 3600
2025-02-10 15:52 | INFO | Query 7 Size of the uncertainty table is = 4403/5040
2025-02-10 15:52 | INFO | Query 7 Size of the filtered table is = 51
2025-02-10 15:52 | INFO | Training Time Active Learning Classifier: 1.15 seconds
2025-02-10 15:52 | INFO | Training Time Active Learning Regressor: 0.37 seconds
2025-02-10 15:52 | INFO | Query 7 Active Learning Runtime on Validation Set: 188919.49
2025-02-10 15:52 | INFO | Query 7 Active Learning Runtime on Test Set: 215629.94
2025-02-10 15:52 | INFO | Query 7 Active Learning Instance Cost: 565896.55
2025-02-10 15:52 | INFO | Query 8 Size of the uncertainty table is = 4257/5040
2025-02-10 15:52 | INFO | Query 8 Size of the filtered table is = 51
2025-02-10 15:52 | INFO | Training Time Active Learning Classifier: 1.16 seconds
2025-02-10 15:52 | INFO | Training Time Active Learning Regressor: 0.38 seconds
2025-02-10 15:52 | INFO | Query 8 Active Learning Runtime on Validation Set: 182695.5
2025-02-10 15:52 | INFO | Query 8 Active Learning Runtime on Test Set: 215855.02000000002
2025-02-10 15:52 | INFO | Query 8 Active Learning Instance Cost: 617496.32
2025-02-10 15:52 | INFO | Query 9 Size of the uncertainty table is = 4056/5040
2025-02-10 15:52 | INFO | Query 9 Size of the filtered table is = 51
2025-02-10 15:52 | INFO | Training Time Active Learning Classifier: 1.17 seconds
2025-02-10 15:52 | INFO | Training Time Active Learning Regressor: 0.38 seconds
2025-02-10 15:52 | INFO | Query 9 Active Learning Runtime on Validation Set: 221448.12
2025-02-10 15:52 | INFO | Query 9 Active Learning Runtime on Test Set: 215527.34000000003
2025-02-10 15:52 | INFO | Query 9 Active Learning Instance Cost: 687415.74
2025-02-10 15:52 | INFO | Timeout limit is increased to 3600
2025-02-10 15:52 | INFO | Query 10 Size of the uncertainty table is = 3883/5040
2025-02-10 15:52 | INFO | Query 10 Size of the filtered table is = 51
2025-02-10 15:53 | INFO | Training Time Active Learning Classifier: 1.19 seconds
2025-02-10 15:53 | INFO | Training Time Active Learning Regressor: 0.44 seconds
2025-02-10 15:53 | INFO | Query 10 Active Learning Runtime on Validation Set: 218753.62
2025-02-10 15:53 | INFO | Query 10 Active Learning Runtime on Test Set: 215344.56
2025-02-10 15:53 | INFO | Query 10 Active Learning Instance Cost: 729113.57
2025-02-10 15:53 | INFO | Query 11 Size of the uncertainty table is = 3692/5040
2025-02-10 15:53 | INFO | Query 11 Size of the filtered table is = 51
2025-02-10 15:53 | INFO | Training Time Active Learning Classifier: 1.21 seconds
2025-02-10 15:53 | INFO | Training Time Active Learning Regressor: 0.39 seconds
2025-02-10 15:53 | INFO | Query 11 Active Learning Runtime on Validation Set: 255299.65000000002
2025-02-10 15:53 | INFO | Query 11 Active Learning Runtime on Test Set: 179593.96000000002
2025-02-10 15:53 | INFO | Query 11 Active Learning Instance Cost: 757343.28
2025-02-10 15:53 | INFO | Timeout limit is increased to 3600
2025-02-10 15:53 | INFO | Query 12 Size of the uncertainty table is = 3512/5040
2025-02-10 15:53 | INFO | Query 12 Size of the filtered table is = 51
2025-02-10 15:53 | INFO | Training Time Active Learning Classifier: 1.21 seconds
2025-02-10 15:53 | INFO | Training Time Active Learning Regressor: 0.4 seconds
2025-02-10 15:53 | INFO | Query 12 Active Learning Runtime on Validation Set: 255305.52999999997
2025-02-10 15:53 | INFO | Query 12 Active Learning Runtime on Test Set: 179551.7
2025-02-10 15:53 | INFO | Query 12 Active Learning Instance Cost: 804202.0
2025-02-10 15:53 | INFO | Timeout limit is increased to 3600
2025-02-10 15:53 | INFO | Query 13 Size of the uncertainty table is = 3315/5040
2025-02-10 15:53 | INFO | Query 13 Size of the filtered table is = 51
2025-02-10 15:53 | INFO | Training Time Active Learning Classifier: 1.23 seconds
2025-02-10 15:53 | INFO | Training Time Active Learning Regressor: 0.41 seconds
2025-02-10 15:53 | INFO | Query 13 Active Learning Runtime on Validation Set: 291247.99
2025-02-10 15:53 | INFO | Query 13 Active Learning Runtime on Test Set: 180889.18
2025-02-10 15:53 | INFO | Query 13 Active Learning Instance Cost: 854081.16
2025-02-10 15:53 | INFO | Timeout limit is increased to 3600
2025-02-10 15:53 | INFO | Query 14 Size of the uncertainty table is = 3096/5040
2025-02-10 15:53 | INFO | Query 14 Size of the filtered table is = 51
2025-02-10 15:53 | INFO | Training Time Active Learning Classifier: 1.24 seconds
2025-02-10 15:53 | INFO | Training Time Active Learning Regressor: 0.41 seconds
2025-02-10 15:53 | INFO | Query 14 Active Learning Runtime on Validation Set: 254703.09000000003
2025-02-10 15:53 | INFO | Query 14 Active Learning Runtime on Test Set: 144463.86
2025-02-10 15:53 | INFO | Query 14 Active Learning Instance Cost: 900991.62
2025-02-10 15:53 | INFO | Query 15 Size of the uncertainty table is = 2901/5040
2025-02-10 15:53 | INFO | Query 15 Size of the filtered table is = 51
2025-02-10 15:53 | INFO | Training Time Active Learning Classifier: 1.31 seconds
2025-02-10 15:53 | INFO | Training Time Active Learning Regressor: 0.42 seconds
2025-02-10 15:53 | INFO | Query 15 Active Learning Runtime on Validation Set: 254586.97999999998
2025-02-10 15:53 | INFO | Query 15 Active Learning Runtime on Test Set: 144465.78
2025-02-10 15:53 | INFO | Query 15 Active Learning Instance Cost: 951814.98
2025-02-10 15:53 | INFO | Query 16 Size of the uncertainty table is = 2669/5040
2025-02-10 15:53 | INFO | Query 16 Size of the filtered table is = 51
2025-02-10 15:53 | INFO | Training Time Active Learning Classifier: 1.28 seconds
2025-02-10 15:53 | INFO | Training Time Active Learning Regressor: 0.42 seconds
2025-02-10 15:54 | INFO | Query 16 Active Learning Runtime on Validation Set: 291141.98
2025-02-10 15:54 | INFO | Query 16 Active Learning Runtime on Test Set: 216098.77000000002
2025-02-10 15:54 | INFO | Query 16 Active Learning Instance Cost: 997790.97
2025-02-10 15:54 | INFO | Timeout limit is increased to 3600
2025-02-10 15:54 | INFO | Query 17 Size of the uncertainty table is = 2433/5040
2025-02-10 15:54 | INFO | Query 17 Size of the filtered table is = 51
2025-02-10 15:54 | INFO | Training Time Active Learning Classifier: 1.29 seconds
2025-02-10 15:54 | INFO | Training Time Active Learning Regressor: 0.43 seconds
2025-02-10 15:54 | INFO | Query 17 Active Learning Runtime on Validation Set: 255149.74
2025-02-10 15:54 | INFO | Query 17 Active Learning Runtime on Test Set: 216096.15000000002
2025-02-10 15:54 | INFO | Query 17 Active Learning Instance Cost: 1097432.95
2025-02-10 15:54 | INFO | Query 18 Size of the uncertainty table is = 2201/5040
2025-02-10 15:54 | INFO | Query 18 Size of the filtered table is = 51
2025-02-10 15:54 | INFO | Training Time Active Learning Classifier: 1.3 seconds
2025-02-10 15:54 | INFO | Training Time Active Learning Regressor: 0.43 seconds
2025-02-10 15:54 | INFO | Query 18 Active Learning Runtime on Validation Set: 254652.81
2025-02-10 15:54 | INFO | Query 18 Active Learning Runtime on Test Set: 216044.5
2025-02-10 15:54 | INFO | Query 18 Active Learning Instance Cost: 1156367.12
2025-02-10 15:54 | INFO | Query 19 Size of the uncertainty table is = 1963/5040
2025-02-10 15:54 | INFO | Query 19 Size of the filtered table is = 51
2025-02-10 15:54 | INFO | Training Time Active Learning Classifier: 1.32 seconds
2025-02-10 15:54 | INFO | Training Time Active Learning Regressor: 0.44 seconds
2025-02-10 15:54 | INFO | Query 19 Active Learning Runtime on Validation Set: 327060.43
2025-02-10 15:54 | INFO | Query 19 Active Learning Runtime on Test Set: 144459.72999999998
2025-02-10 15:54 | INFO | Query 19 Active Learning Instance Cost: 1185431.18
2025-02-10 15:54 | INFO | Timeout limit is increased to 3600
2025-02-10 15:54 | INFO | Query 20 Size of the uncertainty table is = 1724/5040
2025-02-10 15:54 | INFO | Query 20 Size of the filtered table is = 51
2025-02-10 15:54 | INFO | Training Time Active Learning Classifier: 1.34 seconds
2025-02-10 15:54 | INFO | Training Time Active Learning Regressor: 0.44 seconds
2025-02-10 15:54 | INFO | Query 20 Active Learning Runtime on Validation Set: 327083.93
2025-02-10 15:54 | INFO | Query 20 Active Learning Runtime on Test Set: 180507.14
2025-02-10 15:54 | INFO | Query 20 Active Learning Instance Cost: 1208310.71
2025-02-10 15:54 | INFO | Timeout limit is increased to 3600
2025-02-10 15:54 | INFO | Query 21 Size of the uncertainty table is = 1492/5040
2025-02-10 15:54 | INFO | Query 21 Size of the filtered table is = 51
2025-02-10 15:54 | INFO | Training Time Active Learning Classifier: 1.36 seconds
2025-02-10 15:54 | INFO | Training Time Active Learning Regressor: 0.44 seconds
2025-02-10 15:54 | INFO | Query 21 Active Learning Runtime on Validation Set: 327044.82999999996
2025-02-10 15:54 | INFO | Query 21 Active Learning Runtime on Test Set: 180505.61
2025-02-10 15:54 | INFO | Query 21 Active Learning Instance Cost: 1262051.17
2025-02-10 15:54 | INFO | Query 22 Size of the uncertainty table is = 1310/5040
2025-02-10 15:54 | INFO | Query 22 Size of the filtered table is = 51
2025-02-10 15:54 | INFO | Training Time Active Learning Classifier: 1.37 seconds
2025-02-10 15:54 | INFO | Training Time Active Learning Regressor: 0.45 seconds
2025-02-10 15:54 | INFO | Query 22 Active Learning Runtime on Validation Set: 326345.87
2025-02-10 15:54 | INFO | Query 22 Active Learning Runtime on Test Set: 180454.90000000002
2025-02-10 15:54 | INFO | Query 22 Active Learning Instance Cost: 1289968.03
2025-02-10 15:54 | INFO | Query 23 Size of the uncertainty table is = 1080/5040
2025-02-10 15:54 | INFO | Query 23 Size of the filtered table is = 51
2025-02-10 15:55 | INFO | Training Time Active Learning Classifier: 1.38 seconds
2025-02-10 15:55 | INFO | Training Time Active Learning Regressor: 0.46 seconds
2025-02-10 15:55 | INFO | Query 23 Active Learning Runtime on Validation Set: 327067.72
2025-02-10 15:55 | INFO | Query 23 Active Learning Runtime on Test Set: 180468.96999999997
2025-02-10 15:55 | INFO | Query 23 Active Learning Instance Cost: 1320434.1
2025-02-10 15:55 | INFO | Timeout limit is increased to 3600
2025-02-10 15:55 | INFO | Query 24 Size of the uncertainty table is = 875/5040
2025-02-10 15:55 | INFO | Query 24 Size of the filtered table is = 51
2025-02-10 15:55 | INFO | Training Time Active Learning Classifier: 1.4 seconds
2025-02-10 15:55 | INFO | Training Time Active Learning Regressor: 0.46 seconds
2025-02-10 15:55 | INFO | Query 24 Active Learning Runtime on Validation Set: 327022.76999999996
2025-02-10 15:55 | INFO | Query 24 Active Learning Runtime on Test Set: 180397.2
2025-02-10 15:55 | INFO | Query 24 Active Learning Instance Cost: 1368753.22
2025-02-10 15:55 | INFO | Query 25 Size of the uncertainty table is = 692/5040
2025-02-10 15:55 | INFO | Query 25 Size of the filtered table is = 51
2025-02-10 15:55 | INFO | Training Time Active Learning Classifier: 1.41 seconds
2025-02-10 15:55 | INFO | Training Time Active Learning Regressor: 0.47 seconds
2025-02-10 15:55 | INFO | Query 25 Active Learning Runtime on Validation Set: 326337.29
2025-02-10 15:55 | INFO | Query 25 Active Learning Runtime on Test Set: 216390.32
2025-02-10 15:55 | INFO | Query 25 Active Learning Instance Cost: 1393637.74
2025-02-10 15:55 | INFO | Query 26 Size of the uncertainty table is = 483/5040
2025-02-10 15:55 | INFO | Query 26 Size of the filtered table is = 51
2025-02-10 15:55 | INFO | Training Time Active Learning Classifier: 1.43 seconds
2025-02-10 15:55 | INFO | Training Time Active Learning Regressor: 0.47 seconds
2025-02-10 15:55 | INFO | Query 26 Active Learning Runtime on Validation Set: 326331.99
2025-02-10 15:55 | INFO | Query 26 Active Learning Runtime on Test Set: 216290.96999999997
2025-02-10 15:55 | INFO | Query 26 Active Learning Instance Cost: 1416132.83
2025-02-10 15:55 | INFO | Query 27 Size of the uncertainty table is = 275/5040
2025-02-10 15:55 | INFO | Query 27 Size of the filtered table is = 51
2025-02-10 15:55 | INFO | Training Time Active Learning Classifier: 1.43 seconds
2025-02-10 15:55 | INFO | Training Time Active Learning Regressor: 0.47 seconds
2025-02-10 15:55 | INFO | Query 27 Active Learning Runtime on Validation Set: 326049.08999999997
2025-02-10 15:55 | INFO | Query 27 Active Learning Runtime on Test Set: 216339.96000000002
2025-02-10 15:55 | INFO | Query 27 Active Learning Instance Cost: 1450685.45
2025-02-10 15:55 | INFO | Query 28 Size of the uncertainty table is = 130/5040
2025-02-10 15:55 | INFO | Query 28 Size of the filtered table is = 51
2025-02-10 15:55 | INFO | Training Time Active Learning Classifier: 1.45 seconds
2025-02-10 15:55 | INFO | Training Time Active Learning Regressor: 0.47 seconds
2025-02-10 15:55 | INFO | Query 28 Active Learning Runtime on Validation Set: 326047.75
2025-02-10 15:55 | INFO | Query 28 Active Learning Runtime on Test Set: 216341.8
2025-02-10 15:55 | INFO | Query 28 Active Learning Instance Cost: 1462306.86
2025-02-10 15:55 | INFO | Query 29 Size of the uncertainty table is = 24/5040
2025-02-10 15:55 | INFO | Query 29 Size of the filtered table is = 24
2025-02-10 15:55 | INFO | Training Time Active Learning Classifier: 1.44 seconds
2025-02-10 15:55 | INFO | Training Time Active Learning Regressor: 0.47 seconds
2025-02-10 15:55 | INFO | Query 29 Active Learning Runtime on Validation Set: 326047.75
2025-02-10 15:55 | INFO | Query 29 Active Learning Runtime on Test Set: 216341.8
2025-02-10 15:55 | INFO | Query 29 Active Learning Instance Cost: 1476706.86
2025-02-10 15:55 | INFO | Timeout limit is increased to 3600
2025-02-10 15:55 | INFO | Active Learning Emissions: 0.0031907686343226327
2025-02-10 15:55 | INFO | Active Learning Energy Consumption: 0.0034716377524667123 kWh
2025-02-10 15:55 | INFO | runtime_test_score is written as json file
2025-02-10 15:55 | INFO | runtime_validation_score is written as json file
2025-02-10 15:55 | INFO | instance_cost is written as json file
2025-02-10 15:55 | INFO | Experiment is finished
