2025-02-10 15:51 | INFO | Paramaters are: {'dataset': 'MAXSAT19-UCMS', 'penalty': 10, 'weight': 'No_Weight', 'voting': 'Hard', 'pre_selection_size': 64, 'pre_selection_technique': 'No_pre_selection', 'feature_elimination_threshold': 20, 'imputer_strategy': 'median', 'feature_selection_technique': 'No_feature_selection', 'feature_scaling_technique': 'StandardScaler', 'priority': {'Uncertainty': 'max', 'PredCost': 'min', 'PredDiff': 'max'}, 'initial_train_size': 20, 'query_size': 1, 'timeout_predictor_usage': 'No', 'timeout_limit': 3600, 'timeout_increase_rate': 100, 'penalty_type': 'Only-timeout-penalty', 'RANDOM_STATE_SEED': 123, 'n_splits': 10, 'split_number': 9, 'max_timeout': 3600, 'param_grid': {'n_estimators': 100, 'max_features': 'sqrt', 'max_depth': 2147483648, 'min_samples_split': 2, 'bootstrap': True}}
2025-02-10 15:51 | INFO | MAXSAT19-UCMS is current dataset
2025-02-10 15:51 | INFO | DATASETS/MAXSAT19-UCMS/algorithm_runs.arff is found
2025-02-10 15:51 | INFO | DATASETS/MAXSAT19-UCMS/algorithm_runs.arff is finished
2025-02-10 15:51 | INFO | DATASETS/MAXSAT19-UCMS/feature_values.arff is found
2025-02-10 15:51 | INFO | DATASETS/MAXSAT19-UCMS/feature_values.arff is finished
2025-02-10 15:51 | INFO | DATASETS/MAXSAT19-UCMS/feature_costs.arff is found
2025-02-10 15:51 | INFO | DATASETS/MAXSAT19-UCMS/feature_costs.arff is finished
2025-02-10 15:51 | INFO | Virtual best solver time in train = 55664.75
2025-02-10 15:51 | INFO | Single best solver list train = {'MaxHS': 1057202.99, 'Open.WBO.g': 1480897.69, 'Open.WBO.ms': 1337652.54, 'Open.WBO.ms.pre': 2044977.85, 'QMaxSAT2018': 4031110.51, 'UWrMaxSAT': 1207490.36, 'maxino2018': 1505534.76}
2025-02-10 15:51 | INFO | Single best solver time train = MaxHS (1057202.99)
2025-02-10 15:51 | INFO | Virtual best solver time in validation = 8658.96
2025-02-10 15:51 | INFO | Single best solver list validation = {'MaxHS': 295403.35, 'Open.WBO.g': 224446.75, 'Open.WBO.ms': 189555.07, 'Open.WBO.ms.pre': 149408.73, 'QMaxSAT2018': 547666.75, 'UWrMaxSAT': 113992.92, 'maxino2018': 187654.63}
2025-02-10 15:51 | INFO | Single best solver time validation = UWrMaxSAT (113992.92)
2025-02-10 15:51 | INFO | Virtual best solver time in test = 7233.17
2025-02-10 15:51 | INFO | Single best solver list test = {'MaxHS': 218219.52, 'Open.WBO.g': 293731.33, 'Open.WBO.ms': 256213.82, 'Open.WBO.ms.pre': 293346.78, 'QMaxSAT2018': 512831.65, 'UWrMaxSAT': 290398.04, 'maxino2018': 433745.45}
2025-02-10 15:51 | INFO | Single best solver time test = MaxHS (218219.52)
2025-02-10 15:51 | INFO | Training Time Passive Learning Classifier: 1.44 seconds
2025-02-10 15:51 | INFO | Training Time Passive Learning Regressor: 0.47 seconds
2025-02-10 15:51 | INFO | Passive Learning Classifier Runtime on Validation Set: 259512.19
2025-02-10 15:51 | INFO | Passive Learning Classifier Runtime on Test Set: 179309.93
2025-02-10 15:51 | INFO | Passive Learning Instance Cost: 1486866.7
2025-02-10 15:51 | INFO | Passive Learning Emissions: 8.885321257935738e-05
2025-02-10 15:51 | INFO | Passive Learning Energy Consumption: 9.667456421011593e-05 kWh
2025-02-10 15:51 | INFO | Training Time Active Learning Classifier: 1.18 seconds
2025-02-10 15:51 | INFO | Training Time Active Learning Regressor: 0.32 seconds
2025-02-10 15:51 | INFO | Initial Active Learning Runtime on Validation Set: 254224.95
2025-02-10 15:51 | INFO | Initial Active Learning Runtime on Test Set: 253760.34
2025-02-10 15:51 | INFO | Initial Active Learning Instance Cost: 88342.81
2025-02-10 15:51 | INFO | Bin size = 51
2025-02-10 15:51 | INFO | Query 1 Size of the uncertainty table is = 5040/5040
2025-02-10 15:51 | INFO | Query 1 Size of the filtered table is = 51
2025-02-10 15:51 | INFO | Training Time Active Learning Classifier: 1.11 seconds
2025-02-10 15:51 | INFO | Training Time Active Learning Regressor: 0.33 seconds
2025-02-10 15:51 | INFO | Query 1 Active Learning Runtime on Validation Set: 218267.24
2025-02-10 15:51 | INFO | Query 1 Active Learning Runtime on Test Set: 253741.38
2025-02-10 15:51 | INFO | Query 1 Active Learning Instance Cost: 151687.92
2025-02-10 15:51 | INFO | Query 2 Size of the uncertainty table is = 4987/5040
2025-02-10 15:51 | INFO | Query 2 Size of the filtered table is = 51
2025-02-10 15:51 | INFO | Training Time Active Learning Classifier: 1.13 seconds
2025-02-10 15:51 | INFO | Training Time Active Learning Regressor: 0.33 seconds
2025-02-10 15:51 | INFO | Query 2 Active Learning Runtime on Validation Set: 217933.07
2025-02-10 15:51 | INFO | Query 2 Active Learning Runtime on Test Set: 253445.65999999997
2025-02-10 15:51 | INFO | Query 2 Active Learning Instance Cost: 186419.8
2025-02-10 15:51 | INFO | Query 3 Size of the uncertainty table is = 4877/5040
2025-02-10 15:51 | INFO | Query 3 Size of the filtered table is = 51
2025-02-10 15:51 | INFO | Training Time Active Learning Classifier: 1.19 seconds
2025-02-10 15:51 | INFO | Training Time Active Learning Regressor: 0.34 seconds
2025-02-10 15:52 | INFO | Query 3 Active Learning Runtime on Validation Set: 183327.58000000002
2025-02-10 15:52 | INFO | Query 3 Active Learning Runtime on Test Set: 253466.95
2025-02-10 15:52 | INFO | Query 3 Active Learning Instance Cost: 274431.86
2025-02-10 15:52 | INFO | Query 4 Size of the uncertainty table is = 4753/5040
2025-02-10 15:52 | INFO | Query 4 Size of the filtered table is = 51
2025-02-10 15:52 | INFO | Training Time Active Learning Classifier: 1.14 seconds
2025-02-10 15:52 | INFO | Training Time Active Learning Regressor: 0.35 seconds
2025-02-10 15:52 | INFO | Query 4 Active Learning Runtime on Validation Set: 180380.56
2025-02-10 15:52 | INFO | Query 4 Active Learning Runtime on Test Set: 395468.62
2025-02-10 15:52 | INFO | Query 4 Active Learning Instance Cost: 344898.07
2025-02-10 15:52 | INFO | Query 5 Size of the uncertainty table is = 4578/5040
2025-02-10 15:52 | INFO | Query 5 Size of the filtered table is = 51
2025-02-10 15:52 | INFO | Training Time Active Learning Classifier: 1.16 seconds
2025-02-10 15:52 | INFO | Training Time Active Learning Regressor: 0.35 seconds
2025-02-10 15:52 | INFO | Query 5 Active Learning Runtime on Validation Set: 288573.14
2025-02-10 15:52 | INFO | Query 5 Active Learning Runtime on Test Set: 359471.82999999996
2025-02-10 15:52 | INFO | Query 5 Active Learning Instance Cost: 439684.49
2025-02-10 15:52 | INFO | Timeout limit is increased to 3600
2025-02-10 15:52 | INFO | Query 6 Size of the uncertainty table is = 4337/5040
2025-02-10 15:52 | INFO | Query 6 Size of the filtered table is = 51
2025-02-10 15:52 | INFO | Training Time Active Learning Classifier: 1.16 seconds
2025-02-10 15:52 | INFO | Training Time Active Learning Regressor: 0.36 seconds
2025-02-10 15:52 | INFO | Query 6 Active Learning Runtime on Validation Set: 180401.96999999997
2025-02-10 15:52 | INFO | Query 6 Active Learning Runtime on Test Set: 361014.92
2025-02-10 15:52 | INFO | Query 6 Active Learning Instance Cost: 507135.48
2025-02-10 15:52 | INFO | Query 7 Size of the uncertainty table is = 4216/5040
2025-02-10 15:52 | INFO | Query 7 Size of the filtered table is = 51
2025-02-10 15:52 | INFO | Training Time Active Learning Classifier: 1.18 seconds
2025-02-10 15:52 | INFO | Training Time Active Learning Regressor: 0.37 seconds
2025-02-10 15:52 | INFO | Query 7 Active Learning Runtime on Validation Set: 148148.88
2025-02-10 15:52 | INFO | Query 7 Active Learning Runtime on Test Set: 255102.56
2025-02-10 15:52 | INFO | Query 7 Active Learning Instance Cost: 571857.87
2025-02-10 15:52 | INFO | Query 8 Size of the uncertainty table is = 4071/5040
2025-02-10 15:52 | INFO | Query 8 Size of the filtered table is = 51
2025-02-10 15:52 | INFO | Training Time Active Learning Classifier: 1.19 seconds
2025-02-10 15:52 | INFO | Training Time Active Learning Regressor: 0.37 seconds
2025-02-10 15:52 | INFO | Query 8 Active Learning Runtime on Validation Set: 147996.09999999998
2025-02-10 15:52 | INFO | Query 8 Active Learning Runtime on Test Set: 182856.52999999997
2025-02-10 15:52 | INFO | Query 8 Active Learning Instance Cost: 607611.93
2025-02-10 15:52 | INFO | Query 9 Size of the uncertainty table is = 3892/5040
2025-02-10 15:52 | INFO | Query 9 Size of the filtered table is = 51
2025-02-10 15:52 | INFO | Training Time Active Learning Classifier: 1.2 seconds
2025-02-10 15:52 | INFO | Training Time Active Learning Regressor: 0.38 seconds
2025-02-10 15:52 | INFO | Query 9 Active Learning Runtime on Validation Set: 220449.74
2025-02-10 15:52 | INFO | Query 9 Active Learning Runtime on Test Set: 183640.90999999997
2025-02-10 15:52 | INFO | Query 9 Active Learning Instance Cost: 671267.13
2025-02-10 15:52 | INFO | Timeout limit is increased to 3600
2025-02-10 15:52 | INFO | Query 10 Size of the uncertainty table is = 3703/5040
2025-02-10 15:52 | INFO | Query 10 Size of the filtered table is = 51
2025-02-10 15:53 | INFO | Training Time Active Learning Classifier: 1.21 seconds
2025-02-10 15:53 | INFO | Training Time Active Learning Regressor: 0.39 seconds
2025-02-10 15:53 | INFO | Query 10 Active Learning Runtime on Validation Set: 221041.82
2025-02-10 15:53 | INFO | Query 10 Active Learning Runtime on Test Set: 182917.34999999998
2025-02-10 15:53 | INFO | Query 10 Active Learning Instance Cost: 712912.97
2025-02-10 15:53 | INFO | Timeout limit is increased to 3600
2025-02-10 15:53 | INFO | Query 11 Size of the uncertainty table is = 3549/5040
2025-02-10 15:53 | INFO | Query 11 Size of the filtered table is = 51
2025-02-10 15:53 | INFO | Training Time Active Learning Classifier: 1.22 seconds
2025-02-10 15:53 | INFO | Training Time Active Learning Regressor: 0.39 seconds
2025-02-10 15:53 | INFO | Query 11 Active Learning Runtime on Validation Set: 220728.64
2025-02-10 15:53 | INFO | Query 11 Active Learning Runtime on Test Set: 217415.62
2025-02-10 15:53 | INFO | Query 11 Active Learning Instance Cost: 756675.02
2025-02-10 15:53 | INFO | Query 12 Size of the uncertainty table is = 3346/5040
2025-02-10 15:53 | INFO | Query 12 Size of the filtered table is = 51
2025-02-10 15:53 | INFO | Training Time Active Learning Classifier: 1.23 seconds
2025-02-10 15:53 | INFO | Training Time Active Learning Regressor: 0.4 seconds
2025-02-10 15:53 | INFO | Query 12 Active Learning Runtime on Validation Set: 220994.97999999998
2025-02-10 15:53 | INFO | Query 12 Active Learning Runtime on Test Set: 182618.71999999997
2025-02-10 15:53 | INFO | Query 12 Active Learning Instance Cost: 847607.42
2025-02-10 15:53 | INFO | Timeout limit is increased to 3600
2025-02-10 15:53 | INFO | Query 13 Size of the uncertainty table is = 3126/5040
2025-02-10 15:53 | INFO | Query 13 Size of the filtered table is = 51
2025-02-10 15:53 | INFO | Training Time Active Learning Classifier: 1.24 seconds
2025-02-10 15:53 | INFO | Training Time Active Learning Regressor: 0.4 seconds
2025-02-10 15:53 | INFO | Query 13 Active Learning Runtime on Validation Set: 184326.3
2025-02-10 15:53 | INFO | Query 13 Active Learning Runtime on Test Set: 215726.95
2025-02-10 15:53 | INFO | Query 13 Active Learning Instance Cost: 944682.05
2025-02-10 15:53 | INFO | Query 14 Size of the uncertainty table is = 2931/5040
2025-02-10 15:53 | INFO | Query 14 Size of the filtered table is = 51
2025-02-10 15:53 | INFO | Training Time Active Learning Classifier: 1.26 seconds
2025-02-10 15:53 | INFO | Training Time Active Learning Regressor: 0.41 seconds
2025-02-10 15:53 | INFO | Query 14 Active Learning Runtime on Validation Set: 184194.71000000002
2025-02-10 15:53 | INFO | Query 14 Active Learning Runtime on Test Set: 252714.68
2025-02-10 15:53 | INFO | Query 14 Active Learning Instance Cost: 979889.67
2025-02-10 15:53 | INFO | Query 15 Size of the uncertainty table is = 2730/5040
2025-02-10 15:53 | INFO | Query 15 Size of the filtered table is = 51
2025-02-10 15:53 | INFO | Training Time Active Learning Classifier: 1.28 seconds
2025-02-10 15:53 | INFO | Training Time Active Learning Regressor: 0.41 seconds
2025-02-10 15:53 | INFO | Query 15 Active Learning Runtime on Validation Set: 184195.24
2025-02-10 15:53 | INFO | Query 15 Active Learning Runtime on Test Set: 216408.5
2025-02-10 15:53 | INFO | Query 15 Active Learning Instance Cost: 1032502.35
2025-02-10 15:53 | INFO | Timeout limit is increased to 3600
2025-02-10 15:53 | INFO | Query 16 Size of the uncertainty table is = 2528/5040
2025-02-10 15:53 | INFO | Query 16 Size of the filtered table is = 51
2025-02-10 15:53 | INFO | Training Time Active Learning Classifier: 1.29 seconds
2025-02-10 15:53 | INFO | Training Time Active Learning Regressor: 0.42 seconds
2025-02-10 15:54 | INFO | Query 16 Active Learning Runtime on Validation Set: 184173.69
2025-02-10 15:54 | INFO | Query 16 Active Learning Runtime on Test Set: 216802.78999999998
2025-02-10 15:54 | INFO | Query 16 Active Learning Instance Cost: 1080537.1
2025-02-10 15:54 | INFO | Query 17 Size of the uncertainty table is = 2304/5040
2025-02-10 15:54 | INFO | Query 17 Size of the filtered table is = 51
2025-02-10 15:54 | INFO | Training Time Active Learning Classifier: 1.31 seconds
2025-02-10 15:54 | INFO | Training Time Active Learning Regressor: 0.43 seconds
2025-02-10 15:54 | INFO | Query 17 Active Learning Runtime on Validation Set: 184474.19
2025-02-10 15:54 | INFO | Query 17 Active Learning Runtime on Test Set: 180193.56
2025-02-10 15:54 | INFO | Query 17 Active Learning Instance Cost: 1115509.37
2025-02-10 15:54 | INFO | Timeout limit is increased to 3600
2025-02-10 15:54 | INFO | Query 18 Size of the uncertainty table is = 2081/5040
2025-02-10 15:54 | INFO | Query 18 Size of the filtered table is = 51
2025-02-10 15:54 | INFO | Training Time Active Learning Classifier: 1.32 seconds
2025-02-10 15:54 | INFO | Training Time Active Learning Regressor: 0.43 seconds
2025-02-10 15:54 | INFO | Query 18 Active Learning Runtime on Validation Set: 184196.24
2025-02-10 15:54 | INFO | Query 18 Active Learning Runtime on Test Set: 182111.27999999997
2025-02-10 15:54 | INFO | Query 18 Active Learning Instance Cost: 1139649.04
2025-02-10 15:54 | INFO | Query 19 Size of the uncertainty table is = 1865/5040
2025-02-10 15:54 | INFO | Query 19 Size of the filtered table is = 51
2025-02-10 15:54 | INFO | Training Time Active Learning Classifier: 1.34 seconds
2025-02-10 15:54 | INFO | Training Time Active Learning Regressor: 0.43 seconds
2025-02-10 15:54 | INFO | Query 19 Active Learning Runtime on Validation Set: 256920.26
2025-02-10 15:54 | INFO | Query 19 Active Learning Runtime on Test Set: 180194.15000000002
2025-02-10 15:54 | INFO | Query 19 Active Learning Instance Cost: 1190884.48
2025-02-10 15:54 | INFO | Timeout limit is increased to 3600
2025-02-10 15:54 | INFO | Query 20 Size of the uncertainty table is = 1634/5040
2025-02-10 15:54 | INFO | Query 20 Size of the filtered table is = 51
2025-02-10 15:54 | INFO | Training Time Active Learning Classifier: 1.35 seconds
2025-02-10 15:54 | INFO | Training Time Active Learning Regressor: 0.44 seconds
2025-02-10 15:54 | INFO | Query 20 Active Learning Runtime on Validation Set: 257241.64
2025-02-10 15:54 | INFO | Query 20 Active Learning Runtime on Test Set: 110216.34999999999
2025-02-10 15:54 | INFO | Query 20 Active Learning Instance Cost: 1213932.59
2025-02-10 15:54 | INFO | Timeout limit is increased to 3600
2025-02-10 15:54 | INFO | Query 21 Size of the uncertainty table is = 1440/5040
2025-02-10 15:54 | INFO | Query 21 Size of the filtered table is = 51
2025-02-10 15:54 | INFO | Training Time Active Learning Classifier: 1.37 seconds
2025-02-10 15:54 | INFO | Training Time Active Learning Regressor: 0.44 seconds
2025-02-10 15:54 | INFO | Query 21 Active Learning Runtime on Validation Set: 295315.12
2025-02-10 15:54 | INFO | Query 21 Active Learning Runtime on Test Set: 146994.66
2025-02-10 15:54 | INFO | Query 21 Active Learning Instance Cost: 1235326.71
2025-02-10 15:54 | INFO | Timeout limit is increased to 3600
2025-02-10 15:54 | INFO | Query 22 Size of the uncertainty table is = 1249/5040
2025-02-10 15:54 | INFO | Query 22 Size of the filtered table is = 51
2025-02-10 15:54 | INFO | Training Time Active Learning Classifier: 1.38 seconds
2025-02-10 15:54 | INFO | Training Time Active Learning Regressor: 0.45 seconds
2025-02-10 15:54 | INFO | Query 22 Active Learning Runtime on Validation Set: 331223.82
2025-02-10 15:54 | INFO | Query 22 Active Learning Runtime on Test Set: 113081.54
2025-02-10 15:54 | INFO | Query 22 Active Learning Instance Cost: 1296458.84
2025-02-10 15:54 | INFO | Timeout limit is increased to 3600
2025-02-10 15:54 | INFO | Query 23 Size of the uncertainty table is = 1015/5040
2025-02-10 15:54 | INFO | Query 23 Size of the filtered table is = 51
2025-02-10 15:55 | INFO | Training Time Active Learning Classifier: 1.39 seconds
2025-02-10 15:55 | INFO | Training Time Active Learning Regressor: 0.46 seconds
2025-02-10 15:55 | INFO | Query 23 Active Learning Runtime on Validation Set: 295302.54
2025-02-10 15:55 | INFO | Query 23 Active Learning Runtime on Test Set: 145243.91999999998
2025-02-10 15:55 | INFO | Query 23 Active Learning Instance Cost: 1319186.36
2025-02-10 15:55 | INFO | Query 24 Size of the uncertainty table is = 812/5040
2025-02-10 15:55 | INFO | Query 24 Size of the filtered table is = 51
2025-02-10 15:55 | INFO | Training Time Active Learning Classifier: 1.41 seconds
2025-02-10 15:55 | INFO | Training Time Active Learning Regressor: 0.46 seconds
2025-02-10 15:55 | INFO | Query 24 Active Learning Runtime on Validation Set: 331179.73
2025-02-10 15:55 | INFO | Query 24 Active Learning Runtime on Test Set: 145242.08000000002
2025-02-10 15:55 | INFO | Query 24 Active Learning Instance Cost: 1374295.19
2025-02-10 15:55 | INFO | Timeout limit is increased to 3600
2025-02-10 15:55 | INFO | Query 25 Size of the uncertainty table is = 582/5040
2025-02-10 15:55 | INFO | Query 25 Size of the filtered table is = 51
2025-02-10 15:55 | INFO | Training Time Active Learning Classifier: 1.41 seconds
2025-02-10 15:55 | INFO | Training Time Active Learning Regressor: 0.46 seconds
2025-02-10 15:55 | INFO | Query 25 Active Learning Runtime on Validation Set: 331178.57
2025-02-10 15:55 | INFO | Query 25 Active Learning Runtime on Test Set: 178368.52000000002
2025-02-10 15:55 | INFO | Query 25 Active Learning Instance Cost: 1429796.83
2025-02-10 15:55 | INFO | Query 26 Size of the uncertainty table is = 357/5040
2025-02-10 15:55 | INFO | Query 26 Size of the filtered table is = 51
2025-02-10 15:55 | INFO | Training Time Active Learning Classifier: 1.43 seconds
2025-02-10 15:55 | INFO | Training Time Active Learning Regressor: 0.47 seconds
2025-02-10 15:55 | INFO | Query 26 Active Learning Runtime on Validation Set: 331179.08999999997
2025-02-10 15:55 | INFO | Query 26 Active Learning Runtime on Test Set: 179306.53999999998
2025-02-10 15:55 | INFO | Query 26 Active Learning Instance Cost: 1443527.06
2025-02-10 15:55 | INFO | Timeout limit is increased to 3600
2025-02-10 15:55 | INFO | Query 27 Size of the uncertainty table is = 188/5040
2025-02-10 15:55 | INFO | Query 27 Size of the filtered table is = 51
2025-02-10 15:55 | INFO | Training Time Active Learning Classifier: 1.44 seconds
2025-02-10 15:55 | INFO | Training Time Active Learning Regressor: 0.52 seconds
2025-02-10 15:55 | INFO | Query 27 Active Learning Runtime on Validation Set: 295179.21
2025-02-10 15:55 | INFO | Query 27 Active Learning Runtime on Test Set: 145226.97
2025-02-10 15:55 | INFO | Query 27 Active Learning Instance Cost: 1474064.28
2025-02-10 15:55 | INFO | Query 28 Size of the uncertainty table is = 42/5040
2025-02-10 15:55 | INFO | Query 28 Size of the filtered table is = 42
2025-02-10 15:55 | INFO | Training Time Active Learning Classifier: 1.44 seconds
2025-02-10 15:55 | INFO | Training Time Active Learning Regressor: 0.47 seconds
2025-02-10 15:55 | INFO | Query 28 Active Learning Runtime on Validation Set: 295183.25
2025-02-10 15:55 | INFO | Query 28 Active Learning Runtime on Test Set: 145226.97
2025-02-10 15:55 | INFO | Query 28 Active Learning Instance Cost: 1486866.7
2025-02-10 15:55 | INFO | Timeout limit is increased to 3600
2025-02-10 15:55 | INFO | Active Learning Emissions: 0.003082401412258737
2025-02-10 15:55 | INFO | Active Learning Energy Consumption: 0.0033537314476346698 kWh
2025-02-10 15:55 | INFO | runtime_test_score is written as json file
2025-02-10 15:55 | INFO | runtime_validation_score is written as json file
2025-02-10 15:55 | INFO | instance_cost is written as json file
2025-02-10 15:55 | INFO | Experiment is finished
