2025-02-10 15:49 | INFO | Paramaters are: {'dataset': 'MAXSAT19-UCMS', 'penalty': 10, 'weight': 'No_Weight', 'voting': 'Hard', 'pre_selection_size': 64, 'pre_selection_technique': 'No_pre_selection', 'feature_elimination_threshold': 20, 'imputer_strategy': 'median', 'feature_selection_technique': 'No_feature_selection', 'feature_scaling_technique': 'StandardScaler', 'priority': {'Uncertainty': 'max', 'PredCost': 'min', 'PredDiff': 'max'}, 'initial_train_size': 20, 'query_size': 1, 'timeout_predictor_usage': 'No', 'timeout_limit': 100, 'timeout_increase_rate': 100, 'penalty_type': 'Only-timeout-penalty', 'RANDOM_STATE_SEED': 99, 'n_splits': 10, 'split_number': 7, 'max_timeout': 3600, 'param_grid': {'n_estimators': 100, 'max_features': 'sqrt', 'max_depth': 2147483648, 'min_samples_split': 2, 'bootstrap': True}}
2025-02-10 15:49 | INFO | MAXSAT19-UCMS is current dataset
2025-02-10 15:49 | INFO | DATASETS/MAXSAT19-UCMS/algorithm_runs.arff is found
2025-02-10 15:49 | INFO | DATASETS/MAXSAT19-UCMS/algorithm_runs.arff is finished
2025-02-10 15:49 | INFO | DATASETS/MAXSAT19-UCMS/feature_values.arff is found
2025-02-10 15:49 | INFO | DATASETS/MAXSAT19-UCMS/feature_values.arff is finished
2025-02-10 15:49 | INFO | DATASETS/MAXSAT19-UCMS/feature_costs.arff is found
2025-02-10 15:49 | INFO | DATASETS/MAXSAT19-UCMS/feature_costs.arff is finished
2025-02-10 15:49 | INFO | Virtual best solver time in train = 51572.1
2025-02-10 15:49 | INFO | Single best solver list train = {'MaxHS': 1085975.05, 'Open.WBO.g': 1549013.53, 'Open.WBO.ms': 1407108.98, 'Open.WBO.ms.pre': 1903860.08, 'QMaxSAT2018': 4033905.17, 'UWrMaxSAT': 1280065.4, 'maxino2018': 1504875.86}
2025-02-10 15:49 | INFO | Single best solver time train = MaxHS (1085975.05)
2025-02-10 15:49 | INFO | Virtual best solver time in validation = 9889.64
2025-02-10 15:49 | INFO | Single best solver list validation = {'MaxHS': 330330.41, 'Open.WBO.g': 191920.49, 'Open.WBO.ms': 118952.98, 'Open.WBO.ms.pre': 220865.55, 'QMaxSAT2018': 548254.64, 'UWrMaxSAT': 149963.41, 'maxino2018': 223585.35}
2025-02-10 15:49 | INFO | Single best solver time validation = Open.WBO.ms (118952.98)
2025-02-10 15:49 | INFO | Virtual best solver time in test = 10095.14
2025-02-10 15:49 | INFO | Single best solver list test = {'MaxHS': 154520.4, 'Open.WBO.g': 258141.75, 'Open.WBO.ms': 257359.48, 'Open.WBO.ms.pre': 363007.73, 'QMaxSAT2018': 509449.1, 'UWrMaxSAT': 181852.5, 'maxino2018': 398473.63}
2025-02-10 15:49 | INFO | Single best solver time test = MaxHS (154520.4)
2025-02-10 15:49 | INFO | Training Time Passive Learning Classifier: 1.45 seconds
2025-02-10 15:49 | INFO | Training Time Passive Learning Regressor: 0.47 seconds
2025-02-10 15:49 | INFO | Passive Learning Classifier Runtime on Validation Set: 330140.26
2025-02-10 15:49 | INFO | Passive Learning Classifier Runtime on Test Set: 113932.79
2025-02-10 15:49 | INFO | Passive Learning Instance Cost: 1489604.07
2025-02-10 15:49 | INFO | Passive Learning Emissions: 8.911682723345808e-05
2025-02-10 15:49 | INFO | Passive Learning Energy Consumption: 9.696138368534677e-05 kWh
2025-02-10 15:49 | INFO | Training Time Active Learning Classifier: 1.2 seconds
2025-02-10 15:49 | INFO | Training Time Active Learning Regressor: 0.31 seconds
2025-02-10 15:49 | INFO | Initial Active Learning Runtime on Validation Set: 220663.92
2025-02-10 15:49 | INFO | Initial Active Learning Runtime on Test Set: 183451.78
2025-02-10 15:49 | INFO | Initial Active Learning Instance Cost: 7257.75
2025-02-10 15:49 | INFO | Bin size = 51
2025-02-10 15:49 | INFO | Query 1 Size of the uncertainty table is = 5130/5040
2025-02-10 15:49 | INFO | Query 1 Size of the filtered table is = 51
2025-02-10 15:49 | INFO | Training Time Active Learning Classifier: 1.11 seconds
2025-02-10 15:49 | INFO | Training Time Active Learning Regressor: 0.32 seconds
2025-02-10 15:49 | INFO | Query 1 Active Learning Runtime on Validation Set: 257259.12
2025-02-10 15:49 | INFO | Query 1 Active Learning Runtime on Test Set: 182819.41999999998
2025-02-10 15:49 | INFO | Query 1 Active Learning Instance Cost: 11580.15
2025-02-10 15:49 | INFO | Timeout limit is increased to 200
2025-02-10 15:49 | INFO | Query 2 Size of the uncertainty table is = 5059/5040
2025-02-10 15:49 | INFO | Query 2 Size of the filtered table is = 51
2025-02-10 15:49 | INFO | Training Time Active Learning Classifier: 1.12 seconds
2025-02-10 15:49 | INFO | Training Time Active Learning Regressor: 0.33 seconds
2025-02-10 15:49 | INFO | Query 2 Active Learning Runtime on Validation Set: 221096.4
2025-02-10 15:49 | INFO | Query 2 Active Learning Runtime on Test Set: 219356.68
2025-02-10 15:49 | INFO | Query 2 Active Learning Instance Cost: 16403.43
2025-02-10 15:49 | INFO | Query 3 Size of the uncertainty table is = 4965/5040
2025-02-10 15:49 | INFO | Query 3 Size of the filtered table is = 51
2025-02-10 15:49 | INFO | Training Time Active Learning Classifier: 1.13 seconds
2025-02-10 15:49 | INFO | Training Time Active Learning Regressor: 0.34 seconds
2025-02-10 15:50 | INFO | Query 3 Active Learning Runtime on Validation Set: 256436.82
2025-02-10 15:50 | INFO | Query 3 Active Learning Runtime on Test Set: 218414.63
2025-02-10 15:50 | INFO | Query 3 Active Learning Instance Cost: 24056.55
2025-02-10 15:50 | INFO | Timeout limit is increased to 300
2025-02-10 15:50 | INFO | Query 4 Size of the uncertainty table is = 4881/5040
2025-02-10 15:50 | INFO | Query 4 Size of the filtered table is = 51
2025-02-10 15:50 | INFO | Training Time Active Learning Classifier: 1.2 seconds
2025-02-10 15:50 | INFO | Training Time Active Learning Regressor: 0.35 seconds
2025-02-10 15:50 | INFO | Query 4 Active Learning Runtime on Validation Set: 292427.37
2025-02-10 15:50 | INFO | Query 4 Active Learning Runtime on Test Set: 218217.83
2025-02-10 15:50 | INFO | Query 4 Active Learning Instance Cost: 34967.46
2025-02-10 15:50 | INFO | Timeout limit is increased to 400
2025-02-10 15:50 | INFO | Query 5 Size of the uncertainty table is = 4774/5040
2025-02-10 15:50 | INFO | Query 5 Size of the filtered table is = 51
2025-02-10 15:50 | INFO | Training Time Active Learning Classifier: 1.15 seconds
2025-02-10 15:50 | INFO | Training Time Active Learning Regressor: 0.35 seconds
2025-02-10 15:50 | INFO | Query 5 Active Learning Runtime on Validation Set: 256427.28
2025-02-10 15:50 | INFO | Query 5 Active Learning Runtime on Test Set: 252702.03
2025-02-10 15:50 | INFO | Query 5 Active Learning Instance Cost: 43577.07
2025-02-10 15:50 | INFO | Query 6 Size of the uncertainty table is = 4621/5040
2025-02-10 15:50 | INFO | Query 6 Size of the filtered table is = 51
2025-02-10 15:50 | INFO | Training Time Active Learning Classifier: 1.16 seconds
2025-02-10 15:50 | INFO | Training Time Active Learning Regressor: 0.36 seconds
2025-02-10 15:50 | INFO | Query 6 Active Learning Runtime on Validation Set: 221179.41
2025-02-10 15:50 | INFO | Query 6 Active Learning Runtime on Test Set: 181626.4
2025-02-10 15:50 | INFO | Query 6 Active Learning Instance Cost: 53259.44
2025-02-10 15:50 | INFO | Query 7 Size of the uncertainty table is = 4489/5040
2025-02-10 15:50 | INFO | Query 7 Size of the filtered table is = 51
2025-02-10 15:50 | INFO | Training Time Active Learning Classifier: 1.22 seconds
2025-02-10 15:50 | INFO | Training Time Active Learning Regressor: 0.37 seconds
2025-02-10 15:50 | INFO | Query 7 Active Learning Runtime on Validation Set: 220480.24
2025-02-10 15:50 | INFO | Query 7 Active Learning Runtime on Test Set: 217594.91
2025-02-10 15:50 | INFO | Query 7 Active Learning Instance Cost: 64710.38
2025-02-10 15:50 | INFO | Query 8 Size of the uncertainty table is = 4364/5040
2025-02-10 15:50 | INFO | Query 8 Size of the filtered table is = 51
2025-02-10 15:50 | INFO | Training Time Active Learning Classifier: 1.17 seconds
2025-02-10 15:50 | INFO | Training Time Active Learning Regressor: 0.37 seconds
2025-02-10 15:50 | INFO | Query 8 Active Learning Runtime on Validation Set: 221186.0
2025-02-10 15:50 | INFO | Query 8 Active Learning Runtime on Test Set: 217594.69
2025-02-10 15:50 | INFO | Query 8 Active Learning Instance Cost: 74205.43
2025-02-10 15:50 | INFO | Timeout limit is increased to 500
2025-02-10 15:50 | INFO | Query 9 Size of the uncertainty table is = 4240/5040
2025-02-10 15:50 | INFO | Query 9 Size of the filtered table is = 51
2025-02-10 15:50 | INFO | Training Time Active Learning Classifier: 1.18 seconds
2025-02-10 15:50 | INFO | Training Time Active Learning Regressor: 0.38 seconds
2025-02-10 15:50 | INFO | Query 9 Active Learning Runtime on Validation Set: 292051.95
2025-02-10 15:50 | INFO | Query 9 Active Learning Runtime on Test Set: 254934.84
2025-02-10 15:50 | INFO | Query 9 Active Learning Instance Cost: 81744.42
2025-02-10 15:50 | INFO | Timeout limit is increased to 600
2025-02-10 15:51 | INFO | Query 10 Size of the uncertainty table is = 4086/5040
2025-02-10 15:51 | INFO | Query 10 Size of the filtered table is = 51
2025-02-10 15:51 | INFO | Training Time Active Learning Classifier: 1.2 seconds
2025-02-10 15:51 | INFO | Training Time Active Learning Regressor: 0.38 seconds
2025-02-10 15:51 | INFO | Query 10 Active Learning Runtime on Validation Set: 292047.44
2025-02-10 15:51 | INFO | Query 10 Active Learning Runtime on Test Set: 217808.57
2025-02-10 15:51 | INFO | Query 10 Active Learning Instance Cost: 100849.45
2025-02-10 15:51 | INFO | Query 11 Size of the uncertainty table is = 3918/5040
2025-02-10 15:51 | INFO | Query 11 Size of the filtered table is = 51
2025-02-10 15:51 | INFO | Training Time Active Learning Classifier: 1.21 seconds
2025-02-10 15:51 | INFO | Training Time Active Learning Regressor: 0.39 seconds
2025-02-10 15:51 | INFO | Query 11 Active Learning Runtime on Validation Set: 295434.69
2025-02-10 15:51 | INFO | Query 11 Active Learning Runtime on Test Set: 253862.03999999998
2025-02-10 15:51 | INFO | Query 11 Active Learning Instance Cost: 123014.44
2025-02-10 15:51 | INFO | Timeout limit is increased to 700
2025-02-10 15:51 | INFO | Query 12 Size of the uncertainty table is = 3741/5040
2025-02-10 15:51 | INFO | Query 12 Size of the filtered table is = 51
2025-02-10 15:51 | INFO | Training Time Active Learning Classifier: 1.22 seconds
2025-02-10 15:51 | INFO | Training Time Active Learning Regressor: 0.4 seconds
2025-02-10 15:51 | INFO | Query 12 Active Learning Runtime on Validation Set: 328050.76
2025-02-10 15:51 | INFO | Query 12 Active Learning Runtime on Test Set: 253840.13999999998
2025-02-10 15:51 | INFO | Query 12 Active Learning Instance Cost: 139218.76
2025-02-10 15:51 | INFO | Timeout limit is increased to 800
2025-02-10 15:51 | INFO | Query 13 Size of the uncertainty table is = 3572/5040
2025-02-10 15:51 | INFO | Query 13 Size of the filtered table is = 51
2025-02-10 15:51 | INFO | Training Time Active Learning Classifier: 1.23 seconds
2025-02-10 15:51 | INFO | Training Time Active Learning Regressor: 0.41 seconds
2025-02-10 15:51 | INFO | Query 13 Active Learning Runtime on Validation Set: 331451.2
2025-02-10 15:51 | INFO | Query 13 Active Learning Runtime on Test Set: 287951.87
2025-02-10 15:51 | INFO | Query 13 Active Learning Instance Cost: 154994.82
2025-02-10 15:51 | INFO | Timeout limit is increased to 900
2025-02-10 15:51 | INFO | Query 14 Size of the uncertainty table is = 3389/5040
2025-02-10 15:51 | INFO | Query 14 Size of the filtered table is = 51
2025-02-10 15:51 | INFO | Training Time Active Learning Classifier: 1.24 seconds
2025-02-10 15:51 | INFO | Training Time Active Learning Regressor: 0.41 seconds
2025-02-10 15:51 | INFO | Query 14 Active Learning Runtime on Validation Set: 331454.16
2025-02-10 15:51 | INFO | Query 14 Active Learning Runtime on Test Set: 181548.44
2025-02-10 15:51 | INFO | Query 14 Active Learning Instance Cost: 172244.86
2025-02-10 15:51 | INFO | Timeout limit is increased to 1000
2025-02-10 15:51 | INFO | Query 15 Size of the uncertainty table is = 3223/5040
2025-02-10 15:51 | INFO | Query 15 Size of the filtered table is = 51
2025-02-10 15:51 | INFO | Training Time Active Learning Classifier: 1.25 seconds
2025-02-10 15:51 | INFO | Training Time Active Learning Regressor: 0.41 seconds
2025-02-10 15:51 | INFO | Query 15 Active Learning Runtime on Validation Set: 331449.62
2025-02-10 15:51 | INFO | Query 15 Active Learning Runtime on Test Set: 252680.28
2025-02-10 15:51 | INFO | Query 15 Active Learning Instance Cost: 207040.22
2025-02-10 15:52 | INFO | Query 16 Size of the uncertainty table is = 3128/5040
2025-02-10 15:52 | INFO | Query 16 Size of the filtered table is = 51
2025-02-10 15:52 | INFO | Training Time Active Learning Classifier: 1.25 seconds
2025-02-10 15:52 | INFO | Training Time Active Learning Regressor: 0.41 seconds
2025-02-10 15:52 | INFO | Query 16 Active Learning Runtime on Validation Set: 330785.77999999997
2025-02-10 15:52 | INFO | Query 16 Active Learning Runtime on Test Set: 217442.69999999998
2025-02-10 15:52 | INFO | Query 16 Active Learning Instance Cost: 241495.71
2025-02-10 15:52 | INFO | Query 17 Size of the uncertainty table is = 3048/5040
2025-02-10 15:52 | INFO | Query 17 Size of the filtered table is = 51
2025-02-10 15:52 | INFO | Training Time Active Learning Classifier: 1.27 seconds
2025-02-10 15:52 | INFO | Training Time Active Learning Regressor: 0.42 seconds
2025-02-10 15:52 | INFO | Query 17 Active Learning Runtime on Validation Set: 330599.23
2025-02-10 15:52 | INFO | Query 17 Active Learning Runtime on Test Set: 217444.07
2025-02-10 15:52 | INFO | Query 17 Active Learning Instance Cost: 255885.13
2025-02-10 15:52 | INFO | Query 18 Size of the uncertainty table is = 2950/5040
2025-02-10 15:52 | INFO | Query 18 Size of the filtered table is = 51
2025-02-10 15:52 | INFO | Training Time Active Learning Classifier: 1.27 seconds
2025-02-10 15:52 | INFO | Training Time Active Learning Regressor: 0.42 seconds
2025-02-10 15:52 | INFO | Query 18 Active Learning Runtime on Validation Set: 331124.68
2025-02-10 15:52 | INFO | Query 18 Active Learning Runtime on Test Set: 181415.3
2025-02-10 15:52 | INFO | Query 18 Active Learning Instance Cost: 268311.14
2025-02-10 15:52 | INFO | Timeout limit is increased to 1100
2025-02-10 15:52 | INFO | Query 19 Size of the uncertainty table is = 2913/5040
2025-02-10 15:52 | INFO | Query 19 Size of the filtered table is = 51
2025-02-10 15:52 | INFO | Training Time Active Learning Classifier: 1.28 seconds
2025-02-10 15:52 | INFO | Training Time Active Learning Regressor: 0.42 seconds
2025-02-10 15:52 | INFO | Query 19 Active Learning Runtime on Validation Set: 330928.7
2025-02-10 15:52 | INFO | Query 19 Active Learning Runtime on Test Set: 217810.8
2025-02-10 15:52 | INFO | Query 19 Active Learning Instance Cost: 296705.89
2025-02-10 15:52 | INFO | Query 20 Size of the uncertainty table is = 2813/5040
2025-02-10 15:52 | INFO | Query 20 Size of the filtered table is = 51
2025-02-10 15:52 | INFO | Training Time Active Learning Classifier: 1.29 seconds
2025-02-10 15:52 | INFO | Training Time Active Learning Regressor: 0.42 seconds
2025-02-10 15:52 | INFO | Query 20 Active Learning Runtime on Validation Set: 330587.37
2025-02-10 15:52 | INFO | Query 20 Active Learning Runtime on Test Set: 217492.91
2025-02-10 15:52 | INFO | Query 20 Active Learning Instance Cost: 312677.3
2025-02-10 15:52 | INFO | Query 21 Size of the uncertainty table is = 2726/5040
2025-02-10 15:52 | INFO | Query 21 Size of the filtered table is = 51
2025-02-10 15:52 | INFO | Training Time Active Learning Classifier: 1.29 seconds
2025-02-10 15:52 | INFO | Training Time Active Learning Regressor: 0.49 seconds
2025-02-10 15:52 | INFO | Query 21 Active Learning Runtime on Validation Set: 330908.91
2025-02-10 15:52 | INFO | Query 21 Active Learning Runtime on Test Set: 181587.38
2025-02-10 15:52 | INFO | Query 21 Active Learning Instance Cost: 324299.15
2025-02-10 15:52 | INFO | Timeout limit is increased to 1200
2025-02-10 15:52 | INFO | Query 22 Size of the uncertainty table is = 2642/5040
2025-02-10 15:52 | INFO | Query 22 Size of the filtered table is = 51
2025-02-10 15:53 | INFO | Training Time Active Learning Classifier: 1.3 seconds
2025-02-10 15:53 | INFO | Training Time Active Learning Regressor: 0.43 seconds
2025-02-10 15:53 | INFO | Query 22 Active Learning Runtime on Validation Set: 258603.66
2025-02-10 15:53 | INFO | Query 22 Active Learning Runtime on Test Set: 216000.5
2025-02-10 15:53 | INFO | Query 22 Active Learning Instance Cost: 347016.98
2025-02-10 15:53 | INFO | Query 23 Size of the uncertainty table is = 2580/5040
2025-02-10 15:53 | INFO | Query 23 Size of the filtered table is = 51
2025-02-10 15:53 | INFO | Training Time Active Learning Classifier: 1.37 seconds
2025-02-10 15:53 | INFO | Training Time Active Learning Regressor: 0.43 seconds
2025-02-10 15:53 | INFO | Query 23 Active Learning Runtime on Validation Set: 330864.61
2025-02-10 15:53 | INFO | Query 23 Active Learning Runtime on Test Set: 251996.36
2025-02-10 15:53 | INFO | Query 23 Active Learning Instance Cost: 361068.41
2025-02-10 15:53 | INFO | Timeout limit is increased to 1300
2025-02-10 15:53 | INFO | Query 24 Size of the uncertainty table is = 2530/5040
2025-02-10 15:53 | INFO | Query 24 Size of the filtered table is = 51
2025-02-10 15:53 | INFO | Training Time Active Learning Classifier: 1.31 seconds
2025-02-10 15:53 | INFO | Training Time Active Learning Regressor: 0.43 seconds
2025-02-10 15:53 | INFO | Query 24 Active Learning Runtime on Validation Set: 330864.02999999997
2025-02-10 15:53 | INFO | Query 24 Active Learning Runtime on Test Set: 251996.36
2025-02-10 15:53 | INFO | Query 24 Active Learning Instance Cost: 377182.76
2025-02-10 15:53 | INFO | Query 25 Size of the uncertainty table is = 2486/5040
2025-02-10 15:53 | INFO | Query 25 Size of the filtered table is = 51
2025-02-10 15:53 | INFO | Training Time Active Learning Classifier: 1.37 seconds
2025-02-10 15:53 | INFO | Training Time Active Learning Regressor: 0.43 seconds
2025-02-10 15:53 | INFO | Query 25 Active Learning Runtime on Validation Set: 330864.61
2025-02-10 15:53 | INFO | Query 25 Active Learning Runtime on Test Set: 251996.36
2025-02-10 15:53 | INFO | Query 25 Active Learning Instance Cost: 387618.28
2025-02-10 15:53 | INFO | Timeout limit is increased to 1400
2025-02-10 15:53 | INFO | Query 26 Size of the uncertainty table is = 2434/5040
2025-02-10 15:53 | INFO | Query 26 Size of the filtered table is = 51
2025-02-10 15:53 | INFO | Training Time Active Learning Classifier: 1.32 seconds
2025-02-10 15:53 | INFO | Training Time Active Learning Regressor: 0.43 seconds
2025-02-10 15:53 | INFO | Query 26 Active Learning Runtime on Validation Set: 330864.61
2025-02-10 15:53 | INFO | Query 26 Active Learning Runtime on Test Set: 251996.36
2025-02-10 15:53 | INFO | Query 26 Active Learning Instance Cost: 414052.05
2025-02-10 15:53 | INFO | Timeout limit is increased to 1500
2025-02-10 15:53 | INFO | Query 27 Size of the uncertainty table is = 2392/5040
2025-02-10 15:53 | INFO | Query 27 Size of the filtered table is = 51
2025-02-10 15:53 | INFO | Training Time Active Learning Classifier: 1.32 seconds
2025-02-10 15:53 | INFO | Training Time Active Learning Regressor: 0.44 seconds
2025-02-10 15:53 | INFO | Query 27 Active Learning Runtime on Validation Set: 331579.16
2025-02-10 15:53 | INFO | Query 27 Active Learning Runtime on Test Set: 251996.36
2025-02-10 15:53 | INFO | Query 27 Active Learning Instance Cost: 428357.05
2025-02-10 15:53 | INFO | Timeout limit is increased to 1600
2025-02-10 15:53 | INFO | Query 28 Size of the uncertainty table is = 2387/5040
2025-02-10 15:53 | INFO | Query 28 Size of the filtered table is = 51
2025-02-10 15:53 | INFO | Training Time Active Learning Classifier: 1.32 seconds
2025-02-10 15:53 | INFO | Training Time Active Learning Regressor: 0.43 seconds
2025-02-10 15:54 | INFO | Query 28 Active Learning Runtime on Validation Set: 331579.16
2025-02-10 15:54 | INFO | Query 28 Active Learning Runtime on Test Set: 251996.36
2025-02-10 15:54 | INFO | Query 28 Active Learning Instance Cost: 437062.23
2025-02-10 15:54 | INFO | Timeout limit is increased to 1700
2025-02-10 15:54 | INFO | Query 29 Size of the uncertainty table is = 2384/5040
2025-02-10 15:54 | INFO | Query 29 Size of the filtered table is = 51
2025-02-10 15:54 | INFO | Training Time Active Learning Classifier: 1.33 seconds
2025-02-10 15:54 | INFO | Training Time Active Learning Regressor: 0.43 seconds
2025-02-10 15:54 | INFO | Query 29 Active Learning Runtime on Validation Set: 331578.58
2025-02-10 15:54 | INFO | Query 29 Active Learning Runtime on Test Set: 251996.36
2025-02-10 15:54 | INFO | Query 29 Active Learning Instance Cost: 446596.42
2025-02-10 15:54 | INFO | Query 30 Size of the uncertainty table is = 2370/5040
2025-02-10 15:54 | INFO | Query 30 Size of the filtered table is = 51
2025-02-10 15:54 | INFO | Training Time Active Learning Classifier: 1.32 seconds
2025-02-10 15:54 | INFO | Training Time Active Learning Regressor: 0.43 seconds
2025-02-10 15:54 | INFO | Query 30 Active Learning Runtime on Validation Set: 331578.58
2025-02-10 15:54 | INFO | Query 30 Active Learning Runtime on Test Set: 251996.36
2025-02-10 15:54 | INFO | Query 30 Active Learning Instance Cost: 453446.56
2025-02-10 15:54 | INFO | Timeout limit is increased to 1800
2025-02-10 15:54 | INFO | Query 31 Size of the uncertainty table is = 2360/5040
2025-02-10 15:54 | INFO | Query 31 Size of the filtered table is = 51
2025-02-10 15:54 | INFO | Training Time Active Learning Classifier: 1.32 seconds
2025-02-10 15:54 | INFO | Training Time Active Learning Regressor: 0.5 seconds
2025-02-10 15:54 | INFO | Query 31 Active Learning Runtime on Validation Set: 294921.37
2025-02-10 15:54 | INFO | Query 31 Active Learning Runtime on Test Set: 251996.36
2025-02-10 15:54 | INFO | Query 31 Active Learning Instance Cost: 462988.64
2025-02-10 15:54 | INFO | Query 32 Size of the uncertainty table is = 2307/5040
2025-02-10 15:54 | INFO | Query 32 Size of the filtered table is = 51
2025-02-10 15:54 | INFO | Training Time Active Learning Classifier: 1.32 seconds
2025-02-10 15:54 | INFO | Training Time Active Learning Regressor: 0.44 seconds
2025-02-10 15:54 | INFO | Query 32 Active Learning Runtime on Validation Set: 294921.37
2025-02-10 15:54 | INFO | Query 32 Active Learning Runtime on Test Set: 251996.36
2025-02-10 15:54 | INFO | Query 32 Active Learning Instance Cost: 470808.33
2025-02-10 15:54 | INFO | Timeout limit is increased to 1900
2025-02-10 15:54 | INFO | Query 33 Size of the uncertainty table is = 2300/5040
2025-02-10 15:54 | INFO | Query 33 Size of the filtered table is = 51
2025-02-10 15:54 | INFO | Training Time Active Learning Classifier: 1.32 seconds
2025-02-10 15:54 | INFO | Training Time Active Learning Regressor: 0.44 seconds
2025-02-10 15:54 | INFO | Query 33 Active Learning Runtime on Validation Set: 294921.37
2025-02-10 15:54 | INFO | Query 33 Active Learning Runtime on Test Set: 251996.36
2025-02-10 15:54 | INFO | Query 33 Active Learning Instance Cost: 479508.33
2025-02-10 15:54 | INFO | Timeout limit is increased to 2000
2025-02-10 15:54 | INFO | Query 34 Size of the uncertainty table is = 2300/5040
2025-02-10 15:54 | INFO | Query 34 Size of the filtered table is = 51
2025-02-10 15:54 | INFO | Training Time Active Learning Classifier: 1.33 seconds
2025-02-10 15:54 | INFO | Training Time Active Learning Regressor: 0.43 seconds
2025-02-10 15:55 | INFO | Query 34 Active Learning Runtime on Validation Set: 294921.37
2025-02-10 15:55 | INFO | Query 34 Active Learning Runtime on Test Set: 251996.36
2025-02-10 15:55 | INFO | Query 34 Active Learning Instance Cost: 488149.8
2025-02-10 15:55 | INFO | Timeout limit is increased to 2100
2025-02-10 15:55 | INFO | Query 35 Size of the uncertainty table is = 2295/5040
2025-02-10 15:55 | INFO | Query 35 Size of the filtered table is = 51
2025-02-10 15:55 | INFO | Training Time Active Learning Classifier: 1.33 seconds
2025-02-10 15:55 | INFO | Training Time Active Learning Regressor: 0.43 seconds
2025-02-10 15:55 | INFO | Query 35 Active Learning Runtime on Validation Set: 294921.37
2025-02-10 15:55 | INFO | Query 35 Active Learning Runtime on Test Set: 251996.36
2025-02-10 15:55 | INFO | Query 35 Active Learning Instance Cost: 507309.66
2025-02-10 15:55 | INFO | Timeout limit is increased to 2200
2025-02-10 15:55 | INFO | Query 36 Size of the uncertainty table is = 2287/5040
2025-02-10 15:55 | INFO | Query 36 Size of the filtered table is = 51
2025-02-10 15:55 | INFO | Training Time Active Learning Classifier: 1.35 seconds
2025-02-10 15:55 | INFO | Training Time Active Learning Regressor: 0.44 seconds
2025-02-10 15:55 | INFO | Query 36 Active Learning Runtime on Validation Set: 294921.37
2025-02-10 15:55 | INFO | Query 36 Active Learning Runtime on Test Set: 251996.36
2025-02-10 15:55 | INFO | Query 36 Active Learning Instance Cost: 524421.67
2025-02-10 15:55 | INFO | Timeout limit is increased to 2300
2025-02-10 15:55 | INFO | Query 37 Size of the uncertainty table is = 2277/5040
2025-02-10 15:55 | INFO | Query 37 Size of the filtered table is = 51
2025-02-10 15:55 | INFO | Training Time Active Learning Classifier: 1.33 seconds
2025-02-10 15:55 | INFO | Training Time Active Learning Regressor: 0.43 seconds
2025-02-10 15:55 | INFO | Query 37 Active Learning Runtime on Validation Set: 294921.37
2025-02-10 15:55 | INFO | Query 37 Active Learning Runtime on Test Set: 251996.36
2025-02-10 15:55 | INFO | Query 37 Active Learning Instance Cost: 534005.57
2025-02-10 15:55 | INFO | Timeout limit is increased to 2400
2025-02-10 15:55 | INFO | Query 38 Size of the uncertainty table is = 2270/5040
2025-02-10 15:55 | INFO | Query 38 Size of the filtered table is = 51
2025-02-10 15:55 | INFO | Training Time Active Learning Classifier: 1.33 seconds
2025-02-10 15:55 | INFO | Training Time Active Learning Regressor: 0.44 seconds
2025-02-10 15:55 | INFO | Query 38 Active Learning Runtime on Validation Set: 294921.37
2025-02-10 15:55 | INFO | Query 38 Active Learning Runtime on Test Set: 251996.36
2025-02-10 15:55 | INFO | Query 38 Active Learning Instance Cost: 546105.57
2025-02-10 15:55 | INFO | Timeout limit is increased to 2500
2025-02-10 15:55 | INFO | Query 39 Size of the uncertainty table is = 2270/5040
2025-02-10 15:55 | INFO | Query 39 Size of the filtered table is = 51
2025-02-10 15:55 | INFO | Training Time Active Learning Classifier: 1.32 seconds
2025-02-10 15:55 | INFO | Training Time Active Learning Regressor: 0.43 seconds
2025-02-10 15:55 | INFO | Query 39 Active Learning Runtime on Validation Set: 294921.37
2025-02-10 15:55 | INFO | Query 39 Active Learning Runtime on Test Set: 251996.36
2025-02-10 15:55 | INFO | Query 39 Active Learning Instance Cost: 554905.57
2025-02-10 15:55 | INFO | Timeout limit is increased to 2600
2025-02-10 15:55 | INFO | Query 40 Size of the uncertainty table is = 2270/5040
2025-02-10 15:55 | INFO | Query 40 Size of the filtered table is = 51
2025-02-10 15:55 | INFO | Training Time Active Learning Classifier: 1.33 seconds
2025-02-10 15:55 | INFO | Training Time Active Learning Regressor: 0.44 seconds
2025-02-10 15:55 | INFO | Query 40 Active Learning Runtime on Validation Set: 294921.37
2025-02-10 15:55 | INFO | Query 40 Active Learning Runtime on Test Set: 251996.36
2025-02-10 15:55 | INFO | Query 40 Active Learning Instance Cost: 563653.08
2025-02-10 15:55 | INFO | Timeout limit is increased to 2700
2025-02-10 15:56 | INFO | Query 41 Size of the uncertainty table is = 2265/5040
2025-02-10 15:56 | INFO | Query 41 Size of the filtered table is = 51
2025-02-10 15:56 | INFO | Training Time Active Learning Classifier: 1.32 seconds
2025-02-10 15:56 | INFO | Training Time Active Learning Regressor: 0.44 seconds
2025-02-10 15:56 | INFO | Query 41 Active Learning Runtime on Validation Set: 294921.37
2025-02-10 15:56 | INFO | Query 41 Active Learning Runtime on Test Set: 251996.36
2025-02-10 15:56 | INFO | Query 41 Active Learning Instance Cost: 577153.08
2025-02-10 15:56 | INFO | Timeout limit is increased to 2800
2025-02-10 15:56 | INFO | Query 42 Size of the uncertainty table is = 2265/5040
2025-02-10 15:56 | INFO | Query 42 Size of the filtered table is = 51
2025-02-10 15:56 | INFO | Training Time Active Learning Classifier: 1.33 seconds
2025-02-10 15:56 | INFO | Training Time Active Learning Regressor: 0.43 seconds
2025-02-10 15:56 | INFO | Query 42 Active Learning Runtime on Validation Set: 294921.37
2025-02-10 15:56 | INFO | Query 42 Active Learning Runtime on Test Set: 251996.36
2025-02-10 15:56 | INFO | Query 42 Active Learning Instance Cost: 585853.08
2025-02-10 15:56 | INFO | Timeout limit is increased to 2900
2025-02-10 15:56 | INFO | Query 43 Size of the uncertainty table is = 2265/5040
2025-02-10 15:56 | INFO | Query 43 Size of the filtered table is = 51
2025-02-10 15:56 | INFO | Training Time Active Learning Classifier: 1.33 seconds
2025-02-10 15:56 | INFO | Training Time Active Learning Regressor: 0.43 seconds
2025-02-10 15:56 | INFO | Query 43 Active Learning Runtime on Validation Set: 294921.37
2025-02-10 15:56 | INFO | Query 43 Active Learning Runtime on Test Set: 251996.36
2025-02-10 15:56 | INFO | Query 43 Active Learning Instance Cost: 594353.08
2025-02-10 15:56 | INFO | Timeout limit is increased to 3000
2025-02-10 15:56 | INFO | Query 44 Size of the uncertainty table is = 2265/5040
2025-02-10 15:56 | INFO | Query 44 Size of the filtered table is = 51
2025-02-10 15:56 | INFO | Training Time Active Learning Classifier: 1.32 seconds
2025-02-10 15:56 | INFO | Training Time Active Learning Regressor: 0.44 seconds
2025-02-10 15:56 | INFO | Query 44 Active Learning Runtime on Validation Set: 294921.9
2025-02-10 15:56 | INFO | Query 44 Active Learning Runtime on Test Set: 251997.35
2025-02-10 15:56 | INFO | Query 44 Active Learning Instance Cost: 603069.45
2025-02-10 15:56 | INFO | Timeout limit is increased to 3100
2025-02-10 15:56 | INFO | Query 45 Size of the uncertainty table is = 2262/5040
2025-02-10 15:56 | INFO | Query 45 Size of the filtered table is = 51
2025-02-10 15:56 | INFO | Training Time Active Learning Classifier: 1.33 seconds
2025-02-10 15:56 | INFO | Training Time Active Learning Regressor: 0.43 seconds
2025-02-10 15:56 | INFO | Query 45 Active Learning Runtime on Validation Set: 294921.9
2025-02-10 15:56 | INFO | Query 45 Active Learning Runtime on Test Set: 251997.35
2025-02-10 15:56 | INFO | Query 45 Active Learning Instance Cost: 614206.53
2025-02-10 15:56 | INFO | Timeout limit is increased to 3200
2025-02-10 15:56 | INFO | Query 46 Size of the uncertainty table is = 2248/5040
2025-02-10 15:56 | INFO | Query 46 Size of the filtered table is = 51
2025-02-10 15:56 | INFO | Training Time Active Learning Classifier: 1.33 seconds
2025-02-10 15:56 | INFO | Training Time Active Learning Regressor: 0.43 seconds
2025-02-10 15:56 | INFO | Query 46 Active Learning Runtime on Validation Set: 294644.13
2025-02-10 15:56 | INFO | Query 46 Active Learning Runtime on Test Set: 251996.36
2025-02-10 15:56 | INFO | Query 46 Active Learning Instance Cost: 643791.31
2025-02-10 15:56 | INFO | Query 47 Size of the uncertainty table is = 2222/5040
2025-02-10 15:56 | INFO | Query 47 Size of the filtered table is = 51
2025-02-10 15:56 | INFO | Training Time Active Learning Classifier: 1.34 seconds
2025-02-10 15:56 | INFO | Training Time Active Learning Regressor: 0.43 seconds
2025-02-10 15:57 | INFO | Query 47 Active Learning Runtime on Validation Set: 294921.37
2025-02-10 15:57 | INFO | Query 47 Active Learning Runtime on Test Set: 251995.4
2025-02-10 15:57 | INFO | Query 47 Active Learning Instance Cost: 651687.0
2025-02-10 15:57 | INFO | Timeout limit is increased to 3300
2025-02-10 15:57 | INFO | Query 48 Size of the uncertainty table is = 2190/5040
2025-02-10 15:57 | INFO | Query 48 Size of the filtered table is = 51
2025-02-10 15:57 | INFO | Training Time Active Learning Classifier: 1.33 seconds
2025-02-10 15:57 | INFO | Training Time Active Learning Regressor: 0.44 seconds
2025-02-10 15:57 | INFO | Query 48 Active Learning Runtime on Validation Set: 294921.9
2025-02-10 15:57 | INFO | Query 48 Active Learning Runtime on Test Set: 251995.4
2025-02-10 15:57 | INFO | Query 48 Active Learning Instance Cost: 680916.17
2025-02-10 15:57 | INFO | Timeout limit is increased to 3400
2025-02-10 15:57 | INFO | Query 49 Size of the uncertainty table is = 2186/5040
2025-02-10 15:57 | INFO | Query 49 Size of the filtered table is = 51
2025-02-10 15:57 | INFO | Training Time Active Learning Classifier: 1.4 seconds
2025-02-10 15:57 | INFO | Training Time Active Learning Regressor: 0.43 seconds
2025-02-10 15:57 | INFO | Query 49 Active Learning Runtime on Validation Set: 294921.9
2025-02-10 15:57 | INFO | Query 49 Active Learning Runtime on Test Set: 251995.4
2025-02-10 15:57 | INFO | Query 49 Active Learning Instance Cost: 699938.64
2025-02-10 15:57 | INFO | Timeout limit is increased to 3500
2025-02-10 15:57 | INFO | Query 50 Size of the uncertainty table is = 2180/5040
2025-02-10 15:57 | INFO | Query 50 Size of the filtered table is = 51
2025-02-10 15:57 | INFO | Training Time Active Learning Classifier: 1.33 seconds
2025-02-10 15:57 | INFO | Training Time Active Learning Regressor: 0.44 seconds
2025-02-10 15:57 | INFO | Query 50 Active Learning Runtime on Validation Set: 294966.19
2025-02-10 15:57 | INFO | Query 50 Active Learning Runtime on Test Set: 251995.4
2025-02-10 15:57 | INFO | Query 50 Active Learning Instance Cost: 711823.6
2025-02-10 15:57 | INFO | Timeout limit is increased to 3600
2025-02-10 15:57 | INFO | Query 51 Size of the uncertainty table is = 2169/5040
2025-02-10 15:57 | INFO | Query 51 Size of the filtered table is = 51
2025-02-10 15:57 | INFO | Training Time Active Learning Classifier: 1.34 seconds
2025-02-10 15:57 | INFO | Training Time Active Learning Regressor: 0.44 seconds
2025-02-10 15:57 | INFO | Query 51 Active Learning Runtime on Validation Set: 294680.25
2025-02-10 15:57 | INFO | Query 51 Active Learning Runtime on Test Set: 251995.4
2025-02-10 15:57 | INFO | Query 51 Active Learning Instance Cost: 723306.06
2025-02-10 15:57 | INFO | Query 52 Size of the uncertainty table is = 1712/5040
2025-02-10 15:57 | INFO | Query 52 Size of the filtered table is = 51
2025-02-10 15:57 | INFO | Training Time Active Learning Classifier: 1.35 seconds
2025-02-10 15:57 | INFO | Training Time Active Learning Regressor: 0.44 seconds
2025-02-10 15:57 | INFO | Query 52 Active Learning Runtime on Validation Set: 330928.12
2025-02-10 15:57 | INFO | Query 52 Active Learning Runtime on Test Set: 251995.4
2025-02-10 15:57 | INFO | Query 52 Active Learning Instance Cost: 764167.93
2025-02-10 15:57 | INFO | Timeout limit is increased to 3600
2025-02-10 15:57 | INFO | Query 53 Size of the uncertainty table is = 1492/5040
2025-02-10 15:57 | INFO | Query 53 Size of the filtered table is = 51
2025-02-10 15:57 | INFO | Training Time Active Learning Classifier: 1.37 seconds
2025-02-10 15:57 | INFO | Training Time Active Learning Regressor: 0.45 seconds
2025-02-10 15:58 | INFO | Query 53 Active Learning Runtime on Validation Set: 364215.08
2025-02-10 15:58 | INFO | Query 53 Active Learning Runtime on Test Set: 148370.45
2025-02-10 15:58 | INFO | Query 53 Active Learning Instance Cost: 807690.52
2025-02-10 15:58 | INFO | Timeout limit is increased to 3600
2025-02-10 15:58 | INFO | Query 54 Size of the uncertainty table is = 1215/5040
2025-02-10 15:58 | INFO | Query 54 Size of the filtered table is = 51
2025-02-10 15:58 | INFO | Training Time Active Learning Classifier: 1.39 seconds
2025-02-10 15:58 | INFO | Training Time Active Learning Regressor: 0.45 seconds
2025-02-10 15:58 | INFO | Query 54 Active Learning Runtime on Validation Set: 366861.39999999997
2025-02-10 15:58 | INFO | Query 54 Active Learning Runtime on Test Set: 114007.70999999999
2025-02-10 15:58 | INFO | Query 54 Active Learning Instance Cost: 901958.02
2025-02-10 15:58 | INFO | Timeout limit is increased to 3600
2025-02-10 15:58 | INFO | Query 55 Size of the uncertainty table is = 951/5040
2025-02-10 15:58 | INFO | Query 55 Size of the filtered table is = 51
2025-02-10 15:58 | INFO | Training Time Active Learning Classifier: 1.41 seconds
2025-02-10 15:58 | INFO | Training Time Active Learning Regressor: 0.46 seconds
2025-02-10 15:58 | INFO | Query 55 Active Learning Runtime on Validation Set: 366654.13
2025-02-10 15:58 | INFO | Query 55 Active Learning Runtime on Test Set: 113987.94
2025-02-10 15:58 | INFO | Query 55 Active Learning Instance Cost: 935257.89
2025-02-10 15:58 | INFO | Query 56 Size of the uncertainty table is = 747/5040
2025-02-10 15:58 | INFO | Query 56 Size of the filtered table is = 51
2025-02-10 15:58 | INFO | Training Time Active Learning Classifier: 1.41 seconds
2025-02-10 15:58 | INFO | Training Time Active Learning Regressor: 0.46 seconds
2025-02-10 15:58 | INFO | Query 56 Active Learning Runtime on Validation Set: 366451.99
2025-02-10 15:58 | INFO | Query 56 Active Learning Runtime on Test Set: 113989.97
2025-02-10 15:58 | INFO | Query 56 Active Learning Instance Cost: 961206.06
2025-02-10 15:58 | INFO | Query 57 Size of the uncertainty table is = 540/5040
2025-02-10 15:58 | INFO | Query 57 Size of the filtered table is = 51
2025-02-10 15:58 | INFO | Training Time Active Learning Classifier: 1.48 seconds
2025-02-10 15:58 | INFO | Training Time Active Learning Regressor: 0.46 seconds
2025-02-10 15:58 | INFO | Query 57 Active Learning Runtime on Validation Set: 366140.5
2025-02-10 15:58 | INFO | Query 57 Active Learning Runtime on Test Set: 114056.51999999999
2025-02-10 15:58 | INFO | Query 57 Active Learning Instance Cost: 977497.23
2025-02-10 15:58 | INFO | Query 58 Size of the uncertainty table is = 384/5040
2025-02-10 15:58 | INFO | Query 58 Size of the filtered table is = 51
2025-02-10 15:58 | INFO | Training Time Active Learning Classifier: 1.43 seconds
2025-02-10 15:58 | INFO | Training Time Active Learning Regressor: 0.46 seconds
2025-02-10 15:58 | INFO | Query 58 Active Learning Runtime on Validation Set: 294160.42
2025-02-10 15:58 | INFO | Query 58 Active Learning Runtime on Test Set: 113984.67000000001
2025-02-10 15:58 | INFO | Query 58 Active Learning Instance Cost: 1025504.42
2025-02-10 15:58 | INFO | Query 59 Size of the uncertainty table is = 203/5040
2025-02-10 15:58 | INFO | Query 59 Size of the filtered table is = 51
2025-02-10 15:58 | INFO | Training Time Active Learning Classifier: 1.44 seconds
2025-02-10 15:58 | INFO | Training Time Active Learning Regressor: 0.47 seconds
2025-02-10 15:58 | INFO | Query 59 Active Learning Runtime on Validation Set: 330144.39999999997
2025-02-10 15:58 | INFO | Query 59 Active Learning Runtime on Test Set: 114049.56
2025-02-10 15:58 | INFO | Query 59 Active Learning Instance Cost: 1075932.32
2025-02-10 15:58 | INFO | Timeout limit is increased to 3600
2025-02-10 15:58 | INFO | Query 60 Size of the uncertainty table is = 36/5040
2025-02-10 15:58 | INFO | Query 60 Size of the filtered table is = 36
2025-02-10 15:58 | INFO | Training Time Active Learning Classifier: 1.45 seconds
2025-02-10 15:58 | INFO | Training Time Active Learning Regressor: 0.47 seconds
2025-02-10 15:59 | INFO | Query 60 Active Learning Runtime on Validation Set: 330144.39999999997
2025-02-10 15:59 | INFO | Query 60 Active Learning Runtime on Test Set: 150043.75
2025-02-10 15:59 | INFO | Query 60 Active Learning Instance Cost: 1090364.6
2025-02-10 15:59 | INFO | Timeout limit is increased to 3600
2025-02-10 15:59 | INFO | Active Learning Emissions: 0.006800611085757994
2025-02-10 15:59 | INFO | Active Learning Energy Consumption: 0.007399238519270794 kWh
2025-02-10 15:59 | INFO | runtime_test_score is written as json file
2025-02-10 15:59 | INFO | runtime_validation_score is written as json file
2025-02-10 15:59 | INFO | instance_cost is written as json file
2025-02-10 15:59 | INFO | Experiment is finished
