2025-02-10 17:15 | INFO | Paramaters are: {'dataset': 'QBF-2014', 'penalty': 10, 'weight': 'No_Weight', 'voting': 'Hard', 'pre_selection_size': 64, 'pre_selection_technique': 'No_pre_selection', 'feature_elimination_threshold': 20, 'imputer_strategy': 'median', 'feature_selection_technique': 'No_feature_selection', 'feature_scaling_technique': 'StandardScaler', 'priority': {'Uncertainty': 'max', 'PredDiff': 'max', 'PredCost': 'min'}, 'initial_train_size': 20, 'query_size': 1, 'timeout_predictor_usage': 'No', 'timeout_limit': 100, 'timeout_increase_rate': 100, 'penalty_type': 'Only-timeout-penalty', 'RANDOM_STATE_SEED': 12345, 'n_splits': 10, 'split_number': 8, 'max_timeout': 3600, 'param_grid': {'n_estimators': 100, 'max_features': 'sqrt', 'max_depth': 2147483648, 'min_samples_split': 2, 'bootstrap': True}}
2025-02-10 17:15 | INFO | QBF-2014 is current dataset
2025-02-10 17:15 | INFO | DATASETS/QBF-2014/algorithm_runs.arff is found
2025-02-10 17:15 | INFO | DATASETS/QBF-2014/algorithm_runs.arff is finished
2025-02-10 17:15 | INFO | DATASETS/QBF-2014/feature_values.arff is found
2025-02-10 17:15 | INFO | DATASETS/QBF-2014/feature_values.arff is finished
2025-02-10 17:15 | INFO | Virtual best solver time in train = 19792.41
2025-02-10 17:15 | INFO | Single best solver list train = {'bcghostq': 11298891.48, 'brareqs': 5430623.22, 'cbdepqbf': 11252166.67, 'cghostq': 11298367.24, 'depqbf': 14239877.9, 'dual_ooq13': 13856136.08, 'ghostq': 12271143.98, 'hiqqer1': 9238792.87, 'hiqqer3': 8738075.57, 'ooq13': 16871707.25, 'pre_dual_ooq13': 13023936.12, 'rareqs': 10492445.22, 'sqube': 17044554.17, 'xbdepqbf': 9201650.99}
2025-02-10 17:15 | INFO | Single best solver time train = brareqs (5430623.22)
2025-02-10 17:15 | INFO | Virtual best solver time in validation = 12261.81
2025-02-10 17:15 | INFO | Single best solver list validation = {'bcghostq': 3355553.89, 'brareqs': 2169076.76, 'cbdepqbf': 2782011.5, 'cghostq': 3355135.49, 'depqbf': 2996254.45, 'dual_ooq13': 3426086.39, 'ghostq': 3497778.71, 'hiqqer1': 2532599.77, 'hiqqer3': 2394118.73, 'ooq13': 3749211.2, 'pre_dual_ooq13': 3716344.59, 'rareqs': 3172042.53, 'sqube': 4112047.03, 'xbdepqbf': 2207021.32}
2025-02-10 17:15 | INFO | Single best solver time validation = brareqs (2169076.76)
2025-02-10 17:15 | INFO | Virtual best solver time in test = 3360.9
2025-02-10 17:15 | INFO | Single best solver list test = {'bcghostq': 1803620.52, 'brareqs': 652883.18, 'cbdepqbf': 1299318.42, 'cghostq': 1803545.82, 'depqbf': 1837783.85, 'dual_ooq13': 1876434.84, 'ghostq': 2019461.9, 'hiqqer1': 1119065.99, 'hiqqer3': 1119348.06, 'ooq13': 2055359.83, 'pre_dual_ooq13': 1767635.13, 'rareqs': 1227632.63, 'sqube': 2198924.25, 'xbdepqbf': 1156473.6}
2025-02-10 17:15 | INFO | Single best solver time test = brareqs (652883.18)
2025-02-10 17:15 | INFO | Training Time Passive Learning Classifier: 13.55 seconds
2025-02-10 17:15 | INFO | Training Time Passive Learning Regressor: 2.89 seconds
2025-02-10 17:16 | INFO | Passive Learning Classifier Runtime on Validation Set: 1990718.4
2025-02-10 17:16 | INFO | Passive Learning Classifier Runtime on Test Set: 398649.71
2025-02-10 17:16 | INFO | Passive Learning Instance Cost: 16741168.77
2025-02-10 17:16 | INFO | Passive Learning Emissions: 0.0009917116470529108
2025-02-10 17:16 | INFO | Passive Learning Energy Consumption: 0.0010790075959865742 kWh
2025-02-10 17:17 | INFO | Training Time Active Learning Classifier: 5.06 seconds
2025-02-10 17:17 | INFO | Training Time Active Learning Regressor: 0.72 seconds
2025-02-10 17:18 | INFO | Initial Active Learning Runtime on Validation Set: 2816401.04
2025-02-10 17:18 | INFO | Initial Active Learning Runtime on Test Set: 975948.89
2025-02-10 17:18 | INFO | Initial Active Learning Instance Cost: 12838.8
2025-02-10 17:18 | INFO | Bin size = 640
2025-02-10 17:18 | INFO | Query 1 Size of the uncertainty table is = 64504/63973
2025-02-10 17:18 | INFO | Query 1 Size of the filtered table is = 640
2025-02-10 17:18 | INFO | Training Time Active Learning Classifier: 5.01 seconds
2025-02-10 17:18 | INFO | Training Time Active Learning Regressor: 0.8 seconds
2025-02-10 17:19 | INFO | Query 1 Active Learning Runtime on Validation Set: 2530373.38
2025-02-10 17:19 | INFO | Query 1 Active Learning Runtime on Test Set: 723943.46
2025-02-10 17:19 | INFO | Query 1 Active Learning Instance Cost: 78475.2
2025-02-10 17:20 | INFO | Query 2 Size of the uncertainty table is = 63335/63973
2025-02-10 17:20 | INFO | Query 2 Size of the filtered table is = 640
2025-02-10 17:20 | INFO | Training Time Active Learning Classifier: 5.22 seconds
2025-02-10 17:20 | INFO | Training Time Active Learning Regressor: 0.96 seconds
2025-02-10 17:21 | INFO | Query 2 Active Learning Runtime on Validation Set: 2635367.76
2025-02-10 17:21 | INFO | Query 2 Active Learning Runtime on Test Set: 723518.52
2025-02-10 17:21 | INFO | Query 2 Active Learning Instance Cost: 145510.11
2025-02-10 17:21 | INFO | Timeout limit is increased to 200
2025-02-10 17:22 | INFO | Query 3 Size of the uncertainty table is = 61714/63973
2025-02-10 17:22 | INFO | Query 3 Size of the filtered table is = 640
2025-02-10 17:22 | INFO | Training Time Active Learning Classifier: 5.4 seconds
2025-02-10 17:22 | INFO | Training Time Active Learning Regressor: 1.14 seconds
2025-02-10 17:23 | INFO | Query 3 Active Learning Runtime on Validation Set: 1740408.2
2025-02-10 17:23 | INFO | Query 3 Active Learning Runtime on Test Set: 472570.77
2025-02-10 17:23 | INFO | Query 3 Active Learning Instance Cost: 288201.05
2025-02-10 17:24 | INFO | Query 4 Size of the uncertainty table is = 59806/63973
2025-02-10 17:24 | INFO | Query 4 Size of the filtered table is = 640
2025-02-10 17:24 | INFO | Training Time Active Learning Classifier: 5.81 seconds
2025-02-10 17:24 | INFO | Training Time Active Learning Regressor: 1.31 seconds
2025-02-10 17:25 | INFO | Query 4 Active Learning Runtime on Validation Set: 1775851.35
2025-02-10 17:25 | INFO | Query 4 Active Learning Runtime on Test Set: 508230.59
2025-02-10 17:25 | INFO | Query 4 Active Learning Instance Cost: 391039.81
2025-02-10 17:25 | INFO | Timeout limit is increased to 300
2025-02-10 17:26 | INFO | Query 5 Size of the uncertainty table is = 57366/63973
2025-02-10 17:26 | INFO | Query 5 Size of the filtered table is = 640
2025-02-10 17:26 | INFO | Training Time Active Learning Classifier: 6.33 seconds
2025-02-10 17:26 | INFO | Training Time Active Learning Regressor: 1.47 seconds
2025-02-10 17:27 | INFO | Query 5 Active Learning Runtime on Validation Set: 1525174.45
2025-02-10 17:27 | INFO | Query 5 Active Learning Runtime on Test Set: 435464.06
2025-02-10 17:27 | INFO | Query 5 Active Learning Instance Cost: 547254.63
2025-02-10 17:28 | INFO | Query 6 Size of the uncertainty table is = 54761/63973
2025-02-10 17:28 | INFO | Query 6 Size of the filtered table is = 640
2025-02-10 17:28 | INFO | Training Time Active Learning Classifier: 6.74 seconds
2025-02-10 17:28 | INFO | Training Time Active Learning Regressor: 1.61 seconds
2025-02-10 17:29 | INFO | Query 6 Active Learning Runtime on Validation Set: 1702550.93
2025-02-10 17:29 | INFO | Query 6 Active Learning Runtime on Test Set: 399369.45
2025-02-10 17:29 | INFO | Query 6 Active Learning Instance Cost: 689295.08
2025-02-10 17:29 | INFO | Timeout limit is increased to 400
2025-02-10 17:30 | INFO | Query 7 Size of the uncertainty table is = 52144/63973
2025-02-10 17:30 | INFO | Query 7 Size of the filtered table is = 640
2025-02-10 17:31 | INFO | Training Time Active Learning Classifier: 7.2 seconds
2025-02-10 17:31 | INFO | Training Time Active Learning Regressor: 1.75 seconds
2025-02-10 17:32 | INFO | Query 7 Active Learning Runtime on Validation Set: 1703825.7
2025-02-10 17:32 | INFO | Query 7 Active Learning Runtime on Test Set: 435211.6
2025-02-10 17:32 | INFO | Query 7 Active Learning Instance Cost: 881806.71
2025-02-10 17:32 | INFO | Timeout limit is increased to 500
2025-02-10 17:33 | INFO | Query 8 Size of the uncertainty table is = 49834/63973
2025-02-10 17:33 | INFO | Query 8 Size of the filtered table is = 640
2025-02-10 17:33 | INFO | Training Time Active Learning Classifier: 7.65 seconds
2025-02-10 17:33 | INFO | Training Time Active Learning Regressor: 1.96 seconds
2025-02-10 17:34 | INFO | Query 8 Active Learning Runtime on Validation Set: 1811287.75
2025-02-10 17:34 | INFO | Query 8 Active Learning Runtime on Test Set: 291448.43
2025-02-10 17:34 | INFO | Query 8 Active Learning Instance Cost: 1114152.44
2025-02-10 17:34 | INFO | Timeout limit is increased to 600
2025-02-10 17:35 | INFO | Query 9 Size of the uncertainty table is = 47604/63973
2025-02-10 17:35 | INFO | Query 9 Size of the filtered table is = 640
2025-02-10 17:35 | INFO | Training Time Active Learning Classifier: 8.09 seconds
2025-02-10 17:35 | INFO | Training Time Active Learning Regressor: 1.96 seconds
2025-02-10 17:36 | INFO | Query 9 Active Learning Runtime on Validation Set: 1740343.89
2025-02-10 17:36 | INFO | Query 9 Active Learning Runtime on Test Set: 290937.76
2025-02-10 17:36 | INFO | Query 9 Active Learning Instance Cost: 1360791.62
2025-02-10 17:38 | INFO | Query 10 Size of the uncertainty table is = 45896/63973
2025-02-10 17:38 | INFO | Query 10 Size of the filtered table is = 640
2025-02-10 17:38 | INFO | Training Time Active Learning Classifier: 8.45 seconds
2025-02-10 17:38 | INFO | Training Time Active Learning Regressor: 2.03 seconds
2025-02-10 17:39 | INFO | Query 10 Active Learning Runtime on Validation Set: 1775253.95
2025-02-10 17:39 | INFO | Query 10 Active Learning Runtime on Test Set: 254733.12
2025-02-10 17:39 | INFO | Query 10 Active Learning Instance Cost: 1542420.45
2025-02-10 17:39 | INFO | Timeout limit is increased to 700
2025-02-10 17:40 | INFO | Query 11 Size of the uncertainty table is = 44011/63973
2025-02-10 17:40 | INFO | Query 11 Size of the filtered table is = 640
2025-02-10 17:40 | INFO | Training Time Active Learning Classifier: 8.75 seconds
2025-02-10 17:40 | INFO | Training Time Active Learning Regressor: 2.11 seconds
2025-02-10 17:41 | INFO | Query 11 Active Learning Runtime on Validation Set: 1669187.96
2025-02-10 17:41 | INFO | Query 11 Active Learning Runtime on Test Set: 398049.92
2025-02-10 17:41 | INFO | Query 11 Active Learning Instance Cost: 1793981.49
2025-02-10 17:42 | INFO | Query 12 Size of the uncertainty table is = 42549/63973
2025-02-10 17:42 | INFO | Query 12 Size of the filtered table is = 640
2025-02-10 17:42 | INFO | Training Time Active Learning Classifier: 8.99 seconds
2025-02-10 17:43 | INFO | Training Time Active Learning Regressor: 2.16 seconds
2025-02-10 17:44 | INFO | Query 12 Active Learning Runtime on Validation Set: 1740274.7
2025-02-10 17:44 | INFO | Query 12 Active Learning Runtime on Test Set: 290821.36
2025-02-10 17:44 | INFO | Query 12 Active Learning Instance Cost: 1969111.13
2025-02-10 17:44 | INFO | Timeout limit is increased to 800
2025-02-10 17:45 | INFO | Query 13 Size of the uncertainty table is = 41417/63973
2025-02-10 17:45 | INFO | Query 13 Size of the filtered table is = 640
2025-02-10 17:45 | INFO | Training Time Active Learning Classifier: 9.23 seconds
2025-02-10 17:45 | INFO | Training Time Active Learning Regressor: 2.21 seconds
2025-02-10 17:46 | INFO | Query 13 Active Learning Runtime on Validation Set: 2023614.29
2025-02-10 17:46 | INFO | Query 13 Active Learning Runtime on Test Set: 255421.52
2025-02-10 17:46 | INFO | Query 13 Active Learning Instance Cost: 2216519.6
2025-02-10 17:46 | INFO | Timeout limit is increased to 900
2025-02-10 17:47 | INFO | Query 14 Size of the uncertainty table is = 40288/63973
2025-02-10 17:47 | INFO | Query 14 Size of the filtered table is = 640
2025-02-10 17:47 | INFO | Training Time Active Learning Classifier: 9.43 seconds
2025-02-10 17:47 | INFO | Training Time Active Learning Regressor: 2.24 seconds
2025-02-10 17:48 | INFO | Query 14 Active Learning Runtime on Validation Set: 1953488.16
2025-02-10 17:48 | INFO | Query 14 Active Learning Runtime on Test Set: 255503.55
2025-02-10 17:48 | INFO | Query 14 Active Learning Instance Cost: 2480776.28
2025-02-10 17:49 | INFO | Query 15 Size of the uncertainty table is = 39522/63973
2025-02-10 17:49 | INFO | Query 15 Size of the filtered table is = 640
2025-02-10 17:50 | INFO | Training Time Active Learning Classifier: 9.56 seconds
2025-02-10 17:50 | INFO | Training Time Active Learning Regressor: 2.26 seconds
2025-02-10 17:51 | INFO | Query 15 Active Learning Runtime on Validation Set: 1810325.32
2025-02-10 17:51 | INFO | Query 15 Active Learning Runtime on Test Set: 255388.84
2025-02-10 17:51 | INFO | Query 15 Active Learning Instance Cost: 2654489.28
2025-02-10 17:52 | INFO | Query 16 Size of the uncertainty table is = 38856/63973
2025-02-10 17:52 | INFO | Query 16 Size of the filtered table is = 640
2025-02-10 17:52 | INFO | Training Time Active Learning Classifier: 9.78 seconds
2025-02-10 17:52 | INFO | Training Time Active Learning Regressor: 2.29 seconds
2025-02-10 17:53 | INFO | Query 16 Active Learning Runtime on Validation Set: 1810205.55
2025-02-10 17:53 | INFO | Query 16 Active Learning Runtime on Test Set: 326499.55
2025-02-10 17:53 | INFO | Query 16 Active Learning Instance Cost: 2799999.67
2025-02-10 17:54 | INFO | Query 17 Size of the uncertainty table is = 38365/63973
2025-02-10 17:54 | INFO | Query 17 Size of the filtered table is = 640
2025-02-10 17:54 | INFO | Training Time Active Learning Classifier: 9.82 seconds
2025-02-10 17:54 | INFO | Training Time Active Learning Regressor: 2.35 seconds
2025-02-10 17:56 | INFO | Query 17 Active Learning Runtime on Validation Set: 1810857.99
2025-02-10 17:56 | INFO | Query 17 Active Learning Runtime on Test Set: 291219.63
2025-02-10 17:56 | INFO | Query 17 Active Learning Instance Cost: 2902521.36
2025-02-10 17:56 | INFO | Timeout limit is increased to 1000
2025-02-10 17:57 | INFO | Query 18 Size of the uncertainty table is = 37836/63973
2025-02-10 17:57 | INFO | Query 18 Size of the filtered table is = 640
2025-02-10 17:57 | INFO | Training Time Active Learning Classifier: 10.0 seconds
2025-02-10 17:57 | INFO | Training Time Active Learning Regressor: 2.32 seconds
2025-02-10 17:58 | INFO | Query 18 Active Learning Runtime on Validation Set: 1846785.91
2025-02-10 17:58 | INFO | Query 18 Active Learning Runtime on Test Set: 291154.83
2025-02-10 17:58 | INFO | Query 18 Active Learning Instance Cost: 3074281.38
2025-02-10 17:58 | INFO | Timeout limit is increased to 1100
2025-02-10 17:59 | INFO | Query 19 Size of the uncertainty table is = 37339/63973
2025-02-10 17:59 | INFO | Query 19 Size of the filtered table is = 640
2025-02-10 17:59 | INFO | Training Time Active Learning Classifier: 9.97 seconds
2025-02-10 17:59 | INFO | Training Time Active Learning Regressor: 2.34 seconds
2025-02-10 18:00 | INFO | Query 19 Active Learning Runtime on Validation Set: 1919555.59
2025-02-10 18:00 | INFO | Query 19 Active Learning Runtime on Test Set: 326430.71
2025-02-10 18:00 | INFO | Query 19 Active Learning Instance Cost: 3267346.91
2025-02-10 18:00 | INFO | Timeout limit is increased to 1200
2025-02-10 18:01 | INFO | Query 20 Size of the uncertainty table is = 37124/63973
2025-02-10 18:01 | INFO | Query 20 Size of the filtered table is = 640
2025-02-10 18:02 | INFO | Training Time Active Learning Classifier: 10.0 seconds
2025-02-10 18:02 | INFO | Training Time Active Learning Regressor: 2.35 seconds
2025-02-10 18:03 | INFO | Query 20 Active Learning Runtime on Validation Set: 1918624.68
2025-02-10 18:03 | INFO | Query 20 Active Learning Runtime on Test Set: 291263.18
2025-02-10 18:03 | INFO | Query 20 Active Learning Instance Cost: 3451683.16
2025-02-10 18:04 | INFO | Query 21 Size of the uncertainty table is = 36953/63973
2025-02-10 18:04 | INFO | Query 21 Size of the filtered table is = 640
2025-02-10 18:04 | INFO | Training Time Active Learning Classifier: 10.01 seconds
2025-02-10 18:04 | INFO | Training Time Active Learning Regressor: 2.36 seconds
2025-02-10 18:05 | INFO | Query 21 Active Learning Runtime on Validation Set: 2061103.2
2025-02-10 18:05 | INFO | Query 21 Active Learning Runtime on Test Set: 326580.06
2025-02-10 18:05 | INFO | Query 21 Active Learning Instance Cost: 3529680.85
2025-02-10 18:05 | INFO | Timeout limit is increased to 1300
2025-02-10 18:06 | INFO | Query 22 Size of the uncertainty table is = 36874/63973
2025-02-10 18:06 | INFO | Query 22 Size of the filtered table is = 640
2025-02-10 18:06 | INFO | Training Time Active Learning Classifier: 10.05 seconds
2025-02-10 18:06 | INFO | Training Time Active Learning Regressor: 2.37 seconds
2025-02-10 18:07 | INFO | Query 22 Active Learning Runtime on Validation Set: 2026080.31
2025-02-10 18:07 | INFO | Query 22 Active Learning Runtime on Test Set: 290733.53
2025-02-10 18:07 | INFO | Query 22 Active Learning Instance Cost: 3683554.78
2025-02-10 18:08 | INFO | Query 23 Size of the uncertainty table is = 36822/63973
2025-02-10 18:08 | INFO | Query 23 Size of the filtered table is = 640
2025-02-10 18:09 | INFO | Training Time Active Learning Classifier: 10.04 seconds
2025-02-10 18:09 | INFO | Training Time Active Learning Regressor: 2.36 seconds
2025-02-10 18:10 | INFO | Query 23 Active Learning Runtime on Validation Set: 1989501.73
2025-02-10 18:10 | INFO | Query 23 Active Learning Runtime on Test Set: 290651.2
2025-02-10 18:10 | INFO | Query 23 Active Learning Instance Cost: 3723680.34
2025-02-10 18:11 | INFO | Query 24 Size of the uncertainty table is = 36754/63973
2025-02-10 18:11 | INFO | Query 24 Size of the filtered table is = 640
2025-02-10 18:11 | INFO | Training Time Active Learning Classifier: 10.05 seconds
2025-02-10 18:11 | INFO | Training Time Active Learning Regressor: 2.36 seconds
2025-02-10 18:12 | INFO | Query 24 Active Learning Runtime on Validation Set: 1918187.87
2025-02-10 18:12 | INFO | Query 24 Active Learning Runtime on Test Set: 290768.86
2025-02-10 18:12 | INFO | Query 24 Active Learning Instance Cost: 3758011.69
2025-02-10 18:13 | INFO | Query 25 Size of the uncertainty table is = 36686/63973
2025-02-10 18:13 | INFO | Query 25 Size of the filtered table is = 640
2025-02-10 18:13 | INFO | Training Time Active Learning Classifier: 10.06 seconds
2025-02-10 18:13 | INFO | Training Time Active Learning Regressor: 2.36 seconds
2025-02-10 18:15 | INFO | Query 25 Active Learning Runtime on Validation Set: 2025935.65
2025-02-10 18:15 | INFO | Query 25 Active Learning Runtime on Test Set: 290768.85
2025-02-10 18:15 | INFO | Query 25 Active Learning Instance Cost: 3795112.76
2025-02-10 18:15 | INFO | Timeout limit is increased to 1400
2025-02-10 18:16 | INFO | Query 26 Size of the uncertainty table is = 36672/63973
2025-02-10 18:16 | INFO | Query 26 Size of the filtered table is = 640
2025-02-10 18:16 | INFO | Training Time Active Learning Classifier: 10.07 seconds
2025-02-10 18:16 | INFO | Training Time Active Learning Regressor: 2.36 seconds
2025-02-10 18:17 | INFO | Query 26 Active Learning Runtime on Validation Set: 2026575.34
2025-02-10 18:17 | INFO | Query 26 Active Learning Runtime on Test Set: 290768.79
2025-02-10 18:17 | INFO | Query 26 Active Learning Instance Cost: 3901773.85
2025-02-10 18:17 | INFO | Timeout limit is increased to 1500
2025-02-10 18:18 | INFO | Query 27 Size of the uncertainty table is = 36651/63973
2025-02-10 18:18 | INFO | Query 27 Size of the filtered table is = 640
2025-02-10 18:18 | INFO | Training Time Active Learning Classifier: 10.15 seconds
2025-02-10 18:18 | INFO | Training Time Active Learning Regressor: 2.37 seconds
2025-02-10 18:19 | INFO | Query 27 Active Learning Runtime on Validation Set: 1990580.08
2025-02-10 18:19 | INFO | Query 27 Active Learning Runtime on Test Set: 290783.46
2025-02-10 18:19 | INFO | Query 27 Active Learning Instance Cost: 4039281.02
2025-02-10 18:20 | INFO | Query 28 Size of the uncertainty table is = 36629/63973
2025-02-10 18:20 | INFO | Query 28 Size of the filtered table is = 640
2025-02-10 18:20 | INFO | Training Time Active Learning Classifier: 10.07 seconds
2025-02-10 18:21 | INFO | Training Time Active Learning Regressor: 2.36 seconds
2025-02-10 18:22 | INFO | Query 28 Active Learning Runtime on Validation Set: 1990580.08
2025-02-10 18:22 | INFO | Query 28 Active Learning Runtime on Test Set: 290783.46
2025-02-10 18:22 | INFO | Query 28 Active Learning Instance Cost: 4064981.02
2025-02-10 18:22 | INFO | Timeout limit is increased to 1600
2025-02-10 18:23 | INFO | Query 29 Size of the uncertainty table is = 36629/63973
2025-02-10 18:23 | INFO | Query 29 Size of the filtered table is = 640
2025-02-10 18:23 | INFO | Training Time Active Learning Classifier: 10.06 seconds
2025-02-10 18:23 | INFO | Training Time Active Learning Regressor: 2.37 seconds
2025-02-10 18:24 | INFO | Query 29 Active Learning Runtime on Validation Set: 1990580.08
2025-02-10 18:24 | INFO | Query 29 Active Learning Runtime on Test Set: 290783.46
2025-02-10 18:24 | INFO | Query 29 Active Learning Instance Cost: 4170181.02
2025-02-10 18:24 | INFO | Timeout limit is increased to 1700
2025-02-10 18:25 | INFO | Query 30 Size of the uncertainty table is = 36629/63973
2025-02-10 18:25 | INFO | Query 30 Size of the filtered table is = 640
2025-02-10 18:25 | INFO | Training Time Active Learning Classifier: 10.07 seconds
2025-02-10 18:25 | INFO | Training Time Active Learning Regressor: 2.38 seconds
2025-02-10 18:26 | INFO | Query 30 Active Learning Runtime on Validation Set: 1990580.08
2025-02-10 18:26 | INFO | Query 30 Active Learning Runtime on Test Set: 290783.46
2025-02-10 18:26 | INFO | Query 30 Active Learning Instance Cost: 4275981.02
2025-02-10 18:26 | INFO | Timeout limit is increased to 1800
2025-02-10 18:27 | INFO | Query 31 Size of the uncertainty table is = 36629/63973
2025-02-10 18:27 | INFO | Query 31 Size of the filtered table is = 640
2025-02-10 18:28 | INFO | Training Time Active Learning Classifier: 10.06 seconds
2025-02-10 18:28 | INFO | Training Time Active Learning Regressor: 2.36 seconds
2025-02-10 18:29 | INFO | Query 31 Active Learning Runtime on Validation Set: 1990580.08
2025-02-10 18:29 | INFO | Query 31 Active Learning Runtime on Test Set: 290783.46
2025-02-10 18:29 | INFO | Query 31 Active Learning Instance Cost: 4381181.02
2025-02-10 18:29 | INFO | Timeout limit is increased to 1900
2025-02-10 18:30 | INFO | Query 32 Size of the uncertainty table is = 36629/63973
2025-02-10 18:30 | INFO | Query 32 Size of the filtered table is = 640
2025-02-10 18:30 | INFO | Training Time Active Learning Classifier: 10.19 seconds
2025-02-10 18:30 | INFO | Training Time Active Learning Regressor: 2.37 seconds
2025-02-10 18:31 | INFO | Query 32 Active Learning Runtime on Validation Set: 1990580.08
2025-02-10 18:31 | INFO | Query 32 Active Learning Runtime on Test Set: 290783.46
2025-02-10 18:31 | INFO | Query 32 Active Learning Instance Cost: 4486181.02
2025-02-10 18:31 | INFO | Timeout limit is increased to 2000
2025-02-10 18:32 | INFO | Query 33 Size of the uncertainty table is = 36629/63973
2025-02-10 18:32 | INFO | Query 33 Size of the filtered table is = 640
2025-02-10 18:32 | INFO | Training Time Active Learning Classifier: 10.09 seconds
2025-02-10 18:32 | INFO | Training Time Active Learning Regressor: 2.47 seconds
2025-02-10 18:34 | INFO | Query 33 Active Learning Runtime on Validation Set: 1990580.08
2025-02-10 18:34 | INFO | Query 33 Active Learning Runtime on Test Set: 290783.46
2025-02-10 18:34 | INFO | Query 33 Active Learning Instance Cost: 4591681.02
2025-02-10 18:34 | INFO | Timeout limit is increased to 2100
2025-02-10 18:35 | INFO | Query 34 Size of the uncertainty table is = 36629/63973
2025-02-10 18:35 | INFO | Query 34 Size of the filtered table is = 640
2025-02-10 18:35 | INFO | Training Time Active Learning Classifier: 10.05 seconds
2025-02-10 18:35 | INFO | Training Time Active Learning Regressor: 2.36 seconds
2025-02-10 18:36 | INFO | Query 34 Active Learning Runtime on Validation Set: 1990580.08
2025-02-10 18:36 | INFO | Query 34 Active Learning Runtime on Test Set: 290783.46
2025-02-10 18:36 | INFO | Query 34 Active Learning Instance Cost: 4700681.02
2025-02-10 18:36 | INFO | Timeout limit is increased to 2200
2025-02-10 18:37 | INFO | Query 35 Size of the uncertainty table is = 36629/63973
2025-02-10 18:37 | INFO | Query 35 Size of the filtered table is = 640
2025-02-10 18:37 | INFO | Training Time Active Learning Classifier: 10.06 seconds
2025-02-10 18:37 | INFO | Training Time Active Learning Regressor: 2.37 seconds
2025-02-10 18:38 | INFO | Query 35 Active Learning Runtime on Validation Set: 1990580.08
2025-02-10 18:38 | INFO | Query 35 Active Learning Runtime on Test Set: 290783.46
2025-02-10 18:38 | INFO | Query 35 Active Learning Instance Cost: 4806981.02
2025-02-10 18:38 | INFO | Timeout limit is increased to 2300
2025-02-10 18:39 | INFO | Query 36 Size of the uncertainty table is = 36629/63973
2025-02-10 18:39 | INFO | Query 36 Size of the filtered table is = 640
2025-02-10 18:39 | INFO | Training Time Active Learning Classifier: 10.05 seconds
2025-02-10 18:39 | INFO | Training Time Active Learning Regressor: 2.47 seconds
2025-02-10 18:41 | INFO | Query 36 Active Learning Runtime on Validation Set: 1990580.08
2025-02-10 18:41 | INFO | Query 36 Active Learning Runtime on Test Set: 290783.46
2025-02-10 18:41 | INFO | Query 36 Active Learning Instance Cost: 4911581.02
2025-02-10 18:41 | INFO | Timeout limit is increased to 2400
2025-02-10 18:42 | INFO | Query 37 Size of the uncertainty table is = 36629/63973
2025-02-10 18:42 | INFO | Query 37 Size of the filtered table is = 640
2025-02-10 18:42 | INFO | Training Time Active Learning Classifier: 10.07 seconds
2025-02-10 18:42 | INFO | Training Time Active Learning Regressor: 2.38 seconds
2025-02-10 18:43 | INFO | Query 37 Active Learning Runtime on Validation Set: 1990580.08
2025-02-10 18:43 | INFO | Query 37 Active Learning Runtime on Test Set: 290783.46
2025-02-10 18:43 | INFO | Query 37 Active Learning Instance Cost: 5016581.02
2025-02-10 18:43 | INFO | Timeout limit is increased to 2500
2025-02-10 18:44 | INFO | Query 38 Size of the uncertainty table is = 36629/63973
2025-02-10 18:44 | INFO | Query 38 Size of the filtered table is = 640
2025-02-10 18:44 | INFO | Training Time Active Learning Classifier: 10.06 seconds
2025-02-10 18:44 | INFO | Training Time Active Learning Regressor: 2.37 seconds
2025-02-10 18:45 | INFO | Query 38 Active Learning Runtime on Validation Set: 1990580.08
2025-02-10 18:45 | INFO | Query 38 Active Learning Runtime on Test Set: 290783.46
2025-02-10 18:45 | INFO | Query 38 Active Learning Instance Cost: 5122081.02
2025-02-10 18:45 | INFO | Timeout limit is increased to 2600
2025-02-10 18:46 | INFO | Query 39 Size of the uncertainty table is = 36629/63973
2025-02-10 18:46 | INFO | Query 39 Size of the filtered table is = 640
2025-02-10 18:47 | INFO | Training Time Active Learning Classifier: 10.16 seconds
2025-02-10 18:47 | INFO | Training Time Active Learning Regressor: 2.36 seconds
2025-02-10 18:48 | INFO | Query 39 Active Learning Runtime on Validation Set: 1990580.08
2025-02-10 18:48 | INFO | Query 39 Active Learning Runtime on Test Set: 290783.46
2025-02-10 18:48 | INFO | Query 39 Active Learning Instance Cost: 5228681.02
2025-02-10 18:48 | INFO | Timeout limit is increased to 2700
2025-02-10 18:49 | INFO | Query 40 Size of the uncertainty table is = 36629/63973
2025-02-10 18:49 | INFO | Query 40 Size of the filtered table is = 640
2025-02-10 18:49 | INFO | Training Time Active Learning Classifier: 10.07 seconds
2025-02-10 18:49 | INFO | Training Time Active Learning Regressor: 2.37 seconds
2025-02-10 18:50 | INFO | Query 40 Active Learning Runtime on Validation Set: 1990580.08
2025-02-10 18:50 | INFO | Query 40 Active Learning Runtime on Test Set: 290783.46
2025-02-10 18:50 | INFO | Query 40 Active Learning Instance Cost: 5336881.02
2025-02-10 18:50 | INFO | Timeout limit is increased to 2800
2025-02-10 18:51 | INFO | Query 41 Size of the uncertainty table is = 36629/63973
2025-02-10 18:51 | INFO | Query 41 Size of the filtered table is = 640
2025-02-10 18:51 | INFO | Training Time Active Learning Classifier: 10.07 seconds
2025-02-10 18:51 | INFO | Training Time Active Learning Regressor: 2.36 seconds
2025-02-10 18:53 | INFO | Query 41 Active Learning Runtime on Validation Set: 1990580.08
2025-02-10 18:53 | INFO | Query 41 Active Learning Runtime on Test Set: 290783.46
2025-02-10 18:53 | INFO | Query 41 Active Learning Instance Cost: 5447881.02
2025-02-10 18:53 | INFO | Timeout limit is increased to 2900
2025-02-10 18:53 | INFO | Query 42 Size of the uncertainty table is = 36629/63973
2025-02-10 18:53 | INFO | Query 42 Size of the filtered table is = 640
2025-02-10 18:54 | INFO | Training Time Active Learning Classifier: 10.06 seconds
2025-02-10 18:54 | INFO | Training Time Active Learning Regressor: 2.46 seconds
2025-02-10 18:55 | INFO | Query 42 Active Learning Runtime on Validation Set: 1990580.08
2025-02-10 18:55 | INFO | Query 42 Active Learning Runtime on Test Set: 290783.46
2025-02-10 18:55 | INFO | Query 42 Active Learning Instance Cost: 5553581.02
2025-02-10 18:55 | INFO | Timeout limit is increased to 3000
2025-02-10 18:56 | INFO | Query 43 Size of the uncertainty table is = 36629/63973
2025-02-10 18:56 | INFO | Query 43 Size of the filtered table is = 640
2025-02-10 18:56 | INFO | Training Time Active Learning Classifier: 10.07 seconds
2025-02-10 18:56 | INFO | Training Time Active Learning Regressor: 2.39 seconds
2025-02-10 18:57 | INFO | Query 43 Active Learning Runtime on Validation Set: 1990580.08
2025-02-10 18:57 | INFO | Query 43 Active Learning Runtime on Test Set: 290783.46
2025-02-10 18:57 | INFO | Query 43 Active Learning Instance Cost: 5658281.02
2025-02-10 18:57 | INFO | Timeout limit is increased to 3100
2025-02-10 18:58 | INFO | Query 44 Size of the uncertainty table is = 36629/63973
2025-02-10 18:58 | INFO | Query 44 Size of the filtered table is = 640
2025-02-10 18:58 | INFO | Training Time Active Learning Classifier: 10.06 seconds
2025-02-10 18:58 | INFO | Training Time Active Learning Regressor: 2.37 seconds
2025-02-10 19:00 | INFO | Query 44 Active Learning Runtime on Validation Set: 1990580.08
2025-02-10 19:00 | INFO | Query 44 Active Learning Runtime on Test Set: 290783.46
2025-02-10 19:00 | INFO | Query 44 Active Learning Instance Cost: 5762981.02
2025-02-10 19:00 | INFO | Timeout limit is increased to 3200
2025-02-10 19:01 | INFO | Query 45 Size of the uncertainty table is = 36629/63973
2025-02-10 19:01 | INFO | Query 45 Size of the filtered table is = 640
2025-02-10 19:01 | INFO | Training Time Active Learning Classifier: 10.06 seconds
2025-02-10 19:01 | INFO | Training Time Active Learning Regressor: 2.46 seconds
2025-02-10 19:02 | INFO | Query 45 Active Learning Runtime on Validation Set: 1990580.08
2025-02-10 19:02 | INFO | Query 45 Active Learning Runtime on Test Set: 290783.46
2025-02-10 19:02 | INFO | Query 45 Active Learning Instance Cost: 5869481.02
2025-02-10 19:02 | INFO | Timeout limit is increased to 3300
2025-02-10 19:03 | INFO | Query 46 Size of the uncertainty table is = 36629/63973
2025-02-10 19:03 | INFO | Query 46 Size of the filtered table is = 640
2025-02-10 19:03 | INFO | Training Time Active Learning Classifier: 10.07 seconds
2025-02-10 19:03 | INFO | Training Time Active Learning Regressor: 2.37 seconds
2025-02-10 19:04 | INFO | Query 46 Active Learning Runtime on Validation Set: 1990580.08
2025-02-10 19:04 | INFO | Query 46 Active Learning Runtime on Test Set: 290783.46
2025-02-10 19:04 | INFO | Query 46 Active Learning Instance Cost: 5974681.02
2025-02-10 19:04 | INFO | Timeout limit is increased to 3400
2025-02-10 19:05 | INFO | Query 47 Size of the uncertainty table is = 36629/63973
2025-02-10 19:05 | INFO | Query 47 Size of the filtered table is = 640
2025-02-10 19:06 | INFO | Training Time Active Learning Classifier: 10.06 seconds
2025-02-10 19:06 | INFO | Training Time Active Learning Regressor: 2.38 seconds
2025-02-10 19:07 | INFO | Query 47 Active Learning Runtime on Validation Set: 1990580.08
2025-02-10 19:07 | INFO | Query 47 Active Learning Runtime on Test Set: 290783.46
2025-02-10 19:07 | INFO | Query 47 Active Learning Instance Cost: 6083581.02
2025-02-10 19:07 | INFO | Timeout limit is increased to 3500
2025-02-10 19:08 | INFO | Query 48 Size of the uncertainty table is = 36629/63973
2025-02-10 19:08 | INFO | Query 48 Size of the filtered table is = 640
2025-02-10 19:08 | INFO | Training Time Active Learning Classifier: 10.05 seconds
2025-02-10 19:08 | INFO | Training Time Active Learning Regressor: 2.46 seconds
2025-02-10 19:09 | INFO | Query 48 Active Learning Runtime on Validation Set: 1990580.08
2025-02-10 19:09 | INFO | Query 48 Active Learning Runtime on Test Set: 290783.46
2025-02-10 19:09 | INFO | Query 48 Active Learning Instance Cost: 6188481.02
2025-02-10 19:09 | INFO | Timeout limit is increased to 3600
2025-02-10 19:10 | INFO | Query 49 Size of the uncertainty table is = 36629/63973
2025-02-10 19:10 | INFO | Query 49 Size of the filtered table is = 640
2025-02-10 19:10 | INFO | Training Time Active Learning Classifier: 10.06 seconds
2025-02-10 19:10 | INFO | Training Time Active Learning Regressor: 2.37 seconds
2025-02-10 19:12 | INFO | Query 49 Active Learning Runtime on Validation Set: 1990580.08
2025-02-10 19:12 | INFO | Query 49 Active Learning Runtime on Test Set: 290783.46
2025-02-10 19:12 | INFO | Query 49 Active Learning Instance Cost: 6296181.02
2025-02-10 19:12 | INFO | Timeout limit is increased to 3600
2025-02-10 19:12 | INFO | Query 50 Size of the uncertainty table is = 19877/63973
2025-02-10 19:12 | INFO | Query 50 Size of the filtered table is = 640
2025-02-10 19:12 | INFO | Training Time Active Learning Classifier: 10.95 seconds
2025-02-10 19:12 | INFO | Training Time Active Learning Regressor: 2.5 seconds
2025-02-10 19:13 | INFO | Query 50 Active Learning Runtime on Validation Set: 1702482.83
2025-02-10 19:13 | INFO | Query 50 Active Learning Runtime on Test Set: 255224.76
2025-02-10 19:13 | INFO | Query 50 Active Learning Instance Cost: 7594053.76
2025-02-10 19:14 | INFO | Query 51 Size of the uncertainty table is = 14327/63973
2025-02-10 19:14 | INFO | Query 51 Size of the filtered table is = 640
2025-02-10 19:14 | INFO | Training Time Active Learning Classifier: 11.71 seconds
2025-02-10 19:14 | INFO | Training Time Active Learning Regressor: 2.64 seconds
2025-02-10 19:15 | INFO | Query 51 Active Learning Runtime on Validation Set: 1738975.61
2025-02-10 19:15 | INFO | Query 51 Active Learning Runtime on Test Set: 218902.43
2025-02-10 19:15 | INFO | Query 51 Active Learning Instance Cost: 8555091.42
2025-02-10 19:15 | INFO | Timeout limit is increased to 3600
2025-02-10 19:16 | INFO | Query 52 Size of the uncertainty table is = 9245/63973
2025-02-10 19:16 | INFO | Query 52 Size of the filtered table is = 640
2025-02-10 19:16 | INFO | Training Time Active Learning Classifier: 12.36 seconds
2025-02-10 19:16 | INFO | Training Time Active Learning Regressor: 2.75 seconds
2025-02-10 19:17 | INFO | Query 52 Active Learning Runtime on Validation Set: 1883344.94
2025-02-10 19:17 | INFO | Query 52 Active Learning Runtime on Test Set: 362385.47
2025-02-10 19:17 | INFO | Query 52 Active Learning Instance Cost: 9172046.82
2025-02-10 19:17 | INFO | Timeout limit is increased to 3600
2025-02-10 19:17 | INFO | Query 53 Size of the uncertainty table is = 5491/63973
2025-02-10 19:17 | INFO | Query 53 Size of the filtered table is = 640
2025-02-10 19:18 | INFO | Training Time Active Learning Classifier: 12.98 seconds
2025-02-10 19:18 | INFO | Training Time Active Learning Regressor: 2.85 seconds
2025-02-10 19:19 | INFO | Query 53 Active Learning Runtime on Validation Set: 1705571.16
2025-02-10 19:19 | INFO | Query 53 Active Learning Runtime on Test Set: 326816.94
2025-02-10 19:19 | INFO | Query 53 Active Learning Instance Cost: 9831522.22
2025-02-10 19:19 | INFO | Query 54 Size of the uncertainty table is = 1907/63973
2025-02-10 19:19 | INFO | Query 54 Size of the filtered table is = 640
2025-02-10 19:19 | INFO | Training Time Active Learning Classifier: 13.38 seconds
2025-02-10 19:19 | INFO | Training Time Active Learning Regressor: 2.9 seconds
2025-02-10 19:20 | INFO | Query 54 Active Learning Runtime on Validation Set: 1775501.02
2025-02-10 19:20 | INFO | Query 54 Active Learning Runtime on Test Set: 290867.01
2025-02-10 19:20 | INFO | Query 54 Active Learning Instance Cost: 10203445.8
2025-02-10 19:20 | INFO | Timeout limit is increased to 3600
2025-02-10 19:20 | INFO | Query 55 Size of the uncertainty table is = 91/63973
2025-02-10 19:20 | INFO | Query 55 Size of the filtered table is = 91
2025-02-10 19:21 | INFO | Training Time Active Learning Classifier: 13.3 seconds
2025-02-10 19:21 | INFO | Training Time Active Learning Regressor: 2.9 seconds
2025-02-10 19:22 | INFO | Query 55 Active Learning Runtime on Validation Set: 2132425.41
2025-02-10 19:22 | INFO | Query 55 Active Learning Runtime on Test Set: 326876.16
2025-02-10 19:22 | INFO | Query 55 Active Learning Instance Cost: 10238664.16
2025-02-10 19:22 | INFO | Timeout limit is increased to 3600
2025-02-10 19:22 | INFO | Active Learning Emissions: 0.08882115126626518
2025-02-10 19:22 | INFO | Active Learning Energy Consumption: 0.09663968068276542 kWh
2025-02-10 19:22 | INFO | runtime_test_score is written as json file
2025-02-10 19:22 | INFO | runtime_validation_score is written as json file
2025-02-10 19:22 | INFO | instance_cost is written as json file
2025-02-10 19:22 | INFO | Experiment is finished
