2025-02-10 19:45 | INFO | Paramaters are: {'dataset': 'QBF-2016', 'penalty': 10, 'weight': 'No_Weight', 'voting': 'Hard', 'pre_selection_size': 64, 'pre_selection_technique': 'No_pre_selection', 'feature_elimination_threshold': 20, 'imputer_strategy': 'median', 'feature_selection_technique': 'No_feature_selection', 'feature_scaling_technique': 'StandardScaler', 'priority': {'PredDiff': 'max', 'PredCost': 'min', 'Uncertainty': 'max'}, 'initial_train_size': 20, 'query_size': 1, 'timeout_predictor_usage': 'No', 'timeout_limit': 3600, 'timeout_increase_rate': 100, 'penalty_type': 'Only-timeout-penalty', 'RANDOM_STATE_SEED': 7, 'n_splits': 10, 'split_number': 3, 'max_timeout': 3600, 'param_grid': {'n_estimators': 100, 'max_features': 'sqrt', 'max_depth': 2147483648, 'min_samples_split': 2, 'bootstrap': True}}
2025-02-10 19:45 | INFO | QBF-2016 is current dataset
2025-02-10 19:45 | INFO | DATASETS/QBF-2016/algorithm_runs.arff is found
2025-02-10 19:45 | INFO | DATASETS/QBF-2016/algorithm_runs.arff is finished
2025-02-10 19:45 | INFO | DATASETS/QBF-2016/feature_values.arff is found
2025-02-10 19:45 | INFO | DATASETS/QBF-2016/feature_values.arff is finished
2025-02-10 19:45 | INFO | DATASETS/QBF-2016/feature_costs.arff is found
2025-02-10 19:45 | INFO | DATASETS/QBF-2016/feature_costs.arff is finished
2025-02-10 19:45 | INFO | Virtual best solver time in train = 6823.84
2025-02-10 19:45 | INFO | Single best solver list train = {'AIGSolve': 5016892.12, 'aqua-f3v': 8104993.66, 'aqua-s2v': 7997830.73, 'aqua-s3o': 8141207.19, 'caqe-minisat': 4763911.23, 'caqe-picosat': 4405142.1, 'depqbf-v1': 8287728.35, 'depqbf-v2': 4438616.23, 'depqbf-v3': 6275982.27, 'ghostq-cegar': 4725618.73, 'ghostq-plain': 4941005.55, 'hiqqer1': 4869266.61, 'hiqqer1ldsq': 5048273.18, 'hiqqer3': 5014882.82, 'iprover-QBF': 10702623.81, 'iprover-QBF-bloqqer': 11276113.96, 'qesto': 4978639.45, 'qestos': 6483076.71, 'qsts': 5044078.83, 'rareqs': 3358019.99, 'squeezebf+struqs': 11386015.07, 'struqs-10': 11278223.05, 'xb-bid-qsts': 2857447.79, 'xb-qsts': 3934627.37}
2025-02-10 19:45 | INFO | Single best solver time train = xb-bid-qsts (2857447.79)
2025-02-10 19:45 | INFO | Virtual best solver time in validation = 841.49
2025-02-10 19:45 | INFO | Single best solver list validation = {'AIGSolve': 757438.25, 'aqua-f3v': 1189992.07, 'aqua-s2v': 1224996.44, 'aqua-s3o': 1224864.31, 'caqe-minisat': 1370136.28, 'caqe-picosat': 1262989.95, 'depqbf-v1': 1765270.92, 'depqbf-v2': 938425.19, 'depqbf-v3': 1586869.46, 'ghostq-cegar': 1154671.43, 'ghostq-plain': 1622386.95, 'hiqqer1': 1261666.44, 'hiqqer1ldsq': 1261669.78, 'hiqqer3': 1332878.85, 'iprover-QBF': 2593372.88, 'iprover-QBF-bloqqer': 2808969.95, 'qesto': 1190752.77, 'qestos': 1296864.08, 'qsts': 1800544.36, 'rareqs': 794272.61, 'squeezebf+struqs': 2017773.01, 'struqs-10': 2017830.88, 'xb-bid-qsts': 650666.74, 'xb-qsts': 1118391.84}
2025-02-10 19:45 | INFO | Single best solver time validation = xb-bid-qsts (650666.74)
2025-02-10 19:45 | INFO | Virtual best solver time in test = 691.47
2025-02-10 19:45 | INFO | Single best solver list test = {'AIGSolve': 721465.11, 'aqua-f3v': 936728.93, 'aqua-s2v': 936809.55, 'aqua-s3o': 972470.07, 'caqe-minisat': 685130.1, 'caqe-picosat': 649004.13, 'depqbf-v1': 1188892.47, 'depqbf-v2': 576792.86, 'depqbf-v3': 829089.02, 'ghostq-cegar': 541709.19, 'ghostq-plain': 505424.38, 'hiqqer1': 684580.42, 'hiqqer1ldsq': 684580.28, 'hiqqer3': 684801.67, 'iprover-QBF': 1548925.35, 'iprover-QBF-bloqqer': 1620285.21, 'qesto': 506129.89, 'qestos': 900339.76, 'qsts': 504433.54, 'rareqs': 540848.87, 'squeezebf+struqs': 1368762.12, 'struqs-10': 1368762.03, 'xb-bid-qsts': 362876.96, 'xb-qsts': 434236.3}
2025-02-10 19:45 | INFO | Single best solver time test = xb-bid-qsts (362876.96)
2025-02-10 19:46 | INFO | Training Time Passive Learning Classifier: 38.36 seconds
2025-02-10 19:46 | INFO | Training Time Passive Learning Regressor: 4.58 seconds
2025-02-10 19:48 | INFO | Passive Learning Classifier Runtime on Validation Set: 937647.21
2025-02-10 19:48 | INFO | Passive Learning Classifier Runtime on Test Set: 217449.82
2025-02-10 19:48 | INFO | Passive Learning Instance Cost: 15533016.8
2025-02-10 19:48 | INFO | Passive Learning Emissions: 0.0023141940551413545
2025-02-10 19:48 | INFO | Passive Learning Energy Consumption: 0.002517902226423353 kWh
2025-02-10 19:49 | INFO | Training Time Active Learning Classifier: 15.05 seconds
2025-02-10 19:49 | INFO | Training Time Active Learning Regressor: 1.13 seconds
2025-02-10 19:51 | INFO | Initial Active Learning Runtime on Validation Set: 1729363.01
2025-02-10 19:51 | INFO | Initial Active Learning Runtime on Test Set: 433630.38
2025-02-10 19:51 | INFO | Initial Active Learning Instance Cost: 720027.37
2025-02-10 19:51 | INFO | Bin size = 1455
2025-02-10 19:52 | INFO | Query 1 Size of the uncertainty table is = 145452/145452
2025-02-10 19:52 | INFO | Query 1 Size of the filtered table is = 1455
2025-02-10 19:52 | INFO | Training Time Active Learning Classifier: 15.03 seconds
2025-02-10 19:52 | INFO | Training Time Active Learning Regressor: 1.3 seconds
2025-02-10 19:55 | INFO | Query 1 Active Learning Runtime on Validation Set: 1658174.442
2025-02-10 19:55 | INFO | Query 1 Active Learning Runtime on Test Set: 433406.19200000004
2025-02-10 19:55 | INFO | Query 1 Active Learning Instance Cost: 2009337.02
2025-02-10 19:56 | INFO | Query 2 Size of the uncertainty table is = 139868/145452
2025-02-10 19:56 | INFO | Query 2 Size of the filtered table is = 1455
2025-02-10 19:56 | INFO | Training Time Active Learning Classifier: 15.33 seconds
2025-02-10 19:56 | INFO | Training Time Active Learning Regressor: 1.46 seconds
2025-02-10 19:59 | INFO | Query 2 Active Learning Runtime on Validation Set: 1693420.872
2025-02-10 19:59 | INFO | Query 2 Active Learning Runtime on Test Set: 433375.00200000004
2025-02-10 19:59 | INFO | Query 2 Active Learning Instance Cost: 2415163.91
2025-02-10 19:59 | INFO | Timeout limit is increased to 3600
2025-02-10 20:00 | INFO | Query 3 Size of the uncertainty table is = 134782/145452
2025-02-10 20:00 | INFO | Query 3 Size of the filtered table is = 1455
2025-02-10 20:00 | INFO | Training Time Active Learning Classifier: 15.83 seconds
2025-02-10 20:00 | INFO | Training Time Active Learning Regressor: 1.59 seconds
2025-02-10 20:03 | INFO | Query 3 Active Learning Runtime on Validation Set: 1693478.602
2025-02-10 20:03 | INFO | Query 3 Active Learning Runtime on Test Set: 469359.052
2025-02-10 20:03 | INFO | Query 3 Active Learning Instance Cost: 3126189.2
2025-02-10 20:03 | INFO | Timeout limit is increased to 3600
2025-02-10 20:04 | INFO | Query 4 Size of the uncertainty table is = 130998/145452
2025-02-10 20:04 | INFO | Query 4 Size of the filtered table is = 1455
2025-02-10 20:05 | INFO | Training Time Active Learning Classifier: 16.08 seconds
2025-02-10 20:05 | INFO | Training Time Active Learning Regressor: 1.67 seconds
2025-02-10 20:07 | INFO | Query 4 Active Learning Runtime on Validation Set: 1693435.0420000001
2025-02-10 20:07 | INFO | Query 4 Active Learning Runtime on Test Set: 469393.792
2025-02-10 20:07 | INFO | Query 4 Active Learning Instance Cost: 3601777.43
2025-02-10 20:09 | INFO | Query 5 Size of the uncertainty table is = 127901/145452
2025-02-10 20:09 | INFO | Query 5 Size of the filtered table is = 1455
2025-02-10 20:09 | INFO | Training Time Active Learning Classifier: 16.5 seconds
2025-02-10 20:09 | INFO | Training Time Active Learning Regressor: 1.79 seconds
2025-02-10 20:12 | INFO | Query 5 Active Learning Runtime on Validation Set: 1729449.132
2025-02-10 20:12 | INFO | Query 5 Active Learning Runtime on Test Set: 397705.802
2025-02-10 20:12 | INFO | Query 5 Active Learning Instance Cost: 4278099.61
2025-02-10 20:12 | INFO | Timeout limit is increased to 3600
2025-02-10 20:13 | INFO | Query 6 Size of the uncertainty table is = 123650/145452
2025-02-10 20:13 | INFO | Query 6 Size of the filtered table is = 1455
2025-02-10 20:13 | INFO | Training Time Active Learning Classifier: 16.95 seconds
2025-02-10 20:13 | INFO | Training Time Active Learning Regressor: 1.91 seconds
2025-02-10 20:16 | INFO | Query 6 Active Learning Runtime on Validation Set: 1549975.662
2025-02-10 20:16 | INFO | Query 6 Active Learning Runtime on Test Set: 397695.44200000004
2025-02-10 20:16 | INFO | Query 6 Active Learning Instance Cost: 5037219.35
2025-02-10 20:18 | INFO | Query 7 Size of the uncertainty table is = 119336/145452
2025-02-10 20:18 | INFO | Query 7 Size of the filtered table is = 1455
2025-02-10 20:18 | INFO | Training Time Active Learning Classifier: 17.35 seconds
2025-02-10 20:18 | INFO | Training Time Active Learning Regressor: 1.97 seconds
2025-02-10 20:21 | INFO | Query 7 Active Learning Runtime on Validation Set: 1550454.392
2025-02-10 20:21 | INFO | Query 7 Active Learning Runtime on Test Set: 433413.302
2025-02-10 20:21 | INFO | Query 7 Active Learning Instance Cost: 5762162.02
2025-02-10 20:21 | INFO | Timeout limit is increased to 3600
2025-02-10 20:22 | INFO | Query 8 Size of the uncertainty table is = 114411/145452
2025-02-10 20:22 | INFO | Query 8 Size of the filtered table is = 1455
2025-02-10 20:23 | INFO | Training Time Active Learning Classifier: 17.87 seconds
2025-02-10 20:23 | INFO | Training Time Active Learning Regressor: 2.06 seconds
2025-02-10 20:25 | INFO | Query 8 Active Learning Runtime on Validation Set: 1442157.382
2025-02-10 20:25 | INFO | Query 8 Active Learning Runtime on Test Set: 469775.712
2025-02-10 20:25 | INFO | Query 8 Active Learning Instance Cost: 6332789.4
2025-02-10 20:27 | INFO | Query 9 Size of the uncertainty table is = 110116/145452
2025-02-10 20:27 | INFO | Query 9 Size of the filtered table is = 1455
2025-02-10 20:27 | INFO | Training Time Active Learning Classifier: 18.64 seconds
2025-02-10 20:27 | INFO | Training Time Active Learning Regressor: 2.2 seconds
2025-02-10 20:30 | INFO | Query 9 Active Learning Runtime on Validation Set: 1154503.392
2025-02-10 20:30 | INFO | Query 9 Active Learning Runtime on Test Set: 469785.022
2025-02-10 20:30 | INFO | Query 9 Active Learning Instance Cost: 7027036.67
2025-02-10 20:31 | INFO | Query 10 Size of the uncertainty table is = 103973/145452
2025-02-10 20:31 | INFO | Query 10 Size of the filtered table is = 1455
2025-02-10 20:32 | INFO | Training Time Active Learning Classifier: 19.31 seconds
2025-02-10 20:32 | INFO | Training Time Active Learning Regressor: 2.32 seconds
2025-02-10 20:34 | INFO | Query 10 Active Learning Runtime on Validation Set: 1261928.692
2025-02-10 20:34 | INFO | Query 10 Active Learning Runtime on Test Set: 434131.552
2025-02-10 20:34 | INFO | Query 10 Active Learning Instance Cost: 7633494.41
2025-02-10 20:34 | INFO | Timeout limit is increased to 3600
2025-02-10 20:36 | INFO | Query 11 Size of the uncertainty table is = 99103/145452
2025-02-10 20:36 | INFO | Query 11 Size of the filtered table is = 1455
2025-02-10 20:37 | INFO | Training Time Active Learning Classifier: 20.01 seconds
2025-02-10 20:37 | INFO | Training Time Active Learning Regressor: 2.44 seconds
2025-02-10 20:39 | INFO | Query 11 Active Learning Runtime on Validation Set: 1225966.682
2025-02-10 20:39 | INFO | Query 11 Active Learning Runtime on Test Set: 362408.43200000003
2025-02-10 20:39 | INFO | Query 11 Active Learning Instance Cost: 8360669.81
2025-02-10 20:41 | INFO | Query 12 Size of the uncertainty table is = 93785/145452
2025-02-10 20:41 | INFO | Query 12 Size of the filtered table is = 1455
2025-02-10 20:41 | INFO | Training Time Active Learning Classifier: 20.89 seconds
2025-02-10 20:41 | INFO | Training Time Active Learning Regressor: 2.55 seconds
2025-02-10 20:44 | INFO | Query 12 Active Learning Runtime on Validation Set: 1117938.262
2025-02-10 20:44 | INFO | Query 12 Active Learning Runtime on Test Set: 362225.94200000004
2025-02-10 20:44 | INFO | Query 12 Active Learning Instance Cost: 8991221.86
2025-02-10 20:46 | INFO | Query 13 Size of the uncertainty table is = 87708/145452
2025-02-10 20:46 | INFO | Query 13 Size of the filtered table is = 1455
2025-02-10 20:46 | INFO | Training Time Active Learning Classifier: 21.77 seconds
2025-02-10 20:46 | INFO | Training Time Active Learning Regressor: 2.68 seconds
2025-02-10 20:49 | INFO | Query 13 Active Learning Runtime on Validation Set: 938207.522
2025-02-10 20:49 | INFO | Query 13 Active Learning Runtime on Test Set: 362152.45200000005
2025-02-10 20:49 | INFO | Query 13 Active Learning Instance Cost: 9613663.03
2025-02-10 20:50 | INFO | Query 14 Size of the uncertainty table is = 81625/145452
2025-02-10 20:50 | INFO | Query 14 Size of the filtered table is = 1455
2025-02-10 20:51 | INFO | Training Time Active Learning Classifier: 22.85 seconds
2025-02-10 20:51 | INFO | Training Time Active Learning Regressor: 2.79 seconds
2025-02-10 20:53 | INFO | Query 14 Active Learning Runtime on Validation Set: 1009968.292
2025-02-10 20:53 | INFO | Query 14 Active Learning Runtime on Test Set: 326131.51200000005
2025-02-10 20:53 | INFO | Query 14 Active Learning Instance Cost: 10178987.01
2025-02-10 20:53 | INFO | Timeout limit is increased to 3600
2025-02-10 20:55 | INFO | Query 15 Size of the uncertainty table is = 75354/145452
2025-02-10 20:55 | INFO | Query 15 Size of the filtered table is = 1455
2025-02-10 20:56 | INFO | Training Time Active Learning Classifier: 24.09 seconds
2025-02-10 20:56 | INFO | Training Time Active Learning Regressor: 2.92 seconds
2025-02-10 20:58 | INFO | Query 15 Active Learning Runtime on Validation Set: 866176.692
2025-02-10 20:58 | INFO | Query 15 Active Learning Runtime on Test Set: 362120.352
2025-02-10 20:58 | INFO | Query 15 Active Learning Instance Cost: 10732852.89
2025-02-10 21:00 | INFO | Query 16 Size of the uncertainty table is = 68517/145452
2025-02-10 21:00 | INFO | Query 16 Size of the filtered table is = 1455
2025-02-10 21:00 | INFO | Training Time Active Learning Classifier: 25.68 seconds
2025-02-10 21:00 | INFO | Training Time Active Learning Regressor: 3.06 seconds
2025-02-10 21:03 | INFO | Query 16 Active Learning Runtime on Validation Set: 829803.462
2025-02-10 21:03 | INFO | Query 16 Active Learning Runtime on Test Set: 361605.272
2025-02-10 21:03 | INFO | Query 16 Active Learning Instance Cost: 11553096.33
2025-02-10 21:04 | INFO | Query 17 Size of the uncertainty table is = 60116/145452
2025-02-10 21:04 | INFO | Query 17 Size of the filtered table is = 1455
2025-02-10 21:05 | INFO | Training Time Active Learning Classifier: 26.98 seconds
2025-02-10 21:05 | INFO | Training Time Active Learning Regressor: 3.23 seconds
2025-02-10 21:07 | INFO | Query 17 Active Learning Runtime on Validation Set: 937601.802
2025-02-10 21:07 | INFO | Query 17 Active Learning Runtime on Test Set: 326112.45200000005
2025-02-10 21:07 | INFO | Query 17 Active Learning Instance Cost: 12110584.58
2025-02-10 21:07 | INFO | Timeout limit is increased to 3600
2025-02-10 21:09 | INFO | Query 18 Size of the uncertainty table is = 52648/145452
2025-02-10 21:09 | INFO | Query 18 Size of the filtered table is = 1455
2025-02-10 21:09 | INFO | Training Time Active Learning Classifier: 28.51 seconds
2025-02-10 21:09 | INFO | Training Time Active Learning Regressor: 3.59 seconds
2025-02-10 21:12 | INFO | Query 18 Active Learning Runtime on Validation Set: 757422.442
2025-02-10 21:12 | INFO | Query 18 Active Learning Runtime on Test Set: 289898.51200000005
2025-02-10 21:12 | INFO | Query 18 Active Learning Instance Cost: 12443730.67
2025-02-10 21:13 | INFO | Query 19 Size of the uncertainty table is = 46251/145452
2025-02-10 21:13 | INFO | Query 19 Size of the filtered table is = 1455
2025-02-10 21:14 | INFO | Training Time Active Learning Classifier: 30.19 seconds
2025-02-10 21:14 | INFO | Training Time Active Learning Regressor: 3.63 seconds
2025-02-10 21:17 | INFO | Query 19 Active Learning Runtime on Validation Set: 793333.632
2025-02-10 21:17 | INFO | Query 19 Active Learning Runtime on Test Set: 253945.522
2025-02-10 21:17 | INFO | Query 19 Active Learning Instance Cost: 13359050.63
2025-02-10 21:17 | INFO | Timeout limit is increased to 3600
2025-02-10 21:18 | INFO | Query 20 Size of the uncertainty table is = 39182/145452
2025-02-10 21:18 | INFO | Query 20 Size of the filtered table is = 1455
2025-02-10 21:18 | INFO | Training Time Active Learning Classifier: 31.59 seconds
2025-02-10 21:18 | INFO | Training Time Active Learning Regressor: 3.83 seconds
2025-02-10 21:21 | INFO | Query 20 Active Learning Runtime on Validation Set: 685568.792
2025-02-10 21:21 | INFO | Query 20 Active Learning Runtime on Test Set: 217379.712
2025-02-10 21:21 | INFO | Query 20 Active Learning Instance Cost: 14510122.22
2025-02-10 21:22 | INFO | Query 21 Size of the uncertainty table is = 31317/145452
2025-02-10 21:22 | INFO | Query 21 Size of the filtered table is = 1455
2025-02-10 21:23 | INFO | Training Time Active Learning Classifier: 32.87 seconds
2025-02-10 21:23 | INFO | Training Time Active Learning Regressor: 3.97 seconds
2025-02-10 21:25 | INFO | Query 21 Active Learning Runtime on Validation Set: 577680.962
2025-02-10 21:25 | INFO | Query 21 Active Learning Runtime on Test Set: 217375.332
2025-02-10 21:25 | INFO | Query 21 Active Learning Instance Cost: 15058834.18
2025-02-10 21:26 | INFO | Query 22 Size of the uncertainty table is = 24718/145452
2025-02-10 21:26 | INFO | Query 22 Size of the filtered table is = 1455
2025-02-10 21:27 | INFO | Training Time Active Learning Classifier: 34.13 seconds
2025-02-10 21:27 | INFO | Training Time Active Learning Regressor: 4.14 seconds
2025-02-10 21:29 | INFO | Query 22 Active Learning Runtime on Validation Set: 614096.432
2025-02-10 21:29 | INFO | Query 22 Active Learning Runtime on Test Set: 217448.452
2025-02-10 21:29 | INFO | Query 22 Active Learning Instance Cost: 15344687.47
2025-02-10 21:29 | INFO | Timeout limit is increased to 3600
2025-02-10 21:30 | INFO | Query 23 Size of the uncertainty table is = 18966/145452
2025-02-10 21:30 | INFO | Query 23 Size of the filtered table is = 1455
2025-02-10 21:31 | INFO | Training Time Active Learning Classifier: 35.94 seconds
2025-02-10 21:31 | INFO | Training Time Active Learning Regressor: 4.34 seconds
2025-02-10 21:33 | INFO | Query 23 Active Learning Runtime on Validation Set: 578132.3520000001
2025-02-10 21:33 | INFO | Query 23 Active Learning Runtime on Test Set: 181609.892
2025-02-10 21:33 | INFO | Query 23 Active Learning Instance Cost: 15488844.58
2025-02-10 21:34 | INFO | Query 24 Size of the uncertainty table is = 11010/145452
2025-02-10 21:34 | INFO | Query 24 Size of the filtered table is = 1455
2025-02-10 21:35 | INFO | Training Time Active Learning Classifier: 37.52 seconds
2025-02-10 21:35 | INFO | Training Time Active Learning Regressor: 4.51 seconds
2025-02-10 21:37 | INFO | Query 24 Active Learning Runtime on Validation Set: 757863.922
2025-02-10 21:37 | INFO | Query 24 Active Learning Runtime on Test Set: 217614.552
2025-02-10 21:37 | INFO | Query 24 Active Learning Instance Cost: 15518299.07
2025-02-10 21:37 | INFO | Timeout limit is increased to 3600
2025-02-10 21:38 | INFO | Query 25 Size of the uncertainty table is = 4558/145452
2025-02-10 21:38 | INFO | Query 25 Size of the filtered table is = 1455
2025-02-10 21:38 | INFO | Training Time Active Learning Classifier: 38.42 seconds
2025-02-10 21:39 | INFO | Training Time Active Learning Regressor: 4.78 seconds
2025-02-10 21:41 | INFO | Query 25 Active Learning Runtime on Validation Set: 865940.542
2025-02-10 21:41 | INFO | Query 25 Active Learning Runtime on Test Set: 217614.712
2025-02-10 21:41 | INFO | Query 25 Active Learning Instance Cost: 15533015.1
2025-02-10 21:41 | INFO | Timeout limit is increased to 3600
2025-02-10 21:41 | INFO | Query 26 Size of the uncertainty table is = 594/145452
2025-02-10 21:41 | INFO | Query 26 Size of the filtered table is = 594
2025-02-10 21:42 | INFO | Training Time Active Learning Classifier: 38.83 seconds
2025-02-10 21:42 | INFO | Training Time Active Learning Regressor: 4.8 seconds
2025-02-10 21:45 | INFO | Query 26 Active Learning Runtime on Validation Set: 865892.812
2025-02-10 21:45 | INFO | Query 26 Active Learning Runtime on Test Set: 217614.462
2025-02-10 21:45 | INFO | Query 26 Active Learning Instance Cost: 15533016.8
2025-02-10 21:45 | INFO | Active Learning Emissions: 0.08232314136302835
2025-02-10 21:45 | INFO | Active Learning Energy Consumption: 0.08956967997719294 kWh
2025-02-10 21:45 | INFO | runtime_test_score is written as json file
2025-02-10 21:45 | INFO | runtime_validation_score is written as json file
2025-02-10 21:45 | INFO | instance_cost is written as json file
2025-02-10 21:45 | INFO | Experiment is finished
