2025-02-10 19:09 | INFO | Paramaters are: {'dataset': 'QBF-2016', 'penalty': 10, 'weight': 'No_Weight', 'voting': 'Hard', 'pre_selection_size': 64, 'pre_selection_technique': 'No_pre_selection', 'feature_elimination_threshold': 20, 'imputer_strategy': 'median', 'feature_selection_technique': 'No_feature_selection', 'feature_scaling_technique': 'StandardScaler', 'priority': {'Uncertainty': 'max', 'PredCost': 'min', 'PredDiff': 'max'}, 'initial_train_size': 20, 'query_size': 1, 'timeout_predictor_usage': 'No', 'timeout_limit': 100, 'timeout_increase_rate': 100, 'penalty_type': 'Only-timeout-penalty', 'RANDOM_STATE_SEED': 42, 'n_splits': 10, 'split_number': 8, 'max_timeout': 3600, 'param_grid': {'n_estimators': 100, 'max_features': 'sqrt', 'max_depth': 2147483648, 'min_samples_split': 2, 'bootstrap': True}}
2025-02-10 19:09 | INFO | QBF-2016 is current dataset
2025-02-10 19:09 | INFO | DATASETS/QBF-2016/algorithm_runs.arff is found
2025-02-10 19:09 | INFO | DATASETS/QBF-2016/algorithm_runs.arff is finished
2025-02-10 19:09 | INFO | DATASETS/QBF-2016/feature_values.arff is found
2025-02-10 19:09 | INFO | DATASETS/QBF-2016/feature_values.arff is finished
2025-02-10 19:09 | INFO | DATASETS/QBF-2016/feature_costs.arff is found
2025-02-10 19:09 | INFO | DATASETS/QBF-2016/feature_costs.arff is finished
2025-02-10 19:09 | INFO | Virtual best solver time in train = 6914.18
2025-02-10 19:09 | INFO | Single best solver list train = {'AIGSolve': 4945055.88, 'aqua-f3v': 7888759.84, 'aqua-s2v': 7781378.87, 'aqua-s3o': 7995982.09, 'caqe-minisat': 4834694.45, 'caqe-picosat': 4511414.9, 'depqbf-v1': 8215593.52, 'depqbf-v2': 4293909.46, 'depqbf-v3': 6059471.84, 'ghostq-cegar': 4509882.32, 'ghostq-plain': 4760392.25, 'hiqqer1': 4688572.87, 'hiqqer1ldsq': 4832117.66, 'hiqqer3': 4798517.49, 'iprover-QBF': 10594870.64, 'iprover-QBF-bloqqer': 11095618.87, 'qesto': 4870684.24, 'qestos': 6195085.85, 'qsts': 5007841.84, 'rareqs': 3357267.1, 'squeezebf+struqs': 11241258.19, 'struqs-10': 11133737.67, 'xb-bid-qsts': 2714266.17, 'xb-qsts': 3863058.01}
2025-02-10 19:09 | INFO | Single best solver time train = xb-bid-qsts (2714266.17)
2025-02-10 19:09 | INFO | Virtual best solver time in validation = 822.46
2025-02-10 19:09 | INFO | Single best solver list validation = {'AIGSolve': 865940.26, 'aqua-f3v': 1369981.39, 'aqua-s2v': 1404982.06, 'aqua-s3o': 1404840.76, 'caqe-minisat': 1406269.27, 'caqe-picosat': 1335608.98, 'depqbf-v1': 1980972.81, 'depqbf-v2': 1154003.63, 'depqbf-v3': 1802073.43, 'ghostq-cegar': 1191197.72, 'ghostq-plain': 1622410.9, 'hiqqer1': 1406291.68, 'hiqqer1ldsq': 1441755.96, 'hiqqer3': 1512922.21, 'iprover-QBF': 2737320.16, 'iprover-QBF-bloqqer': 2808989.51, 'qesto': 1227291.61, 'qestos': 1512876.36, 'qsts': 1908526.45, 'rareqs': 902591.44, 'squeezebf+struqs': 2197842.29, 'struqs-10': 2197893.92, 'xb-bid-qsts': 759450.91, 'xb-qsts': 1191066.28}
2025-02-10 19:09 | INFO | Single best solver time validation = xb-bid-qsts (759450.91)
2025-02-10 19:09 | INFO | Virtual best solver time in test = 620.16
2025-02-10 19:09 | INFO | Single best solver list test = {'AIGSolve': 684799.34, 'aqua-f3v': 972973.43, 'aqua-s2v': 973275.79, 'aqua-s3o': 937718.72, 'caqe-minisat': 578213.89, 'caqe-picosat': 470112.3, 'depqbf-v1': 1045325.41, 'depqbf-v2': 505921.19, 'depqbf-v3': 830395.48, 'ghostq-cegar': 720919.31, 'ghostq-plain': 686013.73, 'hiqqer1': 720648.92, 'hiqqer1ldsq': 720649.62, 'hiqqer3': 721123.64, 'iprover-QBF': 1512731.24, 'iprover-QBF-bloqqer': 1800760.74, 'qesto': 577546.26, 'qestos': 972318.34, 'qsts': 432688.44, 'rareqs': 433282.93, 'squeezebf+struqs': 1333449.72, 'struqs-10': 1333184.37, 'xb-bid-qsts': 397274.41, 'xb-qsts': 433131.22}
2025-02-10 19:09 | INFO | Single best solver time test = xb-bid-qsts (397274.41)
2025-02-10 19:10 | INFO | Training Time Passive Learning Classifier: 38.82 seconds
2025-02-10 19:10 | INFO | Training Time Passive Learning Regressor: 4.59 seconds
2025-02-10 19:12 | INFO | Passive Learning Classifier Runtime on Validation Set: 1009865.28
2025-02-10 19:12 | INFO | Passive Learning Classifier Runtime on Test Set: 217391.17
2025-02-10 19:12 | INFO | Passive Learning Instance Cost: 15211032.02
2025-02-10 19:12 | INFO | Passive Learning Emissions: 0.0023280511478567666
2025-02-10 19:12 | INFO | Passive Learning Energy Consumption: 0.0025329790971474722 kWh
2025-02-10 19:13 | INFO | Training Time Active Learning Classifier: 15.45 seconds
2025-02-10 19:13 | INFO | Training Time Active Learning Regressor: 1.13 seconds
2025-02-10 19:15 | INFO | Initial Active Learning Runtime on Validation Set: 1045757.16
2025-02-10 19:15 | INFO | Initial Active Learning Runtime on Test Set: 433221.26
2025-02-10 19:15 | INFO | Initial Active Learning Instance Cost: 17194.61
2025-02-10 19:15 | INFO | Bin size = 1455
2025-02-10 19:16 | INFO | Query 1 Size of the uncertainty table is = 146398/145452
2025-02-10 19:16 | INFO | Query 1 Size of the filtered table is = 1455
2025-02-10 19:16 | INFO | Training Time Active Learning Classifier: 15.27 seconds
2025-02-10 19:16 | INFO | Training Time Active Learning Regressor: 1.6 seconds
2025-02-10 19:19 | INFO | Query 1 Active Learning Runtime on Validation Set: 1010074.0480000001
2025-02-10 19:19 | INFO | Query 1 Active Learning Runtime on Test Set: 397386.338
2025-02-10 19:19 | INFO | Query 1 Active Learning Instance Cost: 105881.54
2025-02-10 19:21 | INFO | Query 2 Size of the uncertainty table is = 141312/145452
2025-02-10 19:21 | INFO | Query 2 Size of the filtered table is = 1455
2025-02-10 19:21 | INFO | Training Time Active Learning Classifier: 16.81 seconds
2025-02-10 19:21 | INFO | Training Time Active Learning Regressor: 2.08 seconds
2025-02-10 19:24 | INFO | Query 2 Active Learning Runtime on Validation Set: 1118001.028
2025-02-10 19:24 | INFO | Query 2 Active Learning Runtime on Test Set: 361215.038
2025-02-10 19:24 | INFO | Query 2 Active Learning Instance Cost: 184869.22
2025-02-10 19:24 | INFO | Timeout limit is increased to 200
2025-02-10 19:26 | INFO | Query 3 Size of the uncertainty table is = 131245/145452
2025-02-10 19:26 | INFO | Query 3 Size of the filtered table is = 1455
2025-02-10 19:26 | INFO | Training Time Active Learning Classifier: 19.33 seconds
2025-02-10 19:26 | INFO | Training Time Active Learning Regressor: 2.55 seconds
2025-02-10 19:29 | INFO | Query 3 Active Learning Runtime on Validation Set: 1154015.548
2025-02-10 19:29 | INFO | Query 3 Active Learning Runtime on Test Set: 289423.148
2025-02-10 19:29 | INFO | Query 3 Active Learning Instance Cost: 336338.43
2025-02-10 19:29 | INFO | Timeout limit is increased to 300
2025-02-10 19:31 | INFO | Query 4 Size of the uncertainty table is = 117868/145452
2025-02-10 19:31 | INFO | Query 4 Size of the filtered table is = 1455
2025-02-10 19:32 | INFO | Training Time Active Learning Classifier: 22.17 seconds
2025-02-10 19:32 | INFO | Training Time Active Learning Regressor: 2.95 seconds
2025-02-10 19:35 | INFO | Query 4 Active Learning Runtime on Validation Set: 938043.888
2025-02-10 19:35 | INFO | Query 4 Active Learning Runtime on Test Set: 254334.728
2025-02-10 19:35 | INFO | Query 4 Active Learning Instance Cost: 600513.87
2025-02-10 19:37 | INFO | Query 5 Size of the uncertainty table is = 105493/145452
2025-02-10 19:37 | INFO | Query 5 Size of the filtered table is = 1455
2025-02-10 19:38 | INFO | Training Time Active Learning Classifier: 24.47 seconds
2025-02-10 19:38 | INFO | Training Time Active Learning Regressor: 3.22 seconds
2025-02-10 19:40 | INFO | Query 5 Active Learning Runtime on Validation Set: 1082055.6879999998
2025-02-10 19:40 | INFO | Query 5 Active Learning Runtime on Test Set: 254310.018
2025-02-10 19:40 | INFO | Query 5 Active Learning Instance Cost: 806538.44
2025-02-10 19:40 | INFO | Timeout limit is increased to 400
2025-02-10 19:43 | INFO | Query 6 Size of the uncertainty table is = 94687/145452
2025-02-10 19:43 | INFO | Query 6 Size of the filtered table is = 1455
2025-02-10 19:43 | INFO | Training Time Active Learning Classifier: 26.38 seconds
2025-02-10 19:43 | INFO | Training Time Active Learning Regressor: 3.68 seconds
2025-02-10 19:46 | INFO | Query 6 Active Learning Runtime on Validation Set: 1045574.028
2025-02-10 19:46 | INFO | Query 6 Active Learning Runtime on Test Set: 218340.15800000002
2025-02-10 19:46 | INFO | Query 6 Active Learning Instance Cost: 1111125.84
2025-02-10 19:49 | INFO | Query 7 Size of the uncertainty table is = 85331/145452
2025-02-10 19:49 | INFO | Query 7 Size of the filtered table is = 1455
2025-02-10 19:49 | INFO | Training Time Active Learning Classifier: 27.9 seconds
2025-02-10 19:49 | INFO | Training Time Active Learning Regressor: 3.62 seconds
2025-02-10 19:52 | INFO | Query 7 Active Learning Runtime on Validation Set: 1153508.298
2025-02-10 19:52 | INFO | Query 7 Active Learning Runtime on Test Set: 253844.99800000002
2025-02-10 19:52 | INFO | Query 7 Active Learning Instance Cost: 1293491.86
2025-02-10 19:52 | INFO | Timeout limit is increased to 500
2025-02-10 19:54 | INFO | Query 8 Size of the uncertainty table is = 78710/145452
2025-02-10 19:54 | INFO | Query 8 Size of the filtered table is = 1455
2025-02-10 19:55 | INFO | Training Time Active Learning Classifier: 29.26 seconds
2025-02-10 19:55 | INFO | Training Time Active Learning Regressor: 3.73 seconds
2025-02-10 19:57 | INFO | Query 8 Active Learning Runtime on Validation Set: 1153641.528
2025-02-10 19:57 | INFO | Query 8 Active Learning Runtime on Test Set: 218308.348
2025-02-10 19:57 | INFO | Query 8 Active Learning Instance Cost: 1572090.63
2025-02-10 19:57 | INFO | Timeout limit is increased to 600
2025-02-10 20:00 | INFO | Query 9 Size of the uncertainty table is = 73805/145452
2025-02-10 20:00 | INFO | Query 9 Size of the filtered table is = 1455
2025-02-10 20:00 | INFO | Training Time Active Learning Classifier: 30.19 seconds
2025-02-10 20:01 | INFO | Training Time Active Learning Regressor: 3.83 seconds
2025-02-10 20:03 | INFO | Query 9 Active Learning Runtime on Validation Set: 829636.388
2025-02-10 20:03 | INFO | Query 9 Active Learning Runtime on Test Set: 253489.178
2025-02-10 20:03 | INFO | Query 9 Active Learning Instance Cost: 1877834.35
2025-02-10 20:05 | INFO | Query 10 Size of the uncertainty table is = 69323/145452
2025-02-10 20:05 | INFO | Query 10 Size of the filtered table is = 1455
2025-02-10 20:06 | INFO | Training Time Active Learning Classifier: 30.61 seconds
2025-02-10 20:06 | INFO | Training Time Active Learning Regressor: 3.88 seconds
2025-02-10 20:09 | INFO | Query 10 Active Learning Runtime on Validation Set: 865776.658
2025-02-10 20:09 | INFO | Query 10 Active Learning Runtime on Test Set: 182003.46800000002
2025-02-10 20:09 | INFO | Query 10 Active Learning Instance Cost: 2008403.98
2025-02-10 20:09 | INFO | Timeout limit is increased to 700
2025-02-10 20:11 | INFO | Query 11 Size of the uncertainty table is = 66567/145452
2025-02-10 20:11 | INFO | Query 11 Size of the filtered table is = 1455
2025-02-10 20:12 | INFO | Training Time Active Learning Classifier: 31.19 seconds
2025-02-10 20:12 | INFO | Training Time Active Learning Regressor: 3.91 seconds
2025-02-10 20:14 | INFO | Query 11 Active Learning Runtime on Validation Set: 1045582.008
2025-02-10 20:14 | INFO | Query 11 Active Learning Runtime on Test Set: 217949.698
2025-02-10 20:14 | INFO | Query 11 Active Learning Instance Cost: 2234429.13
2025-02-10 20:14 | INFO | Timeout limit is increased to 800
2025-02-10 20:16 | INFO | Query 12 Size of the uncertainty table is = 65056/145452
2025-02-10 20:16 | INFO | Query 12 Size of the filtered table is = 1455
2025-02-10 20:17 | INFO | Training Time Active Learning Classifier: 31.51 seconds
2025-02-10 20:17 | INFO | Training Time Active Learning Regressor: 3.94 seconds
2025-02-10 20:20 | INFO | Query 12 Active Learning Runtime on Validation Set: 1045520.608
2025-02-10 20:20 | INFO | Query 12 Active Learning Runtime on Test Set: 217864.30800000002
2025-02-10 20:20 | INFO | Query 12 Active Learning Instance Cost: 2489617.95
2025-02-10 20:22 | INFO | Query 13 Size of the uncertainty table is = 63575/145452
2025-02-10 20:22 | INFO | Query 13 Size of the filtered table is = 1455
2025-02-10 20:22 | INFO | Training Time Active Learning Classifier: 31.55 seconds
2025-02-10 20:23 | INFO | Training Time Active Learning Regressor: 3.95 seconds
2025-02-10 20:25 | INFO | Query 13 Active Learning Runtime on Validation Set: 1189375.298
2025-02-10 20:25 | INFO | Query 13 Active Learning Runtime on Test Set: 253495.65800000002
2025-02-10 20:25 | INFO | Query 13 Active Learning Instance Cost: 2585876.34
2025-02-10 20:25 | INFO | Timeout limit is increased to 900
2025-02-10 20:27 | INFO | Query 14 Size of the uncertainty table is = 62847/145452
2025-02-10 20:27 | INFO | Query 14 Size of the filtered table is = 1455
2025-02-10 20:28 | INFO | Training Time Active Learning Classifier: 31.87 seconds
2025-02-10 20:28 | INFO | Training Time Active Learning Regressor: 3.99 seconds
2025-02-10 20:31 | INFO | Query 14 Active Learning Runtime on Validation Set: 1117439.3679999998
2025-02-10 20:31 | INFO | Query 14 Active Learning Runtime on Test Set: 217496.02800000002
2025-02-10 20:31 | INFO | Query 14 Active Learning Instance Cost: 2802356.4
2025-02-10 20:33 | INFO | Query 15 Size of the uncertainty table is = 62443/145452
2025-02-10 20:33 | INFO | Query 15 Size of the filtered table is = 1455
2025-02-10 20:33 | INFO | Training Time Active Learning Classifier: 31.66 seconds
2025-02-10 20:33 | INFO | Training Time Active Learning Regressor: 3.98 seconds
2025-02-10 20:36 | INFO | Query 15 Active Learning Runtime on Validation Set: 1009557.228
2025-02-10 20:36 | INFO | Query 15 Active Learning Runtime on Test Set: 217472.238
2025-02-10 20:36 | INFO | Query 15 Active Learning Instance Cost: 2846201.35
2025-02-10 20:38 | INFO | Query 16 Size of the uncertainty table is = 62240/145452
2025-02-10 20:38 | INFO | Query 16 Size of the filtered table is = 1455
2025-02-10 20:39 | INFO | Training Time Active Learning Classifier: 31.7 seconds
2025-02-10 20:39 | INFO | Training Time Active Learning Regressor: 4.23 seconds
2025-02-10 20:41 | INFO | Query 16 Active Learning Runtime on Validation Set: 1009557.228
2025-02-10 20:41 | INFO | Query 16 Active Learning Runtime on Test Set: 217472.318
2025-02-10 20:41 | INFO | Query 16 Active Learning Instance Cost: 2867621.68
2025-02-10 20:41 | INFO | Timeout limit is increased to 1000
2025-02-10 20:43 | INFO | Query 17 Size of the uncertainty table is = 62144/145452
2025-02-10 20:43 | INFO | Query 17 Size of the filtered table is = 1455
2025-02-10 20:44 | INFO | Training Time Active Learning Classifier: 31.71 seconds
2025-02-10 20:44 | INFO | Training Time Active Learning Regressor: 4.0 seconds
2025-02-10 20:47 | INFO | Query 17 Active Learning Runtime on Validation Set: 1009557.228
2025-02-10 20:47 | INFO | Query 17 Active Learning Runtime on Test Set: 217472.318
2025-02-10 20:47 | INFO | Query 17 Active Learning Instance Cost: 3048290.58
2025-02-10 20:47 | INFO | Timeout limit is increased to 1100
2025-02-10 20:49 | INFO | Query 18 Size of the uncertainty table is = 62064/145452
2025-02-10 20:49 | INFO | Query 18 Size of the filtered table is = 1455
2025-02-10 20:49 | INFO | Training Time Active Learning Classifier: 31.78 seconds
2025-02-10 20:50 | INFO | Training Time Active Learning Regressor: 3.99 seconds
2025-02-10 20:52 | INFO | Query 18 Active Learning Runtime on Validation Set: 1045472.408
2025-02-10 20:52 | INFO | Query 18 Active Learning Runtime on Test Set: 217472.318
2025-02-10 20:52 | INFO | Query 18 Active Learning Instance Cost: 3227912.19
2025-02-10 20:52 | INFO | Timeout limit is increased to 1200
2025-02-10 20:54 | INFO | Query 19 Size of the uncertainty table is = 62037/145452
2025-02-10 20:54 | INFO | Query 19 Size of the filtered table is = 1455
2025-02-10 20:55 | INFO | Training Time Active Learning Classifier: 31.99 seconds
2025-02-10 20:55 | INFO | Training Time Active Learning Regressor: 3.99 seconds
2025-02-10 20:58 | INFO | Query 19 Active Learning Runtime on Validation Set: 1045472.408
2025-02-10 20:58 | INFO | Query 19 Active Learning Runtime on Test Set: 217472.318
2025-02-10 20:58 | INFO | Query 19 Active Learning Instance Cost: 3402212.33
2025-02-10 20:58 | INFO | Timeout limit is increased to 1300
2025-02-10 21:00 | INFO | Query 20 Size of the uncertainty table is = 62014/145452
2025-02-10 21:00 | INFO | Query 20 Size of the filtered table is = 1455
2025-02-10 21:00 | INFO | Training Time Active Learning Classifier: 31.79 seconds
2025-02-10 21:00 | INFO | Training Time Active Learning Regressor: 4.0 seconds
2025-02-10 21:03 | INFO | Query 20 Active Learning Runtime on Validation Set: 1045472.408
2025-02-10 21:03 | INFO | Query 20 Active Learning Runtime on Test Set: 217472.318
2025-02-10 21:03 | INFO | Query 20 Active Learning Instance Cost: 3579212.33
2025-02-10 21:03 | INFO | Timeout limit is increased to 1400
2025-02-10 21:05 | INFO | Query 21 Size of the uncertainty table is = 62014/145452
2025-02-10 21:05 | INFO | Query 21 Size of the filtered table is = 1455
2025-02-10 21:06 | INFO | Training Time Active Learning Classifier: 31.73 seconds
2025-02-10 21:06 | INFO | Training Time Active Learning Regressor: 3.99 seconds
2025-02-10 21:08 | INFO | Query 21 Active Learning Runtime on Validation Set: 1045472.408
2025-02-10 21:08 | INFO | Query 21 Active Learning Runtime on Test Set: 217472.318
2025-02-10 21:08 | INFO | Query 21 Active Learning Instance Cost: 3745912.33
2025-02-10 21:08 | INFO | Timeout limit is increased to 1500
2025-02-10 21:10 | INFO | Query 22 Size of the uncertainty table is = 62014/145452
2025-02-10 21:10 | INFO | Query 22 Size of the filtered table is = 1455
2025-02-10 21:11 | INFO | Training Time Active Learning Classifier: 31.78 seconds
2025-02-10 21:11 | INFO | Training Time Active Learning Regressor: 4.23 seconds
2025-02-10 21:14 | INFO | Query 22 Active Learning Runtime on Validation Set: 1045472.408
2025-02-10 21:14 | INFO | Query 22 Active Learning Runtime on Test Set: 217472.318
2025-02-10 21:14 | INFO | Query 22 Active Learning Instance Cost: 3912512.33
2025-02-10 21:14 | INFO | Timeout limit is increased to 1600
2025-02-10 21:16 | INFO | Query 23 Size of the uncertainty table is = 62014/145452
2025-02-10 21:16 | INFO | Query 23 Size of the filtered table is = 1455
2025-02-10 21:17 | INFO | Training Time Active Learning Classifier: 31.77 seconds
2025-02-10 21:17 | INFO | Training Time Active Learning Regressor: 3.99 seconds
2025-02-10 21:19 | INFO | Query 23 Active Learning Runtime on Validation Set: 1045472.408
2025-02-10 21:19 | INFO | Query 23 Active Learning Runtime on Test Set: 217472.318
2025-02-10 21:19 | INFO | Query 23 Active Learning Instance Cost: 4079112.33
2025-02-10 21:19 | INFO | Timeout limit is increased to 1700
2025-02-10 21:21 | INFO | Query 24 Size of the uncertainty table is = 62014/145452
2025-02-10 21:21 | INFO | Query 24 Size of the filtered table is = 1455
2025-02-10 21:22 | INFO | Training Time Active Learning Classifier: 31.76 seconds
2025-02-10 21:22 | INFO | Training Time Active Learning Regressor: 4.28 seconds
2025-02-10 21:25 | INFO | Query 24 Active Learning Runtime on Validation Set: 1045472.408
2025-02-10 21:25 | INFO | Query 24 Active Learning Runtime on Test Set: 217472.318
2025-02-10 21:25 | INFO | Query 24 Active Learning Instance Cost: 4245712.33
2025-02-10 21:25 | INFO | Timeout limit is increased to 1800
2025-02-10 21:27 | INFO | Query 25 Size of the uncertainty table is = 62014/145452
2025-02-10 21:27 | INFO | Query 25 Size of the filtered table is = 1455
2025-02-10 21:27 | INFO | Training Time Active Learning Classifier: 31.72 seconds
2025-02-10 21:27 | INFO | Training Time Active Learning Regressor: 4.01 seconds
2025-02-10 21:30 | INFO | Query 25 Active Learning Runtime on Validation Set: 1045472.408
2025-02-10 21:30 | INFO | Query 25 Active Learning Runtime on Test Set: 217472.318
2025-02-10 21:30 | INFO | Query 25 Active Learning Instance Cost: 4412112.33
2025-02-10 21:30 | INFO | Timeout limit is increased to 1900
2025-02-10 21:32 | INFO | Query 26 Size of the uncertainty table is = 62014/145452
2025-02-10 21:32 | INFO | Query 26 Size of the filtered table is = 1455
2025-02-10 21:33 | INFO | Training Time Active Learning Classifier: 32.07 seconds
2025-02-10 21:33 | INFO | Training Time Active Learning Regressor: 3.98 seconds
2025-02-10 21:35 | INFO | Query 26 Active Learning Runtime on Validation Set: 1045472.408
2025-02-10 21:35 | INFO | Query 26 Active Learning Runtime on Test Set: 217472.318
2025-02-10 21:35 | INFO | Query 26 Active Learning Instance Cost: 4578212.33
2025-02-10 21:35 | INFO | Timeout limit is increased to 2000
2025-02-10 21:38 | INFO | Query 27 Size of the uncertainty table is = 62014/145452
2025-02-10 21:38 | INFO | Query 27 Size of the filtered table is = 1455
2025-02-10 21:38 | INFO | Training Time Active Learning Classifier: 31.81 seconds
2025-02-10 21:38 | INFO | Training Time Active Learning Regressor: 3.99 seconds
2025-02-10 21:41 | INFO | Query 27 Active Learning Runtime on Validation Set: 1045472.408
2025-02-10 21:41 | INFO | Query 27 Active Learning Runtime on Test Set: 217472.318
2025-02-10 21:41 | INFO | Query 27 Active Learning Instance Cost: 4744612.33
2025-02-10 21:41 | INFO | Timeout limit is increased to 2100
2025-02-10 21:43 | INFO | Query 28 Size of the uncertainty table is = 62014/145452
2025-02-10 21:43 | INFO | Query 28 Size of the filtered table is = 1455
2025-02-10 21:44 | INFO | Training Time Active Learning Classifier: 32.04 seconds
2025-02-10 21:44 | INFO | Training Time Active Learning Regressor: 4.0 seconds
2025-02-10 21:46 | INFO | Query 28 Active Learning Runtime on Validation Set: 1045472.408
2025-02-10 21:46 | INFO | Query 28 Active Learning Runtime on Test Set: 217472.318
2025-02-10 21:46 | INFO | Query 28 Active Learning Instance Cost: 4910712.33
2025-02-10 21:46 | INFO | Timeout limit is increased to 2200
2025-02-10 21:48 | INFO | Query 29 Size of the uncertainty table is = 62014/145452
2025-02-10 21:48 | INFO | Query 29 Size of the filtered table is = 1455
2025-02-10 21:49 | INFO | Training Time Active Learning Classifier: 31.8 seconds
2025-02-10 21:49 | INFO | Training Time Active Learning Regressor: 4.0 seconds
2025-02-10 21:52 | INFO | Query 29 Active Learning Runtime on Validation Set: 1045472.408
2025-02-10 21:52 | INFO | Query 29 Active Learning Runtime on Test Set: 217472.318
2025-02-10 21:52 | INFO | Query 29 Active Learning Instance Cost: 5077512.33
2025-02-10 21:52 | INFO | Timeout limit is increased to 2300
2025-02-10 21:54 | INFO | Query 30 Size of the uncertainty table is = 62014/145452
2025-02-10 21:54 | INFO | Query 30 Size of the filtered table is = 1455
2025-02-10 21:54 | INFO | Training Time Active Learning Classifier: 31.67 seconds
2025-02-10 21:54 | INFO | Training Time Active Learning Regressor: 4.19 seconds
2025-02-10 21:57 | INFO | Query 30 Active Learning Runtime on Validation Set: 1045472.408
2025-02-10 21:57 | INFO | Query 30 Active Learning Runtime on Test Set: 217472.318
2025-02-10 21:57 | INFO | Query 30 Active Learning Instance Cost: 5244712.33
2025-02-10 21:57 | INFO | Timeout limit is increased to 2400
2025-02-10 21:59 | INFO | Query 31 Size of the uncertainty table is = 62014/145452
2025-02-10 21:59 | INFO | Query 31 Size of the filtered table is = 1455
2025-02-10 22:00 | INFO | Training Time Active Learning Classifier: 31.61 seconds
2025-02-10 22:00 | INFO | Training Time Active Learning Regressor: 3.98 seconds
2025-02-10 22:02 | INFO | Query 31 Active Learning Runtime on Validation Set: 1045472.408
2025-02-10 22:02 | INFO | Query 31 Active Learning Runtime on Test Set: 217472.318
2025-02-10 22:02 | INFO | Query 31 Active Learning Instance Cost: 5411012.33
2025-02-10 22:02 | INFO | Timeout limit is increased to 2500
2025-02-10 22:04 | INFO | Query 32 Size of the uncertainty table is = 62014/145452
2025-02-10 22:04 | INFO | Query 32 Size of the filtered table is = 1455
2025-02-10 22:05 | INFO | Training Time Active Learning Classifier: 31.88 seconds
2025-02-10 22:05 | INFO | Training Time Active Learning Regressor: 3.98 seconds
2025-02-10 22:08 | INFO | Query 32 Active Learning Runtime on Validation Set: 1045472.408
2025-02-10 22:08 | INFO | Query 32 Active Learning Runtime on Test Set: 217472.318
2025-02-10 22:08 | INFO | Query 32 Active Learning Instance Cost: 5577512.33
2025-02-10 22:08 | INFO | Timeout limit is increased to 2600
2025-02-10 22:10 | INFO | Query 33 Size of the uncertainty table is = 62014/145452
2025-02-10 22:10 | INFO | Query 33 Size of the filtered table is = 1455
2025-02-10 22:10 | INFO | Training Time Active Learning Classifier: 31.65 seconds
2025-02-10 22:11 | INFO | Training Time Active Learning Regressor: 4.0 seconds
2025-02-10 22:13 | INFO | Query 33 Active Learning Runtime on Validation Set: 1045472.408
2025-02-10 22:13 | INFO | Query 33 Active Learning Runtime on Test Set: 217472.318
2025-02-10 22:13 | INFO | Query 33 Active Learning Instance Cost: 5744012.33
2025-02-10 22:13 | INFO | Timeout limit is increased to 2700
2025-02-10 22:15 | INFO | Query 34 Size of the uncertainty table is = 62014/145452
2025-02-10 22:15 | INFO | Query 34 Size of the filtered table is = 1455
2025-02-10 22:16 | INFO | Training Time Active Learning Classifier: 31.58 seconds
2025-02-10 22:16 | INFO | Training Time Active Learning Regressor: 4.19 seconds
2025-02-10 22:18 | INFO | Query 34 Active Learning Runtime on Validation Set: 1045472.408
2025-02-10 22:18 | INFO | Query 34 Active Learning Runtime on Test Set: 217472.318
2025-02-10 22:18 | INFO | Query 34 Active Learning Instance Cost: 5910212.33
2025-02-10 22:18 | INFO | Timeout limit is increased to 2800
2025-02-10 22:21 | INFO | Query 35 Size of the uncertainty table is = 62014/145452
2025-02-10 22:21 | INFO | Query 35 Size of the filtered table is = 1455
2025-02-10 22:21 | INFO | Training Time Active Learning Classifier: 31.56 seconds
2025-02-10 22:21 | INFO | Training Time Active Learning Regressor: 3.98 seconds
2025-02-10 22:24 | INFO | Query 35 Active Learning Runtime on Validation Set: 1045472.408
2025-02-10 22:24 | INFO | Query 35 Active Learning Runtime on Test Set: 217472.318
2025-02-10 22:24 | INFO | Query 35 Active Learning Instance Cost: 6077412.33
2025-02-10 22:24 | INFO | Timeout limit is increased to 2900
2025-02-10 22:26 | INFO | Query 36 Size of the uncertainty table is = 62014/145452
2025-02-10 22:26 | INFO | Query 36 Size of the filtered table is = 1455
2025-02-10 22:26 | INFO | Training Time Active Learning Classifier: 31.83 seconds
2025-02-10 22:27 | INFO | Training Time Active Learning Regressor: 3.98 seconds
2025-02-10 22:29 | INFO | Query 36 Active Learning Runtime on Validation Set: 1045472.408
2025-02-10 22:29 | INFO | Query 36 Active Learning Runtime on Test Set: 217472.318
2025-02-10 22:29 | INFO | Query 36 Active Learning Instance Cost: 6243512.33
2025-02-10 22:29 | INFO | Timeout limit is increased to 3000
2025-02-10 22:31 | INFO | Query 37 Size of the uncertainty table is = 62014/145452
2025-02-10 22:31 | INFO | Query 37 Size of the filtered table is = 1455
2025-02-10 22:32 | INFO | Training Time Active Learning Classifier: 31.6 seconds
2025-02-10 22:32 | INFO | Training Time Active Learning Regressor: 3.99 seconds
2025-02-10 22:34 | INFO | Query 37 Active Learning Runtime on Validation Set: 1045472.408
2025-02-10 22:34 | INFO | Query 37 Active Learning Runtime on Test Set: 217472.318
2025-02-10 22:34 | INFO | Query 37 Active Learning Instance Cost: 6410112.33
2025-02-10 22:34 | INFO | Timeout limit is increased to 3100
2025-02-10 22:37 | INFO | Query 38 Size of the uncertainty table is = 62014/145452
2025-02-10 22:37 | INFO | Query 38 Size of the filtered table is = 1455
2025-02-10 22:37 | INFO | Training Time Active Learning Classifier: 31.59 seconds
2025-02-10 22:37 | INFO | Training Time Active Learning Regressor: 4.21 seconds
2025-02-10 22:40 | INFO | Query 38 Active Learning Runtime on Validation Set: 1045472.408
2025-02-10 22:40 | INFO | Query 38 Active Learning Runtime on Test Set: 217472.318
2025-02-10 22:40 | INFO | Query 38 Active Learning Instance Cost: 6576712.33
2025-02-10 22:40 | INFO | Timeout limit is increased to 3200
2025-02-10 22:42 | INFO | Query 39 Size of the uncertainty table is = 62014/145452
2025-02-10 22:42 | INFO | Query 39 Size of the filtered table is = 1455
2025-02-10 22:43 | INFO | Training Time Active Learning Classifier: 31.65 seconds
2025-02-10 22:43 | INFO | Training Time Active Learning Regressor: 4.0 seconds
2025-02-10 22:45 | INFO | Query 39 Active Learning Runtime on Validation Set: 1045472.408
2025-02-10 22:45 | INFO | Query 39 Active Learning Runtime on Test Set: 217472.318
2025-02-10 22:45 | INFO | Query 39 Active Learning Instance Cost: 6743112.33
2025-02-10 22:45 | INFO | Timeout limit is increased to 3300
2025-02-10 22:47 | INFO | Query 40 Size of the uncertainty table is = 62014/145452
2025-02-10 22:47 | INFO | Query 40 Size of the filtered table is = 1455
2025-02-10 22:48 | INFO | Training Time Active Learning Classifier: 31.71 seconds
2025-02-10 22:48 | INFO | Training Time Active Learning Regressor: 4.19 seconds
2025-02-10 22:50 | INFO | Query 40 Active Learning Runtime on Validation Set: 1045472.408
2025-02-10 22:50 | INFO | Query 40 Active Learning Runtime on Test Set: 217472.318
2025-02-10 22:50 | INFO | Query 40 Active Learning Instance Cost: 6909812.33
2025-02-10 22:50 | INFO | Timeout limit is increased to 3400
2025-02-10 22:53 | INFO | Query 41 Size of the uncertainty table is = 62014/145452
2025-02-10 22:53 | INFO | Query 41 Size of the filtered table is = 1455
2025-02-10 22:53 | INFO | Training Time Active Learning Classifier: 31.65 seconds
2025-02-10 22:53 | INFO | Training Time Active Learning Regressor: 3.98 seconds
2025-02-10 22:56 | INFO | Query 41 Active Learning Runtime on Validation Set: 1045472.408
2025-02-10 22:56 | INFO | Query 41 Active Learning Runtime on Test Set: 217472.318
2025-02-10 22:56 | INFO | Query 41 Active Learning Instance Cost: 7076312.33
2025-02-10 22:56 | INFO | Timeout limit is increased to 3500
2025-02-10 22:58 | INFO | Query 42 Size of the uncertainty table is = 62014/145452
2025-02-10 22:58 | INFO | Query 42 Size of the filtered table is = 1455
2025-02-10 22:59 | INFO | Training Time Active Learning Classifier: 31.83 seconds
2025-02-10 22:59 | INFO | Training Time Active Learning Regressor: 3.98 seconds
2025-02-10 23:01 | INFO | Query 42 Active Learning Runtime on Validation Set: 1045472.408
2025-02-10 23:01 | INFO | Query 42 Active Learning Runtime on Test Set: 217472.318
2025-02-10 23:01 | INFO | Query 42 Active Learning Instance Cost: 7242412.33
2025-02-10 23:01 | INFO | Timeout limit is increased to 3600
2025-02-10 23:03 | INFO | Query 43 Size of the uncertainty table is = 62014/145452
2025-02-10 23:03 | INFO | Query 43 Size of the filtered table is = 1455
2025-02-10 23:04 | INFO | Training Time Active Learning Classifier: 31.64 seconds
2025-02-10 23:04 | INFO | Training Time Active Learning Regressor: 4.21 seconds
2025-02-10 23:07 | INFO | Query 43 Active Learning Runtime on Validation Set: 1045472.408
2025-02-10 23:07 | INFO | Query 43 Active Learning Runtime on Test Set: 217472.318
2025-02-10 23:07 | INFO | Query 43 Active Learning Instance Cost: 7408812.33
2025-02-10 23:07 | INFO | Timeout limit is increased to 3600
2025-02-10 23:08 | INFO | Query 44 Size of the uncertainty table is = 34555/145452
2025-02-10 23:08 | INFO | Query 44 Size of the filtered table is = 1455
2025-02-10 23:09 | INFO | Training Time Active Learning Classifier: 35.05 seconds
2025-02-10 23:09 | INFO | Training Time Active Learning Regressor: 4.27 seconds
2025-02-10 23:11 | INFO | Query 44 Active Learning Runtime on Validation Set: 1045384.928
2025-02-10 23:11 | INFO | Query 44 Active Learning Runtime on Test Set: 181398.488
2025-02-10 23:11 | INFO | Query 44 Active Learning Instance Cost: 8924256.15
2025-02-10 23:12 | INFO | Query 45 Size of the uncertainty table is = 18369/145452
2025-02-10 23:12 | INFO | Query 45 Size of the filtered table is = 1455
2025-02-10 23:13 | INFO | Training Time Active Learning Classifier: 37.36 seconds
2025-02-10 23:13 | INFO | Training Time Active Learning Regressor: 4.48 seconds
2025-02-10 23:15 | INFO | Query 45 Active Learning Runtime on Validation Set: 1045742.848
2025-02-10 23:15 | INFO | Query 45 Active Learning Runtime on Test Set: 217364.708
2025-02-10 23:15 | INFO | Query 45 Active Learning Instance Cost: 9800104.86
2025-02-10 23:15 | INFO | Timeout limit is increased to 3600
2025-02-10 23:16 | INFO | Query 46 Size of the uncertainty table is = 6504/145452
2025-02-10 23:16 | INFO | Query 46 Size of the filtered table is = 1455
2025-02-10 23:16 | INFO | Training Time Active Learning Classifier: 38.38 seconds
2025-02-10 23:17 | INFO | Training Time Active Learning Regressor: 4.6 seconds
2025-02-10 23:19 | INFO | Query 46 Active Learning Runtime on Validation Set: 1009655.448
2025-02-10 23:19 | INFO | Query 46 Active Learning Runtime on Test Set: 217391.55800000002
2025-02-10 23:19 | INFO | Query 46 Active Learning Instance Cost: 10012458.78
2025-02-10 23:19 | INFO | Query 47 Size of the uncertainty table is = 91/145452
2025-02-10 23:19 | INFO | Query 47 Size of the filtered table is = 91
2025-02-10 23:20 | INFO | Training Time Active Learning Classifier: 38.39 seconds
2025-02-10 23:20 | INFO | Training Time Active Learning Regressor: 4.59 seconds
2025-02-10 23:23 | INFO | Query 47 Active Learning Runtime on Validation Set: 1045568.008
2025-02-10 23:23 | INFO | Query 47 Active Learning Runtime on Test Set: 217391.24800000002
2025-02-10 23:23 | INFO | Query 47 Active Learning Instance Cost: 10048359.44
2025-02-10 23:23 | INFO | Timeout limit is increased to 3600
2025-02-10 23:23 | INFO | Active Learning Emissions: 0.17714212866529938
2025-02-10 23:23 | INFO | Active Learning Energy Consumption: 0.192735159425723 kWh
2025-02-10 23:23 | INFO | runtime_test_score is written as json file
2025-02-10 23:23 | INFO | runtime_validation_score is written as json file
2025-02-10 23:23 | INFO | instance_cost is written as json file
2025-02-10 23:23 | INFO | Experiment is finished
