2025-02-10 20:24 | INFO | Paramaters are: {'dataset': 'SAT11-HAND', 'penalty': 10, 'weight': 'No_Weight', 'voting': 'Hard', 'pre_selection_size': 64, 'pre_selection_technique': 'No_pre_selection', 'feature_elimination_threshold': 20, 'imputer_strategy': 'median', 'feature_selection_technique': 'No_feature_selection', 'feature_scaling_technique': 'StandardScaler', 'priority': {'Uncertainty': 'max', 'PredCost': 'min', 'PredDiff': 'max'}, 'initial_train_size': 20, 'query_size': 1, 'timeout_predictor_usage': 'No', 'timeout_limit': 100, 'timeout_increase_rate': 100, 'penalty_type': 'Only-timeout-penalty', 'RANDOM_STATE_SEED': 123, 'n_splits': 10, 'split_number': 3, 'max_timeout': 3600, 'param_grid': {'n_estimators': 100, 'max_features': 'sqrt', 'max_depth': 2147483648, 'min_samples_split': 2, 'bootstrap': True}}
2025-02-10 20:24 | INFO | SAT11-HAND is current dataset
2025-02-10 20:24 | INFO | DATASETS/SAT11-HAND/algorithm_runs.arff is found
2025-02-10 20:24 | INFO | DATASETS/SAT11-HAND/algorithm_runs.arff is finished
2025-02-10 20:24 | INFO | DATASETS/SAT11-HAND/feature_values.arff is found
2025-02-10 20:24 | INFO | DATASETS/SAT11-HAND/feature_values.arff is finished
2025-02-10 20:24 | INFO | DATASETS/SAT11-HAND/feature_costs.arff is found
2025-02-10 20:24 | INFO | DATASETS/SAT11-HAND/feature_costs.arff is finished
2025-02-10 20:24 | INFO | Virtual best solver time in train = 92047.64
2025-02-10 20:24 | INFO | Single best solver list train = {'CryptoMiniSat_Strange-Night2-st_fixed_': 2924197.53, 'MPhaseSAT_2011-02-15': 2444880.52, 'PicoSAT_941': 2882415.67, 'QuteRSat_2011-05-12_fixed_': 2966168.89, 'RestartSAT_B95': 3007939.38, 'SAT07referencesolverminisat_SAT2007': 2717698.16, 'SAT09referencesolverclasp_1.2.0-SAT09-32': 1899645.05, 'SApperloT2010_2011-05-15_fixed_': 3208889.71, 'Sol_2011-04-04': 2655663.54, 'clasp_2.0-R4092-crafted': 1911120.41, 'glucose_2': 2597556.68, 'jMiniSat_2011': 3526895.16, 'sathys_2011-04-01': 3372891.12, 'sattime+_2011-03-02': 3110438.81, 'sattime_2011-03-02': 3043890.19}
2025-02-10 20:24 | INFO | Single best solver time train = SAT09referencesolverclasp_1.2.0-SAT09-32 (1899645.05)
2025-02-10 20:24 | INFO | Virtual best solver time in validation = 3058.06
2025-02-10 20:24 | INFO | Single best solver list validation = {'CryptoMiniSat_Strange-Night2-st_fixed_': 579850.84, 'MPhaseSAT_2011-02-15': 363225.4, 'PicoSAT_941': 331271.5, 'QuteRSat_2011-05-12_fixed_': 545135.99, 'RestartSAT_B95': 366629.62, 'SAT07referencesolverminisat_SAT2007': 437813.77, 'SAT09referencesolverclasp_1.2.0-SAT09-32': 582700.16, 'SApperloT2010_2011-05-15_fixed_': 293688.72, 'Sol_2011-04-04': 621524.8, 'clasp_2.0-R4092-crafted': 513300.91, 'glucose_2': 482620.63, 'jMiniSat_2011': 332493.6, 'sathys_2011-04-01': 505034.41, 'sattime+_2011-03-02': 540422.5, 'sattime_2011-03-02': 541363.21}
2025-02-10 20:24 | INFO | Single best solver time validation = SApperloT2010_2011-05-15_fixed_ (293688.72)
2025-02-10 20:24 | INFO | Virtual best solver time in test = 20171.25
2025-02-10 20:24 | INFO | Single best solver list test = {'CryptoMiniSat_Strange-Night2-st_fixed_': 511873.36, 'MPhaseSAT_2011-02-15': 444881.09, 'PicoSAT_941': 452730.66, 'QuteRSat_2011-05-12_fixed_': 510778.82, 'RestartSAT_B95': 581125.67, 'SAT07referencesolverminisat_SAT2007': 482031.48, 'SAT09referencesolverclasp_1.2.0-SAT09-32': 248078.37, 'SApperloT2010_2011-05-15_fixed_': 551116.27, 'Sol_2011-04-04': 507693.18, 'clasp_2.0-R4092-crafted': 309710.24, 'glucose_2': 477850.12, 'jMiniSat_2011': 586164.48, 'sathys_2011-04-01': 613064.86, 'sattime+_2011-03-02': 505694.69, 'sattime_2011-03-02': 469639.69}
2025-02-10 20:24 | INFO | Single best solver time test = SAT09referencesolverclasp_1.2.0-SAT09-32 (248078.37)
2025-02-10 20:24 | INFO | Training Time Passive Learning Classifier: 7.61 seconds
2025-02-10 20:24 | INFO | Training Time Passive Learning Regressor: 1.26 seconds
2025-02-10 20:25 | INFO | Passive Learning Classifier Runtime on Validation Set: 444671.64
2025-02-10 20:25 | INFO | Passive Learning Classifier Runtime on Test Set: 70334.84
2025-02-10 20:25 | INFO | Passive Learning Instance Cost: 5010290.81
2025-02-10 20:25 | INFO | Passive Learning Emissions: 0.0003186255835663763
2025-02-10 20:25 | INFO | Passive Learning Energy Consumption: 0.0003466727712288654 kWh
2025-02-10 20:25 | INFO | Training Time Active Learning Classifier: 6.23 seconds
2025-02-10 20:25 | INFO | Training Time Active Learning Regressor: 0.7 seconds
2025-02-10 20:25 | INFO | Initial Active Learning Runtime on Validation Set: 488523.71
2025-02-10 20:25 | INFO | Initial Active Learning Runtime on Test Set: 164299.26
2025-02-10 20:25 | INFO | Initial Active Learning Instance Cost: 24497.06
2025-02-10 20:25 | INFO | Bin size = 144
2025-02-10 20:25 | INFO | Query 1 Size of the uncertainty table is = 15798/14385
2025-02-10 20:25 | INFO | Query 1 Size of the filtered table is = 144
2025-02-10 20:25 | INFO | Training Time Active Learning Classifier: 5.68 seconds
2025-02-10 20:25 | INFO | Training Time Active Learning Regressor: 0.75 seconds
2025-02-10 20:26 | INFO | Query 1 Active Learning Runtime on Validation Set: 381211.83999999997
2025-02-10 20:26 | INFO | Query 1 Active Learning Runtime on Test Set: 196404.18000000002
2025-02-10 20:26 | INFO | Query 1 Active Learning Instance Cost: 39268.06
2025-02-10 20:26 | INFO | Query 2 Size of the uncertainty table is = 15611/14385
2025-02-10 20:26 | INFO | Query 2 Size of the filtered table is = 144
2025-02-10 20:26 | INFO | Training Time Active Learning Classifier: 5.86 seconds
2025-02-10 20:26 | INFO | Training Time Active Learning Regressor: 0.78 seconds
2025-02-10 20:26 | INFO | Query 2 Active Learning Runtime on Validation Set: 378785.86
2025-02-10 20:26 | INFO | Query 2 Active Learning Runtime on Test Set: 161639.72
2025-02-10 20:26 | INFO | Query 2 Active Learning Instance Cost: 51252.51
2025-02-10 20:26 | INFO | Query 3 Size of the uncertainty table is = 15341/14385
2025-02-10 20:26 | INFO | Query 3 Size of the filtered table is = 144
2025-02-10 20:26 | INFO | Training Time Active Learning Classifier: 5.76 seconds
2025-02-10 20:26 | INFO | Training Time Active Learning Regressor: 0.82 seconds
2025-02-10 20:27 | INFO | Query 3 Active Learning Runtime on Validation Set: 412677.47
2025-02-10 20:27 | INFO | Query 3 Active Learning Runtime on Test Set: 161208.99000000002
2025-02-10 20:27 | INFO | Query 3 Active Learning Instance Cost: 62986.47
2025-02-10 20:27 | INFO | Timeout limit is increased to 200
2025-02-10 20:27 | INFO | Query 4 Size of the uncertainty table is = 15007/14385
2025-02-10 20:27 | INFO | Query 4 Size of the filtered table is = 144
2025-02-10 20:27 | INFO | Training Time Active Learning Classifier: 5.98 seconds
2025-02-10 20:27 | INFO | Training Time Active Learning Regressor: 0.86 seconds
2025-02-10 20:27 | INFO | Query 4 Active Learning Runtime on Validation Set: 306396.00999999995
2025-02-10 20:27 | INFO | Query 4 Active Learning Runtime on Test Set: 161381.74000000002
2025-02-10 20:27 | INFO | Query 4 Active Learning Instance Cost: 90366.16
2025-02-10 20:28 | INFO | Query 5 Size of the uncertainty table is = 14622/14385
2025-02-10 20:28 | INFO | Query 5 Size of the filtered table is = 144
2025-02-10 20:28 | INFO | Training Time Active Learning Classifier: 5.91 seconds
2025-02-10 20:28 | INFO | Training Time Active Learning Regressor: 0.89 seconds
2025-02-10 20:28 | INFO | Query 5 Active Learning Runtime on Validation Set: 336065.75
2025-02-10 20:28 | INFO | Query 5 Active Learning Runtime on Test Set: 161500.95
2025-02-10 20:28 | INFO | Query 5 Active Learning Instance Cost: 112794.34
2025-02-10 20:28 | INFO | Timeout limit is increased to 300
2025-02-10 20:28 | INFO | Query 6 Size of the uncertainty table is = 14229/14385
2025-02-10 20:28 | INFO | Query 6 Size of the filtered table is = 144
2025-02-10 20:28 | INFO | Training Time Active Learning Classifier: 6.13 seconds
2025-02-10 20:28 | INFO | Training Time Active Learning Regressor: 0.92 seconds
2025-02-10 20:29 | INFO | Query 6 Active Learning Runtime on Validation Set: 305081.62
2025-02-10 20:29 | INFO | Query 6 Active Learning Runtime on Test Set: 230874.33000000002
2025-02-10 20:29 | INFO | Query 6 Active Learning Instance Cost: 154531.64
2025-02-10 20:29 | INFO | Query 7 Size of the uncertainty table is = 13862/14385
2025-02-10 20:29 | INFO | Query 7 Size of the filtered table is = 144
2025-02-10 20:29 | INFO | Training Time Active Learning Classifier: 6.05 seconds
2025-02-10 20:29 | INFO | Training Time Active Learning Regressor: 1.0 seconds
2025-02-10 20:29 | INFO | Query 7 Active Learning Runtime on Validation Set: 305003.68
2025-02-10 20:29 | INFO | Query 7 Active Learning Runtime on Test Set: 202523.38
2025-02-10 20:29 | INFO | Query 7 Active Learning Instance Cost: 194672.0
2025-02-10 20:29 | INFO | Query 8 Size of the uncertainty table is = 13562/14385
2025-02-10 20:29 | INFO | Query 8 Size of the filtered table is = 144
2025-02-10 20:30 | INFO | Training Time Active Learning Classifier: 6.09 seconds
2025-02-10 20:30 | INFO | Training Time Active Learning Regressor: 1.12 seconds
2025-02-10 20:30 | INFO | Query 8 Active Learning Runtime on Validation Set: 306221.67
2025-02-10 20:30 | INFO | Query 8 Active Learning Runtime on Test Set: 133604.23
2025-02-10 20:30 | INFO | Query 8 Active Learning Instance Cost: 223476.49
2025-02-10 20:30 | INFO | Timeout limit is increased to 400
2025-02-10 20:30 | INFO | Query 9 Size of the uncertainty table is = 13261/14385
2025-02-10 20:30 | INFO | Query 9 Size of the filtered table is = 144
2025-02-10 20:30 | INFO | Training Time Active Learning Classifier: 6.31 seconds
2025-02-10 20:30 | INFO | Training Time Active Learning Regressor: 0.99 seconds
2025-02-10 20:31 | INFO | Query 9 Active Learning Runtime on Validation Set: 302372.47
2025-02-10 20:31 | INFO | Query 9 Active Learning Runtime on Test Set: 205530.42
2025-02-10 20:31 | INFO | Query 9 Active Learning Instance Cost: 271661.08
2025-02-10 20:31 | INFO | Query 10 Size of the uncertainty table is = 13000/14385
2025-02-10 20:31 | INFO | Query 10 Size of the filtered table is = 144
2025-02-10 20:31 | INFO | Training Time Active Learning Classifier: 6.21 seconds
2025-02-10 20:31 | INFO | Training Time Active Learning Regressor: 1.01 seconds
2025-02-10 20:31 | INFO | Query 10 Active Learning Runtime on Validation Set: 304896.26999999996
2025-02-10 20:31 | INFO | Query 10 Active Learning Runtime on Test Set: 171724.76
2025-02-10 20:31 | INFO | Query 10 Active Learning Instance Cost: 315375.97
2025-02-10 20:31 | INFO | Timeout limit is increased to 500
2025-02-10 20:31 | INFO | Query 11 Size of the uncertainty table is = 12738/14385
2025-02-10 20:31 | INFO | Query 11 Size of the filtered table is = 144
2025-02-10 20:32 | INFO | Training Time Active Learning Classifier: 6.38 seconds
2025-02-10 20:32 | INFO | Training Time Active Learning Regressor: 1.02 seconds
2025-02-10 20:32 | INFO | Query 11 Active Learning Runtime on Validation Set: 303916.50999999995
2025-02-10 20:32 | INFO | Query 11 Active Learning Runtime on Test Set: 204802.98
2025-02-10 20:32 | INFO | Query 11 Active Learning Instance Cost: 379599.36
2025-02-10 20:32 | INFO | Query 12 Size of the uncertainty table is = 12602/14385
2025-02-10 20:32 | INFO | Query 12 Size of the filtered table is = 144
2025-02-10 20:32 | INFO | Training Time Active Learning Classifier: 6.26 seconds
2025-02-10 20:32 | INFO | Training Time Active Learning Regressor: 1.04 seconds
2025-02-10 20:32 | INFO | Query 12 Active Learning Runtime on Validation Set: 305343.57999999996
2025-02-10 20:32 | INFO | Query 12 Active Learning Runtime on Test Set: 172452.2
2025-02-10 20:32 | INFO | Query 12 Active Learning Instance Cost: 421998.38
2025-02-10 20:32 | INFO | Timeout limit is increased to 600
2025-02-10 20:33 | INFO | Query 13 Size of the uncertainty table is = 12480/14385
2025-02-10 20:33 | INFO | Query 13 Size of the filtered table is = 144
2025-02-10 20:33 | INFO | Training Time Active Learning Classifier: 6.28 seconds
2025-02-10 20:33 | INFO | Training Time Active Learning Regressor: 1.05 seconds
2025-02-10 20:33 | INFO | Query 13 Active Learning Runtime on Validation Set: 305648.07999999996
2025-02-10 20:33 | INFO | Query 13 Active Learning Runtime on Test Set: 170717.82
2025-02-10 20:33 | INFO | Query 13 Active Learning Instance Cost: 473297.02
2025-02-10 20:33 | INFO | Timeout limit is increased to 700
2025-02-10 20:33 | INFO | Query 14 Size of the uncertainty table is = 12388/14385
2025-02-10 20:33 | INFO | Query 14 Size of the filtered table is = 144
2025-02-10 20:33 | INFO | Training Time Active Learning Classifier: 6.35 seconds
2025-02-10 20:33 | INFO | Training Time Active Learning Regressor: 1.07 seconds
2025-02-10 20:34 | INFO | Query 14 Active Learning Runtime on Validation Set: 343305.89999999997
2025-02-10 20:34 | INFO | Query 14 Active Learning Runtime on Test Set: 167821.47
2025-02-10 20:34 | INFO | Query 14 Active Learning Instance Cost: 537500.75
2025-02-10 20:34 | INFO | Timeout limit is increased to 800
2025-02-10 20:34 | INFO | Query 15 Size of the uncertainty table is = 12149/14385
2025-02-10 20:34 | INFO | Query 15 Size of the filtered table is = 144
2025-02-10 20:34 | INFO | Training Time Active Learning Classifier: 6.41 seconds
2025-02-10 20:34 | INFO | Training Time Active Learning Regressor: 1.07 seconds
2025-02-10 20:34 | INFO | Query 15 Active Learning Runtime on Validation Set: 340542.61
2025-02-10 20:34 | INFO | Query 15 Active Learning Runtime on Test Set: 203042.62
2025-02-10 20:34 | INFO | Query 15 Active Learning Instance Cost: 619574.08
2025-02-10 20:35 | INFO | Query 16 Size of the uncertainty table is = 11897/14385
2025-02-10 20:35 | INFO | Query 16 Size of the filtered table is = 144
2025-02-10 20:35 | INFO | Training Time Active Learning Classifier: 6.47 seconds
2025-02-10 20:35 | INFO | Training Time Active Learning Regressor: 1.08 seconds
2025-02-10 20:35 | INFO | Query 16 Active Learning Runtime on Validation Set: 344148.88
2025-02-10 20:35 | INFO | Query 16 Active Learning Runtime on Test Set: 203115.36000000002
2025-02-10 20:35 | INFO | Query 16 Active Learning Instance Cost: 692753.72
2025-02-10 20:35 | INFO | Timeout limit is increased to 900
2025-02-10 20:35 | INFO | Query 17 Size of the uncertainty table is = 11660/14385
2025-02-10 20:35 | INFO | Query 17 Size of the filtered table is = 144
2025-02-10 20:35 | INFO | Training Time Active Learning Classifier: 6.48 seconds
2025-02-10 20:35 | INFO | Training Time Active Learning Regressor: 1.09 seconds
2025-02-10 20:36 | INFO | Query 17 Active Learning Runtime on Validation Set: 344181.94
2025-02-10 20:36 | INFO | Query 17 Active Learning Runtime on Test Set: 203796.04
2025-02-10 20:36 | INFO | Query 17 Active Learning Instance Cost: 774996.08
2025-02-10 20:36 | INFO | Timeout limit is increased to 1000
2025-02-10 20:36 | INFO | Query 18 Size of the uncertainty table is = 11469/14385
2025-02-10 20:36 | INFO | Query 18 Size of the filtered table is = 144
2025-02-10 20:36 | INFO | Training Time Active Learning Classifier: 6.66 seconds
2025-02-10 20:36 | INFO | Training Time Active Learning Regressor: 1.09 seconds
2025-02-10 20:36 | INFO | Query 18 Active Learning Runtime on Validation Set: 343054.16
2025-02-10 20:36 | INFO | Query 18 Active Learning Runtime on Test Set: 170471.1
2025-02-10 20:36 | INFO | Query 18 Active Learning Instance Cost: 849279.25
2025-02-10 20:37 | INFO | Query 19 Size of the uncertainty table is = 11313/14385
2025-02-10 20:37 | INFO | Query 19 Size of the filtered table is = 144
2025-02-10 20:37 | INFO | Training Time Active Learning Classifier: 6.54 seconds
2025-02-10 20:37 | INFO | Training Time Active Learning Regressor: 1.1 seconds
2025-02-10 20:37 | INFO | Query 19 Active Learning Runtime on Validation Set: 413799.81
2025-02-10 20:37 | INFO | Query 19 Active Learning Runtime on Test Set: 203713.76
2025-02-10 20:37 | INFO | Query 19 Active Learning Instance Cost: 911332.09
2025-02-10 20:37 | INFO | Timeout limit is increased to 1100
2025-02-10 20:37 | INFO | Query 20 Size of the uncertainty table is = 11200/14385
2025-02-10 20:37 | INFO | Query 20 Size of the filtered table is = 144
2025-02-10 20:37 | INFO | Training Time Active Learning Classifier: 6.56 seconds
2025-02-10 20:37 | INFO | Training Time Active Learning Regressor: 1.11 seconds
2025-02-10 20:38 | INFO | Query 20 Active Learning Runtime on Validation Set: 378071.91
2025-02-10 20:38 | INFO | Query 20 Active Learning Runtime on Test Set: 203279.21000000002
2025-02-10 20:38 | INFO | Query 20 Active Learning Instance Cost: 989690.18
2025-02-10 20:38 | INFO | Query 21 Size of the uncertainty table is = 11096/14385
2025-02-10 20:38 | INFO | Query 21 Size of the filtered table is = 144
2025-02-10 20:38 | INFO | Training Time Active Learning Classifier: 6.62 seconds
2025-02-10 20:38 | INFO | Training Time Active Learning Regressor: 1.11 seconds
2025-02-10 20:38 | INFO | Query 21 Active Learning Runtime on Validation Set: 413008.76999999996
2025-02-10 20:38 | INFO | Query 21 Active Learning Runtime on Test Set: 165570.26
2025-02-10 20:38 | INFO | Query 21 Active Learning Instance Cost: 1041804.12
2025-02-10 20:38 | INFO | Timeout limit is increased to 1200
2025-02-10 20:38 | INFO | Query 22 Size of the uncertainty table is = 10952/14385
2025-02-10 20:38 | INFO | Query 22 Size of the filtered table is = 144
2025-02-10 20:39 | INFO | Training Time Active Learning Classifier: 6.61 seconds
2025-02-10 20:39 | INFO | Training Time Active Learning Regressor: 1.12 seconds
2025-02-10 20:39 | INFO | Query 22 Active Learning Runtime on Validation Set: 343699.86
2025-02-10 20:39 | INFO | Query 22 Active Learning Runtime on Test Set: 167304.64
2025-02-10 20:39 | INFO | Query 22 Active Learning Instance Cost: 1122127.44
2025-02-10 20:39 | INFO | Query 23 Size of the uncertainty table is = 10831/14385
2025-02-10 20:39 | INFO | Query 23 Size of the filtered table is = 144
2025-02-10 20:39 | INFO | Training Time Active Learning Classifier: 6.63 seconds
2025-02-10 20:39 | INFO | Training Time Active Learning Regressor: 1.12 seconds
2025-02-10 20:40 | INFO | Query 23 Active Learning Runtime on Validation Set: 344154.01999999996
2025-02-10 20:40 | INFO | Query 23 Active Learning Runtime on Test Set: 167304.64
2025-02-10 20:40 | INFO | Query 23 Active Learning Instance Cost: 1173217.1
2025-02-10 20:40 | INFO | Timeout limit is increased to 1300
2025-02-10 20:40 | INFO | Query 24 Size of the uncertainty table is = 10738/14385
2025-02-10 20:40 | INFO | Query 24 Size of the filtered table is = 144
2025-02-10 20:40 | INFO | Training Time Active Learning Classifier: 6.81 seconds
2025-02-10 20:40 | INFO | Training Time Active Learning Regressor: 1.12 seconds
2025-02-10 20:40 | INFO | Query 24 Active Learning Runtime on Validation Set: 380218.63
2025-02-10 20:40 | INFO | Query 24 Active Learning Runtime on Test Set: 165055.1
2025-02-10 20:40 | INFO | Query 24 Active Learning Instance Cost: 1231046.65
2025-02-10 20:40 | INFO | Timeout limit is increased to 1400
2025-02-10 20:40 | INFO | Query 25 Size of the uncertainty table is = 10633/14385
2025-02-10 20:40 | INFO | Query 25 Size of the filtered table is = 144
2025-02-10 20:41 | INFO | Training Time Active Learning Classifier: 6.68 seconds
2025-02-10 20:41 | INFO | Training Time Active Learning Regressor: 1.13 seconds
2025-02-10 20:41 | INFO | Query 25 Active Learning Runtime on Validation Set: 342599.79
2025-02-10 20:41 | INFO | Query 25 Active Learning Runtime on Test Set: 167059.57
2025-02-10 20:41 | INFO | Query 25 Active Learning Instance Cost: 1310762.75
2025-02-10 20:41 | INFO | Query 26 Size of the uncertainty table is = 10533/14385
2025-02-10 20:41 | INFO | Query 26 Size of the filtered table is = 144
2025-02-10 20:41 | INFO | Training Time Active Learning Classifier: 6.7 seconds
2025-02-10 20:41 | INFO | Training Time Active Learning Regressor: 1.13 seconds
2025-02-10 20:42 | INFO | Query 26 Active Learning Runtime on Validation Set: 338362.35
2025-02-10 20:42 | INFO | Query 26 Active Learning Runtime on Test Set: 167574.73
2025-02-10 20:42 | INFO | Query 26 Active Learning Instance Cost: 1384178.82
2025-02-10 20:42 | INFO | Query 27 Size of the uncertainty table is = 10464/14385
2025-02-10 20:42 | INFO | Query 27 Size of the filtered table is = 144
2025-02-10 20:42 | INFO | Training Time Active Learning Classifier: 6.72 seconds
2025-02-10 20:42 | INFO | Training Time Active Learning Regressor: 1.14 seconds
2025-02-10 20:42 | INFO | Query 27 Active Learning Runtime on Validation Set: 342632.17
2025-02-10 20:42 | INFO | Query 27 Active Learning Runtime on Test Set: 167574.73
2025-02-10 20:42 | INFO | Query 27 Active Learning Instance Cost: 1429721.26
2025-02-10 20:42 | INFO | Timeout limit is increased to 1500
2025-02-10 20:42 | INFO | Query 28 Size of the uncertainty table is = 10424/14385
2025-02-10 20:42 | INFO | Query 28 Size of the filtered table is = 144
2025-02-10 20:42 | INFO | Training Time Active Learning Classifier: 6.88 seconds
2025-02-10 20:42 | INFO | Training Time Active Learning Regressor: 1.14 seconds
2025-02-10 20:43 | INFO | Query 28 Active Learning Runtime on Validation Set: 341911.47
2025-02-10 20:43 | INFO | Query 28 Active Learning Runtime on Test Set: 166896.4
2025-02-10 20:43 | INFO | Query 28 Active Learning Instance Cost: 1481389.62
2025-02-10 20:43 | INFO | Query 29 Size of the uncertainty table is = 10351/14385
2025-02-10 20:43 | INFO | Query 29 Size of the filtered table is = 144
2025-02-10 20:43 | INFO | Training Time Active Learning Classifier: 6.75 seconds
2025-02-10 20:43 | INFO | Training Time Active Learning Regressor: 1.14 seconds
2025-02-10 20:43 | INFO | Query 29 Active Learning Runtime on Validation Set: 341911.47
2025-02-10 20:43 | INFO | Query 29 Active Learning Runtime on Test Set: 201873.44
2025-02-10 20:43 | INFO | Query 29 Active Learning Instance Cost: 1517703.2
2025-02-10 20:43 | INFO | Timeout limit is increased to 1600
2025-02-10 20:44 | INFO | Query 30 Size of the uncertainty table is = 10305/14385
2025-02-10 20:44 | INFO | Query 30 Size of the filtered table is = 144
2025-02-10 20:44 | INFO | Training Time Active Learning Classifier: 6.88 seconds
2025-02-10 20:44 | INFO | Training Time Active Learning Regressor: 1.15 seconds
2025-02-10 20:44 | INFO | Query 30 Active Learning Runtime on Validation Set: 341911.47
2025-02-10 20:44 | INFO | Query 30 Active Learning Runtime on Test Set: 201873.44
2025-02-10 20:44 | INFO | Query 30 Active Learning Instance Cost: 1554603.2
2025-02-10 20:44 | INFO | Timeout limit is increased to 1700
2025-02-10 20:44 | INFO | Query 31 Size of the uncertainty table is = 10305/14385
2025-02-10 20:44 | INFO | Query 31 Size of the filtered table is = 144
2025-02-10 20:44 | INFO | Training Time Active Learning Classifier: 6.89 seconds
2025-02-10 20:44 | INFO | Training Time Active Learning Regressor: 1.14 seconds
2025-02-10 20:45 | INFO | Query 31 Active Learning Runtime on Validation Set: 341911.47
2025-02-10 20:45 | INFO | Query 31 Active Learning Runtime on Test Set: 201873.44
2025-02-10 20:45 | INFO | Query 31 Active Learning Instance Cost: 1581560.19
2025-02-10 20:45 | INFO | Timeout limit is increased to 1800
2025-02-10 20:45 | INFO | Query 32 Size of the uncertainty table is = 10279/14385
2025-02-10 20:45 | INFO | Query 32 Size of the filtered table is = 144
2025-02-10 20:45 | INFO | Training Time Active Learning Classifier: 6.75 seconds
2025-02-10 20:45 | INFO | Training Time Active Learning Regressor: 1.15 seconds
2025-02-10 20:45 | INFO | Query 32 Active Learning Runtime on Validation Set: 342612.76999999996
2025-02-10 20:45 | INFO | Query 32 Active Learning Runtime on Test Set: 201873.44
2025-02-10 20:45 | INFO | Query 32 Active Learning Instance Cost: 1629482.23
2025-02-10 20:45 | INFO | Timeout limit is increased to 1900
2025-02-10 20:45 | INFO | Query 33 Size of the uncertainty table is = 10241/14385
2025-02-10 20:45 | INFO | Query 33 Size of the filtered table is = 144
2025-02-10 20:46 | INFO | Training Time Active Learning Classifier: 6.76 seconds
2025-02-10 20:46 | INFO | Training Time Active Learning Regressor: 1.15 seconds
2025-02-10 20:46 | INFO | Query 33 Active Learning Runtime on Validation Set: 377922.91
2025-02-10 20:46 | INFO | Query 33 Active Learning Runtime on Test Set: 201873.44
2025-02-10 20:46 | INFO | Query 33 Active Learning Instance Cost: 1682233.37
2025-02-10 20:46 | INFO | Timeout limit is increased to 2000
2025-02-10 20:46 | INFO | Query 34 Size of the uncertainty table is = 10168/14385
2025-02-10 20:46 | INFO | Query 34 Size of the filtered table is = 144
2025-02-10 20:46 | INFO | Training Time Active Learning Classifier: 6.79 seconds
2025-02-10 20:46 | INFO | Training Time Active Learning Regressor: 1.16 seconds
2025-02-10 20:47 | INFO | Query 34 Active Learning Runtime on Validation Set: 379190.82
2025-02-10 20:47 | INFO | Query 34 Active Learning Runtime on Test Set: 201873.44
2025-02-10 20:47 | INFO | Query 34 Active Learning Instance Cost: 1753307.03
2025-02-10 20:47 | INFO | Timeout limit is increased to 2100
2025-02-10 20:47 | INFO | Query 35 Size of the uncertainty table is = 10111/14385
2025-02-10 20:47 | INFO | Query 35 Size of the filtered table is = 144
2025-02-10 20:47 | INFO | Training Time Active Learning Classifier: 6.96 seconds
2025-02-10 20:47 | INFO | Training Time Active Learning Regressor: 1.15 seconds
2025-02-10 20:47 | INFO | Query 35 Active Learning Runtime on Validation Set: 374958.47
2025-02-10 20:47 | INFO | Query 35 Active Learning Runtime on Test Set: 201546.39
2025-02-10 20:47 | INFO | Query 35 Active Learning Instance Cost: 1800462.9
2025-02-10 20:47 | INFO | Query 36 Size of the uncertainty table is = 10058/14385
2025-02-10 20:47 | INFO | Query 36 Size of the filtered table is = 144
2025-02-10 20:48 | INFO | Training Time Active Learning Classifier: 6.83 seconds
2025-02-10 20:48 | INFO | Training Time Active Learning Regressor: 1.15 seconds
2025-02-10 20:48 | INFO | Query 36 Active Learning Runtime on Validation Set: 516906.48
2025-02-10 20:48 | INFO | Query 36 Active Learning Runtime on Test Set: 166569.35
2025-02-10 20:48 | INFO | Query 36 Active Learning Instance Cost: 1873804.87
2025-02-10 20:48 | INFO | Timeout limit is increased to 2200
2025-02-10 20:48 | INFO | Query 37 Size of the uncertainty table is = 9971/14385
2025-02-10 20:48 | INFO | Query 37 Size of the filtered table is = 144
2025-02-10 20:48 | INFO | Training Time Active Learning Classifier: 6.85 seconds
2025-02-10 20:48 | INFO | Training Time Active Learning Regressor: 1.15 seconds
2025-02-10 20:48 | INFO | Query 37 Active Learning Runtime on Validation Set: 518190.68
2025-02-10 20:48 | INFO | Query 37 Active Learning Runtime on Test Set: 201546.39
2025-02-10 20:48 | INFO | Query 37 Active Learning Instance Cost: 1970552.72
2025-02-10 20:48 | INFO | Timeout limit is increased to 2300
2025-02-10 20:49 | INFO | Query 38 Size of the uncertainty table is = 9890/14385
2025-02-10 20:49 | INFO | Query 38 Size of the filtered table is = 144
2025-02-10 20:49 | INFO | Training Time Active Learning Classifier: 6.87 seconds
2025-02-10 20:49 | INFO | Training Time Active Learning Regressor: 1.16 seconds
2025-02-10 20:49 | INFO | Query 38 Active Learning Runtime on Validation Set: 516208.39999999997
2025-02-10 20:49 | INFO | Query 38 Active Learning Runtime on Test Set: 134454.82
2025-02-10 20:49 | INFO | Query 38 Active Learning Instance Cost: 2053208.68
2025-02-10 20:49 | INFO | Query 39 Size of the uncertainty table is = 9785/14385
2025-02-10 20:49 | INFO | Query 39 Size of the filtered table is = 144
2025-02-10 20:49 | INFO | Training Time Active Learning Classifier: 7.08 seconds
2025-02-10 20:49 | INFO | Training Time Active Learning Regressor: 1.16 seconds
2025-02-10 20:50 | INFO | Query 39 Active Learning Runtime on Validation Set: 520521.48
2025-02-10 20:50 | INFO | Query 39 Active Learning Runtime on Test Set: 134864.15
2025-02-10 20:50 | INFO | Query 39 Active Learning Instance Cost: 2116185.41
2025-02-10 20:50 | INFO | Timeout limit is increased to 2400
2025-02-10 20:50 | INFO | Query 40 Size of the uncertainty table is = 9724/14385
2025-02-10 20:50 | INFO | Query 40 Size of the filtered table is = 144
2025-02-10 20:50 | INFO | Training Time Active Learning Classifier: 6.91 seconds
2025-02-10 20:50 | INFO | Training Time Active Learning Regressor: 1.16 seconds
2025-02-10 20:50 | INFO | Query 40 Active Learning Runtime on Validation Set: 520529.32999999996
2025-02-10 20:50 | INFO | Query 40 Active Learning Runtime on Test Set: 134864.15
2025-02-10 20:50 | INFO | Query 40 Active Learning Instance Cost: 2192547.89
2025-02-10 20:50 | INFO | Timeout limit is increased to 2500
2025-02-10 20:51 | INFO | Query 41 Size of the uncertainty table is = 9669/14385
2025-02-10 20:51 | INFO | Query 41 Size of the filtered table is = 144
2025-02-10 20:51 | INFO | Training Time Active Learning Classifier: 7.06 seconds
2025-02-10 20:51 | INFO | Training Time Active Learning Regressor: 1.16 seconds
2025-02-10 20:51 | INFO | Query 41 Active Learning Runtime on Validation Set: 516199.47
2025-02-10 20:51 | INFO | Query 41 Active Learning Runtime on Test Set: 133864.57
2025-02-10 20:51 | INFO | Query 41 Active Learning Instance Cost: 2265516.67
2025-02-10 20:51 | INFO | Query 42 Size of the uncertainty table is = 9608/14385
2025-02-10 20:51 | INFO | Query 42 Size of the filtered table is = 144
2025-02-10 20:51 | INFO | Training Time Active Learning Classifier: 7.09 seconds
2025-02-10 20:51 | INFO | Training Time Active Learning Regressor: 1.18 seconds
2025-02-10 20:52 | INFO | Query 42 Active Learning Runtime on Validation Set: 516199.47
2025-02-10 20:52 | INFO | Query 42 Active Learning Runtime on Test Set: 134379.73
2025-02-10 20:52 | INFO | Query 42 Active Learning Instance Cost: 2327604.14
2025-02-10 20:52 | INFO | Timeout limit is increased to 2600
2025-02-10 20:52 | INFO | Query 43 Size of the uncertainty table is = 9596/14385
2025-02-10 20:52 | INFO | Query 43 Size of the filtered table is = 144
2025-02-10 20:52 | INFO | Training Time Active Learning Classifier: 6.93 seconds
2025-02-10 20:52 | INFO | Training Time Active Learning Regressor: 1.17 seconds
2025-02-10 20:52 | INFO | Query 43 Active Learning Runtime on Validation Set: 516199.47
2025-02-10 20:52 | INFO | Query 43 Active Learning Runtime on Test Set: 134379.73
2025-02-10 20:52 | INFO | Query 43 Active Learning Instance Cost: 2360005.5
2025-02-10 20:52 | INFO | Timeout limit is increased to 2700
2025-02-10 20:52 | INFO | Query 44 Size of the uncertainty table is = 9582/14385
2025-02-10 20:52 | INFO | Query 44 Size of the filtered table is = 144
2025-02-10 20:53 | INFO | Training Time Active Learning Classifier: 6.96 seconds
2025-02-10 20:53 | INFO | Training Time Active Learning Regressor: 1.17 seconds
2025-02-10 20:53 | INFO | Query 44 Active Learning Runtime on Validation Set: 516212.44999999995
2025-02-10 20:53 | INFO | Query 44 Active Learning Runtime on Test Set: 133799.09
2025-02-10 20:53 | INFO | Query 44 Active Learning Instance Cost: 2396579.39
2025-02-10 20:53 | INFO | Timeout limit is increased to 2800
2025-02-10 20:53 | INFO | Query 45 Size of the uncertainty table is = 9535/14385
2025-02-10 20:53 | INFO | Query 45 Size of the filtered table is = 144
2025-02-10 20:53 | INFO | Training Time Active Learning Classifier: 6.98 seconds
2025-02-10 20:53 | INFO | Training Time Active Learning Regressor: 1.18 seconds
2025-02-10 20:54 | INFO | Query 45 Active Learning Runtime on Validation Set: 514835.87
2025-02-10 20:54 | INFO | Query 45 Active Learning Runtime on Test Set: 168776.13
2025-02-10 20:54 | INFO | Query 45 Active Learning Instance Cost: 2474048.96
2025-02-10 20:54 | INFO | Query 46 Size of the uncertainty table is = 9492/14385
2025-02-10 20:54 | INFO | Query 46 Size of the filtered table is = 144
2025-02-10 20:54 | INFO | Training Time Active Learning Classifier: 6.97 seconds
2025-02-10 20:54 | INFO | Training Time Active Learning Regressor: 1.18 seconds
2025-02-10 20:54 | INFO | Query 46 Active Learning Runtime on Validation Set: 551444.15
2025-02-10 20:54 | INFO | Query 46 Active Learning Runtime on Test Set: 133799.09
2025-02-10 20:54 | INFO | Query 46 Active Learning Instance Cost: 2510839.26
2025-02-10 20:54 | INFO | Timeout limit is increased to 2900
2025-02-10 20:54 | INFO | Query 47 Size of the uncertainty table is = 9474/14385
2025-02-10 20:54 | INFO | Query 47 Size of the filtered table is = 144
2025-02-10 20:54 | INFO | Training Time Active Learning Classifier: 6.96 seconds
2025-02-10 20:54 | INFO | Training Time Active Learning Regressor: 1.17 seconds
2025-02-10 20:55 | INFO | Query 47 Active Learning Runtime on Validation Set: 515763.43
2025-02-10 20:55 | INFO | Query 47 Active Learning Runtime on Test Set: 133799.09
2025-02-10 20:55 | INFO | Query 47 Active Learning Instance Cost: 2556460.17
2025-02-10 20:55 | INFO | Query 48 Size of the uncertainty table is = 9463/14385
2025-02-10 20:55 | INFO | Query 48 Size of the filtered table is = 144
2025-02-10 20:55 | INFO | Training Time Active Learning Classifier: 7.13 seconds
2025-02-10 20:55 | INFO | Training Time Active Learning Regressor: 1.18 seconds
2025-02-10 20:55 | INFO | Query 48 Active Learning Runtime on Validation Set: 515763.43
2025-02-10 20:55 | INFO | Query 48 Active Learning Runtime on Test Set: 133799.09
2025-02-10 20:55 | INFO | Query 48 Active Learning Instance Cost: 2570460.17
2025-02-10 20:55 | INFO | Timeout limit is increased to 3000
2025-02-10 20:56 | INFO | Query 49 Size of the uncertainty table is = 9459/14385
2025-02-10 20:56 | INFO | Query 49 Size of the filtered table is = 144
2025-02-10 20:56 | INFO | Training Time Active Learning Classifier: 6.97 seconds
2025-02-10 20:56 | INFO | Training Time Active Learning Regressor: 1.18 seconds
2025-02-10 20:56 | INFO | Query 49 Active Learning Runtime on Validation Set: 515763.43
2025-02-10 20:56 | INFO | Query 49 Active Learning Runtime on Test Set: 133799.09
2025-02-10 20:56 | INFO | Query 49 Active Learning Instance Cost: 2600360.17
2025-02-10 20:56 | INFO | Timeout limit is increased to 3100
2025-02-10 20:56 | INFO | Query 50 Size of the uncertainty table is = 9459/14385
2025-02-10 20:56 | INFO | Query 50 Size of the filtered table is = 144
2025-02-10 20:56 | INFO | Training Time Active Learning Classifier: 6.97 seconds
2025-02-10 20:56 | INFO | Training Time Active Learning Regressor: 1.18 seconds
2025-02-10 20:57 | INFO | Query 50 Active Learning Runtime on Validation Set: 520249.11
2025-02-10 20:57 | INFO | Query 50 Active Learning Runtime on Test Set: 168776.13
2025-02-10 20:57 | INFO | Query 50 Active Learning Instance Cost: 2624641.23
2025-02-10 20:57 | INFO | Timeout limit is increased to 3200
2025-02-10 20:57 | INFO | Query 51 Size of the uncertainty table is = 9432/14385
2025-02-10 20:57 | INFO | Query 51 Size of the filtered table is = 144
2025-02-10 20:57 | INFO | Training Time Active Learning Classifier: 6.98 seconds
2025-02-10 20:57 | INFO | Training Time Active Learning Regressor: 1.18 seconds
2025-02-10 20:57 | INFO | Query 51 Active Learning Runtime on Validation Set: 520249.11
2025-02-10 20:57 | INFO | Query 51 Active Learning Runtime on Test Set: 168776.13
2025-02-10 20:57 | INFO | Query 51 Active Learning Instance Cost: 2685894.56
2025-02-10 20:57 | INFO | Timeout limit is increased to 3300
2025-02-10 20:57 | INFO | Query 52 Size of the uncertainty table is = 9419/14385
2025-02-10 20:57 | INFO | Query 52 Size of the filtered table is = 144
2025-02-10 20:58 | INFO | Training Time Active Learning Classifier: 6.99 seconds
2025-02-10 20:58 | INFO | Training Time Active Learning Regressor: 1.18 seconds
2025-02-10 20:58 | INFO | Query 52 Active Learning Runtime on Validation Set: 520224.64999999997
2025-02-10 20:58 | INFO | Query 52 Active Learning Runtime on Test Set: 168776.13
2025-02-10 20:58 | INFO | Query 52 Active Learning Instance Cost: 2733627.25
2025-02-10 20:58 | INFO | Query 53 Size of the uncertainty table is = 9396/14385
2025-02-10 20:58 | INFO | Query 53 Size of the filtered table is = 144
2025-02-10 20:58 | INFO | Training Time Active Learning Classifier: 7.18 seconds
2025-02-10 20:58 | INFO | Training Time Active Learning Regressor: 1.19 seconds
2025-02-10 20:59 | INFO | Query 53 Active Learning Runtime on Validation Set: 520224.64999999997
2025-02-10 20:59 | INFO | Query 53 Active Learning Runtime on Test Set: 168776.13
2025-02-10 20:59 | INFO | Query 53 Active Learning Instance Cost: 2809627.25
2025-02-10 20:59 | INFO | Timeout limit is increased to 3400
2025-02-10 20:59 | INFO | Query 54 Size of the uncertainty table is = 9393/14385
2025-02-10 20:59 | INFO | Query 54 Size of the filtered table is = 144
2025-02-10 20:59 | INFO | Training Time Active Learning Classifier: 7.02 seconds
2025-02-10 20:59 | INFO | Training Time Active Learning Regressor: 1.18 seconds
2025-02-10 20:59 | INFO | Query 54 Active Learning Runtime on Validation Set: 520431.13999999996
2025-02-10 20:59 | INFO | Query 54 Active Learning Runtime on Test Set: 168776.13
2025-02-10 20:59 | INFO | Query 54 Active Learning Instance Cost: 2836319.88
2025-02-10 20:59 | INFO | Timeout limit is increased to 3500
2025-02-10 20:59 | INFO | Query 55 Size of the uncertainty table is = 9379/14385
2025-02-10 20:59 | INFO | Query 55 Size of the filtered table is = 144
2025-02-10 20:59 | INFO | Training Time Active Learning Classifier: 7.0 seconds
2025-02-10 20:59 | INFO | Training Time Active Learning Regressor: 1.19 seconds
2025-02-10 21:00 | INFO | Query 55 Active Learning Runtime on Validation Set: 551717.75
2025-02-10 21:00 | INFO | Query 55 Active Learning Runtime on Test Set: 168776.13
2025-02-10 21:00 | INFO | Query 55 Active Learning Instance Cost: 2887381.55
2025-02-10 21:00 | INFO | Timeout limit is increased to 3600
2025-02-10 21:00 | INFO | Query 56 Size of the uncertainty table is = 9362/14385
2025-02-10 21:00 | INFO | Query 56 Size of the filtered table is = 144
2025-02-10 21:00 | INFO | Training Time Active Learning Classifier: 7.03 seconds
2025-02-10 21:00 | INFO | Training Time Active Learning Regressor: 1.19 seconds
2025-02-10 21:00 | INFO | Query 56 Active Learning Runtime on Validation Set: 520350.12
2025-02-10 21:00 | INFO | Query 56 Active Learning Runtime on Test Set: 136271.25
2025-02-10 21:00 | INFO | Query 56 Active Learning Instance Cost: 2944132.64
2025-02-10 21:00 | INFO | Query 57 Size of the uncertainty table is = 2650/14385
2025-02-10 21:00 | INFO | Query 57 Size of the filtered table is = 144
2025-02-10 21:01 | INFO | Training Time Active Learning Classifier: 7.29 seconds
2025-02-10 21:01 | INFO | Training Time Active Learning Regressor: 1.21 seconds
2025-02-10 21:01 | INFO | Query 57 Active Learning Runtime on Validation Set: 450730.26999999996
2025-02-10 21:01 | INFO | Query 57 Active Learning Runtime on Test Set: 102130.47
2025-02-10 21:01 | INFO | Query 57 Active Learning Instance Cost: 3337008.99
2025-02-10 21:01 | INFO | Query 58 Size of the uncertainty table is = 1581/14385
2025-02-10 21:01 | INFO | Query 58 Size of the filtered table is = 144
2025-02-10 21:01 | INFO | Training Time Active Learning Classifier: 7.31 seconds
2025-02-10 21:01 | INFO | Training Time Active Learning Regressor: 1.23 seconds
2025-02-10 21:02 | INFO | Query 58 Active Learning Runtime on Validation Set: 443447.79
2025-02-10 21:02 | INFO | Query 58 Active Learning Runtime on Test Set: 134176.96
2025-02-10 21:02 | INFO | Query 58 Active Learning Instance Cost: 3466484.58
2025-02-10 21:02 | INFO | Query 59 Size of the uncertainty table is = 549/14385
2025-02-10 21:02 | INFO | Query 59 Size of the filtered table is = 144
2025-02-10 21:02 | INFO | Training Time Active Learning Classifier: 7.37 seconds
2025-02-10 21:02 | INFO | Training Time Active Learning Regressor: 1.25 seconds
2025-02-10 21:02 | INFO | Query 59 Active Learning Runtime on Validation Set: 444634.81
2025-02-10 21:02 | INFO | Query 59 Active Learning Runtime on Test Set: 134176.96
2025-02-10 21:02 | INFO | Query 59 Active Learning Instance Cost: 3509578.84
2025-02-10 21:02 | INFO | Timeout limit is increased to 3600
2025-02-10 21:02 | INFO | Query 60 Size of the uncertainty table is = 14/14385
2025-02-10 21:02 | INFO | Query 60 Size of the filtered table is = 14
2025-02-10 21:02 | INFO | Training Time Active Learning Classifier: 7.36 seconds
2025-02-10 21:02 | INFO | Training Time Active Learning Regressor: 1.26 seconds
2025-02-10 21:03 | INFO | Query 60 Active Learning Runtime on Validation Set: 480647.75999999995
2025-02-10 21:03 | INFO | Query 60 Active Learning Runtime on Test Set: 134176.96
2025-02-10 21:03 | INFO | Query 60 Active Learning Instance Cost: 3509578.84
2025-02-10 21:03 | INFO | Timeout limit is increased to 3600
2025-02-10 21:03 | INFO | Active Learning Emissions: 0.02684904226420054
2025-02-10 21:03 | INFO | Active Learning Energy Consumption: 0.029212443590965812 kWh
2025-02-10 21:03 | INFO | runtime_test_score is written as json file
2025-02-10 21:03 | INFO | runtime_validation_score is written as json file
2025-02-10 21:03 | INFO | instance_cost is written as json file
2025-02-10 21:03 | INFO | Experiment is finished
