2025-02-10 20:17 | INFO | Paramaters are: {'dataset': 'SAT11-HAND', 'penalty': 10, 'weight': 'No_Weight', 'voting': 'Hard', 'pre_selection_size': 64, 'pre_selection_technique': 'No_pre_selection', 'feature_elimination_threshold': 20, 'imputer_strategy': 'median', 'feature_selection_technique': 'No_feature_selection', 'feature_scaling_technique': 'StandardScaler', 'priority': {'Uncertainty': 'max', 'PredDiff': 'max', 'PredCost': 'min'}, 'initial_train_size': 20, 'query_size': 1, 'timeout_predictor_usage': 'No', 'timeout_limit': 3600, 'timeout_increase_rate': 100, 'penalty_type': 'Only-timeout-penalty', 'RANDOM_STATE_SEED': 123, 'n_splits': 10, 'split_number': 0, 'max_timeout': 3600, 'param_grid': {'n_estimators': 100, 'max_features': 'sqrt', 'max_depth': 2147483648, 'min_samples_split': 2, 'bootstrap': True}}
2025-02-10 20:17 | INFO | SAT11-HAND is current dataset
2025-02-10 20:17 | INFO | DATASETS/SAT11-HAND/algorithm_runs.arff is found
2025-02-10 20:17 | INFO | DATASETS/SAT11-HAND/algorithm_runs.arff is finished
2025-02-10 20:17 | INFO | DATASETS/SAT11-HAND/feature_values.arff is found
2025-02-10 20:17 | INFO | DATASETS/SAT11-HAND/feature_values.arff is finished
2025-02-10 20:17 | INFO | DATASETS/SAT11-HAND/feature_costs.arff is found
2025-02-10 20:17 | INFO | DATASETS/SAT11-HAND/feature_costs.arff is finished
2025-02-10 20:17 | INFO | Virtual best solver time in train = 103970.46
2025-02-10 20:17 | INFO | Single best solver list train = {'CryptoMiniSat_Strange-Night2-st_fixed_': 3069274.79, 'MPhaseSAT_2011-02-15': 2690938.97, 'PicoSAT_941': 3131366.93, 'QuteRSat_2011-05-12_fixed_': 3111426.19, 'RestartSAT_B95': 3255740.06, 'SAT07referencesolverminisat_SAT2007': 2934102.76, 'SAT09referencesolverclasp_1.2.0-SAT09-32': 1983759.22, 'SApperloT2010_2011-05-15_fixed_': 3425804.67, 'Sol_2011-04-04': 2764729.32, 'clasp_2.0-R4092-crafted': 1958448.7, 'glucose_2': 2778286.13, 'jMiniSat_2011': 3745799.11, 'sathys_2011-04-01': 3586809.17, 'sattime+_2011-03-02': 3183661.02, 'sattime_2011-03-02': 3150462.18}
2025-02-10 20:17 | INFO | Single best solver time train = clasp_2.0-R4092-crafted (1958448.7)
2025-02-10 20:17 | INFO | Virtual best solver time in validation = 3224.99
2025-02-10 20:17 | INFO | Single best solver list validation = {'CryptoMiniSat_Strange-Night2-st_fixed_': 508075.51, 'MPhaseSAT_2011-02-15': 328163.55, 'PicoSAT_941': 294609.3, 'QuteRSat_2011-05-12_fixed_': 473378.41, 'RestartSAT_B95': 330118.12, 'SAT07referencesolverminisat_SAT2007': 435788.6, 'SAT09referencesolverclasp_1.2.0-SAT09-32': 513436.12, 'SApperloT2010_2011-05-15_fixed_': 293987.5, 'Sol_2011-04-04': 550532.04, 'clasp_2.0-R4092-crafted': 442705.92, 'glucose_2': 446575.78, 'jMiniSat_2011': 297148.42, 'sathys_2011-04-01': 469535.64, 'sattime+_2011-03-02': 576297.74, 'sattime_2011-03-02': 577346.36}
2025-02-10 20:17 | INFO | Single best solver time validation = SApperloT2010_2011-05-15_fixed_ (293987.5)
2025-02-10 20:17 | INFO | Virtual best solver time in test = 8081.51
2025-02-10 20:17 | INFO | Single best solver list test = {'CryptoMiniSat_Strange-Night2-st_fixed_': 438571.44, 'MPhaseSAT_2011-02-15': 233884.49, 'PicoSAT_941': 240441.6, 'QuteRSat_2011-05-12_fixed_': 437279.11, 'RestartSAT_B95': 369836.49, 'SAT07referencesolverminisat_SAT2007': 267652.05, 'SAT09referencesolverclasp_1.2.0-SAT09-32': 233228.24, 'SApperloT2010_2011-05-15_fixed_': 333902.53, 'Sol_2011-04-04': 469620.15, 'clasp_2.0-R4092-crafted': 332976.93, 'glucose_2': 333165.52, 'jMiniSat_2011': 402605.7, 'sathys_2011-04-01': 434645.58, 'sattime+_2011-03-02': 396597.25, 'sattime_2011-03-02': 327084.54}
2025-02-10 20:17 | INFO | Single best solver time test = SAT09referencesolverclasp_1.2.0-SAT09-32 (233228.24)
2025-02-10 20:17 | INFO | Training Time Passive Learning Classifier: 7.51 seconds
2025-02-10 20:17 | INFO | Training Time Passive Learning Regressor: 1.26 seconds
2025-02-10 20:18 | INFO | Passive Learning Classifier Runtime on Validation Set: 374805.67
2025-02-10 20:18 | INFO | Passive Learning Classifier Runtime on Test Set: 159025.7
2025-02-10 20:18 | INFO | Passive Learning Instance Cost: 5275009.21
2025-02-10 20:18 | INFO | Passive Learning Emissions: 0.0003142630528973483
2025-02-10 20:18 | INFO | Passive Learning Energy Consumption: 0.00034192622646094406 kWh
2025-02-10 20:18 | INFO | Training Time Active Learning Classifier: 6.02 seconds
2025-02-10 20:18 | INFO | Training Time Active Learning Regressor: 0.72 seconds
2025-02-10 20:18 | INFO | Initial Active Learning Runtime on Validation Set: 417682.8
2025-02-10 20:18 | INFO | Initial Active Learning Runtime on Test Set: 162047.79
2025-02-10 20:18 | INFO | Initial Active Learning Instance Cost: 606758.8
2025-02-10 20:18 | INFO | Bin size = 144
2025-02-10 20:18 | INFO | Query 1 Size of the uncertainty table is = 14385/14385
2025-02-10 20:18 | INFO | Query 1 Size of the filtered table is = 144
2025-02-10 20:18 | INFO | Training Time Active Learning Classifier: 5.87 seconds
2025-02-10 20:18 | INFO | Training Time Active Learning Regressor: 0.77 seconds
2025-02-10 20:19 | INFO | Query 1 Active Learning Runtime on Validation Set: 382026.54
2025-02-10 20:19 | INFO | Query 1 Active Learning Runtime on Test Set: 161369.66
2025-02-10 20:19 | INFO | Query 1 Active Learning Instance Cost: 1210913.22
2025-02-10 20:19 | INFO | Query 2 Size of the uncertainty table is = 14062/14385
2025-02-10 20:19 | INFO | Query 2 Size of the filtered table is = 144
2025-02-10 20:19 | INFO | Training Time Active Learning Classifier: 5.96 seconds
2025-02-10 20:19 | INFO | Training Time Active Learning Regressor: 0.82 seconds
2025-02-10 20:19 | INFO | Query 2 Active Learning Runtime on Validation Set: 346208.12
2025-02-10 20:19 | INFO | Query 2 Active Learning Runtime on Test Set: 162084.29
2025-02-10 20:19 | INFO | Query 2 Active Learning Instance Cost: 1688587.25
2025-02-10 20:19 | INFO | Query 3 Size of the uncertainty table is = 13408/14385
2025-02-10 20:19 | INFO | Query 3 Size of the filtered table is = 144
2025-02-10 20:19 | INFO | Training Time Active Learning Classifier: 6.04 seconds
2025-02-10 20:19 | INFO | Training Time Active Learning Regressor: 0.87 seconds
2025-02-10 20:20 | INFO | Query 3 Active Learning Runtime on Validation Set: 340339.61
2025-02-10 20:20 | INFO | Query 3 Active Learning Runtime on Test Set: 160552.34
2025-02-10 20:20 | INFO | Query 3 Active Learning Instance Cost: 2157803.13
2025-02-10 20:20 | INFO | Query 4 Size of the uncertainty table is = 12610/14385
2025-02-10 20:20 | INFO | Query 4 Size of the filtered table is = 144
2025-02-10 20:20 | INFO | Training Time Active Learning Classifier: 6.04 seconds
2025-02-10 20:20 | INFO | Training Time Active Learning Regressor: 0.92 seconds
2025-02-10 20:20 | INFO | Query 4 Active Learning Runtime on Validation Set: 270818.62
2025-02-10 20:20 | INFO | Query 4 Active Learning Runtime on Test Set: 160311.11
2025-02-10 20:20 | INFO | Query 4 Active Learning Instance Cost: 2587508.27
2025-02-10 20:20 | INFO | Query 5 Size of the uncertainty table is = 11570/14385
2025-02-10 20:20 | INFO | Query 5 Size of the filtered table is = 144
2025-02-10 20:20 | INFO | Training Time Active Learning Classifier: 6.18 seconds
2025-02-10 20:20 | INFO | Training Time Active Learning Regressor: 0.96 seconds
2025-02-10 20:21 | INFO | Query 5 Active Learning Runtime on Validation Set: 270884.95
2025-02-10 20:21 | INFO | Query 5 Active Learning Runtime on Test Set: 124831.39
2025-02-10 20:21 | INFO | Query 5 Active Learning Instance Cost: 2947638.26
2025-02-10 20:21 | INFO | Timeout limit is increased to 3600
2025-02-10 20:21 | INFO | Query 6 Size of the uncertainty table is = 10425/14385
2025-02-10 20:21 | INFO | Query 6 Size of the filtered table is = 144
2025-02-10 20:21 | INFO | Training Time Active Learning Classifier: 6.44 seconds
2025-02-10 20:21 | INFO | Training Time Active Learning Regressor: 1.0 seconds
2025-02-10 20:21 | INFO | Query 6 Active Learning Runtime on Validation Set: 271452.27999999997
2025-02-10 20:21 | INFO | Query 6 Active Learning Runtime on Test Set: 123277.98
2025-02-10 20:21 | INFO | Query 6 Active Learning Instance Cost: 3343996.58
2025-02-10 20:21 | INFO | Timeout limit is increased to 3600
2025-02-10 20:21 | INFO | Query 7 Size of the uncertainty table is = 9185/14385
2025-02-10 20:21 | INFO | Query 7 Size of the filtered table is = 144
2025-02-10 20:22 | INFO | Training Time Active Learning Classifier: 6.59 seconds
2025-02-10 20:22 | INFO | Training Time Active Learning Regressor: 1.04 seconds
2025-02-10 20:22 | INFO | Query 7 Active Learning Runtime on Validation Set: 379249.52
2025-02-10 20:22 | INFO | Query 7 Active Learning Runtime on Test Set: 124771.98999999999
2025-02-10 20:22 | INFO | Query 7 Active Learning Instance Cost: 3695497.67
2025-02-10 20:22 | INFO | Timeout limit is increased to 3600
2025-02-10 20:22 | INFO | Query 8 Size of the uncertainty table is = 7949/14385
2025-02-10 20:22 | INFO | Query 8 Size of the filtered table is = 144
2025-02-10 20:22 | INFO | Training Time Active Learning Classifier: 6.65 seconds
2025-02-10 20:22 | INFO | Training Time Active Learning Regressor: 1.08 seconds
2025-02-10 20:22 | INFO | Query 8 Active Learning Runtime on Validation Set: 412678.97
2025-02-10 20:22 | INFO | Query 8 Active Learning Runtime on Test Set: 123267.86
2025-02-10 20:22 | INFO | Query 8 Active Learning Instance Cost: 4032508.92
2025-02-10 20:22 | INFO | Timeout limit is increased to 3600
2025-02-10 20:23 | INFO | Query 9 Size of the uncertainty table is = 6559/14385
2025-02-10 20:23 | INFO | Query 9 Size of the filtered table is = 144
2025-02-10 20:23 | INFO | Training Time Active Learning Classifier: 6.81 seconds
2025-02-10 20:23 | INFO | Training Time Active Learning Regressor: 1.12 seconds
2025-02-10 20:23 | INFO | Query 9 Active Learning Runtime on Validation Set: 373835.08
2025-02-10 20:23 | INFO | Query 9 Active Learning Runtime on Test Set: 159372.63
2025-02-10 20:23 | INFO | Query 9 Active Learning Instance Cost: 4321861.31
2025-02-10 20:23 | INFO | Query 10 Size of the uncertainty table is = 5258/14385
2025-02-10 20:23 | INFO | Query 10 Size of the filtered table is = 144
2025-02-10 20:23 | INFO | Training Time Active Learning Classifier: 7.05 seconds
2025-02-10 20:23 | INFO | Training Time Active Learning Regressor: 1.16 seconds
2025-02-10 20:24 | INFO | Query 10 Active Learning Runtime on Validation Set: 480688.51
2025-02-10 20:24 | INFO | Query 10 Active Learning Runtime on Test Set: 159537.58
2025-02-10 20:24 | INFO | Query 10 Active Learning Instance Cost: 4586213.52
2025-02-10 20:24 | INFO | Timeout limit is increased to 3600
2025-02-10 20:24 | INFO | Query 11 Size of the uncertainty table is = 3842/14385
2025-02-10 20:24 | INFO | Query 11 Size of the filtered table is = 144
2025-02-10 20:24 | INFO | Training Time Active Learning Classifier: 7.17 seconds
2025-02-10 20:24 | INFO | Training Time Active Learning Regressor: 1.18 seconds
2025-02-10 20:24 | INFO | Query 11 Active Learning Runtime on Validation Set: 338814.94
2025-02-10 20:24 | INFO | Query 11 Active Learning Runtime on Test Set: 159537.58
2025-02-10 20:24 | INFO | Query 11 Active Learning Instance Cost: 4838424.48
2025-02-10 20:24 | INFO | Query 12 Size of the uncertainty table is = 2576/14385
2025-02-10 20:24 | INFO | Query 12 Size of the filtered table is = 144
2025-02-10 20:24 | INFO | Training Time Active Learning Classifier: 7.32 seconds
2025-02-10 20:24 | INFO | Training Time Active Learning Regressor: 1.22 seconds
2025-02-10 20:25 | INFO | Query 12 Active Learning Runtime on Validation Set: 374364.5
2025-02-10 20:25 | INFO | Query 12 Active Learning Runtime on Test Set: 159176.66
2025-02-10 20:25 | INFO | Query 12 Active Learning Instance Cost: 5045065.13
2025-02-10 20:25 | INFO | Timeout limit is increased to 3600
2025-02-10 20:25 | INFO | Query 13 Size of the uncertainty table is = 1451/14385
2025-02-10 20:25 | INFO | Query 13 Size of the filtered table is = 144
2025-02-10 20:25 | INFO | Training Time Active Learning Classifier: 7.42 seconds
2025-02-10 20:25 | INFO | Training Time Active Learning Regressor: 1.24 seconds
2025-02-10 20:25 | INFO | Query 13 Active Learning Runtime on Validation Set: 375619.42
2025-02-10 20:25 | INFO | Query 13 Active Learning Runtime on Test Set: 159025.69999999998
2025-02-10 20:25 | INFO | Query 13 Active Learning Instance Cost: 5206593.3
2025-02-10 20:25 | INFO | Timeout limit is increased to 3600
2025-02-10 20:25 | INFO | Query 14 Size of the uncertainty table is = 518/14385
2025-02-10 20:25 | INFO | Query 14 Size of the filtered table is = 144
2025-02-10 20:25 | INFO | Training Time Active Learning Classifier: 7.63 seconds
2025-02-10 20:25 | INFO | Training Time Active Learning Regressor: 1.25 seconds
2025-02-10 20:26 | INFO | Query 14 Active Learning Runtime on Validation Set: 410449.06
2025-02-10 20:26 | INFO | Query 14 Active Learning Runtime on Test Set: 159025.69999999998
2025-02-10 20:26 | INFO | Query 14 Active Learning Instance Cost: 5230172.41
2025-02-10 20:26 | INFO | Timeout limit is increased to 3600
2025-02-10 20:26 | INFO | Query 15 Size of the uncertainty table is = 55/14385
2025-02-10 20:26 | INFO | Query 15 Size of the filtered table is = 55
2025-02-10 20:26 | INFO | Training Time Active Learning Classifier: 7.52 seconds
2025-02-10 20:26 | INFO | Training Time Active Learning Regressor: 1.25 seconds
2025-02-10 20:26 | INFO | Query 15 Active Learning Runtime on Validation Set: 410383.39
2025-02-10 20:26 | INFO | Query 15 Active Learning Runtime on Test Set: 159025.69999999998
2025-02-10 20:26 | INFO | Query 15 Active Learning Instance Cost: 5230172.53
2025-02-10 20:26 | INFO | Active Learning Emissions: 0.005966739338975351
2025-02-10 20:26 | INFO | Active Learning Energy Consumption: 0.0064919647653213656 kWh
2025-02-10 20:26 | INFO | runtime_test_score is written as json file
2025-02-10 20:26 | INFO | runtime_validation_score is written as json file
2025-02-10 20:26 | INFO | instance_cost is written as json file
2025-02-10 20:26 | INFO | Experiment is finished
