2025-02-10 20:08 | INFO | Paramaters are: {'dataset': 'QBF-2016', 'penalty': 10, 'weight': 'No_Weight', 'voting': 'Hard', 'pre_selection_size': 64, 'pre_selection_technique': 'No_pre_selection', 'feature_elimination_threshold': 20, 'imputer_strategy': 'median', 'feature_selection_technique': 'No_feature_selection', 'feature_scaling_technique': 'StandardScaler', 'priority': {'PredCost': 'min', 'PredDiff': 'max', 'Uncertainty': 'max'}, 'initial_train_size': 20, 'query_size': 1, 'timeout_predictor_usage': 'No', 'timeout_limit': 3600, 'timeout_increase_rate': 100, 'penalty_type': 'Only-timeout-penalty', 'RANDOM_STATE_SEED': 99, 'n_splits': 10, 'split_number': 2, 'max_timeout': 3600, 'param_grid': {'n_estimators': 100, 'max_features': 'sqrt', 'max_depth': 2147483648, 'min_samples_split': 2, 'bootstrap': True}}
2025-02-10 20:08 | INFO | QBF-2016 is current dataset
2025-02-10 20:08 | INFO | DATASETS/QBF-2016/algorithm_runs.arff is found
2025-02-10 20:08 | INFO | DATASETS/QBF-2016/algorithm_runs.arff is finished
2025-02-10 20:08 | INFO | DATASETS/QBF-2016/feature_values.arff is found
2025-02-10 20:08 | INFO | DATASETS/QBF-2016/feature_values.arff is finished
2025-02-10 20:08 | INFO | DATASETS/QBF-2016/feature_costs.arff is found
2025-02-10 20:08 | INFO | DATASETS/QBF-2016/feature_costs.arff is finished
2025-02-10 20:08 | INFO | Virtual best solver time in train = 6794.87
2025-02-10 20:08 | INFO | Single best solver list train = {'AIGSolve': 4979390.59, 'aqua-f3v': 7745509.09, 'aqua-s2v': 7710018.72, 'aqua-s3o': 7853509.99, 'caqe-minisat': 4690521.51, 'caqe-picosat': 4331765.35, 'depqbf-v1': 8252454.97, 'depqbf-v2': 4222644.92, 'depqbf-v3': 6024370.3, 'ghostq-cegar': 4796545.98, 'ghostq-plain': 4940080.2, 'hiqqer1': 4617182.41, 'hiqqer1ldsq': 4796156.53, 'hiqqer3': 4726615.58, 'iprover-QBF': 10630264.21, 'iprover-QBF-bloqqer': 11203107.52, 'qesto': 4833430.72, 'qestos': 6230888.57, 'qsts': 4936228.47, 'rareqs': 3463587.47, 'squeezebf+struqs': 11097667.02, 'struqs-10': 10989920.52, 'xb-bid-qsts': 2678083.56, 'xb-qsts': 3755074.49}
2025-02-10 20:08 | INFO | Single best solver time train = xb-bid-qsts (2678083.56)
2025-02-10 20:08 | INFO | Virtual best solver time in validation = 810.06
2025-02-10 20:08 | INFO | Single best solver list validation = {'AIGSolve': 757828.07, 'aqua-f3v': 1333942.25, 'aqua-s2v': 1333000.36, 'aqua-s3o': 1332860.04, 'caqe-minisat': 1334922.72, 'caqe-picosat': 1299480.45, 'depqbf-v1': 1801287.4, 'depqbf-v2': 974368.25, 'depqbf-v3': 1587003.22, 'ghostq-cegar': 1118834.49, 'ghostq-plain': 1550374.44, 'hiqqer1': 1369542.66, 'hiqqer1ldsq': 1369543.29, 'hiqqer3': 1404819.95, 'iprover-QBF': 2593424.54, 'iprover-QBF-bloqqer': 2773022.97, 'qesto': 1227391.45, 'qestos': 1440860.46, 'qsts': 1836494.93, 'rareqs': 830793.97, 'squeezebf+struqs': 2089665.84, 'struqs-10': 2089679.48, 'xb-bid-qsts': 723068.05, 'xb-qsts': 1118611.39}
2025-02-10 20:08 | INFO | Single best solver time validation = xb-bid-qsts (723068.05)
2025-02-10 20:08 | INFO | Virtual best solver time in test = 751.88
2025-02-10 20:08 | INFO | Single best solver list test = {'AIGSolve': 758576.82, 'aqua-f3v': 1152263.32, 'aqua-s2v': 1116617.64, 'aqua-s3o': 1152171.54, 'caqe-minisat': 793733.38, 'caqe-picosat': 685890.38, 'depqbf-v1': 1188149.37, 'depqbf-v2': 756821.11, 'depqbf-v3': 1080567.23, 'ghostq-cegar': 506618.88, 'ghostq-plain': 578362.24, 'hiqqer1': 828788.4, 'hiqqer1ldsq': 828823.42, 'hiqqer3': 901127.81, 'iprover-QBF': 1621233.29, 'iprover-QBF-bloqqer': 1729238.63, 'qesto': 614699.94, 'qestos': 1008531.52, 'qsts': 576333.33, 'rareqs': 398760.03, 'squeezebf+struqs': 1585217.34, 'struqs-10': 1585215.96, 'xb-bid-qsts': 469839.88, 'xb-qsts': 613569.63}
2025-02-10 20:08 | INFO | Single best solver time test = rareqs (398760.03)
2025-02-10 20:09 | INFO | Training Time Passive Learning Classifier: 38.5 seconds
2025-02-10 20:09 | INFO | Training Time Passive Learning Regressor: 4.58 seconds
2025-02-10 20:11 | INFO | Passive Learning Classifier Runtime on Validation Set: 542316.5
2025-02-10 20:11 | INFO | Passive Learning Classifier Runtime on Test Set: 397088.4
2025-02-10 20:11 | INFO | Passive Learning Instance Cost: 15142218.69
2025-02-10 20:11 | INFO | Passive Learning Emissions: 0.0023637581548772556
2025-02-10 20:11 | INFO | Passive Learning Energy Consumption: 0.0025718292325870914 kWh
2025-02-10 20:12 | INFO | Training Time Active Learning Classifier: 15.18 seconds
2025-02-10 20:12 | INFO | Training Time Active Learning Regressor: 1.13 seconds
2025-02-10 20:14 | INFO | Initial Active Learning Runtime on Validation Set: 1621029.49
2025-02-10 20:14 | INFO | Initial Active Learning Runtime on Test Set: 613562.86
2025-02-10 20:14 | INFO | Initial Active Learning Instance Cost: 424919.89
2025-02-10 20:14 | INFO | Bin size = 1455
2025-02-10 20:15 | INFO | Query 1 Size of the uncertainty table is = 145452/145452
2025-02-10 20:15 | INFO | Query 1 Size of the filtered table is = 1455
2025-02-10 20:15 | INFO | Training Time Active Learning Classifier: 14.8 seconds
2025-02-10 20:15 | INFO | Training Time Active Learning Regressor: 1.23 seconds
2025-02-10 20:18 | INFO | Query 1 Active Learning Runtime on Validation Set: 1656930.128
2025-02-10 20:18 | INFO | Query 1 Active Learning Runtime on Test Set: 649166.188
2025-02-10 20:18 | INFO | Query 1 Active Learning Instance Cost: 432238.83
2025-02-10 20:18 | INFO | Timeout limit is increased to 3600
2025-02-10 20:19 | INFO | Query 2 Size of the uncertainty table is = 143830/145452
2025-02-10 20:19 | INFO | Query 2 Size of the filtered table is = 1455
2025-02-10 20:19 | INFO | Training Time Active Learning Classifier: 15.12 seconds
2025-02-10 20:19 | INFO | Training Time Active Learning Regressor: 1.26 seconds
2025-02-10 20:22 | INFO | Query 2 Active Learning Runtime on Validation Set: 1620992.718
2025-02-10 20:22 | INFO | Query 2 Active Learning Runtime on Test Set: 505582.578
2025-02-10 20:22 | INFO | Query 2 Active Learning Instance Cost: 439522.8
2025-02-10 20:23 | INFO | Query 3 Size of the uncertainty table is = 142312/145452
2025-02-10 20:23 | INFO | Query 3 Size of the filtered table is = 1455
2025-02-10 20:23 | INFO | Training Time Active Learning Classifier: 15.13 seconds
2025-02-10 20:23 | INFO | Training Time Active Learning Regressor: 1.3 seconds
2025-02-10 20:26 | INFO | Query 3 Active Learning Runtime on Validation Set: 1585005.938
2025-02-10 20:26 | INFO | Query 3 Active Learning Runtime on Test Set: 541455.168
2025-02-10 20:26 | INFO | Query 3 Active Learning Instance Cost: 443154.83
2025-02-10 20:27 | INFO | Query 4 Size of the uncertainty table is = 140818/145452
2025-02-10 20:27 | INFO | Query 4 Size of the filtered table is = 1455
2025-02-10 20:27 | INFO | Training Time Active Learning Classifier: 15.44 seconds
2025-02-10 20:27 | INFO | Training Time Active Learning Regressor: 1.34 seconds
2025-02-10 20:30 | INFO | Query 4 Active Learning Runtime on Validation Set: 1657006.618
2025-02-10 20:30 | INFO | Query 4 Active Learning Runtime on Test Set: 505451.228
2025-02-10 20:30 | INFO | Query 4 Active Learning Instance Cost: 443225.75
2025-02-10 20:30 | INFO | Timeout limit is increased to 3600
2025-02-10 20:31 | INFO | Query 5 Size of the uncertainty table is = 139332/145452
2025-02-10 20:31 | INFO | Query 5 Size of the filtered table is = 1455
2025-02-10 20:31 | INFO | Training Time Active Learning Classifier: 15.56 seconds
2025-02-10 20:31 | INFO | Training Time Active Learning Regressor: 1.39 seconds
2025-02-10 20:34 | INFO | Query 5 Active Learning Runtime on Validation Set: 1549052.888
2025-02-10 20:34 | INFO | Query 5 Active Learning Runtime on Test Set: 469460.168
2025-02-10 20:34 | INFO | Query 5 Active Learning Instance Cost: 461493.29
2025-02-10 20:35 | INFO | Query 6 Size of the uncertainty table is = 137754/145452
2025-02-10 20:35 | INFO | Query 6 Size of the filtered table is = 1455
2025-02-10 20:35 | INFO | Training Time Active Learning Classifier: 15.78 seconds
2025-02-10 20:35 | INFO | Training Time Active Learning Regressor: 1.46 seconds
2025-02-10 20:38 | INFO | Query 6 Active Learning Runtime on Validation Set: 1693077.578
2025-02-10 20:38 | INFO | Query 6 Active Learning Runtime on Test Set: 577018.928
2025-02-10 20:38 | INFO | Query 6 Active Learning Instance Cost: 465214.57
2025-02-10 20:38 | INFO | Timeout limit is increased to 3600
2025-02-10 20:39 | INFO | Query 7 Size of the uncertainty table is = 136167/145452
2025-02-10 20:39 | INFO | Query 7 Size of the filtered table is = 1455
2025-02-10 20:40 | INFO | Training Time Active Learning Classifier: 15.81 seconds
2025-02-10 20:40 | INFO | Training Time Active Learning Regressor: 1.52 seconds
2025-02-10 20:42 | INFO | Query 7 Active Learning Runtime on Validation Set: 1801113.878
2025-02-10 20:42 | INFO | Query 7 Active Learning Runtime on Test Set: 577600.3879999999
2025-02-10 20:42 | INFO | Query 7 Active Learning Instance Cost: 476062.49
2025-02-10 20:42 | INFO | Timeout limit is increased to 3600
2025-02-10 20:43 | INFO | Query 8 Size of the uncertainty table is = 134673/145452
2025-02-10 20:43 | INFO | Query 8 Size of the filtered table is = 1455
2025-02-10 20:44 | INFO | Training Time Active Learning Classifier: 15.98 seconds
2025-02-10 20:44 | INFO | Training Time Active Learning Regressor: 1.59 seconds
2025-02-10 20:46 | INFO | Query 8 Active Learning Runtime on Validation Set: 1693077.5080000001
2025-02-10 20:46 | INFO | Query 8 Active Learning Runtime on Test Set: 577587.2579999999
2025-02-10 20:46 | INFO | Query 8 Active Learning Instance Cost: 508666.16
2025-02-10 20:48 | INFO | Query 9 Size of the uncertainty table is = 133171/145452
2025-02-10 20:48 | INFO | Query 9 Size of the filtered table is = 1455
2025-02-10 20:48 | INFO | Training Time Active Learning Classifier: 16.17 seconds
2025-02-10 20:48 | INFO | Training Time Active Learning Regressor: 1.67 seconds
2025-02-10 20:51 | INFO | Query 9 Active Learning Runtime on Validation Set: 1729108.2680000002
2025-02-10 20:51 | INFO | Query 9 Active Learning Runtime on Test Set: 505004.878
2025-02-10 20:51 | INFO | Query 9 Active Learning Instance Cost: 570629.99
2025-02-10 20:51 | INFO | Timeout limit is increased to 3600
2025-02-10 20:52 | INFO | Query 10 Size of the uncertainty table is = 131669/145452
2025-02-10 20:52 | INFO | Query 10 Size of the filtered table is = 1455
2025-02-10 20:53 | INFO | Training Time Active Learning Classifier: 16.54 seconds
2025-02-10 20:53 | INFO | Training Time Active Learning Regressor: 1.72 seconds
2025-02-10 20:55 | INFO | Query 10 Active Learning Runtime on Validation Set: 1621141.418
2025-02-10 20:55 | INFO | Query 10 Active Learning Runtime on Test Set: 469018.728
2025-02-10 20:55 | INFO | Query 10 Active Learning Instance Cost: 577879.37
2025-02-10 20:57 | INFO | Query 11 Size of the uncertainty table is = 130171/145452
2025-02-10 20:57 | INFO | Query 11 Size of the filtered table is = 1455
2025-02-10 20:57 | INFO | Training Time Active Learning Classifier: 16.77 seconds
2025-02-10 20:57 | INFO | Training Time Active Learning Regressor: 1.77 seconds
2025-02-10 21:00 | INFO | Query 11 Active Learning Runtime on Validation Set: 1729117.328
2025-02-10 21:00 | INFO | Query 11 Active Learning Runtime on Test Set: 469015.438
2025-02-10 21:00 | INFO | Query 11 Active Learning Instance Cost: 625305.35
2025-02-10 21:00 | INFO | Timeout limit is increased to 3600
2025-02-10 21:01 | INFO | Query 12 Size of the uncertainty table is = 128690/145452
2025-02-10 21:01 | INFO | Query 12 Size of the filtered table is = 1455
2025-02-10 21:01 | INFO | Training Time Active Learning Classifier: 16.74 seconds
2025-02-10 21:01 | INFO | Training Time Active Learning Regressor: 1.83 seconds
2025-02-10 21:04 | INFO | Query 12 Active Learning Runtime on Validation Set: 1729185.798
2025-02-10 21:04 | INFO | Query 12 Active Learning Runtime on Test Set: 541054.198
2025-02-10 21:04 | INFO | Query 12 Active Learning Instance Cost: 677947.86
2025-02-10 21:04 | INFO | Timeout limit is increased to 3600
2025-02-10 21:06 | INFO | Query 13 Size of the uncertainty table is = 127189/145452
2025-02-10 21:06 | INFO | Query 13 Size of the filtered table is = 1455
2025-02-10 21:06 | INFO | Training Time Active Learning Classifier: 16.95 seconds
2025-02-10 21:06 | INFO | Training Time Active Learning Regressor: 1.87 seconds
2025-02-10 21:09 | INFO | Query 13 Active Learning Runtime on Validation Set: 1693413.0180000002
2025-02-10 21:09 | INFO | Query 13 Active Learning Runtime on Test Set: 577577.7479999999
2025-02-10 21:09 | INFO | Query 13 Active Learning Instance Cost: 704063.07
2025-02-10 21:10 | INFO | Query 14 Size of the uncertainty table is = 125676/145452
2025-02-10 21:10 | INFO | Query 14 Size of the filtered table is = 1455
2025-02-10 21:10 | INFO | Training Time Active Learning Classifier: 17.17 seconds
2025-02-10 21:10 | INFO | Training Time Active Learning Regressor: 1.93 seconds
2025-02-10 21:13 | INFO | Query 14 Active Learning Runtime on Validation Set: 1513547.378
2025-02-10 21:13 | INFO | Query 14 Active Learning Runtime on Test Set: 541073.9979999999
2025-02-10 21:13 | INFO | Query 14 Active Learning Instance Cost: 755974.53
2025-02-10 21:15 | INFO | Query 15 Size of the uncertainty table is = 124105/145452
2025-02-10 21:15 | INFO | Query 15 Size of the filtered table is = 1455
2025-02-10 21:15 | INFO | Training Time Active Learning Classifier: 17.42 seconds
2025-02-10 21:15 | INFO | Training Time Active Learning Regressor: 2.0 seconds
2025-02-10 21:18 | INFO | Query 15 Active Learning Runtime on Validation Set: 1261713.2580000001
2025-02-10 21:18 | INFO | Query 15 Active Learning Runtime on Test Set: 433068.238
2025-02-10 21:18 | INFO | Query 15 Active Learning Instance Cost: 772689.32
2025-02-10 21:19 | INFO | Query 16 Size of the uncertainty table is = 122527/145452
2025-02-10 21:19 | INFO | Query 16 Size of the filtered table is = 1455
2025-02-10 21:20 | INFO | Training Time Active Learning Classifier: 17.63 seconds
2025-02-10 21:20 | INFO | Training Time Active Learning Regressor: 2.25 seconds
2025-02-10 21:22 | INFO | Query 16 Active Learning Runtime on Validation Set: 1621360.418
2025-02-10 21:22 | INFO | Query 16 Active Learning Runtime on Test Set: 433090.468
2025-02-10 21:22 | INFO | Query 16 Active Learning Instance Cost: 848015.11
2025-02-10 21:22 | INFO | Timeout limit is increased to 3600
2025-02-10 21:24 | INFO | Query 17 Size of the uncertainty table is = 120947/145452
2025-02-10 21:24 | INFO | Query 17 Size of the filtered table is = 1455
2025-02-10 21:24 | INFO | Training Time Active Learning Classifier: 17.9 seconds
2025-02-10 21:24 | INFO | Training Time Active Learning Regressor: 2.12 seconds
2025-02-10 21:27 | INFO | Query 17 Active Learning Runtime on Validation Set: 1729114.878
2025-02-10 21:27 | INFO | Query 17 Active Learning Runtime on Test Set: 505051.938
2025-02-10 21:27 | INFO | Query 17 Active Learning Instance Cost: 926783.33
2025-02-10 21:27 | INFO | Timeout limit is increased to 3600
2025-02-10 21:28 | INFO | Query 18 Size of the uncertainty table is = 119323/145452
2025-02-10 21:28 | INFO | Query 18 Size of the filtered table is = 1455
2025-02-10 21:29 | INFO | Training Time Active Learning Classifier: 18.1 seconds
2025-02-10 21:29 | INFO | Training Time Active Learning Regressor: 2.17 seconds
2025-02-10 21:31 | INFO | Query 18 Active Learning Runtime on Validation Set: 1729064.2380000001
2025-02-10 21:31 | INFO | Query 18 Active Learning Runtime on Test Set: 577107.9879999999
2025-02-10 21:31 | INFO | Query 18 Active Learning Instance Cost: 946203.74
2025-02-10 21:33 | INFO | Query 19 Size of the uncertainty table is = 117798/145452
2025-02-10 21:33 | INFO | Query 19 Size of the filtered table is = 1455
2025-02-10 21:33 | INFO | Training Time Active Learning Classifier: 18.39 seconds
2025-02-10 21:34 | INFO | Training Time Active Learning Regressor: 2.24 seconds
2025-02-10 21:36 | INFO | Query 19 Active Learning Runtime on Validation Set: 1585160.108
2025-02-10 21:36 | INFO | Query 19 Active Learning Runtime on Test Set: 577668.9879999999
2025-02-10 21:36 | INFO | Query 19 Active Learning Instance Cost: 1008833.06
2025-02-10 21:38 | INFO | Query 20 Size of the uncertainty table is = 116186/145452
2025-02-10 21:38 | INFO | Query 20 Size of the filtered table is = 1455
2025-02-10 21:38 | INFO | Training Time Active Learning Classifier: 18.82 seconds
2025-02-10 21:38 | INFO | Training Time Active Learning Regressor: 2.32 seconds
2025-02-10 21:41 | INFO | Query 20 Active Learning Runtime on Validation Set: 1297292.638
2025-02-10 21:41 | INFO | Query 20 Active Learning Runtime on Test Set: 613888.9879999999
2025-02-10 21:41 | INFO | Query 20 Active Learning Instance Cost: 1035461.6
2025-02-10 21:43 | INFO | Query 21 Size of the uncertainty table is = 114592/145452
2025-02-10 21:43 | INFO | Query 21 Size of the filtered table is = 1455
2025-02-10 21:43 | INFO | Training Time Active Learning Classifier: 19.1 seconds
2025-02-10 21:43 | INFO | Training Time Active Learning Regressor: 2.43 seconds
2025-02-10 21:46 | INFO | Query 21 Active Learning Runtime on Validation Set: 1441026.838
2025-02-10 21:46 | INFO | Query 21 Active Learning Runtime on Test Set: 469754.018
2025-02-10 21:46 | INFO | Query 21 Active Learning Instance Cost: 1142427.72
2025-02-10 21:46 | INFO | Timeout limit is increased to 3600
2025-02-10 21:47 | INFO | Query 22 Size of the uncertainty table is = 112906/145452
2025-02-10 21:47 | INFO | Query 22 Size of the filtered table is = 1455
2025-02-10 21:48 | INFO | Training Time Active Learning Classifier: 19.29 seconds
2025-02-10 21:48 | INFO | Training Time Active Learning Regressor: 2.47 seconds
2025-02-10 21:50 | INFO | Query 22 Active Learning Runtime on Validation Set: 1441770.698
2025-02-10 21:50 | INFO | Query 22 Active Learning Runtime on Test Set: 505735.648
2025-02-10 21:50 | INFO | Query 22 Active Learning Instance Cost: 1287395.44
2025-02-10 21:50 | INFO | Timeout limit is increased to 3600
2025-02-10 21:52 | INFO | Query 23 Size of the uncertainty table is = 111341/145452
2025-02-10 21:52 | INFO | Query 23 Size of the filtered table is = 1455
2025-02-10 21:53 | INFO | Training Time Active Learning Classifier: 19.5 seconds
2025-02-10 21:53 | INFO | Training Time Active Learning Regressor: 2.53 seconds
2025-02-10 21:55 | INFO | Query 23 Active Learning Runtime on Validation Set: 1477044.7580000001
2025-02-10 21:55 | INFO | Query 23 Active Learning Runtime on Test Set: 470004.728
2025-02-10 21:55 | INFO | Query 23 Active Learning Instance Cost: 1379647.8
2025-02-10 21:55 | INFO | Timeout limit is increased to 3600
2025-02-10 21:57 | INFO | Query 24 Size of the uncertainty table is = 109690/145452
2025-02-10 21:57 | INFO | Query 24 Size of the filtered table is = 1455
2025-02-10 21:57 | INFO | Training Time Active Learning Classifier: 19.96 seconds
2025-02-10 21:57 | INFO | Training Time Active Learning Regressor: 2.59 seconds
2025-02-10 22:00 | INFO | Query 24 Active Learning Runtime on Validation Set: 1441760.868
2025-02-10 22:00 | INFO | Query 24 Active Learning Runtime on Test Set: 506294.658
2025-02-10 22:00 | INFO | Query 24 Active Learning Instance Cost: 1431547.56
2025-02-10 22:02 | INFO | Query 25 Size of the uncertainty table is = 108145/145452
2025-02-10 22:02 | INFO | Query 25 Size of the filtered table is = 1455
2025-02-10 22:02 | INFO | Training Time Active Learning Classifier: 20.28 seconds
2025-02-10 22:02 | INFO | Training Time Active Learning Regressor: 2.63 seconds
2025-02-10 22:05 | INFO | Query 25 Active Learning Runtime on Validation Set: 1333414.2880000002
2025-02-10 22:05 | INFO | Query 25 Active Learning Runtime on Test Set: 434986.768
2025-02-10 22:05 | INFO | Query 25 Active Learning Instance Cost: 1506911.61
2025-02-10 22:07 | INFO | Query 26 Size of the uncertainty table is = 106531/145452
2025-02-10 22:07 | INFO | Query 26 Size of the filtered table is = 1455
2025-02-10 22:07 | INFO | Training Time Active Learning Classifier: 20.47 seconds
2025-02-10 22:07 | INFO | Training Time Active Learning Regressor: 2.72 seconds
2025-02-10 22:10 | INFO | Query 26 Active Learning Runtime on Validation Set: 1226425.868
2025-02-10 22:10 | INFO | Query 26 Active Learning Runtime on Test Set: 541852.3979999999
2025-02-10 22:10 | INFO | Query 26 Active Learning Instance Cost: 1626156.14
2025-02-10 22:12 | INFO | Query 27 Size of the uncertainty table is = 104821/145452
2025-02-10 22:12 | INFO | Query 27 Size of the filtered table is = 1455
2025-02-10 22:12 | INFO | Training Time Active Learning Classifier: 21.04 seconds
2025-02-10 22:12 | INFO | Training Time Active Learning Regressor: 2.77 seconds
2025-02-10 22:15 | INFO | Query 27 Active Learning Runtime on Validation Set: 1189974.678
2025-02-10 22:15 | INFO | Query 27 Active Learning Runtime on Test Set: 470185.778
2025-02-10 22:15 | INFO | Query 27 Active Learning Instance Cost: 1748886.16
2025-02-10 22:17 | INFO | Query 28 Size of the uncertainty table is = 103142/145452
2025-02-10 22:17 | INFO | Query 28 Size of the filtered table is = 1455
2025-02-10 22:17 | INFO | Training Time Active Learning Classifier: 21.39 seconds
2025-02-10 22:17 | INFO | Training Time Active Learning Regressor: 2.84 seconds
2025-02-10 22:20 | INFO | Query 28 Active Learning Runtime on Validation Set: 1082496.068
2025-02-10 22:20 | INFO | Query 28 Active Learning Runtime on Test Set: 434214.368
2025-02-10 22:20 | INFO | Query 28 Active Learning Instance Cost: 1869179.38
2025-02-10 22:21 | INFO | Query 29 Size of the uncertainty table is = 101398/145452
2025-02-10 22:21 | INFO | Query 29 Size of the filtered table is = 1455
2025-02-10 22:22 | INFO | Training Time Active Learning Classifier: 21.61 seconds
2025-02-10 22:22 | INFO | Training Time Active Learning Regressor: 2.93 seconds
2025-02-10 22:25 | INFO | Query 29 Active Learning Runtime on Validation Set: 1189933.7480000001
2025-02-10 22:25 | INFO | Query 29 Active Learning Runtime on Test Set: 505982.428
2025-02-10 22:25 | INFO | Query 29 Active Learning Instance Cost: 2001129.14
2025-02-10 22:25 | INFO | Timeout limit is increased to 3600
2025-02-10 22:26 | INFO | Query 30 Size of the uncertainty table is = 99654/145452
2025-02-10 22:26 | INFO | Query 30 Size of the filtered table is = 1455
2025-02-10 22:27 | INFO | Training Time Active Learning Classifier: 22.15 seconds
2025-02-10 22:27 | INFO | Training Time Active Learning Regressor: 3.02 seconds
2025-02-10 22:30 | INFO | Query 30 Active Learning Runtime on Validation Set: 1190386.548
2025-02-10 22:30 | INFO | Query 30 Active Learning Runtime on Test Set: 468912.438
2025-02-10 22:30 | INFO | Query 30 Active Learning Instance Cost: 2099776.93
2025-02-10 22:30 | INFO | Timeout limit is increased to 3600
2025-02-10 22:31 | INFO | Query 31 Size of the uncertainty table is = 97894/145452
2025-02-10 22:31 | INFO | Query 31 Size of the filtered table is = 1455
2025-02-10 22:32 | INFO | Training Time Active Learning Classifier: 22.41 seconds
2025-02-10 22:32 | INFO | Training Time Active Learning Regressor: 3.09 seconds
2025-02-10 22:35 | INFO | Query 31 Active Learning Runtime on Validation Set: 1153574.428
2025-02-10 22:35 | INFO | Query 31 Active Learning Runtime on Test Set: 469570.708
2025-02-10 22:35 | INFO | Query 31 Active Learning Instance Cost: 2189616.54
2025-02-10 22:36 | INFO | Query 32 Size of the uncertainty table is = 96201/145452
2025-02-10 22:36 | INFO | Query 32 Size of the filtered table is = 1455
2025-02-10 22:37 | INFO | Training Time Active Learning Classifier: 22.67 seconds
2025-02-10 22:37 | INFO | Training Time Active Learning Regressor: 3.13 seconds
2025-02-10 22:40 | INFO | Query 32 Active Learning Runtime on Validation Set: 1046403.718
2025-02-10 22:40 | INFO | Query 32 Active Learning Runtime on Test Set: 397653.028
2025-02-10 22:40 | INFO | Query 32 Active Learning Instance Cost: 2249589.6
2025-02-10 22:41 | INFO | Query 33 Size of the uncertainty table is = 94565/145452
2025-02-10 22:41 | INFO | Query 33 Size of the filtered table is = 1455
2025-02-10 22:42 | INFO | Training Time Active Learning Classifier: 23.0 seconds
2025-02-10 22:42 | INFO | Training Time Active Learning Regressor: 3.4 seconds
2025-02-10 22:45 | INFO | Query 33 Active Learning Runtime on Validation Set: 1009752.568
2025-02-10 22:45 | INFO | Query 33 Active Learning Runtime on Test Set: 397639.578
2025-02-10 22:45 | INFO | Query 33 Active Learning Instance Cost: 2365553.3
2025-02-10 22:47 | INFO | Query 34 Size of the uncertainty table is = 92836/145452
2025-02-10 22:47 | INFO | Query 34 Size of the filtered table is = 1455
2025-02-10 22:47 | INFO | Training Time Active Learning Classifier: 23.6 seconds
2025-02-10 22:47 | INFO | Training Time Active Learning Regressor: 3.31 seconds
2025-02-10 22:50 | INFO | Query 34 Active Learning Runtime on Validation Set: 1081598.048
2025-02-10 22:50 | INFO | Query 34 Active Learning Runtime on Test Set: 361714.058
2025-02-10 22:50 | INFO | Query 34 Active Learning Instance Cost: 2519961.06
2025-02-10 22:50 | INFO | Timeout limit is increased to 3600
2025-02-10 22:52 | INFO | Query 35 Size of the uncertainty table is = 91002/145452
2025-02-10 22:52 | INFO | Query 35 Size of the filtered table is = 1455
2025-02-10 22:52 | INFO | Training Time Active Learning Classifier: 23.8 seconds
2025-02-10 22:52 | INFO | Training Time Active Learning Regressor: 3.34 seconds
2025-02-10 22:55 | INFO | Query 35 Active Learning Runtime on Validation Set: 1081556.7280000001
2025-02-10 22:55 | INFO | Query 35 Active Learning Runtime on Test Set: 326046.088
2025-02-10 22:55 | INFO | Query 35 Active Learning Instance Cost: 2584358.51
2025-02-10 22:57 | INFO | Query 36 Size of the uncertainty table is = 89312/145452
2025-02-10 22:57 | INFO | Query 36 Size of the filtered table is = 1455
2025-02-10 22:57 | INFO | Training Time Active Learning Classifier: 24.2 seconds
2025-02-10 22:57 | INFO | Training Time Active Learning Regressor: 3.56 seconds
2025-02-10 23:00 | INFO | Query 36 Active Learning Runtime on Validation Set: 1117610.108
2025-02-10 23:00 | INFO | Query 36 Active Learning Runtime on Test Set: 361783.648
2025-02-10 23:00 | INFO | Query 36 Active Learning Instance Cost: 2728226.89
2025-02-10 23:00 | INFO | Timeout limit is increased to 3600
2025-02-10 23:02 | INFO | Query 37 Size of the uncertainty table is = 87608/145452
2025-02-10 23:02 | INFO | Query 37 Size of the filtered table is = 1455
2025-02-10 23:02 | INFO | Training Time Active Learning Classifier: 24.75 seconds
2025-02-10 23:02 | INFO | Training Time Active Learning Regressor: 3.41 seconds
2025-02-10 23:05 | INFO | Query 37 Active Learning Runtime on Validation Set: 1081597.658
2025-02-10 23:05 | INFO | Query 37 Active Learning Runtime on Test Set: 433589.158
2025-02-10 23:05 | INFO | Query 37 Active Learning Instance Cost: 2842877.1
2025-02-10 23:07 | INFO | Query 38 Size of the uncertainty table is = 85862/145452
2025-02-10 23:07 | INFO | Query 38 Size of the filtered table is = 1455
2025-02-10 23:07 | INFO | Training Time Active Learning Classifier: 25.2 seconds
2025-02-10 23:07 | INFO | Training Time Active Learning Regressor: 3.47 seconds
2025-02-10 23:10 | INFO | Query 38 Active Learning Runtime on Validation Set: 1081548.388
2025-02-10 23:10 | INFO | Query 38 Active Learning Runtime on Test Set: 361583.868
2025-02-10 23:10 | INFO | Query 38 Active Learning Instance Cost: 2965414.62
2025-02-10 23:12 | INFO | Query 39 Size of the uncertainty table is = 84175/145452
2025-02-10 23:12 | INFO | Query 39 Size of the filtered table is = 1455
2025-02-10 23:12 | INFO | Training Time Active Learning Classifier: 25.4 seconds
2025-02-10 23:12 | INFO | Training Time Active Learning Regressor: 3.7 seconds
2025-02-10 23:15 | INFO | Query 39 Active Learning Runtime on Validation Set: 1045075.448
2025-02-10 23:15 | INFO | Query 39 Active Learning Runtime on Test Set: 397591.69800000003
2025-02-10 23:15 | INFO | Query 39 Active Learning Instance Cost: 3043164.8
2025-02-10 23:17 | INFO | Query 40 Size of the uncertainty table is = 82410/145452
2025-02-10 23:17 | INFO | Query 40 Size of the filtered table is = 1455
2025-02-10 23:18 | INFO | Training Time Active Learning Classifier: 25.94 seconds
2025-02-10 23:18 | INFO | Training Time Active Learning Regressor: 3.58 seconds
2025-02-10 23:20 | INFO | Query 40 Active Learning Runtime on Validation Set: 1117117.568
2025-02-10 23:20 | INFO | Query 40 Active Learning Runtime on Test Set: 361613.838
2025-02-10 23:20 | INFO | Query 40 Active Learning Instance Cost: 3143722.06
2025-02-10 23:20 | INFO | Timeout limit is increased to 3600
2025-02-10 23:22 | INFO | Query 41 Size of the uncertainty table is = 80689/145452
2025-02-10 23:22 | INFO | Query 41 Size of the filtered table is = 1455
2025-02-10 23:23 | INFO | Training Time Active Learning Classifier: 26.15 seconds
2025-02-10 23:23 | INFO | Training Time Active Learning Regressor: 3.59 seconds
2025-02-10 23:25 | INFO | Query 41 Active Learning Runtime on Validation Set: 1153061.708
2025-02-10 23:25 | INFO | Query 41 Active Learning Runtime on Test Set: 361756.598
2025-02-10 23:25 | INFO | Query 41 Active Learning Instance Cost: 3384729.12
2025-02-10 23:25 | INFO | Timeout limit is increased to 3600
2025-02-10 23:27 | INFO | Query 42 Size of the uncertainty table is = 78641/145452
2025-02-10 23:27 | INFO | Query 42 Size of the filtered table is = 1455
2025-02-10 23:28 | INFO | Training Time Active Learning Classifier: 26.72 seconds
2025-02-10 23:28 | INFO | Training Time Active Learning Regressor: 3.64 seconds
2025-02-10 23:30 | INFO | Query 42 Active Learning Runtime on Validation Set: 1081209.408
2025-02-10 23:30 | INFO | Query 42 Active Learning Runtime on Test Set: 361595.168
2025-02-10 23:30 | INFO | Query 42 Active Learning Instance Cost: 3618170.16
2025-02-10 23:32 | INFO | Query 43 Size of the uncertainty table is = 76712/145452
2025-02-10 23:32 | INFO | Query 43 Size of the filtered table is = 1455
2025-02-10 23:33 | INFO | Training Time Active Learning Classifier: 27.06 seconds
2025-02-10 23:33 | INFO | Training Time Active Learning Regressor: 3.65 seconds
2025-02-10 23:35 | INFO | Query 43 Active Learning Runtime on Validation Set: 901369.948
2025-02-10 23:35 | INFO | Query 43 Active Learning Runtime on Test Set: 433799.968
2025-02-10 23:35 | INFO | Query 43 Active Learning Instance Cost: 3827808.82
2025-02-10 23:37 | INFO | Query 44 Size of the uncertainty table is = 74806/145452
2025-02-10 23:37 | INFO | Query 44 Size of the filtered table is = 1455
2025-02-10 23:38 | INFO | Training Time Active Learning Classifier: 27.24 seconds
2025-02-10 23:38 | INFO | Training Time Active Learning Regressor: 3.68 seconds
2025-02-10 23:40 | INFO | Query 44 Active Learning Runtime on Validation Set: 1117083.698
2025-02-10 23:40 | INFO | Query 44 Active Learning Runtime on Test Set: 397702.868
2025-02-10 23:40 | INFO | Query 44 Active Learning Instance Cost: 4018496.05
2025-02-10 23:40 | INFO | Timeout limit is increased to 3600
2025-02-10 23:42 | INFO | Query 45 Size of the uncertainty table is = 73116/145452
2025-02-10 23:42 | INFO | Query 45 Size of the filtered table is = 1455
2025-02-10 23:43 | INFO | Training Time Active Learning Classifier: 27.83 seconds
2025-02-10 23:43 | INFO | Training Time Active Learning Regressor: 3.7 seconds
2025-02-10 23:46 | INFO | Query 45 Active Learning Runtime on Validation Set: 1045184.848
2025-02-10 23:46 | INFO | Query 45 Active Learning Runtime on Test Set: 397590.748
2025-02-10 23:46 | INFO | Query 45 Active Learning Instance Cost: 4200873.55
2025-02-10 23:47 | INFO | Query 46 Size of the uncertainty table is = 71321/145452
2025-02-10 23:47 | INFO | Query 46 Size of the filtered table is = 1455
2025-02-10 23:48 | INFO | Training Time Active Learning Classifier: 28.2 seconds
2025-02-10 23:48 | INFO | Training Time Active Learning Regressor: 3.75 seconds
2025-02-10 23:51 | INFO | Query 46 Active Learning Runtime on Validation Set: 1081182.078
2025-02-10 23:51 | INFO | Query 46 Active Learning Runtime on Test Set: 361619.058
2025-02-10 23:51 | INFO | Query 46 Active Learning Instance Cost: 4414808.27
2025-02-10 23:51 | INFO | Timeout limit is increased to 3600
2025-02-10 23:52 | INFO | Query 47 Size of the uncertainty table is = 69354/145452
2025-02-10 23:52 | INFO | Query 47 Size of the filtered table is = 1455
2025-02-10 23:53 | INFO | Training Time Active Learning Classifier: 28.38 seconds
2025-02-10 23:53 | INFO | Training Time Active Learning Regressor: 3.99 seconds
2025-02-10 23:56 | INFO | Query 47 Active Learning Runtime on Validation Set: 1261057.4980000001
2025-02-10 23:56 | INFO | Query 47 Active Learning Runtime on Test Set: 397061.328
2025-02-10 23:56 | INFO | Query 47 Active Learning Instance Cost: 4652268.62
2025-02-10 23:56 | INFO | Timeout limit is increased to 3600
2025-02-10 23:57 | INFO | Query 48 Size of the uncertainty table is = 67450/145452
2025-02-10 23:57 | INFO | Query 48 Size of the filtered table is = 1455
2025-02-10 23:58 | INFO | Training Time Active Learning Classifier: 28.95 seconds
2025-02-10 23:58 | INFO | Training Time Active Learning Regressor: 3.83 seconds
2025-02-11 00:01 | INFO | Query 48 Active Learning Runtime on Validation Set: 1189040.328
2025-02-11 00:01 | INFO | Query 48 Active Learning Runtime on Test Set: 433054.708
2025-02-11 00:01 | INFO | Query 48 Active Learning Instance Cost: 4864788.52
2025-02-11 00:02 | INFO | Query 49 Size of the uncertainty table is = 65561/145452
2025-02-11 00:02 | INFO | Query 49 Size of the filtered table is = 1455
2025-02-11 00:03 | INFO | Training Time Active Learning Classifier: 29.22 seconds
2025-02-11 00:03 | INFO | Training Time Active Learning Regressor: 3.89 seconds
2025-02-11 00:06 | INFO | Query 49 Active Learning Runtime on Validation Set: 1081200.298
2025-02-11 00:06 | INFO | Query 49 Active Learning Runtime on Test Set: 433055.838
2025-02-11 00:06 | INFO | Query 49 Active Learning Instance Cost: 5111820.06
2025-02-11 00:07 | INFO | Query 50 Size of the uncertainty table is = 63690/145452
2025-02-11 00:07 | INFO | Query 50 Size of the filtered table is = 1455
2025-02-11 00:08 | INFO | Training Time Active Learning Classifier: 29.76 seconds
2025-02-11 00:08 | INFO | Training Time Active Learning Regressor: 3.9 seconds
2025-02-11 00:11 | INFO | Query 50 Active Learning Runtime on Validation Set: 1045198.7479999999
2025-02-11 00:11 | INFO | Query 50 Active Learning Runtime on Test Set: 505050.688
2025-02-11 00:11 | INFO | Query 50 Active Learning Instance Cost: 5332874.23
2025-02-11 00:12 | INFO | Query 51 Size of the uncertainty table is = 61562/145452
2025-02-11 00:12 | INFO | Query 51 Size of the filtered table is = 1455
2025-02-11 00:13 | INFO | Training Time Active Learning Classifier: 30.23 seconds
2025-02-11 00:13 | INFO | Training Time Active Learning Regressor: 3.95 seconds
2025-02-11 00:16 | INFO | Query 51 Active Learning Runtime on Validation Set: 1225127.108
2025-02-11 00:16 | INFO | Query 51 Active Learning Runtime on Test Set: 469001.338
2025-02-11 00:16 | INFO | Query 51 Active Learning Instance Cost: 5629942.42
2025-02-11 00:16 | INFO | Timeout limit is increased to 3600
2025-02-11 00:17 | INFO | Query 52 Size of the uncertainty table is = 59372/145452
2025-02-11 00:17 | INFO | Query 52 Size of the filtered table is = 1455
2025-02-11 00:18 | INFO | Training Time Active Learning Classifier: 30.41 seconds
2025-02-11 00:18 | INFO | Training Time Active Learning Regressor: 4.18 seconds
2025-02-11 00:21 | INFO | Query 52 Active Learning Runtime on Validation Set: 1189267.968
2025-02-11 00:21 | INFO | Query 52 Active Learning Runtime on Test Set: 433051.328
2025-02-11 00:21 | INFO | Query 52 Active Learning Instance Cost: 5967608.38
2025-02-11 00:22 | INFO | Query 53 Size of the uncertainty table is = 57185/145452
2025-02-11 00:22 | INFO | Query 53 Size of the filtered table is = 1455
2025-02-11 00:23 | INFO | Training Time Active Learning Classifier: 31.04 seconds
2025-02-11 00:23 | INFO | Training Time Active Learning Regressor: 4.02 seconds
2025-02-11 00:26 | INFO | Query 53 Active Learning Runtime on Validation Set: 1081123.688
2025-02-11 00:26 | INFO | Query 53 Active Learning Runtime on Test Set: 433039.988
2025-02-11 00:26 | INFO | Query 53 Active Learning Instance Cost: 6201229.48
2025-02-11 00:27 | INFO | Query 54 Size of the uncertainty table is = 54834/145452
2025-02-11 00:27 | INFO | Query 54 Size of the filtered table is = 1455
2025-02-11 00:28 | INFO | Training Time Active Learning Classifier: 31.31 seconds
2025-02-11 00:28 | INFO | Training Time Active Learning Regressor: 4.04 seconds
2025-02-11 00:31 | INFO | Query 54 Active Learning Runtime on Validation Set: 1081100.5380000002
2025-02-11 00:31 | INFO | Query 54 Active Learning Runtime on Test Set: 397053.078
2025-02-11 00:31 | INFO | Query 54 Active Learning Instance Cost: 6423091.67
2025-02-11 00:32 | INFO | Query 55 Size of the uncertainty table is = 52740/145452
2025-02-11 00:32 | INFO | Query 55 Size of the filtered table is = 1455
2025-02-11 00:33 | INFO | Training Time Active Learning Classifier: 31.83 seconds
2025-02-11 00:33 | INFO | Training Time Active Learning Regressor: 4.08 seconds
2025-02-11 00:36 | INFO | Query 55 Active Learning Runtime on Validation Set: 1189130.858
2025-02-11 00:36 | INFO | Query 55 Active Learning Runtime on Test Set: 361103.598
2025-02-11 00:36 | INFO | Query 55 Active Learning Instance Cost: 6671718.74
2025-02-11 00:36 | INFO | Timeout limit is increased to 3600
2025-02-11 00:37 | INFO | Query 56 Size of the uncertainty table is = 50666/145452
2025-02-11 00:37 | INFO | Query 56 Size of the filtered table is = 1455
2025-02-11 00:38 | INFO | Training Time Active Learning Classifier: 32.36 seconds
2025-02-11 00:38 | INFO | Training Time Active Learning Regressor: 4.11 seconds
2025-02-11 00:40 | INFO | Query 56 Active Learning Runtime on Validation Set: 1153150.308
2025-02-11 00:40 | INFO | Query 56 Active Learning Runtime on Test Set: 433038.878
2025-02-11 00:40 | INFO | Query 56 Active Learning Instance Cost: 7048920.26
2025-02-11 00:42 | INFO | Query 57 Size of the uncertainty table is = 48116/145452
2025-02-11 00:42 | INFO | Query 57 Size of the filtered table is = 1455
2025-02-11 00:43 | INFO | Training Time Active Learning Classifier: 32.55 seconds
2025-02-11 00:43 | INFO | Training Time Active Learning Regressor: 4.34 seconds
2025-02-11 00:45 | INFO | Query 57 Active Learning Runtime on Validation Set: 1189132.438
2025-02-11 00:45 | INFO | Query 57 Active Learning Runtime on Test Set: 397031.548
2025-02-11 00:45 | INFO | Query 57 Active Learning Instance Cost: 7345554.46
2025-02-11 00:45 | INFO | Timeout limit is increased to 3600
2025-02-11 00:47 | INFO | Query 58 Size of the uncertainty table is = 45878/145452
2025-02-11 00:47 | INFO | Query 58 Size of the filtered table is = 1455
2025-02-11 00:47 | INFO | Training Time Active Learning Classifier: 33.15 seconds
2025-02-11 00:47 | INFO | Training Time Active Learning Regressor: 4.2 seconds
2025-02-11 00:50 | INFO | Query 58 Active Learning Runtime on Validation Set: 937847.5079999999
2025-02-11 00:50 | INFO | Query 58 Active Learning Runtime on Test Set: 397037.308
2025-02-11 00:50 | INFO | Query 58 Active Learning Instance Cost: 7679205.93
2025-02-11 00:51 | INFO | Query 59 Size of the uncertainty table is = 43734/145452
2025-02-11 00:51 | INFO | Query 59 Size of the filtered table is = 1455
2025-02-11 00:52 | INFO | Training Time Active Learning Classifier: 33.41 seconds
2025-02-11 00:52 | INFO | Training Time Active Learning Regressor: 4.2 seconds
2025-02-11 00:55 | INFO | Query 59 Active Learning Runtime on Validation Set: 1153724.398
2025-02-11 00:55 | INFO | Query 59 Active Learning Runtime on Test Set: 432996.888
2025-02-11 00:55 | INFO | Query 59 Active Learning Instance Cost: 7998092.77
2025-02-11 00:55 | INFO | Timeout limit is increased to 3600
2025-02-11 00:56 | INFO | Query 60 Size of the uncertainty table is = 41328/145452
2025-02-11 00:56 | INFO | Query 60 Size of the filtered table is = 1455
2025-02-11 00:57 | INFO | Training Time Active Learning Classifier: 34.0 seconds
2025-02-11 00:57 | INFO | Training Time Active Learning Regressor: 4.28 seconds
2025-02-11 01:00 | INFO | Query 60 Active Learning Runtime on Validation Set: 1081714.088
2025-02-11 01:00 | INFO | Query 60 Active Learning Runtime on Test Set: 397041.688
2025-02-11 01:00 | INFO | Query 60 Active Learning Instance Cost: 8357196.94
2025-02-11 01:01 | INFO | Query 61 Size of the uncertainty table is = 38992/145452
2025-02-11 01:01 | INFO | Query 61 Size of the filtered table is = 1455
2025-02-11 01:02 | INFO | Training Time Active Learning Classifier: 34.18 seconds
2025-02-11 01:02 | INFO | Training Time Active Learning Regressor: 4.27 seconds
2025-02-11 01:04 | INFO | Query 61 Active Learning Runtime on Validation Set: 1189814.128
2025-02-11 01:04 | INFO | Query 61 Active Learning Runtime on Test Set: 468989.308
2025-02-11 01:04 | INFO | Query 61 Active Learning Instance Cost: 8773769.11
2025-02-11 01:04 | INFO | Timeout limit is increased to 3600
2025-02-11 01:05 | INFO | Query 62 Size of the uncertainty table is = 36380/145452
2025-02-11 01:05 | INFO | Query 62 Size of the filtered table is = 1455
2025-02-11 01:06 | INFO | Training Time Active Learning Classifier: 34.59 seconds
2025-02-11 01:06 | INFO | Training Time Active Learning Regressor: 4.31 seconds
2025-02-11 01:09 | INFO | Query 62 Active Learning Runtime on Validation Set: 1117883.7380000001
2025-02-11 01:09 | INFO | Query 62 Active Learning Runtime on Test Set: 361032.388
2025-02-11 01:09 | INFO | Query 62 Active Learning Instance Cost: 9190641.73
2025-02-11 01:10 | INFO | Query 63 Size of the uncertainty table is = 33758/145452
2025-02-11 01:10 | INFO | Query 63 Size of the filtered table is = 1455
2025-02-11 01:11 | INFO | Training Time Active Learning Classifier: 34.93 seconds
2025-02-11 01:11 | INFO | Training Time Active Learning Regressor: 4.33 seconds
2025-02-11 01:13 | INFO | Query 63 Active Learning Runtime on Validation Set: 865823.668
2025-02-11 01:13 | INFO | Query 63 Active Learning Runtime on Test Set: 361006.328
2025-02-11 01:13 | INFO | Query 63 Active Learning Instance Cost: 9767130.12
2025-02-11 01:14 | INFO | Query 64 Size of the uncertainty table is = 30635/145452
2025-02-11 01:14 | INFO | Query 64 Size of the filtered table is = 1455
2025-02-11 01:15 | INFO | Training Time Active Learning Classifier: 35.28 seconds
2025-02-11 01:15 | INFO | Training Time Active Learning Regressor: 4.53 seconds
2025-02-11 01:18 | INFO | Query 64 Active Learning Runtime on Validation Set: 937881.7479999999
2025-02-11 01:18 | INFO | Query 64 Active Learning Runtime on Test Set: 325051.338
2025-02-11 01:18 | INFO | Query 64 Active Learning Instance Cost: 10154212.61
2025-02-11 01:18 | INFO | Timeout limit is increased to 3600
2025-02-11 01:19 | INFO | Query 65 Size of the uncertainty table is = 28052/145452
2025-02-11 01:19 | INFO | Query 65 Size of the filtered table is = 1455
2025-02-11 01:20 | INFO | Training Time Active Learning Classifier: 35.85 seconds
2025-02-11 01:20 | INFO | Training Time Active Learning Regressor: 4.37 seconds
2025-02-11 01:22 | INFO | Query 65 Active Learning Runtime on Validation Set: 1045861.9979999999
2025-02-11 01:22 | INFO | Query 65 Active Learning Runtime on Test Set: 396996.218
2025-02-11 01:22 | INFO | Query 65 Active Learning Instance Cost: 10622182.59
2025-02-11 01:22 | INFO | Timeout limit is increased to 3600
2025-02-11 01:23 | INFO | Query 66 Size of the uncertainty table is = 25170/145452
2025-02-11 01:23 | INFO | Query 66 Size of the filtered table is = 1455
2025-02-11 01:24 | INFO | Training Time Active Learning Classifier: 36.09 seconds
2025-02-11 01:24 | INFO | Training Time Active Learning Regressor: 4.4 seconds
2025-02-11 01:27 | INFO | Query 66 Active Learning Runtime on Validation Set: 901959.068
2025-02-11 01:27 | INFO | Query 66 Active Learning Runtime on Test Set: 397030.668
2025-02-11 01:27 | INFO | Query 66 Active Learning Instance Cost: 11058310.0
2025-02-11 01:27 | INFO | Query 67 Size of the uncertainty table is = 22595/145452
2025-02-11 01:27 | INFO | Query 67 Size of the filtered table is = 1455
2025-02-11 01:28 | INFO | Training Time Active Learning Classifier: 36.46 seconds
2025-02-11 01:28 | INFO | Training Time Active Learning Regressor: 4.41 seconds
2025-02-11 01:31 | INFO | Query 67 Active Learning Runtime on Validation Set: 865971.798
2025-02-11 01:31 | INFO | Query 67 Active Learning Runtime on Test Set: 361070.598
2025-02-11 01:31 | INFO | Query 67 Active Learning Instance Cost: 11473476.26
2025-02-11 01:32 | INFO | Query 68 Size of the uncertainty table is = 19800/145452
2025-02-11 01:32 | INFO | Query 68 Size of the filtered table is = 1455
2025-02-11 01:32 | INFO | Training Time Active Learning Classifier: 36.82 seconds
2025-02-11 01:32 | INFO | Training Time Active Learning Regressor: 4.44 seconds
2025-02-11 01:35 | INFO | Query 68 Active Learning Runtime on Validation Set: 973903.6179999999
2025-02-11 01:35 | INFO | Query 68 Active Learning Runtime on Test Set: 361070.598
2025-02-11 01:35 | INFO | Query 68 Active Learning Instance Cost: 11913648.37
2025-02-11 01:35 | INFO | Timeout limit is increased to 3600
2025-02-11 01:36 | INFO | Query 69 Size of the uncertainty table is = 17313/145452
2025-02-11 01:36 | INFO | Query 69 Size of the filtered table is = 1455
2025-02-11 01:36 | INFO | Training Time Active Learning Classifier: 37.13 seconds
2025-02-11 01:36 | INFO | Training Time Active Learning Regressor: 4.48 seconds
2025-02-11 01:39 | INFO | Query 69 Active Learning Runtime on Validation Set: 1009843.078
2025-02-11 01:39 | INFO | Query 69 Active Learning Runtime on Test Set: 361037.958
2025-02-11 01:39 | INFO | Query 69 Active Learning Instance Cost: 12429199.44
2025-02-11 01:39 | INFO | Timeout limit is increased to 3600
2025-02-11 01:40 | INFO | Query 70 Size of the uncertainty table is = 14538/145452
2025-02-11 01:40 | INFO | Query 70 Size of the filtered table is = 1455
2025-02-11 01:40 | INFO | Training Time Active Learning Classifier: 37.53 seconds
2025-02-11 01:40 | INFO | Training Time Active Learning Regressor: 4.51 seconds
2025-02-11 01:43 | INFO | Query 70 Active Learning Runtime on Validation Set: 1081809.598
2025-02-11 01:43 | INFO | Query 70 Active Learning Runtime on Test Set: 361070.998
2025-02-11 01:43 | INFO | Query 70 Active Learning Instance Cost: 12905711.95
2025-02-11 01:43 | INFO | Timeout limit is increased to 3600
2025-02-11 01:44 | INFO | Query 71 Size of the uncertainty table is = 11825/145452
2025-02-11 01:44 | INFO | Query 71 Size of the filtered table is = 1455
2025-02-11 01:44 | INFO | Training Time Active Learning Classifier: 37.82 seconds
2025-02-11 01:44 | INFO | Training Time Active Learning Regressor: 4.54 seconds
2025-02-11 01:47 | INFO | Query 71 Active Learning Runtime on Validation Set: 973914.3579999999
2025-02-11 01:47 | INFO | Query 71 Active Learning Runtime on Test Set: 325077.018
2025-02-11 01:47 | INFO | Query 71 Active Learning Instance Cost: 13428306.99
2025-02-11 01:47 | INFO | Query 72 Size of the uncertainty table is = 8977/145452
2025-02-11 01:47 | INFO | Query 72 Size of the filtered table is = 1455
2025-02-11 01:48 | INFO | Training Time Active Learning Classifier: 38.2 seconds
2025-02-11 01:48 | INFO | Training Time Active Learning Regressor: 4.57 seconds
2025-02-11 01:51 | INFO | Query 72 Active Learning Runtime on Validation Set: 1081853.398
2025-02-11 01:51 | INFO | Query 72 Active Learning Runtime on Test Set: 325077.048
2025-02-11 01:51 | INFO | Query 72 Active Learning Instance Cost: 14098034.6
2025-02-11 01:51 | INFO | Timeout limit is increased to 3600
2025-02-11 01:51 | INFO | Query 73 Size of the uncertainty table is = 5443/145452
2025-02-11 01:51 | INFO | Query 73 Size of the filtered table is = 1455
2025-02-11 01:52 | INFO | Training Time Active Learning Classifier: 38.48 seconds
2025-02-11 01:52 | INFO | Training Time Active Learning Regressor: 4.59 seconds
2025-02-11 01:55 | INFO | Query 73 Active Learning Runtime on Validation Set: 1009994.1479999999
2025-02-11 01:55 | INFO | Query 73 Active Learning Runtime on Test Set: 361036.428
2025-02-11 01:55 | INFO | Query 73 Active Learning Instance Cost: 14735234.6
2025-02-11 01:55 | INFO | Query 74 Size of the uncertainty table is = 1647/145452
2025-02-11 01:55 | INFO | Query 74 Size of the filtered table is = 1455
2025-02-11 01:56 | INFO | Training Time Active Learning Classifier: 38.59 seconds
2025-02-11 01:56 | INFO | Training Time Active Learning Regressor: 4.62 seconds
2025-02-11 01:58 | INFO | Query 74 Active Learning Runtime on Validation Set: 686174.798
2025-02-11 01:58 | INFO | Query 74 Active Learning Runtime on Test Set: 325051.028
2025-02-11 01:58 | INFO | Query 74 Active Learning Instance Cost: 15142218.69
2025-02-11 01:58 | INFO | Active Learning Emissions: 0.2456489324598499
2025-02-11 01:58 | INFO | Active Learning Energy Consumption: 0.26727231131937024 kWh
2025-02-11 01:58 | INFO | runtime_test_score is written as json file
2025-02-11 01:58 | INFO | runtime_validation_score is written as json file
2025-02-11 01:58 | INFO | instance_cost is written as json file
2025-02-11 01:58 | INFO | Experiment is finished
