2025-02-10 21:09 | INFO | Paramaters are: {'dataset': 'SAT11-RAND', 'penalty': 10, 'weight': 'No_Weight', 'voting': 'Hard', 'pre_selection_size': 64, 'pre_selection_technique': 'No_pre_selection', 'feature_elimination_threshold': 20, 'imputer_strategy': 'median', 'feature_selection_technique': 'No_feature_selection', 'feature_scaling_technique': 'StandardScaler', 'priority': {'Uncertainty': 'max', 'PredCost': 'min', 'PredDiff': 'max'}, 'initial_train_size': 20, 'query_size': 1, 'timeout_predictor_usage': 'No', 'timeout_limit': 3600, 'timeout_increase_rate': 100, 'penalty_type': 'Only-timeout-penalty', 'RANDOM_STATE_SEED': 42, 'n_splits': 10, 'split_number': 6, 'max_timeout': 3600, 'param_grid': {'n_estimators': 100, 'max_features': 'sqrt', 'max_depth': 2147483648, 'min_samples_split': 2, 'bootstrap': True}}
2025-02-10 21:09 | INFO | SAT11-RAND is current dataset
2025-02-10 21:09 | INFO | DATASETS/SAT11-RAND/algorithm_runs.arff is found
2025-02-10 21:09 | INFO | DATASETS/SAT11-RAND/algorithm_runs.arff is finished
2025-02-10 21:09 | INFO | DATASETS/SAT11-RAND/feature_values.arff is found
2025-02-10 21:09 | INFO | DATASETS/SAT11-RAND/feature_values.arff is finished
2025-02-10 21:09 | INFO | DATASETS/SAT11-RAND/feature_costs.arff is found
2025-02-10 21:09 | INFO | DATASETS/SAT11-RAND/feature_costs.arff is finished
2025-02-10 21:09 | INFO | Virtual best solver time in train = 83917.17
2025-02-10 21:09 | INFO | Single best solver list train = {'EagleUP_1.565.350': 3896576.84, 'MPhaseSAT_M_2011-02-16': 4136991.21, 'SAT09referencesolverTNM_2009-03-22': 3998853.53, 'SAT09referencesolvergnovelty+2_2009-03-22': 4933891.94, 'SAT09referencesolvermarch_hi_hi': 7283031.92, 'adaptg2wsat2011_2011-03-02': 3963309.92, 'march_rw_2011-03-02': 7276375.09, 'sattime2011_2011-03-02': 3744082.5, 'sparrow2011_sparrow2011_ubcsat1.2_2011-03-02': 2850927.55}
2025-02-10 21:09 | INFO | Single best solver time train = sparrow2011_sparrow2011_ubcsat1.2_2011-03-02 (2850927.55)
2025-02-10 21:09 | INFO | Virtual best solver time in validation = 34671.5
2025-02-10 21:09 | INFO | Single best solver list validation = {'EagleUP_1.565.350': 1332414.31, 'MPhaseSAT_M_2011-02-16': 221974.31, 'SAT09referencesolverTNM_2009-03-22': 1332385.26, 'SAT09referencesolvergnovelty+2_2009-03-22': 1332438.17, 'SAT09referencesolvermarch_hi_hi': 730274.62, 'adaptg2wsat2011_2011-03-02': 1332448.99, 'march_rw_2011-03-02': 731557.2, 'sattime2011_2011-03-02': 1332763.87, 'sparrow2011_sparrow2011_ubcsat1.2_2011-03-02': 1332521.82}
2025-02-10 21:09 | INFO | Single best solver time validation = MPhaseSAT_M_2011-02-16 (221974.31)
2025-02-10 21:09 | INFO | Virtual best solver time in test = 7610.58
2025-02-10 21:09 | INFO | Single best solver list test = {'EagleUP_1.565.350': 721546.41, 'MPhaseSAT_M_2011-02-16': 507021.04, 'SAT09referencesolverTNM_2009-03-22': 830182.68, 'SAT09referencesolvergnovelty+2_2009-03-22': 803687.45, 'SAT09referencesolvermarch_hi_hi': 798325.91, 'adaptg2wsat2011_2011-03-02': 696978.74, 'march_rw_2011-03-02': 798268.24, 'sattime2011_2011-03-02': 731129.17, 'sparrow2011_sparrow2011_ubcsat1.2_2011-03-02': 546364.19}
2025-02-10 21:09 | INFO | Single best solver time test = MPhaseSAT_M_2011-02-16 (507021.04)
2025-02-10 21:09 | INFO | Training Time Passive Learning Classifier: 4.26 seconds
2025-02-10 21:09 | INFO | Training Time Passive Learning Regressor: 1.43 seconds
2025-02-10 21:09 | INFO | Passive Learning Classifier Runtime on Validation Set: 265213.17
2025-02-10 21:09 | INFO | Passive Learning Classifier Runtime on Test Set: 16481.19
2025-02-10 21:09 | INFO | Passive Learning Instance Cost: 4824040.49
2025-02-10 21:09 | INFO | Passive Learning Emissions: 0.00023099733069219464
2025-02-10 21:09 | INFO | Passive Learning Energy Consumption: 0.0002513309944581124 kWh
2025-02-10 21:10 | INFO | Training Time Active Learning Classifier: 2.09 seconds
2025-02-10 21:10 | INFO | Training Time Active Learning Regressor: 0.43 seconds
2025-02-10 21:10 | INFO | Initial Active Learning Runtime on Validation Set: 1340353.52
2025-02-10 21:10 | INFO | Initial Active Learning Runtime on Test Set: 410039.26
2025-02-10 21:10 | INFO | Initial Active Learning Instance Cost: 253847.91
2025-02-10 21:10 | INFO | Bin size = 121
2025-02-10 21:10 | INFO | Query 1 Size of the uncertainty table is = 12024/12024
2025-02-10 21:10 | INFO | Query 1 Size of the filtered table is = 121
2025-02-10 21:10 | INFO | Training Time Active Learning Classifier: 2.02 seconds
2025-02-10 21:10 | INFO | Training Time Active Learning Regressor: 0.5 seconds
2025-02-10 21:10 | INFO | Query 1 Active Learning Runtime on Validation Set: 1340322.04
2025-02-10 21:10 | INFO | Query 1 Active Learning Runtime on Test Set: 373895.33
2025-02-10 21:10 | INFO | Query 1 Active Learning Instance Cost: 530474.53
2025-02-10 21:10 | INFO | Query 2 Size of the uncertainty table is = 11794/12024
2025-02-10 21:10 | INFO | Query 2 Size of the filtered table is = 121
2025-02-10 21:10 | INFO | Training Time Active Learning Classifier: 2.07 seconds
2025-02-10 21:10 | INFO | Training Time Active Learning Regressor: 0.57 seconds
2025-02-10 21:11 | INFO | Query 2 Active Learning Runtime on Validation Set: 1340327.32
2025-02-10 21:11 | INFO | Query 2 Active Learning Runtime on Test Set: 516977.60000000003
2025-02-10 21:11 | INFO | Query 2 Active Learning Instance Cost: 733102.76
2025-02-10 21:11 | INFO | Timeout limit is increased to 3600
2025-02-10 21:11 | INFO | Query 3 Size of the uncertainty table is = 11483/12024
2025-02-10 21:11 | INFO | Query 3 Size of the filtered table is = 121
2025-02-10 21:11 | INFO | Training Time Active Learning Classifier: 2.14 seconds
2025-02-10 21:11 | INFO | Training Time Active Learning Regressor: 0.64 seconds
2025-02-10 21:11 | INFO | Query 3 Active Learning Runtime on Validation Set: 1340323.55
2025-02-10 21:11 | INFO | Query 3 Active Learning Runtime on Test Set: 517029.60000000003
2025-02-10 21:11 | INFO | Query 3 Active Learning Instance Cost: 966064.71
2025-02-10 21:11 | INFO | Query 4 Size of the uncertainty table is = 11105/12024
2025-02-10 21:11 | INFO | Query 4 Size of the filtered table is = 121
2025-02-10 21:11 | INFO | Training Time Active Learning Classifier: 2.22 seconds
2025-02-10 21:11 | INFO | Training Time Active Learning Regressor: 0.7 seconds
2025-02-10 21:11 | INFO | Query 4 Active Learning Runtime on Validation Set: 1268664.81
2025-02-10 21:11 | INFO | Query 4 Active Learning Runtime on Test Set: 445480.46
2025-02-10 21:11 | INFO | Query 4 Active Learning Instance Cost: 1147581.81
2025-02-10 21:11 | INFO | Query 5 Size of the uncertainty table is = 10642/12024
2025-02-10 21:11 | INFO | Query 5 Size of the filtered table is = 121
2025-02-10 21:11 | INFO | Training Time Active Learning Classifier: 2.31 seconds
2025-02-10 21:11 | INFO | Training Time Active Learning Regressor: 0.76 seconds
2025-02-10 21:12 | INFO | Query 5 Active Learning Runtime on Validation Set: 1304502.3699999999
2025-02-10 21:12 | INFO | Query 5 Active Learning Runtime on Test Set: 373623.9
2025-02-10 21:12 | INFO | Query 5 Active Learning Instance Cost: 1307968.15
2025-02-10 21:12 | INFO | Timeout limit is increased to 3600
2025-02-10 21:12 | INFO | Query 6 Size of the uncertainty table is = 10205/12024
2025-02-10 21:12 | INFO | Query 6 Size of the filtered table is = 121
2025-02-10 21:12 | INFO | Training Time Active Learning Classifier: 2.48 seconds
2025-02-10 21:12 | INFO | Training Time Active Learning Regressor: 0.82 seconds
2025-02-10 21:12 | INFO | Query 6 Active Learning Runtime on Validation Set: 1340602.83
2025-02-10 21:12 | INFO | Query 6 Active Learning Runtime on Test Set: 409554.79000000004
2025-02-10 21:12 | INFO | Query 6 Active Learning Instance Cost: 1493311.54
2025-02-10 21:12 | INFO | Timeout limit is increased to 3600
2025-02-10 21:12 | INFO | Query 7 Size of the uncertainty table is = 9680/12024
2025-02-10 21:12 | INFO | Query 7 Size of the filtered table is = 121
2025-02-10 21:12 | INFO | Training Time Active Learning Classifier: 2.52 seconds
2025-02-10 21:12 | INFO | Training Time Active Learning Regressor: 0.88 seconds
2025-02-10 21:12 | INFO | Query 7 Active Learning Runtime on Validation Set: 1304876.38
2025-02-10 21:12 | INFO | Query 7 Active Learning Runtime on Test Set: 373725.59
2025-02-10 21:12 | INFO | Query 7 Active Learning Instance Cost: 1670044.39
2025-02-10 21:13 | INFO | Query 8 Size of the uncertainty table is = 9174/12024
2025-02-10 21:13 | INFO | Query 8 Size of the filtered table is = 121
2025-02-10 21:13 | INFO | Training Time Active Learning Classifier: 2.65 seconds
2025-02-10 21:13 | INFO | Training Time Active Learning Regressor: 0.94 seconds
2025-02-10 21:13 | INFO | Query 8 Active Learning Runtime on Validation Set: 1232787.88
2025-02-10 21:13 | INFO | Query 8 Active Learning Runtime on Test Set: 337778.61000000004
2025-02-10 21:13 | INFO | Query 8 Active Learning Instance Cost: 1861684.77
2025-02-10 21:13 | INFO | Query 9 Size of the uncertainty table is = 8621/12024
2025-02-10 21:13 | INFO | Query 9 Size of the filtered table is = 121
2025-02-10 21:13 | INFO | Training Time Active Learning Classifier: 2.78 seconds
2025-02-10 21:13 | INFO | Training Time Active Learning Regressor: 0.99 seconds
2025-02-10 21:13 | INFO | Query 9 Active Learning Runtime on Validation Set: 1125159.46
2025-02-10 21:13 | INFO | Query 9 Active Learning Runtime on Test Set: 301414.10000000003
2025-02-10 21:13 | INFO | Query 9 Active Learning Instance Cost: 2077411.39
2025-02-10 21:13 | INFO | Query 10 Size of the uncertainty table is = 8082/12024
2025-02-10 21:13 | INFO | Query 10 Size of the filtered table is = 121
2025-02-10 21:13 | INFO | Training Time Active Learning Classifier: 2.98 seconds
2025-02-10 21:13 | INFO | Training Time Active Learning Regressor: 1.03 seconds
2025-02-10 21:14 | INFO | Query 10 Active Learning Runtime on Validation Set: 1017887.48
2025-02-10 21:14 | INFO | Query 10 Active Learning Runtime on Test Set: 338079.83
2025-02-10 21:14 | INFO | Query 10 Active Learning Instance Cost: 2267196.1
2025-02-10 21:14 | INFO | Query 11 Size of the uncertainty table is = 7547/12024
2025-02-10 21:14 | INFO | Query 11 Size of the filtered table is = 121
2025-02-10 21:14 | INFO | Training Time Active Learning Classifier: 3.1 seconds
2025-02-10 21:14 | INFO | Training Time Active Learning Regressor: 1.07 seconds
2025-02-10 21:14 | INFO | Query 11 Active Learning Runtime on Validation Set: 1160680.03
2025-02-10 21:14 | INFO | Query 11 Active Learning Runtime on Test Set: 373291.81
2025-02-10 21:14 | INFO | Query 11 Active Learning Instance Cost: 2545968.58
2025-02-10 21:14 | INFO | Timeout limit is increased to 3600
2025-02-10 21:14 | INFO | Query 12 Size of the uncertainty table is = 6978/12024
2025-02-10 21:14 | INFO | Query 12 Size of the filtered table is = 121
2025-02-10 21:14 | INFO | Training Time Active Learning Classifier: 3.16 seconds
2025-02-10 21:14 | INFO | Training Time Active Learning Regressor: 1.15 seconds
2025-02-10 21:14 | INFO | Query 12 Active Learning Runtime on Validation Set: 1304792.98
2025-02-10 21:14 | INFO | Query 12 Active Learning Runtime on Test Set: 374025.06
2025-02-10 21:14 | INFO | Query 12 Active Learning Instance Cost: 2694291.5
2025-02-10 21:14 | INFO | Timeout limit is increased to 3600
2025-02-10 21:14 | INFO | Query 13 Size of the uncertainty table is = 6494/12024
2025-02-10 21:14 | INFO | Query 13 Size of the filtered table is = 121
2025-02-10 21:15 | INFO | Training Time Active Learning Classifier: 3.28 seconds
2025-02-10 21:15 | INFO | Training Time Active Learning Regressor: 1.16 seconds
2025-02-10 21:15 | INFO | Query 13 Active Learning Runtime on Validation Set: 1340583.95
2025-02-10 21:15 | INFO | Query 13 Active Learning Runtime on Test Set: 374773.21
2025-02-10 21:15 | INFO | Query 13 Active Learning Instance Cost: 2823716.34
2025-02-10 21:15 | INFO | Timeout limit is increased to 3600
2025-02-10 21:15 | INFO | Query 14 Size of the uncertainty table is = 5996/12024
2025-02-10 21:15 | INFO | Query 14 Size of the filtered table is = 121
2025-02-10 21:15 | INFO | Training Time Active Learning Classifier: 3.4 seconds
2025-02-10 21:15 | INFO | Training Time Active Learning Regressor: 1.21 seconds
2025-02-10 21:15 | INFO | Query 14 Active Learning Runtime on Validation Set: 909582.99
2025-02-10 21:15 | INFO | Query 14 Active Learning Runtime on Test Set: 267134.04
2025-02-10 21:15 | INFO | Query 14 Active Learning Instance Cost: 3097358.93
2025-02-10 21:15 | INFO | Query 15 Size of the uncertainty table is = 5404/12024
2025-02-10 21:15 | INFO | Query 15 Size of the filtered table is = 121
2025-02-10 21:15 | INFO | Training Time Active Learning Classifier: 3.51 seconds
2025-02-10 21:15 | INFO | Training Time Active Learning Regressor: 1.24 seconds
2025-02-10 21:16 | INFO | Query 15 Active Learning Runtime on Validation Set: 586564.6699999999
2025-02-10 21:16 | INFO | Query 15 Active Learning Runtime on Test Set: 123332.12
2025-02-10 21:16 | INFO | Query 15 Active Learning Instance Cost: 3417290.55
2025-02-10 21:16 | INFO | Query 16 Size of the uncertainty table is = 4669/12024
2025-02-10 21:16 | INFO | Query 16 Size of the filtered table is = 121
2025-02-10 21:16 | INFO | Training Time Active Learning Classifier: 3.65 seconds
2025-02-10 21:16 | INFO | Training Time Active Learning Regressor: 1.29 seconds
2025-02-10 21:16 | INFO | Query 16 Active Learning Runtime on Validation Set: 230118.93
2025-02-10 21:16 | INFO | Query 16 Active Learning Runtime on Test Set: 87349.15
2025-02-10 21:16 | INFO | Query 16 Active Learning Instance Cost: 3758737.41
2025-02-10 21:16 | INFO | Query 17 Size of the uncertainty table is = 3669/12024
2025-02-10 21:16 | INFO | Query 17 Size of the filtered table is = 121
2025-02-10 21:16 | INFO | Training Time Active Learning Classifier: 3.77 seconds
2025-02-10 21:16 | INFO | Training Time Active Learning Regressor: 1.38 seconds
2025-02-10 21:16 | INFO | Query 17 Active Learning Runtime on Validation Set: 230189.44
2025-02-10 21:16 | INFO | Query 17 Active Learning Runtime on Test Set: 16567.559999999998
2025-02-10 21:16 | INFO | Query 17 Active Learning Instance Cost: 3820343.79
2025-02-10 21:16 | INFO | Timeout limit is increased to 3600
2025-02-10 21:16 | INFO | Query 18 Size of the uncertainty table is = 3124/12024
2025-02-10 21:16 | INFO | Query 18 Size of the filtered table is = 121
2025-02-10 21:17 | INFO | Training Time Active Learning Classifier: 3.9 seconds
2025-02-10 21:17 | INFO | Training Time Active Learning Regressor: 1.37 seconds
2025-02-10 21:17 | INFO | Query 18 Active Learning Runtime on Validation Set: 230317.77
2025-02-10 21:17 | INFO | Query 18 Active Learning Runtime on Test Set: 51519.28
2025-02-10 21:17 | INFO | Query 18 Active Learning Instance Cost: 3929913.26
2025-02-10 21:17 | INFO | Timeout limit is increased to 3600
2025-02-10 21:17 | INFO | Query 19 Size of the uncertainty table is = 2497/12024
2025-02-10 21:17 | INFO | Query 19 Size of the filtered table is = 121
2025-02-10 21:17 | INFO | Training Time Active Learning Classifier: 4.02 seconds
2025-02-10 21:17 | INFO | Training Time Active Learning Regressor: 1.38 seconds
2025-02-10 21:17 | INFO | Query 19 Active Learning Runtime on Validation Set: 230232.47999999998
2025-02-10 21:17 | INFO | Query 19 Active Learning Runtime on Test Set: 15897.05
2025-02-10 21:17 | INFO | Query 19 Active Learning Instance Cost: 4077967.01
2025-02-10 21:17 | INFO | Query 20 Size of the uncertainty table is = 2054/12024
2025-02-10 21:17 | INFO | Query 20 Size of the filtered table is = 121
2025-02-10 21:17 | INFO | Training Time Active Learning Classifier: 4.04 seconds
2025-02-10 21:17 | INFO | Training Time Active Learning Regressor: 1.42 seconds
2025-02-10 21:18 | INFO | Query 20 Active Learning Runtime on Validation Set: 229728.31
2025-02-10 21:18 | INFO | Query 20 Active Learning Runtime on Test Set: 16483.16
2025-02-10 21:18 | INFO | Query 20 Active Learning Instance Cost: 4381835.5
2025-02-10 21:18 | INFO | Query 21 Size of the uncertainty table is = 1281/12024
2025-02-10 21:18 | INFO | Query 21 Size of the filtered table is = 121
2025-02-10 21:18 | INFO | Training Time Active Learning Classifier: 4.11 seconds
2025-02-10 21:18 | INFO | Training Time Active Learning Regressor: 1.42 seconds
2025-02-10 21:18 | INFO | Query 21 Active Learning Runtime on Validation Set: 229659.43
2025-02-10 21:18 | INFO | Query 21 Active Learning Runtime on Test Set: 16453.44
2025-02-10 21:18 | INFO | Query 21 Active Learning Instance Cost: 4514946.01
2025-02-10 21:18 | INFO | Query 22 Size of the uncertainty table is = 824/12024
2025-02-10 21:18 | INFO | Query 22 Size of the filtered table is = 121
2025-02-10 21:18 | INFO | Training Time Active Learning Classifier: 4.2 seconds
2025-02-10 21:18 | INFO | Training Time Active Learning Regressor: 1.44 seconds
2025-02-10 21:18 | INFO | Query 22 Active Learning Runtime on Validation Set: 229705.36
2025-02-10 21:18 | INFO | Query 22 Active Learning Runtime on Test Set: 16113.06
2025-02-10 21:18 | INFO | Query 22 Active Learning Instance Cost: 4697080.78
2025-02-10 21:18 | INFO | Timeout limit is increased to 3600
2025-02-10 21:18 | INFO | Query 23 Size of the uncertainty table is = 300/12024
2025-02-10 21:18 | INFO | Query 23 Size of the filtered table is = 121
2025-02-10 21:18 | INFO | Training Time Active Learning Classifier: 4.23 seconds
2025-02-10 21:18 | INFO | Training Time Active Learning Regressor: 1.45 seconds
2025-02-10 21:19 | INFO | Query 23 Active Learning Runtime on Validation Set: 229695.88
2025-02-10 21:19 | INFO | Query 23 Active Learning Runtime on Test Set: 16470.15
2025-02-10 21:19 | INFO | Query 23 Active Learning Instance Cost: 4792946.11
2025-02-10 21:19 | INFO | Query 24 Size of the uncertainty table is = 24/12024
2025-02-10 21:19 | INFO | Query 24 Size of the filtered table is = 24
2025-02-10 21:19 | INFO | Training Time Active Learning Classifier: 4.3 seconds
2025-02-10 21:19 | INFO | Training Time Active Learning Regressor: 1.45 seconds
2025-02-10 21:19 | INFO | Query 24 Active Learning Runtime on Validation Set: 229696.4
2025-02-10 21:19 | INFO | Query 24 Active Learning Runtime on Test Set: 16470.15
2025-02-10 21:19 | INFO | Query 24 Active Learning Instance Cost: 4803715.58
2025-02-10 21:19 | INFO | Timeout limit is increased to 3600
2025-02-10 21:19 | INFO | Active Learning Emissions: 0.006676195510151852
2025-02-10 21:19 | INFO | Active Learning Energy Consumption: 0.007263871195979787 kWh
2025-02-10 21:19 | INFO | runtime_test_score is written as json file
2025-02-10 21:19 | INFO | runtime_validation_score is written as json file
2025-02-10 21:19 | INFO | instance_cost is written as json file
2025-02-10 21:19 | INFO | Experiment is finished
