2025-02-10 20:51 | INFO | Paramaters are: {'dataset': 'SAT11-HAND', 'penalty': 10, 'weight': 'No_Weight', 'voting': 'Hard', 'pre_selection_size': 64, 'pre_selection_technique': 'No_pre_selection', 'feature_elimination_threshold': 20, 'imputer_strategy': 'median', 'feature_selection_technique': 'No_feature_selection', 'feature_scaling_technique': 'StandardScaler', 'priority': {'PredCost': 'min', 'Uncertainty': 'max', 'PredDiff': 'max'}, 'initial_train_size': 20, 'query_size': 1, 'timeout_predictor_usage': 'No', 'timeout_limit': 3600, 'timeout_increase_rate': 100, 'penalty_type': 'Only-timeout-penalty', 'RANDOM_STATE_SEED': 42, 'n_splits': 10, 'split_number': 7, 'max_timeout': 3600, 'param_grid': {'n_estimators': 100, 'max_features': 'sqrt', 'max_depth': 2147483648, 'min_samples_split': 2, 'bootstrap': True}}
2025-02-10 20:51 | INFO | SAT11-HAND is current dataset
2025-02-10 20:51 | INFO | DATASETS/SAT11-HAND/algorithm_runs.arff is found
2025-02-10 20:51 | INFO | DATASETS/SAT11-HAND/algorithm_runs.arff is finished
2025-02-10 20:51 | INFO | DATASETS/SAT11-HAND/feature_values.arff is found
2025-02-10 20:51 | INFO | DATASETS/SAT11-HAND/feature_values.arff is finished
2025-02-10 20:51 | INFO | DATASETS/SAT11-HAND/feature_costs.arff is found
2025-02-10 20:51 | INFO | DATASETS/SAT11-HAND/feature_costs.arff is finished
2025-02-10 20:51 | INFO | Virtual best solver time in train = 100257.1
2025-02-10 20:51 | INFO | Single best solver list train = {'CryptoMiniSat_Strange-Night2-st_fixed_': 3074579.36, 'MPhaseSAT_2011-02-15': 2560790.23, 'PicoSAT_941': 2969690.13, 'QuteRSat_2011-05-12_fixed_': 3115818.61, 'RestartSAT_B95': 3189933.53, 'SAT07referencesolverminisat_SAT2007': 2830141.46, 'SAT09referencesolverclasp_1.2.0-SAT09-32': 1883710.91, 'SApperloT2010_2011-05-15_fixed_': 3324823.92, 'Sol_2011-04-04': 2870760.57, 'clasp_2.0-R4092-crafted': 1955723.99, 'glucose_2': 2678012.68, 'jMiniSat_2011': 3679359.57, 'sathys_2011-04-01': 3553394.34, 'sattime+_2011-03-02': 3144960.51, 'sattime_2011-03-02': 3008260.51}
2025-02-10 20:51 | INFO | Single best solver time train = SAT09referencesolverclasp_1.2.0-SAT09-32 (1883710.91)
2025-02-10 20:51 | INFO | Virtual best solver time in validation = 2874.54
2025-02-10 20:51 | INFO | Single best solver list validation = {'CryptoMiniSat_Strange-Night2-st_fixed_': 543682.72, 'MPhaseSAT_2011-02-15': 327303.29, 'PicoSAT_941': 330392.72, 'QuteRSat_2011-05-12_fixed_': 509028.04, 'RestartSAT_B95': 330963.84, 'SAT07referencesolverminisat_SAT2007': 472463.24, 'SAT09referencesolverclasp_1.2.0-SAT09-32': 548907.22, 'SApperloT2010_2011-05-15_fixed_': 329405.09, 'Sol_2011-04-04': 585583.42, 'clasp_2.0-R4092-crafted': 478318.9, 'glucose_2': 446714.36, 'jMiniSat_2011': 331150.81, 'sathys_2011-04-01': 504738.31, 'sattime+_2011-03-02': 540422.7, 'sattime_2011-03-02': 541363.28}
2025-02-10 20:51 | INFO | Single best solver time validation = MPhaseSAT_2011-02-15 (327303.29)
2025-02-10 20:51 | INFO | Virtual best solver time in test = 12145.32
2025-02-10 20:51 | INFO | Single best solver list test = {'CryptoMiniSat_Strange-Night2-st_fixed_': 397659.66, 'MPhaseSAT_2011-02-15': 364893.49, 'PicoSAT_941': 366334.99, 'QuteRSat_2011-05-12_fixed_': 397237.06, 'RestartSAT_B95': 434797.3, 'SAT07referencesolverminisat_SAT2007': 334938.72, 'SAT09referencesolverclasp_1.2.0-SAT09-32': 297805.44, 'SApperloT2010_2011-05-15_fixed_': 399465.68, 'Sol_2011-04-04': 328537.53, 'clasp_2.0-R4092-crafted': 300088.66, 'glucose_2': 433300.39, 'jMiniSat_2011': 435042.85, 'sathys_2011-04-01': 432857.74, 'sattime+_2011-03-02': 471172.79, 'sattime_2011-03-02': 505269.29}
2025-02-10 20:51 | INFO | Single best solver time test = SAT09referencesolverclasp_1.2.0-SAT09-32 (297805.44)
2025-02-10 20:51 | INFO | Training Time Passive Learning Classifier: 7.56 seconds
2025-02-10 20:51 | INFO | Training Time Passive Learning Regressor: 1.25 seconds
2025-02-10 20:52 | INFO | Passive Learning Classifier Runtime on Validation Set: 481361.27
2025-02-10 20:52 | INFO | Passive Learning Classifier Runtime on Test Set: 159735.58
2025-02-10 20:52 | INFO | Passive Learning Instance Cost: 5251560.32
2025-02-10 20:52 | INFO | Passive Learning Emissions: 0.00031409337805382527
2025-02-10 20:52 | INFO | Passive Learning Energy Consumption: 0.00034174161589843507 kWh
2025-02-10 20:52 | INFO | Training Time Active Learning Classifier: 5.98 seconds
2025-02-10 20:52 | INFO | Training Time Active Learning Regressor: 0.71 seconds
2025-02-10 20:52 | INFO | Initial Active Learning Runtime on Validation Set: 373048.34
2025-02-10 20:52 | INFO | Initial Active Learning Runtime on Test Set: 237064.45
2025-02-10 20:52 | INFO | Initial Active Learning Instance Cost: 653600.32
2025-02-10 20:52 | INFO | Bin size = 144
2025-02-10 20:52 | INFO | Query 1 Size of the uncertainty table is = 14385/14385
2025-02-10 20:52 | INFO | Query 1 Size of the filtered table is = 144
2025-02-10 20:52 | INFO | Training Time Active Learning Classifier: 5.73 seconds
2025-02-10 20:52 | INFO | Training Time Active Learning Regressor: 0.74 seconds
2025-02-10 20:53 | INFO | Query 1 Active Learning Runtime on Validation Set: 301810.04
2025-02-10 20:53 | INFO | Query 1 Active Learning Runtime on Test Set: 238780.49000000002
2025-02-10 20:53 | INFO | Query 1 Active Learning Instance Cost: 768143.54
2025-02-10 20:53 | INFO | Query 2 Size of the uncertainty table is = 14119/14385
2025-02-10 20:53 | INFO | Query 2 Size of the filtered table is = 144
2025-02-10 20:53 | INFO | Training Time Active Learning Classifier: 5.75 seconds
2025-02-10 20:53 | INFO | Training Time Active Learning Regressor: 0.75 seconds
2025-02-10 20:53 | INFO | Query 2 Active Learning Runtime on Validation Set: 301350.06
2025-02-10 20:53 | INFO | Query 2 Active Learning Runtime on Test Set: 202304.42
2025-02-10 20:53 | INFO | Query 2 Active Learning Instance Cost: 789634.99
2025-02-10 20:53 | INFO | Query 3 Size of the uncertainty table is = 13956/14385
2025-02-10 20:53 | INFO | Query 3 Size of the filtered table is = 144
2025-02-10 20:53 | INFO | Training Time Active Learning Classifier: 5.87 seconds
2025-02-10 20:53 | INFO | Training Time Active Learning Regressor: 0.76 seconds
2025-02-10 20:54 | INFO | Query 3 Active Learning Runtime on Validation Set: 408462.62
2025-02-10 20:54 | INFO | Query 3 Active Learning Runtime on Test Set: 204969.94
2025-02-10 20:54 | INFO | Query 3 Active Learning Instance Cost: 871924.09
2025-02-10 20:54 | INFO | Timeout limit is increased to 3600
2025-02-10 20:54 | INFO | Query 4 Size of the uncertainty table is = 13757/14385
2025-02-10 20:54 | INFO | Query 4 Size of the filtered table is = 144
2025-02-10 20:54 | INFO | Training Time Active Learning Classifier: 5.81 seconds
2025-02-10 20:54 | INFO | Training Time Active Learning Regressor: 0.78 seconds
2025-02-10 20:54 | INFO | Query 4 Active Learning Runtime on Validation Set: 343147.37
2025-02-10 20:54 | INFO | Query 4 Active Learning Runtime on Test Set: 201168.38
2025-02-10 20:54 | INFO | Query 4 Active Learning Instance Cost: 927660.42
2025-02-10 20:54 | INFO | Query 5 Size of the uncertainty table is = 13580/14385
2025-02-10 20:54 | INFO | Query 5 Size of the filtered table is = 144
2025-02-10 20:54 | INFO | Training Time Active Learning Classifier: 5.84 seconds
2025-02-10 20:54 | INFO | Training Time Active Learning Regressor: 0.8 seconds
2025-02-10 20:55 | INFO | Query 5 Active Learning Runtime on Validation Set: 305562.37
2025-02-10 20:55 | INFO | Query 5 Active Learning Runtime on Test Set: 203253.52000000002
2025-02-10 20:55 | INFO | Query 5 Active Learning Instance Cost: 1018120.58
2025-02-10 20:55 | INFO | Query 6 Size of the uncertainty table is = 13399/14385
2025-02-10 20:55 | INFO | Query 6 Size of the filtered table is = 144
2025-02-10 20:55 | INFO | Training Time Active Learning Classifier: 5.98 seconds
2025-02-10 20:55 | INFO | Training Time Active Learning Regressor: 0.81 seconds
2025-02-10 20:55 | INFO | Query 6 Active Learning Runtime on Validation Set: 372580.45
2025-02-10 20:55 | INFO | Query 6 Active Learning Runtime on Test Set: 235855.77000000002
2025-02-10 20:55 | INFO | Query 6 Active Learning Instance Cost: 1106270.72
2025-02-10 20:55 | INFO | Timeout limit is increased to 3600
2025-02-10 20:55 | INFO | Query 7 Size of the uncertainty table is = 13212/14385
2025-02-10 20:55 | INFO | Query 7 Size of the filtered table is = 144
2025-02-10 20:55 | INFO | Training Time Active Learning Classifier: 5.9 seconds
2025-02-10 20:55 | INFO | Training Time Active Learning Regressor: 0.82 seconds
2025-02-10 20:56 | INFO | Query 7 Active Learning Runtime on Validation Set: 336676.56
2025-02-10 20:56 | INFO | Query 7 Active Learning Runtime on Test Set: 235855.77000000002
2025-02-10 20:56 | INFO | Query 7 Active Learning Instance Cost: 1173664.03
2025-02-10 20:56 | INFO | Query 8 Size of the uncertainty table is = 13011/14385
2025-02-10 20:56 | INFO | Query 8 Size of the filtered table is = 144
2025-02-10 20:56 | INFO | Training Time Active Learning Classifier: 6.05 seconds
2025-02-10 20:56 | INFO | Training Time Active Learning Regressor: 0.83 seconds
2025-02-10 20:56 | INFO | Query 8 Active Learning Runtime on Validation Set: 300138.60000000003
2025-02-10 20:56 | INFO | Query 8 Active Learning Runtime on Test Set: 199837.14
2025-02-10 20:56 | INFO | Query 8 Active Learning Instance Cost: 1253847.67
2025-02-10 20:56 | INFO | Query 9 Size of the uncertainty table is = 12797/14385
2025-02-10 20:56 | INFO | Query 9 Size of the filtered table is = 144
2025-02-10 20:56 | INFO | Training Time Active Learning Classifier: 5.98 seconds
2025-02-10 20:56 | INFO | Training Time Active Learning Regressor: 0.85 seconds
2025-02-10 20:57 | INFO | Query 9 Active Learning Runtime on Validation Set: 337491.73
2025-02-10 20:57 | INFO | Query 9 Active Learning Runtime on Test Set: 200211.04
2025-02-10 20:57 | INFO | Query 9 Active Learning Instance Cost: 1317973.99
2025-02-10 20:57 | INFO | Timeout limit is increased to 3600
2025-02-10 20:57 | INFO | Query 10 Size of the uncertainty table is = 12589/14385
2025-02-10 20:57 | INFO | Query 10 Size of the filtered table is = 144
2025-02-10 20:57 | INFO | Training Time Active Learning Classifier: 6.1 seconds
2025-02-10 20:57 | INFO | Training Time Active Learning Regressor: 0.86 seconds
2025-02-10 20:57 | INFO | Query 10 Active Learning Runtime on Validation Set: 445307.89
2025-02-10 20:57 | INFO | Query 10 Active Learning Runtime on Test Set: 200207.81
2025-02-10 20:57 | INFO | Query 10 Active Learning Instance Cost: 1336353.39
2025-02-10 20:57 | INFO | Timeout limit is increased to 3600
2025-02-10 20:57 | INFO | Query 11 Size of the uncertainty table is = 12375/14385
2025-02-10 20:57 | INFO | Query 11 Size of the filtered table is = 144
2025-02-10 20:57 | INFO | Training Time Active Learning Classifier: 6.15 seconds
2025-02-10 20:57 | INFO | Training Time Active Learning Regressor: 0.87 seconds
2025-02-10 20:58 | INFO | Query 11 Active Learning Runtime on Validation Set: 373210.42
2025-02-10 20:58 | INFO | Query 11 Active Learning Runtime on Test Set: 200207.81
2025-02-10 20:58 | INFO | Query 11 Active Learning Instance Cost: 1348927.35
2025-02-10 20:58 | INFO | Query 12 Size of the uncertainty table is = 12203/14385
2025-02-10 20:58 | INFO | Query 12 Size of the filtered table is = 144
2025-02-10 20:58 | INFO | Training Time Active Learning Classifier: 6.05 seconds
2025-02-10 20:58 | INFO | Training Time Active Learning Regressor: 0.89 seconds
2025-02-10 20:58 | INFO | Query 12 Active Learning Runtime on Validation Set: 337675.86
2025-02-10 20:58 | INFO | Query 12 Active Learning Runtime on Test Set: 164211.04
2025-02-10 20:58 | INFO | Query 12 Active Learning Instance Cost: 1354170.33
2025-02-10 20:58 | INFO | Query 13 Size of the uncertainty table is = 12044/14385
2025-02-10 20:58 | INFO | Query 13 Size of the filtered table is = 144
2025-02-10 20:59 | INFO | Training Time Active Learning Classifier: 6.08 seconds
2025-02-10 20:59 | INFO | Training Time Active Learning Regressor: 0.89 seconds
2025-02-10 20:59 | INFO | Query 13 Active Learning Runtime on Validation Set: 265162.83999999997
2025-02-10 20:59 | INFO | Query 13 Active Learning Runtime on Test Set: 164202.56
2025-02-10 20:59 | INFO | Query 13 Active Learning Instance Cost: 1392668.28
2025-02-10 20:59 | INFO | Query 14 Size of the uncertainty table is = 11869/14385
2025-02-10 20:59 | INFO | Query 14 Size of the filtered table is = 144
2025-02-10 20:59 | INFO | Training Time Active Learning Classifier: 6.23 seconds
2025-02-10 20:59 | INFO | Training Time Active Learning Regressor: 0.91 seconds
2025-02-10 20:59 | INFO | Query 14 Active Learning Runtime on Validation Set: 302705.82
2025-02-10 20:59 | INFO | Query 14 Active Learning Runtime on Test Set: 164419.7
2025-02-10 20:59 | INFO | Query 14 Active Learning Instance Cost: 1476465.83
2025-02-10 20:59 | INFO | Timeout limit is increased to 3600
2025-02-10 20:59 | INFO | Query 15 Size of the uncertainty table is = 11674/14385
2025-02-10 20:59 | INFO | Query 15 Size of the filtered table is = 144
2025-02-10 21:00 | INFO | Training Time Active Learning Classifier: 6.13 seconds
2025-02-10 21:00 | INFO | Training Time Active Learning Regressor: 0.91 seconds
2025-02-10 21:00 | INFO | Query 15 Active Learning Runtime on Validation Set: 302709.66000000003
2025-02-10 21:00 | INFO | Query 15 Active Learning Runtime on Test Set: 164957.02000000002
2025-02-10 21:00 | INFO | Query 15 Active Learning Instance Cost: 1543674.77
2025-02-10 21:00 | INFO | Timeout limit is increased to 3600
2025-02-10 21:00 | INFO | Query 16 Size of the uncertainty table is = 11464/14385
2025-02-10 21:00 | INFO | Query 16 Size of the filtered table is = 144
2025-02-10 21:00 | INFO | Training Time Active Learning Classifier: 6.22 seconds
2025-02-10 21:00 | INFO | Training Time Active Learning Regressor: 0.93 seconds
2025-02-10 21:00 | INFO | Query 16 Active Learning Runtime on Validation Set: 339789.27
2025-02-10 21:00 | INFO | Query 16 Active Learning Runtime on Test Set: 164419.7
2025-02-10 21:00 | INFO | Query 16 Active Learning Instance Cost: 1588003.34
2025-02-10 21:00 | INFO | Timeout limit is increased to 3600
2025-02-10 21:01 | INFO | Query 17 Size of the uncertainty table is = 11273/14385
2025-02-10 21:01 | INFO | Query 17 Size of the filtered table is = 144
2025-02-10 21:01 | INFO | Training Time Active Learning Classifier: 6.3 seconds
2025-02-10 21:01 | INFO | Training Time Active Learning Regressor: 0.93 seconds
2025-02-10 21:01 | INFO | Query 17 Active Learning Runtime on Validation Set: 266950.36
2025-02-10 21:01 | INFO | Query 17 Active Learning Runtime on Test Set: 165270.39
2025-02-10 21:01 | INFO | Query 17 Active Learning Instance Cost: 1650748.9
2025-02-10 21:01 | INFO | Query 18 Size of the uncertainty table is = 11053/14385
2025-02-10 21:01 | INFO | Query 18 Size of the filtered table is = 144
2025-02-10 21:01 | INFO | Training Time Active Learning Classifier: 6.22 seconds
2025-02-10 21:01 | INFO | Training Time Active Learning Regressor: 0.94 seconds
2025-02-10 21:02 | INFO | Query 18 Active Learning Runtime on Validation Set: 408586.68
2025-02-10 21:02 | INFO | Query 18 Active Learning Runtime on Test Set: 199666.68
2025-02-10 21:02 | INFO | Query 18 Active Learning Instance Cost: 1708248.28
2025-02-10 21:02 | INFO | Timeout limit is increased to 3600
2025-02-10 21:02 | INFO | Query 19 Size of the uncertainty table is = 10837/14385
2025-02-10 21:02 | INFO | Query 19 Size of the filtered table is = 144
2025-02-10 21:02 | INFO | Training Time Active Learning Classifier: 6.4 seconds
2025-02-10 21:02 | INFO | Training Time Active Learning Regressor: 0.95 seconds
2025-02-10 21:02 | INFO | Query 19 Active Learning Runtime on Validation Set: 342717.35000000003
2025-02-10 21:02 | INFO | Query 19 Active Learning Runtime on Test Set: 128414.95000000001
2025-02-10 21:02 | INFO | Query 19 Active Learning Instance Cost: 1779198.2
2025-02-10 21:02 | INFO | Query 20 Size of the uncertainty table is = 10576/14385
2025-02-10 21:02 | INFO | Query 20 Size of the filtered table is = 144
2025-02-10 21:02 | INFO | Training Time Active Learning Classifier: 6.32 seconds
2025-02-10 21:02 | INFO | Training Time Active Learning Regressor: 0.96 seconds
2025-02-10 21:03 | INFO | Query 20 Active Learning Runtime on Validation Set: 336752.89
2025-02-10 21:03 | INFO | Query 20 Active Learning Runtime on Test Set: 128415.09
2025-02-10 21:03 | INFO | Query 20 Active Learning Instance Cost: 1787566.97
2025-02-10 21:03 | INFO | Query 21 Size of the uncertainty table is = 10362/14385
2025-02-10 21:03 | INFO | Query 21 Size of the filtered table is = 144
2025-02-10 21:03 | INFO | Training Time Active Learning Classifier: 6.36 seconds
2025-02-10 21:03 | INFO | Training Time Active Learning Regressor: 0.98 seconds
2025-02-10 21:03 | INFO | Query 21 Active Learning Runtime on Validation Set: 409679.27
2025-02-10 21:03 | INFO | Query 21 Active Learning Runtime on Test Set: 162697.98
2025-02-10 21:03 | INFO | Query 21 Active Learning Instance Cost: 1811727.23
2025-02-10 21:03 | INFO | Timeout limit is increased to 3600
2025-02-10 21:03 | INFO | Query 22 Size of the uncertainty table is = 10175/14385
2025-02-10 21:03 | INFO | Query 22 Size of the filtered table is = 144
2025-02-10 21:03 | INFO | Training Time Active Learning Classifier: 6.5 seconds
2025-02-10 21:03 | INFO | Training Time Active Learning Regressor: 0.98 seconds
2025-02-10 21:04 | INFO | Query 22 Active Learning Runtime on Validation Set: 372552.79
2025-02-10 21:04 | INFO | Query 22 Active Learning Runtime on Test Set: 162697.58000000002
2025-02-10 21:04 | INFO | Query 22 Active Learning Instance Cost: 1861628.84
2025-02-10 21:04 | INFO | Query 23 Size of the uncertainty table is = 9960/14385
2025-02-10 21:04 | INFO | Query 23 Size of the filtered table is = 144
2025-02-10 21:04 | INFO | Training Time Active Learning Classifier: 6.44 seconds
2025-02-10 21:04 | INFO | Training Time Active Learning Regressor: 1.0 seconds
2025-02-10 21:04 | INFO | Query 23 Active Learning Runtime on Validation Set: 409741.73
2025-02-10 21:04 | INFO | Query 23 Active Learning Runtime on Test Set: 162697.58000000002
2025-02-10 21:04 | INFO | Query 23 Active Learning Instance Cost: 1902657.29
2025-02-10 21:04 | INFO | Timeout limit is increased to 3600
2025-02-10 21:04 | INFO | Query 24 Size of the uncertainty table is = 9780/14385
2025-02-10 21:04 | INFO | Query 24 Size of the filtered table is = 144
2025-02-10 21:04 | INFO | Training Time Active Learning Classifier: 6.61 seconds
2025-02-10 21:05 | INFO | Training Time Active Learning Regressor: 1.0 seconds
2025-02-10 21:05 | INFO | Query 24 Active Learning Runtime on Validation Set: 515588.59
2025-02-10 21:05 | INFO | Query 24 Active Learning Runtime on Test Set: 197951.78
2025-02-10 21:05 | INFO | Query 24 Active Learning Instance Cost: 1961005.46
2025-02-10 21:05 | INFO | Timeout limit is increased to 3600
2025-02-10 21:05 | INFO | Query 25 Size of the uncertainty table is = 9546/14385
2025-02-10 21:05 | INFO | Query 25 Size of the filtered table is = 144
2025-02-10 21:05 | INFO | Training Time Active Learning Classifier: 6.53 seconds
2025-02-10 21:05 | INFO | Training Time Active Learning Regressor: 1.01 seconds
2025-02-10 21:05 | INFO | Query 25 Active Learning Runtime on Validation Set: 444216.13
2025-02-10 21:05 | INFO | Query 25 Active Learning Runtime on Test Set: 197949.71000000002
2025-02-10 21:05 | INFO | Query 25 Active Learning Instance Cost: 2049781.46
2025-02-10 21:05 | INFO | Query 26 Size of the uncertainty table is = 9308/14385
2025-02-10 21:05 | INFO | Query 26 Size of the filtered table is = 144
2025-02-10 21:06 | INFO | Training Time Active Learning Classifier: 6.68 seconds
2025-02-10 21:06 | INFO | Training Time Active Learning Regressor: 1.02 seconds
2025-02-10 21:06 | INFO | Query 26 Active Learning Runtime on Validation Set: 409679.27
2025-02-10 21:06 | INFO | Query 26 Active Learning Runtime on Test Set: 162697.98
2025-02-10 21:06 | INFO | Query 26 Active Learning Instance Cost: 2116707.89
2025-02-10 21:06 | INFO | Query 27 Size of the uncertainty table is = 9082/14385
2025-02-10 21:06 | INFO | Query 27 Size of the filtered table is = 144
2025-02-10 21:06 | INFO | Training Time Active Learning Classifier: 6.58 seconds
2025-02-10 21:06 | INFO | Training Time Active Learning Regressor: 1.02 seconds
2025-02-10 21:06 | INFO | Query 27 Active Learning Runtime on Validation Set: 372256.97000000003
2025-02-10 21:06 | INFO | Query 27 Active Learning Runtime on Test Set: 162778.54
2025-02-10 21:06 | INFO | Query 27 Active Learning Instance Cost: 2144248.39
2025-02-10 21:07 | INFO | Query 28 Size of the uncertainty table is = 8897/14385
2025-02-10 21:07 | INFO | Query 28 Size of the filtered table is = 144
2025-02-10 21:07 | INFO | Training Time Active Learning Classifier: 6.62 seconds
2025-02-10 21:07 | INFO | Training Time Active Learning Regressor: 1.03 seconds
2025-02-10 21:07 | INFO | Query 28 Active Learning Runtime on Validation Set: 337681.52
2025-02-10 21:07 | INFO | Query 28 Active Learning Runtime on Test Set: 163666.21000000002
2025-02-10 21:07 | INFO | Query 28 Active Learning Instance Cost: 2194654.85
2025-02-10 21:07 | INFO | Query 29 Size of the uncertainty table is = 8662/14385
2025-02-10 21:07 | INFO | Query 29 Size of the filtered table is = 144
2025-02-10 21:07 | INFO | Training Time Active Learning Classifier: 6.67 seconds
2025-02-10 21:07 | INFO | Training Time Active Learning Regressor: 1.03 seconds
2025-02-10 21:08 | INFO | Query 29 Active Learning Runtime on Validation Set: 337681.52
2025-02-10 21:08 | INFO | Query 29 Active Learning Runtime on Test Set: 162697.51
2025-02-10 21:08 | INFO | Query 29 Active Learning Instance Cost: 2246670.13
2025-02-10 21:08 | INFO | Timeout limit is increased to 3600
2025-02-10 21:08 | INFO | Query 30 Size of the uncertainty table is = 8409/14385
2025-02-10 21:08 | INFO | Query 30 Size of the filtered table is = 144
2025-02-10 21:08 | INFO | Training Time Active Learning Classifier: 6.69 seconds
2025-02-10 21:08 | INFO | Training Time Active Learning Regressor: 1.04 seconds
2025-02-10 21:08 | INFO | Query 30 Active Learning Runtime on Validation Set: 337681.52
2025-02-10 21:08 | INFO | Query 30 Active Learning Runtime on Test Set: 162697.51
2025-02-10 21:08 | INFO | Query 30 Active Learning Instance Cost: 2294357.39
2025-02-10 21:08 | INFO | Timeout limit is increased to 3600
2025-02-10 21:08 | INFO | Query 31 Size of the uncertainty table is = 8207/14385
2025-02-10 21:08 | INFO | Query 31 Size of the filtered table is = 144
2025-02-10 21:08 | INFO | Training Time Active Learning Classifier: 6.74 seconds
2025-02-10 21:08 | INFO | Training Time Active Learning Regressor: 1.05 seconds
2025-02-10 21:09 | INFO | Query 31 Active Learning Runtime on Validation Set: 337886.18
2025-02-10 21:09 | INFO | Query 31 Active Learning Runtime on Test Set: 162697.51
2025-02-10 21:09 | INFO | Query 31 Active Learning Instance Cost: 2387728.32
2025-02-10 21:09 | INFO | Timeout limit is increased to 3600
2025-02-10 21:09 | INFO | Query 32 Size of the uncertainty table is = 7978/14385
2025-02-10 21:09 | INFO | Query 32 Size of the filtered table is = 144
2025-02-10 21:09 | INFO | Training Time Active Learning Classifier: 6.76 seconds
2025-02-10 21:09 | INFO | Training Time Active Learning Regressor: 1.05 seconds
2025-02-10 21:09 | INFO | Query 32 Active Learning Runtime on Validation Set: 374326.34
2025-02-10 21:09 | INFO | Query 32 Active Learning Runtime on Test Set: 162697.51
2025-02-10 21:09 | INFO | Query 32 Active Learning Instance Cost: 2462877.41
2025-02-10 21:09 | INFO | Timeout limit is increased to 3600
2025-02-10 21:09 | INFO | Query 33 Size of the uncertainty table is = 7775/14385
2025-02-10 21:09 | INFO | Query 33 Size of the filtered table is = 144
2025-02-10 21:09 | INFO | Training Time Active Learning Classifier: 6.9 seconds
2025-02-10 21:09 | INFO | Training Time Active Learning Regressor: 1.06 seconds
2025-02-10 21:10 | INFO | Query 33 Active Learning Runtime on Validation Set: 374126.07
2025-02-10 21:10 | INFO | Query 33 Active Learning Runtime on Test Set: 127031.01999999999
2025-02-10 21:10 | INFO | Query 33 Active Learning Instance Cost: 2613144.99
2025-02-10 21:10 | INFO | Query 34 Size of the uncertainty table is = 7444/14385
2025-02-10 21:10 | INFO | Query 34 Size of the filtered table is = 144
2025-02-10 21:10 | INFO | Training Time Active Learning Classifier: 6.99 seconds
2025-02-10 21:10 | INFO | Training Time Active Learning Regressor: 1.08 seconds
2025-02-10 21:10 | INFO | Query 34 Active Learning Runtime on Validation Set: 479760.58
2025-02-10 21:10 | INFO | Query 34 Active Learning Runtime on Test Set: 162282.75
2025-02-10 21:10 | INFO | Query 34 Active Learning Instance Cost: 2783025.22
2025-02-10 21:10 | INFO | Timeout limit is increased to 3600
2025-02-10 21:10 | INFO | Query 35 Size of the uncertainty table is = 7004/14385
2025-02-10 21:10 | INFO | Query 35 Size of the filtered table is = 144
2025-02-10 21:10 | INFO | Training Time Active Learning Classifier: 6.9 seconds
2025-02-10 21:10 | INFO | Training Time Active Learning Regressor: 1.08 seconds
2025-02-10 21:11 | INFO | Query 35 Active Learning Runtime on Validation Set: 480361.39
2025-02-10 21:11 | INFO | Query 35 Active Learning Runtime on Test Set: 162290.6
2025-02-10 21:11 | INFO | Query 35 Active Learning Instance Cost: 2862687.67
2025-02-10 21:11 | INFO | Timeout limit is increased to 3600
2025-02-10 21:11 | INFO | Query 36 Size of the uncertainty table is = 6726/14385
2025-02-10 21:11 | INFO | Query 36 Size of the filtered table is = 144
2025-02-10 21:11 | INFO | Training Time Active Learning Classifier: 6.96 seconds
2025-02-10 21:11 | INFO | Training Time Active Learning Regressor: 1.21 seconds
2025-02-10 21:11 | INFO | Query 36 Active Learning Runtime on Validation Set: 408429.48
2025-02-10 21:11 | INFO | Query 36 Active Learning Runtime on Test Set: 127038.4
2025-02-10 21:11 | INFO | Query 36 Active Learning Instance Cost: 2970350.71
2025-02-10 21:11 | INFO | Query 37 Size of the uncertainty table is = 6405/14385
2025-02-10 21:11 | INFO | Query 37 Size of the filtered table is = 144
2025-02-10 21:12 | INFO | Training Time Active Learning Classifier: 7.11 seconds
2025-02-10 21:12 | INFO | Training Time Active Learning Regressor: 1.1 seconds
2025-02-10 21:12 | INFO | Query 37 Active Learning Runtime on Validation Set: 444185.67
2025-02-10 21:12 | INFO | Query 37 Active Learning Runtime on Test Set: 162282.75
2025-02-10 21:12 | INFO | Query 37 Active Learning Instance Cost: 3084458.12
2025-02-10 21:12 | INFO | Timeout limit is increased to 3600
2025-02-10 21:12 | INFO | Query 38 Size of the uncertainty table is = 6116/14385
2025-02-10 21:12 | INFO | Query 38 Size of the filtered table is = 144
2025-02-10 21:12 | INFO | Training Time Active Learning Classifier: 7.06 seconds
2025-02-10 21:12 | INFO | Training Time Active Learning Regressor: 1.11 seconds
2025-02-10 21:12 | INFO | Query 38 Active Learning Runtime on Validation Set: 443265.21
2025-02-10 21:12 | INFO | Query 38 Active Learning Runtime on Test Set: 162288.49000000002
2025-02-10 21:12 | INFO | Query 38 Active Learning Instance Cost: 3155541.79
2025-02-10 21:12 | INFO | Query 39 Size of the uncertainty table is = 5879/14385
2025-02-10 21:12 | INFO | Query 39 Size of the filtered table is = 144
2025-02-10 21:13 | INFO | Training Time Active Learning Classifier: 7.1 seconds
2025-02-10 21:13 | INFO | Training Time Active Learning Regressor: 1.11 seconds
2025-02-10 21:13 | INFO | Query 39 Active Learning Runtime on Validation Set: 444533.10000000003
2025-02-10 21:13 | INFO | Query 39 Active Learning Runtime on Test Set: 127044.60999999999
2025-02-10 21:13 | INFO | Query 39 Active Learning Instance Cost: 3263561.57
2025-02-10 21:13 | INFO | Timeout limit is increased to 3600
2025-02-10 21:13 | INFO | Query 40 Size of the uncertainty table is = 5510/14385
2025-02-10 21:13 | INFO | Query 40 Size of the filtered table is = 144
2025-02-10 21:13 | INFO | Training Time Active Learning Classifier: 7.15 seconds
2025-02-10 21:13 | INFO | Training Time Active Learning Regressor: 1.13 seconds
2025-02-10 21:13 | INFO | Query 40 Active Learning Runtime on Validation Set: 339853.91000000003
2025-02-10 21:13 | INFO | Query 40 Active Learning Runtime on Test Set: 92005.48999999999
2025-02-10 21:13 | INFO | Query 40 Active Learning Instance Cost: 3389081.41
2025-02-10 21:14 | INFO | Query 41 Size of the uncertainty table is = 5157/14385
2025-02-10 21:14 | INFO | Query 41 Size of the filtered table is = 144
2025-02-10 21:14 | INFO | Training Time Active Learning Classifier: 7.28 seconds
2025-02-10 21:14 | INFO | Training Time Active Learning Regressor: 1.13 seconds
2025-02-10 21:14 | INFO | Query 41 Active Learning Runtime on Validation Set: 300811.34
2025-02-10 21:14 | INFO | Query 41 Active Learning Runtime on Test Set: 92005.03
2025-02-10 21:14 | INFO | Query 41 Active Learning Instance Cost: 3513565.32
2025-02-10 21:14 | INFO | Query 42 Size of the uncertainty table is = 4824/14385
2025-02-10 21:14 | INFO | Query 42 Size of the filtered table is = 144
2025-02-10 21:14 | INFO | Training Time Active Learning Classifier: 7.35 seconds
2025-02-10 21:14 | INFO | Training Time Active Learning Regressor: 1.14 seconds
2025-02-10 21:15 | INFO | Query 42 Active Learning Runtime on Validation Set: 480085.58
2025-02-10 21:15 | INFO | Query 42 Active Learning Runtime on Test Set: 162369.52000000002
2025-02-10 21:15 | INFO | Query 42 Active Learning Instance Cost: 3659941.68
2025-02-10 21:15 | INFO | Timeout limit is increased to 3600
2025-02-10 21:15 | INFO | Query 43 Size of the uncertainty table is = 4436/14385
2025-02-10 21:15 | INFO | Query 43 Size of the filtered table is = 144
2025-02-10 21:15 | INFO | Training Time Active Learning Classifier: 7.28 seconds
2025-02-10 21:15 | INFO | Training Time Active Learning Regressor: 1.16 seconds
2025-02-10 21:15 | INFO | Query 43 Active Learning Runtime on Validation Set: 444329.4
2025-02-10 21:15 | INFO | Query 43 Active Learning Runtime on Test Set: 125527.44
2025-02-10 21:15 | INFO | Query 43 Active Learning Instance Cost: 3765292.28
2025-02-10 21:15 | INFO | Query 44 Size of the uncertainty table is = 4107/14385
2025-02-10 21:15 | INFO | Query 44 Size of the filtered table is = 144
2025-02-10 21:15 | INFO | Training Time Active Learning Classifier: 7.33 seconds
2025-02-10 21:15 | INFO | Training Time Active Learning Regressor: 1.28 seconds
2025-02-10 21:16 | INFO | Query 44 Active Learning Runtime on Validation Set: 372905.81
2025-02-10 21:16 | INFO | Query 44 Active Learning Runtime on Test Set: 89527.47
2025-02-10 21:16 | INFO | Query 44 Active Learning Instance Cost: 3878420.22
2025-02-10 21:16 | INFO | Query 45 Size of the uncertainty table is = 3744/14385
2025-02-10 21:16 | INFO | Query 45 Size of the filtered table is = 144
2025-02-10 21:16 | INFO | Training Time Active Learning Classifier: 7.36 seconds
2025-02-10 21:16 | INFO | Training Time Active Learning Regressor: 1.17 seconds
2025-02-10 21:16 | INFO | Query 45 Active Learning Runtime on Validation Set: 336791.54
2025-02-10 21:16 | INFO | Query 45 Active Learning Runtime on Test Set: 89454.69
2025-02-10 21:16 | INFO | Query 45 Active Learning Instance Cost: 4004271.27
2025-02-10 21:16 | INFO | Query 46 Size of the uncertainty table is = 3330/14385
2025-02-10 21:16 | INFO | Query 46 Size of the filtered table is = 144
2025-02-10 21:16 | INFO | Training Time Active Learning Classifier: 7.39 seconds
2025-02-10 21:16 | INFO | Training Time Active Learning Regressor: 1.18 seconds
2025-02-10 21:17 | INFO | Query 46 Active Learning Runtime on Validation Set: 336791.26
2025-02-10 21:17 | INFO | Query 46 Active Learning Runtime on Test Set: 123737.72
2025-02-10 21:17 | INFO | Query 46 Active Learning Instance Cost: 4084617.98
2025-02-10 21:17 | INFO | Query 47 Size of the uncertainty table is = 3025/14385
2025-02-10 21:17 | INFO | Query 47 Size of the filtered table is = 144
2025-02-10 21:17 | INFO | Training Time Active Learning Classifier: 7.58 seconds
2025-02-10 21:17 | INFO | Training Time Active Learning Regressor: 1.18 seconds
2025-02-10 21:17 | INFO | Query 47 Active Learning Runtime on Validation Set: 337232.41000000003
2025-02-10 21:17 | INFO | Query 47 Active Learning Runtime on Test Set: 123737.72
2025-02-10 21:17 | INFO | Query 47 Active Learning Instance Cost: 4184958.32
2025-02-10 21:17 | INFO | Timeout limit is increased to 3600
2025-02-10 21:17 | INFO | Query 48 Size of the uncertainty table is = 2644/14385
2025-02-10 21:17 | INFO | Query 48 Size of the filtered table is = 144
2025-02-10 21:17 | INFO | Training Time Active Learning Classifier: 7.49 seconds
2025-02-10 21:17 | INFO | Training Time Active Learning Regressor: 1.2 seconds
2025-02-10 21:18 | INFO | Query 48 Active Learning Runtime on Validation Set: 372866.07
2025-02-10 21:18 | INFO | Query 48 Active Learning Runtime on Test Set: 159729.84
2025-02-10 21:18 | INFO | Query 48 Active Learning Instance Cost: 4340638.55
2025-02-10 21:18 | INFO | Timeout limit is increased to 3600
2025-02-10 21:18 | INFO | Query 49 Size of the uncertainty table is = 2169/14385
2025-02-10 21:18 | INFO | Query 49 Size of the filtered table is = 144
2025-02-10 21:18 | INFO | Training Time Active Learning Classifier: 7.49 seconds
2025-02-10 21:18 | INFO | Training Time Active Learning Regressor: 1.2 seconds
2025-02-10 21:18 | INFO | Query 49 Active Learning Runtime on Validation Set: 372926.62
2025-02-10 21:18 | INFO | Query 49 Active Learning Runtime on Test Set: 159730.30000000002
2025-02-10 21:18 | INFO | Query 49 Active Learning Instance Cost: 4608367.98
2025-02-10 21:18 | INFO | Timeout limit is increased to 3600
2025-02-10 21:18 | INFO | Query 50 Size of the uncertainty table is = 1381/14385
2025-02-10 21:18 | INFO | Query 50 Size of the filtered table is = 144
2025-02-10 21:18 | INFO | Training Time Active Learning Classifier: 7.55 seconds
2025-02-10 21:18 | INFO | Training Time Active Learning Regressor: 1.22 seconds
2025-02-10 21:19 | INFO | Query 50 Active Learning Runtime on Validation Set: 408830.17
2025-02-10 21:19 | INFO | Query 50 Active Learning Runtime on Test Set: 159730.30000000002
2025-02-10 21:19 | INFO | Query 50 Active Learning Instance Cost: 4878269.51
2025-02-10 21:19 | INFO | Timeout limit is increased to 3600
2025-02-10 21:19 | INFO | Query 51 Size of the uncertainty table is = 824/14385
2025-02-10 21:19 | INFO | Query 51 Size of the filtered table is = 144
2025-02-10 21:19 | INFO | Training Time Active Learning Classifier: 7.55 seconds
2025-02-10 21:19 | INFO | Training Time Active Learning Regressor: 1.24 seconds
2025-02-10 21:19 | INFO | Query 51 Active Learning Runtime on Validation Set: 408819.67
2025-02-10 21:19 | INFO | Query 51 Active Learning Runtime on Test Set: 159729.44
2025-02-10 21:19 | INFO | Query 51 Active Learning Instance Cost: 5117034.57
2025-02-10 21:19 | INFO | Query 52 Size of the uncertainty table is = 263/14385
2025-02-10 21:19 | INFO | Query 52 Size of the filtered table is = 144
2025-02-10 21:19 | INFO | Training Time Active Learning Classifier: 7.56 seconds
2025-02-10 21:19 | INFO | Training Time Active Learning Regressor: 1.24 seconds
2025-02-10 21:20 | INFO | Query 52 Active Learning Runtime on Validation Set: 408819.67
2025-02-10 21:20 | INFO | Query 52 Active Learning Runtime on Test Set: 159729.44
2025-02-10 21:20 | INFO | Query 52 Active Learning Instance Cost: 5203434.57
2025-02-10 21:20 | INFO | Timeout limit is increased to 3600
2025-02-10 21:20 | INFO | Active Learning Emissions: 0.01983890346344958
2025-02-10 21:20 | INFO | Active Learning Energy Consumption: 0.021585233567358073 kWh
2025-02-10 21:20 | INFO | runtime_test_score is written as json file
2025-02-10 21:20 | INFO | runtime_validation_score is written as json file
2025-02-10 21:20 | INFO | instance_cost is written as json file
2025-02-10 21:20 | INFO | Experiment is finished
