2025-02-10 21:26 | INFO | Paramaters are: {'dataset': 'SAT11-RAND', 'penalty': 10, 'weight': 'No_Weight', 'voting': 'Hard', 'pre_selection_size': 64, 'pre_selection_technique': 'No_pre_selection', 'feature_elimination_threshold': 20, 'imputer_strategy': 'median', 'feature_selection_technique': 'No_feature_selection', 'feature_scaling_technique': 'StandardScaler', 'priority': {'PredCost': 'min', 'PredDiff': 'max', 'Uncertainty': 'max'}, 'initial_train_size': 20, 'query_size': 1, 'timeout_predictor_usage': 'No', 'timeout_limit': 100, 'timeout_increase_rate': 100, 'penalty_type': 'Only-timeout-penalty', 'RANDOM_STATE_SEED': 7, 'n_splits': 10, 'split_number': 7, 'max_timeout': 3600, 'param_grid': {'n_estimators': 100, 'max_features': 'sqrt', 'max_depth': 2147483648, 'min_samples_split': 2, 'bootstrap': True}}
2025-02-10 21:26 | INFO | SAT11-RAND is current dataset
2025-02-10 21:26 | INFO | DATASETS/SAT11-RAND/algorithm_runs.arff is found
2025-02-10 21:26 | INFO | DATASETS/SAT11-RAND/algorithm_runs.arff is finished
2025-02-10 21:26 | INFO | DATASETS/SAT11-RAND/feature_values.arff is found
2025-02-10 21:26 | INFO | DATASETS/SAT11-RAND/feature_values.arff is finished
2025-02-10 21:26 | INFO | DATASETS/SAT11-RAND/feature_costs.arff is found
2025-02-10 21:26 | INFO | DATASETS/SAT11-RAND/feature_costs.arff is finished
2025-02-10 21:26 | INFO | Virtual best solver time in train = 85801.63
2025-02-10 21:26 | INFO | Single best solver list train = {'EagleUP_1.565.350': 4112601.95, 'MPhaseSAT_M_2011-02-16': 4346664.58, 'SAT09referencesolverTNM_2009-03-22': 4250993.05, 'SAT09referencesolvergnovelty+2_2009-03-22': 5183640.88, 'SAT09referencesolvermarch_hi_hi': 7458564.73, 'adaptg2wsat2011_2011-03-02': 4046408.84, 'march_rw_2011-03-02': 7452539.5, 'sattime2011_2011-03-02': 3930918.01, 'sparrow2011_sparrow2011_ubcsat1.2_2011-03-02': 2927359.78}
2025-02-10 21:26 | INFO | Single best solver time train = sparrow2011_sparrow2011_ubcsat1.2_2011-03-02 (2927359.78)
2025-02-10 21:26 | INFO | Virtual best solver time in validation = 30659.43
2025-02-10 21:26 | INFO | Single best solver list validation = {'EagleUP_1.565.350': 1296378.57, 'MPhaseSAT_M_2011-02-16': 186492.66, 'SAT09referencesolverTNM_2009-03-22': 1296370.7, 'SAT09referencesolvergnovelty+2_2009-03-22': 1296403.66, 'SAT09referencesolvermarch_hi_hi': 658135.94, 'adaptg2wsat2011_2011-03-02': 1296409.01, 'march_rw_2011-03-02': 659371.03, 'sattime2011_2011-03-02': 1296652.6, 'sparrow2011_sparrow2011_ubcsat1.2_2011-03-02': 1296447.44}
2025-02-10 21:26 | INFO | Single best solver time validation = MPhaseSAT_M_2011-02-16 (186492.66)
2025-02-10 21:26 | INFO | Virtual best solver time in test = 9738.19
2025-02-10 21:26 | INFO | Single best solver list test = {'EagleUP_1.565.350': 541557.04, 'MPhaseSAT_M_2011-02-16': 332829.31, 'SAT09referencesolverTNM_2009-03-22': 614057.71, 'SAT09referencesolvergnovelty+2_2009-03-22': 589973.02, 'SAT09referencesolvermarch_hi_hi': 694931.78, 'adaptg2wsat2011_2011-03-02': 649919.8, 'march_rw_2011-03-02': 694290.01, 'sattime2011_2011-03-02': 580404.93, 'sparrow2011_sparrow2011_ubcsat1.2_2011-03-02': 506006.34}
2025-02-10 21:26 | INFO | Single best solver time test = MPhaseSAT_M_2011-02-16 (332829.31)
2025-02-10 21:26 | INFO | Training Time Passive Learning Classifier: 4.21 seconds
2025-02-10 21:26 | INFO | Training Time Passive Learning Regressor: 1.41 seconds
2025-02-10 21:26 | INFO | Passive Learning Classifier Runtime on Validation Set: 194358.41
2025-02-10 21:26 | INFO | Passive Learning Classifier Runtime on Test Set: 49165.45
2025-02-10 21:26 | INFO | Passive Learning Instance Cost: 4991691.32
2025-02-10 21:26 | INFO | Passive Learning Emissions: 0.0002275781546316898
2025-02-10 21:26 | INFO | Passive Learning Energy Consumption: 0.0002476108435934293 kWh
2025-02-10 21:27 | INFO | Training Time Active Learning Classifier: 2.15 seconds
2025-02-10 21:27 | INFO | Training Time Active Learning Regressor: 0.5 seconds
2025-02-10 21:27 | INFO | Initial Active Learning Runtime on Validation Set: 179673.98
2025-02-10 21:27 | INFO | Initial Active Learning Runtime on Test Set: 124824.01
2025-02-10 21:27 | INFO | Initial Active Learning Instance Cost: 12006.83
2025-02-10 21:27 | INFO | Bin size = 121
2025-02-10 21:27 | INFO | Query 1 Size of the uncertainty table is = 12330/12024
2025-02-10 21:27 | INFO | Query 1 Size of the filtered table is = 121
2025-02-10 21:27 | INFO | Training Time Active Learning Classifier: 2.07 seconds
2025-02-10 21:27 | INFO | Training Time Active Learning Regressor: 0.48 seconds
2025-02-10 21:27 | INFO | Query 1 Active Learning Runtime on Validation Set: 53567.49999999999
2025-02-10 21:27 | INFO | Query 1 Active Learning Runtime on Test Set: 124973.01
2025-02-10 21:27 | INFO | Query 1 Active Learning Instance Cost: 14434.67
2025-02-10 21:27 | INFO | Query 2 Size of the uncertainty table is = 12203/12024
2025-02-10 21:27 | INFO | Query 2 Size of the filtered table is = 121
2025-02-10 21:27 | INFO | Training Time Active Learning Classifier: 2.01 seconds
2025-02-10 21:27 | INFO | Training Time Active Learning Regressor: 0.53 seconds
2025-02-10 21:27 | INFO | Query 2 Active Learning Runtime on Validation Set: 53567.49999999999
2025-02-10 21:27 | INFO | Query 2 Active Learning Runtime on Test Set: 124668.37999999999
2025-02-10 21:27 | INFO | Query 2 Active Learning Instance Cost: 14836.95
2025-02-10 21:27 | INFO | Timeout limit is increased to 200
2025-02-10 21:28 | INFO | Query 3 Size of the uncertainty table is = 12074/12024
2025-02-10 21:28 | INFO | Query 3 Size of the filtered table is = 121
2025-02-10 21:28 | INFO | Training Time Active Learning Classifier: 2.05 seconds
2025-02-10 21:28 | INFO | Training Time Active Learning Regressor: 0.55 seconds
2025-02-10 21:28 | INFO | Query 3 Active Learning Runtime on Validation Set: 53567.49999999999
2025-02-10 21:28 | INFO | Query 3 Active Learning Runtime on Test Set: 124408.75
2025-02-10 21:28 | INFO | Query 3 Active Learning Instance Cost: 14909.46
2025-02-10 21:28 | INFO | Timeout limit is increased to 300
2025-02-10 21:28 | INFO | Query 4 Size of the uncertainty table is = 11948/12024
2025-02-10 21:28 | INFO | Query 4 Size of the filtered table is = 121
2025-02-10 21:28 | INFO | Training Time Active Learning Classifier: 2.07 seconds
2025-02-10 21:28 | INFO | Training Time Active Learning Regressor: 0.58 seconds
2025-02-10 21:28 | INFO | Query 4 Active Learning Runtime on Validation Set: 53593.74
2025-02-10 21:28 | INFO | Query 4 Active Learning Runtime on Test Set: 124385.86
2025-02-10 21:28 | INFO | Query 4 Active Learning Instance Cost: 17068.49
2025-02-10 21:28 | INFO | Timeout limit is increased to 400
2025-02-10 21:28 | INFO | Query 5 Size of the uncertainty table is = 11827/12024
2025-02-10 21:28 | INFO | Query 5 Size of the filtered table is = 121
2025-02-10 21:28 | INFO | Training Time Active Learning Classifier: 2.1 seconds
2025-02-10 21:28 | INFO | Training Time Active Learning Regressor: 0.6 seconds
2025-02-10 21:29 | INFO | Query 5 Active Learning Runtime on Validation Set: 53593.10999999999
2025-02-10 21:29 | INFO | Query 5 Active Learning Runtime on Test Set: 128319.65
2025-02-10 21:29 | INFO | Query 5 Active Learning Instance Cost: 17658.52
2025-02-10 21:29 | INFO | Query 6 Size of the uncertainty table is = 11698/12024
2025-02-10 21:29 | INFO | Query 6 Size of the filtered table is = 121
2025-02-10 21:29 | INFO | Training Time Active Learning Classifier: 2.13 seconds
2025-02-10 21:29 | INFO | Training Time Active Learning Regressor: 0.64 seconds
2025-02-10 21:29 | INFO | Query 6 Active Learning Runtime on Validation Set: 174794.91
2025-02-10 21:29 | INFO | Query 6 Active Learning Runtime on Test Set: 127591.75
2025-02-10 21:29 | INFO | Query 6 Active Learning Instance Cost: 24217.41
2025-02-10 21:29 | INFO | Timeout limit is increased to 500
2025-02-10 21:29 | INFO | Query 7 Size of the uncertainty table is = 11562/12024
2025-02-10 21:29 | INFO | Query 7 Size of the filtered table is = 121
2025-02-10 21:29 | INFO | Training Time Active Learning Classifier: 2.16 seconds
2025-02-10 21:29 | INFO | Training Time Active Learning Regressor: 0.66 seconds
2025-02-10 21:29 | INFO | Query 7 Active Learning Runtime on Validation Set: 174794.91
2025-02-10 21:29 | INFO | Query 7 Active Learning Runtime on Test Set: 163371.09
2025-02-10 21:29 | INFO | Query 7 Active Learning Instance Cost: 31526.53
2025-02-10 21:29 | INFO | Timeout limit is increased to 600
2025-02-10 21:29 | INFO | Query 8 Size of the uncertainty table is = 11440/12024
2025-02-10 21:29 | INFO | Query 8 Size of the filtered table is = 121
2025-02-10 21:29 | INFO | Training Time Active Learning Classifier: 2.25 seconds
2025-02-10 21:29 | INFO | Training Time Active Learning Regressor: 0.68 seconds
2025-02-10 21:30 | INFO | Query 8 Active Learning Runtime on Validation Set: 174794.91
2025-02-10 21:30 | INFO | Query 8 Active Learning Runtime on Test Set: 127648.03
2025-02-10 21:30 | INFO | Query 8 Active Learning Instance Cost: 31870.14
2025-02-10 21:30 | INFO | Timeout limit is increased to 700
2025-02-10 21:30 | INFO | Query 9 Size of the uncertainty table is = 11315/12024
2025-02-10 21:30 | INFO | Query 9 Size of the filtered table is = 121
2025-02-10 21:30 | INFO | Training Time Active Learning Classifier: 2.22 seconds
2025-02-10 21:30 | INFO | Training Time Active Learning Regressor: 0.69 seconds
2025-02-10 21:30 | INFO | Query 9 Active Learning Runtime on Validation Set: 174794.91
2025-02-10 21:30 | INFO | Query 9 Active Learning Runtime on Test Set: 127648.01999999999
2025-02-10 21:30 | INFO | Query 9 Active Learning Instance Cost: 33422.85
2025-02-10 21:30 | INFO | Timeout limit is increased to 800
2025-02-10 21:30 | INFO | Query 10 Size of the uncertainty table is = 11186/12024
2025-02-10 21:30 | INFO | Query 10 Size of the filtered table is = 121
2025-02-10 21:30 | INFO | Training Time Active Learning Classifier: 2.24 seconds
2025-02-10 21:30 | INFO | Training Time Active Learning Regressor: 0.71 seconds
2025-02-10 21:30 | INFO | Query 10 Active Learning Runtime on Validation Set: 174794.91
2025-02-10 21:30 | INFO | Query 10 Active Learning Runtime on Test Set: 127648.01
2025-02-10 21:30 | INFO | Query 10 Active Learning Instance Cost: 35097.72
2025-02-10 21:30 | INFO | Timeout limit is increased to 900
2025-02-10 21:31 | INFO | Query 11 Size of the uncertainty table is = 11064/12024
2025-02-10 21:31 | INFO | Query 11 Size of the filtered table is = 121
2025-02-10 21:31 | INFO | Training Time Active Learning Classifier: 2.27 seconds
2025-02-10 21:31 | INFO | Training Time Active Learning Regressor: 0.72 seconds
2025-02-10 21:31 | INFO | Query 11 Active Learning Runtime on Validation Set: 201724.64
2025-02-10 21:31 | INFO | Query 11 Active Learning Runtime on Test Set: 159259.55000000002
2025-02-10 21:31 | INFO | Query 11 Active Learning Instance Cost: 40316.31
2025-02-10 21:31 | INFO | Timeout limit is increased to 1000
2025-02-10 21:31 | INFO | Query 12 Size of the uncertainty table is = 10941/12024
2025-02-10 21:31 | INFO | Query 12 Size of the filtered table is = 121
2025-02-10 21:31 | INFO | Training Time Active Learning Classifier: 2.31 seconds
2025-02-10 21:31 | INFO | Training Time Active Learning Regressor: 0.75 seconds
2025-02-10 21:31 | INFO | Query 12 Active Learning Runtime on Validation Set: 53372.96
2025-02-10 21:31 | INFO | Query 12 Active Learning Runtime on Test Set: 128409.95999999999
2025-02-10 21:31 | INFO | Query 12 Active Learning Instance Cost: 51457.26
2025-02-10 21:31 | INFO | Query 13 Size of the uncertainty table is = 10806/12024
2025-02-10 21:31 | INFO | Query 13 Size of the filtered table is = 121
2025-02-10 21:31 | INFO | Training Time Active Learning Classifier: 2.33 seconds
2025-02-10 21:31 | INFO | Training Time Active Learning Regressor: 0.78 seconds
2025-02-10 21:32 | INFO | Query 13 Active Learning Runtime on Validation Set: 116625.97
2025-02-10 21:32 | INFO | Query 13 Active Learning Runtime on Test Set: 128465.59999999999
2025-02-10 21:32 | INFO | Query 13 Active Learning Instance Cost: 90034.72
2025-02-10 21:32 | INFO | Timeout limit is increased to 1100
2025-02-10 21:32 | INFO | Query 14 Size of the uncertainty table is = 10679/12024
2025-02-10 21:32 | INFO | Query 14 Size of the filtered table is = 121
2025-02-10 21:32 | INFO | Training Time Active Learning Classifier: 2.37 seconds
2025-02-10 21:32 | INFO | Training Time Active Learning Regressor: 0.82 seconds
2025-02-10 21:32 | INFO | Query 14 Active Learning Runtime on Validation Set: 207140.40000000002
2025-02-10 21:32 | INFO | Query 14 Active Learning Runtime on Test Set: 127737.81
2025-02-10 21:32 | INFO | Query 14 Active Learning Instance Cost: 109979.42
2025-02-10 21:32 | INFO | Timeout limit is increased to 1200
2025-02-10 21:32 | INFO | Query 15 Size of the uncertainty table is = 10556/12024
2025-02-10 21:32 | INFO | Query 15 Size of the filtered table is = 121
2025-02-10 21:32 | INFO | Training Time Active Learning Classifier: 2.48 seconds
2025-02-10 21:32 | INFO | Training Time Active Learning Regressor: 0.85 seconds
2025-02-10 21:32 | INFO | Query 15 Active Learning Runtime on Validation Set: 116625.97
2025-02-10 21:32 | INFO | Query 15 Active Learning Runtime on Test Set: 128468.55
2025-02-10 21:32 | INFO | Query 15 Active Learning Instance Cost: 137122.16
2025-02-10 21:32 | INFO | Query 16 Size of the uncertainty table is = 10422/12024
2025-02-10 21:32 | INFO | Query 16 Size of the filtered table is = 121
2025-02-10 21:32 | INFO | Training Time Active Learning Classifier: 2.44 seconds
2025-02-10 21:32 | INFO | Training Time Active Learning Regressor: 0.87 seconds
2025-02-10 21:33 | INFO | Query 16 Active Learning Runtime on Validation Set: 202887.17
2025-02-10 21:33 | INFO | Query 16 Active Learning Runtime on Test Set: 159521.08000000002
2025-02-10 21:33 | INFO | Query 16 Active Learning Instance Cost: 159088.3
2025-02-10 21:33 | INFO | Timeout limit is increased to 1300
2025-02-10 21:33 | INFO | Query 17 Size of the uncertainty table is = 10291/12024
2025-02-10 21:33 | INFO | Query 17 Size of the filtered table is = 121
2025-02-10 21:33 | INFO | Training Time Active Learning Classifier: 2.45 seconds
2025-02-10 21:33 | INFO | Training Time Active Learning Regressor: 0.89 seconds
2025-02-10 21:33 | INFO | Query 17 Active Learning Runtime on Validation Set: 147365.32
2025-02-10 21:33 | INFO | Query 17 Active Learning Runtime on Test Set: 128617.18
2025-02-10 21:33 | INFO | Query 17 Active Learning Instance Cost: 186203.27
2025-02-10 21:33 | INFO | Query 18 Size of the uncertainty table is = 10166/12024
2025-02-10 21:33 | INFO | Query 18 Size of the filtered table is = 121
2025-02-10 21:33 | INFO | Training Time Active Learning Classifier: 2.57 seconds
2025-02-10 21:33 | INFO | Training Time Active Learning Regressor: 0.91 seconds
2025-02-10 21:34 | INFO | Query 18 Active Learning Runtime on Validation Set: 84843.86
2025-02-10 21:34 | INFO | Query 18 Active Learning Runtime on Test Set: 128614.03
2025-02-10 21:34 | INFO | Query 18 Active Learning Instance Cost: 217802.23
2025-02-10 21:34 | INFO | Query 19 Size of the uncertainty table is = 10031/12024
2025-02-10 21:34 | INFO | Query 19 Size of the filtered table is = 121
2025-02-10 21:34 | INFO | Training Time Active Learning Classifier: 2.52 seconds
2025-02-10 21:34 | INFO | Training Time Active Learning Regressor: 0.94 seconds
2025-02-10 21:34 | INFO | Query 19 Active Learning Runtime on Validation Set: 54543.39
2025-02-10 21:34 | INFO | Query 19 Active Learning Runtime on Test Set: 92355.81999999999
2025-02-10 21:34 | INFO | Query 19 Active Learning Instance Cost: 240073.7
2025-02-10 21:34 | INFO | Query 20 Size of the uncertainty table is = 9882/12024
2025-02-10 21:34 | INFO | Query 20 Size of the filtered table is = 121
2025-02-10 21:34 | INFO | Training Time Active Learning Classifier: 2.65 seconds
2025-02-10 21:34 | INFO | Training Time Active Learning Regressor: 0.98 seconds
2025-02-10 21:34 | INFO | Query 20 Active Learning Runtime on Validation Set: 52203.42
2025-02-10 21:34 | INFO | Query 20 Active Learning Runtime on Test Set: 56778.049999999996
2025-02-10 21:34 | INFO | Query 20 Active Learning Instance Cost: 253768.83
2025-02-10 21:34 | INFO | Query 21 Size of the uncertainty table is = 9713/12024
2025-02-10 21:34 | INFO | Query 21 Size of the filtered table is = 121
2025-02-10 21:34 | INFO | Training Time Active Learning Classifier: 2.61 seconds
2025-02-10 21:35 | INFO | Training Time Active Learning Regressor: 0.99 seconds
2025-02-10 21:35 | INFO | Query 21 Active Learning Runtime on Validation Set: 192784.5
2025-02-10 21:35 | INFO | Query 21 Active Learning Runtime on Test Set: 121969.65999999999
2025-02-10 21:35 | INFO | Query 21 Active Learning Instance Cost: 272307.27
2025-02-10 21:35 | INFO | Timeout limit is increased to 1400
2025-02-10 21:35 | INFO | Query 22 Size of the uncertainty table is = 9575/12024
2025-02-10 21:35 | INFO | Query 22 Size of the filtered table is = 121
2025-02-10 21:35 | INFO | Training Time Active Learning Classifier: 2.68 seconds
2025-02-10 21:35 | INFO | Training Time Active Learning Regressor: 1.04 seconds
2025-02-10 21:35 | INFO | Query 22 Active Learning Runtime on Validation Set: 192780.27000000002
2025-02-10 21:35 | INFO | Query 22 Active Learning Runtime on Test Set: 119437.87999999999
2025-02-10 21:35 | INFO | Query 22 Active Learning Instance Cost: 273164.48
2025-02-10 21:35 | INFO | Query 23 Size of the uncertainty table is = 9437/12024
2025-02-10 21:35 | INFO | Query 23 Size of the filtered table is = 121
2025-02-10 21:35 | INFO | Training Time Active Learning Classifier: 2.7 seconds
2025-02-10 21:35 | INFO | Training Time Active Learning Regressor: 1.03 seconds
2025-02-10 21:36 | INFO | Query 23 Active Learning Runtime on Validation Set: 192784.5
2025-02-10 21:36 | INFO | Query 23 Active Learning Runtime on Test Set: 122019.37999999999
2025-02-10 21:36 | INFO | Query 23 Active Learning Instance Cost: 276422.85
2025-02-10 21:36 | INFO | Timeout limit is increased to 1500
2025-02-10 21:36 | INFO | Query 24 Size of the uncertainty table is = 9303/12024
2025-02-10 21:36 | INFO | Query 24 Size of the filtered table is = 121
2025-02-10 21:36 | INFO | Training Time Active Learning Classifier: 2.72 seconds
2025-02-10 21:36 | INFO | Training Time Active Learning Regressor: 1.06 seconds
2025-02-10 21:36 | INFO | Query 24 Active Learning Runtime on Validation Set: 192784.5
2025-02-10 21:36 | INFO | Query 24 Active Learning Runtime on Test Set: 121967.87
2025-02-10 21:36 | INFO | Query 24 Active Learning Instance Cost: 287054.14
2025-02-10 21:36 | INFO | Timeout limit is increased to 1600
2025-02-10 21:36 | INFO | Query 25 Size of the uncertainty table is = 9178/12024
2025-02-10 21:36 | INFO | Query 25 Size of the filtered table is = 121
2025-02-10 21:36 | INFO | Training Time Active Learning Classifier: 2.83 seconds
2025-02-10 21:36 | INFO | Training Time Active Learning Regressor: 1.05 seconds
2025-02-10 21:36 | INFO | Query 25 Active Learning Runtime on Validation Set: 192784.5
2025-02-10 21:36 | INFO | Query 25 Active Learning Runtime on Test Set: 122014.55
2025-02-10 21:36 | INFO | Query 25 Active Learning Instance Cost: 314686.27
2025-02-10 21:36 | INFO | Timeout limit is increased to 1700
2025-02-10 21:36 | INFO | Query 26 Size of the uncertainty table is = 9058/12024
2025-02-10 21:36 | INFO | Query 26 Size of the filtered table is = 121
2025-02-10 21:37 | INFO | Training Time Active Learning Classifier: 2.8 seconds
2025-02-10 21:37 | INFO | Training Time Active Learning Regressor: 1.06 seconds
2025-02-10 21:37 | INFO | Query 26 Active Learning Runtime on Validation Set: 192784.5
2025-02-10 21:37 | INFO | Query 26 Active Learning Runtime on Test Set: 86172.90999999999
2025-02-10 21:37 | INFO | Query 26 Active Learning Instance Cost: 346714.05
2025-02-10 21:37 | INFO | Timeout limit is increased to 1800
2025-02-10 21:37 | INFO | Query 27 Size of the uncertainty table is = 8912/12024
2025-02-10 21:37 | INFO | Query 27 Size of the filtered table is = 121
2025-02-10 21:37 | INFO | Training Time Active Learning Classifier: 2.91 seconds
2025-02-10 21:37 | INFO | Training Time Active Learning Regressor: 1.07 seconds
2025-02-10 21:37 | INFO | Query 27 Active Learning Runtime on Validation Set: 192784.5
2025-02-10 21:37 | INFO | Query 27 Active Learning Runtime on Test Set: 90354.01999999999
2025-02-10 21:37 | INFO | Query 27 Active Learning Instance Cost: 359542.82
2025-02-10 21:37 | INFO | Timeout limit is increased to 1900
2025-02-10 21:37 | INFO | Query 28 Size of the uncertainty table is = 8781/12024
2025-02-10 21:37 | INFO | Query 28 Size of the filtered table is = 121
2025-02-10 21:37 | INFO | Training Time Active Learning Classifier: 2.87 seconds
2025-02-10 21:37 | INFO | Training Time Active Learning Regressor: 1.08 seconds
2025-02-10 21:38 | INFO | Query 28 Active Learning Runtime on Validation Set: 192784.5
2025-02-10 21:38 | INFO | Query 28 Active Learning Runtime on Test Set: 121966.5
2025-02-10 21:38 | INFO | Query 28 Active Learning Instance Cost: 371002.09
2025-02-10 21:38 | INFO | Timeout limit is increased to 2000
2025-02-10 21:38 | INFO | Query 29 Size of the uncertainty table is = 8642/12024
2025-02-10 21:38 | INFO | Query 29 Size of the filtered table is = 121
2025-02-10 21:38 | INFO | Training Time Active Learning Classifier: 2.92 seconds
2025-02-10 21:38 | INFO | Training Time Active Learning Regressor: 1.1 seconds
2025-02-10 21:38 | INFO | Query 29 Active Learning Runtime on Validation Set: 192790.43000000002
2025-02-10 21:38 | INFO | Query 29 Active Learning Runtime on Test Set: 121974.65999999999
2025-02-10 21:38 | INFO | Query 29 Active Learning Instance Cost: 416108.87
2025-02-10 21:38 | INFO | Timeout limit is increased to 2100
2025-02-10 21:38 | INFO | Query 30 Size of the uncertainty table is = 8488/12024
2025-02-10 21:38 | INFO | Query 30 Size of the filtered table is = 121
2025-02-10 21:38 | INFO | Training Time Active Learning Classifier: 2.97 seconds
2025-02-10 21:38 | INFO | Training Time Active Learning Regressor: 1.11 seconds
2025-02-10 21:38 | INFO | Query 30 Active Learning Runtime on Validation Set: 192749.04
2025-02-10 21:38 | INFO | Query 30 Active Learning Runtime on Test Set: 121968.14
2025-02-10 21:38 | INFO | Query 30 Active Learning Instance Cost: 448922.06
2025-02-10 21:39 | INFO | Query 31 Size of the uncertainty table is = 8354/12024
2025-02-10 21:39 | INFO | Query 31 Size of the filtered table is = 121
2025-02-10 21:39 | INFO | Training Time Active Learning Classifier: 3.0 seconds
2025-02-10 21:39 | INFO | Training Time Active Learning Regressor: 1.13 seconds
2025-02-10 21:39 | INFO | Query 31 Active Learning Runtime on Validation Set: 192934.41
2025-02-10 21:39 | INFO | Query 31 Active Learning Runtime on Test Set: 157819.2
2025-02-10 21:39 | INFO | Query 31 Active Learning Instance Cost: 463884.04
2025-02-10 21:39 | INFO | Timeout limit is increased to 2200
2025-02-10 21:39 | INFO | Query 32 Size of the uncertainty table is = 8224/12024
2025-02-10 21:39 | INFO | Query 32 Size of the filtered table is = 121
2025-02-10 21:39 | INFO | Training Time Active Learning Classifier: 3.03 seconds
2025-02-10 21:39 | INFO | Training Time Active Learning Regressor: 1.13 seconds
2025-02-10 21:39 | INFO | Query 32 Active Learning Runtime on Validation Set: 192743.53
2025-02-10 21:39 | INFO | Query 32 Active Learning Runtime on Test Set: 121923.5
2025-02-10 21:39 | INFO | Query 32 Active Learning Instance Cost: 517552.0
2025-02-10 21:39 | INFO | Query 33 Size of the uncertainty table is = 8097/12024
2025-02-10 21:39 | INFO | Query 33 Size of the filtered table is = 121
2025-02-10 21:39 | INFO | Training Time Active Learning Classifier: 3.08 seconds
2025-02-10 21:39 | INFO | Training Time Active Learning Regressor: 1.15 seconds
2025-02-10 21:40 | INFO | Query 33 Active Learning Runtime on Validation Set: 192844.71000000002
2025-02-10 21:40 | INFO | Query 33 Active Learning Runtime on Test Set: 83659.43
2025-02-10 21:40 | INFO | Query 33 Active Learning Instance Cost: 573514.38
2025-02-10 21:40 | INFO | Timeout limit is increased to 2300
2025-02-10 21:40 | INFO | Query 34 Size of the uncertainty table is = 7939/12024
2025-02-10 21:40 | INFO | Query 34 Size of the filtered table is = 121
2025-02-10 21:40 | INFO | Training Time Active Learning Classifier: 3.11 seconds
2025-02-10 21:40 | INFO | Training Time Active Learning Regressor: 1.16 seconds
2025-02-10 21:40 | INFO | Query 34 Active Learning Runtime on Validation Set: 192850.03
2025-02-10 21:40 | INFO | Query 34 Active Learning Runtime on Test Set: 119583.62999999999
2025-02-10 21:40 | INFO | Query 34 Active Learning Instance Cost: 623444.64
2025-02-10 21:40 | INFO | Timeout limit is increased to 2400
2025-02-10 21:40 | INFO | Query 35 Size of the uncertainty table is = 7811/12024
2025-02-10 21:40 | INFO | Query 35 Size of the filtered table is = 121
2025-02-10 21:40 | INFO | Training Time Active Learning Classifier: 3.15 seconds
2025-02-10 21:40 | INFO | Training Time Active Learning Regressor: 1.16 seconds
2025-02-10 21:40 | INFO | Query 35 Active Learning Runtime on Validation Set: 192875.82
2025-02-10 21:40 | INFO | Query 35 Active Learning Runtime on Test Set: 119500.84999999999
2025-02-10 21:40 | INFO | Query 35 Active Learning Instance Cost: 662573.69
2025-02-10 21:40 | INFO | Timeout limit is increased to 2500
2025-02-10 21:41 | INFO | Query 36 Size of the uncertainty table is = 7679/12024
2025-02-10 21:41 | INFO | Query 36 Size of the filtered table is = 121
2025-02-10 21:41 | INFO | Training Time Active Learning Classifier: 3.29 seconds
2025-02-10 21:41 | INFO | Training Time Active Learning Regressor: 1.2 seconds
2025-02-10 21:41 | INFO | Query 36 Active Learning Runtime on Validation Set: 192852.45
2025-02-10 21:41 | INFO | Query 36 Active Learning Runtime on Test Set: 119551.62999999999
2025-02-10 21:41 | INFO | Query 36 Active Learning Instance Cost: 711203.46
2025-02-10 21:41 | INFO | Query 37 Size of the uncertainty table is = 7551/12024
2025-02-10 21:41 | INFO | Query 37 Size of the filtered table is = 121
2025-02-10 21:41 | INFO | Training Time Active Learning Classifier: 3.27 seconds
2025-02-10 21:41 | INFO | Training Time Active Learning Regressor: 1.2 seconds
2025-02-10 21:41 | INFO | Query 37 Active Learning Runtime on Validation Set: 192784.42
2025-02-10 21:41 | INFO | Query 37 Active Learning Runtime on Test Set: 119532.4
2025-02-10 21:41 | INFO | Query 37 Active Learning Instance Cost: 744525.06
2025-02-10 21:41 | INFO | Query 38 Size of the uncertainty table is = 7398/12024
2025-02-10 21:41 | INFO | Query 38 Size of the filtered table is = 121
2025-02-10 21:41 | INFO | Training Time Active Learning Classifier: 3.29 seconds
2025-02-10 21:41 | INFO | Training Time Active Learning Regressor: 1.22 seconds
2025-02-10 21:42 | INFO | Query 38 Active Learning Runtime on Validation Set: 192968.35
2025-02-10 21:42 | INFO | Query 38 Active Learning Runtime on Test Set: 84693.33
2025-02-10 21:42 | INFO | Query 38 Active Learning Instance Cost: 812170.22
2025-02-10 21:42 | INFO | Timeout limit is increased to 2600
2025-02-10 21:42 | INFO | Query 39 Size of the uncertainty table is = 7281/12024
2025-02-10 21:42 | INFO | Query 39 Size of the filtered table is = 121
2025-02-10 21:42 | INFO | Training Time Active Learning Classifier: 3.32 seconds
2025-02-10 21:42 | INFO | Training Time Active Learning Regressor: 1.26 seconds
2025-02-10 21:42 | INFO | Query 39 Active Learning Runtime on Validation Set: 192804.71000000002
2025-02-10 21:42 | INFO | Query 39 Active Learning Runtime on Test Set: 119067.26
2025-02-10 21:42 | INFO | Query 39 Active Learning Instance Cost: 853782.12
2025-02-10 21:42 | INFO | Query 40 Size of the uncertainty table is = 7153/12024
2025-02-10 21:42 | INFO | Query 40 Size of the filtered table is = 121
2025-02-10 21:42 | INFO | Training Time Active Learning Classifier: 3.37 seconds
2025-02-10 21:42 | INFO | Training Time Active Learning Regressor: 1.32 seconds
2025-02-10 21:43 | INFO | Query 40 Active Learning Runtime on Validation Set: 192786.17
2025-02-10 21:43 | INFO | Query 40 Active Learning Runtime on Test Set: 119158.51999999999
2025-02-10 21:43 | INFO | Query 40 Active Learning Instance Cost: 893238.94
2025-02-10 21:43 | INFO | Query 41 Size of the uncertainty table is = 7024/12024
2025-02-10 21:43 | INFO | Query 41 Size of the filtered table is = 121
2025-02-10 21:43 | INFO | Training Time Active Learning Classifier: 3.41 seconds
2025-02-10 21:43 | INFO | Training Time Active Learning Regressor: 1.25 seconds
2025-02-10 21:43 | INFO | Query 41 Active Learning Runtime on Validation Set: 192744.14
2025-02-10 21:43 | INFO | Query 41 Active Learning Runtime on Test Set: 119281.76
2025-02-10 21:43 | INFO | Query 41 Active Learning Instance Cost: 934764.96
2025-02-10 21:43 | INFO | Query 42 Size of the uncertainty table is = 6899/12024
2025-02-10 21:43 | INFO | Query 42 Size of the filtered table is = 121
2025-02-10 21:43 | INFO | Training Time Active Learning Classifier: 3.53 seconds
2025-02-10 21:43 | INFO | Training Time Active Learning Regressor: 1.25 seconds
2025-02-10 21:43 | INFO | Query 42 Active Learning Runtime on Validation Set: 193002.26
2025-02-10 21:43 | INFO | Query 42 Active Learning Runtime on Test Set: 84903.17
2025-02-10 21:43 | INFO | Query 42 Active Learning Instance Cost: 965246.92
2025-02-10 21:43 | INFO | Timeout limit is increased to 2700
2025-02-10 21:43 | INFO | Query 43 Size of the uncertainty table is = 6771/12024
2025-02-10 21:43 | INFO | Query 43 Size of the filtered table is = 121
2025-02-10 21:44 | INFO | Training Time Active Learning Classifier: 3.51 seconds
2025-02-10 21:44 | INFO | Training Time Active Learning Regressor: 1.26 seconds
2025-02-10 21:44 | INFO | Query 43 Active Learning Runtime on Validation Set: 192892.07
2025-02-10 21:44 | INFO | Query 43 Active Learning Runtime on Test Set: 84939.44
2025-02-10 21:44 | INFO | Query 43 Active Learning Instance Cost: 998243.08
2025-02-10 21:44 | INFO | Query 44 Size of the uncertainty table is = 6646/12024
2025-02-10 21:44 | INFO | Query 44 Size of the filtered table is = 121
2025-02-10 21:44 | INFO | Training Time Active Learning Classifier: 3.53 seconds
2025-02-10 21:44 | INFO | Training Time Active Learning Regressor: 1.28 seconds
2025-02-10 21:44 | INFO | Query 44 Active Learning Runtime on Validation Set: 192810.2
2025-02-10 21:44 | INFO | Query 44 Active Learning Runtime on Test Set: 84948.31999999999
2025-02-10 21:44 | INFO | Query 44 Active Learning Instance Cost: 1048228.42
2025-02-10 21:44 | INFO | Query 45 Size of the uncertainty table is = 6521/12024
2025-02-10 21:44 | INFO | Query 45 Size of the filtered table is = 121
2025-02-10 21:44 | INFO | Training Time Active Learning Classifier: 3.54 seconds
2025-02-10 21:44 | INFO | Training Time Active Learning Regressor: 1.27 seconds
2025-02-10 21:45 | INFO | Query 45 Active Learning Runtime on Validation Set: 192764.1
2025-02-10 21:45 | INFO | Query 45 Active Learning Runtime on Test Set: 83694.76999999999
2025-02-10 21:45 | INFO | Query 45 Active Learning Instance Cost: 1092003.05
2025-02-10 21:45 | INFO | Query 46 Size of the uncertainty table is = 6396/12024
2025-02-10 21:45 | INFO | Query 46 Size of the filtered table is = 121
2025-02-10 21:45 | INFO | Training Time Active Learning Classifier: 3.66 seconds
2025-02-10 21:45 | INFO | Training Time Active Learning Regressor: 1.29 seconds
2025-02-10 21:45 | INFO | Query 46 Active Learning Runtime on Validation Set: 192780.59
2025-02-10 21:45 | INFO | Query 46 Active Learning Runtime on Test Set: 119280.81999999999
2025-02-10 21:45 | INFO | Query 46 Active Learning Instance Cost: 1160754.62
2025-02-10 21:45 | INFO | Timeout limit is increased to 2800
2025-02-10 21:45 | INFO | Query 47 Size of the uncertainty table is = 6269/12024
2025-02-10 21:45 | INFO | Query 47 Size of the filtered table is = 121
2025-02-10 21:45 | INFO | Training Time Active Learning Classifier: 3.63 seconds
2025-02-10 21:45 | INFO | Training Time Active Learning Regressor: 1.29 seconds
2025-02-10 21:45 | INFO | Query 47 Active Learning Runtime on Validation Set: 192586.43000000002
2025-02-10 21:45 | INFO | Query 47 Active Learning Runtime on Test Set: 119283.44
2025-02-10 21:45 | INFO | Query 47 Active Learning Instance Cost: 1246774.61
2025-02-10 21:46 | INFO | Query 48 Size of the uncertainty table is = 6146/12024
2025-02-10 21:46 | INFO | Query 48 Size of the filtered table is = 121
2025-02-10 21:46 | INFO | Training Time Active Learning Classifier: 3.73 seconds
2025-02-10 21:46 | INFO | Training Time Active Learning Regressor: 1.3 seconds
2025-02-10 21:46 | INFO | Query 48 Active Learning Runtime on Validation Set: 192725.41
2025-02-10 21:46 | INFO | Query 48 Active Learning Runtime on Test Set: 119282.98999999999
2025-02-10 21:46 | INFO | Query 48 Active Learning Instance Cost: 1298097.33
2025-02-10 21:46 | INFO | Timeout limit is increased to 2900
2025-02-10 21:46 | INFO | Query 49 Size of the uncertainty table is = 6018/12024
2025-02-10 21:46 | INFO | Query 49 Size of the filtered table is = 121
2025-02-10 21:46 | INFO | Training Time Active Learning Classifier: 3.68 seconds
2025-02-10 21:46 | INFO | Training Time Active Learning Regressor: 1.31 seconds
2025-02-10 21:46 | INFO | Query 49 Active Learning Runtime on Validation Set: 193183.87000000002
2025-02-10 21:46 | INFO | Query 49 Active Learning Runtime on Test Set: 83456.08
2025-02-10 21:46 | INFO | Query 49 Active Learning Instance Cost: 1382238.75
2025-02-10 21:46 | INFO | Timeout limit is increased to 3000
2025-02-10 21:46 | INFO | Query 50 Size of the uncertainty table is = 5889/12024
2025-02-10 21:46 | INFO | Query 50 Size of the filtered table is = 121
2025-02-10 21:46 | INFO | Training Time Active Learning Classifier: 3.71 seconds
2025-02-10 21:46 | INFO | Training Time Active Learning Regressor: 1.32 seconds
2025-02-10 21:47 | INFO | Query 50 Active Learning Runtime on Validation Set: 192789.12000000002
2025-02-10 21:47 | INFO | Query 50 Active Learning Runtime on Test Set: 49296.27
2025-02-10 21:47 | INFO | Query 50 Active Learning Instance Cost: 1482738.15
2025-02-10 21:47 | INFO | Query 51 Size of the uncertainty table is = 5751/12024
2025-02-10 21:47 | INFO | Query 51 Size of the filtered table is = 121
2025-02-10 21:47 | INFO | Training Time Active Learning Classifier: 3.76 seconds
2025-02-10 21:47 | INFO | Training Time Active Learning Regressor: 1.32 seconds
2025-02-10 21:47 | INFO | Query 51 Active Learning Runtime on Validation Set: 192654.53
2025-02-10 21:47 | INFO | Query 51 Active Learning Runtime on Test Set: 83692.97
2025-02-10 21:47 | INFO | Query 51 Active Learning Instance Cost: 1539767.96
2025-02-10 21:47 | INFO | Query 52 Size of the uncertainty table is = 5626/12024
2025-02-10 21:47 | INFO | Query 52 Size of the filtered table is = 121
2025-02-10 21:47 | INFO | Training Time Active Learning Classifier: 3.76 seconds
2025-02-10 21:47 | INFO | Training Time Active Learning Regressor: 1.32 seconds
2025-02-10 21:48 | INFO | Query 52 Active Learning Runtime on Validation Set: 192850.85
2025-02-10 21:48 | INFO | Query 52 Active Learning Runtime on Test Set: 83579.81999999999
2025-02-10 21:48 | INFO | Query 52 Active Learning Instance Cost: 1632745.73
2025-02-10 21:48 | INFO | Timeout limit is increased to 3100
2025-02-10 21:48 | INFO | Query 53 Size of the uncertainty table is = 5499/12024
2025-02-10 21:48 | INFO | Query 53 Size of the filtered table is = 121
2025-02-10 21:48 | INFO | Training Time Active Learning Classifier: 3.79 seconds
2025-02-10 21:48 | INFO | Training Time Active Learning Regressor: 1.33 seconds
2025-02-10 21:48 | INFO | Query 53 Active Learning Runtime on Validation Set: 192975.59
2025-02-10 21:48 | INFO | Query 53 Active Learning Runtime on Test Set: 49114.35999999999
2025-02-10 21:48 | INFO | Query 53 Active Learning Instance Cost: 1717481.82
2025-02-10 21:48 | INFO | Timeout limit is increased to 3200
2025-02-10 21:48 | INFO | Query 54 Size of the uncertainty table is = 5374/12024
2025-02-10 21:48 | INFO | Query 54 Size of the filtered table is = 121
2025-02-10 21:48 | INFO | Training Time Active Learning Classifier: 3.82 seconds
2025-02-10 21:48 | INFO | Training Time Active Learning Regressor: 1.34 seconds
2025-02-10 21:48 | INFO | Query 54 Active Learning Runtime on Validation Set: 192965.94
2025-02-10 21:48 | INFO | Query 54 Active Learning Runtime on Test Set: 83459.65
2025-02-10 21:48 | INFO | Query 54 Active Learning Instance Cost: 1799206.87
2025-02-10 21:48 | INFO | Query 55 Size of the uncertainty table is = 5241/12024
2025-02-10 21:48 | INFO | Query 55 Size of the filtered table is = 121
2025-02-10 21:49 | INFO | Training Time Active Learning Classifier: 3.85 seconds
2025-02-10 21:49 | INFO | Training Time Active Learning Regressor: 1.35 seconds
2025-02-10 21:49 | INFO | Query 55 Active Learning Runtime on Validation Set: 193404.21000000002
2025-02-10 21:49 | INFO | Query 55 Active Learning Runtime on Test Set: 49122.659999999996
2025-02-10 21:49 | INFO | Query 55 Active Learning Instance Cost: 1898313.73
2025-02-10 21:49 | INFO | Timeout limit is increased to 3300
2025-02-10 21:49 | INFO | Query 56 Size of the uncertainty table is = 5112/12024
2025-02-10 21:49 | INFO | Query 56 Size of the filtered table is = 121
2025-02-10 21:49 | INFO | Training Time Active Learning Classifier: 3.87 seconds
2025-02-10 21:49 | INFO | Training Time Active Learning Regressor: 1.35 seconds
2025-02-10 21:49 | INFO | Query 56 Active Learning Runtime on Validation Set: 192877.19
2025-02-10 21:49 | INFO | Query 56 Active Learning Runtime on Test Set: 83449.36
2025-02-10 21:49 | INFO | Query 56 Active Learning Instance Cost: 2037648.81
2025-02-10 21:49 | INFO | Query 57 Size of the uncertainty table is = 4978/12024
2025-02-10 21:49 | INFO | Query 57 Size of the filtered table is = 121
2025-02-10 21:49 | INFO | Training Time Active Learning Classifier: 3.9 seconds
2025-02-10 21:49 | INFO | Training Time Active Learning Regressor: 1.36 seconds
2025-02-10 21:50 | INFO | Query 57 Active Learning Runtime on Validation Set: 228737.5
2025-02-10 21:50 | INFO | Query 57 Active Learning Runtime on Test Set: 49309.1
2025-02-10 21:50 | INFO | Query 57 Active Learning Instance Cost: 2155232.12
2025-02-10 21:50 | INFO | Timeout limit is increased to 3400
2025-02-10 21:50 | INFO | Query 58 Size of the uncertainty table is = 4838/12024
2025-02-10 21:50 | INFO | Query 58 Size of the filtered table is = 121
2025-02-10 21:50 | INFO | Training Time Active Learning Classifier: 3.93 seconds
2025-02-10 21:50 | INFO | Training Time Active Learning Regressor: 1.36 seconds
2025-02-10 21:50 | INFO | Query 58 Active Learning Runtime on Validation Set: 192940.03
2025-02-10 21:50 | INFO | Query 58 Active Learning Runtime on Test Set: 49114.159999999996
2025-02-10 21:50 | INFO | Query 58 Active Learning Instance Cost: 2274126.89
2025-02-10 21:50 | INFO | Query 59 Size of the uncertainty table is = 4698/12024
2025-02-10 21:50 | INFO | Query 59 Size of the filtered table is = 121
2025-02-10 21:50 | INFO | Training Time Active Learning Classifier: 3.94 seconds
2025-02-10 21:50 | INFO | Training Time Active Learning Regressor: 1.36 seconds
2025-02-10 21:50 | INFO | Query 59 Active Learning Runtime on Validation Set: 192938.93000000002
2025-02-10 21:50 | INFO | Query 59 Active Learning Runtime on Test Set: 49119.53999999999
2025-02-10 21:50 | INFO | Query 59 Active Learning Instance Cost: 2405311.02
2025-02-10 21:51 | INFO | Query 60 Size of the uncertainty table is = 4574/12024
2025-02-10 21:51 | INFO | Query 60 Size of the filtered table is = 121
2025-02-10 21:51 | INFO | Training Time Active Learning Classifier: 3.96 seconds
2025-02-10 21:51 | INFO | Training Time Active Learning Regressor: 1.37 seconds
2025-02-10 21:51 | INFO | Query 60 Active Learning Runtime on Validation Set: 193031.64
2025-02-10 21:51 | INFO | Query 60 Active Learning Runtime on Test Set: 49314.39
2025-02-10 21:51 | INFO | Query 60 Active Learning Instance Cost: 2542171.99
2025-02-10 21:51 | INFO | Timeout limit is increased to 3500
2025-02-10 21:51 | INFO | Query 61 Size of the uncertainty table is = 4450/12024
2025-02-10 21:51 | INFO | Query 61 Size of the filtered table is = 121
2025-02-10 21:51 | INFO | Training Time Active Learning Classifier: 3.98 seconds
2025-02-10 21:51 | INFO | Training Time Active Learning Regressor: 1.38 seconds
2025-02-10 21:51 | INFO | Query 61 Active Learning Runtime on Validation Set: 192886.66
2025-02-10 21:51 | INFO | Query 61 Active Learning Runtime on Test Set: 49305.99999999999
2025-02-10 21:51 | INFO | Query 61 Active Learning Instance Cost: 2666332.47
2025-02-10 21:51 | INFO | Query 62 Size of the uncertainty table is = 4306/12024
2025-02-10 21:51 | INFO | Query 62 Size of the filtered table is = 121
2025-02-10 21:51 | INFO | Training Time Active Learning Classifier: 4.0 seconds
2025-02-10 21:51 | INFO | Training Time Active Learning Regressor: 1.39 seconds
2025-02-10 21:52 | INFO | Query 62 Active Learning Runtime on Validation Set: 193005.1
2025-02-10 21:52 | INFO | Query 62 Active Learning Runtime on Test Set: 49327.17999999999
2025-02-10 21:52 | INFO | Query 62 Active Learning Instance Cost: 2769799.35
2025-02-10 21:52 | INFO | Timeout limit is increased to 3600
2025-02-10 21:52 | INFO | Query 63 Size of the uncertainty table is = 4179/12024
2025-02-10 21:52 | INFO | Query 63 Size of the filtered table is = 121
2025-02-10 21:52 | INFO | Training Time Active Learning Classifier: 4.03 seconds
2025-02-10 21:52 | INFO | Training Time Active Learning Regressor: 1.39 seconds
2025-02-10 21:52 | INFO | Query 63 Active Learning Runtime on Validation Set: 228644.23
2025-02-10 21:52 | INFO | Query 63 Active Learning Runtime on Test Set: 48867.049999999996
2025-02-10 21:52 | INFO | Query 63 Active Learning Instance Cost: 2866999.35
2025-02-10 21:52 | INFO | Timeout limit is increased to 3600
2025-02-10 21:52 | INFO | Query 64 Size of the uncertainty table is = 2248/12024
2025-02-10 21:52 | INFO | Query 64 Size of the filtered table is = 121
2025-02-10 21:52 | INFO | Training Time Active Learning Classifier: 4.04 seconds
2025-02-10 21:52 | INFO | Training Time Active Learning Regressor: 1.4 seconds
2025-02-10 21:52 | INFO | Query 64 Active Learning Runtime on Validation Set: 193057.57
2025-02-10 21:52 | INFO | Query 64 Active Learning Runtime on Test Set: 48854.81
2025-02-10 21:52 | INFO | Query 64 Active Learning Instance Cost: 2961823.14
2025-02-10 21:52 | INFO | Query 65 Size of the uncertainty table is = 2082/12024
2025-02-10 21:52 | INFO | Query 65 Size of the filtered table is = 121
2025-02-10 21:53 | INFO | Training Time Active Learning Classifier: 4.07 seconds
2025-02-10 21:53 | INFO | Training Time Active Learning Regressor: 1.4 seconds
2025-02-10 21:53 | INFO | Query 65 Active Learning Runtime on Validation Set: 228572.29
2025-02-10 21:53 | INFO | Query 65 Active Learning Runtime on Test Set: 49066.21
2025-02-10 21:53 | INFO | Query 65 Active Learning Instance Cost: 3084223.14
2025-02-10 21:53 | INFO | Timeout limit is increased to 3600
2025-02-10 21:53 | INFO | Query 66 Size of the uncertainty table is = 1860/12024
2025-02-10 21:53 | INFO | Query 66 Size of the filtered table is = 121
2025-02-10 21:53 | INFO | Training Time Active Learning Classifier: 4.07 seconds
2025-02-10 21:53 | INFO | Training Time Active Learning Regressor: 1.41 seconds
2025-02-10 21:53 | INFO | Query 66 Active Learning Runtime on Validation Set: 228484.49000000002
2025-02-10 21:53 | INFO | Query 66 Active Learning Runtime on Test Set: 49261.45
2025-02-10 21:53 | INFO | Query 66 Active Learning Instance Cost: 3199423.14
2025-02-10 21:53 | INFO | Query 67 Size of the uncertainty table is = 1640/12024
2025-02-10 21:53 | INFO | Query 67 Size of the filtered table is = 121
2025-02-10 21:53 | INFO | Training Time Active Learning Classifier: 4.09 seconds
2025-02-10 21:53 | INFO | Training Time Active Learning Regressor: 1.4 seconds
2025-02-10 21:54 | INFO | Query 67 Active Learning Runtime on Validation Set: 228641.96000000002
2025-02-10 21:54 | INFO | Query 67 Active Learning Runtime on Test Set: 49110.979999999996
2025-02-10 21:54 | INFO | Query 67 Active Learning Instance Cost: 3285823.14
2025-02-10 21:54 | INFO | Timeout limit is increased to 3600
2025-02-10 21:54 | INFO | Query 68 Size of the uncertainty table is = 1467/12024
2025-02-10 21:54 | INFO | Query 68 Size of the filtered table is = 121
2025-02-10 21:54 | INFO | Training Time Active Learning Classifier: 4.1 seconds
2025-02-10 21:54 | INFO | Training Time Active Learning Regressor: 1.4 seconds
2025-02-10 21:54 | INFO | Query 68 Active Learning Runtime on Validation Set: 192888.48
2025-02-10 21:54 | INFO | Query 68 Active Learning Runtime on Test Set: 84903.29
2025-02-10 21:54 | INFO | Query 68 Active Learning Instance Cost: 3365023.14
2025-02-10 21:54 | INFO | Query 69 Size of the uncertainty table is = 1302/12024
2025-02-10 21:54 | INFO | Query 69 Size of the filtered table is = 121
2025-02-10 21:54 | INFO | Training Time Active Learning Classifier: 4.23 seconds
2025-02-10 21:54 | INFO | Training Time Active Learning Regressor: 1.42 seconds
2025-02-10 21:54 | INFO | Query 69 Active Learning Runtime on Validation Set: 192872.47
2025-02-10 21:54 | INFO | Query 69 Active Learning Runtime on Test Set: 49254.56
2025-02-10 21:54 | INFO | Query 69 Active Learning Instance Cost: 3591823.14
2025-02-10 21:54 | INFO | Query 70 Size of the uncertainty table is = 820/12024
2025-02-10 21:54 | INFO | Query 70 Size of the filtered table is = 121
2025-02-10 21:54 | INFO | Training Time Active Learning Classifier: 4.15 seconds
2025-02-10 21:54 | INFO | Training Time Active Learning Regressor: 1.43 seconds
2025-02-10 21:55 | INFO | Query 70 Active Learning Runtime on Validation Set: 192783.59
2025-02-10 21:55 | INFO | Query 70 Active Learning Runtime on Test Set: 49254.56
2025-02-10 21:55 | INFO | Query 70 Active Learning Instance Cost: 3861823.14
2025-02-10 21:55 | INFO | Query 71 Size of the uncertainty table is = 254/12024
2025-02-10 21:55 | INFO | Query 71 Size of the filtered table is = 121
2025-02-10 21:55 | INFO | Training Time Active Learning Classifier: 4.17 seconds
2025-02-10 21:55 | INFO | Training Time Active Learning Regressor: 1.43 seconds
2025-02-10 21:55 | INFO | Query 71 Active Learning Runtime on Validation Set: 193386.02000000002
2025-02-10 21:55 | INFO | Query 71 Active Learning Runtime on Test Set: 84892.34999999999
2025-02-10 21:55 | INFO | Query 71 Active Learning Instance Cost: 4017125.78
2025-02-10 21:55 | INFO | Timeout limit is increased to 3600
2025-02-10 21:55 | INFO | Active Learning Emissions: 0.020221919896776394
2025-02-10 21:55 | INFO | Active Learning Energy Consumption: 0.022001965227387947 kWh
2025-02-10 21:55 | INFO | runtime_test_score is written as json file
2025-02-10 21:55 | INFO | runtime_validation_score is written as json file
2025-02-10 21:55 | INFO | instance_cost is written as json file
2025-02-10 21:55 | INFO | Experiment is finished
