2025-02-10 21:15 | INFO | Paramaters are: {'dataset': 'SAT11-RAND', 'penalty': 10, 'weight': 'No_Weight', 'voting': 'Hard', 'pre_selection_size': 64, 'pre_selection_technique': 'No_pre_selection', 'feature_elimination_threshold': 20, 'imputer_strategy': 'median', 'feature_selection_technique': 'No_feature_selection', 'feature_scaling_technique': 'StandardScaler', 'priority': {'PredDiff': 'max', 'Uncertainty': 'max', 'PredCost': 'min'}, 'initial_train_size': 20, 'query_size': 1, 'timeout_predictor_usage': 'No', 'timeout_limit': 3600, 'timeout_increase_rate': 100, 'penalty_type': 'Only-timeout-penalty', 'RANDOM_STATE_SEED': 12345, 'n_splits': 10, 'split_number': 2, 'max_timeout': 3600, 'param_grid': {'n_estimators': 100, 'max_features': 'sqrt', 'max_depth': 2147483648, 'min_samples_split': 2, 'bootstrap': True}}
2025-02-10 21:15 | INFO | SAT11-RAND is current dataset
2025-02-10 21:15 | INFO | DATASETS/SAT11-RAND/algorithm_runs.arff is found
2025-02-10 21:15 | INFO | DATASETS/SAT11-RAND/algorithm_runs.arff is finished
2025-02-10 21:15 | INFO | DATASETS/SAT11-RAND/feature_values.arff is found
2025-02-10 21:15 | INFO | DATASETS/SAT11-RAND/feature_values.arff is finished
2025-02-10 21:15 | INFO | DATASETS/SAT11-RAND/feature_costs.arff is found
2025-02-10 21:15 | INFO | DATASETS/SAT11-RAND/feature_costs.arff is finished
2025-02-10 21:15 | INFO | Virtual best solver time in train = 76083.86
2025-02-10 21:15 | INFO | Single best solver list train = {'EagleUP_1.565.350': 4074442.12, 'MPhaseSAT_M_2011-02-16': 4021649.08, 'SAT09referencesolverTNM_2009-03-22': 4343788.74, 'SAT09referencesolvergnovelty+2_2009-03-22': 5076524.49, 'SAT09referencesolvermarch_hi_hi': 7128007.78, 'adaptg2wsat2011_2011-03-02': 4182345.96, 'march_rw_2011-03-02': 7089401.03, 'sattime2011_2011-03-02': 4030387.53, 'sparrow2011_sparrow2011_ubcsat1.2_2011-03-02': 3100150.04}
2025-02-10 21:15 | INFO | Single best solver time train = sparrow2011_sparrow2011_ubcsat1.2_2011-03-02 (3100150.04)
2025-02-10 21:15 | INFO | Virtual best solver time in validation = 35616.97
2025-02-10 21:15 | INFO | Single best solver list validation = {'EagleUP_1.565.350': 1224360.75, 'MPhaseSAT_M_2011-02-16': 222895.5, 'SAT09referencesolverTNM_2009-03-22': 1224207.61, 'SAT09referencesolvergnovelty+2_2009-03-22': 1224239.03, 'SAT09referencesolvermarch_hi_hi': 699146.96, 'adaptg2wsat2011_2011-03-02': 1224407.08, 'march_rw_2011-03-02': 700379.74, 'sattime2011_2011-03-02': 1224699.79, 'sparrow2011_sparrow2011_ubcsat1.2_2011-03-02': 1224434.53}
2025-02-10 21:15 | INFO | Single best solver time validation = MPhaseSAT_M_2011-02-16 (222895.5)
2025-02-10 21:15 | INFO | Virtual best solver time in test = 14498.42
2025-02-10 21:15 | INFO | Single best solver list test = {'EagleUP_1.565.350': 651734.7, 'MPhaseSAT_M_2011-02-16': 621441.99, 'SAT09referencesolverTNM_2009-03-22': 593425.11, 'SAT09referencesolvergnovelty+2_2009-03-22': 769254.04, 'SAT09referencesolvermarch_hi_hi': 984477.71, 'adaptg2wsat2011_2011-03-02': 585984.61, 'march_rw_2011-03-02': 1016419.77, 'sattime2011_2011-03-02': 552888.22, 'sparrow2011_sparrow2011_ubcsat1.2_2011-03-02': 405228.98}
2025-02-10 21:15 | INFO | Single best solver time test = sparrow2011_sparrow2011_ubcsat1.2_2011-03-02 (405228.98)
2025-02-10 21:15 | INFO | Training Time Passive Learning Classifier: 4.21 seconds
2025-02-10 21:15 | INFO | Training Time Passive Learning Regressor: 1.42 seconds
2025-02-10 21:15 | INFO | Passive Learning Classifier Runtime on Validation Set: 229275.8
2025-02-10 21:15 | INFO | Passive Learning Classifier Runtime on Test Set: 124070.48
2025-02-10 21:15 | INFO | Passive Learning Instance Cost: 4879496.77
2025-02-10 21:15 | INFO | Passive Learning Emissions: 0.00022740065604733527
2025-02-10 21:15 | INFO | Passive Learning Energy Consumption: 0.0002474177206011114 kWh
2025-02-10 21:16 | INFO | Training Time Active Learning Classifier: 2.07 seconds
2025-02-10 21:16 | INFO | Training Time Active Learning Regressor: 0.43 seconds
2025-02-10 21:16 | INFO | Initial Active Learning Runtime on Validation Set: 692412.78
2025-02-10 21:16 | INFO | Initial Active Learning Runtime on Test Set: 480064.37
2025-02-10 21:16 | INFO | Initial Active Learning Instance Cost: 271167.55
2025-02-10 21:16 | INFO | Bin size = 121
2025-02-10 21:16 | INFO | Query 1 Size of the uncertainty table is = 12024/12024
2025-02-10 21:16 | INFO | Query 1 Size of the filtered table is = 121
2025-02-10 21:16 | INFO | Training Time Active Learning Classifier: 1.97 seconds
2025-02-10 21:16 | INFO | Training Time Active Learning Regressor: 0.46 seconds
2025-02-10 21:16 | INFO | Query 1 Active Learning Runtime on Validation Set: 692408.6799999999
2025-02-10 21:16 | INFO | Query 1 Active Learning Runtime on Test Set: 479749.6
2025-02-10 21:16 | INFO | Query 1 Active Learning Instance Cost: 653569.26
2025-02-10 21:16 | INFO | Query 2 Size of the uncertainty table is = 11838/12024
2025-02-10 21:16 | INFO | Query 2 Size of the filtered table is = 121
2025-02-10 21:16 | INFO | Training Time Active Learning Classifier: 1.99 seconds
2025-02-10 21:16 | INFO | Training Time Active Learning Regressor: 0.47 seconds
2025-02-10 21:16 | INFO | Query 2 Active Learning Runtime on Validation Set: 656490.27
2025-02-10 21:16 | INFO | Query 2 Active Learning Runtime on Test Set: 266064.75
2025-02-10 21:16 | INFO | Query 2 Active Learning Instance Cost: 886493.41
2025-02-10 21:17 | INFO | Query 3 Size of the uncertainty table is = 11644/12024
2025-02-10 21:17 | INFO | Query 3 Size of the filtered table is = 121
2025-02-10 21:17 | INFO | Training Time Active Learning Classifier: 2.01 seconds
2025-02-10 21:17 | INFO | Training Time Active Learning Regressor: 0.51 seconds
2025-02-10 21:17 | INFO | Query 3 Active Learning Runtime on Validation Set: 228812.97999999998
2025-02-10 21:17 | INFO | Query 3 Active Learning Runtime on Test Set: 266410.95
2025-02-10 21:17 | INFO | Query 3 Active Learning Instance Cost: 1157980.71
2025-02-10 21:17 | INFO | Query 4 Size of the uncertainty table is = 11437/12024
2025-02-10 21:17 | INFO | Query 4 Size of the filtered table is = 121
2025-02-10 21:17 | INFO | Training Time Active Learning Classifier: 2.1 seconds
2025-02-10 21:17 | INFO | Training Time Active Learning Regressor: 0.53 seconds
2025-02-10 21:17 | INFO | Query 4 Active Learning Runtime on Validation Set: 228820.38
2025-02-10 21:17 | INFO | Query 4 Active Learning Runtime on Test Set: 266434.39
2025-02-10 21:17 | INFO | Query 4 Active Learning Instance Cost: 1327685.23
2025-02-10 21:17 | INFO | Timeout limit is increased to 3600
2025-02-10 21:17 | INFO | Query 5 Size of the uncertainty table is = 11200/12024
2025-02-10 21:17 | INFO | Query 5 Size of the filtered table is = 121
2025-02-10 21:17 | INFO | Training Time Active Learning Classifier: 2.06 seconds
2025-02-10 21:17 | INFO | Training Time Active Learning Regressor: 0.56 seconds
2025-02-10 21:18 | INFO | Query 5 Active Learning Runtime on Validation Set: 228813.34
2025-02-10 21:18 | INFO | Query 5 Active Learning Runtime on Test Set: 302011.95999999996
2025-02-10 21:18 | INFO | Query 5 Active Learning Instance Cost: 1429614.91
2025-02-10 21:18 | INFO | Query 6 Size of the uncertainty table is = 10949/12024
2025-02-10 21:18 | INFO | Query 6 Size of the filtered table is = 121
2025-02-10 21:18 | INFO | Training Time Active Learning Classifier: 2.09 seconds
2025-02-10 21:18 | INFO | Training Time Active Learning Regressor: 0.59 seconds
2025-02-10 21:18 | INFO | Query 6 Active Learning Runtime on Validation Set: 228835.56
2025-02-10 21:18 | INFO | Query 6 Active Learning Runtime on Test Set: 266417.55
2025-02-10 21:18 | INFO | Query 6 Active Learning Instance Cost: 1588546.55
2025-02-10 21:18 | INFO | Timeout limit is increased to 3600
2025-02-10 21:18 | INFO | Query 7 Size of the uncertainty table is = 10647/12024
2025-02-10 21:18 | INFO | Query 7 Size of the filtered table is = 121
2025-02-10 21:18 | INFO | Training Time Active Learning Classifier: 2.14 seconds
2025-02-10 21:18 | INFO | Training Time Active Learning Regressor: 0.63 seconds
2025-02-10 21:18 | INFO | Query 7 Active Learning Runtime on Validation Set: 229564.15
2025-02-10 21:18 | INFO | Query 7 Active Learning Runtime on Test Set: 231025.03999999998
2025-02-10 21:18 | INFO | Query 7 Active Learning Instance Cost: 1689102.11
2025-02-10 21:18 | INFO | Timeout limit is increased to 3600
2025-02-10 21:18 | INFO | Query 8 Size of the uncertainty table is = 10319/12024
2025-02-10 21:18 | INFO | Query 8 Size of the filtered table is = 121
2025-02-10 21:18 | INFO | Training Time Active Learning Classifier: 2.23 seconds
2025-02-10 21:18 | INFO | Training Time Active Learning Regressor: 0.63 seconds
2025-02-10 21:19 | INFO | Query 8 Active Learning Runtime on Validation Set: 229495.09999999998
2025-02-10 21:19 | INFO | Query 8 Active Learning Runtime on Test Set: 195392.19999999998
2025-02-10 21:19 | INFO | Query 8 Active Learning Instance Cost: 1793211.08
2025-02-10 21:19 | INFO | Query 9 Size of the uncertainty table is = 10020/12024
2025-02-10 21:19 | INFO | Query 9 Size of the filtered table is = 121
2025-02-10 21:19 | INFO | Training Time Active Learning Classifier: 2.28 seconds
2025-02-10 21:19 | INFO | Training Time Active Learning Regressor: 0.66 seconds
2025-02-10 21:19 | INFO | Query 9 Active Learning Runtime on Validation Set: 229253.94999999998
2025-02-10 21:19 | INFO | Query 9 Active Learning Runtime on Test Set: 231034.81999999998
2025-02-10 21:19 | INFO | Query 9 Active Learning Instance Cost: 1935181.49
2025-02-10 21:19 | INFO | Query 10 Size of the uncertainty table is = 9680/12024
2025-02-10 21:19 | INFO | Query 10 Size of the filtered table is = 121
2025-02-10 21:19 | INFO | Training Time Active Learning Classifier: 2.27 seconds
2025-02-10 21:19 | INFO | Training Time Active Learning Regressor: 0.7 seconds
2025-02-10 21:19 | INFO | Query 10 Active Learning Runtime on Validation Set: 229252.19
2025-02-10 21:19 | INFO | Query 10 Active Learning Runtime on Test Set: 159486.55
2025-02-10 21:19 | INFO | Query 10 Active Learning Instance Cost: 2053204.67
2025-02-10 21:19 | INFO | Query 11 Size of the uncertainty table is = 9359/12024
2025-02-10 21:19 | INFO | Query 11 Size of the filtered table is = 121
2025-02-10 21:19 | INFO | Training Time Active Learning Classifier: 2.29 seconds
2025-02-10 21:19 | INFO | Training Time Active Learning Regressor: 0.71 seconds
2025-02-10 21:20 | INFO | Query 11 Active Learning Runtime on Validation Set: 229291.75
2025-02-10 21:20 | INFO | Query 11 Active Learning Runtime on Test Set: 195065.31999999998
2025-02-10 21:20 | INFO | Query 11 Active Learning Instance Cost: 2160010.16
2025-02-10 21:20 | INFO | Timeout limit is increased to 3600
2025-02-10 21:20 | INFO | Query 12 Size of the uncertainty table is = 9081/12024
2025-02-10 21:20 | INFO | Query 12 Size of the filtered table is = 121
2025-02-10 21:20 | INFO | Training Time Active Learning Classifier: 2.33 seconds
2025-02-10 21:20 | INFO | Training Time Active Learning Regressor: 0.73 seconds
2025-02-10 21:20 | INFO | Query 12 Active Learning Runtime on Validation Set: 229295.88999999998
2025-02-10 21:20 | INFO | Query 12 Active Learning Runtime on Test Set: 231031.55
2025-02-10 21:20 | INFO | Query 12 Active Learning Instance Cost: 2319701.5
2025-02-10 21:20 | INFO | Timeout limit is increased to 3600
2025-02-10 21:20 | INFO | Query 13 Size of the uncertainty table is = 8807/12024
2025-02-10 21:20 | INFO | Query 13 Size of the filtered table is = 121
2025-02-10 21:20 | INFO | Training Time Active Learning Classifier: 2.35 seconds
2025-02-10 21:20 | INFO | Training Time Active Learning Regressor: 0.76 seconds
2025-02-10 21:20 | INFO | Query 13 Active Learning Runtime on Validation Set: 229270.63999999998
2025-02-10 21:20 | INFO | Query 13 Active Learning Runtime on Test Set: 195425.47
2025-02-10 21:20 | INFO | Query 13 Active Learning Instance Cost: 2489615.03
2025-02-10 21:21 | INFO | Query 14 Size of the uncertainty table is = 8531/12024
2025-02-10 21:21 | INFO | Query 14 Size of the filtered table is = 121
2025-02-10 21:21 | INFO | Training Time Active Learning Classifier: 2.44 seconds
2025-02-10 21:21 | INFO | Training Time Active Learning Regressor: 0.77 seconds
2025-02-10 21:21 | INFO | Query 14 Active Learning Runtime on Validation Set: 229067.38
2025-02-10 21:21 | INFO | Query 14 Active Learning Runtime on Test Set: 195558.68
2025-02-10 21:21 | INFO | Query 14 Active Learning Instance Cost: 2618141.62
2025-02-10 21:21 | INFO | Query 15 Size of the uncertainty table is = 8243/12024
2025-02-10 21:21 | INFO | Query 15 Size of the filtered table is = 121
2025-02-10 21:21 | INFO | Training Time Active Learning Classifier: 2.42 seconds
2025-02-10 21:21 | INFO | Training Time Active Learning Regressor: 0.87 seconds
2025-02-10 21:21 | INFO | Query 15 Active Learning Runtime on Validation Set: 229515.81
2025-02-10 21:21 | INFO | Query 15 Active Learning Runtime on Test Set: 160555.37
2025-02-10 21:21 | INFO | Query 15 Active Learning Instance Cost: 2728801.97
2025-02-10 21:21 | INFO | Timeout limit is increased to 3600
2025-02-10 21:21 | INFO | Query 16 Size of the uncertainty table is = 7960/12024
2025-02-10 21:21 | INFO | Query 16 Size of the filtered table is = 121
2025-02-10 21:21 | INFO | Training Time Active Learning Classifier: 2.46 seconds
2025-02-10 21:21 | INFO | Training Time Active Learning Regressor: 0.82 seconds
2025-02-10 21:22 | INFO | Query 16 Active Learning Runtime on Validation Set: 229211.58
2025-02-10 21:22 | INFO | Query 16 Active Learning Runtime on Test Set: 195562.69
2025-02-10 21:22 | INFO | Query 16 Active Learning Instance Cost: 2859300.41
2025-02-10 21:22 | INFO | Query 17 Size of the uncertainty table is = 7666/12024
2025-02-10 21:22 | INFO | Query 17 Size of the filtered table is = 121
2025-02-10 21:22 | INFO | Training Time Active Learning Classifier: 2.5 seconds
2025-02-10 21:22 | INFO | Training Time Active Learning Regressor: 0.83 seconds
2025-02-10 21:22 | INFO | Query 17 Active Learning Runtime on Validation Set: 229131.28999999998
2025-02-10 21:22 | INFO | Query 17 Active Learning Runtime on Test Set: 195538.63
2025-02-10 21:22 | INFO | Query 17 Active Learning Instance Cost: 2957392.49
2025-02-10 21:22 | INFO | Query 18 Size of the uncertainty table is = 7354/12024
2025-02-10 21:22 | INFO | Query 18 Size of the filtered table is = 121
2025-02-10 21:22 | INFO | Training Time Active Learning Classifier: 2.59 seconds
2025-02-10 21:22 | INFO | Training Time Active Learning Regressor: 0.86 seconds
2025-02-10 21:22 | INFO | Query 18 Active Learning Runtime on Validation Set: 228875.27
2025-02-10 21:22 | INFO | Query 18 Active Learning Runtime on Test Set: 195598.31999999998
2025-02-10 21:22 | INFO | Query 18 Active Learning Instance Cost: 3042342.79
2025-02-10 21:22 | INFO | Query 19 Size of the uncertainty table is = 7011/12024
2025-02-10 21:22 | INFO | Query 19 Size of the filtered table is = 121
2025-02-10 21:22 | INFO | Training Time Active Learning Classifier: 2.65 seconds
2025-02-10 21:22 | INFO | Training Time Active Learning Regressor: 0.89 seconds
2025-02-10 21:23 | INFO | Query 19 Active Learning Runtime on Validation Set: 229060.02
2025-02-10 21:23 | INFO | Query 19 Active Learning Runtime on Test Set: 160804.41999999998
2025-02-10 21:23 | INFO | Query 19 Active Learning Instance Cost: 3074534.76
2025-02-10 21:23 | INFO | Timeout limit is increased to 3600
2025-02-10 21:23 | INFO | Query 20 Size of the uncertainty table is = 6633/12024
2025-02-10 21:23 | INFO | Query 20 Size of the filtered table is = 121
2025-02-10 21:23 | INFO | Training Time Active Learning Classifier: 2.71 seconds
2025-02-10 21:23 | INFO | Training Time Active Learning Regressor: 0.92 seconds
2025-02-10 21:23 | INFO | Query 20 Active Learning Runtime on Validation Set: 229300.13999999998
2025-02-10 21:23 | INFO | Query 20 Active Learning Runtime on Test Set: 160526.28
2025-02-10 21:23 | INFO | Query 20 Active Learning Instance Cost: 3130791.97
2025-02-10 21:23 | INFO | Timeout limit is increased to 3600
2025-02-10 21:23 | INFO | Query 21 Size of the uncertainty table is = 6307/12024
2025-02-10 21:23 | INFO | Query 21 Size of the filtered table is = 121
2025-02-10 21:23 | INFO | Training Time Active Learning Classifier: 2.78 seconds
2025-02-10 21:23 | INFO | Training Time Active Learning Regressor: 0.94 seconds
2025-02-10 21:23 | INFO | Query 21 Active Learning Runtime on Validation Set: 228997.93
2025-02-10 21:23 | INFO | Query 21 Active Learning Runtime on Test Set: 231044.86
2025-02-10 21:23 | INFO | Query 21 Active Learning Instance Cost: 3260601.6
2025-02-10 21:23 | INFO | Query 22 Size of the uncertainty table is = 5960/12024
2025-02-10 21:23 | INFO | Query 22 Size of the filtered table is = 121
2025-02-10 21:24 | INFO | Training Time Active Learning Classifier: 2.83 seconds
2025-02-10 21:24 | INFO | Training Time Active Learning Regressor: 0.96 seconds
2025-02-10 21:24 | INFO | Query 22 Active Learning Runtime on Validation Set: 229204.46
2025-02-10 21:24 | INFO | Query 22 Active Learning Runtime on Test Set: 231578.22
2025-02-10 21:24 | INFO | Query 22 Active Learning Instance Cost: 3328218.84
2025-02-10 21:24 | INFO | Timeout limit is increased to 3600
2025-02-10 21:24 | INFO | Query 23 Size of the uncertainty table is = 5695/12024
2025-02-10 21:24 | INFO | Query 23 Size of the filtered table is = 121
2025-02-10 21:24 | INFO | Training Time Active Learning Classifier: 2.91 seconds
2025-02-10 21:24 | INFO | Training Time Active Learning Regressor: 0.99 seconds
2025-02-10 21:24 | INFO | Query 23 Active Learning Runtime on Validation Set: 229266.71
2025-02-10 21:24 | INFO | Query 23 Active Learning Runtime on Test Set: 232481.84
2025-02-10 21:24 | INFO | Query 23 Active Learning Instance Cost: 3443778.27
2025-02-10 21:24 | INFO | Timeout limit is increased to 3600
2025-02-10 21:24 | INFO | Query 24 Size of the uncertainty table is = 5325/12024
2025-02-10 21:24 | INFO | Query 24 Size of the filtered table is = 121
2025-02-10 21:24 | INFO | Training Time Active Learning Classifier: 2.99 seconds
2025-02-10 21:24 | INFO | Training Time Active Learning Regressor: 1.01 seconds
2025-02-10 21:25 | INFO | Query 24 Active Learning Runtime on Validation Set: 264841.47000000003
2025-02-10 21:25 | INFO | Query 24 Active Learning Runtime on Test Set: 162088.84
2025-02-10 21:25 | INFO | Query 24 Active Learning Instance Cost: 3509844.25
2025-02-10 21:25 | INFO | Timeout limit is increased to 3600
2025-02-10 21:25 | INFO | Query 25 Size of the uncertainty table is = 5018/12024
2025-02-10 21:25 | INFO | Query 25 Size of the filtered table is = 121
2025-02-10 21:25 | INFO | Training Time Active Learning Classifier: 3.04 seconds
2025-02-10 21:25 | INFO | Training Time Active Learning Regressor: 1.03 seconds
2025-02-10 21:25 | INFO | Query 25 Active Learning Runtime on Validation Set: 264848.15
2025-02-10 21:25 | INFO | Query 25 Active Learning Runtime on Test Set: 232271.02
2025-02-10 21:25 | INFO | Query 25 Active Learning Instance Cost: 3590257.96
2025-02-10 21:25 | INFO | Timeout limit is increased to 3600
2025-02-10 21:25 | INFO | Query 26 Size of the uncertainty table is = 4724/12024
2025-02-10 21:25 | INFO | Query 26 Size of the filtered table is = 121
2025-02-10 21:25 | INFO | Training Time Active Learning Classifier: 3.1 seconds
2025-02-10 21:25 | INFO | Training Time Active Learning Regressor: 1.06 seconds
2025-02-10 21:25 | INFO | Query 26 Active Learning Runtime on Validation Set: 371485.25
2025-02-10 21:25 | INFO | Query 26 Active Learning Runtime on Test Set: 232316.36
2025-02-10 21:25 | INFO | Query 26 Active Learning Instance Cost: 3667411.67
2025-02-10 21:25 | INFO | Timeout limit is increased to 3600
2025-02-10 21:25 | INFO | Query 27 Size of the uncertainty table is = 4421/12024
2025-02-10 21:25 | INFO | Query 27 Size of the filtered table is = 121
2025-02-10 21:25 | INFO | Training Time Active Learning Classifier: 3.19 seconds
2025-02-10 21:25 | INFO | Training Time Active Learning Regressor: 1.07 seconds
2025-02-10 21:26 | INFO | Query 27 Active Learning Runtime on Validation Set: 229495.25
2025-02-10 21:26 | INFO | Query 27 Active Learning Runtime on Test Set: 231417.94
2025-02-10 21:26 | INFO | Query 27 Active Learning Instance Cost: 3785903.82
2025-02-10 21:26 | INFO | Query 28 Size of the uncertainty table is = 4135/12024
2025-02-10 21:26 | INFO | Query 28 Size of the filtered table is = 121
2025-02-10 21:26 | INFO | Training Time Active Learning Classifier: 3.18 seconds
2025-02-10 21:26 | INFO | Training Time Active Learning Regressor: 1.08 seconds
2025-02-10 21:26 | INFO | Query 28 Active Learning Runtime on Validation Set: 300410.18
2025-02-10 21:26 | INFO | Query 28 Active Learning Runtime on Test Set: 230544.4
2025-02-10 21:26 | INFO | Query 28 Active Learning Instance Cost: 3910226.61
2025-02-10 21:26 | INFO | Timeout limit is increased to 3600
2025-02-10 21:26 | INFO | Query 29 Size of the uncertainty table is = 3751/12024
2025-02-10 21:26 | INFO | Query 29 Size of the filtered table is = 121
2025-02-10 21:26 | INFO | Training Time Active Learning Classifier: 3.24 seconds
2025-02-10 21:26 | INFO | Training Time Active Learning Regressor: 1.11 seconds
2025-02-10 21:26 | INFO | Query 29 Active Learning Runtime on Validation Set: 300273.27
2025-02-10 21:26 | INFO | Query 29 Active Learning Runtime on Test Set: 195044.78999999998
2025-02-10 21:26 | INFO | Query 29 Active Learning Instance Cost: 3992567.56
2025-02-10 21:26 | INFO | Query 30 Size of the uncertainty table is = 3440/12024
2025-02-10 21:26 | INFO | Query 30 Size of the filtered table is = 121
2025-02-10 21:26 | INFO | Training Time Active Learning Classifier: 3.28 seconds
2025-02-10 21:26 | INFO | Training Time Active Learning Regressor: 1.13 seconds
2025-02-10 21:27 | INFO | Query 30 Active Learning Runtime on Validation Set: 229468.21
2025-02-10 21:27 | INFO | Query 30 Active Learning Runtime on Test Set: 195404.02
2025-02-10 21:27 | INFO | Query 30 Active Learning Instance Cost: 4079867.38
2025-02-10 21:27 | INFO | Query 31 Size of the uncertainty table is = 3181/12024
2025-02-10 21:27 | INFO | Query 31 Size of the filtered table is = 121
2025-02-10 21:27 | INFO | Training Time Active Learning Classifier: 3.33 seconds
2025-02-10 21:27 | INFO | Training Time Active Learning Regressor: 1.14 seconds
2025-02-10 21:27 | INFO | Query 31 Active Learning Runtime on Validation Set: 229257.81
2025-02-10 21:27 | INFO | Query 31 Active Learning Runtime on Test Set: 160121.94999999998
2025-02-10 21:27 | INFO | Query 31 Active Learning Instance Cost: 4199549.26
2025-02-10 21:27 | INFO | Query 32 Size of the uncertainty table is = 2904/12024
2025-02-10 21:27 | INFO | Query 32 Size of the filtered table is = 121
2025-02-10 21:27 | INFO | Training Time Active Learning Classifier: 3.45 seconds
2025-02-10 21:27 | INFO | Training Time Active Learning Regressor: 1.17 seconds
2025-02-10 21:27 | INFO | Query 32 Active Learning Runtime on Validation Set: 264841.87
2025-02-10 21:27 | INFO | Query 32 Active Learning Runtime on Test Set: 160326.58
2025-02-10 21:27 | INFO | Query 32 Active Learning Instance Cost: 4321446.78
2025-02-10 21:27 | INFO | Timeout limit is increased to 3600
2025-02-10 21:27 | INFO | Query 33 Size of the uncertainty table is = 2647/12024
2025-02-10 21:27 | INFO | Query 33 Size of the filtered table is = 121
2025-02-10 21:28 | INFO | Training Time Active Learning Classifier: 3.46 seconds
2025-02-10 21:28 | INFO | Training Time Active Learning Regressor: 1.19 seconds
2025-02-10 21:28 | INFO | Query 33 Active Learning Runtime on Validation Set: 229171.13
2025-02-10 21:28 | INFO | Query 33 Active Learning Runtime on Test Set: 159176.63999999998
2025-02-10 21:28 | INFO | Query 33 Active Learning Instance Cost: 4415217.32
2025-02-10 21:28 | INFO | Query 34 Size of the uncertainty table is = 2369/12024
2025-02-10 21:28 | INFO | Query 34 Size of the filtered table is = 121
2025-02-10 21:28 | INFO | Training Time Active Learning Classifier: 3.62 seconds
2025-02-10 21:28 | INFO | Training Time Active Learning Regressor: 1.22 seconds
2025-02-10 21:28 | INFO | Query 34 Active Learning Runtime on Validation Set: 264935.12
2025-02-10 21:28 | INFO | Query 34 Active Learning Runtime on Test Set: 124256.58
2025-02-10 21:28 | INFO | Query 34 Active Learning Instance Cost: 4511883.95
2025-02-10 21:28 | INFO | Timeout limit is increased to 3600
2025-02-10 21:28 | INFO | Query 35 Size of the uncertainty table is = 2074/12024
2025-02-10 21:28 | INFO | Query 35 Size of the filtered table is = 121
2025-02-10 21:28 | INFO | Training Time Active Learning Classifier: 3.69 seconds
2025-02-10 21:28 | INFO | Training Time Active Learning Regressor: 1.23 seconds
2025-02-10 21:28 | INFO | Query 35 Active Learning Runtime on Validation Set: 300683.75
2025-02-10 21:28 | INFO | Query 35 Active Learning Runtime on Test Set: 53941.38
2025-02-10 21:28 | INFO | Query 35 Active Learning Instance Cost: 4684468.48
2025-02-10 21:28 | INFO | Timeout limit is increased to 3600
2025-02-10 21:29 | INFO | Query 36 Size of the uncertainty table is = 1716/12024
2025-02-10 21:29 | INFO | Query 36 Size of the filtered table is = 121
2025-02-10 21:29 | INFO | Training Time Active Learning Classifier: 3.79 seconds
2025-02-10 21:29 | INFO | Training Time Active Learning Regressor: 1.28 seconds
2025-02-10 21:29 | INFO | Query 36 Active Learning Runtime on Validation Set: 442926.91
2025-02-10 21:29 | INFO | Query 36 Active Learning Runtime on Test Set: 124104.81000000001
2025-02-10 21:29 | INFO | Query 36 Active Learning Instance Cost: 4770844.92
2025-02-10 21:29 | INFO | Timeout limit is increased to 3600
2025-02-10 21:29 | INFO | Query 37 Size of the uncertainty table is = 1377/12024
2025-02-10 21:29 | INFO | Query 37 Size of the filtered table is = 121
2025-02-10 21:29 | INFO | Training Time Active Learning Classifier: 3.84 seconds
2025-02-10 21:29 | INFO | Training Time Active Learning Regressor: 1.33 seconds
2025-02-10 21:29 | INFO | Query 37 Active Learning Runtime on Validation Set: 300654.81
2025-02-10 21:29 | INFO | Query 37 Active Learning Runtime on Test Set: 124227.94
2025-02-10 21:29 | INFO | Query 37 Active Learning Instance Cost: 4785603.58
2025-02-10 21:29 | INFO | Query 38 Size of the uncertainty table is = 1015/12024
2025-02-10 21:29 | INFO | Query 38 Size of the filtered table is = 121
2025-02-10 21:29 | INFO | Training Time Active Learning Classifier: 3.94 seconds
2025-02-10 21:29 | INFO | Training Time Active Learning Regressor: 1.36 seconds
2025-02-10 21:30 | INFO | Query 38 Active Learning Runtime on Validation Set: 229762.16999999998
2025-02-10 21:30 | INFO | Query 38 Active Learning Runtime on Test Set: 88920.34000000001
2025-02-10 21:30 | INFO | Query 38 Active Learning Instance Cost: 4818846.02
2025-02-10 21:30 | INFO | Query 39 Size of the uncertainty table is = 692/12024
2025-02-10 21:30 | INFO | Query 39 Size of the filtered table is = 121
2025-02-10 21:30 | INFO | Training Time Active Learning Classifier: 4.06 seconds
2025-02-10 21:30 | INFO | Training Time Active Learning Regressor: 1.41 seconds
2025-02-10 21:30 | INFO | Query 39 Active Learning Runtime on Validation Set: 229560.08
2025-02-10 21:30 | INFO | Query 39 Active Learning Runtime on Test Set: 88416.73000000001
2025-02-10 21:30 | INFO | Query 39 Active Learning Instance Cost: 4855480.58
2025-02-10 21:30 | INFO | Query 40 Size of the uncertainty table is = 368/12024
2025-02-10 21:30 | INFO | Query 40 Size of the filtered table is = 121
2025-02-10 21:30 | INFO | Training Time Active Learning Classifier: 4.17 seconds
2025-02-10 21:30 | INFO | Training Time Active Learning Regressor: 1.44 seconds
2025-02-10 21:30 | INFO | Query 40 Active Learning Runtime on Validation Set: 229442.25
2025-02-10 21:30 | INFO | Query 40 Active Learning Runtime on Test Set: 159810.43
2025-02-10 21:30 | INFO | Query 40 Active Learning Instance Cost: 4858160.18
2025-02-10 21:30 | INFO | Query 41 Size of the uncertainty table is = 143/12024
2025-02-10 21:30 | INFO | Query 41 Size of the filtered table is = 121
2025-02-10 21:30 | INFO | Training Time Active Learning Classifier: 4.19 seconds
2025-02-10 21:30 | INFO | Training Time Active Learning Regressor: 1.44 seconds
2025-02-10 21:31 | INFO | Query 41 Active Learning Runtime on Validation Set: 229594.53999999998
2025-02-10 21:31 | INFO | Query 41 Active Learning Runtime on Test Set: 124274.8
2025-02-10 21:31 | INFO | Query 41 Active Learning Instance Cost: 4858330.46
2025-02-10 21:31 | INFO | Timeout limit is increased to 3600
2025-02-10 21:31 | INFO | Active Learning Emissions: 0.010690224788653734
2025-02-10 21:31 | INFO | Active Learning Energy Consumption: 0.011631237551802124 kWh
2025-02-10 21:31 | INFO | runtime_test_score is written as json file
2025-02-10 21:31 | INFO | runtime_validation_score is written as json file
2025-02-10 21:31 | INFO | instance_cost is written as json file
2025-02-10 21:31 | INFO | Experiment is finished
