2025-02-10 21:30 | INFO | Paramaters are: {'dataset': 'SAT12-HAND', 'penalty': 10, 'weight': 'No_Weight', 'voting': 'Hard', 'pre_selection_size': 64, 'pre_selection_technique': 'No_pre_selection', 'feature_elimination_threshold': 20, 'imputer_strategy': 'median', 'feature_selection_technique': 'No_feature_selection', 'feature_scaling_technique': 'StandardScaler', 'priority': {'Uncertainty': 'max', 'PredDiff': 'max', 'PredCost': 'min'}, 'initial_train_size': 20, 'query_size': 1, 'timeout_predictor_usage': 'No', 'timeout_limit': 100, 'timeout_increase_rate': 100, 'penalty_type': 'Only-timeout-penalty', 'RANDOM_STATE_SEED': 7, 'n_splits': 10, 'split_number': 4, 'max_timeout': 3600, 'param_grid': {'n_estimators': 100, 'max_features': 'sqrt', 'max_depth': 2147483648, 'min_samples_split': 2, 'bootstrap': True}}
2025-02-10 21:30 | INFO | SAT12-HAND is current dataset
2025-02-10 21:30 | INFO | DATASETS/SAT12-HAND/algorithm_runs.arff is found
2025-02-10 21:30 | INFO | DATASETS/SAT12-HAND/algorithm_runs.arff is finished
2025-02-10 21:30 | INFO | DATASETS/SAT12-HAND/feature_values.arff is found
2025-02-10 21:30 | INFO | DATASETS/SAT12-HAND/feature_values.arff is finished
2025-02-10 21:30 | INFO | DATASETS/SAT12-HAND/feature_costs.arff is found
2025-02-10 21:30 | INFO | DATASETS/SAT12-HAND/feature_costs.arff is finished
2025-02-10 21:30 | INFO | Virtual best solver time in train = 77761.82
2025-02-10 21:30 | INFO | Single best solver list train = {'clasp1': 5585708.49, 'clasp2': 4905225.73, 'cryptominisat2011': 6225259.92, 'eagleup': 12996117.61, 'ebglucose': 6980621.48, 'ebminisat': 6482629.95, 'glucose2': 6259198.28, 'glueminisat': 6866066.18, 'gnoveltyp2': 11636603.82, 'lingeling': 6618688.08, 'lrglshr': 7840150.71, 'marchrw': 9349954.88, 'minisatpsm': 6840458.73, 'mphaseSAT': 4142882.59, 'mphaseSAT64': 4611513.64, 'mphaseSATm': 4145620.45, 'mxc09': 5840579.88, 'picosat': 6556466.02, 'precosat': 6116123.55, 'qutersat': 6437917.86, 'rcl': 7771218.4, 'restartsat': 6202526.21, 'sapperlot': 6884930.51, 'satime11': 9985243.33, 'sattime': 10196942.15, 'sattimep': 10055813.09, 'sol': 7297573.03, 'sparrow': 10132281.06, 'spear-hw': 8493799.58, 'spear-sw': 9532361.93, 'tnm': 10486014.12}
2025-02-10 21:30 | INFO | Single best solver time train = mphaseSAT (4142882.59)
2025-02-10 21:30 | INFO | Virtual best solver time in validation = 7113.27
2025-02-10 21:30 | INFO | Single best solver list validation = {'clasp1': 1665220.41, 'clasp2': 1593106.43, 'cryptominisat2011': 1806233.35, 'eagleup': 2701278.46, 'ebglucose': 1806812.68, 'ebminisat': 1554886.6, 'glucose2': 1628861.09, 'glueminisat': 1806544.74, 'gnoveltyp2': 1696338.74, 'lingeling': 1768947.16, 'lrglshr': 1700644.13, 'marchrw': 1877557.07, 'minisatpsm': 1732798.02, 'mphaseSAT': 1483233.83, 'mphaseSAT64': 1521053.56, 'mphaseSATm': 1555157.64, 'mxc09': 1736012.35, 'picosat': 1628598.98, 'precosat': 1555063.61, 'qutersat': 1807480.34, 'rcl': 1840407.72, 'restartsat': 1664952.89, 'sapperlot': 1697953.99, 'satime11': 1409110.05, 'sattime': 1337960.08, 'sattimep': 1338259.43, 'sol': 1337515.37, 'sparrow': 1406600.59, 'spear-hw': 1843310.84, 'spear-sw': 2450649.74, 'tnm': 1373878.42}
2025-02-10 21:30 | INFO | Single best solver time validation = sol (1337515.37)
2025-02-10 21:30 | INFO | Virtual best solver time in test = 7115.25
2025-02-10 21:30 | INFO | Single best solver list test = {'clasp1': 724972.83, 'clasp2': 653768.97, 'cryptominisat2011': 797570.01, 'eagleup': 1692000.52, 'ebglucose': 977703.41, 'ebminisat': 831480.11, 'glucose2': 940819.8, 'glueminisat': 726957.25, 'gnoveltyp2': 1369713.9, 'lingeling': 902774.12, 'lrglshr': 867987.55, 'marchrw': 1298760.27, 'minisatpsm': 975096.18, 'mphaseSAT': 615818.57, 'mphaseSAT64': 652592.26, 'mphaseSATm': 615734.33, 'mxc09': 725607.53, 'picosat': 976088.6, 'precosat': 795109.65, 'qutersat': 760698.42, 'rcl': 870957.9, 'restartsat': 831540.05, 'sapperlot': 799023.97, 'satime11': 1119346.24, 'sattime': 1118706.74, 'sattimep': 1188525.45, 'sol': 902839.1, 'sparrow': 1224825.32, 'spear-hw': 1118246.52, 'spear-sw': 1262951.85, 'tnm': 1262780.54}
2025-02-10 21:30 | INFO | Single best solver time test = mphaseSATm (615734.33)
2025-02-10 21:31 | INFO | Training Time Passive Learning Classifier: 50.52 seconds
2025-02-10 21:31 | INFO | Training Time Passive Learning Regressor: 4.87 seconds
2025-02-10 21:34 | INFO | Passive Learning Classifier Runtime on Validation Set: 1042318.02
2025-02-10 21:34 | INFO | Passive Learning Classifier Runtime on Test Set: 321261.49
2025-02-10 21:34 | INFO | Passive Learning Instance Cost: 24172491.26
2025-02-10 21:34 | INFO | Passive Learning Emissions: 0.0029860750415531155
2025-02-10 21:34 | INFO | Passive Learning Energy Consumption: 0.003248925896551292 kWh
2025-02-10 21:35 | INFO | Training Time Active Learning Classifier: 27.96 seconds
2025-02-10 21:35 | INFO | Training Time Active Learning Regressor: 1.47 seconds
2025-02-10 21:38 | INFO | Initial Active Learning Runtime on Validation Set: 1367792.08
2025-02-10 21:38 | INFO | Initial Active Learning Runtime on Test Set: 607090.17
2025-02-10 21:38 | INFO | Initial Active Learning Instance Cost: 48058.62
2025-02-10 21:38 | INFO | Bin size = 1693
2025-02-10 21:39 | INFO | Query 1 Size of the uncertainty table is = 175003/169260
2025-02-10 21:39 | INFO | Query 1 Size of the filtered table is = 1693
2025-02-10 21:40 | INFO | Training Time Active Learning Classifier: 26.2 seconds
2025-02-10 21:40 | INFO | Training Time Active Learning Regressor: 2.04 seconds
2025-02-10 21:43 | INFO | Query 1 Active Learning Runtime on Validation Set: 1330391.1
2025-02-10 21:43 | INFO | Query 1 Active Learning Runtime on Test Set: 571165.93
2025-02-10 21:43 | INFO | Query 1 Active Learning Instance Cost: 250305.44
2025-02-10 21:46 | INFO | Query 2 Size of the uncertainty table is = 170008/169260
2025-02-10 21:46 | INFO | Query 2 Size of the filtered table is = 1693
2025-02-10 21:46 | INFO | Training Time Active Learning Classifier: 27.14 seconds
2025-02-10 21:47 | INFO | Training Time Active Learning Regressor: 2.61 seconds
2025-02-10 21:50 | INFO | Query 2 Active Learning Runtime on Validation Set: 1151363.12
2025-02-10 21:50 | INFO | Query 2 Active Learning Runtime on Test Set: 497554.02999999997
2025-02-10 21:50 | INFO | Query 2 Active Learning Instance Cost: 410944.1
2025-02-10 21:53 | INFO | Query 3 Size of the uncertainty table is = 162420/169260
2025-02-10 21:53 | INFO | Query 3 Size of the filtered table is = 1693
2025-02-10 21:54 | INFO | Training Time Active Learning Classifier: 29.48 seconds
2025-02-10 21:54 | INFO | Training Time Active Learning Regressor: 3.1 seconds
2025-02-10 21:57 | INFO | Query 3 Active Learning Runtime on Validation Set: 1186552.9200000002
2025-02-10 21:57 | INFO | Query 3 Active Learning Runtime on Test Set: 462278.58999999997
2025-02-10 21:57 | INFO | Query 3 Active Learning Instance Cost: 527544.68
2025-02-10 21:57 | INFO | Timeout limit is increased to 200
2025-02-10 22:01 | INFO | Query 4 Size of the uncertainty table is = 153469/169260
2025-02-10 22:01 | INFO | Query 4 Size of the filtered table is = 1693
2025-02-10 22:02 | INFO | Training Time Active Learning Classifier: 31.77 seconds
2025-02-10 22:02 | INFO | Training Time Active Learning Regressor: 3.51 seconds
2025-02-10 22:05 | INFO | Query 4 Active Learning Runtime on Validation Set: 1186346.74
2025-02-10 22:05 | INFO | Query 4 Active Learning Runtime on Test Set: 390547.29
2025-02-10 22:05 | INFO | Query 4 Active Learning Instance Cost: 834207.24
2025-02-10 22:09 | INFO | Query 5 Size of the uncertainty table is = 144314/169260
2025-02-10 22:09 | INFO | Query 5 Size of the filtered table is = 1693
2025-02-10 22:10 | INFO | Training Time Active Learning Classifier: 33.48 seconds
2025-02-10 22:10 | INFO | Training Time Active Learning Regressor: 3.77 seconds
2025-02-10 22:13 | INFO | Query 5 Active Learning Runtime on Validation Set: 1149638.93
2025-02-10 22:13 | INFO | Query 5 Active Learning Runtime on Test Set: 390780.75
2025-02-10 22:13 | INFO | Query 5 Active Learning Instance Cost: 1063612.54
2025-02-10 22:17 | INFO | Query 6 Size of the uncertainty table is = 136990/169260
2025-02-10 22:17 | INFO | Query 6 Size of the filtered table is = 1693
2025-02-10 22:18 | INFO | Training Time Active Learning Classifier: 34.27 seconds
2025-02-10 22:18 | INFO | Training Time Active Learning Regressor: 3.98 seconds
2025-02-10 22:21 | INFO | Query 6 Active Learning Runtime on Validation Set: 1113539.02
2025-02-10 22:21 | INFO | Query 6 Active Learning Runtime on Test Set: 320041.85
2025-02-10 22:21 | INFO | Query 6 Active Learning Instance Cost: 1219068.09
2025-02-10 22:25 | INFO | Query 7 Size of the uncertainty table is = 131463/169260
2025-02-10 22:25 | INFO | Query 7 Size of the filtered table is = 1693
2025-02-10 22:26 | INFO | Training Time Active Learning Classifier: 35.7 seconds
2025-02-10 22:26 | INFO | Training Time Active Learning Regressor: 4.1 seconds
2025-02-10 22:30 | INFO | Query 7 Active Learning Runtime on Validation Set: 1078013.9000000001
2025-02-10 22:30 | INFO | Query 7 Active Learning Runtime on Test Set: 356197.61
2025-02-10 22:30 | INFO | Query 7 Active Learning Instance Cost: 1316372.43
2025-02-10 22:34 | INFO | Query 8 Size of the uncertainty table is = 127904/169260
2025-02-10 22:34 | INFO | Query 8 Size of the filtered table is = 1693
2025-02-10 22:35 | INFO | Training Time Active Learning Classifier: 35.86 seconds
2025-02-10 22:35 | INFO | Training Time Active Learning Regressor: 4.19 seconds
2025-02-10 22:38 | INFO | Query 8 Active Learning Runtime on Validation Set: 1150267.29
2025-02-10 22:38 | INFO | Query 8 Active Learning Runtime on Test Set: 391090.0
2025-02-10 22:38 | INFO | Query 8 Active Learning Instance Cost: 1389015.12
2025-02-10 22:38 | INFO | Timeout limit is increased to 300
2025-02-10 22:42 | INFO | Query 9 Size of the uncertainty table is = 124857/169260
2025-02-10 22:42 | INFO | Query 9 Size of the filtered table is = 1693
2025-02-10 22:43 | INFO | Training Time Active Learning Classifier: 36.87 seconds
2025-02-10 22:43 | INFO | Training Time Active Learning Regressor: 4.28 seconds
2025-02-10 22:46 | INFO | Query 9 Active Learning Runtime on Validation Set: 1042846.8300000001
2025-02-10 22:46 | INFO | Query 9 Active Learning Runtime on Test Set: 391018.45
2025-02-10 22:46 | INFO | Query 9 Active Learning Instance Cost: 1674727.0
2025-02-10 22:50 | INFO | Query 10 Size of the uncertainty table is = 121375/169260
2025-02-10 22:50 | INFO | Query 10 Size of the filtered table is = 1693
2025-02-10 22:51 | INFO | Training Time Active Learning Classifier: 38.15 seconds
2025-02-10 22:52 | INFO | Training Time Active Learning Regressor: 4.32 seconds
2025-02-10 22:55 | INFO | Query 10 Active Learning Runtime on Validation Set: 1114157.96
2025-02-10 22:55 | INFO | Query 10 Active Learning Runtime on Test Set: 356089.82
2025-02-10 22:55 | INFO | Query 10 Active Learning Instance Cost: 1834604.48
2025-02-10 22:55 | INFO | Timeout limit is increased to 400
2025-02-10 22:59 | INFO | Query 11 Size of the uncertainty table is = 118889/169260
2025-02-10 22:59 | INFO | Query 11 Size of the filtered table is = 1693
2025-02-10 23:00 | INFO | Training Time Active Learning Classifier: 39.06 seconds
2025-02-10 23:00 | INFO | Training Time Active Learning Regressor: 4.37 seconds
2025-02-10 23:03 | INFO | Query 11 Active Learning Runtime on Validation Set: 1078435.18
2025-02-10 23:03 | INFO | Query 11 Active Learning Runtime on Test Set: 356211.69
2025-02-10 23:03 | INFO | Query 11 Active Learning Instance Cost: 2163883.86
2025-02-10 23:07 | INFO | Query 12 Size of the uncertainty table is = 115980/169260
2025-02-10 23:07 | INFO | Query 12 Size of the filtered table is = 1693
2025-02-10 23:08 | INFO | Training Time Active Learning Classifier: 39.54 seconds
2025-02-10 23:08 | INFO | Training Time Active Learning Regressor: 4.52 seconds
2025-02-10 23:11 | INFO | Query 12 Active Learning Runtime on Validation Set: 1113795.1300000001
2025-02-10 23:11 | INFO | Query 12 Active Learning Runtime on Test Set: 356212.97
2025-02-10 23:11 | INFO | Query 12 Active Learning Instance Cost: 2372318.98
2025-02-10 23:11 | INFO | Timeout limit is increased to 500
2025-02-10 23:15 | INFO | Query 13 Size of the uncertainty table is = 113891/169260
2025-02-10 23:15 | INFO | Query 13 Size of the filtered table is = 1693
2025-02-10 23:16 | INFO | Training Time Active Learning Classifier: 40.32 seconds
2025-02-10 23:16 | INFO | Training Time Active Learning Regressor: 4.45 seconds
2025-02-10 23:20 | INFO | Query 13 Active Learning Runtime on Validation Set: 1041640.06
2025-02-10 23:20 | INFO | Query 13 Active Learning Runtime on Test Set: 321259.14
2025-02-10 23:20 | INFO | Query 13 Active Learning Instance Cost: 2744602.98
2025-02-10 23:23 | INFO | Query 14 Size of the uncertainty table is = 111280/169260
2025-02-10 23:23 | INFO | Query 14 Size of the filtered table is = 1693
2025-02-10 23:24 | INFO | Training Time Active Learning Classifier: 40.97 seconds
2025-02-10 23:25 | INFO | Training Time Active Learning Regressor: 4.47 seconds
2025-02-10 23:28 | INFO | Query 14 Active Learning Runtime on Validation Set: 1113511.47
2025-02-10 23:28 | INFO | Query 14 Active Learning Runtime on Test Set: 356212.45
2025-02-10 23:28 | INFO | Query 14 Active Learning Instance Cost: 2946918.64
2025-02-10 23:28 | INFO | Timeout limit is increased to 600
2025-02-10 23:32 | INFO | Query 15 Size of the uncertainty table is = 109519/169260
2025-02-10 23:32 | INFO | Query 15 Size of the filtered table is = 1693
2025-02-10 23:33 | INFO | Training Time Active Learning Classifier: 40.86 seconds
2025-02-10 23:33 | INFO | Training Time Active Learning Regressor: 4.5 seconds
2025-02-10 23:36 | INFO | Query 15 Active Learning Runtime on Validation Set: 1077579.25
2025-02-10 23:36 | INFO | Query 15 Active Learning Runtime on Test Set: 321258.99
2025-02-10 23:36 | INFO | Query 15 Active Learning Instance Cost: 3301126.18
2025-02-10 23:40 | INFO | Query 16 Size of the uncertainty table is = 107718/169260
2025-02-10 23:40 | INFO | Query 16 Size of the filtered table is = 1693
2025-02-10 23:41 | INFO | Training Time Active Learning Classifier: 41.64 seconds
2025-02-10 23:41 | INFO | Training Time Active Learning Regressor: 4.52 seconds
2025-02-10 23:44 | INFO | Query 16 Active Learning Runtime on Validation Set: 1041513.06
2025-02-10 23:44 | INFO | Query 16 Active Learning Runtime on Test Set: 356209.87
2025-02-10 23:44 | INFO | Query 16 Active Learning Instance Cost: 3492063.81
2025-02-10 23:48 | INFO | Query 17 Size of the uncertainty table is = 106495/169260
2025-02-10 23:48 | INFO | Query 17 Size of the filtered table is = 1693
2025-02-10 23:49 | INFO | Training Time Active Learning Classifier: 41.35 seconds
2025-02-10 23:49 | INFO | Training Time Active Learning Regressor: 5.13 seconds
2025-02-10 23:52 | INFO | Query 17 Active Learning Runtime on Validation Set: 1007179.41
2025-02-10 23:52 | INFO | Query 17 Active Learning Runtime on Test Set: 391077.51999999996
2025-02-10 23:52 | INFO | Query 17 Active Learning Instance Cost: 3614113.54
2025-02-10 23:56 | INFO | Query 18 Size of the uncertainty table is = 105843/169260
2025-02-10 23:56 | INFO | Query 18 Size of the filtered table is = 1693
2025-02-10 23:57 | INFO | Training Time Active Learning Classifier: 41.44 seconds
2025-02-10 23:57 | INFO | Training Time Active Learning Regressor: 4.54 seconds
2025-02-11 00:00 | INFO | Query 18 Active Learning Runtime on Validation Set: 934064.81
2025-02-11 00:00 | INFO | Query 18 Active Learning Runtime on Test Set: 355896.92
2025-02-11 00:00 | INFO | Query 18 Active Learning Instance Cost: 3681884.07
2025-02-11 00:04 | INFO | Query 19 Size of the uncertainty table is = 105483/169260
2025-02-11 00:04 | INFO | Query 19 Size of the filtered table is = 1693
2025-02-11 00:05 | INFO | Training Time Active Learning Classifier: 41.32 seconds
2025-02-11 00:05 | INFO | Training Time Active Learning Regressor: 5.15 seconds
2025-02-11 00:08 | INFO | Query 19 Active Learning Runtime on Validation Set: 899686.87
2025-02-11 00:08 | INFO | Query 19 Active Learning Runtime on Test Set: 356200.23
2025-02-11 00:08 | INFO | Query 19 Active Learning Instance Cost: 3725182.34
2025-02-11 00:12 | INFO | Query 20 Size of the uncertainty table is = 105172/169260
2025-02-11 00:12 | INFO | Query 20 Size of the filtered table is = 1693
2025-02-11 00:13 | INFO | Training Time Active Learning Classifier: 41.25 seconds
2025-02-11 00:13 | INFO | Training Time Active Learning Regressor: 4.51 seconds
2025-02-11 00:16 | INFO | Query 20 Active Learning Runtime on Validation Set: 971550.9800000001
2025-02-11 00:16 | INFO | Query 20 Active Learning Runtime on Test Set: 355898.62
2025-02-11 00:16 | INFO | Query 20 Active Learning Instance Cost: 3750126.03
2025-02-11 00:16 | INFO | Timeout limit is increased to 700
2025-02-11 00:20 | INFO | Query 21 Size of the uncertainty table is = 105016/169260
2025-02-11 00:20 | INFO | Query 21 Size of the filtered table is = 1693
2025-02-11 00:21 | INFO | Training Time Active Learning Classifier: 41.66 seconds
2025-02-11 00:21 | INFO | Training Time Active Learning Regressor: 4.57 seconds
2025-02-11 00:24 | INFO | Query 21 Active Learning Runtime on Validation Set: 1006654.18
2025-02-11 00:24 | INFO | Query 21 Active Learning Runtime on Test Set: 320184.01999999996
2025-02-11 00:24 | INFO | Query 21 Active Learning Instance Cost: 4004480.39
2025-02-11 00:24 | INFO | Timeout limit is increased to 800
2025-02-11 00:28 | INFO | Query 22 Size of the uncertainty table is = 104284/169260
2025-02-11 00:28 | INFO | Query 22 Size of the filtered table is = 1693
2025-02-11 00:29 | INFO | Training Time Active Learning Classifier: 42.2 seconds
2025-02-11 00:29 | INFO | Training Time Active Learning Regressor: 4.55 seconds
2025-02-11 00:32 | INFO | Query 22 Active Learning Runtime on Validation Set: 1149261.2
2025-02-11 00:32 | INFO | Query 22 Active Learning Runtime on Test Set: 214669.43000000002
2025-02-11 00:32 | INFO | Query 22 Active Learning Instance Cost: 4372990.42
2025-02-11 00:32 | INFO | Timeout limit is increased to 900
2025-02-11 00:36 | INFO | Query 23 Size of the uncertainty table is = 103377/169260
2025-02-11 00:36 | INFO | Query 23 Size of the filtered table is = 1693
2025-02-11 00:37 | INFO | Training Time Active Learning Classifier: 42.17 seconds
2025-02-11 00:37 | INFO | Training Time Active Learning Regressor: 4.56 seconds
2025-02-11 00:40 | INFO | Query 23 Active Learning Runtime on Validation Set: 970767.4600000001
2025-02-11 00:40 | INFO | Query 23 Active Learning Runtime on Test Set: 179679.89
2025-02-11 00:40 | INFO | Query 23 Active Learning Instance Cost: 4829151.51
2025-02-11 00:43 | INFO | Query 24 Size of the uncertainty table is = 101995/169260
2025-02-11 00:43 | INFO | Query 24 Size of the filtered table is = 1693
2025-02-11 00:44 | INFO | Training Time Active Learning Classifier: 42.91 seconds
2025-02-11 00:45 | INFO | Training Time Active Learning Regressor: 4.58 seconds
2025-02-11 00:48 | INFO | Query 24 Active Learning Runtime on Validation Set: 1042171.18
2025-02-11 00:48 | INFO | Query 24 Active Learning Runtime on Test Set: 214944.47000000003
2025-02-11 00:48 | INFO | Query 24 Active Learning Instance Cost: 5051644.06
2025-02-11 00:48 | INFO | Timeout limit is increased to 1000
2025-02-11 00:51 | INFO | Query 25 Size of the uncertainty table is = 100970/169260
2025-02-11 00:51 | INFO | Query 25 Size of the filtered table is = 1693
2025-02-11 00:52 | INFO | Training Time Active Learning Classifier: 43.24 seconds
2025-02-11 00:52 | INFO | Training Time Active Learning Regressor: 4.58 seconds
2025-02-11 00:56 | INFO | Query 25 Active Learning Runtime on Validation Set: 1042385.77
2025-02-11 00:56 | INFO | Query 25 Active Learning Runtime on Test Set: 215399.61000000002
2025-02-11 00:56 | INFO | Query 25 Active Learning Instance Cost: 5416982.59
2025-02-11 00:56 | INFO | Timeout limit is increased to 1100
2025-02-11 00:59 | INFO | Query 26 Size of the uncertainty table is = 99943/169260
2025-02-11 00:59 | INFO | Query 26 Size of the filtered table is = 1693
2025-02-11 01:00 | INFO | Training Time Active Learning Classifier: 43.09 seconds
2025-02-11 01:00 | INFO | Training Time Active Learning Regressor: 4.61 seconds
2025-02-11 01:04 | INFO | Query 26 Active Learning Runtime on Validation Set: 1114141.61
2025-02-11 01:04 | INFO | Query 26 Active Learning Runtime on Test Set: 214831.74000000002
2025-02-11 01:04 | INFO | Query 26 Active Learning Instance Cost: 5836356.9
2025-02-11 01:04 | INFO | Timeout limit is increased to 1200
2025-02-11 01:07 | INFO | Query 27 Size of the uncertainty table is = 98613/169260
2025-02-11 01:07 | INFO | Query 27 Size of the filtered table is = 1693
2025-02-11 01:08 | INFO | Training Time Active Learning Classifier: 44.08 seconds
2025-02-11 01:08 | INFO | Training Time Active Learning Regressor: 4.67 seconds
2025-02-11 01:11 | INFO | Query 27 Active Learning Runtime on Validation Set: 1007456.4500000001
2025-02-11 01:11 | INFO | Query 27 Active Learning Runtime on Test Set: 249597.22000000003
2025-02-11 01:11 | INFO | Query 27 Active Learning Instance Cost: 6313329.47
2025-02-11 01:15 | INFO | Query 28 Size of the uncertainty table is = 97387/169260
2025-02-11 01:15 | INFO | Query 28 Size of the filtered table is = 1693
2025-02-11 01:16 | INFO | Training Time Active Learning Classifier: 44.31 seconds
2025-02-11 01:16 | INFO | Training Time Active Learning Regressor: 4.6 seconds
2025-02-11 01:19 | INFO | Query 28 Active Learning Runtime on Validation Set: 1149432.96
2025-02-11 01:19 | INFO | Query 28 Active Learning Runtime on Test Set: 321217.81
2025-02-11 01:19 | INFO | Query 28 Active Learning Instance Cost: 6574986.72
2025-02-11 01:19 | INFO | Timeout limit is increased to 1300
2025-02-11 01:23 | INFO | Query 29 Size of the uncertainty table is = 96678/169260
2025-02-11 01:23 | INFO | Query 29 Size of the filtered table is = 1693
2025-02-11 01:23 | INFO | Training Time Active Learning Classifier: 43.86 seconds
2025-02-11 01:24 | INFO | Training Time Active Learning Regressor: 4.64 seconds
2025-02-11 01:27 | INFO | Query 29 Active Learning Runtime on Validation Set: 1149637.3
2025-02-11 01:27 | INFO | Query 29 Active Learning Runtime on Test Set: 286341.73
2025-02-11 01:27 | INFO | Query 29 Active Learning Instance Cost: 6932238.68
2025-02-11 01:27 | INFO | Timeout limit is increased to 1400
2025-02-11 01:30 | INFO | Query 30 Size of the uncertainty table is = 96274/169260
2025-02-11 01:30 | INFO | Query 30 Size of the filtered table is = 1693
2025-02-11 01:31 | INFO | Training Time Active Learning Classifier: 44.4 seconds
2025-02-11 01:31 | INFO | Training Time Active Learning Regressor: 4.63 seconds
2025-02-11 01:34 | INFO | Query 30 Active Learning Runtime on Validation Set: 1149182.8800000001
2025-02-11 01:34 | INFO | Query 30 Active Learning Runtime on Test Set: 286340.61
2025-02-11 01:34 | INFO | Query 30 Active Learning Instance Cost: 7297999.03
2025-02-11 01:38 | INFO | Query 31 Size of the uncertainty table is = 96017/169260
2025-02-11 01:38 | INFO | Query 31 Size of the filtered table is = 1693
2025-02-11 01:39 | INFO | Training Time Active Learning Classifier: 43.96 seconds
2025-02-11 01:39 | INFO | Training Time Active Learning Regressor: 4.63 seconds
2025-02-11 01:42 | INFO | Query 31 Active Learning Runtime on Validation Set: 1149182.8800000001
2025-02-11 01:42 | INFO | Query 31 Active Learning Runtime on Test Set: 321218.93
2025-02-11 01:42 | INFO | Query 31 Active Learning Instance Cost: 7420066.42
2025-02-11 01:42 | INFO | Timeout limit is increased to 1500
2025-02-11 01:45 | INFO | Query 32 Size of the uncertainty table is = 95912/169260
2025-02-11 01:45 | INFO | Query 32 Size of the filtered table is = 1693
2025-02-11 01:46 | INFO | Training Time Active Learning Classifier: 44.58 seconds
2025-02-11 01:46 | INFO | Training Time Active Learning Regressor: 4.63 seconds
2025-02-11 01:50 | INFO | Query 32 Active Learning Runtime on Validation Set: 1149182.82
2025-02-11 01:50 | INFO | Query 32 Active Learning Runtime on Test Set: 320833.39
2025-02-11 01:50 | INFO | Query 32 Active Learning Instance Cost: 7704125.2
2025-02-11 01:53 | INFO | Query 33 Size of the uncertainty table is = 95747/169260
2025-02-11 01:53 | INFO | Query 33 Size of the filtered table is = 1693
2025-02-11 01:54 | INFO | Training Time Active Learning Classifier: 43.99 seconds
2025-02-11 01:54 | INFO | Training Time Active Learning Regressor: 4.62 seconds
2025-02-11 01:57 | INFO | Query 33 Active Learning Runtime on Validation Set: 1113189.71
2025-02-11 01:57 | INFO | Query 33 Active Learning Runtime on Test Set: 285016.77
2025-02-11 01:57 | INFO | Query 33 Active Learning Instance Cost: 7791526.62
2025-02-11 02:01 | INFO | Query 34 Size of the uncertainty table is = 95586/169260
2025-02-11 02:01 | INFO | Query 34 Size of the filtered table is = 1693
2025-02-11 02:02 | INFO | Training Time Active Learning Classifier: 44.81 seconds
2025-02-11 02:02 | INFO | Training Time Active Learning Regressor: 4.66 seconds
2025-02-11 02:05 | INFO | Query 34 Active Learning Runtime on Validation Set: 1113189.37
2025-02-11 02:05 | INFO | Query 34 Active Learning Runtime on Test Set: 285016.77
2025-02-11 02:05 | INFO | Query 34 Active Learning Instance Cost: 7846915.41
2025-02-11 02:08 | INFO | Query 35 Size of the uncertainty table is = 95512/169260
2025-02-11 02:08 | INFO | Query 35 Size of the filtered table is = 1693
2025-02-11 02:09 | INFO | Training Time Active Learning Classifier: 43.98 seconds
2025-02-11 02:09 | INFO | Training Time Active Learning Regressor: 5.23 seconds
2025-02-11 02:13 | INFO | Query 35 Active Learning Runtime on Validation Set: 1113189.37
2025-02-11 02:13 | INFO | Query 35 Active Learning Runtime on Test Set: 285016.77
2025-02-11 02:13 | INFO | Query 35 Active Learning Instance Cost: 7887690.16
2025-02-11 02:13 | INFO | Timeout limit is increased to 1600
2025-02-11 02:16 | INFO | Query 36 Size of the uncertainty table is = 95504/169260
2025-02-11 02:16 | INFO | Query 36 Size of the filtered table is = 1693
2025-02-11 02:17 | INFO | Training Time Active Learning Classifier: 43.97 seconds
2025-02-11 02:17 | INFO | Training Time Active Learning Regressor: 4.65 seconds
2025-02-11 02:20 | INFO | Query 36 Active Learning Runtime on Validation Set: 1113189.71
2025-02-11 02:20 | INFO | Query 36 Active Learning Runtime on Test Set: 285016.77
2025-02-11 02:20 | INFO | Query 36 Active Learning Instance Cost: 8142623.46
2025-02-11 02:20 | INFO | Timeout limit is increased to 1700
2025-02-11 02:24 | INFO | Query 37 Size of the uncertainty table is = 95458/169260
2025-02-11 02:24 | INFO | Query 37 Size of the filtered table is = 1693
2025-02-11 02:25 | INFO | Training Time Active Learning Classifier: 44.61 seconds
2025-02-11 02:25 | INFO | Training Time Active Learning Regressor: 4.63 seconds
2025-02-11 02:28 | INFO | Query 37 Active Learning Runtime on Validation Set: 1113189.71
2025-02-11 02:28 | INFO | Query 37 Active Learning Runtime on Test Set: 285016.77
2025-02-11 02:28 | INFO | Query 37 Active Learning Instance Cost: 8428223.95
2025-02-11 02:28 | INFO | Timeout limit is increased to 1800
2025-02-11 02:31 | INFO | Query 38 Size of the uncertainty table is = 95348/169260
2025-02-11 02:31 | INFO | Query 38 Size of the filtered table is = 1693
2025-02-11 02:32 | INFO | Training Time Active Learning Classifier: 44.14 seconds
2025-02-11 02:32 | INFO | Training Time Active Learning Regressor: 4.65 seconds
2025-02-11 02:36 | INFO | Query 38 Active Learning Runtime on Validation Set: 1078109.82
2025-02-11 02:36 | INFO | Query 38 Active Learning Runtime on Test Set: 285016.77
2025-02-11 02:36 | INFO | Query 38 Active Learning Instance Cost: 8756649.87
2025-02-11 02:39 | INFO | Query 39 Size of the uncertainty table is = 95251/169260
2025-02-11 02:39 | INFO | Query 39 Size of the filtered table is = 1693
2025-02-11 02:40 | INFO | Training Time Active Learning Classifier: 44.07 seconds
2025-02-11 02:40 | INFO | Training Time Active Learning Regressor: 4.64 seconds
2025-02-11 02:43 | INFO | Query 39 Active Learning Runtime on Validation Set: 1078109.82
2025-02-11 02:43 | INFO | Query 39 Active Learning Runtime on Test Set: 285016.77
2025-02-11 02:43 | INFO | Query 39 Active Learning Instance Cost: 8849625.84
2025-02-11 02:43 | INFO | Timeout limit is increased to 1900
2025-02-11 02:46 | INFO | Query 40 Size of the uncertainty table is = 95206/169260
2025-02-11 02:46 | INFO | Query 40 Size of the filtered table is = 1693
2025-02-11 02:47 | INFO | Training Time Active Learning Classifier: 44.14 seconds
2025-02-11 02:47 | INFO | Training Time Active Learning Regressor: 4.63 seconds
2025-02-11 02:51 | INFO | Query 40 Active Learning Runtime on Validation Set: 1078109.82
2025-02-11 02:51 | INFO | Query 40 Active Learning Runtime on Test Set: 285016.77
2025-02-11 02:51 | INFO | Query 40 Active Learning Instance Cost: 9130407.01
2025-02-11 02:51 | INFO | Timeout limit is increased to 2000
2025-02-11 02:54 | INFO | Query 41 Size of the uncertainty table is = 95192/169260
2025-02-11 02:54 | INFO | Query 41 Size of the filtered table is = 1693
2025-02-11 02:55 | INFO | Training Time Active Learning Classifier: 44.61 seconds
2025-02-11 02:55 | INFO | Training Time Active Learning Regressor: 4.63 seconds
2025-02-11 02:58 | INFO | Query 41 Active Learning Runtime on Validation Set: 1078109.82
2025-02-11 02:58 | INFO | Query 41 Active Learning Runtime on Test Set: 285016.77
2025-02-11 02:58 | INFO | Query 41 Active Learning Instance Cost: 9401607.01
2025-02-11 02:58 | INFO | Timeout limit is increased to 2100
2025-02-11 03:02 | INFO | Query 42 Size of the uncertainty table is = 95192/169260
2025-02-11 03:02 | INFO | Query 42 Size of the filtered table is = 1693
2025-02-11 03:03 | INFO | Training Time Active Learning Classifier: 44.11 seconds
2025-02-11 03:03 | INFO | Training Time Active Learning Regressor: 4.64 seconds
2025-02-11 03:06 | INFO | Query 42 Active Learning Runtime on Validation Set: 1078109.82
2025-02-11 03:06 | INFO | Query 42 Active Learning Runtime on Test Set: 285016.77
2025-02-11 03:06 | INFO | Query 42 Active Learning Instance Cost: 9665007.01
2025-02-11 03:06 | INFO | Timeout limit is increased to 2200
2025-02-11 03:09 | INFO | Query 43 Size of the uncertainty table is = 95192/169260
2025-02-11 03:09 | INFO | Query 43 Size of the filtered table is = 1693
2025-02-11 03:10 | INFO | Training Time Active Learning Classifier: 44.1 seconds
2025-02-11 03:10 | INFO | Training Time Active Learning Regressor: 4.64 seconds
2025-02-11 03:14 | INFO | Query 43 Active Learning Runtime on Validation Set: 1078109.82
2025-02-11 03:14 | INFO | Query 43 Active Learning Runtime on Test Set: 285016.77
2025-02-11 03:14 | INFO | Query 43 Active Learning Instance Cost: 9931107.01
2025-02-11 03:14 | INFO | Timeout limit is increased to 2300
2025-02-11 03:17 | INFO | Query 44 Size of the uncertainty table is = 95192/169260
2025-02-11 03:17 | INFO | Query 44 Size of the filtered table is = 1693
2025-02-11 03:18 | INFO | Training Time Active Learning Classifier: 44.71 seconds
2025-02-11 03:18 | INFO | Training Time Active Learning Regressor: 4.65 seconds
2025-02-11 03:21 | INFO | Query 44 Active Learning Runtime on Validation Set: 1078109.82
2025-02-11 03:21 | INFO | Query 44 Active Learning Runtime on Test Set: 285016.77
2025-02-11 03:21 | INFO | Query 44 Active Learning Instance Cost: 10192107.01
2025-02-11 03:21 | INFO | Timeout limit is increased to 2400
2025-02-11 03:24 | INFO | Query 45 Size of the uncertainty table is = 95192/169260
2025-02-11 03:24 | INFO | Query 45 Size of the filtered table is = 1693
2025-02-11 03:25 | INFO | Training Time Active Learning Classifier: 44.71 seconds
2025-02-11 03:25 | INFO | Training Time Active Learning Regressor: 4.63 seconds
2025-02-11 03:29 | INFO | Query 45 Active Learning Runtime on Validation Set: 1078109.82
2025-02-11 03:29 | INFO | Query 45 Active Learning Runtime on Test Set: 285016.77
2025-02-11 03:29 | INFO | Query 45 Active Learning Instance Cost: 10461307.01
2025-02-11 03:29 | INFO | Timeout limit is increased to 2500
2025-02-11 03:32 | INFO | Query 46 Size of the uncertainty table is = 95192/169260
2025-02-11 03:32 | INFO | Query 46 Size of the filtered table is = 1693
2025-02-11 03:33 | INFO | Training Time Active Learning Classifier: 44.11 seconds
2025-02-11 03:33 | INFO | Training Time Active Learning Regressor: 4.64 seconds
2025-02-11 03:36 | INFO | Query 46 Active Learning Runtime on Validation Set: 1078109.82
2025-02-11 03:36 | INFO | Query 46 Active Learning Runtime on Test Set: 285016.77
2025-02-11 03:36 | INFO | Query 46 Active Learning Instance Cost: 10728607.01
2025-02-11 03:36 | INFO | Timeout limit is increased to 2600
2025-02-11 03:40 | INFO | Query 47 Size of the uncertainty table is = 95192/169260
2025-02-11 03:40 | INFO | Query 47 Size of the filtered table is = 1693
2025-02-11 03:41 | INFO | Training Time Active Learning Classifier: 44.08 seconds
2025-02-11 03:41 | INFO | Training Time Active Learning Regressor: 4.63 seconds
2025-02-11 03:44 | INFO | Query 47 Active Learning Runtime on Validation Set: 1078109.82
2025-02-11 03:44 | INFO | Query 47 Active Learning Runtime on Test Set: 285016.77
2025-02-11 03:44 | INFO | Query 47 Active Learning Instance Cost: 11002807.01
2025-02-11 03:44 | INFO | Timeout limit is increased to 2700
2025-02-11 03:47 | INFO | Query 48 Size of the uncertainty table is = 95192/169260
2025-02-11 03:47 | INFO | Query 48 Size of the filtered table is = 1693
2025-02-11 03:48 | INFO | Training Time Active Learning Classifier: 44.68 seconds
2025-02-11 03:48 | INFO | Training Time Active Learning Regressor: 4.65 seconds
2025-02-11 03:52 | INFO | Query 48 Active Learning Runtime on Validation Set: 1078109.82
2025-02-11 03:52 | INFO | Query 48 Active Learning Runtime on Test Set: 285016.77
2025-02-11 03:52 | INFO | Query 48 Active Learning Instance Cost: 11263807.01
2025-02-11 03:52 | INFO | Timeout limit is increased to 2800
2025-02-11 03:55 | INFO | Query 49 Size of the uncertainty table is = 95192/169260
2025-02-11 03:55 | INFO | Query 49 Size of the filtered table is = 1693
2025-02-11 03:56 | INFO | Training Time Active Learning Classifier: 44.07 seconds
2025-02-11 03:56 | INFO | Training Time Active Learning Regressor: 4.66 seconds
2025-02-11 03:59 | INFO | Query 49 Active Learning Runtime on Validation Set: 1078109.82
2025-02-11 03:59 | INFO | Query 49 Active Learning Runtime on Test Set: 285016.77
2025-02-11 03:59 | INFO | Query 49 Active Learning Instance Cost: 11532107.01
2025-02-11 03:59 | INFO | Timeout limit is increased to 2900
2025-02-11 04:03 | INFO | Query 50 Size of the uncertainty table is = 95192/169260
2025-02-11 04:03 | INFO | Query 50 Size of the filtered table is = 1693
2025-02-11 04:03 | INFO | Training Time Active Learning Classifier: 44.05 seconds
2025-02-11 04:04 | INFO | Training Time Active Learning Regressor: 4.63 seconds
2025-02-11 04:07 | INFO | Query 50 Active Learning Runtime on Validation Set: 1078109.82
2025-02-11 04:07 | INFO | Query 50 Active Learning Runtime on Test Set: 285016.77
2025-02-11 04:07 | INFO | Query 50 Active Learning Instance Cost: 11809107.01
2025-02-11 04:07 | INFO | Timeout limit is increased to 3000
2025-02-11 04:10 | INFO | Query 51 Size of the uncertainty table is = 95192/169260
2025-02-11 04:10 | INFO | Query 51 Size of the filtered table is = 1693
2025-02-11 04:11 | INFO | Training Time Active Learning Classifier: 44.67 seconds
2025-02-11 04:11 | INFO | Training Time Active Learning Regressor: 4.65 seconds
2025-02-11 04:14 | INFO | Query 51 Active Learning Runtime on Validation Set: 1078109.82
2025-02-11 04:14 | INFO | Query 51 Active Learning Runtime on Test Set: 285016.77
2025-02-11 04:14 | INFO | Query 51 Active Learning Instance Cost: 12066607.01
2025-02-11 04:14 | INFO | Timeout limit is increased to 3100
2025-02-11 04:18 | INFO | Query 52 Size of the uncertainty table is = 95192/169260
2025-02-11 04:18 | INFO | Query 52 Size of the filtered table is = 1693
2025-02-11 04:19 | INFO | Training Time Active Learning Classifier: 44.15 seconds
2025-02-11 04:19 | INFO | Training Time Active Learning Regressor: 4.65 seconds
2025-02-11 04:22 | INFO | Query 52 Active Learning Runtime on Validation Set: 1078109.82
2025-02-11 04:22 | INFO | Query 52 Active Learning Runtime on Test Set: 285016.77
2025-02-11 04:22 | INFO | Query 52 Active Learning Instance Cost: 12338807.01
2025-02-11 04:22 | INFO | Timeout limit is increased to 3200
2025-02-11 04:25 | INFO | Query 53 Size of the uncertainty table is = 95192/169260
2025-02-11 04:25 | INFO | Query 53 Size of the filtered table is = 1693
2025-02-11 04:26 | INFO | Training Time Active Learning Classifier: 44.28 seconds
2025-02-11 04:26 | INFO | Training Time Active Learning Regressor: 4.66 seconds
2025-02-11 04:30 | INFO | Query 53 Active Learning Runtime on Validation Set: 1078109.82
2025-02-11 04:30 | INFO | Query 53 Active Learning Runtime on Test Set: 285016.77
2025-02-11 04:30 | INFO | Query 53 Active Learning Instance Cost: 12601207.01
2025-02-11 04:30 | INFO | Timeout limit is increased to 3300
2025-02-11 04:33 | INFO | Query 54 Size of the uncertainty table is = 95192/169260
2025-02-11 04:33 | INFO | Query 54 Size of the filtered table is = 1693
2025-02-11 04:34 | INFO | Training Time Active Learning Classifier: 44.23 seconds
2025-02-11 04:34 | INFO | Training Time Active Learning Regressor: 4.66 seconds
2025-02-11 04:37 | INFO | Query 54 Active Learning Runtime on Validation Set: 1078109.82
2025-02-11 04:37 | INFO | Query 54 Active Learning Runtime on Test Set: 285016.77
2025-02-11 04:37 | INFO | Query 54 Active Learning Instance Cost: 12861507.01
2025-02-11 04:37 | INFO | Timeout limit is increased to 3400
2025-02-11 04:41 | INFO | Query 55 Size of the uncertainty table is = 95192/169260
2025-02-11 04:41 | INFO | Query 55 Size of the filtered table is = 1693
2025-02-11 04:41 | INFO | Training Time Active Learning Classifier: 44.78 seconds
2025-02-11 04:42 | INFO | Training Time Active Learning Regressor: 4.65 seconds
2025-02-11 04:45 | INFO | Query 55 Active Learning Runtime on Validation Set: 1078109.82
2025-02-11 04:45 | INFO | Query 55 Active Learning Runtime on Test Set: 285016.77
2025-02-11 04:45 | INFO | Query 55 Active Learning Instance Cost: 13125407.01
2025-02-11 04:45 | INFO | Timeout limit is increased to 3500
2025-02-11 04:48 | INFO | Query 56 Size of the uncertainty table is = 95192/169260
2025-02-11 04:48 | INFO | Query 56 Size of the filtered table is = 1693
2025-02-11 04:49 | INFO | Training Time Active Learning Classifier: 44.07 seconds
2025-02-11 04:49 | INFO | Training Time Active Learning Regressor: 4.63 seconds
2025-02-11 04:52 | INFO | Query 56 Active Learning Runtime on Validation Set: 1078109.82
2025-02-11 04:52 | INFO | Query 56 Active Learning Runtime on Test Set: 285016.77
2025-02-11 04:52 | INFO | Query 56 Active Learning Instance Cost: 13391307.01
2025-02-11 04:52 | INFO | Timeout limit is increased to 3600
2025-02-11 04:56 | INFO | Query 57 Size of the uncertainty table is = 95192/169260
2025-02-11 04:56 | INFO | Query 57 Size of the filtered table is = 1693
2025-02-11 04:57 | INFO | Training Time Active Learning Classifier: 44.83 seconds
2025-02-11 04:57 | INFO | Training Time Active Learning Regressor: 4.63 seconds
2025-02-11 05:00 | INFO | Query 57 Active Learning Runtime on Validation Set: 1078109.82
2025-02-11 05:00 | INFO | Query 57 Active Learning Runtime on Test Set: 285016.77
2025-02-11 05:00 | INFO | Query 57 Active Learning Instance Cost: 13661807.01
2025-02-11 05:00 | INFO | Timeout limit is increased to 3600
2025-02-11 05:01 | INFO | Query 58 Size of the uncertainty table is = 21628/169260
2025-02-11 05:01 | INFO | Query 58 Size of the filtered table is = 1693
2025-02-11 05:02 | INFO | Training Time Active Learning Classifier: 47.85 seconds
2025-02-11 05:02 | INFO | Training Time Active Learning Regressor: 4.88 seconds
2025-02-11 05:06 | INFO | Query 58 Active Learning Runtime on Validation Set: 1113616.51
2025-02-11 05:06 | INFO | Query 58 Active Learning Runtime on Test Set: 286540.05
2025-02-11 05:06 | INFO | Query 58 Active Learning Instance Cost: 15384302.33
2025-02-11 05:06 | INFO | Timeout limit is increased to 3600
2025-02-11 05:06 | INFO | Query 59 Size of the uncertainty table is = 4786/169260
2025-02-11 05:06 | INFO | Query 59 Size of the filtered table is = 1693
2025-02-11 05:07 | INFO | Training Time Active Learning Classifier: 47.92 seconds
2025-02-11 05:07 | INFO | Training Time Active Learning Regressor: 4.92 seconds
2025-02-11 05:11 | INFO | Query 59 Active Learning Runtime on Validation Set: 1077313.84
2025-02-11 05:11 | INFO | Query 59 Active Learning Runtime on Test Set: 250203.68000000002
2025-02-11 05:11 | INFO | Query 59 Active Learning Instance Cost: 16454785.42
2025-02-11 05:11 | INFO | Active Learning Emissions: 0.3230986331140099
2025-02-11 05:11 | INFO | Active Learning Energy Consumption: 0.35153956335888 kWh
2025-02-11 05:11 | INFO | runtime_test_score is written as json file
2025-02-11 05:11 | INFO | runtime_validation_score is written as json file
2025-02-11 05:11 | INFO | instance_cost is written as json file
2025-02-11 05:11 | INFO | Experiment is finished
