2025-02-10 21:18 | INFO | Paramaters are: {'dataset': 'SAT11-RAND', 'penalty': 10, 'weight': 'No_Weight', 'voting': 'Hard', 'pre_selection_size': 64, 'pre_selection_technique': 'No_pre_selection', 'feature_elimination_threshold': 20, 'imputer_strategy': 'median', 'feature_selection_technique': 'No_feature_selection', 'feature_scaling_technique': 'StandardScaler', 'priority': {'PredDiff': 'max', 'PredCost': 'min', 'Uncertainty': 'max'}, 'initial_train_size': 20, 'query_size': 1, 'timeout_predictor_usage': 'No', 'timeout_limit': 100, 'timeout_increase_rate': 100, 'penalty_type': 'Only-timeout-penalty', 'RANDOM_STATE_SEED': 99, 'n_splits': 10, 'split_number': 7, 'max_timeout': 3600, 'param_grid': {'n_estimators': 100, 'max_features': 'sqrt', 'max_depth': 2147483648, 'min_samples_split': 2, 'bootstrap': True}}
2025-02-10 21:18 | INFO | SAT11-RAND is current dataset
2025-02-10 21:18 | INFO | DATASETS/SAT11-RAND/algorithm_runs.arff is found
2025-02-10 21:18 | INFO | DATASETS/SAT11-RAND/algorithm_runs.arff is finished
2025-02-10 21:18 | INFO | DATASETS/SAT11-RAND/feature_values.arff is found
2025-02-10 21:18 | INFO | DATASETS/SAT11-RAND/feature_values.arff is finished
2025-02-10 21:18 | INFO | DATASETS/SAT11-RAND/feature_costs.arff is found
2025-02-10 21:18 | INFO | DATASETS/SAT11-RAND/feature_costs.arff is finished
2025-02-10 21:18 | INFO | Virtual best solver time in train = 83884.23
2025-02-10 21:18 | INFO | Single best solver list train = {'EagleUP_1.565.350': 4184660.92, 'MPhaseSAT_M_2011-02-16': 4275523.12, 'SAT09referencesolverTNM_2009-03-22': 4358083.68, 'SAT09referencesolvergnovelty+2_2009-03-22': 5250584.62, 'SAT09referencesolvermarch_hi_hi': 7172569.57, 'adaptg2wsat2011_2011-03-02': 4292956.99, 'march_rw_2011-03-02': 7166161.49, 'sattime2011_2011-03-02': 4070021.15, 'sparrow2011_sparrow2011_ubcsat1.2_2011-03-02': 3103998.47}
2025-02-10 21:18 | INFO | Single best solver time train = sparrow2011_sparrow2011_ubcsat1.2_2011-03-02 (3103998.47)
2025-02-10 21:18 | INFO | Virtual best solver time in validation = 34774.43
2025-02-10 21:18 | INFO | Single best solver list validation = {'EagleUP_1.565.350': 1260406.75, 'MPhaseSAT_M_2011-02-16': 222050.43, 'SAT09referencesolverTNM_2009-03-22': 1260382.09, 'SAT09referencesolvergnovelty+2_2009-03-22': 1260435.26, 'SAT09referencesolvermarch_hi_hi': 698850.39, 'adaptg2wsat2011_2011-03-02': 1260441.98, 'march_rw_2011-03-02': 700091.71, 'sattime2011_2011-03-02': 1260727.64, 'sparrow2011_sparrow2011_ubcsat1.2_2011-03-02': 1260513.86}
2025-02-10 21:18 | INFO | Single best solver time validation = MPhaseSAT_M_2011-02-16 (222050.43)
2025-02-10 21:18 | INFO | Virtual best solver time in test = 7540.6
2025-02-10 21:18 | INFO | Single best solver list test = {'EagleUP_1.565.350': 505469.9, 'MPhaseSAT_M_2011-02-16': 368413.01, 'SAT09referencesolverTNM_2009-03-22': 542955.69, 'SAT09referencesolvergnovelty+2_2009-03-22': 558997.68, 'SAT09referencesolvermarch_hi_hi': 940212.49, 'adaptg2wsat2011_2011-03-02': 439338.68, 'march_rw_2011-03-02': 939947.34, 'sattime2011_2011-03-02': 477226.76, 'sparrow2011_sparrow2011_ubcsat1.2_2011-03-02': 365301.23}
2025-02-10 21:18 | INFO | Single best solver time test = sparrow2011_sparrow2011_ubcsat1.2_2011-03-02 (365301.23)
2025-02-10 21:18 | INFO | Training Time Passive Learning Classifier: 4.18 seconds
2025-02-10 21:18 | INFO | Training Time Passive Learning Regressor: 1.4 seconds
2025-02-10 21:18 | INFO | Passive Learning Classifier Runtime on Validation Set: 229131.23
2025-02-10 21:18 | INFO | Passive Learning Classifier Runtime on Test Set: 15064.1
2025-02-10 21:18 | INFO | Passive Learning Instance Cost: 4994560.01
2025-02-10 21:18 | INFO | Passive Learning Emissions: 0.0002258809974679881
2025-02-10 21:18 | INFO | Passive Learning Energy Consumption: 0.0002457642932613251 kWh
2025-02-10 21:19 | INFO | Training Time Active Learning Classifier: 2.15 seconds
2025-02-10 21:19 | INFO | Training Time Active Learning Regressor: 0.49 seconds
2025-02-10 21:19 | INFO | Initial Active Learning Runtime on Validation Set: 228859.55
2025-02-10 21:19 | INFO | Initial Active Learning Runtime on Test Set: 86738.97
2025-02-10 21:19 | INFO | Initial Active Learning Instance Cost: 9942.11
2025-02-10 21:19 | INFO | Bin size = 121
2025-02-10 21:19 | INFO | Query 1 Size of the uncertainty table is = 12258/12024
2025-02-10 21:19 | INFO | Query 1 Size of the filtered table is = 121
2025-02-10 21:19 | INFO | Training Time Active Learning Classifier: 2.04 seconds
2025-02-10 21:19 | INFO | Training Time Active Learning Regressor: 0.45 seconds
2025-02-10 21:19 | INFO | Query 1 Active Learning Runtime on Validation Set: 370729.27
2025-02-10 21:19 | INFO | Query 1 Active Learning Runtime on Test Set: 122180.61
2025-02-10 21:19 | INFO | Query 1 Active Learning Instance Cost: 19059.72
2025-02-10 21:19 | INFO | Timeout limit is increased to 200
2025-02-10 21:19 | INFO | Query 2 Size of the uncertainty table is = 12122/12024
2025-02-10 21:19 | INFO | Query 2 Size of the filtered table is = 121
2025-02-10 21:19 | INFO | Training Time Active Learning Classifier: 2.01 seconds
2025-02-10 21:19 | INFO | Training Time Active Learning Regressor: 0.49 seconds
2025-02-10 21:19 | INFO | Query 2 Active Learning Runtime on Validation Set: 406362.91000000003
2025-02-10 21:19 | INFO | Query 2 Active Learning Runtime on Test Set: 155987.19
2025-02-10 21:19 | INFO | Query 2 Active Learning Instance Cost: 32428.89
2025-02-10 21:19 | INFO | Timeout limit is increased to 300
2025-02-10 21:20 | INFO | Query 3 Size of the uncertainty table is = 11919/12024
2025-02-10 21:20 | INFO | Query 3 Size of the filtered table is = 121
2025-02-10 21:20 | INFO | Training Time Active Learning Classifier: 2.04 seconds
2025-02-10 21:20 | INFO | Training Time Active Learning Regressor: 0.53 seconds
2025-02-10 21:20 | INFO | Query 3 Active Learning Runtime on Validation Set: 228532.21
2025-02-10 21:20 | INFO | Query 3 Active Learning Runtime on Test Set: 86636.51
2025-02-10 21:20 | INFO | Query 3 Active Learning Instance Cost: 46617.2
2025-02-10 21:20 | INFO | Query 4 Size of the uncertainty table is = 11682/12024
2025-02-10 21:20 | INFO | Query 4 Size of the filtered table is = 121
2025-02-10 21:20 | INFO | Training Time Active Learning Classifier: 2.18 seconds
2025-02-10 21:20 | INFO | Training Time Active Learning Regressor: 0.55 seconds
2025-02-10 21:20 | INFO | Query 4 Active Learning Runtime on Validation Set: 228850.96
2025-02-10 21:20 | INFO | Query 4 Active Learning Runtime on Test Set: 84567.01999999999
2025-02-10 21:20 | INFO | Query 4 Active Learning Instance Cost: 52896.97
2025-02-10 21:20 | INFO | Timeout limit is increased to 400
2025-02-10 21:20 | INFO | Query 5 Size of the uncertainty table is = 11361/12024
2025-02-10 21:20 | INFO | Query 5 Size of the filtered table is = 121
2025-02-10 21:20 | INFO | Training Time Active Learning Classifier: 2.14 seconds
2025-02-10 21:20 | INFO | Training Time Active Learning Regressor: 0.58 seconds
2025-02-10 21:21 | INFO | Query 5 Active Learning Runtime on Validation Set: 228538.49
2025-02-10 21:21 | INFO | Query 5 Active Learning Runtime on Test Set: 119999.73
2025-02-10 21:21 | INFO | Query 5 Active Learning Instance Cost: 66329.13
2025-02-10 21:21 | INFO | Query 6 Size of the uncertainty table is = 11020/12024
2025-02-10 21:21 | INFO | Query 6 Size of the filtered table is = 121
2025-02-10 21:21 | INFO | Training Time Active Learning Classifier: 2.19 seconds
2025-02-10 21:21 | INFO | Training Time Active Learning Regressor: 0.61 seconds
2025-02-10 21:21 | INFO | Query 6 Active Learning Runtime on Validation Set: 228559.53
2025-02-10 21:21 | INFO | Query 6 Active Learning Runtime on Test Set: 86303.06999999999
2025-02-10 21:21 | INFO | Query 6 Active Learning Instance Cost: 95290.02
2025-02-10 21:21 | INFO | Timeout limit is increased to 500
2025-02-10 21:21 | INFO | Query 7 Size of the uncertainty table is = 10717/12024
2025-02-10 21:21 | INFO | Query 7 Size of the filtered table is = 121
2025-02-10 21:21 | INFO | Training Time Active Learning Classifier: 2.24 seconds
2025-02-10 21:21 | INFO | Training Time Active Learning Regressor: 0.63 seconds
2025-02-10 21:21 | INFO | Query 7 Active Learning Runtime on Validation Set: 228817.28
2025-02-10 21:21 | INFO | Query 7 Active Learning Runtime on Test Set: 14911.99
2025-02-10 21:21 | INFO | Query 7 Active Learning Instance Cost: 136491.62
2025-02-10 21:21 | INFO | Timeout limit is increased to 600
2025-02-10 21:21 | INFO | Query 8 Size of the uncertainty table is = 10462/12024
2025-02-10 21:21 | INFO | Query 8 Size of the filtered table is = 121
2025-02-10 21:21 | INFO | Training Time Active Learning Classifier: 2.25 seconds
2025-02-10 21:21 | INFO | Training Time Active Learning Regressor: 0.66 seconds
2025-02-10 21:22 | INFO | Query 8 Active Learning Runtime on Validation Set: 228926.08
2025-02-10 21:22 | INFO | Query 8 Active Learning Runtime on Test Set: 120018.06
2025-02-10 21:22 | INFO | Query 8 Active Learning Instance Cost: 191102.3
2025-02-10 21:22 | INFO | Timeout limit is increased to 700
2025-02-10 21:22 | INFO | Query 9 Size of the uncertainty table is = 10253/12024
2025-02-10 21:22 | INFO | Query 9 Size of the filtered table is = 121
2025-02-10 21:22 | INFO | Training Time Active Learning Classifier: 2.28 seconds
2025-02-10 21:22 | INFO | Training Time Active Learning Regressor: 0.67 seconds
2025-02-10 21:22 | INFO | Query 9 Active Learning Runtime on Validation Set: 228831.26
2025-02-10 21:22 | INFO | Query 9 Active Learning Runtime on Test Set: 50982.95
2025-02-10 21:22 | INFO | Query 9 Active Learning Instance Cost: 244939.35
2025-02-10 21:22 | INFO | Query 10 Size of the uncertainty table is = 10086/12024
2025-02-10 21:22 | INFO | Query 10 Size of the filtered table is = 121
2025-02-10 21:22 | INFO | Training Time Active Learning Classifier: 2.3 seconds
2025-02-10 21:22 | INFO | Training Time Active Learning Regressor: 0.7 seconds
2025-02-10 21:22 | INFO | Query 10 Active Learning Runtime on Validation Set: 228652.66999999998
2025-02-10 21:22 | INFO | Query 10 Active Learning Runtime on Test Set: 15226.64
2025-02-10 21:22 | INFO | Query 10 Active Learning Instance Cost: 292076.45
2025-02-10 21:22 | INFO | Query 11 Size of the uncertainty table is = 9902/12024
2025-02-10 21:22 | INFO | Query 11 Size of the filtered table is = 121
2025-02-10 21:23 | INFO | Training Time Active Learning Classifier: 2.33 seconds
2025-02-10 21:23 | INFO | Training Time Active Learning Regressor: 0.71 seconds
2025-02-10 21:23 | INFO | Query 11 Active Learning Runtime on Validation Set: 228648.94999999998
2025-02-10 21:23 | INFO | Query 11 Active Learning Runtime on Test Set: 15361.93
2025-02-10 21:23 | INFO | Query 11 Active Learning Instance Cost: 327727.25
2025-02-10 21:23 | INFO | Query 12 Size of the uncertainty table is = 9694/12024
2025-02-10 21:23 | INFO | Query 12 Size of the filtered table is = 121
2025-02-10 21:23 | INFO | Training Time Active Learning Classifier: 2.45 seconds
2025-02-10 21:23 | INFO | Training Time Active Learning Regressor: 0.74 seconds
2025-02-10 21:23 | INFO | Query 12 Active Learning Runtime on Validation Set: 228679.78
2025-02-10 21:23 | INFO | Query 12 Active Learning Runtime on Test Set: 15290.470000000001
2025-02-10 21:23 | INFO | Query 12 Active Learning Instance Cost: 364538.11
2025-02-10 21:23 | INFO | Timeout limit is increased to 800
2025-02-10 21:23 | INFO | Query 13 Size of the uncertainty table is = 9461/12024
2025-02-10 21:23 | INFO | Query 13 Size of the filtered table is = 121
2025-02-10 21:23 | INFO | Training Time Active Learning Classifier: 2.43 seconds
2025-02-10 21:23 | INFO | Training Time Active Learning Regressor: 0.77 seconds
2025-02-10 21:24 | INFO | Query 13 Active Learning Runtime on Validation Set: 228662.25
2025-02-10 21:24 | INFO | Query 13 Active Learning Runtime on Test Set: 15258.0
2025-02-10 21:24 | INFO | Query 13 Active Learning Instance Cost: 403114.68
2025-02-10 21:24 | INFO | Query 14 Size of the uncertainty table is = 9235/12024
2025-02-10 21:24 | INFO | Query 14 Size of the filtered table is = 121
2025-02-10 21:24 | INFO | Training Time Active Learning Classifier: 2.48 seconds
2025-02-10 21:24 | INFO | Training Time Active Learning Regressor: 0.81 seconds
2025-02-10 21:24 | INFO | Query 14 Active Learning Runtime on Validation Set: 228643.03
2025-02-10 21:24 | INFO | Query 14 Active Learning Runtime on Test Set: 17472.32
2025-02-10 21:24 | INFO | Query 14 Active Learning Instance Cost: 426677.12
2025-02-10 21:24 | INFO | Query 15 Size of the uncertainty table is = 8941/12024
2025-02-10 21:24 | INFO | Query 15 Size of the filtered table is = 121
2025-02-10 21:24 | INFO | Training Time Active Learning Classifier: 2.58 seconds
2025-02-10 21:24 | INFO | Training Time Active Learning Regressor: 0.84 seconds
2025-02-10 21:24 | INFO | Query 15 Active Learning Runtime on Validation Set: 228643.03
2025-02-10 21:24 | INFO | Query 15 Active Learning Runtime on Test Set: 17489.190000000002
2025-02-10 21:24 | INFO | Query 15 Active Learning Instance Cost: 456190.05
2025-02-10 21:24 | INFO | Timeout limit is increased to 900
2025-02-10 21:24 | INFO | Query 16 Size of the uncertainty table is = 8636/12024
2025-02-10 21:24 | INFO | Query 16 Size of the filtered table is = 121
2025-02-10 21:24 | INFO | Training Time Active Learning Classifier: 2.69 seconds
2025-02-10 21:24 | INFO | Training Time Active Learning Regressor: 0.88 seconds
2025-02-10 21:25 | INFO | Query 16 Active Learning Runtime on Validation Set: 228805.93
2025-02-10 21:25 | INFO | Query 16 Active Learning Runtime on Test Set: 17561.92
2025-02-10 21:25 | INFO | Query 16 Active Learning Instance Cost: 506735.75
2025-02-10 21:25 | INFO | Timeout limit is increased to 1000
2025-02-10 21:25 | INFO | Query 17 Size of the uncertainty table is = 8394/12024
2025-02-10 21:25 | INFO | Query 17 Size of the filtered table is = 121
2025-02-10 21:25 | INFO | Training Time Active Learning Classifier: 2.64 seconds
2025-02-10 21:25 | INFO | Training Time Active Learning Regressor: 0.9 seconds
2025-02-10 21:25 | INFO | Query 17 Active Learning Runtime on Validation Set: 228642.97
2025-02-10 21:25 | INFO | Query 17 Active Learning Runtime on Test Set: 19025.64
2025-02-10 21:25 | INFO | Query 17 Active Learning Instance Cost: 567963.75
2025-02-10 21:25 | INFO | Query 18 Size of the uncertainty table is = 8197/12024
2025-02-10 21:25 | INFO | Query 18 Size of the filtered table is = 121
2025-02-10 21:25 | INFO | Training Time Active Learning Classifier: 2.67 seconds
2025-02-10 21:25 | INFO | Training Time Active Learning Regressor: 0.91 seconds
2025-02-10 21:25 | INFO | Query 18 Active Learning Runtime on Validation Set: 228794.19999999998
2025-02-10 21:25 | INFO | Query 18 Active Learning Runtime on Test Set: 15234.57
2025-02-10 21:25 | INFO | Query 18 Active Learning Instance Cost: 620516.81
2025-02-10 21:25 | INFO | Timeout limit is increased to 1100
2025-02-10 21:26 | INFO | Query 19 Size of the uncertainty table is = 8005/12024
2025-02-10 21:26 | INFO | Query 19 Size of the filtered table is = 121
2025-02-10 21:26 | INFO | Training Time Active Learning Classifier: 2.73 seconds
2025-02-10 21:26 | INFO | Training Time Active Learning Regressor: 0.93 seconds
2025-02-10 21:26 | INFO | Query 19 Active Learning Runtime on Validation Set: 228677.03
2025-02-10 21:26 | INFO | Query 19 Active Learning Runtime on Test Set: 19010.0
2025-02-10 21:26 | INFO | Query 19 Active Learning Instance Cost: 673175.98
2025-02-10 21:26 | INFO | Query 20 Size of the uncertainty table is = 7755/12024
2025-02-10 21:26 | INFO | Query 20 Size of the filtered table is = 121
2025-02-10 21:26 | INFO | Training Time Active Learning Classifier: 2.75 seconds
2025-02-10 21:26 | INFO | Training Time Active Learning Regressor: 0.95 seconds
2025-02-10 21:26 | INFO | Query 20 Active Learning Runtime on Validation Set: 228743.32
2025-02-10 21:26 | INFO | Query 20 Active Learning Runtime on Test Set: 18956.6
2025-02-10 21:26 | INFO | Query 20 Active Learning Instance Cost: 738901.34
2025-02-10 21:26 | INFO | Timeout limit is increased to 1200
2025-02-10 21:26 | INFO | Query 21 Size of the uncertainty table is = 7595/12024
2025-02-10 21:26 | INFO | Query 21 Size of the filtered table is = 121
2025-02-10 21:26 | INFO | Training Time Active Learning Classifier: 2.88 seconds
2025-02-10 21:26 | INFO | Training Time Active Learning Regressor: 0.97 seconds
2025-02-10 21:27 | INFO | Query 21 Active Learning Runtime on Validation Set: 228823.51
2025-02-10 21:27 | INFO | Query 21 Active Learning Runtime on Test Set: 18982.45
2025-02-10 21:27 | INFO | Query 21 Active Learning Instance Cost: 775169.1
2025-02-10 21:27 | INFO | Timeout limit is increased to 1300
2025-02-10 21:27 | INFO | Query 22 Size of the uncertainty table is = 7403/12024
2025-02-10 21:27 | INFO | Query 22 Size of the filtered table is = 121
2025-02-10 21:27 | INFO | Training Time Active Learning Classifier: 2.83 seconds
2025-02-10 21:27 | INFO | Training Time Active Learning Regressor: 0.99 seconds
2025-02-10 21:27 | INFO | Query 22 Active Learning Runtime on Validation Set: 228565.91999999998
2025-02-10 21:27 | INFO | Query 22 Active Learning Runtime on Test Set: 19095.489999999998
2025-02-10 21:27 | INFO | Query 22 Active Learning Instance Cost: 859823.64
2025-02-10 21:27 | INFO | Query 23 Size of the uncertainty table is = 7251/12024
2025-02-10 21:27 | INFO | Query 23 Size of the filtered table is = 121
2025-02-10 21:27 | INFO | Training Time Active Learning Classifier: 2.88 seconds
2025-02-10 21:27 | INFO | Training Time Active Learning Regressor: 1.0 seconds
2025-02-10 21:27 | INFO | Query 23 Active Learning Runtime on Validation Set: 228631.9
2025-02-10 21:27 | INFO | Query 23 Active Learning Runtime on Test Set: 15073.150000000001
2025-02-10 21:27 | INFO | Query 23 Active Learning Instance Cost: 925356.52
2025-02-10 21:27 | INFO | Timeout limit is increased to 1400
2025-02-10 21:28 | INFO | Query 24 Size of the uncertainty table is = 7068/12024
2025-02-10 21:28 | INFO | Query 24 Size of the filtered table is = 121
2025-02-10 21:28 | INFO | Training Time Active Learning Classifier: 2.92 seconds
2025-02-10 21:28 | INFO | Training Time Active Learning Regressor: 1.03 seconds
2025-02-10 21:28 | INFO | Query 24 Active Learning Runtime on Validation Set: 228706.91999999998
2025-02-10 21:28 | INFO | Query 24 Active Learning Runtime on Test Set: 15066.779999999999
2025-02-10 21:28 | INFO | Query 24 Active Learning Instance Cost: 998679.73
2025-02-10 21:28 | INFO | Timeout limit is increased to 1500
2025-02-10 21:28 | INFO | Query 25 Size of the uncertainty table is = 6873/12024
2025-02-10 21:28 | INFO | Query 25 Size of the filtered table is = 121
2025-02-10 21:28 | INFO | Training Time Active Learning Classifier: 2.97 seconds
2025-02-10 21:28 | INFO | Training Time Active Learning Regressor: 1.12 seconds
2025-02-10 21:28 | INFO | Query 25 Active Learning Runtime on Validation Set: 228685.55
2025-02-10 21:28 | INFO | Query 25 Active Learning Runtime on Test Set: 15087.060000000001
2025-02-10 21:28 | INFO | Query 25 Active Learning Instance Cost: 1067043.28
2025-02-10 21:28 | INFO | Query 26 Size of the uncertainty table is = 6679/12024
2025-02-10 21:28 | INFO | Query 26 Size of the filtered table is = 121
2025-02-10 21:28 | INFO | Training Time Active Learning Classifier: 3.11 seconds
2025-02-10 21:28 | INFO | Training Time Active Learning Regressor: 1.05 seconds
2025-02-10 21:29 | INFO | Query 26 Active Learning Runtime on Validation Set: 228567.05
2025-02-10 21:29 | INFO | Query 26 Active Learning Runtime on Test Set: 50653.520000000004
2025-02-10 21:29 | INFO | Query 26 Active Learning Instance Cost: 1167733.18
2025-02-10 21:29 | INFO | Query 27 Size of the uncertainty table is = 6465/12024
2025-02-10 21:29 | INFO | Query 27 Size of the filtered table is = 121
2025-02-10 21:29 | INFO | Training Time Active Learning Classifier: 3.16 seconds
2025-02-10 21:29 | INFO | Training Time Active Learning Regressor: 1.07 seconds
2025-02-10 21:29 | INFO | Query 27 Active Learning Runtime on Validation Set: 228588.1
2025-02-10 21:29 | INFO | Query 27 Active Learning Runtime on Test Set: 50525.84
2025-02-10 21:29 | INFO | Query 27 Active Learning Instance Cost: 1234274.66
2025-02-10 21:29 | INFO | Timeout limit is increased to 1600
2025-02-10 21:29 | INFO | Query 28 Size of the uncertainty table is = 6236/12024
2025-02-10 21:29 | INFO | Query 28 Size of the filtered table is = 121
2025-02-10 21:29 | INFO | Training Time Active Learning Classifier: 3.14 seconds
2025-02-10 21:29 | INFO | Training Time Active Learning Regressor: 1.08 seconds
2025-02-10 21:29 | INFO | Query 28 Active Learning Runtime on Validation Set: 264543.06
2025-02-10 21:29 | INFO | Query 28 Active Learning Runtime on Test Set: 15005.810000000001
2025-02-10 21:29 | INFO | Query 28 Active Learning Instance Cost: 1307588.34
2025-02-10 21:29 | INFO | Timeout limit is increased to 1700
2025-02-10 21:30 | INFO | Query 29 Size of the uncertainty table is = 6056/12024
2025-02-10 21:30 | INFO | Query 29 Size of the filtered table is = 121
2025-02-10 21:30 | INFO | Training Time Active Learning Classifier: 3.18 seconds
2025-02-10 21:30 | INFO | Training Time Active Learning Regressor: 1.1 seconds
2025-02-10 21:30 | INFO | Query 29 Active Learning Runtime on Validation Set: 300096.95
2025-02-10 21:30 | INFO | Query 29 Active Learning Runtime on Test Set: 50530.03999999999
2025-02-10 21:30 | INFO | Query 29 Active Learning Instance Cost: 1388402.46
2025-02-10 21:30 | INFO | Timeout limit is increased to 1800
2025-02-10 21:30 | INFO | Query 30 Size of the uncertainty table is = 5873/12024
2025-02-10 21:30 | INFO | Query 30 Size of the filtered table is = 121
2025-02-10 21:30 | INFO | Training Time Active Learning Classifier: 3.24 seconds
2025-02-10 21:30 | INFO | Training Time Active Learning Regressor: 1.11 seconds
2025-02-10 21:30 | INFO | Query 30 Active Learning Runtime on Validation Set: 228678.21
2025-02-10 21:30 | INFO | Query 30 Active Learning Runtime on Test Set: 15081.41
2025-02-10 21:30 | INFO | Query 30 Active Learning Instance Cost: 1464678.3
2025-02-10 21:30 | INFO | Query 31 Size of the uncertainty table is = 5635/12024
2025-02-10 21:30 | INFO | Query 31 Size of the filtered table is = 121
2025-02-10 21:30 | INFO | Training Time Active Learning Classifier: 3.27 seconds
2025-02-10 21:30 | INFO | Training Time Active Learning Regressor: 1.12 seconds
2025-02-10 21:31 | INFO | Query 31 Active Learning Runtime on Validation Set: 228590.38
2025-02-10 21:31 | INFO | Query 31 Active Learning Runtime on Test Set: 50643.83
2025-02-10 21:31 | INFO | Query 31 Active Learning Instance Cost: 1542167.14
2025-02-10 21:31 | INFO | Query 32 Size of the uncertainty table is = 5457/12024
2025-02-10 21:31 | INFO | Query 32 Size of the filtered table is = 121
2025-02-10 21:31 | INFO | Training Time Active Learning Classifier: 3.32 seconds
2025-02-10 21:31 | INFO | Training Time Active Learning Regressor: 1.14 seconds
2025-02-10 21:31 | INFO | Query 32 Active Learning Runtime on Validation Set: 228590.27
2025-02-10 21:31 | INFO | Query 32 Active Learning Runtime on Test Set: 50778.8
2025-02-10 21:31 | INFO | Query 32 Active Learning Instance Cost: 1584553.77
2025-02-10 21:31 | INFO | Query 33 Size of the uncertainty table is = 5272/12024
2025-02-10 21:31 | INFO | Query 33 Size of the filtered table is = 121
2025-02-10 21:31 | INFO | Training Time Active Learning Classifier: 3.36 seconds
2025-02-10 21:31 | INFO | Training Time Active Learning Regressor: 1.15 seconds
2025-02-10 21:31 | INFO | Query 33 Active Learning Runtime on Validation Set: 228481.99
2025-02-10 21:31 | INFO | Query 33 Active Learning Runtime on Test Set: 86151.05
2025-02-10 21:31 | INFO | Query 33 Active Learning Instance Cost: 1619028.71
2025-02-10 21:32 | INFO | Query 34 Size of the uncertainty table is = 5100/12024
2025-02-10 21:32 | INFO | Query 34 Size of the filtered table is = 121
2025-02-10 21:32 | INFO | Training Time Active Learning Classifier: 3.41 seconds
2025-02-10 21:32 | INFO | Training Time Active Learning Regressor: 1.17 seconds
2025-02-10 21:32 | INFO | Query 34 Active Learning Runtime on Validation Set: 228673.87
2025-02-10 21:32 | INFO | Query 34 Active Learning Runtime on Test Set: 50723.869999999995
2025-02-10 21:32 | INFO | Query 34 Active Learning Instance Cost: 1668527.44
2025-02-10 21:32 | INFO | Timeout limit is increased to 1900
2025-02-10 21:32 | INFO | Query 35 Size of the uncertainty table is = 4955/12024
2025-02-10 21:32 | INFO | Query 35 Size of the filtered table is = 121
2025-02-10 21:32 | INFO | Training Time Active Learning Classifier: 3.45 seconds
2025-02-10 21:32 | INFO | Training Time Active Learning Regressor: 1.2 seconds
2025-02-10 21:32 | INFO | Query 35 Active Learning Runtime on Validation Set: 228561.56
2025-02-10 21:32 | INFO | Query 35 Active Learning Runtime on Test Set: 50887.03
2025-02-10 21:32 | INFO | Query 35 Active Learning Instance Cost: 1762543.24
2025-02-10 21:32 | INFO | Query 36 Size of the uncertainty table is = 4837/12024
2025-02-10 21:32 | INFO | Query 36 Size of the filtered table is = 121
2025-02-10 21:32 | INFO | Training Time Active Learning Classifier: 3.53 seconds
2025-02-10 21:32 | INFO | Training Time Active Learning Regressor: 1.38 seconds
2025-02-10 21:33 | INFO | Query 36 Active Learning Runtime on Validation Set: 299739.86000000004
2025-02-10 21:33 | INFO | Query 36 Active Learning Runtime on Test Set: 86357.3
2025-02-10 21:33 | INFO | Query 36 Active Learning Instance Cost: 1841126.8
2025-02-10 21:33 | INFO | Timeout limit is increased to 2000
2025-02-10 21:33 | INFO | Query 37 Size of the uncertainty table is = 4561/12024
2025-02-10 21:33 | INFO | Query 37 Size of the filtered table is = 121
2025-02-10 21:33 | INFO | Training Time Active Learning Classifier: 3.58 seconds
2025-02-10 21:33 | INFO | Training Time Active Learning Regressor: 1.25 seconds
2025-02-10 21:33 | INFO | Query 37 Active Learning Runtime on Validation Set: 335318.93000000005
2025-02-10 21:33 | INFO | Query 37 Active Learning Runtime on Test Set: 14955.49
2025-02-10 21:33 | INFO | Query 37 Active Learning Instance Cost: 1905016.98
2025-02-10 21:33 | INFO | Timeout limit is increased to 2100
2025-02-10 21:33 | INFO | Query 38 Size of the uncertainty table is = 4339/12024
2025-02-10 21:33 | INFO | Query 38 Size of the filtered table is = 121
2025-02-10 21:33 | INFO | Training Time Active Learning Classifier: 3.65 seconds
2025-02-10 21:33 | INFO | Training Time Active Learning Regressor: 1.27 seconds
2025-02-10 21:33 | INFO | Query 38 Active Learning Runtime on Validation Set: 228454.63
2025-02-10 21:33 | INFO | Query 38 Active Learning Runtime on Test Set: 14978.79
2025-02-10 21:33 | INFO | Query 38 Active Learning Instance Cost: 1987800.88
2025-02-10 21:34 | INFO | Query 39 Size of the uncertainty table is = 4183/12024
2025-02-10 21:34 | INFO | Query 39 Size of the filtered table is = 121
2025-02-10 21:34 | INFO | Training Time Active Learning Classifier: 3.79 seconds
2025-02-10 21:34 | INFO | Training Time Active Learning Regressor: 1.29 seconds
2025-02-10 21:34 | INFO | Query 39 Active Learning Runtime on Validation Set: 228359.78
2025-02-10 21:34 | INFO | Query 39 Active Learning Runtime on Test Set: 15104.48
2025-02-10 21:34 | INFO | Query 39 Active Learning Instance Cost: 2046804.47
2025-02-10 21:34 | INFO | Query 40 Size of the uncertainty table is = 3998/12024
2025-02-10 21:34 | INFO | Query 40 Size of the filtered table is = 121
2025-02-10 21:34 | INFO | Training Time Active Learning Classifier: 3.8 seconds
2025-02-10 21:34 | INFO | Training Time Active Learning Regressor: 1.31 seconds
2025-02-10 21:34 | INFO | Query 40 Active Learning Runtime on Validation Set: 228564.24
2025-02-10 21:34 | INFO | Query 40 Active Learning Runtime on Test Set: 15045.41
2025-02-10 21:34 | INFO | Query 40 Active Learning Instance Cost: 2095153.19
2025-02-10 21:34 | INFO | Timeout limit is increased to 2200
2025-02-10 21:34 | INFO | Query 41 Size of the uncertainty table is = 3788/12024
2025-02-10 21:34 | INFO | Query 41 Size of the filtered table is = 121
2025-02-10 21:34 | INFO | Training Time Active Learning Classifier: 3.85 seconds
2025-02-10 21:34 | INFO | Training Time Active Learning Regressor: 1.33 seconds
2025-02-10 21:35 | INFO | Query 41 Active Learning Runtime on Validation Set: 299935.35000000003
2025-02-10 21:35 | INFO | Query 41 Active Learning Runtime on Test Set: 15104.46
2025-02-10 21:35 | INFO | Query 41 Active Learning Instance Cost: 2147369.96
2025-02-10 21:35 | INFO | Timeout limit is increased to 2300
2025-02-10 21:35 | INFO | Query 42 Size of the uncertainty table is = 3651/12024
2025-02-10 21:35 | INFO | Query 42 Size of the filtered table is = 121
2025-02-10 21:35 | INFO | Training Time Active Learning Classifier: 3.9 seconds
2025-02-10 21:35 | INFO | Training Time Active Learning Regressor: 1.33 seconds
2025-02-10 21:35 | INFO | Query 42 Active Learning Runtime on Validation Set: 228456.91
2025-02-10 21:35 | INFO | Query 42 Active Learning Runtime on Test Set: 15039.91
2025-02-10 21:35 | INFO | Query 42 Active Learning Instance Cost: 2239227.57
2025-02-10 21:35 | INFO | Query 43 Size of the uncertainty table is = 3575/12024
2025-02-10 21:35 | INFO | Query 43 Size of the filtered table is = 121
2025-02-10 21:35 | INFO | Training Time Active Learning Classifier: 3.9 seconds
2025-02-10 21:35 | INFO | Training Time Active Learning Regressor: 1.34 seconds
2025-02-10 21:36 | INFO | Query 43 Active Learning Runtime on Validation Set: 264032.92
2025-02-10 21:36 | INFO | Query 43 Active Learning Runtime on Test Set: 15053.560000000001
2025-02-10 21:36 | INFO | Query 43 Active Learning Instance Cost: 2329078.32
2025-02-10 21:36 | INFO | Timeout limit is increased to 2400
2025-02-10 21:36 | INFO | Query 44 Size of the uncertainty table is = 3516/12024
2025-02-10 21:36 | INFO | Query 44 Size of the filtered table is = 121
2025-02-10 21:36 | INFO | Training Time Active Learning Classifier: 3.92 seconds
2025-02-10 21:36 | INFO | Training Time Active Learning Regressor: 1.35 seconds
2025-02-10 21:36 | INFO | Query 44 Active Learning Runtime on Validation Set: 264550.53
2025-02-10 21:36 | INFO | Query 44 Active Learning Runtime on Test Set: 15090.96
2025-02-10 21:36 | INFO | Query 44 Active Learning Instance Cost: 2383866.97
2025-02-10 21:36 | INFO | Timeout limit is increased to 2500
2025-02-10 21:36 | INFO | Query 45 Size of the uncertainty table is = 3484/12024
2025-02-10 21:36 | INFO | Query 45 Size of the filtered table is = 121
2025-02-10 21:36 | INFO | Training Time Active Learning Classifier: 4.02 seconds
2025-02-10 21:36 | INFO | Training Time Active Learning Regressor: 1.38 seconds
2025-02-10 21:36 | INFO | Query 45 Active Learning Runtime on Validation Set: 228732.26
2025-02-10 21:36 | INFO | Query 45 Active Learning Runtime on Test Set: 14965.69
2025-02-10 21:36 | INFO | Query 45 Active Learning Instance Cost: 2423722.35
2025-02-10 21:36 | INFO | Query 46 Size of the uncertainty table is = 3454/12024
2025-02-10 21:36 | INFO | Query 46 Size of the filtered table is = 121
2025-02-10 21:36 | INFO | Training Time Active Learning Classifier: 3.94 seconds
2025-02-10 21:36 | INFO | Training Time Active Learning Regressor: 1.34 seconds
2025-02-10 21:37 | INFO | Query 46 Active Learning Runtime on Validation Set: 228774.94
2025-02-10 21:37 | INFO | Query 46 Active Learning Runtime on Test Set: 14963.94
2025-02-10 21:37 | INFO | Query 46 Active Learning Instance Cost: 2460891.63
2025-02-10 21:37 | INFO | Timeout limit is increased to 2600
2025-02-10 21:37 | INFO | Query 47 Size of the uncertainty table is = 3401/12024
2025-02-10 21:37 | INFO | Query 47 Size of the filtered table is = 121
2025-02-10 21:37 | INFO | Training Time Active Learning Classifier: 3.95 seconds
2025-02-10 21:37 | INFO | Training Time Active Learning Regressor: 1.36 seconds
2025-02-10 21:37 | INFO | Query 47 Active Learning Runtime on Validation Set: 228991.71
2025-02-10 21:37 | INFO | Query 47 Active Learning Runtime on Test Set: 15105.34
2025-02-10 21:37 | INFO | Query 47 Active Learning Instance Cost: 2495911.53
2025-02-10 21:37 | INFO | Timeout limit is increased to 2700
2025-02-10 21:37 | INFO | Query 48 Size of the uncertainty table is = 3371/12024
2025-02-10 21:37 | INFO | Query 48 Size of the filtered table is = 121
2025-02-10 21:37 | INFO | Training Time Active Learning Classifier: 4.08 seconds
2025-02-10 21:37 | INFO | Training Time Active Learning Regressor: 1.36 seconds
2025-02-10 21:38 | INFO | Query 48 Active Learning Runtime on Validation Set: 228896.88
2025-02-10 21:38 | INFO | Query 48 Active Learning Runtime on Test Set: 15193.52
2025-02-10 21:38 | INFO | Query 48 Active Learning Instance Cost: 2538106.1
2025-02-10 21:38 | INFO | Query 49 Size of the uncertainty table is = 3301/12024
2025-02-10 21:38 | INFO | Query 49 Size of the filtered table is = 121
2025-02-10 21:38 | INFO | Training Time Active Learning Classifier: 3.98 seconds
2025-02-10 21:38 | INFO | Training Time Active Learning Regressor: 1.4 seconds
2025-02-10 21:38 | INFO | Query 49 Active Learning Runtime on Validation Set: 229107.62
2025-02-10 21:38 | INFO | Query 49 Active Learning Runtime on Test Set: 15348.59
2025-02-10 21:38 | INFO | Query 49 Active Learning Instance Cost: 2593398.29
2025-02-10 21:38 | INFO | Timeout limit is increased to 2800
2025-02-10 21:38 | INFO | Query 50 Size of the uncertainty table is = 3258/12024
2025-02-10 21:38 | INFO | Query 50 Size of the filtered table is = 121
2025-02-10 21:38 | INFO | Training Time Active Learning Classifier: 3.99 seconds
2025-02-10 21:38 | INFO | Training Time Active Learning Regressor: 1.36 seconds
2025-02-10 21:38 | INFO | Query 50 Active Learning Runtime on Validation Set: 229099.08
2025-02-10 21:38 | INFO | Query 50 Active Learning Runtime on Test Set: 15334.119999999999
2025-02-10 21:38 | INFO | Query 50 Active Learning Instance Cost: 2628753.26
2025-02-10 21:38 | INFO | Query 51 Size of the uncertainty table is = 3246/12024
2025-02-10 21:38 | INFO | Query 51 Size of the filtered table is = 121
2025-02-10 21:38 | INFO | Training Time Active Learning Classifier: 4.08 seconds
2025-02-10 21:38 | INFO | Training Time Active Learning Regressor: 1.37 seconds
2025-02-10 21:39 | INFO | Query 51 Active Learning Runtime on Validation Set: 229179.22
2025-02-10 21:39 | INFO | Query 51 Active Learning Runtime on Test Set: 15336.95
2025-02-10 21:39 | INFO | Query 51 Active Learning Instance Cost: 2649544.9
2025-02-10 21:39 | INFO | Timeout limit is increased to 2900
2025-02-10 21:39 | INFO | Query 52 Size of the uncertainty table is = 3233/12024
2025-02-10 21:39 | INFO | Query 52 Size of the filtered table is = 121
2025-02-10 21:39 | INFO | Training Time Active Learning Classifier: 4.01 seconds
2025-02-10 21:39 | INFO | Training Time Active Learning Regressor: 1.45 seconds
2025-02-10 21:39 | INFO | Query 52 Active Learning Runtime on Validation Set: 229156.44
2025-02-10 21:39 | INFO | Query 52 Active Learning Runtime on Test Set: 15326.44
2025-02-10 21:39 | INFO | Query 52 Active Learning Instance Cost: 2672440.38
2025-02-10 21:39 | INFO | Query 53 Size of the uncertainty table is = 3213/12024
2025-02-10 21:39 | INFO | Query 53 Size of the filtered table is = 121
2025-02-10 21:39 | INFO | Training Time Active Learning Classifier: 4.03 seconds
2025-02-10 21:39 | INFO | Training Time Active Learning Regressor: 1.37 seconds
2025-02-10 21:40 | INFO | Query 53 Active Learning Runtime on Validation Set: 264355.9
2025-02-10 21:40 | INFO | Query 53 Active Learning Runtime on Test Set: 50869.31
2025-02-10 21:40 | INFO | Query 53 Active Learning Instance Cost: 2682171.09
2025-02-10 21:40 | INFO | Timeout limit is increased to 3000
2025-02-10 21:40 | INFO | Query 54 Size of the uncertainty table is = 3170/12024
2025-02-10 21:40 | INFO | Query 54 Size of the filtered table is = 121
2025-02-10 21:40 | INFO | Training Time Active Learning Classifier: 4.09 seconds
2025-02-10 21:40 | INFO | Training Time Active Learning Regressor: 1.38 seconds
2025-02-10 21:40 | INFO | Query 54 Active Learning Runtime on Validation Set: 264355.9
2025-02-10 21:40 | INFO | Query 54 Active Learning Runtime on Test Set: 50869.31
2025-02-10 21:40 | INFO | Query 54 Active Learning Instance Cost: 2718371.09
2025-02-10 21:40 | INFO | Timeout limit is increased to 3100
2025-02-10 21:40 | INFO | Query 55 Size of the uncertainty table is = 3170/12024
2025-02-10 21:40 | INFO | Query 55 Size of the filtered table is = 121
2025-02-10 21:40 | INFO | Training Time Active Learning Classifier: 4.04 seconds
2025-02-10 21:40 | INFO | Training Time Active Learning Regressor: 1.38 seconds
2025-02-10 21:40 | INFO | Query 55 Active Learning Runtime on Validation Set: 228522.51
2025-02-10 21:40 | INFO | Query 55 Active Learning Runtime on Test Set: 15139.17
2025-02-10 21:40 | INFO | Query 55 Active Learning Instance Cost: 2756083.51
2025-02-10 21:40 | INFO | Query 56 Size of the uncertainty table is = 3144/12024
2025-02-10 21:40 | INFO | Query 56 Size of the filtered table is = 121
2025-02-10 21:40 | INFO | Training Time Active Learning Classifier: 4.09 seconds
2025-02-10 21:40 | INFO | Training Time Active Learning Regressor: 1.38 seconds
2025-02-10 21:41 | INFO | Query 56 Active Learning Runtime on Validation Set: 228522.51
2025-02-10 21:41 | INFO | Query 56 Active Learning Runtime on Test Set: 15139.34
2025-02-10 21:41 | INFO | Query 56 Active Learning Instance Cost: 2800336.16
2025-02-10 21:41 | INFO | Timeout limit is increased to 3200
2025-02-10 21:41 | INFO | Query 57 Size of the uncertainty table is = 3131/12024
2025-02-10 21:41 | INFO | Query 57 Size of the filtered table is = 121
2025-02-10 21:41 | INFO | Training Time Active Learning Classifier: 4.02 seconds
2025-02-10 21:41 | INFO | Training Time Active Learning Regressor: 1.38 seconds
2025-02-10 21:41 | INFO | Query 57 Active Learning Runtime on Validation Set: 228522.51
2025-02-10 21:41 | INFO | Query 57 Active Learning Runtime on Test Set: 15139.82
2025-02-10 21:41 | INFO | Query 57 Active Learning Instance Cost: 2834512.63
2025-02-10 21:41 | INFO | Timeout limit is increased to 3300
2025-02-10 21:41 | INFO | Query 58 Size of the uncertainty table is = 3128/12024
2025-02-10 21:41 | INFO | Query 58 Size of the filtered table is = 121
2025-02-10 21:41 | INFO | Training Time Active Learning Classifier: 4.02 seconds
2025-02-10 21:41 | INFO | Training Time Active Learning Regressor: 1.38 seconds
2025-02-10 21:41 | INFO | Query 58 Active Learning Runtime on Validation Set: 264056.57
2025-02-10 21:41 | INFO | Query 58 Active Learning Runtime on Test Set: 15049.29
2025-02-10 21:41 | INFO | Query 58 Active Learning Instance Cost: 2872737.78
2025-02-10 21:41 | INFO | Timeout limit is increased to 3400
2025-02-10 21:42 | INFO | Query 59 Size of the uncertainty table is = 3114/12024
2025-02-10 21:42 | INFO | Query 59 Size of the filtered table is = 121
2025-02-10 21:42 | INFO | Training Time Active Learning Classifier: 4.03 seconds
2025-02-10 21:42 | INFO | Training Time Active Learning Regressor: 1.38 seconds
2025-02-10 21:42 | INFO | Query 59 Active Learning Runtime on Validation Set: 264427.63
2025-02-10 21:42 | INFO | Query 59 Active Learning Runtime on Test Set: 15050.79
2025-02-10 21:42 | INFO | Query 59 Active Learning Instance Cost: 2892748.89
2025-02-10 21:42 | INFO | Timeout limit is increased to 3500
2025-02-10 21:42 | INFO | Query 60 Size of the uncertainty table is = 3075/12024
2025-02-10 21:42 | INFO | Query 60 Size of the filtered table is = 121
2025-02-10 21:42 | INFO | Training Time Active Learning Classifier: 4.07 seconds
2025-02-10 21:42 | INFO | Training Time Active Learning Regressor: 1.39 seconds
2025-02-10 21:42 | INFO | Query 60 Active Learning Runtime on Validation Set: 299545.93000000005
2025-02-10 21:42 | INFO | Query 60 Active Learning Runtime on Test Set: 50443.130000000005
2025-02-10 21:42 | INFO | Query 60 Active Learning Instance Cost: 2949071.09
2025-02-10 21:42 | INFO | Timeout limit is increased to 3600
2025-02-10 21:42 | INFO | Query 61 Size of the uncertainty table is = 3048/12024
2025-02-10 21:42 | INFO | Query 61 Size of the filtered table is = 121
2025-02-10 21:42 | INFO | Training Time Active Learning Classifier: 4.03 seconds
2025-02-10 21:42 | INFO | Training Time Active Learning Regressor: 1.38 seconds
2025-02-10 21:43 | INFO | Query 61 Active Learning Runtime on Validation Set: 299462.17000000004
2025-02-10 21:43 | INFO | Query 61 Active Learning Runtime on Test Set: 50445.86
2025-02-10 21:43 | INFO | Query 61 Active Learning Instance Cost: 2992048.77
2025-02-10 21:43 | INFO | Query 62 Size of the uncertainty table is = 296/12024
2025-02-10 21:43 | INFO | Query 62 Size of the filtered table is = 121
2025-02-10 21:43 | INFO | Training Time Active Learning Classifier: 4.13 seconds
2025-02-10 21:43 | INFO | Training Time Active Learning Regressor: 1.42 seconds
2025-02-10 21:43 | INFO | Query 62 Active Learning Runtime on Validation Set: 228433.91999999998
2025-02-10 21:43 | INFO | Query 62 Active Learning Runtime on Test Set: 15190.49
2025-02-10 21:43 | INFO | Query 62 Active Learning Instance Cost: 2993061.88
2025-02-10 21:43 | INFO | Query 63 Size of the uncertainty table is = 35/12024
2025-02-10 21:43 | INFO | Query 63 Size of the filtered table is = 35
2025-02-10 21:43 | INFO | Training Time Active Learning Classifier: 4.22 seconds
2025-02-10 21:43 | INFO | Training Time Active Learning Regressor: 1.41 seconds
2025-02-10 21:43 | INFO | Query 63 Active Learning Runtime on Validation Set: 228431.88999999998
2025-02-10 21:43 | INFO | Query 63 Active Learning Runtime on Test Set: 15242.16
2025-02-10 21:43 | INFO | Query 63 Active Learning Instance Cost: 2993141.37
2025-02-10 21:43 | INFO | Active Learning Emissions: 0.017618145979893404
2025-02-10 21:43 | INFO | Active Learning Energy Consumption: 0.01916899271678218 kWh
2025-02-10 21:43 | INFO | runtime_test_score is written as json file
2025-02-10 21:43 | INFO | runtime_validation_score is written as json file
2025-02-10 21:43 | INFO | instance_cost is written as json file
2025-02-10 21:43 | INFO | Experiment is finished
