2025-02-10 21:37 | INFO | Paramaters are: {'dataset': 'SAT12-HAND', 'penalty': 10, 'weight': 'No_Weight', 'voting': 'Hard', 'pre_selection_size': 64, 'pre_selection_technique': 'No_pre_selection', 'feature_elimination_threshold': 20, 'imputer_strategy': 'median', 'feature_selection_technique': 'No_feature_selection', 'feature_scaling_technique': 'StandardScaler', 'priority': {'PredDiff': 'max', 'Uncertainty': 'max', 'PredCost': 'min'}, 'initial_train_size': 20, 'query_size': 1, 'timeout_predictor_usage': 'No', 'timeout_limit': 3600, 'timeout_increase_rate': 100, 'penalty_type': 'Only-timeout-penalty', 'RANDOM_STATE_SEED': 123, 'n_splits': 10, 'split_number': 7, 'max_timeout': 3600, 'param_grid': {'n_estimators': 100, 'max_features': 'sqrt', 'max_depth': 2147483648, 'min_samples_split': 2, 'bootstrap': True}}
2025-02-10 21:37 | INFO | SAT12-HAND is current dataset
2025-02-10 21:37 | INFO | DATASETS/SAT12-HAND/algorithm_runs.arff is found
2025-02-10 21:37 | INFO | DATASETS/SAT12-HAND/algorithm_runs.arff is finished
2025-02-10 21:37 | INFO | DATASETS/SAT12-HAND/feature_values.arff is found
2025-02-10 21:37 | INFO | DATASETS/SAT12-HAND/feature_values.arff is finished
2025-02-10 21:37 | INFO | DATASETS/SAT12-HAND/feature_costs.arff is found
2025-02-10 21:37 | INFO | DATASETS/SAT12-HAND/feature_costs.arff is finished
2025-02-10 21:37 | INFO | Virtual best solver time in train = 60418.35
2025-02-10 21:37 | INFO | Single best solver list train = {'clasp1': 5547978.42, 'clasp2': 4797075.86, 'cryptominisat2011': 6010490.48, 'eagleup': 12996071.55, 'ebglucose': 6874306.88, 'ebminisat': 6410273.96, 'glucose2': 6152598.67, 'glueminisat': 6687840.33, 'gnoveltyp2': 11673015.25, 'lingeling': 6617084.34, 'lrglshr': 7553901.22, 'marchrw': 9422958.71, 'minisatpsm': 6803937.58, 'mphaseSAT': 4144310.01, 'mphaseSAT64': 4613658.8, 'mphaseSATm': 4146956.96, 'mxc09': 5908977.87, 'picosat': 6770320.47, 'precosat': 6008094.84, 'qutersat': 6187868.18, 'rcl': 7627567.02, 'restartsat': 6093516.16, 'sapperlot': 6707805.59, 'satime11': 9662676.25, 'sattime': 9910176.58, 'sattimep': 9841497.48, 'sol': 7190584.05, 'sparrow': 9951554.26, 'spear-hw': 8421179.2, 'spear-sw': 9461053.15, 'tnm': 10236421.83}
2025-02-10 21:37 | INFO | Single best solver time train = mphaseSAT (4144310.01)
2025-02-10 21:37 | INFO | Virtual best solver time in validation = 7090.97
2025-02-10 21:37 | INFO | Single best solver list validation = {'clasp1': 1414541.79, 'clasp2': 1413319.04, 'cryptominisat2011': 1699322.42, 'eagleup': 2593277.83, 'ebglucose': 1808188.35, 'ebminisat': 1446967.77, 'glucose2': 1701056.15, 'glueminisat': 1663405.65, 'gnoveltyp2': 1624645.42, 'lingeling': 1697037.36, 'lrglshr': 1521478.4, 'marchrw': 1804954.39, 'minisatpsm': 1624898.75, 'mphaseSAT': 1375313.78, 'mphaseSAT64': 1413259.2, 'mphaseSATm': 1411493.19, 'mxc09': 1557298.2, 'picosat': 1520013.03, 'precosat': 1517209.63, 'qutersat': 1736451.28, 'rcl': 1699092.17, 'restartsat': 1521101.0, 'sapperlot': 1590250.33, 'satime11': 1446141.49, 'sattime': 1409761.36, 'sattimep': 1408817.86, 'sol': 1193120.13, 'sparrow': 1478153.93, 'spear-hw': 1806007.8, 'spear-sw': 2378671.39, 'tnm': 1517747.17}
2025-02-10 21:37 | INFO | Single best solver time validation = sol (1193120.13)
2025-02-10 21:37 | INFO | Virtual best solver time in test = 24481.02
2025-02-10 21:37 | INFO | Single best solver list test = {'clasp1': 1013381.52, 'clasp2': 941706.23, 'cryptominisat2011': 1119250.38, 'eagleup': 1800047.21, 'ebglucose': 1082642.34, 'ebminisat': 1011754.93, 'glucose2': 975224.35, 'glueminisat': 1048322.19, 'gnoveltyp2': 1404995.79, 'lingeling': 976287.66, 'lrglshr': 1333402.77, 'marchrw': 1298359.12, 'minisatpsm': 1119516.6, 'mphaseSAT': 722311.2, 'mphaseSAT64': 758241.46, 'mphaseSATm': 758062.27, 'mxc09': 835923.69, 'picosat': 870820.1, 'precosat': 940992.34, 'qutersat': 1081777.16, 'rcl': 1155924.83, 'restartsat': 1084401.99, 'sapperlot': 1083852.55, 'satime11': 1404881.88, 'sattime': 1333671.03, 'sattimep': 1332282.63, 'sol': 1154223.32, 'sparrow': 1333998.78, 'spear-hw': 1228169.94, 'spear-sw': 1406238.98, 'tnm': 1368504.08}
2025-02-10 21:37 | INFO | Single best solver time test = mphaseSAT (722311.2)
2025-02-10 21:38 | INFO | Training Time Passive Learning Classifier: 50.43 seconds
2025-02-10 21:38 | INFO | Training Time Passive Learning Regressor: 4.85 seconds
2025-02-10 21:41 | INFO | Passive Learning Classifier Runtime on Validation Set: 989999.7
2025-02-10 21:41 | INFO | Passive Learning Classifier Runtime on Test Set: 269284.83
2025-02-10 21:41 | INFO | Passive Learning Instance Cost: 23881751.95
2025-02-10 21:41 | INFO | Passive Learning Emissions: 0.0029750210527457145
2025-02-10 21:41 | INFO | Passive Learning Energy Consumption: 0.003236898874458146 kWh
2025-02-10 21:42 | INFO | Training Time Active Learning Classifier: 26.97 seconds
2025-02-10 21:42 | INFO | Training Time Active Learning Regressor: 1.51 seconds
2025-02-10 21:45 | INFO | Initial Active Learning Runtime on Validation Set: 1136854.14
2025-02-10 21:45 | INFO | Initial Active Learning Runtime on Test Set: 733051.65
2025-02-10 21:45 | INFO | Initial Active Learning Instance Cost: 1273300.52
2025-02-10 21:45 | INFO | Bin size = 1693
2025-02-10 21:46 | INFO | Query 1 Size of the uncertainty table is = 169260/169260
2025-02-10 21:46 | INFO | Query 1 Size of the filtered table is = 1693
2025-02-10 21:47 | INFO | Training Time Active Learning Classifier: 26.22 seconds
2025-02-10 21:47 | INFO | Training Time Active Learning Regressor: 1.65 seconds
2025-02-10 21:50 | INFO | Query 1 Active Learning Runtime on Validation Set: 995681.78
2025-02-10 21:50 | INFO | Query 1 Active Learning Runtime on Test Set: 697839.59
2025-02-10 21:50 | INFO | Query 1 Active Learning Instance Cost: 2385145.23
2025-02-10 21:51 | INFO | Query 2 Size of the uncertainty table is = 162759/169260
2025-02-10 21:51 | INFO | Query 2 Size of the filtered table is = 1693
2025-02-10 21:52 | INFO | Training Time Active Learning Classifier: 26.71 seconds
2025-02-10 21:52 | INFO | Training Time Active Learning Regressor: 1.77 seconds
2025-02-10 21:55 | INFO | Query 2 Active Learning Runtime on Validation Set: 959544.4
2025-02-10 21:55 | INFO | Query 2 Active Learning Runtime on Test Set: 662015.98
2025-02-10 21:55 | INFO | Query 2 Active Learning Instance Cost: 3446682.08
2025-02-10 21:57 | INFO | Query 3 Size of the uncertainty table is = 157874/169260
2025-02-10 21:57 | INFO | Query 3 Size of the filtered table is = 1693
2025-02-10 21:57 | INFO | Training Time Active Learning Classifier: 27.08 seconds
2025-02-10 21:57 | INFO | Training Time Active Learning Regressor: 1.9 seconds
2025-02-10 22:00 | INFO | Query 3 Active Learning Runtime on Validation Set: 851582.86
2025-02-10 22:00 | INFO | Query 3 Active Learning Runtime on Test Set: 662016.5499999999
2025-02-10 22:00 | INFO | Query 3 Active Learning Instance Cost: 5361861.85
2025-02-10 22:02 | INFO | Query 4 Size of the uncertainty table is = 152239/169260
2025-02-10 22:02 | INFO | Query 4 Size of the filtered table is = 1693
2025-02-10 22:03 | INFO | Training Time Active Learning Classifier: 27.16 seconds
2025-02-10 22:03 | INFO | Training Time Active Learning Regressor: 2.05 seconds
2025-02-10 22:06 | INFO | Query 4 Active Learning Runtime on Validation Set: 923947.1799999999
2025-02-10 22:06 | INFO | Query 4 Active Learning Runtime on Test Set: 554306.46
2025-02-10 22:06 | INFO | Query 4 Active Learning Instance Cost: 6760712.17
2025-02-10 22:06 | INFO | Timeout limit is increased to 3600
2025-02-10 22:08 | INFO | Query 5 Size of the uncertainty table is = 146661/169260
2025-02-10 22:08 | INFO | Query 5 Size of the filtered table is = 1693
2025-02-10 22:08 | INFO | Training Time Active Learning Classifier: 28.26 seconds
2025-02-10 22:08 | INFO | Training Time Active Learning Regressor: 2.2 seconds
2025-02-10 22:12 | INFO | Query 5 Active Learning Runtime on Validation Set: 1030338.57
2025-02-10 22:12 | INFO | Query 5 Active Learning Runtime on Test Set: 521376.73
2025-02-10 22:12 | INFO | Query 5 Active Learning Instance Cost: 7560567.36
2025-02-10 22:12 | INFO | Timeout limit is increased to 3600
2025-02-10 22:14 | INFO | Query 6 Size of the uncertainty table is = 141685/169260
2025-02-10 22:14 | INFO | Query 6 Size of the filtered table is = 1693
2025-02-10 22:14 | INFO | Training Time Active Learning Classifier: 28.67 seconds
2025-02-10 22:14 | INFO | Training Time Active Learning Regressor: 2.35 seconds
2025-02-10 22:18 | INFO | Query 6 Active Learning Runtime on Validation Set: 993722.15
2025-02-10 22:18 | INFO | Query 6 Active Learning Runtime on Test Set: 591895.66
2025-02-10 22:18 | INFO | Query 6 Active Learning Instance Cost: 8577362.23
2025-02-10 22:20 | INFO | Query 7 Size of the uncertainty table is = 136366/169260
2025-02-10 22:20 | INFO | Query 7 Size of the filtered table is = 1693
2025-02-10 22:20 | INFO | Training Time Active Learning Classifier: 29.39 seconds
2025-02-10 22:20 | INFO | Training Time Active Learning Regressor: 2.49 seconds
2025-02-10 22:24 | INFO | Query 7 Active Learning Runtime on Validation Set: 960284.99
2025-02-10 22:24 | INFO | Query 7 Active Learning Runtime on Test Set: 592744.04
2025-02-10 22:24 | INFO | Query 7 Active Learning Instance Cost: 9809983.68
2025-02-10 22:26 | INFO | Query 8 Size of the uncertainty table is = 129356/169260
2025-02-10 22:26 | INFO | Query 8 Size of the filtered table is = 1693
2025-02-10 22:26 | INFO | Training Time Active Learning Classifier: 30.04 seconds
2025-02-10 22:26 | INFO | Training Time Active Learning Regressor: 2.61 seconds
2025-02-10 22:30 | INFO | Query 8 Active Learning Runtime on Validation Set: 887383.83
2025-02-10 22:30 | INFO | Query 8 Active Learning Runtime on Test Set: 556388.88
2025-02-10 22:30 | INFO | Query 8 Active Learning Instance Cost: 10591495.3
2025-02-10 22:32 | INFO | Query 9 Size of the uncertainty table is = 123503/169260
2025-02-10 22:32 | INFO | Query 9 Size of the filtered table is = 1693
2025-02-10 22:32 | INFO | Training Time Active Learning Classifier: 30.87 seconds
2025-02-10 22:32 | INFO | Training Time Active Learning Regressor: 2.73 seconds
2025-02-10 22:36 | INFO | Query 9 Active Learning Runtime on Validation Set: 957619.19
2025-02-10 22:36 | INFO | Query 9 Active Learning Runtime on Test Set: 484585.52999999997
2025-02-10 22:36 | INFO | Query 9 Active Learning Instance Cost: 11333833.4
2025-02-10 22:36 | INFO | Timeout limit is increased to 3600
2025-02-10 22:38 | INFO | Query 10 Size of the uncertainty table is = 117393/169260
2025-02-10 22:38 | INFO | Query 10 Size of the filtered table is = 1693
2025-02-10 22:39 | INFO | Training Time Active Learning Classifier: 31.57 seconds
2025-02-10 22:39 | INFO | Training Time Active Learning Regressor: 2.82 seconds
2025-02-10 22:42 | INFO | Query 10 Active Learning Runtime on Validation Set: 993241.3099999999
2025-02-10 22:42 | INFO | Query 10 Active Learning Runtime on Test Set: 484189.57
2025-02-10 22:42 | INFO | Query 10 Active Learning Instance Cost: 12116158.46
2025-02-10 22:42 | INFO | Timeout limit is increased to 3600
2025-02-10 22:44 | INFO | Query 11 Size of the uncertainty table is = 111441/169260
2025-02-10 22:44 | INFO | Query 11 Size of the filtered table is = 1693
2025-02-10 22:45 | INFO | Training Time Active Learning Classifier: 32.41 seconds
2025-02-10 22:45 | INFO | Training Time Active Learning Regressor: 2.95 seconds
2025-02-10 22:48 | INFO | Query 11 Active Learning Runtime on Validation Set: 811047.57
2025-02-10 22:48 | INFO | Query 11 Active Learning Runtime on Test Set: 520254.75
2025-02-10 22:48 | INFO | Query 11 Active Learning Instance Cost: 12802646.3
2025-02-10 22:50 | INFO | Query 12 Size of the uncertainty table is = 105512/169260
2025-02-10 22:50 | INFO | Query 12 Size of the filtered table is = 1693
2025-02-10 22:51 | INFO | Training Time Active Learning Classifier: 33.37 seconds
2025-02-10 22:51 | INFO | Training Time Active Learning Regressor: 3.04 seconds
2025-02-10 22:54 | INFO | Query 12 Active Learning Runtime on Validation Set: 850465.22
2025-02-10 22:54 | INFO | Query 12 Active Learning Runtime on Test Set: 483767.13
2025-02-10 22:54 | INFO | Query 12 Active Learning Instance Cost: 13357028.14
2025-02-10 22:54 | INFO | Timeout limit is increased to 3600
2025-02-10 22:56 | INFO | Query 13 Size of the uncertainty table is = 99775/169260
2025-02-10 22:56 | INFO | Query 13 Size of the filtered table is = 1693
2025-02-10 22:57 | INFO | Training Time Active Learning Classifier: 34.46 seconds
2025-02-10 22:57 | INFO | Training Time Active Learning Regressor: 3.17 seconds
2025-02-10 23:00 | INFO | Query 13 Active Learning Runtime on Validation Set: 921643.65
2025-02-10 23:00 | INFO | Query 13 Active Learning Runtime on Test Set: 483713.29
2025-02-10 23:00 | INFO | Query 13 Active Learning Instance Cost: 14115196.6
2025-02-10 23:00 | INFO | Timeout limit is increased to 3600
2025-02-10 23:02 | INFO | Query 14 Size of the uncertainty table is = 93125/169260
2025-02-10 23:02 | INFO | Query 14 Size of the filtered table is = 1693
2025-02-10 23:03 | INFO | Training Time Active Learning Classifier: 35.15 seconds
2025-02-10 23:03 | INFO | Training Time Active Learning Regressor: 3.77 seconds
2025-02-10 23:06 | INFO | Query 14 Active Learning Runtime on Validation Set: 920170.13
2025-02-10 23:06 | INFO | Query 14 Active Learning Runtime on Test Set: 484280.1
2025-02-10 23:06 | INFO | Query 14 Active Learning Instance Cost: 15068473.8
2025-02-10 23:08 | INFO | Query 15 Size of the uncertainty table is = 86226/169260
2025-02-10 23:08 | INFO | Query 15 Size of the filtered table is = 1693
2025-02-10 23:09 | INFO | Training Time Active Learning Classifier: 36.93 seconds
2025-02-10 23:09 | INFO | Training Time Active Learning Regressor: 3.52 seconds
2025-02-10 23:13 | INFO | Query 15 Active Learning Runtime on Validation Set: 992036.39
2025-02-10 23:13 | INFO | Query 15 Active Learning Runtime on Test Set: 412540.79
2025-02-10 23:13 | INFO | Query 15 Active Learning Instance Cost: 15855279.4
2025-02-10 23:13 | INFO | Timeout limit is increased to 3600
2025-02-10 23:14 | INFO | Query 16 Size of the uncertainty table is = 78874/169260
2025-02-10 23:14 | INFO | Query 16 Size of the filtered table is = 1693
2025-02-10 23:15 | INFO | Training Time Active Learning Classifier: 38.42 seconds
2025-02-10 23:15 | INFO | Training Time Active Learning Regressor: 3.71 seconds
2025-02-10 23:19 | INFO | Query 16 Active Learning Runtime on Validation Set: 921831.65
2025-02-10 23:19 | INFO | Query 16 Active Learning Runtime on Test Set: 341299.38999999996
2025-02-10 23:19 | INFO | Query 16 Active Learning Instance Cost: 16886099.78
2025-02-10 23:20 | INFO | Query 17 Size of the uncertainty table is = 70567/169260
2025-02-10 23:20 | INFO | Query 17 Size of the filtered table is = 1693
2025-02-10 23:21 | INFO | Training Time Active Learning Classifier: 39.62 seconds
2025-02-10 23:21 | INFO | Training Time Active Learning Regressor: 3.9 seconds
2025-02-10 23:25 | INFO | Query 17 Active Learning Runtime on Validation Set: 994023.61
2025-02-10 23:25 | INFO | Query 17 Active Learning Runtime on Test Set: 341359.07
2025-02-10 23:25 | INFO | Query 17 Active Learning Instance Cost: 18208079.63
2025-02-10 23:25 | INFO | Timeout limit is increased to 3600
2025-02-10 23:26 | INFO | Query 18 Size of the uncertainty table is = 61995/169260
2025-02-10 23:26 | INFO | Query 18 Size of the filtered table is = 1693
2025-02-10 23:27 | INFO | Training Time Active Learning Classifier: 40.99 seconds
2025-02-10 23:27 | INFO | Training Time Active Learning Regressor: 4.06 seconds
2025-02-10 23:31 | INFO | Query 18 Active Learning Runtime on Validation Set: 957209.65
2025-02-10 23:31 | INFO | Query 18 Active Learning Runtime on Test Set: 377469.66
2025-02-10 23:31 | INFO | Query 18 Active Learning Instance Cost: 19347999.73
2025-02-10 23:32 | INFO | Query 19 Size of the uncertainty table is = 52670/169260
2025-02-10 23:32 | INFO | Query 19 Size of the filtered table is = 1693
2025-02-10 23:33 | INFO | Training Time Active Learning Classifier: 42.37 seconds
2025-02-10 23:33 | INFO | Training Time Active Learning Regressor: 4.2 seconds
2025-02-10 23:36 | INFO | Query 19 Active Learning Runtime on Validation Set: 991386.91
2025-02-10 23:36 | INFO | Query 19 Active Learning Runtime on Test Set: 412614.18
2025-02-10 23:36 | INFO | Query 19 Active Learning Instance Cost: 20349176.13
2025-02-10 23:36 | INFO | Timeout limit is increased to 3600
2025-02-10 23:38 | INFO | Query 20 Size of the uncertainty table is = 42899/169260
2025-02-10 23:38 | INFO | Query 20 Size of the filtered table is = 1693
2025-02-10 23:39 | INFO | Training Time Active Learning Classifier: 44.09 seconds
2025-02-10 23:39 | INFO | Training Time Active Learning Regressor: 4.32 seconds
2025-02-10 23:42 | INFO | Query 20 Active Learning Runtime on Validation Set: 1028412.8099999999
2025-02-10 23:42 | INFO | Query 20 Active Learning Runtime on Test Set: 377063.94
2025-02-10 23:42 | INFO | Query 20 Active Learning Instance Cost: 21055499.14
2025-02-10 23:42 | INFO | Timeout limit is increased to 3600
2025-02-10 23:43 | INFO | Query 21 Size of the uncertainty table is = 34288/169260
2025-02-10 23:43 | INFO | Query 21 Size of the filtered table is = 1693
2025-02-10 23:44 | INFO | Training Time Active Learning Classifier: 45.87 seconds
2025-02-10 23:44 | INFO | Training Time Active Learning Regressor: 4.46 seconds
2025-02-10 23:48 | INFO | Query 21 Active Learning Runtime on Validation Set: 921060.27
2025-02-10 23:48 | INFO | Query 21 Active Learning Runtime on Test Set: 413011.76999999996
2025-02-10 23:48 | INFO | Query 21 Active Learning Instance Cost: 21650486.2
2025-02-10 23:48 | INFO | Query 22 Size of the uncertainty table is = 26856/169260
2025-02-10 23:48 | INFO | Query 22 Size of the filtered table is = 1693
2025-02-10 23:49 | INFO | Training Time Active Learning Classifier: 46.92 seconds
2025-02-10 23:50 | INFO | Training Time Active Learning Regressor: 4.56 seconds
2025-02-10 23:53 | INFO | Query 22 Active Learning Runtime on Validation Set: 1027533.94
2025-02-10 23:53 | INFO | Query 22 Active Learning Runtime on Test Set: 341448.93
2025-02-10 23:53 | INFO | Query 22 Active Learning Instance Cost: 22364451.01
2025-02-10 23:53 | INFO | Timeout limit is increased to 3600
2025-02-10 23:53 | INFO | Query 23 Size of the uncertainty table is = 19179/169260
2025-02-10 23:53 | INFO | Query 23 Size of the filtered table is = 1693
2025-02-10 23:55 | INFO | Training Time Active Learning Classifier: 48.1 seconds
2025-02-10 23:55 | INFO | Training Time Active Learning Regressor: 4.69 seconds
2025-02-10 23:58 | INFO | Query 23 Active Learning Runtime on Validation Set: 885155.6699999999
2025-02-10 23:58 | INFO | Query 23 Active Learning Runtime on Test Set: 341970.94999999995
2025-02-10 23:58 | INFO | Query 23 Active Learning Instance Cost: 22929307.73
2025-02-10 23:58 | INFO | Query 24 Size of the uncertainty table is = 13457/169260
2025-02-10 23:58 | INFO | Query 24 Size of the filtered table is = 1693
2025-02-11 00:00 | INFO | Training Time Active Learning Classifier: 49.22 seconds
2025-02-11 00:00 | INFO | Training Time Active Learning Regressor: 5.23 seconds
2025-02-11 00:03 | INFO | Query 24 Active Learning Runtime on Validation Set: 1025917.77
2025-02-11 00:03 | INFO | Query 24 Active Learning Runtime on Test Set: 269391.44
2025-02-11 00:03 | INFO | Query 24 Active Learning Instance Cost: 23280734.94
2025-02-11 00:03 | INFO | Timeout limit is increased to 3600
2025-02-11 00:03 | INFO | Query 25 Size of the uncertainty table is = 8318/169260
2025-02-11 00:03 | INFO | Query 25 Size of the filtered table is = 1693
2025-02-11 00:04 | INFO | Training Time Active Learning Classifier: 50.32 seconds
2025-02-11 00:05 | INFO | Training Time Active Learning Regressor: 4.86 seconds
2025-02-11 00:08 | INFO | Query 25 Active Learning Runtime on Validation Set: 990642.36
2025-02-11 00:08 | INFO | Query 25 Active Learning Runtime on Test Set: 269081.98
2025-02-11 00:08 | INFO | Query 25 Active Learning Instance Cost: 23785389.32
2025-02-11 00:08 | INFO | Query 26 Size of the uncertainty table is = 2880/169260
2025-02-11 00:08 | INFO | Query 26 Size of the filtered table is = 1693
2025-02-11 00:09 | INFO | Training Time Active Learning Classifier: 50.92 seconds
2025-02-11 00:09 | INFO | Training Time Active Learning Regressor: 4.89 seconds
2025-02-11 00:13 | INFO | Query 26 Active Learning Runtime on Validation Set: 1026317.91
2025-02-11 00:13 | INFO | Query 26 Active Learning Runtime on Test Set: 270045.19
2025-02-11 00:13 | INFO | Query 26 Active Learning Instance Cost: 23881751.84
2025-02-11 00:13 | INFO | Timeout limit is increased to 3600
2025-02-11 00:13 | INFO | Query 27 Size of the uncertainty table is = 180/169260
2025-02-11 00:13 | INFO | Query 27 Size of the filtered table is = 180
2025-02-11 00:14 | INFO | Training Time Active Learning Classifier: 50.99 seconds
2025-02-11 00:14 | INFO | Training Time Active Learning Regressor: 4.95 seconds
2025-02-11 00:17 | INFO | Query 27 Active Learning Runtime on Validation Set: 1026324.36
2025-02-11 00:17 | INFO | Query 27 Active Learning Runtime on Test Set: 270045.19
2025-02-11 00:17 | INFO | Query 27 Active Learning Instance Cost: 23881751.95
2025-02-11 00:17 | INFO | Timeout limit is increased to 3600
2025-02-11 00:17 | INFO | Active Learning Emissions: 0.11018267096976335
2025-02-11 00:17 | INFO | Active Learning Energy Consumption: 0.11988155960027867 kWh
2025-02-11 00:17 | INFO | runtime_test_score is written as json file
2025-02-11 00:17 | INFO | runtime_validation_score is written as json file
2025-02-11 00:17 | INFO | instance_cost is written as json file
2025-02-11 00:17 | INFO | Experiment is finished
