2025-02-10 21:54 | INFO | Paramaters are: {'dataset': 'SAT12-HAND', 'penalty': 10, 'weight': 'No_Weight', 'voting': 'Hard', 'pre_selection_size': 64, 'pre_selection_technique': 'No_pre_selection', 'feature_elimination_threshold': 20, 'imputer_strategy': 'median', 'feature_selection_technique': 'No_feature_selection', 'feature_scaling_technique': 'StandardScaler', 'priority': {'PredCost': 'min', 'PredDiff': 'max', 'Uncertainty': 'max'}, 'initial_train_size': 20, 'query_size': 1, 'timeout_predictor_usage': 'No', 'timeout_limit': 100, 'timeout_increase_rate': 100, 'penalty_type': 'Only-timeout-penalty', 'RANDOM_STATE_SEED': 123, 'n_splits': 10, 'split_number': 1, 'max_timeout': 3600, 'param_grid': {'n_estimators': 100, 'max_features': 'sqrt', 'max_depth': 2147483648, 'min_samples_split': 2, 'bootstrap': True}}
2025-02-10 21:54 | INFO | SAT12-HAND is current dataset
2025-02-10 21:54 | INFO | DATASETS/SAT12-HAND/algorithm_runs.arff is found
2025-02-10 21:54 | INFO | DATASETS/SAT12-HAND/algorithm_runs.arff is finished
2025-02-10 21:54 | INFO | DATASETS/SAT12-HAND/feature_values.arff is found
2025-02-10 21:54 | INFO | DATASETS/SAT12-HAND/feature_values.arff is finished
2025-02-10 21:54 | INFO | DATASETS/SAT12-HAND/feature_costs.arff is found
2025-02-10 21:54 | INFO | DATASETS/SAT12-HAND/feature_costs.arff is finished
2025-02-10 21:54 | INFO | Virtual best solver time in train = 78440.75
2025-02-10 21:54 | INFO | Single best solver list train = {'clasp1': 5657184.51, 'clasp2': 4903808.74, 'cryptominisat2011': 6186685.85, 'eagleup': 12960117.65, 'ebglucose': 6944845.83, 'ebminisat': 6550057.69, 'glucose2': 6258674.83, 'glueminisat': 6723952.68, 'gnoveltyp2': 11636918.99, 'lingeling': 6794421.2, 'lrglshr': 7660733.66, 'marchrw': 9422288.63, 'minisatpsm': 6944678.84, 'mphaseSAT': 4250620.29, 'mphaseSAT64': 4718498.95, 'mphaseSATm': 4287903.09, 'mxc09': 5982200.23, 'picosat': 6628080.69, 'precosat': 6043827.38, 'qutersat': 6222899.89, 'rcl': 7732915.09, 'restartsat': 6375419.91, 'sapperlot': 6955711.93, 'satime11': 9842006.32, 'sattime': 10053458.1, 'sattimep': 9947607.91, 'sol': 7151466.78, 'sparrow': 10094756.29, 'spear-hw': 8704405.94, 'spear-sw': 9425052.58, 'tnm': 10414705.87}
2025-02-10 21:54 | INFO | Single best solver time train = mphaseSAT (4250620.29)
2025-02-10 21:54 | INFO | Virtual best solver time in validation = 6387.88
2025-02-10 21:54 | INFO | Single best solver list validation = {'clasp1': 1414406.57, 'clasp2': 1377999.5, 'cryptominisat2011': 1663520.12, 'eagleup': 2593278.8, 'ebglucose': 1735366.8, 'ebminisat': 1303879.95, 'glucose2': 1521567.47, 'glueminisat': 1555881.39, 'gnoveltyp2': 1480668.46, 'lingeling': 1589848.71, 'lrglshr': 1519910.77, 'marchrw': 1697427.23, 'minisatpsm': 1553383.84, 'mphaseSAT': 1339384.09, 'mphaseSAT64': 1341593.72, 'mphaseSATm': 1411321.26, 'mxc09': 1557404.19, 'picosat': 1377931.67, 'precosat': 1410025.88, 'qutersat': 1699985.49, 'rcl': 1626998.6, 'restartsat': 1485306.05, 'sapperlot': 1447559.97, 'satime11': 1302366.94, 'sattime': 1265050.03, 'sattimep': 1230337.7, 'sol': 1337949.7, 'sparrow': 1334632.45, 'spear-hw': 1626801.15, 'spear-sw': 2270727.38, 'tnm': 1337337.46}
2025-02-10 21:54 | INFO | Single best solver time validation = sattimep (1230337.7)
2025-02-10 21:54 | INFO | Virtual best solver time in test = 7161.71
2025-02-10 21:54 | INFO | Single best solver list test = {'clasp1': 904310.65, 'clasp2': 870292.89, 'cryptominisat2011': 978857.31, 'eagleup': 1836000.14, 'ebglucose': 1084924.94, 'ebminisat': 1015059.02, 'glucose2': 1048636.87, 'glueminisat': 1119734.1, 'gnoveltyp2': 1585069.01, 'lingeling': 906139.45, 'lrglshr': 1228137.96, 'marchrw': 1406556.36, 'minisatpsm': 1050290.25, 'mphaseSAT': 651930.61, 'mphaseSAT64': 725066.79, 'mphaseSATm': 617288.07, 'mxc09': 762595.34, 'picosat': 1155141.24, 'precosat': 1012443.55, 'qutersat': 1083211.24, 'rcl': 1122670.33, 'restartsat': 838293.19, 'sapperlot': 978636.57, 'satime11': 1369326.36, 'sattime': 1335100.84, 'sattimep': 1404652.36, 'sol': 1048511.02, 'sparrow': 1334318.23, 'spear-hw': 1124149.85, 'spear-sw': 1550183.56, 'tnm': 1370629.75}
2025-02-10 21:54 | INFO | Single best solver time test = mphaseSATm (617288.07)
2025-02-10 21:55 | INFO | Training Time Passive Learning Classifier: 50.18 seconds
2025-02-10 21:55 | INFO | Training Time Passive Learning Regressor: 4.84 seconds
2025-02-10 21:58 | INFO | Passive Learning Classifier Runtime on Validation Set: 793019.87
2025-02-10 21:58 | INFO | Passive Learning Classifier Runtime on Test Set: 323113.63
2025-02-10 21:58 | INFO | Passive Learning Instance Cost: 24139506.34
2025-02-10 21:58 | INFO | Passive Learning Emissions: 0.002966862310671297
2025-02-10 21:58 | INFO | Passive Learning Energy Consumption: 0.0032280219547424676 kWh
2025-02-10 21:59 | INFO | Training Time Active Learning Classifier: 28.25 seconds
2025-02-10 21:59 | INFO | Training Time Active Learning Regressor: 1.49 seconds
2025-02-10 22:02 | INFO | Initial Active Learning Runtime on Validation Set: 1333688.27
2025-02-10 22:02 | INFO | Initial Active Learning Runtime on Test Set: 859385.18
2025-02-10 22:02 | INFO | Initial Active Learning Instance Cost: 43876.84
2025-02-10 22:02 | INFO | Bin size = 1693
2025-02-10 22:03 | INFO | Query 1 Size of the uncertainty table is = 173469/169260
2025-02-10 22:03 | INFO | Query 1 Size of the filtered table is = 1693
2025-02-10 22:04 | INFO | Training Time Active Learning Classifier: 25.82 seconds
2025-02-10 22:04 | INFO | Training Time Active Learning Regressor: 1.6 seconds
2025-02-10 22:07 | INFO | Query 1 Active Learning Runtime on Validation Set: 1366061.97
2025-02-10 22:07 | INFO | Query 1 Active Learning Runtime on Test Set: 717662.82
2025-02-10 22:07 | INFO | Query 1 Active Learning Instance Cost: 59623.51
2025-02-10 22:07 | INFO | Timeout limit is increased to 200
2025-02-10 22:08 | INFO | Query 2 Size of the uncertainty table is = 171161/169260
2025-02-10 22:08 | INFO | Query 2 Size of the filtered table is = 1693
2025-02-10 22:09 | INFO | Training Time Active Learning Classifier: 26.64 seconds
2025-02-10 22:09 | INFO | Training Time Active Learning Regressor: 1.7 seconds
2025-02-10 22:12 | INFO | Query 2 Active Learning Runtime on Validation Set: 1224079.97
2025-02-10 22:12 | INFO | Query 2 Active Learning Runtime on Test Set: 716494.6699999999
2025-02-10 22:12 | INFO | Query 2 Active Learning Instance Cost: 73203.61
2025-02-10 22:14 | INFO | Query 3 Size of the uncertainty table is = 168610/169260
2025-02-10 22:14 | INFO | Query 3 Size of the filtered table is = 1693
2025-02-10 22:14 | INFO | Training Time Active Learning Classifier: 26.97 seconds
2025-02-10 22:14 | INFO | Training Time Active Learning Regressor: 1.76 seconds
2025-02-10 22:18 | INFO | Query 3 Active Learning Runtime on Validation Set: 1081915.4400000002
2025-02-10 22:18 | INFO | Query 3 Active Learning Runtime on Test Set: 680482.99
2025-02-10 22:18 | INFO | Query 3 Active Learning Instance Cost: 89632.57
2025-02-10 22:19 | INFO | Query 4 Size of the uncertainty table is = 166624/169260
2025-02-10 22:19 | INFO | Query 4 Size of the filtered table is = 1693
2025-02-10 22:20 | INFO | Training Time Active Learning Classifier: 26.82 seconds
2025-02-10 22:20 | INFO | Training Time Active Learning Regressor: 2.31 seconds
2025-02-10 22:23 | INFO | Query 4 Active Learning Runtime on Validation Set: 1081974.1400000001
2025-02-10 22:23 | INFO | Query 4 Active Learning Runtime on Test Set: 752207.8099999999
2025-02-10 22:23 | INFO | Query 4 Active Learning Instance Cost: 101007.75
2025-02-10 22:23 | INFO | Timeout limit is increased to 300
2025-02-10 22:25 | INFO | Query 5 Size of the uncertainty table is = 164703/169260
2025-02-10 22:25 | INFO | Query 5 Size of the filtered table is = 1693
2025-02-10 22:25 | INFO | Training Time Active Learning Classifier: 27.28 seconds
2025-02-10 22:25 | INFO | Training Time Active Learning Regressor: 2.44 seconds
2025-02-10 22:29 | INFO | Query 5 Active Learning Runtime on Validation Set: 1046005.32
2025-02-10 22:29 | INFO | Query 5 Active Learning Runtime on Test Set: 680111.24
2025-02-10 22:29 | INFO | Query 5 Active Learning Instance Cost: 133880.24
2025-02-10 22:30 | INFO | Query 6 Size of the uncertainty table is = 162320/169260
2025-02-10 22:30 | INFO | Query 6 Size of the filtered table is = 1693
2025-02-10 22:31 | INFO | Training Time Active Learning Classifier: 28.29 seconds
2025-02-10 22:31 | INFO | Training Time Active Learning Regressor: 2.05 seconds
2025-02-10 22:34 | INFO | Query 6 Active Learning Runtime on Validation Set: 1259995.56
2025-02-10 22:34 | INFO | Query 6 Active Learning Runtime on Test Set: 715489.99
2025-02-10 22:34 | INFO | Query 6 Active Learning Instance Cost: 167247.57
2025-02-10 22:34 | INFO | Timeout limit is increased to 400
2025-02-10 22:36 | INFO | Query 7 Size of the uncertainty table is = 159574/169260
2025-02-10 22:36 | INFO | Query 7 Size of the filtered table is = 1693
2025-02-10 22:37 | INFO | Training Time Active Learning Classifier: 28.7 seconds
2025-02-10 22:37 | INFO | Training Time Active Learning Regressor: 2.11 seconds
2025-02-10 22:40 | INFO | Query 7 Active Learning Runtime on Validation Set: 1258728.9000000001
2025-02-10 22:40 | INFO | Query 7 Active Learning Runtime on Test Set: 608809.86
2025-02-10 22:40 | INFO | Query 7 Active Learning Instance Cost: 184543.75
2025-02-10 22:42 | INFO | Query 8 Size of the uncertainty table is = 157585/169260
2025-02-10 22:42 | INFO | Query 8 Size of the filtered table is = 1693
2025-02-10 22:43 | INFO | Training Time Active Learning Classifier: 29.08 seconds
2025-02-10 22:43 | INFO | Training Time Active Learning Regressor: 2.19 seconds
2025-02-10 22:46 | INFO | Query 8 Active Learning Runtime on Validation Set: 1365860.4300000002
2025-02-10 22:46 | INFO | Query 8 Active Learning Runtime on Test Set: 573791.14
2025-02-10 22:46 | INFO | Query 8 Active Learning Instance Cost: 213970.85
2025-02-10 22:46 | INFO | Timeout limit is increased to 500
2025-02-10 22:48 | INFO | Query 9 Size of the uncertainty table is = 155513/169260
2025-02-10 22:48 | INFO | Query 9 Size of the filtered table is = 1693
2025-02-10 22:49 | INFO | Training Time Active Learning Classifier: 29.04 seconds
2025-02-10 22:49 | INFO | Training Time Active Learning Regressor: 2.84 seconds
2025-02-10 22:52 | INFO | Query 9 Active Learning Runtime on Validation Set: 1188562.06
2025-02-10 22:52 | INFO | Query 9 Active Learning Runtime on Test Set: 538235.58
2025-02-10 22:52 | INFO | Query 9 Active Learning Instance Cost: 256589.3
2025-02-10 22:54 | INFO | Query 10 Size of the uncertainty table is = 153395/169260
2025-02-10 22:54 | INFO | Query 10 Size of the filtered table is = 1693
2025-02-10 22:55 | INFO | Training Time Active Learning Classifier: 30.09 seconds
2025-02-10 22:55 | INFO | Training Time Active Learning Regressor: 2.36 seconds
2025-02-10 22:58 | INFO | Query 10 Active Learning Runtime on Validation Set: 1223114.46
2025-02-10 22:58 | INFO | Query 10 Active Learning Runtime on Test Set: 572534.22
2025-02-10 22:58 | INFO | Query 10 Active Learning Instance Cost: 315012.78
2025-02-10 22:58 | INFO | Timeout limit is increased to 600
2025-02-10 23:00 | INFO | Query 11 Size of the uncertainty table is = 151084/169260
2025-02-10 23:00 | INFO | Query 11 Size of the filtered table is = 1693
2025-02-10 23:01 | INFO | Training Time Active Learning Classifier: 30.08 seconds
2025-02-10 23:01 | INFO | Training Time Active Learning Regressor: 2.5 seconds
2025-02-10 23:04 | INFO | Query 11 Active Learning Runtime on Validation Set: 1366882.98
2025-02-10 23:04 | INFO | Query 11 Active Learning Runtime on Test Set: 680802.13
2025-02-10 23:04 | INFO | Query 11 Active Learning Instance Cost: 416766.61
2025-02-10 23:04 | INFO | Timeout limit is increased to 700
2025-02-10 23:06 | INFO | Query 12 Size of the uncertainty table is = 148918/169260
2025-02-10 23:06 | INFO | Query 12 Size of the filtered table is = 1693
2025-02-10 23:07 | INFO | Training Time Active Learning Classifier: 30.73 seconds
2025-02-10 23:07 | INFO | Training Time Active Learning Regressor: 2.62 seconds
2025-02-10 23:10 | INFO | Query 12 Active Learning Runtime on Validation Set: 1116640.9400000002
2025-02-10 23:10 | INFO | Query 12 Active Learning Runtime on Test Set: 610210.61
2025-02-10 23:10 | INFO | Query 12 Active Learning Instance Cost: 515713.55
2025-02-10 23:12 | INFO | Query 13 Size of the uncertainty table is = 146481/169260
2025-02-10 23:12 | INFO | Query 13 Size of the filtered table is = 1693
2025-02-10 23:13 | INFO | Training Time Active Learning Classifier: 31.71 seconds
2025-02-10 23:13 | INFO | Training Time Active Learning Regressor: 2.69 seconds
2025-02-10 23:17 | INFO | Query 13 Active Learning Runtime on Validation Set: 1009561.23
2025-02-10 23:17 | INFO | Query 13 Active Learning Runtime on Test Set: 574250.6799999999
2025-02-10 23:17 | INFO | Query 13 Active Learning Instance Cost: 572592.85
2025-02-10 23:19 | INFO | Query 14 Size of the uncertainty table is = 144434/169260
2025-02-10 23:19 | INFO | Query 14 Size of the filtered table is = 1693
2025-02-10 23:19 | INFO | Training Time Active Learning Classifier: 32.3 seconds
2025-02-10 23:20 | INFO | Training Time Active Learning Regressor: 2.77 seconds
2025-02-10 23:23 | INFO | Query 14 Active Learning Runtime on Validation Set: 1043828.4199999999
2025-02-10 23:23 | INFO | Query 14 Active Learning Runtime on Test Set: 501947.78
2025-02-10 23:23 | INFO | Query 14 Active Learning Instance Cost: 639678.23
2025-02-10 23:23 | INFO | Timeout limit is increased to 800
2025-02-10 23:25 | INFO | Query 15 Size of the uncertainty table is = 142444/169260
2025-02-10 23:25 | INFO | Query 15 Size of the filtered table is = 1693
2025-02-10 23:26 | INFO | Training Time Active Learning Classifier: 32.97 seconds
2025-02-10 23:26 | INFO | Training Time Active Learning Regressor: 2.88 seconds
2025-02-10 23:29 | INFO | Query 15 Active Learning Runtime on Validation Set: 975898.95
2025-02-10 23:29 | INFO | Query 15 Active Learning Runtime on Test Set: 645399.2
2025-02-10 23:29 | INFO | Query 15 Active Learning Instance Cost: 733523.4
2025-02-10 23:32 | INFO | Query 16 Size of the uncertainty table is = 140391/169260
2025-02-10 23:32 | INFO | Query 16 Size of the filtered table is = 1693
2025-02-10 23:32 | INFO | Training Time Active Learning Classifier: 33.59 seconds
2025-02-10 23:32 | INFO | Training Time Active Learning Regressor: 2.97 seconds
2025-02-10 23:36 | INFO | Query 16 Active Learning Runtime on Validation Set: 1082745.7000000002
2025-02-10 23:36 | INFO | Query 16 Active Learning Runtime on Test Set: 610038.58
2025-02-10 23:36 | INFO | Query 16 Active Learning Instance Cost: 845981.38
2025-02-10 23:36 | INFO | Timeout limit is increased to 900
2025-02-10 23:38 | INFO | Query 17 Size of the uncertainty table is = 138124/169260
2025-02-10 23:38 | INFO | Query 17 Size of the filtered table is = 1693
2025-02-10 23:39 | INFO | Training Time Active Learning Classifier: 33.61 seconds
2025-02-10 23:39 | INFO | Training Time Active Learning Regressor: 3.1 seconds
2025-02-10 23:42 | INFO | Query 17 Active Learning Runtime on Validation Set: 1225379.59
2025-02-10 23:42 | INFO | Query 17 Active Learning Runtime on Test Set: 716150.44
2025-02-10 23:42 | INFO | Query 17 Active Learning Instance Cost: 997508.85
2025-02-10 23:42 | INFO | Timeout limit is increased to 1000
2025-02-10 23:45 | INFO | Query 18 Size of the uncertainty table is = 136038/169260
2025-02-10 23:45 | INFO | Query 18 Size of the filtered table is = 1693
2025-02-10 23:46 | INFO | Training Time Active Learning Classifier: 34.35 seconds
2025-02-10 23:46 | INFO | Training Time Active Learning Regressor: 3.16 seconds
2025-02-10 23:49 | INFO | Query 18 Active Learning Runtime on Validation Set: 935339.01
2025-02-10 23:49 | INFO | Query 18 Active Learning Runtime on Test Set: 606500.14
2025-02-10 23:49 | INFO | Query 18 Active Learning Instance Cost: 1230339.38
2025-02-10 23:52 | INFO | Query 19 Size of the uncertainty table is = 133809/169260
2025-02-10 23:52 | INFO | Query 19 Size of the filtered table is = 1693
2025-02-10 23:52 | INFO | Training Time Active Learning Classifier: 35.01 seconds
2025-02-10 23:52 | INFO | Training Time Active Learning Regressor: 3.26 seconds
2025-02-10 23:56 | INFO | Query 19 Active Learning Runtime on Validation Set: 829194.73
2025-02-10 23:56 | INFO | Query 19 Active Learning Runtime on Test Set: 606415.96
2025-02-10 23:56 | INFO | Query 19 Active Learning Instance Cost: 1429968.65
2025-02-10 23:58 | INFO | Query 20 Size of the uncertainty table is = 131535/169260
2025-02-10 23:58 | INFO | Query 20 Size of the filtered table is = 1693
2025-02-10 23:59 | INFO | Training Time Active Learning Classifier: 35.64 seconds
2025-02-10 23:59 | INFO | Training Time Active Learning Regressor: 3.36 seconds
2025-02-11 00:03 | INFO | Query 20 Active Learning Runtime on Validation Set: 865769.33
2025-02-11 00:03 | INFO | Query 20 Active Learning Runtime on Test Set: 533880.54
2025-02-11 00:03 | INFO | Query 20 Active Learning Instance Cost: 1553994.04
2025-02-11 00:03 | INFO | Timeout limit is increased to 1100
2025-02-11 00:05 | INFO | Query 21 Size of the uncertainty table is = 129495/169260
2025-02-11 00:05 | INFO | Query 21 Size of the filtered table is = 1693
2025-02-11 00:06 | INFO | Training Time Active Learning Classifier: 36.12 seconds
2025-02-11 00:06 | INFO | Training Time Active Learning Regressor: 3.43 seconds
2025-02-11 00:10 | INFO | Query 21 Active Learning Runtime on Validation Set: 937438.7
2025-02-11 00:10 | INFO | Query 21 Active Learning Runtime on Test Set: 499228.38
2025-02-11 00:10 | INFO | Query 21 Active Learning Instance Cost: 1711350.95
2025-02-11 00:10 | INFO | Timeout limit is increased to 1200
2025-02-11 00:12 | INFO | Query 22 Size of the uncertainty table is = 127610/169260
2025-02-11 00:12 | INFO | Query 22 Size of the filtered table is = 1693
2025-02-11 00:13 | INFO | Training Time Active Learning Classifier: 37.4 seconds
2025-02-11 00:13 | INFO | Training Time Active Learning Regressor: 3.49 seconds
2025-02-11 00:16 | INFO | Query 22 Active Learning Runtime on Validation Set: 866151.22
2025-02-11 00:16 | INFO | Query 22 Active Learning Runtime on Test Set: 464479.42000000004
2025-02-11 00:16 | INFO | Query 22 Active Learning Instance Cost: 1932056.0
2025-02-11 00:19 | INFO | Query 23 Size of the uncertainty table is = 125238/169260
2025-02-11 00:19 | INFO | Query 23 Size of the filtered table is = 1693
2025-02-11 00:20 | INFO | Training Time Active Learning Classifier: 37.33 seconds
2025-02-11 00:20 | INFO | Training Time Active Learning Regressor: 3.56 seconds
2025-02-11 00:24 | INFO | Query 23 Active Learning Runtime on Validation Set: 1008792.0599999999
2025-02-11 00:24 | INFO | Query 23 Active Learning Runtime on Test Set: 465697.27
2025-02-11 00:24 | INFO | Query 23 Active Learning Instance Cost: 2167932.46
2025-02-11 00:24 | INFO | Timeout limit is increased to 1300
2025-02-11 00:26 | INFO | Query 24 Size of the uncertainty table is = 122949/169260
2025-02-11 00:26 | INFO | Query 24 Size of the filtered table is = 1693
2025-02-11 00:27 | INFO | Training Time Active Learning Classifier: 37.82 seconds
2025-02-11 00:27 | INFO | Training Time Active Learning Regressor: 3.6 seconds
2025-02-11 00:31 | INFO | Query 24 Active Learning Runtime on Validation Set: 866156.7999999999
2025-02-11 00:31 | INFO | Query 24 Active Learning Runtime on Test Set: 429866.73000000004
2025-02-11 00:31 | INFO | Query 24 Active Learning Instance Cost: 2364347.87
2025-02-11 00:33 | INFO | Query 25 Size of the uncertainty table is = 121092/169260
2025-02-11 00:33 | INFO | Query 25 Size of the filtered table is = 1693
2025-02-11 00:34 | INFO | Training Time Active Learning Classifier: 38.87 seconds
2025-02-11 00:34 | INFO | Training Time Active Learning Regressor: 3.63 seconds
2025-02-11 00:38 | INFO | Query 25 Active Learning Runtime on Validation Set: 972570.0499999999
2025-02-11 00:38 | INFO | Query 25 Active Learning Runtime on Test Set: 429884.36000000004
2025-02-11 00:38 | INFO | Query 25 Active Learning Instance Cost: 2476627.37
2025-02-11 00:38 | INFO | Timeout limit is increased to 1400
2025-02-11 00:40 | INFO | Query 26 Size of the uncertainty table is = 119233/169260
2025-02-11 00:40 | INFO | Query 26 Size of the filtered table is = 1693
2025-02-11 00:41 | INFO | Training Time Active Learning Classifier: 39.34 seconds
2025-02-11 00:41 | INFO | Training Time Active Learning Regressor: 3.68 seconds
2025-02-11 00:45 | INFO | Query 26 Active Learning Runtime on Validation Set: 1042678.0
2025-02-11 00:45 | INFO | Query 26 Active Learning Runtime on Test Set: 394015.41000000003
2025-02-11 00:45 | INFO | Query 26 Active Learning Instance Cost: 2670686.31
2025-02-11 00:45 | INFO | Timeout limit is increased to 1500
2025-02-11 00:47 | INFO | Query 27 Size of the uncertainty table is = 117330/169260
2025-02-11 00:47 | INFO | Query 27 Size of the filtered table is = 1693
2025-02-11 00:48 | INFO | Training Time Active Learning Classifier: 39.27 seconds
2025-02-11 00:48 | INFO | Training Time Active Learning Regressor: 3.74 seconds
2025-02-11 00:52 | INFO | Query 27 Active Learning Runtime on Validation Set: 971704.8999999999
2025-02-11 00:52 | INFO | Query 27 Active Learning Runtime on Test Set: 429695.51
2025-02-11 00:52 | INFO | Query 27 Active Learning Instance Cost: 2829164.55
2025-02-11 00:54 | INFO | Query 28 Size of the uncertainty table is = 115251/169260
2025-02-11 00:54 | INFO | Query 28 Size of the filtered table is = 1693
2025-02-11 00:55 | INFO | Training Time Active Learning Classifier: 39.64 seconds
2025-02-11 00:55 | INFO | Training Time Active Learning Regressor: 3.77 seconds
2025-02-11 00:59 | INFO | Query 28 Active Learning Runtime on Validation Set: 899412.1799999999
2025-02-11 00:59 | INFO | Query 28 Active Learning Runtime on Test Set: 358303.02
2025-02-11 00:59 | INFO | Query 28 Active Learning Instance Cost: 2948108.44
2025-02-11 01:01 | INFO | Query 29 Size of the uncertainty table is = 113282/169260
2025-02-11 01:01 | INFO | Query 29 Size of the filtered table is = 1693
2025-02-11 01:02 | INFO | Training Time Active Learning Classifier: 40.7 seconds
2025-02-11 01:02 | INFO | Training Time Active Learning Regressor: 3.81 seconds
2025-02-11 01:06 | INFO | Query 29 Active Learning Runtime on Validation Set: 864137.2799999999
2025-02-11 01:06 | INFO | Query 29 Active Learning Runtime on Test Set: 429679.01
2025-02-11 01:06 | INFO | Query 29 Active Learning Instance Cost: 3126520.46
2025-02-11 01:08 | INFO | Query 30 Size of the uncertainty table is = 111379/169260
2025-02-11 01:08 | INFO | Query 30 Size of the filtered table is = 1693
2025-02-11 01:09 | INFO | Training Time Active Learning Classifier: 40.6 seconds
2025-02-11 01:09 | INFO | Training Time Active Learning Regressor: 3.83 seconds
2025-02-11 01:13 | INFO | Query 30 Active Learning Runtime on Validation Set: 1005348.59
2025-02-11 01:13 | INFO | Query 30 Active Learning Runtime on Test Set: 394776.73000000004
2025-02-11 01:13 | INFO | Query 30 Active Learning Instance Cost: 3330950.56
2025-02-11 01:13 | INFO | Timeout limit is increased to 1600
2025-02-11 01:16 | INFO | Query 31 Size of the uncertainty table is = 109479/169260
2025-02-11 01:16 | INFO | Query 31 Size of the filtered table is = 1693
2025-02-11 01:17 | INFO | Training Time Active Learning Classifier: 41.47 seconds
2025-02-11 01:17 | INFO | Training Time Active Learning Regressor: 3.92 seconds
2025-02-11 01:20 | INFO | Query 31 Active Learning Runtime on Validation Set: 1006146.88
2025-02-11 01:20 | INFO | Query 31 Active Learning Runtime on Test Set: 394620.16000000003
2025-02-11 01:20 | INFO | Query 31 Active Learning Instance Cost: 3506741.53
2025-02-11 01:20 | INFO | Timeout limit is increased to 1700
2025-02-11 01:23 | INFO | Query 32 Size of the uncertainty table is = 107464/169260
2025-02-11 01:23 | INFO | Query 32 Size of the filtered table is = 1693
2025-02-11 01:24 | INFO | Training Time Active Learning Classifier: 42.15 seconds
2025-02-11 01:24 | INFO | Training Time Active Learning Regressor: 3.93 seconds
2025-02-11 01:27 | INFO | Query 32 Active Learning Runtime on Validation Set: 900150.22
2025-02-11 01:27 | INFO | Query 32 Active Learning Runtime on Test Set: 394614.13
2025-02-11 01:27 | INFO | Query 32 Active Learning Instance Cost: 3798535.93
2025-02-11 01:30 | INFO | Query 33 Size of the uncertainty table is = 105510/169260
2025-02-11 01:30 | INFO | Query 33 Size of the filtered table is = 1693
2025-02-11 01:31 | INFO | Training Time Active Learning Classifier: 42.57 seconds
2025-02-11 01:31 | INFO | Training Time Active Learning Regressor: 3.99 seconds
2025-02-11 01:34 | INFO | Query 33 Active Learning Runtime on Validation Set: 898812.5499999999
2025-02-11 01:34 | INFO | Query 33 Active Learning Runtime on Test Set: 393840.79000000004
2025-02-11 01:34 | INFO | Query 33 Active Learning Instance Cost: 4086784.72
2025-02-11 01:37 | INFO | Query 34 Size of the uncertainty table is = 103585/169260
2025-02-11 01:37 | INFO | Query 34 Size of the filtered table is = 1693
2025-02-11 01:38 | INFO | Training Time Active Learning Classifier: 42.52 seconds
2025-02-11 01:38 | INFO | Training Time Active Learning Regressor: 4.04 seconds
2025-02-11 01:41 | INFO | Query 34 Active Learning Runtime on Validation Set: 899700.88
2025-02-11 01:41 | INFO | Query 34 Active Learning Runtime on Test Set: 429827.74
2025-02-11 01:41 | INFO | Query 34 Active Learning Instance Cost: 4402866.83
2025-02-11 01:41 | INFO | Timeout limit is increased to 1800
2025-02-11 01:44 | INFO | Query 35 Size of the uncertainty table is = 101603/169260
2025-02-11 01:44 | INFO | Query 35 Size of the filtered table is = 1693
2025-02-11 01:45 | INFO | Training Time Active Learning Classifier: 43.57 seconds
2025-02-11 01:45 | INFO | Training Time Active Learning Regressor: 4.09 seconds
2025-02-11 01:48 | INFO | Query 35 Active Learning Runtime on Validation Set: 899924.88
2025-02-11 01:48 | INFO | Query 35 Active Learning Runtime on Test Set: 429827.74
2025-02-11 01:48 | INFO | Query 35 Active Learning Instance Cost: 4693783.07
2025-02-11 01:48 | INFO | Timeout limit is increased to 1900
2025-02-11 01:51 | INFO | Query 36 Size of the uncertainty table is = 99826/169260
2025-02-11 01:51 | INFO | Query 36 Size of the filtered table is = 1693
2025-02-11 01:52 | INFO | Training Time Active Learning Classifier: 43.46 seconds
2025-02-11 01:52 | INFO | Training Time Active Learning Regressor: 4.13 seconds
2025-02-11 01:56 | INFO | Query 36 Active Learning Runtime on Validation Set: 757710.1499999999
2025-02-11 01:56 | INFO | Query 36 Active Learning Runtime on Test Set: 429821.76
2025-02-11 01:56 | INFO | Query 36 Active Learning Instance Cost: 4969897.88
2025-02-11 01:58 | INFO | Query 37 Size of the uncertainty table is = 97928/169260
2025-02-11 01:58 | INFO | Query 37 Size of the filtered table is = 1693
2025-02-11 01:59 | INFO | Training Time Active Learning Classifier: 44.47 seconds
2025-02-11 01:59 | INFO | Training Time Active Learning Regressor: 4.17 seconds
2025-02-11 02:03 | INFO | Query 37 Active Learning Runtime on Validation Set: 863962.2899999999
2025-02-11 02:03 | INFO | Query 37 Active Learning Runtime on Test Set: 358178.95
2025-02-11 02:03 | INFO | Query 37 Active Learning Instance Cost: 5306558.81
2025-02-11 02:03 | INFO | Timeout limit is increased to 2000
2025-02-11 02:06 | INFO | Query 38 Size of the uncertainty table is = 96103/169260
2025-02-11 02:06 | INFO | Query 38 Size of the filtered table is = 1693
2025-02-11 02:07 | INFO | Training Time Active Learning Classifier: 44.96 seconds
2025-02-11 02:07 | INFO | Training Time Active Learning Regressor: 4.23 seconds
2025-02-11 02:10 | INFO | Query 38 Active Learning Runtime on Validation Set: 828832.0599999999
2025-02-11 02:10 | INFO | Query 38 Active Learning Runtime on Test Set: 394119.35000000003
2025-02-11 02:10 | INFO | Query 38 Active Learning Instance Cost: 5743436.54
2025-02-11 02:13 | INFO | Query 39 Size of the uncertainty table is = 94380/169260
2025-02-11 02:13 | INFO | Query 39 Size of the filtered table is = 1693
2025-02-11 02:14 | INFO | Training Time Active Learning Classifier: 45.35 seconds
2025-02-11 02:14 | INFO | Training Time Active Learning Regressor: 4.25 seconds
2025-02-11 02:17 | INFO | Query 39 Active Learning Runtime on Validation Set: 865366.9099999999
2025-02-11 02:17 | INFO | Query 39 Active Learning Runtime on Test Set: 357507.01
2025-02-11 02:17 | INFO | Query 39 Active Learning Instance Cost: 6010237.36
2025-02-11 02:17 | INFO | Timeout limit is increased to 2100
2025-02-11 02:20 | INFO | Query 40 Size of the uncertainty table is = 92520/169260
2025-02-11 02:20 | INFO | Query 40 Size of the filtered table is = 1693
2025-02-11 02:21 | INFO | Training Time Active Learning Classifier: 45.23 seconds
2025-02-11 02:21 | INFO | Training Time Active Learning Regressor: 4.95 seconds
2025-02-11 02:24 | INFO | Query 40 Active Learning Runtime on Validation Set: 934672.2999999999
2025-02-11 02:24 | INFO | Query 40 Active Learning Runtime on Test Set: 322716.2
2025-02-11 02:24 | INFO | Query 40 Active Learning Instance Cost: 6422736.28
2025-02-11 02:24 | INFO | Timeout limit is increased to 2200
2025-02-11 02:27 | INFO | Query 41 Size of the uncertainty table is = 90739/169260
2025-02-11 02:27 | INFO | Query 41 Size of the filtered table is = 1693
2025-02-11 02:28 | INFO | Training Time Active Learning Classifier: 46.56 seconds
2025-02-11 02:28 | INFO | Training Time Active Learning Regressor: 4.36 seconds
2025-02-11 02:32 | INFO | Query 41 Active Learning Runtime on Validation Set: 1112250.36
2025-02-11 02:32 | INFO | Query 41 Active Learning Runtime on Test Set: 393634.76
2025-02-11 02:32 | INFO | Query 41 Active Learning Instance Cost: 6789587.6
2025-02-11 02:32 | INFO | Timeout limit is increased to 2300
2025-02-11 02:34 | INFO | Query 42 Size of the uncertainty table is = 88283/169260
2025-02-11 02:34 | INFO | Query 42 Size of the filtered table is = 1693
2025-02-11 02:36 | INFO | Training Time Active Learning Classifier: 46.41 seconds
2025-02-11 02:36 | INFO | Training Time Active Learning Regressor: 4.44 seconds
2025-02-11 02:39 | INFO | Query 42 Active Learning Runtime on Validation Set: 935183.44
2025-02-11 02:39 | INFO | Query 42 Active Learning Runtime on Test Set: 358244.04000000004
2025-02-11 02:39 | INFO | Query 42 Active Learning Instance Cost: 7195158.68
2025-02-11 02:42 | INFO | Query 43 Size of the uncertainty table is = 86016/169260
2025-02-11 02:42 | INFO | Query 43 Size of the filtered table is = 1693
2025-02-11 02:43 | INFO | Training Time Active Learning Classifier: 47.51 seconds
2025-02-11 02:43 | INFO | Training Time Active Learning Regressor: 4.56 seconds
2025-02-11 02:46 | INFO | Query 43 Active Learning Runtime on Validation Set: 864472.23
2025-02-11 02:46 | INFO | Query 43 Active Learning Runtime on Test Set: 358006.55
2025-02-11 02:46 | INFO | Query 43 Active Learning Instance Cost: 7852905.65
2025-02-11 02:49 | INFO | Query 44 Size of the uncertainty table is = 83984/169260
2025-02-11 02:49 | INFO | Query 44 Size of the filtered table is = 1693
2025-02-11 02:50 | INFO | Training Time Active Learning Classifier: 47.4 seconds
2025-02-11 02:50 | INFO | Training Time Active Learning Regressor: 4.59 seconds
2025-02-11 02:53 | INFO | Query 44 Active Learning Runtime on Validation Set: 970374.21
2025-02-11 02:53 | INFO | Query 44 Active Learning Runtime on Test Set: 358006.55
2025-02-11 02:53 | INFO | Query 44 Active Learning Instance Cost: 8391676.97
2025-02-11 02:53 | INFO | Timeout limit is increased to 2400
2025-02-11 02:56 | INFO | Query 45 Size of the uncertainty table is = 82118/169260
2025-02-11 02:56 | INFO | Query 45 Size of the filtered table is = 1693
2025-02-11 02:57 | INFO | Training Time Active Learning Classifier: 48.32 seconds
2025-02-11 02:57 | INFO | Training Time Active Learning Regressor: 4.64 seconds
2025-02-11 03:00 | INFO | Query 45 Active Learning Runtime on Validation Set: 971286.9099999999
2025-02-11 03:00 | INFO | Query 45 Active Learning Runtime on Test Set: 287537.01
2025-02-11 03:00 | INFO | Query 45 Active Learning Instance Cost: 8753334.31
2025-02-11 03:00 | INFO | Timeout limit is increased to 2500
2025-02-11 03:03 | INFO | Query 46 Size of the uncertainty table is = 80355/169260
2025-02-11 03:03 | INFO | Query 46 Size of the filtered table is = 1693
2025-02-11 03:04 | INFO | Training Time Active Learning Classifier: 48.2 seconds
2025-02-11 03:04 | INFO | Training Time Active Learning Regressor: 4.68 seconds
2025-02-11 03:08 | INFO | Query 46 Active Learning Runtime on Validation Set: 1076559.5
2025-02-11 03:08 | INFO | Query 46 Active Learning Runtime on Test Set: 322684.93
2025-02-11 03:08 | INFO | Query 46 Active Learning Instance Cost: 9152230.38
2025-02-11 03:08 | INFO | Timeout limit is increased to 2600
2025-02-11 03:10 | INFO | Query 47 Size of the uncertainty table is = 78624/169260
2025-02-11 03:10 | INFO | Query 47 Size of the filtered table is = 1693
2025-02-11 03:11 | INFO | Training Time Active Learning Classifier: 49.2 seconds
2025-02-11 03:11 | INFO | Training Time Active Learning Regressor: 4.71 seconds
2025-02-11 03:15 | INFO | Query 47 Active Learning Runtime on Validation Set: 1006126.46
2025-02-11 03:15 | INFO | Query 47 Active Learning Runtime on Test Set: 358378.27
2025-02-11 03:15 | INFO | Query 47 Active Learning Instance Cost: 9524547.74
2025-02-11 03:17 | INFO | Query 48 Size of the uncertainty table is = 76898/169260
2025-02-11 03:17 | INFO | Query 48 Size of the filtered table is = 1693
2025-02-11 03:18 | INFO | Training Time Active Learning Classifier: 48.97 seconds
2025-02-11 03:18 | INFO | Training Time Active Learning Regressor: 4.73 seconds
2025-02-11 03:22 | INFO | Query 48 Active Learning Runtime on Validation Set: 1041388.84
2025-02-11 03:22 | INFO | Query 48 Active Learning Runtime on Test Set: 322684.93
2025-02-11 03:22 | INFO | Query 48 Active Learning Instance Cost: 9901621.73
2025-02-11 03:22 | INFO | Timeout limit is increased to 2700
2025-02-11 03:24 | INFO | Query 49 Size of the uncertainty table is = 75187/169260
2025-02-11 03:24 | INFO | Query 49 Size of the filtered table is = 1693
2025-02-11 03:25 | INFO | Training Time Active Learning Classifier: 49.98 seconds
2025-02-11 03:26 | INFO | Training Time Active Learning Regressor: 4.76 seconds
2025-02-11 03:29 | INFO | Query 49 Active Learning Runtime on Validation Set: 970055.46
2025-02-11 03:29 | INFO | Query 49 Active Learning Runtime on Test Set: 358378.27
2025-02-11 03:29 | INFO | Query 49 Active Learning Instance Cost: 10378782.11
2025-02-11 03:31 | INFO | Query 50 Size of the uncertainty table is = 72319/169260
2025-02-11 03:31 | INFO | Query 50 Size of the filtered table is = 1693
2025-02-11 03:33 | INFO | Training Time Active Learning Classifier: 49.79 seconds
2025-02-11 03:33 | INFO | Training Time Active Learning Regressor: 4.83 seconds
2025-02-11 03:36 | INFO | Query 50 Active Learning Runtime on Validation Set: 934944.37
2025-02-11 03:36 | INFO | Query 50 Active Learning Runtime on Test Set: 322684.93
2025-02-11 03:36 | INFO | Query 50 Active Learning Instance Cost: 11483053.95
2025-02-11 03:39 | INFO | Query 51 Size of the uncertainty table is = 71344/169260
2025-02-11 03:39 | INFO | Query 51 Size of the filtered table is = 1693
2025-02-11 03:40 | INFO | Training Time Active Learning Classifier: 50.21 seconds
2025-02-11 03:40 | INFO | Training Time Active Learning Regressor: 4.87 seconds
2025-02-11 03:43 | INFO | Query 51 Active Learning Runtime on Validation Set: 934397.88
2025-02-11 03:43 | INFO | Query 51 Active Learning Runtime on Test Set: 322538.25
2025-02-11 03:43 | INFO | Query 51 Active Learning Instance Cost: 12172006.34
2025-02-11 03:46 | INFO | Query 52 Size of the uncertainty table is = 70126/169260
2025-02-11 03:46 | INFO | Query 52 Size of the filtered table is = 1693
2025-02-11 03:47 | INFO | Training Time Active Learning Classifier: 50.16 seconds
2025-02-11 03:47 | INFO | Training Time Active Learning Regressor: 4.9 seconds
2025-02-11 03:50 | INFO | Query 52 Active Learning Runtime on Validation Set: 934339.2999999999
2025-02-11 03:50 | INFO | Query 52 Active Learning Runtime on Test Set: 322538.25
2025-02-11 03:50 | INFO | Query 52 Active Learning Instance Cost: 12463706.34
2025-02-11 03:53 | INFO | Query 53 Size of the uncertainty table is = 70077/169260
2025-02-11 03:53 | INFO | Query 53 Size of the filtered table is = 1693
2025-02-11 03:54 | INFO | Training Time Active Learning Classifier: 50.1 seconds
2025-02-11 03:54 | INFO | Training Time Active Learning Regressor: 4.89 seconds
2025-02-11 03:57 | INFO | Query 53 Active Learning Runtime on Validation Set: 934339.2999999999
2025-02-11 03:57 | INFO | Query 53 Active Learning Runtime on Test Set: 322538.25
2025-02-11 03:57 | INFO | Query 53 Active Learning Instance Cost: 12578506.34
2025-02-11 03:57 | INFO | Timeout limit is increased to 2800
2025-02-11 04:00 | INFO | Query 54 Size of the uncertainty table is = 70077/169260
2025-02-11 04:00 | INFO | Query 54 Size of the filtered table is = 1693
2025-02-11 04:01 | INFO | Training Time Active Learning Classifier: 50.85 seconds
2025-02-11 04:01 | INFO | Training Time Active Learning Regressor: 4.9 seconds
2025-02-11 04:04 | INFO | Query 54 Active Learning Runtime on Validation Set: 934339.2999999999
2025-02-11 04:04 | INFO | Query 54 Active Learning Runtime on Test Set: 322538.25
2025-02-11 04:04 | INFO | Query 54 Active Learning Instance Cost: 12708706.34
2025-02-11 04:04 | INFO | Timeout limit is increased to 2900
2025-02-11 04:07 | INFO | Query 55 Size of the uncertainty table is = 70077/169260
2025-02-11 04:07 | INFO | Query 55 Size of the filtered table is = 1693
2025-02-11 04:08 | INFO | Training Time Active Learning Classifier: 50.28 seconds
2025-02-11 04:08 | INFO | Training Time Active Learning Regressor: 5.52 seconds
2025-02-11 04:11 | INFO | Query 55 Active Learning Runtime on Validation Set: 934339.2999999999
2025-02-11 04:11 | INFO | Query 55 Active Learning Runtime on Test Set: 322538.25
2025-02-11 04:11 | INFO | Query 55 Active Learning Instance Cost: 12817806.34
2025-02-11 04:11 | INFO | Timeout limit is increased to 3000
2025-02-11 04:14 | INFO | Query 56 Size of the uncertainty table is = 70077/169260
2025-02-11 04:14 | INFO | Query 56 Size of the filtered table is = 1693
2025-02-11 04:15 | INFO | Training Time Active Learning Classifier: 50.18 seconds
2025-02-11 04:15 | INFO | Training Time Active Learning Regressor: 4.89 seconds
2025-02-11 04:18 | INFO | Query 56 Active Learning Runtime on Validation Set: 934339.2999999999
2025-02-11 04:18 | INFO | Query 56 Active Learning Runtime on Test Set: 322538.25
2025-02-11 04:18 | INFO | Query 56 Active Learning Instance Cost: 12930806.34
2025-02-11 04:18 | INFO | Timeout limit is increased to 3100
2025-02-11 04:21 | INFO | Query 57 Size of the uncertainty table is = 70077/169260
2025-02-11 04:21 | INFO | Query 57 Size of the filtered table is = 1693
2025-02-11 04:22 | INFO | Training Time Active Learning Classifier: 50.14 seconds
2025-02-11 04:22 | INFO | Training Time Active Learning Regressor: 4.9 seconds
2025-02-11 04:25 | INFO | Query 57 Active Learning Runtime on Validation Set: 934339.2999999999
2025-02-11 04:25 | INFO | Query 57 Active Learning Runtime on Test Set: 322538.25
2025-02-11 04:25 | INFO | Query 57 Active Learning Instance Cost: 13063306.34
2025-02-11 04:25 | INFO | Timeout limit is increased to 3200
2025-02-11 04:28 | INFO | Query 58 Size of the uncertainty table is = 70077/169260
2025-02-11 04:28 | INFO | Query 58 Size of the filtered table is = 1693
2025-02-11 04:29 | INFO | Training Time Active Learning Classifier: 50.78 seconds
2025-02-11 04:29 | INFO | Training Time Active Learning Regressor: 4.92 seconds
2025-02-11 04:32 | INFO | Query 58 Active Learning Runtime on Validation Set: 934339.2999999999
2025-02-11 04:32 | INFO | Query 58 Active Learning Runtime on Test Set: 322538.25
2025-02-11 04:32 | INFO | Query 58 Active Learning Instance Cost: 13179906.34
2025-02-11 04:32 | INFO | Timeout limit is increased to 3300
2025-02-11 04:35 | INFO | Query 59 Size of the uncertainty table is = 70077/169260
2025-02-11 04:35 | INFO | Query 59 Size of the filtered table is = 1693
2025-02-11 04:36 | INFO | Training Time Active Learning Classifier: 50.28 seconds
2025-02-11 04:36 | INFO | Training Time Active Learning Regressor: 4.9 seconds
2025-02-11 04:39 | INFO | Query 59 Active Learning Runtime on Validation Set: 934339.2999999999
2025-02-11 04:39 | INFO | Query 59 Active Learning Runtime on Test Set: 322538.25
2025-02-11 04:39 | INFO | Query 59 Active Learning Instance Cost: 13272606.34
2025-02-11 04:39 | INFO | Timeout limit is increased to 3400
2025-02-11 04:42 | INFO | Query 60 Size of the uncertainty table is = 70077/169260
2025-02-11 04:42 | INFO | Query 60 Size of the filtered table is = 1693
2025-02-11 04:43 | INFO | Training Time Active Learning Classifier: 50.24 seconds
2025-02-11 04:43 | INFO | Training Time Active Learning Regressor: 4.9 seconds
2025-02-11 04:46 | INFO | Query 60 Active Learning Runtime on Validation Set: 934339.2999999999
2025-02-11 04:46 | INFO | Query 60 Active Learning Runtime on Test Set: 322538.25
2025-02-11 04:46 | INFO | Query 60 Active Learning Instance Cost: 13367106.34
2025-02-11 04:46 | INFO | Timeout limit is increased to 3500
2025-02-11 04:49 | INFO | Query 61 Size of the uncertainty table is = 70077/169260
2025-02-11 04:49 | INFO | Query 61 Size of the filtered table is = 1693
2025-02-11 04:50 | INFO | Training Time Active Learning Classifier: 50.77 seconds
2025-02-11 04:50 | INFO | Training Time Active Learning Regressor: 4.9 seconds
2025-02-11 04:53 | INFO | Query 61 Active Learning Runtime on Validation Set: 934339.2999999999
2025-02-11 04:53 | INFO | Query 61 Active Learning Runtime on Test Set: 322538.25
2025-02-11 04:53 | INFO | Query 61 Active Learning Instance Cost: 13462506.34
2025-02-11 04:53 | INFO | Timeout limit is increased to 3600
2025-02-11 04:56 | INFO | Query 62 Size of the uncertainty table is = 70077/169260
2025-02-11 04:56 | INFO | Query 62 Size of the filtered table is = 1693
2025-02-11 04:57 | INFO | Training Time Active Learning Classifier: 50.75 seconds
2025-02-11 04:57 | INFO | Training Time Active Learning Regressor: 4.9 seconds
2025-02-11 05:00 | INFO | Query 62 Active Learning Runtime on Validation Set: 934339.2999999999
2025-02-11 05:00 | INFO | Query 62 Active Learning Runtime on Test Set: 322538.25
2025-02-11 05:00 | INFO | Query 62 Active Learning Instance Cost: 13562906.34
2025-02-11 05:00 | INFO | Timeout limit is increased to 3600
2025-02-11 05:00 | INFO | Active Learning Emissions: 0.29866607833946135
2025-02-11 05:00 | INFO | Active Learning Energy Consumption: 0.3249563198632136 kWh
2025-02-11 05:00 | INFO | runtime_test_score is written as json file
2025-02-11 05:00 | INFO | runtime_validation_score is written as json file
2025-02-11 05:00 | INFO | instance_cost is written as json file
2025-02-11 05:00 | INFO | Experiment is finished
