2025-02-10 21:41 | INFO | Paramaters are: {'dataset': 'SAT12-HAND', 'penalty': 10, 'weight': 'No_Weight', 'voting': 'Hard', 'pre_selection_size': 64, 'pre_selection_technique': 'No_pre_selection', 'feature_elimination_threshold': 20, 'imputer_strategy': 'median', 'feature_selection_technique': 'No_feature_selection', 'feature_scaling_technique': 'StandardScaler', 'priority': {'PredDiff': 'max', 'PredCost': 'min', 'Uncertainty': 'max'}, 'initial_train_size': 20, 'query_size': 1, 'timeout_predictor_usage': 'No', 'timeout_limit': 100, 'timeout_increase_rate': 100, 'penalty_type': 'Only-timeout-penalty', 'RANDOM_STATE_SEED': 7, 'n_splits': 10, 'split_number': 6, 'max_timeout': 3600, 'param_grid': {'n_estimators': 100, 'max_features': 'sqrt', 'max_depth': 2147483648, 'min_samples_split': 2, 'bootstrap': True}}
2025-02-10 21:41 | INFO | SAT12-HAND is current dataset
2025-02-10 21:41 | INFO | DATASETS/SAT12-HAND/algorithm_runs.arff is found
2025-02-10 21:41 | INFO | DATASETS/SAT12-HAND/algorithm_runs.arff is finished
2025-02-10 21:41 | INFO | DATASETS/SAT12-HAND/feature_values.arff is found
2025-02-10 21:41 | INFO | DATASETS/SAT12-HAND/feature_values.arff is finished
2025-02-10 21:41 | INFO | DATASETS/SAT12-HAND/feature_costs.arff is found
2025-02-10 21:41 | INFO | DATASETS/SAT12-HAND/feature_costs.arff is finished
2025-02-10 21:41 | INFO | Virtual best solver time in train = 78828.58
2025-02-10 21:41 | INFO | Single best solver list train = {'clasp1': 5943554.19, 'clasp2': 5155952.65, 'cryptominisat2011': 6403792.72, 'eagleup': 13032069.79, 'ebglucose': 7052940.37, 'ebminisat': 6695944.33, 'glucose2': 6543699.23, 'glueminisat': 6868336.96, 'gnoveltyp2': 11743966.15, 'lingeling': 6796316.76, 'lrglshr': 7803870.0, 'marchrw': 9458242.83, 'minisatpsm': 7125706.19, 'mphaseSAT': 4356314.3, 'mphaseSAT64': 4753918.51, 'mphaseSATm': 4358826.16, 'mxc09': 6125198.9, 'picosat': 6914568.22, 'precosat': 6329246.27, 'qutersat': 6544989.84, 'rcl': 7842429.96, 'restartsat': 6414285.01, 'sapperlot': 6921262.15, 'satime11': 9878726.58, 'sattime': 10090828.37, 'sattimep': 10020739.1, 'sol': 7261261.95, 'sparrow': 10131370.1, 'spear-hw': 8636154.1, 'spear-sw': 9674608.21, 'tnm': 10415628.71}
2025-02-10 21:41 | INFO | Single best solver time train = mphaseSAT (4356314.3)
2025-02-10 21:41 | INFO | Virtual best solver time in validation = 6390.73
2025-02-10 21:41 | INFO | Single best solver list validation = {'clasp1': 1449310.16, 'clasp2': 1448868.95, 'cryptominisat2011': 1628279.29, 'eagleup': 2593278.93, 'ebglucose': 1771685.89, 'ebminisat': 1411442.45, 'glucose2': 1629808.91, 'glueminisat': 1592090.93, 'gnoveltyp2': 1516859.09, 'lingeling': 1589819.12, 'lrglshr': 1593556.97, 'marchrw': 1732552.14, 'minisatpsm': 1625614.06, 'mphaseSAT': 1302580.23, 'mphaseSAT64': 1305831.17, 'mphaseSATm': 1374509.25, 'mxc09': 1521957.92, 'picosat': 1449335.97, 'precosat': 1481733.6, 'qutersat': 1700772.35, 'rcl': 1627667.61, 'restartsat': 1521196.76, 'sapperlot': 1590051.14, 'satime11': 1445762.54, 'sattime': 1374223.29, 'sattimep': 1372111.25, 'sol': 1229533.72, 'sparrow': 1442450.07, 'spear-hw': 1768795.55, 'spear-sw': 2306513.75, 'tnm': 1481896.26}
2025-02-10 21:41 | INFO | Single best solver time validation = sol (1229533.72)
2025-02-10 21:41 | INFO | Virtual best solver time in test = 6771.03
2025-02-10 21:41 | INFO | Single best solver list test = {'clasp1': 583037.38, 'clasp2': 547279.53, 'cryptominisat2011': 796991.27, 'eagleup': 1764047.87, 'ebglucose': 940511.31, 'ebminisat': 761609.88, 'glucose2': 655371.03, 'glueminisat': 939140.28, 'gnoveltyp2': 1441831.22, 'lingeling': 904273.48, 'lrglshr': 1011355.42, 'marchrw': 1335477.25, 'minisatpsm': 797032.68, 'mphaseSAT': 583040.46, 'mphaseSAT64': 725409.78, 'mphaseSATm': 583177.01, 'mxc09': 655042.94, 'picosat': 797249.41, 'precosat': 655316.94, 'qutersat': 760334.43, 'rcl': 1012486.45, 'restartsat': 763537.38, 'sapperlot': 870595.18, 'satime11': 1189210.5, 'sattime': 1188557.31, 'sattimep': 1189747.62, 'sol': 1047131.83, 'sparrow': 1189886.8, 'spear-hw': 1050407.29, 'spear-sw': 1264841.56, 'tnm': 1225148.11}
2025-02-10 21:41 | INFO | Single best solver time test = clasp2 (547279.53)
2025-02-10 21:42 | INFO | Training Time Passive Learning Classifier: 49.39 seconds
2025-02-10 21:42 | INFO | Training Time Passive Learning Regressor: 4.8 seconds
2025-02-10 21:45 | INFO | Passive Learning Classifier Runtime on Validation Set: 1113081.18
2025-02-10 21:45 | INFO | Passive Learning Classifier Runtime on Test Set: 248676.43
2025-02-10 21:45 | INFO | Passive Learning Instance Cost: 24523948.61
2025-02-10 21:45 | INFO | Passive Learning Emissions: 0.002982159563044487
2025-02-10 21:45 | INFO | Passive Learning Energy Consumption: 0.0032446657559496495 kWh
2025-02-10 21:46 | INFO | Training Time Active Learning Classifier: 28.09 seconds
2025-02-10 21:46 | INFO | Training Time Active Learning Regressor: 1.47 seconds
2025-02-10 21:49 | INFO | Initial Active Learning Runtime on Validation Set: 1152477.62
2025-02-10 21:49 | INFO | Initial Active Learning Runtime on Test Set: 464750.01
2025-02-10 21:49 | INFO | Initial Active Learning Instance Cost: 46656.23
2025-02-10 21:49 | INFO | Bin size = 1693
2025-02-10 21:50 | INFO | Query 1 Size of the uncertainty table is = 174454/169260
2025-02-10 21:50 | INFO | Query 1 Size of the filtered table is = 1693
2025-02-10 21:51 | INFO | Training Time Active Learning Classifier: 25.34 seconds
2025-02-10 21:51 | INFO | Training Time Active Learning Regressor: 1.58 seconds
2025-02-10 21:54 | INFO | Query 1 Active Learning Runtime on Validation Set: 1080758.1
2025-02-10 21:54 | INFO | Query 1 Active Learning Runtime on Test Set: 501370.12
2025-02-10 21:54 | INFO | Query 1 Active Learning Instance Cost: 111341.96
2025-02-10 21:56 | INFO | Query 2 Size of the uncertainty table is = 171408/169260
2025-02-10 21:56 | INFO | Query 2 Size of the filtered table is = 1693
2025-02-10 21:56 | INFO | Training Time Active Learning Classifier: 25.69 seconds
2025-02-10 21:56 | INFO | Training Time Active Learning Regressor: 1.65 seconds
2025-02-10 22:00 | INFO | Query 2 Active Learning Runtime on Validation Set: 1009286.03
2025-02-10 22:00 | INFO | Query 2 Active Learning Runtime on Test Set: 465165.25
2025-02-10 22:00 | INFO | Query 2 Active Learning Instance Cost: 148864.21
2025-02-10 22:01 | INFO | Query 3 Size of the uncertainty table is = 168330/169260
2025-02-10 22:01 | INFO | Query 3 Size of the filtered table is = 1693
2025-02-10 22:02 | INFO | Training Time Active Learning Classifier: 25.92 seconds
2025-02-10 22:02 | INFO | Training Time Active Learning Regressor: 1.73 seconds
2025-02-10 22:05 | INFO | Query 3 Active Learning Runtime on Validation Set: 1044540.8
2025-02-10 22:05 | INFO | Query 3 Active Learning Runtime on Test Set: 501063.33
2025-02-10 22:05 | INFO | Query 3 Active Learning Instance Cost: 178092.25
2025-02-10 22:05 | INFO | Timeout limit is increased to 200
2025-02-10 22:07 | INFO | Query 4 Size of the uncertainty table is = 165411/169260
2025-02-10 22:07 | INFO | Query 4 Size of the filtered table is = 1693
2025-02-10 22:08 | INFO | Training Time Active Learning Classifier: 26.75 seconds
2025-02-10 22:08 | INFO | Training Time Active Learning Regressor: 1.86 seconds
2025-02-10 22:11 | INFO | Query 4 Active Learning Runtime on Validation Set: 1188337.18
2025-02-10 22:11 | INFO | Query 4 Active Learning Runtime on Test Set: 571303.5
2025-02-10 22:11 | INFO | Query 4 Active Learning Instance Cost: 301515.9
2025-02-10 22:11 | INFO | Timeout limit is increased to 300
2025-02-10 22:13 | INFO | Query 5 Size of the uncertainty table is = 162441/169260
2025-02-10 22:13 | INFO | Query 5 Size of the filtered table is = 1693
2025-02-10 22:14 | INFO | Training Time Active Learning Classifier: 26.58 seconds
2025-02-10 22:14 | INFO | Training Time Active Learning Regressor: 1.93 seconds
2025-02-10 22:17 | INFO | Query 5 Active Learning Runtime on Validation Set: 1298780.7
2025-02-10 22:17 | INFO | Query 5 Active Learning Runtime on Test Set: 573250.89
2025-02-10 22:17 | INFO | Query 5 Active Learning Instance Cost: 453235.94
2025-02-10 22:17 | INFO | Timeout limit is increased to 400
2025-02-10 22:19 | INFO | Query 6 Size of the uncertainty table is = 159640/169260
2025-02-10 22:19 | INFO | Query 6 Size of the filtered table is = 1693
2025-02-10 22:20 | INFO | Training Time Active Learning Classifier: 27.54 seconds
2025-02-10 22:20 | INFO | Training Time Active Learning Regressor: 2.04 seconds
2025-02-10 22:23 | INFO | Query 6 Active Learning Runtime on Validation Set: 1369108.77
2025-02-10 22:23 | INFO | Query 6 Active Learning Runtime on Test Set: 608294.22
2025-02-10 22:23 | INFO | Query 6 Active Learning Instance Cost: 683731.34
2025-02-10 22:23 | INFO | Timeout limit is increased to 500
2025-02-10 22:25 | INFO | Query 7 Size of the uncertainty table is = 156819/169260
2025-02-10 22:25 | INFO | Query 7 Size of the filtered table is = 1693
2025-02-10 22:26 | INFO | Training Time Active Learning Classifier: 27.41 seconds
2025-02-10 22:26 | INFO | Training Time Active Learning Regressor: 2.15 seconds
2025-02-10 22:29 | INFO | Query 7 Active Learning Runtime on Validation Set: 1404113.64
2025-02-10 22:29 | INFO | Query 7 Active Learning Runtime on Test Set: 573620.75
2025-02-10 22:29 | INFO | Query 7 Active Learning Instance Cost: 949166.29
2025-02-10 22:29 | INFO | Timeout limit is increased to 600
2025-02-10 22:32 | INFO | Query 8 Size of the uncertainty table is = 153699/169260
2025-02-10 22:32 | INFO | Query 8 Size of the filtered table is = 1693
2025-02-10 22:32 | INFO | Training Time Active Learning Classifier: 27.83 seconds
2025-02-10 22:32 | INFO | Training Time Active Learning Regressor: 2.26 seconds
2025-02-10 22:36 | INFO | Query 8 Active Learning Runtime on Validation Set: 1369557.37
2025-02-10 22:36 | INFO | Query 8 Active Learning Runtime on Test Set: 608148.34
2025-02-10 22:36 | INFO | Query 8 Active Learning Instance Cost: 1305142.79
2025-02-10 22:38 | INFO | Query 9 Size of the uncertainty table is = 150680/169260
2025-02-10 22:38 | INFO | Query 9 Size of the filtered table is = 1693
2025-02-10 22:39 | INFO | Training Time Active Learning Classifier: 28.94 seconds
2025-02-10 22:39 | INFO | Training Time Active Learning Regressor: 2.4 seconds
2025-02-10 22:42 | INFO | Query 9 Active Learning Runtime on Validation Set: 1583155.32
2025-02-10 22:42 | INFO | Query 9 Active Learning Runtime on Test Set: 573786.51
2025-02-10 22:42 | INFO | Query 9 Active Learning Instance Cost: 1618784.93
2025-02-10 22:42 | INFO | Timeout limit is increased to 700
2025-02-10 22:45 | INFO | Query 10 Size of the uncertainty table is = 147893/169260
2025-02-10 22:45 | INFO | Query 10 Size of the filtered table is = 1693
2025-02-10 22:46 | INFO | Training Time Active Learning Classifier: 29.7 seconds
2025-02-10 22:46 | INFO | Training Time Active Learning Regressor: 2.6 seconds
2025-02-10 22:49 | INFO | Query 10 Active Learning Runtime on Validation Set: 1296165.54
2025-02-10 22:49 | INFO | Query 10 Active Learning Runtime on Test Set: 465575.17
2025-02-10 22:49 | INFO | Query 10 Active Learning Instance Cost: 2096345.48
2025-02-10 22:52 | INFO | Query 11 Size of the uncertainty table is = 144207/169260
2025-02-10 22:52 | INFO | Query 11 Size of the filtered table is = 1693
2025-02-10 22:53 | INFO | Training Time Active Learning Classifier: 30.5 seconds
2025-02-10 22:53 | INFO | Training Time Active Learning Regressor: 2.74 seconds
2025-02-10 22:56 | INFO | Query 11 Active Learning Runtime on Validation Set: 1078655.15
2025-02-10 22:56 | INFO | Query 11 Active Learning Runtime on Test Set: 428887.77
2025-02-10 22:56 | INFO | Query 11 Active Learning Instance Cost: 2414377.17
2025-02-10 22:59 | INFO | Query 12 Size of the uncertainty table is = 139979/169260
2025-02-10 22:59 | INFO | Query 12 Size of the filtered table is = 1693
2025-02-10 23:00 | INFO | Training Time Active Learning Classifier: 31.37 seconds
2025-02-10 23:00 | INFO | Training Time Active Learning Regressor: 2.91 seconds
2025-02-10 23:03 | INFO | Query 12 Active Learning Runtime on Validation Set: 1076606.22
2025-02-10 23:03 | INFO | Query 12 Active Learning Runtime on Test Set: 320802.87
2025-02-10 23:03 | INFO | Query 12 Active Learning Instance Cost: 2675140.79
2025-02-10 23:06 | INFO | Query 13 Size of the uncertainty table is = 136171/169260
2025-02-10 23:06 | INFO | Query 13 Size of the filtered table is = 1693
2025-02-10 23:07 | INFO | Training Time Active Learning Classifier: 32.35 seconds
2025-02-10 23:07 | INFO | Training Time Active Learning Regressor: 3.07 seconds
2025-02-10 23:10 | INFO | Query 13 Active Learning Runtime on Validation Set: 970012.12
2025-02-10 23:10 | INFO | Query 13 Active Learning Runtime on Test Set: 356342.39
2025-02-10 23:10 | INFO | Query 13 Active Learning Instance Cost: 2911262.85
2025-02-10 23:13 | INFO | Query 14 Size of the uncertainty table is = 131621/169260
2025-02-10 23:13 | INFO | Query 14 Size of the filtered table is = 1693
2025-02-10 23:14 | INFO | Training Time Active Learning Classifier: 32.84 seconds
2025-02-10 23:14 | INFO | Training Time Active Learning Regressor: 3.19 seconds
2025-02-10 23:17 | INFO | Query 14 Active Learning Runtime on Validation Set: 969836.67
2025-02-10 23:17 | INFO | Query 14 Active Learning Runtime on Test Set: 284837.71
2025-02-10 23:17 | INFO | Query 14 Active Learning Instance Cost: 3073089.55
2025-02-10 23:20 | INFO | Query 15 Size of the uncertainty table is = 127216/169260
2025-02-10 23:20 | INFO | Query 15 Size of the filtered table is = 1693
2025-02-10 23:21 | INFO | Training Time Active Learning Classifier: 33.99 seconds
2025-02-10 23:21 | INFO | Training Time Active Learning Regressor: 3.31 seconds
2025-02-10 23:25 | INFO | Query 15 Active Learning Runtime on Validation Set: 863725.42
2025-02-10 23:25 | INFO | Query 15 Active Learning Runtime on Test Set: 285366.34
2025-02-10 23:25 | INFO | Query 15 Active Learning Instance Cost: 3255956.31
2025-02-10 23:28 | INFO | Query 16 Size of the uncertainty table is = 122502/169260
2025-02-10 23:28 | INFO | Query 16 Size of the filtered table is = 1693
2025-02-10 23:29 | INFO | Training Time Active Learning Classifier: 35.72 seconds
2025-02-10 23:29 | INFO | Training Time Active Learning Regressor: 3.47 seconds
2025-02-10 23:32 | INFO | Query 16 Active Learning Runtime on Validation Set: 933903.74
2025-02-10 23:32 | INFO | Query 16 Active Learning Runtime on Test Set: 213701.27
2025-02-10 23:32 | INFO | Query 16 Active Learning Instance Cost: 3444406.07
2025-02-10 23:32 | INFO | Timeout limit is increased to 800
2025-02-10 23:35 | INFO | Query 17 Size of the uncertainty table is = 117365/169260
2025-02-10 23:35 | INFO | Query 17 Size of the filtered table is = 1693
2025-02-10 23:36 | INFO | Training Time Active Learning Classifier: 37.48 seconds
2025-02-10 23:36 | INFO | Training Time Active Learning Regressor: 3.72 seconds
2025-02-10 23:40 | INFO | Query 17 Active Learning Runtime on Validation Set: 1006289.65
2025-02-10 23:40 | INFO | Query 17 Active Learning Runtime on Test Set: 249317.57
2025-02-10 23:40 | INFO | Query 17 Active Learning Instance Cost: 3760978.78
2025-02-10 23:40 | INFO | Timeout limit is increased to 900
2025-02-10 23:43 | INFO | Query 18 Size of the uncertainty table is = 110870/169260
2025-02-10 23:43 | INFO | Query 18 Size of the filtered table is = 1693
2025-02-10 23:44 | INFO | Training Time Active Learning Classifier: 38.65 seconds
2025-02-10 23:44 | INFO | Training Time Active Learning Regressor: 3.84 seconds
2025-02-10 23:47 | INFO | Query 18 Active Learning Runtime on Validation Set: 1041976.52
2025-02-10 23:47 | INFO | Query 18 Active Learning Runtime on Test Set: 283866.94
2025-02-10 23:47 | INFO | Query 18 Active Learning Instance Cost: 4109489.76
2025-02-10 23:47 | INFO | Timeout limit is increased to 1000
2025-02-10 23:50 | INFO | Query 19 Size of the uncertainty table is = 106374/169260
2025-02-10 23:50 | INFO | Query 19 Size of the filtered table is = 1693
2025-02-10 23:51 | INFO | Training Time Active Learning Classifier: 40.64 seconds
2025-02-10 23:51 | INFO | Training Time Active Learning Regressor: 3.93 seconds
2025-02-10 23:55 | INFO | Query 19 Active Learning Runtime on Validation Set: 934883.97
2025-02-10 23:55 | INFO | Query 19 Active Learning Runtime on Test Set: 249264.79
2025-02-10 23:55 | INFO | Query 19 Active Learning Instance Cost: 4449420.47
2025-02-10 23:58 | INFO | Query 20 Size of the uncertainty table is = 101605/169260
2025-02-10 23:58 | INFO | Query 20 Size of the filtered table is = 1693
2025-02-10 23:59 | INFO | Training Time Active Learning Classifier: 41.51 seconds
2025-02-10 23:59 | INFO | Training Time Active Learning Regressor: 4.03 seconds
2025-02-11 00:02 | INFO | Query 20 Active Learning Runtime on Validation Set: 1042803.67
2025-02-11 00:02 | INFO | Query 20 Active Learning Runtime on Test Set: 249154.88
2025-02-11 00:02 | INFO | Query 20 Active Learning Instance Cost: 4809368.2
2025-02-11 00:02 | INFO | Timeout limit is increased to 1100
2025-02-11 00:05 | INFO | Query 21 Size of the uncertainty table is = 97432/169260
2025-02-11 00:05 | INFO | Query 21 Size of the filtered table is = 1693
2025-02-11 00:06 | INFO | Training Time Active Learning Classifier: 43.66 seconds
2025-02-11 00:06 | INFO | Training Time Active Learning Regressor: 4.21 seconds
2025-02-11 00:10 | INFO | Query 21 Active Learning Runtime on Validation Set: 972675.58
2025-02-11 00:10 | INFO | Query 21 Active Learning Runtime on Test Set: 248463.88
2025-02-11 00:10 | INFO | Query 21 Active Learning Instance Cost: 5187006.87
2025-02-11 00:12 | INFO | Query 22 Size of the uncertainty table is = 92652/169260
2025-02-11 00:12 | INFO | Query 22 Size of the filtered table is = 1693
2025-02-11 00:14 | INFO | Training Time Active Learning Classifier: 44.26 seconds
2025-02-11 00:14 | INFO | Training Time Active Learning Regressor: 4.29 seconds
2025-02-11 00:17 | INFO | Query 22 Active Learning Runtime on Validation Set: 971905.68
2025-02-11 00:17 | INFO | Query 22 Active Learning Runtime on Test Set: 284773.06
2025-02-11 00:17 | INFO | Query 22 Active Learning Instance Cost: 5608641.51
2025-02-11 00:20 | INFO | Query 23 Size of the uncertainty table is = 88991/169260
2025-02-11 00:20 | INFO | Query 23 Size of the filtered table is = 1693
2025-02-11 00:21 | INFO | Training Time Active Learning Classifier: 46.18 seconds
2025-02-11 00:21 | INFO | Training Time Active Learning Regressor: 4.41 seconds
2025-02-11 00:24 | INFO | Query 23 Active Learning Runtime on Validation Set: 1008218.19
2025-02-11 00:24 | INFO | Query 23 Active Learning Runtime on Test Set: 212748.56
2025-02-11 00:24 | INFO | Query 23 Active Learning Instance Cost: 5890938.65
2025-02-11 00:24 | INFO | Timeout limit is increased to 1200
2025-02-11 00:27 | INFO | Query 24 Size of the uncertainty table is = 85188/169260
2025-02-11 00:27 | INFO | Query 24 Size of the filtered table is = 1693
2025-02-11 00:28 | INFO | Training Time Active Learning Classifier: 46.51 seconds
2025-02-11 00:29 | INFO | Training Time Active Learning Regressor: 4.57 seconds
2025-02-11 00:32 | INFO | Query 24 Active Learning Runtime on Validation Set: 1042291.05
2025-02-11 00:32 | INFO | Query 24 Active Learning Runtime on Test Set: 213898.02
2025-02-11 00:32 | INFO | Query 24 Active Learning Instance Cost: 6353737.4
2025-02-11 00:32 | INFO | Timeout limit is increased to 1300
2025-02-11 00:35 | INFO | Query 25 Size of the uncertainty table is = 82367/169260
2025-02-11 00:35 | INFO | Query 25 Size of the filtered table is = 1693
2025-02-11 00:36 | INFO | Training Time Active Learning Classifier: 47.14 seconds
2025-02-11 00:36 | INFO | Training Time Active Learning Regressor: 4.62 seconds
2025-02-11 00:39 | INFO | Query 25 Active Learning Runtime on Validation Set: 935220.4
2025-02-11 00:39 | INFO | Query 25 Active Learning Runtime on Test Set: 212971.5
2025-02-11 00:39 | INFO | Query 25 Active Learning Instance Cost: 6889434.47
2025-02-11 00:42 | INFO | Query 26 Size of the uncertainty table is = 80061/169260
2025-02-11 00:42 | INFO | Query 26 Size of the filtered table is = 1693
2025-02-11 00:43 | INFO | Training Time Active Learning Classifier: 48.5 seconds
2025-02-11 00:43 | INFO | Training Time Active Learning Regressor: 4.69 seconds
2025-02-11 00:47 | INFO | Query 26 Active Learning Runtime on Validation Set: 1006734.97
2025-02-11 00:47 | INFO | Query 26 Active Learning Runtime on Test Set: 249198.48
2025-02-11 00:47 | INFO | Query 26 Active Learning Instance Cost: 7162284.73
2025-02-11 00:47 | INFO | Timeout limit is increased to 1400
2025-02-11 00:49 | INFO | Query 27 Size of the uncertainty table is = 78336/169260
2025-02-11 00:49 | INFO | Query 27 Size of the filtered table is = 1693
2025-02-11 00:51 | INFO | Training Time Active Learning Classifier: 47.9 seconds
2025-02-11 00:51 | INFO | Training Time Active Learning Regressor: 4.73 seconds
2025-02-11 00:54 | INFO | Query 27 Active Learning Runtime on Validation Set: 900630.78
2025-02-11 00:54 | INFO | Query 27 Active Learning Runtime on Test Set: 213003.46
2025-02-11 00:54 | INFO | Query 27 Active Learning Instance Cost: 7587293.23
2025-02-11 00:57 | INFO | Query 28 Size of the uncertainty table is = 77544/169260
2025-02-11 00:57 | INFO | Query 28 Size of the filtered table is = 1693
2025-02-11 00:58 | INFO | Training Time Active Learning Classifier: 48.86 seconds
2025-02-11 00:58 | INFO | Training Time Active Learning Regressor: 4.81 seconds
2025-02-11 01:01 | INFO | Query 28 Active Learning Runtime on Validation Set: 972003.76
2025-02-11 01:01 | INFO | Query 28 Active Learning Runtime on Test Set: 212863.42
2025-02-11 01:01 | INFO | Query 28 Active Learning Instance Cost: 7720741.04
2025-02-11 01:01 | INFO | Timeout limit is increased to 1500
2025-02-11 01:04 | INFO | Query 29 Size of the uncertainty table is = 76390/169260
2025-02-11 01:04 | INFO | Query 29 Size of the filtered table is = 1693
2025-02-11 01:05 | INFO | Training Time Active Learning Classifier: 48.27 seconds
2025-02-11 01:05 | INFO | Training Time Active Learning Regressor: 4.79 seconds
2025-02-11 01:09 | INFO | Query 29 Active Learning Runtime on Validation Set: 1007126.98
2025-02-11 01:09 | INFO | Query 29 Active Learning Runtime on Test Set: 212863.42
2025-02-11 01:09 | INFO | Query 29 Active Learning Instance Cost: 7926370.37
2025-02-11 01:09 | INFO | Timeout limit is increased to 1600
2025-02-11 01:11 | INFO | Query 30 Size of the uncertainty table is = 76025/169260
2025-02-11 01:11 | INFO | Query 30 Size of the filtered table is = 1693
2025-02-11 01:12 | INFO | Training Time Active Learning Classifier: 48.99 seconds
2025-02-11 01:12 | INFO | Training Time Active Learning Regressor: 4.82 seconds
2025-02-11 01:16 | INFO | Query 30 Active Learning Runtime on Validation Set: 1007272.03
2025-02-11 01:16 | INFO | Query 30 Active Learning Runtime on Test Set: 248765.06
2025-02-11 01:16 | INFO | Query 30 Active Learning Instance Cost: 8170882.6
2025-02-11 01:16 | INFO | Timeout limit is increased to 1700
2025-02-11 01:19 | INFO | Query 31 Size of the uncertainty table is = 75869/169260
2025-02-11 01:19 | INFO | Query 31 Size of the filtered table is = 1693
2025-02-11 01:20 | INFO | Training Time Active Learning Classifier: 48.96 seconds
2025-02-11 01:20 | INFO | Training Time Active Learning Regressor: 4.8 seconds
2025-02-11 01:23 | INFO | Query 31 Active Learning Runtime on Validation Set: 935826.92
2025-02-11 01:23 | INFO | Query 31 Active Learning Runtime on Test Set: 248823.38
2025-02-11 01:23 | INFO | Query 31 Active Learning Instance Cost: 8412083.57
2025-02-11 01:26 | INFO | Query 32 Size of the uncertainty table is = 75826/169260
2025-02-11 01:26 | INFO | Query 32 Size of the filtered table is = 1693
2025-02-11 01:27 | INFO | Training Time Active Learning Classifier: 48.3 seconds
2025-02-11 01:27 | INFO | Training Time Active Learning Regressor: 5.45 seconds
2025-02-11 01:30 | INFO | Query 32 Active Learning Runtime on Validation Set: 935826.92
2025-02-11 01:30 | INFO | Query 32 Active Learning Runtime on Test Set: 248823.38
2025-02-11 01:30 | INFO | Query 32 Active Learning Instance Cost: 8521383.57
2025-02-11 01:30 | INFO | Timeout limit is increased to 1800
2025-02-11 01:33 | INFO | Query 33 Size of the uncertainty table is = 75826/169260
2025-02-11 01:33 | INFO | Query 33 Size of the filtered table is = 1693
2025-02-11 01:34 | INFO | Training Time Active Learning Classifier: 48.46 seconds
2025-02-11 01:34 | INFO | Training Time Active Learning Regressor: 4.81 seconds
2025-02-11 01:37 | INFO | Query 33 Active Learning Runtime on Validation Set: 936042.26
2025-02-11 01:37 | INFO | Query 33 Active Learning Runtime on Test Set: 213097.93
2025-02-11 01:37 | INFO | Query 33 Active Learning Instance Cost: 8702630.4
2025-02-11 01:37 | INFO | Timeout limit is increased to 1900
2025-02-11 01:40 | INFO | Query 34 Size of the uncertainty table is = 75634/169260
2025-02-11 01:40 | INFO | Query 34 Size of the filtered table is = 1693
2025-02-11 01:41 | INFO | Training Time Active Learning Classifier: 49.03 seconds
2025-02-11 01:41 | INFO | Training Time Active Learning Regressor: 4.83 seconds
2025-02-11 01:45 | INFO | Query 34 Active Learning Runtime on Validation Set: 972042.2
2025-02-11 01:45 | INFO | Query 34 Active Learning Runtime on Test Set: 213097.93
2025-02-11 01:45 | INFO | Query 34 Active Learning Instance Cost: 8939130.4
2025-02-11 01:45 | INFO | Timeout limit is increased to 2000
2025-02-11 01:47 | INFO | Query 35 Size of the uncertainty table is = 75629/169260
2025-02-11 01:47 | INFO | Query 35 Size of the filtered table is = 1693
2025-02-11 01:48 | INFO | Training Time Active Learning Classifier: 48.48 seconds
2025-02-11 01:48 | INFO | Training Time Active Learning Regressor: 4.81 seconds
2025-02-11 01:52 | INFO | Query 35 Active Learning Runtime on Validation Set: 972042.23
2025-02-11 01:52 | INFO | Query 35 Active Learning Runtime on Test Set: 213097.93
2025-02-11 01:52 | INFO | Query 35 Active Learning Instance Cost: 9134530.45
2025-02-11 01:52 | INFO | Timeout limit is increased to 2100
2025-02-11 01:55 | INFO | Query 36 Size of the uncertainty table is = 75570/169260
2025-02-11 01:55 | INFO | Query 36 Size of the filtered table is = 1693
2025-02-11 01:56 | INFO | Training Time Active Learning Classifier: 48.5 seconds
2025-02-11 01:56 | INFO | Training Time Active Learning Regressor: 4.82 seconds
2025-02-11 01:59 | INFO | Query 36 Active Learning Runtime on Validation Set: 972429.25
2025-02-11 01:59 | INFO | Query 36 Active Learning Runtime on Test Set: 213097.93
2025-02-11 01:59 | INFO | Query 36 Active Learning Instance Cost: 9343330.46
2025-02-11 01:59 | INFO | Timeout limit is increased to 2200
2025-02-11 02:02 | INFO | Query 37 Size of the uncertainty table is = 75506/169260
2025-02-11 02:02 | INFO | Query 37 Size of the filtered table is = 1693
2025-02-11 02:03 | INFO | Training Time Active Learning Classifier: 49.11 seconds
2025-02-11 02:03 | INFO | Training Time Active Learning Regressor: 4.81 seconds
2025-02-11 02:06 | INFO | Query 37 Active Learning Runtime on Validation Set: 1042667.77
2025-02-11 02:06 | INFO | Query 37 Active Learning Runtime on Test Set: 213109.6
2025-02-11 02:06 | INFO | Query 37 Active Learning Instance Cost: 9567431.01
2025-02-11 02:06 | INFO | Timeout limit is increased to 2300
2025-02-11 02:09 | INFO | Query 38 Size of the uncertainty table is = 75487/169260
2025-02-11 02:09 | INFO | Query 38 Size of the filtered table is = 1693
2025-02-11 02:10 | INFO | Training Time Active Learning Classifier: 48.39 seconds
2025-02-11 02:10 | INFO | Training Time Active Learning Regressor: 5.5 seconds
2025-02-11 02:13 | INFO | Query 38 Active Learning Runtime on Validation Set: 1042667.77
2025-02-11 02:13 | INFO | Query 38 Active Learning Runtime on Test Set: 213109.6
2025-02-11 02:13 | INFO | Query 38 Active Learning Instance Cost: 9803931.01
2025-02-11 02:13 | INFO | Timeout limit is increased to 2400
2025-02-11 02:16 | INFO | Query 39 Size of the uncertainty table is = 75487/169260
2025-02-11 02:16 | INFO | Query 39 Size of the filtered table is = 1693
2025-02-11 02:17 | INFO | Training Time Active Learning Classifier: 48.22 seconds
2025-02-11 02:17 | INFO | Training Time Active Learning Regressor: 4.8 seconds
2025-02-11 02:20 | INFO | Query 39 Active Learning Runtime on Validation Set: 1042667.77
2025-02-11 02:20 | INFO | Query 39 Active Learning Runtime on Test Set: 213109.6
2025-02-11 02:20 | INFO | Query 39 Active Learning Instance Cost: 10004031.01
2025-02-11 02:20 | INFO | Timeout limit is increased to 2500
2025-02-11 02:23 | INFO | Query 40 Size of the uncertainty table is = 75487/169260
2025-02-11 02:23 | INFO | Query 40 Size of the filtered table is = 1693
2025-02-11 02:24 | INFO | Training Time Active Learning Classifier: 48.17 seconds
2025-02-11 02:24 | INFO | Training Time Active Learning Regressor: 4.84 seconds
2025-02-11 02:28 | INFO | Query 40 Active Learning Runtime on Validation Set: 1042667.77
2025-02-11 02:28 | INFO | Query 40 Active Learning Runtime on Test Set: 213109.6
2025-02-11 02:28 | INFO | Query 40 Active Learning Instance Cost: 10236331.1
2025-02-11 02:28 | INFO | Timeout limit is increased to 2600
2025-02-11 02:30 | INFO | Query 41 Size of the uncertainty table is = 75468/169260
2025-02-11 02:30 | INFO | Query 41 Size of the filtered table is = 1693
2025-02-11 02:31 | INFO | Training Time Active Learning Classifier: 48.21 seconds
2025-02-11 02:31 | INFO | Training Time Active Learning Regressor: 4.81 seconds
2025-02-11 02:35 | INFO | Query 41 Active Learning Runtime on Validation Set: 1042667.77
2025-02-11 02:35 | INFO | Query 41 Active Learning Runtime on Test Set: 213109.6
2025-02-11 02:35 | INFO | Query 41 Active Learning Instance Cost: 10512431.12
2025-02-11 02:35 | INFO | Timeout limit is increased to 2700
2025-02-11 02:37 | INFO | Query 42 Size of the uncertainty table is = 75448/169260
2025-02-11 02:37 | INFO | Query 42 Size of the filtered table is = 1693
2025-02-11 02:38 | INFO | Training Time Active Learning Classifier: 48.76 seconds
2025-02-11 02:38 | INFO | Training Time Active Learning Regressor: 4.79 seconds
2025-02-11 02:42 | INFO | Query 42 Active Learning Runtime on Validation Set: 1042667.77
2025-02-11 02:42 | INFO | Query 42 Active Learning Runtime on Test Set: 213109.6
2025-02-11 02:42 | INFO | Query 42 Active Learning Instance Cost: 10760731.12
2025-02-11 02:42 | INFO | Timeout limit is increased to 2800
2025-02-11 02:44 | INFO | Query 43 Size of the uncertainty table is = 75448/169260
2025-02-11 02:44 | INFO | Query 43 Size of the filtered table is = 1693
2025-02-11 02:45 | INFO | Training Time Active Learning Classifier: 48.15 seconds
2025-02-11 02:46 | INFO | Training Time Active Learning Regressor: 4.8 seconds
2025-02-11 02:49 | INFO | Query 43 Active Learning Runtime on Validation Set: 1042667.77
2025-02-11 02:49 | INFO | Query 43 Active Learning Runtime on Test Set: 213109.6
2025-02-11 02:49 | INFO | Query 43 Active Learning Instance Cost: 11046131.12
2025-02-11 02:49 | INFO | Timeout limit is increased to 2900
2025-02-11 02:52 | INFO | Query 44 Size of the uncertainty table is = 75448/169260
2025-02-11 02:52 | INFO | Query 44 Size of the filtered table is = 1693
2025-02-11 02:53 | INFO | Training Time Active Learning Classifier: 48.15 seconds
2025-02-11 02:53 | INFO | Training Time Active Learning Regressor: 4.82 seconds
2025-02-11 02:56 | INFO | Query 44 Active Learning Runtime on Validation Set: 1042667.77
2025-02-11 02:56 | INFO | Query 44 Active Learning Runtime on Test Set: 213109.6
2025-02-11 02:56 | INFO | Query 44 Active Learning Instance Cost: 11297731.12
2025-02-11 02:56 | INFO | Timeout limit is increased to 3000
2025-02-11 02:59 | INFO | Query 45 Size of the uncertainty table is = 75448/169260
2025-02-11 02:59 | INFO | Query 45 Size of the filtered table is = 1693
2025-02-11 03:00 | INFO | Training Time Active Learning Classifier: 48.23 seconds
2025-02-11 03:00 | INFO | Training Time Active Learning Regressor: 4.8 seconds
2025-02-11 03:03 | INFO | Query 45 Active Learning Runtime on Validation Set: 1006897.26
2025-02-11 03:03 | INFO | Query 45 Active Learning Runtime on Test Set: 213109.6
2025-02-11 03:03 | INFO | Query 45 Active Learning Instance Cost: 11590731.32
2025-02-11 03:06 | INFO | Query 46 Size of the uncertainty table is = 75358/169260
2025-02-11 03:06 | INFO | Query 46 Size of the filtered table is = 1693
2025-02-11 03:07 | INFO | Training Time Active Learning Classifier: 48.81 seconds
2025-02-11 03:07 | INFO | Training Time Active Learning Regressor: 4.8 seconds
2025-02-11 03:10 | INFO | Query 46 Active Learning Runtime on Validation Set: 1006897.26
2025-02-11 03:10 | INFO | Query 46 Active Learning Runtime on Test Set: 213109.6
2025-02-11 03:10 | INFO | Query 46 Active Learning Instance Cost: 11770031.32
2025-02-11 03:10 | INFO | Timeout limit is increased to 3100
2025-02-11 03:13 | INFO | Query 47 Size of the uncertainty table is = 75358/169260
2025-02-11 03:13 | INFO | Query 47 Size of the filtered table is = 1693
2025-02-11 03:14 | INFO | Training Time Active Learning Classifier: 48.24 seconds
2025-02-11 03:14 | INFO | Training Time Active Learning Regressor: 5.43 seconds
2025-02-11 03:17 | INFO | Query 47 Active Learning Runtime on Validation Set: 1006897.26
2025-02-11 03:17 | INFO | Query 47 Active Learning Runtime on Test Set: 213109.6
2025-02-11 03:17 | INFO | Query 47 Active Learning Instance Cost: 11955931.32
2025-02-11 03:17 | INFO | Timeout limit is increased to 3200
2025-02-11 03:20 | INFO | Query 48 Size of the uncertainty table is = 75358/169260
2025-02-11 03:20 | INFO | Query 48 Size of the filtered table is = 1693
2025-02-11 03:21 | INFO | Training Time Active Learning Classifier: 48.87 seconds
2025-02-11 03:21 | INFO | Training Time Active Learning Regressor: 4.8 seconds
2025-02-11 03:24 | INFO | Query 48 Active Learning Runtime on Validation Set: 1006897.34
2025-02-11 03:24 | INFO | Query 48 Active Learning Runtime on Test Set: 213109.6
2025-02-11 03:24 | INFO | Query 48 Active Learning Instance Cost: 12171031.32
2025-02-11 03:24 | INFO | Timeout limit is increased to 3300
2025-02-11 03:27 | INFO | Query 49 Size of the uncertainty table is = 75260/169260
2025-02-11 03:27 | INFO | Query 49 Size of the filtered table is = 1693
2025-02-11 03:28 | INFO | Training Time Active Learning Classifier: 48.21 seconds
2025-02-11 03:28 | INFO | Training Time Active Learning Regressor: 4.83 seconds
2025-02-11 03:31 | INFO | Query 49 Active Learning Runtime on Validation Set: 1006897.34
2025-02-11 03:31 | INFO | Query 49 Active Learning Runtime on Test Set: 213109.6
2025-02-11 03:31 | INFO | Query 49 Active Learning Instance Cost: 12381431.32
2025-02-11 03:31 | INFO | Timeout limit is increased to 3400
2025-02-11 03:34 | INFO | Query 50 Size of the uncertainty table is = 75260/169260
2025-02-11 03:34 | INFO | Query 50 Size of the filtered table is = 1693
2025-02-11 03:35 | INFO | Training Time Active Learning Classifier: 48.28 seconds
2025-02-11 03:35 | INFO | Training Time Active Learning Regressor: 4.82 seconds
2025-02-11 03:38 | INFO | Query 50 Active Learning Runtime on Validation Set: 1006897.34
2025-02-11 03:38 | INFO | Query 50 Active Learning Runtime on Test Set: 213109.6
2025-02-11 03:38 | INFO | Query 50 Active Learning Instance Cost: 12692131.33
2025-02-11 03:38 | INFO | Timeout limit is increased to 3500
2025-02-11 03:41 | INFO | Query 51 Size of the uncertainty table is = 75239/169260
2025-02-11 03:41 | INFO | Query 51 Size of the filtered table is = 1693
2025-02-11 03:42 | INFO | Training Time Active Learning Classifier: 48.21 seconds
2025-02-11 03:42 | INFO | Training Time Active Learning Regressor: 4.81 seconds
2025-02-11 03:46 | INFO | Query 51 Active Learning Runtime on Validation Set: 1006897.34
2025-02-11 03:46 | INFO | Query 51 Active Learning Runtime on Test Set: 213109.6
2025-02-11 03:46 | INFO | Query 51 Active Learning Instance Cost: 12926131.33
2025-02-11 03:46 | INFO | Timeout limit is increased to 3600
2025-02-11 03:48 | INFO | Query 52 Size of the uncertainty table is = 75239/169260
2025-02-11 03:48 | INFO | Query 52 Size of the filtered table is = 1693
2025-02-11 03:49 | INFO | Training Time Active Learning Classifier: 48.94 seconds
2025-02-11 03:49 | INFO | Training Time Active Learning Regressor: 4.81 seconds
2025-02-11 03:53 | INFO | Query 52 Active Learning Runtime on Validation Set: 1006989.42
2025-02-11 03:53 | INFO | Query 52 Active Learning Runtime on Test Set: 213035.22
2025-02-11 03:53 | INFO | Query 52 Active Learning Instance Cost: 13171031.34
2025-02-11 03:53 | INFO | Timeout limit is increased to 3600
2025-02-11 03:53 | INFO | Query 53 Size of the uncertainty table is = 3510/169260
2025-02-11 03:53 | INFO | Query 53 Size of the filtered table is = 1693
2025-02-11 03:54 | INFO | Training Time Active Learning Classifier: 49.68 seconds
2025-02-11 03:54 | INFO | Training Time Active Learning Regressor: 4.86 seconds
2025-02-11 03:58 | INFO | Query 53 Active Learning Runtime on Validation Set: 1041635.62
2025-02-11 03:58 | INFO | Query 53 Active Learning Runtime on Test Set: 249106.91
2025-02-11 03:58 | INFO | Query 53 Active Learning Instance Cost: 13171348.61
2025-02-11 03:58 | INFO | Timeout limit is increased to 3600
2025-02-11 03:58 | INFO | Active Learning Emissions: 0.26371557742265883
2025-02-11 03:58 | INFO | Active Learning Energy Consumption: 0.2869292823822737 kWh
2025-02-11 03:58 | INFO | runtime_test_score is written as json file
2025-02-11 03:58 | INFO | runtime_validation_score is written as json file
2025-02-11 03:58 | INFO | instance_cost is written as json file
2025-02-11 03:58 | INFO | Experiment is finished
