2025-02-10 21:50 | INFO | Paramaters are: {'dataset': 'SAT12-HAND', 'penalty': 10, 'weight': 'No_Weight', 'voting': 'Hard', 'pre_selection_size': 64, 'pre_selection_technique': 'No_pre_selection', 'feature_elimination_threshold': 20, 'imputer_strategy': 'median', 'feature_selection_technique': 'No_feature_selection', 'feature_scaling_technique': 'StandardScaler', 'priority': {'PredCost': 'min', 'Uncertainty': 'max', 'PredDiff': 'max'}, 'initial_train_size': 20, 'query_size': 1, 'timeout_predictor_usage': 'No', 'timeout_limit': 3600, 'timeout_increase_rate': 100, 'penalty_type': 'Only-timeout-penalty', 'RANDOM_STATE_SEED': 99, 'n_splits': 10, 'split_number': 3, 'max_timeout': 3600, 'param_grid': {'n_estimators': 100, 'max_features': 'sqrt', 'max_depth': 2147483648, 'min_samples_split': 2, 'bootstrap': True}}
2025-02-10 21:50 | INFO | SAT12-HAND is current dataset
2025-02-10 21:50 | INFO | DATASETS/SAT12-HAND/algorithm_runs.arff is found
2025-02-10 21:50 | INFO | DATASETS/SAT12-HAND/algorithm_runs.arff is finished
2025-02-10 21:50 | INFO | DATASETS/SAT12-HAND/feature_values.arff is found
2025-02-10 21:50 | INFO | DATASETS/SAT12-HAND/feature_values.arff is finished
2025-02-10 21:50 | INFO | DATASETS/SAT12-HAND/feature_costs.arff is found
2025-02-10 21:50 | INFO | DATASETS/SAT12-HAND/feature_costs.arff is finished
2025-02-10 21:50 | INFO | Virtual best solver time in train = 76356.67
2025-02-10 21:50 | INFO | Single best solver list train = {'clasp1': 5550998.97, 'clasp2': 4764278.17, 'cryptominisat2011': 6225821.8, 'eagleup': 13104101.96, 'ebglucose': 6982291.9, 'ebminisat': 6482527.87, 'glucose2': 6296207.11, 'glueminisat': 6795249.35, 'gnoveltyp2': 11638616.84, 'lingeling': 6832776.62, 'lrglshr': 7770229.97, 'marchrw': 9425141.0, 'minisatpsm': 6947395.61, 'mphaseSAT': 4283786.26, 'mphaseSAT64': 4682877.17, 'mphaseSATm': 4285875.71, 'mxc09': 5838866.5, 'picosat': 6700359.33, 'precosat': 6117746.4, 'qutersat': 6295703.52, 'rcl': 7844849.95, 'restartsat': 6273184.99, 'sapperlot': 6959308.14, 'satime11': 9769742.75, 'sattime': 9910930.0, 'sattimep': 9840455.47, 'sol': 7440987.87, 'sparrow': 9952853.48, 'spear-hw': 8564105.27, 'spear-sw': 9710116.14, 'tnm': 10272167.94}
2025-02-10 21:50 | INFO | Single best solver time train = mphaseSAT (4283786.26)
2025-02-10 21:50 | INFO | Virtual best solver time in validation = 6370.66
2025-02-10 21:50 | INFO | Single best solver list validation = {'clasp1': 1412760.8, 'clasp2': 1446578.59, 'cryptominisat2011': 1592346.99, 'eagleup': 2593107.33, 'ebglucose': 1735943.44, 'ebminisat': 1374993.32, 'glucose2': 1558315.9, 'glueminisat': 1627135.59, 'gnoveltyp2': 1515185.21, 'lingeling': 1553858.53, 'lrglshr': 1591225.74, 'marchrw': 1768539.24, 'minisatpsm': 1589863.13, 'mphaseSAT': 1302973.52, 'mphaseSAT64': 1377557.96, 'mphaseSATm': 1374934.87, 'mxc09': 1485841.41, 'picosat': 1449343.88, 'precosat': 1445813.17, 'qutersat': 1664747.35, 'rcl': 1591925.28, 'restartsat': 1520080.92, 'sapperlot': 1482463.03, 'satime11': 1374211.11, 'sattime': 1337818.26, 'sattimep': 1336439.73, 'sol': 1336663.35, 'sparrow': 1370508.69, 'spear-hw': 1733654.77, 'spear-sw': 2342605.69, 'tnm': 1480538.37}
2025-02-10 21:50 | INFO | Single best solver time validation = mphaseSAT (1302973.52)
2025-02-10 21:50 | INFO | Virtual best solver time in test = 9263.01
2025-02-10 21:50 | INFO | Single best solver list test = {'clasp1': 1012141.96, 'clasp2': 941244.37, 'cryptominisat2011': 1010894.49, 'eagleup': 1692187.3, 'ebglucose': 1046902.23, 'ebminisat': 1011475.47, 'glucose2': 974356.16, 'glueminisat': 977183.23, 'gnoveltyp2': 1548854.41, 'lingeling': 903774.21, 'lrglshr': 1047326.68, 'marchrw': 1332591.98, 'minisatpsm': 1011094.19, 'mphaseSAT': 655175.21, 'mphaseSAT64': 724724.33, 'mphaseSATm': 655701.84, 'mxc09': 977491.85, 'picosat': 1011450.39, 'precosat': 902737.24, 'qutersat': 1045645.75, 'rcl': 1045808.79, 'restartsat': 905753.24, 'sapperlot': 940137.3, 'satime11': 1369745.76, 'sattime': 1404860.71, 'sattimep': 1405702.77, 'sol': 760276.28, 'sparrow': 1440344.8, 'spear-hw': 1157596.9, 'spear-sw': 1193241.69, 'tnm': 1369966.77}
2025-02-10 21:50 | INFO | Single best solver time test = mphaseSAT (655175.21)
2025-02-10 21:51 | INFO | Training Time Passive Learning Classifier: 50.44 seconds
2025-02-10 21:51 | INFO | Training Time Passive Learning Regressor: 4.83 seconds
2025-02-10 21:54 | INFO | Passive Learning Classifier Runtime on Validation Set: 1038524.85
2025-02-10 21:54 | INFO | Passive Learning Classifier Runtime on Test Set: 248870.33
2025-02-10 21:54 | INFO | Passive Learning Instance Cost: 24190754.06
2025-02-10 21:54 | INFO | Passive Learning Emissions: 0.0029773947523984903
2025-02-10 21:54 | INFO | Passive Learning Energy Consumption: 0.0032394815202943087 kWh
2025-02-10 21:55 | INFO | Training Time Active Learning Classifier: 26.94 seconds
2025-02-10 21:55 | INFO | Training Time Active Learning Regressor: 1.5 seconds
2025-02-10 21:58 | INFO | Initial Active Learning Runtime on Validation Set: 1115181.61
2025-02-10 21:58 | INFO | Initial Active Learning Runtime on Test Set: 607048.25
2025-02-10 21:58 | INFO | Initial Active Learning Instance Cost: 1372581.48
2025-02-10 21:58 | INFO | Bin size = 1693
2025-02-10 21:59 | INFO | Query 1 Size of the uncertainty table is = 169260/169260
2025-02-10 21:59 | INFO | Query 1 Size of the filtered table is = 1693
2025-02-10 22:00 | INFO | Training Time Active Learning Classifier: 26.12 seconds
2025-02-10 22:00 | INFO | Training Time Active Learning Regressor: 1.8 seconds
2025-02-10 22:03 | INFO | Query 1 Active Learning Runtime on Validation Set: 969863.7000000001
2025-02-10 22:03 | INFO | Query 1 Active Learning Runtime on Test Set: 606770.05
2025-02-10 22:03 | INFO | Query 1 Active Learning Instance Cost: 2209622.4
2025-02-10 22:04 | INFO | Query 2 Size of the uncertainty table is = 166581/169260
2025-02-10 22:04 | INFO | Query 2 Size of the filtered table is = 1693
2025-02-10 22:05 | INFO | Training Time Active Learning Classifier: 26.25 seconds
2025-02-10 22:05 | INFO | Training Time Active Learning Regressor: 1.92 seconds
2025-02-10 22:08 | INFO | Query 2 Active Learning Runtime on Validation Set: 970830.53
2025-02-10 22:08 | INFO | Query 2 Active Learning Runtime on Test Set: 535418.27
2025-02-10 22:08 | INFO | Query 2 Active Learning Instance Cost: 2397445.26
2025-02-10 22:08 | INFO | Timeout limit is increased to 3600
2025-02-10 22:10 | INFO | Query 3 Size of the uncertainty table is = 164316/169260
2025-02-10 22:10 | INFO | Query 3 Size of the filtered table is = 1693
2025-02-10 22:10 | INFO | Training Time Active Learning Classifier: 26.61 seconds
2025-02-10 22:10 | INFO | Training Time Active Learning Regressor: 1.99 seconds
2025-02-10 22:13 | INFO | Query 3 Active Learning Runtime on Validation Set: 970998.99
2025-02-10 22:13 | INFO | Query 3 Active Learning Runtime on Test Set: 606218.78
2025-02-10 22:13 | INFO | Query 3 Active Learning Instance Cost: 2484822.43
2025-02-10 22:13 | INFO | Timeout limit is increased to 3600
2025-02-10 22:15 | INFO | Query 4 Size of the uncertainty table is = 162297/169260
2025-02-10 22:15 | INFO | Query 4 Size of the filtered table is = 1693
2025-02-10 22:16 | INFO | Training Time Active Learning Classifier: 27.27 seconds
2025-02-10 22:16 | INFO | Training Time Active Learning Regressor: 2.06 seconds
2025-02-10 22:19 | INFO | Query 4 Active Learning Runtime on Validation Set: 935152.49
2025-02-10 22:19 | INFO | Query 4 Active Learning Runtime on Test Set: 535261.9400000001
2025-02-10 22:19 | INFO | Query 4 Active Learning Instance Cost: 2619083.57
2025-02-10 22:21 | INFO | Query 5 Size of the uncertainty table is = 160269/169260
2025-02-10 22:21 | INFO | Query 5 Size of the filtered table is = 1693
2025-02-10 22:21 | INFO | Training Time Active Learning Classifier: 27.33 seconds
2025-02-10 22:21 | INFO | Training Time Active Learning Regressor: 2.14 seconds
2025-02-10 22:24 | INFO | Query 5 Active Learning Runtime on Validation Set: 1042127.0900000001
2025-02-10 22:24 | INFO | Query 5 Active Learning Runtime on Test Set: 534748.76
2025-02-10 22:24 | INFO | Query 5 Active Learning Instance Cost: 2778997.43
2025-02-10 22:24 | INFO | Timeout limit is increased to 3600
2025-02-10 22:26 | INFO | Query 6 Size of the uncertainty table is = 158132/169260
2025-02-10 22:26 | INFO | Query 6 Size of the filtered table is = 1693
2025-02-10 22:27 | INFO | Training Time Active Learning Classifier: 28.0 seconds
2025-02-10 22:27 | INFO | Training Time Active Learning Regressor: 2.2 seconds
2025-02-10 22:30 | INFO | Query 6 Active Learning Runtime on Validation Set: 1042400.06
2025-02-10 22:30 | INFO | Query 6 Active Learning Runtime on Test Set: 499556.37
2025-02-10 22:30 | INFO | Query 6 Active Learning Instance Cost: 2917255.05
2025-02-10 22:30 | INFO | Timeout limit is increased to 3600
2025-02-10 22:32 | INFO | Query 7 Size of the uncertainty table is = 156075/169260
2025-02-10 22:32 | INFO | Query 7 Size of the filtered table is = 1693
2025-02-10 22:32 | INFO | Training Time Active Learning Classifier: 28.41 seconds
2025-02-10 22:32 | INFO | Training Time Active Learning Regressor: 2.26 seconds
2025-02-10 22:36 | INFO | Query 7 Active Learning Runtime on Validation Set: 1076795.46
2025-02-10 22:36 | INFO | Query 7 Active Learning Runtime on Test Set: 499735.05000000005
2025-02-10 22:36 | INFO | Query 7 Active Learning Instance Cost: 3071227.71
2025-02-10 22:36 | INFO | Timeout limit is increased to 3600
2025-02-10 22:37 | INFO | Query 8 Size of the uncertainty table is = 153948/169260
2025-02-10 22:37 | INFO | Query 8 Size of the filtered table is = 1693
2025-02-10 22:38 | INFO | Training Time Active Learning Classifier: 28.42 seconds
2025-02-10 22:38 | INFO | Training Time Active Learning Regressor: 2.32 seconds
2025-02-10 22:41 | INFO | Query 8 Active Learning Runtime on Validation Set: 1148744.13
2025-02-10 22:41 | INFO | Query 8 Active Learning Runtime on Test Set: 535736.95
2025-02-10 22:41 | INFO | Query 8 Active Learning Instance Cost: 3292911.23
2025-02-10 22:41 | INFO | Timeout limit is increased to 3600
2025-02-10 22:43 | INFO | Query 9 Size of the uncertainty table is = 151839/169260
2025-02-10 22:43 | INFO | Query 9 Size of the filtered table is = 1693
2025-02-10 22:44 | INFO | Training Time Active Learning Classifier: 28.84 seconds
2025-02-10 22:44 | INFO | Training Time Active Learning Regressor: 2.77 seconds
2025-02-10 22:47 | INFO | Query 9 Active Learning Runtime on Validation Set: 1183514.5699999998
2025-02-10 22:47 | INFO | Query 9 Active Learning Runtime on Test Set: 463551.58999999997
2025-02-10 22:47 | INFO | Query 9 Active Learning Instance Cost: 3529752.01
2025-02-10 22:47 | INFO | Timeout limit is increased to 3600
2025-02-10 22:49 | INFO | Query 10 Size of the uncertainty table is = 149671/169260
2025-02-10 22:49 | INFO | Query 10 Size of the filtered table is = 1693
2025-02-10 22:49 | INFO | Training Time Active Learning Classifier: 29.29 seconds
2025-02-10 22:49 | INFO | Training Time Active Learning Regressor: 2.44 seconds
2025-02-10 22:53 | INFO | Query 10 Active Learning Runtime on Validation Set: 1221128.3499999999
2025-02-10 22:53 | INFO | Query 10 Active Learning Runtime on Test Set: 500688.76
2025-02-10 22:53 | INFO | Query 10 Active Learning Instance Cost: 3736805.97
2025-02-10 22:53 | INFO | Timeout limit is increased to 3600
2025-02-10 22:55 | INFO | Query 11 Size of the uncertainty table is = 147515/169260
2025-02-10 22:55 | INFO | Query 11 Size of the filtered table is = 1693
2025-02-10 22:55 | INFO | Training Time Active Learning Classifier: 30.09 seconds
2025-02-10 22:55 | INFO | Training Time Active Learning Regressor: 2.5 seconds
2025-02-10 22:59 | INFO | Query 11 Active Learning Runtime on Validation Set: 1113644.41
2025-02-10 22:59 | INFO | Query 11 Active Learning Runtime on Test Set: 535789.62
2025-02-10 22:59 | INFO | Query 11 Active Learning Instance Cost: 3971120.75
2025-02-10 23:00 | INFO | Query 12 Size of the uncertainty table is = 145172/169260
2025-02-10 23:00 | INFO | Query 12 Size of the filtered table is = 1693
2025-02-10 23:01 | INFO | Training Time Active Learning Classifier: 30.34 seconds
2025-02-10 23:01 | INFO | Training Time Active Learning Regressor: 2.6 seconds
2025-02-10 23:04 | INFO | Query 12 Active Learning Runtime on Validation Set: 1147802.8099999998
2025-02-10 23:04 | INFO | Query 12 Active Learning Runtime on Test Set: 357330.43000000005
2025-02-10 23:04 | INFO | Query 12 Active Learning Instance Cost: 4348278.27
2025-02-10 23:04 | INFO | Timeout limit is increased to 3600
2025-02-10 23:06 | INFO | Query 13 Size of the uncertainty table is = 142072/169260
2025-02-10 23:06 | INFO | Query 13 Size of the filtered table is = 1693
2025-02-10 23:07 | INFO | Training Time Active Learning Classifier: 31.27 seconds
2025-02-10 23:07 | INFO | Training Time Active Learning Regressor: 2.73 seconds
2025-02-10 23:10 | INFO | Query 13 Active Learning Runtime on Validation Set: 1076486.47
2025-02-10 23:10 | INFO | Query 13 Active Learning Runtime on Test Set: 322214.73
2025-02-10 23:10 | INFO | Query 13 Active Learning Instance Cost: 4556973.64
2025-02-10 23:13 | INFO | Query 14 Size of the uncertainty table is = 139313/169260
2025-02-10 23:13 | INFO | Query 14 Size of the filtered table is = 1693
2025-02-10 23:13 | INFO | Training Time Active Learning Classifier: 31.97 seconds
2025-02-10 23:13 | INFO | Training Time Active Learning Regressor: 2.86 seconds
2025-02-10 23:16 | INFO | Query 14 Active Learning Runtime on Validation Set: 969030.85
2025-02-10 23:16 | INFO | Query 14 Active Learning Runtime on Test Set: 393573.70999999996
2025-02-10 23:16 | INFO | Query 14 Active Learning Instance Cost: 4758209.4
2025-02-10 23:19 | INFO | Query 15 Size of the uncertainty table is = 136914/169260
2025-02-10 23:19 | INFO | Query 15 Size of the filtered table is = 1693
2025-02-10 23:19 | INFO | Training Time Active Learning Classifier: 32.62 seconds
2025-02-10 23:19 | INFO | Training Time Active Learning Regressor: 2.95 seconds
2025-02-10 23:23 | INFO | Query 15 Active Learning Runtime on Validation Set: 1218333.8199999998
2025-02-10 23:23 | INFO | Query 15 Active Learning Runtime on Test Set: 392887.17000000004
2025-02-10 23:23 | INFO | Query 15 Active Learning Instance Cost: 4967368.75
2025-02-10 23:23 | INFO | Timeout limit is increased to 3600
2025-02-10 23:25 | INFO | Query 16 Size of the uncertainty table is = 134378/169260
2025-02-10 23:25 | INFO | Query 16 Size of the filtered table is = 1693
2025-02-10 23:26 | INFO | Training Time Active Learning Classifier: 33.07 seconds
2025-02-10 23:26 | INFO | Training Time Active Learning Regressor: 3.01 seconds
2025-02-10 23:29 | INFO | Query 16 Active Learning Runtime on Validation Set: 1146996.51
2025-02-10 23:29 | INFO | Query 16 Active Learning Runtime on Test Set: 392475.85
2025-02-10 23:29 | INFO | Query 16 Active Learning Instance Cost: 5248747.09
2025-02-10 23:31 | INFO | Query 17 Size of the uncertainty table is = 132001/169260
2025-02-10 23:31 | INFO | Query 17 Size of the filtered table is = 1693
2025-02-10 23:32 | INFO | Training Time Active Learning Classifier: 33.51 seconds
2025-02-10 23:32 | INFO | Training Time Active Learning Regressor: 3.1 seconds
2025-02-10 23:35 | INFO | Query 17 Active Learning Runtime on Validation Set: 970730.04
2025-02-10 23:35 | INFO | Query 17 Active Learning Runtime on Test Set: 392312.98
2025-02-10 23:35 | INFO | Query 17 Active Learning Instance Cost: 5540218.16
2025-02-10 23:37 | INFO | Query 18 Size of the uncertainty table is = 129449/169260
2025-02-10 23:37 | INFO | Query 18 Size of the filtered table is = 1693
2025-02-10 23:38 | INFO | Training Time Active Learning Classifier: 34.18 seconds
2025-02-10 23:38 | INFO | Training Time Active Learning Regressor: 3.18 seconds
2025-02-10 23:41 | INFO | Query 18 Active Learning Runtime on Validation Set: 1147984.19
2025-02-10 23:41 | INFO | Query 18 Active Learning Runtime on Test Set: 286289.76
2025-02-10 23:41 | INFO | Query 18 Active Learning Instance Cost: 5760632.76
2025-02-10 23:41 | INFO | Timeout limit is increased to 3600
2025-02-10 23:44 | INFO | Query 19 Size of the uncertainty table is = 126944/169260
2025-02-10 23:44 | INFO | Query 19 Size of the filtered table is = 1693
2025-02-10 23:44 | INFO | Training Time Active Learning Classifier: 34.71 seconds
2025-02-10 23:44 | INFO | Training Time Active Learning Regressor: 3.26 seconds
2025-02-10 23:48 | INFO | Query 19 Active Learning Runtime on Validation Set: 1113208.39
2025-02-10 23:48 | INFO | Query 19 Active Learning Runtime on Test Set: 285476.31
2025-02-10 23:48 | INFO | Query 19 Active Learning Instance Cost: 6071407.46
2025-02-10 23:50 | INFO | Query 20 Size of the uncertainty table is = 124449/169260
2025-02-10 23:50 | INFO | Query 20 Size of the filtered table is = 1693
2025-02-10 23:51 | INFO | Training Time Active Learning Classifier: 35.21 seconds
2025-02-10 23:51 | INFO | Training Time Active Learning Regressor: 3.34 seconds
2025-02-10 23:54 | INFO | Query 20 Active Learning Runtime on Validation Set: 1114074.16
2025-02-10 23:54 | INFO | Query 20 Active Learning Runtime on Test Set: 285759.11
2025-02-10 23:54 | INFO | Query 20 Active Learning Instance Cost: 6442616.16
2025-02-10 23:54 | INFO | Timeout limit is increased to 3600
2025-02-10 23:56 | INFO | Query 21 Size of the uncertainty table is = 121881/169260
2025-02-10 23:56 | INFO | Query 21 Size of the filtered table is = 1693
2025-02-10 23:57 | INFO | Training Time Active Learning Classifier: 35.65 seconds
2025-02-10 23:57 | INFO | Training Time Active Learning Regressor: 3.38 seconds
2025-02-11 00:01 | INFO | Query 21 Active Learning Runtime on Validation Set: 1184343.1099999999
2025-02-11 00:01 | INFO | Query 21 Active Learning Runtime on Test Set: 286293.68
2025-02-11 00:01 | INFO | Query 21 Active Learning Instance Cost: 6887777.86
2025-02-11 00:01 | INFO | Timeout limit is increased to 3600
2025-02-11 00:03 | INFO | Query 22 Size of the uncertainty table is = 119319/169260
2025-02-11 00:03 | INFO | Query 22 Size of the filtered table is = 1693
2025-02-11 00:04 | INFO | Training Time Active Learning Classifier: 36.17 seconds
2025-02-11 00:04 | INFO | Training Time Active Learning Regressor: 3.43 seconds
2025-02-11 00:07 | INFO | Query 22 Active Learning Runtime on Validation Set: 1184548.63
2025-02-11 00:07 | INFO | Query 22 Active Learning Runtime on Test Set: 286271.62
2025-02-11 00:07 | INFO | Query 22 Active Learning Instance Cost: 7234167.07
2025-02-11 00:07 | INFO | Timeout limit is increased to 3600
2025-02-11 00:09 | INFO | Query 23 Size of the uncertainty table is = 116910/169260
2025-02-11 00:09 | INFO | Query 23 Size of the filtered table is = 1693
2025-02-11 00:10 | INFO | Training Time Active Learning Classifier: 36.63 seconds
2025-02-11 00:10 | INFO | Training Time Active Learning Regressor: 3.49 seconds
2025-02-11 00:13 | INFO | Query 23 Active Learning Runtime on Validation Set: 1005285.5700000001
2025-02-11 00:13 | INFO | Query 23 Active Learning Runtime on Test Set: 285657.42000000004
2025-02-11 00:13 | INFO | Query 23 Active Learning Instance Cost: 7730093.87
2025-02-11 00:16 | INFO | Query 24 Size of the uncertainty table is = 114094/169260
2025-02-11 00:16 | INFO | Query 24 Size of the filtered table is = 1693
2025-02-11 00:17 | INFO | Training Time Active Learning Classifier: 36.76 seconds
2025-02-11 00:17 | INFO | Training Time Active Learning Regressor: 3.54 seconds
2025-02-11 00:20 | INFO | Query 24 Active Learning Runtime on Validation Set: 1040926.2100000001
2025-02-11 00:20 | INFO | Query 24 Active Learning Runtime on Test Set: 285658.64
2025-02-11 00:20 | INFO | Query 24 Active Learning Instance Cost: 8033284.92
2025-02-11 00:20 | INFO | Timeout limit is increased to 3600
2025-02-11 00:22 | INFO | Query 25 Size of the uncertainty table is = 111566/169260
2025-02-11 00:22 | INFO | Query 25 Size of the filtered table is = 1693
2025-02-11 00:23 | INFO | Training Time Active Learning Classifier: 37.7 seconds
2025-02-11 00:23 | INFO | Training Time Active Learning Regressor: 3.59 seconds
2025-02-11 00:26 | INFO | Query 25 Active Learning Runtime on Validation Set: 1005199.13
2025-02-11 00:26 | INFO | Query 25 Active Learning Runtime on Test Set: 320789.26
2025-02-11 00:26 | INFO | Query 25 Active Learning Instance Cost: 8547489.98
2025-02-11 00:29 | INFO | Query 26 Size of the uncertainty table is = 108494/169260
2025-02-11 00:29 | INFO | Query 26 Size of the filtered table is = 1693
2025-02-11 00:29 | INFO | Training Time Active Learning Classifier: 38.46 seconds
2025-02-11 00:29 | INFO | Training Time Active Learning Regressor: 3.66 seconds
2025-02-11 00:33 | INFO | Query 26 Active Learning Runtime on Validation Set: 1005768.88
2025-02-11 00:33 | INFO | Query 26 Active Learning Runtime on Test Set: 285662.80000000005
2025-02-11 00:33 | INFO | Query 26 Active Learning Instance Cost: 8818153.28
2025-02-11 00:33 | INFO | Timeout limit is increased to 3600
2025-02-11 00:35 | INFO | Query 27 Size of the uncertainty table is = 105564/169260
2025-02-11 00:35 | INFO | Query 27 Size of the filtered table is = 1693
2025-02-11 00:36 | INFO | Training Time Active Learning Classifier: 38.46 seconds
2025-02-11 00:36 | INFO | Training Time Active Learning Regressor: 3.7 seconds
2025-02-11 00:39 | INFO | Query 27 Active Learning Runtime on Validation Set: 1040823.4400000001
2025-02-11 00:39 | INFO | Query 27 Active Learning Runtime on Test Set: 320793.85
2025-02-11 00:39 | INFO | Query 27 Active Learning Instance Cost: 9324785.66
2025-02-11 00:39 | INFO | Timeout limit is increased to 3600
2025-02-11 00:42 | INFO | Query 28 Size of the uncertainty table is = 102466/169260
2025-02-11 00:42 | INFO | Query 28 Size of the filtered table is = 1693
2025-02-11 00:42 | INFO | Training Time Active Learning Classifier: 39.31 seconds
2025-02-11 00:42 | INFO | Training Time Active Learning Regressor: 3.76 seconds
2025-02-11 00:46 | INFO | Query 28 Active Learning Runtime on Validation Set: 1219633.97
2025-02-11 00:46 | INFO | Query 28 Active Learning Runtime on Test Set: 320793.85
2025-02-11 00:46 | INFO | Query 28 Active Learning Instance Cost: 9756192.43
2025-02-11 00:46 | INFO | Timeout limit is increased to 3600
2025-02-11 00:48 | INFO | Query 29 Size of the uncertainty table is = 99584/169260
2025-02-11 00:48 | INFO | Query 29 Size of the filtered table is = 1693
2025-02-11 00:49 | INFO | Training Time Active Learning Classifier: 39.35 seconds
2025-02-11 00:49 | INFO | Training Time Active Learning Regressor: 3.78 seconds
2025-02-11 00:52 | INFO | Query 29 Active Learning Runtime on Validation Set: 1326444.6199999999
2025-02-11 00:52 | INFO | Query 29 Active Learning Runtime on Test Set: 320793.07999999996
2025-02-11 00:52 | INFO | Query 29 Active Learning Instance Cost: 10223236.2
2025-02-11 00:52 | INFO | Timeout limit is increased to 3600
2025-02-11 00:54 | INFO | Query 30 Size of the uncertainty table is = 96189/169260
2025-02-11 00:54 | INFO | Query 30 Size of the filtered table is = 1693
2025-02-11 00:55 | INFO | Training Time Active Learning Classifier: 39.87 seconds
2025-02-11 00:55 | INFO | Training Time Active Learning Regressor: 3.83 seconds
2025-02-11 00:59 | INFO | Query 30 Active Learning Runtime on Validation Set: 1074528.98
2025-02-11 00:59 | INFO | Query 30 Active Learning Runtime on Test Set: 391682.32999999996
2025-02-11 00:59 | INFO | Query 30 Active Learning Instance Cost: 10707137.45
2025-02-11 01:01 | INFO | Query 31 Size of the uncertainty table is = 92947/169260
2025-02-11 01:01 | INFO | Query 31 Size of the filtered table is = 1693
2025-02-11 01:02 | INFO | Training Time Active Learning Classifier: 40.78 seconds
2025-02-11 01:02 | INFO | Training Time Active Learning Regressor: 3.87 seconds
2025-02-11 01:05 | INFO | Query 31 Active Learning Runtime on Validation Set: 933084.5900000001
2025-02-11 01:05 | INFO | Query 31 Active Learning Runtime on Test Set: 356429.92000000004
2025-02-11 01:05 | INFO | Query 31 Active Learning Instance Cost: 11185900.37
2025-02-11 01:07 | INFO | Query 32 Size of the uncertainty table is = 89720/169260
2025-02-11 01:07 | INFO | Query 32 Size of the filtered table is = 1693
2025-02-11 01:08 | INFO | Training Time Active Learning Classifier: 41.01 seconds
2025-02-11 01:08 | INFO | Training Time Active Learning Regressor: 3.92 seconds
2025-02-11 01:11 | INFO | Query 32 Active Learning Runtime on Validation Set: 933069.87
2025-02-11 01:11 | INFO | Query 32 Active Learning Runtime on Test Set: 391866.29000000004
2025-02-11 01:11 | INFO | Query 32 Active Learning Instance Cost: 11758898.03
2025-02-11 01:13 | INFO | Query 33 Size of the uncertainty table is = 86183/169260
2025-02-11 01:13 | INFO | Query 33 Size of the filtered table is = 1693
2025-02-11 01:14 | INFO | Training Time Active Learning Classifier: 40.93 seconds
2025-02-11 01:14 | INFO | Training Time Active Learning Regressor: 3.99 seconds
2025-02-11 01:17 | INFO | Query 33 Active Learning Runtime on Validation Set: 1039613.66
2025-02-11 01:17 | INFO | Query 33 Active Learning Runtime on Test Set: 391126.16000000003
2025-02-11 01:17 | INFO | Query 33 Active Learning Instance Cost: 12397082.72
2025-02-11 01:17 | INFO | Timeout limit is increased to 3600
2025-02-11 01:20 | INFO | Query 34 Size of the uncertainty table is = 82392/169260
2025-02-11 01:20 | INFO | Query 34 Size of the filtered table is = 1693
2025-02-11 01:20 | INFO | Training Time Active Learning Classifier: 41.92 seconds
2025-02-11 01:20 | INFO | Training Time Active Learning Regressor: 4.07 seconds
2025-02-11 01:24 | INFO | Query 34 Active Learning Runtime on Validation Set: 1075259.51
2025-02-11 01:24 | INFO | Query 34 Active Learning Runtime on Test Set: 392645.64
2025-02-11 01:24 | INFO | Query 34 Active Learning Instance Cost: 13149217.81
2025-02-11 01:24 | INFO | Timeout limit is increased to 3600
2025-02-11 01:26 | INFO | Query 35 Size of the uncertainty table is = 77950/169260
2025-02-11 01:26 | INFO | Query 35 Size of the filtered table is = 1693
2025-02-11 01:27 | INFO | Training Time Active Learning Classifier: 42.5 seconds
2025-02-11 01:27 | INFO | Training Time Active Learning Regressor: 4.07 seconds
2025-02-11 01:30 | INFO | Query 35 Active Learning Runtime on Validation Set: 896801.75
2025-02-11 01:30 | INFO | Query 35 Active Learning Runtime on Test Set: 356170.94999999995
2025-02-11 01:30 | INFO | Query 35 Active Learning Instance Cost: 13673574.71
2025-02-11 01:32 | INFO | Query 36 Size of the uncertainty table is = 74461/169260
2025-02-11 01:32 | INFO | Query 36 Size of the filtered table is = 1693
2025-02-11 01:33 | INFO | Training Time Active Learning Classifier: 43.13 seconds
2025-02-11 01:33 | INFO | Training Time Active Learning Regressor: 4.13 seconds
2025-02-11 01:36 | INFO | Query 36 Active Learning Runtime on Validation Set: 933312.17
2025-02-11 01:36 | INFO | Query 36 Active Learning Runtime on Test Set: 391873.55000000005
2025-02-11 01:36 | INFO | Query 36 Active Learning Instance Cost: 14209699.23
2025-02-11 01:36 | INFO | Timeout limit is increased to 3600
2025-02-11 01:38 | INFO | Query 37 Size of the uncertainty table is = 70738/169260
2025-02-11 01:38 | INFO | Query 37 Size of the filtered table is = 1693
2025-02-11 01:39 | INFO | Training Time Active Learning Classifier: 43.12 seconds
2025-02-11 01:39 | INFO | Training Time Active Learning Regressor: 4.18 seconds
2025-02-11 01:42 | INFO | Query 37 Active Learning Runtime on Validation Set: 1074299.45
2025-02-11 01:42 | INFO | Query 37 Active Learning Runtime on Test Set: 391320.31000000006
2025-02-11 01:42 | INFO | Query 37 Active Learning Instance Cost: 14912221.85
2025-02-11 01:42 | INFO | Timeout limit is increased to 3600
2025-02-11 01:44 | INFO | Query 38 Size of the uncertainty table is = 66309/169260
2025-02-11 01:44 | INFO | Query 38 Size of the filtered table is = 1693
2025-02-11 01:45 | INFO | Training Time Active Learning Classifier: 43.97 seconds
2025-02-11 01:45 | INFO | Training Time Active Learning Regressor: 4.23 seconds
2025-02-11 01:48 | INFO | Query 38 Active Learning Runtime on Validation Set: 1040044.74
2025-02-11 01:48 | INFO | Query 38 Active Learning Runtime on Test Set: 285109.11
2025-02-11 01:48 | INFO | Query 38 Active Learning Instance Cost: 15319634.4
2025-02-11 01:50 | INFO | Query 39 Size of the uncertainty table is = 63370/169260
2025-02-11 01:50 | INFO | Query 39 Size of the filtered table is = 1693
2025-02-11 01:51 | INFO | Training Time Active Learning Classifier: 44.6 seconds
2025-02-11 01:51 | INFO | Training Time Active Learning Regressor: 4.26 seconds
2025-02-11 01:54 | INFO | Query 39 Active Learning Runtime on Validation Set: 1110885.48
2025-02-11 01:54 | INFO | Query 39 Active Learning Runtime on Test Set: 356214.91000000003
2025-02-11 01:54 | INFO | Query 39 Active Learning Instance Cost: 15693402.23
2025-02-11 01:54 | INFO | Timeout limit is increased to 3600
2025-02-11 01:56 | INFO | Query 40 Size of the uncertainty table is = 60141/169260
2025-02-11 01:56 | INFO | Query 40 Size of the filtered table is = 1693
2025-02-11 01:57 | INFO | Training Time Active Learning Classifier: 44.75 seconds
2025-02-11 01:57 | INFO | Training Time Active Learning Regressor: 4.32 seconds
2025-02-11 02:00 | INFO | Query 40 Active Learning Runtime on Validation Set: 1075901.93
2025-02-11 02:00 | INFO | Query 40 Active Learning Runtime on Test Set: 391033.12
2025-02-11 02:00 | INFO | Query 40 Active Learning Instance Cost: 16190426.46
2025-02-11 02:02 | INFO | Query 41 Size of the uncertainty table is = 56794/169260
2025-02-11 02:02 | INFO | Query 41 Size of the filtered table is = 1693
2025-02-11 02:03 | INFO | Training Time Active Learning Classifier: 45.67 seconds
2025-02-11 02:03 | INFO | Training Time Active Learning Regressor: 4.38 seconds
2025-02-11 02:06 | INFO | Query 41 Active Learning Runtime on Validation Set: 1146424.45
2025-02-11 02:06 | INFO | Query 41 Active Learning Runtime on Test Set: 355991.97
2025-02-11 02:06 | INFO | Query 41 Active Learning Instance Cost: 16983170.36
2025-02-11 02:06 | INFO | Timeout limit is increased to 3600
2025-02-11 02:07 | INFO | Query 42 Size of the uncertainty table is = 51980/169260
2025-02-11 02:07 | INFO | Query 42 Size of the filtered table is = 1693
2025-02-11 02:08 | INFO | Training Time Active Learning Classifier: 46.17 seconds
2025-02-11 02:09 | INFO | Training Time Active Learning Regressor: 4.42 seconds
2025-02-11 02:12 | INFO | Query 42 Active Learning Runtime on Validation Set: 1110211.0
2025-02-11 02:12 | INFO | Query 42 Active Learning Runtime on Test Set: 355992.22
2025-02-11 02:12 | INFO | Query 42 Active Learning Instance Cost: 17457443.72
2025-02-11 02:13 | INFO | Query 43 Size of the uncertainty table is = 48395/169260
2025-02-11 02:13 | INFO | Query 43 Size of the filtered table is = 1693
2025-02-11 02:14 | INFO | Training Time Active Learning Classifier: 46.53 seconds
2025-02-11 02:14 | INFO | Training Time Active Learning Regressor: 4.46 seconds
2025-02-11 02:17 | INFO | Query 43 Active Learning Runtime on Validation Set: 1145904.46
2025-02-11 02:17 | INFO | Query 43 Active Learning Runtime on Test Set: 391181.02
2025-02-11 02:17 | INFO | Query 43 Active Learning Instance Cost: 17993199.54
2025-02-11 02:17 | INFO | Timeout limit is increased to 3600
2025-02-11 02:19 | INFO | Query 44 Size of the uncertainty table is = 44515/169260
2025-02-11 02:19 | INFO | Query 44 Size of the filtered table is = 1693
2025-02-11 02:20 | INFO | Training Time Active Learning Classifier: 46.69 seconds
2025-02-11 02:20 | INFO | Training Time Active Learning Regressor: 4.92 seconds
2025-02-11 02:23 | INFO | Query 44 Active Learning Runtime on Validation Set: 1145780.91
2025-02-11 02:23 | INFO | Query 44 Active Learning Runtime on Test Set: 391181.0
2025-02-11 02:23 | INFO | Query 44 Active Learning Instance Cost: 18603651.58
2025-02-11 02:24 | INFO | Query 45 Size of the uncertainty table is = 40342/169260
2025-02-11 02:24 | INFO | Query 45 Size of the filtered table is = 1693
2025-02-11 02:25 | INFO | Training Time Active Learning Classifier: 47.36 seconds
2025-02-11 02:25 | INFO | Training Time Active Learning Regressor: 4.53 seconds
2025-02-11 02:29 | INFO | Query 45 Active Learning Runtime on Validation Set: 1144426.75
2025-02-11 02:29 | INFO | Query 45 Active Learning Runtime on Test Set: 391247.65
2025-02-11 02:29 | INFO | Query 45 Active Learning Instance Cost: 19178390.23
2025-02-11 02:30 | INFO | Query 46 Size of the uncertainty table is = 36441/169260
2025-02-11 02:30 | INFO | Query 46 Size of the filtered table is = 1693
2025-02-11 02:31 | INFO | Training Time Active Learning Classifier: 47.77 seconds
2025-02-11 02:31 | INFO | Training Time Active Learning Regressor: 4.58 seconds
2025-02-11 02:34 | INFO | Query 46 Active Learning Runtime on Validation Set: 1181941.47
2025-02-11 02:34 | INFO | Query 46 Active Learning Runtime on Test Set: 391246.65
2025-02-11 02:34 | INFO | Query 46 Active Learning Instance Cost: 19860537.31
2025-02-11 02:34 | INFO | Timeout limit is increased to 3600
2025-02-11 02:35 | INFO | Query 47 Size of the uncertainty table is = 31647/169260
2025-02-11 02:35 | INFO | Query 47 Size of the filtered table is = 1693
2025-02-11 02:36 | INFO | Training Time Active Learning Classifier: 47.7 seconds
2025-02-11 02:36 | INFO | Training Time Active Learning Regressor: 5.04 seconds
2025-02-11 02:39 | INFO | Query 47 Active Learning Runtime on Validation Set: 1110547.8499999999
2025-02-11 02:39 | INFO | Query 47 Active Learning Runtime on Test Set: 355991.45999999996
2025-02-11 02:39 | INFO | Query 47 Active Learning Instance Cost: 20471752.11
2025-02-11 02:40 | INFO | Query 48 Size of the uncertainty table is = 27302/169260
2025-02-11 02:40 | INFO | Query 48 Size of the filtered table is = 1693
2025-02-11 02:41 | INFO | Training Time Active Learning Classifier: 48.57 seconds
2025-02-11 02:41 | INFO | Training Time Active Learning Regressor: 4.67 seconds
2025-02-11 02:45 | INFO | Query 48 Active Learning Runtime on Validation Set: 1110110.0799999998
2025-02-11 02:45 | INFO | Query 48 Active Learning Runtime on Test Set: 355984.19000000006
2025-02-11 02:45 | INFO | Query 48 Active Learning Instance Cost: 21142037.9
2025-02-11 02:45 | INFO | Query 49 Size of the uncertainty table is = 22675/169260
2025-02-11 02:45 | INFO | Query 49 Size of the filtered table is = 1693
2025-02-11 02:47 | INFO | Training Time Active Learning Classifier: 48.9 seconds
2025-02-11 02:47 | INFO | Training Time Active Learning Regressor: 4.71 seconds
2025-02-11 02:50 | INFO | Query 49 Active Learning Runtime on Validation Set: 1111301.03
2025-02-11 02:50 | INFO | Query 49 Active Learning Runtime on Test Set: 391246.47
2025-02-11 02:50 | INFO | Query 49 Active Learning Instance Cost: 21677426.51
2025-02-11 02:50 | INFO | Timeout limit is increased to 3600
2025-02-11 02:50 | INFO | Query 50 Size of the uncertainty table is = 18555/169260
2025-02-11 02:50 | INFO | Query 50 Size of the filtered table is = 1693
2025-02-11 02:52 | INFO | Training Time Active Learning Classifier: 49.36 seconds
2025-02-11 02:52 | INFO | Training Time Active Learning Regressor: 4.73 seconds
2025-02-11 02:55 | INFO | Query 50 Active Learning Runtime on Validation Set: 1145854.45
2025-02-11 02:55 | INFO | Query 50 Active Learning Runtime on Test Set: 391246.65
2025-02-11 02:55 | INFO | Query 50 Active Learning Instance Cost: 22321847.02
2025-02-11 02:55 | INFO | Timeout limit is increased to 3600
2025-02-11 02:55 | INFO | Query 51 Size of the uncertainty table is = 13421/169260
2025-02-11 02:55 | INFO | Query 51 Size of the filtered table is = 1693
2025-02-11 02:56 | INFO | Training Time Active Learning Classifier: 49.71 seconds
2025-02-11 02:56 | INFO | Training Time Active Learning Regressor: 4.78 seconds
2025-02-11 03:00 | INFO | Query 51 Active Learning Runtime on Validation Set: 1145898.94
2025-02-11 03:00 | INFO | Query 51 Active Learning Runtime on Test Set: 391246.47
2025-02-11 03:00 | INFO | Query 51 Active Learning Instance Cost: 23110745.77
2025-02-11 03:00 | INFO | Timeout limit is increased to 3600
2025-02-11 03:00 | INFO | Query 52 Size of the uncertainty table is = 6920/169260
2025-02-11 03:00 | INFO | Query 52 Size of the filtered table is = 1693
2025-02-11 03:01 | INFO | Training Time Active Learning Classifier: 50.61 seconds
2025-02-11 03:01 | INFO | Training Time Active Learning Regressor: 4.88 seconds
2025-02-11 03:04 | INFO | Query 52 Active Learning Runtime on Validation Set: 933086.5
2025-02-11 03:04 | INFO | Query 52 Active Learning Runtime on Test Set: 391253.99
2025-02-11 03:04 | INFO | Query 52 Active Learning Instance Cost: 24066224.81
2025-02-11 03:05 | INFO | Query 53 Size of the uncertainty table is = 1326/169260
2025-02-11 03:05 | INFO | Query 53 Size of the filtered table is = 1326
2025-02-11 03:06 | INFO | Training Time Active Learning Classifier: 50.72 seconds
2025-02-11 03:06 | INFO | Training Time Active Learning Regressor: 4.89 seconds
2025-02-11 03:09 | INFO | Query 53 Active Learning Runtime on Validation Set: 1039971.2100000001
2025-02-11 03:09 | INFO | Query 53 Active Learning Runtime on Test Set: 320378.57999999996
2025-02-11 03:09 | INFO | Query 53 Active Learning Instance Cost: 24190754.06
2025-02-11 03:09 | INFO | Timeout limit is increased to 3600
2025-02-11 03:09 | INFO | Active Learning Emissions: 0.22284833318338454
2025-02-11 03:09 | INFO | Active Learning Energy Consumption: 0.24246467707864872 kWh
2025-02-11 03:09 | INFO | runtime_test_score is written as json file
2025-02-11 03:09 | INFO | runtime_validation_score is written as json file
2025-02-11 03:09 | INFO | instance_cost is written as json file
2025-02-11 03:09 | INFO | Experiment is finished
