2025-02-10 22:31 | INFO | Paramaters are: {'dataset': 'SAT12-INDU', 'penalty': 10, 'weight': 'No_Weight', 'voting': 'Hard', 'pre_selection_size': 64, 'pre_selection_technique': 'No_pre_selection', 'feature_elimination_threshold': 20, 'imputer_strategy': 'median', 'feature_selection_technique': 'No_feature_selection', 'feature_scaling_technique': 'StandardScaler', 'priority': {'Uncertainty': 'max', 'PredCost': 'min', 'PredDiff': 'max'}, 'initial_train_size': 20, 'query_size': 1, 'timeout_predictor_usage': 'No', 'timeout_limit': 100, 'timeout_increase_rate': 100, 'penalty_type': 'Only-timeout-penalty', 'RANDOM_STATE_SEED': 99, 'n_splits': 10, 'split_number': 4, 'max_timeout': 3600, 'param_grid': {'n_estimators': 100, 'max_features': 'sqrt', 'max_depth': 2147483648, 'min_samples_split': 2, 'bootstrap': True}}
2025-02-10 22:31 | INFO | SAT12-INDU is current dataset
2025-02-10 22:31 | INFO | DATASETS/SAT12-INDU/algorithm_runs.arff is found
2025-02-10 22:31 | INFO | DATASETS/SAT12-INDU/algorithm_runs.arff is finished
2025-02-10 22:31 | INFO | DATASETS/SAT12-INDU/feature_values.arff is found
2025-02-10 22:31 | INFO | DATASETS/SAT12-INDU/feature_values.arff is finished
2025-02-10 22:31 | INFO | DATASETS/SAT12-INDU/feature_costs.arff is found
2025-02-10 22:31 | INFO | DATASETS/SAT12-INDU/feature_costs.arff is finished
2025-02-10 22:31 | INFO | Virtual best solver time in train = 133090.43
2025-02-10 22:31 | INFO | Single best solver list train = {'clasp1': 6038603.52, 'clasp2': 6424554.28, 'cryptominisat2011': 3199999.46, 'eagleup': 23616000.05, 'ebglucose': 5436869.71, 'ebminisat': 4513276.31, 'glucose2': 4184981.2, 'glueminisat': 4142045.01, 'gnoveltyp2': 23292900.15, 'lingeling': 2786662.27, 'lrglshr': 5975046.32, 'marchrw': 22006658.4, 'minisatpsm': 4324393.61, 'mphaseSAT': 3836884.5, 'mphaseSAT64': 3655414.76, 'mphaseSATm': 3842363.17, 'mxc09': 5197355.16, 'picosat': 6811728.6, 'precosat': 4015719.8, 'qutersat': 3150938.63, 'rcl': 5873241.51, 'restartsat': 4409250.34, 'sapperlot': 5524248.43, 'satime11': 21752630.07, 'sattime': 21932088.67, 'sattimep': 22008372.9, 'sol': 9322976.93, 'sparrow': 22468815.78, 'spear-hw': 10042380.47, 'spear-sw': 10862318.2, 'tnm': 22717448.02}
2025-02-10 22:31 | INFO | Single best solver time train = lingeling (2786662.27)
2025-02-10 22:31 | INFO | Virtual best solver time in validation = 29713.31
2025-02-10 22:31 | INFO | Single best solver list validation = {'clasp1': 1244306.95, 'clasp2': 1565082.96, 'cryptominisat2011': 383196.43, 'eagleup': 5940000.0, 'ebglucose': 950962.5, 'ebminisat': 596238.66, 'glucose2': 628600.54, 'glueminisat': 628504.75, 'gnoveltyp2': 5904166.89, 'lingeling': 340869.21, 'lrglshr': 845515.38, 'marchrw': 5653106.18, 'minisatpsm': 730762.86, 'mphaseSAT': 379981.68, 'mphaseSAT64': 664768.44, 'mphaseSATm': 418348.46, 'mxc09': 808253.96, 'picosat': 1241095.3, 'precosat': 663911.44, 'qutersat': 310039.7, 'rcl': 988498.5, 'restartsat': 596958.11, 'sapperlot': 776444.21, 'satime11': 5688681.2, 'sattime': 5724311.52, 'sattimep': 5689078.6, 'sol': 2079450.8, 'sparrow': 5868696.16, 'spear-hw': 2322497.94, 'spear-sw': 2107114.82, 'tnm': 5796297.73}
2025-02-10 22:31 | INFO | Single best solver time validation = qutersat (310039.7)
2025-02-10 22:31 | INFO | Virtual best solver time in test = 19207.43
2025-02-10 22:31 | INFO | Single best solver list test = {'clasp1': 1019512.79, 'clasp2': 1159791.75, 'cryptominisat2011': 588967.35, 'eagleup': 3312000.0, 'ebglucose': 910897.16, 'ebminisat': 837170.68, 'glucose2': 765714.77, 'glueminisat': 730804.33, 'gnoveltyp2': 3312000.0, 'lingeling': 550903.71, 'lrglshr': 1018356.18, 'marchrw': 3276375.63, 'minisatpsm': 765613.0, 'mphaseSAT': 766033.02, 'mphaseSAT64': 553841.98, 'mphaseSATm': 730735.99, 'mxc09': 911182.55, 'picosat': 1160644.38, 'precosat': 730648.7, 'qutersat': 413983.44, 'rcl': 947717.0, 'restartsat': 731609.38, 'sapperlot': 1017502.92, 'satime11': 3134074.66, 'sattime': 3169354.73, 'sattimep': 3169262.88, 'sol': 1454956.86, 'sparrow': 3312000.0, 'spear-hw': 1414341.14, 'spear-sw': 1449284.31, 'tnm': 3276048.05}
2025-02-10 22:31 | INFO | Single best solver time test = qutersat (413983.44)
2025-02-10 22:33 | INFO | Training Time Passive Learning Classifier: 85.78 seconds
2025-02-10 22:33 | INFO | Training Time Passive Learning Regressor: 8.92 seconds
2025-02-10 22:38 | INFO | Passive Learning Classifier Runtime on Validation Set: 80027.49
2025-02-10 22:38 | INFO | Passive Learning Classifier Runtime on Test Set: 260092.59
2025-02-10 22:38 | INFO | Passive Learning Instance Cost: 32145766.23
2025-02-10 22:38 | INFO | Passive Learning Emissions: 0.0050614156638934555
2025-02-10 22:38 | INFO | Passive Learning Energy Consumption: 0.005506949488811531 kWh
2025-02-10 22:39 | INFO | Training Time Active Learning Classifier: 27.96 seconds
2025-02-10 22:39 | INFO | Training Time Active Learning Regressor: 1.47 seconds
2025-02-10 22:44 | INFO | Initial Active Learning Runtime on Validation Set: 372331.92
2025-02-10 22:44 | INFO | Initial Active Learning Runtime on Test Set: 619109.28
2025-02-10 22:44 | INFO | Initial Active Learning Instance Cost: 44896.29
2025-02-10 22:44 | INFO | Bin size = 2967
2025-02-10 22:46 | INFO | Query 1 Size of the uncertainty table is = 297148/296670
2025-02-10 22:46 | INFO | Query 1 Size of the filtered table is = 2967
2025-02-10 22:47 | INFO | Training Time Active Learning Classifier: 27.04 seconds
2025-02-10 22:47 | INFO | Training Time Active Learning Regressor: 2.76 seconds
2025-02-10 22:52 | INFO | Query 1 Active Learning Runtime on Validation Set: 373838.86
2025-02-10 22:52 | INFO | Query 1 Active Learning Runtime on Test Set: 692619.0
2025-02-10 22:52 | INFO | Query 1 Active Learning Instance Cost: 334308.43
2025-02-10 22:52 | INFO | Timeout limit is increased to 200
2025-02-10 22:57 | INFO | Query 2 Size of the uncertainty table is = 284800/296670
2025-02-10 22:57 | INFO | Query 2 Size of the filtered table is = 2967
2025-02-10 22:58 | INFO | Training Time Active Learning Classifier: 34.09 seconds
2025-02-10 22:58 | INFO | Training Time Active Learning Regressor: 4.18 seconds
2025-02-10 23:04 | INFO | Query 2 Active Learning Runtime on Validation Set: 298723.51
2025-02-10 23:04 | INFO | Query 2 Active Learning Runtime on Test Set: 618193.8200000001
2025-02-10 23:04 | INFO | Query 2 Active Learning Instance Cost: 724840.54
2025-02-10 23:10 | INFO | Query 3 Size of the uncertainty table is = 261564/296670
2025-02-10 23:10 | INFO | Query 3 Size of the filtered table is = 2967
2025-02-10 23:11 | INFO | Training Time Active Learning Classifier: 41.37 seconds
2025-02-10 23:11 | INFO | Training Time Active Learning Regressor: 5.07 seconds
2025-02-10 23:17 | INFO | Query 3 Active Learning Runtime on Validation Set: 332647.78
2025-02-10 23:17 | INFO | Query 3 Active Learning Runtime on Test Set: 476460.47000000003
2025-02-10 23:17 | INFO | Query 3 Active Learning Instance Cost: 1068618.43
2025-02-10 23:17 | INFO | Timeout limit is increased to 300
2025-02-10 23:24 | INFO | Query 4 Size of the uncertainty table is = 239198/296670
2025-02-10 23:24 | INFO | Query 4 Size of the filtered table is = 2967
2025-02-10 23:26 | INFO | Training Time Active Learning Classifier: 47.34 seconds
2025-02-10 23:26 | INFO | Training Time Active Learning Regressor: 5.85 seconds
2025-02-10 23:31 | INFO | Query 4 Active Learning Runtime on Validation Set: 188786.34
2025-02-10 23:31 | INFO | Query 4 Active Learning Runtime on Test Set: 297796.56
2025-02-10 23:31 | INFO | Query 4 Active Learning Instance Cost: 1620634.04
2025-02-10 23:39 | INFO | Query 5 Size of the uncertainty table is = 220243/296670
2025-02-10 23:39 | INFO | Query 5 Size of the filtered table is = 2967
2025-02-10 23:40 | INFO | Training Time Active Learning Classifier: 50.98 seconds
2025-02-10 23:40 | INFO | Training Time Active Learning Regressor: 6.21 seconds
2025-02-10 23:46 | INFO | Query 5 Active Learning Runtime on Validation Set: 188432.14
2025-02-10 23:46 | INFO | Query 5 Active Learning Runtime on Test Set: 296499.44
2025-02-10 23:46 | INFO | Query 5 Active Learning Instance Cost: 1880296.06
2025-02-10 23:53 | INFO | Query 6 Size of the uncertainty table is = 208380/296670
2025-02-10 23:53 | INFO | Query 6 Size of the filtered table is = 2967
2025-02-10 23:55 | INFO | Training Time Active Learning Classifier: 54.23 seconds
2025-02-10 23:55 | INFO | Training Time Active Learning Regressor: 6.49 seconds
2025-02-11 00:00 | INFO | Query 6 Active Learning Runtime on Validation Set: 224430.02000000002
2025-02-11 00:00 | INFO | Query 6 Active Learning Runtime on Test Set: 190378.90999999997
2025-02-11 00:00 | INFO | Query 6 Active Learning Instance Cost: 2070566.71
2025-02-11 00:00 | INFO | Timeout limit is increased to 400
2025-02-11 00:08 | INFO | Query 7 Size of the uncertainty table is = 199545/296670
2025-02-11 00:08 | INFO | Query 7 Size of the filtered table is = 2967
2025-02-11 00:09 | INFO | Training Time Active Learning Classifier: 56.83 seconds
2025-02-11 00:10 | INFO | Training Time Active Learning Regressor: 6.83 seconds
2025-02-11 00:15 | INFO | Query 7 Active Learning Runtime on Validation Set: 153050.33000000002
2025-02-11 00:15 | INFO | Query 7 Active Learning Runtime on Test Set: 225642.02999999997
2025-02-11 00:15 | INFO | Query 7 Active Learning Instance Cost: 2479611.27
2025-02-11 00:23 | INFO | Query 8 Size of the uncertainty table is = 190084/296670
2025-02-11 00:23 | INFO | Query 8 Size of the filtered table is = 2967
2025-02-11 00:24 | INFO | Training Time Active Learning Classifier: 58.49 seconds
2025-02-11 00:24 | INFO | Training Time Active Learning Regressor: 6.94 seconds
2025-02-11 00:30 | INFO | Query 8 Active Learning Runtime on Validation Set: 152304.65
2025-02-11 00:30 | INFO | Query 8 Active Learning Runtime on Test Set: 331940.73
2025-02-11 00:30 | INFO | Query 8 Active Learning Instance Cost: 2663406.5
2025-02-11 00:37 | INFO | Query 9 Size of the uncertainty table is = 184311/296670
2025-02-11 00:37 | INFO | Query 9 Size of the filtered table is = 2967
2025-02-11 00:39 | INFO | Training Time Active Learning Classifier: 60.27 seconds
2025-02-11 00:39 | INFO | Training Time Active Learning Regressor: 7.02 seconds
2025-02-11 00:44 | INFO | Query 9 Active Learning Runtime on Validation Set: 117641.23
2025-02-11 00:44 | INFO | Query 9 Active Learning Runtime on Test Set: 261461.12
2025-02-11 00:44 | INFO | Query 9 Active Learning Instance Cost: 2796563.79
2025-02-11 00:52 | INFO | Query 10 Size of the uncertainty table is = 179654/296670
2025-02-11 00:52 | INFO | Query 10 Size of the filtered table is = 2967
2025-02-11 00:53 | INFO | Training Time Active Learning Classifier: 60.53 seconds
2025-02-11 00:53 | INFO | Training Time Active Learning Regressor: 7.64 seconds
2025-02-11 00:59 | INFO | Query 10 Active Learning Runtime on Validation Set: 116605.51
2025-02-11 00:59 | INFO | Query 10 Active Learning Runtime on Test Set: 296605.46
2025-02-11 00:59 | INFO | Query 10 Active Learning Instance Cost: 2895844.66
2025-02-11 01:06 | INFO | Query 11 Size of the uncertainty table is = 176582/296670
2025-02-11 01:06 | INFO | Query 11 Size of the filtered table is = 2967
2025-02-11 01:08 | INFO | Training Time Active Learning Classifier: 60.92 seconds
2025-02-11 01:08 | INFO | Training Time Active Learning Regressor: 7.19 seconds
2025-02-11 01:13 | INFO | Query 11 Active Learning Runtime on Validation Set: 117260.66
2025-02-11 01:13 | INFO | Query 11 Active Learning Runtime on Test Set: 260906.33999999997
2025-02-11 01:13 | INFO | Query 11 Active Learning Instance Cost: 2942323.39
2025-02-11 01:13 | INFO | Timeout limit is increased to 500
2025-02-11 01:21 | INFO | Query 12 Size of the uncertainty table is = 174979/296670
2025-02-11 01:21 | INFO | Query 12 Size of the filtered table is = 2967
2025-02-11 01:22 | INFO | Training Time Active Learning Classifier: 62.37 seconds
2025-02-11 01:22 | INFO | Training Time Active Learning Regressor: 7.3 seconds
2025-02-11 01:28 | INFO | Query 12 Active Learning Runtime on Validation Set: 117558.26
2025-02-11 01:28 | INFO | Query 12 Active Learning Runtime on Test Set: 367305.47000000003
2025-02-11 01:28 | INFO | Query 12 Active Learning Instance Cost: 3282109.96
2025-02-11 01:28 | INFO | Timeout limit is increased to 600
2025-02-11 01:35 | INFO | Query 13 Size of the uncertainty table is = 171272/296670
2025-02-11 01:35 | INFO | Query 13 Size of the filtered table is = 2967
2025-02-11 01:36 | INFO | Training Time Active Learning Classifier: 63.8 seconds
2025-02-11 01:37 | INFO | Training Time Active Learning Regressor: 7.46 seconds
2025-02-11 01:42 | INFO | Query 13 Active Learning Runtime on Validation Set: 116124.88
2025-02-11 01:42 | INFO | Query 13 Active Learning Runtime on Test Set: 260989.82
2025-02-11 01:42 | INFO | Query 13 Active Learning Instance Cost: 3683775.69
2025-02-11 01:49 | INFO | Query 14 Size of the uncertainty table is = 166325/296670
2025-02-11 01:49 | INFO | Query 14 Size of the filtered table is = 2967
2025-02-11 01:51 | INFO | Training Time Active Learning Classifier: 65.14 seconds
2025-02-11 01:51 | INFO | Training Time Active Learning Regressor: 7.47 seconds
2025-02-11 01:56 | INFO | Query 14 Active Learning Runtime on Validation Set: 117151.63999999998
2025-02-11 01:56 | INFO | Query 14 Active Learning Runtime on Test Set: 225199.01
2025-02-11 01:56 | INFO | Query 14 Active Learning Instance Cost: 3809461.14
2025-02-11 01:56 | INFO | Timeout limit is increased to 700
2025-02-11 02:03 | INFO | Query 15 Size of the uncertainty table is = 164142/296670
2025-02-11 02:03 | INFO | Query 15 Size of the filtered table is = 2967
2025-02-11 02:05 | INFO | Training Time Active Learning Classifier: 65.71 seconds
2025-02-11 02:05 | INFO | Training Time Active Learning Regressor: 7.63 seconds
2025-02-11 02:11 | INFO | Query 15 Active Learning Runtime on Validation Set: 151950.47999999998
2025-02-11 02:11 | INFO | Query 15 Active Learning Runtime on Test Set: 260615.24
2025-02-11 02:11 | INFO | Query 15 Active Learning Instance Cost: 4156975.12
2025-02-11 02:11 | INFO | Timeout limit is increased to 800
2025-02-11 02:17 | INFO | Query 16 Size of the uncertainty table is = 161239/296670
2025-02-11 02:17 | INFO | Query 16 Size of the filtered table is = 2967
2025-02-11 02:19 | INFO | Training Time Active Learning Classifier: 66.51 seconds
2025-02-11 02:19 | INFO | Training Time Active Learning Regressor: 7.8 seconds
2025-02-11 02:25 | INFO | Query 16 Active Learning Runtime on Validation Set: 116661.13999999998
2025-02-11 02:25 | INFO | Query 16 Active Learning Runtime on Test Set: 260508.15000000002
2025-02-11 02:25 | INFO | Query 16 Active Learning Instance Cost: 4551216.99
2025-02-11 02:31 | INFO | Query 17 Size of the uncertainty table is = 158325/296670
2025-02-11 02:31 | INFO | Query 17 Size of the filtered table is = 2967
2025-02-11 02:33 | INFO | Training Time Active Learning Classifier: 67.04 seconds
2025-02-11 02:33 | INFO | Training Time Active Learning Regressor: 7.8 seconds
2025-02-11 02:39 | INFO | Query 17 Active Learning Runtime on Validation Set: 152216.01
2025-02-11 02:39 | INFO | Query 17 Active Learning Runtime on Test Set: 224875.65000000002
2025-02-11 02:39 | INFO | Query 17 Active Learning Instance Cost: 4650409.83
2025-02-11 02:39 | INFO | Timeout limit is increased to 900
2025-02-11 02:45 | INFO | Query 18 Size of the uncertainty table is = 156890/296670
2025-02-11 02:45 | INFO | Query 18 Size of the filtered table is = 2967
2025-02-11 02:47 | INFO | Training Time Active Learning Classifier: 68.34 seconds
2025-02-11 02:47 | INFO | Training Time Active Learning Regressor: 7.93 seconds
2025-02-11 02:53 | INFO | Query 18 Active Learning Runtime on Validation Set: 152163.55
2025-02-11 02:53 | INFO | Query 18 Active Learning Runtime on Test Set: 224946.76
2025-02-11 02:53 | INFO | Query 18 Active Learning Instance Cost: 4962365.51
2025-02-11 02:59 | INFO | Query 19 Size of the uncertainty table is = 154701/296670
2025-02-11 02:59 | INFO | Query 19 Size of the filtered table is = 2967
2025-02-11 03:01 | INFO | Training Time Active Learning Classifier: 68.86 seconds
2025-02-11 03:01 | INFO | Training Time Active Learning Regressor: 7.98 seconds
2025-02-11 03:06 | INFO | Query 19 Active Learning Runtime on Validation Set: 116862.81
2025-02-11 03:06 | INFO | Query 19 Active Learning Runtime on Test Set: 224714.83000000002
2025-02-11 03:06 | INFO | Query 19 Active Learning Instance Cost: 5035633.09
2025-02-11 03:13 | INFO | Query 20 Size of the uncertainty table is = 153645/296670
2025-02-11 03:13 | INFO | Query 20 Size of the filtered table is = 2967
2025-02-11 03:15 | INFO | Training Time Active Learning Classifier: 69.13 seconds
2025-02-11 03:15 | INFO | Training Time Active Learning Regressor: 7.93 seconds
2025-02-11 03:20 | INFO | Query 20 Active Learning Runtime on Validation Set: 116708.79
2025-02-11 03:20 | INFO | Query 20 Active Learning Runtime on Test Set: 224674.8
2025-02-11 03:20 | INFO | Query 20 Active Learning Instance Cost: 5090055.47
2025-02-11 03:27 | INFO | Query 21 Size of the uncertainty table is = 152969/296670
2025-02-11 03:27 | INFO | Query 21 Size of the filtered table is = 2967
2025-02-11 03:28 | INFO | Training Time Active Learning Classifier: 69.18 seconds
2025-02-11 03:28 | INFO | Training Time Active Learning Regressor: 7.95 seconds
2025-02-11 03:34 | INFO | Query 21 Active Learning Runtime on Validation Set: 116060.01999999999
2025-02-11 03:34 | INFO | Query 21 Active Learning Runtime on Test Set: 188984.38
2025-02-11 03:34 | INFO | Query 21 Active Learning Instance Cost: 5116137.07
2025-02-11 03:41 | INFO | Query 22 Size of the uncertainty table is = 152244/296670
2025-02-11 03:41 | INFO | Query 22 Size of the filtered table is = 2967
2025-02-11 03:42 | INFO | Training Time Active Learning Classifier: 69.34 seconds
2025-02-11 03:42 | INFO | Training Time Active Learning Regressor: 7.95 seconds
2025-02-11 03:48 | INFO | Query 22 Active Learning Runtime on Validation Set: 116007.59999999999
2025-02-11 03:48 | INFO | Query 22 Active Learning Runtime on Test Set: 189013.03
2025-02-11 03:48 | INFO | Query 22 Active Learning Instance Cost: 5130467.18
2025-02-11 03:54 | INFO | Query 23 Size of the uncertainty table is = 152080/296670
2025-02-11 03:54 | INFO | Query 23 Size of the filtered table is = 2967
2025-02-11 03:56 | INFO | Training Time Active Learning Classifier: 68.8 seconds
2025-02-11 03:56 | INFO | Training Time Active Learning Regressor: 7.95 seconds
2025-02-11 04:02 | INFO | Query 23 Active Learning Runtime on Validation Set: 116102.91
2025-02-11 04:02 | INFO | Query 23 Active Learning Runtime on Test Set: 189013.03
2025-02-11 04:02 | INFO | Query 23 Active Learning Instance Cost: 5138352.9
2025-02-11 04:02 | INFO | Timeout limit is increased to 1000
2025-02-11 04:08 | INFO | Query 24 Size of the uncertainty table is = 151938/296670
2025-02-11 04:08 | INFO | Query 24 Size of the filtered table is = 2967
2025-02-11 04:10 | INFO | Training Time Active Learning Classifier: 69.15 seconds
2025-02-11 04:10 | INFO | Training Time Active Learning Regressor: 8.03 seconds
2025-02-11 04:15 | INFO | Query 24 Active Learning Runtime on Validation Set: 116213.38999999998
2025-02-11 04:15 | INFO | Query 24 Active Learning Runtime on Test Set: 224542.06
2025-02-11 04:15 | INFO | Query 24 Active Learning Instance Cost: 5404348.63
2025-02-11 04:15 | INFO | Timeout limit is increased to 1100
2025-02-11 04:22 | INFO | Query 25 Size of the uncertainty table is = 150954/296670
2025-02-11 04:22 | INFO | Query 25 Size of the filtered table is = 2967
2025-02-11 04:23 | INFO | Training Time Active Learning Classifier: 69.46 seconds
2025-02-11 04:24 | INFO | Training Time Active Learning Regressor: 8.14 seconds
2025-02-11 04:29 | INFO | Query 25 Active Learning Runtime on Validation Set: 116044.56
2025-02-11 04:29 | INFO | Query 25 Active Learning Runtime on Test Set: 189350.56
2025-02-11 04:29 | INFO | Query 25 Active Learning Instance Cost: 5751341.13
2025-02-11 04:36 | INFO | Query 26 Size of the uncertainty table is = 149639/296670
2025-02-11 04:36 | INFO | Query 26 Size of the filtered table is = 2967
2025-02-11 04:37 | INFO | Training Time Active Learning Classifier: 70.48 seconds
2025-02-11 04:37 | INFO | Training Time Active Learning Regressor: 8.2 seconds
2025-02-11 04:43 | INFO | Query 26 Active Learning Runtime on Validation Set: 115483.92
2025-02-11 04:43 | INFO | Query 26 Active Learning Runtime on Test Set: 188980.15999999997
2025-02-11 04:43 | INFO | Query 26 Active Learning Instance Cost: 5803028.59
2025-02-11 04:49 | INFO | Query 27 Size of the uncertainty table is = 149143/296670
2025-02-11 04:49 | INFO | Query 27 Size of the filtered table is = 2967
2025-02-11 04:51 | INFO | Training Time Active Learning Classifier: 70.34 seconds
2025-02-11 04:51 | INFO | Training Time Active Learning Regressor: 8.26 seconds
2025-02-11 04:57 | INFO | Query 27 Active Learning Runtime on Validation Set: 116035.75
2025-02-11 04:57 | INFO | Query 27 Active Learning Runtime on Test Set: 188766.76
2025-02-11 04:57 | INFO | Query 27 Active Learning Instance Cost: 5839543.83
2025-02-11 04:57 | INFO | Timeout limit is increased to 1200
2025-02-11 05:03 | INFO | Query 28 Size of the uncertainty table is = 148867/296670
2025-02-11 05:03 | INFO | Query 28 Size of the filtered table is = 2967
2025-02-11 05:05 | INFO | Training Time Active Learning Classifier: 70.87 seconds
2025-02-11 05:05 | INFO | Training Time Active Learning Regressor: 8.25 seconds
2025-02-11 05:10 | INFO | Query 28 Active Learning Runtime on Validation Set: 151105.65
2025-02-11 05:10 | INFO | Query 28 Active Learning Runtime on Test Set: 224890.37
2025-02-11 05:10 | INFO | Query 28 Active Learning Instance Cost: 6110391.28
2025-02-11 05:10 | INFO | Timeout limit is increased to 1300
2025-02-11 05:17 | INFO | Query 29 Size of the uncertainty table is = 147606/296670
2025-02-11 05:17 | INFO | Query 29 Size of the filtered table is = 2967
2025-02-11 05:18 | INFO | Training Time Active Learning Classifier: 70.99 seconds
2025-02-11 05:18 | INFO | Training Time Active Learning Regressor: 8.28 seconds
2025-02-11 05:24 | INFO | Query 29 Active Learning Runtime on Validation Set: 150875.89
2025-02-11 05:24 | INFO | Query 29 Active Learning Runtime on Test Set: 189100.16999999998
2025-02-11 05:24 | INFO | Query 29 Active Learning Instance Cost: 6419601.59
2025-02-11 05:30 | INFO | Query 30 Size of the uncertainty table is = 146983/296670
2025-02-11 05:30 | INFO | Query 30 Size of the filtered table is = 2967
2025-02-11 05:32 | INFO | Training Time Active Learning Classifier: 70.52 seconds
2025-02-11 05:32 | INFO | Training Time Active Learning Regressor: 8.89 seconds
2025-02-11 05:38 | INFO | Query 30 Active Learning Runtime on Validation Set: 150876.33000000002
2025-02-11 05:38 | INFO | Query 30 Active Learning Runtime on Test Set: 224787.03999999998
2025-02-11 05:38 | INFO | Query 30 Active Learning Instance Cost: 6463341.41
2025-02-11 05:38 | INFO | Timeout limit is increased to 1400
2025-02-11 05:44 | INFO | Query 31 Size of the uncertainty table is = 146800/296670
2025-02-11 05:44 | INFO | Query 31 Size of the filtered table is = 2967
2025-02-11 05:45 | INFO | Training Time Active Learning Classifier: 70.6 seconds
2025-02-11 05:45 | INFO | Training Time Active Learning Regressor: 8.29 seconds
2025-02-11 05:51 | INFO | Query 31 Active Learning Runtime on Validation Set: 151393.07
2025-02-11 05:51 | INFO | Query 31 Active Learning Runtime on Test Set: 224834.09999999998
2025-02-11 05:51 | INFO | Query 31 Active Learning Instance Cost: 6734696.72
2025-02-11 05:51 | INFO | Timeout limit is increased to 1500
2025-02-11 05:57 | INFO | Query 32 Size of the uncertainty table is = 146692/296670
2025-02-11 05:57 | INFO | Query 32 Size of the filtered table is = 2967
2025-02-11 05:59 | INFO | Training Time Active Learning Classifier: 70.82 seconds
2025-02-11 05:59 | INFO | Training Time Active Learning Regressor: 8.29 seconds
2025-02-11 06:05 | INFO | Query 32 Active Learning Runtime on Validation Set: 151393.07
2025-02-11 06:05 | INFO | Query 32 Active Learning Runtime on Test Set: 224834.09999999998
2025-02-11 06:05 | INFO | Query 32 Active Learning Instance Cost: 7014846.07
2025-02-11 06:05 | INFO | Timeout limit is increased to 1600
2025-02-11 06:11 | INFO | Query 33 Size of the uncertainty table is = 146684/296670
2025-02-11 06:11 | INFO | Query 33 Size of the filtered table is = 2967
2025-02-11 06:12 | INFO | Training Time Active Learning Classifier: 71.0 seconds
2025-02-11 06:12 | INFO | Training Time Active Learning Regressor: 8.26 seconds
2025-02-11 06:18 | INFO | Query 33 Active Learning Runtime on Validation Set: 151393.07
2025-02-11 06:18 | INFO | Query 33 Active Learning Runtime on Test Set: 224834.09999999998
2025-02-11 06:18 | INFO | Query 33 Active Learning Instance Cost: 7274346.07
2025-02-11 06:18 | INFO | Timeout limit is increased to 1700
2025-02-11 06:24 | INFO | Query 34 Size of the uncertainty table is = 146673/296670
2025-02-11 06:24 | INFO | Query 34 Size of the filtered table is = 2967
2025-02-11 06:26 | INFO | Training Time Active Learning Classifier: 70.65 seconds
2025-02-11 06:26 | INFO | Training Time Active Learning Regressor: 8.88 seconds
2025-02-11 06:31 | INFO | Query 34 Active Learning Runtime on Validation Set: 151431.51
2025-02-11 06:31 | INFO | Query 34 Active Learning Runtime on Test Set: 224834.09999999998
2025-02-11 06:31 | INFO | Query 34 Active Learning Instance Cost: 7528500.18
2025-02-11 06:31 | INFO | Timeout limit is increased to 1800
2025-02-11 06:38 | INFO | Query 35 Size of the uncertainty table is = 146646/296670
2025-02-11 06:38 | INFO | Query 35 Size of the filtered table is = 2967
2025-02-11 06:39 | INFO | Training Time Active Learning Classifier: 70.86 seconds
2025-02-11 06:39 | INFO | Training Time Active Learning Regressor: 8.28 seconds
2025-02-11 06:45 | INFO | Query 35 Active Learning Runtime on Validation Set: 151322.47999999998
2025-02-11 06:45 | INFO | Query 35 Active Learning Runtime on Test Set: 224834.09999999998
2025-02-11 06:45 | INFO | Query 35 Active Learning Instance Cost: 7791879.51
2025-02-11 06:51 | INFO | Query 36 Size of the uncertainty table is = 146596/296670
2025-02-11 06:51 | INFO | Query 36 Size of the filtered table is = 2967
2025-02-11 06:52 | INFO | Training Time Active Learning Classifier: 70.31 seconds
2025-02-11 06:53 | INFO | Training Time Active Learning Regressor: 8.27 seconds
2025-02-11 06:58 | INFO | Query 36 Active Learning Runtime on Validation Set: 151322.47999999998
2025-02-11 06:58 | INFO | Query 36 Active Learning Runtime on Test Set: 224834.09999999998
2025-02-11 06:58 | INFO | Query 36 Active Learning Instance Cost: 7802679.51
2025-02-11 06:58 | INFO | Timeout limit is increased to 1900
2025-02-11 07:04 | INFO | Query 37 Size of the uncertainty table is = 146596/296670
2025-02-11 07:04 | INFO | Query 37 Size of the filtered table is = 2967
2025-02-11 07:06 | INFO | Training Time Active Learning Classifier: 70.55 seconds
2025-02-11 07:06 | INFO | Training Time Active Learning Regressor: 8.31 seconds
2025-02-11 07:12 | INFO | Query 37 Active Learning Runtime on Validation Set: 151322.47999999998
2025-02-11 07:12 | INFO | Query 37 Active Learning Runtime on Test Set: 224834.09999999998
2025-02-11 07:12 | INFO | Query 37 Active Learning Instance Cost: 8054679.51
2025-02-11 07:12 | INFO | Timeout limit is increased to 2000
2025-02-11 07:18 | INFO | Query 38 Size of the uncertainty table is = 146596/296670
2025-02-11 07:18 | INFO | Query 38 Size of the filtered table is = 2967
2025-02-11 07:19 | INFO | Training Time Active Learning Classifier: 70.94 seconds
2025-02-11 07:19 | INFO | Training Time Active Learning Regressor: 8.29 seconds
2025-02-11 07:25 | INFO | Query 38 Active Learning Runtime on Validation Set: 151322.47999999998
2025-02-11 07:25 | INFO | Query 38 Active Learning Runtime on Test Set: 224834.09999999998
2025-02-11 07:25 | INFO | Query 38 Active Learning Instance Cost: 8306579.51
2025-02-11 07:25 | INFO | Timeout limit is increased to 2100
2025-02-11 07:31 | INFO | Query 39 Size of the uncertainty table is = 146596/296670
2025-02-11 07:31 | INFO | Query 39 Size of the filtered table is = 2967
2025-02-11 07:33 | INFO | Training Time Active Learning Classifier: 71.0 seconds
2025-02-11 07:33 | INFO | Training Time Active Learning Regressor: 8.28 seconds
2025-02-11 07:38 | INFO | Query 39 Active Learning Runtime on Validation Set: 151322.47999999998
2025-02-11 07:38 | INFO | Query 39 Active Learning Runtime on Test Set: 224834.09999999998
2025-02-11 07:38 | INFO | Query 39 Active Learning Instance Cost: 8560879.51
2025-02-11 07:38 | INFO | Timeout limit is increased to 2200
2025-02-11 07:45 | INFO | Query 40 Size of the uncertainty table is = 146579/296670
2025-02-11 07:45 | INFO | Query 40 Size of the filtered table is = 2967
2025-02-11 07:46 | INFO | Training Time Active Learning Classifier: 70.26 seconds
2025-02-11 07:46 | INFO | Training Time Active Learning Regressor: 8.29 seconds
2025-02-11 07:52 | INFO | Query 40 Active Learning Runtime on Validation Set: 151322.47999999998
2025-02-11 07:52 | INFO | Query 40 Active Learning Runtime on Test Set: 224834.09999999998
2025-02-11 07:52 | INFO | Query 40 Active Learning Instance Cost: 8813179.51
2025-02-11 07:52 | INFO | Timeout limit is increased to 2300
2025-02-11 07:58 | INFO | Query 41 Size of the uncertainty table is = 146579/296670
2025-02-11 07:58 | INFO | Query 41 Size of the filtered table is = 2967
2025-02-11 07:59 | INFO | Training Time Active Learning Classifier: 70.28 seconds
2025-02-11 08:00 | INFO | Training Time Active Learning Regressor: 8.34 seconds
2025-02-11 08:05 | INFO | Query 41 Active Learning Runtime on Validation Set: 151322.47999999998
2025-02-11 08:05 | INFO | Query 41 Active Learning Runtime on Test Set: 224834.09999999998
2025-02-11 08:05 | INFO | Query 41 Active Learning Instance Cost: 9065179.51
2025-02-11 08:05 | INFO | Timeout limit is increased to 2400
2025-02-11 08:11 | INFO | Query 42 Size of the uncertainty table is = 146579/296670
2025-02-11 08:11 | INFO | Query 42 Size of the filtered table is = 2967
2025-02-11 08:13 | INFO | Training Time Active Learning Classifier: 70.93 seconds
2025-02-11 08:13 | INFO | Training Time Active Learning Regressor: 8.35 seconds
2025-02-11 08:19 | INFO | Query 42 Active Learning Runtime on Validation Set: 151322.47999999998
2025-02-11 08:19 | INFO | Query 42 Active Learning Runtime on Test Set: 224834.09999999998
2025-02-11 08:19 | INFO | Query 42 Active Learning Instance Cost: 9317079.51
2025-02-11 08:19 | INFO | Timeout limit is increased to 2500
2025-02-11 08:25 | INFO | Query 43 Size of the uncertainty table is = 146579/296670
2025-02-11 08:25 | INFO | Query 43 Size of the filtered table is = 2967
2025-02-11 08:26 | INFO | Training Time Active Learning Classifier: 70.99 seconds
2025-02-11 08:26 | INFO | Training Time Active Learning Regressor: 8.37 seconds
2025-02-11 08:32 | INFO | Query 43 Active Learning Runtime on Validation Set: 151322.47999999998
2025-02-11 08:32 | INFO | Query 43 Active Learning Runtime on Test Set: 224834.09999999998
2025-02-11 08:32 | INFO | Query 43 Active Learning Instance Cost: 9568879.51
2025-02-11 08:32 | INFO | Timeout limit is increased to 2600
2025-02-11 08:38 | INFO | Query 44 Size of the uncertainty table is = 146579/296670
2025-02-11 08:38 | INFO | Query 44 Size of the filtered table is = 2967
2025-02-11 08:40 | INFO | Training Time Active Learning Classifier: 70.33 seconds
2025-02-11 08:40 | INFO | Training Time Active Learning Regressor: 8.31 seconds
2025-02-11 08:45 | INFO | Query 44 Active Learning Runtime on Validation Set: 151322.47999999998
2025-02-11 08:45 | INFO | Query 44 Active Learning Runtime on Test Set: 224834.09999999998
2025-02-11 08:45 | INFO | Query 44 Active Learning Instance Cost: 9820079.51
2025-02-11 08:45 | INFO | Timeout limit is increased to 2700
2025-02-11 08:52 | INFO | Query 45 Size of the uncertainty table is = 146579/296670
2025-02-11 08:52 | INFO | Query 45 Size of the filtered table is = 2967
2025-02-11 08:53 | INFO | Training Time Active Learning Classifier: 70.27 seconds
2025-02-11 08:53 | INFO | Training Time Active Learning Regressor: 8.3 seconds
2025-02-11 08:59 | INFO | Query 45 Active Learning Runtime on Validation Set: 151322.47999999998
2025-02-11 08:59 | INFO | Query 45 Active Learning Runtime on Test Set: 224834.09999999998
2025-02-11 08:59 | INFO | Query 45 Active Learning Instance Cost: 10072579.51
2025-02-11 08:59 | INFO | Timeout limit is increased to 2800
2025-02-11 09:05 | INFO | Query 46 Size of the uncertainty table is = 146579/296670
2025-02-11 09:05 | INFO | Query 46 Size of the filtered table is = 2967
2025-02-11 09:06 | INFO | Training Time Active Learning Classifier: 70.84 seconds
2025-02-11 09:07 | INFO | Training Time Active Learning Regressor: 8.35 seconds
2025-02-11 09:12 | INFO | Query 46 Active Learning Runtime on Validation Set: 151322.47999999998
2025-02-11 09:12 | INFO | Query 46 Active Learning Runtime on Test Set: 224834.09999999998
2025-02-11 09:12 | INFO | Query 46 Active Learning Instance Cost: 10326079.51
2025-02-11 09:12 | INFO | Timeout limit is increased to 2900
2025-02-11 09:19 | INFO | Query 47 Size of the uncertainty table is = 146579/296670
2025-02-11 09:19 | INFO | Query 47 Size of the filtered table is = 2967
2025-02-11 09:20 | INFO | Training Time Active Learning Classifier: 71.44 seconds
2025-02-11 09:20 | INFO | Training Time Active Learning Regressor: 8.35 seconds
2025-02-11 09:26 | INFO | Query 47 Active Learning Runtime on Validation Set: 151322.47999999998
2025-02-11 09:26 | INFO | Query 47 Active Learning Runtime on Test Set: 224834.09999999998
2025-02-11 09:26 | INFO | Query 47 Active Learning Instance Cost: 10578579.51
2025-02-11 09:26 | INFO | Timeout limit is increased to 3000
2025-02-11 09:32 | INFO | Query 48 Size of the uncertainty table is = 146579/296670
2025-02-11 09:32 | INFO | Query 48 Size of the filtered table is = 2967
2025-02-11 09:33 | INFO | Training Time Active Learning Classifier: 70.24 seconds
2025-02-11 09:33 | INFO | Training Time Active Learning Regressor: 8.28 seconds
2025-02-11 09:39 | INFO | Query 48 Active Learning Runtime on Validation Set: 151322.47999999998
2025-02-11 09:39 | INFO | Query 48 Active Learning Runtime on Test Set: 224834.09999999998
2025-02-11 09:39 | INFO | Query 48 Active Learning Instance Cost: 10830379.51
2025-02-11 09:39 | INFO | Timeout limit is increased to 3100
2025-02-11 09:45 | INFO | Query 49 Size of the uncertainty table is = 146579/296670
2025-02-11 09:45 | INFO | Query 49 Size of the filtered table is = 2967
2025-02-11 09:47 | INFO | Training Time Active Learning Classifier: 70.27 seconds
2025-02-11 09:47 | INFO | Training Time Active Learning Regressor: 8.34 seconds
2025-02-11 09:52 | INFO | Query 49 Active Learning Runtime on Validation Set: 151322.47999999998
2025-02-11 09:52 | INFO | Query 49 Active Learning Runtime on Test Set: 224834.09999999998
2025-02-11 09:52 | INFO | Query 49 Active Learning Instance Cost: 11083279.51
2025-02-11 09:52 | INFO | Timeout limit is increased to 3200
2025-02-11 09:59 | INFO | Query 50 Size of the uncertainty table is = 146579/296670
2025-02-11 09:59 | INFO | Query 50 Size of the filtered table is = 2967
2025-02-11 10:00 | INFO | Training Time Active Learning Classifier: 70.83 seconds
2025-02-11 10:00 | INFO | Training Time Active Learning Regressor: 8.31 seconds
2025-02-11 10:06 | INFO | Query 50 Active Learning Runtime on Validation Set: 151322.47999999998
2025-02-11 10:06 | INFO | Query 50 Active Learning Runtime on Test Set: 224834.09999999998
2025-02-11 10:06 | INFO | Query 50 Active Learning Instance Cost: 11334779.51
2025-02-11 10:06 | INFO | Timeout limit is increased to 3300
2025-02-11 10:12 | INFO | Query 51 Size of the uncertainty table is = 146579/296670
2025-02-11 10:12 | INFO | Query 51 Size of the filtered table is = 2967
2025-02-11 10:14 | INFO | Training Time Active Learning Classifier: 70.18 seconds
2025-02-11 10:14 | INFO | Training Time Active Learning Regressor: 8.31 seconds
2025-02-11 10:19 | INFO | Query 51 Active Learning Runtime on Validation Set: 151322.47999999998
2025-02-11 10:19 | INFO | Query 51 Active Learning Runtime on Test Set: 224834.09999999998
2025-02-11 10:19 | INFO | Query 51 Active Learning Instance Cost: 11590579.51
2025-02-11 10:19 | INFO | Timeout limit is increased to 3400
2025-02-11 10:26 | INFO | Query 52 Size of the uncertainty table is = 146579/296670
2025-02-11 10:26 | INFO | Query 52 Size of the filtered table is = 2967
2025-02-11 10:27 | INFO | Training Time Active Learning Classifier: 70.21 seconds
2025-02-11 10:27 | INFO | Training Time Active Learning Regressor: 8.33 seconds
2025-02-11 10:33 | INFO | Query 52 Active Learning Runtime on Validation Set: 151322.47999999998
2025-02-11 10:33 | INFO | Query 52 Active Learning Runtime on Test Set: 224834.09999999998
2025-02-11 10:33 | INFO | Query 52 Active Learning Instance Cost: 11842279.51
2025-02-11 10:33 | INFO | Timeout limit is increased to 3500
2025-02-11 10:39 | INFO | Query 53 Size of the uncertainty table is = 146579/296670
2025-02-11 10:39 | INFO | Query 53 Size of the filtered table is = 2967
2025-02-11 10:40 | INFO | Training Time Active Learning Classifier: 70.82 seconds
2025-02-11 10:40 | INFO | Training Time Active Learning Regressor: 8.3 seconds
2025-02-11 10:46 | INFO | Query 53 Active Learning Runtime on Validation Set: 151322.47999999998
2025-02-11 10:46 | INFO | Query 53 Active Learning Runtime on Test Set: 224834.09999999998
2025-02-11 10:46 | INFO | Query 53 Active Learning Instance Cost: 12095179.51
2025-02-11 10:46 | INFO | Timeout limit is increased to 3600
2025-02-11 10:52 | INFO | Query 54 Size of the uncertainty table is = 146579/296670
2025-02-11 10:52 | INFO | Query 54 Size of the filtered table is = 2967
2025-02-11 10:54 | INFO | Training Time Active Learning Classifier: 70.95 seconds
2025-02-11 10:54 | INFO | Training Time Active Learning Regressor: 8.32 seconds
2025-02-11 11:00 | INFO | Query 54 Active Learning Runtime on Validation Set: 151322.47999999998
2025-02-11 11:00 | INFO | Query 54 Active Learning Runtime on Test Set: 224834.09999999998
2025-02-11 11:00 | INFO | Query 54 Active Learning Instance Cost: 12347379.51
2025-02-11 11:00 | INFO | Timeout limit is increased to 3600
2025-02-11 11:04 | INFO | Query 55 Size of the uncertainty table is = 108214/296670
2025-02-11 11:04 | INFO | Query 55 Size of the filtered table is = 2967
2025-02-11 11:06 | INFO | Training Time Active Learning Classifier: 77.03 seconds
2025-02-11 11:06 | INFO | Training Time Active Learning Regressor: 8.78 seconds
2025-02-11 11:12 | INFO | Query 55 Active Learning Runtime on Validation Set: 116025.98999999999
2025-02-11 11:12 | INFO | Query 55 Active Learning Runtime on Test Set: 224195.76
2025-02-11 11:12 | INFO | Query 55 Active Learning Instance Cost: 16174701.11
2025-02-11 11:15 | INFO | Query 56 Size of the uncertainty table is = 81548/296670
2025-02-11 11:15 | INFO | Query 56 Size of the filtered table is = 2967
2025-02-11 11:17 | INFO | Training Time Active Learning Classifier: 79.64 seconds
2025-02-11 11:17 | INFO | Training Time Active Learning Regressor: 9.06 seconds
2025-02-11 11:23 | INFO | Query 56 Active Learning Runtime on Validation Set: 116054.76
2025-02-11 11:23 | INFO | Query 56 Active Learning Runtime on Test Set: 259920.05
2025-02-11 11:23 | INFO | Query 56 Active Learning Instance Cost: 21841861.48
2025-02-11 11:23 | INFO | Timeout limit is increased to 3600
2025-02-11 11:25 | INFO | Query 57 Size of the uncertainty table is = 53291/296670
2025-02-11 11:25 | INFO | Query 57 Size of the filtered table is = 2967
2025-02-11 11:27 | INFO | Training Time Active Learning Classifier: 79.99 seconds
2025-02-11 11:27 | INFO | Training Time Active Learning Regressor: 9.08 seconds
2025-02-11 11:33 | INFO | Query 57 Active Learning Runtime on Validation Set: 116181.06999999999
2025-02-11 11:33 | INFO | Query 57 Active Learning Runtime on Test Set: 224246.33999999997
2025-02-11 11:33 | INFO | Query 57 Active Learning Instance Cost: 22346522.03
2025-02-11 11:33 | INFO | Timeout limit is increased to 3600
2025-02-11 11:35 | INFO | Query 58 Size of the uncertainty table is = 49684/296670
2025-02-11 11:35 | INFO | Query 58 Size of the filtered table is = 2967
2025-02-11 11:37 | INFO | Training Time Active Learning Classifier: 80.98 seconds
2025-02-11 11:37 | INFO | Training Time Active Learning Regressor: 9.2 seconds
2025-02-11 11:42 | INFO | Query 58 Active Learning Runtime on Validation Set: 116181.06999999999
2025-02-11 11:42 | INFO | Query 58 Active Learning Runtime on Test Set: 224246.33999999997
2025-02-11 11:42 | INFO | Query 58 Active Learning Instance Cost: 24668618.45
2025-02-11 11:42 | INFO | Timeout limit is increased to 3600
2025-02-11 11:44 | INFO | Query 59 Size of the uncertainty table is = 34452/296670
2025-02-11 11:44 | INFO | Query 59 Size of the filtered table is = 2967
2025-02-11 11:46 | INFO | Training Time Active Learning Classifier: 82.19 seconds
2025-02-11 11:46 | INFO | Training Time Active Learning Regressor: 9.22 seconds
2025-02-11 11:51 | INFO | Query 59 Active Learning Runtime on Validation Set: 116180.88
2025-02-11 11:51 | INFO | Query 59 Active Learning Runtime on Test Set: 224246.33999999997
2025-02-11 11:51 | INFO | Query 59 Active Learning Instance Cost: 26619838.06
2025-02-11 11:52 | INFO | Query 60 Size of the uncertainty table is = 21535/296670
2025-02-11 11:52 | INFO | Query 60 Size of the filtered table is = 2967
2025-02-11 11:54 | INFO | Training Time Active Learning Classifier: 83.03 seconds
2025-02-11 11:54 | INFO | Training Time Active Learning Regressor: 9.3 seconds
2025-02-11 12:00 | INFO | Query 60 Active Learning Runtime on Validation Set: 116180.88
2025-02-11 12:00 | INFO | Query 60 Active Learning Runtime on Test Set: 224246.33999999997
2025-02-11 12:00 | INFO | Query 60 Active Learning Instance Cost: 28087592.37
2025-02-11 12:00 | INFO | Timeout limit is increased to 3600
2025-02-11 12:00 | INFO | Query 61 Size of the uncertainty table is = 10950/296670
2025-02-11 12:00 | INFO | Query 61 Size of the filtered table is = 2967
2025-02-11 12:02 | INFO | Training Time Active Learning Classifier: 83.31 seconds
2025-02-11 12:02 | INFO | Training Time Active Learning Regressor: 9.28 seconds
2025-02-11 12:08 | INFO | Query 61 Active Learning Runtime on Validation Set: 116180.88
2025-02-11 12:08 | INFO | Query 61 Active Learning Runtime on Test Set: 224246.33999999997
2025-02-11 12:08 | INFO | Query 61 Active Learning Instance Cost: 29298217.49
2025-02-11 12:08 | INFO | Timeout limit is increased to 3600
2025-02-11 12:08 | INFO | Query 62 Size of the uncertainty table is = 810/296670
2025-02-11 12:08 | INFO | Query 62 Size of the filtered table is = 810
2025-02-11 12:10 | INFO | Training Time Active Learning Classifier: 82.69 seconds
2025-02-11 12:10 | INFO | Training Time Active Learning Regressor: 9.34 seconds
2025-02-11 12:15 | INFO | Query 62 Active Learning Runtime on Validation Set: 116180.88
2025-02-11 12:15 | INFO | Query 62 Active Learning Runtime on Test Set: 224246.33999999997
2025-02-11 12:15 | INFO | Query 62 Active Learning Instance Cost: 29509534.42
2025-02-11 12:15 | INFO | Timeout limit is increased to 3600
2025-02-11 12:15 | INFO | Active Learning Emissions: 0.5787733613323399
2025-02-11 12:15 | INFO | Active Learning Energy Consumption: 0.629720196478602 kWh
2025-02-11 12:15 | INFO | runtime_test_score is written as json file
2025-02-11 12:15 | INFO | runtime_validation_score is written as json file
2025-02-11 12:15 | INFO | instance_cost is written as json file
2025-02-11 12:15 | INFO | Experiment is finished
