2025-02-11 00:26 | INFO | Paramaters are: {'dataset': 'SAT12-INDU', 'penalty': 10, 'weight': 'No_Weight', 'voting': 'Hard', 'pre_selection_size': 64, 'pre_selection_technique': 'No_pre_selection', 'feature_elimination_threshold': 20, 'imputer_strategy': 'median', 'feature_selection_technique': 'No_feature_selection', 'feature_scaling_technique': 'StandardScaler', 'priority': {'PredCost': 'min', 'PredDiff': 'max', 'Uncertainty': 'max'}, 'initial_train_size': 20, 'query_size': 1, 'timeout_predictor_usage': 'No', 'timeout_limit': 3600, 'timeout_increase_rate': 100, 'penalty_type': 'Only-timeout-penalty', 'RANDOM_STATE_SEED': 123, 'n_splits': 10, 'split_number': 4, 'max_timeout': 3600, 'param_grid': {'n_estimators': 100, 'max_features': 'sqrt', 'max_depth': 2147483648, 'min_samples_split': 2, 'bootstrap': True}}
2025-02-11 00:26 | INFO | SAT12-INDU is current dataset
2025-02-11 00:26 | INFO | DATASETS/SAT12-INDU/algorithm_runs.arff is found
2025-02-11 00:26 | INFO | DATASETS/SAT12-INDU/algorithm_runs.arff is finished
2025-02-11 00:26 | INFO | DATASETS/SAT12-INDU/feature_values.arff is found
2025-02-11 00:26 | INFO | DATASETS/SAT12-INDU/feature_values.arff is finished
2025-02-11 00:26 | INFO | DATASETS/SAT12-INDU/feature_costs.arff is found
2025-02-11 00:26 | INFO | DATASETS/SAT12-INDU/feature_costs.arff is finished
2025-02-11 00:26 | INFO | Virtual best solver time in train = 134270.98
2025-02-11 00:26 | INFO | Single best solver list train = {'clasp1': 6002292.64, 'clasp2': 6385484.7, 'cryptominisat2011': 3166559.85, 'eagleup': 23616000.05, 'ebglucose': 5616918.72, 'ebminisat': 4724283.45, 'glucose2': 4364762.4, 'glueminisat': 4321497.54, 'gnoveltyp2': 23364864.63, 'lingeling': 2892773.77, 'lrglshr': 6227937.11, 'marchrw': 22113847.61, 'minisatpsm': 4537652.72, 'mphaseSAT': 3941137.46, 'mphaseSAT64': 3692550.52, 'mphaseSATm': 3910725.41, 'mxc09': 5341363.21, 'picosat': 6988263.99, 'precosat': 4227459.6, 'qutersat': 3012868.67, 'rcl': 6087838.1, 'restartsat': 4622092.63, 'sapperlot': 5877369.06, 'satime11': 21823308.1, 'sattime': 21932491.47, 'sattimep': 22043376.43, 'sol': 9286533.54, 'sparrow': 22576366.13, 'spear-hw': 9791136.24, 'spear-sw': 10824817.31, 'tnm': 22717496.06}
2025-02-11 00:26 | INFO | Single best solver time train = lingeling (2892773.77)
2025-02-11 00:26 | INFO | Virtual best solver time in validation = 29678.95
2025-02-11 00:26 | INFO | Single best solver list validation = {'clasp1': 1352671.52, 'clasp2': 1671277.79, 'cryptominisat2011': 455500.16, 'eagleup': 5940000.0, 'ebglucose': 916298.03, 'ebminisat': 560293.06, 'glucose2': 628289.83, 'glueminisat': 700236.01, 'gnoveltyp2': 5940000.0, 'lingeling': 376345.29, 'lrglshr': 918538.39, 'marchrw': 5724945.5, 'minisatpsm': 625301.67, 'mphaseSAT': 345645.94, 'mphaseSAT64': 628446.11, 'mphaseSATm': 383785.72, 'mxc09': 702836.82, 'picosat': 1170764.84, 'precosat': 629432.49, 'qutersat': 346962.25, 'rcl': 883303.77, 'restartsat': 490322.27, 'sapperlot': 743325.02, 'satime11': 5688336.03, 'sattime': 5724174.45, 'sattimep': 5688819.95, 'sol': 2083067.55, 'sparrow': 5904123.9, 'spear-hw': 2467335.6, 'spear-sw': 2002412.5, 'tnm': 5832113.69}
2025-02-11 00:26 | INFO | Single best solver time validation = mphaseSAT (345645.94)
2025-02-11 00:26 | INFO | Virtual best solver time in test = 18061.24
2025-02-11 00:26 | INFO | Single best solver list test = {'clasp1': 947459.1, 'clasp2': 1092666.5, 'cryptominisat2011': 550103.23, 'eagleup': 3312000.0, 'ebglucose': 765512.62, 'ebminisat': 662109.14, 'glucose2': 586244.28, 'glueminisat': 479620.54, 'gnoveltyp2': 3204202.41, 'lingeling': 409316.13, 'lrglshr': 692442.38, 'marchrw': 3097347.1, 'minisatpsm': 657815.08, 'mphaseSAT': 696115.8, 'mphaseSAT64': 553028.55, 'mphaseSATm': 696936.49, 'mxc09': 872591.64, 'picosat': 1054439.45, 'precosat': 553387.85, 'qutersat': 515130.85, 'rcl': 838315.14, 'restartsat': 625402.93, 'sapperlot': 697501.48, 'satime11': 3063741.8, 'sattime': 3169089.0, 'sattimep': 3134518.0, 'sol': 1487783.5, 'sparrow': 3169021.91, 'spear-hw': 1520747.71, 'spear-sw': 1591487.52, 'tnm': 3240184.05}
2025-02-11 00:26 | INFO | Single best solver time test = lingeling (409316.13)
2025-02-11 00:27 | INFO | Training Time Passive Learning Classifier: 85.28 seconds
2025-02-11 00:27 | INFO | Training Time Passive Learning Regressor: 8.85 seconds
2025-02-11 00:33 | INFO | Passive Learning Classifier Runtime on Validation Set: 117184.62
2025-02-11 00:33 | INFO | Passive Learning Classifier Runtime on Test Set: 189271.72
2025-02-11 00:33 | INFO | Passive Learning Instance Cost: 32381669.12
2025-02-11 00:33 | INFO | Passive Learning Emissions: 0.005071726527792652
2025-02-11 00:33 | INFO | Passive Learning Energy Consumption: 0.00551816797202838 kWh
2025-02-11 00:33 | INFO | Training Time Active Learning Classifier: 26.78 seconds
2025-02-11 00:33 | INFO | Training Time Active Learning Regressor: 1.51 seconds
2025-02-11 00:39 | INFO | Initial Active Learning Runtime on Validation Set: 410956.23
2025-02-11 00:39 | INFO | Initial Active Learning Runtime on Test Set: 583412.95
2025-02-11 00:39 | INFO | Initial Active Learning Instance Cost: 1194499.35
2025-02-11 00:39 | INFO | Bin size = 2967
2025-02-11 00:41 | INFO | Query 1 Size of the uncertainty table is = 296670/296670
2025-02-11 00:41 | INFO | Query 1 Size of the filtered table is = 2967
2025-02-11 00:41 | INFO | Training Time Active Learning Classifier: 26.43 seconds
2025-02-11 00:41 | INFO | Training Time Active Learning Regressor: 2.3 seconds
2025-02-11 00:47 | INFO | Query 1 Active Learning Runtime on Validation Set: 373021.62
2025-02-11 00:47 | INFO | Query 1 Active Learning Runtime on Test Set: 620649.6100000001
2025-02-11 00:47 | INFO | Query 1 Active Learning Instance Cost: 1985507.64
2025-02-11 00:50 | INFO | Query 2 Size of the uncertainty table is = 291884/296670
2025-02-11 00:50 | INFO | Query 2 Size of the filtered table is = 2967
2025-02-11 00:50 | INFO | Training Time Active Learning Classifier: 27.12 seconds
2025-02-11 00:50 | INFO | Training Time Active Learning Regressor: 2.47 seconds
2025-02-11 00:56 | INFO | Query 2 Active Learning Runtime on Validation Set: 408201.62
2025-02-11 00:56 | INFO | Query 2 Active Learning Runtime on Test Set: 513325.55
2025-02-11 00:56 | INFO | Query 2 Active Learning Instance Cost: 2030198.56
2025-02-11 00:56 | INFO | Timeout limit is increased to 3600
2025-02-11 00:59 | INFO | Query 3 Size of the uncertainty table is = 288463/296670
2025-02-11 00:59 | INFO | Query 3 Size of the filtered table is = 2967
2025-02-11 01:00 | INFO | Training Time Active Learning Classifier: 27.87 seconds
2025-02-11 01:00 | INFO | Training Time Active Learning Regressor: 2.64 seconds
2025-02-11 01:05 | INFO | Query 3 Active Learning Runtime on Validation Set: 408027.58
2025-02-11 01:05 | INFO | Query 3 Active Learning Runtime on Test Set: 550761.11
2025-02-11 01:05 | INFO | Query 3 Active Learning Instance Cost: 2101965.16
2025-02-11 01:09 | INFO | Query 4 Size of the uncertainty table is = 285172/296670
2025-02-11 01:09 | INFO | Query 4 Size of the filtered table is = 2967
2025-02-11 01:09 | INFO | Training Time Active Learning Classifier: 28.82 seconds
2025-02-11 01:09 | INFO | Training Time Active Learning Regressor: 2.84 seconds
2025-02-11 01:15 | INFO | Query 4 Active Learning Runtime on Validation Set: 407155.29
2025-02-11 01:15 | INFO | Query 4 Active Learning Runtime on Test Set: 550085.9299999999
2025-02-11 01:15 | INFO | Query 4 Active Learning Instance Cost: 2254624.26
2025-02-11 01:19 | INFO | Query 5 Size of the uncertainty table is = 281851/296670
2025-02-11 01:19 | INFO | Query 5 Size of the filtered table is = 2967
2025-02-11 01:19 | INFO | Training Time Active Learning Classifier: 29.4 seconds
2025-02-11 01:19 | INFO | Training Time Active Learning Regressor: 3.08 seconds
2025-02-11 01:25 | INFO | Query 5 Active Learning Runtime on Validation Set: 371716.33
2025-02-11 01:25 | INFO | Query 5 Active Learning Runtime on Test Set: 478625.77
2025-02-11 01:25 | INFO | Query 5 Active Learning Instance Cost: 2434336.6
2025-02-11 01:29 | INFO | Query 6 Size of the uncertainty table is = 278483/296670
2025-02-11 01:29 | INFO | Query 6 Size of the filtered table is = 2967
2025-02-11 01:30 | INFO | Training Time Active Learning Classifier: 30.54 seconds
2025-02-11 01:30 | INFO | Training Time Active Learning Regressor: 3.31 seconds
2025-02-11 01:35 | INFO | Query 6 Active Learning Runtime on Validation Set: 368722.39
2025-02-11 01:35 | INFO | Query 6 Active Learning Runtime on Test Set: 655372.9299999999
2025-02-11 01:35 | INFO | Query 6 Active Learning Instance Cost: 2606952.53
2025-02-11 01:40 | INFO | Query 7 Size of the uncertainty table is = 275159/296670
2025-02-11 01:40 | INFO | Query 7 Size of the filtered table is = 2967
2025-02-11 01:40 | INFO | Training Time Active Learning Classifier: 31.4 seconds
2025-02-11 01:40 | INFO | Training Time Active Learning Regressor: 3.56 seconds
2025-02-11 01:46 | INFO | Query 7 Active Learning Runtime on Validation Set: 264060.66000000003
2025-02-11 01:46 | INFO | Query 7 Active Learning Runtime on Test Set: 512939.22
2025-02-11 01:46 | INFO | Query 7 Active Learning Instance Cost: 2867813.1
2025-02-11 01:50 | INFO | Query 8 Size of the uncertainty table is = 271828/296670
2025-02-11 01:50 | INFO | Query 8 Size of the filtered table is = 2967
2025-02-11 01:51 | INFO | Training Time Active Learning Classifier: 32.37 seconds
2025-02-11 01:51 | INFO | Training Time Active Learning Regressor: 3.85 seconds
2025-02-11 01:57 | INFO | Query 8 Active Learning Runtime on Validation Set: 299242.23
2025-02-11 01:57 | INFO | Query 8 Active Learning Runtime on Test Set: 513498.59
2025-02-11 01:57 | INFO | Query 8 Active Learning Instance Cost: 3073065.72
2025-02-11 01:57 | INFO | Timeout limit is increased to 3600
2025-02-11 02:01 | INFO | Query 9 Size of the uncertainty table is = 268497/296670
2025-02-11 02:01 | INFO | Query 9 Size of the filtered table is = 2967
2025-02-11 02:02 | INFO | Training Time Active Learning Classifier: 33.2 seconds
2025-02-11 02:02 | INFO | Training Time Active Learning Regressor: 4.1 seconds
2025-02-11 02:08 | INFO | Query 9 Active Learning Runtime on Validation Set: 228392.22
2025-02-11 02:08 | INFO | Query 9 Active Learning Runtime on Test Set: 441682.11
2025-02-11 02:08 | INFO | Query 9 Active Learning Instance Cost: 3364635.05
2025-02-11 02:13 | INFO | Query 10 Size of the uncertainty table is = 265065/296670
2025-02-11 02:13 | INFO | Query 10 Size of the filtered table is = 2967
2025-02-11 02:13 | INFO | Training Time Active Learning Classifier: 34.25 seconds
2025-02-11 02:13 | INFO | Training Time Active Learning Regressor: 4.3 seconds
2025-02-11 02:19 | INFO | Query 10 Active Learning Runtime on Validation Set: 299414.31
2025-02-11 02:19 | INFO | Query 10 Active Learning Runtime on Test Set: 547127.01
2025-02-11 02:19 | INFO | Query 10 Active Learning Instance Cost: 3551353.5
2025-02-11 02:19 | INFO | Timeout limit is increased to 3600
2025-02-11 02:24 | INFO | Query 11 Size of the uncertainty table is = 261709/296670
2025-02-11 02:24 | INFO | Query 11 Size of the filtered table is = 2967
2025-02-11 02:25 | INFO | Training Time Active Learning Classifier: 35.59 seconds
2025-02-11 02:25 | INFO | Training Time Active Learning Regressor: 4.52 seconds
2025-02-11 02:31 | INFO | Query 11 Active Learning Runtime on Validation Set: 227018.91999999998
2025-02-11 02:31 | INFO | Query 11 Active Learning Runtime on Test Set: 440682.48
2025-02-11 02:31 | INFO | Query 11 Active Learning Instance Cost: 3793346.18
2025-02-11 02:36 | INFO | Query 12 Size of the uncertainty table is = 258321/296670
2025-02-11 02:36 | INFO | Query 12 Size of the filtered table is = 2967
2025-02-11 02:37 | INFO | Training Time Active Learning Classifier: 36.75 seconds
2025-02-11 02:37 | INFO | Training Time Active Learning Regressor: 4.73 seconds
2025-02-11 02:42 | INFO | Query 12 Active Learning Runtime on Validation Set: 191403.61
2025-02-11 02:42 | INFO | Query 12 Active Learning Runtime on Test Set: 475620.46
2025-02-11 02:42 | INFO | Query 12 Active Learning Instance Cost: 4060205.61
2025-02-11 02:48 | INFO | Query 13 Size of the uncertainty table is = 254908/296670
2025-02-11 02:48 | INFO | Query 13 Size of the filtered table is = 2967
2025-02-11 02:49 | INFO | Training Time Active Learning Classifier: 37.37 seconds
2025-02-11 02:49 | INFO | Training Time Active Learning Regressor: 4.92 seconds
2025-02-11 02:54 | INFO | Query 13 Active Learning Runtime on Validation Set: 191572.13
2025-02-11 02:54 | INFO | Query 13 Active Learning Runtime on Test Set: 334349.54
2025-02-11 02:54 | INFO | Query 13 Active Learning Instance Cost: 4350737.93
2025-02-11 02:54 | INFO | Timeout limit is increased to 3600
2025-02-11 03:00 | INFO | Query 14 Size of the uncertainty table is = 251491/296670
2025-02-11 03:00 | INFO | Query 14 Size of the filtered table is = 2967
2025-02-11 03:01 | INFO | Training Time Active Learning Classifier: 38.51 seconds
2025-02-11 03:01 | INFO | Training Time Active Learning Regressor: 5.09 seconds
2025-02-11 03:06 | INFO | Query 14 Active Learning Runtime on Validation Set: 336794.95
2025-02-11 03:06 | INFO | Query 14 Active Learning Runtime on Test Set: 369428.86
2025-02-11 03:06 | INFO | Query 14 Active Learning Instance Cost: 4504251.11
2025-02-11 03:06 | INFO | Timeout limit is increased to 3600
2025-02-11 03:12 | INFO | Query 15 Size of the uncertainty table is = 248147/296670
2025-02-11 03:12 | INFO | Query 15 Size of the filtered table is = 2967
2025-02-11 03:13 | INFO | Training Time Active Learning Classifier: 39.64 seconds
2025-02-11 03:13 | INFO | Training Time Active Learning Regressor: 5.26 seconds
2025-02-11 03:19 | INFO | Query 15 Active Learning Runtime on Validation Set: 226248.35
2025-02-11 03:19 | INFO | Query 15 Active Learning Runtime on Test Set: 298682.4
2025-02-11 03:19 | INFO | Query 15 Active Learning Instance Cost: 4701772.57
2025-02-11 03:24 | INFO | Query 16 Size of the uncertainty table is = 244770/296670
2025-02-11 03:24 | INFO | Query 16 Size of the filtered table is = 2967
2025-02-11 03:25 | INFO | Training Time Active Learning Classifier: 41.06 seconds
2025-02-11 03:25 | INFO | Training Time Active Learning Regressor: 5.49 seconds
2025-02-11 03:31 | INFO | Query 16 Active Learning Runtime on Validation Set: 225035.36
2025-02-11 03:31 | INFO | Query 16 Active Learning Runtime on Test Set: 333218.12
2025-02-11 03:31 | INFO | Query 16 Active Learning Instance Cost: 4975844.2
2025-02-11 03:37 | INFO | Query 17 Size of the uncertainty table is = 241132/296670
2025-02-11 03:37 | INFO | Query 17 Size of the filtered table is = 2967
2025-02-11 03:38 | INFO | Training Time Active Learning Classifier: 42.07 seconds
2025-02-11 03:38 | INFO | Training Time Active Learning Regressor: 5.57 seconds
2025-02-11 03:43 | INFO | Query 17 Active Learning Runtime on Validation Set: 261882.32
2025-02-11 03:43 | INFO | Query 17 Active Learning Runtime on Test Set: 297014.06
2025-02-11 03:43 | INFO | Query 17 Active Learning Instance Cost: 5213244.53
2025-02-11 03:43 | INFO | Timeout limit is increased to 3600
2025-02-11 03:49 | INFO | Query 18 Size of the uncertainty table is = 237632/296670
2025-02-11 03:49 | INFO | Query 18 Size of the filtered table is = 2967
2025-02-11 03:50 | INFO | Training Time Active Learning Classifier: 42.98 seconds
2025-02-11 03:50 | INFO | Training Time Active Learning Regressor: 5.74 seconds
2025-02-11 03:56 | INFO | Query 18 Active Learning Runtime on Validation Set: 119623.73
2025-02-11 03:56 | INFO | Query 18 Active Learning Runtime on Test Set: 332939.68
2025-02-11 03:56 | INFO | Query 18 Active Learning Instance Cost: 5435038.58
2025-02-11 04:02 | INFO | Query 19 Size of the uncertainty table is = 234202/296670
2025-02-11 04:02 | INFO | Query 19 Size of the filtered table is = 2967
2025-02-11 04:03 | INFO | Training Time Active Learning Classifier: 44.5 seconds
2025-02-11 04:03 | INFO | Training Time Active Learning Regressor: 5.92 seconds
2025-02-11 04:09 | INFO | Query 19 Active Learning Runtime on Validation Set: 157109.62
2025-02-11 04:09 | INFO | Query 19 Active Learning Runtime on Test Set: 262504.76
2025-02-11 04:09 | INFO | Query 19 Active Learning Instance Cost: 5599847.64
2025-02-11 04:09 | INFO | Timeout limit is increased to 3600
2025-02-11 04:15 | INFO | Query 20 Size of the uncertainty table is = 230820/296670
2025-02-11 04:15 | INFO | Query 20 Size of the filtered table is = 2967
2025-02-11 04:15 | INFO | Training Time Active Learning Classifier: 45.52 seconds
2025-02-11 04:16 | INFO | Training Time Active Learning Regressor: 6.04 seconds
2025-02-11 04:21 | INFO | Query 20 Active Learning Runtime on Validation Set: 153597.76
2025-02-11 04:21 | INFO | Query 20 Active Learning Runtime on Test Set: 332417.11
2025-02-11 04:21 | INFO | Query 20 Active Learning Instance Cost: 5814424.67
2025-02-11 04:27 | INFO | Query 21 Size of the uncertainty table is = 227372/296670
2025-02-11 04:27 | INFO | Query 21 Size of the filtered table is = 2967
2025-02-11 04:28 | INFO | Training Time Active Learning Classifier: 46.16 seconds
2025-02-11 04:28 | INFO | Training Time Active Learning Regressor: 6.2 seconds
2025-02-11 04:34 | INFO | Query 21 Active Learning Runtime on Validation Set: 117987.48999999999
2025-02-11 04:34 | INFO | Query 21 Active Learning Runtime on Test Set: 403665.88
2025-02-11 04:34 | INFO | Query 21 Active Learning Instance Cost: 6081938.63
2025-02-11 04:40 | INFO | Query 22 Size of the uncertainty table is = 223824/296670
2025-02-11 04:40 | INFO | Query 22 Size of the filtered table is = 2967
2025-02-11 04:41 | INFO | Training Time Active Learning Classifier: 47.16 seconds
2025-02-11 04:41 | INFO | Training Time Active Learning Regressor: 6.61 seconds
2025-02-11 04:47 | INFO | Query 22 Active Learning Runtime on Validation Set: 154726.9
2025-02-11 04:47 | INFO | Query 22 Active Learning Runtime on Test Set: 334361.11
2025-02-11 04:47 | INFO | Query 22 Active Learning Instance Cost: 6295778.48
2025-02-11 04:47 | INFO | Timeout limit is increased to 3600
2025-02-11 04:53 | INFO | Query 23 Size of the uncertainty table is = 220495/296670
2025-02-11 04:53 | INFO | Query 23 Size of the filtered table is = 2967
2025-02-11 04:54 | INFO | Training Time Active Learning Classifier: 48.41 seconds
2025-02-11 04:54 | INFO | Training Time Active Learning Regressor: 6.37 seconds
2025-02-11 05:00 | INFO | Query 23 Active Learning Runtime on Validation Set: 117952.79999999999
2025-02-11 05:00 | INFO | Query 23 Active Learning Runtime on Test Set: 334113.12
2025-02-11 05:00 | INFO | Query 23 Active Learning Instance Cost: 6464620.72
2025-02-11 05:06 | INFO | Query 24 Size of the uncertainty table is = 217193/296670
2025-02-11 05:06 | INFO | Query 24 Size of the filtered table is = 2967
2025-02-11 05:07 | INFO | Training Time Active Learning Classifier: 49.35 seconds
2025-02-11 05:07 | INFO | Training Time Active Learning Regressor: 6.52 seconds
2025-02-11 05:13 | INFO | Query 24 Active Learning Runtime on Validation Set: 190147.75
2025-02-11 05:13 | INFO | Query 24 Active Learning Runtime on Test Set: 297912.07
2025-02-11 05:13 | INFO | Query 24 Active Learning Instance Cost: 6724973.95
2025-02-11 05:13 | INFO | Timeout limit is increased to 3600
2025-02-11 05:19 | INFO | Query 25 Size of the uncertainty table is = 213717/296670
2025-02-11 05:19 | INFO | Query 25 Size of the filtered table is = 2967
2025-02-11 05:20 | INFO | Training Time Active Learning Classifier: 50.83 seconds
2025-02-11 05:20 | INFO | Training Time Active Learning Regressor: 6.64 seconds
2025-02-11 05:26 | INFO | Query 25 Active Learning Runtime on Validation Set: 119442.66
2025-02-11 05:26 | INFO | Query 25 Active Learning Runtime on Test Set: 190809.97
2025-02-11 05:26 | INFO | Query 25 Active Learning Instance Cost: 7035860.83
2025-02-11 05:32 | INFO | Query 26 Size of the uncertainty table is = 210074/296670
2025-02-11 05:32 | INFO | Query 26 Size of the filtered table is = 2967
2025-02-11 05:33 | INFO | Training Time Active Learning Classifier: 51.73 seconds
2025-02-11 05:33 | INFO | Training Time Active Learning Regressor: 6.76 seconds
2025-02-11 05:39 | INFO | Query 26 Active Learning Runtime on Validation Set: 189403.32
2025-02-11 05:39 | INFO | Query 26 Active Learning Runtime on Test Set: 298191.93
2025-02-11 05:39 | INFO | Query 26 Active Learning Instance Cost: 7250831.5
2025-02-11 05:39 | INFO | Timeout limit is increased to 3600
2025-02-11 05:45 | INFO | Query 27 Size of the uncertainty table is = 206594/296670
2025-02-11 05:45 | INFO | Query 27 Size of the filtered table is = 2967
2025-02-11 05:46 | INFO | Training Time Active Learning Classifier: 52.93 seconds
2025-02-11 05:46 | INFO | Training Time Active Learning Regressor: 7.23 seconds
2025-02-11 05:52 | INFO | Query 27 Active Learning Runtime on Validation Set: 154142.43
2025-02-11 05:52 | INFO | Query 27 Active Learning Runtime on Test Set: 228089.72
2025-02-11 05:52 | INFO | Query 27 Active Learning Instance Cost: 7520924.55
2025-02-11 05:58 | INFO | Query 28 Size of the uncertainty table is = 202957/296670
2025-02-11 05:58 | INFO | Query 28 Size of the filtered table is = 2967
2025-02-11 05:59 | INFO | Training Time Active Learning Classifier: 54.55 seconds
2025-02-11 05:59 | INFO | Training Time Active Learning Regressor: 6.97 seconds
2025-02-11 06:05 | INFO | Query 28 Active Learning Runtime on Validation Set: 118341.32
2025-02-11 06:05 | INFO | Query 28 Active Learning Runtime on Test Set: 262371.82999999996
2025-02-11 06:05 | INFO | Query 28 Active Learning Instance Cost: 7744296.25
2025-02-11 06:11 | INFO | Query 29 Size of the uncertainty table is = 199462/296670
2025-02-11 06:11 | INFO | Query 29 Size of the filtered table is = 2967
2025-02-11 06:12 | INFO | Training Time Active Learning Classifier: 55.77 seconds
2025-02-11 06:12 | INFO | Training Time Active Learning Regressor: 7.03 seconds
2025-02-11 06:18 | INFO | Query 29 Active Learning Runtime on Validation Set: 155328.78
2025-02-11 06:18 | INFO | Query 29 Active Learning Runtime on Test Set: 332761.65
2025-02-11 06:18 | INFO | Query 29 Active Learning Instance Cost: 8030416.64
2025-02-11 06:18 | INFO | Timeout limit is increased to 3600
2025-02-11 06:24 | INFO | Query 30 Size of the uncertainty table is = 195737/296670
2025-02-11 06:24 | INFO | Query 30 Size of the filtered table is = 2967
2025-02-11 06:25 | INFO | Training Time Active Learning Classifier: 56.67 seconds
2025-02-11 06:25 | INFO | Training Time Active Learning Regressor: 7.45 seconds
2025-02-11 06:31 | INFO | Query 30 Active Learning Runtime on Validation Set: 154397.36
2025-02-11 06:31 | INFO | Query 30 Active Learning Runtime on Test Set: 333461.93
2025-02-11 06:31 | INFO | Query 30 Active Learning Instance Cost: 8337103.27
2025-02-11 06:37 | INFO | Query 31 Size of the uncertainty table is = 192168/296670
2025-02-11 06:37 | INFO | Query 31 Size of the filtered table is = 2967
2025-02-11 06:38 | INFO | Training Time Active Learning Classifier: 58.02 seconds
2025-02-11 06:38 | INFO | Training Time Active Learning Regressor: 7.19 seconds
2025-02-11 06:44 | INFO | Query 31 Active Learning Runtime on Validation Set: 154791.75
2025-02-11 06:44 | INFO | Query 31 Active Learning Runtime on Test Set: 368699.69
2025-02-11 06:44 | INFO | Query 31 Active Learning Instance Cost: 8666379.84
2025-02-11 06:44 | INFO | Timeout limit is increased to 3600
2025-02-11 06:50 | INFO | Query 32 Size of the uncertainty table is = 188257/296670
2025-02-11 06:50 | INFO | Query 32 Size of the filtered table is = 2967
2025-02-11 06:52 | INFO | Training Time Active Learning Classifier: 59.6 seconds
2025-02-11 06:52 | INFO | Training Time Active Learning Regressor: 7.23 seconds
2025-02-11 06:57 | INFO | Query 32 Active Learning Runtime on Validation Set: 153636.16999999998
2025-02-11 06:57 | INFO | Query 32 Active Learning Runtime on Test Set: 334349.73
2025-02-11 06:57 | INFO | Query 32 Active Learning Instance Cost: 8971596.79
2025-02-11 07:03 | INFO | Query 33 Size of the uncertainty table is = 184430/296670
2025-02-11 07:03 | INFO | Query 33 Size of the filtered table is = 2967
2025-02-11 07:05 | INFO | Training Time Active Learning Classifier: 60.91 seconds
2025-02-11 07:05 | INFO | Training Time Active Learning Regressor: 7.32 seconds
2025-02-11 07:10 | INFO | Query 33 Active Learning Runtime on Validation Set: 189461.53999999998
2025-02-11 07:10 | INFO | Query 33 Active Learning Runtime on Test Set: 297958.53
2025-02-11 07:10 | INFO | Query 33 Active Learning Instance Cost: 9265096.38
2025-02-11 07:10 | INFO | Timeout limit is increased to 3600
2025-02-11 07:17 | INFO | Query 34 Size of the uncertainty table is = 180722/296670
2025-02-11 07:17 | INFO | Query 34 Size of the filtered table is = 2967
2025-02-11 07:18 | INFO | Training Time Active Learning Classifier: 62.28 seconds
2025-02-11 07:18 | INFO | Training Time Active Learning Regressor: 7.4 seconds
2025-02-11 07:23 | INFO | Query 34 Active Learning Runtime on Validation Set: 153786.33000000002
2025-02-11 07:23 | INFO | Query 34 Active Learning Runtime on Test Set: 263242.17
2025-02-11 07:23 | INFO | Query 34 Active Learning Instance Cost: 9608694.57
2025-02-11 07:29 | INFO | Query 35 Size of the uncertainty table is = 176914/296670
2025-02-11 07:29 | INFO | Query 35 Size of the filtered table is = 2967
2025-02-11 07:31 | INFO | Training Time Active Learning Classifier: 63.36 seconds
2025-02-11 07:31 | INFO | Training Time Active Learning Regressor: 7.45 seconds
2025-02-11 07:36 | INFO | Query 35 Active Learning Runtime on Validation Set: 154143.18
2025-02-11 07:36 | INFO | Query 35 Active Learning Runtime on Test Set: 298478.55
2025-02-11 07:36 | INFO | Query 35 Active Learning Instance Cost: 9886882.96
2025-02-11 07:36 | INFO | Timeout limit is increased to 3600
2025-02-11 07:42 | INFO | Query 36 Size of the uncertainty table is = 173314/296670
2025-02-11 07:42 | INFO | Query 36 Size of the filtered table is = 2967
2025-02-11 07:44 | INFO | Training Time Active Learning Classifier: 64.33 seconds
2025-02-11 07:44 | INFO | Training Time Active Learning Regressor: 7.47 seconds
2025-02-11 07:49 | INFO | Query 36 Active Learning Runtime on Validation Set: 153892.91
2025-02-11 07:49 | INFO | Query 36 Active Learning Runtime on Test Set: 226486.4
2025-02-11 07:49 | INFO | Query 36 Active Learning Instance Cost: 10273171.62
2025-02-11 07:55 | INFO | Query 37 Size of the uncertainty table is = 169412/296670
2025-02-11 07:55 | INFO | Query 37 Size of the filtered table is = 2967
2025-02-11 07:57 | INFO | Training Time Active Learning Classifier: 66.07 seconds
2025-02-11 07:57 | INFO | Training Time Active Learning Regressor: 7.93 seconds
2025-02-11 08:02 | INFO | Query 37 Active Learning Runtime on Validation Set: 188923.7
2025-02-11 08:02 | INFO | Query 37 Active Learning Runtime on Test Set: 261681.77
2025-02-11 08:02 | INFO | Query 37 Active Learning Instance Cost: 10838380.32
2025-02-11 08:02 | INFO | Timeout limit is increased to 3600
2025-02-11 08:08 | INFO | Query 38 Size of the uncertainty table is = 164966/296670
2025-02-11 08:08 | INFO | Query 38 Size of the filtered table is = 2967
2025-02-11 08:10 | INFO | Training Time Active Learning Classifier: 67.03 seconds
2025-02-11 08:10 | INFO | Training Time Active Learning Regressor: 7.58 seconds
2025-02-11 08:15 | INFO | Query 38 Active Learning Runtime on Validation Set: 81929.91
2025-02-11 08:15 | INFO | Query 38 Active Learning Runtime on Test Set: 191064.97
2025-02-11 08:15 | INFO | Query 38 Active Learning Instance Cost: 11476886.38
2025-02-11 08:21 | INFO | Query 39 Size of the uncertainty table is = 160076/296670
2025-02-11 08:21 | INFO | Query 39 Size of the filtered table is = 2967
2025-02-11 08:23 | INFO | Training Time Active Learning Classifier: 67.85 seconds
2025-02-11 08:23 | INFO | Training Time Active Learning Regressor: 7.66 seconds
2025-02-11 08:28 | INFO | Query 39 Active Learning Runtime on Validation Set: 117084.84
2025-02-11 08:28 | INFO | Query 39 Active Learning Runtime on Test Set: 226451.27
2025-02-11 08:28 | INFO | Query 39 Active Learning Instance Cost: 12031561.09
2025-02-11 08:28 | INFO | Timeout limit is increased to 3600
2025-02-11 08:34 | INFO | Query 40 Size of the uncertainty table is = 155289/296670
2025-02-11 08:34 | INFO | Query 40 Size of the filtered table is = 2967
2025-02-11 08:35 | INFO | Training Time Active Learning Classifier: 69.14 seconds
2025-02-11 08:36 | INFO | Training Time Active Learning Regressor: 7.72 seconds
2025-02-11 08:41 | INFO | Query 40 Active Learning Runtime on Validation Set: 116485.22
2025-02-11 08:41 | INFO | Query 40 Active Learning Runtime on Test Set: 262863.3
2025-02-11 08:41 | INFO | Query 40 Active Learning Instance Cost: 12728161.89
2025-02-11 08:47 | INFO | Query 41 Size of the uncertainty table is = 150328/296670
2025-02-11 08:47 | INFO | Query 41 Size of the filtered table is = 2967
2025-02-11 08:48 | INFO | Training Time Active Learning Classifier: 71.38 seconds
2025-02-11 08:48 | INFO | Training Time Active Learning Regressor: 8.08 seconds
2025-02-11 08:54 | INFO | Query 41 Active Learning Runtime on Validation Set: 151021.77000000002
2025-02-11 08:54 | INFO | Query 41 Active Learning Runtime on Test Set: 260673.47
2025-02-11 08:54 | INFO | Query 41 Active Learning Instance Cost: 13670315.99
2025-02-11 08:54 | INFO | Timeout limit is increased to 3600
2025-02-11 08:59 | INFO | Query 42 Size of the uncertainty table is = 141392/296670
2025-02-11 08:59 | INFO | Query 42 Size of the filtered table is = 2967
2025-02-11 09:01 | INFO | Training Time Active Learning Classifier: 72.05 seconds
2025-02-11 09:01 | INFO | Training Time Active Learning Regressor: 8.18 seconds
2025-02-11 09:07 | INFO | Query 42 Active Learning Runtime on Validation Set: 115991.95
2025-02-11 09:07 | INFO | Query 42 Active Learning Runtime on Test Set: 154885.47999999998
2025-02-11 09:07 | INFO | Query 42 Active Learning Instance Cost: 14423827.45
2025-02-11 09:12 | INFO | Query 43 Size of the uncertainty table is = 136043/296670
2025-02-11 09:12 | INFO | Query 43 Size of the filtered table is = 2967
2025-02-11 09:14 | INFO | Training Time Active Learning Classifier: 72.69 seconds
2025-02-11 09:14 | INFO | Training Time Active Learning Regressor: 8.21 seconds
2025-02-11 09:19 | INFO | Query 43 Active Learning Runtime on Validation Set: 116237.70999999999
2025-02-11 09:19 | INFO | Query 43 Active Learning Runtime on Test Set: 154782.4
2025-02-11 09:19 | INFO | Query 43 Active Learning Instance Cost: 15035910.02
2025-02-11 09:19 | INFO | Timeout limit is increased to 3600
2025-02-11 09:25 | INFO | Query 44 Size of the uncertainty table is = 131177/296670
2025-02-11 09:25 | INFO | Query 44 Size of the filtered table is = 2967
2025-02-11 09:26 | INFO | Training Time Active Learning Classifier: 73.38 seconds
2025-02-11 09:26 | INFO | Training Time Active Learning Regressor: 8.23 seconds
2025-02-11 09:32 | INFO | Query 44 Active Learning Runtime on Validation Set: 81453.29
2025-02-11 09:32 | INFO | Query 44 Active Learning Runtime on Test Set: 190354.84
2025-02-11 09:32 | INFO | Query 44 Active Learning Instance Cost: 15686150.75
2025-02-11 09:37 | INFO | Query 45 Size of the uncertainty table is = 126789/296670
2025-02-11 09:37 | INFO | Query 45 Size of the filtered table is = 2967
2025-02-11 09:39 | INFO | Training Time Active Learning Classifier: 74.19 seconds
2025-02-11 09:39 | INFO | Training Time Active Learning Regressor: 8.33 seconds
2025-02-11 09:44 | INFO | Query 45 Active Learning Runtime on Validation Set: 116560.78
2025-02-11 09:44 | INFO | Query 45 Active Learning Runtime on Test Set: 190050.47
2025-02-11 09:44 | INFO | Query 45 Active Learning Instance Cost: 16298683.27
2025-02-11 09:44 | INFO | Timeout limit is increased to 3600
2025-02-11 09:49 | INFO | Query 46 Size of the uncertainty table is = 122259/296670
2025-02-11 09:49 | INFO | Query 46 Size of the filtered table is = 2967
2025-02-11 09:51 | INFO | Training Time Active Learning Classifier: 74.5 seconds
2025-02-11 09:51 | INFO | Training Time Active Learning Regressor: 8.31 seconds
2025-02-11 09:57 | INFO | Query 46 Active Learning Runtime on Validation Set: 116557.63
2025-02-11 09:57 | INFO | Query 46 Active Learning Runtime on Test Set: 190050.47
2025-02-11 09:57 | INFO | Query 46 Active Learning Instance Cost: 16868638.6
2025-02-11 10:02 | INFO | Query 47 Size of the uncertainty table is = 117938/296670
2025-02-11 10:02 | INFO | Query 47 Size of the filtered table is = 2967
2025-02-11 10:03 | INFO | Training Time Active Learning Classifier: 74.78 seconds
2025-02-11 10:03 | INFO | Training Time Active Learning Regressor: 8.34 seconds
2025-02-11 10:09 | INFO | Query 47 Active Learning Runtime on Validation Set: 116568.72
2025-02-11 10:09 | INFO | Query 47 Active Learning Runtime on Test Set: 190050.47
2025-02-11 10:09 | INFO | Query 47 Active Learning Instance Cost: 17316478.6
2025-02-11 10:09 | INFO | Timeout limit is increased to 3600
2025-02-11 10:14 | INFO | Query 48 Size of the uncertainty table is = 113610/296670
2025-02-11 10:14 | INFO | Query 48 Size of the filtered table is = 2967
2025-02-11 10:15 | INFO | Training Time Active Learning Classifier: 75.81 seconds
2025-02-11 10:15 | INFO | Training Time Active Learning Regressor: 8.37 seconds
2025-02-11 10:21 | INFO | Query 48 Active Learning Runtime on Validation Set: 81327.53
2025-02-11 10:21 | INFO | Query 48 Active Learning Runtime on Test Set: 190107.86
2025-02-11 10:21 | INFO | Query 48 Active Learning Instance Cost: 17882909.45
2025-02-11 10:25 | INFO | Query 49 Size of the uncertainty table is = 109676/296670
2025-02-11 10:25 | INFO | Query 49 Size of the filtered table is = 2967
2025-02-11 10:27 | INFO | Training Time Active Learning Classifier: 75.79 seconds
2025-02-11 10:27 | INFO | Training Time Active Learning Regressor: 8.4 seconds
2025-02-11 10:33 | INFO | Query 49 Active Learning Runtime on Validation Set: 116548.45999999999
2025-02-11 10:33 | INFO | Query 49 Active Learning Runtime on Test Set: 190451.74
2025-02-11 10:33 | INFO | Query 49 Active Learning Instance Cost: 18462280.18
2025-02-11 10:33 | INFO | Timeout limit is increased to 3600
2025-02-11 10:37 | INFO | Query 50 Size of the uncertainty table is = 105546/296670
2025-02-11 10:37 | INFO | Query 50 Size of the filtered table is = 2967
2025-02-11 10:39 | INFO | Training Time Active Learning Classifier: 75.88 seconds
2025-02-11 10:39 | INFO | Training Time Active Learning Regressor: 8.88 seconds
2025-02-11 10:45 | INFO | Query 50 Active Learning Runtime on Validation Set: 116548.45999999999
2025-02-11 10:45 | INFO | Query 50 Active Learning Runtime on Test Set: 190451.74
2025-02-11 10:45 | INFO | Query 50 Active Learning Instance Cost: 19021648.82
2025-02-11 10:45 | INFO | Timeout limit is increased to 3600
2025-02-11 10:49 | INFO | Query 51 Size of the uncertainty table is = 101563/296670
2025-02-11 10:49 | INFO | Query 51 Size of the filtered table is = 2967
2025-02-11 10:51 | INFO | Training Time Active Learning Classifier: 76.88 seconds
2025-02-11 10:51 | INFO | Training Time Active Learning Regressor: 8.49 seconds
2025-02-11 10:56 | INFO | Query 51 Active Learning Runtime on Validation Set: 116447.04000000001
2025-02-11 10:56 | INFO | Query 51 Active Learning Runtime on Test Set: 190319.11
2025-02-11 10:56 | INFO | Query 51 Active Learning Instance Cost: 19616275.92
2025-02-11 11:01 | INFO | Query 52 Size of the uncertainty table is = 97161/296670
2025-02-11 11:01 | INFO | Query 52 Size of the filtered table is = 2967
2025-02-11 11:02 | INFO | Training Time Active Learning Classifier: 77.11 seconds
2025-02-11 11:02 | INFO | Training Time Active Learning Regressor: 8.52 seconds
2025-02-11 11:08 | INFO | Query 52 Active Learning Runtime on Validation Set: 116447.04000000001
2025-02-11 11:08 | INFO | Query 52 Active Learning Runtime on Test Set: 190546.87
2025-02-11 11:08 | INFO | Query 52 Active Learning Instance Cost: 20212542.81
2025-02-11 11:08 | INFO | Timeout limit is increased to 3600
2025-02-11 11:12 | INFO | Query 53 Size of the uncertainty table is = 92978/296670
2025-02-11 11:12 | INFO | Query 53 Size of the filtered table is = 2967
2025-02-11 11:14 | INFO | Training Time Active Learning Classifier: 77.3 seconds
2025-02-11 11:14 | INFO | Training Time Active Learning Regressor: 9.02 seconds
2025-02-11 11:19 | INFO | Query 53 Active Learning Runtime on Validation Set: 116445.56
2025-02-11 11:19 | INFO | Query 53 Active Learning Runtime on Test Set: 190347.86
2025-02-11 11:19 | INFO | Query 53 Active Learning Instance Cost: 20754670.11
2025-02-11 11:23 | INFO | Query 54 Size of the uncertainty table is = 89090/296670
2025-02-11 11:23 | INFO | Query 54 Size of the filtered table is = 2967
2025-02-11 11:25 | INFO | Training Time Active Learning Classifier: 77.71 seconds
2025-02-11 11:25 | INFO | Training Time Active Learning Regressor: 8.62 seconds
2025-02-11 11:31 | INFO | Query 54 Active Learning Runtime on Validation Set: 116445.56
2025-02-11 11:31 | INFO | Query 54 Active Learning Runtime on Test Set: 190347.86
2025-02-11 11:31 | INFO | Query 54 Active Learning Instance Cost: 21296340.49
2025-02-11 11:31 | INFO | Timeout limit is increased to 3600
2025-02-11 11:35 | INFO | Query 55 Size of the uncertainty table is = 85169/296670
2025-02-11 11:35 | INFO | Query 55 Size of the filtered table is = 2967
2025-02-11 11:36 | INFO | Training Time Active Learning Classifier: 79.63 seconds
2025-02-11 11:36 | INFO | Training Time Active Learning Regressor: 8.67 seconds
2025-02-11 11:42 | INFO | Query 55 Active Learning Runtime on Validation Set: 81339.76
2025-02-11 11:42 | INFO | Query 55 Active Learning Runtime on Test Set: 190360.97
2025-02-11 11:42 | INFO | Query 55 Active Learning Instance Cost: 21824416.13
2025-02-11 11:46 | INFO | Query 56 Size of the uncertainty table is = 81249/296670
2025-02-11 11:46 | INFO | Query 56 Size of the filtered table is = 2967
2025-02-11 11:47 | INFO | Training Time Active Learning Classifier: 79.24 seconds
2025-02-11 11:47 | INFO | Training Time Active Learning Regressor: 8.71 seconds
2025-02-11 11:53 | INFO | Query 56 Active Learning Runtime on Validation Set: 81339.76
2025-02-11 11:53 | INFO | Query 56 Active Learning Runtime on Test Set: 190360.97
2025-02-11 11:53 | INFO | Query 56 Active Learning Instance Cost: 22400953.11
2025-02-11 11:53 | INFO | Timeout limit is increased to 3600
2025-02-11 11:57 | INFO | Query 57 Size of the uncertainty table is = 76984/296670
2025-02-11 11:57 | INFO | Query 57 Size of the filtered table is = 2967
2025-02-11 11:58 | INFO | Training Time Active Learning Classifier: 79.94 seconds
2025-02-11 11:58 | INFO | Training Time Active Learning Regressor: 8.74 seconds
2025-02-11 12:04 | INFO | Query 57 Active Learning Runtime on Validation Set: 81339.76
2025-02-11 12:04 | INFO | Query 57 Active Learning Runtime on Test Set: 190360.97
2025-02-11 12:04 | INFO | Query 57 Active Learning Instance Cost: 22973353.11
2025-02-11 12:04 | INFO | Timeout limit is increased to 3600
2025-02-11 12:07 | INFO | Query 58 Size of the uncertainty table is = 72871/296670
2025-02-11 12:07 | INFO | Query 58 Size of the filtered table is = 2967
2025-02-11 12:09 | INFO | Training Time Active Learning Classifier: 80.59 seconds
2025-02-11 12:09 | INFO | Training Time Active Learning Regressor: 8.77 seconds
2025-02-11 12:15 | INFO | Query 58 Active Learning Runtime on Validation Set: 81453.75
2025-02-11 12:15 | INFO | Query 58 Active Learning Runtime on Test Set: 190432.11
2025-02-11 12:15 | INFO | Query 58 Active Learning Instance Cost: 23560153.11
2025-02-11 12:15 | INFO | Timeout limit is increased to 3600
2025-02-11 12:18 | INFO | Query 59 Size of the uncertainty table is = 68557/296670
2025-02-11 12:18 | INFO | Query 59 Size of the filtered table is = 2967
2025-02-11 12:20 | INFO | Training Time Active Learning Classifier: 81.15 seconds
2025-02-11 12:20 | INFO | Training Time Active Learning Regressor: 8.84 seconds
2025-02-11 12:25 | INFO | Query 59 Active Learning Runtime on Validation Set: 116660.97
2025-02-11 12:25 | INFO | Query 59 Active Learning Runtime on Test Set: 190432.11
2025-02-11 12:25 | INFO | Query 59 Active Learning Instance Cost: 24172188.12
2025-02-11 12:25 | INFO | Timeout limit is increased to 3600
2025-02-11 12:28 | INFO | Query 60 Size of the uncertainty table is = 63999/296670
2025-02-11 12:28 | INFO | Query 60 Size of the filtered table is = 2967
2025-02-11 12:30 | INFO | Training Time Active Learning Classifier: 80.88 seconds
2025-02-11 12:30 | INFO | Training Time Active Learning Regressor: 8.89 seconds
2025-02-11 12:36 | INFO | Query 60 Active Learning Runtime on Validation Set: 81453.75
2025-02-11 12:36 | INFO | Query 60 Active Learning Runtime on Test Set: 190432.11
2025-02-11 12:36 | INFO | Query 60 Active Learning Instance Cost: 24827389.19
2025-02-11 12:38 | INFO | Query 61 Size of the uncertainty table is = 59035/296670
2025-02-11 12:38 | INFO | Query 61 Size of the filtered table is = 2967
2025-02-11 12:40 | INFO | Training Time Active Learning Classifier: 81.65 seconds
2025-02-11 12:40 | INFO | Training Time Active Learning Regressor: 8.92 seconds
2025-02-11 12:46 | INFO | Query 61 Active Learning Runtime on Validation Set: 81453.75
2025-02-11 12:46 | INFO | Query 61 Active Learning Runtime on Test Set: 190432.11
2025-02-11 12:46 | INFO | Query 61 Active Learning Instance Cost: 25396190.11
2025-02-11 12:46 | INFO | Timeout limit is increased to 3600
2025-02-11 12:49 | INFO | Query 62 Size of the uncertainty table is = 54723/296670
2025-02-11 12:49 | INFO | Query 62 Size of the filtered table is = 2967
2025-02-11 12:50 | INFO | Training Time Active Learning Classifier: 81.88 seconds
2025-02-11 12:50 | INFO | Training Time Active Learning Regressor: 9.37 seconds
2025-02-11 12:56 | INFO | Query 62 Active Learning Runtime on Validation Set: 81453.75
2025-02-11 12:56 | INFO | Query 62 Active Learning Runtime on Test Set: 190432.11
2025-02-11 12:56 | INFO | Query 62 Active Learning Instance Cost: 26281792.52
2025-02-11 12:56 | INFO | Timeout limit is increased to 3600
2025-02-11 12:58 | INFO | Query 63 Size of the uncertainty table is = 47891/296670
2025-02-11 12:58 | INFO | Query 63 Size of the filtered table is = 2967
2025-02-11 13:00 | INFO | Training Time Active Learning Classifier: 83.33 seconds
2025-02-11 13:00 | INFO | Training Time Active Learning Regressor: 9.02 seconds
2025-02-11 13:06 | INFO | Query 63 Active Learning Runtime on Validation Set: 81348.91
2025-02-11 13:06 | INFO | Query 63 Active Learning Runtime on Test Set: 190432.11
2025-02-11 13:06 | INFO | Query 63 Active Learning Instance Cost: 27985048.27
2025-02-11 13:07 | INFO | Query 64 Size of the uncertainty table is = 34558/296670
2025-02-11 13:07 | INFO | Query 64 Size of the filtered table is = 2967
2025-02-11 13:09 | INFO | Training Time Active Learning Classifier: 84.5 seconds
2025-02-11 13:09 | INFO | Training Time Active Learning Regressor: 9.1 seconds
2025-02-11 13:15 | INFO | Query 64 Active Learning Runtime on Validation Set: 81450.33
2025-02-11 13:15 | INFO | Query 64 Active Learning Runtime on Test Set: 190432.8
2025-02-11 13:15 | INFO | Query 64 Active Learning Instance Cost: 30137966.99
2025-02-11 13:15 | INFO | Timeout limit is increased to 3600
2025-02-11 13:16 | INFO | Query 65 Size of the uncertainty table is = 17583/296670
2025-02-11 13:16 | INFO | Query 65 Size of the filtered table is = 2967
2025-02-11 13:18 | INFO | Training Time Active Learning Classifier: 85.23 seconds
2025-02-11 13:18 | INFO | Training Time Active Learning Regressor: 9.19 seconds
2025-02-11 13:23 | INFO | Query 65 Active Learning Runtime on Validation Set: 81450.33
2025-02-11 13:23 | INFO | Query 65 Active Learning Runtime on Test Set: 190432.8
2025-02-11 13:23 | INFO | Query 65 Active Learning Instance Cost: 31934366.99
2025-02-11 13:23 | INFO | Timeout limit is increased to 3600
2025-02-11 13:24 | INFO | Query 66 Size of the uncertainty table is = 3326/296670
2025-02-11 13:24 | INFO | Query 66 Size of the filtered table is = 2967
2025-02-11 13:25 | INFO | Training Time Active Learning Classifier: 84.93 seconds
2025-02-11 13:26 | INFO | Training Time Active Learning Regressor: 9.17 seconds
2025-02-11 13:31 | INFO | Query 66 Active Learning Runtime on Validation Set: 81400.63
2025-02-11 13:31 | INFO | Query 66 Active Learning Runtime on Test Set: 190432.8
2025-02-11 13:31 | INFO | Query 66 Active Learning Instance Cost: 32381669.12
2025-02-11 13:31 | INFO | Active Learning Emissions: 0.5514462487848404
2025-02-11 13:31 | INFO | Active Learning Energy Consumption: 0.5999876002115756 kWh
2025-02-11 13:31 | INFO | runtime_test_score is written as json file
2025-02-11 13:31 | INFO | runtime_validation_score is written as json file
2025-02-11 13:31 | INFO | instance_cost is written as json file
2025-02-11 13:31 | INFO | Experiment is finished
