2025-02-10 16:14 | INFO | Paramaters are: {'dataset': 'MAXSAT19-UCMS', 'penalty': 10, 'weight': 'No_Weight', 'voting': 'Hard', 'pre_selection_size': 64, 'pre_selection_technique': 'No_pre_selection', 'feature_elimination_threshold': 20, 'imputer_strategy': 'median', 'feature_selection_technique': 'No_feature_selection', 'feature_scaling_technique': 'StandardScaler', 'priority': {'PredCost': 'min', 'PredDiff': 'max', 'Uncertainty': 'max'}, 'initial_train_size': 20, 'query_size': 1, 'timeout_predictor_usage': 'No', 'timeout_limit': 100, 'timeout_increase_rate': 100, 'penalty_type': 'Only-timeout-penalty', 'RANDOM_STATE_SEED': 12345, 'n_splits': 10, 'split_number': 8, 'max_timeout': 3600, 'param_grid': {'n_estimators': 100, 'max_features': 'sqrt', 'max_depth': 2147483648, 'min_samples_split': 2, 'bootstrap': True}}
2025-02-10 16:14 | INFO | MAXSAT19-UCMS is current dataset
2025-02-10 16:14 | INFO | DATASETS/MAXSAT19-UCMS/algorithm_runs.arff is found
2025-02-10 16:14 | INFO | DATASETS/MAXSAT19-UCMS/algorithm_runs.arff is finished
2025-02-10 16:14 | INFO | DATASETS/MAXSAT19-UCMS/feature_values.arff is found
2025-02-10 16:14 | INFO | DATASETS/MAXSAT19-UCMS/feature_values.arff is finished
2025-02-10 16:14 | INFO | DATASETS/MAXSAT19-UCMS/feature_costs.arff is found
2025-02-10 16:14 | INFO | DATASETS/MAXSAT19-UCMS/feature_costs.arff is finished
2025-02-10 16:14 | INFO | Virtual best solver time in train = 56078.4
2025-02-10 16:14 | INFO | Single best solver list train = {'MaxHS': 1126029.6, 'Open.WBO.g': 1731640.01, 'Open.WBO.ms': 1585886.06, 'Open.WBO.ms.pre': 2153643.69, 'QMaxSAT2018': 4106132.28, 'UWrMaxSAT': 1387755.52, 'maxino2018': 1825108.68}
2025-02-10 16:14 | INFO | Single best solver time train = MaxHS (1126029.6)
2025-02-10 16:14 | INFO | Virtual best solver time in validation = 8987.47
2025-02-10 16:14 | INFO | Single best solver list validation = {'MaxHS': 331427.46, 'Open.WBO.g': 227069.79, 'Open.WBO.ms': 154698.91, 'Open.WBO.ms.pre': 185173.63, 'QMaxSAT2018': 513036.05, 'UWrMaxSAT': 149862.48, 'maxino2018': 223574.33}
2025-02-10 16:14 | INFO | Single best solver time validation = UWrMaxSAT (149862.48)
2025-02-10 16:14 | INFO | Virtual best solver time in test = 6491.01
2025-02-10 16:14 | INFO | Single best solver list test = {'MaxHS': 113368.8, 'Open.WBO.g': 40365.96, 'Open.WBO.ms': 42836.47, 'Open.WBO.ms.pre': 148916.05, 'QMaxSAT2018': 472440.58, 'UWrMaxSAT': 74263.31, 'maxino2018': 78251.83}
2025-02-10 16:14 | INFO | Single best solver time test = Open.WBO.g (40365.96)
2025-02-10 16:14 | INFO | Training Time Passive Learning Classifier: 1.45 seconds
2025-02-10 16:14 | INFO | Training Time Passive Learning Regressor: 0.47 seconds
2025-02-10 16:14 | INFO | Passive Learning Classifier Runtime on Validation Set: 225216.95
2025-02-10 16:14 | INFO | Passive Learning Classifier Runtime on Test Set: 71610.05
2025-02-10 16:14 | INFO | Passive Learning Instance Cost: 1604195.85
2025-02-10 16:14 | INFO | Passive Learning Emissions: 8.855369820604339e-05
2025-02-10 16:14 | INFO | Passive Learning Energy Consumption: 9.634868492365866e-05 kWh
2025-02-10 16:14 | INFO | Training Time Active Learning Classifier: 1.2 seconds
2025-02-10 16:14 | INFO | Training Time Active Learning Regressor: 0.31 seconds
2025-02-10 16:14 | INFO | Initial Active Learning Runtime on Validation Set: 220411.94
2025-02-10 16:14 | INFO | Initial Active Learning Runtime on Test Set: 73157.06
2025-02-10 16:14 | INFO | Initial Active Learning Instance Cost: 8677.91
2025-02-10 16:14 | INFO | Bin size = 51
2025-02-10 16:14 | INFO | Query 1 Size of the uncertainty table is = 5193/5040
2025-02-10 16:14 | INFO | Query 1 Size of the filtered table is = 51
2025-02-10 16:14 | INFO | Training Time Active Learning Classifier: 1.11 seconds
2025-02-10 16:14 | INFO | Training Time Active Learning Regressor: 0.32 seconds
2025-02-10 16:14 | INFO | Query 1 Active Learning Runtime on Validation Set: 222878.98
2025-02-10 16:14 | INFO | Query 1 Active Learning Runtime on Test Set: 74326.54000000001
2025-02-10 16:14 | INFO | Query 1 Active Learning Instance Cost: 10968.13
2025-02-10 16:14 | INFO | Timeout limit is increased to 200
2025-02-10 16:14 | INFO | Query 2 Size of the uncertainty table is = 5141/5040
2025-02-10 16:14 | INFO | Query 2 Size of the filtered table is = 51
2025-02-10 16:14 | INFO | Training Time Active Learning Classifier: 1.11 seconds
2025-02-10 16:14 | INFO | Training Time Active Learning Regressor: 0.33 seconds
2025-02-10 16:14 | INFO | Query 2 Active Learning Runtime on Validation Set: 293044.68
2025-02-10 16:14 | INFO | Query 2 Active Learning Runtime on Test Set: 36719.93
2025-02-10 16:14 | INFO | Query 2 Active Learning Instance Cost: 13386.83
2025-02-10 16:14 | INFO | Timeout limit is increased to 300
2025-02-10 16:14 | INFO | Query 3 Size of the uncertainty table is = 5085/5040
2025-02-10 16:14 | INFO | Query 3 Size of the filtered table is = 51
2025-02-10 16:14 | INFO | Training Time Active Learning Classifier: 1.12 seconds
2025-02-10 16:14 | INFO | Training Time Active Learning Regressor: 0.33 seconds
2025-02-10 16:15 | INFO | Query 3 Active Learning Runtime on Validation Set: 292774.73
2025-02-10 16:15 | INFO | Query 3 Active Learning Runtime on Test Set: 36718.799999999996
2025-02-10 16:15 | INFO | Query 3 Active Learning Instance Cost: 13718.71
2025-02-10 16:15 | INFO | Query 4 Size of the uncertainty table is = 5026/5040
2025-02-10 16:15 | INFO | Query 4 Size of the filtered table is = 51
2025-02-10 16:15 | INFO | Training Time Active Learning Classifier: 1.12 seconds
2025-02-10 16:15 | INFO | Training Time Active Learning Regressor: 0.33 seconds
2025-02-10 16:15 | INFO | Query 4 Active Learning Runtime on Validation Set: 257022.6
2025-02-10 16:15 | INFO | Query 4 Active Learning Runtime on Test Set: 36750.5
2025-02-10 16:15 | INFO | Query 4 Active Learning Instance Cost: 14376.94
2025-02-10 16:15 | INFO | Query 5 Size of the uncertainty table is = 4971/5040
2025-02-10 16:15 | INFO | Query 5 Size of the filtered table is = 51
2025-02-10 16:15 | INFO | Training Time Active Learning Classifier: 1.12 seconds
2025-02-10 16:15 | INFO | Training Time Active Learning Regressor: 0.33 seconds
2025-02-10 16:15 | INFO | Query 5 Active Learning Runtime on Validation Set: 257022.6
2025-02-10 16:15 | INFO | Query 5 Active Learning Runtime on Test Set: 36750.5
2025-02-10 16:15 | INFO | Query 5 Active Learning Instance Cost: 14824.58
2025-02-10 16:15 | INFO | Timeout limit is increased to 400
2025-02-10 16:15 | INFO | Query 6 Size of the uncertainty table is = 4916/5040
2025-02-10 16:15 | INFO | Query 6 Size of the filtered table is = 51
2025-02-10 16:15 | INFO | Training Time Active Learning Classifier: 1.13 seconds
2025-02-10 16:15 | INFO | Training Time Active Learning Regressor: 0.34 seconds
2025-02-10 16:15 | INFO | Query 6 Active Learning Runtime on Validation Set: 255253.03
2025-02-10 16:15 | INFO | Query 6 Active Learning Runtime on Test Set: 37096.63
2025-02-10 16:15 | INFO | Query 6 Active Learning Instance Cost: 17587.78
2025-02-10 16:15 | INFO | Query 7 Size of the uncertainty table is = 4853/5040
2025-02-10 16:15 | INFO | Query 7 Size of the filtered table is = 51
2025-02-10 16:15 | INFO | Training Time Active Learning Classifier: 1.13 seconds
2025-02-10 16:15 | INFO | Training Time Active Learning Regressor: 0.34 seconds
2025-02-10 16:15 | INFO | Query 7 Active Learning Runtime on Validation Set: 222631.91999999998
2025-02-10 16:15 | INFO | Query 7 Active Learning Runtime on Test Set: 37096.63
2025-02-10 16:15 | INFO | Query 7 Active Learning Instance Cost: 19210.31
2025-02-10 16:15 | INFO | Query 8 Size of the uncertainty table is = 4795/5040
2025-02-10 16:15 | INFO | Query 8 Size of the filtered table is = 51
2025-02-10 16:15 | INFO | Training Time Active Learning Classifier: 1.13 seconds
2025-02-10 16:15 | INFO | Training Time Active Learning Regressor: 0.34 seconds
2025-02-10 16:15 | INFO | Query 8 Active Learning Runtime on Validation Set: 224215.29
2025-02-10 16:15 | INFO | Query 8 Active Learning Runtime on Test Set: 37109.75
2025-02-10 16:15 | INFO | Query 8 Active Learning Instance Cost: 25544.79
2025-02-10 16:15 | INFO | Timeout limit is increased to 500
2025-02-10 16:15 | INFO | Query 9 Size of the uncertainty table is = 4742/5040
2025-02-10 16:15 | INFO | Query 9 Size of the filtered table is = 51
2025-02-10 16:15 | INFO | Training Time Active Learning Classifier: 1.14 seconds
2025-02-10 16:15 | INFO | Training Time Active Learning Regressor: 0.35 seconds
2025-02-10 16:15 | INFO | Query 9 Active Learning Runtime on Validation Set: 222588.98
2025-02-10 16:15 | INFO | Query 9 Active Learning Runtime on Test Set: 37090.5
2025-02-10 16:15 | INFO | Query 9 Active Learning Instance Cost: 29851.55
2025-02-10 16:15 | INFO | Query 10 Size of the uncertainty table is = 4673/5040
2025-02-10 16:15 | INFO | Query 10 Size of the filtered table is = 51
2025-02-10 16:15 | INFO | Training Time Active Learning Classifier: 1.15 seconds
2025-02-10 16:15 | INFO | Training Time Active Learning Regressor: 0.35 seconds
2025-02-10 16:16 | INFO | Query 10 Active Learning Runtime on Validation Set: 257804.91999999998
2025-02-10 16:16 | INFO | Query 10 Active Learning Runtime on Test Set: 38597.43
2025-02-10 16:16 | INFO | Query 10 Active Learning Instance Cost: 34384.7
2025-02-10 16:16 | INFO | Timeout limit is increased to 600
2025-02-10 16:16 | INFO | Query 11 Size of the uncertainty table is = 4613/5040
2025-02-10 16:16 | INFO | Query 11 Size of the filtered table is = 51
2025-02-10 16:16 | INFO | Training Time Active Learning Classifier: 1.15 seconds
2025-02-10 16:16 | INFO | Training Time Active Learning Regressor: 0.35 seconds
2025-02-10 16:16 | INFO | Query 11 Active Learning Runtime on Validation Set: 222508.16999999998
2025-02-10 16:16 | INFO | Query 11 Active Learning Runtime on Test Set: 36212.84
2025-02-10 16:16 | INFO | Query 11 Active Learning Instance Cost: 37925.96
2025-02-10 16:16 | INFO | Query 12 Size of the uncertainty table is = 4554/5040
2025-02-10 16:16 | INFO | Query 12 Size of the filtered table is = 51
2025-02-10 16:16 | INFO | Training Time Active Learning Classifier: 1.16 seconds
2025-02-10 16:16 | INFO | Training Time Active Learning Regressor: 0.36 seconds
2025-02-10 16:16 | INFO | Query 12 Active Learning Runtime on Validation Set: 260993.13999999998
2025-02-10 16:16 | INFO | Query 12 Active Learning Runtime on Test Set: 72422.6
2025-02-10 16:16 | INFO | Query 12 Active Learning Instance Cost: 44563.75
2025-02-10 16:16 | INFO | Timeout limit is increased to 700
2025-02-10 16:16 | INFO | Query 13 Size of the uncertainty table is = 4488/5040
2025-02-10 16:16 | INFO | Query 13 Size of the filtered table is = 51
2025-02-10 16:16 | INFO | Training Time Active Learning Classifier: 1.16 seconds
2025-02-10 16:16 | INFO | Training Time Active Learning Regressor: 0.36 seconds
2025-02-10 16:16 | INFO | Query 13 Active Learning Runtime on Validation Set: 260993.13999999998
2025-02-10 16:16 | INFO | Query 13 Active Learning Runtime on Test Set: 71823.97
2025-02-10 16:16 | INFO | Query 13 Active Learning Instance Cost: 47658.66
2025-02-10 16:16 | INFO | Timeout limit is increased to 800
2025-02-10 16:16 | INFO | Query 14 Size of the uncertainty table is = 4435/5040
2025-02-10 16:16 | INFO | Query 14 Size of the filtered table is = 51
2025-02-10 16:16 | INFO | Training Time Active Learning Classifier: 1.16 seconds
2025-02-10 16:16 | INFO | Training Time Active Learning Regressor: 0.36 seconds
2025-02-10 16:16 | INFO | Query 14 Active Learning Runtime on Validation Set: 260993.12
2025-02-10 16:16 | INFO | Query 14 Active Learning Runtime on Test Set: 72989.41
2025-02-10 16:16 | INFO | Query 14 Active Learning Instance Cost: 48505.18
2025-02-10 16:16 | INFO | Query 15 Size of the uncertainty table is = 4372/5040
2025-02-10 16:16 | INFO | Query 15 Size of the filtered table is = 51
2025-02-10 16:16 | INFO | Training Time Active Learning Classifier: 1.16 seconds
2025-02-10 16:16 | INFO | Training Time Active Learning Regressor: 0.37 seconds
2025-02-10 16:16 | INFO | Query 15 Active Learning Runtime on Validation Set: 261270.36
2025-02-10 16:16 | INFO | Query 15 Active Learning Runtime on Test Set: 71403.92
2025-02-10 16:16 | INFO | Query 15 Active Learning Instance Cost: 52702.49
2025-02-10 16:16 | INFO | Timeout limit is increased to 900
2025-02-10 16:16 | INFO | Query 16 Size of the uncertainty table is = 4312/5040
2025-02-10 16:16 | INFO | Query 16 Size of the filtered table is = 51
2025-02-10 16:16 | INFO | Training Time Active Learning Classifier: 1.17 seconds
2025-02-10 16:16 | INFO | Training Time Active Learning Regressor: 0.37 seconds
2025-02-10 16:17 | INFO | Query 16 Active Learning Runtime on Validation Set: 261195.83
2025-02-10 16:17 | INFO | Query 16 Active Learning Runtime on Test Set: 72603.13
2025-02-10 16:17 | INFO | Query 16 Active Learning Instance Cost: 56450.58
2025-02-10 16:17 | INFO | Query 17 Size of the uncertainty table is = 4254/5040
2025-02-10 16:17 | INFO | Query 17 Size of the filtered table is = 51
2025-02-10 16:17 | INFO | Training Time Active Learning Classifier: 1.18 seconds
2025-02-10 16:17 | INFO | Training Time Active Learning Regressor: 0.37 seconds
2025-02-10 16:17 | INFO | Query 17 Active Learning Runtime on Validation Set: 261232.47
2025-02-10 16:17 | INFO | Query 17 Active Learning Runtime on Test Set: 72623.44
2025-02-10 16:17 | INFO | Query 17 Active Learning Instance Cost: 59752.22
2025-02-10 16:17 | INFO | Timeout limit is increased to 1000
2025-02-10 16:17 | INFO | Query 18 Size of the uncertainty table is = 4193/5040
2025-02-10 16:17 | INFO | Query 18 Size of the filtered table is = 51
2025-02-10 16:17 | INFO | Training Time Active Learning Classifier: 1.18 seconds
2025-02-10 16:17 | INFO | Training Time Active Learning Regressor: 0.37 seconds
2025-02-10 16:17 | INFO | Query 18 Active Learning Runtime on Validation Set: 222761.21
2025-02-10 16:17 | INFO | Query 18 Active Learning Runtime on Test Set: 37021.31
2025-02-10 16:17 | INFO | Query 18 Active Learning Instance Cost: 63409.92
2025-02-10 16:17 | INFO | Query 19 Size of the uncertainty table is = 4140/5040
2025-02-10 16:17 | INFO | Query 19 Size of the filtered table is = 51
2025-02-10 16:17 | INFO | Training Time Active Learning Classifier: 1.19 seconds
2025-02-10 16:17 | INFO | Training Time Active Learning Regressor: 0.38 seconds
2025-02-10 16:17 | INFO | Query 19 Active Learning Runtime on Validation Set: 222483.98
2025-02-10 16:17 | INFO | Query 19 Active Learning Runtime on Test Set: 36726.549999999996
2025-02-10 16:17 | INFO | Query 19 Active Learning Instance Cost: 67080.07
2025-02-10 16:17 | INFO | Query 20 Size of the uncertainty table is = 4078/5040
2025-02-10 16:17 | INFO | Query 20 Size of the filtered table is = 51
2025-02-10 16:17 | INFO | Training Time Active Learning Classifier: 1.19 seconds
2025-02-10 16:17 | INFO | Training Time Active Learning Regressor: 0.38 seconds
2025-02-10 16:17 | INFO | Query 20 Active Learning Runtime on Validation Set: 255039.38999999998
2025-02-10 16:17 | INFO | Query 20 Active Learning Runtime on Test Set: 36726.2
2025-02-10 16:17 | INFO | Query 20 Active Learning Instance Cost: 72127.44
2025-02-10 16:17 | INFO | Timeout limit is increased to 1100
2025-02-10 16:17 | INFO | Query 21 Size of the uncertainty table is = 4026/5040
2025-02-10 16:17 | INFO | Query 21 Size of the filtered table is = 51
2025-02-10 16:17 | INFO | Training Time Active Learning Classifier: 1.19 seconds
2025-02-10 16:17 | INFO | Training Time Active Learning Regressor: 0.38 seconds
2025-02-10 16:17 | INFO | Query 21 Active Learning Runtime on Validation Set: 257494.99
2025-02-10 16:17 | INFO | Query 21 Active Learning Runtime on Test Set: 37143.689999999995
2025-02-10 16:17 | INFO | Query 21 Active Learning Instance Cost: 74347.49
2025-02-10 16:17 | INFO | Timeout limit is increased to 1200
2025-02-10 16:17 | INFO | Query 22 Size of the uncertainty table is = 3973/5040
2025-02-10 16:17 | INFO | Query 22 Size of the filtered table is = 51
2025-02-10 16:17 | INFO | Training Time Active Learning Classifier: 1.2 seconds
2025-02-10 16:17 | INFO | Training Time Active Learning Regressor: 0.39 seconds
2025-02-10 16:17 | INFO | Query 22 Active Learning Runtime on Validation Set: 257772.22
2025-02-10 16:17 | INFO | Query 22 Active Learning Runtime on Test Set: 36851.74
2025-02-10 16:17 | INFO | Query 22 Active Learning Instance Cost: 84464.95
2025-02-10 16:17 | INFO | Timeout limit is increased to 1300
2025-02-10 16:18 | INFO | Query 23 Size of the uncertainty table is = 3919/5040
2025-02-10 16:18 | INFO | Query 23 Size of the filtered table is = 51
2025-02-10 16:18 | INFO | Training Time Active Learning Classifier: 1.2 seconds
2025-02-10 16:18 | INFO | Training Time Active Learning Regressor: 0.39 seconds
2025-02-10 16:18 | INFO | Query 23 Active Learning Runtime on Validation Set: 225374.38999999998
2025-02-10 16:18 | INFO | Query 23 Active Learning Runtime on Test Set: 37652.17
2025-02-10 16:18 | INFO | Query 23 Active Learning Instance Cost: 86813.96
2025-02-10 16:18 | INFO | Query 24 Size of the uncertainty table is = 3859/5040
2025-02-10 16:18 | INFO | Query 24 Size of the filtered table is = 51
2025-02-10 16:18 | INFO | Training Time Active Learning Classifier: 1.21 seconds
2025-02-10 16:18 | INFO | Training Time Active Learning Regressor: 0.39 seconds
2025-02-10 16:18 | INFO | Query 24 Active Learning Runtime on Validation Set: 225374.38999999998
2025-02-10 16:18 | INFO | Query 24 Active Learning Runtime on Test Set: 37652.17
2025-02-10 16:18 | INFO | Query 24 Active Learning Instance Cost: 88134.8
2025-02-10 16:18 | INFO | Timeout limit is increased to 1400
2025-02-10 16:18 | INFO | Query 25 Size of the uncertainty table is = 3800/5040
2025-02-10 16:18 | INFO | Query 25 Size of the filtered table is = 51
2025-02-10 16:18 | INFO | Training Time Active Learning Classifier: 1.21 seconds
2025-02-10 16:18 | INFO | Training Time Active Learning Regressor: 0.39 seconds
2025-02-10 16:18 | INFO | Query 25 Active Learning Runtime on Validation Set: 225451.72
2025-02-10 16:18 | INFO | Query 25 Active Learning Runtime on Test Set: 37643.5
2025-02-10 16:18 | INFO | Query 25 Active Learning Instance Cost: 96522.9
2025-02-10 16:18 | INFO | Timeout limit is increased to 1500
2025-02-10 16:18 | INFO | Query 26 Size of the uncertainty table is = 3740/5040
2025-02-10 16:18 | INFO | Query 26 Size of the filtered table is = 51
2025-02-10 16:18 | INFO | Training Time Active Learning Classifier: 1.22 seconds
2025-02-10 16:18 | INFO | Training Time Active Learning Regressor: 0.39 seconds
2025-02-10 16:18 | INFO | Query 26 Active Learning Runtime on Validation Set: 258008.88999999998
2025-02-10 16:18 | INFO | Query 26 Active Learning Runtime on Test Set: 37643.5
2025-02-10 16:18 | INFO | Query 26 Active Learning Instance Cost: 104045.65
2025-02-10 16:18 | INFO | Timeout limit is increased to 1600
2025-02-10 16:18 | INFO | Query 27 Size of the uncertainty table is = 3680/5040
2025-02-10 16:18 | INFO | Query 27 Size of the filtered table is = 51
2025-02-10 16:18 | INFO | Training Time Active Learning Classifier: 1.22 seconds
2025-02-10 16:18 | INFO | Training Time Active Learning Regressor: 0.39 seconds
2025-02-10 16:18 | INFO | Query 27 Active Learning Runtime on Validation Set: 225376.63999999998
2025-02-10 16:18 | INFO | Query 27 Active Learning Runtime on Test Set: 35966.439999999995
2025-02-10 16:18 | INFO | Query 27 Active Learning Instance Cost: 112032.53
2025-02-10 16:18 | INFO | Query 28 Size of the uncertainty table is = 3603/5040
2025-02-10 16:18 | INFO | Query 28 Size of the filtered table is = 51
2025-02-10 16:18 | INFO | Training Time Active Learning Classifier: 1.23 seconds
2025-02-10 16:18 | INFO | Training Time Active Learning Regressor: 0.4 seconds
2025-02-10 16:18 | INFO | Query 28 Active Learning Runtime on Validation Set: 225353.9
2025-02-10 16:18 | INFO | Query 28 Active Learning Runtime on Test Set: 70756.76999999999
2025-02-10 16:18 | INFO | Query 28 Active Learning Instance Cost: 121126.84
2025-02-10 16:18 | INFO | Query 29 Size of the uncertainty table is = 3541/5040
2025-02-10 16:18 | INFO | Query 29 Size of the filtered table is = 51
2025-02-10 16:18 | INFO | Training Time Active Learning Classifier: 1.23 seconds
2025-02-10 16:18 | INFO | Training Time Active Learning Regressor: 0.4 seconds
2025-02-10 16:19 | INFO | Query 29 Active Learning Runtime on Validation Set: 225353.9
2025-02-10 16:19 | INFO | Query 29 Active Learning Runtime on Test Set: 36984.909999999996
2025-02-10 16:19 | INFO | Query 29 Active Learning Instance Cost: 129934.09
2025-02-10 16:19 | INFO | Timeout limit is increased to 1700
2025-02-10 16:19 | INFO | Query 30 Size of the uncertainty table is = 3480/5040
2025-02-10 16:19 | INFO | Query 30 Size of the filtered table is = 51
2025-02-10 16:19 | INFO | Training Time Active Learning Classifier: 1.24 seconds
2025-02-10 16:19 | INFO | Training Time Active Learning Regressor: 0.4 seconds
2025-02-10 16:19 | INFO | Query 30 Active Learning Runtime on Validation Set: 225376.68
2025-02-10 16:19 | INFO | Query 30 Active Learning Runtime on Test Set: 35823.25
2025-02-10 16:19 | INFO | Query 30 Active Learning Instance Cost: 139392.46
2025-02-10 16:19 | INFO | Timeout limit is increased to 1800
2025-02-10 16:19 | INFO | Query 31 Size of the uncertainty table is = 3429/5040
2025-02-10 16:19 | INFO | Query 31 Size of the filtered table is = 51
2025-02-10 16:19 | INFO | Training Time Active Learning Classifier: 1.24 seconds
2025-02-10 16:19 | INFO | Training Time Active Learning Regressor: 0.4 seconds
2025-02-10 16:19 | INFO | Query 31 Active Learning Runtime on Validation Set: 261403.61
2025-02-10 16:19 | INFO | Query 31 Active Learning Runtime on Test Set: 36704.689999999995
2025-02-10 16:19 | INFO | Query 31 Active Learning Instance Cost: 148790.66
2025-02-10 16:19 | INFO | Timeout limit is increased to 1900
2025-02-10 16:19 | INFO | Query 32 Size of the uncertainty table is = 3374/5040
2025-02-10 16:19 | INFO | Query 32 Size of the filtered table is = 51
2025-02-10 16:19 | INFO | Training Time Active Learning Classifier: 1.24 seconds
2025-02-10 16:19 | INFO | Training Time Active Learning Regressor: 0.4 seconds
2025-02-10 16:19 | INFO | Query 32 Active Learning Runtime on Validation Set: 261359.31
2025-02-10 16:19 | INFO | Query 32 Active Learning Runtime on Test Set: 36704.689999999995
2025-02-10 16:19 | INFO | Query 32 Active Learning Instance Cost: 149379.73
2025-02-10 16:19 | INFO | Query 33 Size of the uncertainty table is = 3322/5040
2025-02-10 16:19 | INFO | Query 33 Size of the filtered table is = 51
2025-02-10 16:19 | INFO | Training Time Active Learning Classifier: 1.25 seconds
2025-02-10 16:19 | INFO | Training Time Active Learning Regressor: 0.4 seconds
2025-02-10 16:19 | INFO | Query 33 Active Learning Runtime on Validation Set: 261359.31
2025-02-10 16:19 | INFO | Query 33 Active Learning Runtime on Test Set: 36704.689999999995
2025-02-10 16:19 | INFO | Query 33 Active Learning Instance Cost: 154024.23
2025-02-10 16:19 | INFO | Timeout limit is increased to 2000
2025-02-10 16:19 | INFO | Query 34 Size of the uncertainty table is = 3269/5040
2025-02-10 16:19 | INFO | Query 34 Size of the filtered table is = 51
2025-02-10 16:19 | INFO | Training Time Active Learning Classifier: 1.25 seconds
2025-02-10 16:19 | INFO | Training Time Active Learning Regressor: 0.41 seconds
2025-02-10 16:19 | INFO | Query 34 Active Learning Runtime on Validation Set: 261403.61
2025-02-10 16:19 | INFO | Query 34 Active Learning Runtime on Test Set: 36735.49
2025-02-10 16:19 | INFO | Query 34 Active Learning Instance Cost: 162719.62
2025-02-10 16:19 | INFO | Timeout limit is increased to 2100
2025-02-10 16:19 | INFO | Query 35 Size of the uncertainty table is = 3214/5040
2025-02-10 16:19 | INFO | Query 35 Size of the filtered table is = 51
2025-02-10 16:19 | INFO | Training Time Active Learning Classifier: 1.26 seconds
2025-02-10 16:19 | INFO | Training Time Active Learning Regressor: 0.41 seconds
2025-02-10 16:20 | INFO | Query 35 Active Learning Runtime on Validation Set: 261035.29
2025-02-10 16:20 | INFO | Query 35 Active Learning Runtime on Test Set: 37840.45
2025-02-10 16:20 | INFO | Query 35 Active Learning Instance Cost: 177744.95
2025-02-10 16:20 | INFO | Query 36 Size of the uncertainty table is = 3155/5040
2025-02-10 16:20 | INFO | Query 36 Size of the filtered table is = 51
2025-02-10 16:20 | INFO | Training Time Active Learning Classifier: 1.27 seconds
2025-02-10 16:20 | INFO | Training Time Active Learning Regressor: 0.41 seconds
2025-02-10 16:20 | INFO | Query 36 Active Learning Runtime on Validation Set: 261078.41
2025-02-10 16:20 | INFO | Query 36 Active Learning Runtime on Test Set: 37841.58
2025-02-10 16:20 | INFO | Query 36 Active Learning Instance Cost: 192176.85
2025-02-10 16:20 | INFO | Timeout limit is increased to 2200
2025-02-10 16:20 | INFO | Query 37 Size of the uncertainty table is = 3094/5040
2025-02-10 16:20 | INFO | Query 37 Size of the filtered table is = 51
2025-02-10 16:20 | INFO | Training Time Active Learning Classifier: 1.26 seconds
2025-02-10 16:20 | INFO | Training Time Active Learning Regressor: 0.41 seconds
2025-02-10 16:20 | INFO | Query 37 Active Learning Runtime on Validation Set: 261044.72
2025-02-10 16:20 | INFO | Query 37 Active Learning Runtime on Test Set: 37637.18
2025-02-10 16:20 | INFO | Query 37 Active Learning Instance Cost: 198868.99
2025-02-10 16:20 | INFO | Query 38 Size of the uncertainty table is = 3038/5040
2025-02-10 16:20 | INFO | Query 38 Size of the filtered table is = 51
2025-02-10 16:20 | INFO | Training Time Active Learning Classifier: 1.27 seconds
2025-02-10 16:20 | INFO | Training Time Active Learning Regressor: 0.42 seconds
2025-02-10 16:20 | INFO | Query 38 Active Learning Runtime on Validation Set: 261080.57
2025-02-10 16:20 | INFO | Query 38 Active Learning Runtime on Test Set: 37637.18
2025-02-10 16:20 | INFO | Query 38 Active Learning Instance Cost: 221445.81
2025-02-10 16:20 | INFO | Timeout limit is increased to 2300
2025-02-10 16:20 | INFO | Query 39 Size of the uncertainty table is = 2981/5040
2025-02-10 16:20 | INFO | Query 39 Size of the filtered table is = 51
2025-02-10 16:20 | INFO | Training Time Active Learning Classifier: 1.27 seconds
2025-02-10 16:20 | INFO | Training Time Active Learning Regressor: 0.42 seconds
2025-02-10 16:20 | INFO | Query 39 Active Learning Runtime on Validation Set: 225081.77
2025-02-10 16:20 | INFO | Query 39 Active Learning Runtime on Test Set: 37637.18
2025-02-10 16:20 | INFO | Query 39 Active Learning Instance Cost: 234977.9
2025-02-10 16:20 | INFO | Query 40 Size of the uncertainty table is = 2913/5040
2025-02-10 16:20 | INFO | Query 40 Size of the filtered table is = 51
2025-02-10 16:20 | INFO | Training Time Active Learning Classifier: 1.28 seconds
2025-02-10 16:20 | INFO | Training Time Active Learning Regressor: 0.42 seconds
2025-02-10 16:20 | INFO | Query 40 Active Learning Runtime on Validation Set: 222474.22
2025-02-10 16:20 | INFO | Query 40 Active Learning Runtime on Test Set: 36698.52
2025-02-10 16:20 | INFO | Query 40 Active Learning Instance Cost: 242428.64
2025-02-10 16:20 | INFO | Query 41 Size of the uncertainty table is = 2850/5040
2025-02-10 16:20 | INFO | Query 41 Size of the filtered table is = 51
2025-02-10 16:20 | INFO | Training Time Active Learning Classifier: 1.35 seconds
2025-02-10 16:20 | INFO | Training Time Active Learning Regressor: 0.42 seconds
2025-02-10 16:20 | INFO | Query 41 Active Learning Runtime on Validation Set: 222455.09
2025-02-10 16:20 | INFO | Query 41 Active Learning Runtime on Test Set: 72645.76999999999
2025-02-10 16:20 | INFO | Query 41 Active Learning Instance Cost: 250649.98
2025-02-10 16:21 | INFO | Query 42 Size of the uncertainty table is = 2778/5040
2025-02-10 16:21 | INFO | Query 42 Size of the filtered table is = 51
2025-02-10 16:21 | INFO | Training Time Active Learning Classifier: 1.29 seconds
2025-02-10 16:21 | INFO | Training Time Active Learning Regressor: 0.43 seconds
2025-02-10 16:21 | INFO | Query 42 Active Learning Runtime on Validation Set: 222449.76
2025-02-10 16:21 | INFO | Query 42 Active Learning Runtime on Test Set: 36511.829999999994
2025-02-10 16:21 | INFO | Query 42 Active Learning Instance Cost: 270256.65
2025-02-10 16:21 | INFO | Query 43 Size of the uncertainty table is = 2717/5040
2025-02-10 16:21 | INFO | Query 43 Size of the filtered table is = 51
2025-02-10 16:21 | INFO | Training Time Active Learning Classifier: 1.3 seconds
2025-02-10 16:21 | INFO | Training Time Active Learning Regressor: 0.43 seconds
2025-02-10 16:21 | INFO | Query 43 Active Learning Runtime on Validation Set: 225472.98
2025-02-10 16:21 | INFO | Query 43 Active Learning Runtime on Test Set: 37450.92
2025-02-10 16:21 | INFO | Query 43 Active Learning Instance Cost: 291822.8
2025-02-10 16:21 | INFO | Timeout limit is increased to 2400
2025-02-10 16:21 | INFO | Query 44 Size of the uncertainty table is = 2662/5040
2025-02-10 16:21 | INFO | Query 44 Size of the filtered table is = 51
2025-02-10 16:21 | INFO | Training Time Active Learning Classifier: 1.3 seconds
2025-02-10 16:21 | INFO | Training Time Active Learning Regressor: 0.43 seconds
2025-02-10 16:21 | INFO | Query 44 Active Learning Runtime on Validation Set: 225480.31
2025-02-10 16:21 | INFO | Query 44 Active Learning Runtime on Test Set: 37446.28
2025-02-10 16:21 | INFO | Query 44 Active Learning Instance Cost: 303855.01
2025-02-10 16:21 | INFO | Timeout limit is increased to 2500
2025-02-10 16:21 | INFO | Query 45 Size of the uncertainty table is = 2608/5040
2025-02-10 16:21 | INFO | Query 45 Size of the filtered table is = 51
2025-02-10 16:21 | INFO | Training Time Active Learning Classifier: 1.3 seconds
2025-02-10 16:21 | INFO | Training Time Active Learning Regressor: 0.43 seconds
2025-02-10 16:21 | INFO | Query 45 Active Learning Runtime on Validation Set: 225477.49
2025-02-10 16:21 | INFO | Query 45 Active Learning Runtime on Test Set: 72202.54999999999
2025-02-10 16:21 | INFO | Query 45 Active Learning Instance Cost: 315817.38
2025-02-10 16:21 | INFO | Query 46 Size of the uncertainty table is = 2548/5040
2025-02-10 16:21 | INFO | Query 46 Size of the filtered table is = 51
2025-02-10 16:21 | INFO | Training Time Active Learning Classifier: 1.31 seconds
2025-02-10 16:21 | INFO | Training Time Active Learning Regressor: 0.43 seconds
2025-02-10 16:21 | INFO | Query 46 Active Learning Runtime on Validation Set: 257644.15
2025-02-10 16:21 | INFO | Query 46 Active Learning Runtime on Test Set: 37741.03
2025-02-10 16:21 | INFO | Query 46 Active Learning Instance Cost: 336727.71
2025-02-10 16:21 | INFO | Timeout limit is increased to 2600
2025-02-10 16:21 | INFO | Query 47 Size of the uncertainty table is = 2487/5040
2025-02-10 16:21 | INFO | Query 47 Size of the filtered table is = 51
2025-02-10 16:21 | INFO | Training Time Active Learning Classifier: 1.31 seconds
2025-02-10 16:21 | INFO | Training Time Active Learning Regressor: 0.44 seconds
2025-02-10 16:21 | INFO | Query 47 Active Learning Runtime on Validation Set: 257642.13
2025-02-10 16:21 | INFO | Query 47 Active Learning Runtime on Test Set: 37741.509999999995
2025-02-10 16:21 | INFO | Query 47 Active Learning Instance Cost: 346878.55
2025-02-10 16:21 | INFO | Query 48 Size of the uncertainty table is = 2428/5040
2025-02-10 16:21 | INFO | Query 48 Size of the filtered table is = 51
2025-02-10 16:21 | INFO | Training Time Active Learning Classifier: 1.32 seconds
2025-02-10 16:21 | INFO | Training Time Active Learning Regressor: 0.44 seconds
2025-02-10 16:22 | INFO | Query 48 Active Learning Runtime on Validation Set: 225085.07
2025-02-10 16:22 | INFO | Query 48 Active Learning Runtime on Test Set: 38520.909999999996
2025-02-10 16:22 | INFO | Query 48 Active Learning Instance Cost: 358680.89
2025-02-10 16:22 | INFO | Query 49 Size of the uncertainty table is = 2371/5040
2025-02-10 16:22 | INFO | Query 49 Size of the filtered table is = 51
2025-02-10 16:22 | INFO | Training Time Active Learning Classifier: 1.32 seconds
2025-02-10 16:22 | INFO | Training Time Active Learning Regressor: 0.44 seconds
2025-02-10 16:22 | INFO | Query 49 Active Learning Runtime on Validation Set: 225084.54
2025-02-10 16:22 | INFO | Query 49 Active Learning Runtime on Test Set: 37887.63
2025-02-10 16:22 | INFO | Query 49 Active Learning Instance Cost: 376049.05
2025-02-10 16:22 | INFO | Query 50 Size of the uncertainty table is = 2317/5040
2025-02-10 16:22 | INFO | Query 50 Size of the filtered table is = 51
2025-02-10 16:22 | INFO | Training Time Active Learning Classifier: 1.33 seconds
2025-02-10 16:22 | INFO | Training Time Active Learning Regressor: 0.44 seconds
2025-02-10 16:22 | INFO | Query 50 Active Learning Runtime on Validation Set: 258860.96
2025-02-10 16:22 | INFO | Query 50 Active Learning Runtime on Test Set: 72816.62
2025-02-10 16:22 | INFO | Query 50 Active Learning Instance Cost: 382556.55
2025-02-10 16:22 | INFO | Timeout limit is increased to 2700
2025-02-10 16:22 | INFO | Query 51 Size of the uncertainty table is = 2258/5040
2025-02-10 16:22 | INFO | Query 51 Size of the filtered table is = 51
2025-02-10 16:22 | INFO | Training Time Active Learning Classifier: 1.33 seconds
2025-02-10 16:22 | INFO | Training Time Active Learning Regressor: 0.44 seconds
2025-02-10 16:22 | INFO | Query 51 Active Learning Runtime on Validation Set: 258379.57
2025-02-10 16:22 | INFO | Query 51 Active Learning Runtime on Test Set: 72492.54999999999
2025-02-10 16:22 | INFO | Query 51 Active Learning Instance Cost: 385240.47
2025-02-10 16:22 | INFO | Query 52 Size of the uncertainty table is = 2203/5040
2025-02-10 16:22 | INFO | Query 52 Size of the filtered table is = 51
2025-02-10 16:22 | INFO | Training Time Active Learning Classifier: 1.34 seconds
2025-02-10 16:22 | INFO | Training Time Active Learning Regressor: 0.44 seconds
2025-02-10 16:22 | INFO | Query 52 Active Learning Runtime on Validation Set: 294847.56
2025-02-10 16:22 | INFO | Query 52 Active Learning Runtime on Test Set: 72491.19
2025-02-10 16:22 | INFO | Query 52 Active Learning Instance Cost: 388720.3
2025-02-10 16:22 | INFO | Timeout limit is increased to 2800
2025-02-10 16:22 | INFO | Query 53 Size of the uncertainty table is = 2145/5040
2025-02-10 16:22 | INFO | Query 53 Size of the filtered table is = 51
2025-02-10 16:22 | INFO | Training Time Active Learning Classifier: 1.34 seconds
2025-02-10 16:22 | INFO | Training Time Active Learning Regressor: 0.44 seconds
2025-02-10 16:22 | INFO | Query 53 Active Learning Runtime on Validation Set: 294848.08999999997
2025-02-10 16:22 | INFO | Query 53 Active Learning Runtime on Test Set: 72495.35
2025-02-10 16:22 | INFO | Query 53 Active Learning Instance Cost: 407221.43
2025-02-10 16:22 | INFO | Timeout limit is increased to 2900
2025-02-10 16:22 | INFO | Query 54 Size of the uncertainty table is = 2087/5040
2025-02-10 16:22 | INFO | Query 54 Size of the filtered table is = 51
2025-02-10 16:22 | INFO | Training Time Active Learning Classifier: 1.35 seconds
2025-02-10 16:22 | INFO | Training Time Active Learning Regressor: 0.45 seconds
2025-02-10 16:23 | INFO | Query 54 Active Learning Runtime on Validation Set: 258844.21
2025-02-10 16:23 | INFO | Query 54 Active Learning Runtime on Test Set: 72792.01999999999
2025-02-10 16:23 | INFO | Query 54 Active Learning Instance Cost: 413797.7
2025-02-10 16:23 | INFO | Query 55 Size of the uncertainty table is = 2029/5040
2025-02-10 16:23 | INFO | Query 55 Size of the filtered table is = 51
2025-02-10 16:23 | INFO | Training Time Active Learning Classifier: 1.35 seconds
2025-02-10 16:23 | INFO | Training Time Active Learning Regressor: 0.45 seconds
2025-02-10 16:23 | INFO | Query 55 Active Learning Runtime on Validation Set: 330843.42
2025-02-10 16:23 | INFO | Query 55 Active Learning Runtime on Test Set: 72787.38
2025-02-10 16:23 | INFO | Query 55 Active Learning Instance Cost: 426617.59
2025-02-10 16:23 | INFO | Timeout limit is increased to 3000
2025-02-10 16:23 | INFO | Query 56 Size of the uncertainty table is = 1969/5040
2025-02-10 16:23 | INFO | Query 56 Size of the filtered table is = 51
2025-02-10 16:23 | INFO | Training Time Active Learning Classifier: 1.35 seconds
2025-02-10 16:23 | INFO | Training Time Active Learning Regressor: 0.45 seconds
2025-02-10 16:23 | INFO | Query 56 Active Learning Runtime on Validation Set: 330782.62
2025-02-10 16:23 | INFO | Query 56 Active Learning Runtime on Test Set: 72809.70999999999
2025-02-10 16:23 | INFO | Query 56 Active Learning Instance Cost: 440783.83
2025-02-10 16:23 | INFO | Query 57 Size of the uncertainty table is = 1916/5040
2025-02-10 16:23 | INFO | Query 57 Size of the filtered table is = 51
2025-02-10 16:23 | INFO | Training Time Active Learning Classifier: 1.36 seconds
2025-02-10 16:23 | INFO | Training Time Active Learning Regressor: 0.45 seconds
2025-02-10 16:23 | INFO | Query 57 Active Learning Runtime on Validation Set: 294460.26
2025-02-10 16:23 | INFO | Query 57 Active Learning Runtime on Test Set: 71621.44
2025-02-10 16:23 | INFO | Query 57 Active Learning Instance Cost: 457668.99
2025-02-10 16:23 | INFO | Query 58 Size of the uncertainty table is = 1853/5040
2025-02-10 16:23 | INFO | Query 58 Size of the filtered table is = 51
2025-02-10 16:23 | INFO | Training Time Active Learning Classifier: 1.36 seconds
2025-02-10 16:23 | INFO | Training Time Active Learning Regressor: 0.45 seconds
2025-02-10 16:23 | INFO | Query 58 Active Learning Runtime on Validation Set: 330245.86
2025-02-10 16:23 | INFO | Query 58 Active Learning Runtime on Test Set: 107536.45
2025-02-10 16:23 | INFO | Query 58 Active Learning Instance Cost: 477372.01
2025-02-10 16:23 | INFO | Timeout limit is increased to 3100
2025-02-10 16:23 | INFO | Query 59 Size of the uncertainty table is = 1800/5040
2025-02-10 16:23 | INFO | Query 59 Size of the filtered table is = 51
2025-02-10 16:23 | INFO | Training Time Active Learning Classifier: 1.37 seconds
2025-02-10 16:23 | INFO | Training Time Active Learning Regressor: 0.45 seconds
2025-02-10 16:23 | INFO | Query 59 Active Learning Runtime on Validation Set: 294318.25
2025-02-10 16:23 | INFO | Query 59 Active Learning Runtime on Test Set: 71621.44
2025-02-10 16:23 | INFO | Query 59 Active Learning Instance Cost: 496546.16
2025-02-10 16:23 | INFO | Query 60 Size of the uncertainty table is = 1730/5040
2025-02-10 16:23 | INFO | Query 60 Size of the filtered table is = 51
2025-02-10 16:23 | INFO | Training Time Active Learning Classifier: 1.38 seconds
2025-02-10 16:23 | INFO | Training Time Active Learning Regressor: 0.45 seconds
2025-02-10 16:23 | INFO | Query 60 Active Learning Runtime on Validation Set: 294235.52
2025-02-10 16:23 | INFO | Query 60 Active Learning Runtime on Test Set: 71621.44
2025-02-10 16:23 | INFO | Query 60 Active Learning Instance Cost: 501001.51
2025-02-10 16:23 | INFO | Query 61 Size of the uncertainty table is = 1670/5040
2025-02-10 16:23 | INFO | Query 61 Size of the filtered table is = 51
2025-02-10 16:23 | INFO | Training Time Active Learning Classifier: 1.38 seconds
2025-02-10 16:24 | INFO | Training Time Active Learning Regressor: 0.45 seconds
2025-02-10 16:24 | INFO | Query 61 Active Learning Runtime on Validation Set: 294438.72
2025-02-10 16:24 | INFO | Query 61 Active Learning Runtime on Test Set: 71621.44
2025-02-10 16:24 | INFO | Query 61 Active Learning Instance Cost: 528808.09
2025-02-10 16:24 | INFO | Timeout limit is increased to 3200
2025-02-10 16:24 | INFO | Query 62 Size of the uncertainty table is = 1610/5040
2025-02-10 16:24 | INFO | Query 62 Size of the filtered table is = 51
2025-02-10 16:24 | INFO | Training Time Active Learning Classifier: 1.38 seconds
2025-02-10 16:24 | INFO | Training Time Active Learning Regressor: 0.45 seconds
2025-02-10 16:24 | INFO | Query 62 Active Learning Runtime on Validation Set: 294438.72
2025-02-10 16:24 | INFO | Query 62 Active Learning Runtime on Test Set: 107537.39
2025-02-10 16:24 | INFO | Query 62 Active Learning Instance Cost: 557781.49
2025-02-10 16:24 | INFO | Timeout limit is increased to 3300
2025-02-10 16:24 | INFO | Query 63 Size of the uncertainty table is = 1556/5040
2025-02-10 16:24 | INFO | Query 63 Size of the filtered table is = 51
2025-02-10 16:24 | INFO | Training Time Active Learning Classifier: 1.39 seconds
2025-02-10 16:24 | INFO | Training Time Active Learning Regressor: 0.46 seconds
2025-02-10 16:24 | INFO | Query 63 Active Learning Runtime on Validation Set: 294242.32999999996
2025-02-10 16:24 | INFO | Query 63 Active Learning Runtime on Test Set: 71323.45
2025-02-10 16:24 | INFO | Query 63 Active Learning Instance Cost: 574819.88
2025-02-10 16:24 | INFO | Query 64 Size of the uncertainty table is = 1493/5040
2025-02-10 16:24 | INFO | Query 64 Size of the filtered table is = 51
2025-02-10 16:24 | INFO | Training Time Active Learning Classifier: 1.39 seconds
2025-02-10 16:24 | INFO | Training Time Active Learning Regressor: 0.46 seconds
2025-02-10 16:24 | INFO | Query 64 Active Learning Runtime on Validation Set: 294219.02
2025-02-10 16:24 | INFO | Query 64 Active Learning Runtime on Test Set: 107518.87
2025-02-10 16:24 | INFO | Query 64 Active Learning Instance Cost: 602736.42
2025-02-10 16:24 | INFO | Query 65 Size of the uncertainty table is = 1435/5040
2025-02-10 16:24 | INFO | Query 65 Size of the filtered table is = 51
2025-02-10 16:24 | INFO | Training Time Active Learning Classifier: 1.39 seconds
2025-02-10 16:24 | INFO | Training Time Active Learning Regressor: 0.46 seconds
2025-02-10 16:24 | INFO | Query 65 Active Learning Runtime on Validation Set: 258234.46
2025-02-10 16:24 | INFO | Query 65 Active Learning Runtime on Test Set: 71601.88
2025-02-10 16:24 | INFO | Query 65 Active Learning Instance Cost: 623042.97
2025-02-10 16:24 | INFO | Query 66 Size of the uncertainty table is = 1376/5040
2025-02-10 16:24 | INFO | Query 66 Size of the filtered table is = 51
2025-02-10 16:24 | INFO | Training Time Active Learning Classifier: 1.4 seconds
2025-02-10 16:24 | INFO | Training Time Active Learning Regressor: 0.46 seconds
2025-02-10 16:24 | INFO | Query 66 Active Learning Runtime on Validation Set: 294213.82999999996
2025-02-10 16:24 | INFO | Query 66 Active Learning Runtime on Test Set: 71601.88
2025-02-10 16:24 | INFO | Query 66 Active Learning Instance Cost: 635367.32
2025-02-10 16:24 | INFO | Timeout limit is increased to 3400
2025-02-10 16:24 | INFO | Query 67 Size of the uncertainty table is = 1318/5040
2025-02-10 16:24 | INFO | Query 67 Size of the filtered table is = 51
2025-02-10 16:24 | INFO | Training Time Active Learning Classifier: 1.41 seconds
2025-02-10 16:24 | INFO | Training Time Active Learning Regressor: 0.46 seconds
2025-02-10 16:25 | INFO | Query 67 Active Learning Runtime on Validation Set: 294921.1
2025-02-10 16:25 | INFO | Query 67 Active Learning Runtime on Test Set: 107523.45
2025-02-10 16:25 | INFO | Query 67 Active Learning Instance Cost: 668649.52
2025-02-10 16:25 | INFO | Timeout limit is increased to 3500
2025-02-10 16:25 | INFO | Query 68 Size of the uncertainty table is = 1248/5040
2025-02-10 16:25 | INFO | Query 68 Size of the filtered table is = 51
2025-02-10 16:25 | INFO | Training Time Active Learning Classifier: 1.41 seconds
2025-02-10 16:25 | INFO | Training Time Active Learning Regressor: 0.46 seconds
2025-02-10 16:25 | INFO | Query 68 Active Learning Runtime on Validation Set: 294205.57999999996
2025-02-10 16:25 | INFO | Query 68 Active Learning Runtime on Test Set: 107522.66
2025-02-10 16:25 | INFO | Query 68 Active Learning Instance Cost: 697170.35
2025-02-10 16:25 | INFO | Query 69 Size of the uncertainty table is = 1187/5040
2025-02-10 16:25 | INFO | Query 69 Size of the filtered table is = 51
2025-02-10 16:25 | INFO | Training Time Active Learning Classifier: 1.41 seconds
2025-02-10 16:25 | INFO | Training Time Active Learning Regressor: 0.46 seconds
2025-02-10 16:25 | INFO | Query 69 Active Learning Runtime on Validation Set: 294207.35
2025-02-10 16:25 | INFO | Query 69 Active Learning Runtime on Test Set: 107522.12
2025-02-10 16:25 | INFO | Query 69 Active Learning Instance Cost: 701737.85
2025-02-10 16:25 | INFO | Timeout limit is increased to 3600
2025-02-10 16:25 | INFO | Query 70 Size of the uncertainty table is = 1125/5040
2025-02-10 16:25 | INFO | Query 70 Size of the filtered table is = 51
2025-02-10 16:25 | INFO | Training Time Active Learning Classifier: 1.42 seconds
2025-02-10 16:25 | INFO | Training Time Active Learning Regressor: 0.46 seconds
2025-02-10 16:25 | INFO | Query 70 Active Learning Runtime on Validation Set: 294278.07
2025-02-10 16:25 | INFO | Query 70 Active Learning Runtime on Test Set: 107523.59999999999
2025-02-10 16:25 | INFO | Query 70 Active Learning Instance Cost: 727930.84
2025-02-10 16:25 | INFO | Timeout limit is increased to 3600
2025-02-10 16:25 | INFO | Query 71 Size of the uncertainty table is = 689/5040
2025-02-10 16:25 | INFO | Query 71 Size of the filtered table is = 51
2025-02-10 16:25 | INFO | Training Time Active Learning Classifier: 1.42 seconds
2025-02-10 16:25 | INFO | Training Time Active Learning Regressor: 0.52 seconds
2025-02-10 16:25 | INFO | Query 71 Active Learning Runtime on Validation Set: 294290.5
2025-02-10 16:25 | INFO | Query 71 Active Learning Runtime on Test Set: 107522.47
2025-02-10 16:25 | INFO | Query 71 Active Learning Instance Cost: 769242.38
2025-02-10 16:25 | INFO | Timeout limit is increased to 3600
2025-02-10 16:25 | INFO | Query 72 Size of the uncertainty table is = 613/5040
2025-02-10 16:25 | INFO | Query 72 Size of the filtered table is = 51
2025-02-10 16:25 | INFO | Training Time Active Learning Classifier: 1.42 seconds
2025-02-10 16:25 | INFO | Training Time Active Learning Regressor: 0.46 seconds
2025-02-10 16:25 | INFO | Query 72 Active Learning Runtime on Validation Set: 294290.5
2025-02-10 16:25 | INFO | Query 72 Active Learning Runtime on Test Set: 107522.47
2025-02-10 16:25 | INFO | Query 72 Active Learning Instance Cost: 802718.11
2025-02-10 16:25 | INFO | Timeout limit is increased to 3600
2025-02-10 16:25 | INFO | Query 73 Size of the uncertainty table is = 557/5040
2025-02-10 16:25 | INFO | Query 73 Size of the filtered table is = 51
2025-02-10 16:25 | INFO | Training Time Active Learning Classifier: 1.42 seconds
2025-02-10 16:25 | INFO | Training Time Active Learning Regressor: 0.47 seconds
2025-02-10 16:25 | INFO | Query 73 Active Learning Runtime on Validation Set: 294290.5
2025-02-10 16:25 | INFO | Query 73 Active Learning Runtime on Test Set: 71606.53
2025-02-10 16:25 | INFO | Query 73 Active Learning Instance Cost: 876624.2
2025-02-10 16:25 | INFO | Timeout limit is increased to 3600
2025-02-10 16:25 | INFO | Query 74 Size of the uncertainty table is = 479/5040
2025-02-10 16:25 | INFO | Query 74 Size of the filtered table is = 51
2025-02-10 16:25 | INFO | Training Time Active Learning Classifier: 1.42 seconds
2025-02-10 16:25 | INFO | Training Time Active Learning Regressor: 0.47 seconds
2025-02-10 16:26 | INFO | Query 74 Active Learning Runtime on Validation Set: 294289.53
2025-02-10 16:26 | INFO | Query 74 Active Learning Runtime on Test Set: 71605.57999999999
2025-02-10 16:26 | INFO | Query 74 Active Learning Instance Cost: 938124.64
2025-02-10 16:26 | INFO | Query 75 Size of the uncertainty table is = 386/5040
2025-02-10 16:26 | INFO | Query 75 Size of the filtered table is = 51
2025-02-10 16:26 | INFO | Training Time Active Learning Classifier: 1.43 seconds
2025-02-10 16:26 | INFO | Training Time Active Learning Regressor: 0.47 seconds
2025-02-10 16:26 | INFO | Query 75 Active Learning Runtime on Validation Set: 294218.82
2025-02-10 16:26 | INFO | Query 75 Active Learning Runtime on Test Set: 71605.57999999999
2025-02-10 16:26 | INFO | Query 75 Active Learning Instance Cost: 977724.64
2025-02-10 16:26 | INFO | Query 76 Size of the uncertainty table is = 324/5040
2025-02-10 16:26 | INFO | Query 76 Size of the filtered table is = 51
2025-02-10 16:26 | INFO | Training Time Active Learning Classifier: 1.44 seconds
2025-02-10 16:26 | INFO | Training Time Active Learning Regressor: 0.47 seconds
2025-02-10 16:26 | INFO | Query 76 Active Learning Runtime on Validation Set: 294219.78
2025-02-10 16:26 | INFO | Query 76 Active Learning Runtime on Test Set: 71605.57999999999
2025-02-10 16:26 | INFO | Query 76 Active Learning Instance Cost: 1031777.31
2025-02-10 16:26 | INFO | Timeout limit is increased to 3600
2025-02-10 16:26 | INFO | Query 77 Size of the uncertainty table is = 237/5040
2025-02-10 16:26 | INFO | Query 77 Size of the filtered table is = 51
2025-02-10 16:26 | INFO | Training Time Active Learning Classifier: 1.44 seconds
2025-02-10 16:26 | INFO | Training Time Active Learning Regressor: 0.47 seconds
2025-02-10 16:26 | INFO | Query 77 Active Learning Runtime on Validation Set: 258306.51
2025-02-10 16:26 | INFO | Query 77 Active Learning Runtime on Test Set: 71605.57999999999
2025-02-10 16:26 | INFO | Query 77 Active Learning Instance Cost: 1071383.81
2025-02-10 16:26 | INFO | Query 78 Size of the uncertainty table is = 163/5040
2025-02-10 16:26 | INFO | Query 78 Size of the filtered table is = 51
2025-02-10 16:26 | INFO | Training Time Active Learning Classifier: 1.51 seconds
2025-02-10 16:26 | INFO | Training Time Active Learning Regressor: 0.47 seconds
2025-02-10 16:26 | INFO | Query 78 Active Learning Runtime on Validation Set: 258306.51
2025-02-10 16:26 | INFO | Query 78 Active Learning Runtime on Test Set: 107605.56999999999
2025-02-10 16:26 | INFO | Query 78 Active Learning Instance Cost: 1089416.44
2025-02-10 16:26 | INFO | Timeout limit is increased to 3600
2025-02-10 16:26 | INFO | Query 79 Size of the uncertainty table is = 104/5040
2025-02-10 16:26 | INFO | Query 79 Size of the filtered table is = 51
2025-02-10 16:26 | INFO | Training Time Active Learning Classifier: 1.46 seconds
2025-02-10 16:26 | INFO | Training Time Active Learning Regressor: 0.47 seconds
2025-02-10 16:26 | INFO | Query 79 Active Learning Runtime on Validation Set: 294277.1
2025-02-10 16:26 | INFO | Query 79 Active Learning Runtime on Test Set: 71600.94
2025-02-10 16:26 | INFO | Query 79 Active Learning Instance Cost: 1152401.81
2025-02-10 16:26 | INFO | Timeout limit is increased to 3600
2025-02-10 16:26 | INFO | Active Learning Emissions: 0.008717114055519486
2025-02-10 16:26 | INFO | Active Learning Energy Consumption: 0.009484442689503906 kWh
2025-02-10 16:26 | INFO | runtime_test_score is written as json file
2025-02-10 16:26 | INFO | runtime_validation_score is written as json file
2025-02-10 16:26 | INFO | instance_cost is written as json file
2025-02-10 16:26 | INFO | Experiment is finished
