2025-02-11 03:09 | INFO | Paramaters are: {'dataset': 'CSP-2010', 'penalty': 10, 'weight': 'No_Weight', 'voting': 'Hard', 'pre_selection_size': 64, 'pre_selection_technique': 'No_pre_selection', 'feature_elimination_threshold': 20, 'imputer_strategy': 'median', 'feature_selection_technique': 'No_feature_selection', 'feature_scaling_technique': 'StandardScaler', 'initial_train_size': 20, 'query_size': 1, 'timeout_predictor_usage': 'No', 'pareto_features': {'Uncertainty': 'max', 'PredDiff': 'max', 'PredCost': 'min'}, 'timeout_limit': 3600, 'timeout_increase_rate': 100, 'penalty_type': 'Only-timeout-penalty', 'RANDOM_STATE_SEED': 42, 'n_splits': 10, 'split_number': 8, 'max_timeout': 3600, 'param_grid': {'n_estimators': 100, 'max_features': 'sqrt', 'max_depth': 2147483648, 'min_samples_split': 2, 'bootstrap': True}}
2025-02-11 03:09 | INFO | CSP-2010 is current dataset
2025-02-11 03:09 | INFO | DATASETS/CSP-2010/algorithm_runs.csv is found
2025-02-11 03:09 | INFO | DATASETS/CSP-2010/algorithm_runs.csv is finished
2025-02-11 03:09 | INFO | DATASETS/CSP-2010/feature_values.csv is found
2025-02-11 03:09 | INFO | DATASETS/CSP-2010/feature_values.csv is finished
2025-02-11 03:09 | INFO | Virtual best solver time in train = 68013.02
2025-02-11 03:09 | INFO | Single best solver list train = {'learning': 3247959.4, 'standard': 1240121.92}
2025-02-11 03:09 | INFO | Single best solver time train = standard (1240121.92)
2025-02-11 03:09 | INFO | Virtual best solver time in validation = 98622.63
2025-02-11 03:09 | INFO | Single best solver list validation = {'learning': 4956149.17, 'standard': 103107.03}
2025-02-11 03:09 | INFO | Single best solver time validation = standard (103107.03)
2025-02-11 03:09 | INFO | Virtual best solver time in test = 16797.7
2025-02-11 03:09 | INFO | Single best solver list test = {'learning': 1135045.67, 'standard': 54035.45}
2025-02-11 03:09 | INFO | Single best solver time test = standard (54035.45)
2025-02-11 03:09 | INFO | Training Time Passive Learning Classifier: 0.25 seconds
2025-02-11 03:09 | INFO | Training Time Passive Learning Regressor: 0.75 seconds
2025-02-11 03:09 | INFO | Passive Learning Classifier Runtime on Validation Set: 103107.03
2025-02-11 03:09 | INFO | Passive Learning Classifier Runtime on Test Set: 56030.75
2025-02-11 03:09 | INFO | Passive Learning Instance Cost: 632481.32
2025-02-11 03:09 | INFO | Passive Learning Emissions: 2.6702849032627518e-05
2025-02-11 03:09 | INFO | Passive Learning Energy Consumption: 2.9053381621876425e-05 kWh
2025-02-11 03:10 | INFO | Training Time Active Learning Classifier: 0.05 seconds
2025-02-11 03:10 | INFO | Training Time Active Learning Regressor: 0.09 seconds
2025-02-11 03:10 | INFO | Initial Active Learning Runtime on Validation Set: 98656.98
2025-02-11 03:10 | INFO | Initial Active Learning Runtime on Test Set: 123907.82
2025-02-11 03:10 | INFO | Initial Active Learning Instance Cost: 7719.9
2025-02-11 03:10 | INFO | Bin size = 13
2025-02-11 03:10 | INFO | Query 1 Size of the uncertainty table is = 1201/1201
2025-02-11 03:10 | INFO | Query 1 Size of the filtered table is = 457
2025-02-11 03:10 | INFO | Training Time Active Learning Classifier: 0.05 seconds
2025-02-11 03:10 | INFO | Training Time Active Learning Regressor: 0.1 seconds
2025-02-11 03:10 | INFO | Query 1 Active Learning Runtime on Validation Set: 98656.52
2025-02-11 03:10 | INFO | Query 1 Active Learning Runtime on Test Set: 88813.12
2025-02-11 03:10 | INFO | Query 1 Active Learning Instance Cost: 16625.82
2025-02-11 03:10 | INFO | Query 2 Size of the uncertainty table is = 1188/1201
2025-02-11 03:10 | INFO | Query 2 Size of the filtered table is = 390
2025-02-11 03:10 | INFO | Training Time Active Learning Classifier: 0.06 seconds
2025-02-11 03:10 | INFO | Training Time Active Learning Regressor: 0.1 seconds
2025-02-11 03:10 | INFO | Query 2 Active Learning Runtime on Validation Set: 98656.9
2025-02-11 03:10 | INFO | Query 2 Active Learning Runtime on Test Set: 88813.31
2025-02-11 03:10 | INFO | Query 2 Active Learning Instance Cost: 25409.76
2025-02-11 03:10 | INFO | Timeout limit is increased to 3600
2025-02-11 03:10 | INFO | Query 3 Size of the uncertainty table is = 1175/1201
2025-02-11 03:10 | INFO | Query 3 Size of the filtered table is = 315
2025-02-11 03:10 | INFO | Training Time Active Learning Classifier: 0.06 seconds
2025-02-11 03:10 | INFO | Training Time Active Learning Regressor: 0.11 seconds
2025-02-11 03:10 | INFO | Query 3 Active Learning Runtime on Validation Set: 98656.9
2025-02-11 03:10 | INFO | Query 3 Active Learning Runtime on Test Set: 88813.02
2025-02-11 03:10 | INFO | Query 3 Active Learning Instance Cost: 30667.75
2025-02-11 03:10 | INFO | Timeout limit is increased to 3600
2025-02-11 03:10 | INFO | Query 4 Size of the uncertainty table is = 1162/1201
2025-02-11 03:10 | INFO | Query 4 Size of the filtered table is = 380
2025-02-11 03:10 | INFO | Training Time Active Learning Classifier: 0.06 seconds
2025-02-11 03:10 | INFO | Training Time Active Learning Regressor: 0.12 seconds
2025-02-11 03:10 | INFO | Query 4 Active Learning Runtime on Validation Set: 98656.52
2025-02-11 03:10 | INFO | Query 4 Active Learning Runtime on Test Set: 93755.63
2025-02-11 03:10 | INFO | Query 4 Active Learning Instance Cost: 43925.57
2025-02-11 03:10 | INFO | Query 5 Size of the uncertainty table is = 1149/1201
2025-02-11 03:10 | INFO | Query 5 Size of the filtered table is = 412
2025-02-11 03:10 | INFO | Training Time Active Learning Classifier: 0.06 seconds
2025-02-11 03:10 | INFO | Training Time Active Learning Regressor: 0.12 seconds
2025-02-11 03:10 | INFO | Query 5 Active Learning Runtime on Validation Set: 98656.52
2025-02-11 03:10 | INFO | Query 5 Active Learning Runtime on Test Set: 88814.8
2025-02-11 03:10 | INFO | Query 5 Active Learning Instance Cost: 48588.74
2025-02-11 03:10 | INFO | Timeout limit is increased to 3600
2025-02-11 03:10 | INFO | Query 6 Size of the uncertainty table is = 1136/1201
2025-02-11 03:10 | INFO | Query 6 Size of the filtered table is = 425
2025-02-11 03:10 | INFO | Training Time Active Learning Classifier: 0.06 seconds
2025-02-11 03:10 | INFO | Training Time Active Learning Regressor: 0.12 seconds
2025-02-11 03:10 | INFO | Query 6 Active Learning Runtime on Validation Set: 98656.9
2025-02-11 03:10 | INFO | Query 6 Active Learning Runtime on Test Set: 88813.71
2025-02-11 03:10 | INFO | Query 6 Active Learning Instance Cost: 58248.3
2025-02-11 03:10 | INFO | Timeout limit is increased to 3600
2025-02-11 03:10 | INFO | Query 7 Size of the uncertainty table is = 1123/1201
2025-02-11 03:10 | INFO | Query 7 Size of the filtered table is = 374
2025-02-11 03:10 | INFO | Training Time Active Learning Classifier: 0.06 seconds
2025-02-11 03:10 | INFO | Training Time Active Learning Regressor: 0.13 seconds
2025-02-11 03:10 | INFO | Query 7 Active Learning Runtime on Validation Set: 98655.95
2025-02-11 03:10 | INFO | Query 7 Active Learning Runtime on Test Set: 56044.21
2025-02-11 03:10 | INFO | Query 7 Active Learning Instance Cost: 63887.66
2025-02-11 03:10 | INFO | Query 8 Size of the uncertainty table is = 1110/1201
2025-02-11 03:10 | INFO | Query 8 Size of the filtered table is = 378
2025-02-11 03:10 | INFO | Training Time Active Learning Classifier: 0.06 seconds
2025-02-11 03:10 | INFO | Training Time Active Learning Regressor: 0.13 seconds
2025-02-11 03:10 | INFO | Query 8 Active Learning Runtime on Validation Set: 98655.94
2025-02-11 03:10 | INFO | Query 8 Active Learning Runtime on Test Set: 91454.19
2025-02-11 03:10 | INFO | Query 8 Active Learning Instance Cost: 67546.04
2025-02-11 03:10 | INFO | Query 9 Size of the uncertainty table is = 1097/1201
2025-02-11 03:10 | INFO | Query 9 Size of the filtered table is = 325
2025-02-11 03:10 | INFO | Training Time Active Learning Classifier: 0.07 seconds
2025-02-11 03:10 | INFO | Training Time Active Learning Regressor: 0.14 seconds
2025-02-11 03:10 | INFO | Query 9 Active Learning Runtime on Validation Set: 103107.03
2025-02-11 03:10 | INFO | Query 9 Active Learning Runtime on Test Set: 91439.85
2025-02-11 03:10 | INFO | Query 9 Active Learning Instance Cost: 84255.35
2025-02-11 03:10 | INFO | Timeout limit is increased to 3600
2025-02-11 03:10 | INFO | Query 10 Size of the uncertainty table is = 1084/1201
2025-02-11 03:10 | INFO | Query 10 Size of the filtered table is = 321
2025-02-11 03:10 | INFO | Training Time Active Learning Classifier: 0.07 seconds
2025-02-11 03:10 | INFO | Training Time Active Learning Regressor: 0.15 seconds
2025-02-11 03:10 | INFO | Query 10 Active Learning Runtime on Validation Set: 103107.05
2025-02-11 03:10 | INFO | Query 10 Active Learning Runtime on Test Set: 51906.44
2025-02-11 03:10 | INFO | Query 10 Active Learning Instance Cost: 90802.59
2025-02-11 03:10 | INFO | Timeout limit is increased to 3600
2025-02-11 03:10 | INFO | Query 11 Size of the uncertainty table is = 1071/1201
2025-02-11 03:10 | INFO | Query 11 Size of the filtered table is = 320
2025-02-11 03:10 | INFO | Training Time Active Learning Classifier: 0.07 seconds
2025-02-11 03:10 | INFO | Training Time Active Learning Regressor: 0.15 seconds
2025-02-11 03:10 | INFO | Query 11 Active Learning Runtime on Validation Set: 103107.05
2025-02-11 03:10 | INFO | Query 11 Active Learning Runtime on Test Set: 51906.44
2025-02-11 03:10 | INFO | Query 11 Active Learning Instance Cost: 105367.69
2025-02-11 03:10 | INFO | Timeout limit is increased to 3600
2025-02-11 03:10 | INFO | Query 12 Size of the uncertainty table is = 1058/1201
2025-02-11 03:10 | INFO | Query 12 Size of the filtered table is = 346
2025-02-11 03:10 | INFO | Training Time Active Learning Classifier: 0.07 seconds
2025-02-11 03:10 | INFO | Training Time Active Learning Regressor: 0.16 seconds
2025-02-11 03:10 | INFO | Query 12 Active Learning Runtime on Validation Set: 103107.05
2025-02-11 03:10 | INFO | Query 12 Active Learning Runtime on Test Set: 49883.27
2025-02-11 03:10 | INFO | Query 12 Active Learning Instance Cost: 120792.03
2025-02-11 03:10 | INFO | Timeout limit is increased to 3600
2025-02-11 03:10 | INFO | Query 13 Size of the uncertainty table is = 1045/1201
2025-02-11 03:10 | INFO | Query 13 Size of the filtered table is = 313
2025-02-11 03:10 | INFO | Training Time Active Learning Classifier: 0.07 seconds
2025-02-11 03:10 | INFO | Training Time Active Learning Regressor: 0.17 seconds
2025-02-11 03:10 | INFO | Query 13 Active Learning Runtime on Validation Set: 98655.94
2025-02-11 03:10 | INFO | Query 13 Active Learning Runtime on Test Set: 84675.93
2025-02-11 03:10 | INFO | Query 13 Active Learning Instance Cost: 128205.89
2025-02-11 03:10 | INFO | Query 14 Size of the uncertainty table is = 1032/1201
2025-02-11 03:10 | INFO | Query 14 Size of the filtered table is = 369
2025-02-11 03:10 | INFO | Training Time Active Learning Classifier: 0.07 seconds
2025-02-11 03:10 | INFO | Training Time Active Learning Regressor: 0.17 seconds
2025-02-11 03:10 | INFO | Query 14 Active Learning Runtime on Validation Set: 103107.05
2025-02-11 03:10 | INFO | Query 14 Active Learning Runtime on Test Set: 16811.64
2025-02-11 03:10 | INFO | Query 14 Active Learning Instance Cost: 138384.61
2025-02-11 03:10 | INFO | Timeout limit is increased to 3600
2025-02-11 03:10 | INFO | Query 15 Size of the uncertainty table is = 1019/1201
2025-02-11 03:10 | INFO | Query 15 Size of the filtered table is = 352
2025-02-11 03:10 | INFO | Training Time Active Learning Classifier: 0.08 seconds
2025-02-11 03:10 | INFO | Training Time Active Learning Regressor: 0.18 seconds
2025-02-11 03:10 | INFO | Query 15 Active Learning Runtime on Validation Set: 103107.03
2025-02-11 03:10 | INFO | Query 15 Active Learning Runtime on Test Set: 16811.31
2025-02-11 03:10 | INFO | Query 15 Active Learning Instance Cost: 145923.66
2025-02-11 03:10 | INFO | Query 16 Size of the uncertainty table is = 1006/1201
2025-02-11 03:10 | INFO | Query 16 Size of the filtered table is = 339
2025-02-11 03:10 | INFO | Training Time Active Learning Classifier: 0.08 seconds
2025-02-11 03:10 | INFO | Training Time Active Learning Regressor: 0.19 seconds
2025-02-11 03:10 | INFO | Query 16 Active Learning Runtime on Validation Set: 103107.03
2025-02-11 03:10 | INFO | Query 16 Active Learning Runtime on Test Set: 16811.59
2025-02-11 03:10 | INFO | Query 16 Active Learning Instance Cost: 149716.01
2025-02-11 03:10 | INFO | Timeout limit is increased to 3600
2025-02-11 03:10 | INFO | Query 17 Size of the uncertainty table is = 993/1201
2025-02-11 03:10 | INFO | Query 17 Size of the filtered table is = 340
2025-02-11 03:10 | INFO | Training Time Active Learning Classifier: 0.08 seconds
2025-02-11 03:10 | INFO | Training Time Active Learning Regressor: 0.19 seconds
2025-02-11 03:10 | INFO | Query 17 Active Learning Runtime on Validation Set: 103107.03
2025-02-11 03:10 | INFO | Query 17 Active Learning Runtime on Test Set: 16811.59
2025-02-11 03:10 | INFO | Query 17 Active Learning Instance Cost: 160872.46
2025-02-11 03:10 | INFO | Timeout limit is increased to 3600
2025-02-11 03:10 | INFO | Query 18 Size of the uncertainty table is = 980/1201
2025-02-11 03:10 | INFO | Query 18 Size of the filtered table is = 310
2025-02-11 03:10 | INFO | Training Time Active Learning Classifier: 0.08 seconds
2025-02-11 03:10 | INFO | Training Time Active Learning Regressor: 0.2 seconds
2025-02-11 03:10 | INFO | Query 18 Active Learning Runtime on Validation Set: 103107.03
2025-02-11 03:10 | INFO | Query 18 Active Learning Runtime on Test Set: 16811.59
2025-02-11 03:10 | INFO | Query 18 Active Learning Instance Cost: 165068.43
2025-02-11 03:10 | INFO | Timeout limit is increased to 3600
2025-02-11 03:10 | INFO | Query 19 Size of the uncertainty table is = 967/1201
2025-02-11 03:10 | INFO | Query 19 Size of the filtered table is = 329
2025-02-11 03:10 | INFO | Training Time Active Learning Classifier: 0.08 seconds
2025-02-11 03:10 | INFO | Training Time Active Learning Regressor: 0.2 seconds
2025-02-11 03:10 | INFO | Query 19 Active Learning Runtime on Validation Set: 103107.05
2025-02-11 03:10 | INFO | Query 19 Active Learning Runtime on Test Set: 16811.6
2025-02-11 03:10 | INFO | Query 19 Active Learning Instance Cost: 172493.8
2025-02-11 03:10 | INFO | Timeout limit is increased to 3600
2025-02-11 03:10 | INFO | Query 20 Size of the uncertainty table is = 954/1201
2025-02-11 03:10 | INFO | Query 20 Size of the filtered table is = 311
2025-02-11 03:10 | INFO | Training Time Active Learning Classifier: 0.08 seconds
2025-02-11 03:10 | INFO | Training Time Active Learning Regressor: 0.21 seconds
2025-02-11 03:10 | INFO | Query 20 Active Learning Runtime on Validation Set: 103107.03
2025-02-11 03:10 | INFO | Query 20 Active Learning Runtime on Test Set: 16811.33
2025-02-11 03:10 | INFO | Query 20 Active Learning Instance Cost: 181393.71
2025-02-11 03:10 | INFO | Query 21 Size of the uncertainty table is = 941/1201
2025-02-11 03:10 | INFO | Query 21 Size of the filtered table is = 295
2025-02-11 03:10 | INFO | Training Time Active Learning Classifier: 0.09 seconds
2025-02-11 03:10 | INFO | Training Time Active Learning Regressor: 0.22 seconds
2025-02-11 03:10 | INFO | Query 21 Active Learning Runtime on Validation Set: 103107.03
2025-02-11 03:10 | INFO | Query 21 Active Learning Runtime on Test Set: 16811.6
2025-02-11 03:10 | INFO | Query 21 Active Learning Instance Cost: 192478.49
2025-02-11 03:10 | INFO | Timeout limit is increased to 3600
2025-02-11 03:10 | INFO | Query 22 Size of the uncertainty table is = 928/1201
2025-02-11 03:10 | INFO | Query 22 Size of the filtered table is = 331
2025-02-11 03:10 | INFO | Training Time Active Learning Classifier: 0.09 seconds
2025-02-11 03:10 | INFO | Training Time Active Learning Regressor: 0.23 seconds
2025-02-11 03:10 | INFO | Query 22 Active Learning Runtime on Validation Set: 98655.94
2025-02-11 03:10 | INFO | Query 22 Active Learning Runtime on Test Set: 16811.31
2025-02-11 03:10 | INFO | Query 22 Active Learning Instance Cost: 200638.66
2025-02-11 03:10 | INFO | Query 23 Size of the uncertainty table is = 915/1201
2025-02-11 03:10 | INFO | Query 23 Size of the filtered table is = 279
2025-02-11 03:10 | INFO | Training Time Active Learning Classifier: 0.09 seconds
2025-02-11 03:10 | INFO | Training Time Active Learning Regressor: 0.23 seconds
2025-02-11 03:10 | INFO | Query 23 Active Learning Runtime on Validation Set: 98655.94
2025-02-11 03:10 | INFO | Query 23 Active Learning Runtime on Test Set: 16811.28
2025-02-11 03:10 | INFO | Query 23 Active Learning Instance Cost: 213208.25
2025-02-11 03:10 | INFO | Timeout limit is increased to 3600
2025-02-11 03:10 | INFO | Query 24 Size of the uncertainty table is = 902/1201
2025-02-11 03:10 | INFO | Query 24 Size of the filtered table is = 286
2025-02-11 03:10 | INFO | Training Time Active Learning Classifier: 0.09 seconds
2025-02-11 03:10 | INFO | Training Time Active Learning Regressor: 0.24 seconds
2025-02-11 03:10 | INFO | Query 24 Active Learning Runtime on Validation Set: 98655.94
2025-02-11 03:10 | INFO | Query 24 Active Learning Runtime on Test Set: 16811.26
2025-02-11 03:10 | INFO | Query 24 Active Learning Instance Cost: 220953.9
2025-02-11 03:10 | INFO | Timeout limit is increased to 3600
2025-02-11 03:10 | INFO | Query 25 Size of the uncertainty table is = 889/1201
2025-02-11 03:10 | INFO | Query 25 Size of the filtered table is = 245
2025-02-11 03:10 | INFO | Training Time Active Learning Classifier: 0.09 seconds
2025-02-11 03:10 | INFO | Training Time Active Learning Regressor: 0.25 seconds
2025-02-11 03:10 | INFO | Query 25 Active Learning Runtime on Validation Set: 103107.05
2025-02-11 03:10 | INFO | Query 25 Active Learning Runtime on Test Set: 16811.26
2025-02-11 03:10 | INFO | Query 25 Active Learning Instance Cost: 226618.11
2025-02-11 03:10 | INFO | Timeout limit is increased to 3600
2025-02-11 03:10 | INFO | Query 26 Size of the uncertainty table is = 876/1201
2025-02-11 03:10 | INFO | Query 26 Size of the filtered table is = 255
2025-02-11 03:10 | INFO | Training Time Active Learning Classifier: 0.1 seconds
2025-02-11 03:10 | INFO | Training Time Active Learning Regressor: 0.26 seconds
2025-02-11 03:10 | INFO | Query 26 Active Learning Runtime on Validation Set: 98655.94
2025-02-11 03:10 | INFO | Query 26 Active Learning Runtime on Test Set: 16811.26
2025-02-11 03:10 | INFO | Query 26 Active Learning Instance Cost: 234033.57
2025-02-11 03:10 | INFO | Query 27 Size of the uncertainty table is = 863/1201
2025-02-11 03:10 | INFO | Query 27 Size of the filtered table is = 255
2025-02-11 03:10 | INFO | Training Time Active Learning Classifier: 0.1 seconds
2025-02-11 03:10 | INFO | Training Time Active Learning Regressor: 0.27 seconds
2025-02-11 03:10 | INFO | Query 27 Active Learning Runtime on Validation Set: 103107.05
2025-02-11 03:10 | INFO | Query 27 Active Learning Runtime on Test Set: 16811.87
2025-02-11 03:10 | INFO | Query 27 Active Learning Instance Cost: 239650.17
2025-02-11 03:10 | INFO | Timeout limit is increased to 3600
2025-02-11 03:10 | INFO | Query 28 Size of the uncertainty table is = 850/1201
2025-02-11 03:10 | INFO | Query 28 Size of the filtered table is = 258
2025-02-11 03:10 | INFO | Training Time Active Learning Classifier: 0.1 seconds
2025-02-11 03:10 | INFO | Training Time Active Learning Regressor: 0.27 seconds
2025-02-11 03:10 | INFO | Query 28 Active Learning Runtime on Validation Set: 98655.95
2025-02-11 03:10 | INFO | Query 28 Active Learning Runtime on Test Set: 16811.26
2025-02-11 03:10 | INFO | Query 28 Active Learning Instance Cost: 239663.0
2025-02-11 03:10 | INFO | Query 29 Size of the uncertainty table is = 837/1201
2025-02-11 03:10 | INFO | Query 29 Size of the filtered table is = 246
2025-02-11 03:10 | INFO | Training Time Active Learning Classifier: 0.1 seconds
2025-02-11 03:10 | INFO | Training Time Active Learning Regressor: 0.28 seconds
2025-02-11 03:10 | INFO | Query 29 Active Learning Runtime on Validation Set: 98655.94
2025-02-11 03:10 | INFO | Query 29 Active Learning Runtime on Test Set: 16811.54
2025-02-11 03:10 | INFO | Query 29 Active Learning Instance Cost: 250520.84
2025-02-11 03:10 | INFO | Query 30 Size of the uncertainty table is = 824/1201
2025-02-11 03:10 | INFO | Query 30 Size of the filtered table is = 231
2025-02-11 03:10 | INFO | Training Time Active Learning Classifier: 0.1 seconds
2025-02-11 03:10 | INFO | Training Time Active Learning Regressor: 0.28 seconds
2025-02-11 03:10 | INFO | Query 30 Active Learning Runtime on Validation Set: 103107.05
2025-02-11 03:10 | INFO | Query 30 Active Learning Runtime on Test Set: 16811.55
2025-02-11 03:10 | INFO | Query 30 Active Learning Instance Cost: 264181.07
2025-02-11 03:10 | INFO | Timeout limit is increased to 3600
2025-02-11 03:10 | INFO | Query 31 Size of the uncertainty table is = 811/1201
2025-02-11 03:10 | INFO | Query 31 Size of the filtered table is = 239
2025-02-11 03:10 | INFO | Training Time Active Learning Classifier: 0.1 seconds
2025-02-11 03:10 | INFO | Training Time Active Learning Regressor: 0.29 seconds
2025-02-11 03:11 | INFO | Query 31 Active Learning Runtime on Validation Set: 98655.94
2025-02-11 03:11 | INFO | Query 31 Active Learning Runtime on Test Set: 16798.75
2025-02-11 03:11 | INFO | Query 31 Active Learning Instance Cost: 268335.61
2025-02-11 03:11 | INFO | Query 32 Size of the uncertainty table is = 798/1201
2025-02-11 03:11 | INFO | Query 32 Size of the filtered table is = 224
2025-02-11 03:11 | INFO | Training Time Active Learning Classifier: 0.11 seconds
2025-02-11 03:11 | INFO | Training Time Active Learning Regressor: 0.3 seconds
2025-02-11 03:11 | INFO | Query 32 Active Learning Runtime on Validation Set: 103107.03
2025-02-11 03:11 | INFO | Query 32 Active Learning Runtime on Test Set: 16799.34
2025-02-11 03:11 | INFO | Query 32 Active Learning Instance Cost: 279478.72
2025-02-11 03:11 | INFO | Timeout limit is increased to 3600
2025-02-11 03:11 | INFO | Query 33 Size of the uncertainty table is = 785/1201
2025-02-11 03:11 | INFO | Query 33 Size of the filtered table is = 238
2025-02-11 03:11 | INFO | Training Time Active Learning Classifier: 0.11 seconds
2025-02-11 03:11 | INFO | Training Time Active Learning Regressor: 0.3 seconds
2025-02-11 03:11 | INFO | Query 33 Active Learning Runtime on Validation Set: 103107.03
2025-02-11 03:11 | INFO | Query 33 Active Learning Runtime on Test Set: 51906.12
2025-02-11 03:11 | INFO | Query 33 Active Learning Instance Cost: 289331.31
2025-02-11 03:11 | INFO | Timeout limit is increased to 3600
2025-02-11 03:11 | INFO | Query 34 Size of the uncertainty table is = 772/1201
2025-02-11 03:11 | INFO | Query 34 Size of the filtered table is = 228
2025-02-11 03:11 | INFO | Training Time Active Learning Classifier: 0.11 seconds
2025-02-11 03:11 | INFO | Training Time Active Learning Regressor: 0.31 seconds
2025-02-11 03:11 | INFO | Query 34 Active Learning Runtime on Validation Set: 98655.92
2025-02-11 03:11 | INFO | Query 34 Active Learning Runtime on Test Set: 16811.85
2025-02-11 03:11 | INFO | Query 34 Active Learning Instance Cost: 294890.83
2025-02-11 03:11 | INFO | Query 35 Size of the uncertainty table is = 759/1201
2025-02-11 03:11 | INFO | Query 35 Size of the filtered table is = 233
2025-02-11 03:11 | INFO | Training Time Active Learning Classifier: 0.12 seconds
2025-02-11 03:11 | INFO | Training Time Active Learning Regressor: 0.32 seconds
2025-02-11 03:11 | INFO | Query 35 Active Learning Runtime on Validation Set: 137255.84
2025-02-11 03:11 | INFO | Query 35 Active Learning Runtime on Test Set: 16799.05
2025-02-11 03:11 | INFO | Query 35 Active Learning Instance Cost: 313517.7
2025-02-11 03:11 | INFO | Timeout limit is increased to 3600
2025-02-11 03:11 | INFO | Query 36 Size of the uncertainty table is = 746/1201
2025-02-11 03:11 | INFO | Query 36 Size of the filtered table is = 222
2025-02-11 03:11 | INFO | Training Time Active Learning Classifier: 0.12 seconds
2025-02-11 03:11 | INFO | Training Time Active Learning Regressor: 0.33 seconds
2025-02-11 03:11 | INFO | Query 36 Active Learning Runtime on Validation Set: 98655.92
2025-02-11 03:11 | INFO | Query 36 Active Learning Runtime on Test Set: 16811.86
2025-02-11 03:11 | INFO | Query 36 Active Learning Instance Cost: 320905.32
2025-02-11 03:11 | INFO | Query 37 Size of the uncertainty table is = 733/1201
2025-02-11 03:11 | INFO | Query 37 Size of the filtered table is = 236
2025-02-11 03:11 | INFO | Training Time Active Learning Classifier: 0.12 seconds
2025-02-11 03:11 | INFO | Training Time Active Learning Regressor: 0.33 seconds
2025-02-11 03:11 | INFO | Query 37 Active Learning Runtime on Validation Set: 98655.92
2025-02-11 03:11 | INFO | Query 37 Active Learning Runtime on Test Set: 16811.86
2025-02-11 03:11 | INFO | Query 37 Active Learning Instance Cost: 333930.75
2025-02-11 03:11 | INFO | Timeout limit is increased to 3600
2025-02-11 03:11 | INFO | Query 38 Size of the uncertainty table is = 720/1201
2025-02-11 03:11 | INFO | Query 38 Size of the filtered table is = 200
2025-02-11 03:11 | INFO | Training Time Active Learning Classifier: 0.12 seconds
2025-02-11 03:11 | INFO | Training Time Active Learning Regressor: 0.35 seconds
2025-02-11 03:11 | INFO | Query 38 Active Learning Runtime on Validation Set: 98655.92
2025-02-11 03:11 | INFO | Query 38 Active Learning Runtime on Test Set: 16811.56
2025-02-11 03:11 | INFO | Query 38 Active Learning Instance Cost: 347352.34
2025-02-11 03:11 | INFO | Timeout limit is increased to 3600
2025-02-11 03:11 | INFO | Query 39 Size of the uncertainty table is = 707/1201
2025-02-11 03:11 | INFO | Query 39 Size of the filtered table is = 226
2025-02-11 03:11 | INFO | Training Time Active Learning Classifier: 0.12 seconds
2025-02-11 03:11 | INFO | Training Time Active Learning Regressor: 0.35 seconds
2025-02-11 03:11 | INFO | Query 39 Active Learning Runtime on Validation Set: 103107.03
2025-02-11 03:11 | INFO | Query 39 Active Learning Runtime on Test Set: 17112.9
2025-02-11 03:11 | INFO | Query 39 Active Learning Instance Cost: 356494.41
2025-02-11 03:11 | INFO | Timeout limit is increased to 3600
2025-02-11 03:11 | INFO | Query 40 Size of the uncertainty table is = 694/1201
2025-02-11 03:11 | INFO | Query 40 Size of the filtered table is = 194
2025-02-11 03:11 | INFO | Training Time Active Learning Classifier: 0.13 seconds
2025-02-11 03:11 | INFO | Training Time Active Learning Regressor: 0.35 seconds
2025-02-11 03:11 | INFO | Query 40 Active Learning Runtime on Validation Set: 103107.03
2025-02-11 03:11 | INFO | Query 40 Active Learning Runtime on Test Set: 17113.49
2025-02-11 03:11 | INFO | Query 40 Active Learning Instance Cost: 374824.99
2025-02-11 03:11 | INFO | Timeout limit is increased to 3600
2025-02-11 03:11 | INFO | Query 41 Size of the uncertainty table is = 681/1201
2025-02-11 03:11 | INFO | Query 41 Size of the filtered table is = 202
2025-02-11 03:11 | INFO | Training Time Active Learning Classifier: 0.13 seconds
2025-02-11 03:11 | INFO | Training Time Active Learning Regressor: 0.36 seconds
2025-02-11 03:11 | INFO | Query 41 Active Learning Runtime on Validation Set: 98655.92
2025-02-11 03:11 | INFO | Query 41 Active Learning Runtime on Test Set: 17113.19
2025-02-11 03:11 | INFO | Query 41 Active Learning Instance Cost: 391743.17
2025-02-11 03:11 | INFO | Query 42 Size of the uncertainty table is = 668/1201
2025-02-11 03:11 | INFO | Query 42 Size of the filtered table is = 208
2025-02-11 03:11 | INFO | Training Time Active Learning Classifier: 0.13 seconds
2025-02-11 03:11 | INFO | Training Time Active Learning Regressor: 0.37 seconds
2025-02-11 03:11 | INFO | Query 42 Active Learning Runtime on Validation Set: 98655.92
2025-02-11 03:11 | INFO | Query 42 Active Learning Runtime on Test Set: 17112.91
2025-02-11 03:11 | INFO | Query 42 Active Learning Instance Cost: 409122.48
2025-02-11 03:11 | INFO | Timeout limit is increased to 3600
2025-02-11 03:11 | INFO | Query 43 Size of the uncertainty table is = 655/1201
2025-02-11 03:11 | INFO | Query 43 Size of the filtered table is = 206
2025-02-11 03:11 | INFO | Training Time Active Learning Classifier: 0.13 seconds
2025-02-11 03:11 | INFO | Training Time Active Learning Regressor: 0.38 seconds
2025-02-11 03:11 | INFO | Query 43 Active Learning Runtime on Validation Set: 98655.94
2025-02-11 03:11 | INFO | Query 43 Active Learning Runtime on Test Set: 17113.18
2025-02-11 03:11 | INFO | Query 43 Active Learning Instance Cost: 419479.79
2025-02-11 03:11 | INFO | Timeout limit is increased to 3600
2025-02-11 03:11 | INFO | Query 44 Size of the uncertainty table is = 642/1201
2025-02-11 03:11 | INFO | Query 44 Size of the filtered table is = 202
2025-02-11 03:11 | INFO | Training Time Active Learning Classifier: 0.14 seconds
2025-02-11 03:11 | INFO | Training Time Active Learning Regressor: 0.39 seconds
2025-02-11 03:11 | INFO | Query 44 Active Learning Runtime on Validation Set: 98655.94
2025-02-11 03:11 | INFO | Query 44 Active Learning Runtime on Test Set: 17113.52
2025-02-11 03:11 | INFO | Query 44 Active Learning Instance Cost: 419660.59
2025-02-11 03:11 | INFO | Timeout limit is increased to 3600
2025-02-11 03:11 | INFO | Query 45 Size of the uncertainty table is = 629/1201
2025-02-11 03:11 | INFO | Query 45 Size of the filtered table is = 177
2025-02-11 03:11 | INFO | Training Time Active Learning Classifier: 0.14 seconds
2025-02-11 03:11 | INFO | Training Time Active Learning Regressor: 0.39 seconds
2025-02-11 03:11 | INFO | Query 45 Active Learning Runtime on Validation Set: 98655.92
2025-02-11 03:11 | INFO | Query 45 Active Learning Runtime on Test Set: 17113.52
2025-02-11 03:11 | INFO | Query 45 Active Learning Instance Cost: 428464.22
2025-02-11 03:11 | INFO | Query 46 Size of the uncertainty table is = 616/1201
2025-02-11 03:11 | INFO | Query 46 Size of the filtered table is = 193
2025-02-11 03:11 | INFO | Training Time Active Learning Classifier: 0.14 seconds
2025-02-11 03:11 | INFO | Training Time Active Learning Regressor: 0.4 seconds
2025-02-11 03:11 | INFO | Query 46 Active Learning Runtime on Validation Set: 98655.92
2025-02-11 03:11 | INFO | Query 46 Active Learning Runtime on Test Set: 17114.02
2025-02-11 03:11 | INFO | Query 46 Active Learning Instance Cost: 438196.9
2025-02-11 03:11 | INFO | Timeout limit is increased to 3600
2025-02-11 03:11 | INFO | Query 47 Size of the uncertainty table is = 603/1201
2025-02-11 03:11 | INFO | Query 47 Size of the filtered table is = 172
2025-02-11 03:11 | INFO | Training Time Active Learning Classifier: 0.14 seconds
2025-02-11 03:11 | INFO | Training Time Active Learning Regressor: 0.41 seconds
2025-02-11 03:11 | INFO | Query 47 Active Learning Runtime on Validation Set: 103107.03
2025-02-11 03:11 | INFO | Query 47 Active Learning Runtime on Test Set: 17113.2
2025-02-11 03:11 | INFO | Query 47 Active Learning Instance Cost: 445408.24
2025-02-11 03:11 | INFO | Timeout limit is increased to 3600
2025-02-11 03:11 | INFO | Query 48 Size of the uncertainty table is = 590/1201
2025-02-11 03:11 | INFO | Query 48 Size of the filtered table is = 182
2025-02-11 03:11 | INFO | Training Time Active Learning Classifier: 0.14 seconds
2025-02-11 03:11 | INFO | Training Time Active Learning Regressor: 0.41 seconds
2025-02-11 03:11 | INFO | Query 48 Active Learning Runtime on Validation Set: 98655.92
2025-02-11 03:11 | INFO | Query 48 Active Learning Runtime on Test Set: 17112.92
2025-02-11 03:11 | INFO | Query 48 Active Learning Instance Cost: 449557.35
2025-02-11 03:11 | INFO | Query 49 Size of the uncertainty table is = 577/1201
2025-02-11 03:11 | INFO | Query 49 Size of the filtered table is = 157
2025-02-11 03:11 | INFO | Training Time Active Learning Classifier: 0.15 seconds
2025-02-11 03:11 | INFO | Training Time Active Learning Regressor: 0.42 seconds
2025-02-11 03:11 | INFO | Query 49 Active Learning Runtime on Validation Set: 98655.92
2025-02-11 03:11 | INFO | Query 49 Active Learning Runtime on Test Set: 17114.37
2025-02-11 03:11 | INFO | Query 49 Active Learning Instance Cost: 462206.08
2025-02-11 03:11 | INFO | Timeout limit is increased to 3600
2025-02-11 03:11 | INFO | Query 50 Size of the uncertainty table is = 564/1201
2025-02-11 03:11 | INFO | Query 50 Size of the filtered table is = 179
2025-02-11 03:11 | INFO | Training Time Active Learning Classifier: 0.15 seconds
2025-02-11 03:11 | INFO | Training Time Active Learning Regressor: 0.43 seconds
2025-02-11 03:11 | INFO | Query 50 Active Learning Runtime on Validation Set: 98655.92
2025-02-11 03:11 | INFO | Query 50 Active Learning Runtime on Test Set: 17113.44
2025-02-11 03:11 | INFO | Query 50 Active Learning Instance Cost: 462212.86
2025-02-11 03:11 | INFO | Timeout limit is increased to 3600
2025-02-11 03:11 | INFO | Query 51 Size of the uncertainty table is = 551/1201
2025-02-11 03:11 | INFO | Query 51 Size of the filtered table is = 149
2025-02-11 03:11 | INFO | Training Time Active Learning Classifier: 0.15 seconds
2025-02-11 03:11 | INFO | Training Time Active Learning Regressor: 0.44 seconds
2025-02-11 03:11 | INFO | Query 51 Active Learning Runtime on Validation Set: 98655.92
2025-02-11 03:11 | INFO | Query 51 Active Learning Runtime on Test Set: 17114.03
2025-02-11 03:11 | INFO | Query 51 Active Learning Instance Cost: 465997.68
2025-02-11 03:11 | INFO | Timeout limit is increased to 3600
2025-02-11 03:11 | INFO | Query 52 Size of the uncertainty table is = 538/1201
2025-02-11 03:11 | INFO | Query 52 Size of the filtered table is = 176
2025-02-11 03:11 | INFO | Training Time Active Learning Classifier: 0.16 seconds
2025-02-11 03:11 | INFO | Training Time Active Learning Regressor: 0.45 seconds
2025-02-11 03:11 | INFO | Query 52 Active Learning Runtime on Validation Set: 98655.92
2025-02-11 03:11 | INFO | Query 52 Active Learning Runtime on Test Set: 17113.38
2025-02-11 03:11 | INFO | Query 52 Active Learning Instance Cost: 469440.9
2025-02-11 03:11 | INFO | Timeout limit is increased to 3600
2025-02-11 03:11 | INFO | Query 53 Size of the uncertainty table is = 525/1201
2025-02-11 03:11 | INFO | Query 53 Size of the filtered table is = 142
2025-02-11 03:11 | INFO | Training Time Active Learning Classifier: 0.16 seconds
2025-02-11 03:11 | INFO | Training Time Active Learning Regressor: 0.45 seconds
2025-02-11 03:11 | INFO | Query 53 Active Learning Runtime on Validation Set: 98655.92
2025-02-11 03:11 | INFO | Query 53 Active Learning Runtime on Test Set: 17114.48
2025-02-11 03:11 | INFO | Query 53 Active Learning Instance Cost: 475284.37
2025-02-11 03:11 | INFO | Timeout limit is increased to 3600
2025-02-11 03:11 | INFO | Query 54 Size of the uncertainty table is = 512/1201
2025-02-11 03:11 | INFO | Query 54 Size of the filtered table is = 144
2025-02-11 03:11 | INFO | Training Time Active Learning Classifier: 0.16 seconds
2025-02-11 03:11 | INFO | Training Time Active Learning Regressor: 0.46 seconds
2025-02-11 03:11 | INFO | Query 54 Active Learning Runtime on Validation Set: 98655.94
2025-02-11 03:11 | INFO | Query 54 Active Learning Runtime on Test Set: 56345.45
2025-02-11 03:11 | INFO | Query 54 Active Learning Instance Cost: 475926.8
2025-02-11 03:11 | INFO | Timeout limit is increased to 3600
2025-02-11 03:11 | INFO | Query 55 Size of the uncertainty table is = 499/1201
2025-02-11 03:11 | INFO | Query 55 Size of the filtered table is = 147
2025-02-11 03:11 | INFO | Training Time Active Learning Classifier: 0.16 seconds
2025-02-11 03:11 | INFO | Training Time Active Learning Regressor: 0.46 seconds
2025-02-11 03:11 | INFO | Query 55 Active Learning Runtime on Validation Set: 103107.03
2025-02-11 03:11 | INFO | Query 55 Active Learning Runtime on Test Set: 56043.49
2025-02-11 03:11 | INFO | Query 55 Active Learning Instance Cost: 476211.94
2025-02-11 03:11 | INFO | Timeout limit is increased to 3600
2025-02-11 03:11 | INFO | Query 56 Size of the uncertainty table is = 486/1201
2025-02-11 03:11 | INFO | Query 56 Size of the filtered table is = 119
2025-02-11 03:11 | INFO | Training Time Active Learning Classifier: 0.16 seconds
2025-02-11 03:11 | INFO | Training Time Active Learning Regressor: 0.47 seconds
2025-02-11 03:11 | INFO | Query 56 Active Learning Runtime on Validation Set: 98655.92
2025-02-11 03:11 | INFO | Query 56 Active Learning Runtime on Test Set: 56044.46
2025-02-11 03:11 | INFO | Query 56 Active Learning Instance Cost: 488788.37
2025-02-11 03:11 | INFO | Query 57 Size of the uncertainty table is = 473/1201
2025-02-11 03:11 | INFO | Query 57 Size of the filtered table is = 138
2025-02-11 03:11 | INFO | Training Time Active Learning Classifier: 0.17 seconds
2025-02-11 03:11 | INFO | Training Time Active Learning Regressor: 0.49 seconds
2025-02-11 03:11 | INFO | Query 57 Active Learning Runtime on Validation Set: 98655.92
2025-02-11 03:11 | INFO | Query 57 Active Learning Runtime on Test Set: 56044.43
2025-02-11 03:11 | INFO | Query 57 Active Learning Instance Cost: 488862.23
2025-02-11 03:11 | INFO | Timeout limit is increased to 3600
2025-02-11 03:11 | INFO | Query 58 Size of the uncertainty table is = 460/1201
2025-02-11 03:11 | INFO | Query 58 Size of the filtered table is = 137
2025-02-11 03:11 | INFO | Training Time Active Learning Classifier: 0.17 seconds
2025-02-11 03:11 | INFO | Training Time Active Learning Regressor: 0.49 seconds
2025-02-11 03:11 | INFO | Query 58 Active Learning Runtime on Validation Set: 98655.92
2025-02-11 03:11 | INFO | Query 58 Active Learning Runtime on Test Set: 56044.46
2025-02-11 03:11 | INFO | Query 58 Active Learning Instance Cost: 496068.11
2025-02-11 03:11 | INFO | Timeout limit is increased to 3600
2025-02-11 03:11 | INFO | Query 59 Size of the uncertainty table is = 447/1201
2025-02-11 03:11 | INFO | Query 59 Size of the filtered table is = 121
2025-02-11 03:11 | INFO | Training Time Active Learning Classifier: 0.17 seconds
2025-02-11 03:11 | INFO | Training Time Active Learning Regressor: 0.5 seconds
2025-02-11 03:12 | INFO | Query 59 Active Learning Runtime on Validation Set: 103107.03
2025-02-11 03:12 | INFO | Query 59 Active Learning Runtime on Test Set: 56044.12
2025-02-11 03:12 | INFO | Query 59 Active Learning Instance Cost: 503520.28
2025-02-11 03:12 | INFO | Timeout limit is increased to 3600
2025-02-11 03:12 | INFO | Query 60 Size of the uncertainty table is = 434/1201
2025-02-11 03:12 | INFO | Query 60 Size of the filtered table is = 142
2025-02-11 03:12 | INFO | Training Time Active Learning Classifier: 0.17 seconds
2025-02-11 03:12 | INFO | Training Time Active Learning Regressor: 0.51 seconds
2025-02-11 03:12 | INFO | Query 60 Active Learning Runtime on Validation Set: 103107.03
2025-02-11 03:12 | INFO | Query 60 Active Learning Runtime on Test Set: 56044.12
2025-02-11 03:12 | INFO | Query 60 Active Learning Instance Cost: 513255.75
2025-02-11 03:12 | INFO | Timeout limit is increased to 3600
2025-02-11 03:12 | INFO | Query 61 Size of the uncertainty table is = 421/1201
2025-02-11 03:12 | INFO | Query 61 Size of the filtered table is = 130
2025-02-11 03:12 | INFO | Training Time Active Learning Classifier: 0.17 seconds
2025-02-11 03:12 | INFO | Training Time Active Learning Regressor: 0.52 seconds
2025-02-11 03:12 | INFO | Query 61 Active Learning Runtime on Validation Set: 98655.92
2025-02-11 03:12 | INFO | Query 61 Active Learning Runtime on Test Set: 56044.12
2025-02-11 03:12 | INFO | Query 61 Active Learning Instance Cost: 522145.52
2025-02-11 03:12 | INFO | Query 62 Size of the uncertainty table is = 408/1201
2025-02-11 03:12 | INFO | Query 62 Size of the filtered table is = 104
2025-02-11 03:12 | INFO | Training Time Active Learning Classifier: 0.18 seconds
2025-02-11 03:12 | INFO | Training Time Active Learning Regressor: 0.52 seconds
2025-02-11 03:12 | INFO | Query 62 Active Learning Runtime on Validation Set: 98655.92
2025-02-11 03:12 | INFO | Query 62 Active Learning Runtime on Test Set: 56044.41
2025-02-11 03:12 | INFO | Query 62 Active Learning Instance Cost: 527537.93
2025-02-11 03:12 | INFO | Timeout limit is increased to 3600
2025-02-11 03:12 | INFO | Query 63 Size of the uncertainty table is = 395/1201
2025-02-11 03:12 | INFO | Query 63 Size of the filtered table is = 146
2025-02-11 03:12 | INFO | Training Time Active Learning Classifier: 0.18 seconds
2025-02-11 03:12 | INFO | Training Time Active Learning Regressor: 0.53 seconds
2025-02-11 03:12 | INFO | Query 63 Active Learning Runtime on Validation Set: 98655.92
2025-02-11 03:12 | INFO | Query 63 Active Learning Runtime on Test Set: 56044.12
2025-02-11 03:12 | INFO | Query 63 Active Learning Instance Cost: 531401.95
2025-02-11 03:12 | INFO | Timeout limit is increased to 3600
2025-02-11 03:12 | INFO | Query 64 Size of the uncertainty table is = 382/1201
2025-02-11 03:12 | INFO | Query 64 Size of the filtered table is = 111
2025-02-11 03:12 | INFO | Training Time Active Learning Classifier: 0.18 seconds
2025-02-11 03:12 | INFO | Training Time Active Learning Regressor: 0.55 seconds
2025-02-11 03:12 | INFO | Query 64 Active Learning Runtime on Validation Set: 98655.92
2025-02-11 03:12 | INFO | Query 64 Active Learning Runtime on Test Set: 56043.49
2025-02-11 03:12 | INFO | Query 64 Active Learning Instance Cost: 533375.35
2025-02-11 03:12 | INFO | Timeout limit is increased to 3600
2025-02-11 03:12 | INFO | Query 65 Size of the uncertainty table is = 369/1201
2025-02-11 03:12 | INFO | Query 65 Size of the filtered table is = 81
2025-02-11 03:12 | INFO | Training Time Active Learning Classifier: 0.18 seconds
2025-02-11 03:12 | INFO | Training Time Active Learning Regressor: 0.55 seconds
2025-02-11 03:12 | INFO | Query 65 Active Learning Runtime on Validation Set: 98655.92
2025-02-11 03:12 | INFO | Query 65 Active Learning Runtime on Test Set: 56044.12
2025-02-11 03:12 | INFO | Query 65 Active Learning Instance Cost: 540584.34
2025-02-11 03:12 | INFO | Timeout limit is increased to 3600
2025-02-11 03:12 | INFO | Query 66 Size of the uncertainty table is = 356/1201
2025-02-11 03:12 | INFO | Query 66 Size of the filtered table is = 106
2025-02-11 03:12 | INFO | Training Time Active Learning Classifier: 0.19 seconds
2025-02-11 03:12 | INFO | Training Time Active Learning Regressor: 0.56 seconds
2025-02-11 03:12 | INFO | Query 66 Active Learning Runtime on Validation Set: 103107.03
2025-02-11 03:12 | INFO | Query 66 Active Learning Runtime on Test Set: 56044.46
2025-02-11 03:12 | INFO | Query 66 Active Learning Instance Cost: 544184.57
2025-02-11 03:12 | INFO | Timeout limit is increased to 3600
2025-02-11 03:12 | INFO | Query 67 Size of the uncertainty table is = 343/1201
2025-02-11 03:12 | INFO | Query 67 Size of the filtered table is = 82
2025-02-11 03:12 | INFO | Training Time Active Learning Classifier: 0.19 seconds
2025-02-11 03:12 | INFO | Training Time Active Learning Regressor: 0.56 seconds
2025-02-11 03:12 | INFO | Query 67 Active Learning Runtime on Validation Set: 103107.03
2025-02-11 03:12 | INFO | Query 67 Active Learning Runtime on Test Set: 56044.43
2025-02-11 03:12 | INFO | Query 67 Active Learning Instance Cost: 548843.12
2025-02-11 03:12 | INFO | Timeout limit is increased to 3600
2025-02-11 03:12 | INFO | Query 68 Size of the uncertainty table is = 330/1201
2025-02-11 03:12 | INFO | Query 68 Size of the filtered table is = 73
2025-02-11 03:12 | INFO | Training Time Active Learning Classifier: 0.19 seconds
2025-02-11 03:12 | INFO | Training Time Active Learning Regressor: 0.57 seconds
2025-02-11 03:12 | INFO | Query 68 Active Learning Runtime on Validation Set: 103107.03
2025-02-11 03:12 | INFO | Query 68 Active Learning Runtime on Test Set: 56044.43
2025-02-11 03:12 | INFO | Query 68 Active Learning Instance Cost: 557929.66
2025-02-11 03:12 | INFO | Timeout limit is increased to 3600
2025-02-11 03:12 | INFO | Query 69 Size of the uncertainty table is = 317/1201
2025-02-11 03:12 | INFO | Query 69 Size of the filtered table is = 83
2025-02-11 03:12 | INFO | Training Time Active Learning Classifier: 0.19 seconds
2025-02-11 03:12 | INFO | Training Time Active Learning Regressor: 0.59 seconds
2025-02-11 03:12 | INFO | Query 69 Active Learning Runtime on Validation Set: 103107.03
2025-02-11 03:12 | INFO | Query 69 Active Learning Runtime on Test Set: 56044.73
2025-02-11 03:12 | INFO | Query 69 Active Learning Instance Cost: 563370.54
2025-02-11 03:12 | INFO | Timeout limit is increased to 3600
2025-02-11 03:12 | INFO | Query 70 Size of the uncertainty table is = 304/1201
2025-02-11 03:12 | INFO | Query 70 Size of the filtered table is = 79
2025-02-11 03:12 | INFO | Training Time Active Learning Classifier: 0.19 seconds
2025-02-11 03:12 | INFO | Training Time Active Learning Regressor: 0.59 seconds
2025-02-11 03:12 | INFO | Query 70 Active Learning Runtime on Validation Set: 103107.03
2025-02-11 03:12 | INFO | Query 70 Active Learning Runtime on Test Set: 56044.38
2025-02-11 03:12 | INFO | Query 70 Active Learning Instance Cost: 564808.05
2025-02-11 03:12 | INFO | Timeout limit is increased to 3600
2025-02-11 03:12 | INFO | Query 71 Size of the uncertainty table is = 291/1201
2025-02-11 03:12 | INFO | Query 71 Size of the filtered table is = 85
2025-02-11 03:12 | INFO | Training Time Active Learning Classifier: 0.19 seconds
2025-02-11 03:12 | INFO | Training Time Active Learning Regressor: 0.59 seconds
2025-02-11 03:12 | INFO | Query 71 Active Learning Runtime on Validation Set: 103107.03
2025-02-11 03:12 | INFO | Query 71 Active Learning Runtime on Test Set: 56044.44
2025-02-11 03:12 | INFO | Query 71 Active Learning Instance Cost: 564829.32
2025-02-11 03:12 | INFO | Timeout limit is increased to 3600
2025-02-11 03:12 | INFO | Query 72 Size of the uncertainty table is = 278/1201
2025-02-11 03:12 | INFO | Query 72 Size of the filtered table is = 77
2025-02-11 03:12 | INFO | Training Time Active Learning Classifier: 0.2 seconds
2025-02-11 03:12 | INFO | Training Time Active Learning Regressor: 0.6 seconds
2025-02-11 03:12 | INFO | Query 72 Active Learning Runtime on Validation Set: 103107.03
2025-02-11 03:12 | INFO | Query 72 Active Learning Runtime on Test Set: 56043.79
2025-02-11 03:12 | INFO | Query 72 Active Learning Instance Cost: 565118.05
2025-02-11 03:12 | INFO | Timeout limit is increased to 3600
2025-02-11 03:12 | INFO | Query 73 Size of the uncertainty table is = 265/1201
2025-02-11 03:12 | INFO | Query 73 Size of the filtered table is = 75
2025-02-11 03:12 | INFO | Training Time Active Learning Classifier: 0.2 seconds
2025-02-11 03:12 | INFO | Training Time Active Learning Regressor: 0.61 seconds
2025-02-11 03:12 | INFO | Query 73 Active Learning Runtime on Validation Set: 103107.03
2025-02-11 03:12 | INFO | Query 73 Active Learning Runtime on Test Set: 56043.8
2025-02-11 03:12 | INFO | Query 73 Active Learning Instance Cost: 565211.65
2025-02-11 03:12 | INFO | Timeout limit is increased to 3600
2025-02-11 03:12 | INFO | Query 74 Size of the uncertainty table is = 252/1201
2025-02-11 03:12 | INFO | Query 74 Size of the filtered table is = 55
2025-02-11 03:12 | INFO | Training Time Active Learning Classifier: 0.2 seconds
2025-02-11 03:12 | INFO | Training Time Active Learning Regressor: 0.62 seconds
2025-02-11 03:12 | INFO | Query 74 Active Learning Runtime on Validation Set: 103107.03
2025-02-11 03:12 | INFO | Query 74 Active Learning Runtime on Test Set: 91138.69
2025-02-11 03:12 | INFO | Query 74 Active Learning Instance Cost: 567152.16
2025-02-11 03:12 | INFO | Timeout limit is increased to 3600
2025-02-11 03:12 | INFO | Query 75 Size of the uncertainty table is = 239/1201
2025-02-11 03:12 | INFO | Query 75 Size of the filtered table is = 93
2025-02-11 03:12 | INFO | Training Time Active Learning Classifier: 0.2 seconds
2025-02-11 03:12 | INFO | Training Time Active Learning Regressor: 0.64 seconds
2025-02-11 03:12 | INFO | Query 75 Active Learning Runtime on Validation Set: 103107.03
2025-02-11 03:12 | INFO | Query 75 Active Learning Runtime on Test Set: 56044.46
2025-02-11 03:12 | INFO | Query 75 Active Learning Instance Cost: 571469.44
2025-02-11 03:12 | INFO | Timeout limit is increased to 3600
2025-02-11 03:12 | INFO | Query 76 Size of the uncertainty table is = 226/1201
2025-02-11 03:12 | INFO | Query 76 Size of the filtered table is = 82
2025-02-11 03:12 | INFO | Training Time Active Learning Classifier: 0.21 seconds
2025-02-11 03:12 | INFO | Training Time Active Learning Regressor: 0.64 seconds
2025-02-11 03:12 | INFO | Query 76 Active Learning Runtime on Validation Set: 103107.03
2025-02-11 03:12 | INFO | Query 76 Active Learning Runtime on Test Set: 91138.63
2025-02-11 03:12 | INFO | Query 76 Active Learning Instance Cost: 586333.93
2025-02-11 03:12 | INFO | Timeout limit is increased to 3600
2025-02-11 03:12 | INFO | Query 77 Size of the uncertainty table is = 213/1201
2025-02-11 03:12 | INFO | Query 77 Size of the filtered table is = 84
2025-02-11 03:12 | INFO | Training Time Active Learning Classifier: 0.21 seconds
2025-02-11 03:12 | INFO | Training Time Active Learning Regressor: 0.64 seconds
2025-02-11 03:12 | INFO | Query 77 Active Learning Runtime on Validation Set: 103107.03
2025-02-11 03:12 | INFO | Query 77 Active Learning Runtime on Test Set: 91138.39
2025-02-11 03:12 | INFO | Query 77 Active Learning Instance Cost: 592195.42
2025-02-11 03:12 | INFO | Timeout limit is increased to 3600
2025-02-11 03:12 | INFO | Query 78 Size of the uncertainty table is = 200/1201
2025-02-11 03:12 | INFO | Query 78 Size of the filtered table is = 90
2025-02-11 03:12 | INFO | Training Time Active Learning Classifier: 0.21 seconds
2025-02-11 03:12 | INFO | Training Time Active Learning Regressor: 0.66 seconds
2025-02-11 03:12 | INFO | Query 78 Active Learning Runtime on Validation Set: 103107.03
2025-02-11 03:12 | INFO | Query 78 Active Learning Runtime on Test Set: 56044.44
2025-02-11 03:12 | INFO | Query 78 Active Learning Instance Cost: 595226.57
2025-02-11 03:12 | INFO | Timeout limit is increased to 3600
2025-02-11 03:12 | INFO | Query 79 Size of the uncertainty table is = 187/1201
2025-02-11 03:12 | INFO | Query 79 Size of the filtered table is = 64
2025-02-11 03:12 | INFO | Training Time Active Learning Classifier: 0.21 seconds
2025-02-11 03:12 | INFO | Training Time Active Learning Regressor: 0.67 seconds
2025-02-11 03:12 | INFO | Query 79 Active Learning Runtime on Validation Set: 103107.03
2025-02-11 03:12 | INFO | Query 79 Active Learning Runtime on Test Set: 56031.33
2025-02-11 03:12 | INFO | Query 79 Active Learning Instance Cost: 595237.16
2025-02-11 03:12 | INFO | Timeout limit is increased to 3600
2025-02-11 03:12 | INFO | Query 80 Size of the uncertainty table is = 174/1201
2025-02-11 03:12 | INFO | Query 80 Size of the filtered table is = 71
2025-02-11 03:12 | INFO | Training Time Active Learning Classifier: 0.22 seconds
2025-02-11 03:12 | INFO | Training Time Active Learning Regressor: 0.67 seconds
2025-02-11 03:12 | INFO | Query 80 Active Learning Runtime on Validation Set: 103107.03
2025-02-11 03:12 | INFO | Query 80 Active Learning Runtime on Test Set: 56031.3
2025-02-11 03:12 | INFO | Query 80 Active Learning Instance Cost: 595246.23
2025-02-11 03:12 | INFO | Timeout limit is increased to 3600
2025-02-11 03:12 | INFO | Query 81 Size of the uncertainty table is = 161/1201
2025-02-11 03:12 | INFO | Query 81 Size of the filtered table is = 66
2025-02-11 03:12 | INFO | Training Time Active Learning Classifier: 0.22 seconds
2025-02-11 03:12 | INFO | Training Time Active Learning Regressor: 0.68 seconds
2025-02-11 03:12 | INFO | Query 81 Active Learning Runtime on Validation Set: 103107.03
2025-02-11 03:12 | INFO | Query 81 Active Learning Runtime on Test Set: 91138.15
2025-02-11 03:12 | INFO | Query 81 Active Learning Instance Cost: 596076.14
2025-02-11 03:12 | INFO | Timeout limit is increased to 3600
2025-02-11 03:12 | INFO | Query 82 Size of the uncertainty table is = 148/1201
2025-02-11 03:12 | INFO | Query 82 Size of the filtered table is = 59
2025-02-11 03:12 | INFO | Training Time Active Learning Classifier: 0.22 seconds
2025-02-11 03:12 | INFO | Training Time Active Learning Regressor: 0.69 seconds
2025-02-11 03:12 | INFO | Query 82 Active Learning Runtime on Validation Set: 103107.03
2025-02-11 03:12 | INFO | Query 82 Active Learning Runtime on Test Set: 91138.67
2025-02-11 03:12 | INFO | Query 82 Active Learning Instance Cost: 596099.9
2025-02-11 03:12 | INFO | Timeout limit is increased to 3600
2025-02-11 03:12 | INFO | Query 83 Size of the uncertainty table is = 135/1201
2025-02-11 03:12 | INFO | Query 83 Size of the filtered table is = 48
2025-02-11 03:12 | INFO | Training Time Active Learning Classifier: 0.22 seconds
2025-02-11 03:12 | INFO | Training Time Active Learning Regressor: 0.71 seconds
2025-02-11 03:12 | INFO | Query 83 Active Learning Runtime on Validation Set: 103107.03
2025-02-11 03:12 | INFO | Query 83 Active Learning Runtime on Test Set: 56044.11
2025-02-11 03:12 | INFO | Query 83 Active Learning Instance Cost: 604153.06
2025-02-11 03:12 | INFO | Timeout limit is increased to 3600
2025-02-11 03:12 | INFO | Query 84 Size of the uncertainty table is = 122/1201
2025-02-11 03:12 | INFO | Query 84 Size of the filtered table is = 40
2025-02-11 03:12 | INFO | Training Time Active Learning Classifier: 0.23 seconds
2025-02-11 03:12 | INFO | Training Time Active Learning Regressor: 0.7 seconds
2025-02-11 03:12 | INFO | Query 84 Active Learning Runtime on Validation Set: 103107.03
2025-02-11 03:12 | INFO | Query 84 Active Learning Runtime on Test Set: 91125.86
2025-02-11 03:12 | INFO | Query 84 Active Learning Instance Cost: 612163.32
2025-02-11 03:12 | INFO | Timeout limit is increased to 3600
2025-02-11 03:12 | INFO | Query 85 Size of the uncertainty table is = 109/1201
2025-02-11 03:12 | INFO | Query 85 Size of the filtered table is = 34
2025-02-11 03:12 | INFO | Training Time Active Learning Classifier: 0.23 seconds
2025-02-11 03:12 | INFO | Training Time Active Learning Regressor: 0.71 seconds
2025-02-11 03:12 | INFO | Query 85 Active Learning Runtime on Validation Set: 103107.03
2025-02-11 03:12 | INFO | Query 85 Active Learning Runtime on Test Set: 56031.3
2025-02-11 03:12 | INFO | Query 85 Active Learning Instance Cost: 614260.02
2025-02-11 03:12 | INFO | Timeout limit is increased to 3600
2025-02-11 03:12 | INFO | Query 86 Size of the uncertainty table is = 96/1201
2025-02-11 03:12 | INFO | Query 86 Size of the filtered table is = 34
2025-02-11 03:13 | INFO | Training Time Active Learning Classifier: 0.23 seconds
2025-02-11 03:13 | INFO | Training Time Active Learning Regressor: 0.71 seconds
2025-02-11 03:13 | INFO | Query 86 Active Learning Runtime on Validation Set: 103107.03
2025-02-11 03:13 | INFO | Query 86 Active Learning Runtime on Test Set: 56031.55
2025-02-11 03:13 | INFO | Query 86 Active Learning Instance Cost: 618130.8
2025-02-11 03:13 | INFO | Timeout limit is increased to 3600
2025-02-11 03:13 | INFO | Query 87 Size of the uncertainty table is = 83/1201
2025-02-11 03:13 | INFO | Query 87 Size of the filtered table is = 37
2025-02-11 03:13 | INFO | Training Time Active Learning Classifier: 0.23 seconds
2025-02-11 03:13 | INFO | Training Time Active Learning Regressor: 0.73 seconds
2025-02-11 03:13 | INFO | Query 87 Active Learning Runtime on Validation Set: 103107.03
2025-02-11 03:13 | INFO | Query 87 Active Learning Runtime on Test Set: 56043.59
2025-02-11 03:13 | INFO | Query 87 Active Learning Instance Cost: 618144.21
2025-02-11 03:13 | INFO | Timeout limit is increased to 3600
2025-02-11 03:13 | INFO | Query 88 Size of the uncertainty table is = 70/1201
2025-02-11 03:13 | INFO | Query 88 Size of the filtered table is = 22
2025-02-11 03:13 | INFO | Training Time Active Learning Classifier: 0.23 seconds
2025-02-11 03:13 | INFO | Training Time Active Learning Regressor: 0.73 seconds
2025-02-11 03:13 | INFO | Query 88 Active Learning Runtime on Validation Set: 103107.03
2025-02-11 03:13 | INFO | Query 88 Active Learning Runtime on Test Set: 56043.75
2025-02-11 03:13 | INFO | Query 88 Active Learning Instance Cost: 620665.55
2025-02-11 03:13 | INFO | Timeout limit is increased to 3600
2025-02-11 03:13 | INFO | Query 89 Size of the uncertainty table is = 57/1201
2025-02-11 03:13 | INFO | Query 89 Size of the filtered table is = 16
2025-02-11 03:13 | INFO | Training Time Active Learning Classifier: 0.24 seconds
2025-02-11 03:13 | INFO | Training Time Active Learning Regressor: 0.74 seconds
2025-02-11 03:13 | INFO | Query 89 Active Learning Runtime on Validation Set: 103107.03
2025-02-11 03:13 | INFO | Query 89 Active Learning Runtime on Test Set: 91137.94
2025-02-11 03:13 | INFO | Query 89 Active Learning Instance Cost: 620675.21
2025-02-11 03:13 | INFO | Timeout limit is increased to 3600
2025-02-11 03:13 | INFO | Query 90 Size of the uncertainty table is = 44/1201
2025-02-11 03:13 | INFO | Query 90 Size of the filtered table is = 14
2025-02-11 03:13 | INFO | Training Time Active Learning Classifier: 0.24 seconds
2025-02-11 03:13 | INFO | Training Time Active Learning Regressor: 0.74 seconds
2025-02-11 03:13 | INFO | Query 90 Active Learning Runtime on Validation Set: 103107.03
2025-02-11 03:13 | INFO | Query 90 Active Learning Runtime on Test Set: 91137.99
2025-02-11 03:13 | INFO | Query 90 Active Learning Instance Cost: 620690.16
2025-02-11 03:13 | INFO | Timeout limit is increased to 3600
2025-02-11 03:13 | INFO | Query 91 Size of the uncertainty table is = 31/1201
2025-02-11 03:13 | INFO | Query 91 Size of the filtered table is = 13
2025-02-11 03:13 | INFO | Training Time Active Learning Classifier: 0.24 seconds
2025-02-11 03:13 | INFO | Training Time Active Learning Regressor: 0.75 seconds
2025-02-11 03:13 | INFO | Query 91 Active Learning Runtime on Validation Set: 103107.03
2025-02-11 03:13 | INFO | Query 91 Active Learning Runtime on Test Set: 56043.8
2025-02-11 03:13 | INFO | Query 91 Active Learning Instance Cost: 620705.15
2025-02-11 03:13 | INFO | Timeout limit is increased to 3600
2025-02-11 03:13 | INFO | Query 92 Size of the uncertainty table is = 18/1201
2025-02-11 03:13 | INFO | Query 92 Size of the filtered table is = 13
2025-02-11 03:13 | INFO | Training Time Active Learning Classifier: 0.24 seconds
2025-02-11 03:13 | INFO | Training Time Active Learning Regressor: 0.76 seconds
2025-02-11 03:13 | INFO | Query 92 Active Learning Runtime on Validation Set: 103107.03
2025-02-11 03:13 | INFO | Query 92 Active Learning Runtime on Test Set: 56030.59
2025-02-11 03:13 | INFO | Query 92 Active Learning Instance Cost: 620717.61
2025-02-11 03:13 | INFO | Timeout limit is increased to 3600
2025-02-11 03:13 | INFO | Query 93 Size of the uncertainty table is = 5/1201
2025-02-11 03:13 | INFO | Query 93 Size of the filtered table is = 5
2025-02-11 03:13 | INFO | Training Time Active Learning Classifier: 0.24 seconds
2025-02-11 03:13 | INFO | Training Time Active Learning Regressor: 0.75 seconds
2025-02-11 03:13 | INFO | Query 93 Active Learning Runtime on Validation Set: 103107.03
2025-02-11 03:13 | INFO | Query 93 Active Learning Runtime on Test Set: 56030.59
2025-02-11 03:13 | INFO | Query 93 Active Learning Instance Cost: 620727.62
2025-02-11 03:13 | INFO | Timeout limit is increased to 3600
2025-02-11 03:13 | INFO | Active Learning Emissions: 0.002351857482541958
2025-02-11 03:13 | INFO | Active Learning Energy Consumption: 0.0025588809971949862 kWh
2025-02-11 03:13 | INFO | runtime_test_score is written as json file
2025-02-11 03:13 | INFO | runtime_validation_score is written as json file
2025-02-11 03:13 | INFO | instance_cost is written as json file
2025-02-11 03:13 | INFO | Experiment is finished
