2025-02-10 20:08 | INFO | Paramaters are: {'dataset': 'QBF-2016', 'penalty': 10, 'weight': 'No_Weight', 'voting': 'Hard', 'pre_selection_size': 64, 'pre_selection_technique': 'No_pre_selection', 'feature_elimination_threshold': 20, 'imputer_strategy': 'median', 'feature_selection_technique': 'No_feature_selection', 'feature_scaling_technique': 'StandardScaler', 'priority': {'PredCost': 'min', 'PredDiff': 'max', 'Uncertainty': 'max'}, 'initial_train_size': 20, 'query_size': 1, 'timeout_predictor_usage': 'No', 'timeout_limit': 3600, 'timeout_increase_rate': 100, 'penalty_type': 'Only-timeout-penalty', 'RANDOM_STATE_SEED': 42, 'n_splits': 10, 'split_number': 1, 'max_timeout': 3600, 'param_grid': {'n_estimators': 100, 'max_features': 'sqrt', 'max_depth': 2147483648, 'min_samples_split': 2, 'bootstrap': True}}
2025-02-10 20:08 | INFO | QBF-2016 is current dataset
2025-02-10 20:08 | INFO | DATASETS/QBF-2016/algorithm_runs.arff is found
2025-02-10 20:08 | INFO | DATASETS/QBF-2016/algorithm_runs.arff is finished
2025-02-10 20:08 | INFO | DATASETS/QBF-2016/feature_values.arff is found
2025-02-10 20:08 | INFO | DATASETS/QBF-2016/feature_values.arff is finished
2025-02-10 20:08 | INFO | DATASETS/QBF-2016/feature_costs.arff is found
2025-02-10 20:08 | INFO | DATASETS/QBF-2016/feature_costs.arff is finished
2025-02-10 20:08 | INFO | Virtual best solver time in train = 6626.54
2025-02-10 20:08 | INFO | Single best solver list train = {'AIGSolve': 5052867.2, 'aqua-f3v': 8141249.08, 'aqua-s2v': 8034174.51, 'aqua-s3o': 8141260.89, 'caqe-minisat': 4798634.86, 'caqe-picosat': 4368468.5, 'depqbf-v1': 8252167.87, 'depqbf-v2': 4509964.73, 'depqbf-v3': 6311850.09, 'ghostq-cegar': 4761942.47, 'ghostq-plain': 4869820.7, 'hiqqer1': 4940246.35, 'hiqqer1ldsq': 5119201.08, 'hiqqer3': 5014791.09, 'iprover-QBF': 10846502.54, 'iprover-QBF-bloqqer': 11456018.89, 'qesto': 4835217.33, 'qestos': 6483301.16, 'qsts': 4791727.39, 'rareqs': 3321846.91, 'squeezebf+struqs': 11385616.6, 'struqs-10': 11277770.69, 'xb-bid-qsts': 2893234.84, 'xb-qsts': 3934515.37}
2025-02-10 20:08 | INFO | Single best solver time train = xb-bid-qsts (2893234.84)
2025-02-10 20:08 | INFO | Virtual best solver time in validation = 715.73
2025-02-10 20:08 | INFO | Single best solver list validation = {'AIGSolve': 721741.38, 'aqua-f3v': 1154004.55, 'aqua-s2v': 1189019.32, 'aqua-s3o': 1188872.58, 'caqe-minisat': 1298528.84, 'caqe-picosat': 1226884.7, 'depqbf-v1': 1801169.31, 'depqbf-v2': 866461.08, 'depqbf-v3': 1622841.31, 'ghostq-cegar': 1190537.69, 'ghostq-plain': 1622313.42, 'hiqqer1': 1189736.83, 'hiqqer1ldsq': 1189739.99, 'hiqqer3': 1260944.3, 'iprover-QBF': 2485466.16, 'iprover-QBF-bloqqer': 2772798.29, 'qesto': 1154757.05, 'qestos': 1332861.7, 'qsts': 1800465.64, 'rareqs': 794273.76, 'squeezebf+struqs': 1981949.63, 'struqs-10': 1982016.83, 'xb-bid-qsts': 615058.19, 'xb-qsts': 1046474.01}
2025-02-10 20:08 | INFO | Single best solver time validation = xb-bid-qsts (615058.19)
2025-02-10 20:08 | INFO | Virtual best solver time in test = 1014.53
2025-02-10 20:08 | INFO | Single best solver list test = {'AIGSolve': 721186.9, 'aqua-f3v': 936461.03, 'aqua-s2v': 936442.89, 'aqua-s3o': 1008408.1, 'caqe-minisat': 722013.91, 'caqe-picosat': 721782.98, 'depqbf-v1': 1188554.56, 'depqbf-v2': 577408.47, 'depqbf-v3': 757249.35, 'ghostq-cegar': 469519.19, 'ghostq-plain': 576682.76, 'hiqqer1': 685530.29, 'hiqqer1ldsq': 685582.17, 'hiqqer3': 756827.95, 'iprover-QBF': 1512953.34, 'iprover-QBF-bloqqer': 1476551.94, 'qesto': 685547.73, 'qestos': 864117.69, 'qsts': 756863.7, 'rareqs': 577020.8, 'squeezebf+struqs': 1404983.97, 'struqs-10': 1405028.44, 'xb-bid-qsts': 362698.46, 'xb-qsts': 506266.13}
2025-02-10 20:08 | INFO | Single best solver time test = xb-bid-qsts (362698.46)
2025-02-10 20:09 | INFO | Training Time Passive Learning Classifier: 38.0 seconds
2025-02-10 20:09 | INFO | Training Time Passive Learning Regressor: 4.49 seconds
2025-02-10 20:11 | INFO | Passive Learning Classifier Runtime on Validation Set: 650046.25
2025-02-10 20:11 | INFO | Passive Learning Classifier Runtime on Test Set: 361521.0
2025-02-10 20:11 | INFO | Passive Learning Instance Cost: 15550791.14
2025-02-10 20:11 | INFO | Passive Learning Emissions: 0.0023437955723393414
2025-02-10 20:11 | INFO | Passive Learning Energy Consumption: 0.002550109433028491 kWh
2025-02-10 20:12 | INFO | Training Time Active Learning Classifier: 14.96 seconds
2025-02-10 20:12 | INFO | Training Time Active Learning Regressor: 1.12 seconds
2025-02-10 20:14 | INFO | Initial Active Learning Runtime on Validation Set: 757804.22
2025-02-10 20:14 | INFO | Initial Active Learning Runtime on Test Set: 540878.7
2025-02-10 20:14 | INFO | Initial Active Learning Instance Cost: 525288.57
2025-02-10 20:14 | INFO | Bin size = 1455
2025-02-10 20:15 | INFO | Query 1 Size of the uncertainty table is = 145452/145452
2025-02-10 20:15 | INFO | Query 1 Size of the filtered table is = 1455
2025-02-10 20:15 | INFO | Training Time Active Learning Classifier: 14.59 seconds
2025-02-10 20:15 | INFO | Training Time Active Learning Regressor: 1.37 seconds
2025-02-10 20:18 | INFO | Query 1 Active Learning Runtime on Validation Set: 757859.764
2025-02-10 20:18 | INFO | Query 1 Active Learning Runtime on Test Set: 504927.804
2025-02-10 20:18 | INFO | Query 1 Active Learning Instance Cost: 529095.46
2025-02-10 20:18 | INFO | Timeout limit is increased to 3600
2025-02-10 20:19 | INFO | Query 2 Size of the uncertainty table is = 143319/145452
2025-02-10 20:19 | INFO | Query 2 Size of the filtered table is = 1455
2025-02-10 20:19 | INFO | Training Time Active Learning Classifier: 14.85 seconds
2025-02-10 20:19 | INFO | Training Time Active Learning Regressor: 1.29 seconds
2025-02-10 20:22 | INFO | Query 2 Active Learning Runtime on Validation Set: 757694.2039999999
2025-02-10 20:22 | INFO | Query 2 Active Learning Runtime on Test Set: 433203.21400000004
2025-02-10 20:22 | INFO | Query 2 Active Learning Instance Cost: 532830.27
2025-02-10 20:23 | INFO | Query 3 Size of the uncertainty table is = 141843/145452
2025-02-10 20:23 | INFO | Query 3 Size of the filtered table is = 1455
2025-02-10 20:23 | INFO | Training Time Active Learning Classifier: 14.9 seconds
2025-02-10 20:23 | INFO | Training Time Active Learning Regressor: 1.5 seconds
2025-02-10 20:26 | INFO | Query 3 Active Learning Runtime on Validation Set: 829664.634
2025-02-10 20:26 | INFO | Query 3 Active Learning Runtime on Test Set: 433677.454
2025-02-10 20:26 | INFO | Query 3 Active Learning Instance Cost: 576477.12
2025-02-10 20:26 | INFO | Timeout limit is increased to 3600
2025-02-10 20:27 | INFO | Query 4 Size of the uncertainty table is = 140283/145452
2025-02-10 20:27 | INFO | Query 4 Size of the filtered table is = 1455
2025-02-10 20:27 | INFO | Training Time Active Learning Classifier: 15.08 seconds
2025-02-10 20:27 | INFO | Training Time Active Learning Regressor: 1.4 seconds
2025-02-10 20:30 | INFO | Query 4 Active Learning Runtime on Validation Set: 758038.364
2025-02-10 20:30 | INFO | Query 4 Active Learning Runtime on Test Set: 469545.28400000004
2025-02-10 20:30 | INFO | Query 4 Active Learning Instance Cost: 602354.32
2025-02-10 20:31 | INFO | Query 5 Size of the uncertainty table is = 138721/145452
2025-02-10 20:31 | INFO | Query 5 Size of the filtered table is = 1455
2025-02-10 20:31 | INFO | Training Time Active Learning Classifier: 15.41 seconds
2025-02-10 20:31 | INFO | Training Time Active Learning Regressor: 1.45 seconds
2025-02-10 20:34 | INFO | Query 5 Active Learning Runtime on Validation Set: 722150.8539999999
2025-02-10 20:34 | INFO | Query 5 Active Learning Runtime on Test Set: 469131.984
2025-02-10 20:34 | INFO | Query 5 Active Learning Instance Cost: 635279.27
2025-02-10 20:35 | INFO | Query 6 Size of the uncertainty table is = 137209/145452
2025-02-10 20:35 | INFO | Query 6 Size of the filtered table is = 1455
2025-02-10 20:35 | INFO | Training Time Active Learning Classifier: 15.45 seconds
2025-02-10 20:35 | INFO | Training Time Active Learning Regressor: 1.67 seconds
2025-02-10 20:38 | INFO | Query 6 Active Learning Runtime on Validation Set: 577802.134
2025-02-10 20:38 | INFO | Query 6 Active Learning Runtime on Test Set: 432997.664
2025-02-10 20:38 | INFO | Query 6 Active Learning Instance Cost: 671593.1
2025-02-10 20:39 | INFO | Query 7 Size of the uncertainty table is = 135637/145452
2025-02-10 20:39 | INFO | Query 7 Size of the filtered table is = 1455
2025-02-10 20:40 | INFO | Training Time Active Learning Classifier: 15.64 seconds
2025-02-10 20:40 | INFO | Training Time Active Learning Regressor: 1.55 seconds
2025-02-10 20:42 | INFO | Query 7 Active Learning Runtime on Validation Set: 614200.804
2025-02-10 20:42 | INFO | Query 7 Active Learning Runtime on Test Set: 469692.324
2025-02-10 20:42 | INFO | Query 7 Active Learning Instance Cost: 712425.21
2025-02-10 20:42 | INFO | Timeout limit is increased to 3600
2025-02-10 20:44 | INFO | Query 8 Size of the uncertainty table is = 134101/145452
2025-02-10 20:44 | INFO | Query 8 Size of the filtered table is = 1455
2025-02-10 20:44 | INFO | Training Time Active Learning Classifier: 15.98 seconds
2025-02-10 20:44 | INFO | Training Time Active Learning Regressor: 1.63 seconds
2025-02-10 20:47 | INFO | Query 8 Active Learning Runtime on Validation Set: 613695.134
2025-02-10 20:47 | INFO | Query 8 Active Learning Runtime on Test Set: 469218.494
2025-02-10 20:47 | INFO | Query 8 Active Learning Instance Cost: 735259.94
2025-02-10 20:48 | INFO | Query 9 Size of the uncertainty table is = 132509/145452
2025-02-10 20:48 | INFO | Query 9 Size of the filtered table is = 1455
2025-02-10 20:48 | INFO | Training Time Active Learning Classifier: 16.15 seconds
2025-02-10 20:48 | INFO | Training Time Active Learning Regressor: 1.69 seconds
2025-02-10 20:51 | INFO | Query 9 Active Learning Runtime on Validation Set: 649752.664
2025-02-10 20:51 | INFO | Query 9 Active Learning Runtime on Test Set: 469458.064
2025-02-10 20:51 | INFO | Query 9 Active Learning Instance Cost: 757946.77
2025-02-10 20:51 | INFO | Timeout limit is increased to 3600
2025-02-10 20:52 | INFO | Query 10 Size of the uncertainty table is = 130979/145452
2025-02-10 20:52 | INFO | Query 10 Size of the filtered table is = 1455
2025-02-10 20:53 | INFO | Training Time Active Learning Classifier: 16.37 seconds
2025-02-10 20:53 | INFO | Training Time Active Learning Regressor: 1.75 seconds
2025-02-10 20:55 | INFO | Query 10 Active Learning Runtime on Validation Set: 433428.364
2025-02-10 20:55 | INFO | Query 10 Active Learning Runtime on Test Set: 433469.564
2025-02-10 20:55 | INFO | Query 10 Active Learning Instance Cost: 803269.54
2025-02-10 20:57 | INFO | Query 11 Size of the uncertainty table is = 129419/145452
2025-02-10 20:57 | INFO | Query 11 Size of the filtered table is = 1455
2025-02-10 20:57 | INFO | Training Time Active Learning Classifier: 16.65 seconds
2025-02-10 20:57 | INFO | Training Time Active Learning Regressor: 1.84 seconds
2025-02-10 21:00 | INFO | Query 11 Active Learning Runtime on Validation Set: 505386.634
2025-02-10 21:00 | INFO | Query 11 Active Learning Runtime on Test Set: 469557.864
2025-02-10 21:00 | INFO | Query 11 Active Learning Instance Cost: 851828.04
2025-02-10 21:00 | INFO | Timeout limit is increased to 3600
2025-02-10 21:01 | INFO | Query 12 Size of the uncertainty table is = 127875/145452
2025-02-10 21:01 | INFO | Query 12 Size of the filtered table is = 1455
2025-02-10 21:02 | INFO | Training Time Active Learning Classifier: 16.68 seconds
2025-02-10 21:02 | INFO | Training Time Active Learning Regressor: 1.93 seconds
2025-02-10 21:04 | INFO | Query 12 Active Learning Runtime on Validation Set: 577197.004
2025-02-10 21:04 | INFO | Query 12 Active Learning Runtime on Test Set: 397488.33400000003
2025-02-10 21:04 | INFO | Query 12 Active Learning Instance Cost: 934609.11
2025-02-10 21:04 | INFO | Timeout limit is increased to 3600
2025-02-10 21:06 | INFO | Query 13 Size of the uncertainty table is = 126281/145452
2025-02-10 21:06 | INFO | Query 13 Size of the filtered table is = 1455
2025-02-10 21:06 | INFO | Training Time Active Learning Classifier: 16.94 seconds
2025-02-10 21:06 | INFO | Training Time Active Learning Regressor: 2.18 seconds
2025-02-10 21:09 | INFO | Query 13 Active Learning Runtime on Validation Set: 505520.234
2025-02-10 21:09 | INFO | Query 13 Active Learning Runtime on Test Set: 469230.53400000004
2025-02-10 21:09 | INFO | Query 13 Active Learning Instance Cost: 998556.83
2025-02-10 21:10 | INFO | Query 14 Size of the uncertainty table is = 124655/145452
2025-02-10 21:10 | INFO | Query 14 Size of the filtered table is = 1455
2025-02-10 21:11 | INFO | Training Time Active Learning Classifier: 17.2 seconds
2025-02-10 21:11 | INFO | Training Time Active Learning Regressor: 2.27 seconds
2025-02-10 21:13 | INFO | Query 14 Active Learning Runtime on Validation Set: 649989.9639999999
2025-02-10 21:13 | INFO | Query 14 Active Learning Runtime on Test Set: 397367.634
2025-02-10 21:13 | INFO | Query 14 Active Learning Instance Cost: 1028129.82
2025-02-10 21:13 | INFO | Timeout limit is increased to 3600
2025-02-10 21:15 | INFO | Query 15 Size of the uncertainty table is = 123116/145452
2025-02-10 21:15 | INFO | Query 15 Size of the filtered table is = 1455
2025-02-10 21:15 | INFO | Training Time Active Learning Classifier: 17.69 seconds
2025-02-10 21:15 | INFO | Training Time Active Learning Regressor: 2.17 seconds
2025-02-10 21:18 | INFO | Query 15 Active Learning Runtime on Validation Set: 793709.514
2025-02-10 21:18 | INFO | Query 15 Active Learning Runtime on Test Set: 505261.984
2025-02-10 21:18 | INFO | Query 15 Active Learning Instance Cost: 1078431.29
2025-02-10 21:18 | INFO | Timeout limit is increased to 3600
2025-02-10 21:20 | INFO | Query 16 Size of the uncertainty table is = 121529/145452
2025-02-10 21:20 | INFO | Query 16 Size of the filtered table is = 1455
2025-02-10 21:20 | INFO | Training Time Active Learning Classifier: 17.88 seconds
2025-02-10 21:20 | INFO | Training Time Active Learning Regressor: 2.22 seconds
2025-02-10 21:23 | INFO | Query 16 Active Learning Runtime on Validation Set: 721718.524
2025-02-10 21:23 | INFO | Query 16 Active Learning Runtime on Test Set: 469788.294
2025-02-10 21:23 | INFO | Query 16 Active Learning Instance Cost: 1153843.15
2025-02-10 21:24 | INFO | Query 17 Size of the uncertainty table is = 119989/145452
2025-02-10 21:24 | INFO | Query 17 Size of the filtered table is = 1455
2025-02-10 21:25 | INFO | Training Time Active Learning Classifier: 17.95 seconds
2025-02-10 21:25 | INFO | Training Time Active Learning Regressor: 2.46 seconds
2025-02-10 21:27 | INFO | Query 17 Active Learning Runtime on Validation Set: 757590.884
2025-02-10 21:27 | INFO | Query 17 Active Learning Runtime on Test Set: 469630.914
2025-02-10 21:27 | INFO | Query 17 Active Learning Instance Cost: 1193911.61
2025-02-10 21:27 | INFO | Timeout limit is increased to 3600
2025-02-10 21:29 | INFO | Query 18 Size of the uncertainty table is = 118465/145452
2025-02-10 21:29 | INFO | Query 18 Size of the filtered table is = 1455
2025-02-10 21:30 | INFO | Training Time Active Learning Classifier: 18.18 seconds
2025-02-10 21:30 | INFO | Training Time Active Learning Regressor: 2.51 seconds
2025-02-10 21:32 | INFO | Query 18 Active Learning Runtime on Validation Set: 721688.684
2025-02-10 21:32 | INFO | Query 18 Active Learning Runtime on Test Set: 541322.2239999999
2025-02-10 21:32 | INFO | Query 18 Active Learning Instance Cost: 1259250.49
2025-02-10 21:34 | INFO | Query 19 Size of the uncertainty table is = 116904/145452
2025-02-10 21:34 | INFO | Query 19 Size of the filtered table is = 1455
2025-02-10 21:34 | INFO | Training Time Active Learning Classifier: 18.43 seconds
2025-02-10 21:34 | INFO | Training Time Active Learning Regressor: 2.58 seconds
2025-02-10 21:37 | INFO | Query 19 Active Learning Runtime on Validation Set: 865694.514
2025-02-10 21:37 | INFO | Query 19 Active Learning Runtime on Test Set: 541302.5739999999
2025-02-10 21:37 | INFO | Query 19 Active Learning Instance Cost: 1337807.72
2025-02-10 21:37 | INFO | Timeout limit is increased to 3600
2025-02-10 21:39 | INFO | Query 20 Size of the uncertainty table is = 115297/145452
2025-02-10 21:39 | INFO | Query 20 Size of the filtered table is = 1455
2025-02-10 21:39 | INFO | Training Time Active Learning Classifier: 18.93 seconds
2025-02-10 21:39 | INFO | Training Time Active Learning Regressor: 2.45 seconds
2025-02-10 21:42 | INFO | Query 20 Active Learning Runtime on Validation Set: 721606.3539999999
2025-02-10 21:42 | INFO | Query 20 Active Learning Runtime on Test Set: 505542.264
2025-02-10 21:42 | INFO | Query 20 Active Learning Instance Cost: 1372017.75
2025-02-10 21:44 | INFO | Query 21 Size of the uncertainty table is = 113730/145452
2025-02-10 21:44 | INFO | Query 21 Size of the filtered table is = 1455
2025-02-10 21:44 | INFO | Training Time Active Learning Classifier: 19.24 seconds
2025-02-10 21:44 | INFO | Training Time Active Learning Regressor: 2.54 seconds
2025-02-10 21:47 | INFO | Query 21 Active Learning Runtime on Validation Set: 1045558.2139999999
2025-02-10 21:47 | INFO | Query 21 Active Learning Runtime on Test Set: 433580.794
2025-02-10 21:47 | INFO | Query 21 Active Learning Instance Cost: 1467795.85
2025-02-10 21:47 | INFO | Timeout limit is increased to 3600
2025-02-10 21:49 | INFO | Query 22 Size of the uncertainty table is = 112032/145452
2025-02-10 21:49 | INFO | Query 22 Size of the filtered table is = 1455
2025-02-10 21:49 | INFO | Training Time Active Learning Classifier: 19.53 seconds
2025-02-10 21:49 | INFO | Training Time Active Learning Regressor: 2.6 seconds
2025-02-10 21:52 | INFO | Query 22 Active Learning Runtime on Validation Set: 1009432.744
2025-02-10 21:52 | INFO | Query 22 Active Learning Runtime on Test Set: 433235.64400000003
2025-02-10 21:52 | INFO | Query 22 Active Learning Instance Cost: 1524917.9
2025-02-10 21:54 | INFO | Query 23 Size of the uncertainty table is = 110406/145452
2025-02-10 21:54 | INFO | Query 23 Size of the filtered table is = 1455
2025-02-10 21:54 | INFO | Training Time Active Learning Classifier: 19.92 seconds
2025-02-10 21:54 | INFO | Training Time Active Learning Regressor: 2.66 seconds
2025-02-10 21:57 | INFO | Query 23 Active Learning Runtime on Validation Set: 937412.394
2025-02-10 21:57 | INFO | Query 23 Active Learning Runtime on Test Set: 397292.40400000004
2025-02-10 21:57 | INFO | Query 23 Active Learning Instance Cost: 1579883.27
2025-02-10 21:58 | INFO | Query 24 Size of the uncertainty table is = 108811/145452
2025-02-10 21:58 | INFO | Query 24 Size of the filtered table is = 1455
2025-02-10 21:59 | INFO | Training Time Active Learning Classifier: 20.27 seconds
2025-02-10 21:59 | INFO | Training Time Active Learning Regressor: 2.72 seconds
2025-02-10 22:02 | INFO | Query 24 Active Learning Runtime on Validation Set: 866107.804
2025-02-10 22:02 | INFO | Query 24 Active Learning Runtime on Test Set: 433010.08400000003
2025-02-10 22:02 | INFO | Query 24 Active Learning Instance Cost: 1668952.08
2025-02-10 22:03 | INFO | Query 25 Size of the uncertainty table is = 107177/145452
2025-02-10 22:03 | INFO | Query 25 Size of the filtered table is = 1455
2025-02-10 22:04 | INFO | Training Time Active Learning Classifier: 20.65 seconds
2025-02-10 22:04 | INFO | Training Time Active Learning Regressor: 2.81 seconds
2025-02-10 22:07 | INFO | Query 25 Active Learning Runtime on Validation Set: 1082111.214
2025-02-10 22:07 | INFO | Query 25 Active Learning Runtime on Test Set: 433010.34400000004
2025-02-10 22:07 | INFO | Query 25 Active Learning Instance Cost: 1820510.91
2025-02-10 22:07 | INFO | Timeout limit is increased to 3600
2025-02-10 22:08 | INFO | Query 26 Size of the uncertainty table is = 105341/145452
2025-02-10 22:08 | INFO | Query 26 Size of the filtered table is = 1455
2025-02-10 22:09 | INFO | Training Time Active Learning Classifier: 21.0 seconds
2025-02-10 22:09 | INFO | Training Time Active Learning Regressor: 2.88 seconds
2025-02-10 22:12 | INFO | Query 26 Active Learning Runtime on Validation Set: 1081456.734
2025-02-10 22:12 | INFO | Query 26 Active Learning Runtime on Test Set: 397040.40400000004
2025-02-10 22:12 | INFO | Query 26 Active Learning Instance Cost: 1903556.99
2025-02-10 22:14 | INFO | Query 27 Size of the uncertainty table is = 103748/145452
2025-02-10 22:14 | INFO | Query 27 Size of the filtered table is = 1455
2025-02-10 22:14 | INFO | Training Time Active Learning Classifier: 21.37 seconds
2025-02-10 22:14 | INFO | Training Time Active Learning Regressor: 2.93 seconds
2025-02-10 22:17 | INFO | Query 27 Active Learning Runtime on Validation Set: 1009947.064
2025-02-10 22:17 | INFO | Query 27 Active Learning Runtime on Test Set: 433075.634
2025-02-10 22:17 | INFO | Query 27 Active Learning Instance Cost: 1971243.73
2025-02-10 22:19 | INFO | Query 28 Size of the uncertainty table is = 102126/145452
2025-02-10 22:19 | INFO | Query 28 Size of the filtered table is = 1455
2025-02-10 22:19 | INFO | Training Time Active Learning Classifier: 21.7 seconds
2025-02-10 22:19 | INFO | Training Time Active Learning Regressor: 3.07 seconds
2025-02-10 22:22 | INFO | Query 28 Active Learning Runtime on Validation Set: 1046226.134
2025-02-10 22:22 | INFO | Query 28 Active Learning Runtime on Test Set: 397269.564
2025-02-10 22:22 | INFO | Query 28 Active Learning Instance Cost: 2117340.4
2025-02-10 22:22 | INFO | Timeout limit is increased to 3600
2025-02-10 22:24 | INFO | Query 29 Size of the uncertainty table is = 100480/145452
2025-02-10 22:24 | INFO | Query 29 Size of the filtered table is = 1455
2025-02-10 22:24 | INFO | Training Time Active Learning Classifier: 22.02 seconds
2025-02-10 22:24 | INFO | Training Time Active Learning Regressor: 3.02 seconds
2025-02-10 22:27 | INFO | Query 29 Active Learning Runtime on Validation Set: 1153556.3839999998
2025-02-10 22:27 | INFO | Query 29 Active Learning Runtime on Test Set: 396989.044
2025-02-10 22:27 | INFO | Query 29 Active Learning Instance Cost: 2209893.92
2025-02-10 22:27 | INFO | Timeout limit is increased to 3600
2025-02-10 22:29 | INFO | Query 30 Size of the uncertainty table is = 98825/145452
2025-02-10 22:29 | INFO | Query 30 Size of the filtered table is = 1455
2025-02-10 22:29 | INFO | Training Time Active Learning Classifier: 22.29 seconds
2025-02-10 22:29 | INFO | Training Time Active Learning Regressor: 3.07 seconds
2025-02-10 22:32 | INFO | Query 30 Active Learning Runtime on Validation Set: 1117543.274
2025-02-10 22:32 | INFO | Query 30 Active Learning Runtime on Test Set: 397345.384
2025-02-10 22:32 | INFO | Query 30 Active Learning Instance Cost: 2275116.84
2025-02-10 22:34 | INFO | Query 31 Size of the uncertainty table is = 97218/145452
2025-02-10 22:34 | INFO | Query 31 Size of the filtered table is = 1455
2025-02-10 22:34 | INFO | Training Time Active Learning Classifier: 22.82 seconds
2025-02-10 22:34 | INFO | Training Time Active Learning Regressor: 3.14 seconds
2025-02-10 22:37 | INFO | Query 31 Active Learning Runtime on Validation Set: 1189506.1339999998
2025-02-10 22:37 | INFO | Query 31 Active Learning Runtime on Test Set: 397269.304
2025-02-10 22:37 | INFO | Query 31 Active Learning Instance Cost: 2360712.6
2025-02-10 22:37 | INFO | Timeout limit is increased to 3600
2025-02-10 22:39 | INFO | Query 32 Size of the uncertainty table is = 95569/145452
2025-02-10 22:39 | INFO | Query 32 Size of the filtered table is = 1455
2025-02-10 22:39 | INFO | Training Time Active Learning Classifier: 23.21 seconds
2025-02-10 22:40 | INFO | Training Time Active Learning Regressor: 3.17 seconds
2025-02-10 22:42 | INFO | Query 32 Active Learning Runtime on Validation Set: 1189287.6439999999
2025-02-10 22:42 | INFO | Query 32 Active Learning Runtime on Test Set: 397115.39400000003
2025-02-10 22:42 | INFO | Query 32 Active Learning Instance Cost: 2459385.88
2025-02-10 22:44 | INFO | Query 33 Size of the uncertainty table is = 93933/145452
2025-02-10 22:44 | INFO | Query 33 Size of the filtered table is = 1455
2025-02-10 22:45 | INFO | Training Time Active Learning Classifier: 23.57 seconds
2025-02-10 22:45 | INFO | Training Time Active Learning Regressor: 3.2 seconds
2025-02-10 22:47 | INFO | Query 33 Active Learning Runtime on Validation Set: 1082237.684
2025-02-10 22:47 | INFO | Query 33 Active Learning Runtime on Test Set: 361367.704
2025-02-10 22:47 | INFO | Query 33 Active Learning Instance Cost: 2533125.1
2025-02-10 22:49 | INFO | Query 34 Size of the uncertainty table is = 92264/145452
2025-02-10 22:49 | INFO | Query 34 Size of the filtered table is = 1455
2025-02-10 22:50 | INFO | Training Time Active Learning Classifier: 23.84 seconds
2025-02-10 22:50 | INFO | Training Time Active Learning Regressor: 3.22 seconds
2025-02-10 22:52 | INFO | Query 34 Active Learning Runtime on Validation Set: 1045858.014
2025-02-10 22:52 | INFO | Query 34 Active Learning Runtime on Test Set: 325092.064
2025-02-10 22:52 | INFO | Query 34 Active Learning Instance Cost: 2660697.77
2025-02-10 22:54 | INFO | Query 35 Size of the uncertainty table is = 90553/145452
2025-02-10 22:54 | INFO | Query 35 Size of the filtered table is = 1455
2025-02-10 22:55 | INFO | Training Time Active Learning Classifier: 24.04 seconds
2025-02-10 22:55 | INFO | Training Time Active Learning Regressor: 3.27 seconds
2025-02-10 22:58 | INFO | Query 35 Active Learning Runtime on Validation Set: 757716.654
2025-02-10 22:58 | INFO | Query 35 Active Learning Runtime on Test Set: 325159.924
2025-02-10 22:58 | INFO | Query 35 Active Learning Instance Cost: 2729281.21
2025-02-10 22:59 | INFO | Query 36 Size of the uncertainty table is = 88860/145452
2025-02-10 22:59 | INFO | Query 36 Size of the filtered table is = 1455
2025-02-10 23:00 | INFO | Training Time Active Learning Classifier: 24.57 seconds
2025-02-10 23:00 | INFO | Training Time Active Learning Regressor: 3.31 seconds
2025-02-10 23:03 | INFO | Query 36 Active Learning Runtime on Validation Set: 1117973.774
2025-02-10 23:03 | INFO | Query 36 Active Learning Runtime on Test Set: 253368.86399999997
2025-02-10 23:03 | INFO | Query 36 Active Learning Instance Cost: 2840417.82
2025-02-10 23:03 | INFO | Timeout limit is increased to 3600
2025-02-10 23:05 | INFO | Query 37 Size of the uncertainty table is = 87129/145452
2025-02-10 23:05 | INFO | Query 37 Size of the filtered table is = 1455
2025-02-10 23:05 | INFO | Training Time Active Learning Classifier: 24.8 seconds
2025-02-10 23:05 | INFO | Training Time Active Learning Regressor: 3.37 seconds
2025-02-10 23:08 | INFO | Query 37 Active Learning Runtime on Validation Set: 650491.874
2025-02-10 23:08 | INFO | Query 37 Active Learning Runtime on Test Set: 397248.794
2025-02-10 23:08 | INFO | Query 37 Active Learning Instance Cost: 2993213.18
2025-02-10 23:10 | INFO | Query 38 Size of the uncertainty table is = 85266/145452
2025-02-10 23:10 | INFO | Query 38 Size of the filtered table is = 1455
2025-02-10 23:10 | INFO | Training Time Active Learning Classifier: 25.3 seconds
2025-02-10 23:10 | INFO | Training Time Active Learning Regressor: 3.4 seconds
2025-02-10 23:13 | INFO | Query 38 Active Learning Runtime on Validation Set: 901671.554
2025-02-10 23:13 | INFO | Query 38 Active Learning Runtime on Test Set: 433028.08400000003
2025-02-10 23:13 | INFO | Query 38 Active Learning Instance Cost: 3156963.88
2025-02-10 23:13 | INFO | Timeout limit is increased to 3600
2025-02-10 23:15 | INFO | Query 39 Size of the uncertainty table is = 83285/145452
2025-02-10 23:15 | INFO | Query 39 Size of the filtered table is = 1455
2025-02-10 23:15 | INFO | Training Time Active Learning Classifier: 25.85 seconds
2025-02-10 23:15 | INFO | Training Time Active Learning Regressor: 3.48 seconds
2025-02-10 23:18 | INFO | Query 39 Active Learning Runtime on Validation Set: 901642.044
2025-02-10 23:18 | INFO | Query 39 Active Learning Runtime on Test Set: 397049.854
2025-02-10 23:18 | INFO | Query 39 Active Learning Instance Cost: 3358211.81
2025-02-10 23:20 | INFO | Query 40 Size of the uncertainty table is = 81197/145452
2025-02-10 23:20 | INFO | Query 40 Size of the filtered table is = 1455
2025-02-10 23:20 | INFO | Training Time Active Learning Classifier: 26.2 seconds
2025-02-10 23:21 | INFO | Training Time Active Learning Regressor: 3.53 seconds
2025-02-10 23:23 | INFO | Query 40 Active Learning Runtime on Validation Set: 1009675.764
2025-02-10 23:23 | INFO | Query 40 Active Learning Runtime on Test Set: 397218.164
2025-02-10 23:23 | INFO | Query 40 Active Learning Instance Cost: 3502131.94
2025-02-10 23:23 | INFO | Timeout limit is increased to 3600
2025-02-10 23:25 | INFO | Query 41 Size of the uncertainty table is = 79450/145452
2025-02-10 23:25 | INFO | Query 41 Size of the filtered table is = 1455
2025-02-10 23:26 | INFO | Training Time Active Learning Classifier: 26.32 seconds
2025-02-10 23:26 | INFO | Training Time Active Learning Regressor: 3.53 seconds
2025-02-10 23:28 | INFO | Query 41 Active Learning Runtime on Validation Set: 721684.864
2025-02-10 23:28 | INFO | Query 41 Active Learning Runtime on Test Set: 361296.454
2025-02-10 23:28 | INFO | Query 41 Active Learning Instance Cost: 3688759.03
2025-02-10 23:30 | INFO | Query 42 Size of the uncertainty table is = 77631/145452
2025-02-10 23:30 | INFO | Query 42 Size of the filtered table is = 1455
2025-02-10 23:31 | INFO | Training Time Active Learning Classifier: 26.81 seconds
2025-02-10 23:31 | INFO | Training Time Active Learning Regressor: 3.54 seconds
2025-02-10 23:33 | INFO | Query 42 Active Learning Runtime on Validation Set: 1009610.164
2025-02-10 23:33 | INFO | Query 42 Active Learning Runtime on Test Set: 361285.804
2025-02-10 23:33 | INFO | Query 42 Active Learning Instance Cost: 3891837.4
2025-02-10 23:33 | INFO | Timeout limit is increased to 3600
2025-02-10 23:35 | INFO | Query 43 Size of the uncertainty table is = 75698/145452
2025-02-10 23:35 | INFO | Query 43 Size of the filtered table is = 1455
2025-02-10 23:36 | INFO | Training Time Active Learning Classifier: 27.02 seconds
2025-02-10 23:36 | INFO | Training Time Active Learning Regressor: 3.6 seconds
2025-02-10 23:39 | INFO | Query 43 Active Learning Runtime on Validation Set: 757837.4739999999
2025-02-10 23:39 | INFO | Query 43 Active Learning Runtime on Test Set: 325256.164
2025-02-10 23:39 | INFO | Query 43 Active Learning Instance Cost: 4057999.81
2025-02-10 23:40 | INFO | Query 44 Size of the uncertainty table is = 73960/145452
2025-02-10 23:40 | INFO | Query 44 Size of the filtered table is = 1455
2025-02-10 23:41 | INFO | Training Time Active Learning Classifier: 27.54 seconds
2025-02-10 23:41 | INFO | Training Time Active Learning Regressor: 3.62 seconds
2025-02-10 23:44 | INFO | Query 44 Active Learning Runtime on Validation Set: 650326.3539999999
2025-02-10 23:44 | INFO | Query 44 Active Learning Runtime on Test Set: 397201.83400000003
2025-02-10 23:44 | INFO | Query 44 Active Learning Instance Cost: 4162196.46
2025-02-10 23:45 | INFO | Query 45 Size of the uncertainty table is = 72087/145452
2025-02-10 23:45 | INFO | Query 45 Size of the filtered table is = 1455
2025-02-10 23:46 | INFO | Training Time Active Learning Classifier: 27.83 seconds
2025-02-10 23:46 | INFO | Training Time Active Learning Regressor: 3.64 seconds
2025-02-10 23:49 | INFO | Query 45 Active Learning Runtime on Validation Set: 974423.9439999999
2025-02-10 23:49 | INFO | Query 45 Active Learning Runtime on Test Set: 361196.204
2025-02-10 23:49 | INFO | Query 45 Active Learning Instance Cost: 4341650.01
2025-02-10 23:49 | INFO | Timeout limit is increased to 3600
2025-02-10 23:50 | INFO | Query 46 Size of the uncertainty table is = 70175/145452
2025-02-10 23:50 | INFO | Query 46 Size of the filtered table is = 1455
2025-02-10 23:51 | INFO | Training Time Active Learning Classifier: 28.34 seconds
2025-02-10 23:51 | INFO | Training Time Active Learning Regressor: 3.66 seconds
2025-02-10 23:54 | INFO | Query 46 Active Learning Runtime on Validation Set: 938168.134
2025-02-10 23:54 | INFO | Query 46 Active Learning Runtime on Test Set: 397198.984
2025-02-10 23:54 | INFO | Query 46 Active Learning Instance Cost: 4564142.98
2025-02-10 23:56 | INFO | Query 47 Size of the uncertainty table is = 68243/145452
2025-02-10 23:56 | INFO | Query 47 Size of the filtered table is = 1455
2025-02-10 23:56 | INFO | Training Time Active Learning Classifier: 28.56 seconds
2025-02-10 23:56 | INFO | Training Time Active Learning Regressor: 3.73 seconds
2025-02-10 23:59 | INFO | Query 47 Active Learning Runtime on Validation Set: 722356.154
2025-02-10 23:59 | INFO | Query 47 Active Learning Runtime on Test Set: 397176.164
2025-02-10 23:59 | INFO | Query 47 Active Learning Instance Cost: 4757797.74
2025-02-11 00:01 | INFO | Query 48 Size of the uncertainty table is = 66254/145452
2025-02-11 00:01 | INFO | Query 48 Size of the filtered table is = 1455
2025-02-11 00:01 | INFO | Training Time Active Learning Classifier: 29.11 seconds
2025-02-11 00:01 | INFO | Training Time Active Learning Regressor: 3.76 seconds
2025-02-11 00:04 | INFO | Query 48 Active Learning Runtime on Validation Set: 938379.994
2025-02-11 00:04 | INFO | Query 48 Active Learning Runtime on Test Set: 361375.52400000003
2025-02-11 00:04 | INFO | Query 48 Active Learning Instance Cost: 5010977.69
2025-02-11 00:04 | INFO | Timeout limit is increased to 3600
2025-02-11 00:06 | INFO | Query 49 Size of the uncertainty table is = 64363/145452
2025-02-11 00:06 | INFO | Query 49 Size of the filtered table is = 1455
2025-02-11 00:06 | INFO | Training Time Active Learning Classifier: 29.3 seconds
2025-02-11 00:06 | INFO | Training Time Active Learning Regressor: 4.19 seconds
2025-02-11 00:09 | INFO | Query 49 Active Learning Runtime on Validation Set: 973781.294
2025-02-11 00:09 | INFO | Query 49 Active Learning Runtime on Test Set: 361195.324
2025-02-11 00:09 | INFO | Query 49 Active Learning Instance Cost: 5284274.7
2025-02-11 00:09 | INFO | Timeout limit is increased to 3600
2025-02-11 00:11 | INFO | Query 50 Size of the uncertainty table is = 62361/145452
2025-02-11 00:11 | INFO | Query 50 Size of the filtered table is = 1455
2025-02-11 00:11 | INFO | Training Time Active Learning Classifier: 29.72 seconds
2025-02-11 00:11 | INFO | Training Time Active Learning Regressor: 3.83 seconds
2025-02-11 00:14 | INFO | Query 50 Active Learning Runtime on Validation Set: 829813.4439999999
2025-02-11 00:14 | INFO | Query 50 Active Learning Runtime on Test Set: 325256.46400000004
2025-02-11 00:14 | INFO | Query 50 Active Learning Instance Cost: 5561444.36
2025-02-11 00:15 | INFO | Query 51 Size of the uncertainty table is = 60343/145452
2025-02-11 00:15 | INFO | Query 51 Size of the filtered table is = 1455
2025-02-11 00:16 | INFO | Training Time Active Learning Classifier: 29.97 seconds
2025-02-11 00:16 | INFO | Training Time Active Learning Regressor: 3.89 seconds
2025-02-11 00:19 | INFO | Query 51 Active Learning Runtime on Validation Set: 758325.864
2025-02-11 00:19 | INFO | Query 51 Active Learning Runtime on Test Set: 361151.914
2025-02-11 00:19 | INFO | Query 51 Active Learning Instance Cost: 5800006.8
2025-02-11 00:20 | INFO | Query 52 Size of the uncertainty table is = 58231/145452
2025-02-11 00:20 | INFO | Query 52 Size of the filtered table is = 1455
2025-02-11 00:21 | INFO | Training Time Active Learning Classifier: 30.49 seconds
2025-02-11 00:21 | INFO | Training Time Active Learning Regressor: 3.88 seconds
2025-02-11 00:24 | INFO | Query 52 Active Learning Runtime on Validation Set: 866226.1939999999
2025-02-11 00:24 | INFO | Query 52 Active Learning Runtime on Test Set: 361182.734
2025-02-11 00:24 | INFO | Query 52 Active Learning Instance Cost: 5947358.02
2025-02-11 00:24 | INFO | Timeout limit is increased to 3600
2025-02-11 00:25 | INFO | Query 53 Size of the uncertainty table is = 56312/145452
2025-02-11 00:25 | INFO | Query 53 Size of the filtered table is = 1455
2025-02-11 00:26 | INFO | Training Time Active Learning Classifier: 30.87 seconds
2025-02-11 00:26 | INFO | Training Time Active Learning Regressor: 3.91 seconds
2025-02-11 00:29 | INFO | Query 53 Active Learning Runtime on Validation Set: 938180.0939999999
2025-02-11 00:29 | INFO | Query 53 Active Learning Runtime on Test Set: 397087.704
2025-02-11 00:29 | INFO | Query 53 Active Learning Instance Cost: 6268747.0
2025-02-11 00:29 | INFO | Timeout limit is increased to 3600
2025-02-11 00:30 | INFO | Query 54 Size of the uncertainty table is = 54289/145452
2025-02-11 00:30 | INFO | Query 54 Size of the filtered table is = 1455
2025-02-11 00:31 | INFO | Training Time Active Learning Classifier: 31.1 seconds
2025-02-11 00:31 | INFO | Training Time Active Learning Regressor: 3.92 seconds
2025-02-11 00:33 | INFO | Query 54 Active Learning Runtime on Validation Set: 938152.8339999999
2025-02-11 00:33 | INFO | Query 54 Active Learning Runtime on Test Set: 397175.204
2025-02-11 00:33 | INFO | Query 54 Active Learning Instance Cost: 6560681.06
2025-02-11 00:35 | INFO | Query 55 Size of the uncertainty table is = 52305/145452
2025-02-11 00:35 | INFO | Query 55 Size of the filtered table is = 1455
2025-02-11 00:36 | INFO | Training Time Active Learning Classifier: 31.59 seconds
2025-02-11 00:36 | INFO | Training Time Active Learning Regressor: 3.96 seconds
2025-02-11 00:38 | INFO | Query 55 Active Learning Runtime on Validation Set: 902243.044
2025-02-11 00:38 | INFO | Query 55 Active Learning Runtime on Test Set: 397245.294
2025-02-11 00:38 | INFO | Query 55 Active Learning Instance Cost: 6794260.78
2025-02-11 00:40 | INFO | Query 56 Size of the uncertainty table is = 50381/145452
2025-02-11 00:40 | INFO | Query 56 Size of the filtered table is = 1455
2025-02-11 00:40 | INFO | Training Time Active Learning Classifier: 32.04 seconds
2025-02-11 00:40 | INFO | Training Time Active Learning Regressor: 3.99 seconds
2025-02-11 00:43 | INFO | Query 56 Active Learning Runtime on Validation Set: 685752.994
2025-02-11 00:43 | INFO | Query 56 Active Learning Runtime on Test Set: 361204.40400000004
2025-02-11 00:43 | INFO | Query 56 Active Learning Instance Cost: 7064124.53
2025-02-11 00:44 | INFO | Query 57 Size of the uncertainty table is = 48243/145452
2025-02-11 00:44 | INFO | Query 57 Size of the filtered table is = 1455
2025-02-11 00:45 | INFO | Training Time Active Learning Classifier: 32.36 seconds
2025-02-11 00:45 | INFO | Training Time Active Learning Regressor: 4.22 seconds
2025-02-11 00:48 | INFO | Query 57 Active Learning Runtime on Validation Set: 1010029.0739999999
2025-02-11 00:48 | INFO | Query 57 Active Learning Runtime on Test Set: 361224.294
2025-02-11 00:48 | INFO | Query 57 Active Learning Instance Cost: 7429079.56
2025-02-11 00:48 | INFO | Timeout limit is increased to 3600
2025-02-11 00:49 | INFO | Query 58 Size of the uncertainty table is = 45737/145452
2025-02-11 00:49 | INFO | Query 58 Size of the filtered table is = 1455
2025-02-11 00:50 | INFO | Training Time Active Learning Classifier: 33.16 seconds
2025-02-11 00:50 | INFO | Training Time Active Learning Regressor: 4.06 seconds
2025-02-11 00:53 | INFO | Query 58 Active Learning Runtime on Validation Set: 866295.804
2025-02-11 00:53 | INFO | Query 58 Active Learning Runtime on Test Set: 361128.384
2025-02-11 00:53 | INFO | Query 58 Active Learning Instance Cost: 7790036.51
2025-02-11 00:54 | INFO | Query 59 Size of the uncertainty table is = 43126/145452
2025-02-11 00:54 | INFO | Query 59 Size of the filtered table is = 1455
2025-02-11 00:55 | INFO | Training Time Active Learning Classifier: 33.15 seconds
2025-02-11 00:55 | INFO | Training Time Active Learning Regressor: 4.09 seconds
2025-02-11 00:57 | INFO | Query 59 Active Learning Runtime on Validation Set: 793688.184
2025-02-11 00:57 | INFO | Query 59 Active Learning Runtime on Test Set: 361202.83400000003
2025-02-11 00:57 | INFO | Query 59 Active Learning Instance Cost: 8130849.21
2025-02-11 00:58 | INFO | Query 60 Size of the uncertainty table is = 40810/145452
2025-02-11 00:58 | INFO | Query 60 Size of the filtered table is = 1455
2025-02-11 00:59 | INFO | Training Time Active Learning Classifier: 33.49 seconds
2025-02-11 00:59 | INFO | Training Time Active Learning Regressor: 4.31 seconds
2025-02-11 01:02 | INFO | Query 60 Active Learning Runtime on Validation Set: 794374.394
2025-02-11 01:02 | INFO | Query 60 Active Learning Runtime on Test Set: 361195.684
2025-02-11 01:02 | INFO | Query 60 Active Learning Instance Cost: 8495179.07
2025-02-11 01:02 | INFO | Timeout limit is increased to 3600
2025-02-11 01:03 | INFO | Query 61 Size of the uncertainty table is = 38468/145452
2025-02-11 01:03 | INFO | Query 61 Size of the filtered table is = 1455
2025-02-11 01:04 | INFO | Training Time Active Learning Classifier: 33.99 seconds
2025-02-11 01:04 | INFO | Training Time Active Learning Regressor: 4.16 seconds
2025-02-11 01:06 | INFO | Query 61 Active Learning Runtime on Validation Set: 1009562.8439999999
2025-02-11 01:06 | INFO | Query 61 Active Learning Runtime on Test Set: 325308.824
2025-02-11 01:06 | INFO | Query 61 Active Learning Instance Cost: 8937708.58
2025-02-11 01:06 | INFO | Timeout limit is increased to 3600
2025-02-11 01:08 | INFO | Query 62 Size of the uncertainty table is = 35940/145452
2025-02-11 01:08 | INFO | Query 62 Size of the filtered table is = 1455
2025-02-11 01:08 | INFO | Training Time Active Learning Classifier: 34.52 seconds
2025-02-11 01:08 | INFO | Training Time Active Learning Regressor: 4.19 seconds
2025-02-11 01:11 | INFO | Query 62 Active Learning Runtime on Validation Set: 721847.884
2025-02-11 01:11 | INFO | Query 62 Active Learning Runtime on Test Set: 325315.28400000004
2025-02-11 01:11 | INFO | Query 62 Active Learning Instance Cost: 9426193.7
2025-02-11 01:12 | INFO | Query 63 Size of the uncertainty table is = 32901/145452
2025-02-11 01:12 | INFO | Query 63 Size of the filtered table is = 1455
2025-02-11 01:13 | INFO | Training Time Active Learning Classifier: 34.85 seconds
2025-02-11 01:13 | INFO | Training Time Active Learning Regressor: 4.23 seconds
2025-02-11 01:15 | INFO | Query 63 Active Learning Runtime on Validation Set: 793677.4639999999
2025-02-11 01:15 | INFO | Query 63 Active Learning Runtime on Test Set: 361213.244
2025-02-11 01:15 | INFO | Query 63 Active Learning Instance Cost: 9815821.05
2025-02-11 01:15 | INFO | Timeout limit is increased to 3600
2025-02-11 01:16 | INFO | Query 64 Size of the uncertainty table is = 30427/145452
2025-02-11 01:16 | INFO | Query 64 Size of the filtered table is = 1455
2025-02-11 01:17 | INFO | Training Time Active Learning Classifier: 35.17 seconds
2025-02-11 01:17 | INFO | Training Time Active Learning Regressor: 4.24 seconds
2025-02-11 01:20 | INFO | Query 64 Active Learning Runtime on Validation Set: 578670.4739999999
2025-02-11 01:20 | INFO | Query 64 Active Learning Runtime on Test Set: 397111.014
2025-02-11 01:20 | INFO | Query 64 Active Learning Instance Cost: 10252130.5
2025-02-11 01:21 | INFO | Query 65 Size of the uncertainty table is = 27669/145452
2025-02-11 01:21 | INFO | Query 65 Size of the filtered table is = 1455
2025-02-11 01:21 | INFO | Training Time Active Learning Classifier: 35.52 seconds
2025-02-11 01:22 | INFO | Training Time Active Learning Regressor: 4.26 seconds
2025-02-11 01:24 | INFO | Query 65 Active Learning Runtime on Validation Set: 686413.304
2025-02-11 01:24 | INFO | Query 65 Active Learning Runtime on Test Set: 433107.674
2025-02-11 01:24 | INFO | Query 65 Active Learning Instance Cost: 10662736.2
2025-02-11 01:24 | INFO | Timeout limit is increased to 3600
2025-02-11 01:25 | INFO | Query 66 Size of the uncertainty table is = 25223/145452
2025-02-11 01:25 | INFO | Query 66 Size of the filtered table is = 1455
2025-02-11 01:26 | INFO | Training Time Active Learning Classifier: 35.88 seconds
2025-02-11 01:26 | INFO | Training Time Active Learning Regressor: 4.3 seconds
2025-02-11 01:28 | INFO | Query 66 Active Learning Runtime on Validation Set: 757754.044
2025-02-11 01:28 | INFO | Query 66 Active Learning Runtime on Test Set: 397140.624
2025-02-11 01:28 | INFO | Query 66 Active Learning Instance Cost: 11203142.12
2025-02-11 01:28 | INFO | Timeout limit is increased to 3600
2025-02-11 01:29 | INFO | Query 67 Size of the uncertainty table is = 22537/145452
2025-02-11 01:29 | INFO | Query 67 Size of the filtered table is = 1455
2025-02-11 01:30 | INFO | Training Time Active Learning Classifier: 36.2 seconds
2025-02-11 01:30 | INFO | Training Time Active Learning Regressor: 4.34 seconds
2025-02-11 01:33 | INFO | Query 67 Active Learning Runtime on Validation Set: 649977.504
2025-02-11 01:33 | INFO | Query 67 Active Learning Runtime on Test Set: 325236.83400000003
2025-02-11 01:33 | INFO | Query 67 Active Learning Instance Cost: 11716262.22
2025-02-11 01:33 | INFO | Query 68 Size of the uncertainty table is = 19731/145452
2025-02-11 01:33 | INFO | Query 68 Size of the filtered table is = 1455
2025-02-11 01:34 | INFO | Training Time Active Learning Classifier: 36.56 seconds
2025-02-11 01:34 | INFO | Training Time Active Learning Regressor: 4.35 seconds
2025-02-11 01:37 | INFO | Query 68 Active Learning Runtime on Validation Set: 578050.9539999999
2025-02-11 01:37 | INFO | Query 68 Active Learning Runtime on Test Set: 289316.694
2025-02-11 01:37 | INFO | Query 68 Active Learning Instance Cost: 12188471.96
2025-02-11 01:37 | INFO | Query 69 Size of the uncertainty table is = 17259/145452
2025-02-11 01:37 | INFO | Query 69 Size of the filtered table is = 1455
2025-02-11 01:38 | INFO | Training Time Active Learning Classifier: 36.9 seconds
2025-02-11 01:38 | INFO | Training Time Active Learning Regressor: 4.36 seconds
2025-02-11 01:41 | INFO | Query 69 Active Learning Runtime on Validation Set: 614039.164
2025-02-11 01:41 | INFO | Query 69 Active Learning Runtime on Test Set: 325208.58400000003
2025-02-11 01:41 | INFO | Query 69 Active Learning Instance Cost: 12667488.12
2025-02-11 01:41 | INFO | Timeout limit is increased to 3600
2025-02-11 01:41 | INFO | Query 70 Size of the uncertainty table is = 14606/145452
2025-02-11 01:41 | INFO | Query 70 Size of the filtered table is = 1455
2025-02-11 01:42 | INFO | Training Time Active Learning Classifier: 37.17 seconds
2025-02-11 01:42 | INFO | Training Time Active Learning Regressor: 4.4 seconds
2025-02-11 01:45 | INFO | Query 70 Active Learning Runtime on Validation Set: 722055.564
2025-02-11 01:45 | INFO | Query 70 Active Learning Runtime on Test Set: 361214.58400000003
2025-02-11 01:45 | INFO | Query 70 Active Learning Instance Cost: 13276412.14
2025-02-11 01:45 | INFO | Timeout limit is increased to 3600
2025-02-11 01:45 | INFO | Query 71 Size of the uncertainty table is = 11422/145452
2025-02-11 01:45 | INFO | Query 71 Size of the filtered table is = 1455
2025-02-11 01:46 | INFO | Training Time Active Learning Classifier: 37.48 seconds
2025-02-11 01:46 | INFO | Training Time Active Learning Regressor: 4.62 seconds
2025-02-11 01:49 | INFO | Query 71 Active Learning Runtime on Validation Set: 650542.0939999999
2025-02-11 01:49 | INFO | Query 71 Active Learning Runtime on Test Set: 361141.65400000004
2025-02-11 01:49 | INFO | Query 71 Active Learning Instance Cost: 13773425.17
2025-02-11 01:49 | INFO | Query 72 Size of the uncertainty table is = 8473/145452
2025-02-11 01:49 | INFO | Query 72 Size of the filtered table is = 1455
2025-02-11 01:50 | INFO | Training Time Active Learning Classifier: 37.82 seconds
2025-02-11 01:50 | INFO | Training Time Active Learning Regressor: 4.49 seconds
2025-02-11 01:52 | INFO | Query 72 Active Learning Runtime on Validation Set: 865870.424
2025-02-11 01:52 | INFO | Query 72 Active Learning Runtime on Test Set: 361087.134
2025-02-11 01:52 | INFO | Query 72 Active Learning Instance Cost: 14641419.62
2025-02-11 01:52 | INFO | Timeout limit is increased to 3600
2025-02-11 01:53 | INFO | Query 73 Size of the uncertainty table is = 3768/145452
2025-02-11 01:53 | INFO | Query 73 Size of the filtered table is = 1455
2025-02-11 01:53 | INFO | Training Time Active Learning Classifier: 38.04 seconds
2025-02-11 01:54 | INFO | Training Time Active Learning Regressor: 4.54 seconds
2025-02-11 01:56 | INFO | Query 73 Active Learning Runtime on Validation Set: 650458.054
2025-02-11 01:56 | INFO | Query 73 Active Learning Runtime on Test Set: 325528.564
2025-02-11 01:56 | INFO | Query 73 Active Learning Instance Cost: 15380537.98
2025-02-11 01:56 | INFO | Query 74 Size of the uncertainty table is = 775/145452
2025-02-11 01:56 | INFO | Query 74 Size of the filtered table is = 775
2025-02-11 01:57 | INFO | Training Time Active Learning Classifier: 37.9 seconds
2025-02-11 01:57 | INFO | Training Time Active Learning Regressor: 4.54 seconds
2025-02-11 02:00 | INFO | Query 74 Active Learning Runtime on Validation Set: 650382.414
2025-02-11 02:00 | INFO | Query 74 Active Learning Runtime on Test Set: 325531.294
2025-02-11 02:00 | INFO | Query 74 Active Learning Instance Cost: 15550791.14
2025-02-11 02:00 | INFO | Active Learning Emissions: 0.24670362987892866
2025-02-11 02:00 | INFO | Active Learning Energy Consumption: 0.26841984904370303 kWh
2025-02-11 02:00 | INFO | runtime_test_score is written as json file
2025-02-11 02:00 | INFO | runtime_validation_score is written as json file
2025-02-11 02:00 | INFO | instance_cost is written as json file
2025-02-11 02:00 | INFO | Experiment is finished
