2024-06-26 11:20 | INFO | Paramaters are: {'dataset': 'SAT12-INDU', 'penalty': 10, 'weight': 'No_Weight', 'voting': 'Hard', 'pre_selection_size': 64, 'pre_selection_technique': 'No_pre_selection', 'feature_elimination_threshold': 20, 'imputer_strategy': 'median', 'feature_selection_technique': 'No_feature_selection', 'feature_scaling_technique': 'StandardScaler', 'initial_train_size': 20, 'query_size': 1, 'timeout_predictor_usage': 'Yes', 'timeout_limit': 100, 'timeout_increase_rate': 100, 'RANDOM_STATE_SEED': 123, 'n_splits': 10, 'split_number': 7, 'max_timeout': 3600, 'param_grid': {'n_estimators': 100, 'criterion': 'gini', 'max_features': 'sqrt', 'max_depth': 2147483648, 'min_samples_split': 2, 'bootstrap': True}}
2024-06-26 11:20 | INFO | SAT12-INDU is current dataset
2024-06-26 11:20 | INFO | DATASETS/SAT12-INDU/algorithm_runs.arff is found
2024-06-26 11:20 | INFO | DATASETS/SAT12-INDU/algorithm_runs.arff is finished
2024-06-26 11:20 | INFO | DATASETS/SAT12-INDU/feature_values.arff is found
2024-06-26 11:20 | INFO | DATASETS/SAT12-INDU/feature_values.arff is finished
2024-06-26 11:20 | INFO | DATASETS/SAT12-INDU/feature_costs.arff is found
2024-06-26 11:20 | INFO | DATASETS/SAT12-INDU/feature_costs.arff is finished
2024-06-26 11:20 | INFO | Virtual best solver time in train = 132012.12
2024-06-26 11:20 | INFO | Single best solver list train = {'clasp1': 6146680.62, 'clasp2': 6637700.83, 'cryptominisat2011': 3412817.89, 'eagleup': 23688000.02, 'ebglucose': 5618938.04, 'ebminisat': 4799019.76, 'glucose2': 4435993.93, 'glueminisat': 4287902.91, 'gnoveltyp2': 23400058.46, 'lingeling': 2931450.97, 'lrglshr': 6225669.12, 'marchrw': 22293753.52, 'minisatpsm': 4540981.95, 'mphaseSAT': 3909526.4, 'mphaseSAT64': 3765000.03, 'mphaseSATm': 3914701.61, 'mxc09': 5521917.38, 'picosat': 7133237.91, 'precosat': 4228263.94, 'qutersat': 3188887.73, 'rcl': 6125665.48, 'restartsat': 4551310.12, 'sapperlot': 5915979.84, 'satime11': 21790167.74, 'sattime': 22074640.18, 'sattimep': 22009602.0, 'sol': 9679233.04, 'sparrow': 22576789.43, 'spear-hw': 10007881.73, 'spear-sw': 11004873.77, 'tnm': 22825438.36}
2024-06-26 11:20 | INFO | Single best solver time train = lingeling (2931450.97)
2024-06-26 11:20 | INFO | Virtual best solver time in validation = 30352.11
2024-06-26 11:20 | INFO | Single best solver list validation = {'clasp1': 1243219.59, 'clasp2': 1563572.48, 'cryptominisat2011': 455925.3, 'eagleup': 5940000.0, 'ebglucose': 985873.71, 'ebminisat': 595398.8, 'glucose2': 592505.58, 'glueminisat': 627609.36, 'gnoveltyp2': 5904166.89, 'lingeling': 338833.37, 'lrglshr': 772890.29, 'marchrw': 5689070.12, 'minisatpsm': 695683.49, 'mphaseSAT': 342754.49, 'mphaseSAT64': 662691.58, 'mphaseSATm': 380410.38, 'mxc09': 771581.4, 'picosat': 1203344.94, 'precosat': 592432.3, 'qutersat': 311145.38, 'rcl': 952782.32, 'restartsat': 559901.57, 'sapperlot': 704750.23, 'satime11': 5688639.7, 'sattime': 5724278.24, 'sattimep': 5689048.43, 'sol': 1974705.38, 'sparrow': 5868696.16, 'spear-hw': 2321036.06, 'spear-sw': 1962316.02, 'tnm': 5832275.91}
2024-06-26 11:20 | INFO | Single best solver time validation = qutersat (311145.38)
2024-06-26 11:20 | INFO | Virtual best solver time in test = 19646.94
2024-06-26 11:20 | INFO | Single best solver list test = {'clasp1': 912523.05, 'clasp2': 948155.68, 'cryptominisat2011': 303420.05, 'eagleup': 3240000.03, 'ebglucose': 693917.62, 'ebminisat': 552267.09, 'glucose2': 550797.0, 'glueminisat': 585841.82, 'gnoveltyp2': 3204841.69, 'lingeling': 408150.85, 'lrglshr': 840358.47, 'marchrw': 2953316.57, 'minisatpsm': 584104.03, 'mphaseSAT': 730618.31, 'mphaseSAT64': 446333.57, 'mphaseSATm': 696335.63, 'mxc09': 623292.89, 'picosat': 876885.43, 'precosat': 589583.7, 'qutersat': 374928.66, 'rcl': 731009.21, 'restartsat': 626606.14, 'sapperlot': 697465.49, 'satime11': 3096578.49, 'sattime': 3026836.5, 'sattimep': 3168063.95, 'sol': 1203446.17, 'sparrow': 3204026.35, 'spear-hw': 1450301.76, 'spear-sw': 1451527.54, 'tnm': 3132079.53}
2024-06-26 11:20 | INFO | Single best solver time test = cryptominisat2011 (303420.05)
2024-06-26 11:39 | INFO | Passive Learning Runtime on Validation Set: 111173.08
2024-06-26 11:39 | INFO | Passive Learning Runtime on Test Set: 291657.18
2024-06-26 11:39 | INFO | Passive Learning Instance Cost: 32658884.71
2024-06-26 11:49 | INFO | Initial Active Learning Runtime on Validation Set: 478031.14
2024-06-26 11:49 | INFO | Initial Active Learning Runtime on Test Set: 581335.87
2024-06-26 11:49 | INFO | Initial Active Learning Instance Cost: 47482.25
2024-06-26 11:49 | INFO | Bin size = 2972
2024-06-26 11:50 | INFO | Query 1 Size of the uncertainty table is = 301343/297135
2024-06-26 11:50 | INFO | Query 1 Size of the filtered table is = 2972
2024-06-26 12:02 | INFO | Query 1 Active Learning Runtime on Validation Set: 545778.98
2024-06-26 12:02 | INFO | Query 1 Active Learning Runtime on Test Set: 509497.26
2024-06-26 12:02 | INFO | Query 1 Active Learning Instance Cost: 305173.01
2024-06-26 12:02 | INFO | Timeout limit is increased to 200
2024-06-26 12:03 | INFO | Query 2 Size of the uncertainty table is = 291362/297135
2024-06-26 12:03 | INFO | Query 2 Size of the filtered table is = 2972
2024-06-26 12:23 | INFO | Query 2 Active Learning Runtime on Validation Set: 507939.15
2024-06-26 12:23 | INFO | Query 2 Active Learning Runtime on Test Set: 508241.12
2024-06-26 12:23 | INFO | Query 2 Active Learning Instance Cost: 603678.81
2024-06-26 12:24 | INFO | Query 3 Size of the uncertainty table is = 267350/297135
2024-06-26 12:24 | INFO | Query 3 Size of the filtered table is = 2972
2024-06-26 12:42 | INFO | Query 3 Active Learning Runtime on Validation Set: 363369.68
2024-06-26 12:42 | INFO | Query 3 Active Learning Runtime on Test Set: 470786.7
2024-06-26 12:42 | INFO | Query 3 Active Learning Instance Cost: 1055272.29
2024-06-26 12:43 | INFO | Query 4 Size of the uncertainty table is = 245469/297135
2024-06-26 12:43 | INFO | Query 4 Size of the filtered table is = 2972
2024-06-26 13:00 | INFO | Query 4 Active Learning Runtime on Validation Set: 362350.04000000004
2024-06-26 13:00 | INFO | Query 4 Active Learning Runtime on Test Set: 470158.74
2024-06-26 13:00 | INFO | Query 4 Active Learning Instance Cost: 1448082.51
2024-06-26 13:01 | INFO | Query 5 Size of the uncertainty table is = 214867/297135
2024-06-26 13:01 | INFO | Query 5 Size of the filtered table is = 2972
2024-06-26 13:18 | INFO | Query 5 Active Learning Runtime on Validation Set: 361188.93
2024-06-26 13:18 | INFO | Query 5 Active Learning Runtime on Test Set: 469238.59
2024-06-26 13:18 | INFO | Query 5 Active Learning Instance Cost: 1669532.88
2024-06-26 13:19 | INFO | Query 6 Size of the uncertainty table is = 190419/297135
2024-06-26 13:19 | INFO | Query 6 Size of the filtered table is = 2972
2024-06-26 13:36 | INFO | Query 6 Active Learning Runtime on Validation Set: 325117.44
2024-06-26 13:36 | INFO | Query 6 Active Learning Runtime on Test Set: 503671.47000000003
2024-06-26 13:36 | INFO | Query 6 Active Learning Instance Cost: 1801113.05
2024-06-26 13:36 | INFO | Query 7 Size of the uncertainty table is = 174505/297135
2024-06-26 13:36 | INFO | Query 7 Size of the filtered table is = 2972
2024-06-26 13:54 | INFO | Query 7 Active Learning Runtime on Validation Set: 324318.69
2024-06-26 13:54 | INFO | Query 7 Active Learning Runtime on Test Set: 503205.5
2024-06-26 13:54 | INFO | Query 7 Active Learning Instance Cost: 1960685.54
2024-06-26 13:55 | INFO | Query 8 Size of the uncertainty table is = 160745/297135
2024-06-26 13:55 | INFO | Query 8 Size of the filtered table is = 2972
2024-06-26 14:12 | INFO | Query 8 Active Learning Runtime on Validation Set: 324251.21
2024-06-26 14:12 | INFO | Query 8 Active Learning Runtime on Test Set: 539105.94
2024-06-26 14:12 | INFO | Query 8 Active Learning Instance Cost: 2126445.93
2024-06-26 14:13 | INFO | Query 9 Size of the uncertainty table is = 149151/297135
2024-06-26 14:13 | INFO | Query 9 Size of the filtered table is = 2972
2024-06-26 14:30 | INFO | Query 9 Active Learning Runtime on Validation Set: 324377.56
2024-06-26 14:30 | INFO | Query 9 Active Learning Runtime on Test Set: 503578.49
2024-06-26 14:30 | INFO | Query 9 Active Learning Instance Cost: 2244420.83
2024-06-26 14:30 | INFO | Timeout limit is increased to 300
2024-06-26 14:30 | INFO | Query 10 Size of the uncertainty table is = 140423/297135
2024-06-26 14:30 | INFO | Query 10 Size of the filtered table is = 2972
2024-06-26 14:52 | INFO | Query 10 Active Learning Runtime on Validation Set: 182833.85
2024-06-26 14:52 | INFO | Query 10 Active Learning Runtime on Test Set: 363327.65
2024-06-26 14:52 | INFO | Query 10 Active Learning Instance Cost: 2587534.49
2024-06-26 14:52 | INFO | Query 11 Size of the uncertainty table is = 128990/297135
2024-06-26 14:52 | INFO | Query 11 Size of the filtered table is = 2972
2024-06-26 15:11 | INFO | Query 11 Active Learning Runtime on Validation Set: 182940.37
2024-06-26 15:11 | INFO | Query 11 Active Learning Runtime on Test Set: 291732.11
2024-06-26 15:11 | INFO | Query 11 Active Learning Instance Cost: 2930263.18
2024-06-26 15:11 | INFO | Timeout limit is increased to 400
2024-06-26 15:12 | INFO | Query 12 Size of the uncertainty table is = 124582/297135
2024-06-26 15:12 | INFO | Query 12 Size of the filtered table is = 2972
2024-06-26 15:33 | INFO | Query 12 Active Learning Runtime on Validation Set: 182952.64
2024-06-26 15:33 | INFO | Query 12 Active Learning Runtime on Test Set: 325908.14
2024-06-26 15:33 | INFO | Query 12 Active Learning Instance Cost: 3340133.56
2024-06-26 15:33 | INFO | Timeout limit is increased to 500
2024-06-26 15:33 | INFO | Query 13 Size of the uncertainty table is = 116304/297135
2024-06-26 15:33 | INFO | Query 13 Size of the filtered table is = 2972
2024-06-26 15:54 | INFO | Query 13 Active Learning Runtime on Validation Set: 182991.97
2024-06-26 15:54 | INFO | Query 13 Active Learning Runtime on Test Set: 291225.33
2024-06-26 15:54 | INFO | Query 13 Active Learning Instance Cost: 3982129.51
2024-06-26 15:54 | INFO | Timeout limit is increased to 600
2024-06-26 15:55 | INFO | Query 14 Size of the uncertainty table is = 111679/297135
2024-06-26 15:55 | INFO | Query 14 Size of the filtered table is = 2972
2024-06-26 16:16 | INFO | Query 14 Active Learning Runtime on Validation Set: 181838.41999999998
2024-06-26 16:16 | INFO | Query 14 Active Learning Runtime on Test Set: 363267.89
2024-06-26 16:16 | INFO | Query 14 Active Learning Instance Cost: 4453333.9
2024-06-26 16:16 | INFO | Query 15 Size of the uncertainty table is = 105691/297135
2024-06-26 16:16 | INFO | Query 15 Size of the filtered table is = 2972
2024-06-26 16:36 | INFO | Query 15 Active Learning Runtime on Validation Set: 181664.84
2024-06-26 16:36 | INFO | Query 15 Active Learning Runtime on Test Set: 293080.29
2024-06-26 16:36 | INFO | Query 15 Active Learning Instance Cost: 4920793.42
2024-06-26 16:37 | INFO | Query 16 Size of the uncertainty table is = 103526/297135
2024-06-26 16:37 | INFO | Query 16 Size of the filtered table is = 2972
2024-06-26 16:56 | INFO | Query 16 Active Learning Runtime on Validation Set: 217362.34000000003
2024-06-26 16:56 | INFO | Query 16 Active Learning Runtime on Test Set: 397612.11
2024-06-26 16:56 | INFO | Query 16 Active Learning Instance Cost: 5245525.99
2024-06-26 16:56 | INFO | Timeout limit is increased to 700
2024-06-26 16:57 | INFO | Query 17 Size of the uncertainty table is = 98651/297135
2024-06-26 16:57 | INFO | Query 17 Size of the filtered table is = 2972
2024-06-26 17:18 | INFO | Query 17 Active Learning Runtime on Validation Set: 146635.6
2024-06-26 17:18 | INFO | Query 17 Active Learning Runtime on Test Set: 291489.77
2024-06-26 17:18 | INFO | Query 17 Active Learning Instance Cost: 6233340.83
2024-06-26 17:18 | INFO | Query 18 Size of the uncertainty table is = 86074/297135
2024-06-26 17:18 | INFO | Query 18 Size of the filtered table is = 2972
2024-06-26 17:38 | INFO | Query 18 Active Learning Runtime on Validation Set: 146449.88
2024-06-26 17:38 | INFO | Query 18 Active Learning Runtime on Test Set: 255487.94
2024-06-26 17:38 | INFO | Query 18 Active Learning Instance Cost: 6484682.85
2024-06-26 17:39 | INFO | Query 19 Size of the uncertainty table is = 84527/297135
2024-06-26 17:39 | INFO | Query 19 Size of the filtered table is = 2972
2024-06-26 17:57 | INFO | Query 19 Active Learning Runtime on Validation Set: 146386.33000000002
2024-06-26 17:57 | INFO | Query 19 Active Learning Runtime on Test Set: 291911.91
2024-06-26 17:57 | INFO | Query 19 Active Learning Instance Cost: 6588185.93
2024-06-26 17:58 | INFO | Query 20 Size of the uncertainty table is = 83345/297135
2024-06-26 17:58 | INFO | Query 20 Size of the filtered table is = 1323
2024-06-26 18:17 | INFO | Query 20 Active Learning Runtime on Validation Set: 182070.82
2024-06-26 18:17 | INFO | Query 20 Active Learning Runtime on Test Set: 291518.17
2024-06-26 18:17 | INFO | Query 20 Active Learning Instance Cost: 6774345.59
2024-06-26 18:17 | INFO | Timeout limit is increased to 800
2024-06-26 18:18 | INFO | Query 21 Size of the uncertainty table is = 82540/297135
2024-06-26 18:18 | INFO | Query 21 Size of the filtered table is = 146
2024-06-26 18:39 | INFO | Query 21 Active Learning Runtime on Validation Set: 182070.82
2024-06-26 18:39 | INFO | Query 21 Active Learning Runtime on Test Set: 291567.87
2024-06-26 18:39 | INFO | Query 21 Active Learning Instance Cost: 6805313.12
2024-06-26 18:39 | INFO | Timeout limit is increased to 900
2024-06-26 18:39 | INFO | Query 22 Size of the uncertainty table is = 82492/297135
2024-06-26 18:39 | INFO | Query 22 Size of the filtered table is = 2972
2024-06-26 19:01 | INFO | Query 22 Active Learning Runtime on Validation Set: 111325.25
2024-06-26 19:01 | INFO | Query 22 Active Learning Runtime on Test Set: 326233.9
2024-06-26 19:01 | INFO | Query 22 Active Learning Instance Cost: 7569915.44
2024-06-26 19:01 | INFO | Query 23 Size of the uncertainty table is = 79115/297135
2024-06-26 19:01 | INFO | Query 23 Size of the filtered table is = 2972
2024-06-26 19:21 | INFO | Query 23 Active Learning Runtime on Validation Set: 111312.0
2024-06-26 19:21 | INFO | Query 23 Active Learning Runtime on Test Set: 291215.91
2024-06-26 19:21 | INFO | Query 23 Active Learning Instance Cost: 7878114.61
2024-06-26 19:21 | INFO | Query 24 Size of the uncertainty table is = 76613/297135
2024-06-26 19:21 | INFO | Query 24 Size of the filtered table is = 2972
2024-06-26 19:41 | INFO | Query 24 Active Learning Runtime on Validation Set: 111331.2
2024-06-26 19:41 | INFO | Query 24 Active Learning Runtime on Test Set: 325973.58
2024-06-26 19:41 | INFO | Query 24 Active Learning Instance Cost: 8204720.92
2024-06-26 19:41 | INFO | Timeout limit is increased to 1000
2024-06-26 19:42 | INFO | Query 25 Size of the uncertainty table is = 75396/297135
2024-06-26 19:42 | INFO | Query 25 Size of the filtered table is = 296
2024-06-26 20:03 | INFO | Query 25 Active Learning Runtime on Validation Set: 111321.73
2024-06-26 20:03 | INFO | Query 25 Active Learning Runtime on Test Set: 326511.29
2024-06-26 20:03 | INFO | Query 25 Active Learning Instance Cost: 8294641.59
2024-06-26 20:03 | INFO | Query 26 Size of the uncertainty table is = 75239/297135
2024-06-26 20:03 | INFO | Query 26 Size of the filtered table is = 2972
2024-06-26 20:23 | INFO | Query 26 Active Learning Runtime on Validation Set: 111261.26999999999
2024-06-26 20:23 | INFO | Query 26 Active Learning Runtime on Test Set: 292268.42
2024-06-26 20:23 | INFO | Query 26 Active Learning Instance Cost: 8644033.36
2024-06-26 20:24 | INFO | Query 27 Size of the uncertainty table is = 73999/297135
2024-06-26 20:24 | INFO | Query 27 Size of the filtered table is = 2972
2024-06-26 20:43 | INFO | Query 27 Active Learning Runtime on Validation Set: 111253.63
2024-06-26 20:43 | INFO | Query 27 Active Learning Runtime on Test Set: 291923.13
2024-06-26 20:43 | INFO | Query 27 Active Learning Instance Cost: 8773336.48
2024-06-26 20:44 | INFO | Query 28 Size of the uncertainty table is = 72844/297135
2024-06-26 20:44 | INFO | Query 28 Size of the filtered table is = 2734
2024-06-26 21:03 | INFO | Query 28 Active Learning Runtime on Validation Set: 111317.03
2024-06-26 21:03 | INFO | Query 28 Active Learning Runtime on Test Set: 292210.8
2024-06-26 21:03 | INFO | Query 28 Active Learning Instance Cost: 9183904.03
2024-06-26 21:03 | INFO | Timeout limit is increased to 1100
2024-06-26 21:04 | INFO | Query 29 Size of the uncertainty table is = 72558/297135
2024-06-26 21:04 | INFO | Query 29 Size of the filtered table is = 39
2024-06-26 21:25 | INFO | Query 29 Active Learning Runtime on Validation Set: 111317.03
2024-06-26 21:25 | INFO | Query 29 Active Learning Runtime on Test Set: 292210.8
2024-06-26 21:25 | INFO | Query 29 Active Learning Instance Cost: 9198104.03
2024-06-26 21:25 | INFO | Timeout limit is increased to 1200
2024-06-26 21:26 | INFO | Query 30 Size of the uncertainty table is = 72558/297135
2024-06-26 21:26 | INFO | Query 30 Size of the filtered table is = 2972
2024-06-26 21:47 | INFO | Query 30 Active Learning Runtime on Validation Set: 111335.51999999999
2024-06-26 21:47 | INFO | Query 30 Active Learning Runtime on Test Set: 362894.97000000003
2024-06-26 21:47 | INFO | Query 30 Active Learning Instance Cost: 10050286.78
2024-06-26 21:47 | INFO | Timeout limit is increased to 1300
2024-06-26 21:47 | INFO | Query 31 Size of the uncertainty table is = 70518/297135
2024-06-26 21:47 | INFO | Query 31 Size of the filtered table is = 2972
2024-06-26 22:09 | INFO | Query 31 Active Learning Runtime on Validation Set: 111253.87
2024-06-26 22:09 | INFO | Query 31 Active Learning Runtime on Test Set: 326656.53
2024-06-26 22:09 | INFO | Query 31 Active Learning Instance Cost: 10562096.74
2024-06-26 22:10 | INFO | Query 32 Size of the uncertainty table is = 68749/297135
2024-06-26 22:10 | INFO | Query 32 Size of the filtered table is = 2972
2024-06-26 22:30 | INFO | Query 32 Active Learning Runtime on Validation Set: 111253.87
2024-06-26 22:30 | INFO | Query 32 Active Learning Runtime on Test Set: 326656.53
2024-06-26 22:30 | INFO | Query 32 Active Learning Instance Cost: 11451749.32
2024-06-26 22:30 | INFO | Timeout limit is increased to 1400
2024-06-26 22:30 | INFO | Query 33 Size of the uncertainty table is = 68724/297135
2024-06-26 22:30 | INFO | Query 33 Size of the filtered table is = 2972
2024-06-26 22:51 | INFO | Query 33 Active Learning Runtime on Validation Set: 111300.48
2024-06-26 22:51 | INFO | Query 33 Active Learning Runtime on Test Set: 362377.7
2024-06-26 22:51 | INFO | Query 33 Active Learning Instance Cost: 11998980.97
2024-06-26 22:51 | INFO | Timeout limit is increased to 1500
2024-06-26 22:51 | INFO | Query 34 Size of the uncertainty table is = 67784/297135
2024-06-26 22:51 | INFO | Query 34 Size of the filtered table is = 2972
2024-06-26 23:13 | INFO | Query 34 Active Learning Runtime on Validation Set: 111296.20999999999
2024-06-26 23:13 | INFO | Query 34 Active Learning Runtime on Test Set: 362377.27
2024-06-26 23:13 | INFO | Query 34 Active Learning Instance Cost: 12345224.51
2024-06-26 23:13 | INFO | Query 35 Size of the uncertainty table is = 67750/297135
2024-06-26 23:13 | INFO | Query 35 Size of the filtered table is = 2972
2024-06-26 23:33 | INFO | Query 35 Active Learning Runtime on Validation Set: 111296.20999999999
2024-06-26 23:33 | INFO | Query 35 Active Learning Runtime on Test Set: 362377.27
2024-06-26 23:33 | INFO | Query 35 Active Learning Instance Cost: 12953955.29
2024-06-26 23:33 | INFO | Timeout limit is increased to 1600
2024-06-26 23:34 | INFO | Query 36 Size of the uncertainty table is = 67728/297135
2024-06-26 23:34 | INFO | Query 36 Size of the filtered table is = 2972
2024-06-26 23:55 | INFO | Query 36 Active Learning Runtime on Validation Set: 111161.32
2024-06-26 23:55 | INFO | Query 36 Active Learning Runtime on Test Set: 362373.21
2024-06-26 23:55 | INFO | Query 36 Active Learning Instance Cost: 13372225.25
2024-06-26 23:55 | INFO | Query 37 Size of the uncertainty table is = 67673/297135
2024-06-26 23:55 | INFO | Query 37 Size of the filtered table is = 2972
2024-06-27 00:15 | INFO | Query 37 Active Learning Runtime on Validation Set: 111161.32
2024-06-27 00:15 | INFO | Query 37 Active Learning Runtime on Test Set: 362373.21
2024-06-27 00:15 | INFO | Query 37 Active Learning Instance Cost: 13704127.48
2024-06-27 00:15 | INFO | Timeout limit is increased to 1700
2024-06-27 00:15 | INFO | Query 38 Size of the uncertainty table is = 67666/297135
2024-06-27 00:15 | INFO | Query 38 Size of the filtered table is = 2215
2024-06-27 00:36 | INFO | Query 38 Active Learning Runtime on Validation Set: 111161.32
2024-06-27 00:36 | INFO | Query 38 Active Learning Runtime on Test Set: 362373.21
2024-06-27 00:36 | INFO | Query 38 Active Learning Instance Cost: 14266927.48
2024-06-27 00:36 | INFO | Timeout limit is increased to 1800
2024-06-27 00:37 | INFO | Query 39 Size of the uncertainty table is = 67663/297135
2024-06-27 00:37 | INFO | Query 39 Size of the filtered table is = 2972
2024-06-27 00:58 | INFO | Query 39 Active Learning Runtime on Validation Set: 111161.32
2024-06-27 00:58 | INFO | Query 39 Active Learning Runtime on Test Set: 362373.21
2024-06-27 00:58 | INFO | Query 39 Active Learning Instance Cost: 14668427.48
2024-06-27 00:58 | INFO | Timeout limit is increased to 1900
2024-06-27 00:59 | INFO | Query 40 Size of the uncertainty table is = 67663/297135
2024-06-27 00:59 | INFO | Query 40 Size of the filtered table is = 2972
2024-06-27 01:20 | INFO | Query 40 Active Learning Runtime on Validation Set: 111161.32
2024-06-27 01:20 | INFO | Query 40 Active Learning Runtime on Test Set: 362373.21
2024-06-27 01:20 | INFO | Query 40 Active Learning Instance Cost: 15899227.48
2024-06-27 01:20 | INFO | Timeout limit is increased to 2000
2024-06-27 01:20 | INFO | Query 41 Size of the uncertainty table is = 67663/297135
2024-06-27 01:20 | INFO | Query 41 Size of the filtered table is = 2972
2024-06-27 01:42 | INFO | Query 41 Active Learning Runtime on Validation Set: 111161.32
2024-06-27 01:42 | INFO | Query 41 Active Learning Runtime on Test Set: 362373.21
2024-06-27 01:42 | INFO | Query 41 Active Learning Instance Cost: 16314827.48
2024-06-27 01:42 | INFO | Timeout limit is increased to 2100
2024-06-27 01:43 | INFO | Query 42 Size of the uncertainty table is = 67663/297135
2024-06-27 01:43 | INFO | Query 42 Size of the filtered table is = 2972
2024-06-27 02:04 | INFO | Query 42 Active Learning Runtime on Validation Set: 111161.32
2024-06-27 02:04 | INFO | Query 42 Active Learning Runtime on Test Set: 362373.21
2024-06-27 02:04 | INFO | Query 42 Active Learning Instance Cost: 17035727.48
2024-06-27 02:04 | INFO | Timeout limit is increased to 2200
2024-06-27 02:04 | INFO | Query 43 Size of the uncertainty table is = 67663/297135
2024-06-27 02:04 | INFO | Query 43 Size of the filtered table is = 2972
2024-06-27 02:26 | INFO | Query 43 Active Learning Runtime on Validation Set: 111161.32
2024-06-27 02:26 | INFO | Query 43 Active Learning Runtime on Test Set: 362373.21
2024-06-27 02:26 | INFO | Query 43 Active Learning Instance Cost: 17435627.48
2024-06-27 02:26 | INFO | Timeout limit is increased to 2300
2024-06-27 02:27 | INFO | Query 44 Size of the uncertainty table is = 67663/297135
2024-06-27 02:27 | INFO | Query 44 Size of the filtered table is = 2972
2024-06-27 02:48 | INFO | Query 44 Active Learning Runtime on Validation Set: 111161.32
2024-06-27 02:48 | INFO | Query 44 Active Learning Runtime on Test Set: 362373.21
2024-06-27 02:48 | INFO | Query 44 Active Learning Instance Cost: 18143227.48
2024-06-27 02:48 | INFO | Timeout limit is increased to 2400
2024-06-27 02:48 | INFO | Query 45 Size of the uncertainty table is = 67663/297135
2024-06-27 02:48 | INFO | Query 45 Size of the filtered table is = 2972
2024-06-27 03:10 | INFO | Query 45 Active Learning Runtime on Validation Set: 111161.32
2024-06-27 03:10 | INFO | Query 45 Active Learning Runtime on Test Set: 362373.21
2024-06-27 03:10 | INFO | Query 45 Active Learning Instance Cost: 18541827.48
2024-06-27 03:10 | INFO | Timeout limit is increased to 2500
2024-06-27 03:10 | INFO | Query 46 Size of the uncertainty table is = 67663/297135
2024-06-27 03:10 | INFO | Query 46 Size of the filtered table is = 2972
2024-06-27 03:32 | INFO | Query 46 Active Learning Runtime on Validation Set: 111161.32
2024-06-27 03:32 | INFO | Query 46 Active Learning Runtime on Test Set: 362373.21
2024-06-27 03:32 | INFO | Query 46 Active Learning Instance Cost: 19242127.48
2024-06-27 03:32 | INFO | Timeout limit is increased to 2600
2024-06-27 03:32 | INFO | Query 47 Size of the uncertainty table is = 67663/297135
2024-06-27 03:32 | INFO | Query 47 Size of the filtered table is = 2972
2024-06-27 03:53 | INFO | Query 47 Active Learning Runtime on Validation Set: 111161.32
2024-06-27 03:53 | INFO | Query 47 Active Learning Runtime on Test Set: 362373.21
2024-06-27 03:53 | INFO | Query 47 Active Learning Instance Cost: 19646827.48
2024-06-27 03:53 | INFO | Timeout limit is increased to 2700
2024-06-27 03:54 | INFO | Query 48 Size of the uncertainty table is = 67663/297135
2024-06-27 03:54 | INFO | Query 48 Size of the filtered table is = 2972
2024-06-27 04:15 | INFO | Query 48 Active Learning Runtime on Validation Set: 111161.32
2024-06-27 04:15 | INFO | Query 48 Active Learning Runtime on Test Set: 362373.21
2024-06-27 04:15 | INFO | Query 48 Active Learning Instance Cost: 20356227.48
2024-06-27 04:15 | INFO | Timeout limit is increased to 2800
2024-06-27 04:16 | INFO | Query 49 Size of the uncertainty table is = 67663/297135
2024-06-27 04:16 | INFO | Query 49 Size of the filtered table is = 2972
2024-06-27 04:37 | INFO | Query 49 Active Learning Runtime on Validation Set: 111161.32
2024-06-27 04:37 | INFO | Query 49 Active Learning Runtime on Test Set: 362373.21
2024-06-27 04:37 | INFO | Query 49 Active Learning Instance Cost: 20761627.48
2024-06-27 04:37 | INFO | Timeout limit is increased to 2900
2024-06-27 04:38 | INFO | Query 50 Size of the uncertainty table is = 67663/297135
2024-06-27 04:38 | INFO | Query 50 Size of the filtered table is = 2972
2024-06-27 04:59 | INFO | Query 50 Active Learning Runtime on Validation Set: 111161.32
2024-06-27 04:59 | INFO | Query 50 Active Learning Runtime on Test Set: 362373.21
2024-06-27 04:59 | INFO | Query 50 Active Learning Instance Cost: 21470627.48
2024-06-27 04:59 | INFO | Timeout limit is increased to 3000
2024-06-27 04:59 | INFO | Query 51 Size of the uncertainty table is = 67663/297135
2024-06-27 04:59 | INFO | Query 51 Size of the filtered table is = 2972
2024-06-27 05:21 | INFO | Query 51 Active Learning Runtime on Validation Set: 111161.32
2024-06-27 05:21 | INFO | Query 51 Active Learning Runtime on Test Set: 362373.21
2024-06-27 05:21 | INFO | Query 51 Active Learning Instance Cost: 21865727.48
2024-06-27 05:21 | INFO | Timeout limit is increased to 3100
2024-06-27 05:21 | INFO | Query 52 Size of the uncertainty table is = 67663/297135
2024-06-27 05:21 | INFO | Query 52 Size of the filtered table is = 2972
2024-06-27 05:42 | INFO | Query 52 Active Learning Runtime on Validation Set: 111161.32
2024-06-27 05:42 | INFO | Query 52 Active Learning Runtime on Test Set: 362373.21
2024-06-27 05:42 | INFO | Query 52 Active Learning Instance Cost: 22573727.48
2024-06-27 05:42 | INFO | Timeout limit is increased to 3200
2024-06-27 05:43 | INFO | Query 53 Size of the uncertainty table is = 67663/297135
2024-06-27 05:43 | INFO | Query 53 Size of the filtered table is = 2972
2024-06-27 06:04 | INFO | Query 53 Active Learning Runtime on Validation Set: 111161.32
2024-06-27 06:04 | INFO | Query 53 Active Learning Runtime on Test Set: 362373.21
2024-06-27 06:04 | INFO | Query 53 Active Learning Instance Cost: 22968527.48
2024-06-27 06:04 | INFO | Timeout limit is increased to 3300
2024-06-27 06:05 | INFO | Query 54 Size of the uncertainty table is = 67663/297135
2024-06-27 06:05 | INFO | Query 54 Size of the filtered table is = 2972
2024-06-27 06:26 | INFO | Query 54 Active Learning Runtime on Validation Set: 111161.32
2024-06-27 06:26 | INFO | Query 54 Active Learning Runtime on Test Set: 362373.21
2024-06-27 06:26 | INFO | Query 54 Active Learning Instance Cost: 23675227.48
2024-06-27 06:26 | INFO | Timeout limit is increased to 3400
2024-06-27 06:26 | INFO | Query 55 Size of the uncertainty table is = 67663/297135
2024-06-27 06:26 | INFO | Query 55 Size of the filtered table is = 2972
2024-06-27 06:48 | INFO | Query 55 Active Learning Runtime on Validation Set: 111161.32
2024-06-27 06:48 | INFO | Query 55 Active Learning Runtime on Test Set: 362373.21
2024-06-27 06:48 | INFO | Query 55 Active Learning Instance Cost: 24074227.48
2024-06-27 06:48 | INFO | Timeout limit is increased to 3500
2024-06-27 06:48 | INFO | Query 56 Size of the uncertainty table is = 67663/297135
2024-06-27 06:48 | INFO | Query 56 Size of the filtered table is = 2972
2024-06-27 07:09 | INFO | Query 56 Active Learning Runtime on Validation Set: 111161.32
2024-06-27 07:09 | INFO | Query 56 Active Learning Runtime on Test Set: 362373.21
2024-06-27 07:09 | INFO | Query 56 Active Learning Instance Cost: 24796227.48
2024-06-27 07:09 | INFO | Timeout limit is increased to 3600
2024-06-27 07:09 | INFO | Query 57 Size of the uncertainty table is = 67663/297135
2024-06-27 07:09 | INFO | Query 57 Size of the filtered table is = 2972
2024-06-27 07:31 | INFO | Query 57 Active Learning Runtime on Validation Set: 111161.32
2024-06-27 07:31 | INFO | Query 57 Active Learning Runtime on Test Set: 362373.21
2024-06-27 07:31 | INFO | Query 57 Active Learning Instance Cost: 25191527.48
2024-06-27 07:31 | INFO | Timeout limit is increased to 3600
2024-06-27 07:31 | INFO | runtime_test_score is written as json file
2024-06-27 07:31 | INFO | runtime_validation_score is written as json file
2024-06-27 07:31 | INFO | instance_cost is written as json file
2024-06-27 07:31 | INFO | Experiment is finished
