2024-06-24 20:55 | INFO | Paramaters are: {'dataset': 'SAT12-INDU', 'penalty': 10, 'weight': 'No_Weight', 'voting': 'Hard', 'pre_selection_size': 64, 'pre_selection_technique': 'No_pre_selection', 'feature_elimination_threshold': 20, 'imputer_strategy': 'median', 'feature_selection_technique': 'No_feature_selection', 'feature_scaling_technique': 'StandardScaler', 'initial_train_size': 20, 'query_size': 1, 'timeout_predictor_usage': 'No', 'timeout_limit': 100, 'timeout_increase_rate': 100, 'RANDOM_STATE_SEED': 12345, 'n_splits': 10, 'split_number': 1, 'max_timeout': 3600, 'param_grid': {'n_estimators': 100, 'criterion': 'gini', 'max_features': 'sqrt', 'max_depth': 2147483648, 'min_samples_split': 2, 'bootstrap': True}}
2024-06-24 20:55 | INFO | SAT12-INDU is current dataset
2024-06-24 20:55 | INFO | DATASETS/SAT12-INDU/algorithm_runs.arff is found
2024-06-24 20:55 | INFO | DATASETS/SAT12-INDU/algorithm_runs.arff is finished
2024-06-24 20:55 | INFO | DATASETS/SAT12-INDU/feature_values.arff is found
2024-06-24 20:55 | INFO | DATASETS/SAT12-INDU/feature_values.arff is finished
2024-06-24 20:55 | INFO | DATASETS/SAT12-INDU/feature_costs.arff is found
2024-06-24 20:55 | INFO | DATASETS/SAT12-INDU/feature_costs.arff is finished
2024-06-24 20:55 | INFO | Virtual best solver time in train = 138970.9
2024-06-24 20:55 | INFO | Single best solver list train = {'clasp1': 6249780.51, 'clasp2': 6777138.03, 'cryptominisat2011': 3590558.27, 'eagleup': 23616000.05, 'ebglucose': 5834327.06, 'ebminisat': 4944017.38, 'glucose2': 4582154.13, 'glueminisat': 4361336.32, 'gnoveltyp2': 23292900.15, 'lingeling': 3145477.67, 'lrglshr': 6300472.14, 'marchrw': 22042632.99, 'minisatpsm': 4752239.1, 'mphaseSAT': 4230909.15, 'mphaseSAT64': 3980315.84, 'mphaseSATm': 4236617.81, 'mxc09': 5629605.08, 'picosat': 7061560.84, 'precosat': 4375411.97, 'qutersat': 3404960.26, 'rcl': 6268777.36, 'restartsat': 4733602.35, 'sapperlot': 6093844.56, 'satime11': 21718541.18, 'sattime': 21933215.07, 'sattimep': 22008610.66, 'sol': 9750578.27, 'sparrow': 22540234.38, 'spear-hw': 10149167.21, 'spear-sw': 11146080.88, 'tnm': 22717469.15}
2024-06-24 20:55 | INFO | Single best solver time train = lingeling (3145477.67)
2024-06-24 20:55 | INFO | Virtual best solver time in validation = 25985.48
2024-06-24 20:55 | INFO | Single best solver list validation = {'clasp1': 1314958.03, 'clasp2': 1563936.2, 'cryptominisat2011': 381687.2, 'eagleup': 5940000.0, 'ebglucose': 879837.02, 'ebminisat': 489170.84, 'glucose2': 592258.4, 'glueminisat': 627666.48, 'gnoveltyp2': 5904166.89, 'lingeling': 304851.78, 'lrglshr': 809801.1, 'marchrw': 5653106.18, 'minisatpsm': 589501.08, 'mphaseSAT': 343419.11, 'mphaseSAT64': 593420.55, 'mphaseSATm': 381827.6, 'mxc09': 735898.84, 'picosat': 1168904.77, 'precosat': 627236.6, 'qutersat': 274329.32, 'rcl': 917200.27, 'restartsat': 489730.11, 'sapperlot': 705251.53, 'satime11': 5688680.99, 'sattime': 5724311.32, 'sattimep': 5689078.36, 'sol': 1973486.96, 'sparrow': 5868696.16, 'spear-hw': 2249651.12, 'spear-sw': 2070858.88, 'tnm': 5796297.73}
2024-06-24 20:55 | INFO | Single best solver time validation = qutersat (274329.32)
2024-06-24 20:55 | INFO | Virtual best solver time in test = 17054.79
2024-06-24 20:55 | INFO | Single best solver list test = {'clasp1': 737684.72, 'clasp2': 808354.76, 'cryptominisat2011': 199917.77, 'eagleup': 3312000.0, 'ebglucose': 584565.29, 'ebminisat': 513497.43, 'glucose2': 404883.98, 'glueminisat': 512351.29, 'gnoveltyp2': 3312000.0, 'lingeling': 228105.74, 'lrglshr': 728644.64, 'marchrw': 3240401.04, 'minisatpsm': 479029.29, 'mphaseSAT': 408570.94, 'mphaseSAT64': 300288.79, 'mphaseSATm': 373002.21, 'mxc09': 551287.75, 'picosat': 983002.67, 'precosat': 407631.37, 'qutersat': 195672.19, 'rcl': 623479.38, 'restartsat': 514485.37, 'sapperlot': 519099.47, 'satime11': 3168163.76, 'sattime': 3168228.53, 'sattimep': 3169025.36, 'sol': 1133319.36, 'sparrow': 3240581.4, 'spear-hw': 1380401.22, 'spear-sw': 1201777.57, 'tnm': 3276026.92}
2024-06-24 20:55 | INFO | Single best solver time test = qutersat (195672.19)
2024-06-24 21:15 | INFO | Passive Learning Runtime on Validation Set: 114962.66
2024-06-24 21:15 | INFO | Passive Learning Runtime on Test Set: 111961.75
2024-06-24 21:15 | INFO | Passive Learning Instance Cost: 32925735.82
2024-06-24 21:32 | INFO | Initial Active Learning Runtime on Validation Set: 588401.05
2024-06-24 21:32 | INFO | Initial Active Learning Runtime on Test Set: 259973.19
2024-06-24 21:32 | INFO | Initial Active Learning Instance Cost: 41100.37
2024-06-24 21:32 | INFO | Bin size = 2967
2024-06-24 21:35 | INFO | Query 1 Size of the uncertainty table is = 296084/296670
2024-06-24 21:35 | INFO | Query 1 Size of the filtered table is = 2967
2024-06-24 21:53 | INFO | Query 1 Active Learning Runtime on Validation Set: 444181.58999999997
2024-06-24 21:53 | INFO | Query 1 Active Learning Runtime on Test Set: 471992.16000000003
2024-06-24 21:53 | INFO | Query 1 Active Learning Instance Cost: 344626.31
2024-06-24 21:55 | INFO | Query 2 Size of the uncertainty table is = 285357/296670
2024-06-24 21:55 | INFO | Query 2 Size of the filtered table is = 2967
2024-06-24 22:14 | INFO | Query 2 Active Learning Runtime on Validation Set: 334135.81999999995
2024-06-24 22:14 | INFO | Query 2 Active Learning Runtime on Test Set: 328020.51
2024-06-24 22:14 | INFO | Query 2 Active Learning Instance Cost: 568756.11
2024-06-24 22:15 | INFO | Query 3 Size of the uncertainty table is = 268684/296670
2024-06-24 22:15 | INFO | Query 3 Size of the filtered table is = 2967
2024-06-24 22:34 | INFO | Query 3 Active Learning Runtime on Validation Set: 225872.85
2024-06-24 22:34 | INFO | Query 3 Active Learning Runtime on Test Set: 291171.14
2024-06-24 22:34 | INFO | Query 3 Active Learning Instance Cost: 730935.29
2024-06-24 22:36 | INFO | Query 4 Size of the uncertainty table is = 252732/296670
2024-06-24 22:36 | INFO | Query 4 Size of the filtered table is = 2967
2024-06-24 22:55 | INFO | Query 4 Active Learning Runtime on Validation Set: 260072.16999999998
2024-06-24 22:55 | INFO | Query 4 Active Learning Runtime on Test Set: 257000.8
2024-06-24 22:55 | INFO | Query 4 Active Learning Instance Cost: 831159.1
2024-06-24 22:55 | INFO | Timeout limit is increased to 200
2024-06-24 22:57 | INFO | Query 5 Size of the uncertainty table is = 238997/296670
2024-06-24 22:57 | INFO | Query 5 Size of the filtered table is = 2967
2024-06-24 23:16 | INFO | Query 5 Active Learning Runtime on Validation Set: 189245.95
2024-06-24 23:16 | INFO | Query 5 Active Learning Runtime on Test Set: 292995.24
2024-06-24 23:16 | INFO | Query 5 Active Learning Instance Cost: 1239029.03
2024-06-24 23:17 | INFO | Query 6 Size of the uncertainty table is = 222897/296670
2024-06-24 23:17 | INFO | Query 6 Size of the filtered table is = 2967
2024-06-24 23:37 | INFO | Query 6 Active Learning Runtime on Validation Set: 153140.12
2024-06-24 23:37 | INFO | Query 6 Active Learning Runtime on Test Set: 185102.53999999998
2024-06-24 23:37 | INFO | Query 6 Active Learning Instance Cost: 1484952.99
2024-06-24 23:38 | INFO | Query 7 Size of the uncertainty table is = 210999/296670
2024-06-24 23:38 | INFO | Query 7 Size of the filtered table is = 2967
2024-06-24 23:58 | INFO | Query 7 Active Learning Runtime on Validation Set: 116420.07999999999
2024-06-24 23:58 | INFO | Query 7 Active Learning Runtime on Test Set: 184428.72
2024-06-24 23:58 | INFO | Query 7 Active Learning Instance Cost: 1600632.94
2024-06-24 23:59 | INFO | Query 8 Size of the uncertainty table is = 203606/296670
2024-06-24 23:59 | INFO | Query 8 Size of the filtered table is = 2967
2024-06-25 00:19 | INFO | Query 8 Active Learning Runtime on Validation Set: 116525.79
2024-06-25 00:19 | INFO | Query 8 Active Learning Runtime on Test Set: 148541.9
2024-06-25 00:19 | INFO | Query 8 Active Learning Instance Cost: 1676972.45
2024-06-25 00:19 | INFO | Timeout limit is increased to 300
2024-06-25 00:20 | INFO | Query 9 Size of the uncertainty table is = 198724/296670
2024-06-25 00:20 | INFO | Query 9 Size of the filtered table is = 2967
2024-06-25 00:40 | INFO | Query 9 Active Learning Runtime on Validation Set: 116003.19
2024-06-25 00:40 | INFO | Query 9 Active Learning Runtime on Test Set: 182997.34999999998
2024-06-25 00:40 | INFO | Query 9 Active Learning Instance Cost: 2063088.9
2024-06-25 00:41 | INFO | Query 10 Size of the uncertainty table is = 191492/296670
2024-06-25 00:41 | INFO | Query 10 Size of the filtered table is = 2967
2024-06-25 01:00 | INFO | Query 10 Active Learning Runtime on Validation Set: 151121.09999999998
2024-06-25 01:00 | INFO | Query 10 Active Learning Runtime on Test Set: 184002.81
2024-06-25 01:00 | INFO | Query 10 Active Learning Instance Cost: 2228219.8
2024-06-25 01:00 | INFO | Timeout limit is increased to 400
2024-06-25 01:02 | INFO | Query 11 Size of the uncertainty table is = 186224/296670
2024-06-25 01:02 | INFO | Query 11 Size of the filtered table is = 2967
2024-06-25 01:21 | INFO | Query 11 Active Learning Runtime on Validation Set: 115641.14
2024-06-25 01:21 | INFO | Query 11 Active Learning Runtime on Test Set: 147696.81
2024-06-25 01:21 | INFO | Query 11 Active Learning Instance Cost: 2663897.67
2024-06-25 01:22 | INFO | Query 12 Size of the uncertainty table is = 179985/296670
2024-06-25 01:22 | INFO | Query 12 Size of the filtered table is = 2967
2024-06-25 01:42 | INFO | Query 12 Active Learning Runtime on Validation Set: 116504.6
2024-06-25 01:42 | INFO | Query 12 Active Learning Runtime on Test Set: 112890.15
2024-06-25 01:42 | INFO | Query 12 Active Learning Instance Cost: 2815724.54
2024-06-25 01:42 | INFO | Timeout limit is increased to 500
2024-06-25 01:43 | INFO | Query 13 Size of the uncertainty table is = 176494/296670
2024-06-25 01:43 | INFO | Query 13 Size of the filtered table is = 2967
2024-06-25 02:02 | INFO | Query 13 Active Learning Runtime on Validation Set: 187320.63
2024-06-25 02:02 | INFO | Query 13 Active Learning Runtime on Test Set: 112124.64
2024-06-25 02:02 | INFO | Query 13 Active Learning Instance Cost: 3202783.09
2024-06-25 02:02 | INFO | Timeout limit is increased to 600
2024-06-25 02:04 | INFO | Query 14 Size of the uncertainty table is = 172338/296670
2024-06-25 02:04 | INFO | Query 14 Size of the filtered table is = 2967
2024-06-25 02:23 | INFO | Query 14 Active Learning Runtime on Validation Set: 115391.82
2024-06-25 02:23 | INFO | Query 14 Active Learning Runtime on Test Set: 112566.6
2024-06-25 02:23 | INFO | Query 14 Active Learning Instance Cost: 3623638.22
2024-06-25 02:25 | INFO | Query 15 Size of the uncertainty table is = 168066/296670
2024-06-25 02:25 | INFO | Query 15 Size of the filtered table is = 2967
2024-06-25 02:44 | INFO | Query 15 Active Learning Runtime on Validation Set: 114671.98999999999
2024-06-25 02:44 | INFO | Query 15 Active Learning Runtime on Test Set: 111791.26
2024-06-25 02:44 | INFO | Query 15 Active Learning Instance Cost: 3753606.75
2024-06-25 02:45 | INFO | Query 16 Size of the uncertainty table is = 166370/296670
2024-06-25 02:45 | INFO | Query 16 Size of the filtered table is = 2967
2024-06-25 03:05 | INFO | Query 16 Active Learning Runtime on Validation Set: 114700.93
2024-06-25 03:05 | INFO | Query 16 Active Learning Runtime on Test Set: 112271.01999999999
2024-06-25 03:05 | INFO | Query 16 Active Learning Instance Cost: 3824552.0
2024-06-25 03:05 | INFO | Timeout limit is increased to 700
2024-06-25 03:06 | INFO | Query 17 Size of the uncertainty table is = 165133/296670
2024-06-25 03:06 | INFO | Query 17 Size of the filtered table is = 2967
2024-06-25 03:26 | INFO | Query 17 Active Learning Runtime on Validation Set: 114614.95
2024-06-25 03:26 | INFO | Query 17 Active Learning Runtime on Test Set: 113157.04999999999
2024-06-25 03:26 | INFO | Query 17 Active Learning Instance Cost: 4171577.41
2024-06-25 03:27 | INFO | Query 18 Size of the uncertainty table is = 162964/296670
2024-06-25 03:27 | INFO | Query 18 Size of the filtered table is = 2967
2024-06-25 03:47 | INFO | Query 18 Active Learning Runtime on Validation Set: 114788.23
2024-06-25 03:47 | INFO | Query 18 Active Learning Runtime on Test Set: 148088.83000000002
2024-06-25 03:47 | INFO | Query 18 Active Learning Instance Cost: 4266604.51
2024-06-25 03:47 | INFO | Timeout limit is increased to 800
2024-06-25 03:48 | INFO | Query 19 Size of the uncertainty table is = 162033/296670
2024-06-25 03:48 | INFO | Query 19 Size of the filtered table is = 2967
2024-06-25 04:08 | INFO | Query 19 Active Learning Runtime on Validation Set: 114463.06
2024-06-25 04:08 | INFO | Query 19 Active Learning Runtime on Test Set: 112937.37
2024-06-25 04:08 | INFO | Query 19 Active Learning Instance Cost: 4632745.5
2024-06-25 04:09 | INFO | Query 20 Size of the uncertainty table is = 160177/296670
2024-06-25 04:09 | INFO | Query 20 Size of the filtered table is = 2967
2024-06-25 04:29 | INFO | Query 20 Active Learning Runtime on Validation Set: 114636.01999999999
2024-06-25 04:29 | INFO | Query 20 Active Learning Runtime on Test Set: 183813.76
2024-06-25 04:29 | INFO | Query 20 Active Learning Instance Cost: 4715896.91
2024-06-25 04:29 | INFO | Timeout limit is increased to 900
2024-06-25 04:30 | INFO | Query 21 Size of the uncertainty table is = 159287/296670
2024-06-25 04:30 | INFO | Query 21 Size of the filtered table is = 2967
2024-06-25 04:50 | INFO | Query 21 Active Learning Runtime on Validation Set: 115117.76999999999
2024-06-25 04:50 | INFO | Query 21 Active Learning Runtime on Test Set: 112392.47
2024-06-25 04:50 | INFO | Query 21 Active Learning Instance Cost: 5115778.51
2024-06-25 04:50 | INFO | Timeout limit is increased to 1000
2024-06-25 04:51 | INFO | Query 22 Size of the uncertainty table is = 157047/296670
2024-06-25 04:51 | INFO | Query 22 Size of the filtered table is = 2967
2024-06-25 05:11 | INFO | Query 22 Active Learning Runtime on Validation Set: 114920.85999999999
2024-06-25 05:11 | INFO | Query 22 Active Learning Runtime on Test Set: 111855.35
2024-06-25 05:11 | INFO | Query 22 Active Learning Instance Cost: 5490201.23
2024-06-25 05:12 | INFO | Query 23 Size of the uncertainty table is = 154924/296670
2024-06-25 05:12 | INFO | Query 23 Size of the filtered table is = 2967
2024-06-25 05:31 | INFO | Query 23 Active Learning Runtime on Validation Set: 150490.99
2024-06-25 05:31 | INFO | Query 23 Active Learning Runtime on Test Set: 147017.5
2024-06-25 05:31 | INFO | Query 23 Active Learning Instance Cost: 5567449.96
2024-06-25 05:31 | INFO | Timeout limit is increased to 1100
2024-06-25 05:33 | INFO | Query 24 Size of the uncertainty table is = 154082/296670
2024-06-25 05:33 | INFO | Query 24 Size of the filtered table is = 2967
2024-06-25 05:52 | INFO | Query 24 Active Learning Runtime on Validation Set: 79443.59999999999
2024-06-25 05:52 | INFO | Query 24 Active Learning Runtime on Test Set: 111739.79
2024-06-25 05:52 | INFO | Query 24 Active Learning Instance Cost: 5925564.43
2024-06-25 05:53 | INFO | Query 25 Size of the uncertainty table is = 152847/296670
2024-06-25 05:53 | INFO | Query 25 Size of the filtered table is = 2967
2024-06-25 06:13 | INFO | Query 25 Active Learning Runtime on Validation Set: 115275.1
2024-06-25 06:13 | INFO | Query 25 Active Learning Runtime on Test Set: 111707.14
2024-06-25 06:13 | INFO | Query 25 Active Learning Instance Cost: 6086551.94
2024-06-25 06:13 | INFO | Timeout limit is increased to 1200
2024-06-25 06:14 | INFO | Query 26 Size of the uncertainty table is = 151907/296670
2024-06-25 06:14 | INFO | Query 26 Size of the filtered table is = 2967
2024-06-25 06:34 | INFO | Query 26 Active Learning Runtime on Validation Set: 115170.89
2024-06-25 06:34 | INFO | Query 26 Active Learning Runtime on Test Set: 111670.82
2024-06-25 06:34 | INFO | Query 26 Active Learning Instance Cost: 6457151.88
2024-06-25 06:35 | INFO | Query 27 Size of the uncertainty table is = 150236/296670
2024-06-25 06:35 | INFO | Query 27 Size of the filtered table is = 2967
2024-06-25 06:54 | INFO | Query 27 Active Learning Runtime on Validation Set: 115087.57
2024-06-25 06:54 | INFO | Query 27 Active Learning Runtime on Test Set: 147814.99
2024-06-25 06:54 | INFO | Query 27 Active Learning Instance Cost: 6541106.02
2024-06-25 06:55 | INFO | Query 28 Size of the uncertainty table is = 149754/296670
2024-06-25 06:55 | INFO | Query 28 Size of the filtered table is = 2967
2024-06-25 07:15 | INFO | Query 28 Active Learning Runtime on Validation Set: 115434.54999999999
2024-06-25 07:15 | INFO | Query 28 Active Learning Runtime on Test Set: 112343.63
2024-06-25 07:15 | INFO | Query 28 Active Learning Instance Cost: 6568455.99
2024-06-25 07:15 | INFO | Timeout limit is increased to 1300
2024-06-25 07:16 | INFO | Query 29 Size of the uncertainty table is = 149536/296670
2024-06-25 07:16 | INFO | Query 29 Size of the filtered table is = 2967
2024-06-25 07:35 | INFO | Query 29 Active Learning Runtime on Validation Set: 79754.54999999999
2024-06-25 07:35 | INFO | Query 29 Active Learning Runtime on Test Set: 112357.23
2024-06-25 07:35 | INFO | Query 29 Active Learning Instance Cost: 6873651.19
2024-06-25 07:37 | INFO | Query 30 Size of the uncertainty table is = 149347/296670
2024-06-25 07:37 | INFO | Query 30 Size of the filtered table is = 2967
2024-06-25 07:56 | INFO | Query 30 Active Learning Runtime on Validation Set: 79783.91
2024-06-25 07:56 | INFO | Query 30 Active Learning Runtime on Test Set: 112047.79
2024-06-25 07:56 | INFO | Query 30 Active Learning Instance Cost: 6893244.78
2024-06-25 07:56 | INFO | Timeout limit is increased to 1400
2024-06-25 07:57 | INFO | Query 31 Size of the uncertainty table is = 149255/296670
2024-06-25 07:57 | INFO | Query 31 Size of the filtered table is = 2967
2024-06-25 08:17 | INFO | Query 31 Active Learning Runtime on Validation Set: 79626.44
2024-06-25 08:17 | INFO | Query 31 Active Learning Runtime on Test Set: 112047.79
2024-06-25 08:17 | INFO | Query 31 Active Learning Instance Cost: 7181735.43
2024-06-25 08:18 | INFO | Query 32 Size of the uncertainty table is = 149209/296670
2024-06-25 08:18 | INFO | Query 32 Size of the filtered table is = 2967
2024-06-25 08:37 | INFO | Query 32 Active Learning Runtime on Validation Set: 79691.95
2024-06-25 08:37 | INFO | Query 32 Active Learning Runtime on Test Set: 112028.18
2024-06-25 08:37 | INFO | Query 32 Active Learning Instance Cost: 7196848.48
2024-06-25 08:37 | INFO | Timeout limit is increased to 1500
2024-06-25 08:38 | INFO | Query 33 Size of the uncertainty table is = 149126/296670
2024-06-25 08:38 | INFO | Query 33 Size of the filtered table is = 2967
2024-06-25 08:58 | INFO | Query 33 Active Learning Runtime on Validation Set: 79638.97
2024-06-25 08:58 | INFO | Query 33 Active Learning Runtime on Test Set: 111944.45
2024-06-25 08:58 | INFO | Query 33 Active Learning Instance Cost: 7493446.51
2024-06-25 08:59 | INFO | Query 34 Size of the uncertainty table is = 149023/296670
2024-06-25 08:59 | INFO | Query 34 Size of the filtered table is = 2967
2024-06-25 09:19 | INFO | Query 34 Active Learning Runtime on Validation Set: 79640.98
2024-06-25 09:19 | INFO | Query 34 Active Learning Runtime on Test Set: 112028.18
2024-06-25 09:19 | INFO | Query 34 Active Learning Instance Cost: 7510332.76
2024-06-25 09:19 | INFO | Timeout limit is increased to 1600
2024-06-25 09:20 | INFO | Query 35 Size of the uncertainty table is = 148928/296670
2024-06-25 09:20 | INFO | Query 35 Size of the filtered table is = 2967
2024-06-25 09:39 | INFO | Query 35 Active Learning Runtime on Validation Set: 115522.45999999999
2024-06-25 09:39 | INFO | Query 35 Active Learning Runtime on Test Set: 112028.18
2024-06-25 09:39 | INFO | Query 35 Active Learning Instance Cost: 7810918.06
2024-06-25 09:39 | INFO | Timeout limit is increased to 1700
2024-06-25 09:40 | INFO | Query 36 Size of the uncertainty table is = 148840/296670
2024-06-25 09:40 | INFO | Query 36 Size of the filtered table is = 2967
2024-06-25 10:00 | INFO | Query 36 Active Learning Runtime on Validation Set: 79637.4
2024-06-25 10:00 | INFO | Query 36 Active Learning Runtime on Test Set: 112028.18
2024-06-25 10:00 | INFO | Query 36 Active Learning Instance Cost: 8121656.72
2024-06-25 10:01 | INFO | Query 37 Size of the uncertainty table is = 148742/296670
2024-06-25 10:01 | INFO | Query 37 Size of the filtered table is = 2967
2024-06-25 10:20 | INFO | Query 37 Active Learning Runtime on Validation Set: 115545.9
2024-06-25 10:20 | INFO | Query 37 Active Learning Runtime on Test Set: 112028.18
2024-06-25 10:20 | INFO | Query 37 Active Learning Instance Cost: 8200788.81
2024-06-25 10:20 | INFO | Timeout limit is increased to 1800
2024-06-25 10:22 | INFO | Query 38 Size of the uncertainty table is = 148644/296670
2024-06-25 10:22 | INFO | Query 38 Size of the filtered table is = 2967
2024-06-25 10:41 | INFO | Query 38 Active Learning Runtime on Validation Set: 115545.9
2024-06-25 10:41 | INFO | Query 38 Active Learning Runtime on Test Set: 112028.18
2024-06-25 10:41 | INFO | Query 38 Active Learning Instance Cost: 8504129.0
2024-06-25 10:41 | INFO | Timeout limit is increased to 1900
2024-06-25 10:42 | INFO | Query 39 Size of the uncertainty table is = 148575/296670
2024-06-25 10:42 | INFO | Query 39 Size of the filtered table is = 2967
2024-06-25 11:02 | INFO | Query 39 Active Learning Runtime on Validation Set: 115544.42
2024-06-25 11:02 | INFO | Query 39 Active Learning Runtime on Test Set: 112028.18
2024-06-25 11:02 | INFO | Query 39 Active Learning Instance Cost: 8810502.75
2024-06-25 11:03 | INFO | Query 40 Size of the uncertainty table is = 148540/296670
2024-06-25 11:03 | INFO | Query 40 Size of the filtered table is = 2967
2024-06-25 11:22 | INFO | Query 40 Active Learning Runtime on Validation Set: 115544.42
2024-06-25 11:22 | INFO | Query 40 Active Learning Runtime on Test Set: 112040.67
2024-06-25 11:22 | INFO | Query 40 Active Learning Instance Cost: 8834947.33
2024-06-25 11:22 | INFO | Timeout limit is increased to 2000
2024-06-25 11:23 | INFO | Query 41 Size of the uncertainty table is = 148497/296670
2024-06-25 11:23 | INFO | Query 41 Size of the filtered table is = 2967
2024-06-25 11:42 | INFO | Query 41 Active Learning Runtime on Validation Set: 150914.94
2024-06-25 11:42 | INFO | Query 41 Active Learning Runtime on Test Set: 112040.67
2024-06-25 11:42 | INFO | Query 41 Active Learning Instance Cost: 9126749.89
2024-06-25 11:42 | INFO | Timeout limit is increased to 2100
2024-06-25 11:43 | INFO | Query 42 Size of the uncertainty table is = 148473/296670
2024-06-25 11:43 | INFO | Query 42 Size of the filtered table is = 2967
2024-06-25 12:03 | INFO | Query 42 Active Learning Runtime on Validation Set: 115550.4
2024-06-25 12:03 | INFO | Query 42 Active Learning Runtime on Test Set: 112060.29
2024-06-25 12:03 | INFO | Query 42 Active Learning Instance Cost: 9431789.76
2024-06-25 12:04 | INFO | Query 43 Size of the uncertainty table is = 148403/296670
2024-06-25 12:04 | INFO | Query 43 Size of the filtered table is = 2967
2024-06-25 12:23 | INFO | Query 43 Active Learning Runtime on Validation Set: 150952.36
2024-06-25 12:23 | INFO | Query 43 Active Learning Runtime on Test Set: 111920.35
2024-06-25 12:23 | INFO | Query 43 Active Learning Instance Cost: 9457627.01
2024-06-25 12:23 | INFO | Timeout limit is increased to 2200
2024-06-25 12:24 | INFO | Query 44 Size of the uncertainty table is = 148309/296670
2024-06-25 12:24 | INFO | Query 44 Size of the filtered table is = 2967
2024-06-25 12:44 | INFO | Query 44 Active Learning Runtime on Validation Set: 150988.05
2024-06-25 12:44 | INFO | Query 44 Active Learning Runtime on Test Set: 112050.1
2024-06-25 12:44 | INFO | Query 44 Active Learning Instance Cost: 9757737.98
2024-06-25 12:44 | INFO | Timeout limit is increased to 2300
2024-06-25 12:45 | INFO | Query 45 Size of the uncertainty table is = 148284/296670
2024-06-25 12:45 | INFO | Query 45 Size of the filtered table is = 2967
2024-06-25 13:04 | INFO | Query 45 Active Learning Runtime on Validation Set: 150988.05
2024-06-25 13:04 | INFO | Query 45 Active Learning Runtime on Test Set: 112050.1
2024-06-25 13:04 | INFO | Query 45 Active Learning Instance Cost: 10061137.98
2024-06-25 13:04 | INFO | Timeout limit is increased to 2400
2024-06-25 13:05 | INFO | Query 46 Size of the uncertainty table is = 148284/296670
2024-06-25 13:05 | INFO | Query 46 Size of the filtered table is = 2967
2024-06-25 13:25 | INFO | Query 46 Active Learning Runtime on Validation Set: 150988.05
2024-06-25 13:25 | INFO | Query 46 Active Learning Runtime on Test Set: 112050.1
2024-06-25 13:25 | INFO | Query 46 Active Learning Instance Cost: 10348537.98
2024-06-25 13:25 | INFO | Timeout limit is increased to 2500
2024-06-25 13:26 | INFO | Query 47 Size of the uncertainty table is = 148284/296670
2024-06-25 13:26 | INFO | Query 47 Size of the filtered table is = 2967
2024-06-25 13:46 | INFO | Query 47 Active Learning Runtime on Validation Set: 150988.05
2024-06-25 13:46 | INFO | Query 47 Active Learning Runtime on Test Set: 112050.1
2024-06-25 13:46 | INFO | Query 47 Active Learning Instance Cost: 10635937.98
2024-06-25 13:46 | INFO | Timeout limit is increased to 2600
2024-06-25 13:47 | INFO | Query 48 Size of the uncertainty table is = 148284/296670
2024-06-25 13:47 | INFO | Query 48 Size of the filtered table is = 2967
2024-06-25 14:06 | INFO | Query 48 Active Learning Runtime on Validation Set: 150988.05
2024-06-25 14:06 | INFO | Query 48 Active Learning Runtime on Test Set: 112050.1
2024-06-25 14:06 | INFO | Query 48 Active Learning Instance Cost: 10923337.98
2024-06-25 14:06 | INFO | Timeout limit is increased to 2700
2024-06-25 14:07 | INFO | Query 49 Size of the uncertainty table is = 148284/296670
2024-06-25 14:07 | INFO | Query 49 Size of the filtered table is = 2967
2024-06-25 14:27 | INFO | Query 49 Active Learning Runtime on Validation Set: 150988.05
2024-06-25 14:27 | INFO | Query 49 Active Learning Runtime on Test Set: 112050.1
2024-06-25 14:27 | INFO | Query 49 Active Learning Instance Cost: 11210737.98
2024-06-25 14:27 | INFO | Timeout limit is increased to 2800
2024-06-25 14:28 | INFO | Query 50 Size of the uncertainty table is = 148284/296670
2024-06-25 14:28 | INFO | Query 50 Size of the filtered table is = 2967
2024-06-25 14:48 | INFO | Query 50 Active Learning Runtime on Validation Set: 150988.05
2024-06-25 14:48 | INFO | Query 50 Active Learning Runtime on Test Set: 112050.1
2024-06-25 14:48 | INFO | Query 50 Active Learning Instance Cost: 11498137.98
2024-06-25 14:48 | INFO | Timeout limit is increased to 2900
2024-06-25 14:49 | INFO | Query 51 Size of the uncertainty table is = 148284/296670
2024-06-25 14:49 | INFO | Query 51 Size of the filtered table is = 2967
2024-06-25 15:08 | INFO | Query 51 Active Learning Runtime on Validation Set: 150988.05
2024-06-25 15:08 | INFO | Query 51 Active Learning Runtime on Test Set: 112050.1
2024-06-25 15:08 | INFO | Query 51 Active Learning Instance Cost: 11785537.98
2024-06-25 15:08 | INFO | Timeout limit is increased to 3000
2024-06-25 15:09 | INFO | Query 52 Size of the uncertainty table is = 148284/296670
2024-06-25 15:09 | INFO | Query 52 Size of the filtered table is = 2967
2024-06-25 15:29 | INFO | Query 52 Active Learning Runtime on Validation Set: 150988.05
2024-06-25 15:29 | INFO | Query 52 Active Learning Runtime on Test Set: 112050.1
2024-06-25 15:29 | INFO | Query 52 Active Learning Instance Cost: 12072937.98
2024-06-25 15:29 | INFO | Timeout limit is increased to 3100
2024-06-25 15:30 | INFO | Query 53 Size of the uncertainty table is = 148284/296670
2024-06-25 15:30 | INFO | Query 53 Size of the filtered table is = 2967
2024-06-25 15:50 | INFO | Query 53 Active Learning Runtime on Validation Set: 150988.05
2024-06-25 15:50 | INFO | Query 53 Active Learning Runtime on Test Set: 112050.1
2024-06-25 15:50 | INFO | Query 53 Active Learning Instance Cost: 12360337.98
2024-06-25 15:50 | INFO | Timeout limit is increased to 3200
2024-06-25 15:51 | INFO | Query 54 Size of the uncertainty table is = 148284/296670
2024-06-25 15:51 | INFO | Query 54 Size of the filtered table is = 2967
2024-06-25 16:11 | INFO | Query 54 Active Learning Runtime on Validation Set: 150988.05
2024-06-25 16:11 | INFO | Query 54 Active Learning Runtime on Test Set: 112050.1
2024-06-25 16:11 | INFO | Query 54 Active Learning Instance Cost: 12647737.98
2024-06-25 16:11 | INFO | Timeout limit is increased to 3300
2024-06-25 16:12 | INFO | Query 55 Size of the uncertainty table is = 148284/296670
2024-06-25 16:12 | INFO | Query 55 Size of the filtered table is = 2967
2024-06-25 16:31 | INFO | Query 55 Active Learning Runtime on Validation Set: 150988.05
2024-06-25 16:31 | INFO | Query 55 Active Learning Runtime on Test Set: 112050.1
2024-06-25 16:31 | INFO | Query 55 Active Learning Instance Cost: 12935137.98
2024-06-25 16:31 | INFO | Timeout limit is increased to 3400
2024-06-25 16:32 | INFO | Query 56 Size of the uncertainty table is = 148284/296670
2024-06-25 16:32 | INFO | Query 56 Size of the filtered table is = 2967
2024-06-25 16:52 | INFO | Query 56 Active Learning Runtime on Validation Set: 150988.05
2024-06-25 16:52 | INFO | Query 56 Active Learning Runtime on Test Set: 112050.1
2024-06-25 16:52 | INFO | Query 56 Active Learning Instance Cost: 13222537.98
2024-06-25 16:52 | INFO | Timeout limit is increased to 3500
2024-06-25 16:53 | INFO | Query 57 Size of the uncertainty table is = 148284/296670
2024-06-25 16:53 | INFO | Query 57 Size of the filtered table is = 2967
2024-06-25 17:12 | INFO | Query 57 Active Learning Runtime on Validation Set: 150988.05
2024-06-25 17:12 | INFO | Query 57 Active Learning Runtime on Test Set: 112050.1
2024-06-25 17:12 | INFO | Query 57 Active Learning Instance Cost: 13509937.98
2024-06-25 17:12 | INFO | Timeout limit is increased to 3600
2024-06-25 17:13 | INFO | Query 58 Size of the uncertainty table is = 148284/296670
2024-06-25 17:13 | INFO | Query 58 Size of the filtered table is = 2967
2024-06-25 17:33 | INFO | Query 58 Active Learning Runtime on Validation Set: 150988.05
2024-06-25 17:33 | INFO | Query 58 Active Learning Runtime on Test Set: 112050.1
2024-06-25 17:33 | INFO | Query 58 Active Learning Instance Cost: 13797337.98
2024-06-25 17:33 | INFO | Timeout limit is increased to 3600
2024-06-25 17:34 | INFO | Query 59 Size of the uncertainty table is = 104629/296670
2024-06-25 17:34 | INFO | Query 59 Size of the filtered table is = 2967
2024-06-25 17:54 | INFO | Query 59 Active Learning Runtime on Validation Set: 79387.26
2024-06-25 17:54 | INFO | Query 59 Active Learning Runtime on Test Set: 111864.37
2024-06-25 17:54 | INFO | Query 59 Active Learning Instance Cost: 18566660.64
2024-06-25 17:55 | INFO | Query 60 Size of the uncertainty table is = 72709/296670
2024-06-25 17:55 | INFO | Query 60 Size of the filtered table is = 2967
2024-06-25 18:15 | INFO | Query 60 Active Learning Runtime on Validation Set: 79713.31
2024-06-25 18:15 | INFO | Query 60 Active Learning Runtime on Test Set: 147380.91999999998
2024-06-25 18:15 | INFO | Query 60 Active Learning Instance Cost: 21401804.59
2024-06-25 18:15 | INFO | Timeout limit is increased to 3600
2024-06-25 18:15 | INFO | Query 61 Size of the uncertainty table is = 54729/296670
2024-06-25 18:15 | INFO | Query 61 Size of the filtered table is = 2967
2024-06-25 18:35 | INFO | Query 61 Active Learning Runtime on Validation Set: 79713.31
2024-06-25 18:35 | INFO | Query 61 Active Learning Runtime on Test Set: 147380.91999999998
2024-06-25 18:35 | INFO | Query 61 Active Learning Instance Cost: 24893225.29
2024-06-25 18:35 | INFO | Timeout limit is increased to 3600
2024-06-25 18:35 | INFO | Query 62 Size of the uncertainty table is = 34452/296670
2024-06-25 18:35 | INFO | Query 62 Size of the filtered table is = 2967
2024-06-25 18:56 | INFO | Query 62 Active Learning Runtime on Validation Set: 79713.31
2024-06-25 18:56 | INFO | Query 62 Active Learning Runtime on Test Set: 147380.91999999998
2024-06-25 18:56 | INFO | Query 62 Active Learning Instance Cost: 27433866.11
2024-06-25 18:56 | INFO | Timeout limit is increased to 3600
2024-06-25 18:56 | INFO | Query 63 Size of the uncertainty table is = 17199/296670
2024-06-25 18:56 | INFO | Query 63 Size of the filtered table is = 2967
2024-06-25 19:16 | INFO | Query 63 Active Learning Runtime on Validation Set: 79713.12
2024-06-25 19:16 | INFO | Query 63 Active Learning Runtime on Test Set: 147380.91999999998
2024-06-25 19:16 | INFO | Query 63 Active Learning Instance Cost: 30221310.28
2024-06-25 19:16 | INFO | runtime_test_score is written as json file
2024-06-25 19:16 | INFO | runtime_validation_score is written as json file
2024-06-25 19:16 | INFO | instance_cost is written as json file
2024-06-25 19:16 | INFO | Experiment is finished
