2024-05-29 21:05 | INFO | Paramaters are: {'dataset': 'MAXSAT-WPMS-2016', 'penalty': 10, 'weight': 'No_Weight', 'voting': 'Hard', 'pre_selection_size': 64, 'pre_selection_technique': 'No_pre_selection', 'feature_elimination_threshold': 20, 'imputer_strategy': 'median', 'feature_selection_technique': 'No_feature_selection', 'feature_scaling_technique': 'StandardScaler', 'initial_train_size': 20, 'query_size': 1, 'timeout_predictor_usage': 'No', 'timeout_limit': 100, 'timeout_increase_rate': 100, 'RANDOM_STATE_SEED': 12345, 'n_splits': 10, 'split_number': 6, 'max_timeout': 3600, 'param_grid': {'n_estimators': 100, 'criterion': 'gini', 'max_features': 'sqrt', 'max_depth': 2147483648, 'min_samples_split': 2, 'bootstrap': True}}
2024-05-29 21:05 | INFO | MAXSAT-WPMS-2016 is current dataset
2024-05-29 21:05 | INFO | DATASETS/MAXSAT-WPMS-2016/algorithm_runs.arff is found
2024-05-29 21:05 | INFO | DATASETS/MAXSAT-WPMS-2016/algorithm_runs.arff is finished
2024-05-29 21:05 | INFO | DATASETS/MAXSAT-WPMS-2016/feature_values.arff is found
2024-05-29 21:05 | INFO | DATASETS/MAXSAT-WPMS-2016/feature_values.arff is finished
2024-05-29 21:05 | INFO | DATASETS/MAXSAT-WPMS-2016/feature_costs.arff is found
2024-05-29 21:05 | INFO | DATASETS/MAXSAT-WPMS-2016/feature_costs.arff is finished
2024-05-29 21:05 | INFO | Virtual best solver time in train = 47769.96
2024-05-29 21:05 | INFO | Single best solver list train = {'CCEHC2akms': 12967067.79, 'CCLS2akms': 13287440.29, 'LMHS-2016': 2862875.55, 'Naps-1.02-ms': 10847137.02, 'Open-WBO16': 4546936.09, 'Optiriss6': 8617792.28, 'QMaxSAT14': 5620107.34, 'QMaxSAT16UC': 5582489.51, 'WMaxSatz+': 11642834.53, 'WMaxSatz09': 11676961.07, 'WPM3-2015-co': 5050166.84, 'ahms-1.70': 12965269.91, 'ahms-ls-1.70': 13036931.58, 'maxhs-b': 1171437.06, 'maxino16-c10': 4081667.7, 'maxino16-dis': 4043727.09, 'mscg2015a': 4262525.83, 'mscg2015b': 3839016.75}
2024-05-29 21:05 | INFO | Single best solver time train = maxhs-b (1171437.06)
2024-05-29 21:05 | INFO | Virtual best solver time in validation = 1921.45
2024-05-29 21:05 | INFO | Single best solver list validation = {'CCEHC2akms': 3528000.0, 'CCLS2akms': 3528000.0, 'LMHS-2016': 1167579.77, 'Naps-1.02-ms': 2773425.41, 'Open-WBO16': 399431.62, 'Optiriss6': 435967.13, 'QMaxSAT14': 1248898.68, 'QMaxSAT16UC': 1180137.75, 'WMaxSatz+': 3493369.8, 'WMaxSatz09': 3493359.74, 'WPM3-2015-co': 42623.31, 'ahms-1.70': 2995064.64, 'ahms-ls-1.70': 2994528.08, 'maxhs-b': 267987.67, 'maxino16-c10': 151964.57, 'maxino16-dis': 75046.12, 'mscg2015a': 38978.09, 'mscg2015b': 41104.97}
2024-05-29 21:05 | INFO | Single best solver time validation = mscg2015a (38978.09)
2024-05-29 21:05 | INFO | Virtual best solver time in test = 5720.12
2024-05-29 21:05 | INFO | Single best solver list test = {'CCEHC2akms': 1729588.21, 'CCLS2akms': 1764439.66, 'LMHS-2016': 399934.71, 'Naps-1.02-ms': 1300139.78, 'Open-WBO16': 324346.88, 'Optiriss6': 686481.23, 'QMaxSAT14': 478551.43, 'QMaxSAT16UC': 477697.78, 'WMaxSatz+': 1550554.67, 'WMaxSatz09': 1550552.6, 'WPM3-2015-co': 397475.3, 'ahms-1.70': 1588891.4, 'ahms-ls-1.70': 1622076.56, 'maxhs-b': 185028.55, 'maxino16-c10': 254908.47, 'maxino16-dis': 289246.9, 'mscg2015a': 324373.56, 'mscg2015b': 324472.88}
2024-05-29 21:05 | INFO | Single best solver time test = maxhs-b (185028.55)
2024-05-29 21:09 | INFO | Passive Learning Runtime on Validation Set: 146951.17
2024-05-29 21:09 | INFO | Passive Learning Runtime on Test Set: 109901.04
2024-05-29 21:09 | INFO | Passive Learning Instance Cost: 13921984.23
2024-05-29 21:13 | INFO | Initial Active Learning Runtime on Validation Set: 40129.72
2024-05-29 21:13 | INFO | Initial Active Learning Runtime on Test Set: 289518.8
2024-05-29 21:13 | INFO | Initial Active Learning Instance Cost: 22654.39
2024-05-29 21:13 | INFO | Bin size = 565
2024-05-29 21:13 | INFO | Query 1 Size of the uncertainty table is = 57611/56457
2024-05-29 21:13 | INFO | Query 1 Size of the filtered table is = 565
2024-05-29 21:17 | INFO | Query 1 Active Learning Runtime on Validation Set: 74337.23
2024-05-29 21:17 | INFO | Query 1 Active Learning Runtime on Test Set: 254710.41
2024-05-29 21:17 | INFO | Query 1 Active Learning Instance Cost: 77681.41
2024-05-29 21:17 | INFO | Timeout limit is increased to 200
2024-05-29 21:18 | INFO | Query 2 Size of the uncertainty table is = 56676/56457
2024-05-29 21:18 | INFO | Query 2 Size of the filtered table is = 565
2024-05-29 21:22 | INFO | Query 2 Active Learning Runtime on Validation Set: 112345.09
2024-05-29 21:22 | INFO | Query 2 Active Learning Runtime on Test Set: 184356.29
2024-05-29 21:22 | INFO | Query 2 Active Learning Instance Cost: 204719.89
2024-05-29 21:22 | INFO | Timeout limit is increased to 300
2024-05-29 21:22 | INFO | Query 3 Size of the uncertainty table is = 55500/56457
2024-05-29 21:22 | INFO | Query 3 Size of the filtered table is = 565
2024-05-29 21:26 | INFO | Query 3 Active Learning Runtime on Validation Set: 146635.87000000002
2024-05-29 21:26 | INFO | Query 3 Active Learning Runtime on Test Set: 147236.52000000002
2024-05-29 21:26 | INFO | Query 3 Active Learning Instance Cost: 380250.43
2024-05-29 21:26 | INFO | Timeout limit is increased to 400
2024-05-29 21:26 | INFO | Query 4 Size of the uncertainty table is = 54006/56457
2024-05-29 21:26 | INFO | Query 4 Size of the filtered table is = 565
2024-05-29 21:30 | INFO | Query 4 Active Learning Runtime on Validation Set: 145929.42
2024-05-29 21:30 | INFO | Query 4 Active Learning Runtime on Test Set: 111457.41
2024-05-29 21:30 | INFO | Query 4 Active Learning Instance Cost: 547136.58
2024-05-29 21:30 | INFO | Query 5 Size of the uncertainty table is = 52449/56457
2024-05-29 21:30 | INFO | Query 5 Size of the filtered table is = 565
2024-05-29 21:34 | INFO | Query 5 Active Learning Runtime on Validation Set: 110975.3
2024-05-29 21:34 | INFO | Query 5 Active Learning Runtime on Test Set: 146897.77000000002
2024-05-29 21:34 | INFO | Query 5 Active Learning Instance Cost: 693613.99
2024-05-29 21:35 | INFO | Query 6 Size of the uncertainty table is = 50356/56457
2024-05-29 21:35 | INFO | Query 6 Size of the filtered table is = 565
2024-05-29 21:39 | INFO | Query 6 Active Learning Runtime on Validation Set: 146950.97
2024-05-29 21:39 | INFO | Query 6 Active Learning Runtime on Test Set: 111052.17
2024-05-29 21:39 | INFO | Query 6 Active Learning Instance Cost: 819244.43
2024-05-29 21:39 | INFO | Timeout limit is increased to 500
2024-05-29 21:39 | INFO | Query 7 Size of the uncertainty table is = 49279/56457
2024-05-29 21:39 | INFO | Query 7 Size of the filtered table is = 565
2024-05-29 21:43 | INFO | Query 7 Active Learning Runtime on Validation Set: 147718.58000000002
2024-05-29 21:43 | INFO | Query 7 Active Learning Runtime on Test Set: 111038.06
2024-05-29 21:43 | INFO | Query 7 Active Learning Instance Cost: 931791.82
2024-05-29 21:43 | INFO | Timeout limit is increased to 600
2024-05-29 21:43 | INFO | Query 8 Size of the uncertainty table is = 48418/56457
2024-05-29 21:43 | INFO | Query 8 Size of the filtered table is = 565
2024-05-29 21:47 | INFO | Query 8 Active Learning Runtime on Validation Set: 146951.38
2024-05-29 21:47 | INFO | Query 8 Active Learning Runtime on Test Set: 146792.24000000002
2024-05-29 21:47 | INFO | Query 8 Active Learning Instance Cost: 1071761.54
2024-05-29 21:47 | INFO | Query 9 Size of the uncertainty table is = 47420/56457
2024-05-29 21:47 | INFO | Query 9 Size of the filtered table is = 565
2024-05-29 21:51 | INFO | Query 9 Active Learning Runtime on Validation Set: 148178.78
2024-05-29 21:51 | INFO | Query 9 Active Learning Runtime on Test Set: 146792.24000000002
2024-05-29 21:51 | INFO | Query 9 Active Learning Instance Cost: 1126884.69
2024-05-29 21:51 | INFO | Timeout limit is increased to 700
2024-05-29 21:52 | INFO | Query 10 Size of the uncertainty table is = 47057/56457
2024-05-29 21:52 | INFO | Query 10 Size of the filtered table is = 565
2024-05-29 21:56 | INFO | Query 10 Active Learning Runtime on Validation Set: 111681.59
2024-05-29 21:56 | INFO | Query 10 Active Learning Runtime on Test Set: 146792.24000000002
2024-05-29 21:56 | INFO | Query 10 Active Learning Instance Cost: 1223912.11
2024-05-29 21:56 | INFO | Query 11 Size of the uncertainty table is = 46698/56457
2024-05-29 21:56 | INFO | Query 11 Size of the filtered table is = 565
2024-05-29 22:00 | INFO | Query 11 Active Learning Runtime on Validation Set: 111681.59
2024-05-29 22:00 | INFO | Query 11 Active Learning Runtime on Test Set: 146792.24000000002
2024-05-29 22:00 | INFO | Query 11 Active Learning Instance Cost: 1577092.75
2024-05-29 22:00 | INFO | Timeout limit is increased to 800
2024-05-29 22:00 | INFO | Query 12 Size of the uncertainty table is = 45190/56457
2024-05-29 22:00 | INFO | Query 12 Size of the filtered table is = 565
2024-05-29 22:04 | INFO | Query 12 Active Learning Runtime on Validation Set: 111681.62
2024-05-29 22:04 | INFO | Query 12 Active Learning Runtime on Test Set: 146792.24000000002
2024-05-29 22:04 | INFO | Query 12 Active Learning Instance Cost: 1736849.09
2024-05-29 22:04 | INFO | Timeout limit is increased to 900
2024-05-29 22:04 | INFO | Query 13 Size of the uncertainty table is = 44743/56457
2024-05-29 22:04 | INFO | Query 13 Size of the filtered table is = 565
2024-05-29 22:08 | INFO | Query 13 Active Learning Runtime on Validation Set: 148178.75
2024-05-29 22:08 | INFO | Query 13 Active Learning Runtime on Test Set: 146792.24000000002
2024-05-29 22:08 | INFO | Query 13 Active Learning Instance Cost: 1866957.69
2024-05-29 22:08 | INFO | Timeout limit is increased to 1000
2024-05-29 22:09 | INFO | Query 14 Size of the uncertainty table is = 44342/56457
2024-05-29 22:09 | INFO | Query 14 Size of the filtered table is = 565
2024-05-29 22:13 | INFO | Query 14 Active Learning Runtime on Validation Set: 148178.82
2024-05-29 22:13 | INFO | Query 14 Active Learning Runtime on Test Set: 146753.19
2024-05-29 22:13 | INFO | Query 14 Active Learning Instance Cost: 2018163.29
2024-05-29 22:13 | INFO | Timeout limit is increased to 1100
2024-05-29 22:13 | INFO | Query 15 Size of the uncertainty table is = 44078/56457
2024-05-29 22:13 | INFO | Query 15 Size of the filtered table is = 565
2024-05-29 22:17 | INFO | Query 15 Active Learning Runtime on Validation Set: 146951.40000000002
2024-05-29 22:17 | INFO | Query 15 Active Learning Runtime on Test Set: 146752.74000000002
2024-05-29 22:17 | INFO | Query 15 Active Learning Instance Cost: 2157161.05
2024-05-29 22:17 | INFO | Query 16 Size of the uncertainty table is = 43900/56457
2024-05-29 22:17 | INFO | Query 16 Size of the filtered table is = 565
2024-05-29 22:21 | INFO | Query 16 Active Learning Runtime on Validation Set: 146951.40000000002
2024-05-29 22:21 | INFO | Query 16 Active Learning Runtime on Test Set: 146752.74000000002
2024-05-29 22:21 | INFO | Query 16 Active Learning Instance Cost: 2195093.93
2024-05-29 22:21 | INFO | Timeout limit is increased to 1200
2024-05-29 22:21 | INFO | Query 17 Size of the uncertainty table is = 43674/56457
2024-05-29 22:21 | INFO | Query 17 Size of the filtered table is = 565
2024-05-29 22:25 | INFO | Query 17 Active Learning Runtime on Validation Set: 146951.40000000002
2024-05-29 22:25 | INFO | Query 17 Active Learning Runtime on Test Set: 146752.74000000002
2024-05-29 22:25 | INFO | Query 17 Active Learning Instance Cost: 2316150.78
2024-05-29 22:25 | INFO | Timeout limit is increased to 1300
2024-05-29 22:25 | INFO | Query 18 Size of the uncertainty table is = 43553/56457
2024-05-29 22:25 | INFO | Query 18 Size of the filtered table is = 565
2024-05-29 22:29 | INFO | Query 18 Active Learning Runtime on Validation Set: 148178.75
2024-05-29 22:29 | INFO | Query 18 Active Learning Runtime on Test Set: 146752.74000000002
2024-05-29 22:29 | INFO | Query 18 Active Learning Instance Cost: 2441720.64
2024-05-29 22:29 | INFO | Timeout limit is increased to 1400
2024-05-29 22:30 | INFO | Query 19 Size of the uncertainty table is = 43454/56457
2024-05-29 22:30 | INFO | Query 19 Size of the filtered table is = 565
2024-05-29 22:34 | INFO | Query 19 Active Learning Runtime on Validation Set: 148178.87000000002
2024-05-29 22:34 | INFO | Query 19 Active Learning Runtime on Test Set: 146792.69
2024-05-29 22:34 | INFO | Query 19 Active Learning Instance Cost: 2573600.22
2024-05-29 22:34 | INFO | Timeout limit is increased to 1500
2024-05-29 22:34 | INFO | Query 20 Size of the uncertainty table is = 43302/56457
2024-05-29 22:34 | INFO | Query 20 Size of the filtered table is = 565
2024-05-29 22:38 | INFO | Query 20 Active Learning Runtime on Validation Set: 148178.75
2024-05-29 22:38 | INFO | Query 20 Active Learning Runtime on Test Set: 146780.27000000002
2024-05-29 22:38 | INFO | Query 20 Active Learning Instance Cost: 2837277.02
2024-05-29 22:38 | INFO | Query 21 Size of the uncertainty table is = 43165/56457
2024-05-29 22:38 | INFO | Query 21 Size of the filtered table is = 565
2024-05-29 22:42 | INFO | Query 21 Active Learning Runtime on Validation Set: 148178.75
2024-05-29 22:42 | INFO | Query 21 Active Learning Runtime on Test Set: 146780.27000000002
2024-05-29 22:42 | INFO | Query 21 Active Learning Instance Cost: 2859045.62
2024-05-29 22:42 | INFO | Timeout limit is increased to 1600
2024-05-29 22:42 | INFO | Query 22 Size of the uncertainty table is = 43105/56457
2024-05-29 22:42 | INFO | Query 22 Size of the filtered table is = 565
2024-05-29 22:46 | INFO | Query 22 Active Learning Runtime on Validation Set: 148178.75
2024-05-29 22:46 | INFO | Query 22 Active Learning Runtime on Test Set: 146780.27000000002
2024-05-29 22:46 | INFO | Query 22 Active Learning Instance Cost: 2961709.98
2024-05-29 22:46 | INFO | Timeout limit is increased to 1700
2024-05-29 22:46 | INFO | Query 23 Size of the uncertainty table is = 43059/56457
2024-05-29 22:46 | INFO | Query 23 Size of the filtered table is = 565
2024-05-29 22:50 | INFO | Query 23 Active Learning Runtime on Validation Set: 148178.75
2024-05-29 22:50 | INFO | Query 23 Active Learning Runtime on Test Set: 146792.24000000002
2024-05-29 22:50 | INFO | Query 23 Active Learning Instance Cost: 3064632.32
2024-05-29 22:50 | INFO | Timeout limit is increased to 1800
2024-05-29 22:50 | INFO | Query 24 Size of the uncertainty table is = 43011/56457
2024-05-29 22:50 | INFO | Query 24 Size of the filtered table is = 565
2024-05-29 22:54 | INFO | Query 24 Active Learning Runtime on Validation Set: 147657.26
2024-05-29 22:54 | INFO | Query 24 Active Learning Runtime on Test Set: 146792.24000000002
2024-05-29 22:54 | INFO | Query 24 Active Learning Instance Cost: 3178294.9
2024-05-29 22:54 | INFO | Query 25 Size of the uncertainty table is = 42992/56457
2024-05-29 22:54 | INFO | Query 25 Size of the filtered table is = 565
2024-05-29 22:58 | INFO | Query 25 Active Learning Runtime on Validation Set: 147657.26
2024-05-29 22:58 | INFO | Query 25 Active Learning Runtime on Test Set: 146792.24000000002
2024-05-29 22:58 | INFO | Query 25 Active Learning Instance Cost: 3224494.9
2024-05-29 22:58 | INFO | Timeout limit is increased to 1900
2024-05-29 22:59 | INFO | Query 26 Size of the uncertainty table is = 42992/56457
2024-05-29 22:59 | INFO | Query 26 Size of the filtered table is = 565
2024-05-29 23:03 | INFO | Query 26 Active Learning Runtime on Validation Set: 147657.26
2024-05-29 23:03 | INFO | Query 26 Active Learning Runtime on Test Set: 146792.24000000002
2024-05-29 23:03 | INFO | Query 26 Active Learning Instance Cost: 3316994.9
2024-05-29 23:03 | INFO | Timeout limit is increased to 2000
2024-05-29 23:03 | INFO | Query 27 Size of the uncertainty table is = 42992/56457
2024-05-29 23:03 | INFO | Query 27 Size of the filtered table is = 565
2024-05-29 23:07 | INFO | Query 27 Active Learning Runtime on Validation Set: 147657.26
2024-05-29 23:07 | INFO | Query 27 Active Learning Runtime on Test Set: 146792.24000000002
2024-05-29 23:07 | INFO | Query 27 Active Learning Instance Cost: 3409494.9
2024-05-29 23:07 | INFO | Timeout limit is increased to 2100
2024-05-29 23:07 | INFO | Query 28 Size of the uncertainty table is = 42992/56457
2024-05-29 23:07 | INFO | Query 28 Size of the filtered table is = 565
2024-05-29 23:11 | INFO | Query 28 Active Learning Runtime on Validation Set: 147657.26
2024-05-29 23:11 | INFO | Query 28 Active Learning Runtime on Test Set: 146792.24000000002
2024-05-29 23:11 | INFO | Query 28 Active Learning Instance Cost: 3501994.9
2024-05-29 23:11 | INFO | Timeout limit is increased to 2200
2024-05-29 23:11 | INFO | Query 29 Size of the uncertainty table is = 42992/56457
2024-05-29 23:11 | INFO | Query 29 Size of the filtered table is = 565
2024-05-29 23:15 | INFO | Query 29 Active Learning Runtime on Validation Set: 147657.26
2024-05-29 23:15 | INFO | Query 29 Active Learning Runtime on Test Set: 146792.24000000002
2024-05-29 23:15 | INFO | Query 29 Active Learning Instance Cost: 3594494.9
2024-05-29 23:15 | INFO | Timeout limit is increased to 2300
2024-05-29 23:15 | INFO | Query 30 Size of the uncertainty table is = 42992/56457
2024-05-29 23:15 | INFO | Query 30 Size of the filtered table is = 565
2024-05-29 23:19 | INFO | Query 30 Active Learning Runtime on Validation Set: 147657.26
2024-05-29 23:19 | INFO | Query 30 Active Learning Runtime on Test Set: 146792.24000000002
2024-05-29 23:19 | INFO | Query 30 Active Learning Instance Cost: 3686994.9
2024-05-29 23:19 | INFO | Timeout limit is increased to 2400
2024-05-29 23:19 | INFO | Query 31 Size of the uncertainty table is = 42992/56457
2024-05-29 23:19 | INFO | Query 31 Size of the filtered table is = 565
2024-05-29 23:23 | INFO | Query 31 Active Learning Runtime on Validation Set: 147657.26
2024-05-29 23:23 | INFO | Query 31 Active Learning Runtime on Test Set: 146792.24000000002
2024-05-29 23:23 | INFO | Query 31 Active Learning Instance Cost: 3779494.9
2024-05-29 23:23 | INFO | Timeout limit is increased to 2500
2024-05-29 23:24 | INFO | Query 32 Size of the uncertainty table is = 42992/56457
2024-05-29 23:24 | INFO | Query 32 Size of the filtered table is = 565
2024-05-29 23:28 | INFO | Query 32 Active Learning Runtime on Validation Set: 147657.26
2024-05-29 23:28 | INFO | Query 32 Active Learning Runtime on Test Set: 146792.24000000002
2024-05-29 23:28 | INFO | Query 32 Active Learning Instance Cost: 3871994.9
2024-05-29 23:28 | INFO | Timeout limit is increased to 2600
2024-05-29 23:28 | INFO | Query 33 Size of the uncertainty table is = 42992/56457
2024-05-29 23:28 | INFO | Query 33 Size of the filtered table is = 565
2024-05-29 23:32 | INFO | Query 33 Active Learning Runtime on Validation Set: 147657.26
2024-05-29 23:32 | INFO | Query 33 Active Learning Runtime on Test Set: 146792.24000000002
2024-05-29 23:32 | INFO | Query 33 Active Learning Instance Cost: 3964494.9
2024-05-29 23:32 | INFO | Timeout limit is increased to 2700
2024-05-29 23:32 | INFO | Query 34 Size of the uncertainty table is = 42992/56457
2024-05-29 23:32 | INFO | Query 34 Size of the filtered table is = 565
2024-05-29 23:36 | INFO | Query 34 Active Learning Runtime on Validation Set: 147657.26
2024-05-29 23:36 | INFO | Query 34 Active Learning Runtime on Test Set: 146792.24000000002
2024-05-29 23:36 | INFO | Query 34 Active Learning Instance Cost: 4056994.9
2024-05-29 23:36 | INFO | Timeout limit is increased to 2800
2024-05-29 23:36 | INFO | Query 35 Size of the uncertainty table is = 42992/56457
2024-05-29 23:36 | INFO | Query 35 Size of the filtered table is = 565
2024-05-29 23:40 | INFO | Query 35 Active Learning Runtime on Validation Set: 147657.26
2024-05-29 23:40 | INFO | Query 35 Active Learning Runtime on Test Set: 146792.24000000002
2024-05-29 23:40 | INFO | Query 35 Active Learning Instance Cost: 4149494.9
2024-05-29 23:40 | INFO | Timeout limit is increased to 2900
2024-05-29 23:40 | INFO | Query 36 Size of the uncertainty table is = 42992/56457
2024-05-29 23:40 | INFO | Query 36 Size of the filtered table is = 565
2024-05-29 23:44 | INFO | Query 36 Active Learning Runtime on Validation Set: 147657.26
2024-05-29 23:44 | INFO | Query 36 Active Learning Runtime on Test Set: 146792.24000000002
2024-05-29 23:44 | INFO | Query 36 Active Learning Instance Cost: 4241994.9
2024-05-29 23:44 | INFO | Timeout limit is increased to 3000
2024-05-29 23:44 | INFO | Query 37 Size of the uncertainty table is = 42992/56457
2024-05-29 23:44 | INFO | Query 37 Size of the filtered table is = 565
2024-05-29 23:48 | INFO | Query 37 Active Learning Runtime on Validation Set: 147657.26
2024-05-29 23:48 | INFO | Query 37 Active Learning Runtime on Test Set: 146792.24000000002
2024-05-29 23:48 | INFO | Query 37 Active Learning Instance Cost: 4334494.9
2024-05-29 23:48 | INFO | Timeout limit is increased to 3100
2024-05-29 23:49 | INFO | Query 38 Size of the uncertainty table is = 42992/56457
2024-05-29 23:49 | INFO | Query 38 Size of the filtered table is = 565
2024-05-29 23:53 | INFO | Query 38 Active Learning Runtime on Validation Set: 147657.26
2024-05-29 23:53 | INFO | Query 38 Active Learning Runtime on Test Set: 146792.24000000002
2024-05-29 23:53 | INFO | Query 38 Active Learning Instance Cost: 4426994.9
2024-05-29 23:53 | INFO | Timeout limit is increased to 3200
2024-05-29 23:53 | INFO | Query 39 Size of the uncertainty table is = 42992/56457
2024-05-29 23:53 | INFO | Query 39 Size of the filtered table is = 565
2024-05-29 23:57 | INFO | Query 39 Active Learning Runtime on Validation Set: 147657.26
2024-05-29 23:57 | INFO | Query 39 Active Learning Runtime on Test Set: 146792.24000000002
2024-05-29 23:57 | INFO | Query 39 Active Learning Instance Cost: 4519494.9
2024-05-29 23:57 | INFO | Timeout limit is increased to 3300
2024-05-29 23:57 | INFO | Query 40 Size of the uncertainty table is = 42992/56457
2024-05-29 23:57 | INFO | Query 40 Size of the filtered table is = 565
2024-05-30 00:01 | INFO | Query 40 Active Learning Runtime on Validation Set: 147657.26
2024-05-30 00:01 | INFO | Query 40 Active Learning Runtime on Test Set: 146792.24000000002
2024-05-30 00:01 | INFO | Query 40 Active Learning Instance Cost: 4611994.9
2024-05-30 00:01 | INFO | Timeout limit is increased to 3400
2024-05-30 00:01 | INFO | Query 41 Size of the uncertainty table is = 42992/56457
2024-05-30 00:01 | INFO | Query 41 Size of the filtered table is = 565
2024-05-30 00:05 | INFO | Query 41 Active Learning Runtime on Validation Set: 147657.26
2024-05-30 00:05 | INFO | Query 41 Active Learning Runtime on Test Set: 146792.24000000002
2024-05-30 00:05 | INFO | Query 41 Active Learning Instance Cost: 4704494.9
2024-05-30 00:05 | INFO | Timeout limit is increased to 3500
2024-05-30 00:05 | INFO | Query 42 Size of the uncertainty table is = 42992/56457
2024-05-30 00:05 | INFO | Query 42 Size of the filtered table is = 565
2024-05-30 00:09 | INFO | Query 42 Active Learning Runtime on Validation Set: 147657.26
2024-05-30 00:09 | INFO | Query 42 Active Learning Runtime on Test Set: 146792.24000000002
2024-05-30 00:09 | INFO | Query 42 Active Learning Instance Cost: 4796994.9
2024-05-30 00:09 | INFO | Timeout limit is increased to 3600
2024-05-30 00:09 | INFO | Query 43 Size of the uncertainty table is = 42992/56457
2024-05-30 00:09 | INFO | Query 43 Size of the filtered table is = 565
2024-05-30 00:13 | INFO | Query 43 Active Learning Runtime on Validation Set: 147657.26
2024-05-30 00:13 | INFO | Query 43 Active Learning Runtime on Test Set: 146792.24000000002
2024-05-30 00:13 | INFO | Query 43 Active Learning Instance Cost: 4889494.9
2024-05-30 00:13 | INFO | Timeout limit is increased to 3600
2024-05-30 00:14 | INFO | Query 44 Size of the uncertainty table is = 28524/56457
2024-05-30 00:14 | INFO | Query 44 Size of the filtered table is = 565
2024-05-30 00:18 | INFO | Query 44 Active Learning Runtime on Validation Set: 147518.5
2024-05-30 00:18 | INFO | Query 44 Active Learning Runtime on Test Set: 146791.83000000002
2024-05-30 00:18 | INFO | Query 44 Active Learning Instance Cost: 6713358.43
2024-05-30 00:18 | INFO | Query 45 Size of the uncertainty table is = 23832/56457
2024-05-30 00:18 | INFO | Query 45 Size of the filtered table is = 565
2024-05-30 00:22 | INFO | Query 45 Active Learning Runtime on Validation Set: 147718.58000000002
2024-05-30 00:22 | INFO | Query 45 Active Learning Runtime on Test Set: 146792.23
2024-05-30 00:22 | INFO | Query 45 Active Learning Instance Cost: 8431330.1
2024-05-30 00:22 | INFO | Timeout limit is increased to 3600
2024-05-30 00:22 | INFO | Query 46 Size of the uncertainty table is = 18436/56457
2024-05-30 00:22 | INFO | Query 46 Size of the filtered table is = 565
2024-05-30 00:26 | INFO | Query 46 Active Learning Runtime on Validation Set: 110975.37
2024-05-30 00:26 | INFO | Query 46 Active Learning Runtime on Test Set: 146780.27000000002
2024-05-30 00:26 | INFO | Query 46 Active Learning Instance Cost: 9618739.28
2024-05-30 00:26 | INFO | Query 47 Size of the uncertainty table is = 13503/56457
2024-05-30 00:26 | INFO | Query 47 Size of the filtered table is = 565
2024-05-30 00:30 | INFO | Query 47 Active Learning Runtime on Validation Set: 147658.40000000002
2024-05-30 00:30 | INFO | Query 47 Active Learning Runtime on Test Set: 146792.07
2024-05-30 00:30 | INFO | Query 47 Active Learning Instance Cost: 10164298.04
2024-05-30 00:30 | INFO | Timeout limit is increased to 3600
2024-05-30 00:30 | INFO | Query 48 Size of the uncertainty table is = 8940/56457
2024-05-30 00:30 | INFO | Query 48 Size of the filtered table is = 565
2024-05-30 00:34 | INFO | Query 48 Active Learning Runtime on Validation Set: 147652.58000000002
2024-05-30 00:34 | INFO | Query 48 Active Learning Runtime on Test Set: 146792.07
2024-05-30 00:34 | INFO | Query 48 Active Learning Instance Cost: 10247446.28
2024-05-30 00:34 | INFO | Query 49 Size of the uncertainty table is = 3931/56457
2024-05-30 00:34 | INFO | Query 49 Size of the filtered table is = 565
2024-05-30 00:39 | INFO | Query 49 Active Learning Runtime on Validation Set: 75762.53
2024-05-30 00:39 | INFO | Query 49 Active Learning Runtime on Test Set: 111010.06999999999
2024-05-30 00:39 | INFO | Query 49 Active Learning Instance Cost: 10366620.03
2024-05-30 00:39 | INFO | Query 50 Size of the uncertainty table is = 697/56457
2024-05-30 00:39 | INFO | Query 50 Size of the filtered table is = 565
2024-05-30 00:43 | INFO | Query 50 Active Learning Runtime on Validation Set: 75762.53
2024-05-30 00:43 | INFO | Query 50 Active Learning Runtime on Test Set: 146752.59000000003
2024-05-30 00:43 | INFO | Query 50 Active Learning Instance Cost: 10456520.32
2024-05-30 00:43 | INFO | Timeout limit is increased to 3600
2024-05-30 00:43 | INFO | runtime_test_score is written as json file
2024-05-30 00:43 | INFO | runtime_validation_score is written as json file
2024-05-30 00:43 | INFO | instance_cost is written as json file
2024-05-30 00:43 | INFO | Experiment is finished
