2024-05-30 00:41 | INFO | Paramaters are: {'dataset': 'QBF-2016', 'penalty': 10, 'weight': 'No_Weight', 'voting': 'Hard', 'pre_selection_size': 64, 'pre_selection_technique': 'No_pre_selection', 'feature_elimination_threshold': 20, 'imputer_strategy': 'median', 'feature_selection_technique': 'No_feature_selection', 'feature_scaling_technique': 'StandardScaler', 'initial_train_size': 20, 'query_size': 1, 'timeout_predictor_usage': 'Yes', 'timeout_limit': 3600, 'timeout_increase_rate': 100, 'RANDOM_STATE_SEED': 12345, 'n_splits': 10, 'split_number': 8, 'max_timeout': 3600, 'param_grid': {'n_estimators': 100, 'criterion': 'gini', 'max_features': 'sqrt', 'max_depth': 2147483648, 'min_samples_split': 2, 'bootstrap': True}}
2024-05-30 00:41 | INFO | QBF-2016 is current dataset
2024-05-30 00:41 | INFO | DATASETS/QBF-2016/algorithm_runs.arff is found
2024-05-30 00:41 | INFO | DATASETS/QBF-2016/algorithm_runs.arff is finished
2024-05-30 00:41 | INFO | DATASETS/QBF-2016/feature_values.arff is found
2024-05-30 00:41 | INFO | DATASETS/QBF-2016/feature_values.arff is finished
2024-05-30 00:41 | INFO | DATASETS/QBF-2016/feature_costs.arff is found
2024-05-30 00:41 | INFO | DATASETS/QBF-2016/feature_costs.arff is finished
2024-05-30 00:41 | INFO | Virtual best solver time in train = 6150.46
2024-05-30 00:41 | INFO | Single best solver list train = {'AIGSolve': 5160332.79, 'aqua-f3v': 8033508.06, 'aqua-s2v': 7926419.47, 'aqua-s3o': 8105489.06, 'caqe-minisat': 4799119.01, 'caqe-picosat': 4225684.79, 'depqbf-v1': 8468183.76, 'depqbf-v2': 4402938.43, 'depqbf-v3': 6168703.13, 'ghostq-cegar': 4437912.28, 'ghostq-plain': 4688921.17, 'hiqqer1': 4797160.43, 'hiqqer1ldsq': 4904088.51, 'hiqqer3': 4942882.41, 'iprover-QBF': 10989624.62, 'iprover-QBF-bloqqer': 11346721.9, 'qesto': 4728353.17, 'qestos': 6554430.95, 'qsts': 4863797.82, 'rareqs': 3321585.17, 'squeezebf+struqs': 11421438.38, 'struqs-10': 11349374.39, 'xb-bid-qsts': 2786891.74, 'xb-qsts': 3755747.16}
2024-05-30 00:41 | INFO | Single best solver time train = xb-bid-qsts (2786891.74)
2024-05-30 00:41 | INFO | Virtual best solver time in validation = 640.4
2024-05-30 00:41 | INFO | Single best solver list validation = {'AIGSolve': 721635.61, 'aqua-f3v': 1118022.34, 'aqua-s2v': 1153026.28, 'aqua-s3o': 1152885.58, 'caqe-minisat': 1298689.31, 'caqe-picosat': 1298523.16, 'depqbf-v1': 1765273.34, 'depqbf-v2': 902500.39, 'depqbf-v3': 1514984.92, 'ghostq-cegar': 1226858.76, 'ghostq-plain': 1622369.35, 'hiqqer1': 1225787.6, 'hiqqer1ldsq': 1225790.88, 'hiqqer3': 1332998.58, 'iprover-QBF': 2593451.97, 'iprover-QBF-bloqqer': 2881012.62, 'qesto': 1190564.01, 'qestos': 1332751.62, 'qsts': 1800551.93, 'rareqs': 794200.44, 'squeezebf+struqs': 1981856.17, 'struqs-10': 1981905.85, 'xb-bid-qsts': 686905.85, 'xb-qsts': 1082748.0}
2024-05-30 00:41 | INFO | Single best solver time validation = xb-bid-qsts (686905.85)
2024-05-30 00:41 | INFO | Virtual best solver time in test = 1565.95
2024-05-30 00:41 | INFO | Single best solver list test = {'AIGSolve': 613827.08, 'aqua-f3v': 1080184.26, 'aqua-s2v': 1080190.97, 'aqua-s3o': 1080166.93, 'caqe-minisat': 721369.29, 'caqe-picosat': 792928.23, 'depqbf-v1': 1008434.64, 'depqbf-v2': 648395.46, 'depqbf-v3': 1008252.7, 'ghostq-cegar': 757228.31, 'ghostq-plain': 757526.36, 'hiqqer1': 792565.44, 'hiqqer1ldsq': 864643.85, 'hiqqer3': 756682.35, 'iprover-QBF': 1261845.45, 'iprover-QBF-bloqqer': 1477634.6, 'qesto': 756604.93, 'qestos': 793097.98, 'qsts': 684706.98, 'rareqs': 577355.86, 'squeezebf+struqs': 1369255.65, 'struqs-10': 1333535.72, 'xb-bid-qsts': 397193.9, 'xb-qsts': 648760.35}
2024-05-30 00:41 | INFO | Single best solver time test = xb-bid-qsts (397193.9)
2024-05-30 00:49 | INFO | Passive Learning Runtime on Validation Set: 650454.46
2024-05-30 00:49 | INFO | Passive Learning Runtime on Test Set: 218058.05
2024-05-30 00:49 | INFO | Passive Learning Instance Cost: 15418908.6
2024-05-30 00:58 | INFO | Initial Active Learning Runtime on Validation Set: 1513235.26
2024-05-30 00:58 | INFO | Initial Active Learning Runtime on Test Set: 684883.63
2024-05-30 00:58 | INFO | Initial Active Learning Instance Cost: 516644.07
2024-05-30 00:58 | INFO | Bin size = 1455
2024-05-30 00:58 | INFO | Query 1 Size of the uncertainty table is = 145452/145452
2024-05-30 00:58 | INFO | Query 1 Size of the filtered table is = 1455
2024-05-30 01:06 | INFO | Query 1 Active Learning Runtime on Validation Set: 1262327.89
2024-05-30 01:06 | INFO | Query 1 Active Learning Runtime on Test Set: 649158.03
2024-05-30 01:06 | INFO | Query 1 Active Learning Instance Cost: 3203190.27
2024-05-30 01:07 | INFO | Query 2 Size of the uncertainty table is = 137910/145452
2024-05-30 01:07 | INFO | Query 2 Size of the filtered table is = 1455
2024-05-30 01:15 | INFO | Query 2 Active Learning Runtime on Validation Set: 973977.25
2024-05-30 01:15 | INFO | Query 2 Active Learning Runtime on Test Set: 577319.6000000001
2024-05-30 01:15 | INFO | Query 2 Active Learning Instance Cost: 5117969.23
2024-05-30 01:15 | INFO | Query 3 Size of the uncertainty table is = 124381/145452
2024-05-30 01:15 | INFO | Query 3 Size of the filtered table is = 1455
2024-05-30 01:24 | INFO | Query 3 Active Learning Runtime on Validation Set: 1010590.8600000001
2024-05-30 01:24 | INFO | Query 3 Active Learning Runtime on Test Set: 541814.38
2024-05-30 01:24 | INFO | Query 3 Active Learning Instance Cost: 6631219.58
2024-05-30 01:24 | INFO | Timeout limit is increased to 3600
2024-05-30 01:24 | INFO | Query 4 Size of the uncertainty table is = 107425/145452
2024-05-30 01:24 | INFO | Query 4 Size of the filtered table is = 1455
2024-05-30 01:33 | INFO | Query 4 Active Learning Runtime on Validation Set: 758023.2300000001
2024-05-30 01:33 | INFO | Query 4 Active Learning Runtime on Test Set: 433402.17
2024-05-30 01:33 | INFO | Query 4 Active Learning Instance Cost: 7777977.3
2024-05-30 01:33 | INFO | Query 5 Size of the uncertainty table is = 89463/145452
2024-05-30 01:33 | INFO | Query 5 Size of the filtered table is = 1455
2024-05-30 01:42 | INFO | Query 5 Active Learning Runtime on Validation Set: 722054.02
2024-05-30 01:42 | INFO | Query 5 Active Learning Runtime on Test Set: 361295.05
2024-05-30 01:42 | INFO | Query 5 Active Learning Instance Cost: 9076795.72
2024-05-30 01:42 | INFO | Query 6 Size of the uncertainty table is = 71548/145452
2024-05-30 01:42 | INFO | Query 6 Size of the filtered table is = 1455
2024-05-30 01:51 | INFO | Query 6 Active Learning Runtime on Validation Set: 650074.5800000001
2024-05-30 01:51 | INFO | Query 6 Active Learning Runtime on Test Set: 289932.42
2024-05-30 01:51 | INFO | Query 6 Active Learning Instance Cost: 10080295.75
2024-05-30 01:51 | INFO | Query 7 Size of the uncertainty table is = 55381/145452
2024-05-30 01:51 | INFO | Query 7 Size of the filtered table is = 1455
2024-05-30 02:00 | INFO | Query 7 Active Learning Runtime on Validation Set: 794505.3600000001
2024-05-30 02:00 | INFO | Query 7 Active Learning Runtime on Test Set: 254031.21
2024-05-30 02:00 | INFO | Query 7 Active Learning Instance Cost: 11105019.17
2024-05-30 02:00 | INFO | Timeout limit is increased to 3600
2024-05-30 02:00 | INFO | Query 8 Size of the uncertainty table is = 39730/145452
2024-05-30 02:00 | INFO | Query 8 Size of the filtered table is = 1455
2024-05-30 02:09 | INFO | Query 8 Active Learning Runtime on Validation Set: 686661.06
2024-05-30 02:09 | INFO | Query 8 Active Learning Runtime on Test Set: 218249.75999999998
2024-05-30 02:09 | INFO | Query 8 Active Learning Instance Cost: 12282475.03
2024-05-30 02:10 | INFO | Query 9 Size of the uncertainty table is = 25236/145452
2024-05-30 02:10 | INFO | Query 9 Size of the filtered table is = 1455
2024-05-30 02:19 | INFO | Query 9 Active Learning Runtime on Validation Set: 685671.3600000001
2024-05-30 02:19 | INFO | Query 9 Active Learning Runtime on Test Set: 254034.0
2024-05-30 02:19 | INFO | Query 9 Active Learning Instance Cost: 13584522.86
2024-05-30 02:19 | INFO | Query 10 Size of the uncertainty table is = 12475/145452
2024-05-30 02:19 | INFO | Query 10 Size of the filtered table is = 1455
2024-05-30 02:28 | INFO | Query 10 Active Learning Runtime on Validation Set: 649564.64
2024-05-30 02:28 | INFO | Query 10 Active Learning Runtime on Test Set: 182343.21
2024-05-30 02:28 | INFO | Query 10 Active Learning Instance Cost: 14943068.53
2024-05-30 02:28 | INFO | Query 11 Size of the uncertainty table is = 2896/145452
2024-05-30 02:28 | INFO | Query 11 Size of the filtered table is = 837
2024-05-30 02:37 | INFO | Query 11 Active Learning Runtime on Validation Set: 541791.65
2024-05-30 02:37 | INFO | Query 11 Active Learning Runtime on Test Set: 182343.03
2024-05-30 02:37 | INFO | Query 11 Active Learning Instance Cost: 15375207.46
2024-05-30 02:37 | INFO | Query 12 Size of the uncertainty table is = 254/145452
2024-05-30 02:37 | INFO | Query 12 Size of the filtered table is = 254
2024-05-30 02:46 | INFO | Query 12 Active Learning Runtime on Validation Set: 721584.2200000001
2024-05-30 02:46 | INFO | Query 12 Active Learning Runtime on Test Set: 218244.88999999998
2024-05-30 02:46 | INFO | Query 12 Active Learning Instance Cost: 15418908.6
2024-05-30 02:46 | INFO | Timeout limit is increased to 3600
2024-05-30 02:46 | INFO | runtime_test_score is written as json file
2024-05-30 02:46 | INFO | runtime_validation_score is written as json file
2024-05-30 02:46 | INFO | instance_cost is written as json file
2024-05-30 02:46 | INFO | Experiment is finished
