2024-05-30 00:41 | INFO | Paramaters are: {'dataset': 'QBF-2016', 'penalty': 10, 'weight': 'No_Weight', 'voting': 'Hard', 'pre_selection_size': 64, 'pre_selection_technique': 'No_pre_selection', 'feature_elimination_threshold': 20, 'imputer_strategy': 'median', 'feature_selection_technique': 'No_feature_selection', 'feature_scaling_technique': 'StandardScaler', 'initial_train_size': 20, 'query_size': 1, 'timeout_predictor_usage': 'Yes', 'timeout_limit': 3600, 'timeout_increase_rate': 100, 'RANDOM_STATE_SEED': 42, 'n_splits': 10, 'split_number': 5, 'max_timeout': 3600, 'param_grid': {'n_estimators': 100, 'criterion': 'gini', 'max_features': 'sqrt', 'max_depth': 2147483648, 'min_samples_split': 2, 'bootstrap': True}}
2024-05-30 00:41 | INFO | QBF-2016 is current dataset
2024-05-30 00:41 | INFO | DATASETS/QBF-2016/algorithm_runs.arff is found
2024-05-30 00:41 | INFO | DATASETS/QBF-2016/algorithm_runs.arff is finished
2024-05-30 00:41 | INFO | DATASETS/QBF-2016/feature_values.arff is found
2024-05-30 00:41 | INFO | DATASETS/QBF-2016/feature_values.arff is finished
2024-05-30 00:41 | INFO | DATASETS/QBF-2016/feature_costs.arff is found
2024-05-30 00:41 | INFO | DATASETS/QBF-2016/feature_costs.arff is finished
2024-05-30 00:41 | INFO | Virtual best solver time in train = 7277.51
2024-05-30 00:41 | INFO | Single best solver list train = {'AIGSolve': 5267646.8, 'aqua-f3v': 8213484.79, 'aqua-s2v': 8141951.16, 'aqua-s3o': 8321059.76, 'caqe-minisat': 5015151.65, 'caqe-picosat': 4441500.23, 'depqbf-v1': 8431970.94, 'depqbf-v2': 4582617.31, 'depqbf-v3': 6384181.49, 'ghostq-cegar': 4545628.15, 'ghostq-plain': 4617557.31, 'hiqqer1': 5012952.65, 'hiqqer1ldsq': 5191732.82, 'hiqqer3': 5122428.62, 'iprover-QBF': 10846141.04, 'iprover-QBF-bloqqer': 11383381.99, 'qesto': 4871741.04, 'qestos': 6411384.15, 'qsts': 4719887.9, 'rareqs': 3393848.41, 'squeezebf+struqs': 11528273.17, 'struqs-10': 11420718.75, 'xb-bid-qsts': 2858729.42, 'xb-qsts': 3899811.42}
2024-05-30 00:41 | INFO | Single best solver time train = xb-bid-qsts (2858729.42)
2024-05-30 00:41 | INFO | Virtual best solver time in validation = 817.24
2024-05-30 00:41 | INFO | Single best solver list validation = {'AIGSolve': 721892.42, 'aqua-f3v': 1261514.26, 'aqua-s2v': 1296816.73, 'aqua-s3o': 1296705.19, 'caqe-minisat': 1334599.45, 'caqe-picosat': 1370349.88, 'depqbf-v1': 1801249.5, 'depqbf-v2': 938471.9, 'depqbf-v3': 1550959.95, 'ghostq-cegar': 1154926.41, 'ghostq-plain': 1586367.32, 'hiqqer1': 1297777.39, 'hiqqer1ldsq': 1297780.09, 'hiqqer3': 1368991.73, 'iprover-QBF': 2593079.81, 'iprover-QBF-bloqqer': 2808857.87, 'qesto': 1262595.66, 'qestos': 1440744.62, 'qsts': 1908479.14, 'rareqs': 938065.37, 'squeezebf+struqs': 2017891.99, 'struqs-10': 2017955.76, 'xb-bid-qsts': 686891.56, 'xb-qsts': 1118695.86}
2024-05-30 00:41 | INFO | Single best solver time validation = xb-bid-qsts (686891.56)
2024-05-30 00:41 | INFO | Virtual best solver time in test = 262.05
2024-05-30 00:41 | INFO | Single best solver list test = {'AIGSolve': 506256.26, 'aqua-f3v': 756715.61, 'aqua-s2v': 720868.83, 'aqua-s3o': 720776.62, 'caqe-minisat': 469426.51, 'caqe-picosat': 505286.07, 'depqbf-v1': 1008671.3, 'depqbf-v2': 432745.07, 'depqbf-v3': 756799.31, 'ghostq-cegar': 721444.79, 'ghostq-plain': 864892.25, 'hiqqer1': 504783.43, 'hiqqer1ldsq': 505010.33, 'hiqqer3': 541142.99, 'iprover-QBF': 1405701.19, 'iprover-QBF-bloqqer': 1513129.26, 'qesto': 541185.41, 'qestos': 828151.78, 'qsts': 720689.69, 'rareqs': 361227.69, 'squeezebf+struqs': 1226385.04, 'struqs-10': 1226141.45, 'xb-bid-qsts': 325370.51, 'xb-qsts': 468748.23}
2024-05-30 00:41 | INFO | Single best solver time test = xb-bid-qsts (325370.51)
2024-05-30 00:50 | INFO | Passive Learning Runtime on Validation Set: 901889.17
2024-05-30 00:50 | INFO | Passive Learning Runtime on Test Set: 109203.15
2024-05-30 00:50 | INFO | Passive Learning Instance Cost: 15660180.97
2024-05-30 01:00 | INFO | Initial Active Learning Runtime on Validation Set: 1405932.57
2024-05-30 01:00 | INFO | Initial Active Learning Runtime on Test Set: 469033.19
2024-05-30 01:00 | INFO | Initial Active Learning Instance Cost: 327380.93
2024-05-30 01:00 | INFO | Bin size = 1455
2024-05-30 01:00 | INFO | Query 1 Size of the uncertainty table is = 145452/145452
2024-05-30 01:00 | INFO | Query 1 Size of the filtered table is = 1455
2024-05-30 01:09 | INFO | Query 1 Active Learning Runtime on Validation Set: 1549370.3499999999
2024-05-30 01:09 | INFO | Query 1 Active Learning Runtime on Test Set: 432949.76
2024-05-30 01:09 | INFO | Query 1 Active Learning Instance Cost: 3330557.38
2024-05-30 01:09 | INFO | Timeout limit is increased to 3600
2024-05-30 01:09 | INFO | Query 2 Size of the uncertainty table is = 137832/145452
2024-05-30 01:09 | INFO | Query 2 Size of the filtered table is = 1455
2024-05-30 01:18 | INFO | Query 2 Active Learning Runtime on Validation Set: 1369398.67
2024-05-30 01:18 | INFO | Query 2 Active Learning Runtime on Test Set: 253065.11000000002
2024-05-30 01:18 | INFO | Query 2 Active Learning Instance Cost: 5318960.35
2024-05-30 01:18 | INFO | Query 3 Size of the uncertainty table is = 124352/145452
2024-05-30 01:18 | INFO | Query 3 Size of the filtered table is = 1455
2024-05-30 01:27 | INFO | Query 3 Active Learning Runtime on Validation Set: 1225667.41
2024-05-30 01:27 | INFO | Query 3 Active Learning Runtime on Test Set: 252991.93
2024-05-30 01:27 | INFO | Query 3 Active Learning Instance Cost: 6843605.43
2024-05-30 01:27 | INFO | Query 4 Size of the uncertainty table is = 106723/145452
2024-05-30 01:27 | INFO | Query 4 Size of the filtered table is = 1455
2024-05-30 01:36 | INFO | Query 4 Active Learning Runtime on Validation Set: 1118044.7
2024-05-30 01:36 | INFO | Query 4 Active Learning Runtime on Test Set: 144931.30000000002
2024-05-30 01:36 | INFO | Query 4 Active Learning Instance Cost: 8117232.55
2024-05-30 01:36 | INFO | Query 5 Size of the uncertainty table is = 87411/145452
2024-05-30 01:36 | INFO | Query 5 Size of the filtered table is = 1455
2024-05-30 01:46 | INFO | Query 5 Active Learning Runtime on Validation Set: 829687.15
2024-05-30 01:46 | INFO | Query 5 Active Learning Runtime on Test Set: 145051.46
2024-05-30 01:46 | INFO | Query 5 Active Learning Instance Cost: 9077062.11
2024-05-30 01:46 | INFO | Query 6 Size of the uncertainty table is = 70167/145452
2024-05-30 01:46 | INFO | Query 6 Size of the filtered table is = 1455
2024-05-30 01:55 | INFO | Query 6 Active Learning Runtime on Validation Set: 830235.7
2024-05-30 01:55 | INFO | Query 6 Active Learning Runtime on Test Set: 145124.16
2024-05-30 01:55 | INFO | Query 6 Active Learning Instance Cost: 10088292.27
2024-05-30 01:55 | INFO | Timeout limit is increased to 3600
2024-05-30 01:56 | INFO | Query 7 Size of the uncertainty table is = 54585/145452
2024-05-30 01:56 | INFO | Query 7 Size of the filtered table is = 1455
2024-05-30 02:05 | INFO | Query 7 Active Learning Runtime on Validation Set: 794257.04
2024-05-30 02:05 | INFO | Query 7 Active Learning Runtime on Test Set: 145168.84
2024-05-30 02:05 | INFO | Query 7 Active Learning Instance Cost: 11131909.3
2024-05-30 02:05 | INFO | Query 8 Size of the uncertainty table is = 40730/145452
2024-05-30 02:05 | INFO | Query 8 Size of the filtered table is = 1455
2024-05-30 02:14 | INFO | Query 8 Active Learning Runtime on Validation Set: 973988.08
2024-05-30 02:14 | INFO | Query 8 Active Learning Runtime on Test Set: 109166.31
2024-05-30 02:14 | INFO | Query 8 Active Learning Instance Cost: 12298618.84
2024-05-30 02:14 | INFO | Timeout limit is increased to 3600
2024-05-30 02:15 | INFO | Query 9 Size of the uncertainty table is = 26347/145452
2024-05-30 02:15 | INFO | Query 9 Size of the filtered table is = 1455
2024-05-30 02:24 | INFO | Query 9 Active Learning Runtime on Validation Set: 1046349.28
2024-05-30 02:24 | INFO | Query 9 Active Learning Runtime on Test Set: 145202.55000000002
2024-05-30 02:24 | INFO | Query 9 Active Learning Instance Cost: 13945526.83
2024-05-30 02:24 | INFO | Timeout limit is increased to 3600
2024-05-30 02:24 | INFO | Query 10 Size of the uncertainty table is = 12281/145452
2024-05-30 02:24 | INFO | Query 10 Size of the filtered table is = 1455
2024-05-30 02:34 | INFO | Query 10 Active Learning Runtime on Validation Set: 794859.11
2024-05-30 02:34 | INFO | Query 10 Active Learning Runtime on Test Set: 109215.39
2024-05-30 02:34 | INFO | Query 10 Active Learning Instance Cost: 15342804.74
2024-05-30 02:34 | INFO | Query 11 Size of the uncertainty table is = 2216/145452
2024-05-30 02:34 | INFO | Query 11 Size of the filtered table is = 769
2024-05-30 02:43 | INFO | Query 11 Active Learning Runtime on Validation Set: 830303.46
2024-05-30 02:43 | INFO | Query 11 Active Learning Runtime on Test Set: 109214.83
2024-05-30 02:43 | INFO | Query 11 Active Learning Instance Cost: 15660180.97
2024-05-30 02:43 | INFO | Timeout limit is increased to 3600
2024-05-30 02:43 | INFO | runtime_test_score is written as json file
2024-05-30 02:43 | INFO | runtime_validation_score is written as json file
2024-05-30 02:43 | INFO | instance_cost is written as json file
2024-05-30 02:43 | INFO | Experiment is finished
