2024-06-04 17:49 | INFO | Paramaters are: {'dataset': 'SAT12-HAND', 'penalty': 10, 'weight': 'No_Weight', 'voting': 'Hard', 'pre_selection_size': 64, 'pre_selection_technique': 'No_pre_selection', 'feature_elimination_threshold': 20, 'imputer_strategy': 'median', 'feature_selection_technique': 'No_feature_selection', 'feature_scaling_technique': 'StandardScaler', 'initial_train_size': 20, 'query_size': 1, 'timeout_predictor_usage': 'No', 'timeout_limit': 100, 'timeout_increase_rate': 100, 'RANDOM_STATE_SEED': 99, 'n_splits': 10, 'split_number': 6, 'max_timeout': 3600, 'param_grid': {'n_estimators': 100, 'criterion': 'gini', 'max_features': 'sqrt', 'max_depth': 2147483648, 'min_samples_split': 2, 'bootstrap': True}}
2024-06-04 17:49 | INFO | SAT12-HAND is current dataset
2024-06-04 17:49 | INFO | DATASETS/SAT12-HAND/algorithm_runs.arff is found
2024-06-04 17:49 | INFO | DATASETS/SAT12-HAND/algorithm_runs.arff is finished
2024-06-04 17:49 | INFO | DATASETS/SAT12-HAND/feature_values.arff is found
2024-06-04 17:49 | INFO | DATASETS/SAT12-HAND/feature_values.arff is finished
2024-06-04 17:49 | INFO | DATASETS/SAT12-HAND/feature_costs.arff is found
2024-06-04 17:49 | INFO | DATASETS/SAT12-HAND/feature_costs.arff is finished
2024-06-04 17:49 | INFO | Virtual best solver time in train = 77730.08
2024-06-04 17:49 | INFO | Single best solver list train = {'clasp1': 5658138.24, 'clasp2': 4942461.69, 'cryptominisat2011': 6297173.17, 'eagleup': 13032071.26, 'ebglucose': 7015611.6, 'ebminisat': 6660535.46, 'glucose2': 6330774.53, 'glueminisat': 6831170.97, 'gnoveltyp2': 11673366.38, 'lingeling': 6654967.85, 'lrglshr': 7803092.93, 'marchrw': 9671384.4, 'minisatpsm': 6944406.37, 'mphaseSAT': 4108887.22, 'mphaseSAT64': 4648013.67, 'mphaseSATm': 4146412.23, 'mxc09': 5910747.36, 'picosat': 6770687.89, 'precosat': 6186979.34, 'qutersat': 6437480.2, 'rcl': 7732762.53, 'restartsat': 6305734.22, 'sapperlot': 6885540.65, 'satime11': 9913739.36, 'sattime': 10090186.07, 'sattimep': 10018696.18, 'sol': 7189493.93, 'sparrow': 10167205.71, 'spear-hw': 8492435.59, 'spear-sw': 9637439.54, 'tnm': 10450747.65}
2024-06-04 17:49 | INFO | Single best solver time train = mphaseSAT (4108887.22)
2024-06-04 17:49 | INFO | Virtual best solver time in validation = 7141.93
2024-06-04 17:49 | INFO | Single best solver list validation = {'clasp1': 1413681.09, 'clasp2': 1377501.31, 'cryptominisat2011': 1699290.12, 'eagleup': 2665278.59, 'ebglucose': 1700645.84, 'ebminisat': 1447015.14, 'glucose2': 1593525.33, 'glueminisat': 1592123.07, 'gnoveltyp2': 1660781.59, 'lingeling': 1589821.03, 'lrglshr': 1556630.23, 'marchrw': 1734114.69, 'minisatpsm': 1589092.33, 'mphaseSAT': 1374442.08, 'mphaseSAT64': 1377587.31, 'mphaseSATm': 1410480.43, 'mxc09': 1521757.76, 'picosat': 1484842.06, 'precosat': 1409755.4, 'qutersat': 1735255.24, 'rcl': 1627762.46, 'restartsat': 1485524.94, 'sapperlot': 1518329.33, 'satime11': 1516286.36, 'sattime': 1409403.04, 'sattimep': 1373669.04, 'sol': 1229017.27, 'sparrow': 1478517.49, 'spear-hw': 1734435.18, 'spear-sw': 2378643.41, 'tnm': 1481126.28}
2024-06-04 17:49 | INFO | Single best solver time validation = sol (1229017.27)
2024-06-04 17:49 | INFO | Virtual best solver time in test = 7118.33
2024-06-04 17:49 | INFO | Single best solver list test = {'clasp1': 904082.4, 'clasp2': 832138.13, 'cryptominisat2011': 832599.99, 'eagleup': 1692046.74, 'ebglucose': 1048880.13, 'ebminisat': 761446.06, 'glucose2': 904579.31, 'glueminisat': 976274.13, 'gnoveltyp2': 1368508.49, 'lingeling': 1045620.48, 'lrglshr': 1049059.23, 'marchrw': 1120773.13, 'minisatpsm': 1014854.23, 'mphaseSAT': 758605.69, 'mphaseSAT64': 759558.48, 'mphaseSATm': 759619.76, 'mxc09': 869694.64, 'picosat': 905623.65, 'precosat': 869562.07, 'qutersat': 833361.18, 'rcl': 1122059.03, 'restartsat': 907759.99, 'sapperlot': 978038.49, 'satime11': 1083673.9, 'sattime': 1154019.86, 'sattimep': 1190232.75, 'sol': 1119416.3, 'sparrow': 1117983.77, 'spear-hw': 1228486.17, 'spear-sw': 1229880.57, 'tnm': 1190799.15}
2024-06-04 17:49 | INFO | Single best solver time test = mphaseSAT (758605.69)
2024-06-04 18:01 | INFO | Passive Learning Runtime on Validation Set: 793615.35
2024-06-04 18:01 | INFO | Passive Learning Runtime on Test Set: 249495.05
2024-06-04 18:01 | INFO | Passive Learning Instance Cost: 24267544.19
2024-06-04 18:13 | INFO | Initial Active Learning Runtime on Validation Set: 1438210.79
2024-06-04 18:13 | INFO | Initial Active Learning Runtime on Test Set: 785832.76
2024-06-04 18:13 | INFO | Initial Active Learning Instance Cost: 48829.73
2024-06-04 18:13 | INFO | Bin size = 1693
2024-06-04 18:14 | INFO | Query 1 Size of the uncertainty table is = 174813/169260
2024-06-04 18:14 | INFO | Query 1 Size of the filtered table is = 1693
2024-06-04 18:27 | INFO | Query 1 Active Learning Runtime on Validation Set: 1150347.21
2024-06-04 18:27 | INFO | Query 1 Active Learning Runtime on Test Set: 679047.82
2024-06-04 18:27 | INFO | Query 1 Active Learning Instance Cost: 264857.01
2024-06-04 18:28 | INFO | Query 2 Size of the uncertainty table is = 171048/169260
2024-06-04 18:28 | INFO | Query 2 Size of the filtered table is = 1693
2024-06-04 18:41 | INFO | Query 2 Active Learning Runtime on Validation Set: 1077792.77
2024-06-04 18:41 | INFO | Query 2 Active Learning Runtime on Test Set: 498601.59
2024-06-04 18:41 | INFO | Query 2 Active Learning Instance Cost: 413117.66
2024-06-04 18:43 | INFO | Query 3 Size of the uncertainty table is = 163261/169260
2024-06-04 18:43 | INFO | Query 3 Size of the filtered table is = 1693
2024-06-04 18:57 | INFO | Query 3 Active Learning Runtime on Validation Set: 1078199.9
2024-06-04 18:57 | INFO | Query 3 Active Learning Runtime on Test Set: 534984.63
2024-06-04 18:57 | INFO | Query 3 Active Learning Instance Cost: 537168.64
2024-06-04 18:57 | INFO | Timeout limit is increased to 200
2024-06-04 18:58 | INFO | Query 4 Size of the uncertainty table is = 155911/169260
2024-06-04 18:58 | INFO | Query 4 Size of the filtered table is = 1693
2024-06-04 19:13 | INFO | Query 4 Active Learning Runtime on Validation Set: 1006159.69
2024-06-04 19:13 | INFO | Query 4 Active Learning Runtime on Test Set: 427185.42
2024-06-04 19:13 | INFO | Query 4 Active Learning Instance Cost: 836936.59
2024-06-04 19:14 | INFO | Query 5 Size of the uncertainty table is = 148682/169260
2024-06-04 19:14 | INFO | Query 5 Size of the filtered table is = 1693
2024-06-04 19:28 | INFO | Query 5 Active Learning Runtime on Validation Set: 1185179.75
2024-06-04 19:28 | INFO | Query 5 Active Learning Runtime on Test Set: 462236.26
2024-06-04 19:28 | INFO | Query 5 Active Learning Instance Cost: 1035490.3
2024-06-04 19:28 | INFO | Timeout limit is increased to 300
2024-06-04 19:29 | INFO | Query 6 Size of the uncertainty table is = 142234/169260
2024-06-04 19:29 | INFO | Query 6 Size of the filtered table is = 1693
2024-06-04 19:44 | INFO | Query 6 Active Learning Runtime on Validation Set: 1007051.97
2024-06-04 19:44 | INFO | Query 6 Active Learning Runtime on Test Set: 390767.21
2024-06-04 19:44 | INFO | Query 6 Active Learning Instance Cost: 1397561.08
2024-06-04 19:45 | INFO | Query 7 Size of the uncertainty table is = 136545/169260
2024-06-04 19:45 | INFO | Query 7 Size of the filtered table is = 1693
2024-06-04 19:59 | INFO | Query 7 Active Learning Runtime on Validation Set: 935055.2
2024-06-04 19:59 | INFO | Query 7 Active Learning Runtime on Test Set: 426695.91000000003
2024-06-04 19:59 | INFO | Query 7 Active Learning Instance Cost: 1625161.27
2024-06-04 20:01 | INFO | Query 8 Size of the uncertainty table is = 132093/169260
2024-06-04 20:01 | INFO | Query 8 Size of the filtered table is = 1693
2024-06-04 20:15 | INFO | Query 8 Active Learning Runtime on Validation Set: 1006542.62
2024-06-04 20:15 | INFO | Query 8 Active Learning Runtime on Test Set: 390365.43
2024-06-04 20:15 | INFO | Query 8 Active Learning Instance Cost: 1768583.52
2024-06-04 20:15 | INFO | Timeout limit is increased to 400
2024-06-04 20:16 | INFO | Query 9 Size of the uncertainty table is = 128393/169260
2024-06-04 20:16 | INFO | Query 9 Size of the filtered table is = 1693
2024-06-04 20:30 | INFO | Query 9 Active Learning Runtime on Validation Set: 1078424.26
2024-06-04 20:30 | INFO | Query 9 Active Learning Runtime on Test Set: 426342.0
2024-06-04 20:30 | INFO | Query 9 Active Learning Instance Cost: 2093962.14
2024-06-04 20:30 | INFO | Timeout limit is increased to 500
2024-06-04 20:32 | INFO | Query 10 Size of the uncertainty table is = 125073/169260
2024-06-04 20:32 | INFO | Query 10 Size of the filtered table is = 1693
2024-06-04 20:46 | INFO | Query 10 Active Learning Runtime on Validation Set: 1006656.9199999999
2024-06-04 20:46 | INFO | Query 10 Active Learning Runtime on Test Set: 391438.39
2024-06-04 20:46 | INFO | Query 10 Active Learning Instance Cost: 2526962.97
2024-06-04 20:47 | INFO | Query 11 Size of the uncertainty table is = 121118/169260
2024-06-04 20:47 | INFO | Query 11 Size of the filtered table is = 1693
2024-06-04 21:02 | INFO | Query 11 Active Learning Runtime on Validation Set: 900052.57
2024-06-04 21:02 | INFO | Query 11 Active Learning Runtime on Test Set: 320062.54000000004
2024-06-04 21:02 | INFO | Query 11 Active Learning Instance Cost: 2770925.24
2024-06-04 21:03 | INFO | Query 12 Size of the uncertainty table is = 118394/169260
2024-06-04 21:03 | INFO | Query 12 Size of the filtered table is = 1693
2024-06-04 21:18 | INFO | Query 12 Active Learning Runtime on Validation Set: 1042140.45
2024-06-04 21:18 | INFO | Query 12 Active Learning Runtime on Test Set: 320089.66000000003
2024-06-04 21:18 | INFO | Query 12 Active Learning Instance Cost: 2942697.13
2024-06-04 21:18 | INFO | Timeout limit is increased to 600
2024-06-04 21:19 | INFO | Query 13 Size of the uncertainty table is = 115600/169260
2024-06-04 21:19 | INFO | Query 13 Size of the filtered table is = 1693
2024-06-04 21:34 | INFO | Query 13 Active Learning Runtime on Validation Set: 1078165.2
2024-06-04 21:34 | INFO | Query 13 Active Learning Runtime on Test Set: 320225.13
2024-06-04 21:34 | INFO | Query 13 Active Learning Instance Cost: 3294988.13
2024-06-04 21:34 | INFO | Timeout limit is increased to 700
2024-06-04 21:35 | INFO | Query 14 Size of the uncertainty table is = 113033/169260
2024-06-04 21:35 | INFO | Query 14 Size of the filtered table is = 1693
2024-06-04 21:50 | INFO | Query 14 Active Learning Runtime on Validation Set: 972131.82
2024-06-04 21:50 | INFO | Query 14 Active Learning Runtime on Test Set: 320063.37
2024-06-04 21:50 | INFO | Query 14 Active Learning Instance Cost: 3737133.69
2024-06-04 21:51 | INFO | Query 15 Size of the uncertainty table is = 111111/169260
2024-06-04 21:51 | INFO | Query 15 Size of the filtered table is = 1693
2024-06-04 22:06 | INFO | Query 15 Active Learning Runtime on Validation Set: 935616.5499999999
2024-06-04 22:06 | INFO | Query 15 Active Learning Runtime on Test Set: 249339.33000000002
2024-06-04 22:06 | INFO | Query 15 Active Learning Instance Cost: 3966782.14
2024-06-04 22:07 | INFO | Query 16 Size of the uncertainty table is = 109023/169260
2024-06-04 22:07 | INFO | Query 16 Size of the filtered table is = 1693
2024-06-04 22:21 | INFO | Query 16 Active Learning Runtime on Validation Set: 1007458.3999999999
2024-06-04 22:21 | INFO | Query 16 Active Learning Runtime on Test Set: 213953.75
2024-06-04 22:21 | INFO | Query 16 Active Learning Instance Cost: 4133569.88
2024-06-04 22:21 | INFO | Timeout limit is increased to 800
2024-06-04 22:22 | INFO | Query 17 Size of the uncertainty table is = 107664/169260
2024-06-04 22:22 | INFO | Query 17 Size of the filtered table is = 1693
2024-06-04 22:36 | INFO | Query 17 Active Learning Runtime on Validation Set: 1042515.13
2024-06-04 22:36 | INFO | Query 17 Active Learning Runtime on Test Set: 214117.37000000002
2024-06-04 22:36 | INFO | Query 17 Active Learning Instance Cost: 4478465.0
2024-06-04 22:36 | INFO | Timeout limit is increased to 900
2024-06-04 22:37 | INFO | Query 18 Size of the uncertainty table is = 106040/169260
2024-06-04 22:37 | INFO | Query 18 Size of the filtered table is = 1693
2024-06-04 22:49 | INFO | Query 18 Active Learning Runtime on Validation Set: 935871.58
2024-06-04 22:49 | INFO | Query 18 Active Learning Runtime on Test Set: 213966.34000000003
2024-06-04 22:49 | INFO | Query 18 Active Learning Instance Cost: 4909975.37
2024-06-04 22:50 | INFO | Query 19 Size of the uncertainty table is = 104425/169260
2024-06-04 22:50 | INFO | Query 19 Size of the filtered table is = 1693
2024-06-04 23:04 | INFO | Query 19 Active Learning Runtime on Validation Set: 971759.1599999999
2024-06-04 23:04 | INFO | Query 19 Active Learning Runtime on Test Set: 213966.58000000002
2024-06-04 23:04 | INFO | Query 19 Active Learning Instance Cost: 5132804.28
2024-06-04 23:04 | INFO | Timeout limit is increased to 1000
2024-06-04 23:05 | INFO | Query 20 Size of the uncertainty table is = 103256/169260
2024-06-04 23:05 | INFO | Query 20 Size of the filtered table is = 1693
2024-06-04 23:18 | INFO | Query 20 Active Learning Runtime on Validation Set: 1007073.6399999999
2024-06-04 23:18 | INFO | Query 20 Active Learning Runtime on Test Set: 214415.05000000002
2024-06-04 23:18 | INFO | Query 20 Active Learning Instance Cost: 5496755.88
2024-06-04 23:18 | INFO | Timeout limit is increased to 1100
2024-06-04 23:19 | INFO | Query 21 Size of the uncertainty table is = 102347/169260
2024-06-04 23:19 | INFO | Query 21 Size of the filtered table is = 1693
2024-06-04 23:33 | INFO | Query 21 Active Learning Runtime on Validation Set: 1042417.0
2024-06-04 23:33 | INFO | Query 21 Active Learning Runtime on Test Set: 285261.73
2024-06-04 23:33 | INFO | Query 21 Active Learning Instance Cost: 5910669.48
2024-06-04 23:33 | INFO | Timeout limit is increased to 1200
2024-06-04 23:34 | INFO | Query 22 Size of the uncertainty table is = 101059/169260
2024-06-04 23:34 | INFO | Query 22 Size of the filtered table is = 1693
2024-06-04 23:47 | INFO | Query 22 Active Learning Runtime on Validation Set: 1077133.44
2024-06-04 23:47 | INFO | Query 22 Active Learning Runtime on Test Set: 249236.84000000003
2024-06-04 23:47 | INFO | Query 22 Active Learning Instance Cost: 6376686.86
2024-06-04 23:47 | INFO | Timeout limit is increased to 1300
2024-06-04 23:48 | INFO | Query 23 Size of the uncertainty table is = 99980/169260
2024-06-04 23:48 | INFO | Query 23 Size of the filtered table is = 1693
2024-06-05 00:01 | INFO | Query 23 Active Learning Runtime on Validation Set: 1077533.93
2024-06-05 00:01 | INFO | Query 23 Active Learning Runtime on Test Set: 285225.67
2024-06-05 00:01 | INFO | Query 23 Active Learning Instance Cost: 6857119.92
2024-06-05 00:01 | INFO | Timeout limit is increased to 1400
2024-06-05 00:02 | INFO | Query 24 Size of the uncertainty table is = 98900/169260
2024-06-05 00:02 | INFO | Query 24 Size of the filtered table is = 1693
2024-06-05 00:16 | INFO | Query 24 Active Learning Runtime on Validation Set: 1007025.33
2024-06-05 00:16 | INFO | Query 24 Active Learning Runtime on Test Set: 249207.16
2024-06-05 00:16 | INFO | Query 24 Active Learning Instance Cost: 7301314.49
2024-06-05 00:17 | INFO | Query 25 Size of the uncertainty table is = 98309/169260
2024-06-05 00:17 | INFO | Query 25 Size of the filtered table is = 1693
2024-06-05 00:31 | INFO | Query 25 Active Learning Runtime on Validation Set: 1041914.2899999999
2024-06-05 00:31 | INFO | Query 25 Active Learning Runtime on Test Set: 213941.88
2024-06-05 00:31 | INFO | Query 25 Active Learning Instance Cost: 7526606.44
2024-06-05 00:31 | INFO | Timeout limit is increased to 1500
2024-06-05 00:32 | INFO | Query 26 Size of the uncertainty table is = 97757/169260
2024-06-05 00:32 | INFO | Query 26 Size of the filtered table is = 1693
2024-06-05 00:46 | INFO | Query 26 Active Learning Runtime on Validation Set: 1042308.35
2024-06-05 00:46 | INFO | Query 26 Active Learning Runtime on Test Set: 249207.37000000002
2024-06-05 00:46 | INFO | Query 26 Active Learning Instance Cost: 7902856.07
2024-06-05 00:46 | INFO | Timeout limit is increased to 1600
2024-06-05 00:46 | INFO | Query 27 Size of the uncertainty table is = 97309/169260
2024-06-05 00:46 | INFO | Query 27 Size of the filtered table is = 1693
2024-06-05 01:00 | INFO | Query 27 Active Learning Runtime on Validation Set: 1077491.66
2024-06-05 01:00 | INFO | Query 27 Active Learning Runtime on Test Set: 249205.98
2024-06-05 01:00 | INFO | Query 27 Active Learning Instance Cost: 8278386.23
2024-06-05 01:00 | INFO | Timeout limit is increased to 1700
2024-06-05 01:01 | INFO | Query 28 Size of the uncertainty table is = 96932/169260
2024-06-05 01:01 | INFO | Query 28 Size of the filtered table is = 1693
2024-06-05 01:15 | INFO | Query 28 Active Learning Runtime on Validation Set: 1076961.03
2024-06-05 01:15 | INFO | Query 28 Active Learning Runtime on Test Set: 249207.37000000002
2024-06-05 01:15 | INFO | Query 28 Active Learning Instance Cost: 8684751.43
2024-06-05 01:16 | INFO | Query 29 Size of the uncertainty table is = 96679/169260
2024-06-05 01:16 | INFO | Query 29 Size of the filtered table is = 1693
2024-06-05 01:30 | INFO | Query 29 Active Learning Runtime on Validation Set: 1041203.4299999999
2024-06-05 01:30 | INFO | Query 29 Active Learning Runtime on Test Set: 249207.37000000002
2024-06-05 01:30 | INFO | Query 29 Active Learning Instance Cost: 8838686.67
2024-06-05 01:30 | INFO | Query 30 Size of the uncertainty table is = 96494/169260
2024-06-05 01:30 | INFO | Query 30 Size of the filtered table is = 1693
2024-06-05 01:43 | INFO | Query 30 Active Learning Runtime on Validation Set: 1041901.72
2024-06-05 01:43 | INFO | Query 30 Active Learning Runtime on Test Set: 249207.37000000002
2024-06-05 01:43 | INFO | Query 30 Active Learning Instance Cost: 8955710.24
2024-06-05 01:43 | INFO | Timeout limit is increased to 1800
2024-06-05 01:44 | INFO | Query 31 Size of the uncertainty table is = 96191/169260
2024-06-05 01:44 | INFO | Query 31 Size of the filtered table is = 1693
2024-06-05 01:58 | INFO | Query 31 Active Learning Runtime on Validation Set: 1078290.56
2024-06-05 01:58 | INFO | Query 31 Active Learning Runtime on Test Set: 249207.37000000002
2024-06-05 01:58 | INFO | Query 31 Active Learning Instance Cost: 9269187.49
2024-06-05 01:58 | INFO | Timeout limit is increased to 1900
2024-06-05 01:59 | INFO | Query 32 Size of the uncertainty table is = 96042/169260
2024-06-05 01:59 | INFO | Query 32 Size of the filtered table is = 1693
2024-06-05 02:13 | INFO | Query 32 Active Learning Runtime on Validation Set: 1113679.45
2024-06-05 02:13 | INFO | Query 32 Active Learning Runtime on Test Set: 285201.18
2024-06-05 02:13 | INFO | Query 32 Active Learning Instance Cost: 9593585.81
2024-06-05 02:13 | INFO | Timeout limit is increased to 2000
2024-06-05 02:14 | INFO | Query 33 Size of the uncertainty table is = 95868/169260
2024-06-05 02:14 | INFO | Query 33 Size of the filtered table is = 1693
2024-06-05 02:28 | INFO | Query 33 Active Learning Runtime on Validation Set: 1113282.79
2024-06-05 02:28 | INFO | Query 33 Active Learning Runtime on Test Set: 249935.69
2024-06-05 02:28 | INFO | Query 33 Active Learning Instance Cost: 9932311.61
2024-06-05 02:29 | INFO | Query 34 Size of the uncertainty table is = 95844/169260
2024-06-05 02:29 | INFO | Query 34 Size of the filtered table is = 1693
2024-06-05 02:42 | INFO | Query 34 Active Learning Runtime on Validation Set: 1113282.79
2024-06-05 02:42 | INFO | Query 34 Active Learning Runtime on Test Set: 249935.69
2024-06-05 02:42 | INFO | Query 34 Active Learning Instance Cost: 10002331.73
2024-06-05 02:42 | INFO | Timeout limit is increased to 2100
2024-06-05 02:43 | INFO | Query 35 Size of the uncertainty table is = 95825/169260
2024-06-05 02:43 | INFO | Query 35 Size of the filtered table is = 1693
2024-06-05 02:55 | INFO | Query 35 Active Learning Runtime on Validation Set: 1113289.15
2024-06-05 02:55 | INFO | Query 35 Active Learning Runtime on Test Set: 249935.69
2024-06-05 02:55 | INFO | Query 35 Active Learning Instance Cost: 10271110.89
2024-06-05 02:55 | INFO | Timeout limit is increased to 2200
2024-06-05 02:56 | INFO | Query 36 Size of the uncertainty table is = 95796/169260
2024-06-05 02:56 | INFO | Query 36 Size of the filtered table is = 1693
2024-06-05 03:09 | INFO | Query 36 Active Learning Runtime on Validation Set: 1114480.3599999999
2024-06-05 03:09 | INFO | Query 36 Active Learning Runtime on Test Set: 249935.61000000002
2024-06-05 03:09 | INFO | Query 36 Active Learning Instance Cost: 10589396.26
2024-06-05 03:09 | INFO | Timeout limit is increased to 2300
2024-06-05 03:10 | INFO | Query 37 Size of the uncertainty table is = 95687/169260
2024-06-05 03:10 | INFO | Query 37 Size of the filtered table is = 1693
2024-06-05 03:22 | INFO | Query 37 Active Learning Runtime on Validation Set: 1114480.3499999999
2024-06-05 03:22 | INFO | Query 37 Active Learning Runtime on Test Set: 214292.76
2024-06-05 03:22 | INFO | Query 37 Active Learning Instance Cost: 10949808.47
2024-06-05 03:23 | INFO | Query 38 Size of the uncertainty table is = 95659/169260
2024-06-05 03:23 | INFO | Query 38 Size of the filtered table is = 1693
2024-06-05 03:36 | INFO | Query 38 Active Learning Runtime on Validation Set: 1114480.3499999999
2024-06-05 03:36 | INFO | Query 38 Active Learning Runtime on Test Set: 214292.76
2024-06-05 03:36 | INFO | Query 38 Active Learning Instance Cost: 11012408.47
2024-06-05 03:36 | INFO | Timeout limit is increased to 2400
2024-06-05 03:36 | INFO | Query 39 Size of the uncertainty table is = 95652/169260
2024-06-05 03:36 | INFO | Query 39 Size of the filtered table is = 1693
2024-06-05 03:49 | INFO | Query 39 Active Learning Runtime on Validation Set: 1114480.3499999999
2024-06-05 03:49 | INFO | Query 39 Active Learning Runtime on Test Set: 214292.76
2024-06-05 03:49 | INFO | Query 39 Active Learning Instance Cost: 11279677.5
2024-06-05 03:49 | INFO | Timeout limit is increased to 2500
2024-06-05 03:50 | INFO | Query 40 Size of the uncertainty table is = 95593/169260
2024-06-05 03:50 | INFO | Query 40 Size of the filtered table is = 1693
2024-06-05 04:03 | INFO | Query 40 Active Learning Runtime on Validation Set: 1115171.32
2024-06-05 04:03 | INFO | Query 40 Active Learning Runtime on Test Set: 214292.76
2024-06-05 04:03 | INFO | Query 40 Active Learning Instance Cost: 11557228.35
2024-06-05 04:03 | INFO | Timeout limit is increased to 2600
2024-06-05 04:04 | INFO | Query 41 Size of the uncertainty table is = 95565/169260
2024-06-05 04:04 | INFO | Query 41 Size of the filtered table is = 1693
2024-06-05 04:17 | INFO | Query 41 Active Learning Runtime on Validation Set: 1115171.32
2024-06-05 04:17 | INFO | Query 41 Active Learning Runtime on Test Set: 214292.76
2024-06-05 04:17 | INFO | Query 41 Active Learning Instance Cost: 11856128.35
2024-06-05 04:17 | INFO | Timeout limit is increased to 2700
2024-06-05 04:18 | INFO | Query 42 Size of the uncertainty table is = 95565/169260
2024-06-05 04:18 | INFO | Query 42 Size of the filtered table is = 1693
2024-06-05 04:32 | INFO | Query 42 Active Learning Runtime on Validation Set: 1115171.32
2024-06-05 04:32 | INFO | Query 42 Active Learning Runtime on Test Set: 214292.76
2024-06-05 04:32 | INFO | Query 42 Active Learning Instance Cost: 12080528.35
2024-06-05 04:32 | INFO | Timeout limit is increased to 2800
2024-06-05 04:33 | INFO | Query 43 Size of the uncertainty table is = 95565/169260
2024-06-05 04:33 | INFO | Query 43 Size of the filtered table is = 1693
2024-06-05 04:47 | INFO | Query 43 Active Learning Runtime on Validation Set: 1115171.32
2024-06-05 04:47 | INFO | Query 43 Active Learning Runtime on Test Set: 214292.76
2024-06-05 04:47 | INFO | Query 43 Active Learning Instance Cost: 12304928.35
2024-06-05 04:47 | INFO | Timeout limit is increased to 2900
2024-06-05 04:48 | INFO | Query 44 Size of the uncertainty table is = 95565/169260
2024-06-05 04:48 | INFO | Query 44 Size of the filtered table is = 1693
2024-06-05 05:01 | INFO | Query 44 Active Learning Runtime on Validation Set: 1115171.32
2024-06-05 05:01 | INFO | Query 44 Active Learning Runtime on Test Set: 214292.76
2024-06-05 05:01 | INFO | Query 44 Active Learning Instance Cost: 12529328.35
2024-06-05 05:01 | INFO | Timeout limit is increased to 3000
2024-06-05 05:02 | INFO | Query 45 Size of the uncertainty table is = 95565/169260
2024-06-05 05:02 | INFO | Query 45 Size of the filtered table is = 1693
2024-06-05 05:16 | INFO | Query 45 Active Learning Runtime on Validation Set: 1115171.32
2024-06-05 05:16 | INFO | Query 45 Active Learning Runtime on Test Set: 214292.76
2024-06-05 05:16 | INFO | Query 45 Active Learning Instance Cost: 12753728.35
2024-06-05 05:16 | INFO | Timeout limit is increased to 3100
2024-06-05 05:17 | INFO | Query 46 Size of the uncertainty table is = 95565/169260
2024-06-05 05:17 | INFO | Query 46 Size of the filtered table is = 1693
2024-06-05 05:31 | INFO | Query 46 Active Learning Runtime on Validation Set: 1115171.32
2024-06-05 05:31 | INFO | Query 46 Active Learning Runtime on Test Set: 214292.76
2024-06-05 05:31 | INFO | Query 46 Active Learning Instance Cost: 12978128.35
2024-06-05 05:31 | INFO | Timeout limit is increased to 3200
2024-06-05 05:32 | INFO | Query 47 Size of the uncertainty table is = 95565/169260
2024-06-05 05:32 | INFO | Query 47 Size of the filtered table is = 1693
2024-06-05 05:47 | INFO | Query 47 Active Learning Runtime on Validation Set: 1115171.32
2024-06-05 05:47 | INFO | Query 47 Active Learning Runtime on Test Set: 214292.76
2024-06-05 05:47 | INFO | Query 47 Active Learning Instance Cost: 13202528.35
2024-06-05 05:47 | INFO | Timeout limit is increased to 3300
2024-06-05 05:48 | INFO | Query 48 Size of the uncertainty table is = 95565/169260
2024-06-05 05:48 | INFO | Query 48 Size of the filtered table is = 1693
2024-06-05 06:02 | INFO | Query 48 Active Learning Runtime on Validation Set: 1115171.32
2024-06-05 06:02 | INFO | Query 48 Active Learning Runtime on Test Set: 214292.76
2024-06-05 06:02 | INFO | Query 48 Active Learning Instance Cost: 13426928.35
2024-06-05 06:02 | INFO | Timeout limit is increased to 3400
2024-06-05 06:03 | INFO | Query 49 Size of the uncertainty table is = 95565/169260
2024-06-05 06:03 | INFO | Query 49 Size of the filtered table is = 1693
2024-06-05 06:17 | INFO | Query 49 Active Learning Runtime on Validation Set: 1115171.32
2024-06-05 06:17 | INFO | Query 49 Active Learning Runtime on Test Set: 214292.76
2024-06-05 06:17 | INFO | Query 49 Active Learning Instance Cost: 13651328.35
2024-06-05 06:17 | INFO | Timeout limit is increased to 3500
2024-06-05 06:18 | INFO | Query 50 Size of the uncertainty table is = 95565/169260
2024-06-05 06:18 | INFO | Query 50 Size of the filtered table is = 1693
2024-06-05 06:33 | INFO | Query 50 Active Learning Runtime on Validation Set: 1115171.32
2024-06-05 06:33 | INFO | Query 50 Active Learning Runtime on Test Set: 214292.76
2024-06-05 06:33 | INFO | Query 50 Active Learning Instance Cost: 13875728.35
2024-06-05 06:33 | INFO | Timeout limit is increased to 3600
2024-06-05 06:33 | INFO | Query 51 Size of the uncertainty table is = 95565/169260
2024-06-05 06:33 | INFO | Query 51 Size of the filtered table is = 1693
2024-06-05 06:48 | INFO | Query 51 Active Learning Runtime on Validation Set: 1115171.32
2024-06-05 06:48 | INFO | Query 51 Active Learning Runtime on Test Set: 214292.76
2024-06-05 06:48 | INFO | Query 51 Active Learning Instance Cost: 14100128.35
2024-06-05 06:48 | INFO | Timeout limit is increased to 3600
2024-06-05 06:49 | INFO | Query 52 Size of the uncertainty table is = 23290/169260
2024-06-05 06:49 | INFO | Query 52 Size of the filtered table is = 1693
2024-06-05 07:04 | INFO | Query 52 Active Learning Runtime on Validation Set: 1078923.55
2024-06-05 07:04 | INFO | Query 52 Active Learning Runtime on Test Set: 249338.35
2024-06-05 07:04 | INFO | Query 52 Active Learning Instance Cost: 16028839.73
2024-06-05 07:05 | INFO | Query 53 Size of the uncertainty table is = 6296/169260
2024-06-05 07:05 | INFO | Query 53 Size of the filtered table is = 1693
2024-06-05 07:20 | INFO | Query 53 Active Learning Runtime on Validation Set: 1078445.6199999999
2024-06-05 07:20 | INFO | Query 53 Active Learning Runtime on Test Set: 249140.12000000002
2024-06-05 07:20 | INFO | Query 53 Active Learning Instance Cost: 17155598.14
2024-06-05 07:20 | INFO | Query 54 Size of the uncertainty table is = 120/169260
2024-06-05 07:20 | INFO | Query 54 Size of the filtered table is = 120
2024-06-05 07:35 | INFO | Query 54 Active Learning Runtime on Validation Set: 1078445.63
2024-06-05 07:35 | INFO | Query 54 Active Learning Runtime on Test Set: 249491.08000000002
2024-06-05 07:35 | INFO | Query 54 Active Learning Instance Cost: 17232788.39
2024-06-05 07:35 | INFO | Timeout limit is increased to 3600
2024-06-05 07:35 | INFO | runtime_test_score is written as json file
2024-06-05 07:35 | INFO | runtime_validation_score is written as json file
2024-06-05 07:35 | INFO | instance_cost is written as json file
2024-06-05 07:35 | INFO | Experiment is finished
