2024-06-04 17:51 | INFO | Paramaters are: {'dataset': 'SAT12-HAND', 'penalty': 10, 'weight': 'No_Weight', 'voting': 'Hard', 'pre_selection_size': 64, 'pre_selection_technique': 'No_pre_selection', 'feature_elimination_threshold': 20, 'imputer_strategy': 'median', 'feature_selection_technique': 'No_feature_selection', 'feature_scaling_technique': 'StandardScaler', 'initial_train_size': 20, 'query_size': 1, 'timeout_predictor_usage': 'No', 'timeout_limit': 3600, 'timeout_increase_rate': 100, 'RANDOM_STATE_SEED': 7, 'n_splits': 10, 'split_number': 4, 'max_timeout': 3600, 'param_grid': {'n_estimators': 100, 'criterion': 'gini', 'max_features': 'sqrt', 'max_depth': 2147483648, 'min_samples_split': 2, 'bootstrap': True}}
2024-06-04 17:51 | INFO | SAT12-HAND is current dataset
2024-06-04 17:51 | INFO | DATASETS/SAT12-HAND/algorithm_runs.arff is found
2024-06-04 17:51 | INFO | DATASETS/SAT12-HAND/algorithm_runs.arff is finished
2024-06-04 17:51 | INFO | DATASETS/SAT12-HAND/feature_values.arff is found
2024-06-04 17:51 | INFO | DATASETS/SAT12-HAND/feature_values.arff is finished
2024-06-04 17:51 | INFO | DATASETS/SAT12-HAND/feature_costs.arff is found
2024-06-04 17:51 | INFO | DATASETS/SAT12-HAND/feature_costs.arff is finished
2024-06-04 17:51 | INFO | Virtual best solver time in train = 77761.82
2024-06-04 17:51 | INFO | Single best solver list train = {'clasp1': 5585708.49, 'clasp2': 4905225.73, 'cryptominisat2011': 6225259.92, 'eagleup': 12996117.61, 'ebglucose': 6980621.48, 'ebminisat': 6482629.95, 'glucose2': 6259198.28, 'glueminisat': 6866066.18, 'gnoveltyp2': 11636603.82, 'lingeling': 6618688.08, 'lrglshr': 7840150.71, 'marchrw': 9349954.88, 'minisatpsm': 6840458.73, 'mphaseSAT': 4142882.59, 'mphaseSAT64': 4611513.64, 'mphaseSATm': 4145620.45, 'mxc09': 5840579.88, 'picosat': 6556466.02, 'precosat': 6116123.55, 'qutersat': 6437917.86, 'rcl': 7771218.4, 'restartsat': 6202526.21, 'sapperlot': 6884930.51, 'satime11': 9985243.33, 'sattime': 10196942.15, 'sattimep': 10055813.09, 'sol': 7297573.03, 'sparrow': 10132281.06, 'spear-hw': 8493799.58, 'spear-sw': 9532361.93, 'tnm': 10486014.12}
2024-06-04 17:51 | INFO | Single best solver time train = mphaseSAT (4142882.59)
2024-06-04 17:51 | INFO | Virtual best solver time in validation = 7113.27
2024-06-04 17:51 | INFO | Single best solver list validation = {'clasp1': 1665220.41, 'clasp2': 1593106.43, 'cryptominisat2011': 1806233.35, 'eagleup': 2701278.46, 'ebglucose': 1806812.68, 'ebminisat': 1554886.6, 'glucose2': 1628861.09, 'glueminisat': 1806544.74, 'gnoveltyp2': 1696338.74, 'lingeling': 1768947.16, 'lrglshr': 1700644.13, 'marchrw': 1877557.07, 'minisatpsm': 1732798.02, 'mphaseSAT': 1483233.83, 'mphaseSAT64': 1521053.56, 'mphaseSATm': 1555157.64, 'mxc09': 1736012.35, 'picosat': 1628598.98, 'precosat': 1555063.61, 'qutersat': 1807480.34, 'rcl': 1840407.72, 'restartsat': 1664952.89, 'sapperlot': 1697953.99, 'satime11': 1409110.05, 'sattime': 1337960.08, 'sattimep': 1338259.43, 'sol': 1337515.37, 'sparrow': 1406600.59, 'spear-hw': 1843310.84, 'spear-sw': 2450649.74, 'tnm': 1373878.42}
2024-06-04 17:51 | INFO | Single best solver time validation = sol (1337515.37)
2024-06-04 17:51 | INFO | Virtual best solver time in test = 7115.25
2024-06-04 17:51 | INFO | Single best solver list test = {'clasp1': 724972.83, 'clasp2': 653768.97, 'cryptominisat2011': 797570.01, 'eagleup': 1692000.52, 'ebglucose': 977703.41, 'ebminisat': 831480.11, 'glucose2': 940819.8, 'glueminisat': 726957.25, 'gnoveltyp2': 1369713.9, 'lingeling': 902774.12, 'lrglshr': 867987.55, 'marchrw': 1298760.27, 'minisatpsm': 975096.18, 'mphaseSAT': 615818.57, 'mphaseSAT64': 652592.26, 'mphaseSATm': 615734.33, 'mxc09': 725607.53, 'picosat': 976088.6, 'precosat': 795109.65, 'qutersat': 760698.42, 'rcl': 870957.9, 'restartsat': 831540.05, 'sapperlot': 799023.97, 'satime11': 1119346.24, 'sattime': 1118706.74, 'sattimep': 1188525.45, 'sol': 902839.1, 'sparrow': 1224825.32, 'spear-hw': 1118246.52, 'spear-sw': 1262951.85, 'tnm': 1262780.54}
2024-06-04 17:51 | INFO | Single best solver time test = mphaseSATm (615734.33)
2024-06-04 18:03 | INFO | Passive Learning Runtime on Validation Set: 1042318.02
2024-06-04 18:03 | INFO | Passive Learning Runtime on Test Set: 321261.49
2024-06-04 18:03 | INFO | Passive Learning Instance Cost: 24172491.26
2024-06-04 18:15 | INFO | Initial Active Learning Runtime on Validation Set: 1222105.51
2024-06-04 18:15 | INFO | Initial Active Learning Runtime on Test Set: 786574.69
2024-06-04 18:15 | INFO | Initial Active Learning Instance Cost: 1307342.83
2024-06-04 18:15 | INFO | Bin size = 1693
2024-06-04 18:16 | INFO | Query 1 Size of the uncertainty table is = 169260/169260
2024-06-04 18:16 | INFO | Query 1 Size of the filtered table is = 1693
2024-06-04 18:28 | INFO | Query 1 Active Learning Runtime on Validation Set: 904767.4800000001
2024-06-04 18:28 | INFO | Query 1 Active Learning Runtime on Test Set: 501475.63
2024-06-04 18:28 | INFO | Query 1 Active Learning Instance Cost: 6539876.53
2024-06-04 18:29 | INFO | Query 2 Size of the uncertainty table is = 156332/169260
2024-06-04 18:29 | INFO | Query 2 Size of the filtered table is = 1693
2024-06-04 18:41 | INFO | Query 2 Active Learning Runtime on Validation Set: 1008229.66
2024-06-04 18:41 | INFO | Query 2 Active Learning Runtime on Test Set: 356847.70999999996
2024-06-04 18:41 | INFO | Query 2 Active Learning Instance Cost: 11108785.21
2024-06-04 18:41 | INFO | Timeout limit is increased to 3600
2024-06-04 18:42 | INFO | Query 3 Size of the uncertainty table is = 133519/169260
2024-06-04 18:42 | INFO | Query 3 Size of the filtered table is = 1693
2024-06-04 18:54 | INFO | Query 3 Active Learning Runtime on Validation Set: 902028.88
2024-06-04 18:54 | INFO | Query 3 Active Learning Runtime on Test Set: 250173.65000000002
2024-06-04 18:54 | INFO | Query 3 Active Learning Instance Cost: 15264243.92
2024-06-04 18:55 | INFO | Query 4 Size of the uncertainty table is = 105911/169260
2024-06-04 18:55 | INFO | Query 4 Size of the filtered table is = 1693
2024-06-04 19:07 | INFO | Query 4 Active Learning Runtime on Validation Set: 1042913.74
2024-06-04 19:07 | INFO | Query 4 Active Learning Runtime on Test Set: 320670.55
2024-06-04 19:07 | INFO | Query 4 Active Learning Instance Cost: 18434583.32
2024-06-04 19:07 | INFO | Timeout limit is increased to 3600
2024-06-04 19:08 | INFO | Query 5 Size of the uncertainty table is = 77113/169260
2024-06-04 19:08 | INFO | Query 5 Size of the filtered table is = 1693
2024-06-04 19:21 | INFO | Query 5 Active Learning Runtime on Validation Set: 865601.4
2024-06-04 19:21 | INFO | Query 5 Active Learning Runtime on Test Set: 214538.75000000003
2024-06-04 19:21 | INFO | Query 5 Active Learning Instance Cost: 20610176.08
2024-06-04 19:21 | INFO | Query 6 Size of the uncertainty table is = 52465/169260
2024-06-04 19:21 | INFO | Query 6 Size of the filtered table is = 1693
2024-06-04 19:34 | INFO | Query 6 Active Learning Runtime on Validation Set: 900568.4
2024-06-04 19:34 | INFO | Query 6 Active Learning Runtime on Test Set: 179556.97000000003
2024-06-04 19:34 | INFO | Query 6 Active Learning Instance Cost: 22144769.05
2024-06-04 19:34 | INFO | Timeout limit is increased to 3600
2024-06-04 19:34 | INFO | Query 7 Size of the uncertainty table is = 30176/169260
2024-06-04 19:34 | INFO | Query 7 Size of the filtered table is = 1693
2024-06-04 19:47 | INFO | Query 7 Active Learning Runtime on Validation Set: 1041454.0
2024-06-04 19:47 | INFO | Query 7 Active Learning Runtime on Test Set: 285848.94
2024-06-04 19:47 | INFO | Query 7 Active Learning Instance Cost: 22829509.11
2024-06-04 19:47 | INFO | Timeout limit is increased to 3600
2024-06-04 19:47 | INFO | Query 8 Size of the uncertainty table is = 14792/169260
2024-06-04 19:47 | INFO | Query 8 Size of the filtered table is = 1693
2024-06-04 20:00 | INFO | Query 8 Active Learning Runtime on Validation Set: 971804.0900000001
2024-06-04 20:00 | INFO | Query 8 Active Learning Runtime on Test Set: 250280.34000000003
2024-06-04 20:00 | INFO | Query 8 Active Learning Instance Cost: 22944773.65
2024-06-04 20:00 | INFO | Query 9 Size of the uncertainty table is = 10920/169260
2024-06-04 20:00 | INFO | Query 9 Size of the filtered table is = 1693
2024-06-04 20:13 | INFO | Query 9 Active Learning Runtime on Validation Set: 971804.0900000001
2024-06-04 20:13 | INFO | Query 9 Active Learning Runtime on Test Set: 250280.34000000003
2024-06-04 20:13 | INFO | Query 9 Active Learning Instance Cost: 24172491.26
2024-06-04 20:13 | INFO | Timeout limit is increased to 3600
2024-06-04 20:13 | INFO | runtime_test_score is written as json file
2024-06-04 20:13 | INFO | runtime_validation_score is written as json file
2024-06-04 20:13 | INFO | instance_cost is written as json file
2024-06-04 20:13 | INFO | Experiment is finished
