2024-06-04 17:10 | INFO | Paramaters are: {'dataset': 'SAT12-INDU', 'penalty': 10, 'weight': 'No_Weight', 'voting': 'Hard', 'pre_selection_size': 64, 'pre_selection_technique': 'No_pre_selection', 'feature_elimination_threshold': 20, 'imputer_strategy': 'median', 'feature_selection_technique': 'No_feature_selection', 'feature_scaling_technique': 'StandardScaler', 'initial_train_size': 20, 'query_size': 1, 'timeout_predictor_usage': 'No', 'timeout_limit': 3600, 'timeout_increase_rate': 100, 'RANDOM_STATE_SEED': 12345, 'n_splits': 10, 'split_number': 6, 'max_timeout': 3600, 'param_grid': {'n_estimators': 100, 'criterion': 'gini', 'max_features': 'sqrt', 'max_depth': 2147483648, 'min_samples_split': 2, 'bootstrap': True}}
2024-06-04 17:10 | INFO | SAT12-INDU is current dataset
2024-06-04 17:10 | INFO | DATASETS/SAT12-INDU/algorithm_runs.arff is found
2024-06-04 17:10 | INFO | DATASETS/SAT12-INDU/algorithm_runs.arff is finished
2024-06-04 17:10 | INFO | DATASETS/SAT12-INDU/feature_values.arff is found
2024-06-04 17:10 | INFO | DATASETS/SAT12-INDU/feature_values.arff is finished
2024-06-04 17:10 | INFO | DATASETS/SAT12-INDU/feature_costs.arff is found
2024-06-04 17:10 | INFO | DATASETS/SAT12-INDU/feature_costs.arff is finished
2024-06-04 17:10 | INFO | Virtual best solver time in train = 137801.98
2024-06-04 17:10 | INFO | Single best solver list train = {'clasp1': 6325276.46, 'clasp2': 6640339.81, 'cryptominisat2011': 3306349.37, 'eagleup': 23652000.05, 'ebglucose': 5688489.56, 'ebminisat': 4728619.81, 'glucose2': 4615031.93, 'glueminisat': 4430548.54, 'gnoveltyp2': 23328900.15, 'lingeling': 3004733.87, 'lrglshr': 6369883.47, 'marchrw': 22149692.57, 'minisatpsm': 4647140.94, 'mphaseSAT': 4121189.69, 'mphaseSAT64': 3803882.06, 'mphaseSATm': 4091419.37, 'mxc09': 5591380.18, 'picosat': 7098649.2, 'precosat': 4300345.13, 'qutersat': 3082735.98, 'rcl': 6197567.74, 'restartsat': 4767407.5, 'sapperlot': 5881048.84, 'satime11': 21860601.3, 'sattime': 22040730.27, 'sattimep': 22080688.23, 'sol': 9609337.8, 'sparrow': 22576366.66, 'spear-hw': 10114972.29, 'spear-sw': 11004832.1, 'tnm': 22753492.11}
2024-06-04 17:10 | INFO | Single best solver time train = lingeling (3004733.87)
2024-06-04 17:10 | INFO | Virtual best solver time in validation = 27274.21
2024-06-04 17:10 | INFO | Single best solver list validation = {'clasp1': 1245044.74, 'clasp2': 1565694.47, 'cryptominisat2011': 383335.53, 'eagleup': 5940000.0, 'ebglucose': 987361.33, 'ebminisat': 561036.19, 'glucose2': 628350.45, 'glueminisat': 664807.37, 'gnoveltyp2': 5904166.89, 'lingeling': 305164.94, 'lrglshr': 846162.55, 'marchrw': 5725018.54, 'minisatpsm': 696000.17, 'mphaseSAT': 381014.11, 'mphaseSAT64': 593247.58, 'mphaseSATm': 419011.41, 'mxc09': 774242.8, 'picosat': 1277125.28, 'precosat': 593705.15, 'qutersat': 309955.13, 'rcl': 954993.89, 'restartsat': 526964.55, 'sapperlot': 707614.12, 'satime11': 5688618.62, 'sattime': 5688311.68, 'sattimep': 5688650.06, 'sol': 2152288.96, 'sparrow': 5868696.16, 'spear-hw': 2430697.18, 'spear-sw': 2143827.04, 'tnm': 5796297.73}
2024-06-04 17:10 | INFO | Single best solver time validation = lingeling (305164.94)
2024-06-04 17:10 | INFO | Virtual best solver time in test = 16934.98
2024-06-04 17:10 | INFO | Single best solver list test = {'clasp1': 732102.06, 'clasp2': 943394.71, 'cryptominisat2011': 482478.34, 'eagleup': 3276000.0, 'ebglucose': 622878.48, 'ebminisat': 657029.65, 'glucose2': 335914.13, 'glueminisat': 405998.18, 'gnoveltyp2': 3276000.0, 'lingeling': 368536.38, 'lrglshr': 622871.86, 'marchrw': 3061429.1, 'minisatpsm': 477628.36, 'mphaseSAT': 480695.4, 'mphaseSAT64': 476895.54, 'mphaseSATm': 481016.84, 'mxc09': 551168.69, 'picosat': 837693.8, 'precosat': 516229.66, 'qutersat': 482270.66, 'rcl': 656895.38, 'restartsat': 443445.78, 'sapperlot': 729532.6, 'satime11': 3026166.01, 'sattime': 3096712.97, 'sattimep': 3097376.09, 'sol': 1095757.83, 'sparrow': 3204449.12, 'spear-hw': 1233550.08, 'spear-sw': 1270058.19, 'tnm': 3240003.96}
2024-06-04 17:10 | INFO | Single best solver time test = glucose2 (335914.13)
2024-06-04 17:30 | INFO | Passive Learning Runtime on Validation Set: 118549.9
2024-06-04 17:30 | INFO | Passive Learning Runtime on Test Set: 117135.81
2024-06-04 17:30 | INFO | Passive Learning Instance Cost: 32778852.98
2024-06-04 17:48 | INFO | Initial Active Learning Runtime on Validation Set: 340812.17
2024-06-04 17:48 | INFO | Initial Active Learning Runtime on Test Set: 335190.41
2024-06-04 17:48 | INFO | Initial Active Learning Instance Cost: 959506.58
2024-06-04 17:48 | INFO | Bin size = 2972
2024-06-04 17:50 | INFO | Query 1 Size of the uncertainty table is = 297135/297135
2024-06-04 17:50 | INFO | Query 1 Size of the filtered table is = 2972
2024-06-04 18:09 | INFO | Query 1 Active Learning Runtime on Validation Set: 305350.76
2024-06-04 18:09 | INFO | Query 1 Active Learning Runtime on Test Set: 404988.63
2024-06-04 18:09 | INFO | Query 1 Active Learning Instance Cost: 7582376.19
2024-06-04 18:11 | INFO | Query 2 Size of the uncertainty table is = 276129/297135
2024-06-04 18:11 | INFO | Query 2 Size of the filtered table is = 2972
2024-06-04 18:31 | INFO | Query 2 Active Learning Runtime on Validation Set: 121016.82
2024-06-04 18:31 | INFO | Query 2 Active Learning Runtime on Test Set: 260279.18
2024-06-04 18:31 | INFO | Query 2 Active Learning Instance Cost: 11891739.88
2024-06-04 18:32 | INFO | Query 3 Size of the uncertainty table is = 238122/297135
2024-06-04 18:32 | INFO | Query 3 Size of the filtered table is = 2972
2024-06-04 18:52 | INFO | Query 3 Active Learning Runtime on Validation Set: 120261.42
2024-06-04 18:52 | INFO | Query 3 Active Learning Runtime on Test Set: 225082.37
2024-06-04 18:52 | INFO | Query 3 Active Learning Instance Cost: 16956850.14
2024-06-04 18:53 | INFO | Query 4 Size of the uncertainty table is = 187961/297135
2024-06-04 18:53 | INFO | Query 4 Size of the filtered table is = 2972
2024-06-04 19:13 | INFO | Query 4 Active Learning Runtime on Validation Set: 118361.14
2024-06-04 19:13 | INFO | Query 4 Active Learning Runtime on Test Set: 116266.76999999999
2024-06-04 19:13 | INFO | Query 4 Active Learning Instance Cost: 21105588.9
2024-06-04 19:14 | INFO | Query 5 Size of the uncertainty table is = 136933/297135
2024-06-04 19:14 | INFO | Query 5 Size of the filtered table is = 2972
2024-06-04 19:35 | INFO | Query 5 Active Learning Runtime on Validation Set: 118380.07
2024-06-04 19:35 | INFO | Query 5 Active Learning Runtime on Test Set: 152013.13
2024-06-04 19:35 | INFO | Query 5 Active Learning Instance Cost: 25660171.73
2024-06-04 19:35 | INFO | Timeout limit is increased to 3600
2024-06-04 19:35 | INFO | Query 6 Size of the uncertainty table is = 85494/297135
2024-06-04 19:35 | INFO | Query 6 Size of the filtered table is = 2972
2024-06-04 19:56 | INFO | Query 6 Active Learning Runtime on Validation Set: 117443.09
2024-06-04 19:56 | INFO | Query 6 Active Learning Runtime on Test Set: 115887.5
2024-06-04 19:56 | INFO | Query 6 Active Learning Instance Cost: 29090536.03
2024-06-04 19:57 | INFO | Query 7 Size of the uncertainty table is = 43780/297135
2024-06-04 19:57 | INFO | Query 7 Size of the filtered table is = 2972
2024-06-04 20:17 | INFO | Query 7 Active Learning Runtime on Validation Set: 118602.20999999999
2024-06-04 20:17 | INFO | Query 7 Active Learning Runtime on Test Set: 151802.05
2024-06-04 20:17 | INFO | Query 7 Active Learning Instance Cost: 30306730.42
2024-06-04 20:17 | INFO | Timeout limit is increased to 3600
2024-06-04 20:18 | INFO | Query 8 Size of the uncertainty table is = 22242/297135
2024-06-04 20:18 | INFO | Query 8 Size of the filtered table is = 2972
2024-06-04 20:39 | INFO | Query 8 Active Learning Runtime on Validation Set: 82597.81
2024-06-04 20:39 | INFO | Query 8 Active Learning Runtime on Test Set: 151496.11
2024-06-04 20:39 | INFO | Query 8 Active Learning Instance Cost: 32778852.98
2024-06-04 20:39 | INFO | runtime_test_score is written as json file
2024-06-04 20:39 | INFO | runtime_validation_score is written as json file
2024-06-04 20:39 | INFO | instance_cost is written as json file
2024-06-04 20:39 | INFO | Experiment is finished
