2024-06-04 17:10 | INFO | Paramaters are: {'dataset': 'SAT12-INDU', 'penalty': 10, 'weight': 'No_Weight', 'voting': 'Hard', 'pre_selection_size': 64, 'pre_selection_technique': 'No_pre_selection', 'feature_elimination_threshold': 20, 'imputer_strategy': 'median', 'feature_selection_technique': 'No_feature_selection', 'feature_scaling_technique': 'StandardScaler', 'initial_train_size': 20, 'query_size': 1, 'timeout_predictor_usage': 'No', 'timeout_limit': 100, 'timeout_increase_rate': 100, 'RANDOM_STATE_SEED': 12345, 'n_splits': 10, 'split_number': 9, 'max_timeout': 3600, 'param_grid': {'n_estimators': 100, 'criterion': 'gini', 'max_features': 'sqrt', 'max_depth': 2147483648, 'min_samples_split': 2, 'bootstrap': True}}
2024-06-04 17:10 | INFO | SAT12-INDU is current dataset
2024-06-04 17:10 | INFO | DATASETS/SAT12-INDU/algorithm_runs.arff is found
2024-06-04 17:10 | INFO | DATASETS/SAT12-INDU/algorithm_runs.arff is finished
2024-06-04 17:10 | INFO | DATASETS/SAT12-INDU/feature_values.arff is found
2024-06-04 17:10 | INFO | DATASETS/SAT12-INDU/feature_values.arff is finished
2024-06-04 17:10 | INFO | DATASETS/SAT12-INDU/feature_costs.arff is found
2024-06-04 17:10 | INFO | DATASETS/SAT12-INDU/feature_costs.arff is finished
2024-06-04 17:10 | INFO | Virtual best solver time in train = 136139.92
2024-06-04 17:10 | INFO | Single best solver list train = {'clasp1': 6252023.6, 'clasp2': 6603208.02, 'cryptominisat2011': 3415954.62, 'eagleup': 23652000.05, 'ebglucose': 5616954.61, 'ebminisat': 4869330.09, 'glucose2': 4363119.4, 'glueminisat': 4357857.19, 'gnoveltyp2': 23364884.01, 'lingeling': 3074943.06, 'lrglshr': 6047918.34, 'marchrw': 22186828.01, 'minisatpsm': 4646217.19, 'mphaseSAT': 4051099.14, 'mphaseSAT64': 3906377.0, 'mphaseSATm': 4161740.82, 'mxc09': 5447670.26, 'picosat': 7026567.52, 'precosat': 4300830.08, 'qutersat': 3297963.07, 'rcl': 6265552.87, 'restartsat': 4693525.26, 'sapperlot': 5951199.0, 'satime11': 22004950.52, 'sattime': 22184924.63, 'sattimep': 22224899.67, 'sol': 9537701.56, 'sparrow': 22720518.26, 'spear-hw': 10043749.52, 'spear-sw': 10933753.07, 'tnm': 22897270.94}
2024-06-04 17:10 | INFO | Single best solver time train = lingeling (3074943.06)
2024-06-04 17:10 | INFO | Virtual best solver time in validation = 28302.41
2024-06-04 17:10 | INFO | Single best solver list validation = {'clasp1': 1279674.21, 'clasp2': 1600226.57, 'cryptominisat2011': 419346.6, 'eagleup': 5940000.0, 'ebglucose': 915583.35, 'ebminisat': 631528.19, 'glucose2': 557038.27, 'glueminisat': 557442.6, 'gnoveltyp2': 5940000.0, 'lingeling': 339906.14, 'lrglshr': 738738.03, 'marchrw': 5653106.18, 'minisatpsm': 660936.8, 'mphaseSAT': 380268.78, 'mphaseSAT64': 592547.15, 'mphaseSATm': 418447.17, 'mxc09': 738102.96, 'picosat': 1203999.1, 'precosat': 593140.13, 'qutersat': 346958.29, 'rcl': 882752.08, 'restartsat': 526454.3, 'sapperlot': 670705.83, 'satime11': 5652459.19, 'sattime': 5688324.14, 'sattimep': 5653221.67, 'sol': 2009843.29, 'sparrow': 5832271.18, 'spear-hw': 2430395.17, 'spear-sw': 1965914.41, 'tnm': 5796162.81}
2024-06-04 17:10 | INFO | Single best solver time validation = lingeling (339906.14)
2024-06-04 17:10 | INFO | Virtual best solver time in test = 17568.84
2024-06-04 17:10 | INFO | Single best solver list test = {'clasp1': 770725.45, 'clasp2': 945994.4, 'cryptominisat2011': 336862.02, 'eagleup': 3276000.0, 'ebglucose': 766191.41, 'ebminisat': 445827.37, 'glucose2': 659138.84, 'glueminisat': 586054.3, 'gnoveltyp2': 3204183.03, 'lingeling': 263585.99, 'lrglshr': 1052261.51, 'marchrw': 3096206.02, 'minisatpsm': 513615.48, 'mphaseSAT': 551531.28, 'mphaseSAT64': 375101.03, 'mphaseSATm': 411259.63, 'mxc09': 731018.45, 'picosat': 982901.66, 'precosat': 516309.73, 'qutersat': 230040.41, 'rcl': 661152.06, 'restartsat': 517838.27, 'sapperlot': 696290.73, 'satime11': 2917976.22, 'sattime': 2952506.15, 'sattimep': 2988593.04, 'sol': 1309839.74, 'sparrow': 3096722.5, 'spear-hw': 1305074.86, 'spear-sw': 1519049.85, 'tnm': 3096360.05}
2024-06-04 17:10 | INFO | Single best solver time test = qutersat (230040.41)
2024-06-04 17:32 | INFO | Passive Learning Runtime on Validation Set: 78848.76
2024-06-04 17:32 | INFO | Passive Learning Runtime on Test Set: 183087.25
2024-06-04 17:32 | INFO | Passive Learning Instance Cost: 32789931.38
2024-06-04 17:52 | INFO | Initial Active Learning Runtime on Validation Set: 947850.08
2024-06-04 17:52 | INFO | Initial Active Learning Runtime on Test Set: 799483.1
2024-06-04 17:52 | INFO | Initial Active Learning Instance Cost: 38770.1
2024-06-04 17:52 | INFO | Bin size = 2972
2024-06-04 17:54 | INFO | Query 1 Size of the uncertainty table is = 300751/297135
2024-06-04 17:54 | INFO | Query 1 Size of the filtered table is = 2972
2024-06-04 18:16 | INFO | Query 1 Active Learning Runtime on Validation Set: 623042.14
2024-06-04 18:16 | INFO | Query 1 Active Learning Runtime on Test Set: 619258.46
2024-06-04 18:16 | INFO | Query 1 Active Learning Instance Cost: 345127.29
2024-06-04 18:18 | INFO | Query 2 Size of the uncertainty table is = 290224/297135
2024-06-04 18:18 | INFO | Query 2 Size of the filtered table is = 2972
2024-06-04 18:39 | INFO | Query 2 Active Learning Runtime on Validation Set: 476526.17000000004
2024-06-04 18:39 | INFO | Query 2 Active Learning Runtime on Test Set: 399459.03
2024-06-04 18:39 | INFO | Query 2 Active Learning Instance Cost: 566180.88
2024-06-04 18:42 | INFO | Query 3 Size of the uncertainty table is = 274006/297135
2024-06-04 18:42 | INFO | Query 3 Size of the filtered table is = 2972
2024-06-04 19:03 | INFO | Query 3 Active Learning Runtime on Validation Set: 298647.73
2024-06-04 19:03 | INFO | Query 3 Active Learning Runtime on Test Set: 292329.02
2024-06-04 19:03 | INFO | Query 3 Active Learning Instance Cost: 710334.7
2024-06-04 19:05 | INFO | Query 4 Size of the uncertainty table is = 258678/297135
2024-06-04 19:05 | INFO | Query 4 Size of the filtered table is = 2972
2024-06-04 19:26 | INFO | Query 4 Active Learning Runtime on Validation Set: 295827.67
2024-06-04 19:26 | INFO | Query 4 Active Learning Runtime on Test Set: 292030.9
2024-06-04 19:26 | INFO | Query 4 Active Learning Instance Cost: 802895.69
2024-06-04 19:28 | INFO | Query 5 Size of the uncertainty table is = 246313/297135
2024-06-04 19:28 | INFO | Query 5 Size of the filtered table is = 2972
2024-06-04 19:50 | INFO | Query 5 Active Learning Runtime on Validation Set: 331786.12
2024-06-04 19:50 | INFO | Query 5 Active Learning Runtime on Test Set: 292492.71
2024-06-04 19:50 | INFO | Query 5 Active Learning Instance Cost: 893332.58
2024-06-04 19:50 | INFO | Timeout limit is increased to 200
2024-06-04 19:52 | INFO | Query 6 Size of the uncertainty table is = 234807/297135
2024-06-04 19:52 | INFO | Query 6 Size of the filtered table is = 2972
2024-06-04 20:13 | INFO | Query 6 Active Learning Runtime on Validation Set: 222157.75
2024-06-04 20:13 | INFO | Query 6 Active Learning Runtime on Test Set: 183921.22
2024-06-04 20:13 | INFO | Query 6 Active Learning Instance Cost: 1319417.26
2024-06-04 20:15 | INFO | Query 7 Size of the uncertainty table is = 218750/297135
2024-06-04 20:15 | INFO | Query 7 Size of the filtered table is = 2972
2024-06-04 20:37 | INFO | Query 7 Active Learning Runtime on Validation Set: 187542.97
2024-06-04 20:37 | INFO | Query 7 Active Learning Runtime on Test Set: 255074.47999999998
2024-06-04 20:37 | INFO | Query 7 Active Learning Instance Cost: 1562607.75
2024-06-04 20:38 | INFO | Query 8 Size of the uncertainty table is = 206791/297135
2024-06-04 20:38 | INFO | Query 8 Size of the filtered table is = 2972
2024-06-04 21:00 | INFO | Query 8 Active Learning Runtime on Validation Set: 152221.47
2024-06-04 21:00 | INFO | Query 8 Active Learning Runtime on Test Set: 219702.72999999998
2024-06-04 21:00 | INFO | Query 8 Active Learning Instance Cost: 1699285.43
2024-06-04 21:02 | INFO | Query 9 Size of the uncertainty table is = 199668/297135
2024-06-04 21:02 | INFO | Query 9 Size of the filtered table is = 2972
2024-06-04 21:24 | INFO | Query 9 Active Learning Runtime on Validation Set: 152259.01
2024-06-04 21:24 | INFO | Query 9 Active Learning Runtime on Test Set: 219634.72999999998
2024-06-04 21:24 | INFO | Query 9 Active Learning Instance Cost: 1852588.46
2024-06-04 21:24 | INFO | Timeout limit is increased to 300
2024-06-04 21:25 | INFO | Query 10 Size of the uncertainty table is = 190788/297135
2024-06-04 21:25 | INFO | Query 10 Size of the filtered table is = 2972
2024-06-04 21:47 | INFO | Query 10 Active Learning Runtime on Validation Set: 150812.97
2024-06-04 21:47 | INFO | Query 10 Active Learning Runtime on Test Set: 183406.2
2024-06-04 21:47 | INFO | Query 10 Active Learning Instance Cost: 2332208.14
2024-06-04 21:48 | INFO | Query 11 Size of the uncertainty table is = 180542/297135
2024-06-04 21:48 | INFO | Query 11 Size of the filtered table is = 2972
2024-06-04 22:09 | INFO | Query 11 Active Learning Runtime on Validation Set: 150253.52000000002
2024-06-04 22:09 | INFO | Query 11 Active Learning Runtime on Test Set: 219781.36
2024-06-04 22:09 | INFO | Query 11 Active Learning Instance Cost: 2539588.16
2024-06-04 22:10 | INFO | Query 12 Size of the uncertainty table is = 175020/297135
2024-06-04 22:10 | INFO | Query 12 Size of the filtered table is = 2972
2024-06-04 22:32 | INFO | Query 12 Active Learning Runtime on Validation Set: 151844.14
2024-06-04 22:32 | INFO | Query 12 Active Learning Runtime on Test Set: 253735.77000000002
2024-06-04 22:32 | INFO | Query 12 Active Learning Instance Cost: 2648768.32
2024-06-04 22:32 | INFO | Timeout limit is increased to 400
2024-06-04 22:33 | INFO | Query 13 Size of the uncertainty table is = 171781/297135
2024-06-04 22:33 | INFO | Query 13 Size of the filtered table is = 2972
2024-06-04 22:54 | INFO | Query 13 Active Learning Runtime on Validation Set: 115313.72
2024-06-04 22:54 | INFO | Query 13 Active Learning Runtime on Test Set: 182898.75
2024-06-04 22:54 | INFO | Query 13 Active Learning Instance Cost: 3054197.12
2024-06-04 22:55 | INFO | Query 14 Size of the uncertainty table is = 166629/297135
2024-06-04 22:55 | INFO | Query 14 Size of the filtered table is = 2972
2024-06-04 23:17 | INFO | Query 14 Active Learning Runtime on Validation Set: 115752.04000000001
2024-06-04 23:17 | INFO | Query 14 Active Learning Runtime on Test Set: 182710.5
2024-06-04 23:17 | INFO | Query 14 Active Learning Instance Cost: 3200275.89
2024-06-04 23:17 | INFO | Timeout limit is increased to 500
2024-06-04 23:18 | INFO | Query 15 Size of the uncertainty table is = 164198/297135
2024-06-04 23:18 | INFO | Query 15 Size of the filtered table is = 2972
2024-06-04 23:39 | INFO | Query 15 Active Learning Runtime on Validation Set: 115446.59
2024-06-04 23:39 | INFO | Query 15 Active Learning Runtime on Test Set: 218147.0
2024-06-04 23:39 | INFO | Query 15 Active Learning Instance Cost: 3595137.28
2024-06-04 23:40 | INFO | Query 16 Size of the uncertainty table is = 160241/297135
2024-06-04 23:40 | INFO | Query 16 Size of the filtered table is = 2972
2024-06-05 00:02 | INFO | Query 16 Active Learning Runtime on Validation Set: 113882.21
2024-06-05 00:02 | INFO | Query 16 Active Learning Runtime on Test Set: 217712.81
2024-06-05 00:02 | INFO | Query 16 Active Learning Instance Cost: 3771501.75
2024-06-05 00:03 | INFO | Query 17 Size of the uncertainty table is = 157851/297135
2024-06-05 00:03 | INFO | Query 17 Size of the filtered table is = 2972
2024-06-05 00:24 | INFO | Query 17 Active Learning Runtime on Validation Set: 115309.0
2024-06-05 00:24 | INFO | Query 17 Active Learning Runtime on Test Set: 182973.61
2024-06-05 00:24 | INFO | Query 17 Active Learning Instance Cost: 3823914.14
2024-06-05 00:24 | INFO | Timeout limit is increased to 600
2024-06-05 00:25 | INFO | Query 18 Size of the uncertainty table is = 156514/297135
2024-06-05 00:25 | INFO | Query 18 Size of the filtered table is = 2972
2024-06-05 00:47 | INFO | Query 18 Active Learning Runtime on Validation Set: 113928.84
2024-06-05 00:47 | INFO | Query 18 Active Learning Runtime on Test Set: 219554.59000000003
2024-06-05 00:47 | INFO | Query 18 Active Learning Instance Cost: 4325100.31
2024-06-05 00:48 | INFO | Query 19 Size of the uncertainty table is = 151160/297135
2024-06-05 00:48 | INFO | Query 19 Size of the filtered table is = 2972
2024-06-05 01:09 | INFO | Query 19 Active Learning Runtime on Validation Set: 114438.23000000001
2024-06-05 01:09 | INFO | Query 19 Active Learning Runtime on Test Set: 183146.5
2024-06-05 01:09 | INFO | Query 19 Active Learning Instance Cost: 4445062.32
2024-06-05 01:09 | INFO | Timeout limit is increased to 700
2024-06-05 01:10 | INFO | Query 20 Size of the uncertainty table is = 149397/297135
2024-06-05 01:10 | INFO | Query 20 Size of the filtered table is = 2972
2024-06-05 01:32 | INFO | Query 20 Active Learning Runtime on Validation Set: 114712.89000000001
2024-06-05 01:32 | INFO | Query 20 Active Learning Runtime on Test Set: 148113.22
2024-06-05 01:32 | INFO | Query 20 Active Learning Instance Cost: 4997652.68
2024-06-05 01:32 | INFO | Timeout limit is increased to 800
2024-06-05 01:33 | INFO | Query 21 Size of the uncertainty table is = 145993/297135
2024-06-05 01:33 | INFO | Query 21 Size of the filtered table is = 2972
2024-06-05 01:54 | INFO | Query 21 Active Learning Runtime on Validation Set: 78695.05
2024-06-05 01:54 | INFO | Query 21 Active Learning Runtime on Test Set: 147892.81
2024-06-05 01:54 | INFO | Query 21 Active Learning Instance Cost: 5493538.22
2024-06-05 01:55 | INFO | Query 22 Size of the uncertainty table is = 142967/297135
2024-06-05 01:55 | INFO | Query 22 Size of the filtered table is = 2972
2024-06-05 02:17 | INFO | Query 22 Active Learning Runtime on Validation Set: 78525.49
2024-06-05 02:17 | INFO | Query 22 Active Learning Runtime on Test Set: 147937.87
2024-06-05 02:17 | INFO | Query 22 Active Learning Instance Cost: 5621192.78
2024-06-05 02:18 | INFO | Query 23 Size of the uncertainty table is = 140996/297135
2024-06-05 02:18 | INFO | Query 23 Size of the filtered table is = 2972
2024-06-05 02:39 | INFO | Query 23 Active Learning Runtime on Validation Set: 78348.77
2024-06-05 02:39 | INFO | Query 23 Active Learning Runtime on Test Set: 111575.36000000002
2024-06-05 02:39 | INFO | Query 23 Active Learning Instance Cost: 5785850.13
2024-06-05 02:40 | INFO | Query 24 Size of the uncertainty table is = 139528/297135
2024-06-05 02:40 | INFO | Query 24 Size of the filtered table is = 2972
2024-06-05 03:01 | INFO | Query 24 Active Learning Runtime on Validation Set: 78217.83
2024-06-05 03:01 | INFO | Query 24 Active Learning Runtime on Test Set: 112280.40000000001
2024-06-05 03:01 | INFO | Query 24 Active Learning Instance Cost: 5951855.26
2024-06-05 03:02 | INFO | Query 25 Size of the uncertainty table is = 138019/297135
2024-06-05 03:02 | INFO | Query 25 Size of the filtered table is = 2972
2024-06-05 03:24 | INFO | Query 25 Active Learning Runtime on Validation Set: 78704.40000000001
2024-06-05 03:24 | INFO | Query 25 Active Learning Runtime on Test Set: 112303.94
2024-06-05 03:24 | INFO | Query 25 Active Learning Instance Cost: 6034990.88
2024-06-05 03:24 | INFO | Timeout limit is increased to 900
2024-06-05 03:25 | INFO | Query 26 Size of the uncertainty table is = 136939/297135
2024-06-05 03:25 | INFO | Query 26 Size of the filtered table is = 2972
2024-06-05 03:46 | INFO | Query 26 Active Learning Runtime on Validation Set: 113564.75
2024-06-05 03:46 | INFO | Query 26 Active Learning Runtime on Test Set: 147571.56
2024-06-05 03:46 | INFO | Query 26 Active Learning Instance Cost: 6388957.44
2024-06-05 03:46 | INFO | Timeout limit is increased to 1000
2024-06-05 03:47 | INFO | Query 27 Size of the uncertainty table is = 135142/297135
2024-06-05 03:47 | INFO | Query 27 Size of the filtered table is = 2972
2024-06-05 04:09 | INFO | Query 27 Active Learning Runtime on Validation Set: 78981.74
2024-06-05 04:09 | INFO | Query 27 Active Learning Runtime on Test Set: 111654.95000000001
2024-06-05 04:09 | INFO | Query 27 Active Learning Instance Cost: 6783458.36
2024-06-05 04:10 | INFO | Query 28 Size of the uncertainty table is = 132819/297135
2024-06-05 04:10 | INFO | Query 28 Size of the filtered table is = 2972
2024-06-05 04:31 | INFO | Query 28 Active Learning Runtime on Validation Set: 78109.82
2024-06-05 04:31 | INFO | Query 28 Active Learning Runtime on Test Set: 111764.66
2024-06-05 04:31 | INFO | Query 28 Active Learning Instance Cost: 6866711.89
2024-06-05 04:32 | INFO | Query 29 Size of the uncertainty table is = 131809/297135
2024-06-05 04:32 | INFO | Query 29 Size of the filtered table is = 2972
2024-06-05 04:54 | INFO | Query 29 Active Learning Runtime on Validation Set: 78050.11
2024-06-05 04:54 | INFO | Query 29 Active Learning Runtime on Test Set: 147019.2
2024-06-05 04:54 | INFO | Query 29 Active Learning Instance Cost: 6907555.84
2024-06-05 04:55 | INFO | Query 30 Size of the uncertainty table is = 131334/297135
2024-06-05 04:55 | INFO | Query 30 Size of the filtered table is = 2972
2024-06-05 05:16 | INFO | Query 30 Active Learning Runtime on Validation Set: 78011.79000000001
2024-06-05 05:16 | INFO | Query 30 Active Learning Runtime on Test Set: 147017.97
2024-06-05 05:16 | INFO | Query 30 Active Learning Instance Cost: 6928280.12
2024-06-05 05:17 | INFO | Query 31 Size of the uncertainty table is = 131142/297135
2024-06-05 05:17 | INFO | Query 31 Size of the filtered table is = 2972
2024-06-05 05:38 | INFO | Query 31 Active Learning Runtime on Validation Set: 78004.02
2024-06-05 05:38 | INFO | Query 31 Active Learning Runtime on Test Set: 147044.7
2024-06-05 05:38 | INFO | Query 31 Active Learning Instance Cost: 6939168.99
2024-06-05 05:39 | INFO | Query 32 Size of the uncertainty table is = 130925/297135
2024-06-05 05:39 | INFO | Query 32 Size of the filtered table is = 2972
2024-06-05 06:00 | INFO | Query 32 Active Learning Runtime on Validation Set: 77962.19
2024-06-05 06:00 | INFO | Query 32 Active Learning Runtime on Test Set: 147100.32
2024-06-05 06:00 | INFO | Query 32 Active Learning Instance Cost: 6952640.41
2024-06-05 06:01 | INFO | Query 33 Size of the uncertainty table is = 130747/297135
2024-06-05 06:01 | INFO | Query 33 Size of the filtered table is = 2972
2024-06-05 06:22 | INFO | Query 33 Active Learning Runtime on Validation Set: 77946.23000000001
2024-06-05 06:22 | INFO | Query 33 Active Learning Runtime on Test Set: 147223.21000000002
2024-06-05 06:22 | INFO | Query 33 Active Learning Instance Cost: 6958481.75
2024-06-05 06:23 | INFO | Query 34 Size of the uncertainty table is = 130630/297135
2024-06-05 06:23 | INFO | Query 34 Size of the filtered table is = 2972
2024-06-05 06:44 | INFO | Query 34 Active Learning Runtime on Validation Set: 77946.23000000001
2024-06-05 06:44 | INFO | Query 34 Active Learning Runtime on Test Set: 147223.21000000002
2024-06-05 06:44 | INFO | Query 34 Active Learning Instance Cost: 6961381.75
2024-06-05 06:44 | INFO | Timeout limit is increased to 1100
2024-06-05 06:45 | INFO | Query 35 Size of the uncertainty table is = 130630/297135
2024-06-05 06:45 | INFO | Query 35 Size of the filtered table is = 2972
2024-06-05 07:07 | INFO | Query 35 Active Learning Runtime on Validation Set: 78716.8
2024-06-05 07:07 | INFO | Query 35 Active Learning Runtime on Test Set: 183744.31
2024-06-05 07:07 | INFO | Query 35 Active Learning Instance Cost: 7278607.65
2024-06-05 07:07 | INFO | Timeout limit is increased to 1200
2024-06-05 07:08 | INFO | Query 36 Size of the uncertainty table is = 129981/297135
2024-06-05 07:08 | INFO | Query 36 Size of the filtered table is = 2972
2024-06-05 07:29 | INFO | Query 36 Active Learning Runtime on Validation Set: 78850.59000000001
2024-06-05 07:29 | INFO | Query 36 Active Learning Runtime on Test Set: 111622.92000000001
2024-06-05 07:29 | INFO | Query 36 Active Learning Instance Cost: 7641222.76
2024-06-05 07:29 | INFO | Timeout limit is increased to 1300
2024-06-05 07:30 | INFO | Query 37 Size of the uncertainty table is = 128519/297135
2024-06-05 07:30 | INFO | Query 37 Size of the filtered table is = 2972
2024-06-05 07:52 | INFO | Query 37 Active Learning Runtime on Validation Set: 78786.31000000001
2024-06-05 07:52 | INFO | Query 37 Active Learning Runtime on Test Set: 111768.39000000001
2024-06-05 07:52 | INFO | Query 37 Active Learning Instance Cost: 8270279.11
2024-06-05 07:53 | INFO | Query 38 Size of the uncertainty table is = 126880/297135
2024-06-05 07:53 | INFO | Query 38 Size of the filtered table is = 2972
2024-06-05 08:14 | INFO | Query 38 Active Learning Runtime on Validation Set: 78770.96
2024-06-05 08:14 | INFO | Query 38 Active Learning Runtime on Test Set: 111603.3
2024-06-05 08:14 | INFO | Query 38 Active Learning Instance Cost: 8647055.42
2024-06-05 08:15 | INFO | Query 39 Size of the uncertainty table is = 125624/297135
2024-06-05 08:15 | INFO | Query 39 Size of the filtered table is = 2972
2024-06-05 08:37 | INFO | Query 39 Active Learning Runtime on Validation Set: 78763.89000000001
2024-06-05 08:37 | INFO | Query 39 Active Learning Runtime on Test Set: 111495.85
2024-06-05 08:37 | INFO | Query 39 Active Learning Instance Cost: 8676227.6
2024-06-05 08:38 | INFO | Query 40 Size of the uncertainty table is = 125531/297135
2024-06-05 08:38 | INFO | Query 40 Size of the filtered table is = 2972
2024-06-05 08:59 | INFO | Query 40 Active Learning Runtime on Validation Set: 78701.49
2024-06-05 08:59 | INFO | Query 40 Active Learning Runtime on Test Set: 111495.85
2024-06-05 08:59 | INFO | Query 40 Active Learning Instance Cost: 8684699.61
2024-06-05 09:00 | INFO | Query 41 Size of the uncertainty table is = 125465/297135
2024-06-05 09:00 | INFO | Query 41 Size of the filtered table is = 2972
2024-06-05 09:21 | INFO | Query 41 Active Learning Runtime on Validation Set: 78699.99
2024-06-05 09:21 | INFO | Query 41 Active Learning Runtime on Test Set: 111665.97
2024-06-05 09:21 | INFO | Query 41 Active Learning Instance Cost: 8686801.92
2024-06-05 09:22 | INFO | Query 42 Size of the uncertainty table is = 125442/297135
2024-06-05 09:22 | INFO | Query 42 Size of the filtered table is = 2972
2024-06-05 09:43 | INFO | Query 42 Active Learning Runtime on Validation Set: 78699.99
2024-06-05 09:43 | INFO | Query 42 Active Learning Runtime on Test Set: 111665.97
2024-06-05 09:43 | INFO | Query 42 Active Learning Instance Cost: 8688601.92
2024-06-05 09:43 | INFO | Timeout limit is increased to 1400
2024-06-05 09:44 | INFO | Query 43 Size of the uncertainty table is = 125442/297135
2024-06-05 09:44 | INFO | Query 43 Size of the filtered table is = 2972
2024-06-05 10:05 | INFO | Query 43 Active Learning Runtime on Validation Set: 78699.99
2024-06-05 10:05 | INFO | Query 43 Active Learning Runtime on Test Set: 111665.97
2024-06-05 10:05 | INFO | Query 43 Active Learning Instance Cost: 9025901.92
2024-06-05 10:05 | INFO | Timeout limit is increased to 1500
2024-06-05 10:06 | INFO | Query 44 Size of the uncertainty table is = 125442/297135
2024-06-05 10:06 | INFO | Query 44 Size of the filtered table is = 2972
2024-06-05 10:27 | INFO | Query 44 Active Learning Runtime on Validation Set: 78699.99
2024-06-05 10:27 | INFO | Query 44 Active Learning Runtime on Test Set: 111665.97
2024-06-05 10:27 | INFO | Query 44 Active Learning Instance Cost: 9363201.92
2024-06-05 10:27 | INFO | Timeout limit is increased to 1600
2024-06-05 10:28 | INFO | Query 45 Size of the uncertainty table is = 125442/297135
2024-06-05 10:28 | INFO | Query 45 Size of the filtered table is = 2972
2024-06-05 10:50 | INFO | Query 45 Active Learning Runtime on Validation Set: 78699.99
2024-06-05 10:50 | INFO | Query 45 Active Learning Runtime on Test Set: 111665.97
2024-06-05 10:50 | INFO | Query 45 Active Learning Instance Cost: 9700501.92
2024-06-05 10:50 | INFO | Timeout limit is increased to 1700
2024-06-05 10:51 | INFO | Query 46 Size of the uncertainty table is = 125442/297135
2024-06-05 10:51 | INFO | Query 46 Size of the filtered table is = 2972
2024-06-05 11:13 | INFO | Query 46 Active Learning Runtime on Validation Set: 78699.99
2024-06-05 11:13 | INFO | Query 46 Active Learning Runtime on Test Set: 111665.97
2024-06-05 11:13 | INFO | Query 46 Active Learning Instance Cost: 10037801.92
2024-06-05 11:13 | INFO | Timeout limit is increased to 1800
2024-06-05 11:14 | INFO | Query 47 Size of the uncertainty table is = 125442/297135
2024-06-05 11:14 | INFO | Query 47 Size of the filtered table is = 2972
2024-06-05 11:37 | INFO | Query 47 Active Learning Runtime on Validation Set: 78699.99
2024-06-05 11:37 | INFO | Query 47 Active Learning Runtime on Test Set: 111665.97
2024-06-05 11:37 | INFO | Query 47 Active Learning Instance Cost: 10375101.92
2024-06-05 11:37 | INFO | Timeout limit is increased to 1900
2024-06-05 11:38 | INFO | Query 48 Size of the uncertainty table is = 125442/297135
2024-06-05 11:38 | INFO | Query 48 Size of the filtered table is = 2972
2024-06-05 12:00 | INFO | Query 48 Active Learning Runtime on Validation Set: 78699.99
2024-06-05 12:00 | INFO | Query 48 Active Learning Runtime on Test Set: 111665.97
2024-06-05 12:00 | INFO | Query 48 Active Learning Instance Cost: 10712401.92
2024-06-05 12:00 | INFO | Timeout limit is increased to 2000
2024-06-05 12:01 | INFO | Query 49 Size of the uncertainty table is = 125442/297135
2024-06-05 12:01 | INFO | Query 49 Size of the filtered table is = 2972
2024-06-05 12:24 | INFO | Query 49 Active Learning Runtime on Validation Set: 78699.99
2024-06-05 12:24 | INFO | Query 49 Active Learning Runtime on Test Set: 111665.97
2024-06-05 12:24 | INFO | Query 49 Active Learning Instance Cost: 11049701.92
2024-06-05 12:24 | INFO | Timeout limit is increased to 2100
2024-06-05 12:25 | INFO | Query 50 Size of the uncertainty table is = 125442/297135
2024-06-05 12:25 | INFO | Query 50 Size of the filtered table is = 2972
2024-06-05 12:47 | INFO | Query 50 Active Learning Runtime on Validation Set: 78699.99
2024-06-05 12:47 | INFO | Query 50 Active Learning Runtime on Test Set: 111665.97
2024-06-05 12:47 | INFO | Query 50 Active Learning Instance Cost: 11387001.92
2024-06-05 12:47 | INFO | Timeout limit is increased to 2200
2024-06-05 12:48 | INFO | Query 51 Size of the uncertainty table is = 125442/297135
2024-06-05 12:48 | INFO | Query 51 Size of the filtered table is = 2972
2024-06-05 13:10 | INFO | Query 51 Active Learning Runtime on Validation Set: 78699.99
2024-06-05 13:10 | INFO | Query 51 Active Learning Runtime on Test Set: 111665.97
2024-06-05 13:10 | INFO | Query 51 Active Learning Instance Cost: 11724301.92
2024-06-05 13:10 | INFO | Timeout limit is increased to 2300
2024-06-05 13:11 | INFO | Query 52 Size of the uncertainty table is = 125442/297135
2024-06-05 13:11 | INFO | Query 52 Size of the filtered table is = 2972
2024-06-05 13:32 | INFO | Query 52 Active Learning Runtime on Validation Set: 78699.99
2024-06-05 13:32 | INFO | Query 52 Active Learning Runtime on Test Set: 111665.97
2024-06-05 13:32 | INFO | Query 52 Active Learning Instance Cost: 12061601.92
2024-06-05 13:32 | INFO | Timeout limit is increased to 2400
2024-06-05 13:33 | INFO | Query 53 Size of the uncertainty table is = 125442/297135
2024-06-05 13:33 | INFO | Query 53 Size of the filtered table is = 2972
2024-06-05 13:54 | INFO | Query 53 Active Learning Runtime on Validation Set: 78699.99
2024-06-05 13:54 | INFO | Query 53 Active Learning Runtime on Test Set: 111665.97
2024-06-05 13:54 | INFO | Query 53 Active Learning Instance Cost: 12398901.92
2024-06-05 13:54 | INFO | Timeout limit is increased to 2500
2024-06-05 13:55 | INFO | Query 54 Size of the uncertainty table is = 125442/297135
2024-06-05 13:55 | INFO | Query 54 Size of the filtered table is = 2972
2024-06-05 14:18 | INFO | Query 54 Active Learning Runtime on Validation Set: 78699.99
2024-06-05 14:18 | INFO | Query 54 Active Learning Runtime on Test Set: 111665.97
2024-06-05 14:18 | INFO | Query 54 Active Learning Instance Cost: 12736201.92
2024-06-05 14:18 | INFO | Timeout limit is increased to 2600
2024-06-05 14:19 | INFO | Query 55 Size of the uncertainty table is = 125442/297135
2024-06-05 14:19 | INFO | Query 55 Size of the filtered table is = 2972
2024-06-05 14:41 | INFO | Query 55 Active Learning Runtime on Validation Set: 78699.99
2024-06-05 14:41 | INFO | Query 55 Active Learning Runtime on Test Set: 111665.97
2024-06-05 14:41 | INFO | Query 55 Active Learning Instance Cost: 13073501.92
2024-06-05 14:41 | INFO | Timeout limit is increased to 2700
2024-06-05 14:42 | INFO | Query 56 Size of the uncertainty table is = 125442/297135
2024-06-05 14:42 | INFO | Query 56 Size of the filtered table is = 2972
2024-06-05 15:04 | INFO | Query 56 Active Learning Runtime on Validation Set: 78699.99
2024-06-05 15:04 | INFO | Query 56 Active Learning Runtime on Test Set: 111665.97
2024-06-05 15:04 | INFO | Query 56 Active Learning Instance Cost: 13410801.92
2024-06-05 15:04 | INFO | Timeout limit is increased to 2800
2024-06-05 15:05 | INFO | Query 57 Size of the uncertainty table is = 125442/297135
2024-06-05 15:05 | INFO | Query 57 Size of the filtered table is = 2972
2024-06-05 15:26 | INFO | Query 57 Active Learning Runtime on Validation Set: 78699.99
2024-06-05 15:26 | INFO | Query 57 Active Learning Runtime on Test Set: 111665.97
2024-06-05 15:26 | INFO | Query 57 Active Learning Instance Cost: 13748101.92
2024-06-05 15:26 | INFO | Timeout limit is increased to 2900
2024-06-05 15:27 | INFO | Query 58 Size of the uncertainty table is = 125442/297135
2024-06-05 15:27 | INFO | Query 58 Size of the filtered table is = 2972
2024-06-05 15:48 | INFO | Query 58 Active Learning Runtime on Validation Set: 78699.99
2024-06-05 15:48 | INFO | Query 58 Active Learning Runtime on Test Set: 111665.97
2024-06-05 15:48 | INFO | Query 58 Active Learning Instance Cost: 14085401.92
2024-06-05 15:48 | INFO | Timeout limit is increased to 3000
2024-06-05 15:49 | INFO | Query 59 Size of the uncertainty table is = 125442/297135
2024-06-05 15:49 | INFO | Query 59 Size of the filtered table is = 2972
2024-06-05 16:10 | INFO | Query 59 Active Learning Runtime on Validation Set: 78699.99
2024-06-05 16:10 | INFO | Query 59 Active Learning Runtime on Test Set: 111665.97
2024-06-05 16:10 | INFO | Query 59 Active Learning Instance Cost: 14422701.92
2024-06-05 16:10 | INFO | Timeout limit is increased to 3100
2024-06-05 16:11 | INFO | Query 60 Size of the uncertainty table is = 125442/297135
2024-06-05 16:11 | INFO | Query 60 Size of the filtered table is = 2972
2024-06-05 16:33 | INFO | Query 60 Active Learning Runtime on Validation Set: 78699.99
2024-06-05 16:33 | INFO | Query 60 Active Learning Runtime on Test Set: 111665.97
2024-06-05 16:33 | INFO | Query 60 Active Learning Instance Cost: 14760001.92
2024-06-05 16:33 | INFO | Timeout limit is increased to 3200
2024-06-05 16:34 | INFO | Query 61 Size of the uncertainty table is = 125442/297135
2024-06-05 16:34 | INFO | Query 61 Size of the filtered table is = 2972
2024-06-05 16:55 | INFO | Query 61 Active Learning Runtime on Validation Set: 78699.99
2024-06-05 16:55 | INFO | Query 61 Active Learning Runtime on Test Set: 111665.97
2024-06-05 16:55 | INFO | Query 61 Active Learning Instance Cost: 15097301.92
2024-06-05 16:55 | INFO | Timeout limit is increased to 3300
2024-06-05 16:56 | INFO | Query 62 Size of the uncertainty table is = 125442/297135
2024-06-05 16:56 | INFO | Query 62 Size of the filtered table is = 2972
2024-06-05 17:17 | INFO | Query 62 Active Learning Runtime on Validation Set: 78699.99
2024-06-05 17:17 | INFO | Query 62 Active Learning Runtime on Test Set: 111665.97
2024-06-05 17:17 | INFO | Query 62 Active Learning Instance Cost: 15434601.92
2024-06-05 17:17 | INFO | Timeout limit is increased to 3400
2024-06-05 17:18 | INFO | Query 63 Size of the uncertainty table is = 125442/297135
2024-06-05 17:18 | INFO | Query 63 Size of the filtered table is = 2972
2024-06-05 17:40 | INFO | Query 63 Active Learning Runtime on Validation Set: 78699.99
2024-06-05 17:40 | INFO | Query 63 Active Learning Runtime on Test Set: 111665.97
2024-06-05 17:40 | INFO | Query 63 Active Learning Instance Cost: 15771901.92
2024-06-05 17:40 | INFO | Timeout limit is increased to 3500
2024-06-05 17:41 | INFO | Query 64 Size of the uncertainty table is = 125442/297135
2024-06-05 17:41 | INFO | Query 64 Size of the filtered table is = 2972
2024-06-05 18:03 | INFO | Query 64 Active Learning Runtime on Validation Set: 78699.99
2024-06-05 18:03 | INFO | Query 64 Active Learning Runtime on Test Set: 111665.97
2024-06-05 18:03 | INFO | Query 64 Active Learning Instance Cost: 16109201.92
2024-06-05 18:03 | INFO | Timeout limit is increased to 3600
2024-06-05 18:04 | INFO | Query 65 Size of the uncertainty table is = 125442/297135
2024-06-05 18:04 | INFO | Query 65 Size of the filtered table is = 2972
2024-06-05 18:27 | INFO | Query 65 Active Learning Runtime on Validation Set: 78699.99
2024-06-05 18:27 | INFO | Query 65 Active Learning Runtime on Test Set: 111665.97
2024-06-05 18:27 | INFO | Query 65 Active Learning Instance Cost: 16446501.92
2024-06-05 18:27 | INFO | Timeout limit is increased to 3600
2024-06-05 18:27 | INFO | Query 66 Size of the uncertainty table is = 63792/297135
2024-06-05 18:27 | INFO | Query 66 Size of the filtered table is = 2972
2024-06-05 18:51 | INFO | Query 66 Active Learning Runtime on Validation Set: 77953.05
2024-06-05 18:51 | INFO | Query 66 Active Learning Runtime on Test Set: 183072.49
2024-06-05 18:51 | INFO | Query 66 Active Learning Instance Cost: 19575657.03
2024-06-05 18:51 | INFO | Query 67 Size of the uncertainty table is = 40467/297135
2024-06-05 18:51 | INFO | Query 67 Size of the filtered table is = 2972
2024-06-05 19:13 | INFO | Query 67 Active Learning Runtime on Validation Set: 78746.90000000001
2024-06-05 19:13 | INFO | Query 67 Active Learning Runtime on Test Set: 218335.5
2024-06-05 19:13 | INFO | Query 67 Active Learning Instance Cost: 24678499.94
2024-06-05 19:13 | INFO | Timeout limit is increased to 3600
2024-06-05 19:14 | INFO | Query 68 Size of the uncertainty table is = 23448/297135
2024-06-05 19:14 | INFO | Query 68 Size of the filtered table is = 2972
2024-06-05 19:36 | INFO | Query 68 Active Learning Runtime on Validation Set: 78818.20000000001
2024-06-05 19:36 | INFO | Query 68 Active Learning Runtime on Test Set: 182221.98
2024-06-05 19:36 | INFO | Query 68 Active Learning Instance Cost: 28722760.41
2024-06-05 19:36 | INFO | Timeout limit is increased to 3600
2024-06-05 19:36 | INFO | Query 69 Size of the uncertainty table is = 1770/297135
2024-06-05 19:36 | INFO | Query 69 Size of the filtered table is = 1770
2024-06-05 19:58 | INFO | Query 69 Active Learning Runtime on Validation Set: 78818.20000000001
2024-06-05 19:58 | INFO | Query 69 Active Learning Runtime on Test Set: 182221.98
2024-06-05 19:58 | INFO | Query 69 Active Learning Instance Cost: 29154055.15
2024-06-05 19:58 | INFO | Timeout limit is increased to 3600
2024-06-05 19:58 | INFO | runtime_test_score is written as json file
2024-06-05 19:58 | INFO | runtime_validation_score is written as json file
2024-06-05 19:58 | INFO | instance_cost is written as json file
2024-06-05 19:58 | INFO | Experiment is finished
