2024-06-04 20:22 | INFO | Paramaters are: {'dataset': 'SAT11-HAND', 'penalty': 10, 'weight': 'No_Weight', 'voting': 'Hard', 'pre_selection_size': 64, 'pre_selection_technique': 'No_pre_selection', 'feature_elimination_threshold': 20, 'imputer_strategy': 'median', 'feature_selection_technique': 'No_feature_selection', 'feature_scaling_technique': 'StandardScaler', 'initial_train_size': 20, 'query_size': 1, 'timeout_predictor_usage': 'Yes', 'timeout_limit': 100, 'timeout_increase_rate': 100, 'RANDOM_STATE_SEED': 99, 'n_splits': 10, 'split_number': 2, 'max_timeout': 3600, 'param_grid': {'n_estimators': 100, 'criterion': 'gini', 'max_features': 'sqrt', 'max_depth': 2147483648, 'min_samples_split': 2, 'bootstrap': True}}
2024-06-04 20:22 | INFO | SAT11-HAND is current dataset
2024-06-04 20:22 | INFO | DATASETS/SAT11-HAND/algorithm_runs.arff is found
2024-06-04 20:22 | INFO | DATASETS/SAT11-HAND/algorithm_runs.arff is finished
2024-06-04 20:22 | INFO | DATASETS/SAT11-HAND/feature_values.arff is found
2024-06-04 20:22 | INFO | DATASETS/SAT11-HAND/feature_values.arff is finished
2024-06-04 20:22 | INFO | DATASETS/SAT11-HAND/feature_costs.arff is found
2024-06-04 20:22 | INFO | DATASETS/SAT11-HAND/feature_costs.arff is finished
2024-06-04 20:22 | INFO | Virtual best solver time in train = 98759.9
2024-06-04 20:22 | INFO | Single best solver list train = {'CryptoMiniSat_Strange-Night2-st_fixed_': 3035956.37, 'MPhaseSAT_2011-02-15': 2630345.81, 'PicoSAT_941': 3037297.06, 'QuteRSat_2011-05-12_fixed_': 3077614.4, 'RestartSAT_B95': 3255782.6, 'SAT07referencesolverminisat_SAT2007': 2897111.31, 'SAT09referencesolverclasp_1.2.0-SAT09-32': 1949042.71, 'SApperloT2010_2011-05-15_fixed_': 3395016.78, 'Sol_2011-04-04': 2870028.75, 'clasp_2.0-R4092-crafted': 2025570.86, 'glucose_2': 2811663.84, 'jMiniSat_2011': 3745409.13, 'sathys_2011-04-01': 3587346.27, 'sattime+_2011-03-02': 3178795.52, 'sattime_2011-03-02': 3109388.44}
2024-06-04 20:22 | INFO | Single best solver time train = SAT09referencesolverclasp_1.2.0-SAT09-32 (1949042.71)
2024-06-04 20:22 | INFO | Virtual best solver time in validation = 3160.04
2024-06-04 20:22 | INFO | Single best solver list validation = {'CryptoMiniSat_Strange-Night2-st_fixed_': 543118.97, 'MPhaseSAT_2011-02-15': 364140.96, 'PicoSAT_941': 332058.23, 'QuteRSat_2011-05-12_fixed_': 508209.21, 'RestartSAT_B95': 366955.67, 'SAT07referencesolverminisat_SAT2007': 473664.8, 'SAT09referencesolverclasp_1.2.0-SAT09-32': 585059.92, 'SApperloT2010_2011-05-15_fixed_': 329366.54, 'Sol_2011-04-04': 586552.55, 'clasp_2.0-R4092-crafted': 514157.19, 'glucose_2': 476986.64, 'jMiniSat_2011': 332973.89, 'sathys_2011-04-01': 433375.22, 'sattime+_2011-03-02': 540422.49, 'sattime_2011-03-02': 541361.58}
2024-06-04 20:22 | INFO | Single best solver time validation = SApperloT2010_2011-05-15_fixed_ (329366.54)
2024-06-04 20:22 | INFO | Virtual best solver time in test = 13357.02
2024-06-04 20:22 | INFO | Single best solver list test = {'CryptoMiniSat_Strange-Night2-st_fixed_': 436846.39, 'MPhaseSAT_2011-02-15': 258500.24, 'PicoSAT_941': 297062.54, 'QuteRSat_2011-05-12_fixed_': 436260.1, 'RestartSAT_B95': 332956.39, 'SAT07referencesolverminisat_SAT2007': 266767.3, 'SAT09referencesolverclasp_1.2.0-SAT09-32': 196320.94, 'SApperloT2010_2011-05-15_fixed_': 329311.38, 'Sol_2011-04-04': 328300.21, 'clasp_2.0-R4092-crafted': 194403.51, 'glucose_2': 269376.95, 'jMiniSat_2011': 367170.21, 'sathys_2011-04-01': 470268.9, 'sattime+_2011-03-02': 437337.99, 'sattime_2011-03-02': 404143.06}
2024-06-04 20:22 | INFO | Single best solver time test = clasp_2.0-R4092-crafted (194403.51)
2024-06-04 20:23 | INFO | Passive Learning Runtime on Validation Set: 444592.22
2024-06-04 20:23 | INFO | Passive Learning Runtime on Test Set: 58847.98
2024-06-04 20:23 | INFO | Passive Learning Instance Cost: 5272769.85
2024-06-04 20:24 | INFO | Initial Active Learning Runtime on Validation Set: 481654.51
2024-06-04 20:24 | INFO | Initial Active Learning Runtime on Test Set: 132589.72
2024-06-04 20:24 | INFO | Initial Active Learning Instance Cost: 22982.52
2024-06-04 20:24 | INFO | Bin size = 144
2024-06-04 20:24 | INFO | Query 1 Size of the uncertainty table is = 15720/14385
2024-06-04 20:24 | INFO | Query 1 Size of the filtered table is = 144
2024-06-04 20:25 | INFO | Query 1 Active Learning Runtime on Validation Set: 623504.2999999999
2024-06-04 20:25 | INFO | Query 1 Active Learning Runtime on Test Set: 167291.95
2024-06-04 20:25 | INFO | Query 1 Active Learning Instance Cost: 39263.53
2024-06-04 20:25 | INFO | Timeout limit is increased to 200
2024-06-04 20:26 | INFO | Query 2 Size of the uncertainty table is = 15517/14385
2024-06-04 20:26 | INFO | Query 2 Size of the filtered table is = 144
2024-06-04 20:27 | INFO | Query 2 Active Learning Runtime on Validation Set: 372731.68999999994
2024-06-04 20:27 | INFO | Query 2 Active Learning Runtime on Test Set: 127893.8
2024-06-04 20:27 | INFO | Query 2 Active Learning Instance Cost: 59517.54
2024-06-04 20:27 | INFO | Query 3 Size of the uncertainty table is = 15057/14385
2024-06-04 20:27 | INFO | Query 3 Size of the filtered table is = 144
2024-06-04 20:28 | INFO | Query 3 Active Learning Runtime on Validation Set: 306590.82999999996
2024-06-04 20:28 | INFO | Query 3 Active Learning Runtime on Test Set: 129051.38
2024-06-04 20:28 | INFO | Query 3 Active Learning Instance Cost: 97900.08
2024-06-04 20:28 | INFO | Query 4 Size of the uncertainty table is = 14827/14385
2024-06-04 20:28 | INFO | Query 4 Size of the filtered table is = 144
2024-06-04 20:29 | INFO | Query 4 Active Learning Runtime on Validation Set: 121357.57
2024-06-04 20:29 | INFO | Query 4 Active Learning Runtime on Test Set: 196611.13
2024-06-04 20:29 | INFO | Query 4 Active Learning Instance Cost: 125410.2
2024-06-04 20:29 | INFO | Query 5 Size of the uncertainty table is = 14375/14385
2024-06-04 20:29 | INFO | Query 5 Size of the filtered table is = 144
2024-06-04 20:30 | INFO | Query 5 Active Learning Runtime on Validation Set: 120430.92
2024-06-04 20:30 | INFO | Query 5 Active Learning Runtime on Test Set: 92541.59
2024-06-04 20:30 | INFO | Query 5 Active Learning Instance Cost: 145060.78
2024-06-04 20:30 | INFO | Query 6 Size of the uncertainty table is = 13823/14385
2024-06-04 20:30 | INFO | Query 6 Size of the filtered table is = 144
2024-06-04 20:32 | INFO | Query 6 Active Learning Runtime on Validation Set: 231355.58
2024-06-04 20:32 | INFO | Query 6 Active Learning Runtime on Test Set: 129428.4
2024-06-04 20:32 | INFO | Query 6 Active Learning Instance Cost: 162596.3
2024-06-04 20:32 | INFO | Timeout limit is increased to 300
2024-06-04 20:32 | INFO | Query 7 Size of the uncertainty table is = 13276/14385
2024-06-04 20:32 | INFO | Query 7 Size of the filtered table is = 144
2024-06-04 20:33 | INFO | Query 7 Active Learning Runtime on Validation Set: 267682.95999999996
2024-06-04 20:33 | INFO | Query 7 Active Learning Runtime on Test Set: 93845.11
2024-06-04 20:33 | INFO | Query 7 Active Learning Instance Cost: 187526.56
2024-06-04 20:33 | INFO | Timeout limit is increased to 400
2024-06-04 20:33 | INFO | Query 8 Size of the uncertainty table is = 12689/14385
2024-06-04 20:33 | INFO | Query 8 Size of the filtered table is = 144
2024-06-04 20:34 | INFO | Query 8 Active Learning Runtime on Validation Set: 266708.55
2024-06-04 20:34 | INFO | Query 8 Active Learning Runtime on Test Set: 95039.56
2024-06-04 20:34 | INFO | Query 8 Active Learning Instance Cost: 256309.93
2024-06-04 20:34 | INFO | Query 9 Size of the uncertainty table is = 12577/14385
2024-06-04 20:34 | INFO | Query 9 Size of the filtered table is = 144
2024-06-04 20:36 | INFO | Query 9 Active Learning Runtime on Validation Set: 554628.64
2024-06-04 20:36 | INFO | Query 9 Active Learning Runtime on Test Set: 93785.53
2024-06-04 20:36 | INFO | Query 9 Active Learning Instance Cost: 308001.83
2024-06-04 20:36 | INFO | Timeout limit is increased to 500
2024-06-04 20:36 | INFO | Query 10 Size of the uncertainty table is = 12404/14385
2024-06-04 20:36 | INFO | Query 10 Size of the filtered table is = 144
2024-06-04 20:37 | INFO | Query 10 Active Learning Runtime on Validation Set: 304818.30000000005
2024-06-04 20:37 | INFO | Query 10 Active Learning Runtime on Test Set: 92373.34
2024-06-04 20:37 | INFO | Query 10 Active Learning Instance Cost: 368838.69
2024-06-04 20:37 | INFO | Query 11 Size of the uncertainty table is = 12102/14385
2024-06-04 20:37 | INFO | Query 11 Size of the filtered table is = 144
2024-06-04 20:38 | INFO | Query 11 Active Learning Runtime on Validation Set: 266757.35
2024-06-04 20:38 | INFO | Query 11 Active Learning Runtime on Test Set: 93471.09
2024-06-04 20:38 | INFO | Query 11 Active Learning Instance Cost: 434873.16
2024-06-04 20:38 | INFO | Query 12 Size of the uncertainty table is = 12048/14385
2024-06-04 20:38 | INFO | Query 12 Size of the filtered table is = 144
2024-06-04 20:40 | INFO | Query 12 Active Learning Runtime on Validation Set: 414516.26
2024-06-04 20:40 | INFO | Query 12 Active Learning Runtime on Test Set: 92373.34
2024-06-04 20:40 | INFO | Query 12 Active Learning Instance Cost: 478251.08
2024-06-04 20:40 | INFO | Timeout limit is increased to 600
2024-06-04 20:40 | INFO | Query 13 Size of the uncertainty table is = 11921/14385
2024-06-04 20:40 | INFO | Query 13 Size of the filtered table is = 144
2024-06-04 20:41 | INFO | Query 13 Active Learning Runtime on Validation Set: 410214.89
2024-06-04 20:41 | INFO | Query 13 Active Learning Runtime on Test Set: 58711.73
2024-06-04 20:41 | INFO | Query 13 Active Learning Instance Cost: 536267.8
2024-06-04 20:41 | INFO | Query 14 Size of the uncertainty table is = 11670/14385
2024-06-04 20:41 | INFO | Query 14 Size of the filtered table is = 144
2024-06-04 20:42 | INFO | Query 14 Active Learning Runtime on Validation Set: 409918.19999999995
2024-06-04 20:42 | INFO | Query 14 Active Learning Runtime on Test Set: 92559.29000000001
2024-06-04 20:42 | INFO | Query 14 Active Learning Instance Cost: 592678.48
2024-06-04 20:42 | INFO | Query 15 Size of the uncertainty table is = 11605/14385
2024-06-04 20:42 | INFO | Query 15 Size of the filtered table is = 144
2024-06-04 20:43 | INFO | Query 15 Active Learning Runtime on Validation Set: 374019.06999999995
2024-06-04 20:43 | INFO | Query 15 Active Learning Runtime on Test Set: 127299.23
2024-06-04 20:43 | INFO | Query 15 Active Learning Instance Cost: 632870.0
2024-06-04 20:44 | INFO | Query 16 Size of the uncertainty table is = 11520/14385
2024-06-04 20:44 | INFO | Query 16 Size of the filtered table is = 144
2024-06-04 20:45 | INFO | Query 16 Active Learning Runtime on Validation Set: 374019.1
2024-06-04 20:45 | INFO | Query 16 Active Learning Runtime on Test Set: 92373.34
2024-06-04 20:45 | INFO | Query 16 Active Learning Instance Cost: 658714.77
2024-06-04 20:45 | INFO | Timeout limit is increased to 700
2024-06-04 20:45 | INFO | Query 17 Size of the uncertainty table is = 11453/14385
2024-06-04 20:45 | INFO | Query 17 Size of the filtered table is = 144
2024-06-04 20:46 | INFO | Query 17 Active Learning Runtime on Validation Set: 302491.56000000006
2024-06-04 20:46 | INFO | Query 17 Active Learning Runtime on Test Set: 92373.34
2024-06-04 20:46 | INFO | Query 17 Active Learning Instance Cost: 704418.48
2024-06-04 20:46 | INFO | Query 18 Size of the uncertainty table is = 11136/14385
2024-06-04 20:46 | INFO | Query 18 Size of the filtered table is = 144
2024-06-04 20:47 | INFO | Query 18 Active Learning Runtime on Validation Set: 410327.39
2024-06-04 20:47 | INFO | Query 18 Active Learning Runtime on Test Set: 92373.34
2024-06-04 20:47 | INFO | Query 18 Active Learning Instance Cost: 765565.72
2024-06-04 20:47 | INFO | Timeout limit is increased to 800
2024-06-04 20:47 | INFO | Query 19 Size of the uncertainty table is = 11080/14385
2024-06-04 20:47 | INFO | Query 19 Size of the filtered table is = 144
2024-06-04 20:49 | INFO | Query 19 Active Learning Runtime on Validation Set: 445284.58999999997
2024-06-04 20:49 | INFO | Query 19 Active Learning Runtime on Test Set: 58711.73
2024-06-04 20:49 | INFO | Query 19 Active Learning Instance Cost: 817914.38
2024-06-04 20:49 | INFO | Timeout limit is increased to 900
2024-06-04 20:49 | INFO | Query 20 Size of the uncertainty table is = 10994/14385
2024-06-04 20:49 | INFO | Query 20 Size of the filtered table is = 144
2024-06-04 20:50 | INFO | Query 20 Active Learning Runtime on Validation Set: 373184.86
2024-06-04 20:50 | INFO | Query 20 Active Learning Runtime on Test Set: 94489.86
2024-06-04 20:50 | INFO | Query 20 Active Learning Instance Cost: 902906.27
2024-06-04 20:50 | INFO | Query 21 Size of the uncertainty table is = 10959/14385
2024-06-04 20:50 | INFO | Query 21 Size of the filtered table is = 144
2024-06-04 20:51 | INFO | Query 21 Active Learning Runtime on Validation Set: 482827.38
2024-06-04 20:51 | INFO | Query 21 Active Learning Runtime on Test Set: 126947.41
2024-06-04 20:51 | INFO | Query 21 Active Learning Instance Cost: 951991.38
2024-06-04 20:51 | INFO | Timeout limit is increased to 1000
2024-06-04 20:52 | INFO | Query 22 Size of the uncertainty table is = 10895/14385
2024-06-04 20:52 | INFO | Query 22 Size of the filtered table is = 144
2024-06-04 20:53 | INFO | Query 22 Active Learning Runtime on Validation Set: 302543.78
2024-06-04 20:53 | INFO | Query 22 Active Learning Runtime on Test Set: 58724.380000000005
2024-06-04 20:53 | INFO | Query 22 Active Learning Instance Cost: 1015259.82
2024-06-04 20:53 | INFO | Query 23 Size of the uncertainty table is = 10847/14385
2024-06-04 20:53 | INFO | Query 23 Size of the filtered table is = 144
2024-06-04 20:54 | INFO | Query 23 Active Learning Runtime on Validation Set: 302343.51
2024-06-04 20:54 | INFO | Query 23 Active Learning Runtime on Test Set: 92385.99
2024-06-04 20:54 | INFO | Query 23 Active Learning Instance Cost: 1059804.17
2024-06-04 20:54 | INFO | Query 24 Size of the uncertainty table is = 10832/14385
2024-06-04 20:54 | INFO | Query 24 Size of the filtered table is = 144
2024-06-04 20:55 | INFO | Query 24 Active Learning Runtime on Validation Set: 445444.78
2024-06-04 20:55 | INFO | Query 24 Active Learning Runtime on Test Set: 93298.45
2024-06-04 20:55 | INFO | Query 24 Active Learning Instance Cost: 1101431.2
2024-06-04 20:55 | INFO | Timeout limit is increased to 1100
2024-06-04 20:55 | INFO | Query 25 Size of the uncertainty table is = 10739/14385
2024-06-04 20:55 | INFO | Query 25 Size of the filtered table is = 144
2024-06-04 20:57 | INFO | Query 25 Active Learning Runtime on Validation Set: 374001.81000000006
2024-06-04 20:57 | INFO | Query 25 Active Learning Runtime on Test Set: 92373.34
2024-06-04 20:57 | INFO | Query 25 Active Learning Instance Cost: 1176280.57
2024-06-04 20:57 | INFO | Query 26 Size of the uncertainty table is = 10612/14385
2024-06-04 20:57 | INFO | Query 26 Size of the filtered table is = 144
2024-06-04 20:58 | INFO | Query 26 Active Learning Runtime on Validation Set: 373211.55000000005
2024-06-04 20:58 | INFO | Query 26 Active Learning Runtime on Test Set: 94502.51
2024-06-04 20:58 | INFO | Query 26 Active Learning Instance Cost: 1256881.39
2024-06-04 20:58 | INFO | Query 27 Size of the uncertainty table is = 10566/14385
2024-06-04 20:58 | INFO | Query 27 Size of the filtered table is = 144
2024-06-04 20:59 | INFO | Query 27 Active Learning Runtime on Validation Set: 446448.30000000005
2024-06-04 20:59 | INFO | Query 27 Active Learning Runtime on Test Set: 93645.38
2024-06-04 20:59 | INFO | Query 27 Active Learning Instance Cost: 1301711.25
2024-06-04 20:59 | INFO | Timeout limit is increased to 1200
2024-06-04 20:59 | INFO | Query 28 Size of the uncertainty table is = 10496/14385
2024-06-04 20:59 | INFO | Query 28 Size of the filtered table is = 144
2024-06-04 21:01 | INFO | Query 28 Active Learning Runtime on Validation Set: 373764.85
2024-06-04 21:01 | INFO | Query 28 Active Learning Runtime on Test Set: 58724.380000000005
2024-06-04 21:01 | INFO | Query 28 Active Learning Instance Cost: 1352369.99
2024-06-04 21:01 | INFO | Query 29 Size of the uncertainty table is = 10358/14385
2024-06-04 21:01 | INFO | Query 29 Size of the filtered table is = 144
2024-06-04 21:02 | INFO | Query 29 Active Learning Runtime on Validation Set: 409759.22
2024-06-04 21:02 | INFO | Query 29 Active Learning Runtime on Test Set: 92385.99
2024-06-04 21:02 | INFO | Query 29 Active Learning Instance Cost: 1418369.19
2024-06-04 21:02 | INFO | Timeout limit is increased to 1300
2024-06-04 21:02 | INFO | Query 30 Size of the uncertainty table is = 10338/14385
2024-06-04 21:02 | INFO | Query 30 Size of the filtered table is = 144
2024-06-04 21:03 | INFO | Query 30 Active Learning Runtime on Validation Set: 409759.22
2024-06-04 21:03 | INFO | Query 30 Active Learning Runtime on Test Set: 58724.380000000005
2024-06-04 21:03 | INFO | Query 30 Active Learning Instance Cost: 1473246.23
2024-06-04 21:03 | INFO | Timeout limit is increased to 1400
2024-06-04 21:03 | INFO | Query 31 Size of the uncertainty table is = 10252/14385
2024-06-04 21:03 | INFO | Query 31 Size of the filtered table is = 144
2024-06-04 21:04 | INFO | Query 31 Active Learning Runtime on Validation Set: 409759.22
2024-06-04 21:04 | INFO | Query 31 Active Learning Runtime on Test Set: 92385.99
2024-06-04 21:04 | INFO | Query 31 Active Learning Instance Cost: 1544987.99
2024-06-04 21:04 | INFO | Timeout limit is increased to 1500
2024-06-04 21:05 | INFO | Query 32 Size of the uncertainty table is = 10243/14385
2024-06-04 21:05 | INFO | Query 32 Size of the filtered table is = 144
2024-06-04 21:06 | INFO | Query 32 Active Learning Runtime on Validation Set: 373965.12
2024-06-04 21:06 | INFO | Query 32 Active Learning Runtime on Test Set: 57954.380000000005
2024-06-04 21:06 | INFO | Query 32 Active Learning Instance Cost: 1631903.17
2024-06-04 21:06 | INFO | Query 33 Size of the uncertainty table is = 10185/14385
2024-06-04 21:06 | INFO | Query 33 Size of the filtered table is = 144
2024-06-04 21:07 | INFO | Query 33 Active Learning Runtime on Validation Set: 445137.24
2024-06-04 21:07 | INFO | Query 33 Active Learning Runtime on Test Set: 91628.64
2024-06-04 21:07 | INFO | Query 33 Active Learning Instance Cost: 1684481.44
2024-06-04 21:07 | INFO | Timeout limit is increased to 1600
2024-06-04 21:07 | INFO | Query 34 Size of the uncertainty table is = 10151/14385
2024-06-04 21:07 | INFO | Query 34 Size of the filtered table is = 144
2024-06-04 21:08 | INFO | Query 34 Active Learning Runtime on Validation Set: 481180.72
2024-06-04 21:08 | INFO | Query 34 Active Learning Runtime on Test Set: 58285.98
2024-06-04 21:08 | INFO | Query 34 Active Learning Instance Cost: 1754070.11
2024-06-04 21:08 | INFO | Timeout limit is increased to 1700
2024-06-04 21:08 | INFO | Query 35 Size of the uncertainty table is = 10068/14385
2024-06-04 21:08 | INFO | Query 35 Size of the filtered table is = 144
2024-06-04 21:10 | INFO | Query 35 Active Learning Runtime on Validation Set: 409173.35
2024-06-04 21:10 | INFO | Query 35 Active Learning Runtime on Test Set: 58285.98
2024-06-04 21:10 | INFO | Query 35 Active Learning Instance Cost: 1838896.33
2024-06-04 21:10 | INFO | Query 36 Size of the uncertainty table is = 10000/14385
2024-06-04 21:10 | INFO | Query 36 Size of the filtered table is = 144
2024-06-04 21:11 | INFO | Query 36 Active Learning Runtime on Validation Set: 445167.70999999996
2024-06-04 21:11 | INFO | Query 36 Active Learning Runtime on Test Set: 58285.98
2024-06-04 21:11 | INFO | Query 36 Active Learning Instance Cost: 1895641.93
2024-06-04 21:11 | INFO | Timeout limit is increased to 1800
2024-06-04 21:11 | INFO | Query 37 Size of the uncertainty table is = 9982/14385
2024-06-04 21:11 | INFO | Query 37 Size of the filtered table is = 144
2024-06-04 21:12 | INFO | Query 37 Active Learning Runtime on Validation Set: 409173.35
2024-06-04 21:12 | INFO | Query 37 Active Learning Runtime on Test Set: 58285.98
2024-06-04 21:12 | INFO | Query 37 Active Learning Instance Cost: 1976028.26
2024-06-04 21:12 | INFO | Query 38 Size of the uncertainty table is = 9871/14385
2024-06-04 21:12 | INFO | Query 38 Size of the filtered table is = 144
2024-06-04 21:14 | INFO | Query 38 Active Learning Runtime on Validation Set: 517162.11
2024-06-04 21:14 | INFO | Query 38 Active Learning Runtime on Test Set: 58285.98
2024-06-04 21:14 | INFO | Query 38 Active Learning Instance Cost: 2029374.0
2024-06-04 21:14 | INFO | Timeout limit is increased to 1900
2024-06-04 21:14 | INFO | Query 39 Size of the uncertainty table is = 9857/14385
2024-06-04 21:14 | INFO | Query 39 Size of the filtered table is = 144
2024-06-04 21:15 | INFO | Query 39 Active Learning Runtime on Validation Set: 445167.70999999996
2024-06-04 21:15 | INFO | Query 39 Active Learning Runtime on Test Set: 58285.98
2024-06-04 21:15 | INFO | Query 39 Active Learning Instance Cost: 2121863.9
2024-06-04 21:15 | INFO | Query 40 Size of the uncertainty table is = 9840/14385
2024-06-04 21:15 | INFO | Query 40 Size of the filtered table is = 144
2024-06-04 21:16 | INFO | Query 40 Active Learning Runtime on Validation Set: 445358.08999999997
2024-06-04 21:16 | INFO | Query 40 Active Learning Runtime on Test Set: 58273.33
2024-06-04 21:16 | INFO | Query 40 Active Learning Instance Cost: 2165720.77
2024-06-04 21:16 | INFO | Timeout limit is increased to 2000
2024-06-04 21:16 | INFO | Query 41 Size of the uncertainty table is = 9820/14385
2024-06-04 21:16 | INFO | Query 41 Size of the filtered table is = 144
2024-06-04 21:18 | INFO | Query 41 Active Learning Runtime on Validation Set: 481157.81000000006
2024-06-04 21:18 | INFO | Query 41 Active Learning Runtime on Test Set: 58273.33
2024-06-04 21:18 | INFO | Query 41 Active Learning Instance Cost: 2223011.95
2024-06-04 21:18 | INFO | Timeout limit is increased to 2100
2024-06-04 21:18 | INFO | Query 42 Size of the uncertainty table is = 9809/14385
2024-06-04 21:18 | INFO | Query 42 Size of the filtered table is = 144
2024-06-04 21:19 | INFO | Query 42 Active Learning Runtime on Validation Set: 408233.15
2024-06-04 21:19 | INFO | Query 42 Active Learning Runtime on Test Set: 58273.33
2024-06-04 21:19 | INFO | Query 42 Active Learning Instance Cost: 2281751.0
2024-06-04 21:19 | INFO | Query 43 Size of the uncertainty table is = 9799/14385
2024-06-04 21:19 | INFO | Query 43 Size of the filtered table is = 144
2024-06-04 21:20 | INFO | Query 43 Active Learning Runtime on Validation Set: 480328.04000000004
2024-06-04 21:20 | INFO | Query 43 Active Learning Runtime on Test Set: 58273.33
2024-06-04 21:20 | INFO | Query 43 Active Learning Instance Cost: 2317009.34
2024-06-04 21:20 | INFO | Timeout limit is increased to 2200
2024-06-04 21:20 | INFO | Query 44 Size of the uncertainty table is = 9776/14385
2024-06-04 21:20 | INFO | Query 44 Size of the filtered table is = 144
2024-06-04 21:21 | INFO | Query 44 Active Learning Runtime on Validation Set: 445086.02
2024-06-04 21:21 | INFO | Query 44 Active Learning Runtime on Test Set: 58273.33
2024-06-04 21:21 | INFO | Query 44 Active Learning Instance Cost: 2389631.71
2024-06-04 21:22 | INFO | Query 45 Size of the uncertainty table is = 9746/14385
2024-06-04 21:22 | INFO | Query 45 Size of the filtered table is = 144
2024-06-04 21:23 | INFO | Query 45 Active Learning Runtime on Validation Set: 517997.18000000005
2024-06-04 21:23 | INFO | Query 45 Active Learning Runtime on Test Set: 58273.33
2024-06-04 21:23 | INFO | Query 45 Active Learning Instance Cost: 2434118.3
2024-06-04 21:23 | INFO | Timeout limit is increased to 2300
2024-06-04 21:23 | INFO | Query 46 Size of the uncertainty table is = 9743/14385
2024-06-04 21:23 | INFO | Query 46 Size of the filtered table is = 144
2024-06-04 21:24 | INFO | Query 46 Active Learning Runtime on Validation Set: 446002.77
2024-06-04 21:24 | INFO | Query 46 Active Learning Runtime on Test Set: 58273.33
2024-06-04 21:24 | INFO | Query 46 Active Learning Instance Cost: 2513271.88
2024-06-04 21:24 | INFO | Query 47 Size of the uncertainty table is = 9702/14385
2024-06-04 21:24 | INFO | Query 47 Size of the filtered table is = 144
2024-06-04 21:25 | INFO | Query 47 Active Learning Runtime on Validation Set: 517997.17000000004
2024-06-04 21:25 | INFO | Query 47 Active Learning Runtime on Test Set: 58273.33
2024-06-04 21:25 | INFO | Query 47 Active Learning Instance Cost: 2569544.82
2024-06-04 21:25 | INFO | Timeout limit is increased to 2400
2024-06-04 21:25 | INFO | Query 48 Size of the uncertainty table is = 9682/14385
2024-06-04 21:25 | INFO | Query 48 Size of the filtered table is = 144
2024-06-04 21:27 | INFO | Query 48 Active Learning Runtime on Validation Set: 518010.15
2024-06-04 21:27 | INFO | Query 48 Active Learning Runtime on Test Set: 58273.33
2024-06-04 21:27 | INFO | Query 48 Active Learning Instance Cost: 2633611.67
2024-06-04 21:27 | INFO | Timeout limit is increased to 2500
2024-06-04 21:27 | INFO | Query 49 Size of the uncertainty table is = 9637/14385
2024-06-04 21:27 | INFO | Query 49 Size of the filtered table is = 144
2024-06-04 21:28 | INFO | Query 49 Active Learning Runtime on Validation Set: 410166.02
2024-06-04 21:28 | INFO | Query 49 Active Learning Runtime on Test Set: 57417.89
2024-06-04 21:28 | INFO | Query 49 Active Learning Instance Cost: 2707490.28
2024-06-04 21:28 | INFO | Query 50 Size of the uncertainty table is = 9561/14385
2024-06-04 21:28 | INFO | Query 50 Size of the filtered table is = 144
2024-06-04 21:29 | INFO | Query 50 Active Learning Runtime on Validation Set: 482647.4
2024-06-04 21:29 | INFO | Query 50 Active Learning Runtime on Test Set: 25140.07
2024-06-04 21:29 | INFO | Query 50 Active Learning Instance Cost: 2773368.57
2024-06-04 21:29 | INFO | Timeout limit is increased to 2600
2024-06-04 21:29 | INFO | Query 51 Size of the uncertainty table is = 9536/14385
2024-06-04 21:29 | INFO | Query 51 Size of the filtered table is = 144
2024-06-04 21:31 | INFO | Query 51 Active Learning Runtime on Validation Set: 409373.62
2024-06-04 21:31 | INFO | Query 51 Active Learning Runtime on Test Set: 25140.07
2024-06-04 21:31 | INFO | Query 51 Active Learning Instance Cost: 2845824.21
2024-06-04 21:31 | INFO | Query 52 Size of the uncertainty table is = 9497/14385
2024-06-04 21:31 | INFO | Query 52 Size of the filtered table is = 144
2024-06-04 21:32 | INFO | Query 52 Active Learning Runtime on Validation Set: 481162.12
2024-06-04 21:32 | INFO | Query 52 Active Learning Runtime on Test Set: 25140.07
2024-06-04 21:32 | INFO | Query 52 Active Learning Instance Cost: 2904356.28
2024-06-04 21:32 | INFO | Timeout limit is increased to 2700
2024-06-04 21:32 | INFO | Query 53 Size of the uncertainty table is = 9450/14385
2024-06-04 21:32 | INFO | Query 53 Size of the filtered table is = 144
2024-06-04 21:33 | INFO | Query 53 Active Learning Runtime on Validation Set: 481167.67000000004
2024-06-04 21:33 | INFO | Query 53 Active Learning Runtime on Test Set: 25140.07
2024-06-04 21:33 | INFO | Query 53 Active Learning Instance Cost: 2983063.54
2024-06-04 21:33 | INFO | Timeout limit is increased to 2800
2024-06-04 21:33 | INFO | Query 54 Size of the uncertainty table is = 9419/14385
2024-06-04 21:33 | INFO | Query 54 Size of the filtered table is = 144
2024-06-04 21:35 | INFO | Query 54 Active Learning Runtime on Validation Set: 445162.14
2024-06-04 21:35 | INFO | Query 54 Active Learning Runtime on Test Set: 25140.07
2024-06-04 21:35 | INFO | Query 54 Active Learning Instance Cost: 3053905.24
2024-06-04 21:35 | INFO | Query 55 Size of the uncertainty table is = 9386/14385
2024-06-04 21:35 | INFO | Query 55 Size of the filtered table is = 144
2024-06-04 21:36 | INFO | Query 55 Active Learning Runtime on Validation Set: 445167.68000000005
2024-06-04 21:36 | INFO | Query 55 Active Learning Runtime on Test Set: 25140.07
2024-06-04 21:36 | INFO | Query 55 Active Learning Instance Cost: 3098813.89
2024-06-04 21:36 | INFO | Timeout limit is increased to 2900
2024-06-04 21:36 | INFO | Query 56 Size of the uncertainty table is = 9347/14385
2024-06-04 21:36 | INFO | Query 56 Size of the filtered table is = 144
2024-06-04 21:37 | INFO | Query 56 Active Learning Runtime on Validation Set: 481162.11
2024-06-04 21:37 | INFO | Query 56 Active Learning Runtime on Test Set: 25140.07
2024-06-04 21:37 | INFO | Query 56 Active Learning Instance Cost: 3175948.34
2024-06-04 21:37 | INFO | Timeout limit is increased to 3000
2024-06-04 21:37 | INFO | Query 57 Size of the uncertainty table is = 9304/14385
2024-06-04 21:37 | INFO | Query 57 Size of the filtered table is = 144
2024-06-04 21:39 | INFO | Query 57 Active Learning Runtime on Validation Set: 481162.12
2024-06-04 21:39 | INFO | Query 57 Active Learning Runtime on Test Set: 25140.07
2024-06-04 21:39 | INFO | Query 57 Active Learning Instance Cost: 3275172.02
2024-06-04 21:39 | INFO | Timeout limit is increased to 3100
2024-06-04 21:39 | INFO | Query 58 Size of the uncertainty table is = 9273/14385
2024-06-04 21:39 | INFO | Query 58 Size of the filtered table is = 144
2024-06-04 21:40 | INFO | Query 58 Active Learning Runtime on Validation Set: 445167.68000000005
2024-06-04 21:40 | INFO | Query 58 Active Learning Runtime on Test Set: 25676.56
2024-06-04 21:40 | INFO | Query 58 Active Learning Instance Cost: 3352536.11
2024-06-04 21:40 | INFO | Query 59 Size of the uncertainty table is = 9240/14385
2024-06-04 21:40 | INFO | Query 59 Size of the filtered table is = 144
2024-06-04 21:41 | INFO | Query 59 Active Learning Runtime on Validation Set: 517148.12
2024-06-04 21:41 | INFO | Query 59 Active Learning Runtime on Test Set: 25663.91
2024-06-04 21:41 | INFO | Query 59 Active Learning Instance Cost: 3417170.02
2024-06-04 21:41 | INFO | Timeout limit is increased to 3200
2024-06-04 21:41 | INFO | Query 60 Size of the uncertainty table is = 9232/14385
2024-06-04 21:41 | INFO | Query 60 Size of the filtered table is = 144
2024-06-04 21:42 | INFO | Query 60 Active Learning Runtime on Validation Set: 445157.75
2024-06-04 21:42 | INFO | Query 60 Active Learning Runtime on Test Set: 25127.420000000002
2024-06-04 21:42 | INFO | Query 60 Active Learning Instance Cost: 3516618.74
2024-06-04 21:42 | INFO | Query 61 Size of the uncertainty table is = 9211/14385
2024-06-04 21:42 | INFO | Query 61 Size of the filtered table is = 144
2024-06-04 21:44 | INFO | Query 61 Active Learning Runtime on Validation Set: 481069.97
2024-06-04 21:44 | INFO | Query 61 Active Learning Runtime on Test Set: 25127.420000000002
2024-06-04 21:44 | INFO | Query 61 Active Learning Instance Cost: 3571051.19
2024-06-04 21:44 | INFO | Timeout limit is increased to 3300
2024-06-04 21:44 | INFO | Query 62 Size of the uncertainty table is = 9199/14385
2024-06-04 21:44 | INFO | Query 62 Size of the filtered table is = 144
2024-06-04 21:45 | INFO | Query 62 Active Learning Runtime on Validation Set: 445157.78
2024-06-04 21:45 | INFO | Query 62 Active Learning Runtime on Test Set: 25127.420000000002
2024-06-04 21:45 | INFO | Query 62 Active Learning Instance Cost: 3640777.61
2024-06-04 21:45 | INFO | Query 63 Size of the uncertainty table is = 9183/14385
2024-06-04 21:45 | INFO | Query 63 Size of the filtered table is = 144
2024-06-04 21:46 | INFO | Query 63 Active Learning Runtime on Validation Set: 517074.32999999996
2024-06-04 21:46 | INFO | Query 63 Active Learning Runtime on Test Set: 25127.420000000002
2024-06-04 21:46 | INFO | Query 63 Active Learning Instance Cost: 3687628.59
2024-06-04 21:46 | INFO | Timeout limit is increased to 3400
2024-06-04 21:46 | INFO | Query 64 Size of the uncertainty table is = 9169/14385
2024-06-04 21:46 | INFO | Query 64 Size of the filtered table is = 144
2024-06-04 21:48 | INFO | Query 64 Active Learning Runtime on Validation Set: 409173.35
2024-06-04 21:48 | INFO | Query 64 Active Learning Runtime on Test Set: 25140.07
2024-06-04 21:48 | INFO | Query 64 Active Learning Instance Cost: 3748623.03
2024-06-04 21:48 | INFO | Query 65 Size of the uncertainty table is = 9078/14385
2024-06-04 21:48 | INFO | Query 65 Size of the filtered table is = 144
2024-06-04 21:49 | INFO | Query 65 Active Learning Runtime on Validation Set: 445079.93000000005
2024-06-04 21:49 | INFO | Query 65 Active Learning Runtime on Test Set: 25140.07
2024-06-04 21:49 | INFO | Query 65 Active Learning Instance Cost: 3800554.49
2024-06-04 21:49 | INFO | Timeout limit is increased to 3500
2024-06-04 21:49 | INFO | Query 66 Size of the uncertainty table is = 9062/14385
2024-06-04 21:49 | INFO | Query 66 Size of the filtered table is = 144
2024-06-04 21:50 | INFO | Query 66 Active Learning Runtime on Validation Set: 410008.4
2024-06-04 21:50 | INFO | Query 66 Active Learning Runtime on Test Set: 25127.420000000002
2024-06-04 21:50 | INFO | Query 66 Active Learning Instance Cost: 3897030.51
2024-06-04 21:50 | INFO | Query 67 Size of the uncertainty table is = 8931/14385
2024-06-04 21:50 | INFO | Query 67 Size of the filtered table is = 144
2024-06-04 21:51 | INFO | Query 67 Active Learning Runtime on Validation Set: 481997.18999999994
2024-06-04 21:51 | INFO | Query 67 Active Learning Runtime on Test Set: 25127.420000000002
2024-06-04 21:51 | INFO | Query 67 Active Learning Instance Cost: 3945803.49
2024-06-04 21:51 | INFO | Timeout limit is increased to 3600
2024-06-04 21:51 | INFO | Query 68 Size of the uncertainty table is = 8912/14385
2024-06-04 21:51 | INFO | Query 68 Size of the filtered table is = 144
2024-06-04 21:53 | INFO | Query 68 Active Learning Runtime on Validation Set: 410008.4
2024-06-04 21:53 | INFO | Query 68 Active Learning Runtime on Test Set: 25127.420000000002
2024-06-04 21:53 | INFO | Query 68 Active Learning Instance Cost: 4015931.25
2024-06-04 21:53 | INFO | Query 69 Size of the uncertainty table is = 2037/14385
2024-06-04 21:53 | INFO | Query 69 Size of the filtered table is = 144
2024-06-04 21:54 | INFO | Query 69 Active Learning Runtime on Validation Set: 410778.74
2024-06-04 21:54 | INFO | Query 69 Active Learning Runtime on Test Set: 59703.42
2024-06-04 21:54 | INFO | Query 69 Active Learning Instance Cost: 4272333.75
2024-06-04 21:54 | INFO | Timeout limit is increased to 3600
2024-06-04 21:54 | INFO | Query 70 Size of the uncertainty table is = 1113/14385
2024-06-04 21:54 | INFO | Query 70 Size of the filtered table is = 144
2024-06-04 21:55 | INFO | Query 70 Active Learning Runtime on Validation Set: 481157.74
2024-06-04 21:55 | INFO | Query 70 Active Learning Runtime on Test Set: 58847.98
2024-06-04 21:55 | INFO | Query 70 Active Learning Instance Cost: 4382355.16
2024-06-04 21:55 | INFO | Timeout limit is increased to 3600
2024-06-04 21:55 | INFO | Query 71 Size of the uncertainty table is = 341/14385
2024-06-04 21:55 | INFO | Query 71 Size of the filtered table is = 144
2024-06-04 21:56 | INFO | Query 71 Active Learning Runtime on Validation Set: 446209.26
2024-06-04 21:56 | INFO | Query 71 Active Learning Runtime on Test Set: 58847.98
2024-06-04 21:56 | INFO | Query 71 Active Learning Instance Cost: 4415736.37
2024-06-04 21:56 | INFO | runtime_test_score is written as json file
2024-06-04 21:56 | INFO | runtime_validation_score is written as json file
2024-06-04 21:56 | INFO | instance_cost is written as json file
2024-06-04 21:56 | INFO | Experiment is finished
