2024-07-24 12:56 | INFO | Paramaters are: {'dataset': 'MAXSAT15-PMS-INDU', 'penalty': 10, 'weight': 'No_Weight', 'voting': 'Hard', 'pre_selection_size': 64, 'pre_selection_technique': 'No_pre_selection', 'feature_elimination_threshold': 20, 'imputer_strategy': 'median', 'feature_selection_technique': 'No_feature_selection', 'feature_scaling_technique': 'StandardScaler', 'initial_train_size': 20, 'query_size': 1, 'timeout_predictor_usage': 'No', 'timeout_limit': 3600, 'timeout_increase_rate': 100, 'RANDOM_STATE_SEED': 12345, 'n_splits': 10, 'split_number': 3, 'max_timeout': 3600, 'param_grid': {'n_estimators': 100, 'criterion': 'gini', 'max_features': 'sqrt', 'max_depth': 2147483648, 'min_samples_split': 2, 'bootstrap': True}}
2024-07-24 12:56 | INFO | MAXSAT15-PMS-INDU is current dataset
2024-07-24 12:56 | INFO | DATASETS/MAXSAT15-PMS-INDU/algorithm_runs.arff is found
2024-07-24 12:56 | INFO | DATASETS/MAXSAT15-PMS-INDU/algorithm_runs.arff is finished
2024-07-24 12:56 | INFO | DATASETS/MAXSAT15-PMS-INDU/feature_values.arff is found
2024-07-24 12:56 | INFO | DATASETS/MAXSAT15-PMS-INDU/feature_values.arff is finished
2024-07-24 12:56 | INFO | Virtual best solver time in train = 17561.31
2024-07-24 12:56 | INFO | Single best solver list train = {'CCEHC2akms': 13506230.3, 'CCLS2akms': 13649307.44, 'ILP-2015': 6553495.54, 'LMHS-C': 3579343.07, 'LMHS-I': 3214773.79, 'MaxHS': 1842025.94, 'Open-WBO': 1505995.05, 'Open-WBO-L': 2414455.95, 'Open-WBO-R': 1005068.76, 'QMSAT14': 2593890.14, 'QMSAT15UC': 2770091.46, 'WMaxSatz+': 12088803.08, 'WMaxSatz09': 12088667.99, 'WPM3-2015-co': 935957.38, 'ahms-1.55': 13324215.86, 'ahms-1.68': 13252589.88, 'ahms-ls-1.55': 13359399.41, 'ahms-ls-1.68': 13252151.86, 'maxino-k16': 1181178.72, 'maxino-kdyn': 1179997.6, 'msUZK-nopp': 7718009.76, 'msUZK-pp': 7679871.91, 'mscg2015a': 1427212.28, 'mscg2015b': 1358799.23, 'optiriss-def': 1863166.75, 'optiriss-sel': 4598173.14, 'ratselfax-cnf': 11317172.98, 'toysat': 9627230.25, 'toysat_ls': 10995959.7}
2024-07-24 12:56 | INFO | Single best solver time train = WPM3-2015-co (935957.38)
2024-07-24 12:56 | INFO | Virtual best solver time in validation = 4674.46
2024-07-24 12:56 | INFO | Single best solver list validation = {'CCEHC2akms': 3420597.74, 'CCLS2akms': 3564406.52, 'ILP-2015': 2235102.03, 'LMHS-C': 519534.54, 'LMHS-I': 411307.17, 'MaxHS': 404172.07, 'Open-WBO': 120846.52, 'Open-WBO-L': 81952.34, 'Open-WBO-R': 81023.72, 'QMSAT14': 46956.1, 'QMSAT15UC': 123122.81, 'WMaxSatz+': 3456471.72, 'WMaxSatz09': 3456495.57, 'WPM3-2015-co': 76923.46, 'ahms-1.55': 3528003.09, 'ahms-1.68': 3492003.39, 'ahms-ls-1.55': 3528003.88, 'ahms-ls-1.68': 3492004.33, 'maxino-k16': 43342.77, 'maxino-kdyn': 43389.86, 'msUZK-nopp': 1630954.91, 'msUZK-pp': 1876103.7, 'mscg2015a': 78776.46, 'mscg2015b': 77856.19, 'optiriss-def': 190494.65, 'optiriss-sel': 2306185.43, 'ratselfax-cnf': 2636394.12, 'toysat': 2560361.94, 'toysat_ls': 2851570.89}
2024-07-24 12:56 | INFO | Single best solver time validation = maxino-k16 (43342.77)
2024-07-24 12:56 | INFO | Virtual best solver time in test = 1889.98
2024-07-24 12:56 | INFO | Single best solver list test = {'CCEHC2akms': 1944425.67, 'CCLS2akms': 1944854.88, 'ILP-2015': 1124554.25, 'LMHS-C': 545338.62, 'LMHS-I': 367750.24, 'MaxHS': 258321.45, 'Open-WBO': 76590.4, 'Open-WBO-L': 76563.28, 'Open-WBO-R': 77914.13, 'QMSAT14': 149144.26, 'QMSAT15UC': 113276.47, 'WMaxSatz+': 1909938.41, 'WMaxSatz09': 1909952.45, 'WPM3-2015-co': 39978.34, 'ahms-1.55': 2016000.0, 'ahms-1.68': 2016000.0, 'ahms-ls-1.55': 2016000.0, 'ahms-ls-1.68': 2016000.0, 'maxino-k16': 39700.6, 'maxino-kdyn': 75199.95, 'msUZK-nopp': 841386.29, 'msUZK-pp': 946451.99, 'mscg2015a': 39433.63, 'mscg2015b': 39757.63, 'optiriss-def': 114561.33, 'optiriss-sel': 543376.78, 'ratselfax-cnf': 1627657.58, 'toysat': 1409617.43, 'toysat_ls': 1697853.59}
2024-07-24 12:56 | INFO | Single best solver time test = mscg2015a (39433.63)
2024-07-24 13:07 | INFO | Passive Learning Runtime on Validation Set: 83506.1
2024-07-24 13:07 | INFO | Passive Learning Runtime on Test Set: 4587.25
2024-07-24 13:07 | INFO | Passive Learning Instance Cost: 19783235.21
2024-07-24 13:16 | INFO | Initial Active Learning Runtime on Validation Set: 80088.8
2024-07-24 13:16 | INFO | Initial Active Learning Runtime on Test Set: 41319.96
2024-07-24 13:16 | INFO | Initial Active Learning Instance Cost: 1112636.41
2024-07-24 13:16 | INFO | Bin size = 1543
2024-07-24 13:17 | INFO | Query 1 Size of the uncertainty table is = 150480/154280
2024-07-24 13:17 | INFO | Query 1 Size of the filtered table is = 1543
2024-07-24 13:28 | INFO | Query 1 Active Learning Runtime on Validation Set: 80833.54
2024-07-24 13:28 | INFO | Query 1 Active Learning Runtime on Test Set: 6577.49
2024-07-24 13:28 | INFO | Query 1 Active Learning Instance Cost: 4107495.25
2024-07-24 13:28 | INFO | Timeout limit is increased to 3600
2024-07-24 13:29 | INFO | Query 2 Size of the uncertainty table is = 141095/154280
2024-07-24 13:29 | INFO | Query 2 Size of the filtered table is = 1543
2024-07-24 13:39 | INFO | Query 2 Active Learning Runtime on Validation Set: 83428.54
2024-07-24 13:39 | INFO | Query 2 Active Learning Runtime on Test Set: 6313.52
2024-07-24 13:39 | INFO | Query 2 Active Learning Instance Cost: 6805142.66
2024-07-24 13:39 | INFO | Timeout limit is increased to 3600
2024-07-24 13:40 | INFO | Query 3 Size of the uncertainty table is = 123437/154280
2024-07-24 13:40 | INFO | Query 3 Size of the filtered table is = 1543
2024-07-24 13:50 | INFO | Query 3 Active Learning Runtime on Validation Set: 83472.07
2024-07-24 13:50 | INFO | Query 3 Active Learning Runtime on Test Set: 4706.46
2024-07-24 13:50 | INFO | Query 3 Active Learning Instance Cost: 9026861.29
2024-07-24 13:50 | INFO | Timeout limit is increased to 3600
2024-07-24 13:51 | INFO | Query 4 Size of the uncertainty table is = 102472/154280
2024-07-24 13:51 | INFO | Query 4 Size of the filtered table is = 1543
2024-07-24 14:01 | INFO | Query 4 Active Learning Runtime on Validation Set: 83499.2
2024-07-24 14:01 | INFO | Query 4 Active Learning Runtime on Test Set: 4637.26
2024-07-24 14:01 | INFO | Query 4 Active Learning Instance Cost: 10895782.74
2024-07-24 14:01 | INFO | Timeout limit is increased to 3600
2024-07-24 14:02 | INFO | Query 5 Size of the uncertainty table is = 81855/154280
2024-07-24 14:02 | INFO | Query 5 Size of the filtered table is = 1543
2024-07-24 14:12 | INFO | Query 5 Active Learning Runtime on Validation Set: 83498.97
2024-07-24 14:12 | INFO | Query 5 Active Learning Runtime on Test Set: 4605.46
2024-07-24 14:12 | INFO | Query 5 Active Learning Instance Cost: 12329434.13
2024-07-24 14:13 | INFO | Query 6 Size of the uncertainty table is = 64172/154280
2024-07-24 14:13 | INFO | Query 6 Size of the filtered table is = 1543
2024-07-24 14:24 | INFO | Query 6 Active Learning Runtime on Validation Set: 83455.85
2024-07-24 14:24 | INFO | Query 6 Active Learning Runtime on Test Set: 4639.55
2024-07-24 14:24 | INFO | Query 6 Active Learning Instance Cost: 13129273.75
2024-07-24 14:24 | INFO | Query 7 Size of the uncertainty table is = 51014/154280
2024-07-24 14:24 | INFO | Query 7 Size of the filtered table is = 1543
2024-07-24 14:34 | INFO | Query 7 Active Learning Runtime on Validation Set: 83058.02
2024-07-24 14:34 | INFO | Query 7 Active Learning Runtime on Test Set: 4613.36
2024-07-24 14:34 | INFO | Query 7 Active Learning Instance Cost: 13413847.89
2024-07-24 14:35 | INFO | Query 8 Size of the uncertainty table is = 45853/154280
2024-07-24 14:35 | INFO | Query 8 Size of the filtered table is = 1543
2024-07-24 14:45 | INFO | Query 8 Active Learning Runtime on Validation Set: 83058.02
2024-07-24 14:45 | INFO | Query 8 Active Learning Runtime on Test Set: 4613.36
2024-07-24 14:45 | INFO | Query 8 Active Learning Instance Cost: 14775269.94
2024-07-24 14:45 | INFO | Timeout limit is increased to 3600
2024-07-24 14:45 | INFO | Query 9 Size of the uncertainty table is = 36411/154280
2024-07-24 14:45 | INFO | Query 9 Size of the filtered table is = 1543
2024-07-24 14:56 | INFO | Query 9 Active Learning Runtime on Validation Set: 83058.02
2024-07-24 14:56 | INFO | Query 9 Active Learning Runtime on Test Set: 4613.36
2024-07-24 14:56 | INFO | Query 9 Active Learning Instance Cost: 17041199.73
2024-07-24 14:56 | INFO | Timeout limit is increased to 3600
2024-07-24 14:56 | INFO | Query 10 Size of the uncertainty table is = 19700/154280
2024-07-24 14:56 | INFO | Query 10 Size of the filtered table is = 1543
2024-07-24 15:07 | INFO | Query 10 Active Learning Runtime on Validation Set: 83058.02
2024-07-24 15:07 | INFO | Query 10 Active Learning Runtime on Test Set: 4613.36
2024-07-24 15:07 | INFO | Query 10 Active Learning Instance Cost: 18506744.8
2024-07-24 15:07 | INFO | Timeout limit is increased to 3600
2024-07-24 15:07 | INFO | Query 11 Size of the uncertainty table is = 10556/154280
2024-07-24 15:07 | INFO | Query 11 Size of the filtered table is = 1543
2024-07-24 15:17 | INFO | Query 11 Active Learning Runtime on Validation Set: 83058.02
2024-07-24 15:17 | INFO | Query 11 Active Learning Runtime on Test Set: 4613.36
2024-07-24 15:17 | INFO | Query 11 Active Learning Instance Cost: 19783235.21
2024-07-24 15:17 | INFO | Timeout limit is increased to 3600
2024-07-24 15:17 | INFO | runtime_test_score is written as json file
2024-07-24 15:17 | INFO | runtime_validation_score is written as json file
2024-07-24 15:17 | INFO | instance_cost is written as json file
2024-07-24 15:17 | INFO | Experiment is finished
