2025-02-10 11:37 | INFO | Paramaters are: {'dataset': 'BNSL-2016', 'penalty': 10, 'weight': 'No_Weight', 'voting': 'Hard', 'pre_selection_size': 64, 'pre_selection_technique': 'No_pre_selection', 'feature_elimination_threshold': 20, 'imputer_strategy': 'median', 'feature_selection_technique': 'No_feature_selection', 'feature_scaling_technique': 'StandardScaler', 'priority': {'Uncertainty': 'max', 'PredDiff': 'max', 'PredCost': 'min'}, 'initial_train_size': 20, 'query_size': 1, 'timeout_predictor_usage': 'No', 'timeout_limit': 3600, 'timeout_increase_rate': 100, 'penalty_type': 'Only-timeout-penalty', 'RANDOM_STATE_SEED': 7, 'n_splits': 10, 'split_number': 3, 'max_timeout': 3600, 'param_grid': {'n_estimators': 100, 'max_features': 'sqrt', 'max_depth': 2147483648, 'min_samples_split': 2, 'bootstrap': True}}
2025-02-10 11:37 | INFO | BNSL-2016 is current dataset
2025-02-10 11:37 | INFO | DATASETS/BNSL-2016/algorithm_runs.arff is found
2025-02-10 11:37 | INFO | DATASETS/BNSL-2016/algorithm_runs.arff is finished
2025-02-10 11:37 | INFO | DATASETS/BNSL-2016/feature_values.arff is found
2025-02-10 11:37 | INFO | DATASETS/BNSL-2016/feature_values.arff is finished
2025-02-10 11:37 | INFO | DATASETS/BNSL-2016/feature_costs.arff is found
2025-02-10 11:37 | INFO | DATASETS/BNSL-2016/feature_costs.arff is finished
2025-02-10 11:37 | INFO | Virtual best solver time in train = 195841.2
2025-02-10 11:37 | INFO | Single best solver list train = {'astar-comp': 10737388.52, 'astar-ec': 16800029.29, 'astar-ed3': 17952237.43, 'cpbayes': 8290337.58, 'ilp-141': 3972004.43, 'ilp-141-nc': 4037654.8, 'ilp-162': 3857640.74, 'ilp-162-nc': 4070502.19}
2025-02-10 11:37 | INFO | Single best solver time train = ilp-162 (3857640.74)
2025-02-10 11:37 | INFO | Virtual best solver time in validation = 51005.88
2025-02-10 11:37 | INFO | Single best solver list validation = {'astar-comp': 2900695.58, 'astar-ec': 4651578.48, 'astar-ed3': 4868693.12, 'cpbayes': 1298815.86, 'ilp-141': 966824.0, 'ilp-141-nc': 1008894.38, 'ilp-162': 1301938.15, 'ilp-162-nc': 1272923.88}
2025-02-10 11:37 | INFO | Single best solver time validation = ilp-141 (966824.0)
2025-02-10 11:37 | INFO | Virtual best solver time in test = 30736.48
2025-02-10 11:37 | INFO | Single best solver list test = {'astar-comp': 1351524.6, 'astar-ec': 2423119.11, 'astar-ed3': 2531693.78, 'cpbayes': 984698.1, 'ilp-141': 544305.43, 'ilp-141-nc': 513409.25, 'ilp-162': 614282.54, 'ilp-162-nc': 557806.81}
2025-02-10 11:37 | INFO | Single best solver time test = ilp-141-nc (513409.25)
2025-02-10 11:37 | INFO | Training Time Passive Learning Classifier: 6.14 seconds
2025-02-10 11:37 | INFO | Training Time Passive Learning Regressor: 2.64 seconds
2025-02-10 11:37 | INFO | Passive Learning Classifier Runtime on Validation Set: 415076.22
2025-02-10 11:37 | INFO | Passive Learning Classifier Runtime on Test Set: 160707.82
2025-02-10 11:37 | INFO | Passive Learning Instance Cost: 8384594.98
2025-02-10 11:37 | INFO | Passive Learning Emissions: 0.00040434078245129185
2025-02-10 11:37 | INFO | Passive Learning Energy Consumption: 0.0004399330964082361 kWh
2025-02-10 11:37 | INFO | Training Time Active Learning Classifier: 1.57 seconds
2025-02-10 11:37 | INFO | Training Time Active Learning Regressor: 0.38 seconds
2025-02-10 11:38 | INFO | Initial Active Learning Runtime on Validation Set: 658034.02
2025-02-10 11:38 | INFO | Initial Active Learning Runtime on Test Set: 432315.33
2025-02-10 11:38 | INFO | Initial Active Learning Instance Cost: 160342.97
2025-02-10 11:38 | INFO | Bin size = 232
2025-02-10 11:38 | INFO | Query 1 Size of the uncertainty table is = 23184/23184
2025-02-10 11:38 | INFO | Query 1 Size of the filtered table is = 232
2025-02-10 11:38 | INFO | Training Time Active Learning Classifier: 1.57 seconds
2025-02-10 11:38 | INFO | Training Time Active Learning Regressor: 0.5 seconds
2025-02-10 11:38 | INFO | Query 1 Active Learning Runtime on Validation Set: 455662.58
2025-02-10 11:38 | INFO | Query 1 Active Learning Runtime on Test Set: 190426.35
2025-02-10 11:38 | INFO | Query 1 Active Learning Instance Cost: 593948.59
2025-02-10 11:39 | INFO | Query 2 Size of the uncertainty table is = 22791/23184
2025-02-10 11:39 | INFO | Query 2 Size of the filtered table is = 232
2025-02-10 11:39 | INFO | Training Time Active Learning Classifier: 1.64 seconds
2025-02-10 11:39 | INFO | Training Time Active Learning Regressor: 0.6 seconds
2025-02-10 11:39 | INFO | Query 2 Active Learning Runtime on Validation Set: 396877.47
2025-02-10 11:39 | INFO | Query 2 Active Learning Runtime on Test Set: 190952.16
2025-02-10 11:39 | INFO | Query 2 Active Learning Instance Cost: 1214957.25
2025-02-10 11:39 | INFO | Query 3 Size of the uncertainty table is = 22275/23184
2025-02-10 11:39 | INFO | Query 3 Size of the filtered table is = 232
2025-02-10 11:39 | INFO | Training Time Active Learning Classifier: 1.75 seconds
2025-02-10 11:39 | INFO | Training Time Active Learning Regressor: 0.74 seconds
2025-02-10 11:40 | INFO | Query 3 Active Learning Runtime on Validation Set: 446774.91
2025-02-10 11:40 | INFO | Query 3 Active Learning Runtime on Test Set: 155879.87
2025-02-10 11:40 | INFO | Query 3 Active Learning Instance Cost: 1725851.34
2025-02-10 11:40 | INFO | Timeout limit is increased to 3600
2025-02-10 11:40 | INFO | Query 4 Size of the uncertainty table is = 21613/23184
2025-02-10 11:40 | INFO | Query 4 Size of the filtered table is = 232
2025-02-10 11:40 | INFO | Training Time Active Learning Classifier: 1.88 seconds
2025-02-10 11:40 | INFO | Training Time Active Learning Regressor: 0.84 seconds
2025-02-10 11:40 | INFO | Query 4 Active Learning Runtime on Validation Set: 480431.28
2025-02-10 11:40 | INFO | Query 4 Active Learning Runtime on Test Set: 150993.18
2025-02-10 11:40 | INFO | Query 4 Active Learning Instance Cost: 2169392.25
2025-02-10 11:40 | INFO | Timeout limit is increased to 3600
2025-02-10 11:41 | INFO | Query 5 Size of the uncertainty table is = 20847/23184
2025-02-10 11:41 | INFO | Query 5 Size of the filtered table is = 232
2025-02-10 11:41 | INFO | Training Time Active Learning Classifier: 2.04 seconds
2025-02-10 11:41 | INFO | Training Time Active Learning Regressor: 0.96 seconds
2025-02-10 11:41 | INFO | Query 5 Active Learning Runtime on Validation Set: 376664.09
2025-02-10 11:41 | INFO | Query 5 Active Learning Runtime on Test Set: 179220.76
2025-02-10 11:41 | INFO | Query 5 Active Learning Instance Cost: 2510212.88
2025-02-10 11:41 | INFO | Query 6 Size of the uncertainty table is = 19999/23184
2025-02-10 11:41 | INFO | Query 6 Size of the filtered table is = 232
2025-02-10 11:41 | INFO | Training Time Active Learning Classifier: 2.22 seconds
2025-02-10 11:41 | INFO | Training Time Active Learning Regressor: 1.09 seconds
2025-02-10 11:42 | INFO | Query 6 Active Learning Runtime on Validation Set: 372298.86
2025-02-10 11:42 | INFO | Query 6 Active Learning Runtime on Test Set: 111561.83
2025-02-10 11:42 | INFO | Query 6 Active Learning Instance Cost: 2895411.28
2025-02-10 11:42 | INFO | Query 7 Size of the uncertainty table is = 19085/23184
2025-02-10 11:42 | INFO | Query 7 Size of the filtered table is = 232
2025-02-10 11:42 | INFO | Training Time Active Learning Classifier: 2.41 seconds
2025-02-10 11:42 | INFO | Training Time Active Learning Regressor: 1.21 seconds
2025-02-10 11:42 | INFO | Query 7 Active Learning Runtime on Validation Set: 277799.45
2025-02-10 11:42 | INFO | Query 7 Active Learning Runtime on Test Set: 113372.83
2025-02-10 11:42 | INFO | Query 7 Active Learning Instance Cost: 3168000.43
2025-02-10 11:43 | INFO | Query 8 Size of the uncertainty table is = 18198/23184
2025-02-10 11:43 | INFO | Query 8 Size of the filtered table is = 232
2025-02-10 11:43 | INFO | Training Time Active Learning Classifier: 2.63 seconds
2025-02-10 11:43 | INFO | Training Time Active Learning Regressor: 1.34 seconds
2025-02-10 11:43 | INFO | Query 8 Active Learning Runtime on Validation Set: 407203.46
2025-02-10 11:43 | INFO | Query 8 Active Learning Runtime on Test Set: 150143.75
2025-02-10 11:43 | INFO | Query 8 Active Learning Instance Cost: 3371071.11
2025-02-10 11:43 | INFO | Timeout limit is increased to 3600
2025-02-10 11:43 | INFO | Query 9 Size of the uncertainty table is = 17249/23184
2025-02-10 11:43 | INFO | Query 9 Size of the filtered table is = 232
2025-02-10 11:43 | INFO | Training Time Active Learning Classifier: 2.84 seconds
2025-02-10 11:43 | INFO | Training Time Active Learning Regressor: 1.47 seconds
2025-02-10 11:44 | INFO | Query 9 Active Learning Runtime on Validation Set: 302923.45
2025-02-10 11:44 | INFO | Query 9 Active Learning Runtime on Test Set: 119150.16
2025-02-10 11:44 | INFO | Query 9 Active Learning Instance Cost: 3634253.68
2025-02-10 11:44 | INFO | Query 10 Size of the uncertainty table is = 16265/23184
2025-02-10 11:44 | INFO | Query 10 Size of the filtered table is = 232
2025-02-10 11:44 | INFO | Training Time Active Learning Classifier: 3.06 seconds
2025-02-10 11:44 | INFO | Training Time Active Learning Regressor: 1.6 seconds
2025-02-10 11:45 | INFO | Query 10 Active Learning Runtime on Validation Set: 439924.83
2025-02-10 11:45 | INFO | Query 10 Active Learning Runtime on Test Set: 122386.02
2025-02-10 11:45 | INFO | Query 10 Active Learning Instance Cost: 3882319.02
2025-02-10 11:45 | INFO | Timeout limit is increased to 3600
2025-02-10 11:45 | INFO | Query 11 Size of the uncertainty table is = 15342/23184
2025-02-10 11:45 | INFO | Query 11 Size of the filtered table is = 232
2025-02-10 11:45 | INFO | Training Time Active Learning Classifier: 3.27 seconds
2025-02-10 11:45 | INFO | Training Time Active Learning Regressor: 1.72 seconds
2025-02-10 11:45 | INFO | Query 11 Active Learning Runtime on Validation Set: 478221.06
2025-02-10 11:45 | INFO | Query 11 Active Learning Runtime on Test Set: 119003.57
2025-02-10 11:45 | INFO | Query 11 Active Learning Instance Cost: 4113509.33
2025-02-10 11:45 | INFO | Timeout limit is increased to 3600
2025-02-10 11:46 | INFO | Query 12 Size of the uncertainty table is = 14431/23184
2025-02-10 11:46 | INFO | Query 12 Size of the filtered table is = 232
2025-02-10 11:46 | INFO | Training Time Active Learning Classifier: 3.51 seconds
2025-02-10 11:46 | INFO | Training Time Active Learning Regressor: 1.84 seconds
2025-02-10 11:46 | INFO | Query 12 Active Learning Runtime on Validation Set: 406797.73
2025-02-10 11:46 | INFO | Query 12 Active Learning Runtime on Test Set: 124861.45
2025-02-10 11:46 | INFO | Query 12 Active Learning Instance Cost: 4294819.89
2025-02-10 11:46 | INFO | Query 13 Size of the uncertainty table is = 13432/23184
2025-02-10 11:46 | INFO | Query 13 Size of the filtered table is = 232
2025-02-10 11:46 | INFO | Training Time Active Learning Classifier: 3.77 seconds
2025-02-10 11:46 | INFO | Training Time Active Learning Regressor: 1.96 seconds
2025-02-10 11:47 | INFO | Query 13 Active Learning Runtime on Validation Set: 445824.5
2025-02-10 11:47 | INFO | Query 13 Active Learning Runtime on Test Set: 120883.42
2025-02-10 11:47 | INFO | Query 13 Active Learning Instance Cost: 4675042.22
2025-02-10 11:47 | INFO | Timeout limit is increased to 3600
2025-02-10 11:47 | INFO | Query 14 Size of the uncertainty table is = 12243/23184
2025-02-10 11:47 | INFO | Query 14 Size of the filtered table is = 232
2025-02-10 11:47 | INFO | Training Time Active Learning Classifier: 4.03 seconds
2025-02-10 11:47 | INFO | Training Time Active Learning Regressor: 2.06 seconds
2025-02-10 11:48 | INFO | Query 14 Active Learning Runtime on Validation Set: 375630.17
2025-02-10 11:48 | INFO | Query 14 Active Learning Runtime on Test Set: 86299.66
2025-02-10 11:48 | INFO | Query 14 Active Learning Instance Cost: 5264959.01
2025-02-10 11:48 | INFO | Query 15 Size of the uncertainty table is = 10913/23184
2025-02-10 11:48 | INFO | Query 15 Size of the filtered table is = 232
2025-02-10 11:48 | INFO | Training Time Active Learning Classifier: 4.33 seconds
2025-02-10 11:48 | INFO | Training Time Active Learning Regressor: 2.18 seconds
2025-02-10 11:48 | INFO | Query 15 Active Learning Runtime on Validation Set: 345921.63
2025-02-10 11:48 | INFO | Query 15 Active Learning Runtime on Test Set: 120580.67
2025-02-10 11:48 | INFO | Query 15 Active Learning Instance Cost: 5669116.58
2025-02-10 11:49 | INFO | Query 16 Size of the uncertainty table is = 9639/23184
2025-02-10 11:49 | INFO | Query 16 Size of the filtered table is = 232
2025-02-10 11:49 | INFO | Training Time Active Learning Classifier: 4.65 seconds
2025-02-10 11:49 | INFO | Training Time Active Learning Regressor: 2.26 seconds
2025-02-10 11:49 | INFO | Query 16 Active Learning Runtime on Validation Set: 407481.75
2025-02-10 11:49 | INFO | Query 16 Active Learning Runtime on Test Set: 120733.6
2025-02-10 11:49 | INFO | Query 16 Active Learning Instance Cost: 6462264.44
2025-02-10 11:49 | INFO | Timeout limit is increased to 3600
2025-02-10 11:49 | INFO | Query 17 Size of the uncertainty table is = 8038/23184
2025-02-10 11:49 | INFO | Query 17 Size of the filtered table is = 232
2025-02-10 11:49 | INFO | Training Time Active Learning Classifier: 4.91 seconds
2025-02-10 11:49 | INFO | Training Time Active Learning Regressor: 2.37 seconds
2025-02-10 11:50 | INFO | Query 17 Active Learning Runtime on Validation Set: 410386.48
2025-02-10 11:50 | INFO | Query 17 Active Learning Runtime on Test Set: 118940.73
2025-02-10 11:50 | INFO | Query 17 Active Learning Instance Cost: 7022919.41
2025-02-10 11:50 | INFO | Timeout limit is increased to 3600
2025-02-10 11:50 | INFO | Query 18 Size of the uncertainty table is = 6385/23184
2025-02-10 11:50 | INFO | Query 18 Size of the filtered table is = 232
2025-02-10 11:50 | INFO | Training Time Active Learning Classifier: 5.18 seconds
2025-02-10 11:50 | INFO | Training Time Active Learning Regressor: 2.47 seconds
2025-02-10 11:51 | INFO | Query 18 Active Learning Runtime on Validation Set: 375116.9
2025-02-10 11:51 | INFO | Query 18 Active Learning Runtime on Test Set: 84008.97
2025-02-10 11:51 | INFO | Query 18 Active Learning Instance Cost: 7400793.55
2025-02-10 11:51 | INFO | Query 19 Size of the uncertainty table is = 4888/23184
2025-02-10 11:51 | INFO | Query 19 Size of the filtered table is = 232
2025-02-10 11:51 | INFO | Training Time Active Learning Classifier: 5.61 seconds
2025-02-10 11:51 | INFO | Training Time Active Learning Regressor: 2.57 seconds
2025-02-10 11:51 | INFO | Query 19 Active Learning Runtime on Validation Set: 405924.6
2025-02-10 11:51 | INFO | Query 19 Active Learning Runtime on Test Set: 82369.92
2025-02-10 11:51 | INFO | Query 19 Active Learning Instance Cost: 7707503.13
2025-02-10 11:51 | INFO | Timeout limit is increased to 3600
2025-02-10 11:51 | INFO | Query 20 Size of the uncertainty table is = 3383/23184
2025-02-10 11:51 | INFO | Query 20 Size of the filtered table is = 232
2025-02-10 11:51 | INFO | Training Time Active Learning Classifier: 5.78 seconds
2025-02-10 11:52 | INFO | Training Time Active Learning Regressor: 2.65 seconds
2025-02-10 11:52 | INFO | Query 20 Active Learning Runtime on Validation Set: 486309.95
2025-02-10 11:52 | INFO | Query 20 Active Learning Runtime on Test Set: 119646.54
2025-02-10 11:52 | INFO | Query 20 Active Learning Instance Cost: 7922809.44
2025-02-10 11:52 | INFO | Timeout limit is increased to 3600
2025-02-10 11:52 | INFO | Query 21 Size of the uncertainty table is = 2080/23184
2025-02-10 11:52 | INFO | Query 21 Size of the filtered table is = 232
2025-02-10 11:52 | INFO | Training Time Active Learning Classifier: 6.01 seconds
2025-02-10 11:52 | INFO | Training Time Active Learning Regressor: 2.73 seconds
2025-02-10 11:53 | INFO | Query 21 Active Learning Runtime on Validation Set: 488838.19
2025-02-10 11:53 | INFO | Query 21 Active Learning Runtime on Test Set: 120933.17
2025-02-10 11:53 | INFO | Query 21 Active Learning Instance Cost: 8154805.51
2025-02-10 11:53 | INFO | Timeout limit is increased to 3600
2025-02-10 11:53 | INFO | Query 22 Size of the uncertainty table is = 855/23184
2025-02-10 11:53 | INFO | Query 22 Size of the filtered table is = 232
2025-02-10 11:53 | INFO | Training Time Active Learning Classifier: 6.21 seconds
2025-02-10 11:53 | INFO | Training Time Active Learning Regressor: 2.77 seconds
2025-02-10 11:53 | INFO | Query 22 Active Learning Runtime on Validation Set: 481627.19
2025-02-10 11:53 | INFO | Query 22 Active Learning Runtime on Test Set: 186439.77
2025-02-10 11:53 | INFO | Query 22 Active Learning Instance Cost: 8251266.92
2025-02-10 11:53 | INFO | Query 23 Size of the uncertainty table is = 67/23184
2025-02-10 11:53 | INFO | Query 23 Size of the filtered table is = 67
2025-02-10 11:53 | INFO | Training Time Active Learning Classifier: 6.16 seconds
2025-02-10 11:53 | INFO | Training Time Active Learning Regressor: 3.31 seconds
2025-02-10 11:54 | INFO | Query 23 Active Learning Runtime on Validation Set: 480828.19
2025-02-10 11:54 | INFO | Query 23 Active Learning Runtime on Test Set: 119057.15
2025-02-10 11:54 | INFO | Query 23 Active Learning Instance Cost: 8251452.72
2025-02-10 11:54 | INFO | Active Learning Emissions: 0.011612869474524678
2025-02-10 11:54 | INFO | Active Learning Energy Consumption: 0.012635098530353562 kWh
2025-02-10 11:54 | INFO | runtime_test_score is written as json file
2025-02-10 11:54 | INFO | runtime_validation_score is written as json file
2025-02-10 11:54 | INFO | instance_cost is written as json file
2025-02-10 11:54 | INFO | Experiment is finished
