2025-02-11 01:59 | INFO | Paramaters are: {'dataset': 'BNSL-2016', 'penalty': 10, 'weight': 'No_Weight', 'voting': 'Hard', 'pre_selection_size': 64, 'pre_selection_technique': 'No_pre_selection', 'feature_elimination_threshold': 20, 'imputer_strategy': 'median', 'feature_selection_technique': 'No_feature_selection', 'feature_scaling_technique': 'StandardScaler', 'initial_train_size': 20, 'query_size': 1, 'timeout_predictor_usage': 'No', 'pareto_features': {'Uncertainty': 'max', 'PredDiff': 'max', 'PredCost': 'min'}, 'timeout_limit': 100, 'timeout_increase_rate': 100, 'penalty_type': 'Only-timeout-penalty', 'RANDOM_STATE_SEED': 7, 'n_splits': 10, 'split_number': 4, 'max_timeout': 3600, 'param_grid': {'n_estimators': 100, 'max_features': 'sqrt', 'max_depth': 2147483648, 'min_samples_split': 2, 'bootstrap': True}}
2025-02-11 01:59 | INFO | BNSL-2016 is current dataset
2025-02-11 01:59 | INFO | DATASETS/BNSL-2016/algorithm_runs.arff is found
2025-02-11 01:59 | INFO | DATASETS/BNSL-2016/algorithm_runs.arff is finished
2025-02-11 01:59 | INFO | DATASETS/BNSL-2016/feature_values.arff is found
2025-02-11 01:59 | INFO | DATASETS/BNSL-2016/feature_values.arff is finished
2025-02-11 01:59 | INFO | DATASETS/BNSL-2016/feature_costs.arff is found
2025-02-11 01:59 | INFO | DATASETS/BNSL-2016/feature_costs.arff is finished
2025-02-11 01:59 | INFO | Virtual best solver time in train = 192209.35
2025-02-11 01:59 | INFO | Single best solver list train = {'astar-comp': 10660070.29, 'astar-ec': 16767737.76, 'astar-ed3': 17989934.51, 'cpbayes': 8089586.65, 'ilp-141': 3965524.69, 'ilp-141-nc': 3968379.98, 'ilp-162': 3858215.43, 'ilp-162-nc': 3977723.53}
2025-02-11 01:59 | INFO | Single best solver time train = ilp-162 (3858215.43)
2025-02-11 01:59 | INFO | Virtual best solver time in validation = 48000.33
2025-02-11 01:59 | INFO | Single best solver list validation = {'astar-comp': 2829081.47, 'astar-ec': 4723723.2, 'astar-ed3': 4940818.44, 'cpbayes': 1227477.93, 'ilp-141': 931433.25, 'ilp-141-nc': 971372.32, 'ilp-162': 1297304.16, 'ilp-162-nc': 1263656.37}
2025-02-11 01:59 | INFO | Single best solver time validation = ilp-141 (931433.25)
2025-02-11 01:59 | INFO | Virtual best solver time in test = 37373.88
2025-02-11 01:59 | INFO | Single best solver list test = {'astar-comp': 1500456.94, 'astar-ec': 2383265.92, 'astar-ed3': 2421871.38, 'cpbayes': 1256786.96, 'ilp-141': 586175.92, 'ilp-141-nc': 620206.13, 'ilp-162': 618341.84, 'ilp-162-nc': 659852.98}
2025-02-11 01:59 | INFO | Single best solver time test = ilp-141 (586175.92)
2025-02-11 02:00 | INFO | Training Time Passive Learning Classifier: 49.55 seconds
2025-02-11 02:00 | INFO | Training Time Passive Learning Regressor: 19.97 seconds
2025-02-11 02:08 | INFO | Passive Learning Classifier Runtime on Validation Set: 410857.14
2025-02-11 02:08 | INFO | Passive Learning Classifier Runtime on Test Set: 116075.06
2025-02-11 02:08 | INFO | Passive Learning Instance Cost: 8365172.84
2025-02-11 02:08 | INFO | Passive Learning Emissions: 0.016592945519574277
2025-02-11 02:08 | INFO | Passive Learning Energy Consumption: 0.018053548436803638 kWh
2025-02-11 02:08 | INFO | Training Time Active Learning Classifier: 24.26 seconds
2025-02-11 02:08 | INFO | Training Time Active Learning Regressor: 5.56 seconds
2025-02-11 02:16 | INFO | Initial Active Learning Runtime on Validation Set: 1209659.27
2025-02-11 02:16 | INFO | Initial Active Learning Runtime on Test Set: 575239.76
2025-02-11 02:16 | INFO | Initial Active Learning Instance Cost: 9321.84
2025-02-11 02:16 | INFO | Bin size = 232
2025-02-11 02:18 | INFO | Query 1 Size of the uncertainty table is = 23321/23184
2025-02-11 02:19 | INFO | Query 1 Size of the filtered table is = 555
2025-02-11 02:19 | INFO | Training Time Active Learning Classifier: 22.84 seconds
2025-02-11 02:19 | INFO | Training Time Active Learning Regressor: 6.24 seconds
2025-02-11 02:27 | INFO | Query 1 Active Learning Runtime on Validation Set: 1106348.96
2025-02-11 02:27 | INFO | Query 1 Active Learning Runtime on Test Set: 618344.68
2025-02-11 02:27 | INFO | Query 1 Active Learning Instance Cost: 23852.07
2025-02-11 02:30 | INFO | Query 2 Size of the uncertainty table is = 22913/23184
2025-02-11 02:30 | INFO | Query 2 Size of the filtered table is = 372
2025-02-11 02:30 | INFO | Training Time Active Learning Classifier: 24.28 seconds
2025-02-11 02:30 | INFO | Training Time Active Learning Regressor: 7.02 seconds
2025-02-11 02:38 | INFO | Query 2 Active Learning Runtime on Validation Set: 1215386.17
2025-02-11 02:38 | INFO | Query 2 Active Learning Runtime on Test Set: 608380.74
2025-02-11 02:38 | INFO | Query 2 Active Learning Instance Cost: 32618.39
2025-02-11 02:38 | INFO | Timeout limit is increased to 200
2025-02-11 02:41 | INFO | Query 3 Size of the uncertainty table is = 22343/23184
2025-02-11 02:41 | INFO | Query 3 Size of the filtered table is = 240
2025-02-11 02:42 | INFO | Training Time Active Learning Classifier: 24.38 seconds
2025-02-11 02:42 | INFO | Training Time Active Learning Regressor: 7.58 seconds
2025-02-11 02:50 | INFO | Query 3 Active Learning Runtime on Validation Set: 1072057.51
2025-02-11 02:50 | INFO | Query 3 Active Learning Runtime on Test Set: 405661.21
2025-02-11 02:50 | INFO | Query 3 Active Learning Instance Cost: 47313.52
2025-02-11 02:53 | INFO | Query 4 Size of the uncertainty table is = 21735/23184
2025-02-11 02:53 | INFO | Query 4 Size of the filtered table is = 399
2025-02-11 02:54 | INFO | Training Time Active Learning Classifier: 25.07 seconds
2025-02-11 02:54 | INFO | Training Time Active Learning Regressor: 8.26 seconds
2025-02-11 03:02 | INFO | Query 4 Active Learning Runtime on Validation Set: 902615.81
2025-02-11 03:02 | INFO | Query 4 Active Learning Runtime on Test Set: 425225.37
2025-02-11 03:02 | INFO | Query 4 Active Learning Instance Cost: 68861.18
2025-02-11 03:05 | INFO | Query 5 Size of the uncertainty table is = 21144/23184
2025-02-11 03:05 | INFO | Query 5 Size of the filtered table is = 372
2025-02-11 03:06 | INFO | Training Time Active Learning Classifier: 26.26 seconds
2025-02-11 03:06 | INFO | Training Time Active Learning Regressor: 8.84 seconds
2025-02-11 03:14 | INFO | Query 5 Active Learning Runtime on Validation Set: 683125.94
2025-02-11 03:14 | INFO | Query 5 Active Learning Runtime on Test Set: 285051.58
2025-02-11 03:14 | INFO | Query 5 Active Learning Instance Cost: 84670.93
2025-02-11 03:17 | INFO | Query 6 Size of the uncertainty table is = 20500/23184
2025-02-11 03:17 | INFO | Query 6 Size of the filtered table is = 327
2025-02-11 03:18 | INFO | Training Time Active Learning Classifier: 26.89 seconds
2025-02-11 03:18 | INFO | Training Time Active Learning Regressor: 9.44 seconds
2025-02-11 03:26 | INFO | Query 6 Active Learning Runtime on Validation Set: 611302.03
2025-02-11 03:26 | INFO | Query 6 Active Learning Runtime on Test Set: 222758.84
2025-02-11 03:26 | INFO | Query 6 Active Learning Instance Cost: 99772.16
2025-02-11 03:29 | INFO | Query 7 Size of the uncertainty table is = 19810/23184
2025-02-11 03:29 | INFO | Query 7 Size of the filtered table is = 305
2025-02-11 03:30 | INFO | Training Time Active Learning Classifier: 28.82 seconds
2025-02-11 03:30 | INFO | Training Time Active Learning Regressor: 10.25 seconds
2025-02-11 03:38 | INFO | Query 7 Active Learning Runtime on Validation Set: 516288.7
2025-02-11 03:38 | INFO | Query 7 Active Learning Runtime on Test Set: 223020.22
2025-02-11 03:38 | INFO | Query 7 Active Learning Instance Cost: 115526.34
2025-02-11 03:42 | INFO | Query 8 Size of the uncertainty table is = 19104/23184
2025-02-11 03:42 | INFO | Query 8 Size of the filtered table is = 240
2025-02-11 03:42 | INFO | Training Time Active Learning Classifier: 28.64 seconds
2025-02-11 03:43 | INFO | Training Time Active Learning Regressor: 10.89 seconds
2025-02-11 03:50 | INFO | Query 8 Active Learning Runtime on Validation Set: 577195.21
2025-02-11 03:50 | INFO | Query 8 Active Learning Runtime on Test Set: 288971.73
2025-02-11 03:50 | INFO | Query 8 Active Learning Instance Cost: 132736.25
2025-02-11 03:50 | INFO | Timeout limit is increased to 300
2025-02-11 03:54 | INFO | Query 9 Size of the uncertainty table is = 18400/23184
2025-02-11 03:54 | INFO | Query 9 Size of the filtered table is = 301
2025-02-11 03:55 | INFO | Training Time Active Learning Classifier: 29.76 seconds
2025-02-11 03:55 | INFO | Training Time Active Learning Regressor: 11.15 seconds
2025-02-11 04:03 | INFO | Query 9 Active Learning Runtime on Validation Set: 586275.1
2025-02-11 04:03 | INFO | Query 9 Active Learning Runtime on Test Set: 290455.97
2025-02-11 04:03 | INFO | Query 9 Active Learning Instance Cost: 152362.55
2025-02-11 04:03 | INFO | Timeout limit is increased to 400
2025-02-11 04:06 | INFO | Query 10 Size of the uncertainty table is = 17629/23184
2025-02-11 04:06 | INFO | Query 10 Size of the filtered table is = 255
2025-02-11 04:07 | INFO | Training Time Active Learning Classifier: 30.87 seconds
2025-02-11 04:07 | INFO | Training Time Active Learning Regressor: 11.85 seconds
2025-02-11 04:15 | INFO | Query 10 Active Learning Runtime on Validation Set: 482733.37
2025-02-11 04:15 | INFO | Query 10 Active Learning Runtime on Test Set: 182601.78
2025-02-11 04:15 | INFO | Query 10 Active Learning Instance Cost: 195394.22
2025-02-11 04:18 | INFO | Query 11 Size of the uncertainty table is = 16876/23184
2025-02-11 04:18 | INFO | Query 11 Size of the filtered table is = 232
2025-02-11 04:19 | INFO | Training Time Active Learning Classifier: 31.88 seconds
2025-02-11 04:19 | INFO | Training Time Active Learning Regressor: 12.44 seconds
2025-02-11 04:27 | INFO | Query 11 Active Learning Runtime on Validation Set: 589513.54
2025-02-11 04:27 | INFO | Query 11 Active Learning Runtime on Test Set: 258334.79
2025-02-11 04:27 | INFO | Query 11 Active Learning Instance Cost: 230411.36
2025-02-11 04:27 | INFO | Timeout limit is increased to 500
2025-02-11 04:30 | INFO | Query 12 Size of the uncertainty table is = 16153/23184
2025-02-11 04:30 | INFO | Query 12 Size of the filtered table is = 232
2025-02-11 04:31 | INFO | Training Time Active Learning Classifier: 33.59 seconds
2025-02-11 04:31 | INFO | Training Time Active Learning Regressor: 13.17 seconds
2025-02-11 04:39 | INFO | Query 12 Active Learning Runtime on Validation Set: 544517.37
2025-02-11 04:39 | INFO | Query 12 Active Learning Runtime on Test Set: 282023.37
2025-02-11 04:39 | INFO | Query 12 Active Learning Instance Cost: 278524.31
2025-02-11 04:42 | INFO | Query 13 Size of the uncertainty table is = 15397/23184
2025-02-11 04:42 | INFO | Query 13 Size of the filtered table is = 232
2025-02-11 04:43 | INFO | Training Time Active Learning Classifier: 33.99 seconds
2025-02-11 04:44 | INFO | Training Time Active Learning Regressor: 13.72 seconds
2025-02-11 04:52 | INFO | Query 13 Active Learning Runtime on Validation Set: 618451.45
2025-02-11 04:52 | INFO | Query 13 Active Learning Runtime on Test Set: 187292.25
2025-02-11 04:52 | INFO | Query 13 Active Learning Instance Cost: 331489.02
2025-02-11 04:52 | INFO | Timeout limit is increased to 600
2025-02-11 04:55 | INFO | Query 14 Size of the uncertainty table is = 14762/23184
2025-02-11 04:55 | INFO | Query 14 Size of the filtered table is = 232
2025-02-11 04:56 | INFO | Training Time Active Learning Classifier: 35.36 seconds
2025-02-11 04:56 | INFO | Training Time Active Learning Regressor: 14.08 seconds
2025-02-11 05:04 | INFO | Query 14 Active Learning Runtime on Validation Set: 584346.4
2025-02-11 05:04 | INFO | Query 14 Active Learning Runtime on Test Set: 156595.75
2025-02-11 05:04 | INFO | Query 14 Active Learning Instance Cost: 393198.94
2025-02-11 05:07 | INFO | Query 15 Size of the uncertainty table is = 14065/23184
2025-02-11 05:07 | INFO | Query 15 Size of the filtered table is = 232
2025-02-11 05:08 | INFO | Training Time Active Learning Classifier: 36.19 seconds
2025-02-11 05:08 | INFO | Training Time Active Learning Regressor: 14.56 seconds
2025-02-11 05:16 | INFO | Query 15 Active Learning Runtime on Validation Set: 513786.66
2025-02-11 05:16 | INFO | Query 15 Active Learning Runtime on Test Set: 156449.29
2025-02-11 05:16 | INFO | Query 15 Active Learning Instance Cost: 455158.3
2025-02-11 05:19 | INFO | Query 16 Size of the uncertainty table is = 13309/23184
2025-02-11 05:19 | INFO | Query 16 Size of the filtered table is = 266
2025-02-11 05:20 | INFO | Training Time Active Learning Classifier: 37.22 seconds
2025-02-11 05:20 | INFO | Training Time Active Learning Regressor: 14.93 seconds
2025-02-11 05:28 | INFO | Query 16 Active Learning Runtime on Validation Set: 646209.01
2025-02-11 05:28 | INFO | Query 16 Active Learning Runtime on Test Set: 120618.98
2025-02-11 05:28 | INFO | Query 16 Active Learning Instance Cost: 514232.82
2025-02-11 05:28 | INFO | Timeout limit is increased to 700
2025-02-11 05:31 | INFO | Query 17 Size of the uncertainty table is = 12518/23184
2025-02-11 05:31 | INFO | Query 17 Size of the filtered table is = 277
2025-02-11 05:32 | INFO | Training Time Active Learning Classifier: 38.85 seconds
2025-02-11 05:32 | INFO | Training Time Active Learning Regressor: 15.69 seconds
2025-02-11 05:40 | INFO | Query 17 Active Learning Runtime on Validation Set: 405392.12
2025-02-11 05:40 | INFO | Query 17 Active Learning Runtime on Test Set: 156467.47
2025-02-11 05:40 | INFO | Query 17 Active Learning Instance Cost: 596962.17
2025-02-11 05:43 | INFO | Query 18 Size of the uncertainty table is = 11764/23184
2025-02-11 05:43 | INFO | Query 18 Size of the filtered table is = 232
2025-02-11 05:44 | INFO | Training Time Active Learning Classifier: 39.39 seconds
2025-02-11 05:44 | INFO | Training Time Active Learning Regressor: 15.86 seconds
2025-02-11 05:52 | INFO | Query 18 Active Learning Runtime on Validation Set: 446408.53
2025-02-11 05:52 | INFO | Query 18 Active Learning Runtime on Test Set: 121442.5
2025-02-11 05:52 | INFO | Query 18 Active Learning Instance Cost: 672420.17
2025-02-11 05:52 | INFO | Timeout limit is increased to 800
2025-02-11 05:55 | INFO | Query 19 Size of the uncertainty table is = 11091/23184
2025-02-11 05:55 | INFO | Query 19 Size of the filtered table is = 250
2025-02-11 05:56 | INFO | Training Time Active Learning Classifier: 41.15 seconds
2025-02-11 05:56 | INFO | Training Time Active Learning Regressor: 16.54 seconds
2025-02-11 06:04 | INFO | Query 19 Active Learning Runtime on Validation Set: 445799.08
2025-02-11 06:04 | INFO | Query 19 Active Learning Runtime on Test Set: 95036.78
2025-02-11 06:04 | INFO | Query 19 Active Learning Instance Cost: 765860.86
2025-02-11 06:07 | INFO | Query 20 Size of the uncertainty table is = 10278/23184
2025-02-11 06:07 | INFO | Query 20 Size of the filtered table is = 233
2025-02-11 06:08 | INFO | Training Time Active Learning Classifier: 41.82 seconds
2025-02-11 06:08 | INFO | Training Time Active Learning Regressor: 16.89 seconds
2025-02-11 06:16 | INFO | Query 20 Active Learning Runtime on Validation Set: 549724.12
2025-02-11 06:16 | INFO | Query 20 Active Learning Runtime on Test Set: 152350.61
2025-02-11 06:16 | INFO | Query 20 Active Learning Instance Cost: 847489.36
2025-02-11 06:16 | INFO | Timeout limit is increased to 900
2025-02-11 06:19 | INFO | Query 21 Size of the uncertainty table is = 9579/23184
2025-02-11 06:19 | INFO | Query 21 Size of the filtered table is = 232
2025-02-11 06:20 | INFO | Training Time Active Learning Classifier: 42.76 seconds
2025-02-11 06:20 | INFO | Training Time Active Learning Regressor: 17.46 seconds
2025-02-11 06:28 | INFO | Query 21 Active Learning Runtime on Validation Set: 413624.06
2025-02-11 06:28 | INFO | Query 21 Active Learning Runtime on Test Set: 118316.06
2025-02-11 06:28 | INFO | Query 21 Active Learning Instance Cost: 934003.75
2025-02-11 06:30 | INFO | Query 22 Size of the uncertainty table is = 8899/23184
2025-02-11 06:30 | INFO | Query 22 Size of the filtered table is = 232
2025-02-11 06:31 | INFO | Training Time Active Learning Classifier: 43.72 seconds
2025-02-11 06:32 | INFO | Training Time Active Learning Regressor: 17.97 seconds
2025-02-11 06:40 | INFO | Query 22 Active Learning Runtime on Validation Set: 421169.11
2025-02-11 06:40 | INFO | Query 22 Active Learning Runtime on Test Set: 151427.78
2025-02-11 06:40 | INFO | Query 22 Active Learning Instance Cost: 1049053.83
2025-02-11 06:40 | INFO | Timeout limit is increased to 1000
2025-02-11 06:42 | INFO | Query 23 Size of the uncertainty table is = 8170/23184
2025-02-11 06:42 | INFO | Query 23 Size of the filtered table is = 232
2025-02-11 06:43 | INFO | Training Time Active Learning Classifier: 44.6 seconds
2025-02-11 06:44 | INFO | Training Time Active Learning Regressor: 18.49 seconds
2025-02-11 06:51 | INFO | Query 23 Active Learning Runtime on Validation Set: 463875.08
2025-02-11 06:51 | INFO | Query 23 Active Learning Runtime on Test Set: 151214.41
2025-02-11 06:51 | INFO | Query 23 Active Learning Instance Cost: 1166383.75
2025-02-11 06:51 | INFO | Timeout limit is increased to 1100
2025-02-11 06:53 | INFO | Query 24 Size of the uncertainty table is = 7528/23184
2025-02-11 06:53 | INFO | Query 24 Size of the filtered table is = 232
2025-02-11 06:55 | INFO | Training Time Active Learning Classifier: 45.79 seconds
2025-02-11 06:55 | INFO | Training Time Active Learning Regressor: 18.83 seconds
2025-02-11 07:03 | INFO | Query 24 Active Learning Runtime on Validation Set: 423465.26
2025-02-11 07:03 | INFO | Query 24 Active Learning Runtime on Test Set: 153207.89
2025-02-11 07:03 | INFO | Query 24 Active Learning Instance Cost: 1291276.17
2025-02-11 07:05 | INFO | Query 25 Size of the uncertainty table is = 6877/23184
2025-02-11 07:05 | INFO | Query 25 Size of the filtered table is = 232
2025-02-11 07:06 | INFO | Training Time Active Learning Classifier: 46.38 seconds
2025-02-11 07:06 | INFO | Training Time Active Learning Regressor: 18.99 seconds
2025-02-11 07:14 | INFO | Query 25 Active Learning Runtime on Validation Set: 379277.9
2025-02-11 07:14 | INFO | Query 25 Active Learning Runtime on Test Set: 154269.17
2025-02-11 07:14 | INFO | Query 25 Active Learning Instance Cost: 1429481.65
2025-02-11 07:16 | INFO | Query 26 Size of the uncertainty table is = 6286/23184
2025-02-11 07:16 | INFO | Query 26 Size of the filtered table is = 232
2025-02-11 07:17 | INFO | Training Time Active Learning Classifier: 47.31 seconds
2025-02-11 07:18 | INFO | Training Time Active Learning Regressor: 19.24 seconds
2025-02-11 07:25 | INFO | Query 26 Active Learning Runtime on Validation Set: 383991.13
2025-02-11 07:25 | INFO | Query 26 Active Learning Runtime on Test Set: 119621.71
2025-02-11 07:25 | INFO | Query 26 Active Learning Instance Cost: 1584994.6
2025-02-11 07:25 | INFO | Timeout limit is increased to 1200
2025-02-11 07:27 | INFO | Query 27 Size of the uncertainty table is = 5681/23184
2025-02-11 07:27 | INFO | Query 27 Size of the filtered table is = 232
2025-02-11 07:28 | INFO | Training Time Active Learning Classifier: 47.69 seconds
2025-02-11 07:29 | INFO | Training Time Active Learning Regressor: 19.63 seconds
2025-02-11 07:36 | INFO | Query 27 Active Learning Runtime on Validation Set: 512794.99
2025-02-11 07:36 | INFO | Query 27 Active Learning Runtime on Test Set: 154100.73
2025-02-11 07:36 | INFO | Query 27 Active Learning Instance Cost: 1770166.33
2025-02-11 07:36 | INFO | Timeout limit is increased to 1300
2025-02-11 07:38 | INFO | Query 28 Size of the uncertainty table is = 5187/23184
2025-02-11 07:38 | INFO | Query 28 Size of the filtered table is = 232
2025-02-11 07:39 | INFO | Training Time Active Learning Classifier: 48.47 seconds
2025-02-11 07:40 | INFO | Training Time Active Learning Regressor: 19.79 seconds
2025-02-11 07:47 | INFO | Query 28 Active Learning Runtime on Validation Set: 443267.73
2025-02-11 07:47 | INFO | Query 28 Active Learning Runtime on Test Set: 116333.3
2025-02-11 07:47 | INFO | Query 28 Active Learning Instance Cost: 1947412.48
2025-02-11 07:49 | INFO | Query 29 Size of the uncertainty table is = 4723/23184
2025-02-11 07:49 | INFO | Query 29 Size of the filtered table is = 232
2025-02-11 07:50 | INFO | Training Time Active Learning Classifier: 48.78 seconds
2025-02-11 07:51 | INFO | Training Time Active Learning Regressor: 20.03 seconds
2025-02-11 07:59 | INFO | Query 29 Active Learning Runtime on Validation Set: 519327.09
2025-02-11 07:59 | INFO | Query 29 Active Learning Runtime on Test Set: 117900.04
2025-02-11 07:59 | INFO | Query 29 Active Learning Instance Cost: 2144566.05
2025-02-11 07:59 | INFO | Timeout limit is increased to 1400
2025-02-11 08:00 | INFO | Query 30 Size of the uncertainty table is = 4409/23184
2025-02-11 08:00 | INFO | Query 30 Size of the filtered table is = 232
2025-02-11 08:01 | INFO | Training Time Active Learning Classifier: 48.75 seconds
2025-02-11 08:02 | INFO | Training Time Active Learning Regressor: 20.25 seconds
2025-02-11 08:09 | INFO | Query 30 Active Learning Runtime on Validation Set: 456563.51
2025-02-11 08:09 | INFO | Query 30 Active Learning Runtime on Test Set: 117919.45
2025-02-11 08:09 | INFO | Query 30 Active Learning Instance Cost: 2360450.74
2025-02-11 08:11 | INFO | Query 31 Size of the uncertainty table is = 4218/23184
2025-02-11 08:11 | INFO | Query 31 Size of the filtered table is = 232
2025-02-11 08:12 | INFO | Training Time Active Learning Classifier: 49.51 seconds
2025-02-11 08:13 | INFO | Training Time Active Learning Regressor: 20.2 seconds
2025-02-11 08:20 | INFO | Query 31 Active Learning Runtime on Validation Set: 380859.39
2025-02-11 08:20 | INFO | Query 31 Active Learning Runtime on Test Set: 116370.23
2025-02-11 08:20 | INFO | Query 31 Active Learning Instance Cost: 2494843.1
2025-02-11 08:22 | INFO | Query 32 Size of the uncertainty table is = 4089/23184
2025-02-11 08:22 | INFO | Query 32 Size of the filtered table is = 232
2025-02-11 08:23 | INFO | Training Time Active Learning Classifier: 49.12 seconds
2025-02-11 08:23 | INFO | Training Time Active Learning Regressor: 20.24 seconds
2025-02-11 08:31 | INFO | Query 32 Active Learning Runtime on Validation Set: 451642.41
2025-02-11 08:31 | INFO | Query 32 Active Learning Runtime on Test Set: 116528.48
2025-02-11 08:31 | INFO | Query 32 Active Learning Instance Cost: 2593963.02
2025-02-11 08:31 | INFO | Timeout limit is increased to 1500
2025-02-11 08:33 | INFO | Query 33 Size of the uncertainty table is = 4060/23184
2025-02-11 08:33 | INFO | Query 33 Size of the filtered table is = 232
2025-02-11 08:34 | INFO | Training Time Active Learning Classifier: 49.22 seconds
2025-02-11 08:34 | INFO | Training Time Active Learning Regressor: 20.25 seconds
2025-02-11 08:42 | INFO | Query 33 Active Learning Runtime on Validation Set: 424307.48
2025-02-11 08:42 | INFO | Query 33 Active Learning Runtime on Test Set: 116236.9
2025-02-11 08:42 | INFO | Query 33 Active Learning Instance Cost: 2657608.7
2025-02-11 08:44 | INFO | Query 34 Size of the uncertainty table is = 4028/23184
2025-02-11 08:44 | INFO | Query 34 Size of the filtered table is = 232
2025-02-11 08:45 | INFO | Training Time Active Learning Classifier: 49.57 seconds
2025-02-11 08:45 | INFO | Training Time Active Learning Regressor: 20.4 seconds
2025-02-11 08:53 | INFO | Query 34 Active Learning Runtime on Validation Set: 425501.47
2025-02-11 08:53 | INFO | Query 34 Active Learning Runtime on Test Set: 116395.22
2025-02-11 08:53 | INFO | Query 34 Active Learning Instance Cost: 2709269.92
2025-02-11 08:53 | INFO | Timeout limit is increased to 1600
2025-02-11 08:54 | INFO | Query 35 Size of the uncertainty table is = 3979/23184
2025-02-11 08:54 | INFO | Query 35 Size of the filtered table is = 232
2025-02-11 08:56 | INFO | Training Time Active Learning Classifier: 49.59 seconds
2025-02-11 08:56 | INFO | Training Time Active Learning Regressor: 20.36 seconds
2025-02-11 09:04 | INFO | Query 35 Active Learning Runtime on Validation Set: 421924.56
2025-02-11 09:04 | INFO | Query 35 Active Learning Runtime on Test Set: 116406.26
2025-02-11 09:04 | INFO | Query 35 Active Learning Instance Cost: 2760001.2
2025-02-11 09:05 | INFO | Query 36 Size of the uncertainty table is = 3953/23184
2025-02-11 09:05 | INFO | Query 36 Size of the filtered table is = 232
2025-02-11 09:06 | INFO | Training Time Active Learning Classifier: 49.42 seconds
2025-02-11 09:07 | INFO | Training Time Active Learning Regressor: 20.42 seconds
2025-02-11 09:14 | INFO | Query 36 Active Learning Runtime on Validation Set: 481911.86
2025-02-11 09:14 | INFO | Query 36 Active Learning Runtime on Test Set: 116363.38
2025-02-11 09:14 | INFO | Query 36 Active Learning Instance Cost: 2798964.98
2025-02-11 09:14 | INFO | Timeout limit is increased to 1700
2025-02-11 09:16 | INFO | Query 37 Size of the uncertainty table is = 3912/23184
2025-02-11 09:16 | INFO | Query 37 Size of the filtered table is = 232
2025-02-11 09:17 | INFO | Training Time Active Learning Classifier: 50.12 seconds
2025-02-11 09:18 | INFO | Training Time Active Learning Regressor: 20.55 seconds
2025-02-11 09:25 | INFO | Query 37 Active Learning Runtime on Validation Set: 445741.88
2025-02-11 09:25 | INFO | Query 37 Active Learning Runtime on Test Set: 116363.73
2025-02-11 09:25 | INFO | Query 37 Active Learning Instance Cost: 2844760.84
2025-02-11 09:27 | INFO | Query 38 Size of the uncertainty table is = 3877/23184
2025-02-11 09:27 | INFO | Query 38 Size of the filtered table is = 232
2025-02-11 09:28 | INFO | Training Time Active Learning Classifier: 49.67 seconds
2025-02-11 09:28 | INFO | Training Time Active Learning Regressor: 20.52 seconds
2025-02-11 09:36 | INFO | Query 38 Active Learning Runtime on Validation Set: 445783.33
2025-02-11 09:36 | INFO | Query 38 Active Learning Runtime on Test Set: 116363.73
2025-02-11 09:36 | INFO | Query 38 Active Learning Instance Cost: 2886430.35
2025-02-11 09:36 | INFO | Timeout limit is increased to 1800
2025-02-11 09:38 | INFO | Query 39 Size of the uncertainty table is = 3844/23184
2025-02-11 09:38 | INFO | Query 39 Size of the filtered table is = 232
2025-02-11 09:39 | INFO | Training Time Active Learning Classifier: 50.53 seconds
2025-02-11 09:39 | INFO | Training Time Active Learning Regressor: 20.85 seconds
2025-02-11 09:47 | INFO | Query 39 Active Learning Runtime on Validation Set: 444777.16
2025-02-11 09:47 | INFO | Query 39 Active Learning Runtime on Test Set: 116374.53
2025-02-11 09:47 | INFO | Query 39 Active Learning Instance Cost: 2935730.05
2025-02-11 09:48 | INFO | Query 40 Size of the uncertainty table is = 3826/23184
2025-02-11 09:48 | INFO | Query 40 Size of the filtered table is = 232
2025-02-11 09:50 | INFO | Training Time Active Learning Classifier: 49.78 seconds
2025-02-11 09:50 | INFO | Training Time Active Learning Regressor: 20.49 seconds
2025-02-11 09:58 | INFO | Query 40 Active Learning Runtime on Validation Set: 448191.55
2025-02-11 09:58 | INFO | Query 40 Active Learning Runtime on Test Set: 116374.06
2025-02-11 09:58 | INFO | Query 40 Active Learning Instance Cost: 2969823.11
2025-02-11 09:58 | INFO | Timeout limit is increased to 1900
2025-02-11 09:59 | INFO | Query 41 Size of the uncertainty table is = 3797/23184
2025-02-11 09:59 | INFO | Query 41 Size of the filtered table is = 232
2025-02-11 10:00 | INFO | Training Time Active Learning Classifier: 49.76 seconds
2025-02-11 10:01 | INFO | Training Time Active Learning Regressor: 20.21 seconds
2025-02-11 10:08 | INFO | Query 41 Active Learning Runtime on Validation Set: 447807.29
2025-02-11 10:08 | INFO | Query 41 Active Learning Runtime on Test Set: 116343.58
2025-02-11 10:08 | INFO | Query 41 Active Learning Instance Cost: 3012104.68
2025-02-11 10:10 | INFO | Query 42 Size of the uncertainty table is = 3774/23184
2025-02-11 10:10 | INFO | Query 42 Size of the filtered table is = 232
2025-02-11 10:11 | INFO | Training Time Active Learning Classifier: 49.81 seconds
2025-02-11 10:11 | INFO | Training Time Active Learning Regressor: 20.98 seconds
2025-02-11 10:19 | INFO | Query 42 Active Learning Runtime on Validation Set: 421575.4
2025-02-11 10:19 | INFO | Query 42 Active Learning Runtime on Test Set: 116178.13
2025-02-11 10:19 | INFO | Query 42 Active Learning Instance Cost: 3058041.08
2025-02-11 10:21 | INFO | Query 43 Size of the uncertainty table is = 3747/23184
2025-02-11 10:21 | INFO | Query 43 Size of the filtered table is = 232
2025-02-11 10:22 | INFO | Training Time Active Learning Classifier: 49.56 seconds
2025-02-11 10:22 | INFO | Training Time Active Learning Regressor: 20.55 seconds
2025-02-11 10:30 | INFO | Query 43 Active Learning Runtime on Validation Set: 421575.4
2025-02-11 10:30 | INFO | Query 43 Active Learning Runtime on Test Set: 116178.13
2025-02-11 10:30 | INFO | Query 43 Active Learning Instance Cost: 3075141.08
2025-02-11 10:30 | INFO | Timeout limit is increased to 2000
2025-02-11 10:31 | INFO | Query 44 Size of the uncertainty table is = 3747/23184
2025-02-11 10:31 | INFO | Query 44 Size of the filtered table is = 232
2025-02-11 10:32 | INFO | Training Time Active Learning Classifier: 49.75 seconds
2025-02-11 10:33 | INFO | Training Time Active Learning Regressor: 20.6 seconds
2025-02-11 10:41 | INFO | Query 44 Active Learning Runtime on Validation Set: 424192.0
2025-02-11 10:41 | INFO | Query 44 Active Learning Runtime on Test Set: 116323.57
2025-02-11 10:41 | INFO | Query 44 Active Learning Instance Cost: 3108893.75
2025-02-11 10:41 | INFO | Timeout limit is increased to 2100
2025-02-11 10:42 | INFO | Query 45 Size of the uncertainty table is = 3728/23184
2025-02-11 10:42 | INFO | Query 45 Size of the filtered table is = 232
2025-02-11 10:43 | INFO | Training Time Active Learning Classifier: 49.86 seconds
2025-02-11 10:44 | INFO | Training Time Active Learning Regressor: 20.65 seconds
2025-02-11 10:51 | INFO | Query 45 Active Learning Runtime on Validation Set: 447222.62
2025-02-11 10:51 | INFO | Query 45 Active Learning Runtime on Test Set: 116065.37
2025-02-11 10:51 | INFO | Query 45 Active Learning Instance Cost: 3175606.06
2025-02-11 10:51 | INFO | Timeout limit is increased to 2200
2025-02-11 10:53 | INFO | Query 46 Size of the uncertainty table is = 3651/23184
2025-02-11 10:53 | INFO | Query 46 Size of the filtered table is = 232
2025-02-11 10:54 | INFO | Training Time Active Learning Classifier: 50.28 seconds
2025-02-11 10:54 | INFO | Training Time Active Learning Regressor: 20.71 seconds
2025-02-11 11:02 | INFO | Query 46 Active Learning Runtime on Validation Set: 442176.46
2025-02-11 11:02 | INFO | Query 46 Active Learning Runtime on Test Set: 116188.45
2025-02-11 11:02 | INFO | Query 46 Active Learning Instance Cost: 3256619.72
2025-02-11 11:04 | INFO | Query 47 Size of the uncertainty table is = 3596/23184
2025-02-11 11:04 | INFO | Query 47 Size of the filtered table is = 232
2025-02-11 11:05 | INFO | Training Time Active Learning Classifier: 50.25 seconds
2025-02-11 11:05 | INFO | Training Time Active Learning Regressor: 20.75 seconds
2025-02-11 11:13 | INFO | Query 47 Active Learning Runtime on Validation Set: 441937.01
2025-02-11 11:13 | INFO | Query 47 Active Learning Runtime on Test Set: 114195.01
2025-02-11 11:13 | INFO | Query 47 Active Learning Instance Cost: 3302761.36
2025-02-11 11:14 | INFO | Query 48 Size of the uncertainty table is = 3581/23184
2025-02-11 11:14 | INFO | Query 48 Size of the filtered table is = 232
2025-02-11 11:15 | INFO | Training Time Active Learning Classifier: 49.92 seconds
2025-02-11 11:16 | INFO | Training Time Active Learning Regressor: 20.81 seconds
2025-02-11 11:23 | INFO | Query 48 Active Learning Runtime on Validation Set: 441937.01
2025-02-11 11:23 | INFO | Query 48 Active Learning Runtime on Test Set: 114195.01
2025-02-11 11:23 | INFO | Query 48 Active Learning Instance Cost: 3315061.36
2025-02-11 11:23 | INFO | Timeout limit is increased to 2300
2025-02-11 11:25 | INFO | Query 49 Size of the uncertainty table is = 3581/23184
2025-02-11 11:25 | INFO | Query 49 Size of the filtered table is = 232
2025-02-11 11:26 | INFO | Training Time Active Learning Classifier: 50.26 seconds
2025-02-11 11:26 | INFO | Training Time Active Learning Regressor: 20.96 seconds
2025-02-11 11:34 | INFO | Query 49 Active Learning Runtime on Validation Set: 476609.32
2025-02-11 11:34 | INFO | Query 49 Active Learning Runtime on Test Set: 114198.24
2025-02-11 11:34 | INFO | Query 49 Active Learning Instance Cost: 3368028.35
2025-02-11 11:34 | INFO | Timeout limit is increased to 2400
2025-02-11 11:36 | INFO | Query 50 Size of the uncertainty table is = 3563/23184
2025-02-11 11:36 | INFO | Query 50 Size of the filtered table is = 232
2025-02-11 11:37 | INFO | Training Time Active Learning Classifier: 50.17 seconds
2025-02-11 11:37 | INFO | Training Time Active Learning Regressor: 20.84 seconds
2025-02-11 11:45 | INFO | Query 50 Active Learning Runtime on Validation Set: 441705.75
2025-02-11 11:45 | INFO | Query 50 Active Learning Runtime on Test Set: 114218.33
2025-02-11 11:45 | INFO | Query 50 Active Learning Instance Cost: 3418480.97
2025-02-11 11:46 | INFO | Query 51 Size of the uncertainty table is = 3517/23184
2025-02-11 11:46 | INFO | Query 51 Size of the filtered table is = 232
2025-02-11 11:48 | INFO | Training Time Active Learning Classifier: 50.19 seconds
2025-02-11 11:48 | INFO | Training Time Active Learning Regressor: 20.88 seconds
2025-02-11 11:56 | INFO | Query 51 Active Learning Runtime on Validation Set: 371269.85
2025-02-11 11:56 | INFO | Query 51 Active Learning Runtime on Test Set: 114218.33
2025-02-11 11:56 | INFO | Query 51 Active Learning Instance Cost: 3487281.95
2025-02-11 11:57 | INFO | Query 52 Size of the uncertainty table is = 3487/23184
2025-02-11 11:57 | INFO | Query 52 Size of the filtered table is = 232
2025-02-11 11:58 | INFO | Training Time Active Learning Classifier: 50.37 seconds
2025-02-11 11:58 | INFO | Training Time Active Learning Regressor: 20.81 seconds
2025-02-11 12:06 | INFO | Query 52 Active Learning Runtime on Validation Set: 371220.63
2025-02-11 12:06 | INFO | Query 52 Active Learning Runtime on Test Set: 114218.33
2025-02-11 12:06 | INFO | Query 52 Active Learning Instance Cost: 3501981.95
2025-02-11 12:07 | INFO | Query 53 Size of the uncertainty table is = 3486/23184
2025-02-11 12:07 | INFO | Query 53 Size of the filtered table is = 232
2025-02-11 12:09 | INFO | Training Time Active Learning Classifier: 50.17 seconds
2025-02-11 12:09 | INFO | Training Time Active Learning Regressor: 20.56 seconds
2025-02-11 12:17 | INFO | Query 53 Active Learning Runtime on Validation Set: 371220.63
2025-02-11 12:17 | INFO | Query 53 Active Learning Runtime on Test Set: 114218.33
2025-02-11 12:17 | INFO | Query 53 Active Learning Instance Cost: 3517581.95
2025-02-11 12:17 | INFO | Timeout limit is increased to 2500
2025-02-11 12:18 | INFO | Query 54 Size of the uncertainty table is = 3486/23184
2025-02-11 12:18 | INFO | Query 54 Size of the filtered table is = 232
2025-02-11 12:19 | INFO | Training Time Active Learning Classifier: 50.48 seconds
2025-02-11 12:20 | INFO | Training Time Active Learning Regressor: 20.9 seconds
2025-02-11 12:27 | INFO | Query 54 Active Learning Runtime on Validation Set: 405518.93
2025-02-11 12:27 | INFO | Query 54 Active Learning Runtime on Test Set: 114069.24
2025-02-11 12:27 | INFO | Query 54 Active Learning Instance Cost: 3552771.2
2025-02-11 12:27 | INFO | Timeout limit is increased to 2600
2025-02-11 12:29 | INFO | Query 55 Size of the uncertainty table is = 3467/23184
2025-02-11 12:29 | INFO | Query 55 Size of the filtered table is = 232
2025-02-11 12:30 | INFO | Training Time Active Learning Classifier: 50.26 seconds
2025-02-11 12:30 | INFO | Training Time Active Learning Regressor: 20.91 seconds
2025-02-11 12:38 | INFO | Query 55 Active Learning Runtime on Validation Set: 512410.42
2025-02-11 12:38 | INFO | Query 55 Active Learning Runtime on Test Set: 115948.9
2025-02-11 12:38 | INFO | Query 55 Active Learning Instance Cost: 3627843.58
2025-02-11 12:38 | INFO | Timeout limit is increased to 2700
2025-02-11 12:39 | INFO | Query 56 Size of the uncertainty table is = 3410/23184
2025-02-11 12:39 | INFO | Query 56 Size of the filtered table is = 232
2025-02-11 12:41 | INFO | Training Time Active Learning Classifier: 50.52 seconds
2025-02-11 12:41 | INFO | Training Time Active Learning Regressor: 21.22 seconds
2025-02-11 12:48 | INFO | Query 56 Active Learning Runtime on Validation Set: 474386.6
2025-02-11 12:48 | INFO | Query 56 Active Learning Runtime on Test Set: 114297.65
2025-02-11 12:48 | INFO | Query 56 Active Learning Instance Cost: 3682628.15
2025-02-11 12:49 | INFO | Query 57 Size of the uncertainty table is = 3358/23184
2025-02-11 12:49 | INFO | Query 57 Size of the filtered table is = 232
2025-02-11 12:50 | INFO | Training Time Active Learning Classifier: 47.93 seconds
2025-02-11 12:50 | INFO | Training Time Active Learning Regressor: 19.89 seconds
2025-02-11 12:57 | INFO | Query 57 Active Learning Runtime on Validation Set: 444984.82
2025-02-11 12:57 | INFO | Query 57 Active Learning Runtime on Test Set: 114134.2
2025-02-11 12:57 | INFO | Query 57 Active Learning Instance Cost: 3719805.19
2025-02-11 12:58 | INFO | Query 58 Size of the uncertainty table is = 3337/23184
2025-02-11 12:58 | INFO | Query 58 Size of the filtered table is = 232
2025-02-11 12:59 | INFO | Training Time Active Learning Classifier: 48.01 seconds
2025-02-11 13:00 | INFO | Training Time Active Learning Regressor: 20.02 seconds
2025-02-11 13:06 | INFO | Query 58 Active Learning Runtime on Validation Set: 444984.82
2025-02-11 13:06 | INFO | Query 58 Active Learning Runtime on Test Set: 114134.2
2025-02-11 13:06 | INFO | Query 58 Active Learning Instance Cost: 3750805.19
2025-02-11 13:06 | INFO | Timeout limit is increased to 2800
2025-02-11 13:08 | INFO | Query 59 Size of the uncertainty table is = 3337/23184
2025-02-11 13:08 | INFO | Query 59 Size of the filtered table is = 232
2025-02-11 13:09 | INFO | Training Time Active Learning Classifier: 48.05 seconds
2025-02-11 13:09 | INFO | Training Time Active Learning Regressor: 20.12 seconds
2025-02-11 13:16 | INFO | Query 59 Active Learning Runtime on Validation Set: 509058.1
2025-02-11 13:16 | INFO | Query 59 Active Learning Runtime on Test Set: 114406.47
2025-02-11 13:16 | INFO | Query 59 Active Learning Instance Cost: 3801078.92
2025-02-11 13:16 | INFO | Timeout limit is increased to 2900
2025-02-11 13:17 | INFO | Query 60 Size of the uncertainty table is = 3316/23184
2025-02-11 13:17 | INFO | Query 60 Size of the filtered table is = 232
2025-02-11 13:18 | INFO | Training Time Active Learning Classifier: 48.08 seconds
2025-02-11 13:18 | INFO | Training Time Active Learning Regressor: 19.98 seconds
2025-02-11 13:25 | INFO | Query 60 Active Learning Runtime on Validation Set: 475682.01
2025-02-11 13:25 | INFO | Query 60 Active Learning Runtime on Test Set: 116369.28
2025-02-11 13:25 | INFO | Query 60 Active Learning Instance Cost: 3871287.11
2025-02-11 13:26 | INFO | Query 61 Size of the uncertainty table is = 3279/23184
2025-02-11 13:26 | INFO | Query 61 Size of the filtered table is = 232
2025-02-11 13:27 | INFO | Training Time Active Learning Classifier: 48.23 seconds
2025-02-11 13:28 | INFO | Training Time Active Learning Regressor: 20.02 seconds
2025-02-11 13:34 | INFO | Query 61 Active Learning Runtime on Validation Set: 474875.62
2025-02-11 13:34 | INFO | Query 61 Active Learning Runtime on Test Set: 116372.17
2025-02-11 13:34 | INFO | Query 61 Active Learning Instance Cost: 3902245.68
2025-02-11 13:36 | INFO | Query 62 Size of the uncertainty table is = 3249/23184
2025-02-11 13:36 | INFO | Query 62 Size of the filtered table is = 232
2025-02-11 13:37 | INFO | Training Time Active Learning Classifier: 48.21 seconds
2025-02-11 13:37 | INFO | Training Time Active Learning Regressor: 19.95 seconds
2025-02-11 13:44 | INFO | Query 62 Active Learning Runtime on Validation Set: 474875.62
2025-02-11 13:44 | INFO | Query 62 Active Learning Runtime on Test Set: 116372.17
2025-02-11 13:44 | INFO | Query 62 Active Learning Instance Cost: 3951745.68
2025-02-11 13:44 | INFO | Timeout limit is increased to 3000
2025-02-11 13:45 | INFO | Query 63 Size of the uncertainty table is = 3249/23184
2025-02-11 13:45 | INFO | Query 63 Size of the filtered table is = 232
2025-02-11 13:46 | INFO | Training Time Active Learning Classifier: 48.5 seconds
2025-02-11 13:46 | INFO | Training Time Active Learning Regressor: 20.03 seconds
2025-02-11 13:53 | INFO | Query 63 Active Learning Runtime on Validation Set: 474875.62
2025-02-11 13:53 | INFO | Query 63 Active Learning Runtime on Test Set: 116372.17
2025-02-11 13:53 | INFO | Query 63 Active Learning Instance Cost: 3986554.93
2025-02-11 13:53 | INFO | Timeout limit is increased to 3100
2025-02-11 13:54 | INFO | Query 64 Size of the uncertainty table is = 3245/23184
2025-02-11 13:54 | INFO | Query 64 Size of the filtered table is = 232
2025-02-11 13:55 | INFO | Training Time Active Learning Classifier: 48.16 seconds
2025-02-11 13:55 | INFO | Training Time Active Learning Regressor: 19.97 seconds
2025-02-11 14:02 | INFO | Query 64 Active Learning Runtime on Validation Set: 473892.55
2025-02-11 14:02 | INFO | Query 64 Active Learning Runtime on Test Set: 116321.01
2025-02-11 14:02 | INFO | Query 64 Active Learning Instance Cost: 4033443.57
2025-02-11 14:03 | INFO | Query 65 Size of the uncertainty table is = 3226/23184
2025-02-11 14:03 | INFO | Query 65 Size of the filtered table is = 232
2025-02-11 14:04 | INFO | Training Time Active Learning Classifier: 48.24 seconds
2025-02-11 14:05 | INFO | Training Time Active Learning Regressor: 20.13 seconds
2025-02-11 14:11 | INFO | Query 65 Active Learning Runtime on Validation Set: 473892.55
2025-02-11 14:11 | INFO | Query 65 Active Learning Runtime on Test Set: 116321.01
2025-02-11 14:11 | INFO | Query 65 Active Learning Instance Cost: 4049043.57
2025-02-11 14:11 | INFO | Timeout limit is increased to 3200
2025-02-11 14:13 | INFO | Query 66 Size of the uncertainty table is = 3226/23184
2025-02-11 14:13 | INFO | Query 66 Size of the filtered table is = 232
2025-02-11 14:14 | INFO | Training Time Active Learning Classifier: 48.03 seconds
2025-02-11 14:14 | INFO | Training Time Active Learning Regressor: 20.17 seconds
2025-02-11 14:21 | INFO | Query 66 Active Learning Runtime on Validation Set: 439935.89
2025-02-11 14:21 | INFO | Query 66 Active Learning Runtime on Test Set: 116464.53
2025-02-11 14:21 | INFO | Query 66 Active Learning Instance Cost: 4106244.68
2025-02-11 14:22 | INFO | Query 67 Size of the uncertainty table is = 3208/23184
2025-02-11 14:22 | INFO | Query 67 Size of the filtered table is = 232
2025-02-11 14:23 | INFO | Training Time Active Learning Classifier: 48.19 seconds
2025-02-11 14:23 | INFO | Training Time Active Learning Regressor: 20.07 seconds
2025-02-11 14:30 | INFO | Query 67 Active Learning Runtime on Validation Set: 440377.27
2025-02-11 14:30 | INFO | Query 67 Active Learning Runtime on Test Set: 116534.87
2025-02-11 14:30 | INFO | Query 67 Active Learning Instance Cost: 4148655.72
2025-02-11 14:30 | INFO | Timeout limit is increased to 3300
2025-02-11 14:31 | INFO | Query 68 Size of the uncertainty table is = 3196/23184
2025-02-11 14:31 | INFO | Query 68 Size of the filtered table is = 232
2025-02-11 14:32 | INFO | Training Time Active Learning Classifier: 48.19 seconds
2025-02-11 14:32 | INFO | Training Time Active Learning Regressor: 20.11 seconds
2025-02-11 14:39 | INFO | Query 68 Active Learning Runtime on Validation Set: 405393.79
2025-02-11 14:39 | INFO | Query 68 Active Learning Runtime on Test Set: 116463.16
2025-02-11 14:39 | INFO | Query 68 Active Learning Instance Cost: 4187144.71
2025-02-11 14:40 | INFO | Query 69 Size of the uncertainty table is = 3179/23184
2025-02-11 14:40 | INFO | Query 69 Size of the filtered table is = 232
2025-02-11 14:41 | INFO | Training Time Active Learning Classifier: 48.16 seconds
2025-02-11 14:42 | INFO | Training Time Active Learning Regressor: 20.08 seconds
2025-02-11 14:48 | INFO | Query 69 Active Learning Runtime on Validation Set: 441185.29
2025-02-11 14:48 | INFO | Query 69 Active Learning Runtime on Test Set: 116591.42
2025-02-11 14:48 | INFO | Query 69 Active Learning Instance Cost: 4223324.58
2025-02-11 14:48 | INFO | Timeout limit is increased to 3400
2025-02-11 14:49 | INFO | Query 70 Size of the uncertainty table is = 3157/23184
2025-02-11 14:49 | INFO | Query 70 Size of the filtered table is = 232
2025-02-11 14:51 | INFO | Training Time Active Learning Classifier: 48.23 seconds
2025-02-11 14:51 | INFO | Training Time Active Learning Regressor: 20.34 seconds
2025-02-11 14:58 | INFO | Query 70 Active Learning Runtime on Validation Set: 379927.55
2025-02-11 14:58 | INFO | Query 70 Active Learning Runtime on Test Set: 116591.42
2025-02-11 14:58 | INFO | Query 70 Active Learning Instance Cost: 4298223.1
2025-02-11 14:59 | INFO | Query 71 Size of the uncertainty table is = 3144/23184
2025-02-11 14:59 | INFO | Query 71 Size of the filtered table is = 232
2025-02-11 15:00 | INFO | Training Time Active Learning Classifier: 48.21 seconds
2025-02-11 15:00 | INFO | Training Time Active Learning Regressor: 20.13 seconds
2025-02-11 15:07 | INFO | Query 71 Active Learning Runtime on Validation Set: 410273.43
2025-02-11 15:07 | INFO | Query 71 Active Learning Runtime on Test Set: 116437.73
2025-02-11 15:07 | INFO | Query 71 Active Learning Instance Cost: 4332359.29
2025-02-11 15:07 | INFO | Timeout limit is increased to 3500
2025-02-11 15:08 | INFO | Query 72 Size of the uncertainty table is = 3137/23184
2025-02-11 15:08 | INFO | Query 72 Size of the filtered table is = 232
2025-02-11 15:09 | INFO | Training Time Active Learning Classifier: 48.45 seconds
2025-02-11 15:09 | INFO | Training Time Active Learning Regressor: 20.11 seconds
2025-02-11 15:16 | INFO | Query 72 Active Learning Runtime on Validation Set: 410817.5
2025-02-11 15:16 | INFO | Query 72 Active Learning Runtime on Test Set: 116438.08
2025-02-11 15:16 | INFO | Query 72 Active Learning Instance Cost: 4378174.73
2025-02-11 15:16 | INFO | Timeout limit is increased to 3600
2025-02-11 15:17 | INFO | Query 73 Size of the uncertainty table is = 3124/23184
2025-02-11 15:17 | INFO | Query 73 Size of the filtered table is = 232
2025-02-11 15:19 | INFO | Training Time Active Learning Classifier: 48.26 seconds
2025-02-11 15:19 | INFO | Training Time Active Learning Regressor: 20.1 seconds
2025-02-11 15:26 | INFO | Query 73 Active Learning Runtime on Validation Set: 476232.67
2025-02-11 15:26 | INFO | Query 73 Active Learning Runtime on Test Set: 116281.99
2025-02-11 15:26 | INFO | Query 73 Active Learning Instance Cost: 4459392.82
2025-02-11 15:26 | INFO | Timeout limit is increased to 3600
2025-02-11 15:26 | INFO | Query 74 Size of the uncertainty table is = 46/23184
2025-02-11 15:26 | INFO | Query 74 Size of the filtered table is = 46
2025-02-11 15:27 | INFO | Training Time Active Learning Classifier: 48.58 seconds
2025-02-11 15:27 | INFO | Training Time Active Learning Regressor: 20.08 seconds
2025-02-11 15:34 | INFO | Query 74 Active Learning Runtime on Validation Set: 476232.67
2025-02-11 15:34 | INFO | Query 74 Active Learning Runtime on Test Set: 116281.99
2025-02-11 15:34 | INFO | Query 74 Active Learning Instance Cost: 4491092.82
2025-02-11 15:34 | INFO | Timeout limit is increased to 3600
2025-02-11 15:34 | INFO | Active Learning Emissions: 1.5170043958816053
2025-02-11 15:34 | INFO | Active Learning Energy Consumption: 1.6505395203994664 kWh
2025-02-11 15:34 | INFO | runtime_test_score is written as json file
2025-02-11 15:34 | INFO | runtime_validation_score is written as json file
2025-02-11 15:34 | INFO | instance_cost is written as json file
2025-02-11 15:34 | INFO | Experiment is finished
