2025-02-10 11:38 | INFO | Paramaters are: {'dataset': 'BNSL-2016', 'penalty': 10, 'weight': 'No_Weight', 'voting': 'Hard', 'pre_selection_size': 64, 'pre_selection_technique': 'No_pre_selection', 'feature_elimination_threshold': 20, 'imputer_strategy': 'median', 'feature_selection_technique': 'No_feature_selection', 'feature_scaling_technique': 'StandardScaler', 'priority': {'Uncertainty': 'max', 'PredCost': 'min', 'PredDiff': 'max'}, 'initial_train_size': 20, 'query_size': 1, 'timeout_predictor_usage': 'No', 'timeout_limit': 100, 'timeout_increase_rate': 100, 'penalty_type': 'Only-timeout-penalty', 'RANDOM_STATE_SEED': 99, 'n_splits': 10, 'split_number': 6, 'max_timeout': 3600, 'param_grid': {'n_estimators': 100, 'max_features': 'sqrt', 'max_depth': 2147483648, 'min_samples_split': 2, 'bootstrap': True}}
2025-02-10 11:38 | INFO | BNSL-2016 is current dataset
2025-02-10 11:38 | INFO | DATASETS/BNSL-2016/algorithm_runs.arff is found
2025-02-10 11:38 | INFO | DATASETS/BNSL-2016/algorithm_runs.arff is finished
2025-02-10 11:38 | INFO | DATASETS/BNSL-2016/feature_values.arff is found
2025-02-10 11:38 | INFO | DATASETS/BNSL-2016/feature_values.arff is finished
2025-02-10 11:38 | INFO | DATASETS/BNSL-2016/feature_costs.arff is found
2025-02-10 11:38 | INFO | DATASETS/BNSL-2016/feature_costs.arff is finished
2025-02-10 11:38 | INFO | Virtual best solver time in train = 205334.76
2025-02-10 11:38 | INFO | Single best solver list train = {'astar-comp': 10558903.38, 'astar-ec': 16655089.66, 'astar-ed3': 17702281.59, 'cpbayes': 8122248.95, 'ilp-141': 3979480.66, 'ilp-141-nc': 4013476.57, 'ilp-162': 4004351.83, 'ilp-162-nc': 4124488.78}
2025-02-10 11:38 | INFO | Single best solver time train = ilp-141 (3979480.66)
2025-02-10 11:38 | INFO | Virtual best solver time in validation = 45821.22
2025-02-10 11:38 | INFO | Single best solver list validation = {'astar-comp': 3042007.64, 'astar-ec': 4974539.43, 'astar-ed3': 5154682.15, 'cpbayes': 1331414.95, 'ilp-141': 847227.4, 'ilp-141-nc': 889866.8, 'ilp-162': 1077592.61, 'ilp-162-nc': 1047716.14}
2025-02-10 11:38 | INFO | Single best solver time validation = ilp-141 (847227.4)
2025-02-10 11:38 | INFO | Virtual best solver time in test = 26427.58
2025-02-10 11:38 | INFO | Single best solver list test = {'astar-comp': 1388697.68, 'astar-ec': 2245097.79, 'astar-ed3': 2495660.59, 'cpbayes': 1120187.64, 'ilp-141': 656425.8, 'ilp-141-nc': 656615.06, 'ilp-162': 691916.99, 'ilp-162-nc': 729027.96}
2025-02-10 11:38 | INFO | Single best solver time test = ilp-141 (656425.8)
2025-02-10 11:38 | INFO | Training Time Passive Learning Classifier: 6.18 seconds
2025-02-10 11:38 | INFO | Training Time Passive Learning Regressor: 2.66 seconds
2025-02-10 11:39 | INFO | Passive Learning Classifier Runtime on Validation Set: 437714.06
2025-02-10 11:39 | INFO | Passive Learning Classifier Runtime on Test Set: 117287.49
2025-02-10 11:39 | INFO | Passive Learning Instance Cost: 8377921.42
2025-02-10 11:39 | INFO | Passive Learning Emissions: 0.00041135242125179736
2025-02-10 11:39 | INFO | Passive Learning Energy Consumption: 0.0004475619384698803 kWh
2025-02-10 11:39 | INFO | Training Time Active Learning Classifier: 1.69 seconds
2025-02-10 11:39 | INFO | Training Time Active Learning Regressor: 0.38 seconds
2025-02-10 11:39 | INFO | Initial Active Learning Runtime on Validation Set: 968857.33
2025-02-10 11:39 | INFO | Initial Active Learning Runtime on Test Set: 464691.31
2025-02-10 11:39 | INFO | Initial Active Learning Instance Cost: 9402.41
2025-02-10 11:39 | INFO | Bin size = 232
2025-02-10 11:39 | INFO | Query 1 Size of the uncertainty table is = 23351/23184
2025-02-10 11:39 | INFO | Query 1 Size of the filtered table is = 232
2025-02-10 11:40 | INFO | Training Time Active Learning Classifier: 1.55 seconds
2025-02-10 11:40 | INFO | Training Time Active Learning Regressor: 0.47 seconds
2025-02-10 11:40 | INFO | Query 1 Active Learning Runtime on Validation Set: 931561.45
2025-02-10 11:40 | INFO | Query 1 Active Learning Runtime on Test Set: 392580.59
2025-02-10 11:40 | INFO | Query 1 Active Learning Instance Cost: 35457.83
2025-02-10 11:40 | INFO | Query 2 Size of the uncertainty table is = 23147/23184
2025-02-10 11:40 | INFO | Query 2 Size of the filtered table is = 232
2025-02-10 11:40 | INFO | Training Time Active Learning Classifier: 1.62 seconds
2025-02-10 11:40 | INFO | Training Time Active Learning Regressor: 0.57 seconds
2025-02-10 11:41 | INFO | Query 2 Active Learning Runtime on Validation Set: 754490.52
2025-02-10 11:41 | INFO | Query 2 Active Learning Runtime on Test Set: 362234.08
2025-02-10 11:41 | INFO | Query 2 Active Learning Instance Cost: 54050.73
2025-02-10 11:41 | INFO | Query 3 Size of the uncertainty table is = 22814/23184
2025-02-10 11:41 | INFO | Query 3 Size of the filtered table is = 232
2025-02-10 11:41 | INFO | Training Time Active Learning Classifier: 1.69 seconds
2025-02-10 11:41 | INFO | Training Time Active Learning Regressor: 0.67 seconds
2025-02-10 11:41 | INFO | Query 3 Active Learning Runtime on Validation Set: 966411.67
2025-02-10 11:41 | INFO | Query 3 Active Learning Runtime on Test Set: 474861.48
2025-02-10 11:41 | INFO | Query 3 Active Learning Instance Cost: 73474.29
2025-02-10 11:41 | INFO | Timeout limit is increased to 200
2025-02-10 11:41 | INFO | Query 4 Size of the uncertainty table is = 22445/23184
2025-02-10 11:41 | INFO | Query 4 Size of the filtered table is = 232
2025-02-10 11:42 | INFO | Training Time Active Learning Classifier: 1.76 seconds
2025-02-10 11:42 | INFO | Training Time Active Learning Regressor: 0.79 seconds
2025-02-10 11:42 | INFO | Query 4 Active Learning Runtime on Validation Set: 786971.71
2025-02-10 11:42 | INFO | Query 4 Active Learning Runtime on Test Set: 533403.72
2025-02-10 11:42 | INFO | Query 4 Active Learning Instance Cost: 118878.41
2025-02-10 11:42 | INFO | Query 5 Size of the uncertainty table is = 22037/23184
2025-02-10 11:42 | INFO | Query 5 Size of the filtered table is = 232
2025-02-10 11:42 | INFO | Training Time Active Learning Classifier: 1.87 seconds
2025-02-10 11:42 | INFO | Training Time Active Learning Regressor: 0.89 seconds
2025-02-10 11:43 | INFO | Query 5 Active Learning Runtime on Validation Set: 1003665.94
2025-02-10 11:43 | INFO | Query 5 Active Learning Runtime on Test Set: 561905.59
2025-02-10 11:43 | INFO | Query 5 Active Learning Instance Cost: 160766.39
2025-02-10 11:43 | INFO | Timeout limit is increased to 300
2025-02-10 11:43 | INFO | Query 6 Size of the uncertainty table is = 21561/23184
2025-02-10 11:43 | INFO | Query 6 Size of the filtered table is = 232
2025-02-10 11:43 | INFO | Training Time Active Learning Classifier: 1.99 seconds
2025-02-10 11:43 | INFO | Training Time Active Learning Regressor: 1.01 seconds
2025-02-10 11:43 | INFO | Query 6 Active Learning Runtime on Validation Set: 723892.49
2025-02-10 11:43 | INFO | Query 6 Active Learning Runtime on Test Set: 457555.69
2025-02-10 11:43 | INFO | Query 6 Active Learning Instance Cost: 217617.89
2025-02-10 11:44 | INFO | Query 7 Size of the uncertainty table is = 21015/23184
2025-02-10 11:44 | INFO | Query 7 Size of the filtered table is = 232
2025-02-10 11:44 | INFO | Training Time Active Learning Classifier: 2.11 seconds
2025-02-10 11:44 | INFO | Training Time Active Learning Regressor: 1.09 seconds
2025-02-10 11:44 | INFO | Query 7 Active Learning Runtime on Validation Set: 860363.59
2025-02-10 11:44 | INFO | Query 7 Active Learning Runtime on Test Set: 529266.88
2025-02-10 11:44 | INFO | Query 7 Active Learning Instance Cost: 267809.15
2025-02-10 11:44 | INFO | Timeout limit is increased to 400
2025-02-10 11:44 | INFO | Query 8 Size of the uncertainty table is = 20456/23184
2025-02-10 11:44 | INFO | Query 8 Size of the filtered table is = 232
2025-02-10 11:44 | INFO | Training Time Active Learning Classifier: 2.25 seconds
2025-02-10 11:44 | INFO | Training Time Active Learning Regressor: 1.2 seconds
2025-02-10 11:45 | INFO | Query 8 Active Learning Runtime on Validation Set: 796142.03
2025-02-10 11:45 | INFO | Query 8 Active Learning Runtime on Test Set: 402323.83
2025-02-10 11:45 | INFO | Query 8 Active Learning Instance Cost: 338516.08
2025-02-10 11:45 | INFO | Query 9 Size of the uncertainty table is = 19868/23184
2025-02-10 11:45 | INFO | Query 9 Size of the filtered table is = 232
2025-02-10 11:45 | INFO | Training Time Active Learning Classifier: 2.39 seconds
2025-02-10 11:45 | INFO | Training Time Active Learning Regressor: 1.35 seconds
2025-02-10 11:46 | INFO | Query 9 Active Learning Runtime on Validation Set: 577785.93
2025-02-10 11:46 | INFO | Query 9 Active Learning Runtime on Test Set: 251773.71
2025-02-10 11:46 | INFO | Query 9 Active Learning Instance Cost: 423160.25
2025-02-10 11:46 | INFO | Query 10 Size of the uncertainty table is = 19288/23184
2025-02-10 11:46 | INFO | Query 10 Size of the filtered table is = 232
2025-02-10 11:46 | INFO | Training Time Active Learning Classifier: 2.53 seconds
2025-02-10 11:46 | INFO | Training Time Active Learning Regressor: 1.35 seconds
2025-02-10 11:47 | INFO | Query 10 Active Learning Runtime on Validation Set: 680533.57
2025-02-10 11:47 | INFO | Query 10 Active Learning Runtime on Test Set: 253022.08
2025-02-10 11:47 | INFO | Query 10 Active Learning Instance Cost: 486199.28
2025-02-10 11:47 | INFO | Timeout limit is increased to 500
2025-02-10 11:47 | INFO | Query 11 Size of the uncertainty table is = 18719/23184
2025-02-10 11:47 | INFO | Query 11 Size of the filtered table is = 232
2025-02-10 11:47 | INFO | Training Time Active Learning Classifier: 2.66 seconds
2025-02-10 11:47 | INFO | Training Time Active Learning Regressor: 1.43 seconds
2025-02-10 11:47 | INFO | Query 11 Active Learning Runtime on Validation Set: 542123.19
2025-02-10 11:47 | INFO | Query 11 Active Learning Runtime on Test Set: 249559.43
2025-02-10 11:47 | INFO | Query 11 Active Learning Instance Cost: 578811.02
2025-02-10 11:48 | INFO | Query 12 Size of the uncertainty table is = 18247/23184
2025-02-10 11:48 | INFO | Query 12 Size of the filtered table is = 232
2025-02-10 11:48 | INFO | Training Time Active Learning Classifier: 2.77 seconds
2025-02-10 11:48 | INFO | Training Time Active Learning Regressor: 1.47 seconds
2025-02-10 11:48 | INFO | Query 12 Active Learning Runtime on Validation Set: 575861.81
2025-02-10 11:48 | INFO | Query 12 Active Learning Runtime on Test Set: 350950.7
2025-02-10 11:48 | INFO | Query 12 Active Learning Instance Cost: 640137.02
2025-02-10 11:48 | INFO | Timeout limit is increased to 600
2025-02-10 11:48 | INFO | Query 13 Size of the uncertainty table is = 17778/23184
2025-02-10 11:48 | INFO | Query 13 Size of the filtered table is = 232
2025-02-10 11:48 | INFO | Training Time Active Learning Classifier: 2.85 seconds
2025-02-10 11:48 | INFO | Training Time Active Learning Regressor: 1.53 seconds
2025-02-10 11:49 | INFO | Query 13 Active Learning Runtime on Validation Set: 505258.22
2025-02-10 11:49 | INFO | Query 13 Active Learning Runtime on Test Set: 215244.21
2025-02-10 11:49 | INFO | Query 13 Active Learning Instance Cost: 722126.4
2025-02-10 11:49 | INFO | Query 14 Size of the uncertainty table is = 17389/23184
2025-02-10 11:49 | INFO | Query 14 Size of the filtered table is = 232
2025-02-10 11:49 | INFO | Training Time Active Learning Classifier: 2.97 seconds
2025-02-10 11:49 | INFO | Training Time Active Learning Regressor: 1.56 seconds
2025-02-10 11:50 | INFO | Query 14 Active Learning Runtime on Validation Set: 473543.38
2025-02-10 11:50 | INFO | Query 14 Active Learning Runtime on Test Set: 217478.52
2025-02-10 11:50 | INFO | Query 14 Active Learning Instance Cost: 798645.57
2025-02-10 11:50 | INFO | Query 15 Size of the uncertainty table is = 16992/23184
2025-02-10 11:50 | INFO | Query 15 Size of the filtered table is = 232
2025-02-10 11:50 | INFO | Training Time Active Learning Classifier: 3.03 seconds
2025-02-10 11:50 | INFO | Training Time Active Learning Regressor: 1.6 seconds
2025-02-10 11:51 | INFO | Query 15 Active Learning Runtime on Validation Set: 514937.66
2025-02-10 11:51 | INFO | Query 15 Active Learning Runtime on Test Set: 252713.92
2025-02-10 11:51 | INFO | Query 15 Active Learning Instance Cost: 864536.08
2025-02-10 11:51 | INFO | Timeout limit is increased to 700
2025-02-10 11:51 | INFO | Query 16 Size of the uncertainty table is = 16674/23184
2025-02-10 11:51 | INFO | Query 16 Size of the filtered table is = 232
2025-02-10 11:51 | INFO | Training Time Active Learning Classifier: 3.11 seconds
2025-02-10 11:51 | INFO | Training Time Active Learning Regressor: 1.65 seconds
2025-02-10 11:51 | INFO | Query 16 Active Learning Runtime on Validation Set: 371877.28
2025-02-10 11:51 | INFO | Query 16 Active Learning Runtime on Test Set: 218746.8
2025-02-10 11:51 | INFO | Query 16 Active Learning Instance Cost: 956097.68
2025-02-10 11:52 | INFO | Query 17 Size of the uncertainty table is = 16360/23184
2025-02-10 11:52 | INFO | Query 17 Size of the filtered table is = 232
2025-02-10 11:52 | INFO | Training Time Active Learning Classifier: 3.18 seconds
2025-02-10 11:52 | INFO | Training Time Active Learning Regressor: 1.7 seconds
2025-02-10 11:52 | INFO | Query 17 Active Learning Runtime on Validation Set: 370415.84
2025-02-10 11:52 | INFO | Query 17 Active Learning Runtime on Test Set: 222261.34
2025-02-10 11:52 | INFO | Query 17 Active Learning Instance Cost: 1028088.19
2025-02-10 11:52 | INFO | Query 18 Size of the uncertainty table is = 16077/23184
2025-02-10 11:52 | INFO | Query 18 Size of the filtered table is = 232
2025-02-10 11:53 | INFO | Training Time Active Learning Classifier: 3.25 seconds
2025-02-10 11:53 | INFO | Training Time Active Learning Regressor: 1.71 seconds
2025-02-10 11:53 | INFO | Query 18 Active Learning Runtime on Validation Set: 381363.19
2025-02-10 11:53 | INFO | Query 18 Active Learning Runtime on Test Set: 151955.61
2025-02-10 11:53 | INFO | Query 18 Active Learning Instance Cost: 1076576.8
2025-02-10 11:53 | INFO | Timeout limit is increased to 800
2025-02-10 11:53 | INFO | Query 19 Size of the uncertainty table is = 15851/23184
2025-02-10 11:53 | INFO | Query 19 Size of the filtered table is = 232
2025-02-10 11:53 | INFO | Training Time Active Learning Classifier: 3.29 seconds
2025-02-10 11:53 | INFO | Training Time Active Learning Regressor: 1.81 seconds
2025-02-10 11:54 | INFO | Query 19 Active Learning Runtime on Validation Set: 405349.18
2025-02-10 11:54 | INFO | Query 19 Active Learning Runtime on Test Set: 151595.44
2025-02-10 11:54 | INFO | Query 19 Active Learning Instance Cost: 1150011.26
2025-02-10 11:54 | INFO | Timeout limit is increased to 900
2025-02-10 11:54 | INFO | Query 20 Size of the uncertainty table is = 15647/23184
2025-02-10 11:54 | INFO | Query 20 Size of the filtered table is = 232
2025-02-10 11:54 | INFO | Training Time Active Learning Classifier: 3.38 seconds
2025-02-10 11:54 | INFO | Training Time Active Learning Regressor: 1.78 seconds
2025-02-10 11:55 | INFO | Query 20 Active Learning Runtime on Validation Set: 368478.66
2025-02-10 11:55 | INFO | Query 20 Active Learning Runtime on Test Set: 153306.12
2025-02-10 11:55 | INFO | Query 20 Active Learning Instance Cost: 1229436.69
2025-02-10 11:55 | INFO | Query 21 Size of the uncertainty table is = 15376/23184
2025-02-10 11:55 | INFO | Query 21 Size of the filtered table is = 232
2025-02-10 11:55 | INFO | Training Time Active Learning Classifier: 3.49 seconds
2025-02-10 11:55 | INFO | Training Time Active Learning Regressor: 1.79 seconds
2025-02-10 11:55 | INFO | Query 21 Active Learning Runtime on Validation Set: 439027.5
2025-02-10 11:55 | INFO | Query 21 Active Learning Runtime on Test Set: 185372.11
2025-02-10 11:55 | INFO | Query 21 Active Learning Instance Cost: 1300203.65
2025-02-10 11:55 | INFO | Timeout limit is increased to 1000
2025-02-10 11:56 | INFO | Query 22 Size of the uncertainty table is = 15150/23184
2025-02-10 11:56 | INFO | Query 22 Size of the filtered table is = 232
2025-02-10 11:56 | INFO | Training Time Active Learning Classifier: 3.54 seconds
2025-02-10 11:56 | INFO | Training Time Active Learning Regressor: 1.8 seconds
2025-02-10 11:56 | INFO | Query 22 Active Learning Runtime on Validation Set: 338921.6
2025-02-10 11:56 | INFO | Query 22 Active Learning Runtime on Test Set: 150516.03
2025-02-10 11:56 | INFO | Query 22 Active Learning Instance Cost: 1407618.78
2025-02-10 11:57 | INFO | Query 23 Size of the uncertainty table is = 14974/23184
2025-02-10 11:57 | INFO | Query 23 Size of the filtered table is = 232
2025-02-10 11:57 | INFO | Training Time Active Learning Classifier: 3.49 seconds
2025-02-10 11:57 | INFO | Training Time Active Learning Regressor: 1.83 seconds
2025-02-10 11:57 | INFO | Query 23 Active Learning Runtime on Validation Set: 307938.57
2025-02-10 11:57 | INFO | Query 23 Active Learning Runtime on Test Set: 152454.44
2025-02-10 11:57 | INFO | Query 23 Active Learning Instance Cost: 1482775.21
2025-02-10 11:57 | INFO | Query 24 Size of the uncertainty table is = 14837/23184
2025-02-10 11:57 | INFO | Query 24 Size of the filtered table is = 232
2025-02-10 11:57 | INFO | Training Time Active Learning Classifier: 3.53 seconds
2025-02-10 11:57 | INFO | Training Time Active Learning Regressor: 1.83 seconds
2025-02-10 11:58 | INFO | Query 24 Active Learning Runtime on Validation Set: 337885.12
2025-02-10 11:58 | INFO | Query 24 Active Learning Runtime on Test Set: 152783.48
2025-02-10 11:58 | INFO | Query 24 Active Learning Instance Cost: 1524617.66
2025-02-10 11:58 | INFO | Timeout limit is increased to 1100
2025-02-10 11:58 | INFO | Query 25 Size of the uncertainty table is = 14706/23184
2025-02-10 11:58 | INFO | Query 25 Size of the filtered table is = 232
2025-02-10 11:58 | INFO | Training Time Active Learning Classifier: 3.56 seconds
2025-02-10 11:58 | INFO | Training Time Active Learning Regressor: 1.85 seconds
2025-02-10 11:59 | INFO | Query 25 Active Learning Runtime on Validation Set: 308741.24
2025-02-10 11:59 | INFO | Query 25 Active Learning Runtime on Test Set: 223151.24
2025-02-10 11:59 | INFO | Query 25 Active Learning Instance Cost: 1633265.69
2025-02-10 11:59 | INFO | Query 26 Size of the uncertainty table is = 14531/23184
2025-02-10 11:59 | INFO | Query 26 Size of the filtered table is = 232
2025-02-10 11:59 | INFO | Training Time Active Learning Classifier: 3.6 seconds
2025-02-10 11:59 | INFO | Training Time Active Learning Regressor: 1.87 seconds
2025-02-10 12:00 | INFO | Query 26 Active Learning Runtime on Validation Set: 244312.29
2025-02-10 12:00 | INFO | Query 26 Active Learning Runtime on Test Set: 151278.36
2025-02-10 12:00 | INFO | Query 26 Active Learning Instance Cost: 1692135.35
2025-02-10 12:00 | INFO | Query 27 Size of the uncertainty table is = 14363/23184
2025-02-10 12:00 | INFO | Query 27 Size of the filtered table is = 232
2025-02-10 12:00 | INFO | Training Time Active Learning Classifier: 3.72 seconds
2025-02-10 12:00 | INFO | Training Time Active Learning Regressor: 1.89 seconds
2025-02-10 12:00 | INFO | Query 27 Active Learning Runtime on Validation Set: 226883.35
2025-02-10 12:00 | INFO | Query 27 Active Learning Runtime on Test Set: 150275.3
2025-02-10 12:00 | INFO | Query 27 Active Learning Instance Cost: 1724641.15
2025-02-10 12:01 | INFO | Query 28 Size of the uncertainty table is = 14244/23184
2025-02-10 12:01 | INFO | Query 28 Size of the filtered table is = 232
2025-02-10 12:01 | INFO | Training Time Active Learning Classifier: 3.65 seconds
2025-02-10 12:01 | INFO | Training Time Active Learning Regressor: 1.89 seconds
2025-02-10 12:01 | INFO | Query 28 Active Learning Runtime on Validation Set: 200191.51
2025-02-10 12:01 | INFO | Query 28 Active Learning Runtime on Test Set: 220513.8
2025-02-10 12:01 | INFO | Query 28 Active Learning Instance Cost: 1753792.55
2025-02-10 12:01 | INFO | Query 29 Size of the uncertainty table is = 14191/23184
2025-02-10 12:01 | INFO | Query 29 Size of the filtered table is = 232
2025-02-10 12:02 | INFO | Training Time Active Learning Classifier: 3.66 seconds
2025-02-10 12:02 | INFO | Training Time Active Learning Regressor: 1.89 seconds
2025-02-10 12:02 | INFO | Query 29 Active Learning Runtime on Validation Set: 202252.56
2025-02-10 12:02 | INFO | Query 29 Active Learning Runtime on Test Set: 220146.06
2025-02-10 12:02 | INFO | Query 29 Active Learning Instance Cost: 1762908.04
2025-02-10 12:02 | INFO | Timeout limit is increased to 1200
2025-02-10 12:02 | INFO | Query 30 Size of the uncertainty table is = 14146/23184
2025-02-10 12:02 | INFO | Query 30 Size of the filtered table is = 232
2025-02-10 12:02 | INFO | Training Time Active Learning Classifier: 3.69 seconds
2025-02-10 12:02 | INFO | Training Time Active Learning Regressor: 1.89 seconds
2025-02-10 12:03 | INFO | Query 30 Active Learning Runtime on Validation Set: 201216.67
2025-02-10 12:03 | INFO | Query 30 Active Learning Runtime on Test Set: 222903.05
2025-02-10 12:03 | INFO | Query 30 Active Learning Instance Cost: 1828243.94
2025-02-10 12:03 | INFO | Query 31 Size of the uncertainty table is = 14095/23184
2025-02-10 12:03 | INFO | Query 31 Size of the filtered table is = 232
2025-02-10 12:03 | INFO | Training Time Active Learning Classifier: 3.68 seconds
2025-02-10 12:03 | INFO | Training Time Active Learning Regressor: 1.92 seconds
2025-02-10 12:04 | INFO | Query 31 Active Learning Runtime on Validation Set: 200412.7
2025-02-10 12:04 | INFO | Query 31 Active Learning Runtime on Test Set: 188898.59
2025-02-10 12:04 | INFO | Query 31 Active Learning Instance Cost: 1846078.35
2025-02-10 12:04 | INFO | Query 32 Size of the uncertainty table is = 14044/23184
2025-02-10 12:04 | INFO | Query 32 Size of the filtered table is = 232
2025-02-10 12:04 | INFO | Training Time Active Learning Classifier: 3.7 seconds
2025-02-10 12:04 | INFO | Training Time Active Learning Regressor: 1.91 seconds
2025-02-10 12:04 | INFO | Query 32 Active Learning Runtime on Validation Set: 233724.7
2025-02-10 12:04 | INFO | Query 32 Active Learning Runtime on Test Set: 188924.78
2025-02-10 12:04 | INFO | Query 32 Active Learning Instance Cost: 1864032.05
2025-02-10 12:04 | INFO | Timeout limit is increased to 1300
2025-02-10 12:05 | INFO | Query 33 Size of the uncertainty table is = 13999/23184
2025-02-10 12:05 | INFO | Query 33 Size of the filtered table is = 232
2025-02-10 12:05 | INFO | Training Time Active Learning Classifier: 3.72 seconds
2025-02-10 12:05 | INFO | Training Time Active Learning Regressor: 1.92 seconds
2025-02-10 12:05 | INFO | Query 33 Active Learning Runtime on Validation Set: 309204.68
2025-02-10 12:05 | INFO | Query 33 Active Learning Runtime on Test Set: 119430.62
2025-02-10 12:05 | INFO | Query 33 Active Learning Instance Cost: 1916306.39
2025-02-10 12:05 | INFO | Timeout limit is increased to 1400
2025-02-10 12:06 | INFO | Query 34 Size of the uncertainty table is = 13945/23184
2025-02-10 12:06 | INFO | Query 34 Size of the filtered table is = 232
2025-02-10 12:06 | INFO | Training Time Active Learning Classifier: 3.73 seconds
2025-02-10 12:06 | INFO | Training Time Active Learning Regressor: 1.94 seconds
2025-02-10 12:06 | INFO | Query 34 Active Learning Runtime on Validation Set: 265797.3
2025-02-10 12:06 | INFO | Query 34 Active Learning Runtime on Test Set: 117699.89
2025-02-10 12:06 | INFO | Query 34 Active Learning Instance Cost: 1985338.54
2025-02-10 12:06 | INFO | Query 35 Size of the uncertainty table is = 13866/23184
2025-02-10 12:06 | INFO | Query 35 Size of the filtered table is = 232
2025-02-10 12:06 | INFO | Training Time Active Learning Classifier: 3.82 seconds
2025-02-10 12:06 | INFO | Training Time Active Learning Regressor: 1.93 seconds
2025-02-10 12:07 | INFO | Query 35 Active Learning Runtime on Validation Set: 236365.01
2025-02-10 12:07 | INFO | Query 35 Active Learning Runtime on Test Set: 116013.84
2025-02-10 12:07 | INFO | Query 35 Active Learning Instance Cost: 2043028.75
2025-02-10 12:07 | INFO | Query 36 Size of the uncertainty table is = 13807/23184
2025-02-10 12:07 | INFO | Query 36 Size of the filtered table is = 232
2025-02-10 12:07 | INFO | Training Time Active Learning Classifier: 3.78 seconds
2025-02-10 12:07 | INFO | Training Time Active Learning Regressor: 2.01 seconds
2025-02-10 12:08 | INFO | Query 36 Active Learning Runtime on Validation Set: 236487.87
2025-02-10 12:08 | INFO | Query 36 Active Learning Runtime on Test Set: 116417.58
2025-02-10 12:08 | INFO | Query 36 Active Learning Instance Cost: 2067826.53
2025-02-10 12:08 | INFO | Timeout limit is increased to 1500
2025-02-10 12:08 | INFO | Query 37 Size of the uncertainty table is = 13770/23184
2025-02-10 12:08 | INFO | Query 37 Size of the filtered table is = 232
2025-02-10 12:08 | INFO | Training Time Active Learning Classifier: 3.77 seconds
2025-02-10 12:08 | INFO | Training Time Active Learning Regressor: 1.94 seconds
2025-02-10 12:09 | INFO | Query 37 Active Learning Runtime on Validation Set: 237392.69
2025-02-10 12:09 | INFO | Query 37 Active Learning Runtime on Test Set: 115078.63
2025-02-10 12:09 | INFO | Query 37 Active Learning Instance Cost: 2123318.21
2025-02-10 12:09 | INFO | Timeout limit is increased to 1600
2025-02-10 12:09 | INFO | Query 38 Size of the uncertainty table is = 13748/23184
2025-02-10 12:09 | INFO | Query 38 Size of the filtered table is = 232
2025-02-10 12:09 | INFO | Training Time Active Learning Classifier: 3.79 seconds
2025-02-10 12:09 | INFO | Training Time Active Learning Regressor: 1.95 seconds
2025-02-10 12:09 | INFO | Query 38 Active Learning Runtime on Validation Set: 271134.32
2025-02-10 12:09 | INFO | Query 38 Active Learning Runtime on Test Set: 113991.87
2025-02-10 12:09 | INFO | Query 38 Active Learning Instance Cost: 2178389.88
2025-02-10 12:09 | INFO | Timeout limit is increased to 1700
2025-02-10 12:10 | INFO | Query 39 Size of the uncertainty table is = 13687/23184
2025-02-10 12:10 | INFO | Query 39 Size of the filtered table is = 232
2025-02-10 12:10 | INFO | Training Time Active Learning Classifier: 3.79 seconds
2025-02-10 12:10 | INFO | Training Time Active Learning Regressor: 1.95 seconds
2025-02-10 12:10 | INFO | Query 39 Active Learning Runtime on Validation Set: 210826.87
2025-02-10 12:10 | INFO | Query 39 Active Learning Runtime on Test Set: 152288.93
2025-02-10 12:10 | INFO | Query 39 Active Learning Instance Cost: 2250780.57
2025-02-10 12:10 | INFO | Query 40 Size of the uncertainty table is = 13616/23184
2025-02-10 12:10 | INFO | Query 40 Size of the filtered table is = 232
2025-02-10 12:10 | INFO | Training Time Active Learning Classifier: 3.82 seconds
2025-02-10 12:10 | INFO | Training Time Active Learning Regressor: 1.97 seconds
2025-02-10 12:11 | INFO | Query 40 Active Learning Runtime on Validation Set: 168438.01
2025-02-10 12:11 | INFO | Query 40 Active Learning Runtime on Test Set: 120401.99
2025-02-10 12:11 | INFO | Query 40 Active Learning Instance Cost: 2302620.25
2025-02-10 12:11 | INFO | Query 41 Size of the uncertainty table is = 13556/23184
2025-02-10 12:11 | INFO | Query 41 Size of the filtered table is = 232
2025-02-10 12:11 | INFO | Training Time Active Learning Classifier: 3.83 seconds
2025-02-10 12:11 | INFO | Training Time Active Learning Regressor: 1.97 seconds
2025-02-10 12:12 | INFO | Query 41 Active Learning Runtime on Validation Set: 226717.37
2025-02-10 12:12 | INFO | Query 41 Active Learning Runtime on Test Set: 83600.27
2025-02-10 12:12 | INFO | Query 41 Active Learning Instance Cost: 2340160.96
2025-02-10 12:12 | INFO | Timeout limit is increased to 1800
2025-02-10 12:12 | INFO | Query 42 Size of the uncertainty table is = 13523/23184
2025-02-10 12:12 | INFO | Query 42 Size of the filtered table is = 232
2025-02-10 12:12 | INFO | Training Time Active Learning Classifier: 3.85 seconds
2025-02-10 12:12 | INFO | Training Time Active Learning Regressor: 1.97 seconds
2025-02-10 12:13 | INFO | Query 42 Active Learning Runtime on Validation Set: 229079.05
2025-02-10 12:13 | INFO | Query 42 Active Learning Runtime on Test Set: 117381.45
2025-02-10 12:13 | INFO | Query 42 Active Learning Instance Cost: 2422557.89
2025-02-10 12:13 | INFO | Timeout limit is increased to 1900
2025-02-10 12:13 | INFO | Query 43 Size of the uncertainty table is = 13464/23184
2025-02-10 12:13 | INFO | Query 43 Size of the filtered table is = 232
2025-02-10 12:13 | INFO | Training Time Active Learning Classifier: 3.86 seconds
2025-02-10 12:13 | INFO | Training Time Active Learning Regressor: 1.99 seconds
2025-02-10 12:13 | INFO | Query 43 Active Learning Runtime on Validation Set: 200003.88
2025-02-10 12:13 | INFO | Query 43 Active Learning Runtime on Test Set: 117124.37
2025-02-10 12:13 | INFO | Query 43 Active Learning Instance Cost: 2511598.01
2025-02-10 12:14 | INFO | Query 44 Size of the uncertainty table is = 13404/23184
2025-02-10 12:14 | INFO | Query 44 Size of the filtered table is = 232
2025-02-10 12:14 | INFO | Training Time Active Learning Classifier: 3.87 seconds
2025-02-10 12:14 | INFO | Training Time Active Learning Regressor: 1.98 seconds
2025-02-10 12:14 | INFO | Query 44 Active Learning Runtime on Validation Set: 198487.69
2025-02-10 12:14 | INFO | Query 44 Active Learning Runtime on Test Set: 120418.17
2025-02-10 12:14 | INFO | Query 44 Active Learning Instance Cost: 2542687.81
2025-02-10 12:14 | INFO | Query 45 Size of the uncertainty table is = 13372/23184
2025-02-10 12:14 | INFO | Query 45 Size of the filtered table is = 232
2025-02-10 12:14 | INFO | Training Time Active Learning Classifier: 3.88 seconds
2025-02-10 12:15 | INFO | Training Time Active Learning Regressor: 2.07 seconds
2025-02-10 12:15 | INFO | Query 45 Active Learning Runtime on Validation Set: 166073.04
2025-02-10 12:15 | INFO | Query 45 Active Learning Runtime on Test Set: 153884.34
2025-02-10 12:15 | INFO | Query 45 Active Learning Instance Cost: 2575517.19
2025-02-10 12:15 | INFO | Query 46 Size of the uncertainty table is = 13348/23184
2025-02-10 12:15 | INFO | Query 46 Size of the filtered table is = 232
2025-02-10 12:15 | INFO | Training Time Active Learning Classifier: 3.88 seconds
2025-02-10 12:15 | INFO | Training Time Active Learning Regressor: 1.98 seconds
2025-02-10 12:16 | INFO | Query 46 Active Learning Runtime on Validation Set: 167612.9
2025-02-10 12:16 | INFO | Query 46 Active Learning Runtime on Test Set: 117030.32
2025-02-10 12:16 | INFO | Query 46 Active Learning Instance Cost: 2587503.4
2025-02-10 12:16 | INFO | Timeout limit is increased to 2000
2025-02-10 12:16 | INFO | Query 47 Size of the uncertainty table is = 13319/23184
2025-02-10 12:16 | INFO | Query 47 Size of the filtered table is = 232
2025-02-10 12:16 | INFO | Training Time Active Learning Classifier: 3.96 seconds
2025-02-10 12:16 | INFO | Training Time Active Learning Regressor: 2.0 seconds
2025-02-10 12:17 | INFO | Query 47 Active Learning Runtime on Validation Set: 167401.93
2025-02-10 12:17 | INFO | Query 47 Active Learning Runtime on Test Set: 119343.33
2025-02-10 12:17 | INFO | Query 47 Active Learning Instance Cost: 2647469.52
2025-02-10 12:17 | INFO | Query 48 Size of the uncertainty table is = 13316/23184
2025-02-10 12:17 | INFO | Query 48 Size of the filtered table is = 232
2025-02-10 12:17 | INFO | Training Time Active Learning Classifier: 3.89 seconds
2025-02-10 12:17 | INFO | Training Time Active Learning Regressor: 2.01 seconds
2025-02-10 12:17 | INFO | Query 48 Active Learning Runtime on Validation Set: 202718.79
2025-02-10 12:17 | INFO | Query 48 Active Learning Runtime on Test Set: 119343.33
2025-02-10 12:17 | INFO | Query 48 Active Learning Instance Cost: 2653226.83
2025-02-10 12:17 | INFO | Timeout limit is increased to 2100
2025-02-10 12:18 | INFO | Query 49 Size of the uncertainty table is = 13309/23184
2025-02-10 12:18 | INFO | Query 49 Size of the filtered table is = 232
2025-02-10 12:18 | INFO | Training Time Active Learning Classifier: 3.89 seconds
2025-02-10 12:18 | INFO | Training Time Active Learning Regressor: 2.01 seconds
2025-02-10 12:18 | INFO | Query 49 Active Learning Runtime on Validation Set: 203149.53
2025-02-10 12:18 | INFO | Query 49 Active Learning Runtime on Test Set: 121649.25
2025-02-10 12:18 | INFO | Query 49 Active Learning Instance Cost: 2694726.07
2025-02-10 12:18 | INFO | Timeout limit is increased to 2200
2025-02-10 12:18 | INFO | Query 50 Size of the uncertainty table is = 13286/23184
2025-02-10 12:18 | INFO | Query 50 Size of the filtered table is = 232
2025-02-10 12:19 | INFO | Training Time Active Learning Classifier: 3.91 seconds
2025-02-10 12:19 | INFO | Training Time Active Learning Regressor: 2.01 seconds
2025-02-10 12:19 | INFO | Query 50 Active Learning Runtime on Validation Set: 169023.44
2025-02-10 12:19 | INFO | Query 50 Active Learning Runtime on Test Set: 156958.28
2025-02-10 12:19 | INFO | Query 50 Active Learning Instance Cost: 2749193.4
2025-02-10 12:19 | INFO | Query 51 Size of the uncertainty table is = 13266/23184
2025-02-10 12:19 | INFO | Query 51 Size of the filtered table is = 232
2025-02-10 12:19 | INFO | Training Time Active Learning Classifier: 3.91 seconds
2025-02-10 12:19 | INFO | Training Time Active Learning Regressor: 2.02 seconds
2025-02-10 12:20 | INFO | Query 51 Active Learning Runtime on Validation Set: 168977.98
2025-02-10 12:20 | INFO | Query 51 Active Learning Runtime on Test Set: 156955.17
2025-02-10 12:20 | INFO | Query 51 Active Learning Instance Cost: 2773381.97
2025-02-10 12:20 | INFO | Query 52 Size of the uncertainty table is = 13255/23184
2025-02-10 12:20 | INFO | Query 52 Size of the filtered table is = 232
2025-02-10 12:20 | INFO | Training Time Active Learning Classifier: 3.92 seconds
2025-02-10 12:20 | INFO | Training Time Active Learning Regressor: 2.0 seconds
2025-02-10 12:21 | INFO | Query 52 Active Learning Runtime on Validation Set: 168977.98
2025-02-10 12:21 | INFO | Query 52 Active Learning Runtime on Test Set: 156955.17
2025-02-10 12:21 | INFO | Query 52 Active Learning Instance Cost: 2806481.97
2025-02-10 12:21 | INFO | Timeout limit is increased to 2300
2025-02-10 12:21 | INFO | Query 53 Size of the uncertainty table is = 13249/23184
2025-02-10 12:21 | INFO | Query 53 Size of the filtered table is = 232
2025-02-10 12:21 | INFO | Training Time Active Learning Classifier: 3.98 seconds
2025-02-10 12:21 | INFO | Training Time Active Learning Regressor: 2.01 seconds
2025-02-10 12:21 | INFO | Query 53 Active Learning Runtime on Validation Set: 167588.58
2025-02-10 12:21 | INFO | Query 53 Active Learning Runtime on Test Set: 154642.16
2025-02-10 12:21 | INFO | Query 53 Active Learning Instance Cost: 2845964.31
2025-02-10 12:22 | INFO | Query 54 Size of the uncertainty table is = 13242/23184
2025-02-10 12:22 | INFO | Query 54 Size of the filtered table is = 232
2025-02-10 12:22 | INFO | Training Time Active Learning Classifier: 3.92 seconds
2025-02-10 12:22 | INFO | Training Time Active Learning Regressor: 2.0 seconds
2025-02-10 12:22 | INFO | Query 54 Active Learning Runtime on Validation Set: 235307.12
2025-02-10 12:22 | INFO | Query 54 Active Learning Runtime on Test Set: 152681.96
2025-02-10 12:22 | INFO | Query 54 Active Learning Instance Cost: 2868066.48
2025-02-10 12:22 | INFO | Timeout limit is increased to 2400
2025-02-10 12:22 | INFO | Query 55 Size of the uncertainty table is = 13235/23184
2025-02-10 12:22 | INFO | Query 55 Size of the filtered table is = 232
2025-02-10 12:23 | INFO | Training Time Active Learning Classifier: 3.91 seconds
2025-02-10 12:23 | INFO | Training Time Active Learning Regressor: 2.02 seconds
2025-02-10 12:23 | INFO | Query 55 Active Learning Runtime on Validation Set: 234710.08
2025-02-10 12:23 | INFO | Query 55 Active Learning Runtime on Test Set: 152528.84
2025-02-10 12:23 | INFO | Query 55 Active Learning Instance Cost: 2920269.29
2025-02-10 12:23 | INFO | Query 56 Size of the uncertainty table is = 13225/23184
2025-02-10 12:23 | INFO | Query 56 Size of the filtered table is = 232
2025-02-10 12:23 | INFO | Training Time Active Learning Classifier: 3.93 seconds
2025-02-10 12:23 | INFO | Training Time Active Learning Regressor: 2.02 seconds
2025-02-10 12:24 | INFO | Query 56 Active Learning Runtime on Validation Set: 199920.06
2025-02-10 12:24 | INFO | Query 56 Active Learning Runtime on Test Set: 153282.13
2025-02-10 12:24 | INFO | Query 56 Active Learning Instance Cost: 2964233.71
2025-02-10 12:24 | INFO | Query 57 Size of the uncertainty table is = 13185/23184
2025-02-10 12:24 | INFO | Query 57 Size of the filtered table is = 232
2025-02-10 12:24 | INFO | Training Time Active Learning Classifier: 3.93 seconds
2025-02-10 12:24 | INFO | Training Time Active Learning Regressor: 2.03 seconds
2025-02-10 12:25 | INFO | Query 57 Active Learning Runtime on Validation Set: 267195.95999999996
2025-02-10 12:25 | INFO | Query 57 Active Learning Runtime on Test Set: 155106.39
2025-02-10 12:25 | INFO | Query 57 Active Learning Instance Cost: 2988114.05
2025-02-10 12:25 | INFO | Timeout limit is increased to 2500
2025-02-10 12:25 | INFO | Query 58 Size of the uncertainty table is = 13156/23184
2025-02-10 12:25 | INFO | Query 58 Size of the filtered table is = 232
2025-02-10 12:25 | INFO | Training Time Active Learning Classifier: 3.95 seconds
2025-02-10 12:25 | INFO | Training Time Active Learning Regressor: 2.01 seconds
2025-02-10 12:25 | INFO | Query 58 Active Learning Runtime on Validation Set: 265511.16000000003
2025-02-10 12:25 | INFO | Query 58 Active Learning Runtime on Test Set: 117365.7
2025-02-10 12:25 | INFO | Query 58 Active Learning Instance Cost: 3059458.5
2025-02-10 12:26 | INFO | Query 59 Size of the uncertainty table is = 13136/23184
2025-02-10 12:26 | INFO | Query 59 Size of the filtered table is = 232
2025-02-10 12:26 | INFO | Training Time Active Learning Classifier: 3.94 seconds
2025-02-10 12:26 | INFO | Training Time Active Learning Regressor: 2.03 seconds
2025-02-10 12:26 | INFO | Query 59 Active Learning Runtime on Validation Set: 264719.2
2025-02-10 12:26 | INFO | Query 59 Active Learning Runtime on Test Set: 151332.83
2025-02-10 12:26 | INFO | Query 59 Active Learning Instance Cost: 3076326.72
2025-02-10 12:27 | INFO | Query 60 Size of the uncertainty table is = 13116/23184
2025-02-10 12:27 | INFO | Query 60 Size of the filtered table is = 232
2025-02-10 12:27 | INFO | Training Time Active Learning Classifier: 3.95 seconds
2025-02-10 12:27 | INFO | Training Time Active Learning Regressor: 2.05 seconds
2025-02-10 12:27 | INFO | Query 60 Active Learning Runtime on Validation Set: 226965.08
2025-02-10 12:27 | INFO | Query 60 Active Learning Runtime on Test Set: 115369.94
2025-02-10 12:27 | INFO | Query 60 Active Learning Instance Cost: 3093559.82
2025-02-10 12:27 | INFO | Query 61 Size of the uncertainty table is = 13102/23184
2025-02-10 12:27 | INFO | Query 61 Size of the filtered table is = 232
2025-02-10 12:27 | INFO | Training Time Active Learning Classifier: 3.95 seconds
2025-02-10 12:27 | INFO | Training Time Active Learning Regressor: 2.04 seconds
2025-02-10 12:28 | INFO | Query 61 Active Learning Runtime on Validation Set: 262775.56
2025-02-10 12:28 | INFO | Query 61 Active Learning Runtime on Test Set: 115369.94
2025-02-10 12:28 | INFO | Query 61 Active Learning Instance Cost: 3112730.98
2025-02-10 12:28 | INFO | Timeout limit is increased to 2600
2025-02-10 12:28 | INFO | Query 62 Size of the uncertainty table is = 13089/23184
2025-02-10 12:28 | INFO | Query 62 Size of the filtered table is = 232
2025-02-10 12:28 | INFO | Training Time Active Learning Classifier: 3.98 seconds
2025-02-10 12:28 | INFO | Training Time Active Learning Regressor: 2.08 seconds
2025-02-10 12:29 | INFO | Query 62 Active Learning Runtime on Validation Set: 363073.53
2025-02-10 12:29 | INFO | Query 62 Active Learning Runtime on Test Set: 115042.98
2025-02-10 12:29 | INFO | Query 62 Active Learning Instance Cost: 3180720.52
2025-02-10 12:29 | INFO | Timeout limit is increased to 2700
2025-02-10 12:29 | INFO | Query 63 Size of the uncertainty table is = 13067/23184
2025-02-10 12:29 | INFO | Query 63 Size of the filtered table is = 232
2025-02-10 12:29 | INFO | Training Time Active Learning Classifier: 4.03 seconds
2025-02-10 12:29 | INFO | Training Time Active Learning Regressor: 2.06 seconds
2025-02-10 12:29 | INFO | Query 63 Active Learning Runtime on Validation Set: 264824.76
2025-02-10 12:29 | INFO | Query 63 Active Learning Runtime on Test Set: 150745.76
2025-02-10 12:29 | INFO | Query 63 Active Learning Instance Cost: 3252665.31
2025-02-10 12:30 | INFO | Query 64 Size of the uncertainty table is = 13010/23184
2025-02-10 12:30 | INFO | Query 64 Size of the filtered table is = 232
2025-02-10 12:30 | INFO | Training Time Active Learning Classifier: 3.99 seconds
2025-02-10 12:30 | INFO | Training Time Active Learning Regressor: 2.06 seconds
2025-02-10 12:30 | INFO | Query 64 Active Learning Runtime on Validation Set: 301497.25
2025-02-10 12:30 | INFO | Query 64 Active Learning Runtime on Test Set: 150708.97
2025-02-10 12:30 | INFO | Query 64 Active Learning Instance Cost: 3317548.11
2025-02-10 12:30 | INFO | Timeout limit is increased to 2800
2025-02-10 12:31 | INFO | Query 65 Size of the uncertainty table is = 12936/23184
2025-02-10 12:31 | INFO | Query 65 Size of the filtered table is = 232
2025-02-10 12:31 | INFO | Training Time Active Learning Classifier: 4.0 seconds
2025-02-10 12:31 | INFO | Training Time Active Learning Regressor: 2.07 seconds
2025-02-10 12:31 | INFO | Query 65 Active Learning Runtime on Validation Set: 267916.25
2025-02-10 12:31 | INFO | Query 65 Active Learning Runtime on Test Set: 78861.19
2025-02-10 12:31 | INFO | Query 65 Active Learning Instance Cost: 3390224.68
2025-02-10 12:31 | INFO | Query 66 Size of the uncertainty table is = 12885/23184
2025-02-10 12:31 | INFO | Query 66 Size of the filtered table is = 232
2025-02-10 12:31 | INFO | Training Time Active Learning Classifier: 4.0 seconds
2025-02-10 12:31 | INFO | Training Time Active Learning Regressor: 2.06 seconds
2025-02-10 12:32 | INFO | Query 66 Active Learning Runtime on Validation Set: 267611.57
2025-02-10 12:32 | INFO | Query 66 Active Learning Runtime on Test Set: 115545.35
2025-02-10 12:32 | INFO | Query 66 Active Learning Instance Cost: 3447624.85
2025-02-10 12:32 | INFO | Query 67 Size of the uncertainty table is = 12850/23184
2025-02-10 12:32 | INFO | Query 67 Size of the filtered table is = 232
2025-02-10 12:32 | INFO | Training Time Active Learning Classifier: 4.09 seconds
2025-02-10 12:32 | INFO | Training Time Active Learning Regressor: 2.07 seconds
2025-02-10 12:33 | INFO | Query 67 Active Learning Runtime on Validation Set: 267106.88
2025-02-10 12:33 | INFO | Query 67 Active Learning Runtime on Test Set: 78850.73000000001
2025-02-10 12:33 | INFO | Query 67 Active Learning Instance Cost: 3483765.58
2025-02-10 12:33 | INFO | Query 68 Size of the uncertainty table is = 12808/23184
2025-02-10 12:33 | INFO | Query 68 Size of the filtered table is = 232
2025-02-10 12:33 | INFO | Training Time Active Learning Classifier: 4.04 seconds
2025-02-10 12:33 | INFO | Training Time Active Learning Regressor: 2.08 seconds
2025-02-10 12:34 | INFO | Query 68 Active Learning Runtime on Validation Set: 261081.05
2025-02-10 12:34 | INFO | Query 68 Active Learning Runtime on Test Set: 79252.68
2025-02-10 12:34 | INFO | Query 68 Active Learning Instance Cost: 3528655.52
2025-02-10 12:34 | INFO | Query 69 Size of the uncertainty table is = 12740/23184
2025-02-10 12:34 | INFO | Query 69 Size of the filtered table is = 232
2025-02-10 12:34 | INFO | Training Time Active Learning Classifier: 4.04 seconds
2025-02-10 12:34 | INFO | Training Time Active Learning Regressor: 2.08 seconds
2025-02-10 12:34 | INFO | Query 69 Active Learning Runtime on Validation Set: 195210.81
2025-02-10 12:34 | INFO | Query 69 Active Learning Runtime on Test Set: 114760.15
2025-02-10 12:34 | INFO | Query 69 Active Learning Instance Cost: 3573109.37
2025-02-10 12:35 | INFO | Query 70 Size of the uncertainty table is = 12713/23184
2025-02-10 12:35 | INFO | Query 70 Size of the filtered table is = 232
2025-02-10 12:35 | INFO | Training Time Active Learning Classifier: 4.11 seconds
2025-02-10 12:35 | INFO | Training Time Active Learning Regressor: 2.09 seconds
2025-02-10 12:35 | INFO | Query 70 Active Learning Runtime on Validation Set: 195210.81
2025-02-10 12:35 | INFO | Query 70 Active Learning Runtime on Test Set: 114760.15
2025-02-10 12:35 | INFO | Query 70 Active Learning Instance Cost: 3578005.9
2025-02-10 12:35 | INFO | Timeout limit is increased to 2900
2025-02-10 12:35 | INFO | Query 71 Size of the uncertainty table is = 12708/23184
2025-02-10 12:35 | INFO | Query 71 Size of the filtered table is = 232
2025-02-10 12:35 | INFO | Training Time Active Learning Classifier: 4.05 seconds
2025-02-10 12:35 | INFO | Training Time Active Learning Regressor: 2.1 seconds
2025-02-10 12:36 | INFO | Query 71 Active Learning Runtime on Validation Set: 228717.46
2025-02-10 12:36 | INFO | Query 71 Active Learning Runtime on Test Set: 114712.83
2025-02-10 12:36 | INFO | Query 71 Active Learning Instance Cost: 3619111.55
2025-02-10 12:36 | INFO | Timeout limit is increased to 3000
2025-02-10 12:36 | INFO | Query 72 Size of the uncertainty table is = 12697/23184
2025-02-10 12:36 | INFO | Query 72 Size of the filtered table is = 232
2025-02-10 12:36 | INFO | Training Time Active Learning Classifier: 4.06 seconds
2025-02-10 12:36 | INFO | Training Time Active Learning Regressor: 2.1 seconds
2025-02-10 12:37 | INFO | Query 72 Active Learning Runtime on Validation Set: 200731.19
2025-02-10 12:37 | INFO | Query 72 Active Learning Runtime on Test Set: 150675.84
2025-02-10 12:37 | INFO | Query 72 Active Learning Instance Cost: 3663115.85
2025-02-10 12:37 | INFO | Query 73 Size of the uncertainty table is = 12692/23184
2025-02-10 12:37 | INFO | Query 73 Size of the filtered table is = 232
2025-02-10 12:37 | INFO | Training Time Active Learning Classifier: 4.06 seconds
2025-02-10 12:37 | INFO | Training Time Active Learning Regressor: 2.12 seconds
2025-02-10 12:38 | INFO | Query 73 Active Learning Runtime on Validation Set: 200827.95
2025-02-10 12:38 | INFO | Query 73 Active Learning Runtime on Test Set: 150693.82
2025-02-10 12:38 | INFO | Query 73 Active Learning Instance Cost: 3670463.47
2025-02-10 12:38 | INFO | Timeout limit is increased to 3100
2025-02-10 12:38 | INFO | Query 74 Size of the uncertainty table is = 12677/23184
2025-02-10 12:38 | INFO | Query 74 Size of the filtered table is = 232
2025-02-10 12:38 | INFO | Training Time Active Learning Classifier: 4.06 seconds
2025-02-10 12:38 | INFO | Training Time Active Learning Regressor: 2.11 seconds
2025-02-10 12:38 | INFO | Query 74 Active Learning Runtime on Validation Set: 200792.7
2025-02-10 12:38 | INFO | Query 74 Active Learning Runtime on Test Set: 150670.54
2025-02-10 12:38 | INFO | Query 74 Active Learning Instance Cost: 3717510.27
2025-02-10 12:39 | INFO | Query 75 Size of the uncertainty table is = 12670/23184
2025-02-10 12:39 | INFO | Query 75 Size of the filtered table is = 232
2025-02-10 12:39 | INFO | Training Time Active Learning Classifier: 4.06 seconds
2025-02-10 12:39 | INFO | Training Time Active Learning Regressor: 2.12 seconds
2025-02-10 12:39 | INFO | Query 75 Active Learning Runtime on Validation Set: 200811.16
2025-02-10 12:39 | INFO | Query 75 Active Learning Runtime on Test Set: 150693.82
2025-02-10 12:39 | INFO | Query 75 Active Learning Instance Cost: 3727062.71
2025-02-10 12:39 | INFO | Timeout limit is increased to 3200
2025-02-10 12:39 | INFO | Query 76 Size of the uncertainty table is = 12659/23184
2025-02-10 12:39 | INFO | Query 76 Size of the filtered table is = 232
2025-02-10 12:39 | INFO | Training Time Active Learning Classifier: 4.06 seconds
2025-02-10 12:39 | INFO | Training Time Active Learning Regressor: 2.12 seconds
2025-02-10 12:40 | INFO | Query 76 Active Learning Runtime on Validation Set: 200820.58
2025-02-10 12:40 | INFO | Query 76 Active Learning Runtime on Test Set: 150670.54
2025-02-10 12:40 | INFO | Query 76 Active Learning Instance Cost: 3772712.98
2025-02-10 12:40 | INFO | Timeout limit is increased to 3300
2025-02-10 12:40 | INFO | Query 77 Size of the uncertainty table is = 12650/23184
2025-02-10 12:40 | INFO | Query 77 Size of the filtered table is = 232
2025-02-10 12:40 | INFO | Training Time Active Learning Classifier: 4.14 seconds
2025-02-10 12:40 | INFO | Training Time Active Learning Regressor: 2.12 seconds
2025-02-10 12:41 | INFO | Query 77 Active Learning Runtime on Validation Set: 200934.03
2025-02-10 12:41 | INFO | Query 77 Active Learning Runtime on Test Set: 151346.07
2025-02-10 12:41 | INFO | Query 77 Active Learning Instance Cost: 3822178.4
2025-02-10 12:41 | INFO | Timeout limit is increased to 3400
2025-02-10 12:41 | INFO | Query 78 Size of the uncertainty table is = 12641/23184
2025-02-10 12:41 | INFO | Query 78 Size of the filtered table is = 232
2025-02-10 12:41 | INFO | Training Time Active Learning Classifier: 4.07 seconds
2025-02-10 12:41 | INFO | Training Time Active Learning Regressor: 2.12 seconds
2025-02-10 12:42 | INFO | Query 78 Active Learning Runtime on Validation Set: 200934.03
2025-02-10 12:42 | INFO | Query 78 Active Learning Runtime on Test Set: 151346.07
2025-02-10 12:42 | INFO | Query 78 Active Learning Instance Cost: 3871378.4
2025-02-10 12:42 | INFO | Timeout limit is increased to 3500
2025-02-10 12:42 | INFO | Query 79 Size of the uncertainty table is = 12641/23184
2025-02-10 12:42 | INFO | Query 79 Size of the filtered table is = 232
2025-02-10 12:42 | INFO | Training Time Active Learning Classifier: 4.05 seconds
2025-02-10 12:42 | INFO | Training Time Active Learning Regressor: 2.11 seconds
2025-02-10 12:42 | INFO | Query 79 Active Learning Runtime on Validation Set: 268460.8
2025-02-10 12:42 | INFO | Query 79 Active Learning Runtime on Test Set: 151346.07
2025-02-10 12:42 | INFO | Query 79 Active Learning Instance Cost: 3911670.22
2025-02-10 12:42 | INFO | Timeout limit is increased to 3600
2025-02-10 12:43 | INFO | Query 80 Size of the uncertainty table is = 12636/23184
2025-02-10 12:43 | INFO | Query 80 Size of the filtered table is = 232
2025-02-10 12:43 | INFO | Training Time Active Learning Classifier: 4.06 seconds
2025-02-10 12:43 | INFO | Training Time Active Learning Regressor: 2.12 seconds
2025-02-10 12:43 | INFO | Query 80 Active Learning Runtime on Validation Set: 235551.68
2025-02-10 12:43 | INFO | Query 80 Active Learning Runtime on Test Set: 151346.07
2025-02-10 12:43 | INFO | Query 80 Active Learning Instance Cost: 3956796.11
2025-02-10 12:43 | INFO | Query 81 Size of the uncertainty table is = 9556/23184
2025-02-10 12:43 | INFO | Query 81 Size of the filtered table is = 232
2025-02-10 12:43 | INFO | Training Time Active Learning Classifier: 4.35 seconds
2025-02-10 12:43 | INFO | Training Time Active Learning Regressor: 2.21 seconds
2025-02-10 12:44 | INFO | Query 81 Active Learning Runtime on Validation Set: 410384.7
2025-02-10 12:44 | INFO | Query 81 Active Learning Runtime on Test Set: 81806.37
2025-02-10 12:44 | INFO | Query 81 Active Learning Instance Cost: 4250279.73
2025-02-10 12:44 | INFO | Timeout limit is increased to 3600
2025-02-10 12:44 | INFO | Query 82 Size of the uncertainty table is = 8302/23184
2025-02-10 12:44 | INFO | Query 82 Size of the filtered table is = 232
2025-02-10 12:44 | INFO | Training Time Active Learning Classifier: 4.64 seconds
2025-02-10 12:44 | INFO | Training Time Active Learning Regressor: 2.33 seconds
2025-02-10 12:45 | INFO | Query 82 Active Learning Runtime on Validation Set: 305566.15
2025-02-10 12:45 | INFO | Query 82 Active Learning Runtime on Test Set: 83439.54
2025-02-10 12:45 | INFO | Query 82 Active Learning Instance Cost: 4559804.12
2025-02-10 12:45 | INFO | Query 83 Size of the uncertainty table is = 6985/23184
2025-02-10 12:45 | INFO | Query 83 Size of the filtered table is = 232
2025-02-10 12:45 | INFO | Training Time Active Learning Classifier: 4.94 seconds
2025-02-10 12:45 | INFO | Training Time Active Learning Regressor: 2.47 seconds
2025-02-10 12:45 | INFO | Query 83 Active Learning Runtime on Validation Set: 410406.18
2025-02-10 12:45 | INFO | Query 83 Active Learning Runtime on Test Set: 81037.32
2025-02-10 12:45 | INFO | Query 83 Active Learning Instance Cost: 4866398.61
2025-02-10 12:45 | INFO | Timeout limit is increased to 3600
2025-02-10 12:45 | INFO | Query 84 Size of the uncertainty table is = 5564/23184
2025-02-10 12:45 | INFO | Query 84 Size of the filtered table is = 232
2025-02-10 12:46 | INFO | Training Time Active Learning Classifier: 5.24 seconds
2025-02-10 12:46 | INFO | Training Time Active Learning Regressor: 2.56 seconds
2025-02-10 12:46 | INFO | Query 84 Active Learning Runtime on Validation Set: 475537.04
2025-02-10 12:46 | INFO | Query 84 Active Learning Runtime on Test Set: 81713.87
2025-02-10 12:46 | INFO | Query 84 Active Learning Instance Cost: 5237151.1
2025-02-10 12:46 | INFO | Timeout limit is increased to 3600
2025-02-10 12:46 | INFO | Query 85 Size of the uncertainty table is = 4131/23184
2025-02-10 12:46 | INFO | Query 85 Size of the filtered table is = 232
2025-02-10 12:46 | INFO | Training Time Active Learning Classifier: 5.58 seconds
2025-02-10 12:46 | INFO | Training Time Active Learning Regressor: 2.64 seconds
2025-02-10 12:47 | INFO | Query 85 Active Learning Runtime on Validation Set: 343112.46
2025-02-10 12:47 | INFO | Query 85 Active Learning Runtime on Test Set: 117159.53
2025-02-10 12:47 | INFO | Query 85 Active Learning Instance Cost: 5533958.41
2025-02-10 12:47 | INFO | Query 86 Size of the uncertainty table is = 2835/23184
2025-02-10 12:47 | INFO | Query 86 Size of the filtered table is = 232
2025-02-10 12:47 | INFO | Training Time Active Learning Classifier: 5.76 seconds
2025-02-10 12:47 | INFO | Training Time Active Learning Regressor: 2.73 seconds
2025-02-10 12:47 | INFO | Query 86 Active Learning Runtime on Validation Set: 233748.43
2025-02-10 12:47 | INFO | Query 86 Active Learning Runtime on Test Set: 83447.23
2025-02-10 12:47 | INFO | Query 86 Active Learning Instance Cost: 5796199.28
2025-02-10 12:48 | INFO | Query 87 Size of the uncertainty table is = 1585/23184
2025-02-10 12:48 | INFO | Query 87 Size of the filtered table is = 232
2025-02-10 12:48 | INFO | Training Time Active Learning Classifier: 5.97 seconds
2025-02-10 12:48 | INFO | Training Time Active Learning Regressor: 2.8 seconds
2025-02-10 12:48 | INFO | Query 87 Active Learning Runtime on Validation Set: 274176.79000000004
2025-02-10 12:48 | INFO | Query 87 Active Learning Runtime on Test Set: 116878.19
2025-02-10 12:48 | INFO | Query 87 Active Learning Instance Cost: 6059664.61
2025-02-10 12:48 | INFO | Timeout limit is increased to 3600
2025-02-10 12:48 | INFO | Query 88 Size of the uncertainty table is = 495/23184
2025-02-10 12:48 | INFO | Query 88 Size of the filtered table is = 232
2025-02-10 12:48 | INFO | Training Time Active Learning Classifier: 6.05 seconds
2025-02-10 12:48 | INFO | Training Time Active Learning Regressor: 2.79 seconds
2025-02-10 12:49 | INFO | Query 88 Active Learning Runtime on Validation Set: 333750.52
2025-02-10 12:49 | INFO | Query 88 Active Learning Runtime on Test Set: 119242.54
2025-02-10 12:49 | INFO | Query 88 Active Learning Instance Cost: 6107464.66
2025-02-10 12:49 | INFO | Timeout limit is increased to 3600
2025-02-10 12:49 | INFO | Active Learning Emissions: 0.04947510480056355
2025-02-10 12:49 | INFO | Active Learning Energy Consumption: 0.05383017740154836 kWh
2025-02-10 12:49 | INFO | runtime_test_score is written as json file
2025-02-10 12:49 | INFO | runtime_validation_score is written as json file
2025-02-10 12:49 | INFO | instance_cost is written as json file
2025-02-10 12:49 | INFO | Experiment is finished
