2025-02-10 11:35 | INFO | Paramaters are: {'dataset': 'ASP-POTASSCO', 'penalty': 10, 'weight': 'No_Weight', 'voting': 'Hard', 'pre_selection_size': 64, 'pre_selection_technique': 'No_pre_selection', 'feature_elimination_threshold': 20, 'imputer_strategy': 'median', 'feature_selection_technique': 'No_feature_selection', 'feature_scaling_technique': 'StandardScaler', 'priority': {'PredCost': 'min', 'PredDiff': 'max', 'Uncertainty': 'max'}, 'initial_train_size': 20, 'query_size': 1, 'timeout_predictor_usage': 'No', 'timeout_limit': 3600, 'timeout_increase_rate': 100, 'penalty_type': 'Only-timeout-penalty', 'RANDOM_STATE_SEED': 7, 'n_splits': 10, 'split_number': 9, 'max_timeout': 3600, 'param_grid': {'n_estimators': 100, 'max_features': 'sqrt', 'max_depth': 2147483648, 'min_samples_split': 2, 'bootstrap': True}}
2025-02-10 11:35 | INFO | ASP-POTASSCO is current dataset
2025-02-10 11:35 | INFO | DATASETS/ASP-POTASSCO/algorithm_runs.arff is found
2025-02-10 11:35 | INFO | DATASETS/ASP-POTASSCO/algorithm_runs.arff is finished
2025-02-10 11:35 | INFO | DATASETS/ASP-POTASSCO/feature_values.arff is found
2025-02-10 11:35 | INFO | DATASETS/ASP-POTASSCO/feature_values.arff is finished
2025-02-10 11:35 | INFO | DATASETS/ASP-POTASSCO/feature_costs.arff is found
2025-02-10 11:35 | INFO | DATASETS/ASP-POTASSCO/feature_costs.arff is finished
2025-02-10 11:35 | INFO | Virtual best solver time in train = 21412.7
2025-02-10 11:35 | INFO | Single best solver list train = {'clasp/2.1.3/h1-n1': 3043789.34, 'clasp/2.1.3/h10-n1': 4920619.1, 'clasp/2.1.3/h11-n1': 6650022.75, 'clasp/2.1.3/h2-n1': 5063351.2, 'clasp/2.1.3/h3-n1': 5665373.64, 'clasp/2.1.3/h4-n1': 3703736.64, 'clasp/2.1.3/h5-n1': 4630211.43, 'clasp/2.1.3/h6-n1': 4024973.44, 'clasp/2.1.3/h7-n1': 6355988.33, 'clasp/2.1.3/h8-n1': 2958397.27, 'clasp/2.1.3/h9-n1': 4386227.13}
2025-02-10 11:35 | INFO | Single best solver time train = clasp/2.1.3/h8-n1 (2958397.27)
2025-02-10 11:35 | INFO | Virtual best solver time in validation = 2832.25
2025-02-10 11:35 | INFO | Single best solver list validation = {'clasp/2.1.3/h1-n1': 303923.77, 'clasp/2.1.3/h10-n1': 580820.82, 'clasp/2.1.3/h11-n1': 2354337.33, 'clasp/2.1.3/h2-n1': 474601.11, 'clasp/2.1.3/h3-n1': 2067379.94, 'clasp/2.1.3/h4-n1': 662956.28, 'clasp/2.1.3/h5-n1': 223075.33, 'clasp/2.1.3/h6-n1': 509190.29, 'clasp/2.1.3/h7-n1': 663179.31, 'clasp/2.1.3/h8-n1': 797026.47, 'clasp/2.1.3/h9-n1': 1814827.54}
2025-02-10 11:35 | INFO | Single best solver time validation = clasp/2.1.3/h5-n1 (223075.33)
2025-02-10 11:35 | INFO | Virtual best solver time in test = 3033.36
2025-02-10 11:35 | INFO | Single best solver list test = {'clasp/2.1.3/h1-n1': 329218.19, 'clasp/2.1.3/h10-n1': 831078.07, 'clasp/2.1.3/h11-n1': 1263975.3, 'clasp/2.1.3/h2-n1': 903152.29, 'clasp/2.1.3/h3-n1': 1121248.44, 'clasp/2.1.3/h4-n1': 618156.97, 'clasp/2.1.3/h5-n1': 796067.96, 'clasp/2.1.3/h6-n1': 617516.76, 'clasp/2.1.3/h7-n1': 1047713.25, 'clasp/2.1.3/h8-n1': 439686.37, 'clasp/2.1.3/h9-n1': 833073.97}
2025-02-10 11:35 | INFO | Single best solver time test = clasp/2.1.3/h1-n1 (329218.19)
2025-02-10 11:35 | INFO | Training Time Passive Learning Classifier: 15.96 seconds
2025-02-10 11:35 | INFO | Training Time Passive Learning Regressor: 4.37 seconds
2025-02-10 11:36 | INFO | Passive Learning Classifier Runtime on Validation Set: 293170.29
2025-02-10 11:36 | INFO | Passive Learning Classifier Runtime on Test Set: 76919.97
2025-02-10 11:36 | INFO | Passive Learning Instance Cost: 5427090.28
2025-02-10 11:36 | INFO | Passive Learning Emissions: 0.0007662200051893884
2025-02-10 11:36 | INFO | Passive Learning Energy Consumption: 0.0008336669315653529 kWh
2025-02-10 11:36 | INFO | Training Time Active Learning Classifier: 3.28 seconds
2025-02-10 11:36 | INFO | Training Time Active Learning Regressor: 0.54 seconds
2025-02-10 11:37 | INFO | Initial Active Learning Runtime on Validation Set: 366219.92
2025-02-10 11:37 | INFO | Initial Active Learning Runtime on Test Set: 364019.26
2025-02-10 11:37 | INFO | Initial Active Learning Instance Cost: 167158.69
2025-02-10 11:37 | INFO | Bin size = 394
2025-02-10 11:37 | INFO | Query 1 Size of the uncertainty table is = 39325/39325
2025-02-10 11:37 | INFO | Query 1 Size of the filtered table is = 394
2025-02-10 11:37 | INFO | Training Time Active Learning Classifier: 3.17 seconds
2025-02-10 11:37 | INFO | Training Time Active Learning Regressor: 0.64 seconds
2025-02-10 11:38 | INFO | Query 1 Active Learning Runtime on Validation Set: 293821.45
2025-02-10 11:38 | INFO | Query 1 Active Learning Runtime on Test Set: 293214.32
2025-02-10 11:38 | INFO | Query 1 Active Learning Instance Cost: 339550.13
2025-02-10 11:38 | INFO | Query 2 Size of the uncertainty table is = 38881/39325
2025-02-10 11:38 | INFO | Query 2 Size of the filtered table is = 394
2025-02-10 11:38 | INFO | Training Time Active Learning Classifier: 3.26 seconds
2025-02-10 11:38 | INFO | Training Time Active Learning Regressor: 0.73 seconds
2025-02-10 11:39 | INFO | Query 2 Active Learning Runtime on Validation Set: 329360.72
2025-02-10 11:39 | INFO | Query 2 Active Learning Runtime on Test Set: 256661.15
2025-02-10 11:39 | INFO | Query 2 Active Learning Instance Cost: 400294.63
2025-02-10 11:39 | INFO | Timeout limit is increased to 3600
2025-02-10 11:39 | INFO | Query 3 Size of the uncertainty table is = 38431/39325
2025-02-10 11:39 | INFO | Query 3 Size of the filtered table is = 394
2025-02-10 11:39 | INFO | Training Time Active Learning Classifier: 3.42 seconds
2025-02-10 11:39 | INFO | Training Time Active Learning Regressor: 0.79 seconds
2025-02-10 11:40 | INFO | Query 3 Active Learning Runtime on Validation Set: 365868.95
2025-02-10 11:40 | INFO | Query 3 Active Learning Runtime on Test Set: 328107.54
2025-02-10 11:40 | INFO | Query 3 Active Learning Instance Cost: 423484.93
2025-02-10 11:40 | INFO | Timeout limit is increased to 3600
2025-02-10 11:40 | INFO | Query 4 Size of the uncertainty table is = 37977/39325
2025-02-10 11:40 | INFO | Query 4 Size of the filtered table is = 394
2025-02-10 11:40 | INFO | Training Time Active Learning Classifier: 3.43 seconds
2025-02-10 11:40 | INFO | Training Time Active Learning Regressor: 0.83 seconds
2025-02-10 11:41 | INFO | Query 4 Active Learning Runtime on Validation Set: 329251.33999999997
2025-02-10 11:41 | INFO | Query 4 Active Learning Runtime on Test Set: 256121.86
2025-02-10 11:41 | INFO | Query 4 Active Learning Instance Cost: 444682.02
2025-02-10 11:41 | INFO | Query 5 Size of the uncertainty table is = 37551/39325
2025-02-10 11:41 | INFO | Query 5 Size of the filtered table is = 394
2025-02-10 11:41 | INFO | Training Time Active Learning Classifier: 3.54 seconds
2025-02-10 11:41 | INFO | Training Time Active Learning Regressor: 0.93 seconds
2025-02-10 11:42 | INFO | Query 5 Active Learning Runtime on Validation Set: 365948.27999999997
2025-02-10 11:42 | INFO | Query 5 Active Learning Runtime on Test Set: 220777.72999999998
2025-02-10 11:42 | INFO | Query 5 Active Learning Instance Cost: 472848.25
2025-02-10 11:42 | INFO | Timeout limit is increased to 3600
2025-02-10 11:42 | INFO | Query 6 Size of the uncertainty table is = 37098/39325
2025-02-10 11:42 | INFO | Query 6 Size of the filtered table is = 394
2025-02-10 11:43 | INFO | Training Time Active Learning Classifier: 3.64 seconds
2025-02-10 11:43 | INFO | Training Time Active Learning Regressor: 1.02 seconds
2025-02-10 11:43 | INFO | Query 6 Active Learning Runtime on Validation Set: 329755.6
2025-02-10 11:43 | INFO | Query 6 Active Learning Runtime on Test Set: 184791.41999999998
2025-02-10 11:43 | INFO | Query 6 Active Learning Instance Cost: 485066.24
2025-02-10 11:44 | INFO | Query 7 Size of the uncertainty table is = 36659/39325
2025-02-10 11:44 | INFO | Query 7 Size of the filtered table is = 394
2025-02-10 11:44 | INFO | Training Time Active Learning Classifier: 3.74 seconds
2025-02-10 11:44 | INFO | Training Time Active Learning Regressor: 1.1 seconds
2025-02-10 11:44 | INFO | Query 7 Active Learning Runtime on Validation Set: 328906.64
2025-02-10 11:44 | INFO | Query 7 Active Learning Runtime on Test Set: 148812.11
2025-02-10 11:44 | INFO | Query 7 Active Learning Instance Cost: 510427.85
2025-02-10 11:45 | INFO | Query 8 Size of the uncertainty table is = 36226/39325
2025-02-10 11:45 | INFO | Query 8 Size of the filtered table is = 394
2025-02-10 11:45 | INFO | Training Time Active Learning Classifier: 3.94 seconds
2025-02-10 11:45 | INFO | Training Time Active Learning Regressor: 1.17 seconds
2025-02-10 11:46 | INFO | Query 8 Active Learning Runtime on Validation Set: 293173.73
2025-02-10 11:46 | INFO | Query 8 Active Learning Runtime on Test Set: 220820.91
2025-02-10 11:46 | INFO | Query 8 Active Learning Instance Cost: 519602.5
2025-02-10 11:46 | INFO | Query 9 Size of the uncertainty table is = 35803/39325
2025-02-10 11:46 | INFO | Query 9 Size of the filtered table is = 394
2025-02-10 11:46 | INFO | Training Time Active Learning Classifier: 3.95 seconds
2025-02-10 11:46 | INFO | Training Time Active Learning Regressor: 1.25 seconds
2025-02-10 11:47 | INFO | Query 9 Active Learning Runtime on Validation Set: 293754.51
2025-02-10 11:47 | INFO | Query 9 Active Learning Runtime on Test Set: 256048.22
2025-02-10 11:47 | INFO | Query 9 Active Learning Instance Cost: 535782.35
2025-02-10 11:47 | INFO | Timeout limit is increased to 3600
2025-02-10 11:47 | INFO | Query 10 Size of the uncertainty table is = 35387/39325
2025-02-10 11:47 | INFO | Query 10 Size of the filtered table is = 394
2025-02-10 11:47 | INFO | Training Time Active Learning Classifier: 4.05 seconds
2025-02-10 11:47 | INFO | Training Time Active Learning Regressor: 1.38 seconds
2025-02-10 11:48 | INFO | Query 10 Active Learning Runtime on Validation Set: 293157.07
2025-02-10 11:48 | INFO | Query 10 Active Learning Runtime on Test Set: 256688.85
2025-02-10 11:48 | INFO | Query 10 Active Learning Instance Cost: 538469.24
2025-02-10 11:48 | INFO | Query 11 Size of the uncertainty table is = 34971/39325
2025-02-10 11:48 | INFO | Query 11 Size of the filtered table is = 394
2025-02-10 11:48 | INFO | Training Time Active Learning Classifier: 4.23 seconds
2025-02-10 11:48 | INFO | Training Time Active Learning Regressor: 1.34 seconds
2025-02-10 11:49 | INFO | Query 11 Active Learning Runtime on Validation Set: 365346.45
2025-02-10 11:49 | INFO | Query 11 Active Learning Runtime on Test Set: 148592.02
2025-02-10 11:49 | INFO | Query 11 Active Learning Instance Cost: 551922.83
2025-02-10 11:49 | INFO | Timeout limit is increased to 3600
2025-02-10 11:49 | INFO | Query 12 Size of the uncertainty table is = 34549/39325
2025-02-10 11:49 | INFO | Query 12 Size of the filtered table is = 394
2025-02-10 11:50 | INFO | Training Time Active Learning Classifier: 4.24 seconds
2025-02-10 11:50 | INFO | Training Time Active Learning Regressor: 1.4 seconds
2025-02-10 11:50 | INFO | Query 12 Active Learning Runtime on Validation Set: 329748.42
2025-02-10 11:50 | INFO | Query 12 Active Learning Runtime on Test Set: 185363.84
2025-02-10 11:50 | INFO | Query 12 Active Learning Instance Cost: 566051.88
2025-02-10 11:51 | INFO | Query 13 Size of the uncertainty table is = 34128/39325
2025-02-10 11:51 | INFO | Query 13 Size of the filtered table is = 394
2025-02-10 11:51 | INFO | Training Time Active Learning Classifier: 4.35 seconds
2025-02-10 11:51 | INFO | Training Time Active Learning Regressor: 1.44 seconds
2025-02-10 11:51 | INFO | Query 13 Active Learning Runtime on Validation Set: 401411.87
2025-02-10 11:51 | INFO | Query 13 Active Learning Runtime on Test Set: 184549.12
2025-02-10 11:51 | INFO | Query 13 Active Learning Instance Cost: 574619.59
2025-02-10 11:51 | INFO | Timeout limit is increased to 3600
2025-02-10 11:52 | INFO | Query 14 Size of the uncertainty table is = 33711/39325
2025-02-10 11:52 | INFO | Query 14 Size of the filtered table is = 394
2025-02-10 11:52 | INFO | Training Time Active Learning Classifier: 4.47 seconds
2025-02-10 11:52 | INFO | Training Time Active Learning Regressor: 1.5 seconds
2025-02-10 11:53 | INFO | Query 14 Active Learning Runtime on Validation Set: 329639.76
2025-02-10 11:53 | INFO | Query 14 Active Learning Runtime on Test Set: 220505.72
2025-02-10 11:53 | INFO | Query 14 Active Learning Instance Cost: 583217.67
2025-02-10 11:53 | INFO | Query 15 Size of the uncertainty table is = 33306/39325
2025-02-10 11:53 | INFO | Query 15 Size of the filtered table is = 394
2025-02-10 11:53 | INFO | Training Time Active Learning Classifier: 4.69 seconds
2025-02-10 11:53 | INFO | Training Time Active Learning Regressor: 1.54 seconds
2025-02-10 11:54 | INFO | Query 15 Active Learning Runtime on Validation Set: 365025.74
2025-02-10 11:54 | INFO | Query 15 Active Learning Runtime on Test Set: 220848.46
2025-02-10 11:54 | INFO | Query 15 Active Learning Instance Cost: 598454.04
2025-02-10 11:54 | INFO | Timeout limit is increased to 3600
2025-02-10 11:54 | INFO | Query 16 Size of the uncertainty table is = 32881/39325
2025-02-10 11:54 | INFO | Query 16 Size of the filtered table is = 394
2025-02-10 11:54 | INFO | Training Time Active Learning Classifier: 4.8 seconds
2025-02-10 11:54 | INFO | Training Time Active Learning Regressor: 1.57 seconds
2025-02-10 11:55 | INFO | Query 16 Active Learning Runtime on Validation Set: 401420.33
2025-02-10 11:55 | INFO | Query 16 Active Learning Runtime on Test Set: 148533.44
2025-02-10 11:55 | INFO | Query 16 Active Learning Instance Cost: 599112.94
2025-02-10 11:55 | INFO | Timeout limit is increased to 3600
2025-02-10 11:55 | INFO | Query 17 Size of the uncertainty table is = 32479/39325
2025-02-10 11:55 | INFO | Query 17 Size of the filtered table is = 394
2025-02-10 11:56 | INFO | Training Time Active Learning Classifier: 4.84 seconds
2025-02-10 11:56 | INFO | Training Time Active Learning Regressor: 1.61 seconds
2025-02-10 11:56 | INFO | Query 17 Active Learning Runtime on Validation Set: 401860.19
2025-02-10 11:56 | INFO | Query 17 Active Learning Runtime on Test Set: 185247.25
2025-02-10 11:56 | INFO | Query 17 Active Learning Instance Cost: 621790.59
2025-02-10 11:56 | INFO | Timeout limit is increased to 3600
2025-02-10 11:57 | INFO | Query 18 Size of the uncertainty table is = 32060/39325
2025-02-10 11:57 | INFO | Query 18 Size of the filtered table is = 394
2025-02-10 11:57 | INFO | Training Time Active Learning Classifier: 4.97 seconds
2025-02-10 11:57 | INFO | Training Time Active Learning Regressor: 1.65 seconds
2025-02-10 11:58 | INFO | Query 18 Active Learning Runtime on Validation Set: 329603.49
2025-02-10 11:58 | INFO | Query 18 Active Learning Runtime on Test Set: 113190.45999999999
2025-02-10 11:58 | INFO | Query 18 Active Learning Instance Cost: 640646.68
2025-02-10 11:58 | INFO | Query 19 Size of the uncertainty table is = 31640/39325
2025-02-10 11:58 | INFO | Query 19 Size of the filtered table is = 394
2025-02-10 11:58 | INFO | Training Time Active Learning Classifier: 5.26 seconds
2025-02-10 11:58 | INFO | Training Time Active Learning Regressor: 1.73 seconds
2025-02-10 11:59 | INFO | Query 19 Active Learning Runtime on Validation Set: 367021.26
2025-02-10 11:59 | INFO | Query 19 Active Learning Runtime on Test Set: 148504.13
2025-02-10 11:59 | INFO | Query 19 Active Learning Instance Cost: 649032.56
2025-02-10 11:59 | INFO | Timeout limit is increased to 3600
2025-02-10 11:59 | INFO | Query 20 Size of the uncertainty table is = 31219/39325
2025-02-10 11:59 | INFO | Query 20 Size of the filtered table is = 394
2025-02-10 11:59 | INFO | Training Time Active Learning Classifier: 5.21 seconds
2025-02-10 11:59 | INFO | Training Time Active Learning Regressor: 1.76 seconds
2025-02-10 12:00 | INFO | Query 20 Active Learning Runtime on Validation Set: 330215.41
2025-02-10 12:00 | INFO | Query 20 Active Learning Runtime on Test Set: 113112.93999999999
2025-02-10 12:00 | INFO | Query 20 Active Learning Instance Cost: 691851.0
2025-02-10 12:00 | INFO | Query 21 Size of the uncertainty table is = 30786/39325
2025-02-10 12:00 | INFO | Query 21 Size of the filtered table is = 394
2025-02-10 12:00 | INFO | Training Time Active Learning Classifier: 5.33 seconds
2025-02-10 12:01 | INFO | Training Time Active Learning Regressor: 1.8 seconds
2025-02-10 12:01 | INFO | Query 21 Active Learning Runtime on Validation Set: 329355.76
2025-02-10 12:01 | INFO | Query 21 Active Learning Runtime on Test Set: 149146.87
2025-02-10 12:01 | INFO | Query 21 Active Learning Instance Cost: 697530.28
2025-02-10 12:02 | INFO | Query 22 Size of the uncertainty table is = 30367/39325
2025-02-10 12:02 | INFO | Query 22 Size of the filtered table is = 394
2025-02-10 12:02 | INFO | Training Time Active Learning Classifier: 5.44 seconds
2025-02-10 12:02 | INFO | Training Time Active Learning Regressor: 1.85 seconds
2025-02-10 12:03 | INFO | Query 22 Active Learning Runtime on Validation Set: 186439.66
2025-02-10 12:03 | INFO | Query 22 Active Learning Runtime on Test Set: 185451.72
2025-02-10 12:03 | INFO | Query 22 Active Learning Instance Cost: 701174.71
2025-02-10 12:03 | INFO | Query 23 Size of the uncertainty table is = 29959/39325
2025-02-10 12:03 | INFO | Query 23 Size of the filtered table is = 394
2025-02-10 12:03 | INFO | Training Time Active Learning Classifier: 5.57 seconds
2025-02-10 12:03 | INFO | Training Time Active Learning Regressor: 1.98 seconds
2025-02-10 12:04 | INFO | Query 23 Active Learning Runtime on Validation Set: 329377.35
2025-02-10 12:04 | INFO | Query 23 Active Learning Runtime on Test Set: 149050.84
2025-02-10 12:04 | INFO | Query 23 Active Learning Instance Cost: 708659.28
2025-02-10 12:04 | INFO | Timeout limit is increased to 3600
2025-02-10 12:04 | INFO | Query 24 Size of the uncertainty table is = 29546/39325
2025-02-10 12:04 | INFO | Query 24 Size of the filtered table is = 394
2025-02-10 12:04 | INFO | Training Time Active Learning Classifier: 5.72 seconds
2025-02-10 12:04 | INFO | Training Time Active Learning Regressor: 1.94 seconds
2025-02-10 12:05 | INFO | Query 24 Active Learning Runtime on Validation Set: 329303.01
2025-02-10 12:05 | INFO | Query 24 Active Learning Runtime on Test Set: 77267.29999999999
2025-02-10 12:05 | INFO | Query 24 Active Learning Instance Cost: 717258.86
2025-02-10 12:05 | INFO | Query 25 Size of the uncertainty table is = 29130/39325
2025-02-10 12:05 | INFO | Query 25 Size of the filtered table is = 394
2025-02-10 12:05 | INFO | Training Time Active Learning Classifier: 5.88 seconds
2025-02-10 12:06 | INFO | Training Time Active Learning Regressor: 2.29 seconds
2025-02-10 12:06 | INFO | Query 25 Active Learning Runtime on Validation Set: 258449.16999999998
2025-02-10 12:06 | INFO | Query 25 Active Learning Runtime on Test Set: 148553.38999999998
2025-02-10 12:06 | INFO | Query 25 Active Learning Instance Cost: 733513.64
2025-02-10 12:07 | INFO | Query 26 Size of the uncertainty table is = 28719/39325
2025-02-10 12:07 | INFO | Query 26 Size of the filtered table is = 394
2025-02-10 12:07 | INFO | Training Time Active Learning Classifier: 6.12 seconds
2025-02-10 12:07 | INFO | Training Time Active Learning Regressor: 2.04 seconds
2025-02-10 12:08 | INFO | Query 26 Active Learning Runtime on Validation Set: 365949.33
2025-02-10 12:08 | INFO | Query 26 Active Learning Runtime on Test Set: 148587.05
2025-02-10 12:08 | INFO | Query 26 Active Learning Instance Cost: 755623.29
2025-02-10 12:08 | INFO | Timeout limit is increased to 3600
2025-02-10 12:08 | INFO | Query 27 Size of the uncertainty table is = 28294/39325
2025-02-10 12:08 | INFO | Query 27 Size of the filtered table is = 394
2025-02-10 12:08 | INFO | Training Time Active Learning Classifier: 6.2 seconds
2025-02-10 12:08 | INFO | Training Time Active Learning Regressor: 2.11 seconds
2025-02-10 12:09 | INFO | Query 27 Active Learning Runtime on Validation Set: 293436.73
2025-02-10 12:09 | INFO | Query 27 Active Learning Runtime on Test Set: 77281.79
2025-02-10 12:09 | INFO | Query 27 Active Learning Instance Cost: 762197.25
2025-02-10 12:09 | INFO | Query 28 Size of the uncertainty table is = 27849/39325
2025-02-10 12:09 | INFO | Query 28 Size of the filtered table is = 394
2025-02-10 12:09 | INFO | Training Time Active Learning Classifier: 6.35 seconds
2025-02-10 12:09 | INFO | Training Time Active Learning Regressor: 2.18 seconds
2025-02-10 12:10 | INFO | Query 28 Active Learning Runtime on Validation Set: 293291.25
2025-02-10 12:10 | INFO | Query 28 Active Learning Runtime on Test Set: 41703.11
2025-02-10 12:10 | INFO | Query 28 Active Learning Instance Cost: 767725.92
2025-02-10 12:10 | INFO | Query 29 Size of the uncertainty table is = 27430/39325
2025-02-10 12:10 | INFO | Query 29 Size of the filtered table is = 394
2025-02-10 12:11 | INFO | Training Time Active Learning Classifier: 6.49 seconds
2025-02-10 12:11 | INFO | Training Time Active Learning Regressor: 2.24 seconds
2025-02-10 12:11 | INFO | Query 29 Active Learning Runtime on Validation Set: 293579.94
2025-02-10 12:11 | INFO | Query 29 Active Learning Runtime on Test Set: 149415.49
2025-02-10 12:11 | INFO | Query 29 Active Learning Instance Cost: 783987.61
2025-02-10 12:11 | INFO | Timeout limit is increased to 3600
2025-02-10 12:12 | INFO | Query 30 Size of the uncertainty table is = 27006/39325
2025-02-10 12:12 | INFO | Query 30 Size of the filtered table is = 394
2025-02-10 12:12 | INFO | Training Time Active Learning Classifier: 6.75 seconds
2025-02-10 12:12 | INFO | Training Time Active Learning Regressor: 2.31 seconds
2025-02-10 12:13 | INFO | Query 30 Active Learning Runtime on Validation Set: 402205.94
2025-02-10 12:13 | INFO | Query 30 Active Learning Runtime on Test Set: 112888.21999999999
2025-02-10 12:13 | INFO | Query 30 Active Learning Instance Cost: 805214.49
2025-02-10 12:13 | INFO | Timeout limit is increased to 3600
2025-02-10 12:13 | INFO | Query 31 Size of the uncertainty table is = 26576/39325
2025-02-10 12:13 | INFO | Query 31 Size of the filtered table is = 394
2025-02-10 12:13 | INFO | Training Time Active Learning Classifier: 6.82 seconds
2025-02-10 12:13 | INFO | Training Time Active Learning Regressor: 2.38 seconds
2025-02-10 12:14 | INFO | Query 31 Active Learning Runtime on Validation Set: 365460.39
2025-02-10 12:14 | INFO | Query 31 Active Learning Runtime on Test Set: 184650.0
2025-02-10 12:14 | INFO | Query 31 Active Learning Instance Cost: 840678.57
2025-02-10 12:14 | INFO | Query 32 Size of the uncertainty table is = 26157/39325
2025-02-10 12:14 | INFO | Query 32 Size of the filtered table is = 394
2025-02-10 12:14 | INFO | Training Time Active Learning Classifier: 7.07 seconds
2025-02-10 12:15 | INFO | Training Time Active Learning Regressor: 2.45 seconds
2025-02-10 12:15 | INFO | Query 32 Active Learning Runtime on Validation Set: 366828.11
2025-02-10 12:15 | INFO | Query 32 Active Learning Runtime on Test Set: 148718.69
2025-02-10 12:15 | INFO | Query 32 Active Learning Instance Cost: 852984.21
2025-02-10 12:15 | INFO | Timeout limit is increased to 3600
2025-02-10 12:16 | INFO | Query 33 Size of the uncertainty table is = 25721/39325
2025-02-10 12:16 | INFO | Query 33 Size of the filtered table is = 394
2025-02-10 12:16 | INFO | Training Time Active Learning Classifier: 7.15 seconds
2025-02-10 12:16 | INFO | Training Time Active Learning Regressor: 2.51 seconds
2025-02-10 12:17 | INFO | Query 33 Active Learning Runtime on Validation Set: 329669.04
2025-02-10 12:17 | INFO | Query 33 Active Learning Runtime on Test Set: 149413.00999999998
2025-02-10 12:17 | INFO | Query 33 Active Learning Instance Cost: 888203.23
2025-02-10 12:17 | INFO | Query 34 Size of the uncertainty table is = 25274/39325
2025-02-10 12:17 | INFO | Query 34 Size of the filtered table is = 394
2025-02-10 12:17 | INFO | Training Time Active Learning Classifier: 7.33 seconds
2025-02-10 12:17 | INFO | Training Time Active Learning Regressor: 2.64 seconds
2025-02-10 12:18 | INFO | Query 34 Active Learning Runtime on Validation Set: 293221.35
2025-02-10 12:18 | INFO | Query 34 Active Learning Runtime on Test Set: 113072.54999999999
2025-02-10 12:18 | INFO | Query 34 Active Learning Instance Cost: 926429.12
2025-02-10 12:18 | INFO | Query 35 Size of the uncertainty table is = 24820/39325
2025-02-10 12:18 | INFO | Query 35 Size of the filtered table is = 394
2025-02-10 12:18 | INFO | Training Time Active Learning Classifier: 7.48 seconds
2025-02-10 12:18 | INFO | Training Time Active Learning Regressor: 2.65 seconds
2025-02-10 12:19 | INFO | Query 35 Active Learning Runtime on Validation Set: 330195.7
2025-02-10 12:19 | INFO | Query 35 Active Learning Runtime on Test Set: 149103.87
2025-02-10 12:19 | INFO | Query 35 Active Learning Instance Cost: 942692.26
2025-02-10 12:19 | INFO | Timeout limit is increased to 3600
2025-02-10 12:20 | INFO | Query 36 Size of the uncertainty table is = 24366/39325
2025-02-10 12:20 | INFO | Query 36 Size of the filtered table is = 394
2025-02-10 12:20 | INFO | Training Time Active Learning Classifier: 7.64 seconds
2025-02-10 12:20 | INFO | Training Time Active Learning Regressor: 2.73 seconds
2025-02-10 12:21 | INFO | Query 36 Active Learning Runtime on Validation Set: 293283.63
2025-02-10 12:21 | INFO | Query 36 Active Learning Runtime on Test Set: 149052.88999999998
2025-02-10 12:21 | INFO | Query 36 Active Learning Instance Cost: 970722.96
2025-02-10 12:21 | INFO | Query 37 Size of the uncertainty table is = 23928/39325
2025-02-10 12:21 | INFO | Query 37 Size of the filtered table is = 394
2025-02-10 12:21 | INFO | Training Time Active Learning Classifier: 7.82 seconds
2025-02-10 12:21 | INFO | Training Time Active Learning Regressor: 2.76 seconds
2025-02-10 12:22 | INFO | Query 37 Active Learning Runtime on Validation Set: 329241.54
2025-02-10 12:22 | INFO | Query 37 Active Learning Runtime on Test Set: 148873.05
2025-02-10 12:22 | INFO | Query 37 Active Learning Instance Cost: 972127.32
2025-02-10 12:22 | INFO | Timeout limit is increased to 3600
2025-02-10 12:22 | INFO | Query 38 Size of the uncertainty table is = 23521/39325
2025-02-10 12:22 | INFO | Query 38 Size of the filtered table is = 394
2025-02-10 12:22 | INFO | Training Time Active Learning Classifier: 8.05 seconds
2025-02-10 12:22 | INFO | Training Time Active Learning Regressor: 2.83 seconds
2025-02-10 12:23 | INFO | Query 38 Active Learning Runtime on Validation Set: 365348.24
2025-02-10 12:23 | INFO | Query 38 Active Learning Runtime on Test Set: 149083.53999999998
2025-02-10 12:23 | INFO | Query 38 Active Learning Instance Cost: 1000691.85
2025-02-10 12:23 | INFO | Timeout limit is increased to 3600
2025-02-10 12:24 | INFO | Query 39 Size of the uncertainty table is = 23096/39325
2025-02-10 12:24 | INFO | Query 39 Size of the filtered table is = 394
2025-02-10 12:24 | INFO | Training Time Active Learning Classifier: 8.11 seconds
2025-02-10 12:24 | INFO | Training Time Active Learning Regressor: 2.88 seconds
2025-02-10 12:24 | INFO | Query 39 Active Learning Runtime on Validation Set: 329636.61
2025-02-10 12:24 | INFO | Query 39 Active Learning Runtime on Test Set: 184616.19
2025-02-10 12:24 | INFO | Query 39 Active Learning Instance Cost: 1010102.28
2025-02-10 12:25 | INFO | Query 40 Size of the uncertainty table is = 22680/39325
2025-02-10 12:25 | INFO | Query 40 Size of the filtered table is = 394
2025-02-10 12:25 | INFO | Training Time Active Learning Classifier: 8.27 seconds
2025-02-10 12:25 | INFO | Training Time Active Learning Regressor: 2.94 seconds
2025-02-10 12:26 | INFO | Query 40 Active Learning Runtime on Validation Set: 328940.77
2025-02-10 12:26 | INFO | Query 40 Active Learning Runtime on Test Set: 149117.61
2025-02-10 12:26 | INFO | Query 40 Active Learning Instance Cost: 1036485.92
2025-02-10 12:26 | INFO | Query 41 Size of the uncertainty table is = 22245/39325
2025-02-10 12:26 | INFO | Query 41 Size of the filtered table is = 394
2025-02-10 12:26 | INFO | Training Time Active Learning Classifier: 8.55 seconds
2025-02-10 12:26 | INFO | Training Time Active Learning Regressor: 3.0 seconds
2025-02-10 12:27 | INFO | Query 41 Active Learning Runtime on Validation Set: 293645.32
2025-02-10 12:27 | INFO | Query 41 Active Learning Runtime on Test Set: 184867.53999999998
2025-02-10 12:27 | INFO | Query 41 Active Learning Instance Cost: 1046878.93
2025-02-10 12:28 | INFO | Query 42 Size of the uncertainty table is = 21821/39325
2025-02-10 12:28 | INFO | Query 42 Size of the filtered table is = 394
2025-02-10 12:28 | INFO | Training Time Active Learning Classifier: 8.7 seconds
2025-02-10 12:28 | INFO | Training Time Active Learning Regressor: 3.08 seconds
2025-02-10 12:28 | INFO | Query 42 Active Learning Runtime on Validation Set: 365725.24
2025-02-10 12:28 | INFO | Query 42 Active Learning Runtime on Test Set: 220304.77
2025-02-10 12:28 | INFO | Query 42 Active Learning Instance Cost: 1071747.47
2025-02-10 12:28 | INFO | Timeout limit is increased to 3600
2025-02-10 12:29 | INFO | Query 43 Size of the uncertainty table is = 21393/39325
2025-02-10 12:29 | INFO | Query 43 Size of the filtered table is = 394
2025-02-10 12:29 | INFO | Training Time Active Learning Classifier: 8.77 seconds
2025-02-10 12:29 | INFO | Training Time Active Learning Regressor: 3.13 seconds
2025-02-10 12:30 | INFO | Query 43 Active Learning Runtime on Validation Set: 258317.56
2025-02-10 12:30 | INFO | Query 43 Active Learning Runtime on Test Set: 185334.86
2025-02-10 12:30 | INFO | Query 43 Active Learning Instance Cost: 1089700.61
2025-02-10 12:30 | INFO | Query 44 Size of the uncertainty table is = 20971/39325
2025-02-10 12:30 | INFO | Query 44 Size of the filtered table is = 394
2025-02-10 12:30 | INFO | Training Time Active Learning Classifier: 8.98 seconds
2025-02-10 12:30 | INFO | Training Time Active Learning Regressor: 3.17 seconds
2025-02-10 12:31 | INFO | Query 44 Active Learning Runtime on Validation Set: 294094.14999999997
2025-02-10 12:31 | INFO | Query 44 Active Learning Runtime on Test Set: 148823.65
2025-02-10 12:31 | INFO | Query 44 Active Learning Instance Cost: 1102266.27
2025-02-10 12:31 | INFO | Timeout limit is increased to 3600
2025-02-10 12:32 | INFO | Query 45 Size of the uncertainty table is = 20539/39325
2025-02-10 12:32 | INFO | Query 45 Size of the filtered table is = 394
2025-02-10 12:32 | INFO | Training Time Active Learning Classifier: 9.05 seconds
2025-02-10 12:32 | INFO | Training Time Active Learning Regressor: 3.21 seconds
2025-02-10 12:32 | INFO | Query 45 Active Learning Runtime on Validation Set: 329828.72
2025-02-10 12:32 | INFO | Query 45 Active Learning Runtime on Test Set: 113351.68999999999
2025-02-10 12:32 | INFO | Query 45 Active Learning Instance Cost: 1111433.64
2025-02-10 12:32 | INFO | Timeout limit is increased to 3600
2025-02-10 12:33 | INFO | Query 46 Size of the uncertainty table is = 20135/39325
2025-02-10 12:33 | INFO | Query 46 Size of the filtered table is = 394
2025-02-10 12:33 | INFO | Training Time Active Learning Classifier: 9.21 seconds
2025-02-10 12:33 | INFO | Training Time Active Learning Regressor: 3.39 seconds
2025-02-10 12:34 | INFO | Query 46 Active Learning Runtime on Validation Set: 257496.37
2025-02-10 12:34 | INFO | Query 46 Active Learning Runtime on Test Set: 113082.4
2025-02-10 12:34 | INFO | Query 46 Active Learning Instance Cost: 1161442.47
2025-02-10 12:34 | INFO | Query 47 Size of the uncertainty table is = 19696/39325
2025-02-10 12:34 | INFO | Query 47 Size of the filtered table is = 394
2025-02-10 12:34 | INFO | Training Time Active Learning Classifier: 9.63 seconds
2025-02-10 12:34 | INFO | Training Time Active Learning Regressor: 3.32 seconds
2025-02-10 12:35 | INFO | Query 47 Active Learning Runtime on Validation Set: 294356.07
2025-02-10 12:35 | INFO | Query 47 Active Learning Runtime on Test Set: 292098.27999999997
2025-02-10 12:35 | INFO | Query 47 Active Learning Instance Cost: 1185074.11
2025-02-10 12:35 | INFO | Timeout limit is increased to 3600
2025-02-10 12:36 | INFO | Query 48 Size of the uncertainty table is = 19280/39325
2025-02-10 12:36 | INFO | Query 48 Size of the filtered table is = 394
2025-02-10 12:36 | INFO | Training Time Active Learning Classifier: 9.54 seconds
2025-02-10 12:36 | INFO | Training Time Active Learning Regressor: 3.33 seconds
2025-02-10 12:37 | INFO | Query 48 Active Learning Runtime on Validation Set: 329777.52999999997
2025-02-10 12:37 | INFO | Query 48 Active Learning Runtime on Test Set: 220208.38999999998
2025-02-10 12:37 | INFO | Query 48 Active Learning Instance Cost: 1199573.31
2025-02-10 12:37 | INFO | Timeout limit is increased to 3600
2025-02-10 12:37 | INFO | Query 49 Size of the uncertainty table is = 18835/39325
2025-02-10 12:37 | INFO | Query 49 Size of the filtered table is = 394
2025-02-10 12:37 | INFO | Training Time Active Learning Classifier: 9.64 seconds
2025-02-10 12:37 | INFO | Training Time Active Learning Regressor: 3.38 seconds
2025-02-10 12:38 | INFO | Query 49 Active Learning Runtime on Validation Set: 365743.49
2025-02-10 12:38 | INFO | Query 49 Active Learning Runtime on Test Set: 149410.11
2025-02-10 12:38 | INFO | Query 49 Active Learning Instance Cost: 1245280.66
2025-02-10 12:38 | INFO | Timeout limit is increased to 3600
2025-02-10 12:38 | INFO | Query 50 Size of the uncertainty table is = 18383/39325
2025-02-10 12:38 | INFO | Query 50 Size of the filtered table is = 394
2025-02-10 12:38 | INFO | Training Time Active Learning Classifier: 9.84 seconds
2025-02-10 12:38 | INFO | Training Time Active Learning Regressor: 3.41 seconds
2025-02-10 12:39 | INFO | Query 50 Active Learning Runtime on Validation Set: 330344.96
2025-02-10 12:39 | INFO | Query 50 Active Learning Runtime on Test Set: 77720.76
2025-02-10 12:39 | INFO | Query 50 Active Learning Instance Cost: 1276444.54
2025-02-10 12:40 | INFO | Query 51 Size of the uncertainty table is = 17956/39325
2025-02-10 12:40 | INFO | Query 51 Size of the filtered table is = 394
2025-02-10 12:40 | INFO | Training Time Active Learning Classifier: 10.12 seconds
2025-02-10 12:40 | INFO | Training Time Active Learning Regressor: 3.45 seconds
2025-02-10 12:41 | INFO | Query 51 Active Learning Runtime on Validation Set: 329726.38
2025-02-10 12:41 | INFO | Query 51 Active Learning Runtime on Test Set: 184829.44999999998
2025-02-10 12:41 | INFO | Query 51 Active Learning Instance Cost: 1307861.27
2025-02-10 12:41 | INFO | Query 52 Size of the uncertainty table is = 17511/39325
2025-02-10 12:41 | INFO | Query 52 Size of the filtered table is = 394
2025-02-10 12:41 | INFO | Training Time Active Learning Classifier: 10.2 seconds
2025-02-10 12:41 | INFO | Training Time Active Learning Regressor: 3.49 seconds
2025-02-10 12:42 | INFO | Query 52 Active Learning Runtime on Validation Set: 366779.96
2025-02-10 12:42 | INFO | Query 52 Active Learning Runtime on Test Set: 149696.03
2025-02-10 12:42 | INFO | Query 52 Active Learning Instance Cost: 1323083.34
2025-02-10 12:42 | INFO | Timeout limit is increased to 3600
2025-02-10 12:42 | INFO | Query 53 Size of the uncertainty table is = 17073/39325
2025-02-10 12:42 | INFO | Query 53 Size of the filtered table is = 394
2025-02-10 12:42 | INFO | Training Time Active Learning Classifier: 10.47 seconds
2025-02-10 12:42 | INFO | Training Time Active Learning Regressor: 3.51 seconds
2025-02-10 12:43 | INFO | Query 53 Active Learning Runtime on Validation Set: 329811.92
2025-02-10 12:43 | INFO | Query 53 Active Learning Runtime on Test Set: 113837.14
2025-02-10 12:43 | INFO | Query 53 Active Learning Instance Cost: 1378258.25
2025-02-10 12:43 | INFO | Query 54 Size of the uncertainty table is = 16618/39325
2025-02-10 12:43 | INFO | Query 54 Size of the filtered table is = 394
2025-02-10 12:44 | INFO | Training Time Active Learning Classifier: 10.63 seconds
2025-02-10 12:44 | INFO | Training Time Active Learning Regressor: 3.56 seconds
2025-02-10 12:45 | INFO | Query 54 Active Learning Runtime on Validation Set: 330849.61
2025-02-10 12:45 | INFO | Query 54 Active Learning Runtime on Test Set: 149519.25999999998
2025-02-10 12:45 | INFO | Query 54 Active Learning Instance Cost: 1399819.74
2025-02-10 12:45 | INFO | Timeout limit is increased to 3600
2025-02-10 12:45 | INFO | Query 55 Size of the uncertainty table is = 16195/39325
2025-02-10 12:45 | INFO | Query 55 Size of the filtered table is = 394
2025-02-10 12:45 | INFO | Training Time Active Learning Classifier: 10.73 seconds
2025-02-10 12:45 | INFO | Training Time Active Learning Regressor: 3.62 seconds
2025-02-10 12:46 | INFO | Query 55 Active Learning Runtime on Validation Set: 329884.05
2025-02-10 12:46 | INFO | Query 55 Active Learning Runtime on Test Set: 148454.46
2025-02-10 12:46 | INFO | Query 55 Active Learning Instance Cost: 1465014.49
2025-02-10 12:46 | INFO | Query 56 Size of the uncertainty table is = 15745/39325
2025-02-10 12:46 | INFO | Query 56 Size of the filtered table is = 394
2025-02-10 12:46 | INFO | Training Time Active Learning Classifier: 10.9 seconds
2025-02-10 12:46 | INFO | Training Time Active Learning Regressor: 3.72 seconds
2025-02-10 12:47 | INFO | Query 56 Active Learning Runtime on Validation Set: 365686.52999999997
2025-02-10 12:47 | INFO | Query 56 Active Learning Runtime on Test Set: 184671.86
2025-02-10 12:47 | INFO | Query 56 Active Learning Instance Cost: 1504227.0
2025-02-10 12:47 | INFO | Timeout limit is increased to 3600
2025-02-10 12:47 | INFO | Query 57 Size of the uncertainty table is = 15306/39325
2025-02-10 12:47 | INFO | Query 57 Size of the filtered table is = 394
2025-02-10 12:48 | INFO | Training Time Active Learning Classifier: 11.07 seconds
2025-02-10 12:48 | INFO | Training Time Active Learning Regressor: 3.68 seconds
2025-02-10 12:49 | INFO | Query 57 Active Learning Runtime on Validation Set: 258789.05
2025-02-10 12:49 | INFO | Query 57 Active Learning Runtime on Test Set: 185001.72
2025-02-10 12:49 | INFO | Query 57 Active Learning Instance Cost: 1616944.48
2025-02-10 12:49 | INFO | Query 58 Size of the uncertainty table is = 14826/39325
2025-02-10 12:49 | INFO | Query 58 Size of the filtered table is = 394
2025-02-10 12:49 | INFO | Training Time Active Learning Classifier: 11.23 seconds
2025-02-10 12:49 | INFO | Training Time Active Learning Regressor: 3.72 seconds
2025-02-10 12:50 | INFO | Query 58 Active Learning Runtime on Validation Set: 329707.39
2025-02-10 12:50 | INFO | Query 58 Active Learning Runtime on Test Set: 113451.29
2025-02-10 12:50 | INFO | Query 58 Active Learning Instance Cost: 1654091.03
2025-02-10 12:50 | INFO | Timeout limit is increased to 3600
2025-02-10 12:50 | INFO | Query 59 Size of the uncertainty table is = 14397/39325
2025-02-10 12:50 | INFO | Query 59 Size of the filtered table is = 394
2025-02-10 12:50 | INFO | Training Time Active Learning Classifier: 11.45 seconds
2025-02-10 12:50 | INFO | Training Time Active Learning Regressor: 3.78 seconds
2025-02-10 12:51 | INFO | Query 59 Active Learning Runtime on Validation Set: 185912.06
2025-02-10 12:51 | INFO | Query 59 Active Learning Runtime on Test Set: 114109.65999999999
2025-02-10 12:51 | INFO | Query 59 Active Learning Instance Cost: 1694872.46
2025-02-10 12:51 | INFO | Query 60 Size of the uncertainty table is = 13945/39325
2025-02-10 12:51 | INFO | Query 60 Size of the filtered table is = 394
2025-02-10 12:52 | INFO | Training Time Active Learning Classifier: 11.55 seconds
2025-02-10 12:52 | INFO | Training Time Active Learning Regressor: 3.79 seconds
2025-02-10 12:53 | INFO | Query 60 Active Learning Runtime on Validation Set: 473153.07
2025-02-10 12:53 | INFO | Query 60 Active Learning Runtime on Test Set: 149391.50999999998
2025-02-10 12:53 | INFO | Query 60 Active Learning Instance Cost: 1762785.97
2025-02-10 12:53 | INFO | Timeout limit is increased to 3600
2025-02-10 12:53 | INFO | Query 61 Size of the uncertainty table is = 13497/39325
2025-02-10 12:53 | INFO | Query 61 Size of the filtered table is = 394
2025-02-10 12:53 | INFO | Training Time Active Learning Classifier: 11.86 seconds
2025-02-10 12:53 | INFO | Training Time Active Learning Regressor: 3.84 seconds
2025-02-10 12:54 | INFO | Query 61 Active Learning Runtime on Validation Set: 150671.27
2025-02-10 12:54 | INFO | Query 61 Active Learning Runtime on Test Set: 149376.85
2025-02-10 12:54 | INFO | Query 61 Active Learning Instance Cost: 1807424.09
2025-02-10 12:54 | INFO | Query 62 Size of the uncertainty table is = 13058/39325
2025-02-10 12:54 | INFO | Query 62 Size of the filtered table is = 394
2025-02-10 12:54 | INFO | Training Time Active Learning Classifier: 11.96 seconds
2025-02-10 12:54 | INFO | Training Time Active Learning Regressor: 3.89 seconds
2025-02-10 12:55 | INFO | Query 62 Active Learning Runtime on Validation Set: 222780.41
2025-02-10 12:55 | INFO | Query 62 Active Learning Runtime on Test Set: 185261.1
2025-02-10 12:55 | INFO | Query 62 Active Learning Instance Cost: 1908279.24
2025-02-10 12:55 | INFO | Timeout limit is increased to 3600
2025-02-10 12:55 | INFO | Query 63 Size of the uncertainty table is = 12580/39325
2025-02-10 12:55 | INFO | Query 63 Size of the filtered table is = 394
2025-02-10 12:56 | INFO | Training Time Active Learning Classifier: 12.2 seconds
2025-02-10 12:56 | INFO | Training Time Active Learning Regressor: 3.91 seconds
2025-02-10 12:56 | INFO | Query 63 Active Learning Runtime on Validation Set: 223124.91999999998
2025-02-10 12:56 | INFO | Query 63 Active Learning Runtime on Test Set: 77743.10999999999
2025-02-10 12:56 | INFO | Query 63 Active Learning Instance Cost: 2014203.82
2025-02-10 12:56 | INFO | Timeout limit is increased to 3600
2025-02-10 12:57 | INFO | Query 64 Size of the uncertainty table is = 12106/39325
2025-02-10 12:57 | INFO | Query 64 Size of the filtered table is = 394
2025-02-10 12:57 | INFO | Training Time Active Learning Classifier: 12.39 seconds
2025-02-10 12:57 | INFO | Training Time Active Learning Regressor: 3.93 seconds
2025-02-10 12:58 | INFO | Query 64 Active Learning Runtime on Validation Set: 293668.27
2025-02-10 12:58 | INFO | Query 64 Active Learning Runtime on Test Set: 77408.70999999999
2025-02-10 12:58 | INFO | Query 64 Active Learning Instance Cost: 2085607.92
2025-02-10 12:58 | INFO | Timeout limit is increased to 3600
2025-02-10 12:58 | INFO | Query 65 Size of the uncertainty table is = 11630/39325
2025-02-10 12:58 | INFO | Query 65 Size of the filtered table is = 394
2025-02-10 12:58 | INFO | Training Time Active Learning Classifier: 12.53 seconds
2025-02-10 12:58 | INFO | Training Time Active Learning Regressor: 3.95 seconds
2025-02-10 12:59 | INFO | Query 65 Active Learning Runtime on Validation Set: 257782.3
2025-02-10 12:59 | INFO | Query 65 Active Learning Runtime on Test Set: 41781.58
2025-02-10 12:59 | INFO | Query 65 Active Learning Instance Cost: 2165812.89
2025-02-10 12:59 | INFO | Query 66 Size of the uncertainty table is = 11148/39325
2025-02-10 12:59 | INFO | Query 66 Size of the filtered table is = 394
2025-02-10 13:00 | INFO | Training Time Active Learning Classifier: 12.8 seconds
2025-02-10 13:00 | INFO | Training Time Active Learning Regressor: 4.01 seconds
2025-02-10 13:00 | INFO | Query 66 Active Learning Runtime on Validation Set: 329502.31
2025-02-10 13:00 | INFO | Query 66 Active Learning Runtime on Test Set: 76932.68
2025-02-10 13:00 | INFO | Query 66 Active Learning Instance Cost: 2234169.87
2025-02-10 13:00 | INFO | Timeout limit is increased to 3600
2025-02-10 13:01 | INFO | Query 67 Size of the uncertainty table is = 10686/39325
2025-02-10 13:01 | INFO | Query 67 Size of the filtered table is = 394
2025-02-10 13:01 | INFO | Training Time Active Learning Classifier: 12.93 seconds
2025-02-10 13:01 | INFO | Training Time Active Learning Regressor: 4.0 seconds
2025-02-10 13:02 | INFO | Query 67 Active Learning Runtime on Validation Set: 257472.13
2025-02-10 13:02 | INFO | Query 67 Active Learning Runtime on Test Set: 149420.02
2025-02-10 13:02 | INFO | Query 67 Active Learning Instance Cost: 2341780.78
2025-02-10 13:02 | INFO | Query 68 Size of the uncertainty table is = 10192/39325
2025-02-10 13:02 | INFO | Query 68 Size of the filtered table is = 394
2025-02-10 13:02 | INFO | Training Time Active Learning Classifier: 13.09 seconds
2025-02-10 13:02 | INFO | Training Time Active Learning Regressor: 4.06 seconds
2025-02-10 13:03 | INFO | Query 68 Active Learning Runtime on Validation Set: 186490.68
2025-02-10 13:03 | INFO | Query 68 Active Learning Runtime on Test Set: 41479.52
2025-02-10 13:03 | INFO | Query 68 Active Learning Instance Cost: 2403370.32
2025-02-10 13:03 | INFO | Query 69 Size of the uncertainty table is = 9743/39325
2025-02-10 13:03 | INFO | Query 69 Size of the filtered table is = 394
2025-02-10 13:04 | INFO | Training Time Active Learning Classifier: 13.32 seconds
2025-02-10 13:04 | INFO | Training Time Active Learning Regressor: 4.06 seconds
2025-02-10 13:04 | INFO | Query 69 Active Learning Runtime on Validation Set: 186576.1
2025-02-10 13:04 | INFO | Query 69 Active Learning Runtime on Test Set: 77726.04
2025-02-10 13:04 | INFO | Query 69 Active Learning Instance Cost: 2480555.57
2025-02-10 13:04 | INFO | Timeout limit is increased to 3600
2025-02-10 13:05 | INFO | Query 70 Size of the uncertainty table is = 9259/39325
2025-02-10 13:05 | INFO | Query 70 Size of the filtered table is = 394
2025-02-10 13:05 | INFO | Training Time Active Learning Classifier: 13.55 seconds
2025-02-10 13:05 | INFO | Training Time Active Learning Regressor: 4.09 seconds
2025-02-10 13:06 | INFO | Query 70 Active Learning Runtime on Validation Set: 150051.16
2025-02-10 13:06 | INFO | Query 70 Active Learning Runtime on Test Set: 113921.37999999999
2025-02-10 13:06 | INFO | Query 70 Active Learning Instance Cost: 2546440.41
2025-02-10 13:06 | INFO | Query 71 Size of the uncertainty table is = 8724/39325
2025-02-10 13:06 | INFO | Query 71 Size of the filtered table is = 394
2025-02-10 13:06 | INFO | Training Time Active Learning Classifier: 13.74 seconds
2025-02-10 13:06 | INFO | Training Time Active Learning Regressor: 4.12 seconds
2025-02-10 13:07 | INFO | Query 71 Active Learning Runtime on Validation Set: 257788.41
2025-02-10 13:07 | INFO | Query 71 Active Learning Runtime on Test Set: 148968.82
2025-02-10 13:07 | INFO | Query 71 Active Learning Instance Cost: 2627759.45
2025-02-10 13:07 | INFO | Timeout limit is increased to 3600
2025-02-10 13:07 | INFO | Query 72 Size of the uncertainty table is = 8222/39325
2025-02-10 13:07 | INFO | Query 72 Size of the filtered table is = 394
2025-02-10 13:07 | INFO | Training Time Active Learning Classifier: 13.97 seconds
2025-02-10 13:07 | INFO | Training Time Active Learning Regressor: 4.12 seconds
2025-02-10 13:08 | INFO | Query 72 Active Learning Runtime on Validation Set: 293726.06
2025-02-10 13:08 | INFO | Query 72 Active Learning Runtime on Test Set: 77567.68999999999
2025-02-10 13:08 | INFO | Query 72 Active Learning Instance Cost: 2742860.55
2025-02-10 13:08 | INFO | Timeout limit is increased to 3600
2025-02-10 13:08 | INFO | Query 73 Size of the uncertainty table is = 7725/39325
2025-02-10 13:08 | INFO | Query 73 Size of the filtered table is = 394
2025-02-10 13:09 | INFO | Training Time Active Learning Classifier: 14.18 seconds
2025-02-10 13:09 | INFO | Training Time Active Learning Regressor: 4.22 seconds
2025-02-10 13:10 | INFO | Query 73 Active Learning Runtime on Validation Set: 186189.08
2025-02-10 13:10 | INFO | Query 73 Active Learning Runtime on Test Set: 112984.81
2025-02-10 13:10 | INFO | Query 73 Active Learning Instance Cost: 2864621.86
2025-02-10 13:10 | INFO | Query 74 Size of the uncertainty table is = 7200/39325
2025-02-10 13:10 | INFO | Query 74 Size of the filtered table is = 394
2025-02-10 13:10 | INFO | Training Time Active Learning Classifier: 14.32 seconds
2025-02-10 13:10 | INFO | Training Time Active Learning Regressor: 4.17 seconds
2025-02-10 13:11 | INFO | Query 74 Active Learning Runtime on Validation Set: 186007.88
2025-02-10 13:11 | INFO | Query 74 Active Learning Runtime on Test Set: 77315.76
2025-02-10 13:11 | INFO | Query 74 Active Learning Instance Cost: 3016727.07
2025-02-10 13:11 | INFO | Query 75 Size of the uncertainty table is = 6662/39325
2025-02-10 13:11 | INFO | Query 75 Size of the filtered table is = 394
2025-02-10 13:11 | INFO | Training Time Active Learning Classifier: 14.52 seconds
2025-02-10 13:11 | INFO | Training Time Active Learning Regressor: 4.19 seconds
2025-02-10 13:12 | INFO | Query 75 Active Learning Runtime on Validation Set: 186157.43
2025-02-10 13:12 | INFO | Query 75 Active Learning Runtime on Test Set: 77316.70999999999
2025-02-10 13:12 | INFO | Query 75 Active Learning Instance Cost: 3112889.45
2025-02-10 13:12 | INFO | Timeout limit is increased to 3600
2025-02-10 13:12 | INFO | Query 76 Size of the uncertainty table is = 6159/39325
2025-02-10 13:12 | INFO | Query 76 Size of the filtered table is = 394
2025-02-10 13:13 | INFO | Training Time Active Learning Classifier: 14.66 seconds
2025-02-10 13:13 | INFO | Training Time Active Learning Regressor: 4.25 seconds
2025-02-10 13:13 | INFO | Query 76 Active Learning Runtime on Validation Set: 221635.05
2025-02-10 13:13 | INFO | Query 76 Active Learning Runtime on Test Set: 41359.25
2025-02-10 13:13 | INFO | Query 76 Active Learning Instance Cost: 3314677.63
2025-02-10 13:13 | INFO | Timeout limit is increased to 3600
2025-02-10 13:13 | INFO | Query 77 Size of the uncertainty table is = 5623/39325
2025-02-10 13:13 | INFO | Query 77 Size of the filtered table is = 394
2025-02-10 13:14 | INFO | Training Time Active Learning Classifier: 14.9 seconds
2025-02-10 13:14 | INFO | Training Time Active Learning Regressor: 4.26 seconds
2025-02-10 13:15 | INFO | Query 77 Active Learning Runtime on Validation Set: 221595.02
2025-02-10 13:15 | INFO | Query 77 Active Learning Runtime on Test Set: 148473.97
2025-02-10 13:15 | INFO | Query 77 Active Learning Instance Cost: 3491469.33
2025-02-10 13:15 | INFO | Query 78 Size of the uncertainty table is = 4988/39325
2025-02-10 13:15 | INFO | Query 78 Size of the filtered table is = 394
2025-02-10 13:15 | INFO | Training Time Active Learning Classifier: 15.21 seconds
2025-02-10 13:15 | INFO | Training Time Active Learning Regressor: 4.28 seconds
2025-02-10 13:16 | INFO | Query 78 Active Learning Runtime on Validation Set: 257847.43
2025-02-10 13:16 | INFO | Query 78 Active Learning Runtime on Test Set: 113424.82999999999
2025-02-10 13:16 | INFO | Query 78 Active Learning Instance Cost: 3734211.39
2025-02-10 13:16 | INFO | Timeout limit is increased to 3600
2025-02-10 13:16 | INFO | Query 79 Size of the uncertainty table is = 4297/39325
2025-02-10 13:16 | INFO | Query 79 Size of the filtered table is = 394
2025-02-10 13:16 | INFO | Training Time Active Learning Classifier: 15.32 seconds
2025-02-10 13:16 | INFO | Training Time Active Learning Regressor: 4.4 seconds
2025-02-10 13:17 | INFO | Query 79 Active Learning Runtime on Validation Set: 221511.66
2025-02-10 13:17 | INFO | Query 79 Active Learning Runtime on Test Set: 148549.35
2025-02-10 13:17 | INFO | Query 79 Active Learning Instance Cost: 3969747.11
2025-02-10 13:17 | INFO | Query 80 Size of the uncertainty table is = 3655/39325
2025-02-10 13:17 | INFO | Query 80 Size of the filtered table is = 394
2025-02-10 13:18 | INFO | Training Time Active Learning Classifier: 15.52 seconds
2025-02-10 13:18 | INFO | Training Time Active Learning Regressor: 4.34 seconds
2025-02-10 13:18 | INFO | Query 80 Active Learning Runtime on Validation Set: 257557.69
2025-02-10 13:18 | INFO | Query 80 Active Learning Runtime on Test Set: 149015.84
2025-02-10 13:18 | INFO | Query 80 Active Learning Instance Cost: 4172716.82
2025-02-10 13:18 | INFO | Timeout limit is increased to 3600
2025-02-10 13:18 | INFO | Query 81 Size of the uncertainty table is = 3009/39325
2025-02-10 13:18 | INFO | Query 81 Size of the filtered table is = 394
2025-02-10 13:19 | INFO | Training Time Active Learning Classifier: 15.6 seconds
2025-02-10 13:19 | INFO | Training Time Active Learning Regressor: 4.47 seconds
2025-02-10 13:20 | INFO | Query 81 Active Learning Runtime on Validation Set: 257035.4
2025-02-10 13:20 | INFO | Query 81 Active Learning Runtime on Test Set: 112987.29
2025-02-10 13:20 | INFO | Query 81 Active Learning Instance Cost: 4479185.09
2025-02-10 13:20 | INFO | Query 82 Size of the uncertainty table is = 2251/39325
2025-02-10 13:20 | INFO | Query 82 Size of the filtered table is = 394
2025-02-10 13:20 | INFO | Training Time Active Learning Classifier: 15.88 seconds
2025-02-10 13:20 | INFO | Training Time Active Learning Regressor: 4.4 seconds
2025-02-10 13:21 | INFO | Query 82 Active Learning Runtime on Validation Set: 293899.02
2025-02-10 13:21 | INFO | Query 82 Active Learning Runtime on Test Set: 113019.64
2025-02-10 13:21 | INFO | Query 82 Active Learning Instance Cost: 4753317.33
2025-02-10 13:21 | INFO | Timeout limit is increased to 3600
2025-02-10 13:21 | INFO | Query 83 Size of the uncertainty table is = 1624/39325
2025-02-10 13:21 | INFO | Query 83 Size of the filtered table is = 394
2025-02-10 13:21 | INFO | Training Time Active Learning Classifier: 15.82 seconds
2025-02-10 13:21 | INFO | Training Time Active Learning Regressor: 4.43 seconds
2025-02-10 13:22 | INFO | Query 83 Active Learning Runtime on Validation Set: 329656.39999999997
2025-02-10 13:22 | INFO | Query 83 Active Learning Runtime on Test Set: 76949.54999999999
2025-02-10 13:22 | INFO | Query 83 Active Learning Instance Cost: 5117490.28
2025-02-10 13:22 | INFO | Timeout limit is increased to 3600
2025-02-10 13:22 | INFO | Query 84 Size of the uncertainty table is = 801/39325
2025-02-10 13:22 | INFO | Query 84 Size of the filtered table is = 394
2025-02-10 13:22 | INFO | Training Time Active Learning Classifier: 15.99 seconds
2025-02-10 13:22 | INFO | Training Time Active Learning Regressor: 4.43 seconds
2025-02-10 13:23 | INFO | Query 84 Active Learning Runtime on Validation Set: 365518.58
2025-02-10 13:23 | INFO | Query 84 Active Learning Runtime on Test Set: 76496.34
2025-02-10 13:23 | INFO | Query 84 Active Learning Instance Cost: 5427090.28
2025-02-10 13:23 | INFO | Timeout limit is increased to 3600
2025-02-10 13:23 | INFO | Active Learning Emissions: 0.07583795450786447
2025-02-10 13:23 | INFO | Active Learning Energy Consumption: 0.08251363107536859 kWh
2025-02-10 13:23 | INFO | runtime_test_score is written as json file
2025-02-10 13:23 | INFO | runtime_validation_score is written as json file
2025-02-10 13:23 | INFO | instance_cost is written as json file
2025-02-10 13:23 | INFO | Experiment is finished
