2025-02-11 00:52 | INFO | Paramaters are: {'dataset': 'ASP-POTASSCO', 'penalty': 10, 'weight': 'No_Weight', 'voting': 'Hard', 'pre_selection_size': 64, 'pre_selection_technique': 'No_pre_selection', 'feature_elimination_threshold': 20, 'imputer_strategy': 'median', 'feature_selection_technique': 'No_feature_selection', 'feature_scaling_technique': 'StandardScaler', 'initial_train_size': 20, 'query_size': 1, 'timeout_predictor_usage': 'No', 'pareto_features': {'Uncertainty': 'max', 'PredDiff': 'max', 'PredCost': 'min'}, 'timeout_limit': 3600, 'timeout_increase_rate': 100, 'penalty_type': 'Only-timeout-penalty', 'RANDOM_STATE_SEED': 12345, 'n_splits': 10, 'split_number': 9, 'max_timeout': 3600, 'param_grid': {'n_estimators': 100, 'max_features': 'sqrt', 'max_depth': 2147483648, 'min_samples_split': 2, 'bootstrap': True}}
2025-02-11 00:52 | INFO | ASP-POTASSCO is current dataset
2025-02-11 00:52 | INFO | DATASETS/ASP-POTASSCO/algorithm_runs.arff is found
2025-02-11 00:52 | INFO | DATASETS/ASP-POTASSCO/algorithm_runs.arff is finished
2025-02-11 00:52 | INFO | DATASETS/ASP-POTASSCO/feature_values.arff is found
2025-02-11 00:52 | INFO | DATASETS/ASP-POTASSCO/feature_values.arff is finished
2025-02-11 00:52 | INFO | DATASETS/ASP-POTASSCO/feature_costs.arff is found
2025-02-11 00:52 | INFO | DATASETS/ASP-POTASSCO/feature_costs.arff is finished
2025-02-11 00:52 | INFO | Virtual best solver time in train = 19839.27
2025-02-11 00:52 | INFO | Single best solver list train = {'clasp/2.1.3/h1-n1': 2863596.75, 'clasp/2.1.3/h10-n1': 4740588.05, 'clasp/2.1.3/h11-n1': 6506168.58, 'clasp/2.1.3/h2-n1': 4847071.5, 'clasp/2.1.3/h3-n1': 5375258.28, 'clasp/2.1.3/h4-n1': 3416551.83, 'clasp/2.1.3/h5-n1': 4665672.42, 'clasp/2.1.3/h6-n1': 3702568.49, 'clasp/2.1.3/h7-n1': 6356294.8, 'clasp/2.1.3/h8-n1': 2599180.75, 'clasp/2.1.3/h9-n1': 4348030.73}
2025-02-11 00:52 | INFO | Single best solver time train = clasp/2.1.3/h8-n1 (2599180.75)
2025-02-11 00:52 | INFO | Virtual best solver time in validation = 3294.32
2025-02-11 00:52 | INFO | Single best solver list validation = {'clasp/2.1.3/h1-n1': 305095.08, 'clasp/2.1.3/h10-n1': 868440.45, 'clasp/2.1.3/h11-n1': 2640513.17, 'clasp/2.1.3/h2-n1': 798314.05, 'clasp/2.1.3/h3-n1': 2248189.43, 'clasp/2.1.3/h4-n1': 1022420.95, 'clasp/2.1.3/h5-n1': 331886.67, 'clasp/2.1.3/h6-n1': 761892.28, 'clasp/2.1.3/h7-n1': 842162.97, 'clasp/2.1.3/h8-n1': 1085878.75, 'clasp/2.1.3/h9-n1': 1779006.52}
2025-02-11 00:52 | INFO | Single best solver time validation = clasp/2.1.3/h1-n1 (305095.08)
2025-02-11 00:52 | INFO | Virtual best solver time in test = 4144.72
2025-02-11 00:52 | INFO | Single best solver list test = {'clasp/2.1.3/h1-n1': 508239.47, 'clasp/2.1.3/h10-n1': 723489.5, 'clasp/2.1.3/h11-n1': 1121653.63, 'clasp/2.1.3/h2-n1': 795719.04, 'clasp/2.1.3/h3-n1': 1230554.31, 'clasp/2.1.3/h4-n1': 545877.1, 'clasp/2.1.3/h5-n1': 651795.63, 'clasp/2.1.3/h6-n1': 687219.72, 'clasp/2.1.3/h7-n1': 868423.12, 'clasp/2.1.3/h8-n1': 510050.62, 'clasp/2.1.3/h9-n1': 907091.39}
2025-02-11 00:52 | INFO | Single best solver time test = clasp/2.1.3/h1-n1 (508239.47)
2025-02-11 00:52 | INFO | Training Time Passive Learning Classifier: 15.96 seconds
2025-02-11 00:53 | INFO | Training Time Passive Learning Regressor: 4.32 seconds
2025-02-11 00:53 | INFO | Passive Learning Classifier Runtime on Validation Set: 403451.74
2025-02-11 00:53 | INFO | Passive Learning Classifier Runtime on Test Set: 328776.8
2025-02-11 00:53 | INFO | Passive Learning Instance Cost: 5227382.18
2025-02-11 00:53 | INFO | Passive Learning Emissions: 0.0007702888732741499
2025-02-11 00:53 | INFO | Passive Learning Energy Consumption: 0.0008380939639427298 kWh
2025-02-11 00:53 | INFO | Training Time Active Learning Classifier: 3.23 seconds
2025-02-11 00:53 | INFO | Training Time Active Learning Regressor: 0.54 seconds
2025-02-11 00:54 | INFO | Initial Active Learning Runtime on Validation Set: 82125.72
2025-02-11 00:54 | INFO | Initial Active Learning Runtime on Test Set: 472690.42
2025-02-11 00:54 | INFO | Initial Active Learning Instance Cost: 106735.59
2025-02-11 00:54 | INFO | Bin size = 394
2025-02-11 00:54 | INFO | Query 1 Size of the uncertainty table is = 39325/39325
2025-02-11 00:54 | INFO | Query 1 Size of the filtered table is = 1296
2025-02-11 00:54 | INFO | Training Time Active Learning Classifier: 3.16 seconds
2025-02-11 00:54 | INFO | Training Time Active Learning Regressor: 0.73 seconds
2025-02-11 00:55 | INFO | Query 1 Active Learning Runtime on Validation Set: 81531.31999999999
2025-02-11 00:55 | INFO | Query 1 Active Learning Runtime on Test Set: 400606.63
2025-02-11 00:55 | INFO | Query 1 Active Learning Instance Cost: 407771.39
2025-02-11 00:55 | INFO | Query 2 Size of the uncertainty table is = 38551/39325
2025-02-11 00:55 | INFO | Query 2 Size of the filtered table is = 394
2025-02-11 00:56 | INFO | Training Time Active Learning Classifier: 3.35 seconds
2025-02-11 00:56 | INFO | Training Time Active Learning Regressor: 0.92 seconds
2025-02-11 00:56 | INFO | Query 2 Active Learning Runtime on Validation Set: 116363.51
2025-02-11 00:56 | INFO | Query 2 Active Learning Runtime on Test Set: 435394.64
2025-02-11 00:56 | INFO | Query 2 Active Learning Instance Cost: 790396.15
2025-02-11 00:56 | INFO | Timeout limit is increased to 3600
2025-02-11 00:57 | INFO | Query 3 Size of the uncertainty table is = 37478/39325
2025-02-11 00:57 | INFO | Query 3 Size of the filtered table is = 394
2025-02-11 00:57 | INFO | Training Time Active Learning Classifier: 3.61 seconds
2025-02-11 00:57 | INFO | Training Time Active Learning Regressor: 1.09 seconds
2025-02-11 00:57 | INFO | Query 3 Active Learning Runtime on Validation Set: 116818.6
2025-02-11 00:57 | INFO | Query 3 Active Learning Runtime on Test Set: 400008.85000000003
2025-02-11 00:57 | INFO | Query 3 Active Learning Instance Cost: 1033918.81
2025-02-11 00:57 | INFO | Timeout limit is increased to 3600
2025-02-11 00:58 | INFO | Query 4 Size of the uncertainty table is = 36261/39325
2025-02-11 00:58 | INFO | Query 4 Size of the filtered table is = 394
2025-02-11 00:58 | INFO | Training Time Active Learning Classifier: 3.97 seconds
2025-02-11 00:58 | INFO | Training Time Active Learning Regressor: 1.26 seconds
2025-02-11 00:59 | INFO | Query 4 Active Learning Runtime on Validation Set: 152799.05000000002
2025-02-11 00:59 | INFO | Query 4 Active Learning Runtime on Test Set: 400099.0
2025-02-11 00:59 | INFO | Query 4 Active Learning Instance Cost: 1189882.28
2025-02-11 00:59 | INFO | Timeout limit is increased to 3600
2025-02-11 00:59 | INFO | Query 5 Size of the uncertainty table is = 34813/39325
2025-02-11 00:59 | INFO | Query 5 Size of the filtered table is = 394
2025-02-11 00:59 | INFO | Training Time Active Learning Classifier: 4.4 seconds
2025-02-11 00:59 | INFO | Training Time Active Learning Regressor: 1.44 seconds
2025-02-11 01:00 | INFO | Query 5 Active Learning Runtime on Validation Set: 512379.2
2025-02-11 01:00 | INFO | Query 5 Active Learning Runtime on Test Set: 400269.63
2025-02-11 01:00 | INFO | Query 5 Active Learning Instance Cost: 1425633.66
2025-02-11 01:00 | INFO | Timeout limit is increased to 3600
2025-02-11 01:00 | INFO | Query 6 Size of the uncertainty table is = 33217/39325
2025-02-11 01:00 | INFO | Query 6 Size of the filtered table is = 394
2025-02-11 01:00 | INFO | Training Time Active Learning Classifier: 4.9 seconds
2025-02-11 01:00 | INFO | Training Time Active Learning Regressor: 1.62 seconds
2025-02-11 01:01 | INFO | Query 6 Active Learning Runtime on Validation Set: 509739.12
2025-02-11 01:01 | INFO | Query 6 Active Learning Runtime on Test Set: 400026.58
2025-02-11 01:01 | INFO | Query 6 Active Learning Instance Cost: 1696537.94
2025-02-11 01:02 | INFO | Query 7 Size of the uncertainty table is = 31564/39325
2025-02-11 01:02 | INFO | Query 7 Size of the filtered table is = 394
2025-02-11 01:02 | INFO | Training Time Active Learning Classifier: 5.39 seconds
2025-02-11 01:02 | INFO | Training Time Active Learning Regressor: 1.86 seconds
2025-02-11 01:02 | INFO | Query 7 Active Learning Runtime on Validation Set: 654216.96
2025-02-11 01:02 | INFO | Query 7 Active Learning Runtime on Test Set: 364561.21
2025-02-11 01:02 | INFO | Query 7 Active Learning Instance Cost: 1942236.35
2025-02-11 01:02 | INFO | Timeout limit is increased to 3600
2025-02-11 01:03 | INFO | Query 8 Size of the uncertainty table is = 29910/39325
2025-02-11 01:03 | INFO | Query 8 Size of the filtered table is = 394
2025-02-11 01:03 | INFO | Training Time Active Learning Classifier: 6.03 seconds
2025-02-11 01:03 | INFO | Training Time Active Learning Regressor: 1.94 seconds
2025-02-11 01:04 | INFO | Query 8 Active Learning Runtime on Validation Set: 511414.48000000004
2025-02-11 01:04 | INFO | Query 8 Active Learning Runtime on Test Set: 220919.5
2025-02-11 01:04 | INFO | Query 8 Active Learning Instance Cost: 2243050.29
2025-02-11 01:04 | INFO | Query 9 Size of the uncertainty table is = 28068/39325
2025-02-11 01:04 | INFO | Query 9 Size of the filtered table is = 394
2025-02-11 01:04 | INFO | Training Time Active Learning Classifier: 6.49 seconds
2025-02-11 01:04 | INFO | Training Time Active Learning Regressor: 2.12 seconds
2025-02-11 01:05 | INFO | Query 9 Active Learning Runtime on Validation Set: 582795.9
2025-02-11 01:05 | INFO | Query 9 Active Learning Runtime on Test Set: 328586.06
2025-02-11 01:05 | INFO | Query 9 Active Learning Instance Cost: 2588542.04
2025-02-11 01:05 | INFO | Timeout limit is increased to 3600
2025-02-11 01:05 | INFO | Query 10 Size of the uncertainty table is = 26201/39325
2025-02-11 01:05 | INFO | Query 10 Size of the filtered table is = 394
2025-02-11 01:06 | INFO | Training Time Active Learning Classifier: 7.02 seconds
2025-02-11 01:06 | INFO | Training Time Active Learning Regressor: 2.3 seconds
2025-02-11 01:06 | INFO | Query 10 Active Learning Runtime on Validation Set: 367733.44
2025-02-11 01:06 | INFO | Query 10 Active Learning Runtime on Test Set: 435892.47000000003
2025-02-11 01:06 | INFO | Query 10 Active Learning Instance Cost: 2958770.66
2025-02-11 01:07 | INFO | Query 11 Size of the uncertainty table is = 24464/39325
2025-02-11 01:07 | INFO | Query 11 Size of the filtered table is = 394
2025-02-11 01:07 | INFO | Training Time Active Learning Classifier: 7.6 seconds
2025-02-11 01:07 | INFO | Training Time Active Learning Regressor: 2.51 seconds
2025-02-11 01:08 | INFO | Query 11 Active Learning Runtime on Validation Set: 439290.64
2025-02-11 01:08 | INFO | Query 11 Active Learning Runtime on Test Set: 364385.01
2025-02-11 01:08 | INFO | Query 11 Active Learning Instance Cost: 3288317.21
2025-02-11 01:08 | INFO | Timeout limit is increased to 3600
2025-02-11 01:08 | INFO | Query 12 Size of the uncertainty table is = 22576/39325
2025-02-11 01:08 | INFO | Query 12 Size of the filtered table is = 394
2025-02-11 01:08 | INFO | Training Time Active Learning Classifier: 8.2 seconds
2025-02-11 01:08 | INFO | Training Time Active Learning Regressor: 2.67 seconds
2025-02-11 01:09 | INFO | Query 12 Active Learning Runtime on Validation Set: 366341.37
2025-02-11 01:09 | INFO | Query 12 Active Learning Runtime on Test Set: 435720.75
2025-02-11 01:09 | INFO | Query 12 Active Learning Instance Cost: 3601581.84
2025-02-11 01:09 | INFO | Query 13 Size of the uncertainty table is = 20657/39325
2025-02-11 01:09 | INFO | Query 13 Size of the filtered table is = 394
2025-02-11 01:10 | INFO | Training Time Active Learning Classifier: 8.88 seconds
2025-02-11 01:10 | INFO | Training Time Active Learning Regressor: 2.86 seconds
2025-02-11 01:10 | INFO | Query 13 Active Learning Runtime on Validation Set: 402941.11
2025-02-11 01:10 | INFO | Query 13 Active Learning Runtime on Test Set: 292990.81
2025-02-11 01:10 | INFO | Query 13 Active Learning Instance Cost: 3754415.79
2025-02-11 01:10 | INFO | Timeout limit is increased to 3600
2025-02-11 01:11 | INFO | Query 14 Size of the uncertainty table is = 18735/39325
2025-02-11 01:11 | INFO | Query 14 Size of the filtered table is = 394
2025-02-11 01:11 | INFO | Training Time Active Learning Classifier: 9.56 seconds
2025-02-11 01:11 | INFO | Training Time Active Learning Regressor: 3.05 seconds
2025-02-11 01:12 | INFO | Query 14 Active Learning Runtime on Validation Set: 438143.10000000003
2025-02-11 01:12 | INFO | Query 14 Active Learning Runtime on Test Set: 328992.08
2025-02-11 01:12 | INFO | Query 14 Active Learning Instance Cost: 3909596.1
2025-02-11 01:12 | INFO | Timeout limit is increased to 3600
2025-02-11 01:12 | INFO | Query 15 Size of the uncertainty table is = 16758/39325
2025-02-11 01:12 | INFO | Query 15 Size of the filtered table is = 394
2025-02-11 01:12 | INFO | Training Time Active Learning Classifier: 10.36 seconds
2025-02-11 01:12 | INFO | Training Time Active Learning Regressor: 3.23 seconds
2025-02-11 01:13 | INFO | Query 15 Active Learning Runtime on Validation Set: 438830.13
2025-02-11 01:13 | INFO | Query 15 Active Learning Runtime on Test Set: 292730.9
2025-02-11 01:13 | INFO | Query 15 Active Learning Instance Cost: 4150000.01
2025-02-11 01:13 | INFO | Timeout limit is increased to 3600
2025-02-11 01:13 | INFO | Query 16 Size of the uncertainty table is = 14681/39325
2025-02-11 01:13 | INFO | Query 16 Size of the filtered table is = 394
2025-02-11 01:14 | INFO | Training Time Active Learning Classifier: 11.05 seconds
2025-02-11 01:14 | INFO | Training Time Active Learning Regressor: 3.42 seconds
2025-02-11 01:14 | INFO | Query 16 Active Learning Runtime on Validation Set: 438185.51
2025-02-11 01:14 | INFO | Query 16 Active Learning Runtime on Test Set: 364714.7
2025-02-11 01:14 | INFO | Query 16 Active Learning Instance Cost: 4310629.4
2025-02-11 01:15 | INFO | Query 17 Size of the uncertainty table is = 12718/39325
2025-02-11 01:15 | INFO | Query 17 Size of the filtered table is = 394
2025-02-11 01:15 | INFO | Training Time Active Learning Classifier: 11.78 seconds
2025-02-11 01:15 | INFO | Training Time Active Learning Regressor: 3.59 seconds
2025-02-11 01:16 | INFO | Query 17 Active Learning Runtime on Validation Set: 475143.29000000004
2025-02-11 01:16 | INFO | Query 17 Active Learning Runtime on Test Set: 292540.02
2025-02-11 01:16 | INFO | Query 17 Active Learning Instance Cost: 4445497.89
2025-02-11 01:16 | INFO | Timeout limit is increased to 3600
2025-02-11 01:16 | INFO | Query 18 Size of the uncertainty table is = 10654/39325
2025-02-11 01:16 | INFO | Query 18 Size of the filtered table is = 394
2025-02-11 01:16 | INFO | Training Time Active Learning Classifier: 12.48 seconds
2025-02-11 01:16 | INFO | Training Time Active Learning Regressor: 3.76 seconds
2025-02-11 01:17 | INFO | Query 18 Active Learning Runtime on Validation Set: 511110.29000000004
2025-02-11 01:17 | INFO | Query 18 Active Learning Runtime on Test Set: 292552.91000000003
2025-02-11 01:17 | INFO | Query 18 Active Learning Instance Cost: 4642457.44
2025-02-11 01:17 | INFO | Timeout limit is increased to 3600
2025-02-11 01:17 | INFO | Query 19 Size of the uncertainty table is = 8712/39325
2025-02-11 01:17 | INFO | Query 19 Size of the filtered table is = 394
2025-02-11 01:18 | INFO | Training Time Active Learning Classifier: 13.16 seconds
2025-02-11 01:18 | INFO | Training Time Active Learning Regressor: 3.9 seconds
2025-02-11 01:18 | INFO | Query 19 Active Learning Runtime on Validation Set: 437937.05
2025-02-11 01:18 | INFO | Query 19 Active Learning Runtime on Test Set: 256821.33000000002
2025-02-11 01:18 | INFO | Query 19 Active Learning Instance Cost: 4842872.56
2025-02-11 01:19 | INFO | Query 20 Size of the uncertainty table is = 6809/39325
2025-02-11 01:19 | INFO | Query 20 Size of the filtered table is = 394
2025-02-11 01:19 | INFO | Training Time Active Learning Classifier: 13.89 seconds
2025-02-11 01:19 | INFO | Training Time Active Learning Regressor: 4.05 seconds
2025-02-11 01:20 | INFO | Query 20 Active Learning Runtime on Validation Set: 438970.5
2025-02-11 01:20 | INFO | Query 20 Active Learning Runtime on Test Set: 292704.47000000003
2025-02-11 01:20 | INFO | Query 20 Active Learning Instance Cost: 4978691.9
2025-02-11 01:20 | INFO | Timeout limit is increased to 3600
2025-02-11 01:20 | INFO | Query 21 Size of the uncertainty table is = 4901/39325
2025-02-11 01:20 | INFO | Query 21 Size of the filtered table is = 394
2025-02-11 01:20 | INFO | Training Time Active Learning Classifier: 14.71 seconds
2025-02-11 01:20 | INFO | Training Time Active Learning Regressor: 4.19 seconds
2025-02-11 01:21 | INFO | Query 21 Active Learning Runtime on Validation Set: 366728.95
2025-02-11 01:21 | INFO | Query 21 Active Learning Runtime on Test Set: 292763.10000000003
2025-02-11 01:21 | INFO | Query 21 Active Learning Instance Cost: 5066810.11
2025-02-11 01:21 | INFO | Query 22 Size of the uncertainty table is = 3059/39325
2025-02-11 01:21 | INFO | Query 22 Size of the filtered table is = 394
2025-02-11 01:21 | INFO | Training Time Active Learning Classifier: 15.32 seconds
2025-02-11 01:21 | INFO | Training Time Active Learning Regressor: 4.31 seconds
2025-02-11 01:22 | INFO | Query 22 Active Learning Runtime on Validation Set: 403472.35000000003
2025-02-11 01:22 | INFO | Query 22 Active Learning Runtime on Test Set: 364579.23000000004
2025-02-11 01:22 | INFO | Query 22 Active Learning Instance Cost: 5107540.8
2025-02-11 01:22 | INFO | Timeout limit is increased to 3600
2025-02-11 01:22 | INFO | Query 23 Size of the uncertainty table is = 1583/39325
2025-02-11 01:22 | INFO | Query 23 Size of the filtered table is = 394
2025-02-11 01:23 | INFO | Training Time Active Learning Classifier: 15.81 seconds
2025-02-11 01:23 | INFO | Training Time Active Learning Regressor: 4.39 seconds
2025-02-11 01:23 | INFO | Query 23 Active Learning Runtime on Validation Set: 404041.5
2025-02-11 01:23 | INFO | Query 23 Active Learning Runtime on Test Set: 364752.68
2025-02-11 01:23 | INFO | Query 23 Active Learning Instance Cost: 5165885.57
2025-02-11 01:23 | INFO | Timeout limit is increased to 3600
2025-02-11 01:23 | INFO | Query 24 Size of the uncertainty table is = 370/39325
2025-02-11 01:23 | INFO | Query 24 Size of the filtered table is = 370
2025-02-11 01:24 | INFO | Training Time Active Learning Classifier: 15.98 seconds
2025-02-11 01:24 | INFO | Training Time Active Learning Regressor: 4.39 seconds
2025-02-11 01:25 | INFO | Query 24 Active Learning Runtime on Validation Set: 439664.61
2025-02-11 01:25 | INFO | Query 24 Active Learning Runtime on Test Set: 364840.11
2025-02-11 01:25 | INFO | Query 24 Active Learning Instance Cost: 5227382.18
2025-02-11 01:25 | INFO | Timeout limit is increased to 3600
2025-02-11 01:25 | INFO | Active Learning Emissions: 0.02206363107714296
2025-02-11 01:25 | INFO | Active Learning Energy Consumption: 0.02400579402090306 kWh
2025-02-11 01:25 | INFO | runtime_test_score is written as json file
2025-02-11 01:25 | INFO | runtime_validation_score is written as json file
2025-02-11 01:25 | INFO | instance_cost is written as json file
2025-02-11 01:25 | INFO | Experiment is finished
