2025-02-10 21:34 | INFO | Paramaters are: {'dataset': 'SAT12-HAND', 'penalty': 10, 'weight': 'No_Weight', 'voting': 'Hard', 'pre_selection_size': 64, 'pre_selection_technique': 'No_pre_selection', 'feature_elimination_threshold': 20, 'imputer_strategy': 'median', 'feature_selection_technique': 'No_feature_selection', 'feature_scaling_technique': 'StandardScaler', 'priority': {'Uncertainty': 'max', 'PredCost': 'min', 'PredDiff': 'max'}, 'initial_train_size': 20, 'query_size': 1, 'timeout_predictor_usage': 'No', 'timeout_limit': 3600, 'timeout_increase_rate': 100, 'penalty_type': 'Only-timeout-penalty', 'RANDOM_STATE_SEED': 123, 'n_splits': 10, 'split_number': 3, 'max_timeout': 3600, 'param_grid': {'n_estimators': 100, 'max_features': 'sqrt', 'max_depth': 2147483648, 'min_samples_split': 2, 'bootstrap': True}}
2025-02-10 21:34 | INFO | SAT12-HAND is current dataset
2025-02-10 21:34 | INFO | DATASETS/SAT12-HAND/algorithm_runs.arff is found
2025-02-10 21:34 | INFO | DATASETS/SAT12-HAND/algorithm_runs.arff is finished
2025-02-10 21:34 | INFO | DATASETS/SAT12-HAND/feature_values.arff is found
2025-02-10 21:34 | INFO | DATASETS/SAT12-HAND/feature_values.arff is finished
2025-02-10 21:34 | INFO | DATASETS/SAT12-HAND/feature_costs.arff is found
2025-02-10 21:34 | INFO | DATASETS/SAT12-HAND/feature_costs.arff is finished
2025-02-10 21:34 | INFO | Virtual best solver time in train = 76663.86
2025-02-10 21:34 | INFO | Single best solver list train = {'clasp1': 5550409.06, 'clasp2': 4799292.13, 'cryptominisat2011': 6153796.01, 'eagleup': 13104062.7, 'ebglucose': 6909552.38, 'ebminisat': 6445975.06, 'glucose2': 6222806.71, 'glueminisat': 6761080.04, 'gnoveltyp2': 11708685.65, 'lingeling': 6689292.86, 'lrglshr': 7804227.22, 'marchrw': 9528305.05, 'minisatpsm': 6910113.87, 'mphaseSAT': 4070710.67, 'mphaseSAT64': 4574982.15, 'mphaseSATm': 4108434.13, 'mxc09': 5697946.75, 'picosat': 6556689.45, 'precosat': 5973056.99, 'qutersat': 6223124.32, 'rcl': 7699195.99, 'restartsat': 6059620.87, 'sapperlot': 6743592.96, 'satime11': 9913244.92, 'sattime': 10125211.62, 'sattimep': 10018882.72, 'sol': 7262973.61, 'sparrow': 10131682.51, 'spear-hw': 8387105.06, 'spear-sw': 9603217.24, 'tnm': 10449678.73}
2025-02-10 21:34 | INFO | Single best solver time train = mphaseSAT (4070710.67)
2025-02-10 21:34 | INFO | Virtual best solver time in validation = 7174.8
2025-02-10 21:34 | INFO | Single best solver list validation = {'clasp1': 1522174.55, 'clasp2': 1557075.77, 'cryptominisat2011': 1807431.36, 'eagleup': 2737106.98, 'ebglucose': 1843036.79, 'ebminisat': 1482811.93, 'glucose2': 1630284.63, 'glueminisat': 1735945.25, 'gnoveltyp2': 1624791.52, 'lingeling': 1733889.24, 'lrglshr': 1700883.65, 'marchrw': 1911747.69, 'minisatpsm': 1697755.7, 'mphaseSAT': 1446816.46, 'mphaseSAT64': 1485259.66, 'mphaseSATm': 1518780.1, 'mxc09': 1664423.69, 'picosat': 1557534.24, 'precosat': 1589968.65, 'qutersat': 1879021.6, 'rcl': 1771742.61, 'restartsat': 1628499.45, 'sapperlot': 1590906.57, 'satime11': 1518164.78, 'sattime': 1446293.51, 'sattimep': 1480145.36, 'sol': 1337080.89, 'sparrow': 1514474.08, 'spear-hw': 1806339.49, 'spear-sw': 2450331.77, 'tnm': 1517957.94}
2025-02-10 21:34 | INFO | Single best solver time validation = sol (1337080.89)
2025-02-10 21:34 | INFO | Virtual best solver time in test = 8151.68
2025-02-10 21:34 | INFO | Single best solver list test = {'clasp1': 903318.12, 'clasp2': 795733.23, 'cryptominisat2011': 867835.91, 'eagleup': 1548226.91, 'ebglucose': 1012548.4, 'ebminisat': 940209.67, 'glucose2': 975787.83, 'glueminisat': 902542.88, 'gnoveltyp2': 1369179.29, 'lingeling': 867227.26, 'lrglshr': 903671.52, 'marchrw': 1086219.48, 'minisatpsm': 940483.36, 'mphaseSAT': 724407.86, 'mphaseSAT64': 724917.65, 'mphaseSATm': 689298.19, 'mxc09': 939829.32, 'picosat': 1046929.91, 'precosat': 903271.17, 'qutersat': 903950.7, 'rcl': 1011645.42, 'restartsat': 1010898.83, 'sapperlot': 1047408.94, 'satime11': 1082289.92, 'sattime': 1082103.84, 'sattimep': 1083569.89, 'sol': 937873.0, 'sparrow': 1117550.38, 'spear-hw': 1261912.39, 'spear-sw': 1192414.51, 'tnm': 1155036.41}
2025-02-10 21:34 | INFO | Single best solver time test = mphaseSATm (689298.19)
2025-02-10 21:35 | INFO | Training Time Passive Learning Classifier: 50.54 seconds
2025-02-10 21:35 | INFO | Training Time Passive Learning Regressor: 4.83 seconds
2025-02-10 21:38 | INFO | Passive Learning Classifier Runtime on Validation Set: 1221313.84
2025-02-10 21:38 | INFO | Passive Learning Classifier Runtime on Test Set: 106062.41
2025-02-10 21:38 | INFO | Passive Learning Instance Cost: 24049349.43
2025-02-10 21:38 | INFO | Passive Learning Emissions: 0.002979490965477364
2025-02-10 21:38 | INFO | Passive Learning Energy Consumption: 0.003241762253652269 kWh
2025-02-10 21:39 | INFO | Training Time Active Learning Classifier: 26.78 seconds
2025-02-10 21:39 | INFO | Training Time Active Learning Regressor: 1.49 seconds
2025-02-10 21:42 | INFO | Initial Active Learning Runtime on Validation Set: 1367695.61
2025-02-10 21:42 | INFO | Initial Active Learning Runtime on Test Set: 534687.62
2025-02-10 21:42 | INFO | Initial Active Learning Instance Cost: 1253115.51
2025-02-10 21:42 | INFO | Bin size = 1693
2025-02-10 21:43 | INFO | Query 1 Size of the uncertainty table is = 169260/169260
2025-02-10 21:43 | INFO | Query 1 Size of the filtered table is = 1693
2025-02-10 21:44 | INFO | Training Time Active Learning Classifier: 26.63 seconds
2025-02-10 21:44 | INFO | Training Time Active Learning Regressor: 2.16 seconds
2025-02-10 21:47 | INFO | Query 1 Active Learning Runtime on Validation Set: 1332877.7300000002
2025-02-10 21:47 | INFO | Query 1 Active Learning Runtime on Test Set: 427007.29
2025-02-10 21:47 | INFO | Query 1 Active Learning Instance Cost: 6780692.02
2025-02-10 21:49 | INFO | Query 2 Size of the uncertainty table is = 156226/169260
2025-02-10 21:49 | INFO | Query 2 Size of the filtered table is = 1693
2025-02-10 21:50 | INFO | Training Time Active Learning Classifier: 29.96 seconds
2025-02-10 21:50 | INFO | Training Time Active Learning Regressor: 2.89 seconds
2025-02-10 21:53 | INFO | Query 2 Active Learning Runtime on Validation Set: 1472190.87
2025-02-10 21:53 | INFO | Query 2 Active Learning Runtime on Test Set: 355216.33999999997
2025-02-10 21:53 | INFO | Query 2 Active Learning Instance Cost: 10157645.07
2025-02-10 21:53 | INFO | Timeout limit is increased to 3600
2025-02-10 21:56 | INFO | Query 3 Size of the uncertainty table is = 134233/169260
2025-02-10 21:56 | INFO | Query 3 Size of the filtered table is = 1693
2025-02-10 21:56 | INFO | Training Time Active Learning Classifier: 35.56 seconds
2025-02-10 21:56 | INFO | Training Time Active Learning Regressor: 3.48 seconds
2025-02-10 22:00 | INFO | Query 3 Active Learning Runtime on Validation Set: 1114172.03
2025-02-10 22:00 | INFO | Query 3 Active Learning Runtime on Test Set: 319352.64
2025-02-10 22:00 | INFO | Query 3 Active Learning Instance Cost: 13322427.2
2025-02-10 22:02 | INFO | Query 4 Size of the uncertainty table is = 108140/169260
2025-02-10 22:02 | INFO | Query 4 Size of the filtered table is = 1693
2025-02-10 22:03 | INFO | Training Time Active Learning Classifier: 38.54 seconds
2025-02-10 22:03 | INFO | Training Time Active Learning Regressor: 3.92 seconds
2025-02-10 22:06 | INFO | Query 4 Active Learning Runtime on Validation Set: 1221563.59
2025-02-10 22:06 | INFO | Query 4 Active Learning Runtime on Test Set: 142122.05000000002
2025-02-10 22:06 | INFO | Query 4 Active Learning Instance Cost: 17080049.67
2025-02-10 22:06 | INFO | Timeout limit is increased to 3600
2025-02-10 22:09 | INFO | Query 5 Size of the uncertainty table is = 79299/169260
2025-02-10 22:09 | INFO | Query 5 Size of the filtered table is = 1693
2025-02-10 22:10 | INFO | Training Time Active Learning Classifier: 42.59 seconds
2025-02-10 22:10 | INFO | Training Time Active Learning Regressor: 4.31 seconds
2025-02-10 22:13 | INFO | Query 5 Active Learning Runtime on Validation Set: 1258870.4000000001
2025-02-10 22:13 | INFO | Query 5 Active Learning Runtime on Test Set: 105817.38000000002
2025-02-10 22:13 | INFO | Query 5 Active Learning Instance Cost: 20204904.46
2025-02-10 22:13 | INFO | Timeout limit is increased to 3600
2025-02-10 22:14 | INFO | Query 6 Size of the uncertainty table is = 51544/169260
2025-02-10 22:14 | INFO | Query 6 Size of the filtered table is = 1693
2025-02-10 22:15 | INFO | Training Time Active Learning Classifier: 46.11 seconds
2025-02-10 22:16 | INFO | Training Time Active Learning Regressor: 4.61 seconds
2025-02-10 22:19 | INFO | Query 6 Active Learning Runtime on Validation Set: 1256651.77
2025-02-10 22:19 | INFO | Query 6 Active Learning Runtime on Test Set: 106030.13000000002
2025-02-10 22:19 | INFO | Query 6 Active Learning Instance Cost: 22005548.63
2025-02-10 22:20 | INFO | Query 7 Size of the uncertainty table is = 29946/169260
2025-02-10 22:20 | INFO | Query 7 Size of the filtered table is = 1693
2025-02-10 22:21 | INFO | Training Time Active Learning Classifier: 49.0 seconds
2025-02-10 22:21 | INFO | Training Time Active Learning Regressor: 4.82 seconds
2025-02-10 22:24 | INFO | Query 7 Active Learning Runtime on Validation Set: 1184974.54
2025-02-10 22:24 | INFO | Query 7 Active Learning Runtime on Test Set: 105741.70000000001
2025-02-10 22:24 | INFO | Query 7 Active Learning Instance Cost: 22741056.17
2025-02-10 22:25 | INFO | Query 8 Size of the uncertainty table is = 14684/169260
2025-02-10 22:25 | INFO | Query 8 Size of the filtered table is = 1693
2025-02-10 22:26 | INFO | Training Time Active Learning Classifier: 50.22 seconds
2025-02-10 22:26 | INFO | Training Time Active Learning Regressor: 4.87 seconds
2025-02-10 22:29 | INFO | Query 8 Active Learning Runtime on Validation Set: 1079411.52
2025-02-10 22:29 | INFO | Query 8 Active Learning Runtime on Test Set: 105741.70000000001
2025-02-10 22:29 | INFO | Query 8 Active Learning Instance Cost: 22810886.73
2025-02-10 22:30 | INFO | Query 9 Size of the uncertainty table is = 10920/169260
2025-02-10 22:30 | INFO | Query 9 Size of the filtered table is = 1693
2025-02-10 22:31 | INFO | Training Time Active Learning Classifier: 50.88 seconds
2025-02-10 22:31 | INFO | Training Time Active Learning Regressor: 4.89 seconds
2025-02-10 22:34 | INFO | Query 9 Active Learning Runtime on Validation Set: 1079411.52
2025-02-10 22:34 | INFO | Query 9 Active Learning Runtime on Test Set: 105741.70000000001
2025-02-10 22:34 | INFO | Query 9 Active Learning Instance Cost: 23610149.37
2025-02-10 22:34 | INFO | Timeout limit is increased to 3600
2025-02-10 22:34 | INFO | Query 10 Size of the uncertainty table is = 3690/169260
2025-02-10 22:34 | INFO | Query 10 Size of the filtered table is = 1693
2025-02-10 22:35 | INFO | Training Time Active Learning Classifier: 51.22 seconds
2025-02-10 22:35 | INFO | Training Time Active Learning Regressor: 4.92 seconds
2025-02-10 22:39 | INFO | Query 10 Active Learning Runtime on Validation Set: 1079411.52
2025-02-10 22:39 | INFO | Query 10 Active Learning Runtime on Test Set: 105741.70000000001
2025-02-10 22:39 | INFO | Query 10 Active Learning Instance Cost: 24027749.43
2025-02-10 22:39 | INFO | Timeout limit is increased to 3600
2025-02-10 22:39 | INFO | Query 11 Size of the uncertainty table is = 180/169260
2025-02-10 22:39 | INFO | Query 11 Size of the filtered table is = 180
2025-02-10 22:40 | INFO | Training Time Active Learning Classifier: 50.76 seconds
2025-02-10 22:40 | INFO | Training Time Active Learning Regressor: 4.91 seconds
2025-02-10 22:43 | INFO | Query 11 Active Learning Runtime on Validation Set: 1079411.52
2025-02-10 22:43 | INFO | Query 11 Active Learning Runtime on Test Set: 105741.70000000001
2025-02-10 22:43 | INFO | Query 11 Active Learning Instance Cost: 24049349.43
2025-02-10 22:43 | INFO | Timeout limit is increased to 3600
2025-02-10 22:43 | INFO | Active Learning Emissions: 0.04580972671118517
2025-02-10 22:43 | INFO | Active Learning Energy Consumption: 0.04984215244252413 kWh
2025-02-10 22:43 | INFO | runtime_test_score is written as json file
2025-02-10 22:43 | INFO | runtime_validation_score is written as json file
2025-02-10 22:43 | INFO | instance_cost is written as json file
2025-02-10 22:43 | INFO | Experiment is finished
