2024-06-04 19:39 | INFO | Paramaters are: {'dataset': 'SAT11-RAND', 'penalty': 10, 'weight': 'No_Weight', 'voting': 'Hard', 'pre_selection_size': 64, 'pre_selection_technique': 'No_pre_selection', 'feature_elimination_threshold': 20, 'imputer_strategy': 'median', 'feature_selection_technique': 'No_feature_selection', 'feature_scaling_technique': 'StandardScaler', 'initial_train_size': 20, 'query_size': 1, 'timeout_predictor_usage': 'No', 'timeout_limit': 3600, 'timeout_increase_rate': 100, 'RANDOM_STATE_SEED': 42, 'n_splits': 10, 'split_number': 1, 'max_timeout': 3600, 'param_grid': {'n_estimators': 100, 'criterion': 'gini', 'max_features': 'sqrt', 'max_depth': 2147483648, 'min_samples_split': 2, 'bootstrap': True}}
2024-06-04 19:39 | INFO | SAT11-RAND is current dataset
2024-06-04 19:39 | INFO | DATASETS/SAT11-RAND/algorithm_runs.arff is found
2024-06-04 19:39 | INFO | DATASETS/SAT11-RAND/algorithm_runs.arff is finished
2024-06-04 19:39 | INFO | DATASETS/SAT11-RAND/feature_values.arff is found
2024-06-04 19:39 | INFO | DATASETS/SAT11-RAND/feature_values.arff is finished
2024-06-04 19:39 | INFO | DATASETS/SAT11-RAND/feature_costs.arff is found
2024-06-04 19:39 | INFO | DATASETS/SAT11-RAND/feature_costs.arff is finished
2024-06-04 19:39 | INFO | Virtual best solver time in train = 80535.52
2024-06-04 19:39 | INFO | Single best solver list train = {'EagleUP_1.565.350': 4323294.96, 'MPhaseSAT_M_2011-02-16': 4273989.11, 'SAT09referencesolverTNM_2009-03-22': 4418214.52, 'SAT09referencesolvergnovelty+2_2009-03-22': 5299019.91, 'SAT09referencesolvermarch_hi_hi': 7056074.06, 'adaptg2wsat2011_2011-03-02': 4326283.11, 'march_rw_2011-03-02': 7050352.35, 'sattime2011_2011-03-02': 4171861.84, 'sparrow2011_sparrow2011_ubcsat1.2_2011-03-02': 3071000.45}
2024-06-04 19:39 | INFO | Single best solver time train = sparrow2011_sparrow2011_ubcsat1.2_2011-03-02 (3071000.45)
2024-06-04 19:39 | INFO | Virtual best solver time in validation = 35419.0
2024-06-04 19:39 | INFO | Single best solver list validation = {'EagleUP_1.565.350': 1188465.98, 'MPhaseSAT_M_2011-02-16': 222457.01, 'SAT09referencesolverTNM_2009-03-22': 1188388.43, 'SAT09referencesolvergnovelty+2_2009-03-22': 1188439.95, 'SAT09referencesolvermarch_hi_hi': 735244.23, 'adaptg2wsat2011_2011-03-02': 1188471.84, 'march_rw_2011-03-02': 736455.31, 'sattime2011_2011-03-02': 1188772.86, 'sparrow2011_sparrow2011_ubcsat1.2_2011-03-02': 1188605.02}
2024-06-04 19:39 | INFO | Single best solver time validation = MPhaseSAT_M_2011-02-16 (222457.01)
2024-06-04 19:39 | INFO | Virtual best solver time in test = 10244.73
2024-06-04 19:39 | INFO | Single best solver list test = {'EagleUP_1.565.350': 438776.63, 'MPhaseSAT_M_2011-02-16': 369540.43, 'SAT09referencesolverTNM_2009-03-22': 554818.52, 'SAT09referencesolvergnovelty+2_2009-03-22': 582557.71, 'SAT09referencesolvermarch_hi_hi': 1020314.16, 'adaptg2wsat2011_2011-03-02': 477982.7, 'march_rw_2011-03-02': 1019392.89, 'sattime2011_2011-03-02': 447340.84, 'sparrow2011_sparrow2011_ubcsat1.2_2011-03-02': 470208.09}
2024-06-04 19:39 | INFO | Single best solver time test = MPhaseSAT_M_2011-02-16 (369540.43)
2024-06-04 19:39 | INFO | Passive Learning Runtime on Validation Set: 517850.51
2024-06-04 19:39 | INFO | Passive Learning Runtime on Test Set: 159008.55
2024-06-04 19:39 | INFO | Passive Learning Instance Cost: 4980490.3
2024-06-04 19:40 | INFO | Initial Active Learning Runtime on Validation Set: 59440.03
2024-06-04 19:40 | INFO | Initial Active Learning Runtime on Test Set: 123249.92
2024-06-04 19:40 | INFO | Initial Active Learning Instance Cost: 308741.31
2024-06-04 19:40 | INFO | Bin size = 120
2024-06-04 19:40 | INFO | Query 1 Size of the uncertainty table is = 11988/11988
2024-06-04 19:40 | INFO | Query 1 Size of the filtered table is = 120
2024-06-04 19:41 | INFO | Query 1 Active Learning Runtime on Validation Set: 59420.520000000004
2024-06-04 19:41 | INFO | Query 1 Active Learning Runtime on Test Set: 121596.57
2024-06-04 19:41 | INFO | Query 1 Active Learning Instance Cost: 637403.41
2024-06-04 19:41 | INFO | Query 2 Size of the uncertainty table is = 11804/11988
2024-06-04 19:41 | INFO | Query 2 Size of the filtered table is = 120
2024-06-04 19:42 | INFO | Query 2 Active Learning Runtime on Validation Set: 59480.23
2024-06-04 19:42 | INFO | Query 2 Active Learning Runtime on Test Set: 122275.85
2024-06-04 19:42 | INFO | Query 2 Active Learning Instance Cost: 1000428.79
2024-06-04 19:42 | INFO | Timeout limit is increased to 3600
2024-06-04 19:42 | INFO | Query 3 Size of the uncertainty table is = 11541/11988
2024-06-04 19:42 | INFO | Query 3 Size of the filtered table is = 120
2024-06-04 19:43 | INFO | Query 3 Active Learning Runtime on Validation Set: 59440.03
2024-06-04 19:43 | INFO | Query 3 Active Learning Runtime on Test Set: 158070.04
2024-06-04 19:43 | INFO | Query 3 Active Learning Instance Cost: 1259981.44
2024-06-04 19:43 | INFO | Query 4 Size of the uncertainty table is = 11212/11988
2024-06-04 19:43 | INFO | Query 4 Size of the filtered table is = 120
2024-06-04 19:44 | INFO | Query 4 Active Learning Runtime on Validation Set: 229051.02000000002
2024-06-04 19:44 | INFO | Query 4 Active Learning Runtime on Test Set: 157763.84
2024-06-04 19:44 | INFO | Query 4 Active Learning Instance Cost: 1458445.79
2024-06-04 19:44 | INFO | Timeout limit is increased to 3600
2024-06-04 19:44 | INFO | Query 5 Size of the uncertainty table is = 10719/11988
2024-06-04 19:44 | INFO | Query 5 Size of the filtered table is = 120
2024-06-04 19:45 | INFO | Query 5 Active Learning Runtime on Validation Set: 229041.34
2024-06-04 19:45 | INFO | Query 5 Active Learning Runtime on Test Set: 122000.04999999999
2024-06-04 19:45 | INFO | Query 5 Active Learning Instance Cost: 1646352.16
2024-06-04 19:45 | INFO | Query 6 Size of the uncertainty table is = 10179/11988
2024-06-04 19:45 | INFO | Query 6 Size of the filtered table is = 120
2024-06-04 19:45 | INFO | Query 6 Active Learning Runtime on Validation Set: 229044.63
2024-06-04 19:45 | INFO | Query 6 Active Learning Runtime on Test Set: 194247.59
2024-06-04 19:45 | INFO | Query 6 Active Learning Instance Cost: 1873597.77
2024-06-04 19:45 | INFO | Timeout limit is increased to 3600
2024-06-04 19:45 | INFO | Query 7 Size of the uncertainty table is = 9675/11988
2024-06-04 19:45 | INFO | Query 7 Size of the filtered table is = 120
2024-06-04 19:46 | INFO | Query 7 Active Learning Runtime on Validation Set: 229023.05000000002
2024-06-04 19:46 | INFO | Query 7 Active Learning Runtime on Test Set: 158799.23
2024-06-04 19:46 | INFO | Query 7 Active Learning Instance Cost: 2131305.94
2024-06-04 19:46 | INFO | Query 8 Size of the uncertainty table is = 9158/11988
2024-06-04 19:46 | INFO | Query 8 Size of the filtered table is = 120
2024-06-04 19:47 | INFO | Query 8 Active Learning Runtime on Validation Set: 299980.70999999996
2024-06-04 19:47 | INFO | Query 8 Active Learning Runtime on Test Set: 158164.12
2024-06-04 19:47 | INFO | Query 8 Active Learning Instance Cost: 2313512.79
2024-06-04 19:47 | INFO | Timeout limit is increased to 3600
2024-06-04 19:47 | INFO | Query 9 Size of the uncertainty table is = 8594/11988
2024-06-04 19:47 | INFO | Query 9 Size of the filtered table is = 120
2024-06-04 19:48 | INFO | Query 9 Active Learning Runtime on Validation Set: 228886.99000000002
2024-06-04 19:48 | INFO | Query 9 Active Learning Runtime on Test Set: 229862.08000000002
2024-06-04 19:48 | INFO | Query 9 Active Learning Instance Cost: 2508895.24
2024-06-04 19:48 | INFO | Query 10 Size of the uncertainty table is = 7982/11988
2024-06-04 19:48 | INFO | Query 10 Size of the filtered table is = 120
2024-06-04 19:49 | INFO | Query 10 Active Learning Runtime on Validation Set: 228713.6
2024-06-04 19:49 | INFO | Query 10 Active Learning Runtime on Test Set: 158074.55000000002
2024-06-04 19:49 | INFO | Query 10 Active Learning Instance Cost: 2688665.4
2024-06-04 19:49 | INFO | Query 11 Size of the uncertainty table is = 7424/11988
2024-06-04 19:49 | INFO | Query 11 Size of the filtered table is = 120
2024-06-04 19:50 | INFO | Query 11 Active Learning Runtime on Validation Set: 228891.26
2024-06-04 19:50 | INFO | Query 11 Active Learning Runtime on Test Set: 123982.93
2024-06-04 19:50 | INFO | Query 11 Active Learning Instance Cost: 2808476.1
2024-06-04 19:50 | INFO | Timeout limit is increased to 3600
2024-06-04 19:50 | INFO | Query 12 Size of the uncertainty table is = 6935/11988
2024-06-04 19:50 | INFO | Query 12 Size of the filtered table is = 120
2024-06-04 19:51 | INFO | Query 12 Active Learning Runtime on Validation Set: 228972.16
2024-06-04 19:51 | INFO | Query 12 Active Learning Runtime on Test Set: 158978.2
2024-06-04 19:51 | INFO | Query 12 Active Learning Instance Cost: 2989120.27
2024-06-04 19:51 | INFO | Timeout limit is increased to 3600
2024-06-04 19:51 | INFO | Query 13 Size of the uncertainty table is = 6427/11988
2024-06-04 19:51 | INFO | Query 13 Size of the filtered table is = 120
2024-06-04 19:52 | INFO | Query 13 Active Learning Runtime on Validation Set: 229153.72
2024-06-04 19:52 | INFO | Query 13 Active Learning Runtime on Test Set: 159098.46000000002
2024-06-04 19:52 | INFO | Query 13 Active Learning Instance Cost: 3162832.01
2024-06-04 19:52 | INFO | Timeout limit is increased to 3600
2024-06-04 19:52 | INFO | Query 14 Size of the uncertainty table is = 5915/11988
2024-06-04 19:52 | INFO | Query 14 Size of the filtered table is = 120
2024-06-04 19:53 | INFO | Query 14 Active Learning Runtime on Validation Set: 228989.01
2024-06-04 19:53 | INFO | Query 14 Active Learning Runtime on Test Set: 158692.15
2024-06-04 19:53 | INFO | Query 14 Active Learning Instance Cost: 3354150.36
2024-06-04 19:53 | INFO | Query 15 Size of the uncertainty table is = 5276/11988
2024-06-04 19:53 | INFO | Query 15 Size of the filtered table is = 120
2024-06-04 19:53 | INFO | Query 15 Active Learning Runtime on Validation Set: 228915.6
2024-06-04 19:53 | INFO | Query 15 Active Learning Runtime on Test Set: 158776.91
2024-06-04 19:53 | INFO | Query 15 Active Learning Instance Cost: 3377151.87
2024-06-04 19:53 | INFO | Query 16 Size of the uncertainty table is = 5001/11988
2024-06-04 19:53 | INFO | Query 16 Size of the filtered table is = 120
2024-06-04 19:54 | INFO | Query 16 Active Learning Runtime on Validation Set: 264657.08999999997
2024-06-04 19:54 | INFO | Query 16 Active Learning Runtime on Test Set: 158061.0
2024-06-04 19:54 | INFO | Query 16 Active Learning Instance Cost: 3768593.23
2024-06-04 19:54 | INFO | Timeout limit is increased to 3600
2024-06-04 19:54 | INFO | Query 17 Size of the uncertainty table is = 4150/11988
2024-06-04 19:54 | INFO | Query 17 Size of the filtered table is = 120
2024-06-04 19:55 | INFO | Query 17 Active Learning Runtime on Validation Set: 481394.25
2024-06-04 19:55 | INFO | Query 17 Active Learning Runtime on Test Set: 159038.30000000002
2024-06-04 19:55 | INFO | Query 17 Active Learning Instance Cost: 3947969.93
2024-06-04 19:55 | INFO | Timeout limit is increased to 3600
2024-06-04 19:55 | INFO | Query 18 Size of the uncertainty table is = 3505/11988
2024-06-04 19:55 | INFO | Query 18 Size of the filtered table is = 120
2024-06-04 19:56 | INFO | Query 18 Active Learning Runtime on Validation Set: 409842.26999999996
2024-06-04 19:56 | INFO | Query 18 Active Learning Runtime on Test Set: 159010.30000000002
2024-06-04 19:56 | INFO | Query 18 Active Learning Instance Cost: 4076107.59
2024-06-04 19:56 | INFO | Query 19 Size of the uncertainty table is = 2926/11988
2024-06-04 19:56 | INFO | Query 19 Size of the filtered table is = 120
2024-06-04 19:57 | INFO | Query 19 Active Learning Runtime on Validation Set: 481379.26999999996
2024-06-04 19:57 | INFO | Query 19 Active Learning Runtime on Test Set: 159010.12
2024-06-04 19:57 | INFO | Query 19 Active Learning Instance Cost: 4316060.06
2024-06-04 19:57 | INFO | Timeout limit is increased to 3600
2024-06-04 19:57 | INFO | Query 20 Size of the uncertainty table is = 2045/11988
2024-06-04 19:57 | INFO | Query 20 Size of the filtered table is = 120
2024-06-04 19:58 | INFO | Query 20 Active Learning Runtime on Validation Set: 445852.5
2024-06-04 19:58 | INFO | Query 20 Active Learning Runtime on Test Set: 159103.56
2024-06-04 19:58 | INFO | Query 20 Active Learning Instance Cost: 4695803.56
2024-06-04 19:58 | INFO | Query 21 Size of the uncertainty table is = 1006/11988
2024-06-04 19:58 | INFO | Query 21 Size of the filtered table is = 120
2024-06-04 19:59 | INFO | Query 21 Active Learning Runtime on Validation Set: 481833.67
2024-06-04 19:59 | INFO | Query 21 Active Learning Runtime on Test Set: 159010.97
2024-06-04 19:59 | INFO | Query 21 Active Learning Instance Cost: 4880693.38
2024-06-04 19:59 | INFO | Timeout limit is increased to 3600
2024-06-04 19:59 | INFO | Query 22 Size of the uncertainty table is = 291/11988
2024-06-04 19:59 | INFO | Query 22 Size of the filtered table is = 120
2024-06-04 20:00 | INFO | Query 22 Active Learning Runtime on Validation Set: 481760.79
2024-06-04 20:00 | INFO | Query 22 Active Learning Runtime on Test Set: 159018.87
2024-06-04 20:00 | INFO | Query 22 Active Learning Instance Cost: 4958058.04
2024-06-04 20:00 | INFO | runtime_test_score is written as json file
2024-06-04 20:00 | INFO | runtime_validation_score is written as json file
2024-06-04 20:00 | INFO | instance_cost is written as json file
2024-06-04 20:00 | INFO | Experiment is finished
