2025-02-11 03:09 | INFO | Paramaters are: {'dataset': 'CSP-2010', 'penalty': 10, 'weight': 'No_Weight', 'voting': 'Hard', 'pre_selection_size': 64, 'pre_selection_technique': 'No_pre_selection', 'feature_elimination_threshold': 20, 'imputer_strategy': 'median', 'feature_selection_technique': 'No_feature_selection', 'feature_scaling_technique': 'StandardScaler', 'initial_train_size': 20, 'query_size': 1, 'timeout_predictor_usage': 'No', 'pareto_features': {'Uncertainty': 'max', 'PredDiff': 'max', 'PredCost': 'min'}, 'timeout_limit': 3600, 'timeout_increase_rate': 100, 'penalty_type': 'Only-timeout-penalty', 'RANDOM_STATE_SEED': 7, 'n_splits': 10, 'split_number': 5, 'max_timeout': 3600, 'param_grid': {'n_estimators': 100, 'max_features': 'sqrt', 'max_depth': 2147483648, 'min_samples_split': 2, 'bootstrap': True}}
2025-02-11 03:09 | INFO | CSP-2010 is current dataset
2025-02-11 03:09 | INFO | DATASETS/CSP-2010/algorithm_runs.csv is found
2025-02-11 03:09 | INFO | DATASETS/CSP-2010/algorithm_runs.csv is finished
2025-02-11 03:09 | INFO | DATASETS/CSP-2010/feature_values.csv is found
2025-02-11 03:09 | INFO | DATASETS/CSP-2010/feature_values.csv is finished
2025-02-11 03:09 | INFO | Virtual best solver time in train = 67150.38
2025-02-11 03:09 | INFO | Single best solver list train = {'learning': 3100271.96, 'standard': 1204798.45}
2025-02-11 03:09 | INFO | Single best solver time train = standard (1204798.45)
2025-02-11 03:09 | INFO | Virtual best solver time in validation = 93797.41
2025-02-11 03:09 | INFO | Single best solver list validation = {'learning': 4987317.5, 'standard': 98281.82}
2025-02-11 03:09 | INFO | Single best solver time validation = standard (98281.82)
2025-02-11 03:09 | INFO | Virtual best solver time in test = 22485.56
2025-02-11 03:09 | INFO | Single best solver list test = {'learning': 1251564.78, 'standard': 94184.14}
2025-02-11 03:09 | INFO | Single best solver time test = standard (94184.14)
2025-02-11 03:09 | INFO | Training Time Passive Learning Classifier: 0.25 seconds
2025-02-11 03:09 | INFO | Training Time Passive Learning Regressor: 0.75 seconds
2025-02-11 03:09 | INFO | Passive Learning Classifier Runtime on Validation Set: 98281.82
2025-02-11 03:09 | INFO | Passive Learning Classifier Runtime on Test Set: 89511.52
2025-02-11 03:09 | INFO | Passive Learning Instance Cost: 643870.41
2025-02-11 03:09 | INFO | Passive Learning Emissions: 2.6749485760822897e-05
2025-02-11 03:09 | INFO | Passive Learning Energy Consumption: 2.9104123573051766e-05 kWh
2025-02-11 03:09 | INFO | Training Time Active Learning Classifier: 0.05 seconds
2025-02-11 03:09 | INFO | Training Time Active Learning Regressor: 0.09 seconds
2025-02-11 03:09 | INFO | Initial Active Learning Runtime on Validation Set: 98281.82
2025-02-11 03:09 | INFO | Initial Active Learning Runtime on Test Set: 125462.23
2025-02-11 03:09 | INFO | Initial Active Learning Instance Cost: 15218.13
2025-02-11 03:09 | INFO | Bin size = 12
2025-02-11 03:09 | INFO | Query 1 Size of the uncertainty table is = 1200/1200
2025-02-11 03:09 | INFO | Query 1 Size of the filtered table is = 199
2025-02-11 03:09 | INFO | Training Time Active Learning Classifier: 0.05 seconds
2025-02-11 03:09 | INFO | Training Time Active Learning Regressor: 0.11 seconds
2025-02-11 03:09 | INFO | Query 1 Active Learning Runtime on Validation Set: 98281.82
2025-02-11 03:09 | INFO | Query 1 Active Learning Runtime on Test Set: 125543.02
2025-02-11 03:09 | INFO | Query 1 Active Learning Instance Cost: 26380.69
2025-02-11 03:09 | INFO | Timeout limit is increased to 3600
2025-02-11 03:09 | INFO | Query 2 Size of the uncertainty table is = 1188/1200
2025-02-11 03:09 | INFO | Query 2 Size of the filtered table is = 214
2025-02-11 03:09 | INFO | Training Time Active Learning Classifier: 0.06 seconds
2025-02-11 03:09 | INFO | Training Time Active Learning Regressor: 0.1 seconds
2025-02-11 03:09 | INFO | Query 2 Active Learning Runtime on Validation Set: 98281.82
2025-02-11 03:09 | INFO | Query 2 Active Learning Runtime on Test Set: 89671.73
2025-02-11 03:09 | INFO | Query 2 Active Learning Instance Cost: 30339.77
2025-02-11 03:09 | INFO | Timeout limit is increased to 3600
2025-02-11 03:09 | INFO | Query 3 Size of the uncertainty table is = 1176/1200
2025-02-11 03:09 | INFO | Query 3 Size of the filtered table is = 240
2025-02-11 03:09 | INFO | Training Time Active Learning Classifier: 0.06 seconds
2025-02-11 03:09 | INFO | Training Time Active Learning Regressor: 0.12 seconds
2025-02-11 03:09 | INFO | Query 3 Active Learning Runtime on Validation Set: 98281.82
2025-02-11 03:09 | INFO | Query 3 Active Learning Runtime on Test Set: 89672.78
2025-02-11 03:09 | INFO | Query 3 Active Learning Instance Cost: 35064.09
2025-02-11 03:09 | INFO | Timeout limit is increased to 3600
2025-02-11 03:09 | INFO | Query 4 Size of the uncertainty table is = 1164/1200
2025-02-11 03:09 | INFO | Query 4 Size of the filtered table is = 243
2025-02-11 03:09 | INFO | Training Time Active Learning Classifier: 0.06 seconds
2025-02-11 03:09 | INFO | Training Time Active Learning Regressor: 0.12 seconds
2025-02-11 03:09 | INFO | Query 4 Active Learning Runtime on Validation Set: 98281.82
2025-02-11 03:09 | INFO | Query 4 Active Learning Runtime on Test Set: 89673.01
2025-02-11 03:09 | INFO | Query 4 Active Learning Instance Cost: 40329.44
2025-02-11 03:09 | INFO | Timeout limit is increased to 3600
2025-02-11 03:09 | INFO | Query 5 Size of the uncertainty table is = 1152/1200
2025-02-11 03:09 | INFO | Query 5 Size of the filtered table is = 264
2025-02-11 03:09 | INFO | Training Time Active Learning Classifier: 0.06 seconds
2025-02-11 03:09 | INFO | Training Time Active Learning Regressor: 0.12 seconds
2025-02-11 03:09 | INFO | Query 5 Active Learning Runtime on Validation Set: 98281.82
2025-02-11 03:09 | INFO | Query 5 Active Learning Runtime on Test Set: 89673.07
2025-02-11 03:09 | INFO | Query 5 Active Learning Instance Cost: 43952.92
2025-02-11 03:09 | INFO | Timeout limit is increased to 3600
2025-02-11 03:09 | INFO | Query 6 Size of the uncertainty table is = 1140/1200
2025-02-11 03:09 | INFO | Query 6 Size of the filtered table is = 283
2025-02-11 03:09 | INFO | Training Time Active Learning Classifier: 0.06 seconds
2025-02-11 03:09 | INFO | Training Time Active Learning Regressor: 0.12 seconds
2025-02-11 03:09 | INFO | Query 6 Active Learning Runtime on Validation Set: 98281.83
2025-02-11 03:09 | INFO | Query 6 Active Learning Runtime on Test Set: 53672.85
2025-02-11 03:09 | INFO | Query 6 Active Learning Instance Cost: 58286.91
2025-02-11 03:09 | INFO | Timeout limit is increased to 3600
2025-02-11 03:09 | INFO | Query 7 Size of the uncertainty table is = 1128/1200
2025-02-11 03:09 | INFO | Query 7 Size of the filtered table is = 284
2025-02-11 03:09 | INFO | Training Time Active Learning Classifier: 0.06 seconds
2025-02-11 03:09 | INFO | Training Time Active Learning Regressor: 0.13 seconds
2025-02-11 03:09 | INFO | Query 7 Active Learning Runtime on Validation Set: 98281.82
2025-02-11 03:09 | INFO | Query 7 Active Learning Runtime on Test Set: 89672.76
2025-02-11 03:09 | INFO | Query 7 Active Learning Instance Cost: 65825.65
2025-02-11 03:09 | INFO | Query 8 Size of the uncertainty table is = 1116/1200
2025-02-11 03:09 | INFO | Query 8 Size of the filtered table is = 305
2025-02-11 03:09 | INFO | Training Time Active Learning Classifier: 0.06 seconds
2025-02-11 03:09 | INFO | Training Time Active Learning Regressor: 0.14 seconds
2025-02-11 03:09 | INFO | Query 8 Active Learning Runtime on Validation Set: 98281.82
2025-02-11 03:09 | INFO | Query 8 Active Learning Runtime on Test Set: 53672.84
2025-02-11 03:09 | INFO | Query 8 Active Learning Instance Cost: 70957.27
2025-02-11 03:09 | INFO | Timeout limit is increased to 3600
2025-02-11 03:09 | INFO | Query 9 Size of the uncertainty table is = 1104/1200
2025-02-11 03:09 | INFO | Query 9 Size of the filtered table is = 350
2025-02-11 03:09 | INFO | Training Time Active Learning Classifier: 0.07 seconds
2025-02-11 03:09 | INFO | Training Time Active Learning Regressor: 0.14 seconds
2025-02-11 03:09 | INFO | Query 9 Active Learning Runtime on Validation Set: 98281.83
2025-02-11 03:09 | INFO | Query 9 Active Learning Runtime on Test Set: 53672.87
2025-02-11 03:09 | INFO | Query 9 Active Learning Instance Cost: 78237.03
2025-02-11 03:09 | INFO | Timeout limit is increased to 3600
2025-02-11 03:09 | INFO | Query 10 Size of the uncertainty table is = 1092/1200
2025-02-11 03:09 | INFO | Query 10 Size of the filtered table is = 311
2025-02-11 03:09 | INFO | Training Time Active Learning Classifier: 0.07 seconds
2025-02-11 03:09 | INFO | Training Time Active Learning Regressor: 0.15 seconds
2025-02-11 03:09 | INFO | Query 10 Active Learning Runtime on Validation Set: 98281.82
2025-02-11 03:09 | INFO | Query 10 Active Learning Runtime on Test Set: 53672.87
2025-02-11 03:09 | INFO | Query 10 Active Learning Instance Cost: 90621.14
2025-02-11 03:09 | INFO | Query 11 Size of the uncertainty table is = 1080/1200
2025-02-11 03:09 | INFO | Query 11 Size of the filtered table is = 328
2025-02-11 03:09 | INFO | Training Time Active Learning Classifier: 0.07 seconds
2025-02-11 03:09 | INFO | Training Time Active Learning Regressor: 0.15 seconds
2025-02-11 03:09 | INFO | Query 11 Active Learning Runtime on Validation Set: 98281.82
2025-02-11 03:09 | INFO | Query 11 Active Learning Runtime on Test Set: 53672.92
2025-02-11 03:09 | INFO | Query 11 Active Learning Instance Cost: 102093.73
2025-02-11 03:09 | INFO | Timeout limit is increased to 3600
2025-02-11 03:09 | INFO | Query 12 Size of the uncertainty table is = 1068/1200
2025-02-11 03:09 | INFO | Query 12 Size of the filtered table is = 341
2025-02-11 03:09 | INFO | Training Time Active Learning Classifier: 0.07 seconds
2025-02-11 03:09 | INFO | Training Time Active Learning Regressor: 0.16 seconds
2025-02-11 03:09 | INFO | Query 12 Active Learning Runtime on Validation Set: 98281.83
2025-02-11 03:09 | INFO | Query 12 Active Learning Runtime on Test Set: 53672.87
2025-02-11 03:09 | INFO | Query 12 Active Learning Instance Cost: 105987.34
2025-02-11 03:09 | INFO | Timeout limit is increased to 3600
2025-02-11 03:09 | INFO | Query 13 Size of the uncertainty table is = 1056/1200
2025-02-11 03:09 | INFO | Query 13 Size of the filtered table is = 292
2025-02-11 03:09 | INFO | Training Time Active Learning Classifier: 0.07 seconds
2025-02-11 03:09 | INFO | Training Time Active Learning Regressor: 0.16 seconds
2025-02-11 03:09 | INFO | Query 13 Active Learning Runtime on Validation Set: 98281.83
2025-02-11 03:09 | INFO | Query 13 Active Learning Runtime on Test Set: 53672.92
2025-02-11 03:09 | INFO | Query 13 Active Learning Instance Cost: 122648.92
2025-02-11 03:09 | INFO | Timeout limit is increased to 3600
2025-02-11 03:09 | INFO | Query 14 Size of the uncertainty table is = 1044/1200
2025-02-11 03:09 | INFO | Query 14 Size of the filtered table is = 296
2025-02-11 03:09 | INFO | Training Time Active Learning Classifier: 0.07 seconds
2025-02-11 03:09 | INFO | Training Time Active Learning Regressor: 0.17 seconds
2025-02-11 03:09 | INFO | Query 14 Active Learning Runtime on Validation Set: 93830.71
2025-02-11 03:09 | INFO | Query 14 Active Learning Runtime on Test Set: 53672.87
2025-02-11 03:09 | INFO | Query 14 Active Learning Instance Cost: 122660.72
2025-02-11 03:09 | INFO | Query 15 Size of the uncertainty table is = 1032/1200
2025-02-11 03:09 | INFO | Query 15 Size of the filtered table is = 313
2025-02-11 03:09 | INFO | Training Time Active Learning Classifier: 0.07 seconds
2025-02-11 03:09 | INFO | Training Time Active Learning Regressor: 0.17 seconds
2025-02-11 03:09 | INFO | Query 15 Active Learning Runtime on Validation Set: 93830.71
2025-02-11 03:09 | INFO | Query 15 Active Learning Runtime on Test Set: 53672.82
2025-02-11 03:09 | INFO | Query 15 Active Learning Instance Cost: 137052.76
2025-02-11 03:09 | INFO | Timeout limit is increased to 3600
2025-02-11 03:09 | INFO | Query 16 Size of the uncertainty table is = 1020/1200
2025-02-11 03:09 | INFO | Query 16 Size of the filtered table is = 327
2025-02-11 03:09 | INFO | Training Time Active Learning Classifier: 0.08 seconds
2025-02-11 03:09 | INFO | Training Time Active Learning Regressor: 0.18 seconds
2025-02-11 03:09 | INFO | Query 16 Active Learning Runtime on Validation Set: 98281.82
2025-02-11 03:09 | INFO | Query 16 Active Learning Runtime on Test Set: 53672.85
2025-02-11 03:09 | INFO | Query 16 Active Learning Instance Cost: 148065.59
2025-02-11 03:09 | INFO | Timeout limit is increased to 3600
2025-02-11 03:09 | INFO | Query 17 Size of the uncertainty table is = 1008/1200
2025-02-11 03:09 | INFO | Query 17 Size of the filtered table is = 311
2025-02-11 03:09 | INFO | Training Time Active Learning Classifier: 0.08 seconds
2025-02-11 03:09 | INFO | Training Time Active Learning Regressor: 0.18 seconds
2025-02-11 03:09 | INFO | Query 17 Active Learning Runtime on Validation Set: 98281.82
2025-02-11 03:09 | INFO | Query 17 Active Learning Runtime on Test Set: 53672.84
2025-02-11 03:09 | INFO | Query 17 Active Learning Instance Cost: 148343.94
2025-02-11 03:09 | INFO | Timeout limit is increased to 3600
2025-02-11 03:09 | INFO | Query 18 Size of the uncertainty table is = 996/1200
2025-02-11 03:09 | INFO | Query 18 Size of the filtered table is = 279
2025-02-11 03:09 | INFO | Training Time Active Learning Classifier: 0.08 seconds
2025-02-11 03:09 | INFO | Training Time Active Learning Regressor: 0.19 seconds
2025-02-11 03:09 | INFO | Query 18 Active Learning Runtime on Validation Set: 102996.63
2025-02-11 03:09 | INFO | Query 18 Active Learning Runtime on Test Set: 89684.76
2025-02-11 03:09 | INFO | Query 18 Active Learning Instance Cost: 159230.18
2025-02-11 03:09 | INFO | Timeout limit is increased to 3600
2025-02-11 03:09 | INFO | Query 19 Size of the uncertainty table is = 984/1200
2025-02-11 03:09 | INFO | Query 19 Size of the filtered table is = 285
2025-02-11 03:09 | INFO | Training Time Active Learning Classifier: 0.08 seconds
2025-02-11 03:09 | INFO | Training Time Active Learning Regressor: 0.2 seconds
2025-02-11 03:09 | INFO | Query 19 Active Learning Runtime on Validation Set: 102996.63
2025-02-11 03:09 | INFO | Query 19 Active Learning Runtime on Test Set: 89684.59
2025-02-11 03:09 | INFO | Query 19 Active Learning Instance Cost: 163315.13
2025-02-11 03:09 | INFO | Timeout limit is increased to 3600
2025-02-11 03:09 | INFO | Query 20 Size of the uncertainty table is = 972/1200
2025-02-11 03:09 | INFO | Query 20 Size of the filtered table is = 265
2025-02-11 03:09 | INFO | Training Time Active Learning Classifier: 0.08 seconds
2025-02-11 03:09 | INFO | Training Time Active Learning Regressor: 0.2 seconds
2025-02-11 03:09 | INFO | Query 20 Active Learning Runtime on Validation Set: 102996.63
2025-02-11 03:09 | INFO | Query 20 Active Learning Runtime on Test Set: 89684.62
2025-02-11 03:09 | INFO | Query 20 Active Learning Instance Cost: 174279.49
2025-02-11 03:09 | INFO | Timeout limit is increased to 3600
2025-02-11 03:09 | INFO | Query 21 Size of the uncertainty table is = 960/1200
2025-02-11 03:09 | INFO | Query 21 Size of the filtered table is = 270
2025-02-11 03:09 | INFO | Training Time Active Learning Classifier: 0.08 seconds
2025-02-11 03:09 | INFO | Training Time Active Learning Regressor: 0.21 seconds
2025-02-11 03:09 | INFO | Query 21 Active Learning Runtime on Validation Set: 102996.63
2025-02-11 03:09 | INFO | Query 21 Active Learning Runtime on Test Set: 89684.62
2025-02-11 03:09 | INFO | Query 21 Active Learning Instance Cost: 185243.64
2025-02-11 03:09 | INFO | Timeout limit is increased to 3600
2025-02-11 03:09 | INFO | Query 22 Size of the uncertainty table is = 948/1200
2025-02-11 03:09 | INFO | Query 22 Size of the filtered table is = 276
2025-02-11 03:09 | INFO | Training Time Active Learning Classifier: 0.09 seconds
2025-02-11 03:09 | INFO | Training Time Active Learning Regressor: 0.22 seconds
2025-02-11 03:09 | INFO | Query 22 Active Learning Runtime on Validation Set: 105362.44
2025-02-11 03:09 | INFO | Query 22 Active Learning Runtime on Test Set: 89684.6
2025-02-11 03:09 | INFO | Query 22 Active Learning Instance Cost: 194984.7
2025-02-11 03:09 | INFO | Timeout limit is increased to 3600
2025-02-11 03:09 | INFO | Query 23 Size of the uncertainty table is = 936/1200
2025-02-11 03:09 | INFO | Query 23 Size of the filtered table is = 264
2025-02-11 03:09 | INFO | Training Time Active Learning Classifier: 0.09 seconds
2025-02-11 03:09 | INFO | Training Time Active Learning Regressor: 0.22 seconds
2025-02-11 03:09 | INFO | Query 23 Active Learning Runtime on Validation Set: 102996.63
2025-02-11 03:09 | INFO | Query 23 Active Learning Runtime on Test Set: 89684.6
2025-02-11 03:09 | INFO | Query 23 Active Learning Instance Cost: 206017.76
2025-02-11 03:09 | INFO | Query 24 Size of the uncertainty table is = 924/1200
2025-02-11 03:09 | INFO | Query 24 Size of the filtered table is = 260
2025-02-11 03:09 | INFO | Training Time Active Learning Classifier: 0.09 seconds
2025-02-11 03:09 | INFO | Training Time Active Learning Regressor: 0.23 seconds
2025-02-11 03:10 | INFO | Query 24 Active Learning Runtime on Validation Set: 102996.63
2025-02-11 03:10 | INFO | Query 24 Active Learning Runtime on Test Set: 89632.37
2025-02-11 03:10 | INFO | Query 24 Active Learning Instance Cost: 213290.67
2025-02-11 03:10 | INFO | Timeout limit is increased to 3600
2025-02-11 03:10 | INFO | Query 25 Size of the uncertainty table is = 912/1200
2025-02-11 03:10 | INFO | Query 25 Size of the filtered table is = 288
2025-02-11 03:10 | INFO | Training Time Active Learning Classifier: 0.09 seconds
2025-02-11 03:10 | INFO | Training Time Active Learning Regressor: 0.23 seconds
2025-02-11 03:10 | INFO | Query 25 Active Learning Runtime on Validation Set: 102996.63
2025-02-11 03:10 | INFO | Query 25 Active Learning Runtime on Test Set: 89684.6
2025-02-11 03:10 | INFO | Query 25 Active Learning Instance Cost: 218729.18
2025-02-11 03:10 | INFO | Timeout limit is increased to 3600
2025-02-11 03:10 | INFO | Query 26 Size of the uncertainty table is = 900/1200
2025-02-11 03:10 | INFO | Query 26 Size of the filtered table is = 272
2025-02-11 03:10 | INFO | Training Time Active Learning Classifier: 0.09 seconds
2025-02-11 03:10 | INFO | Training Time Active Learning Regressor: 0.23 seconds
2025-02-11 03:10 | INFO | Query 26 Active Learning Runtime on Validation Set: 102996.63
2025-02-11 03:10 | INFO | Query 26 Active Learning Runtime on Test Set: 89684.6
2025-02-11 03:10 | INFO | Query 26 Active Learning Instance Cost: 230848.88
2025-02-11 03:10 | INFO | Timeout limit is increased to 3600
2025-02-11 03:10 | INFO | Query 27 Size of the uncertainty table is = 888/1200
2025-02-11 03:10 | INFO | Query 27 Size of the filtered table is = 258
2025-02-11 03:10 | INFO | Training Time Active Learning Classifier: 0.09 seconds
2025-02-11 03:10 | INFO | Training Time Active Learning Regressor: 0.24 seconds
2025-02-11 03:10 | INFO | Query 27 Active Learning Runtime on Validation Set: 98545.52
2025-02-11 03:10 | INFO | Query 27 Active Learning Runtime on Test Set: 89684.6
2025-02-11 03:10 | INFO | Query 27 Active Learning Instance Cost: 239574.34
2025-02-11 03:10 | INFO | Query 28 Size of the uncertainty table is = 876/1200
2025-02-11 03:10 | INFO | Query 28 Size of the filtered table is = 238
2025-02-11 03:10 | INFO | Training Time Active Learning Classifier: 0.09 seconds
2025-02-11 03:10 | INFO | Training Time Active Learning Regressor: 0.25 seconds
2025-02-11 03:10 | INFO | Query 28 Active Learning Runtime on Validation Set: 98545.52
2025-02-11 03:10 | INFO | Query 28 Active Learning Runtime on Test Set: 89684.6
2025-02-11 03:10 | INFO | Query 28 Active Learning Instance Cost: 254156.01
2025-02-11 03:10 | INFO | Timeout limit is increased to 3600
2025-02-11 03:10 | INFO | Query 29 Size of the uncertainty table is = 864/1200
2025-02-11 03:10 | INFO | Query 29 Size of the filtered table is = 263
2025-02-11 03:10 | INFO | Training Time Active Learning Classifier: 0.1 seconds
2025-02-11 03:10 | INFO | Training Time Active Learning Regressor: 0.25 seconds
2025-02-11 03:10 | INFO | Query 29 Active Learning Runtime on Validation Set: 102996.63
2025-02-11 03:10 | INFO | Query 29 Active Learning Runtime on Test Set: 89684.6
2025-02-11 03:10 | INFO | Query 29 Active Learning Instance Cost: 258124.61
2025-02-11 03:10 | INFO | Timeout limit is increased to 3600
2025-02-11 03:10 | INFO | Query 30 Size of the uncertainty table is = 852/1200
2025-02-11 03:10 | INFO | Query 30 Size of the filtered table is = 261
2025-02-11 03:10 | INFO | Training Time Active Learning Classifier: 0.1 seconds
2025-02-11 03:10 | INFO | Training Time Active Learning Regressor: 0.26 seconds
2025-02-11 03:10 | INFO | Query 30 Active Learning Runtime on Validation Set: 93958.64
2025-02-11 03:10 | INFO | Query 30 Active Learning Runtime on Test Set: 53672.95
2025-02-11 03:10 | INFO | Query 30 Active Learning Instance Cost: 261777.9
2025-02-11 03:10 | INFO | Query 31 Size of the uncertainty table is = 840/1200
2025-02-11 03:10 | INFO | Query 31 Size of the filtered table is = 233
2025-02-11 03:10 | INFO | Training Time Active Learning Classifier: 0.1 seconds
2025-02-11 03:10 | INFO | Training Time Active Learning Regressor: 0.26 seconds
2025-02-11 03:10 | INFO | Query 31 Active Learning Runtime on Validation Set: 98291.66
2025-02-11 03:10 | INFO | Query 31 Active Learning Runtime on Test Set: 53672.91
2025-02-11 03:10 | INFO | Query 31 Active Learning Instance Cost: 274647.42
2025-02-11 03:10 | INFO | Timeout limit is increased to 3600
2025-02-11 03:10 | INFO | Query 32 Size of the uncertainty table is = 828/1200
2025-02-11 03:10 | INFO | Query 32 Size of the filtered table is = 252
2025-02-11 03:10 | INFO | Training Time Active Learning Classifier: 0.1 seconds
2025-02-11 03:10 | INFO | Training Time Active Learning Regressor: 0.27 seconds
2025-02-11 03:10 | INFO | Query 32 Active Learning Runtime on Validation Set: 98281.82
2025-02-11 03:10 | INFO | Query 32 Active Learning Runtime on Test Set: 53672.91
2025-02-11 03:10 | INFO | Query 32 Active Learning Instance Cost: 293880.59
2025-02-11 03:10 | INFO | Query 33 Size of the uncertainty table is = 816/1200
2025-02-11 03:10 | INFO | Query 33 Size of the filtered table is = 243
2025-02-11 03:10 | INFO | Training Time Active Learning Classifier: 0.1 seconds
2025-02-11 03:10 | INFO | Training Time Active Learning Regressor: 0.27 seconds
2025-02-11 03:10 | INFO | Query 33 Active Learning Runtime on Validation Set: 98281.82
2025-02-11 03:10 | INFO | Query 33 Active Learning Runtime on Test Set: 53672.9
2025-02-11 03:10 | INFO | Query 33 Active Learning Instance Cost: 297439.42
2025-02-11 03:10 | INFO | Timeout limit is increased to 3600
2025-02-11 03:10 | INFO | Query 34 Size of the uncertainty table is = 804/1200
2025-02-11 03:10 | INFO | Query 34 Size of the filtered table is = 223
2025-02-11 03:10 | INFO | Training Time Active Learning Classifier: 0.11 seconds
2025-02-11 03:10 | INFO | Training Time Active Learning Regressor: 0.28 seconds
2025-02-11 03:10 | INFO | Query 34 Active Learning Runtime on Validation Set: 98281.82
2025-02-11 03:10 | INFO | Query 34 Active Learning Runtime on Test Set: 53672.9
2025-02-11 03:10 | INFO | Query 34 Active Learning Instance Cost: 301840.89
2025-02-11 03:10 | INFO | Timeout limit is increased to 3600
2025-02-11 03:10 | INFO | Query 35 Size of the uncertainty table is = 792/1200
2025-02-11 03:10 | INFO | Query 35 Size of the filtered table is = 228
2025-02-11 03:10 | INFO | Training Time Active Learning Classifier: 0.11 seconds
2025-02-11 03:10 | INFO | Training Time Active Learning Regressor: 0.28 seconds
2025-02-11 03:10 | INFO | Query 35 Active Learning Runtime on Validation Set: 98281.82
2025-02-11 03:10 | INFO | Query 35 Active Learning Runtime on Test Set: 53672.93
2025-02-11 03:10 | INFO | Query 35 Active Learning Instance Cost: 309470.74
2025-02-11 03:10 | INFO | Timeout limit is increased to 3600
2025-02-11 03:10 | INFO | Query 36 Size of the uncertainty table is = 780/1200
2025-02-11 03:10 | INFO | Query 36 Size of the filtered table is = 251
2025-02-11 03:10 | INFO | Training Time Active Learning Classifier: 0.11 seconds
2025-02-11 03:10 | INFO | Training Time Active Learning Regressor: 0.29 seconds
2025-02-11 03:10 | INFO | Query 36 Active Learning Runtime on Validation Set: 98281.82
2025-02-11 03:10 | INFO | Query 36 Active Learning Runtime on Test Set: 53672.92
2025-02-11 03:10 | INFO | Query 36 Active Learning Instance Cost: 309871.95
2025-02-11 03:10 | INFO | Timeout limit is increased to 3600
2025-02-11 03:10 | INFO | Query 37 Size of the uncertainty table is = 768/1200
2025-02-11 03:10 | INFO | Query 37 Size of the filtered table is = 253
2025-02-11 03:10 | INFO | Training Time Active Learning Classifier: 0.11 seconds
2025-02-11 03:10 | INFO | Training Time Active Learning Regressor: 0.3 seconds
2025-02-11 03:10 | INFO | Query 37 Active Learning Runtime on Validation Set: 98281.82
2025-02-11 03:10 | INFO | Query 37 Active Learning Runtime on Test Set: 53672.92
2025-02-11 03:10 | INFO | Query 37 Active Learning Instance Cost: 313804.91
2025-02-11 03:10 | INFO | Timeout limit is increased to 3600
2025-02-11 03:10 | INFO | Query 38 Size of the uncertainty table is = 756/1200
2025-02-11 03:10 | INFO | Query 38 Size of the filtered table is = 229
2025-02-11 03:10 | INFO | Training Time Active Learning Classifier: 0.11 seconds
2025-02-11 03:10 | INFO | Training Time Active Learning Regressor: 0.3 seconds
2025-02-11 03:10 | INFO | Query 38 Active Learning Runtime on Validation Set: 98281.82
2025-02-11 03:10 | INFO | Query 38 Active Learning Runtime on Test Set: 53672.92
2025-02-11 03:10 | INFO | Query 38 Active Learning Instance Cost: 330982.7
2025-02-11 03:10 | INFO | Timeout limit is increased to 3600
2025-02-11 03:10 | INFO | Query 39 Size of the uncertainty table is = 744/1200
2025-02-11 03:10 | INFO | Query 39 Size of the filtered table is = 230
2025-02-11 03:10 | INFO | Training Time Active Learning Classifier: 0.12 seconds
2025-02-11 03:10 | INFO | Training Time Active Learning Regressor: 0.31 seconds
2025-02-11 03:10 | INFO | Query 39 Active Learning Runtime on Validation Set: 98281.82
2025-02-11 03:10 | INFO | Query 39 Active Learning Runtime on Test Set: 53672.92
2025-02-11 03:10 | INFO | Query 39 Active Learning Instance Cost: 339755.16
2025-02-11 03:10 | INFO | Timeout limit is increased to 3600
2025-02-11 03:10 | INFO | Query 40 Size of the uncertainty table is = 732/1200
2025-02-11 03:10 | INFO | Query 40 Size of the filtered table is = 222
2025-02-11 03:10 | INFO | Training Time Active Learning Classifier: 0.12 seconds
2025-02-11 03:10 | INFO | Training Time Active Learning Regressor: 0.32 seconds
2025-02-11 03:10 | INFO | Query 40 Active Learning Runtime on Validation Set: 98281.82
2025-02-11 03:10 | INFO | Query 40 Active Learning Runtime on Test Set: 53672.92
2025-02-11 03:10 | INFO | Query 40 Active Learning Instance Cost: 349644.22
2025-02-11 03:10 | INFO | Timeout limit is increased to 3600
2025-02-11 03:10 | INFO | Query 41 Size of the uncertainty table is = 720/1200
2025-02-11 03:10 | INFO | Query 41 Size of the filtered table is = 250
2025-02-11 03:10 | INFO | Training Time Active Learning Classifier: 0.12 seconds
2025-02-11 03:10 | INFO | Training Time Active Learning Regressor: 0.32 seconds
2025-02-11 03:10 | INFO | Query 41 Active Learning Runtime on Validation Set: 98281.82
2025-02-11 03:10 | INFO | Query 41 Active Learning Runtime on Test Set: 53672.92
2025-02-11 03:10 | INFO | Query 41 Active Learning Instance Cost: 349660.98
2025-02-11 03:10 | INFO | Timeout limit is increased to 3600
2025-02-11 03:10 | INFO | Query 42 Size of the uncertainty table is = 708/1200
2025-02-11 03:10 | INFO | Query 42 Size of the filtered table is = 192
2025-02-11 03:10 | INFO | Training Time Active Learning Classifier: 0.12 seconds
2025-02-11 03:10 | INFO | Training Time Active Learning Regressor: 0.34 seconds
2025-02-11 03:10 | INFO | Query 42 Active Learning Runtime on Validation Set: 98281.82
2025-02-11 03:10 | INFO | Query 42 Active Learning Runtime on Test Set: 53672.9
2025-02-11 03:10 | INFO | Query 42 Active Learning Instance Cost: 358385.28
2025-02-11 03:10 | INFO | Timeout limit is increased to 3600
2025-02-11 03:10 | INFO | Query 43 Size of the uncertainty table is = 696/1200
2025-02-11 03:10 | INFO | Query 43 Size of the filtered table is = 205
2025-02-11 03:10 | INFO | Training Time Active Learning Classifier: 0.12 seconds
2025-02-11 03:10 | INFO | Training Time Active Learning Regressor: 0.34 seconds
2025-02-11 03:10 | INFO | Query 43 Active Learning Runtime on Validation Set: 98281.82
2025-02-11 03:10 | INFO | Query 43 Active Learning Runtime on Test Set: 53672.85
2025-02-11 03:10 | INFO | Query 43 Active Learning Instance Cost: 365695.76
2025-02-11 03:10 | INFO | Timeout limit is increased to 3600
2025-02-11 03:10 | INFO | Query 44 Size of the uncertainty table is = 684/1200
2025-02-11 03:10 | INFO | Query 44 Size of the filtered table is = 195
2025-02-11 03:10 | INFO | Training Time Active Learning Classifier: 0.13 seconds
2025-02-11 03:10 | INFO | Training Time Active Learning Regressor: 0.34 seconds
2025-02-11 03:10 | INFO | Query 44 Active Learning Runtime on Validation Set: 98281.82
2025-02-11 03:10 | INFO | Query 44 Active Learning Runtime on Test Set: 53672.85
2025-02-11 03:10 | INFO | Query 44 Active Learning Instance Cost: 369687.85
2025-02-11 03:10 | INFO | Timeout limit is increased to 3600
2025-02-11 03:10 | INFO | Query 45 Size of the uncertainty table is = 672/1200
2025-02-11 03:10 | INFO | Query 45 Size of the filtered table is = 196
2025-02-11 03:10 | INFO | Training Time Active Learning Classifier: 0.13 seconds
2025-02-11 03:10 | INFO | Training Time Active Learning Regressor: 0.35 seconds
2025-02-11 03:10 | INFO | Query 45 Active Learning Runtime on Validation Set: 98281.82
2025-02-11 03:10 | INFO | Query 45 Active Learning Runtime on Test Set: 53672.8
2025-02-11 03:10 | INFO | Query 45 Active Learning Instance Cost: 387969.22
2025-02-11 03:10 | INFO | Timeout limit is increased to 3600
2025-02-11 03:10 | INFO | Query 46 Size of the uncertainty table is = 660/1200
2025-02-11 03:10 | INFO | Query 46 Size of the filtered table is = 200
2025-02-11 03:10 | INFO | Training Time Active Learning Classifier: 0.13 seconds
2025-02-11 03:10 | INFO | Training Time Active Learning Regressor: 0.36 seconds
2025-02-11 03:10 | INFO | Query 46 Active Learning Runtime on Validation Set: 98281.82
2025-02-11 03:10 | INFO | Query 46 Active Learning Runtime on Test Set: 53660.08
2025-02-11 03:10 | INFO | Query 46 Active Learning Instance Cost: 395528.42
2025-02-11 03:10 | INFO | Timeout limit is increased to 3600
2025-02-11 03:10 | INFO | Query 47 Size of the uncertainty table is = 648/1200
2025-02-11 03:10 | INFO | Query 47 Size of the filtered table is = 193
2025-02-11 03:10 | INFO | Training Time Active Learning Classifier: 0.13 seconds
2025-02-11 03:10 | INFO | Training Time Active Learning Regressor: 0.37 seconds
2025-02-11 03:10 | INFO | Query 47 Active Learning Runtime on Validation Set: 98281.82
2025-02-11 03:10 | INFO | Query 47 Active Learning Runtime on Test Set: 53672.62
2025-02-11 03:10 | INFO | Query 47 Active Learning Instance Cost: 397553.87
2025-02-11 03:10 | INFO | Timeout limit is increased to 3600
2025-02-11 03:10 | INFO | Query 48 Size of the uncertainty table is = 636/1200
2025-02-11 03:10 | INFO | Query 48 Size of the filtered table is = 170
2025-02-11 03:10 | INFO | Training Time Active Learning Classifier: 0.13 seconds
2025-02-11 03:10 | INFO | Training Time Active Learning Regressor: 0.37 seconds
2025-02-11 03:10 | INFO | Query 48 Active Learning Runtime on Validation Set: 98281.82
2025-02-11 03:10 | INFO | Query 48 Active Learning Runtime on Test Set: 53672.65
2025-02-11 03:10 | INFO | Query 48 Active Learning Instance Cost: 408002.56
2025-02-11 03:10 | INFO | Timeout limit is increased to 3600
2025-02-11 03:10 | INFO | Query 49 Size of the uncertainty table is = 624/1200
2025-02-11 03:10 | INFO | Query 49 Size of the filtered table is = 182
2025-02-11 03:10 | INFO | Training Time Active Learning Classifier: 0.14 seconds
2025-02-11 03:10 | INFO | Training Time Active Learning Regressor: 0.38 seconds
2025-02-11 03:10 | INFO | Query 49 Active Learning Runtime on Validation Set: 98281.82
2025-02-11 03:10 | INFO | Query 49 Active Learning Runtime on Test Set: 53672.62
2025-02-11 03:10 | INFO | Query 49 Active Learning Instance Cost: 411876.18
2025-02-11 03:10 | INFO | Timeout limit is increased to 3600
2025-02-11 03:10 | INFO | Query 50 Size of the uncertainty table is = 612/1200
2025-02-11 03:10 | INFO | Query 50 Size of the filtered table is = 189
2025-02-11 03:10 | INFO | Training Time Active Learning Classifier: 0.14 seconds
2025-02-11 03:10 | INFO | Training Time Active Learning Regressor: 0.38 seconds
2025-02-11 03:10 | INFO | Query 50 Active Learning Runtime on Validation Set: 98281.82
2025-02-11 03:10 | INFO | Query 50 Active Learning Runtime on Test Set: 53672.62
2025-02-11 03:10 | INFO | Query 50 Active Learning Instance Cost: 415650.46
2025-02-11 03:10 | INFO | Timeout limit is increased to 3600
2025-02-11 03:10 | INFO | Query 51 Size of the uncertainty table is = 600/1200
2025-02-11 03:10 | INFO | Query 51 Size of the filtered table is = 176
2025-02-11 03:10 | INFO | Training Time Active Learning Classifier: 0.14 seconds
2025-02-11 03:10 | INFO | Training Time Active Learning Regressor: 0.39 seconds
2025-02-11 03:10 | INFO | Query 51 Active Learning Runtime on Validation Set: 98281.82
2025-02-11 03:10 | INFO | Query 51 Active Learning Runtime on Test Set: 53672.63
2025-02-11 03:10 | INFO | Query 51 Active Learning Instance Cost: 418596.9
2025-02-11 03:10 | INFO | Timeout limit is increased to 3600
2025-02-11 03:10 | INFO | Query 52 Size of the uncertainty table is = 588/1200
2025-02-11 03:10 | INFO | Query 52 Size of the filtered table is = 155
2025-02-11 03:10 | INFO | Training Time Active Learning Classifier: 0.14 seconds
2025-02-11 03:10 | INFO | Training Time Active Learning Regressor: 0.4 seconds
2025-02-11 03:10 | INFO | Query 52 Active Learning Runtime on Validation Set: 98281.82
2025-02-11 03:10 | INFO | Query 52 Active Learning Runtime on Test Set: 53672.57
2025-02-11 03:10 | INFO | Query 52 Active Learning Instance Cost: 422140.37
2025-02-11 03:10 | INFO | Timeout limit is increased to 3600
2025-02-11 03:10 | INFO | Query 53 Size of the uncertainty table is = 576/1200
2025-02-11 03:10 | INFO | Query 53 Size of the filtered table is = 137
2025-02-11 03:10 | INFO | Training Time Active Learning Classifier: 0.14 seconds
2025-02-11 03:10 | INFO | Training Time Active Learning Regressor: 0.41 seconds
2025-02-11 03:10 | INFO | Query 53 Active Learning Runtime on Validation Set: 98281.82
2025-02-11 03:10 | INFO | Query 53 Active Learning Runtime on Test Set: 53672.58
2025-02-11 03:10 | INFO | Query 53 Active Learning Instance Cost: 426333.11
2025-02-11 03:10 | INFO | Timeout limit is increased to 3600
2025-02-11 03:10 | INFO | Query 54 Size of the uncertainty table is = 564/1200
2025-02-11 03:10 | INFO | Query 54 Size of the filtered table is = 137
2025-02-11 03:10 | INFO | Training Time Active Learning Classifier: 0.15 seconds
2025-02-11 03:11 | INFO | Training Time Active Learning Regressor: 0.41 seconds
2025-02-11 03:11 | INFO | Query 54 Active Learning Runtime on Validation Set: 98281.82
2025-02-11 03:11 | INFO | Query 54 Active Learning Runtime on Test Set: 53672.66
2025-02-11 03:11 | INFO | Query 54 Active Learning Instance Cost: 426403.97
2025-02-11 03:11 | INFO | Timeout limit is increased to 3600
2025-02-11 03:11 | INFO | Query 55 Size of the uncertainty table is = 552/1200
2025-02-11 03:11 | INFO | Query 55 Size of the filtered table is = 143
2025-02-11 03:11 | INFO | Training Time Active Learning Classifier: 0.15 seconds
2025-02-11 03:11 | INFO | Training Time Active Learning Regressor: 0.42 seconds
2025-02-11 03:11 | INFO | Query 55 Active Learning Runtime on Validation Set: 98281.82
2025-02-11 03:11 | INFO | Query 55 Active Learning Runtime on Test Set: 53672.63
2025-02-11 03:11 | INFO | Query 55 Active Learning Instance Cost: 437769.77
2025-02-11 03:11 | INFO | Timeout limit is increased to 3600
2025-02-11 03:11 | INFO | Query 56 Size of the uncertainty table is = 540/1200
2025-02-11 03:11 | INFO | Query 56 Size of the filtered table is = 140
2025-02-11 03:11 | INFO | Training Time Active Learning Classifier: 0.15 seconds
2025-02-11 03:11 | INFO | Training Time Active Learning Regressor: 0.43 seconds
2025-02-11 03:11 | INFO | Query 56 Active Learning Runtime on Validation Set: 98281.82
2025-02-11 03:11 | INFO | Query 56 Active Learning Runtime on Test Set: 53672.66
2025-02-11 03:11 | INFO | Query 56 Active Learning Instance Cost: 438283.48
2025-02-11 03:11 | INFO | Timeout limit is increased to 3600
2025-02-11 03:11 | INFO | Query 57 Size of the uncertainty table is = 528/1200
2025-02-11 03:11 | INFO | Query 57 Size of the filtered table is = 129
2025-02-11 03:11 | INFO | Training Time Active Learning Classifier: 0.15 seconds
2025-02-11 03:11 | INFO | Training Time Active Learning Regressor: 0.43 seconds
2025-02-11 03:11 | INFO | Query 57 Active Learning Runtime on Validation Set: 98281.82
2025-02-11 03:11 | INFO | Query 57 Active Learning Runtime on Test Set: 53672.66
2025-02-11 03:11 | INFO | Query 57 Active Learning Instance Cost: 445996.98
2025-02-11 03:11 | INFO | Timeout limit is increased to 3600
2025-02-11 03:11 | INFO | Query 58 Size of the uncertainty table is = 516/1200
2025-02-11 03:11 | INFO | Query 58 Size of the filtered table is = 144
2025-02-11 03:11 | INFO | Training Time Active Learning Classifier: 0.15 seconds
2025-02-11 03:11 | INFO | Training Time Active Learning Regressor: 0.44 seconds
2025-02-11 03:11 | INFO | Query 58 Active Learning Runtime on Validation Set: 98281.82
2025-02-11 03:11 | INFO | Query 58 Active Learning Runtime on Test Set: 53672.63
2025-02-11 03:11 | INFO | Query 58 Active Learning Instance Cost: 454541.19
2025-02-11 03:11 | INFO | Timeout limit is increased to 3600
2025-02-11 03:11 | INFO | Query 59 Size of the uncertainty table is = 504/1200
2025-02-11 03:11 | INFO | Query 59 Size of the filtered table is = 122
2025-02-11 03:11 | INFO | Training Time Active Learning Classifier: 0.16 seconds
2025-02-11 03:11 | INFO | Training Time Active Learning Regressor: 0.45 seconds
2025-02-11 03:11 | INFO | Query 59 Active Learning Runtime on Validation Set: 98281.82
2025-02-11 03:11 | INFO | Query 59 Active Learning Runtime on Test Set: 53672.63
2025-02-11 03:11 | INFO | Query 59 Active Learning Instance Cost: 466327.3
2025-02-11 03:11 | INFO | Timeout limit is increased to 3600
2025-02-11 03:11 | INFO | Query 60 Size of the uncertainty table is = 492/1200
2025-02-11 03:11 | INFO | Query 60 Size of the filtered table is = 119
2025-02-11 03:11 | INFO | Training Time Active Learning Classifier: 0.16 seconds
2025-02-11 03:11 | INFO | Training Time Active Learning Regressor: 0.47 seconds
2025-02-11 03:11 | INFO | Query 60 Active Learning Runtime on Validation Set: 98281.82
2025-02-11 03:11 | INFO | Query 60 Active Learning Runtime on Test Set: 53672.63
2025-02-11 03:11 | INFO | Query 60 Active Learning Instance Cost: 481648.51
2025-02-11 03:11 | INFO | Timeout limit is increased to 3600
2025-02-11 03:11 | INFO | Query 61 Size of the uncertainty table is = 480/1200
2025-02-11 03:11 | INFO | Query 61 Size of the filtered table is = 128
2025-02-11 03:11 | INFO | Training Time Active Learning Classifier: 0.16 seconds
2025-02-11 03:11 | INFO | Training Time Active Learning Regressor: 0.47 seconds
2025-02-11 03:11 | INFO | Query 61 Active Learning Runtime on Validation Set: 98281.82
2025-02-11 03:11 | INFO | Query 61 Active Learning Runtime on Test Set: 53672.64
2025-02-11 03:11 | INFO | Query 61 Active Learning Instance Cost: 481661.42
2025-02-11 03:11 | INFO | Timeout limit is increased to 3600
2025-02-11 03:11 | INFO | Query 62 Size of the uncertainty table is = 468/1200
2025-02-11 03:11 | INFO | Query 62 Size of the filtered table is = 103
2025-02-11 03:11 | INFO | Training Time Active Learning Classifier: 0.16 seconds
2025-02-11 03:11 | INFO | Training Time Active Learning Regressor: 0.48 seconds
2025-02-11 03:11 | INFO | Query 62 Active Learning Runtime on Validation Set: 98281.82
2025-02-11 03:11 | INFO | Query 62 Active Learning Runtime on Test Set: 53672.64
2025-02-11 03:11 | INFO | Query 62 Active Learning Instance Cost: 485299.19
2025-02-11 03:11 | INFO | Timeout limit is increased to 3600
2025-02-11 03:11 | INFO | Query 63 Size of the uncertainty table is = 456/1200
2025-02-11 03:11 | INFO | Query 63 Size of the filtered table is = 111
2025-02-11 03:11 | INFO | Training Time Active Learning Classifier: 0.16 seconds
2025-02-11 03:11 | INFO | Training Time Active Learning Regressor: 0.48 seconds
2025-02-11 03:11 | INFO | Query 63 Active Learning Runtime on Validation Set: 98281.82
2025-02-11 03:11 | INFO | Query 63 Active Learning Runtime on Test Set: 53660.14
2025-02-11 03:11 | INFO | Query 63 Active Learning Instance Cost: 489244.22
2025-02-11 03:11 | INFO | Timeout limit is increased to 3600
2025-02-11 03:11 | INFO | Query 64 Size of the uncertainty table is = 444/1200
2025-02-11 03:11 | INFO | Query 64 Size of the filtered table is = 109
2025-02-11 03:11 | INFO | Training Time Active Learning Classifier: 0.16 seconds
2025-02-11 03:11 | INFO | Training Time Active Learning Regressor: 0.49 seconds
2025-02-11 03:11 | INFO | Query 64 Active Learning Runtime on Validation Set: 98281.82
2025-02-11 03:11 | INFO | Query 64 Active Learning Runtime on Test Set: 53660.13
2025-02-11 03:11 | INFO | Query 64 Active Learning Instance Cost: 509669.67
2025-02-11 03:11 | INFO | Timeout limit is increased to 3600
2025-02-11 03:11 | INFO | Query 65 Size of the uncertainty table is = 432/1200
2025-02-11 03:11 | INFO | Query 65 Size of the filtered table is = 78
2025-02-11 03:11 | INFO | Training Time Active Learning Classifier: 0.17 seconds
2025-02-11 03:11 | INFO | Training Time Active Learning Regressor: 0.51 seconds
2025-02-11 03:11 | INFO | Query 65 Active Learning Runtime on Validation Set: 98281.82
2025-02-11 03:11 | INFO | Query 65 Active Learning Runtime on Test Set: 53660.16
2025-02-11 03:11 | INFO | Query 65 Active Learning Instance Cost: 514042.84
2025-02-11 03:11 | INFO | Timeout limit is increased to 3600
2025-02-11 03:11 | INFO | Query 66 Size of the uncertainty table is = 420/1200
2025-02-11 03:11 | INFO | Query 66 Size of the filtered table is = 93
2025-02-11 03:11 | INFO | Training Time Active Learning Classifier: 0.17 seconds
2025-02-11 03:11 | INFO | Training Time Active Learning Regressor: 0.51 seconds
2025-02-11 03:11 | INFO | Query 66 Active Learning Runtime on Validation Set: 98281.82
2025-02-11 03:11 | INFO | Query 66 Active Learning Runtime on Test Set: 53660.13
2025-02-11 03:11 | INFO | Query 66 Active Learning Instance Cost: 525444.04
2025-02-11 03:11 | INFO | Timeout limit is increased to 3600
2025-02-11 03:11 | INFO | Query 67 Size of the uncertainty table is = 408/1200
2025-02-11 03:11 | INFO | Query 67 Size of the filtered table is = 80
2025-02-11 03:11 | INFO | Training Time Active Learning Classifier: 0.17 seconds
2025-02-11 03:11 | INFO | Training Time Active Learning Regressor: 0.51 seconds
2025-02-11 03:11 | INFO | Query 67 Active Learning Runtime on Validation Set: 98281.82
2025-02-11 03:11 | INFO | Query 67 Active Learning Runtime on Test Set: 53660.16
2025-02-11 03:11 | INFO | Query 67 Active Learning Instance Cost: 531000.19
2025-02-11 03:11 | INFO | Timeout limit is increased to 3600
2025-02-11 03:11 | INFO | Query 68 Size of the uncertainty table is = 396/1200
2025-02-11 03:11 | INFO | Query 68 Size of the filtered table is = 90
2025-02-11 03:11 | INFO | Training Time Active Learning Classifier: 0.17 seconds
2025-02-11 03:11 | INFO | Training Time Active Learning Regressor: 0.52 seconds
2025-02-11 03:11 | INFO | Query 68 Active Learning Runtime on Validation Set: 98281.82
2025-02-11 03:11 | INFO | Query 68 Active Learning Runtime on Test Set: 53660.13
2025-02-11 03:11 | INFO | Query 68 Active Learning Instance Cost: 542467.26
2025-02-11 03:11 | INFO | Timeout limit is increased to 3600
2025-02-11 03:11 | INFO | Query 69 Size of the uncertainty table is = 384/1200
2025-02-11 03:11 | INFO | Query 69 Size of the filtered table is = 92
2025-02-11 03:11 | INFO | Training Time Active Learning Classifier: 0.18 seconds
2025-02-11 03:11 | INFO | Training Time Active Learning Regressor: 0.53 seconds
2025-02-11 03:11 | INFO | Query 69 Active Learning Runtime on Validation Set: 98281.82
2025-02-11 03:11 | INFO | Query 69 Active Learning Runtime on Test Set: 53660.16
2025-02-11 03:11 | INFO | Query 69 Active Learning Instance Cost: 549023.9
2025-02-11 03:11 | INFO | Timeout limit is increased to 3600
2025-02-11 03:11 | INFO | Query 70 Size of the uncertainty table is = 372/1200
2025-02-11 03:11 | INFO | Query 70 Size of the filtered table is = 82
2025-02-11 03:11 | INFO | Training Time Active Learning Classifier: 0.18 seconds
2025-02-11 03:11 | INFO | Training Time Active Learning Regressor: 0.54 seconds
2025-02-11 03:11 | INFO | Query 70 Active Learning Runtime on Validation Set: 98281.82
2025-02-11 03:11 | INFO | Query 70 Active Learning Runtime on Test Set: 53660.19
2025-02-11 03:11 | INFO | Query 70 Active Learning Instance Cost: 552733.38
2025-02-11 03:11 | INFO | Timeout limit is increased to 3600
2025-02-11 03:11 | INFO | Query 71 Size of the uncertainty table is = 360/1200
2025-02-11 03:11 | INFO | Query 71 Size of the filtered table is = 88
2025-02-11 03:11 | INFO | Training Time Active Learning Classifier: 0.18 seconds
2025-02-11 03:11 | INFO | Training Time Active Learning Regressor: 0.55 seconds
2025-02-11 03:11 | INFO | Query 71 Active Learning Runtime on Validation Set: 98281.82
2025-02-11 03:11 | INFO | Query 71 Active Learning Runtime on Test Set: 53660.13
2025-02-11 03:11 | INFO | Query 71 Active Learning Instance Cost: 552970.23
2025-02-11 03:11 | INFO | Timeout limit is increased to 3600
2025-02-11 03:11 | INFO | Query 72 Size of the uncertainty table is = 348/1200
2025-02-11 03:11 | INFO | Query 72 Size of the filtered table is = 69
2025-02-11 03:11 | INFO | Training Time Active Learning Classifier: 0.18 seconds
2025-02-11 03:11 | INFO | Training Time Active Learning Regressor: 0.57 seconds
2025-02-11 03:11 | INFO | Query 72 Active Learning Runtime on Validation Set: 98281.82
2025-02-11 03:11 | INFO | Query 72 Active Learning Runtime on Test Set: 53660.13
2025-02-11 03:11 | INFO | Query 72 Active Learning Instance Cost: 553759.74
2025-02-11 03:11 | INFO | Timeout limit is increased to 3600
2025-02-11 03:11 | INFO | Query 73 Size of the uncertainty table is = 336/1200
2025-02-11 03:11 | INFO | Query 73 Size of the filtered table is = 84
2025-02-11 03:11 | INFO | Training Time Active Learning Classifier: 0.18 seconds
2025-02-11 03:11 | INFO | Training Time Active Learning Regressor: 0.58 seconds
2025-02-11 03:11 | INFO | Query 73 Active Learning Runtime on Validation Set: 98281.82
2025-02-11 03:11 | INFO | Query 73 Active Learning Runtime on Test Set: 53607.82
2025-02-11 03:11 | INFO | Query 73 Active Learning Instance Cost: 569815.41
2025-02-11 03:11 | INFO | Timeout limit is increased to 3600
2025-02-11 03:11 | INFO | Query 74 Size of the uncertainty table is = 324/1200
2025-02-11 03:11 | INFO | Query 74 Size of the filtered table is = 61
2025-02-11 03:11 | INFO | Training Time Active Learning Classifier: 0.19 seconds
2025-02-11 03:11 | INFO | Training Time Active Learning Regressor: 0.58 seconds
2025-02-11 03:11 | INFO | Query 74 Active Learning Runtime on Validation Set: 98281.82
2025-02-11 03:11 | INFO | Query 74 Active Learning Runtime on Test Set: 53607.82
2025-02-11 03:11 | INFO | Query 74 Active Learning Instance Cost: 569828.08
2025-02-11 03:11 | INFO | Timeout limit is increased to 3600
2025-02-11 03:11 | INFO | Query 75 Size of the uncertainty table is = 312/1200
2025-02-11 03:11 | INFO | Query 75 Size of the filtered table is = 72
2025-02-11 03:11 | INFO | Training Time Active Learning Classifier: 0.19 seconds
2025-02-11 03:11 | INFO | Training Time Active Learning Regressor: 0.58 seconds
2025-02-11 03:11 | INFO | Query 75 Active Learning Runtime on Validation Set: 98281.82
2025-02-11 03:11 | INFO | Query 75 Active Learning Runtime on Test Set: 53607.79
2025-02-11 03:11 | INFO | Query 75 Active Learning Instance Cost: 569839.28
2025-02-11 03:11 | INFO | Timeout limit is increased to 3600
2025-02-11 03:11 | INFO | Query 76 Size of the uncertainty table is = 300/1200
2025-02-11 03:11 | INFO | Query 76 Size of the filtered table is = 74
2025-02-11 03:11 | INFO | Training Time Active Learning Classifier: 0.19 seconds
2025-02-11 03:11 | INFO | Training Time Active Learning Regressor: 0.59 seconds
2025-02-11 03:11 | INFO | Query 76 Active Learning Runtime on Validation Set: 98281.82
2025-02-11 03:11 | INFO | Query 76 Active Learning Runtime on Test Set: 53607.86
2025-02-11 03:11 | INFO | Query 76 Active Learning Instance Cost: 570283.38
2025-02-11 03:11 | INFO | Timeout limit is increased to 3600
2025-02-11 03:11 | INFO | Query 77 Size of the uncertainty table is = 288/1200
2025-02-11 03:11 | INFO | Query 77 Size of the filtered table is = 73
2025-02-11 03:11 | INFO | Training Time Active Learning Classifier: 0.2 seconds
2025-02-11 03:11 | INFO | Training Time Active Learning Regressor: 0.6 seconds
2025-02-11 03:11 | INFO | Query 77 Active Learning Runtime on Validation Set: 98281.82
2025-02-11 03:11 | INFO | Query 77 Active Learning Runtime on Test Set: 53607.79
2025-02-11 03:11 | INFO | Query 77 Active Learning Instance Cost: 575631.52
2025-02-11 03:11 | INFO | Timeout limit is increased to 3600
2025-02-11 03:11 | INFO | Query 78 Size of the uncertainty table is = 276/1200
2025-02-11 03:11 | INFO | Query 78 Size of the filtered table is = 72
2025-02-11 03:11 | INFO | Training Time Active Learning Classifier: 0.2 seconds
2025-02-11 03:11 | INFO | Training Time Active Learning Regressor: 0.61 seconds
2025-02-11 03:11 | INFO | Query 78 Active Learning Runtime on Validation Set: 98281.82
2025-02-11 03:11 | INFO | Query 78 Active Learning Runtime on Test Set: 53607.86
2025-02-11 03:11 | INFO | Query 78 Active Learning Instance Cost: 579647.97
2025-02-11 03:11 | INFO | Timeout limit is increased to 3600
2025-02-11 03:11 | INFO | Query 79 Size of the uncertainty table is = 264/1200
2025-02-11 03:11 | INFO | Query 79 Size of the filtered table is = 62
2025-02-11 03:11 | INFO | Training Time Active Learning Classifier: 0.2 seconds
2025-02-11 03:11 | INFO | Training Time Active Learning Regressor: 0.62 seconds
2025-02-11 03:11 | INFO | Query 79 Active Learning Runtime on Validation Set: 98281.82
2025-02-11 03:11 | INFO | Query 79 Active Learning Runtime on Test Set: 53607.83
2025-02-11 03:11 | INFO | Query 79 Active Learning Instance Cost: 584320.02
2025-02-11 03:11 | INFO | Timeout limit is increased to 3600
2025-02-11 03:11 | INFO | Query 80 Size of the uncertainty table is = 252/1200
2025-02-11 03:11 | INFO | Query 80 Size of the filtered table is = 58
2025-02-11 03:11 | INFO | Training Time Active Learning Classifier: 0.2 seconds
2025-02-11 03:11 | INFO | Training Time Active Learning Regressor: 0.62 seconds
2025-02-11 03:11 | INFO | Query 80 Active Learning Runtime on Validation Set: 98281.82
2025-02-11 03:11 | INFO | Query 80 Active Learning Runtime on Test Set: 53607.82
2025-02-11 03:11 | INFO | Query 80 Active Learning Instance Cost: 591170.36
2025-02-11 03:11 | INFO | Timeout limit is increased to 3600
2025-02-11 03:11 | INFO | Query 81 Size of the uncertainty table is = 240/1200
2025-02-11 03:11 | INFO | Query 81 Size of the filtered table is = 70
2025-02-11 03:11 | INFO | Training Time Active Learning Classifier: 0.2 seconds
2025-02-11 03:12 | INFO | Training Time Active Learning Regressor: 0.63 seconds
2025-02-11 03:12 | INFO | Query 81 Active Learning Runtime on Validation Set: 98281.82
2025-02-11 03:12 | INFO | Query 81 Active Learning Runtime on Test Set: 53607.78
2025-02-11 03:12 | INFO | Query 81 Active Learning Instance Cost: 591180.97
2025-02-11 03:12 | INFO | Timeout limit is increased to 3600
2025-02-11 03:12 | INFO | Query 82 Size of the uncertainty table is = 228/1200
2025-02-11 03:12 | INFO | Query 82 Size of the filtered table is = 73
2025-02-11 03:12 | INFO | Training Time Active Learning Classifier: 0.2 seconds
2025-02-11 03:12 | INFO | Training Time Active Learning Regressor: 0.64 seconds
2025-02-11 03:12 | INFO | Query 82 Active Learning Runtime on Validation Set: 98281.82
2025-02-11 03:12 | INFO | Query 82 Active Learning Runtime on Test Set: 53607.79
2025-02-11 03:12 | INFO | Query 82 Active Learning Instance Cost: 595293.38
2025-02-11 03:12 | INFO | Timeout limit is increased to 3600
2025-02-11 03:12 | INFO | Query 83 Size of the uncertainty table is = 216/1200
2025-02-11 03:12 | INFO | Query 83 Size of the filtered table is = 54
2025-02-11 03:12 | INFO | Training Time Active Learning Classifier: 0.21 seconds
2025-02-11 03:12 | INFO | Training Time Active Learning Regressor: 0.64 seconds
2025-02-11 03:12 | INFO | Query 83 Active Learning Runtime on Validation Set: 98281.82
2025-02-11 03:12 | INFO | Query 83 Active Learning Runtime on Test Set: 53607.83
2025-02-11 03:12 | INFO | Query 83 Active Learning Instance Cost: 595303.87
2025-02-11 03:12 | INFO | Timeout limit is increased to 3600
2025-02-11 03:12 | INFO | Query 84 Size of the uncertainty table is = 204/1200
2025-02-11 03:12 | INFO | Query 84 Size of the filtered table is = 68
2025-02-11 03:12 | INFO | Training Time Active Learning Classifier: 0.21 seconds
2025-02-11 03:12 | INFO | Training Time Active Learning Regressor: 0.65 seconds
2025-02-11 03:12 | INFO | Query 84 Active Learning Runtime on Validation Set: 98281.82
2025-02-11 03:12 | INFO | Query 84 Active Learning Runtime on Test Set: 53607.83
2025-02-11 03:12 | INFO | Query 84 Active Learning Instance Cost: 597051.41
2025-02-11 03:12 | INFO | Timeout limit is increased to 3600
2025-02-11 03:12 | INFO | Query 85 Size of the uncertainty table is = 192/1200
2025-02-11 03:12 | INFO | Query 85 Size of the filtered table is = 62
2025-02-11 03:12 | INFO | Training Time Active Learning Classifier: 0.22 seconds
2025-02-11 03:12 | INFO | Training Time Active Learning Regressor: 0.66 seconds
2025-02-11 03:12 | INFO | Query 85 Active Learning Runtime on Validation Set: 98281.82
2025-02-11 03:12 | INFO | Query 85 Active Learning Runtime on Test Set: 89400.32
2025-02-11 03:12 | INFO | Query 85 Active Learning Instance Cost: 600158.38
2025-02-11 03:12 | INFO | Timeout limit is increased to 3600
2025-02-11 03:12 | INFO | Query 86 Size of the uncertainty table is = 180/1200
2025-02-11 03:12 | INFO | Query 86 Size of the filtered table is = 65
2025-02-11 03:12 | INFO | Training Time Active Learning Classifier: 0.22 seconds
2025-02-11 03:12 | INFO | Training Time Active Learning Regressor: 0.66 seconds
2025-02-11 03:12 | INFO | Query 86 Active Learning Runtime on Validation Set: 98281.82
2025-02-11 03:12 | INFO | Query 86 Active Learning Runtime on Test Set: 89387.86
2025-02-11 03:12 | INFO | Query 86 Active Learning Instance Cost: 606331.98
2025-02-11 03:12 | INFO | Timeout limit is increased to 3600
2025-02-11 03:12 | INFO | Query 87 Size of the uncertainty table is = 168/1200
2025-02-11 03:12 | INFO | Query 87 Size of the filtered table is = 40
2025-02-11 03:12 | INFO | Training Time Active Learning Classifier: 0.22 seconds
2025-02-11 03:12 | INFO | Training Time Active Learning Regressor: 0.68 seconds
2025-02-11 03:12 | INFO | Query 87 Active Learning Runtime on Validation Set: 98281.82
2025-02-11 03:12 | INFO | Query 87 Active Learning Runtime on Test Set: 89387.82
2025-02-11 03:12 | INFO | Query 87 Active Learning Instance Cost: 613848.67
2025-02-11 03:12 | INFO | Timeout limit is increased to 3600
2025-02-11 03:12 | INFO | Query 88 Size of the uncertainty table is = 156/1200
2025-02-11 03:12 | INFO | Query 88 Size of the filtered table is = 48
2025-02-11 03:12 | INFO | Training Time Active Learning Classifier: 0.22 seconds
2025-02-11 03:12 | INFO | Training Time Active Learning Regressor: 0.69 seconds
2025-02-11 03:12 | INFO | Query 88 Active Learning Runtime on Validation Set: 98281.82
2025-02-11 03:12 | INFO | Query 88 Active Learning Runtime on Test Set: 89387.82
2025-02-11 03:12 | INFO | Query 88 Active Learning Instance Cost: 622257.24
2025-02-11 03:12 | INFO | Timeout limit is increased to 3600
2025-02-11 03:12 | INFO | Query 89 Size of the uncertainty table is = 144/1200
2025-02-11 03:12 | INFO | Query 89 Size of the filtered table is = 52
2025-02-11 03:12 | INFO | Training Time Active Learning Classifier: 0.23 seconds
2025-02-11 03:12 | INFO | Training Time Active Learning Regressor: 0.69 seconds
2025-02-11 03:12 | INFO | Query 89 Active Learning Runtime on Validation Set: 98281.82
2025-02-11 03:12 | INFO | Query 89 Active Learning Runtime on Test Set: 89387.86
2025-02-11 03:12 | INFO | Query 89 Active Learning Instance Cost: 627400.45
2025-02-11 03:12 | INFO | Timeout limit is increased to 3600
2025-02-11 03:12 | INFO | Query 90 Size of the uncertainty table is = 132/1200
2025-02-11 03:12 | INFO | Query 90 Size of the filtered table is = 44
2025-02-11 03:12 | INFO | Training Time Active Learning Classifier: 0.22 seconds
2025-02-11 03:12 | INFO | Training Time Active Learning Regressor: 0.7 seconds
2025-02-11 03:12 | INFO | Query 90 Active Learning Runtime on Validation Set: 98281.82
2025-02-11 03:12 | INFO | Query 90 Active Learning Runtime on Test Set: 89387.86
2025-02-11 03:12 | INFO | Query 90 Active Learning Instance Cost: 627408.85
2025-02-11 03:12 | INFO | Timeout limit is increased to 3600
2025-02-11 03:12 | INFO | Query 91 Size of the uncertainty table is = 120/1200
2025-02-11 03:12 | INFO | Query 91 Size of the filtered table is = 41
2025-02-11 03:12 | INFO | Training Time Active Learning Classifier: 0.23 seconds
2025-02-11 03:12 | INFO | Training Time Active Learning Regressor: 0.7 seconds
2025-02-11 03:12 | INFO | Query 91 Active Learning Runtime on Validation Set: 98281.82
2025-02-11 03:12 | INFO | Query 91 Active Learning Runtime on Test Set: 89387.86
2025-02-11 03:12 | INFO | Query 91 Active Learning Instance Cost: 627419.13
2025-02-11 03:12 | INFO | Timeout limit is increased to 3600
2025-02-11 03:12 | INFO | Query 92 Size of the uncertainty table is = 108/1200
2025-02-11 03:12 | INFO | Query 92 Size of the filtered table is = 31
2025-02-11 03:12 | INFO | Training Time Active Learning Classifier: 0.23 seconds
2025-02-11 03:12 | INFO | Training Time Active Learning Regressor: 0.72 seconds
2025-02-11 03:12 | INFO | Query 92 Active Learning Runtime on Validation Set: 98281.82
2025-02-11 03:12 | INFO | Query 92 Active Learning Runtime on Test Set: 89511.47
2025-02-11 03:12 | INFO | Query 92 Active Learning Instance Cost: 628721.12
2025-02-11 03:12 | INFO | Timeout limit is increased to 3600
2025-02-11 03:12 | INFO | Query 93 Size of the uncertainty table is = 96/1200
2025-02-11 03:12 | INFO | Query 93 Size of the filtered table is = 37
2025-02-11 03:12 | INFO | Training Time Active Learning Classifier: 0.23 seconds
2025-02-11 03:12 | INFO | Training Time Active Learning Regressor: 0.71 seconds
2025-02-11 03:12 | INFO | Query 93 Active Learning Runtime on Validation Set: 98281.82
2025-02-11 03:12 | INFO | Query 93 Active Learning Runtime on Test Set: 89511.55
2025-02-11 03:12 | INFO | Query 93 Active Learning Instance Cost: 628732.78
2025-02-11 03:12 | INFO | Timeout limit is increased to 3600
2025-02-11 03:12 | INFO | Query 94 Size of the uncertainty table is = 84/1200
2025-02-11 03:12 | INFO | Query 94 Size of the filtered table is = 28
2025-02-11 03:12 | INFO | Training Time Active Learning Classifier: 0.23 seconds
2025-02-11 03:12 | INFO | Training Time Active Learning Regressor: 0.73 seconds
2025-02-11 03:12 | INFO | Query 94 Active Learning Runtime on Validation Set: 98281.82
2025-02-11 03:12 | INFO | Query 94 Active Learning Runtime on Test Set: 89524.0
2025-02-11 03:12 | INFO | Query 94 Active Learning Instance Cost: 628744.24
2025-02-11 03:12 | INFO | Timeout limit is increased to 3600
2025-02-11 03:12 | INFO | Query 95 Size of the uncertainty table is = 72/1200
2025-02-11 03:12 | INFO | Query 95 Size of the filtered table is = 26
2025-02-11 03:12 | INFO | Training Time Active Learning Classifier: 0.23 seconds
2025-02-11 03:12 | INFO | Training Time Active Learning Regressor: 0.74 seconds
2025-02-11 03:12 | INFO | Query 95 Active Learning Runtime on Validation Set: 98281.82
2025-02-11 03:12 | INFO | Query 95 Active Learning Runtime on Test Set: 89511.66
2025-02-11 03:12 | INFO | Query 95 Active Learning Instance Cost: 629475.99
2025-02-11 03:12 | INFO | Timeout limit is increased to 3600
2025-02-11 03:12 | INFO | Query 96 Size of the uncertainty table is = 60/1200
2025-02-11 03:12 | INFO | Query 96 Size of the filtered table is = 25
2025-02-11 03:12 | INFO | Training Time Active Learning Classifier: 0.24 seconds
2025-02-11 03:12 | INFO | Training Time Active Learning Regressor: 0.73 seconds
2025-02-11 03:12 | INFO | Query 96 Active Learning Runtime on Validation Set: 98281.82
2025-02-11 03:12 | INFO | Query 96 Active Learning Runtime on Test Set: 89524.02
2025-02-11 03:12 | INFO | Query 96 Active Learning Instance Cost: 629507.91
2025-02-11 03:12 | INFO | Timeout limit is increased to 3600
2025-02-11 03:12 | INFO | Query 97 Size of the uncertainty table is = 48/1200
2025-02-11 03:12 | INFO | Query 97 Size of the filtered table is = 19
2025-02-11 03:12 | INFO | Training Time Active Learning Classifier: 0.24 seconds
2025-02-11 03:12 | INFO | Training Time Active Learning Regressor: 0.74 seconds
2025-02-11 03:12 | INFO | Query 97 Active Learning Runtime on Validation Set: 98281.82
2025-02-11 03:12 | INFO | Query 97 Active Learning Runtime on Test Set: 89524.01
2025-02-11 03:12 | INFO | Query 97 Active Learning Instance Cost: 629521.75
2025-02-11 03:12 | INFO | Timeout limit is increased to 3600
2025-02-11 03:12 | INFO | Query 98 Size of the uncertainty table is = 36/1200
2025-02-11 03:12 | INFO | Query 98 Size of the filtered table is = 14
2025-02-11 03:12 | INFO | Training Time Active Learning Classifier: 0.24 seconds
2025-02-11 03:12 | INFO | Training Time Active Learning Regressor: 0.76 seconds
2025-02-11 03:12 | INFO | Query 98 Active Learning Runtime on Validation Set: 98281.82
2025-02-11 03:12 | INFO | Query 98 Active Learning Runtime on Test Set: 89511.52
2025-02-11 03:12 | INFO | Query 98 Active Learning Instance Cost: 629532.23
2025-02-11 03:12 | INFO | Timeout limit is increased to 3600
2025-02-11 03:12 | INFO | Query 99 Size of the uncertainty table is = 24/1200
2025-02-11 03:12 | INFO | Query 99 Size of the filtered table is = 12
2025-02-11 03:12 | INFO | Training Time Active Learning Classifier: 0.24 seconds
2025-02-11 03:12 | INFO | Training Time Active Learning Regressor: 0.77 seconds
2025-02-11 03:12 | INFO | Query 99 Active Learning Runtime on Validation Set: 98281.82
2025-02-11 03:12 | INFO | Query 99 Active Learning Runtime on Test Set: 89511.52
2025-02-11 03:12 | INFO | Query 99 Active Learning Instance Cost: 629545.27
2025-02-11 03:12 | INFO | Timeout limit is increased to 3600
2025-02-11 03:12 | INFO | Query 100 Size of the uncertainty table is = 12/1200
2025-02-11 03:12 | INFO | Query 100 Size of the filtered table is = 12
2025-02-11 03:12 | INFO | Training Time Active Learning Classifier: 0.24 seconds
2025-02-11 03:12 | INFO | Training Time Active Learning Regressor: 0.77 seconds
2025-02-11 03:12 | INFO | Query 100 Active Learning Runtime on Validation Set: 98281.82
2025-02-11 03:12 | INFO | Query 100 Active Learning Runtime on Test Set: 89511.53
2025-02-11 03:12 | INFO | Query 100 Active Learning Instance Cost: 629561.6
2025-02-11 03:12 | INFO | Timeout limit is increased to 3600
2025-02-11 03:12 | INFO | Active Learning Emissions: 0.002514496337898465
2025-02-11 03:12 | INFO | Active Learning Energy Consumption: 0.0027358362249103566 kWh
2025-02-11 03:12 | INFO | runtime_test_score is written as json file
2025-02-11 03:12 | INFO | runtime_validation_score is written as json file
2025-02-11 03:12 | INFO | instance_cost is written as json file
2025-02-11 03:12 | INFO | Experiment is finished
