2025-02-10 14:56 | INFO | Paramaters are: {'dataset': 'MAXSAT15-PMS-INDU', 'penalty': 10, 'weight': 'No_Weight', 'voting': 'Hard', 'pre_selection_size': 64, 'pre_selection_technique': 'No_pre_selection', 'feature_elimination_threshold': 20, 'imputer_strategy': 'median', 'feature_selection_technique': 'No_feature_selection', 'feature_scaling_technique': 'StandardScaler', 'priority': {'Uncertainty': 'max', 'PredCost': 'min', 'PredDiff': 'max'}, 'initial_train_size': 20, 'query_size': 1, 'timeout_predictor_usage': 'No', 'timeout_limit': 3600, 'timeout_increase_rate': 100, 'penalty_type': 'Only-timeout-penalty', 'RANDOM_STATE_SEED': 12345, 'n_splits': 10, 'split_number': 5, 'max_timeout': 3600, 'param_grid': {'n_estimators': 100, 'max_features': 'sqrt', 'max_depth': 2147483648, 'min_samples_split': 2, 'bootstrap': True}}
2025-02-10 14:56 | INFO | MAXSAT15-PMS-INDU is current dataset
2025-02-10 14:56 | INFO | DATASETS/MAXSAT15-PMS-INDU/algorithm_runs.arff is found
2025-02-10 14:56 | INFO | DATASETS/MAXSAT15-PMS-INDU/algorithm_runs.arff is finished
2025-02-10 14:56 | INFO | DATASETS/MAXSAT15-PMS-INDU/feature_values.arff is found
2025-02-10 14:56 | INFO | DATASETS/MAXSAT15-PMS-INDU/feature_values.arff is finished
2025-02-10 14:56 | INFO | Virtual best solver time in train = 16018.12
2025-02-10 14:56 | INFO | Single best solver list train = {'CCEHC2akms': 13433607.53, 'CCLS2akms': 13578162.32, 'ILP-2015': 6738543.09, 'LMHS-C': 3721644.3, 'LMHS-I': 3249805.35, 'MaxHS': 1844452.5, 'Open-WBO': 1252171.65, 'Open-WBO-L': 1947891.76, 'Open-WBO-R': 827428.03, 'QMSAT14': 2235502.76, 'QMSAT15UC': 2337887.09, 'WMaxSatz+': 12335840.36, 'WMaxSatz09': 12335733.98, 'WPM3-2015-co': 683820.55, 'ahms-1.55': 13396210.9, 'ahms-1.68': 13288586.71, 'ahms-ls-1.55': 13431392.98, 'ahms-ls-1.68': 13288149.03, 'maxino-k16': 1038122.01, 'maxino-kdyn': 1071096.75, 'msUZK-nopp': 7434162.4, 'msUZK-pp': 7395115.33, 'mscg2015a': 1139568.15, 'mscg2015b': 1106388.19, 'optiriss-def': 1539761.8, 'optiriss-sel': 4167916.3, 'ratselfax-cnf': 11247622.1, 'toysat': 9627498.66, 'toysat_ls': 11032817.5}
2025-02-10 14:56 | INFO | Single best solver time train = WPM3-2015-co (683820.55)
2025-02-10 14:56 | INFO | Virtual best solver time in validation = 4940.65
2025-02-10 14:56 | INFO | Single best solver list validation = {'CCEHC2akms': 3456593.58, 'CCLS2akms': 3564406.52, 'ILP-2015': 2235137.85, 'LMHS-C': 555342.86, 'LMHS-I': 412425.95, 'MaxHS': 404506.54, 'Open-WBO': 121225.03, 'Open-WBO-L': 81961.83, 'Open-WBO-R': 81440.07, 'QMSAT14': 47448.52, 'QMSAT15UC': 123142.73, 'WMaxSatz+': 3492464.08, 'WMaxSatz09': 3492487.99, 'WPM3-2015-co': 77818.57, 'ahms-1.55': 3528003.09, 'ahms-1.68': 3528001.7, 'ahms-ls-1.55': 3528003.88, 'ahms-ls-1.68': 3528002.37, 'maxino-k16': 43408.67, 'maxino-kdyn': 43234.89, 'msUZK-nopp': 1596580.18, 'msUZK-pp': 1877655.72, 'mscg2015a': 79871.48, 'mscg2015b': 78484.98, 'optiriss-def': 192276.73, 'optiriss-sel': 2270591.31, 'ratselfax-cnf': 2636239.75, 'toysat': 2560150.24, 'toysat_ls': 2887568.59}
2025-02-10 14:56 | INFO | Single best solver time validation = maxino-kdyn (43234.89)
2025-02-10 14:56 | INFO | Virtual best solver time in test = 3166.99
2025-02-10 14:56 | INFO | Single best solver list test = {'CCEHC2akms': 1981052.6, 'CCLS2akms': 2016000.0, 'ILP-2015': 939470.87, 'LMHS-C': 367229.06, 'LMHS-I': 331599.9, 'MaxHS': 255560.42, 'Open-WBO': 330035.29, 'Open-WBO-L': 543117.98, 'Open-WBO-R': 255138.52, 'QMSAT14': 507039.22, 'QMSAT15UC': 545460.92, 'WMaxSatz+': 1626908.76, 'WMaxSatz09': 1626894.05, 'WPM3-2015-co': 291220.07, 'ahms-1.55': 1944004.97, 'ahms-1.68': 1944004.86, 'ahms-ls-1.55': 1944006.43, 'ahms-ls-1.68': 1944004.8, 'maxino-k16': 182691.41, 'maxino-kdyn': 184255.78, 'msUZK-nopp': 1159608.39, 'msUZK-pp': 1229656.56, 'mscg2015a': 325982.74, 'mscg2015b': 291539.88, 'optiriss-def': 436184.2, 'optiriss-sel': 1009227.74, 'ratselfax-cnf': 1697362.83, 'toysat': 1409560.72, 'toysat_ls': 1624998.09}
2025-02-10 14:56 | INFO | Single best solver time test = maxino-k16 (182691.41)
2025-02-10 14:56 | INFO | Training Time Passive Learning Classifier: 31.77 seconds
2025-02-10 14:56 | INFO | Training Time Passive Learning Regressor: 3.05 seconds
2025-02-10 14:59 | INFO | Passive Learning Classifier Runtime on Validation Set: 46728.18
2025-02-10 14:59 | INFO | Passive Learning Classifier Runtime on Test Set: 39271.05
2025-02-10 14:59 | INFO | Passive Learning Instance Cost: 19478100.05
2025-02-10 14:59 | INFO | Passive Learning Emissions: 0.0023665544912571564
2025-02-10 14:59 | INFO | Passive Learning Energy Consumption: 0.0025748717179746665 kWh
2025-02-10 14:59 | INFO | Training Time Active Learning Classifier: 21.89 seconds
2025-02-10 15:00 | INFO | Training Time Active Learning Regressor: 1.35 seconds
2025-02-10 15:02 | INFO | Initial Active Learning Runtime on Validation Set: 81599.54
2025-02-10 15:02 | INFO | Initial Active Learning Runtime on Test Set: 257302.72
2025-02-10 15:02 | INFO | Initial Active Learning Instance Cost: 988263.67
2025-02-10 15:02 | INFO | Bin size = 1543
2025-02-10 15:03 | INFO | Query 1 Size of the uncertainty table is = 154280/154280
2025-02-10 15:03 | INFO | Query 1 Size of the filtered table is = 1543
2025-02-10 15:04 | INFO | Training Time Active Learning Classifier: 22.1 seconds
2025-02-10 15:04 | INFO | Training Time Active Learning Regressor: 1.7 seconds
2025-02-10 15:06 | INFO | Query 1 Active Learning Runtime on Validation Set: 84188.69
2025-02-10 15:06 | INFO | Query 1 Active Learning Runtime on Test Set: 41268.88
2025-02-10 15:06 | INFO | Query 1 Active Learning Instance Cost: 3840525.54
2025-02-10 15:06 | INFO | Timeout limit is increased to 3600
2025-02-10 15:08 | INFO | Query 2 Size of the uncertainty table is = 142495/154280
2025-02-10 15:08 | INFO | Query 2 Size of the filtered table is = 1543
2025-02-10 15:09 | INFO | Training Time Active Learning Classifier: 23.57 seconds
2025-02-10 15:09 | INFO | Training Time Active Learning Regressor: 2.03 seconds
2025-02-10 15:11 | INFO | Query 2 Active Learning Runtime on Validation Set: 85125.6
2025-02-10 15:11 | INFO | Query 2 Active Learning Runtime on Test Set: 41009.63
2025-02-10 15:11 | INFO | Query 2 Active Learning Instance Cost: 6714222.23
2025-02-10 15:11 | INFO | Timeout limit is increased to 3600
2025-02-10 15:13 | INFO | Query 3 Size of the uncertainty table is = 123970/154280
2025-02-10 15:13 | INFO | Query 3 Size of the filtered table is = 1543
2025-02-10 15:14 | INFO | Training Time Active Learning Classifier: 25.06 seconds
2025-02-10 15:14 | INFO | Training Time Active Learning Regressor: 2.28 seconds
2025-02-10 15:17 | INFO | Query 3 Active Learning Runtime on Validation Set: 119970.15
2025-02-10 15:17 | INFO | Query 3 Active Learning Runtime on Test Set: 41062.79
2025-02-10 15:17 | INFO | Query 3 Active Learning Instance Cost: 10377299.8
2025-02-10 15:17 | INFO | Timeout limit is increased to 3600
2025-02-10 15:19 | INFO | Query 4 Size of the uncertainty table is = 100955/154280
2025-02-10 15:19 | INFO | Query 4 Size of the filtered table is = 1543
2025-02-10 15:19 | INFO | Training Time Active Learning Classifier: 26.42 seconds
2025-02-10 15:20 | INFO | Training Time Active Learning Regressor: 2.48 seconds
2025-02-10 15:22 | INFO | Query 4 Active Learning Runtime on Validation Set: 84227.55
2025-02-10 15:22 | INFO | Query 4 Active Learning Runtime on Test Set: 40809.85
2025-02-10 15:22 | INFO | Query 4 Active Learning Instance Cost: 13609574.69
2025-02-10 15:24 | INFO | Query 5 Size of the uncertainty table is = 77922/154280
2025-02-10 15:24 | INFO | Query 5 Size of the filtered table is = 1543
2025-02-10 15:25 | INFO | Training Time Active Learning Classifier: 27.91 seconds
2025-02-10 15:25 | INFO | Training Time Active Learning Regressor: 2.69 seconds
2025-02-10 15:28 | INFO | Query 5 Active Learning Runtime on Validation Set: 46712.82
2025-02-10 15:28 | INFO | Query 5 Active Learning Runtime on Test Set: 39308.98
2025-02-10 15:28 | INFO | Query 5 Active Learning Instance Cost: 16223038.06
2025-02-10 15:29 | INFO | Query 6 Size of the uncertainty table is = 53632/154280
2025-02-10 15:29 | INFO | Query 6 Size of the filtered table is = 1543
2025-02-10 15:30 | INFO | Training Time Active Learning Classifier: 28.58 seconds
2025-02-10 15:30 | INFO | Training Time Active Learning Regressor: 2.79 seconds
2025-02-10 15:33 | INFO | Query 6 Active Learning Runtime on Validation Set: 84204.25
2025-02-10 15:33 | INFO | Query 6 Active Learning Runtime on Test Set: 40349.02
2025-02-10 15:33 | INFO | Query 6 Active Learning Instance Cost: 17632134.45
2025-02-10 15:33 | INFO | Timeout limit is increased to 3600
2025-02-10 15:34 | INFO | Query 7 Size of the uncertainty table is = 38990/154280
2025-02-10 15:34 | INFO | Query 7 Size of the filtered table is = 1543
2025-02-10 15:35 | INFO | Training Time Active Learning Classifier: 30.45 seconds
2025-02-10 15:35 | INFO | Training Time Active Learning Regressor: 3.04 seconds
2025-02-10 15:37 | INFO | Query 7 Active Learning Runtime on Validation Set: 46752.61
2025-02-10 15:37 | INFO | Query 7 Active Learning Runtime on Test Set: 39311.3
2025-02-10 15:37 | INFO | Query 7 Active Learning Instance Cost: 19071954.43
2025-02-10 15:38 | INFO | Query 8 Size of the uncertainty table is = 14927/154280
2025-02-10 15:38 | INFO | Query 8 Size of the filtered table is = 1543
2025-02-10 15:39 | INFO | Training Time Active Learning Classifier: 31.65 seconds
2025-02-10 15:39 | INFO | Training Time Active Learning Regressor: 3.11 seconds
2025-02-10 15:41 | INFO | Query 8 Active Learning Runtime on Validation Set: 46732.44
2025-02-10 15:41 | INFO | Query 8 Active Learning Runtime on Test Set: 39336.28
2025-02-10 15:41 | INFO | Query 8 Active Learning Instance Cost: 19457530.96
2025-02-10 15:42 | INFO | Query 9 Size of the uncertainty table is = 2615/154280
2025-02-10 15:42 | INFO | Query 9 Size of the filtered table is = 1543
2025-02-10 15:42 | INFO | Training Time Active Learning Classifier: 31.61 seconds
2025-02-10 15:42 | INFO | Training Time Active Learning Regressor: 3.11 seconds
2025-02-10 15:45 | INFO | Query 9 Active Learning Runtime on Validation Set: 46704.17
2025-02-10 15:45 | INFO | Query 9 Active Learning Runtime on Test Set: 39346.16
2025-02-10 15:45 | INFO | Query 9 Active Learning Instance Cost: 19478100.05
2025-02-10 15:45 | INFO | Active Learning Emissions: 0.03263275662385708
2025-02-10 15:45 | INFO | Active Learning Energy Consumption: 0.035505272505128076 kWh
2025-02-10 15:45 | INFO | runtime_test_score is written as json file
2025-02-10 15:45 | INFO | runtime_validation_score is written as json file
2025-02-10 15:45 | INFO | instance_cost is written as json file
2025-02-10 15:45 | INFO | Experiment is finished
