2025-02-11 09:47 | INFO | Paramaters are: {'dataset': 'QBF-2016', 'penalty': 10, 'weight': 'No_Weight', 'voting': 'Hard', 'pre_selection_size': 64, 'pre_selection_technique': 'No_pre_selection', 'feature_elimination_threshold': 20, 'imputer_strategy': 'median', 'feature_selection_technique': 'No_feature_selection', 'feature_scaling_technique': 'StandardScaler', 'initial_train_size': 20, 'query_size': 1, 'timeout_predictor_usage': 'No', 'pareto_features': {'PredDiff': 'max', 'PredCost': 'min'}, 'timeout_limit': 3600, 'timeout_increase_rate': 100, 'penalty_type': 'Only-timeout-penalty', 'RANDOM_STATE_SEED': 42, 'n_splits': 10, 'split_number': 0, 'max_timeout': 3600, 'param_grid': {'n_estimators': 100, 'max_features': 'sqrt', 'max_depth': 2147483648, 'min_samples_split': 2, 'bootstrap': True}}
2025-02-11 09:47 | INFO | QBF-2016 is current dataset
2025-02-11 09:47 | INFO | DATASETS/QBF-2016/algorithm_runs.arff is found
2025-02-11 09:47 | INFO | DATASETS/QBF-2016/algorithm_runs.arff is finished
2025-02-11 09:47 | INFO | DATASETS/QBF-2016/feature_values.arff is found
2025-02-11 09:47 | INFO | DATASETS/QBF-2016/feature_values.arff is finished
2025-02-11 09:47 | INFO | DATASETS/QBF-2016/feature_costs.arff is found
2025-02-11 09:47 | INFO | DATASETS/QBF-2016/feature_costs.arff is finished
2025-02-11 09:47 | INFO | Virtual best solver time in train = 7020.89
2025-02-11 09:47 | INFO | Single best solver list train = {'AIGSolve': 5303932.92, 'aqua-f3v': 7853659.5, 'aqua-s2v': 7746566.93, 'aqua-s3o': 7925540.96, 'caqe-minisat': 4727604.42, 'caqe-picosat': 4332882.19, 'depqbf-v1': 8467932.52, 'depqbf-v2': 4401747.34, 'depqbf-v3': 6275408.59, 'ghostq-cegar': 4509653.98, 'ghostq-plain': 4689815.3, 'hiqqer1': 4725171.87, 'hiqqer1ldsq': 4868186.56, 'hiqqer3': 4941806.39, 'iprover-QBF': 10845599.22, 'iprover-QBF-bloqqer': 11275057.27, 'qesto': 4763804.39, 'qestos': 6339327.34, 'qsts': 4684252.98, 'rareqs': 3286594.84, 'squeezebf+struqs': 11098303.83, 'struqs-10': 10990567.69, 'xb-bid-qsts': 2822895.13, 'xb-qsts': 3719763.64}
2025-02-11 09:47 | INFO | Single best solver time train = xb-bid-qsts (2822895.13)
2025-02-11 09:47 | INFO | Virtual best solver time in validation = 855.11
2025-02-11 09:47 | INFO | Single best solver list validation = {'AIGSolve': 649127.33, 'aqua-f3v': 1189793.59, 'aqua-s2v': 1224862.18, 'aqua-s3o': 1224761.78, 'caqe-minisat': 1334259.43, 'caqe-picosat': 1370319.72, 'depqbf-v1': 1621297.36, 'depqbf-v2': 902387.73, 'depqbf-v3': 1514643.95, 'ghostq-cegar': 1298864.87, 'ghostq-plain': 1765360.02, 'hiqqer1': 1297038.25, 'hiqqer1ldsq': 1297022.85, 'hiqqer3': 1332751.09, 'iprover-QBF': 2521473.71, 'iprover-QBF-bloqqer': 2809023.7, 'qesto': 1298032.6, 'qestos': 1332872.09, 'qsts': 1944494.96, 'rareqs': 937704.23, 'squeezebf+struqs': 1945408.98, 'struqs-10': 1945419.8, 'xb-bid-qsts': 686347.97, 'xb-qsts': 1154120.13}
2025-02-11 09:47 | INFO | Single best solver time validation = AIGSolve (649127.33)
2025-02-11 09:47 | INFO | Virtual best solver time in test = 480.8
2025-02-11 09:47 | INFO | Single best solver list test = {'AIGSolve': 542735.23, 'aqua-f3v': 1188261.57, 'aqua-s2v': 1188207.61, 'aqua-s3o': 1188238.83, 'caqe-minisat': 757313.76, 'caqe-picosat': 613934.27, 'depqbf-v1': 1152661.86, 'depqbf-v2': 649699.21, 'depqbf-v3': 901888.21, 'ghostq-cegar': 613480.5, 'ghostq-plain': 613641.56, 'hiqqer1': 793303.35, 'hiqqer1ldsq': 829313.83, 'hiqqer3': 758005.86, 'iprover-QBF': 1477849.11, 'iprover-QBF-bloqqer': 1621288.15, 'qesto': 613685.12, 'qestos': 1008081.12, 'qsts': 720308.79, 'rareqs': 468842.4, 'squeezebf+struqs': 1728837.39, 'struqs-10': 1728828.47, 'xb-bid-qsts': 361748.39, 'xb-qsts': 613371.74}
2025-02-11 09:47 | INFO | Single best solver time test = xb-bid-qsts (361748.39)
2025-02-11 09:48 | INFO | Training Time Passive Learning Classifier: 38.46 seconds
2025-02-11 09:48 | INFO | Training Time Passive Learning Regressor: 4.59 seconds
2025-02-11 09:51 | INFO | Passive Learning Classifier Runtime on Validation Set: 1045465.94
2025-02-11 09:51 | INFO | Passive Learning Classifier Runtime on Test Set: 289161.72
2025-02-11 09:51 | INFO | Passive Learning Instance Cost: 15261275.8
2025-02-11 09:51 | INFO | Passive Learning Emissions: 0.0023234116736368976
2025-02-11 09:51 | INFO | Passive Learning Energy Consumption: 0.0025279312307243044 kWh
2025-02-11 09:51 | INFO | Training Time Active Learning Classifier: 14.97 seconds
2025-02-11 09:51 | INFO | Training Time Active Learning Regressor: 1.12 seconds
2025-02-11 09:54 | INFO | Initial Active Learning Runtime on Validation Set: 1622510.79
2025-02-11 09:54 | INFO | Initial Active Learning Runtime on Test Set: 684843.52
2025-02-11 09:54 | INFO | Initial Active Learning Instance Cost: 402394.39
2025-02-11 09:54 | INFO | Bin size = 1455
2025-02-11 09:54 | INFO | Query 1 Size of the uncertainty table is = 145452/145452
2025-02-11 09:54 | INFO | Query 1 Size of the filtered table is = 1870
2025-02-11 09:55 | INFO | Training Time Active Learning Classifier: 15.36 seconds
2025-02-11 09:55 | INFO | Training Time Active Learning Regressor: 1.47 seconds
2025-02-11 09:57 | INFO | Query 1 Active Learning Runtime on Validation Set: 1369184.24
2025-02-11 09:57 | INFO | Query 1 Active Learning Runtime on Test Set: 612828.2899999999
2025-02-11 09:57 | INFO | Query 1 Active Learning Instance Cost: 1638804.76
2025-02-11 09:59 | INFO | Query 2 Size of the uncertainty table is = 137663/145452
2025-02-11 09:59 | INFO | Query 2 Size of the filtered table is = 1455
2025-02-11 09:59 | INFO | Training Time Active Learning Classifier: 16.14 seconds
2025-02-11 09:59 | INFO | Training Time Active Learning Regressor: 1.67 seconds
2025-02-11 10:01 | INFO | Query 2 Active Learning Runtime on Validation Set: 1333153.6400000001
2025-02-11 10:01 | INFO | Query 2 Active Learning Runtime on Test Set: 576881.08
2025-02-11 10:01 | INFO | Query 2 Active Learning Instance Cost: 1940291.69
2025-02-11 10:03 | INFO | Query 3 Size of the uncertainty table is = 130065/145452
2025-02-11 10:03 | INFO | Query 3 Size of the filtered table is = 1455
2025-02-11 10:03 | INFO | Training Time Active Learning Classifier: 17.21 seconds
2025-02-11 10:03 | INFO | Training Time Active Learning Regressor: 2.09 seconds
2025-02-11 10:06 | INFO | Query 3 Active Learning Runtime on Validation Set: 1477434.62
2025-02-11 10:06 | INFO | Query 3 Active Learning Runtime on Test Set: 505064.79
2025-02-11 10:06 | INFO | Query 3 Active Learning Instance Cost: 2130063.0
2025-02-11 10:06 | INFO | Timeout limit is increased to 3600
2025-02-11 10:07 | INFO | Query 4 Size of the uncertainty table is = 119260/145452
2025-02-11 10:07 | INFO | Query 4 Size of the filtered table is = 1455
2025-02-11 10:08 | INFO | Training Time Active Learning Classifier: 18.77 seconds
2025-02-11 10:08 | INFO | Training Time Active Learning Regressor: 2.21 seconds
2025-02-11 10:10 | INFO | Query 4 Active Learning Runtime on Validation Set: 1225549.09
2025-02-11 10:10 | INFO | Query 4 Active Learning Runtime on Test Set: 577080.69
2025-02-11 10:10 | INFO | Query 4 Active Learning Instance Cost: 2736464.0
2025-02-11 10:12 | INFO | Query 5 Size of the uncertainty table is = 110353/145452
2025-02-11 10:12 | INFO | Query 5 Size of the filtered table is = 1455
2025-02-11 10:13 | INFO | Training Time Active Learning Classifier: 20.34 seconds
2025-02-11 10:13 | INFO | Training Time Active Learning Regressor: 2.45 seconds
2025-02-11 10:15 | INFO | Query 5 Active Learning Runtime on Validation Set: 1153225.86
2025-02-11 10:15 | INFO | Query 5 Active Learning Runtime on Test Set: 612690.6799999999
2025-02-11 10:15 | INFO | Query 5 Active Learning Instance Cost: 3278191.15
2025-02-11 10:17 | INFO | Query 6 Size of the uncertainty table is = 102324/145452
2025-02-11 10:17 | INFO | Query 6 Size of the filtered table is = 1455
2025-02-11 10:17 | INFO | Training Time Active Learning Classifier: 21.95 seconds
2025-02-11 10:17 | INFO | Training Time Active Learning Regressor: 2.69 seconds
2025-02-11 10:20 | INFO | Query 6 Active Learning Runtime on Validation Set: 1225463.7100000002
2025-02-11 10:20 | INFO | Query 6 Active Learning Runtime on Test Set: 540968.46
2025-02-11 10:20 | INFO | Query 6 Active Learning Instance Cost: 3854819.73
2025-02-11 10:20 | INFO | Timeout limit is increased to 3600
2025-02-11 10:22 | INFO | Query 7 Size of the uncertainty table is = 93928/145452
2025-02-11 10:22 | INFO | Query 7 Size of the filtered table is = 1455
2025-02-11 10:22 | INFO | Training Time Active Learning Classifier: 23.35 seconds
2025-02-11 10:22 | INFO | Training Time Active Learning Regressor: 2.91 seconds
2025-02-11 10:25 | INFO | Query 7 Active Learning Runtime on Validation Set: 1477074.9300000002
2025-02-11 10:25 | INFO | Query 7 Active Learning Runtime on Test Set: 648932.03
2025-02-11 10:25 | INFO | Query 7 Active Learning Instance Cost: 4658628.81
2025-02-11 10:25 | INFO | Timeout limit is increased to 3600
2025-02-11 10:26 | INFO | Query 8 Size of the uncertainty table is = 86210/145452
2025-02-11 10:26 | INFO | Query 8 Size of the filtered table is = 1455
2025-02-11 10:27 | INFO | Training Time Active Learning Classifier: 24.66 seconds
2025-02-11 10:27 | INFO | Training Time Active Learning Regressor: 3.08 seconds
2025-02-11 10:30 | INFO | Query 8 Active Learning Runtime on Validation Set: 1549170.4200000002
2025-02-11 10:30 | INFO | Query 8 Active Learning Runtime on Test Set: 576934.0599999999
2025-02-11 10:30 | INFO | Query 8 Active Learning Instance Cost: 5342192.43
2025-02-11 10:30 | INFO | Timeout limit is increased to 3600
2025-02-11 10:31 | INFO | Query 9 Size of the uncertainty table is = 79067/145452
2025-02-11 10:31 | INFO | Query 9 Size of the filtered table is = 1455
2025-02-11 10:32 | INFO | Training Time Active Learning Classifier: 26.14 seconds
2025-02-11 10:32 | INFO | Training Time Active Learning Regressor: 3.24 seconds
2025-02-11 10:34 | INFO | Query 9 Active Learning Runtime on Validation Set: 1585182.31
2025-02-11 10:34 | INFO | Query 9 Active Learning Runtime on Test Set: 613064.25
2025-02-11 10:34 | INFO | Query 9 Active Learning Instance Cost: 6115382.89
2025-02-11 10:34 | INFO | Timeout limit is increased to 3600
2025-02-11 10:36 | INFO | Query 10 Size of the uncertainty table is = 72546/145452
2025-02-11 10:36 | INFO | Query 10 Size of the filtered table is = 1455
2025-02-11 10:37 | INFO | Training Time Active Learning Classifier: 27.41 seconds
2025-02-11 10:37 | INFO | Training Time Active Learning Regressor: 3.39 seconds
2025-02-11 10:39 | INFO | Query 10 Active Learning Runtime on Validation Set: 1585607.82
2025-02-11 10:39 | INFO | Query 10 Active Learning Runtime on Test Set: 540730.4299999999
2025-02-11 10:39 | INFO | Query 10 Active Learning Instance Cost: 6887898.74
2025-02-11 10:39 | INFO | Timeout limit is increased to 3600
2025-02-11 10:41 | INFO | Query 11 Size of the uncertainty table is = 65884/145452
2025-02-11 10:41 | INFO | Query 11 Size of the filtered table is = 1455
2025-02-11 10:41 | INFO | Training Time Active Learning Classifier: 28.96 seconds
2025-02-11 10:42 | INFO | Training Time Active Learning Regressor: 3.57 seconds
2025-02-11 10:44 | INFO | Query 11 Active Learning Runtime on Validation Set: 1549539.75
2025-02-11 10:44 | INFO | Query 11 Active Learning Runtime on Test Set: 612728.87
2025-02-11 10:44 | INFO | Query 11 Active Learning Instance Cost: 7734898.67
2025-02-11 10:46 | INFO | Query 12 Size of the uncertainty table is = 56926/145452
2025-02-11 10:46 | INFO | Query 12 Size of the filtered table is = 1455
2025-02-11 10:46 | INFO | Training Time Active Learning Classifier: 30.88 seconds
2025-02-11 10:46 | INFO | Training Time Active Learning Regressor: 3.76 seconds
2025-02-11 10:49 | INFO | Query 12 Active Learning Runtime on Validation Set: 1442093.61
2025-02-11 10:49 | INFO | Query 12 Active Learning Runtime on Test Set: 504951.76999999996
2025-02-11 10:49 | INFO | Query 12 Active Learning Instance Cost: 8634463.12
2025-02-11 10:50 | INFO | Query 13 Size of the uncertainty table is = 47459/145452
2025-02-11 10:50 | INFO | Query 13 Size of the filtered table is = 1455
2025-02-11 10:51 | INFO | Training Time Active Learning Classifier: 32.81 seconds
2025-02-11 10:51 | INFO | Training Time Active Learning Regressor: 3.94 seconds
2025-02-11 10:53 | INFO | Query 13 Active Learning Runtime on Validation Set: 1298033.4000000001
2025-02-11 10:53 | INFO | Query 13 Active Learning Runtime on Test Set: 397076.82999999996
2025-02-11 10:53 | INFO | Query 13 Active Learning Instance Cost: 9411480.01
2025-02-11 10:55 | INFO | Query 14 Size of the uncertainty table is = 38819/145452
2025-02-11 10:55 | INFO | Query 14 Size of the filtered table is = 1455
2025-02-11 10:55 | INFO | Training Time Active Learning Classifier: 34.4 seconds
2025-02-11 10:55 | INFO | Training Time Active Learning Regressor: 4.12 seconds
2025-02-11 10:58 | INFO | Query 14 Active Learning Runtime on Validation Set: 1333526.3900000001
2025-02-11 10:58 | INFO | Query 14 Active Learning Runtime on Test Set: 361085.98
2025-02-11 10:58 | INFO | Query 14 Active Learning Instance Cost: 10184079.3
2025-02-11 10:58 | INFO | Timeout limit is increased to 3600
2025-02-11 10:59 | INFO | Query 15 Size of the uncertainty table is = 30667/145452
2025-02-11 10:59 | INFO | Query 15 Size of the filtered table is = 1455
2025-02-11 11:00 | INFO | Training Time Active Learning Classifier: 35.67 seconds
2025-02-11 11:00 | INFO | Training Time Active Learning Regressor: 4.22 seconds
2025-02-11 11:02 | INFO | Query 15 Active Learning Runtime on Validation Set: 1261237.73
2025-02-11 11:02 | INFO | Query 15 Active Learning Runtime on Test Set: 360977.24
2025-02-11 11:02 | INFO | Query 15 Active Learning Instance Cost: 11240374.75
2025-02-11 11:03 | INFO | Query 16 Size of the uncertainty table is = 22809/145452
2025-02-11 11:03 | INFO | Query 16 Size of the filtered table is = 1455
2025-02-11 11:04 | INFO | Training Time Active Learning Classifier: 36.43 seconds
2025-02-11 11:04 | INFO | Training Time Active Learning Regressor: 4.32 seconds
2025-02-11 11:06 | INFO | Query 16 Active Learning Runtime on Validation Set: 1405163.77
2025-02-11 11:06 | INFO | Query 16 Active Learning Runtime on Test Set: 325129.04
2025-02-11 11:06 | INFO | Query 16 Active Learning Instance Cost: 11910476.46
2025-02-11 11:06 | INFO | Timeout limit is increased to 3600
2025-02-11 11:07 | INFO | Query 17 Size of the uncertainty table is = 17835/145452
2025-02-11 11:07 | INFO | Query 17 Size of the filtered table is = 1455
2025-02-11 11:08 | INFO | Training Time Active Learning Classifier: 37.25 seconds
2025-02-11 11:08 | INFO | Training Time Active Learning Regressor: 4.4 seconds
2025-02-11 11:10 | INFO | Query 17 Active Learning Runtime on Validation Set: 1117329.6900000002
2025-02-11 11:10 | INFO | Query 17 Active Learning Runtime on Test Set: 289161.97
2025-02-11 11:10 | INFO | Query 17 Active Learning Instance Cost: 12784297.37
2025-02-11 11:11 | INFO | Query 18 Size of the uncertainty table is = 13040/145452
2025-02-11 11:11 | INFO | Query 18 Size of the filtered table is = 1455
2025-02-11 11:12 | INFO | Training Time Active Learning Classifier: 38.15 seconds
2025-02-11 11:12 | INFO | Training Time Active Learning Regressor: 4.49 seconds
2025-02-11 11:14 | INFO | Query 18 Active Learning Runtime on Validation Set: 1117392.8900000001
2025-02-11 11:14 | INFO | Query 18 Active Learning Runtime on Test Set: 361110.18
2025-02-11 11:14 | INFO | Query 18 Active Learning Instance Cost: 13447097.58
2025-02-11 11:14 | INFO | Timeout limit is increased to 3600
2025-02-11 11:15 | INFO | Query 19 Size of the uncertainty table is = 7324/145452
2025-02-11 11:15 | INFO | Query 19 Size of the filtered table is = 1455
2025-02-11 11:15 | INFO | Training Time Active Learning Classifier: 38.56 seconds
2025-02-11 11:16 | INFO | Training Time Active Learning Regressor: 4.57 seconds
2025-02-11 11:18 | INFO | Query 19 Active Learning Runtime on Validation Set: 1189384.9000000001
2025-02-11 11:18 | INFO | Query 19 Active Learning Runtime on Test Set: 253164.31
2025-02-11 11:18 | INFO | Query 19 Active Learning Instance Cost: 14367734.04
2025-02-11 11:18 | INFO | Timeout limit is increased to 3600
2025-02-11 11:18 | INFO | Query 20 Size of the uncertainty table is = 3907/145452
2025-02-11 11:18 | INFO | Query 20 Size of the filtered table is = 1455
2025-02-11 11:19 | INFO | Training Time Active Learning Classifier: 38.5 seconds
2025-02-11 11:19 | INFO | Training Time Active Learning Regressor: 4.66 seconds
2025-02-11 11:22 | INFO | Query 20 Active Learning Runtime on Validation Set: 1117488.12
2025-02-11 11:22 | INFO | Query 20 Active Learning Runtime on Test Set: 253166.95
2025-02-11 11:22 | INFO | Query 20 Active Learning Instance Cost: 15261275.8
2025-02-11 11:22 | INFO | Active Learning Emissions: 0.0644635690576544
2025-02-11 11:22 | INFO | Active Learning Energy Consumption: 0.07013800925331184 kWh
2025-02-11 11:22 | INFO | runtime_test_score is written as json file
2025-02-11 11:22 | INFO | runtime_validation_score is written as json file
2025-02-11 11:22 | INFO | instance_cost is written as json file
2025-02-11 11:22 | INFO | Experiment is finished
