2025-02-11 05:33 | INFO | Paramaters are: {'dataset': 'MAXSAT12-PMS', 'penalty': 10, 'weight': 'No_Weight', 'voting': 'Hard', 'pre_selection_size': 64, 'pre_selection_technique': 'No_pre_selection', 'feature_elimination_threshold': 20, 'imputer_strategy': 'median', 'feature_selection_technique': 'No_feature_selection', 'feature_scaling_technique': 'StandardScaler', 'initial_train_size': 20, 'query_size': 1, 'timeout_predictor_usage': 'No', 'pareto_features': {'Uncertainty': 'max', 'PredCost': 'min'}, 'timeout_limit': 3600, 'timeout_increase_rate': 100, 'penalty_type': 'Only-timeout-penalty', 'RANDOM_STATE_SEED': 42, 'n_splits': 10, 'split_number': 0, 'max_timeout': 3600, 'param_grid': {'n_estimators': 100, 'max_features': 'sqrt', 'max_depth': 2147483648, 'min_samples_split': 2, 'bootstrap': True}}
2025-02-11 05:33 | INFO | MAXSAT12-PMS is current dataset
2025-02-11 05:33 | INFO | DATASETS/MAXSAT12-PMS/algorithm_runs.csv is found
2025-02-11 05:33 | INFO | DATASETS/MAXSAT12-PMS/algorithm_runs.csv is finished
2025-02-11 05:33 | INFO | DATASETS/MAXSAT12-PMS/feature_values.csv is found
2025-02-11 05:33 | INFO | DATASETS/MAXSAT12-PMS/feature_values.csv is finished
2025-02-11 05:33 | INFO | DATASETS/MAXSAT12-PMS/feature_costs.csv is found
2025-02-11 05:33 | INFO | DATASETS/MAXSAT12-PMS/feature_costs.csv is finished
2025-02-11 05:33 | INFO | Virtual best solver time in train = 20051.43
2025-02-11 05:33 | INFO | Single best solver list train = {'DSWPM1_924': 8619197.84, 'akmaxsat': 7873616.64, 'akmaxsat_ls': 7873641.19, 'pwbo2.1': 4271143.76, 'qmaxsat0.21comp': 2130384.61, 'qmaxsat0.21g2comp': 2481450.61}
2025-02-11 05:33 | INFO | Single best solver time train = qmaxsat0.21comp (2130384.61)
2025-02-11 05:33 | INFO | Virtual best solver time in validation = 7868.13
2025-02-11 05:33 | INFO | Single best solver list validation = {'DSWPM1_924': 2350927.53, 'akmaxsat': 4220275.44, 'akmaxsat_ls': 4220275.29, 'pwbo2.1': 840049.63, 'qmaxsat0.21comp': 732036.03, 'qmaxsat0.21g2comp': 8634.38}
2025-02-11 05:33 | INFO | Single best solver time validation = qmaxsat0.21g2comp (8634.38)
2025-02-11 05:33 | INFO | Virtual best solver time in test = 2633.53
2025-02-11 05:33 | INFO | Single best solver list test = {'DSWPM1_924': 1302623.6, 'akmaxsat': 1339079.58, 'akmaxsat_ls': 1339051.83, 'pwbo2.1': 399875.91, 'qmaxsat0.21comp': 183785.39, 'qmaxsat0.21g2comp': 182306.27}
2025-02-11 05:33 | INFO | Single best solver time test = qmaxsat0.21g2comp (182306.27)
2025-02-11 05:33 | INFO | Training Time Passive Learning Classifier: 1.58 seconds
2025-02-11 05:33 | INFO | Training Time Passive Learning Regressor: 0.83 seconds
2025-02-11 05:34 | INFO | Passive Learning Classifier Runtime on Validation Set: 8554.7
2025-02-11 05:34 | INFO | Passive Learning Classifier Runtime on Test Set: 3063.57
2025-02-11 05:34 | INFO | Passive Learning Instance Cost: 3506234.65
2025-02-11 05:34 | INFO | Passive Learning Emissions: 0.00012307950486547482
2025-02-11 05:34 | INFO | Passive Learning Energy Consumption: 0.00013391364420773852 kWh
2025-02-11 05:34 | INFO | Training Time Active Learning Classifier: 0.79 seconds
2025-02-11 05:34 | INFO | Training Time Active Learning Regressor: 0.27 seconds
2025-02-11 05:34 | INFO | Initial Active Learning Runtime on Validation Set: 227584.78
2025-02-11 05:34 | INFO | Initial Active Learning Runtime on Test Set: 145798.75
2025-02-11 05:34 | INFO | Initial Active Learning Instance Cost: 128681.88
2025-02-11 05:34 | INFO | Bin size = 78
2025-02-11 05:34 | INFO | Query 1 Size of the uncertainty table is = 7755/7755
2025-02-11 05:34 | INFO | Query 1 Size of the filtered table is = 78
2025-02-11 05:34 | INFO | Training Time Active Learning Classifier: 0.79 seconds
2025-02-11 05:34 | INFO | Training Time Active Learning Regressor: 0.3 seconds
2025-02-11 05:34 | INFO | Query 1 Active Learning Runtime on Validation Set: 8637.320000000002
2025-02-11 05:34 | INFO | Query 1 Active Learning Runtime on Test Set: 145771.36
2025-02-11 05:34 | INFO | Query 1 Active Learning Instance Cost: 168795.63
2025-02-11 05:34 | INFO | Query 2 Size of the uncertainty table is = 7676/7755
2025-02-11 05:34 | INFO | Query 2 Size of the filtered table is = 78
2025-02-11 05:34 | INFO | Training Time Active Learning Classifier: 0.8 seconds
2025-02-11 05:34 | INFO | Training Time Active Learning Regressor: 0.32 seconds
2025-02-11 05:34 | INFO | Query 2 Active Learning Runtime on Validation Set: 8656.75
2025-02-11 05:34 | INFO | Query 2 Active Learning Runtime on Test Set: 145786.98
2025-02-11 05:34 | INFO | Query 2 Active Learning Instance Cost: 184637.28
2025-02-11 05:34 | INFO | Timeout limit is increased to 3600
2025-02-11 05:34 | INFO | Query 3 Size of the uncertainty table is = 7586/7755
2025-02-11 05:34 | INFO | Query 3 Size of the filtered table is = 78
2025-02-11 05:34 | INFO | Training Time Active Learning Classifier: 0.81 seconds
2025-02-11 05:34 | INFO | Training Time Active Learning Regressor: 0.35 seconds
2025-02-11 05:34 | INFO | Query 3 Active Learning Runtime on Validation Set: 8848.85
2025-02-11 05:34 | INFO | Query 3 Active Learning Runtime on Test Set: 145655.88
2025-02-11 05:34 | INFO | Query 3 Active Learning Instance Cost: 191703.2
2025-02-11 05:34 | INFO | Timeout limit is increased to 3600
2025-02-11 05:34 | INFO | Query 4 Size of the uncertainty table is = 7469/7755
2025-02-11 05:34 | INFO | Query 4 Size of the filtered table is = 78
2025-02-11 05:34 | INFO | Training Time Active Learning Classifier: 0.82 seconds
2025-02-11 05:35 | INFO | Training Time Active Learning Regressor: 0.36 seconds
2025-02-11 05:35 | INFO | Query 4 Active Learning Runtime on Validation Set: 8840.83
2025-02-11 05:35 | INFO | Query 4 Active Learning Runtime on Test Set: 145574.86
2025-02-11 05:35 | INFO | Query 4 Active Learning Instance Cost: 196538.57
2025-02-11 05:35 | INFO | Query 5 Size of the uncertainty table is = 7378/7755
2025-02-11 05:35 | INFO | Query 5 Size of the filtered table is = 78
2025-02-11 05:35 | INFO | Training Time Active Learning Classifier: 0.83 seconds
2025-02-11 05:35 | INFO | Training Time Active Learning Regressor: 0.46 seconds
2025-02-11 05:35 | INFO | Query 5 Active Learning Runtime on Validation Set: 8735.49
2025-02-11 05:35 | INFO | Query 5 Active Learning Runtime on Test Set: 145600.43
2025-02-11 05:35 | INFO | Query 5 Active Learning Instance Cost: 224363.68
2025-02-11 05:35 | INFO | Query 6 Size of the uncertainty table is = 7269/7755
2025-02-11 05:35 | INFO | Query 6 Size of the filtered table is = 78
2025-02-11 05:35 | INFO | Training Time Active Learning Classifier: 0.84 seconds
2025-02-11 05:35 | INFO | Training Time Active Learning Regressor: 0.4 seconds
2025-02-11 05:35 | INFO | Query 6 Active Learning Runtime on Validation Set: 8725.77
2025-02-11 05:35 | INFO | Query 6 Active Learning Runtime on Test Set: 145585.43
2025-02-11 05:35 | INFO | Query 6 Active Learning Instance Cost: 252903.65
2025-02-11 05:35 | INFO | Query 7 Size of the uncertainty table is = 7137/7755
2025-02-11 05:35 | INFO | Query 7 Size of the filtered table is = 78
2025-02-11 05:35 | INFO | Training Time Active Learning Classifier: 0.86 seconds
2025-02-11 05:35 | INFO | Training Time Active Learning Regressor: 0.42 seconds
2025-02-11 05:35 | INFO | Query 7 Active Learning Runtime on Validation Set: 8690.33
2025-02-11 05:35 | INFO | Query 7 Active Learning Runtime on Test Set: 145576.84
2025-02-11 05:35 | INFO | Query 7 Active Learning Instance Cost: 285006.78
2025-02-11 05:35 | INFO | Query 8 Size of the uncertainty table is = 7009/7755
2025-02-11 05:35 | INFO | Query 8 Size of the filtered table is = 78
2025-02-11 05:35 | INFO | Training Time Active Learning Classifier: 0.88 seconds
2025-02-11 05:35 | INFO | Training Time Active Learning Regressor: 0.44 seconds
2025-02-11 05:35 | INFO | Query 8 Active Learning Runtime on Validation Set: 8746.720000000001
2025-02-11 05:35 | INFO | Query 8 Active Learning Runtime on Test Set: 145647.8
2025-02-11 05:35 | INFO | Query 8 Active Learning Instance Cost: 289730.85
2025-02-11 05:35 | INFO | Timeout limit is increased to 3600
2025-02-11 05:36 | INFO | Query 9 Size of the uncertainty table is = 6864/7755
2025-02-11 05:36 | INFO | Query 9 Size of the filtered table is = 78
2025-02-11 05:36 | INFO | Training Time Active Learning Classifier: 0.9 seconds
2025-02-11 05:36 | INFO | Training Time Active Learning Regressor: 0.46 seconds
2025-02-11 05:36 | INFO | Query 9 Active Learning Runtime on Validation Set: 8690.78
2025-02-11 05:36 | INFO | Query 9 Active Learning Runtime on Test Set: 145573.74
2025-02-11 05:36 | INFO | Query 9 Active Learning Instance Cost: 304133.74
2025-02-11 05:36 | INFO | Query 10 Size of the uncertainty table is = 6668/7755
2025-02-11 05:36 | INFO | Query 10 Size of the filtered table is = 78
2025-02-11 05:36 | INFO | Training Time Active Learning Classifier: 0.93 seconds
2025-02-11 05:36 | INFO | Training Time Active Learning Regressor: 0.48 seconds
2025-02-11 05:36 | INFO | Query 10 Active Learning Runtime on Validation Set: 8671.25
2025-02-11 05:36 | INFO | Query 10 Active Learning Runtime on Test Set: 145573.32
2025-02-11 05:36 | INFO | Query 10 Active Learning Instance Cost: 316824.3
2025-02-11 05:36 | INFO | Query 11 Size of the uncertainty table is = 6459/7755
2025-02-11 05:36 | INFO | Query 11 Size of the filtered table is = 78
2025-02-11 05:36 | INFO | Training Time Active Learning Classifier: 0.95 seconds
2025-02-11 05:36 | INFO | Training Time Active Learning Regressor: 0.5 seconds
2025-02-11 05:36 | INFO | Query 11 Active Learning Runtime on Validation Set: 8687.99
2025-02-11 05:36 | INFO | Query 11 Active Learning Runtime on Test Set: 109577.13
2025-02-11 05:36 | INFO | Query 11 Active Learning Instance Cost: 345315.83
2025-02-11 05:36 | INFO | Timeout limit is increased to 3600
2025-02-11 05:36 | INFO | Query 12 Size of the uncertainty table is = 6284/7755
2025-02-11 05:36 | INFO | Query 12 Size of the filtered table is = 78
2025-02-11 05:36 | INFO | Training Time Active Learning Classifier: 0.97 seconds
2025-02-11 05:36 | INFO | Training Time Active Learning Regressor: 0.53 seconds
2025-02-11 05:36 | INFO | Query 12 Active Learning Runtime on Validation Set: 8690.33
2025-02-11 05:36 | INFO | Query 12 Active Learning Runtime on Test Set: 109616.34
2025-02-11 05:36 | INFO | Query 12 Active Learning Instance Cost: 380133.23
2025-02-11 05:36 | INFO | Timeout limit is increased to 3600
2025-02-11 05:36 | INFO | Query 13 Size of the uncertainty table is = 6118/7755
2025-02-11 05:36 | INFO | Query 13 Size of the filtered table is = 78
2025-02-11 05:36 | INFO | Training Time Active Learning Classifier: 0.99 seconds
2025-02-11 05:36 | INFO | Training Time Active Learning Regressor: 0.54 seconds
2025-02-11 05:37 | INFO | Query 13 Active Learning Runtime on Validation Set: 8589.550000000001
2025-02-11 05:37 | INFO | Query 13 Active Learning Runtime on Test Set: 109921.87
2025-02-11 05:37 | INFO | Query 13 Active Learning Instance Cost: 396592.11
2025-02-11 05:37 | INFO | Query 14 Size of the uncertainty table is = 5964/7755
2025-02-11 05:37 | INFO | Query 14 Size of the filtered table is = 78
2025-02-11 05:37 | INFO | Training Time Active Learning Classifier: 1.01 seconds
2025-02-11 05:37 | INFO | Training Time Active Learning Regressor: 0.56 seconds
2025-02-11 05:37 | INFO | Query 14 Active Learning Runtime on Validation Set: 8510.7
2025-02-11 05:37 | INFO | Query 14 Active Learning Runtime on Test Set: 109547.34
2025-02-11 05:37 | INFO | Query 14 Active Learning Instance Cost: 436783.79
2025-02-11 05:37 | INFO | Query 15 Size of the uncertainty table is = 5790/7755
2025-02-11 05:37 | INFO | Query 15 Size of the filtered table is = 78
2025-02-11 05:37 | INFO | Training Time Active Learning Classifier: 1.04 seconds
2025-02-11 05:37 | INFO | Training Time Active Learning Regressor: 0.57 seconds
2025-02-11 05:37 | INFO | Query 15 Active Learning Runtime on Validation Set: 8510.7
2025-02-11 05:37 | INFO | Query 15 Active Learning Runtime on Test Set: 109804.45999999999
2025-02-11 05:37 | INFO | Query 15 Active Learning Instance Cost: 506901.35
2025-02-11 05:37 | INFO | Timeout limit is increased to 3600
2025-02-11 05:37 | INFO | Query 16 Size of the uncertainty table is = 5582/7755
2025-02-11 05:37 | INFO | Query 16 Size of the filtered table is = 78
2025-02-11 05:37 | INFO | Training Time Active Learning Classifier: 1.07 seconds
2025-02-11 05:37 | INFO | Training Time Active Learning Regressor: 0.58 seconds
2025-02-11 05:37 | INFO | Query 16 Active Learning Runtime on Validation Set: 8532.12
2025-02-11 05:37 | INFO | Query 16 Active Learning Runtime on Test Set: 75258.0
2025-02-11 05:37 | INFO | Query 16 Active Learning Instance Cost: 559000.49
2025-02-11 05:37 | INFO | Timeout limit is increased to 3600
2025-02-11 05:37 | INFO | Query 17 Size of the uncertainty table is = 5402/7755
2025-02-11 05:37 | INFO | Query 17 Size of the filtered table is = 78
2025-02-11 05:37 | INFO | Training Time Active Learning Classifier: 1.09 seconds
2025-02-11 05:37 | INFO | Training Time Active Learning Regressor: 0.6 seconds
2025-02-11 05:37 | INFO | Query 17 Active Learning Runtime on Validation Set: 8485.43
2025-02-11 05:37 | INFO | Query 17 Active Learning Runtime on Test Set: 75720.86
2025-02-11 05:37 | INFO | Query 17 Active Learning Instance Cost: 632180.72
2025-02-11 05:38 | INFO | Query 18 Size of the uncertainty table is = 5227/7755
2025-02-11 05:38 | INFO | Query 18 Size of the filtered table is = 78
2025-02-11 05:38 | INFO | Training Time Active Learning Classifier: 1.11 seconds
2025-02-11 05:38 | INFO | Training Time Active Learning Regressor: 0.62 seconds
2025-02-11 05:38 | INFO | Query 18 Active Learning Runtime on Validation Set: 8513.04
2025-02-11 05:38 | INFO | Query 18 Active Learning Runtime on Test Set: 75165.7
2025-02-11 05:38 | INFO | Query 18 Active Learning Instance Cost: 672900.92
2025-02-11 05:38 | INFO | Timeout limit is increased to 3600
2025-02-11 05:38 | INFO | Query 19 Size of the uncertainty table is = 5069/7755
2025-02-11 05:38 | INFO | Query 19 Size of the filtered table is = 78
2025-02-11 05:38 | INFO | Training Time Active Learning Classifier: 1.14 seconds
2025-02-11 05:38 | INFO | Training Time Active Learning Regressor: 0.64 seconds
2025-02-11 05:38 | INFO | Query 19 Active Learning Runtime on Validation Set: 154523.07
2025-02-11 05:38 | INFO | Query 19 Active Learning Runtime on Test Set: 3261.0400000000004
2025-02-11 05:38 | INFO | Query 19 Active Learning Instance Cost: 773685.99
2025-02-11 05:38 | INFO | Timeout limit is increased to 3600
2025-02-11 05:38 | INFO | Query 20 Size of the uncertainty table is = 4837/7755
2025-02-11 05:38 | INFO | Query 20 Size of the filtered table is = 78
2025-02-11 05:38 | INFO | Training Time Active Learning Classifier: 1.17 seconds
2025-02-11 05:38 | INFO | Training Time Active Learning Regressor: 0.66 seconds
2025-02-11 05:38 | INFO | Query 20 Active Learning Runtime on Validation Set: 8513.04
2025-02-11 05:38 | INFO | Query 20 Active Learning Runtime on Test Set: 3291.3
2025-02-11 05:38 | INFO | Query 20 Active Learning Instance Cost: 818418.78
2025-02-11 05:38 | INFO | Query 21 Size of the uncertainty table is = 4681/7755
2025-02-11 05:38 | INFO | Query 21 Size of the filtered table is = 78
2025-02-11 05:38 | INFO | Training Time Active Learning Classifier: 1.19 seconds
2025-02-11 05:38 | INFO | Training Time Active Learning Regressor: 0.67 seconds
2025-02-11 05:38 | INFO | Query 21 Active Learning Runtime on Validation Set: 151883.66
2025-02-11 05:38 | INFO | Query 21 Active Learning Runtime on Test Set: 3483.7000000000003
2025-02-11 05:38 | INFO | Query 21 Active Learning Instance Cost: 871185.54
2025-02-11 05:38 | INFO | Timeout limit is increased to 3600
2025-02-11 05:38 | INFO | Query 22 Size of the uncertainty table is = 4489/7755
2025-02-11 05:38 | INFO | Query 22 Size of the filtered table is = 78
2025-02-11 05:38 | INFO | Training Time Active Learning Classifier: 1.22 seconds
2025-02-11 05:38 | INFO | Training Time Active Learning Regressor: 0.69 seconds
2025-02-11 05:39 | INFO | Query 22 Active Learning Runtime on Validation Set: 332676.37000000005
2025-02-11 05:39 | INFO | Query 22 Active Learning Runtime on Test Set: 3081.42
2025-02-11 05:39 | INFO | Query 22 Active Learning Instance Cost: 955498.66
2025-02-11 05:39 | INFO | Timeout limit is increased to 3600
2025-02-11 05:39 | INFO | Query 23 Size of the uncertainty table is = 4237/7755
2025-02-11 05:39 | INFO | Query 23 Size of the filtered table is = 78
2025-02-11 05:39 | INFO | Training Time Active Learning Classifier: 1.25 seconds
2025-02-11 05:39 | INFO | Training Time Active Learning Regressor: 0.71 seconds
2025-02-11 05:39 | INFO | Query 23 Active Learning Runtime on Validation Set: 332676.37000000005
2025-02-11 05:39 | INFO | Query 23 Active Learning Runtime on Test Set: 3081.55
2025-02-11 05:39 | INFO | Query 23 Active Learning Instance Cost: 1030721.97
2025-02-11 05:39 | INFO | Timeout limit is increased to 3600
2025-02-11 05:39 | INFO | Query 24 Size of the uncertainty table is = 3960/7755
2025-02-11 05:39 | INFO | Query 24 Size of the filtered table is = 78
2025-02-11 05:39 | INFO | Training Time Active Learning Classifier: 1.29 seconds
2025-02-11 05:39 | INFO | Training Time Active Learning Regressor: 0.72 seconds
2025-02-11 05:39 | INFO | Query 24 Active Learning Runtime on Validation Set: 8532.12
2025-02-11 05:39 | INFO | Query 24 Active Learning Runtime on Test Set: 3072.59
2025-02-11 05:39 | INFO | Query 24 Active Learning Instance Cost: 1157975.91
2025-02-11 05:39 | INFO | Query 25 Size of the uncertainty table is = 3647/7755
2025-02-11 05:39 | INFO | Query 25 Size of the filtered table is = 78
2025-02-11 05:39 | INFO | Training Time Active Learning Classifier: 1.32 seconds
2025-02-11 05:39 | INFO | Training Time Active Learning Regressor: 0.73 seconds
2025-02-11 05:39 | INFO | Query 25 Active Learning Runtime on Validation Set: 81105.61
2025-02-11 05:39 | INFO | Query 25 Active Learning Runtime on Test Set: 38830.119999999995
2025-02-11 05:39 | INFO | Query 25 Active Learning Instance Cost: 1335615.09
2025-02-11 05:39 | INFO | Timeout limit is increased to 3600
2025-02-11 05:39 | INFO | Query 26 Size of the uncertainty table is = 3308/7755
2025-02-11 05:39 | INFO | Query 26 Size of the filtered table is = 78
2025-02-11 05:39 | INFO | Training Time Active Learning Classifier: 1.34 seconds
2025-02-11 05:39 | INFO | Training Time Active Learning Regressor: 0.73 seconds
2025-02-11 05:40 | INFO | Query 26 Active Learning Runtime on Validation Set: 8529.78
2025-02-11 05:40 | INFO | Query 26 Active Learning Runtime on Test Set: 3081.55
2025-02-11 05:40 | INFO | Query 26 Active Learning Instance Cost: 1498982.76
2025-02-11 05:40 | INFO | Query 27 Size of the uncertainty table is = 3044/7755
2025-02-11 05:40 | INFO | Query 27 Size of the filtered table is = 78
2025-02-11 05:40 | INFO | Training Time Active Learning Classifier: 1.37 seconds
2025-02-11 05:40 | INFO | Training Time Active Learning Regressor: 0.75 seconds
2025-02-11 05:40 | INFO | Query 27 Active Learning Runtime on Validation Set: 115986.33
2025-02-11 05:40 | INFO | Query 27 Active Learning Runtime on Test Set: 3081.55
2025-02-11 05:40 | INFO | Query 27 Active Learning Instance Cost: 1751268.23
2025-02-11 05:40 | INFO | Timeout limit is increased to 3600
2025-02-11 05:40 | INFO | Query 28 Size of the uncertainty table is = 2706/7755
2025-02-11 05:40 | INFO | Query 28 Size of the filtered table is = 78
2025-02-11 05:40 | INFO | Training Time Active Learning Classifier: 1.41 seconds
2025-02-11 05:40 | INFO | Training Time Active Learning Regressor: 0.76 seconds
2025-02-11 05:40 | INFO | Query 28 Active Learning Runtime on Validation Set: 8485.43
2025-02-11 05:40 | INFO | Query 28 Active Learning Runtime on Test Set: 3063.7000000000003
2025-02-11 05:40 | INFO | Query 28 Active Learning Instance Cost: 2024676.43
2025-02-11 05:40 | INFO | Query 29 Size of the uncertainty table is = 2323/7755
2025-02-11 05:40 | INFO | Query 29 Size of the filtered table is = 78
2025-02-11 05:40 | INFO | Training Time Active Learning Classifier: 1.43 seconds
2025-02-11 05:40 | INFO | Training Time Active Learning Regressor: 0.77 seconds
2025-02-11 05:40 | INFO | Query 29 Active Learning Runtime on Validation Set: 8532.12
2025-02-11 05:40 | INFO | Query 29 Active Learning Runtime on Test Set: 3081.63
2025-02-11 05:40 | INFO | Query 29 Active Learning Instance Cost: 2093902.76
2025-02-11 05:40 | INFO | Timeout limit is increased to 3600
2025-02-11 05:40 | INFO | Query 30 Size of the uncertainty table is = 2109/7755
2025-02-11 05:40 | INFO | Query 30 Size of the filtered table is = 78
2025-02-11 05:40 | INFO | Training Time Active Learning Classifier: 1.47 seconds
2025-02-11 05:40 | INFO | Training Time Active Learning Regressor: 0.78 seconds
2025-02-11 05:40 | INFO | Query 30 Active Learning Runtime on Validation Set: 45211.56
2025-02-11 05:40 | INFO | Query 30 Active Learning Runtime on Test Set: 3147.86
2025-02-11 05:40 | INFO | Query 30 Active Learning Instance Cost: 2359321.41
2025-02-11 05:40 | INFO | Timeout limit is increased to 3600
2025-02-11 05:40 | INFO | Query 31 Size of the uncertainty table is = 1742/7755
2025-02-11 05:40 | INFO | Query 31 Size of the filtered table is = 78
2025-02-11 05:40 | INFO | Training Time Active Learning Classifier: 1.48 seconds
2025-02-11 05:40 | INFO | Training Time Active Learning Regressor: 0.79 seconds
2025-02-11 05:41 | INFO | Query 31 Active Learning Runtime on Validation Set: 8529.78
2025-02-11 05:41 | INFO | Query 31 Active Learning Runtime on Test Set: 3081.44
2025-02-11 05:41 | INFO | Query 31 Active Learning Instance Cost: 2572092.87
2025-02-11 05:41 | INFO | Query 32 Size of the uncertainty table is = 1483/7755
2025-02-11 05:41 | INFO | Query 32 Size of the filtered table is = 78
2025-02-11 05:41 | INFO | Training Time Active Learning Classifier: 1.51 seconds
2025-02-11 05:41 | INFO | Training Time Active Learning Regressor: 0.8 seconds
2025-02-11 05:41 | INFO | Query 32 Active Learning Runtime on Validation Set: 45211.56
2025-02-11 05:41 | INFO | Query 32 Active Learning Runtime on Test Set: 3081.5800000000004
2025-02-11 05:41 | INFO | Query 32 Active Learning Instance Cost: 2790166.12
2025-02-11 05:41 | INFO | Timeout limit is increased to 3600
2025-02-11 05:41 | INFO | Query 33 Size of the uncertainty table is = 1172/7755
2025-02-11 05:41 | INFO | Query 33 Size of the filtered table is = 78
2025-02-11 05:41 | INFO | Training Time Active Learning Classifier: 1.53 seconds
2025-02-11 05:41 | INFO | Training Time Active Learning Regressor: 0.81 seconds
2025-02-11 05:41 | INFO | Query 33 Active Learning Runtime on Validation Set: 8529.78
2025-02-11 05:41 | INFO | Query 33 Active Learning Runtime on Test Set: 3081.46
2025-02-11 05:41 | INFO | Query 33 Active Learning Instance Cost: 3091475.64
2025-02-11 05:41 | INFO | Query 34 Size of the uncertainty table is = 756/7755
2025-02-11 05:41 | INFO | Query 34 Size of the filtered table is = 78
2025-02-11 05:41 | INFO | Training Time Active Learning Classifier: 1.55 seconds
2025-02-11 05:41 | INFO | Training Time Active Learning Regressor: 0.88 seconds
2025-02-11 05:41 | INFO | Query 34 Active Learning Runtime on Validation Set: 8529.78
2025-02-11 05:41 | INFO | Query 34 Active Learning Runtime on Test Set: 3081.46
2025-02-11 05:41 | INFO | Query 34 Active Learning Instance Cost: 3238294.88
2025-02-11 05:41 | INFO | Timeout limit is increased to 3600
2025-02-11 05:41 | INFO | Query 35 Size of the uncertainty table is = 508/7755
2025-02-11 05:41 | INFO | Query 35 Size of the filtered table is = 78
2025-02-11 05:41 | INFO | Training Time Active Learning Classifier: 1.56 seconds
2025-02-11 05:41 | INFO | Training Time Active Learning Regressor: 0.82 seconds
2025-02-11 05:41 | INFO | Query 35 Active Learning Runtime on Validation Set: 9839.5
2025-02-11 05:41 | INFO | Query 35 Active Learning Runtime on Test Set: 3081.55
2025-02-11 05:41 | INFO | Query 35 Active Learning Instance Cost: 3251949.01
2025-02-11 05:41 | INFO | Timeout limit is increased to 3600
2025-02-11 05:41 | INFO | Query 36 Size of the uncertainty table is = 388/7755
2025-02-11 05:41 | INFO | Query 36 Size of the filtered table is = 78
2025-02-11 05:41 | INFO | Training Time Active Learning Classifier: 1.56 seconds
2025-02-11 05:41 | INFO | Training Time Active Learning Regressor: 0.82 seconds
2025-02-11 05:42 | INFO | Query 36 Active Learning Runtime on Validation Set: 45211.56
2025-02-11 05:42 | INFO | Query 36 Active Learning Runtime on Test Set: 3026.6400000000003
2025-02-11 05:42 | INFO | Query 36 Active Learning Instance Cost: 3290234.65
2025-02-11 05:42 | INFO | Timeout limit is increased to 3600
2025-02-11 05:42 | INFO | Query 37 Size of the uncertainty table is = 299/7755
2025-02-11 05:42 | INFO | Query 37 Size of the filtered table is = 78
2025-02-11 05:42 | INFO | Training Time Active Learning Classifier: 1.57 seconds
2025-02-11 05:42 | INFO | Training Time Active Learning Regressor: 0.82 seconds
2025-02-11 05:42 | INFO | Query 37 Active Learning Runtime on Validation Set: 45211.56
2025-02-11 05:42 | INFO | Query 37 Active Learning Runtime on Test Set: 3026.6400000000003
2025-02-11 05:42 | INFO | Query 37 Active Learning Instance Cost: 3355034.65
2025-02-11 05:42 | INFO | Timeout limit is increased to 3600
2025-02-11 05:42 | INFO | Query 38 Size of the uncertainty table is = 209/7755
2025-02-11 05:42 | INFO | Query 38 Size of the filtered table is = 78
2025-02-11 05:42 | INFO | Training Time Active Learning Classifier: 1.58 seconds
2025-02-11 05:42 | INFO | Training Time Active Learning Regressor: 0.82 seconds
2025-02-11 05:42 | INFO | Query 38 Active Learning Runtime on Validation Set: 45211.56
2025-02-11 05:42 | INFO | Query 38 Active Learning Runtime on Test Set: 3026.6400000000003
2025-02-11 05:42 | INFO | Query 38 Active Learning Instance Cost: 3495434.65
2025-02-11 05:42 | INFO | Timeout limit is increased to 3600
2025-02-11 05:42 | INFO | Query 39 Size of the uncertainty table is = 15/7755
2025-02-11 05:42 | INFO | Query 39 Size of the filtered table is = 15
2025-02-11 05:42 | INFO | Training Time Active Learning Classifier: 1.58 seconds
2025-02-11 05:42 | INFO | Training Time Active Learning Regressor: 0.82 seconds
2025-02-11 05:42 | INFO | Query 39 Active Learning Runtime on Validation Set: 45211.56
2025-02-11 05:42 | INFO | Query 39 Active Learning Runtime on Test Set: 3026.6400000000003
2025-02-11 05:42 | INFO | Query 39 Active Learning Instance Cost: 3506234.65
2025-02-11 05:42 | INFO | Timeout limit is increased to 3600
2025-02-11 05:42 | INFO | Active Learning Emissions: 0.006013570198884742
2025-02-11 05:42 | INFO | Active Learning Energy Consumption: 0.006542917936758829 kWh
2025-02-11 05:42 | INFO | runtime_test_score is written as json file
2025-02-11 05:42 | INFO | runtime_validation_score is written as json file
2025-02-11 05:42 | INFO | instance_cost is written as json file
2025-02-11 05:42 | INFO | Experiment is finished
