2025-02-11 09:44 | INFO | Paramaters are: {'dataset': 'QBF-2016', 'penalty': 10, 'weight': 'No_Weight', 'voting': 'Hard', 'pre_selection_size': 64, 'pre_selection_technique': 'No_pre_selection', 'feature_elimination_threshold': 20, 'imputer_strategy': 'median', 'feature_selection_technique': 'No_feature_selection', 'feature_scaling_technique': 'StandardScaler', 'initial_train_size': 20, 'query_size': 1, 'timeout_predictor_usage': 'No', 'pareto_features': {'PredDiff': 'max', 'PredCost': 'min'}, 'timeout_limit': 100, 'timeout_increase_rate': 100, 'penalty_type': 'Only-timeout-penalty', 'RANDOM_STATE_SEED': 99, 'n_splits': 10, 'split_number': 0, 'max_timeout': 3600, 'param_grid': {'n_estimators': 100, 'max_features': 'sqrt', 'max_depth': 2147483648, 'min_samples_split': 2, 'bootstrap': True}}
2025-02-11 09:44 | INFO | QBF-2016 is current dataset
2025-02-11 09:44 | INFO | DATASETS/QBF-2016/algorithm_runs.arff is found
2025-02-11 09:44 | INFO | DATASETS/QBF-2016/algorithm_runs.arff is finished
2025-02-11 09:44 | INFO | DATASETS/QBF-2016/feature_values.arff is found
2025-02-11 09:44 | INFO | DATASETS/QBF-2016/feature_values.arff is finished
2025-02-11 09:44 | INFO | DATASETS/QBF-2016/feature_costs.arff is found
2025-02-11 09:44 | INFO | DATASETS/QBF-2016/feature_costs.arff is finished
2025-02-11 09:44 | INFO | Virtual best solver time in train = 6804.71
2025-02-11 09:44 | INFO | Single best solver list train = {'AIGSolve': 5124826.91, 'aqua-f3v': 7781380.61, 'aqua-s2v': 7674099.77, 'aqua-s3o': 7853423.23, 'caqe-minisat': 4655217.03, 'caqe-picosat': 4152331.75, 'depqbf-v1': 8179822.33, 'depqbf-v2': 4257632.4, 'depqbf-v3': 6096258.13, 'ghostq-cegar': 4474116.98, 'ghostq-plain': 4617849.96, 'hiqqer1': 4652842.94, 'hiqqer1ldsq': 4796158.17, 'hiqqer3': 4762380.53, 'iprover-QBF': 10702173.19, 'iprover-QBF-bloqqer': 11168106.9, 'qesto': 4547479.54, 'qestos': 6303198.52, 'qsts': 4576266.3, 'rareqs': 3178444.47, 'squeezebf+struqs': 11241451.31, 'struqs-10': 11133630.59, 'xb-bid-qsts': 2677871.59, 'xb-qsts': 3682570.63}
2025-02-11 09:44 | INFO | Single best solver time train = xb-bid-qsts (2677871.59)
2025-02-11 09:44 | INFO | Virtual best solver time in validation = 822.61
2025-02-11 09:44 | INFO | Single best solver list validation = {'AIGSolve': 685447.58, 'aqua-f3v': 1226010.92, 'aqua-s2v': 1261015.19, 'aqua-s3o': 1260874.33, 'caqe-minisat': 1334580.25, 'caqe-picosat': 1298520.1, 'depqbf-v1': 1765273.75, 'depqbf-v2': 902482.83, 'depqbf-v3': 1622870.56, 'ghostq-cegar': 1334415.71, 'ghostq-plain': 1766200.18, 'hiqqer1': 1261527.24, 'hiqqer1ldsq': 1261525.58, 'hiqqer3': 1332736.02, 'iprover-QBF': 2521434.92, 'iprover-QBF-bloqqer': 2736979.01, 'qesto': 1261896.19, 'qestos': 1332870.27, 'qsts': 1980449.66, 'rareqs': 937671.07, 'squeezebf+struqs': 2017663.64, 'struqs-10': 2017678.23, 'xb-bid-qsts': 722435.73, 'xb-qsts': 1154255.82}
2025-02-11 09:44 | INFO | Single best solver time validation = AIGSolve (685447.58)
2025-02-11 09:44 | INFO | Virtual best solver time in test = 729.49
2025-02-11 09:44 | INFO | Single best solver list test = {'AIGSolve': 685520.99, 'aqua-f3v': 1224323.13, 'aqua-s2v': 1224521.76, 'aqua-s3o': 1224244.01, 'caqe-minisat': 829380.33, 'caqe-picosat': 866284.33, 'depqbf-v1': 1296795.66, 'depqbf-v2': 793719.05, 'depqbf-v3': 972812.06, 'ghostq-cegar': 613466.66, 'ghostq-plain': 684766.74, 'hiqqer1': 901143.29, 'hiqqer1ldsq': 936839.49, 'hiqqer3': 937446.79, 'iprover-QBF': 1621313.93, 'iprover-QBF-bloqqer': 1800283.21, 'qesto': 866146.38, 'qestos': 1044211.76, 'qsts': 792340.77, 'rareqs': 577025.93, 'squeezebf+struqs': 1513435.25, 'struqs-10': 1513507.14, 'xb-bid-qsts': 470684.17, 'xb-qsts': 650429.06}
2025-02-11 09:44 | INFO | Single best solver time test = xb-bid-qsts (470684.17)
2025-02-11 09:45 | INFO | Training Time Passive Learning Classifier: 39.32 seconds
2025-02-11 09:45 | INFO | Training Time Passive Learning Regressor: 4.62 seconds
2025-02-11 09:48 | INFO | Passive Learning Classifier Runtime on Validation Set: 938121.5
2025-02-11 09:48 | INFO | Passive Learning Classifier Runtime on Test Set: 290017.36
2025-02-11 09:48 | INFO | Passive Learning Instance Cost: 15028333.78
2025-02-11 09:48 | INFO | Passive Learning Emissions: 0.0023878528159589157
2025-02-11 09:48 | INFO | Passive Learning Energy Consumption: 0.002598044839116563 kWh
2025-02-11 09:48 | INFO | Training Time Active Learning Classifier: 15.76 seconds
2025-02-11 09:48 | INFO | Training Time Active Learning Regressor: 1.14 seconds
2025-02-11 09:51 | INFO | Initial Active Learning Runtime on Validation Set: 1118913.15
2025-02-11 09:51 | INFO | Initial Active Learning Runtime on Test Set: 613606.87
2025-02-11 09:51 | INFO | Initial Active Learning Instance Cost: 22926.5
2025-02-11 09:51 | INFO | Bin size = 1455
2025-02-11 09:52 | INFO | Query 1 Size of the uncertainty table is = 147143/145452
2025-02-11 09:52 | INFO | Query 1 Size of the filtered table is = 1455
2025-02-11 09:52 | INFO | Training Time Active Learning Classifier: 15.45 seconds
2025-02-11 09:52 | INFO | Training Time Active Learning Regressor: 1.35 seconds
2025-02-11 09:55 | INFO | Query 1 Active Learning Runtime on Validation Set: 1190091.2280000001
2025-02-11 09:55 | INFO | Query 1 Active Learning Runtime on Test Set: 469880.32800000004
2025-02-11 09:55 | INFO | Query 1 Active Learning Instance Cost: 56143.54
2025-02-11 09:55 | INFO | Timeout limit is increased to 200
2025-02-11 09:56 | INFO | Query 2 Size of the uncertainty table is = 138961/145452
2025-02-11 09:56 | INFO | Query 2 Size of the filtered table is = 1455
2025-02-11 09:56 | INFO | Training Time Active Learning Classifier: 16.27 seconds
2025-02-11 09:56 | INFO | Training Time Active Learning Regressor: 1.52 seconds
2025-02-11 09:59 | INFO | Query 2 Active Learning Runtime on Validation Set: 1298302.358
2025-02-11 09:59 | INFO | Query 2 Active Learning Runtime on Test Set: 397677.548
2025-02-11 09:59 | INFO | Query 2 Active Learning Instance Cost: 91963.32
2025-02-11 09:59 | INFO | Timeout limit is increased to 300
2025-02-11 10:00 | INFO | Query 3 Size of the uncertainty table is = 132728/145452
2025-02-11 10:00 | INFO | Query 3 Size of the filtered table is = 1455
2025-02-11 10:01 | INFO | Training Time Active Learning Classifier: 16.93 seconds
2025-02-11 10:01 | INFO | Training Time Active Learning Regressor: 1.76 seconds
2025-02-11 10:03 | INFO | Query 3 Active Learning Runtime on Validation Set: 1226482.0280000002
2025-02-11 10:03 | INFO | Query 3 Active Learning Runtime on Test Set: 505468.678
2025-02-11 10:03 | INFO | Query 3 Active Learning Instance Cost: 173099.28
2025-02-11 10:05 | INFO | Query 4 Size of the uncertainty table is = 125650/145452
2025-02-11 10:05 | INFO | Query 4 Size of the filtered table is = 1455
2025-02-11 10:05 | INFO | Training Time Active Learning Classifier: 18.31 seconds
2025-02-11 10:05 | INFO | Training Time Active Learning Regressor: 2.02 seconds
2025-02-11 10:08 | INFO | Query 4 Active Learning Runtime on Validation Set: 1081490.168
2025-02-11 10:08 | INFO | Query 4 Active Learning Runtime on Test Set: 469972.33800000005
2025-02-11 10:08 | INFO | Query 4 Active Learning Instance Cost: 229672.8
2025-02-11 10:10 | INFO | Query 5 Size of the uncertainty table is = 118384/145452
2025-02-11 10:10 | INFO | Query 5 Size of the filtered table is = 1455
2025-02-11 10:10 | INFO | Training Time Active Learning Classifier: 19.34 seconds
2025-02-11 10:10 | INFO | Training Time Active Learning Regressor: 2.27 seconds
2025-02-11 10:13 | INFO | Query 5 Active Learning Runtime on Validation Set: 1153501.088
2025-02-11 10:13 | INFO | Query 5 Active Learning Runtime on Test Set: 433789.438
2025-02-11 10:13 | INFO | Query 5 Active Learning Instance Cost: 316609.44
2025-02-11 10:13 | INFO | Timeout limit is increased to 400
2025-02-11 10:15 | INFO | Query 6 Size of the uncertainty table is = 110842/145452
2025-02-11 10:15 | INFO | Query 6 Size of the filtered table is = 1455
2025-02-11 10:15 | INFO | Training Time Active Learning Classifier: 20.74 seconds
2025-02-11 10:15 | INFO | Training Time Active Learning Regressor: 2.49 seconds
2025-02-11 10:18 | INFO | Query 6 Active Learning Runtime on Validation Set: 1117330.2380000001
2025-02-11 10:18 | INFO | Query 6 Active Learning Runtime on Test Set: 433506.01800000004
2025-02-11 10:18 | INFO | Query 6 Active Learning Instance Cost: 428308.19
2025-02-11 10:20 | INFO | Query 7 Size of the uncertainty table is = 103858/145452
2025-02-11 10:20 | INFO | Query 7 Size of the filtered table is = 1455
2025-02-11 10:20 | INFO | Training Time Active Learning Classifier: 22.12 seconds
2025-02-11 10:20 | INFO | Training Time Active Learning Regressor: 2.63 seconds
2025-02-11 10:23 | INFO | Query 7 Active Learning Runtime on Validation Set: 1009303.498
2025-02-11 10:23 | INFO | Query 7 Active Learning Runtime on Test Set: 469319.598
2025-02-11 10:23 | INFO | Query 7 Active Learning Instance Cost: 540911.63
2025-02-11 10:25 | INFO | Query 8 Size of the uncertainty table is = 97413/145452
2025-02-11 10:25 | INFO | Query 8 Size of the filtered table is = 1455
2025-02-11 10:25 | INFO | Training Time Active Learning Classifier: 23.71 seconds
2025-02-11 10:25 | INFO | Training Time Active Learning Regressor: 2.81 seconds
2025-02-11 10:28 | INFO | Query 8 Active Learning Runtime on Validation Set: 1153321.398
2025-02-11 10:28 | INFO | Query 8 Active Learning Runtime on Test Set: 469167.598
2025-02-11 10:28 | INFO | Query 8 Active Learning Instance Cost: 624601.86
2025-02-11 10:28 | INFO | Timeout limit is increased to 500
2025-02-11 10:30 | INFO | Query 9 Size of the uncertainty table is = 90924/145452
2025-02-11 10:30 | INFO | Query 9 Size of the filtered table is = 1455
2025-02-11 10:30 | INFO | Training Time Active Learning Classifier: 24.81 seconds
2025-02-11 10:30 | INFO | Training Time Active Learning Regressor: 3.0 seconds
2025-02-11 10:33 | INFO | Query 9 Active Learning Runtime on Validation Set: 1261469.0280000002
2025-02-11 10:33 | INFO | Query 9 Active Learning Runtime on Test Set: 433964.08800000005
2025-02-11 10:33 | INFO | Query 9 Active Learning Instance Cost: 729436.98
2025-02-11 10:33 | INFO | Timeout limit is increased to 600
2025-02-11 10:35 | INFO | Query 10 Size of the uncertainty table is = 84949/145452
2025-02-11 10:35 | INFO | Query 10 Size of the filtered table is = 1455
2025-02-11 10:36 | INFO | Training Time Active Learning Classifier: 26.22 seconds
2025-02-11 10:36 | INFO | Training Time Active Learning Regressor: 3.17 seconds
2025-02-11 10:38 | INFO | Query 10 Active Learning Runtime on Validation Set: 1189227.3080000002
2025-02-11 10:38 | INFO | Query 10 Active Learning Runtime on Test Set: 433334.26800000004
2025-02-11 10:38 | INFO | Query 10 Active Learning Instance Cost: 866933.94
2025-02-11 10:40 | INFO | Query 11 Size of the uncertainty table is = 78635/145452
2025-02-11 10:40 | INFO | Query 11 Size of the filtered table is = 1455
2025-02-11 10:41 | INFO | Training Time Active Learning Classifier: 28.17 seconds
2025-02-11 10:41 | INFO | Training Time Active Learning Regressor: 3.33 seconds
2025-02-11 10:44 | INFO | Query 11 Active Learning Runtime on Validation Set: 1153761.098
2025-02-11 10:44 | INFO | Query 11 Active Learning Runtime on Test Set: 433406.998
2025-02-11 10:44 | INFO | Query 11 Active Learning Instance Cost: 1018718.87
2025-02-11 10:45 | INFO | Query 12 Size of the uncertainty table is = 70807/145452
2025-02-11 10:45 | INFO | Query 12 Size of the filtered table is = 1455
2025-02-11 10:46 | INFO | Training Time Active Learning Classifier: 29.18 seconds
2025-02-11 10:46 | INFO | Training Time Active Learning Regressor: 3.47 seconds
2025-02-11 10:49 | INFO | Query 12 Active Learning Runtime on Validation Set: 1045699.6279999999
2025-02-11 10:49 | INFO | Query 12 Active Learning Runtime on Test Set: 469177.64800000004
2025-02-11 10:49 | INFO | Query 12 Active Learning Instance Cost: 1119545.47
2025-02-11 10:50 | INFO | Query 13 Size of the uncertainty table is = 66064/145452
2025-02-11 10:50 | INFO | Query 13 Size of the filtered table is = 1455
2025-02-11 10:51 | INFO | Training Time Active Learning Classifier: 31.57 seconds
2025-02-11 10:51 | INFO | Training Time Active Learning Regressor: 3.76 seconds
2025-02-11 10:54 | INFO | Query 13 Active Learning Runtime on Validation Set: 1153543.878
2025-02-11 10:54 | INFO | Query 13 Active Learning Runtime on Test Set: 469372.658
2025-02-11 10:54 | INFO | Query 13 Active Learning Instance Cost: 1271361.06
2025-02-11 10:54 | INFO | Timeout limit is increased to 700
2025-02-11 10:55 | INFO | Query 14 Size of the uncertainty table is = 57817/145452
2025-02-11 10:55 | INFO | Query 14 Size of the filtered table is = 1455
2025-02-11 10:56 | INFO | Training Time Active Learning Classifier: 32.75 seconds
2025-02-11 10:56 | INFO | Training Time Active Learning Regressor: 4.13 seconds
2025-02-11 10:59 | INFO | Query 14 Active Learning Runtime on Validation Set: 1225485.928
2025-02-11 10:59 | INFO | Query 14 Active Learning Runtime on Test Set: 433377.19800000003
2025-02-11 10:59 | INFO | Query 14 Active Learning Instance Cost: 1387391.69
2025-02-11 10:59 | INFO | Timeout limit is increased to 800
2025-02-11 11:00 | INFO | Query 15 Size of the uncertainty table is = 52979/145452
2025-02-11 11:00 | INFO | Query 15 Size of the filtered table is = 1455
2025-02-11 11:01 | INFO | Training Time Active Learning Classifier: 34.28 seconds
2025-02-11 11:01 | INFO | Training Time Active Learning Regressor: 4.09 seconds
2025-02-11 11:04 | INFO | Query 15 Active Learning Runtime on Validation Set: 1261503.708
2025-02-11 11:04 | INFO | Query 15 Active Learning Runtime on Test Set: 397947.188
2025-02-11 11:04 | INFO | Query 15 Active Learning Instance Cost: 1584925.77
2025-02-11 11:04 | INFO | Timeout limit is increased to 900
2025-02-11 11:05 | INFO | Query 16 Size of the uncertainty table is = 47296/145452
2025-02-11 11:05 | INFO | Query 16 Size of the filtered table is = 1455
2025-02-11 11:06 | INFO | Training Time Active Learning Classifier: 35.56 seconds
2025-02-11 11:06 | INFO | Training Time Active Learning Regressor: 4.24 seconds
2025-02-11 11:09 | INFO | Query 16 Active Learning Runtime on Validation Set: 1226103.368
2025-02-11 11:09 | INFO | Query 16 Active Learning Runtime on Test Set: 397951.878
2025-02-11 11:09 | INFO | Query 16 Active Learning Instance Cost: 1706790.21
2025-02-11 11:10 | INFO | Query 17 Size of the uncertainty table is = 42710/145452
2025-02-11 11:10 | INFO | Query 17 Size of the filtered table is = 1455
2025-02-11 11:11 | INFO | Training Time Active Learning Classifier: 36.6 seconds
2025-02-11 11:11 | INFO | Training Time Active Learning Regressor: 4.31 seconds
2025-02-11 11:14 | INFO | Query 17 Active Learning Runtime on Validation Set: 1261594.648
2025-02-11 11:14 | INFO | Query 17 Active Learning Runtime on Test Set: 397951.52800000005
2025-02-11 11:14 | INFO | Query 17 Active Learning Instance Cost: 1906297.46
2025-02-11 11:14 | INFO | Timeout limit is increased to 1000
2025-02-11 11:15 | INFO | Query 18 Size of the uncertainty table is = 39552/145452
2025-02-11 11:15 | INFO | Query 18 Size of the filtered table is = 1455
2025-02-11 11:16 | INFO | Training Time Active Learning Classifier: 38.09 seconds
2025-02-11 11:16 | INFO | Training Time Active Learning Regressor: 4.44 seconds
2025-02-11 11:19 | INFO | Query 18 Active Learning Runtime on Validation Set: 1153578.708
2025-02-11 11:19 | INFO | Query 18 Active Learning Runtime on Test Set: 397896.69800000003
2025-02-11 11:19 | INFO | Query 18 Active Learning Instance Cost: 2135161.81
2025-02-11 11:20 | INFO | Query 19 Size of the uncertainty table is = 34690/145452
2025-02-11 11:20 | INFO | Query 19 Size of the filtered table is = 1455
2025-02-11 11:21 | INFO | Training Time Active Learning Classifier: 38.78 seconds
2025-02-11 11:21 | INFO | Training Time Active Learning Regressor: 4.52 seconds
2025-02-11 11:24 | INFO | Query 19 Active Learning Runtime on Validation Set: 1117584.0180000002
2025-02-11 11:24 | INFO | Query 19 Active Learning Runtime on Test Set: 361810.13800000004
2025-02-11 11:24 | INFO | Query 19 Active Learning Instance Cost: 2383216.1
2025-02-11 11:25 | INFO | Query 20 Size of the uncertainty table is = 31778/145452
2025-02-11 11:25 | INFO | Query 20 Size of the filtered table is = 1455
2025-02-11 11:26 | INFO | Training Time Active Learning Classifier: 39.42 seconds
2025-02-11 11:26 | INFO | Training Time Active Learning Regressor: 4.6 seconds
2025-02-11 11:28 | INFO | Query 20 Active Learning Runtime on Validation Set: 974083.8779999999
2025-02-11 11:28 | INFO | Query 20 Active Learning Runtime on Test Set: 433222.938
2025-02-11 11:28 | INFO | Query 20 Active Learning Instance Cost: 2714024.12
2025-02-11 11:30 | INFO | Query 21 Size of the uncertainty table is = 29706/145452
2025-02-11 11:30 | INFO | Query 21 Size of the filtered table is = 1455
2025-02-11 11:30 | INFO | Training Time Active Learning Classifier: 39.49 seconds
2025-02-11 11:31 | INFO | Training Time Active Learning Regressor: 4.66 seconds
2025-02-11 11:33 | INFO | Query 21 Active Learning Runtime on Validation Set: 938516.0179999999
2025-02-11 11:33 | INFO | Query 21 Active Learning Runtime on Test Set: 289814.348
2025-02-11 11:33 | INFO | Query 21 Active Learning Instance Cost: 3007218.95
2025-02-11 11:34 | INFO | Query 22 Size of the uncertainty table is = 29108/145452
2025-02-11 11:34 | INFO | Query 22 Size of the filtered table is = 1455
2025-02-11 11:35 | INFO | Training Time Active Learning Classifier: 39.43 seconds
2025-02-11 11:35 | INFO | Training Time Active Learning Regressor: 4.93 seconds
2025-02-11 11:38 | INFO | Query 22 Active Learning Runtime on Validation Set: 829956.618
2025-02-11 11:38 | INFO | Query 22 Active Learning Runtime on Test Set: 253891.068
2025-02-11 11:38 | INFO | Query 22 Active Learning Instance Cost: 3125748.44
2025-02-11 11:39 | INFO | Query 23 Size of the uncertainty table is = 28816/145452
2025-02-11 11:39 | INFO | Query 23 Size of the filtered table is = 1455
2025-02-11 11:40 | INFO | Training Time Active Learning Classifier: 39.41 seconds
2025-02-11 11:40 | INFO | Training Time Active Learning Regressor: 4.69 seconds
2025-02-11 11:43 | INFO | Query 23 Active Learning Runtime on Validation Set: 829956.618
2025-02-11 11:43 | INFO | Query 23 Active Learning Runtime on Test Set: 253891.068
2025-02-11 11:43 | INFO | Query 23 Active Learning Instance Cost: 3161248.44
2025-02-11 11:43 | INFO | Timeout limit is increased to 1100
2025-02-11 11:44 | INFO | Query 24 Size of the uncertainty table is = 28816/145452
2025-02-11 11:44 | INFO | Query 24 Size of the filtered table is = 1455
2025-02-11 11:45 | INFO | Training Time Active Learning Classifier: 39.7 seconds
2025-02-11 11:45 | INFO | Training Time Active Learning Regressor: 4.67 seconds
2025-02-11 11:48 | INFO | Query 24 Active Learning Runtime on Validation Set: 829956.618
2025-02-11 11:48 | INFO | Query 24 Active Learning Runtime on Test Set: 253891.068
2025-02-11 11:48 | INFO | Query 24 Active Learning Instance Cost: 3254948.44
2025-02-11 11:48 | INFO | Timeout limit is increased to 1200
2025-02-11 11:49 | INFO | Query 25 Size of the uncertainty table is = 28816/145452
2025-02-11 11:49 | INFO | Query 25 Size of the filtered table is = 1455
2025-02-11 11:49 | INFO | Training Time Active Learning Classifier: 39.39 seconds
2025-02-11 11:50 | INFO | Training Time Active Learning Regressor: 4.65 seconds
2025-02-11 11:52 | INFO | Query 25 Active Learning Runtime on Validation Set: 829956.618
2025-02-11 11:52 | INFO | Query 25 Active Learning Runtime on Test Set: 253891.068
2025-02-11 11:52 | INFO | Query 25 Active Learning Instance Cost: 3370648.44
2025-02-11 11:52 | INFO | Timeout limit is increased to 1300
2025-02-11 11:53 | INFO | Query 26 Size of the uncertainty table is = 28816/145452
2025-02-11 11:53 | INFO | Query 26 Size of the filtered table is = 1455
2025-02-11 11:54 | INFO | Training Time Active Learning Classifier: 39.46 seconds
2025-02-11 11:54 | INFO | Training Time Active Learning Regressor: 4.97 seconds
2025-02-11 11:57 | INFO | Query 26 Active Learning Runtime on Validation Set: 829956.618
2025-02-11 11:57 | INFO | Query 26 Active Learning Runtime on Test Set: 253891.068
2025-02-11 11:57 | INFO | Query 26 Active Learning Instance Cost: 3458448.44
2025-02-11 11:57 | INFO | Timeout limit is increased to 1400
2025-02-11 11:58 | INFO | Query 27 Size of the uncertainty table is = 28816/145452
2025-02-11 11:58 | INFO | Query 27 Size of the filtered table is = 1455
2025-02-11 11:59 | INFO | Training Time Active Learning Classifier: 39.44 seconds
2025-02-11 11:59 | INFO | Training Time Active Learning Regressor: 4.68 seconds
2025-02-11 12:02 | INFO | Query 27 Active Learning Runtime on Validation Set: 829956.618
2025-02-11 12:02 | INFO | Query 27 Active Learning Runtime on Test Set: 253891.068
2025-02-11 12:02 | INFO | Query 27 Active Learning Instance Cost: 3561248.44
2025-02-11 12:02 | INFO | Timeout limit is increased to 1500
2025-02-11 12:03 | INFO | Query 28 Size of the uncertainty table is = 28816/145452
2025-02-11 12:03 | INFO | Query 28 Size of the filtered table is = 1455
2025-02-11 12:04 | INFO | Training Time Active Learning Classifier: 39.4 seconds
2025-02-11 12:04 | INFO | Training Time Active Learning Regressor: 4.97 seconds
2025-02-11 12:07 | INFO | Query 28 Active Learning Runtime on Validation Set: 829956.618
2025-02-11 12:07 | INFO | Query 28 Active Learning Runtime on Test Set: 253891.068
2025-02-11 12:07 | INFO | Query 28 Active Learning Instance Cost: 3680048.44
2025-02-11 12:07 | INFO | Timeout limit is increased to 1600
2025-02-11 12:08 | INFO | Query 29 Size of the uncertainty table is = 28816/145452
2025-02-11 12:08 | INFO | Query 29 Size of the filtered table is = 1455
2025-02-11 12:08 | INFO | Training Time Active Learning Classifier: 39.69 seconds
2025-02-11 12:09 | INFO | Training Time Active Learning Regressor: 4.68 seconds
2025-02-11 12:11 | INFO | Query 29 Active Learning Runtime on Validation Set: 829956.618
2025-02-11 12:11 | INFO | Query 29 Active Learning Runtime on Test Set: 253891.068
2025-02-11 12:11 | INFO | Query 29 Active Learning Instance Cost: 3789748.44
2025-02-11 12:11 | INFO | Timeout limit is increased to 1700
2025-02-11 12:12 | INFO | Query 30 Size of the uncertainty table is = 28816/145452
2025-02-11 12:12 | INFO | Query 30 Size of the filtered table is = 1455
2025-02-11 12:13 | INFO | Training Time Active Learning Classifier: 39.44 seconds
2025-02-11 12:13 | INFO | Training Time Active Learning Regressor: 4.95 seconds
2025-02-11 12:16 | INFO | Query 30 Active Learning Runtime on Validation Set: 829956.618
2025-02-11 12:16 | INFO | Query 30 Active Learning Runtime on Test Set: 253891.068
2025-02-11 12:16 | INFO | Query 30 Active Learning Instance Cost: 3889348.44
2025-02-11 12:16 | INFO | Timeout limit is increased to 1800
2025-02-11 12:17 | INFO | Query 31 Size of the uncertainty table is = 28816/145452
2025-02-11 12:17 | INFO | Query 31 Size of the filtered table is = 1455
2025-02-11 12:18 | INFO | Training Time Active Learning Classifier: 39.44 seconds
2025-02-11 12:18 | INFO | Training Time Active Learning Regressor: 4.66 seconds
2025-02-11 12:21 | INFO | Query 31 Active Learning Runtime on Validation Set: 829956.618
2025-02-11 12:21 | INFO | Query 31 Active Learning Runtime on Test Set: 253891.068
2025-02-11 12:21 | INFO | Query 31 Active Learning Instance Cost: 4022748.44
2025-02-11 12:21 | INFO | Timeout limit is increased to 1900
2025-02-11 12:22 | INFO | Query 32 Size of the uncertainty table is = 28816/145452
2025-02-11 12:22 | INFO | Query 32 Size of the filtered table is = 1455
2025-02-11 12:23 | INFO | Training Time Active Learning Classifier: 39.4 seconds
2025-02-11 12:23 | INFO | Training Time Active Learning Regressor: 4.94 seconds
2025-02-11 12:25 | INFO | Query 32 Active Learning Runtime on Validation Set: 829956.618
2025-02-11 12:25 | INFO | Query 32 Active Learning Runtime on Test Set: 253891.068
2025-02-11 12:25 | INFO | Query 32 Active Learning Instance Cost: 4114648.44
2025-02-11 12:25 | INFO | Timeout limit is increased to 2000
2025-02-11 12:27 | INFO | Query 33 Size of the uncertainty table is = 28816/145452
2025-02-11 12:27 | INFO | Query 33 Size of the filtered table is = 1455
2025-02-11 12:27 | INFO | Training Time Active Learning Classifier: 39.47 seconds
2025-02-11 12:28 | INFO | Training Time Active Learning Regressor: 4.68 seconds
2025-02-11 12:30 | INFO | Query 33 Active Learning Runtime on Validation Set: 829956.618
2025-02-11 12:30 | INFO | Query 33 Active Learning Runtime on Test Set: 253891.068
2025-02-11 12:30 | INFO | Query 33 Active Learning Instance Cost: 4238948.44
2025-02-11 12:30 | INFO | Timeout limit is increased to 2100
2025-02-11 12:31 | INFO | Query 34 Size of the uncertainty table is = 28816/145452
2025-02-11 12:31 | INFO | Query 34 Size of the filtered table is = 1455
2025-02-11 12:32 | INFO | Training Time Active Learning Classifier: 39.42 seconds
2025-02-11 12:32 | INFO | Training Time Active Learning Regressor: 4.96 seconds
2025-02-11 12:35 | INFO | Query 34 Active Learning Runtime on Validation Set: 829956.618
2025-02-11 12:35 | INFO | Query 34 Active Learning Runtime on Test Set: 253891.068
2025-02-11 12:35 | INFO | Query 34 Active Learning Instance Cost: 4331948.44
2025-02-11 12:35 | INFO | Timeout limit is increased to 2200
2025-02-11 12:36 | INFO | Query 35 Size of the uncertainty table is = 28816/145452
2025-02-11 12:36 | INFO | Query 35 Size of the filtered table is = 1455
2025-02-11 12:37 | INFO | Training Time Active Learning Classifier: 39.47 seconds
2025-02-11 12:37 | INFO | Training Time Active Learning Regressor: 5.33 seconds
2025-02-11 12:40 | INFO | Query 35 Active Learning Runtime on Validation Set: 829956.618
2025-02-11 12:40 | INFO | Query 35 Active Learning Runtime on Test Set: 253891.068
2025-02-11 12:40 | INFO | Query 35 Active Learning Instance Cost: 4467948.44
2025-02-11 12:40 | INFO | Timeout limit is increased to 2300
2025-02-11 12:41 | INFO | Query 36 Size of the uncertainty table is = 28816/145452
2025-02-11 12:41 | INFO | Query 36 Size of the filtered table is = 1455
2025-02-11 12:42 | INFO | Training Time Active Learning Classifier: 39.46 seconds
2025-02-11 12:42 | INFO | Training Time Active Learning Regressor: 4.95 seconds
2025-02-11 12:44 | INFO | Query 36 Active Learning Runtime on Validation Set: 829956.618
2025-02-11 12:44 | INFO | Query 36 Active Learning Runtime on Test Set: 253891.068
2025-02-11 12:44 | INFO | Query 36 Active Learning Instance Cost: 4555148.44
2025-02-11 12:44 | INFO | Timeout limit is increased to 2400
2025-02-11 12:46 | INFO | Query 37 Size of the uncertainty table is = 28816/145452
2025-02-11 12:46 | INFO | Query 37 Size of the filtered table is = 1455
2025-02-11 12:46 | INFO | Training Time Active Learning Classifier: 39.53 seconds
2025-02-11 12:47 | INFO | Training Time Active Learning Regressor: 4.68 seconds
2025-02-11 12:49 | INFO | Query 37 Active Learning Runtime on Validation Set: 829956.618
2025-02-11 12:49 | INFO | Query 37 Active Learning Runtime on Test Set: 253891.068
2025-02-11 12:49 | INFO | Query 37 Active Learning Instance Cost: 4672948.44
2025-02-11 12:49 | INFO | Timeout limit is increased to 2500
2025-02-11 12:50 | INFO | Query 38 Size of the uncertainty table is = 28816/145452
2025-02-11 12:50 | INFO | Query 38 Size of the filtered table is = 1455
2025-02-11 12:51 | INFO | Training Time Active Learning Classifier: 39.41 seconds
2025-02-11 12:51 | INFO | Training Time Active Learning Regressor: 4.66 seconds
2025-02-11 12:54 | INFO | Query 38 Active Learning Runtime on Validation Set: 829956.618
2025-02-11 12:54 | INFO | Query 38 Active Learning Runtime on Test Set: 253891.068
2025-02-11 12:54 | INFO | Query 38 Active Learning Instance Cost: 4782648.44
2025-02-11 12:54 | INFO | Timeout limit is increased to 2600
2025-02-11 12:55 | INFO | Query 39 Size of the uncertainty table is = 28816/145452
2025-02-11 12:55 | INFO | Query 39 Size of the filtered table is = 1455
2025-02-11 12:56 | INFO | Training Time Active Learning Classifier: 39.46 seconds
2025-02-11 12:56 | INFO | Training Time Active Learning Regressor: 4.69 seconds
2025-02-11 12:59 | INFO | Query 39 Active Learning Runtime on Validation Set: 829956.618
2025-02-11 12:59 | INFO | Query 39 Active Learning Runtime on Test Set: 253891.068
2025-02-11 12:59 | INFO | Query 39 Active Learning Instance Cost: 4874948.44
2025-02-11 12:59 | INFO | Timeout limit is increased to 2700
2025-02-11 13:00 | INFO | Query 40 Size of the uncertainty table is = 28816/145452
2025-02-11 13:00 | INFO | Query 40 Size of the filtered table is = 1455
2025-02-11 13:01 | INFO | Training Time Active Learning Classifier: 39.43 seconds
2025-02-11 13:01 | INFO | Training Time Active Learning Regressor: 4.66 seconds
2025-02-11 13:03 | INFO | Query 40 Active Learning Runtime on Validation Set: 829956.618
2025-02-11 13:03 | INFO | Query 40 Active Learning Runtime on Test Set: 253891.068
2025-02-11 13:03 | INFO | Query 40 Active Learning Instance Cost: 4981948.44
2025-02-11 13:03 | INFO | Timeout limit is increased to 2800
2025-02-11 13:05 | INFO | Query 41 Size of the uncertainty table is = 28816/145452
2025-02-11 13:05 | INFO | Query 41 Size of the filtered table is = 1455
2025-02-11 13:05 | INFO | Training Time Active Learning Classifier: 39.41 seconds
2025-02-11 13:05 | INFO | Training Time Active Learning Regressor: 4.67 seconds
2025-02-11 13:08 | INFO | Query 41 Active Learning Runtime on Validation Set: 829956.618
2025-02-11 13:08 | INFO | Query 41 Active Learning Runtime on Test Set: 253891.068
2025-02-11 13:08 | INFO | Query 41 Active Learning Instance Cost: 5113148.44
2025-02-11 13:08 | INFO | Timeout limit is increased to 2900
2025-02-11 13:09 | INFO | Query 42 Size of the uncertainty table is = 28816/145452
2025-02-11 13:09 | INFO | Query 42 Size of the filtered table is = 1455
2025-02-11 13:10 | INFO | Training Time Active Learning Classifier: 39.32 seconds
2025-02-11 13:10 | INFO | Training Time Active Learning Regressor: 4.95 seconds
2025-02-11 13:13 | INFO | Query 42 Active Learning Runtime on Validation Set: 829956.618
2025-02-11 13:13 | INFO | Query 42 Active Learning Runtime on Test Set: 253891.068
2025-02-11 13:13 | INFO | Query 42 Active Learning Instance Cost: 5239148.44
2025-02-11 13:13 | INFO | Timeout limit is increased to 3000
2025-02-11 13:14 | INFO | Query 43 Size of the uncertainty table is = 28816/145452
2025-02-11 13:14 | INFO | Query 43 Size of the filtered table is = 1455
2025-02-11 13:15 | INFO | Training Time Active Learning Classifier: 39.24 seconds
2025-02-11 13:15 | INFO | Training Time Active Learning Regressor: 4.68 seconds
2025-02-11 13:18 | INFO | Query 43 Active Learning Runtime on Validation Set: 829956.618
2025-02-11 13:18 | INFO | Query 43 Active Learning Runtime on Test Set: 253891.068
2025-02-11 13:18 | INFO | Query 43 Active Learning Instance Cost: 5337448.44
2025-02-11 13:18 | INFO | Timeout limit is increased to 3100
2025-02-11 13:19 | INFO | Query 44 Size of the uncertainty table is = 28816/145452
2025-02-11 13:19 | INFO | Query 44 Size of the filtered table is = 1455
2025-02-11 13:19 | INFO | Training Time Active Learning Classifier: 39.2 seconds
2025-02-11 13:20 | INFO | Training Time Active Learning Regressor: 4.93 seconds
2025-02-11 13:22 | INFO | Query 44 Active Learning Runtime on Validation Set: 829956.618
2025-02-11 13:22 | INFO | Query 44 Active Learning Runtime on Test Set: 253891.068
2025-02-11 13:22 | INFO | Query 44 Active Learning Instance Cost: 5426648.44
2025-02-11 13:22 | INFO | Timeout limit is increased to 3200
2025-02-11 13:23 | INFO | Query 45 Size of the uncertainty table is = 28816/145452
2025-02-11 13:23 | INFO | Query 45 Size of the filtered table is = 1455
2025-02-11 13:24 | INFO | Training Time Active Learning Classifier: 39.19 seconds
2025-02-11 13:24 | INFO | Training Time Active Learning Regressor: 4.64 seconds
2025-02-11 13:27 | INFO | Query 45 Active Learning Runtime on Validation Set: 829956.618
2025-02-11 13:27 | INFO | Query 45 Active Learning Runtime on Test Set: 253891.068
2025-02-11 13:27 | INFO | Query 45 Active Learning Instance Cost: 5548848.44
2025-02-11 13:27 | INFO | Timeout limit is increased to 3300
2025-02-11 13:28 | INFO | Query 46 Size of the uncertainty table is = 28816/145452
2025-02-11 13:28 | INFO | Query 46 Size of the filtered table is = 1455
2025-02-11 13:29 | INFO | Training Time Active Learning Classifier: 39.36 seconds
2025-02-11 13:29 | INFO | Training Time Active Learning Regressor: 4.69 seconds
2025-02-11 13:31 | INFO | Query 46 Active Learning Runtime on Validation Set: 829956.618
2025-02-11 13:31 | INFO | Query 46 Active Learning Runtime on Test Set: 253891.068
2025-02-11 13:31 | INFO | Query 46 Active Learning Instance Cost: 5670548.44
2025-02-11 13:31 | INFO | Timeout limit is increased to 3400
2025-02-11 13:33 | INFO | Query 47 Size of the uncertainty table is = 28816/145452
2025-02-11 13:33 | INFO | Query 47 Size of the filtered table is = 1455
2025-02-11 13:33 | INFO | Training Time Active Learning Classifier: 39.2 seconds
2025-02-11 13:34 | INFO | Training Time Active Learning Regressor: 4.65 seconds
2025-02-11 13:36 | INFO | Query 47 Active Learning Runtime on Validation Set: 829956.618
2025-02-11 13:36 | INFO | Query 47 Active Learning Runtime on Test Set: 253891.068
2025-02-11 13:36 | INFO | Query 47 Active Learning Instance Cost: 5787348.44
2025-02-11 13:36 | INFO | Timeout limit is increased to 3500
2025-02-11 13:37 | INFO | Query 48 Size of the uncertainty table is = 28816/145452
2025-02-11 13:37 | INFO | Query 48 Size of the filtered table is = 1455
2025-02-11 13:38 | INFO | Training Time Active Learning Classifier: 39.21 seconds
2025-02-11 13:38 | INFO | Training Time Active Learning Regressor: 4.69 seconds
2025-02-11 13:41 | INFO | Query 48 Active Learning Runtime on Validation Set: 829956.618
2025-02-11 13:41 | INFO | Query 48 Active Learning Runtime on Test Set: 253891.068
2025-02-11 13:41 | INFO | Query 48 Active Learning Instance Cost: 5882848.44
2025-02-11 13:41 | INFO | Timeout limit is increased to 3600
2025-02-11 13:42 | INFO | Query 49 Size of the uncertainty table is = 28816/145452
2025-02-11 13:42 | INFO | Query 49 Size of the filtered table is = 1455
2025-02-11 13:43 | INFO | Training Time Active Learning Classifier: 39.2 seconds
2025-02-11 13:43 | INFO | Training Time Active Learning Regressor: 4.69 seconds
2025-02-11 13:46 | INFO | Query 49 Active Learning Runtime on Validation Set: 829956.618
2025-02-11 13:46 | INFO | Query 49 Active Learning Runtime on Test Set: 253891.068
2025-02-11 13:46 | INFO | Query 49 Active Learning Instance Cost: 6033548.44
2025-02-11 13:46 | INFO | Timeout limit is increased to 3600
2025-02-11 13:46 | INFO | Active Learning Emissions: 0.16833572232478608
2025-02-11 13:46 | INFO | Active Learning Energy Consumption: 0.18315356445001008 kWh
2025-02-11 13:46 | INFO | runtime_test_score is written as json file
2025-02-11 13:46 | INFO | runtime_validation_score is written as json file
2025-02-11 13:46 | INFO | instance_cost is written as json file
2025-02-11 13:46 | INFO | Experiment is finished
