2024-06-04 17:29 | INFO | Paramaters are: {'dataset': 'SAT12-INDU', 'penalty': 10, 'weight': 'No_Weight', 'voting': 'Hard', 'pre_selection_size': 64, 'pre_selection_technique': 'No_pre_selection', 'feature_elimination_threshold': 20, 'imputer_strategy': 'median', 'feature_selection_technique': 'No_feature_selection', 'feature_scaling_technique': 'StandardScaler', 'initial_train_size': 20, 'query_size': 1, 'timeout_predictor_usage': 'No', 'timeout_limit': 3600, 'timeout_increase_rate': 100, 'RANDOM_STATE_SEED': 7, 'n_splits': 10, 'split_number': 8, 'max_timeout': 3600, 'param_grid': {'n_estimators': 100, 'criterion': 'gini', 'max_features': 'sqrt', 'max_depth': 2147483648, 'min_samples_split': 2, 'bootstrap': True}}
2024-06-04 17:29 | INFO | SAT12-INDU is current dataset
2024-06-04 17:29 | INFO | DATASETS/SAT12-INDU/algorithm_runs.arff is found
2024-06-04 17:29 | INFO | DATASETS/SAT12-INDU/algorithm_runs.arff is finished
2024-06-04 17:29 | INFO | DATASETS/SAT12-INDU/feature_values.arff is found
2024-06-04 17:29 | INFO | DATASETS/SAT12-INDU/feature_values.arff is finished
2024-06-04 17:29 | INFO | DATASETS/SAT12-INDU/feature_costs.arff is found
2024-06-04 17:29 | INFO | DATASETS/SAT12-INDU/feature_costs.arff is finished
2024-06-04 17:29 | INFO | Virtual best solver time in train = 135782.62
2024-06-04 17:29 | INFO | Single best solver list train = {'clasp1': 6145882.2, 'clasp2': 6426133.94, 'cryptominisat2011': 3308254.51, 'eagleup': 23652000.05, 'ebglucose': 5509439.21, 'ebminisat': 4691043.64, 'glucose2': 4292459.17, 'glueminisat': 4356836.61, 'gnoveltyp2': 23400864.23, 'lingeling': 2858754.27, 'lrglshr': 6191399.61, 'marchrw': 22150129.65, 'minisatpsm': 4573948.79, 'mphaseSAT': 3943139.84, 'mphaseSAT64': 3514297.78, 'mphaseSATm': 3877929.39, 'mxc09': 5307595.37, 'picosat': 6991430.62, 'precosat': 4157572.67, 'qutersat': 3188662.75, 'rcl': 6054823.28, 'restartsat': 4516530.72, 'sapperlot': 5845677.1, 'satime11': 21790448.41, 'sattime': 22005188.9, 'sattimep': 22044612.53, 'sol': 9536024.17, 'sparrow': 22648065.24, 'spear-hw': 10079417.06, 'spear-sw': 10822391.7, 'tnm': 22789382.37}
2024-06-04 17:29 | INFO | Single best solver time train = lingeling (2858754.27)
2024-06-04 17:29 | INFO | Virtual best solver time in validation = 28502.94
2024-06-04 17:29 | INFO | Single best solver list validation = {'clasp1': 1208722.8, 'clasp2': 1529065.1, 'cryptominisat2011': 454412.7, 'eagleup': 5940000.0, 'ebglucose': 987955.33, 'ebminisat': 597196.43, 'glucose2': 664793.66, 'glueminisat': 699469.83, 'gnoveltyp2': 5904166.89, 'lingeling': 376066.84, 'lrglshr': 880793.12, 'marchrw': 5653106.18, 'minisatpsm': 697009.41, 'mphaseSAT': 380315.98, 'mphaseSAT64': 628926.28, 'mphaseSATm': 418869.0, 'mxc09': 809019.9, 'picosat': 1241402.29, 'precosat': 628000.79, 'qutersat': 346465.89, 'rcl': 990422.15, 'restartsat': 562705.38, 'sapperlot': 777876.68, 'satime11': 5652681.36, 'sattime': 5688311.68, 'sattimep': 5653078.76, 'sol': 2080127.66, 'sparrow': 5868696.16, 'spear-hw': 2394238.62, 'spear-sw': 2072456.35, 'tnm': 5796297.73}
2024-06-04 17:29 | INFO | Single best solver time validation = qutersat (346465.89)
2024-06-04 17:29 | INFO | Virtual best solver time in test = 17725.61
2024-06-04 17:29 | INFO | Single best solver list test = {'clasp1': 947818.26, 'clasp2': 1194229.95, 'cryptominisat2011': 409496.03, 'eagleup': 3276000.0, 'ebglucose': 801334.83, 'ebminisat': 658445.58, 'glucose2': 622043.68, 'glueminisat': 445047.65, 'gnoveltyp2': 3204035.92, 'lingeling': 443614.08, 'lrglshr': 766725.15, 'marchrw': 3132904.38, 'minisatpsm': 549811.27, 'mphaseSAT': 659443.38, 'mphaseSAT64': 730801.12, 'mphaseSATm': 694649.23, 'mxc09': 800176.4, 'picosat': 980635.37, 'precosat': 624706.48, 'qutersat': 339833.13, 'rcl': 764211.58, 'restartsat': 658581.73, 'sapperlot': 694641.78, 'satime11': 3132256.16, 'sattime': 3132254.34, 'sattimep': 3169023.09, 'sol': 1241232.76, 'sparrow': 3132750.54, 'spear-hw': 1305563.87, 'spear-sw': 1523869.28, 'tnm': 3204113.7}
2024-06-04 17:29 | INFO | Single best solver time test = qutersat (339833.13)
2024-06-04 17:50 | INFO | Passive Learning Runtime on Validation Set: 116523.13
2024-06-04 17:50 | INFO | Passive Learning Runtime on Test Set: 117096.48
2024-06-04 17:50 | INFO | Passive Learning Instance Cost: 32469135.78
2024-06-04 18:09 | INFO | Initial Active Learning Runtime on Validation Set: 410415.74
2024-06-04 18:09 | INFO | Initial Active Learning Runtime on Test Set: 374107.15
2024-06-04 18:09 | INFO | Initial Active Learning Instance Cost: 1041845.26
2024-06-04 18:09 | INFO | Bin size = 2972
2024-06-04 18:11 | INFO | Query 1 Size of the uncertainty table is = 297135/297135
2024-06-04 18:11 | INFO | Query 1 Size of the filtered table is = 2972
2024-06-04 18:31 | INFO | Query 1 Active Learning Runtime on Validation Set: 229275.56
2024-06-04 18:31 | INFO | Query 1 Active Learning Runtime on Test Set: 298467.85
2024-06-04 18:31 | INFO | Query 1 Active Learning Instance Cost: 6314609.99
2024-06-04 18:33 | INFO | Query 2 Size of the uncertainty table is = 277794/297135
2024-06-04 18:33 | INFO | Query 2 Size of the filtered table is = 2972
2024-06-04 18:53 | INFO | Query 2 Active Learning Runtime on Validation Set: 190744.19
2024-06-04 18:53 | INFO | Query 2 Active Learning Runtime on Test Set: 226256.47999999998
2024-06-04 18:53 | INFO | Query 2 Active Learning Instance Cost: 10231826.4
2024-06-04 18:55 | INFO | Query 3 Size of the uncertainty table is = 241644/297135
2024-06-04 18:55 | INFO | Query 3 Size of the filtered table is = 2972
2024-06-04 19:15 | INFO | Query 3 Active Learning Runtime on Validation Set: 224248.78999999998
2024-06-04 19:15 | INFO | Query 3 Active Learning Runtime on Test Set: 190716.86
2024-06-04 19:15 | INFO | Query 3 Active Learning Instance Cost: 15148928.22
2024-06-04 19:15 | INFO | Timeout limit is increased to 3600
2024-06-04 19:17 | INFO | Query 4 Size of the uncertainty table is = 194822/297135
2024-06-04 19:17 | INFO | Query 4 Size of the filtered table is = 2972
2024-06-04 19:38 | INFO | Query 4 Active Learning Runtime on Validation Set: 117335.23000000001
2024-06-04 19:38 | INFO | Query 4 Active Learning Runtime on Test Set: 82020.55
2024-06-04 19:38 | INFO | Query 4 Active Learning Instance Cost: 18629062.07
2024-06-04 19:39 | INFO | Query 5 Size of the uncertainty table is = 148033/297135
2024-06-04 19:39 | INFO | Query 5 Size of the filtered table is = 2972
2024-06-04 20:00 | INFO | Query 5 Active Learning Runtime on Validation Set: 115527.29000000001
2024-06-04 20:00 | INFO | Query 5 Active Learning Runtime on Test Set: 116917.98000000001
2024-06-04 20:00 | INFO | Query 5 Active Learning Instance Cost: 24312425.75
2024-06-04 20:01 | INFO | Query 6 Size of the uncertainty table is = 93590/297135
2024-06-04 20:01 | INFO | Query 6 Size of the filtered table is = 2972
2024-06-04 20:22 | INFO | Query 6 Active Learning Runtime on Validation Set: 151827.95
2024-06-04 20:22 | INFO | Query 6 Active Learning Runtime on Test Set: 117054.25
2024-06-04 20:22 | INFO | Query 6 Active Learning Instance Cost: 27688211.9
2024-06-04 20:22 | INFO | Timeout limit is increased to 3600
2024-06-04 20:23 | INFO | Query 7 Size of the uncertainty table is = 50814/297135
2024-06-04 20:23 | INFO | Query 7 Size of the filtered table is = 2972
2024-06-04 20:44 | INFO | Query 7 Active Learning Runtime on Validation Set: 115518.21
2024-06-04 20:44 | INFO | Query 7 Active Learning Runtime on Test Set: 116709.19
2024-06-04 20:44 | INFO | Query 7 Active Learning Instance Cost: 29957476.59
2024-06-04 20:45 | INFO | Query 8 Size of the uncertainty table is = 23747/297135
2024-06-04 20:45 | INFO | Query 8 Size of the filtered table is = 2972
2024-06-04 21:07 | INFO | Query 8 Active Learning Runtime on Validation Set: 117127.91
2024-06-04 21:07 | INFO | Query 8 Active Learning Runtime on Test Set: 117101.01000000001
2024-06-04 21:07 | INFO | Query 8 Active Learning Instance Cost: 31093935.78
2024-06-04 21:07 | INFO | Timeout limit is increased to 3600
2024-06-04 21:07 | INFO | Query 9 Size of the uncertainty table is = 11460/297135
2024-06-04 21:07 | INFO | Query 9 Size of the filtered table is = 2972
2024-06-04 21:28 | INFO | Query 9 Active Learning Runtime on Validation Set: 117127.91
2024-06-04 21:28 | INFO | Query 9 Active Learning Runtime on Test Set: 117101.01000000001
2024-06-04 21:28 | INFO | Query 9 Active Learning Instance Cost: 32469135.78
2024-06-04 21:28 | INFO | Timeout limit is increased to 3600
2024-06-04 21:28 | INFO | runtime_test_score is written as json file
2024-06-04 21:28 | INFO | runtime_validation_score is written as json file
2024-06-04 21:28 | INFO | instance_cost is written as json file
2024-06-04 21:28 | INFO | Experiment is finished
