2025-02-10 21:27 | INFO | Paramaters are: {'dataset': 'SAT11-RAND', 'penalty': 10, 'weight': 'No_Weight', 'voting': 'Hard', 'pre_selection_size': 64, 'pre_selection_technique': 'No_pre_selection', 'feature_elimination_threshold': 20, 'imputer_strategy': 'median', 'feature_selection_technique': 'No_feature_selection', 'feature_scaling_technique': 'StandardScaler', 'priority': {'PredCost': 'min', 'PredDiff': 'max', 'Uncertainty': 'max'}, 'initial_train_size': 20, 'query_size': 1, 'timeout_predictor_usage': 'No', 'timeout_limit': 3600, 'timeout_increase_rate': 100, 'penalty_type': 'Only-timeout-penalty', 'RANDOM_STATE_SEED': 7, 'n_splits': 10, 'split_number': 0, 'max_timeout': 3600, 'param_grid': {'n_estimators': 100, 'max_features': 'sqrt', 'max_depth': 2147483648, 'min_samples_split': 2, 'bootstrap': True}}
2025-02-10 21:27 | INFO | SAT11-RAND is current dataset
2025-02-10 21:27 | INFO | DATASETS/SAT11-RAND/algorithm_runs.arff is found
2025-02-10 21:27 | INFO | DATASETS/SAT11-RAND/algorithm_runs.arff is finished
2025-02-10 21:27 | INFO | DATASETS/SAT11-RAND/feature_values.arff is found
2025-02-10 21:27 | INFO | DATASETS/SAT11-RAND/feature_values.arff is finished
2025-02-10 21:27 | INFO | DATASETS/SAT11-RAND/feature_costs.arff is found
2025-02-10 21:27 | INFO | DATASETS/SAT11-RAND/feature_costs.arff is finished
2025-02-10 21:27 | INFO | Virtual best solver time in train = 83888.58
2025-02-10 21:27 | INFO | Single best solver list train = {'EagleUP_1.565.350': 4108927.07, 'MPhaseSAT_M_2011-02-16': 4096152.37, 'SAT09referencesolverTNM_2009-03-22': 4343237.4, 'SAT09referencesolvergnovelty+2_2009-03-22': 5041332.07, 'SAT09referencesolvermarch_hi_hi': 7238735.46, 'adaptg2wsat2011_2011-03-02': 4253252.15, 'march_rw_2011-03-02': 7233669.73, 'sattime2011_2011-03-02': 4091579.26, 'sparrow2011_sparrow2011_ubcsat1.2_2011-03-02': 3104095.7}
2025-02-10 21:27 | INFO | Single best solver time train = sparrow2011_sparrow2011_ubcsat1.2_2011-03-02 (3104095.7)
2025-02-10 21:27 | INFO | Virtual best solver time in validation = 35546.91
2025-02-10 21:27 | INFO | Single best solver list validation = {'EagleUP_1.565.350': 1224459.98, 'MPhaseSAT_M_2011-02-16': 222839.16, 'SAT09referencesolverTNM_2009-03-22': 1224379.47, 'SAT09referencesolvergnovelty+2_2009-03-22': 1224441.85, 'SAT09referencesolvermarch_hi_hi': 699593.68, 'adaptg2wsat2011_2011-03-02': 1224459.89, 'march_rw_2011-03-02': 700830.97, 'sattime2011_2011-03-02': 1224773.26, 'sparrow2011_sparrow2011_ubcsat1.2_2011-03-02': 1224608.51}
2025-02-10 21:27 | INFO | Single best solver time validation = MPhaseSAT_M_2011-02-16 (222839.16)
2025-02-10 21:27 | INFO | Virtual best solver time in test = 6763.77
2025-02-10 21:27 | INFO | Single best solver list test = {'EagleUP_1.565.350': 617150.51, 'MPhaseSAT_M_2011-02-16': 546995.03, 'SAT09referencesolverTNM_2009-03-22': 593804.6, 'SAT09referencesolvergnovelty+2_2009-03-22': 804243.64, 'SAT09referencesolvermarch_hi_hi': 873303.31, 'adaptg2wsat2011_2011-03-02': 515025.61, 'march_rw_2011-03-02': 871699.84, 'sattime2011_2011-03-02': 491623.03, 'sparrow2011_sparrow2011_ubcsat1.2_2011-03-02': 401109.34}
2025-02-10 21:27 | INFO | Single best solver time test = sparrow2011_sparrow2011_ubcsat1.2_2011-03-02 (401109.34)
2025-02-10 21:27 | INFO | Training Time Passive Learning Classifier: 4.18 seconds
2025-02-10 21:27 | INFO | Training Time Passive Learning Regressor: 1.41 seconds
2025-02-10 21:27 | INFO | Passive Learning Classifier Runtime on Validation Set: 264949.0
2025-02-10 21:27 | INFO | Passive Learning Classifier Runtime on Test Set: 121926.65
2025-02-10 21:27 | INFO | Passive Learning Instance Cost: 4922581.21
2025-02-10 21:27 | INFO | Passive Learning Emissions: 0.0002309034408977475
2025-02-10 21:27 | INFO | Passive Learning Energy Consumption: 0.0002512288399642178 kWh
2025-02-10 21:28 | INFO | Training Time Active Learning Classifier: 2.11 seconds
2025-02-10 21:28 | INFO | Training Time Active Learning Regressor: 0.44 seconds
2025-02-10 21:28 | INFO | Initial Active Learning Runtime on Validation Set: 1232424.7
2025-02-10 21:28 | INFO | Initial Active Learning Runtime on Test Set: 339225.09
2025-02-10 21:28 | INFO | Initial Active Learning Instance Cost: 206905.42
2025-02-10 21:28 | INFO | Bin size = 120
2025-02-10 21:28 | INFO | Query 1 Size of the uncertainty table is = 11988/11988
2025-02-10 21:28 | INFO | Query 1 Size of the filtered table is = 120
2025-02-10 21:28 | INFO | Training Time Active Learning Classifier: 2.01 seconds
2025-02-10 21:28 | INFO | Training Time Active Learning Regressor: 0.48 seconds
2025-02-10 21:28 | INFO | Query 1 Active Learning Runtime on Validation Set: 1232429.6700000002
2025-02-10 21:28 | INFO | Query 1 Active Learning Runtime on Test Set: 338849.0
2025-02-10 21:28 | INFO | Query 1 Active Learning Instance Cost: 308928.52
2025-02-10 21:28 | INFO | Timeout limit is increased to 3600
2025-02-10 21:28 | INFO | Query 2 Size of the uncertainty table is = 11852/11988
2025-02-10 21:28 | INFO | Query 2 Size of the filtered table is = 120
2025-02-10 21:28 | INFO | Training Time Active Learning Classifier: 2.04 seconds
2025-02-10 21:28 | INFO | Training Time Active Learning Regressor: 0.52 seconds
2025-02-10 21:29 | INFO | Query 2 Active Learning Runtime on Validation Set: 1232424.7
2025-02-10 21:29 | INFO | Query 2 Active Learning Runtime on Test Set: 338907.48
2025-02-10 21:29 | INFO | Query 2 Active Learning Instance Cost: 321230.07
2025-02-10 21:29 | INFO | Query 3 Size of the uncertainty table is = 11723/11988
2025-02-10 21:29 | INFO | Query 3 Size of the filtered table is = 120
2025-02-10 21:29 | INFO | Training Time Active Learning Classifier: 2.06 seconds
2025-02-10 21:29 | INFO | Training Time Active Learning Regressor: 0.56 seconds
2025-02-10 21:29 | INFO | Query 3 Active Learning Runtime on Validation Set: 1232424.46
2025-02-10 21:29 | INFO | Query 3 Active Learning Runtime on Test Set: 374883.93
2025-02-10 21:29 | INFO | Query 3 Active Learning Instance Cost: 333232.8
2025-02-10 21:29 | INFO | Query 4 Size of the uncertainty table is = 11598/11988
2025-02-10 21:29 | INFO | Query 4 Size of the filtered table is = 120
2025-02-10 21:29 | INFO | Training Time Active Learning Classifier: 2.1 seconds
2025-02-10 21:29 | INFO | Training Time Active Learning Regressor: 0.62 seconds
2025-02-10 21:29 | INFO | Query 4 Active Learning Runtime on Validation Set: 1232424.46
2025-02-10 21:29 | INFO | Query 4 Active Learning Runtime on Test Set: 374692.35
2025-02-10 21:29 | INFO | Query 4 Active Learning Instance Cost: 364323.29
2025-02-10 21:29 | INFO | Timeout limit is increased to 3600
2025-02-10 21:29 | INFO | Query 5 Size of the uncertainty table is = 11458/11988
2025-02-10 21:29 | INFO | Query 5 Size of the filtered table is = 120
2025-02-10 21:29 | INFO | Training Time Active Learning Classifier: 2.19 seconds
2025-02-10 21:29 | INFO | Training Time Active Learning Regressor: 0.66 seconds
2025-02-10 21:30 | INFO | Query 5 Active Learning Runtime on Validation Set: 1232424.72
2025-02-10 21:30 | INFO | Query 5 Active Learning Runtime on Test Set: 374754.85
2025-02-10 21:30 | INFO | Query 5 Active Learning Instance Cost: 400185.12
2025-02-10 21:30 | INFO | Timeout limit is increased to 3600
2025-02-10 21:30 | INFO | Query 6 Size of the uncertainty table is = 11333/11988
2025-02-10 21:30 | INFO | Query 6 Size of the filtered table is = 120
2025-02-10 21:30 | INFO | Training Time Active Learning Classifier: 2.16 seconds
2025-02-10 21:30 | INFO | Training Time Active Learning Regressor: 0.7 seconds
2025-02-10 21:30 | INFO | Query 6 Active Learning Runtime on Validation Set: 1232392.1500000001
2025-02-10 21:30 | INFO | Query 6 Active Learning Runtime on Test Set: 374693.39
2025-02-10 21:30 | INFO | Query 6 Active Learning Instance Cost: 410670.61
2025-02-10 21:30 | INFO | Query 7 Size of the uncertainty table is = 11200/11988
2025-02-10 21:30 | INFO | Query 7 Size of the filtered table is = 120
2025-02-10 21:30 | INFO | Training Time Active Learning Classifier: 2.19 seconds
2025-02-10 21:30 | INFO | Training Time Active Learning Regressor: 0.72 seconds
2025-02-10 21:30 | INFO | Query 7 Active Learning Runtime on Validation Set: 1232454.49
2025-02-10 21:30 | INFO | Query 7 Active Learning Runtime on Test Set: 374925.3
2025-02-10 21:30 | INFO | Query 7 Active Learning Instance Cost: 423687.65
2025-02-10 21:30 | INFO | Timeout limit is increased to 3600
2025-02-10 21:30 | INFO | Query 8 Size of the uncertainty table is = 11075/11988
2025-02-10 21:30 | INFO | Query 8 Size of the filtered table is = 120
2025-02-10 21:30 | INFO | Training Time Active Learning Classifier: 2.23 seconds
2025-02-10 21:30 | INFO | Training Time Active Learning Regressor: 0.74 seconds
2025-02-10 21:31 | INFO | Query 8 Active Learning Runtime on Validation Set: 1232464.85
2025-02-10 21:31 | INFO | Query 8 Active Learning Runtime on Test Set: 338884.14
2025-02-10 21:31 | INFO | Query 8 Active Learning Instance Cost: 449787.53
2025-02-10 21:31 | INFO | Timeout limit is increased to 3600
2025-02-10 21:31 | INFO | Query 9 Size of the uncertainty table is = 10948/11988
2025-02-10 21:31 | INFO | Query 9 Size of the filtered table is = 120
2025-02-10 21:31 | INFO | Training Time Active Learning Classifier: 2.25 seconds
2025-02-10 21:31 | INFO | Training Time Active Learning Regressor: 0.76 seconds
2025-02-10 21:31 | INFO | Query 9 Active Learning Runtime on Validation Set: 1232426.9200000002
2025-02-10 21:31 | INFO | Query 9 Active Learning Runtime on Test Set: 338883.70999999996
2025-02-10 21:31 | INFO | Query 9 Active Learning Instance Cost: 454728.94
2025-02-10 21:31 | INFO | Query 10 Size of the uncertainty table is = 10827/11988
2025-02-10 21:31 | INFO | Query 10 Size of the filtered table is = 120
2025-02-10 21:31 | INFO | Training Time Active Learning Classifier: 2.29 seconds
2025-02-10 21:31 | INFO | Training Time Active Learning Regressor: 0.79 seconds
2025-02-10 21:31 | INFO | Query 10 Active Learning Runtime on Validation Set: 1232430.1400000001
2025-02-10 21:31 | INFO | Query 10 Active Learning Runtime on Test Set: 338878.33
2025-02-10 21:31 | INFO | Query 10 Active Learning Instance Cost: 490106.32
2025-02-10 21:31 | INFO | Timeout limit is increased to 3600
2025-02-10 21:32 | INFO | Query 11 Size of the uncertainty table is = 10692/11988
2025-02-10 21:32 | INFO | Query 11 Size of the filtered table is = 120
2025-02-10 21:32 | INFO | Training Time Active Learning Classifier: 2.33 seconds
2025-02-10 21:32 | INFO | Training Time Active Learning Regressor: 0.81 seconds
2025-02-10 21:32 | INFO | Query 11 Active Learning Runtime on Validation Set: 1232433.43
2025-02-10 21:32 | INFO | Query 11 Active Learning Runtime on Test Set: 374873.26999999996
2025-02-10 21:32 | INFO | Query 11 Active Learning Instance Cost: 507250.81
2025-02-10 21:32 | INFO | Timeout limit is increased to 3600
2025-02-10 21:32 | INFO | Query 12 Size of the uncertainty table is = 10566/11988
2025-02-10 21:32 | INFO | Query 12 Size of the filtered table is = 120
2025-02-10 21:32 | INFO | Training Time Active Learning Classifier: 2.36 seconds
2025-02-10 21:32 | INFO | Training Time Active Learning Regressor: 0.83 seconds
2025-02-10 21:32 | INFO | Query 12 Active Learning Runtime on Validation Set: 1232433.33
2025-02-10 21:32 | INFO | Query 12 Active Learning Runtime on Test Set: 374873.33999999997
2025-02-10 21:32 | INFO | Query 12 Active Learning Instance Cost: 512236.54
2025-02-10 21:32 | INFO | Query 13 Size of the uncertainty table is = 10440/11988
2025-02-10 21:32 | INFO | Query 13 Size of the filtered table is = 120
2025-02-10 21:32 | INFO | Training Time Active Learning Classifier: 2.39 seconds
2025-02-10 21:32 | INFO | Training Time Active Learning Regressor: 0.84 seconds
2025-02-10 21:33 | INFO | Query 13 Active Learning Runtime on Validation Set: 1232469.3
2025-02-10 21:33 | INFO | Query 13 Active Learning Runtime on Test Set: 374877.0
2025-02-10 21:33 | INFO | Query 13 Active Learning Instance Cost: 512981.76
2025-02-10 21:33 | INFO | Timeout limit is increased to 3600
2025-02-10 21:33 | INFO | Query 14 Size of the uncertainty table is = 10310/11988
2025-02-10 21:33 | INFO | Query 14 Size of the filtered table is = 120
2025-02-10 21:33 | INFO | Training Time Active Learning Classifier: 2.42 seconds
2025-02-10 21:33 | INFO | Training Time Active Learning Regressor: 0.87 seconds
2025-02-10 21:33 | INFO | Query 14 Active Learning Runtime on Validation Set: 1232476.79
2025-02-10 21:33 | INFO | Query 14 Active Learning Runtime on Test Set: 374874.24
2025-02-10 21:33 | INFO | Query 14 Active Learning Instance Cost: 536573.09
2025-02-10 21:33 | INFO | Timeout limit is increased to 3600
2025-02-10 21:33 | INFO | Query 15 Size of the uncertainty table is = 10187/11988
2025-02-10 21:33 | INFO | Query 15 Size of the filtered table is = 120
2025-02-10 21:33 | INFO | Training Time Active Learning Classifier: 2.47 seconds
2025-02-10 21:33 | INFO | Training Time Active Learning Regressor: 0.9 seconds
2025-02-10 21:33 | INFO | Query 15 Active Learning Runtime on Validation Set: 908570.99
2025-02-10 21:33 | INFO | Query 15 Active Learning Runtime on Test Set: 338873.87
2025-02-10 21:33 | INFO | Query 15 Active Learning Instance Cost: 542022.07
2025-02-10 21:33 | INFO | Query 16 Size of the uncertainty table is = 10049/11988
2025-02-10 21:33 | INFO | Query 16 Size of the filtered table is = 120
2025-02-10 21:34 | INFO | Training Time Active Learning Classifier: 2.58 seconds
2025-02-10 21:34 | INFO | Training Time Active Learning Regressor: 0.91 seconds
2025-02-10 21:34 | INFO | Query 16 Active Learning Runtime on Validation Set: 836730.05
2025-02-10 21:34 | INFO | Query 16 Active Learning Runtime on Test Set: 339024.11
2025-02-10 21:34 | INFO | Query 16 Active Learning Instance Cost: 562048.32
2025-02-10 21:34 | INFO | Query 17 Size of the uncertainty table is = 9919/11988
2025-02-10 21:34 | INFO | Query 17 Size of the filtered table is = 120
2025-02-10 21:34 | INFO | Training Time Active Learning Classifier: 2.54 seconds
2025-02-10 21:34 | INFO | Training Time Active Learning Regressor: 0.93 seconds
2025-02-10 21:34 | INFO | Query 17 Active Learning Runtime on Validation Set: 836716.9700000001
2025-02-10 21:34 | INFO | Query 17 Active Learning Runtime on Test Set: 303101.18
2025-02-10 21:34 | INFO | Query 17 Active Learning Instance Cost: 608790.57
2025-02-10 21:34 | INFO | Query 18 Size of the uncertainty table is = 9766/11988
2025-02-10 21:34 | INFO | Query 18 Size of the filtered table is = 120
2025-02-10 21:34 | INFO | Training Time Active Learning Classifier: 2.58 seconds
2025-02-10 21:34 | INFO | Training Time Active Learning Regressor: 0.95 seconds
2025-02-10 21:35 | INFO | Query 18 Active Learning Runtime on Validation Set: 658635.8
2025-02-10 21:35 | INFO | Query 18 Active Learning Runtime on Test Set: 267085.57
2025-02-10 21:35 | INFO | Query 18 Active Learning Instance Cost: 635498.18
2025-02-10 21:35 | INFO | Query 19 Size of the uncertainty table is = 9630/11988
2025-02-10 21:35 | INFO | Query 19 Size of the filtered table is = 120
2025-02-10 21:35 | INFO | Training Time Active Learning Classifier: 2.61 seconds
2025-02-10 21:35 | INFO | Training Time Active Learning Regressor: 0.95 seconds
2025-02-10 21:35 | INFO | Query 19 Active Learning Runtime on Validation Set: 337573.6
2025-02-10 21:35 | INFO | Query 19 Active Learning Runtime on Test Set: 265329.56
2025-02-10 21:35 | INFO | Query 19 Active Learning Instance Cost: 650271.22
2025-02-10 21:35 | INFO | Query 20 Size of the uncertainty table is = 9503/11988
2025-02-10 21:35 | INFO | Query 20 Size of the filtered table is = 120
2025-02-10 21:35 | INFO | Training Time Active Learning Classifier: 2.64 seconds
2025-02-10 21:35 | INFO | Training Time Active Learning Regressor: 0.97 seconds
2025-02-10 21:35 | INFO | Query 20 Active Learning Runtime on Validation Set: 372892.51
2025-02-10 21:35 | INFO | Query 20 Active Learning Runtime on Test Set: 265472.85
2025-02-10 21:35 | INFO | Query 20 Active Learning Instance Cost: 651238.71
2025-02-10 21:35 | INFO | Timeout limit is increased to 3600
2025-02-10 21:35 | INFO | Query 21 Size of the uncertainty table is = 9382/11988
2025-02-10 21:35 | INFO | Query 21 Size of the filtered table is = 120
2025-02-10 21:35 | INFO | Training Time Active Learning Classifier: 2.74 seconds
2025-02-10 21:35 | INFO | Training Time Active Learning Regressor: 0.98 seconds
2025-02-10 21:36 | INFO | Query 21 Active Learning Runtime on Validation Set: 409019.51
2025-02-10 21:36 | INFO | Query 21 Active Learning Runtime on Test Set: 265415.74
2025-02-10 21:36 | INFO | Query 21 Active Learning Instance Cost: 663194.77
2025-02-10 21:36 | INFO | Timeout limit is increased to 3600
2025-02-10 21:36 | INFO | Query 22 Size of the uncertainty table is = 9247/11988
2025-02-10 21:36 | INFO | Query 22 Size of the filtered table is = 120
2025-02-10 21:36 | INFO | Training Time Active Learning Classifier: 2.7 seconds
2025-02-10 21:36 | INFO | Training Time Active Learning Regressor: 0.99 seconds
2025-02-10 21:36 | INFO | Query 22 Active Learning Runtime on Validation Set: 551798.5700000001
2025-02-10 21:36 | INFO | Query 22 Active Learning Runtime on Test Set: 265475.97000000003
2025-02-10 21:36 | INFO | Query 22 Active Learning Instance Cost: 667177.97
2025-02-10 21:36 | INFO | Timeout limit is increased to 3600
2025-02-10 21:36 | INFO | Query 23 Size of the uncertainty table is = 9120/11988
2025-02-10 21:36 | INFO | Query 23 Size of the filtered table is = 120
2025-02-10 21:36 | INFO | Training Time Active Learning Classifier: 2.74 seconds
2025-02-10 21:36 | INFO | Training Time Active Learning Regressor: 1.0 seconds
2025-02-10 21:37 | INFO | Query 23 Active Learning Runtime on Validation Set: 479172.73
2025-02-10 21:37 | INFO | Query 23 Active Learning Runtime on Test Set: 193742.53999999998
2025-02-10 21:37 | INFO | Query 23 Active Learning Instance Cost: 690558.61
2025-02-10 21:37 | INFO | Query 24 Size of the uncertainty table is = 8984/11988
2025-02-10 21:37 | INFO | Query 24 Size of the filtered table is = 120
2025-02-10 21:37 | INFO | Training Time Active Learning Classifier: 2.77 seconds
2025-02-10 21:37 | INFO | Training Time Active Learning Regressor: 1.02 seconds
2025-02-10 21:37 | INFO | Query 24 Active Learning Runtime on Validation Set: 444262.45
2025-02-10 21:37 | INFO | Query 24 Active Learning Runtime on Test Set: 193468.83
2025-02-10 21:37 | INFO | Query 24 Active Learning Instance Cost: 730759.28
2025-02-10 21:37 | INFO | Query 25 Size of the uncertainty table is = 8842/11988
2025-02-10 21:37 | INFO | Query 25 Size of the filtered table is = 120
2025-02-10 21:37 | INFO | Training Time Active Learning Classifier: 2.82 seconds
2025-02-10 21:37 | INFO | Training Time Active Learning Regressor: 1.04 seconds
2025-02-10 21:37 | INFO | Query 25 Active Learning Runtime on Validation Set: 265926.77
2025-02-10 21:37 | INFO | Query 25 Active Learning Runtime on Test Set: 193440.46
2025-02-10 21:37 | INFO | Query 25 Active Learning Instance Cost: 793860.87
2025-02-10 21:37 | INFO | Query 26 Size of the uncertainty table is = 8681/11988
2025-02-10 21:37 | INFO | Query 26 Size of the filtered table is = 120
2025-02-10 21:37 | INFO | Training Time Active Learning Classifier: 2.84 seconds
2025-02-10 21:37 | INFO | Training Time Active Learning Regressor: 1.09 seconds
2025-02-10 21:38 | INFO | Query 26 Active Learning Runtime on Validation Set: 230349.25999999998
2025-02-10 21:38 | INFO | Query 26 Active Learning Runtime on Test Set: 193815.81999999998
2025-02-10 21:38 | INFO | Query 26 Active Learning Instance Cost: 840859.49
2025-02-10 21:38 | INFO | Query 27 Size of the uncertainty table is = 8552/11988
2025-02-10 21:38 | INFO | Query 27 Size of the filtered table is = 120
2025-02-10 21:38 | INFO | Training Time Active Learning Classifier: 2.89 seconds
2025-02-10 21:38 | INFO | Training Time Active Learning Regressor: 1.1 seconds
2025-02-10 21:38 | INFO | Query 27 Active Learning Runtime on Validation Set: 408234.44
2025-02-10 21:38 | INFO | Query 27 Active Learning Runtime on Test Set: 229466.66999999998
2025-02-10 21:38 | INFO | Query 27 Active Learning Instance Cost: 870569.69
2025-02-10 21:38 | INFO | Timeout limit is increased to 3600
2025-02-10 21:38 | INFO | Query 28 Size of the uncertainty table is = 8418/11988
2025-02-10 21:38 | INFO | Query 28 Size of the filtered table is = 120
2025-02-10 21:38 | INFO | Training Time Active Learning Classifier: 2.91 seconds
2025-02-10 21:38 | INFO | Training Time Active Learning Regressor: 1.11 seconds
2025-02-10 21:39 | INFO | Query 28 Active Learning Runtime on Validation Set: 336813.81
2025-02-10 21:39 | INFO | Query 28 Active Learning Runtime on Test Set: 229406.97999999998
2025-02-10 21:39 | INFO | Query 28 Active Learning Instance Cost: 898990.05
2025-02-10 21:39 | INFO | Query 29 Size of the uncertainty table is = 8275/11988
2025-02-10 21:39 | INFO | Query 29 Size of the filtered table is = 120
2025-02-10 21:39 | INFO | Training Time Active Learning Classifier: 2.96 seconds
2025-02-10 21:39 | INFO | Training Time Active Learning Regressor: 1.12 seconds
2025-02-10 21:39 | INFO | Query 29 Active Learning Runtime on Validation Set: 336579.22
2025-02-10 21:39 | INFO | Query 29 Active Learning Runtime on Test Set: 193321.03999999998
2025-02-10 21:39 | INFO | Query 29 Active Learning Instance Cost: 946390.6
2025-02-10 21:39 | INFO | Query 30 Size of the uncertainty table is = 8136/11988
2025-02-10 21:39 | INFO | Query 30 Size of the filtered table is = 120
2025-02-10 21:39 | INFO | Training Time Active Learning Classifier: 2.98 seconds
2025-02-10 21:39 | INFO | Training Time Active Learning Regressor: 1.12 seconds
2025-02-10 21:39 | INFO | Query 30 Active Learning Runtime on Validation Set: 265952.06
2025-02-10 21:39 | INFO | Query 30 Active Learning Runtime on Test Set: 193438.33
2025-02-10 21:39 | INFO | Query 30 Active Learning Instance Cost: 978807.97
2025-02-10 21:39 | INFO | Query 31 Size of the uncertainty table is = 7992/11988
2025-02-10 21:39 | INFO | Query 31 Size of the filtered table is = 120
2025-02-10 21:39 | INFO | Training Time Active Learning Classifier: 3.09 seconds
2025-02-10 21:39 | INFO | Training Time Active Learning Regressor: 1.14 seconds
2025-02-10 21:40 | INFO | Query 31 Active Learning Runtime on Validation Set: 230340.15
2025-02-10 21:40 | INFO | Query 31 Active Learning Runtime on Test Set: 265150.71
2025-02-10 21:40 | INFO | Query 31 Active Learning Instance Cost: 993230.78
2025-02-10 21:40 | INFO | Query 32 Size of the uncertainty table is = 7858/11988
2025-02-10 21:40 | INFO | Query 32 Size of the filtered table is = 120
2025-02-10 21:40 | INFO | Training Time Active Learning Classifier: 3.06 seconds
2025-02-10 21:40 | INFO | Training Time Active Learning Regressor: 1.15 seconds
2025-02-10 21:40 | INFO | Query 32 Active Learning Runtime on Validation Set: 265090.97000000003
2025-02-10 21:40 | INFO | Query 32 Active Learning Runtime on Test Set: 229326.19
2025-02-10 21:40 | INFO | Query 32 Active Learning Instance Cost: 1014112.08
2025-02-10 21:40 | INFO | Timeout limit is increased to 3600
2025-02-10 21:40 | INFO | Query 33 Size of the uncertainty table is = 7729/11988
2025-02-10 21:40 | INFO | Query 33 Size of the filtered table is = 120
2025-02-10 21:40 | INFO | Training Time Active Learning Classifier: 3.09 seconds
2025-02-10 21:40 | INFO | Training Time Active Learning Regressor: 1.16 seconds
2025-02-10 21:41 | INFO | Query 33 Active Learning Runtime on Validation Set: 301110.01
2025-02-10 21:41 | INFO | Query 33 Active Learning Runtime on Test Set: 193423.28999999998
2025-02-10 21:41 | INFO | Query 33 Active Learning Instance Cost: 1031001.9
2025-02-10 21:41 | INFO | Timeout limit is increased to 3600
2025-02-10 21:41 | INFO | Query 34 Size of the uncertainty table is = 7591/11988
2025-02-10 21:41 | INFO | Query 34 Size of the filtered table is = 120
2025-02-10 21:41 | INFO | Training Time Active Learning Classifier: 3.2 seconds
2025-02-10 21:41 | INFO | Training Time Active Learning Regressor: 1.17 seconds
2025-02-10 21:41 | INFO | Query 34 Active Learning Runtime on Validation Set: 230128.75999999998
2025-02-10 21:41 | INFO | Query 34 Active Learning Runtime on Test Set: 193600.81999999998
2025-02-10 21:41 | INFO | Query 34 Active Learning Instance Cost: 1067839.08
2025-02-10 21:41 | INFO | Query 35 Size of the uncertainty table is = 7464/11988
2025-02-10 21:41 | INFO | Query 35 Size of the filtered table is = 120
2025-02-10 21:41 | INFO | Training Time Active Learning Classifier: 3.18 seconds
2025-02-10 21:41 | INFO | Training Time Active Learning Regressor: 1.2 seconds
2025-02-10 21:41 | INFO | Query 35 Active Learning Runtime on Validation Set: 371680.0
2025-02-10 21:41 | INFO | Query 35 Active Learning Runtime on Test Set: 193346.19
2025-02-10 21:41 | INFO | Query 35 Active Learning Instance Cost: 1082558.48
2025-02-10 21:41 | INFO | Timeout limit is increased to 3600
2025-02-10 21:41 | INFO | Query 36 Size of the uncertainty table is = 7327/11988
2025-02-10 21:41 | INFO | Query 36 Size of the filtered table is = 120
2025-02-10 21:41 | INFO | Training Time Active Learning Classifier: 3.22 seconds
2025-02-10 21:41 | INFO | Training Time Active Learning Regressor: 1.2 seconds
2025-02-10 21:42 | INFO | Query 36 Active Learning Runtime on Validation Set: 371747.55
2025-02-10 21:42 | INFO | Query 36 Active Learning Runtime on Test Set: 229335.03
2025-02-10 21:42 | INFO | Query 36 Active Learning Instance Cost: 1105407.08
2025-02-10 21:42 | INFO | Timeout limit is increased to 3600
2025-02-10 21:42 | INFO | Query 37 Size of the uncertainty table is = 7188/11988
2025-02-10 21:42 | INFO | Query 37 Size of the filtered table is = 120
2025-02-10 21:42 | INFO | Training Time Active Learning Classifier: 3.34 seconds
2025-02-10 21:42 | INFO | Training Time Active Learning Regressor: 1.21 seconds
2025-02-10 21:42 | INFO | Query 37 Active Learning Runtime on Validation Set: 442849.39999999997
2025-02-10 21:42 | INFO | Query 37 Active Learning Runtime on Test Set: 193490.59
2025-02-10 21:42 | INFO | Query 37 Active Learning Instance Cost: 1175053.57
2025-02-10 21:42 | INFO | Timeout limit is increased to 3600
2025-02-10 21:42 | INFO | Query 38 Size of the uncertainty table is = 7019/11988
2025-02-10 21:42 | INFO | Query 38 Size of the filtered table is = 120
2025-02-10 21:42 | INFO | Training Time Active Learning Classifier: 3.31 seconds
2025-02-10 21:42 | INFO | Training Time Active Learning Regressor: 1.2 seconds
2025-02-10 21:43 | INFO | Query 38 Active Learning Runtime on Validation Set: 300628.89999999997
2025-02-10 21:43 | INFO | Query 38 Active Learning Runtime on Test Set: 229215.66999999998
2025-02-10 21:43 | INFO | Query 38 Active Learning Instance Cost: 1244710.82
2025-02-10 21:43 | INFO | Query 39 Size of the uncertainty table is = 6844/11988
2025-02-10 21:43 | INFO | Query 39 Size of the filtered table is = 120
2025-02-10 21:43 | INFO | Training Time Active Learning Classifier: 3.34 seconds
2025-02-10 21:43 | INFO | Training Time Active Learning Regressor: 1.21 seconds
2025-02-10 21:43 | INFO | Query 39 Active Learning Runtime on Validation Set: 229700.46
2025-02-10 21:43 | INFO | Query 39 Active Learning Runtime on Test Set: 230105.36
2025-02-10 21:43 | INFO | Query 39 Active Learning Instance Cost: 1326668.81
2025-02-10 21:43 | INFO | Query 40 Size of the uncertainty table is = 6673/11988
2025-02-10 21:43 | INFO | Query 40 Size of the filtered table is = 120
2025-02-10 21:43 | INFO | Training Time Active Learning Classifier: 3.4 seconds
2025-02-10 21:43 | INFO | Training Time Active Learning Regressor: 1.22 seconds
2025-02-10 21:43 | INFO | Query 40 Active Learning Runtime on Validation Set: 229461.88999999998
2025-02-10 21:43 | INFO | Query 40 Active Learning Runtime on Test Set: 158615.50999999998
2025-02-10 21:43 | INFO | Query 40 Active Learning Instance Cost: 1407251.61
2025-02-10 21:43 | INFO | Query 41 Size of the uncertainty table is = 6483/11988
2025-02-10 21:43 | INFO | Query 41 Size of the filtered table is = 120
2025-02-10 21:43 | INFO | Training Time Active Learning Classifier: 3.5 seconds
2025-02-10 21:43 | INFO | Training Time Active Learning Regressor: 1.23 seconds
2025-02-10 21:44 | INFO | Query 41 Active Learning Runtime on Validation Set: 229422.16999999998
2025-02-10 21:44 | INFO | Query 41 Active Learning Runtime on Test Set: 159653.65999999997
2025-02-10 21:44 | INFO | Query 41 Active Learning Instance Cost: 1485645.2
2025-02-10 21:44 | INFO | Query 42 Size of the uncertainty table is = 6332/11988
2025-02-10 21:44 | INFO | Query 42 Size of the filtered table is = 120
2025-02-10 21:44 | INFO | Training Time Active Learning Classifier: 3.47 seconds
2025-02-10 21:44 | INFO | Training Time Active Learning Regressor: 1.25 seconds
2025-02-10 21:44 | INFO | Query 42 Active Learning Runtime on Validation Set: 301029.14999999997
2025-02-10 21:44 | INFO | Query 42 Active Learning Runtime on Test Set: 122683.66
2025-02-10 21:44 | INFO | Query 42 Active Learning Instance Cost: 1552798.28
2025-02-10 21:44 | INFO | Timeout limit is increased to 3600
2025-02-10 21:44 | INFO | Query 43 Size of the uncertainty table is = 6172/11988
2025-02-10 21:44 | INFO | Query 43 Size of the filtered table is = 120
2025-02-10 21:44 | INFO | Training Time Active Learning Classifier: 3.5 seconds
2025-02-10 21:44 | INFO | Training Time Active Learning Regressor: 1.26 seconds
2025-02-10 21:45 | INFO | Query 43 Active Learning Runtime on Validation Set: 336350.25
2025-02-10 21:45 | INFO | Query 43 Active Learning Runtime on Test Set: 157728.56999999998
2025-02-10 21:45 | INFO | Query 43 Active Learning Instance Cost: 1617159.89
2025-02-10 21:45 | INFO | Timeout limit is increased to 3600
2025-02-10 21:45 | INFO | Query 44 Size of the uncertainty table is = 6027/11988
2025-02-10 21:45 | INFO | Query 44 Size of the filtered table is = 120
2025-02-10 21:45 | INFO | Training Time Active Learning Classifier: 3.54 seconds
2025-02-10 21:45 | INFO | Training Time Active Learning Regressor: 1.26 seconds
2025-02-10 21:45 | INFO | Query 44 Active Learning Runtime on Validation Set: 265428.02
2025-02-10 21:45 | INFO | Query 44 Active Learning Runtime on Test Set: 157733.3
2025-02-10 21:45 | INFO | Query 44 Active Learning Instance Cost: 1683096.51
2025-02-10 21:45 | INFO | Query 45 Size of the uncertainty table is = 5875/11988
2025-02-10 21:45 | INFO | Query 45 Size of the filtered table is = 120
2025-02-10 21:45 | INFO | Training Time Active Learning Classifier: 3.66 seconds
2025-02-10 21:45 | INFO | Training Time Active Learning Regressor: 1.28 seconds
2025-02-10 21:45 | INFO | Query 45 Active Learning Runtime on Validation Set: 265919.16
2025-02-10 21:45 | INFO | Query 45 Active Learning Runtime on Test Set: 158748.81999999998
2025-02-10 21:45 | INFO | Query 45 Active Learning Instance Cost: 1771515.15
2025-02-10 21:45 | INFO | Timeout limit is increased to 3600
2025-02-10 21:45 | INFO | Query 46 Size of the uncertainty table is = 5690/11988
2025-02-10 21:45 | INFO | Query 46 Size of the filtered table is = 120
2025-02-10 21:45 | INFO | Training Time Active Learning Classifier: 3.62 seconds
2025-02-10 21:46 | INFO | Training Time Active Learning Regressor: 1.29 seconds
2025-02-10 21:46 | INFO | Query 46 Active Learning Runtime on Validation Set: 229322.69
2025-02-10 21:46 | INFO | Query 46 Active Learning Runtime on Test Set: 123669.65000000001
2025-02-10 21:46 | INFO | Query 46 Active Learning Instance Cost: 1901821.87
2025-02-10 21:46 | INFO | Query 47 Size of the uncertainty table is = 5482/11988
2025-02-10 21:46 | INFO | Query 47 Size of the filtered table is = 120
2025-02-10 21:46 | INFO | Training Time Active Learning Classifier: 3.64 seconds
2025-02-10 21:46 | INFO | Training Time Active Learning Regressor: 1.29 seconds
2025-02-10 21:46 | INFO | Query 47 Active Learning Runtime on Validation Set: 229318.31
2025-02-10 21:46 | INFO | Query 47 Active Learning Runtime on Test Set: 123672.13
2025-02-10 21:46 | INFO | Query 47 Active Learning Instance Cost: 2030450.07
2025-02-10 21:46 | INFO | Query 48 Size of the uncertainty table is = 5297/11988
2025-02-10 21:46 | INFO | Query 48 Size of the filtered table is = 120
2025-02-10 21:46 | INFO | Training Time Active Learning Classifier: 3.67 seconds
2025-02-10 21:46 | INFO | Training Time Active Learning Regressor: 1.3 seconds
2025-02-10 21:47 | INFO | Query 48 Active Learning Runtime on Validation Set: 229314.09999999998
2025-02-10 21:47 | INFO | Query 48 Active Learning Runtime on Test Set: 158705.43
2025-02-10 21:47 | INFO | Query 48 Active Learning Instance Cost: 2122475.04
2025-02-10 21:47 | INFO | Query 49 Size of the uncertainty table is = 5143/11988
2025-02-10 21:47 | INFO | Query 49 Size of the filtered table is = 120
2025-02-10 21:47 | INFO | Training Time Active Learning Classifier: 3.69 seconds
2025-02-10 21:47 | INFO | Training Time Active Learning Regressor: 1.31 seconds
2025-02-10 21:47 | INFO | Query 49 Active Learning Runtime on Validation Set: 229249.94
2025-02-10 21:47 | INFO | Query 49 Active Learning Runtime on Test Set: 122849.84
2025-02-10 21:47 | INFO | Query 49 Active Learning Instance Cost: 2264559.39
2025-02-10 21:47 | INFO | Query 50 Size of the uncertainty table is = 4944/11988
2025-02-10 21:47 | INFO | Query 50 Size of the filtered table is = 120
2025-02-10 21:47 | INFO | Training Time Active Learning Classifier: 3.72 seconds
2025-02-10 21:47 | INFO | Training Time Active Learning Regressor: 1.32 seconds
2025-02-10 21:47 | INFO | Query 50 Active Learning Runtime on Validation Set: 229315.25
2025-02-10 21:47 | INFO | Query 50 Active Learning Runtime on Test Set: 122814.21
2025-02-10 21:47 | INFO | Query 50 Active Learning Instance Cost: 2360257.59
2025-02-10 21:47 | INFO | Timeout limit is increased to 3600
2025-02-10 21:47 | INFO | Query 51 Size of the uncertainty table is = 4787/11988
2025-02-10 21:47 | INFO | Query 51 Size of the filtered table is = 120
2025-02-10 21:47 | INFO | Training Time Active Learning Classifier: 3.84 seconds
2025-02-10 21:47 | INFO | Training Time Active Learning Regressor: 1.33 seconds
2025-02-10 21:48 | INFO | Query 51 Active Learning Runtime on Validation Set: 229807.56
2025-02-10 21:48 | INFO | Query 51 Active Learning Runtime on Test Set: 123837.73
2025-02-10 21:48 | INFO | Query 51 Active Learning Instance Cost: 2459211.14
2025-02-10 21:48 | INFO | Timeout limit is increased to 3600
2025-02-10 21:48 | INFO | Query 52 Size of the uncertainty table is = 4608/11988
2025-02-10 21:48 | INFO | Query 52 Size of the filtered table is = 120
2025-02-10 21:48 | INFO | Training Time Active Learning Classifier: 3.79 seconds
2025-02-10 21:48 | INFO | Training Time Active Learning Regressor: 1.33 seconds
2025-02-10 21:48 | INFO | Query 52 Active Learning Runtime on Validation Set: 229192.08
2025-02-10 21:48 | INFO | Query 52 Active Learning Runtime on Test Set: 123675.39
2025-02-10 21:48 | INFO | Query 52 Active Learning Instance Cost: 2525584.36
2025-02-10 21:48 | INFO | Query 53 Size of the uncertainty table is = 4464/11988
2025-02-10 21:48 | INFO | Query 53 Size of the filtered table is = 120
2025-02-10 21:48 | INFO | Training Time Active Learning Classifier: 3.84 seconds
2025-02-10 21:48 | INFO | Training Time Active Learning Regressor: 1.34 seconds
2025-02-10 21:49 | INFO | Query 53 Active Learning Runtime on Validation Set: 229569.24
2025-02-10 21:49 | INFO | Query 53 Active Learning Runtime on Test Set: 121675.8
2025-02-10 21:49 | INFO | Query 53 Active Learning Instance Cost: 2631966.23
2025-02-10 21:49 | INFO | Timeout limit is increased to 3600
2025-02-10 21:49 | INFO | Query 54 Size of the uncertainty table is = 4280/11988
2025-02-10 21:49 | INFO | Query 54 Size of the filtered table is = 120
2025-02-10 21:49 | INFO | Training Time Active Learning Classifier: 3.83 seconds
2025-02-10 21:49 | INFO | Training Time Active Learning Regressor: 1.41 seconds
2025-02-10 21:49 | INFO | Query 54 Active Learning Runtime on Validation Set: 442685.77999999997
2025-02-10 21:49 | INFO | Query 54 Active Learning Runtime on Test Set: 122760.16
2025-02-10 21:49 | INFO | Query 54 Active Learning Instance Cost: 2744264.19
2025-02-10 21:49 | INFO | Timeout limit is increased to 3600
2025-02-10 21:49 | INFO | Query 55 Size of the uncertainty table is = 4095/11988
2025-02-10 21:49 | INFO | Query 55 Size of the filtered table is = 120
2025-02-10 21:49 | INFO | Training Time Active Learning Classifier: 3.89 seconds
2025-02-10 21:49 | INFO | Training Time Active Learning Regressor: 1.35 seconds
2025-02-10 21:49 | INFO | Query 55 Active Learning Runtime on Validation Set: 229515.96
2025-02-10 21:49 | INFO | Query 55 Active Learning Runtime on Test Set: 123038.69
2025-02-10 21:49 | INFO | Query 55 Active Learning Instance Cost: 2819041.74
2025-02-10 21:49 | INFO | Query 56 Size of the uncertainty table is = 3933/11988
2025-02-10 21:49 | INFO | Query 56 Size of the filtered table is = 120
2025-02-10 21:49 | INFO | Training Time Active Learning Classifier: 3.94 seconds
2025-02-10 21:49 | INFO | Training Time Active Learning Regressor: 1.36 seconds
2025-02-10 21:50 | INFO | Query 56 Active Learning Runtime on Validation Set: 229974.25999999998
2025-02-10 21:50 | INFO | Query 56 Active Learning Runtime on Test Set: 123845.26000000001
2025-02-10 21:50 | INFO | Query 56 Active Learning Instance Cost: 2906840.72
2025-02-10 21:50 | INFO | Timeout limit is increased to 3600
2025-02-10 21:50 | INFO | Query 57 Size of the uncertainty table is = 3775/11988
2025-02-10 21:50 | INFO | Query 57 Size of the filtered table is = 120
2025-02-10 21:50 | INFO | Training Time Active Learning Classifier: 3.97 seconds
2025-02-10 21:50 | INFO | Training Time Active Learning Regressor: 1.35 seconds
2025-02-10 21:50 | INFO | Query 57 Active Learning Runtime on Validation Set: 300476.36
2025-02-10 21:50 | INFO | Query 57 Active Learning Runtime on Test Set: 123494.52
2025-02-10 21:50 | INFO | Query 57 Active Learning Instance Cost: 3020135.4
2025-02-10 21:50 | INFO | Timeout limit is increased to 3600
2025-02-10 21:50 | INFO | Query 58 Size of the uncertainty table is = 3581/11988
2025-02-10 21:50 | INFO | Query 58 Size of the filtered table is = 120
2025-02-10 21:50 | INFO | Training Time Active Learning Classifier: 3.92 seconds
2025-02-10 21:50 | INFO | Training Time Active Learning Regressor: 1.37 seconds
2025-02-10 21:50 | INFO | Query 58 Active Learning Runtime on Validation Set: 300546.61
2025-02-10 21:50 | INFO | Query 58 Active Learning Runtime on Test Set: 122706.41
2025-02-10 21:50 | INFO | Query 58 Active Learning Instance Cost: 3128205.9
2025-02-10 21:50 | INFO | Timeout limit is increased to 3600
2025-02-10 21:51 | INFO | Query 59 Size of the uncertainty table is = 3389/11988
2025-02-10 21:51 | INFO | Query 59 Size of the filtered table is = 120
2025-02-10 21:51 | INFO | Training Time Active Learning Classifier: 4.0 seconds
2025-02-10 21:51 | INFO | Training Time Active Learning Regressor: 1.37 seconds
2025-02-10 21:51 | INFO | Query 59 Active Learning Runtime on Validation Set: 265208.15
2025-02-10 21:51 | INFO | Query 59 Active Learning Runtime on Test Set: 86729.03
2025-02-10 21:51 | INFO | Query 59 Active Learning Instance Cost: 3229005.9
2025-02-10 21:51 | INFO | Query 60 Size of the uncertainty table is = 3209/11988
2025-02-10 21:51 | INFO | Query 60 Size of the filtered table is = 120
2025-02-10 21:51 | INFO | Training Time Active Learning Classifier: 3.96 seconds
2025-02-10 21:51 | INFO | Training Time Active Learning Regressor: 1.39 seconds
2025-02-10 21:51 | INFO | Query 60 Active Learning Runtime on Validation Set: 229471.31
2025-02-10 21:51 | INFO | Query 60 Active Learning Runtime on Test Set: 85733.03
2025-02-10 21:51 | INFO | Query 60 Active Learning Instance Cost: 3337777.52
2025-02-10 21:51 | INFO | Query 61 Size of the uncertainty table is = 3018/11988
2025-02-10 21:51 | INFO | Query 61 Size of the filtered table is = 120
2025-02-10 21:51 | INFO | Training Time Active Learning Classifier: 3.99 seconds
2025-02-10 21:51 | INFO | Training Time Active Learning Regressor: 1.39 seconds
2025-02-10 21:52 | INFO | Query 61 Active Learning Runtime on Validation Set: 229410.09
2025-02-10 21:52 | INFO | Query 61 Active Learning Runtime on Test Set: 121522.49
2025-02-10 21:52 | INFO | Query 61 Active Learning Instance Cost: 3426598.08
2025-02-10 21:52 | INFO | Query 62 Size of the uncertainty table is = 2857/11988
2025-02-10 21:52 | INFO | Query 62 Size of the filtered table is = 120
2025-02-10 21:52 | INFO | Training Time Active Learning Classifier: 4.05 seconds
2025-02-10 21:52 | INFO | Training Time Active Learning Regressor: 1.38 seconds
2025-02-10 21:52 | INFO | Query 62 Active Learning Runtime on Validation Set: 229769.91999999998
2025-02-10 21:52 | INFO | Query 62 Active Learning Runtime on Test Set: 121522.97
2025-02-10 21:52 | INFO | Query 62 Active Learning Instance Cost: 3534598.08
2025-02-10 21:52 | INFO | Timeout limit is increased to 3600
2025-02-10 21:52 | INFO | Query 63 Size of the uncertainty table is = 2671/11988
2025-02-10 21:52 | INFO | Query 63 Size of the filtered table is = 120
2025-02-10 21:52 | INFO | Training Time Active Learning Classifier: 4.01 seconds
2025-02-10 21:52 | INFO | Training Time Active Learning Regressor: 1.4 seconds
2025-02-10 21:52 | INFO | Query 63 Active Learning Runtime on Validation Set: 229693.47999999998
2025-02-10 21:52 | INFO | Query 63 Active Learning Runtime on Test Set: 122563.95
2025-02-10 21:52 | INFO | Query 63 Active Learning Instance Cost: 3638998.08
2025-02-10 21:52 | INFO | Query 64 Size of the uncertainty table is = 2477/11988
2025-02-10 21:52 | INFO | Query 64 Size of the filtered table is = 120
2025-02-10 21:53 | INFO | Training Time Active Learning Classifier: 4.09 seconds
2025-02-10 21:53 | INFO | Training Time Active Learning Regressor: 1.4 seconds
2025-02-10 21:53 | INFO | Query 64 Active Learning Runtime on Validation Set: 229685.86
2025-02-10 21:53 | INFO | Query 64 Active Learning Runtime on Test Set: 86999.58
2025-02-10 21:53 | INFO | Query 64 Active Learning Instance Cost: 3739798.08
2025-02-10 21:53 | INFO | Query 65 Size of the uncertainty table is = 2284/11988
2025-02-10 21:53 | INFO | Query 65 Size of the filtered table is = 120
2025-02-10 21:53 | INFO | Training Time Active Learning Classifier: 4.05 seconds
2025-02-10 21:53 | INFO | Training Time Active Learning Regressor: 1.4 seconds
2025-02-10 21:53 | INFO | Query 65 Active Learning Runtime on Validation Set: 229732.41999999998
2025-02-10 21:53 | INFO | Query 65 Active Learning Runtime on Test Set: 122563.58
2025-02-10 21:53 | INFO | Query 65 Active Learning Instance Cost: 3847798.08
2025-02-10 21:53 | INFO | Timeout limit is increased to 3600
2025-02-10 21:53 | INFO | Query 66 Size of the uncertainty table is = 2087/11988
2025-02-10 21:53 | INFO | Query 66 Size of the filtered table is = 120
2025-02-10 21:53 | INFO | Training Time Active Learning Classifier: 4.05 seconds
2025-02-10 21:53 | INFO | Training Time Active Learning Regressor: 1.4 seconds
2025-02-10 21:54 | INFO | Query 66 Active Learning Runtime on Validation Set: 229610.97999999998
2025-02-10 21:54 | INFO | Query 66 Active Learning Runtime on Test Set: 86538.38
2025-02-10 21:54 | INFO | Query 66 Active Learning Instance Cost: 3941398.08
2025-02-10 21:54 | INFO | Query 67 Size of the uncertainty table is = 1919/11988
2025-02-10 21:54 | INFO | Query 67 Size of the filtered table is = 120
2025-02-10 21:54 | INFO | Training Time Active Learning Classifier: 4.15 seconds
2025-02-10 21:54 | INFO | Training Time Active Learning Regressor: 1.41 seconds
2025-02-10 21:54 | INFO | Query 67 Active Learning Runtime on Validation Set: 229399.18
2025-02-10 21:54 | INFO | Query 67 Active Learning Runtime on Test Set: 86549.28
2025-02-10 21:54 | INFO | Query 67 Active Learning Instance Cost: 4060198.08
2025-02-10 21:54 | INFO | Query 68 Size of the uncertainty table is = 1698/11988
2025-02-10 21:54 | INFO | Query 68 Size of the filtered table is = 120
2025-02-10 21:54 | INFO | Training Time Active Learning Classifier: 4.08 seconds
2025-02-10 21:54 | INFO | Training Time Active Learning Regressor: 1.42 seconds
2025-02-10 21:54 | INFO | Query 68 Active Learning Runtime on Validation Set: 229428.75
2025-02-10 21:54 | INFO | Query 68 Active Learning Runtime on Test Set: 122356.61
2025-02-10 21:54 | INFO | Query 68 Active Learning Instance Cost: 4150198.08
2025-02-10 21:54 | INFO | Timeout limit is increased to 3600
2025-02-10 21:54 | INFO | Query 69 Size of the uncertainty table is = 1525/11988
2025-02-10 21:54 | INFO | Query 69 Size of the filtered table is = 120
2025-02-10 21:54 | INFO | Training Time Active Learning Classifier: 4.13 seconds
2025-02-10 21:54 | INFO | Training Time Active Learning Regressor: 1.41 seconds
2025-02-10 21:55 | INFO | Query 69 Active Learning Runtime on Validation Set: 229771.43
2025-02-10 21:55 | INFO | Query 69 Active Learning Runtime on Test Set: 122697.92
2025-02-10 21:55 | INFO | Query 69 Active Learning Instance Cost: 4265398.08
2025-02-10 21:55 | INFO | Timeout limit is increased to 3600
2025-02-10 21:55 | INFO | Query 70 Size of the uncertainty table is = 1293/11988
2025-02-10 21:55 | INFO | Query 70 Size of the filtered table is = 120
2025-02-10 21:55 | INFO | Training Time Active Learning Classifier: 4.11 seconds
2025-02-10 21:55 | INFO | Training Time Active Learning Regressor: 1.42 seconds
2025-02-10 21:55 | INFO | Query 70 Active Learning Runtime on Validation Set: 229775.58
2025-02-10 21:55 | INFO | Query 70 Active Learning Runtime on Test Set: 123640.2
2025-02-10 21:55 | INFO | Query 70 Active Learning Instance Cost: 4373398.08
2025-02-10 21:55 | INFO | Timeout limit is increased to 3600
2025-02-10 21:55 | INFO | Query 71 Size of the uncertainty table is = 1068/11988
2025-02-10 21:55 | INFO | Query 71 Size of the filtered table is = 120
2025-02-10 21:55 | INFO | Training Time Active Learning Classifier: 4.12 seconds
2025-02-10 21:55 | INFO | Training Time Active Learning Regressor: 1.42 seconds
2025-02-10 21:55 | INFO | Query 71 Active Learning Runtime on Validation Set: 229755.96
2025-02-10 21:55 | INFO | Query 71 Active Learning Runtime on Test Set: 122705.09
2025-02-10 21:55 | INFO | Query 71 Active Learning Instance Cost: 4470598.08
2025-02-10 21:55 | INFO | Query 72 Size of the uncertainty table is = 862/11988
2025-02-10 21:55 | INFO | Query 72 Size of the filtered table is = 120
2025-02-10 21:55 | INFO | Training Time Active Learning Classifier: 4.22 seconds
2025-02-10 21:55 | INFO | Training Time Active Learning Regressor: 1.44 seconds
2025-02-10 21:56 | INFO | Query 72 Active Learning Runtime on Validation Set: 229755.96
2025-02-10 21:56 | INFO | Query 72 Active Learning Runtime on Test Set: 123492.18000000001
2025-02-10 21:56 | INFO | Query 72 Active Learning Instance Cost: 4697398.08
2025-02-10 21:56 | INFO | Timeout limit is increased to 3600
2025-02-10 21:56 | INFO | Query 73 Size of the uncertainty table is = 380/11988
2025-02-10 21:56 | INFO | Query 73 Size of the filtered table is = 120
2025-02-10 21:56 | INFO | Training Time Active Learning Classifier: 4.16 seconds
2025-02-10 21:56 | INFO | Training Time Active Learning Regressor: 1.44 seconds
2025-02-10 21:56 | INFO | Query 73 Active Learning Runtime on Validation Set: 229768.37
2025-02-10 21:56 | INFO | Query 73 Active Learning Runtime on Test Set: 86886.61
2025-02-10 21:56 | INFO | Query 73 Active Learning Instance Cost: 4851603.74
2025-02-10 21:56 | INFO | Timeout limit is increased to 3600
2025-02-10 21:56 | INFO | Query 74 Size of the uncertainty table is = 86/11988
2025-02-10 21:56 | INFO | Query 74 Size of the filtered table is = 86
2025-02-10 21:56 | INFO | Training Time Active Learning Classifier: 4.25 seconds
2025-02-10 21:56 | INFO | Training Time Active Learning Regressor: 1.44 seconds
2025-02-10 21:56 | INFO | Query 74 Active Learning Runtime on Validation Set: 229766.25
2025-02-10 21:56 | INFO | Query 74 Active Learning Runtime on Test Set: 87744.48
2025-02-10 21:56 | INFO | Query 74 Active Learning Instance Cost: 4901794.55
2025-02-10 21:56 | INFO | Active Learning Emissions: 0.020469777067863078
2025-02-10 21:56 | INFO | Active Learning Energy Consumption: 0.0222716401587221 kWh
2025-02-10 21:56 | INFO | runtime_test_score is written as json file
2025-02-10 21:56 | INFO | runtime_validation_score is written as json file
2025-02-10 21:56 | INFO | instance_cost is written as json file
2025-02-10 21:56 | INFO | Experiment is finished
