2025-02-10 20:32 | INFO | Paramaters are: {'dataset': 'SAT11-HAND', 'penalty': 10, 'weight': 'No_Weight', 'voting': 'Hard', 'pre_selection_size': 64, 'pre_selection_technique': 'No_pre_selection', 'feature_elimination_threshold': 20, 'imputer_strategy': 'median', 'feature_selection_technique': 'No_feature_selection', 'feature_scaling_technique': 'StandardScaler', 'priority': {'PredDiff': 'max', 'Uncertainty': 'max', 'PredCost': 'min'}, 'initial_train_size': 20, 'query_size': 1, 'timeout_predictor_usage': 'No', 'timeout_limit': 100, 'timeout_increase_rate': 100, 'penalty_type': 'Only-timeout-penalty', 'RANDOM_STATE_SEED': 123, 'n_splits': 10, 'split_number': 9, 'max_timeout': 3600, 'param_grid': {'n_estimators': 100, 'max_features': 'sqrt', 'max_depth': 2147483648, 'min_samples_split': 2, 'bootstrap': True}}
2025-02-10 20:32 | INFO | SAT11-HAND is current dataset
2025-02-10 20:32 | INFO | DATASETS/SAT11-HAND/algorithm_runs.arff is found
2025-02-10 20:32 | INFO | DATASETS/SAT11-HAND/algorithm_runs.arff is finished
2025-02-10 20:32 | INFO | DATASETS/SAT11-HAND/feature_values.arff is found
2025-02-10 20:32 | INFO | DATASETS/SAT11-HAND/feature_values.arff is finished
2025-02-10 20:32 | INFO | DATASETS/SAT11-HAND/feature_costs.arff is found
2025-02-10 20:32 | INFO | DATASETS/SAT11-HAND/feature_costs.arff is finished
2025-02-10 20:32 | INFO | Virtual best solver time in train = 96982.9
2025-02-10 20:32 | INFO | Single best solver list train = {'CryptoMiniSat_Strange-Night2-st_fixed_': 3039699.05, 'MPhaseSAT_2011-02-15': 2595563.25, 'PicoSAT_941': 2864945.99, 'QuteRSat_2011-05-12_fixed_': 3113084.87, 'RestartSAT_B95': 3187818.98, 'SAT07referencesolverminisat_SAT2007': 2794286.51, 'SAT09referencesolverclasp_1.2.0-SAT09-32': 1813918.72, 'SApperloT2010_2011-05-15_fixed_': 3323396.93, 'Sol_2011-04-04': 2798344.11, 'clasp_2.0-R4092-crafted': 1954967.45, 'glucose_2': 2775917.6, 'jMiniSat_2011': 3643094.42, 'sathys_2011-04-01': 3655738.05, 'sattime+_2011-03-02': 3219908.35, 'sattime_2011-03-02': 3116970.32}
2025-02-10 20:32 | INFO | Single best solver time train = SAT09referencesolverclasp_1.2.0-SAT09-32 (1813918.72)
2025-02-10 20:32 | INFO | Virtual best solver time in validation = 3072.56
2025-02-10 20:32 | INFO | Single best solver list validation = {'CryptoMiniSat_Strange-Night2-st_fixed_': 543642.16, 'MPhaseSAT_2011-02-15': 327822.46, 'PicoSAT_941': 259987.06, 'QuteRSat_2011-05-12_fixed_': 508698.03, 'RestartSAT_B95': 295462.34, 'SAT07referencesolverminisat_SAT2007': 366183.17, 'SAT09referencesolverclasp_1.2.0-SAT09-32': 475755.45, 'SApperloT2010_2011-05-15_fixed_': 257175.85, 'Sol_2011-04-04': 514605.27, 'clasp_2.0-R4092-crafted': 442423.49, 'glucose_2': 410462.61, 'jMiniSat_2011': 262121.03, 'sathys_2011-04-01': 433578.1, 'sattime+_2011-03-02': 504409.57, 'sattime_2011-03-02': 505347.51}
2025-02-10 20:32 | INFO | Single best solver time validation = SApperloT2010_2011-05-15_fixed_ (257175.85)
2025-02-10 20:32 | INFO | Virtual best solver time in test = 15221.5
2025-02-10 20:32 | INFO | Single best solver list test = {'CryptoMiniSat_Strange-Night2-st_fixed_': 432580.52, 'MPhaseSAT_2011-02-15': 329601.3, 'PicoSAT_941': 541484.79, 'QuteRSat_2011-05-12_fixed_': 400300.81, 'RestartSAT_B95': 472413.34, 'SAT07referencesolverminisat_SAT2007': 477073.73, 'SAT09referencesolverclasp_1.2.0-SAT09-32': 440749.4, 'SApperloT2010_2011-05-15_fixed_': 473121.92, 'Sol_2011-04-04': 471932.14, 'clasp_2.0-R4092-crafted': 336740.62, 'glucose_2': 371647.22, 'jMiniSat_2011': 540337.77, 'sathys_2011-04-01': 401674.24, 'sattime+_2011-03-02': 432238.08, 'sattime_2011-03-02': 432575.26}
2025-02-10 20:32 | INFO | Single best solver time test = MPhaseSAT_2011-02-15 (329601.3)
2025-02-10 20:32 | INFO | Training Time Passive Learning Classifier: 7.64 seconds
2025-02-10 20:32 | INFO | Training Time Passive Learning Regressor: 1.27 seconds
2025-02-10 20:33 | INFO | Passive Learning Classifier Runtime on Validation Set: 374264.92
2025-02-10 20:33 | INFO | Passive Learning Classifier Runtime on Test Set: 202500.11
2025-02-10 20:33 | INFO | Passive Learning Instance Cost: 5244454.6
2025-02-10 20:33 | INFO | Passive Learning Emissions: 0.00031328445790747923
2025-02-10 20:33 | INFO | Passive Learning Energy Consumption: 0.00034086149012291575 kWh
2025-02-10 20:33 | INFO | Training Time Active Learning Classifier: 6.25 seconds
2025-02-10 20:33 | INFO | Training Time Active Learning Regressor: 0.7 seconds
2025-02-10 20:33 | INFO | Initial Active Learning Runtime on Validation Set: 874883.69
2025-02-10 20:33 | INFO | Initial Active Learning Runtime on Test Set: 449930.7
2025-02-10 20:33 | INFO | Initial Active Learning Instance Cost: 24089.61
2025-02-10 20:33 | INFO | Bin size = 145
2025-02-10 20:33 | INFO | Query 1 Size of the uncertainty table is = 15979/14490
2025-02-10 20:33 | INFO | Query 1 Size of the filtered table is = 145
2025-02-10 20:33 | INFO | Training Time Active Learning Classifier: 5.69 seconds
2025-02-10 20:33 | INFO | Training Time Active Learning Regressor: 0.72 seconds
2025-02-10 20:34 | INFO | Query 1 Active Learning Runtime on Validation Set: 874885.47
2025-02-10 20:34 | INFO | Query 1 Active Learning Runtime on Test Set: 449930.69999999995
2025-02-10 20:34 | INFO | Query 1 Active Learning Instance Cost: 39300.3
2025-02-10 20:34 | INFO | Timeout limit is increased to 200
2025-02-10 20:34 | INFO | Query 2 Size of the uncertainty table is = 15837/14490
2025-02-10 20:34 | INFO | Query 2 Size of the filtered table is = 145
2025-02-10 20:34 | INFO | Training Time Active Learning Classifier: 5.73 seconds
2025-02-10 20:34 | INFO | Training Time Active Learning Regressor: 0.74 seconds
2025-02-10 20:34 | INFO | Query 2 Active Learning Runtime on Validation Set: 874885.47
2025-02-10 20:34 | INFO | Query 2 Active Learning Runtime on Test Set: 449930.69999999995
2025-02-10 20:34 | INFO | Query 2 Active Learning Instance Cost: 67590.89
2025-02-10 20:34 | INFO | Timeout limit is increased to 300
2025-02-10 20:34 | INFO | Query 3 Size of the uncertainty table is = 15666/14490
2025-02-10 20:34 | INFO | Query 3 Size of the filtered table is = 145
2025-02-10 20:34 | INFO | Training Time Active Learning Classifier: 5.75 seconds
2025-02-10 20:34 | INFO | Training Time Active Learning Regressor: 0.76 seconds
2025-02-10 20:35 | INFO | Query 3 Active Learning Runtime on Validation Set: 729948.26
2025-02-10 20:35 | INFO | Query 3 Active Learning Runtime on Test Set: 413942.72
2025-02-10 20:35 | INFO | Query 3 Active Learning Instance Cost: 104146.77
2025-02-10 20:35 | INFO | Query 4 Size of the uncertainty table is = 15398/14490
2025-02-10 20:35 | INFO | Query 4 Size of the filtered table is = 145
2025-02-10 20:35 | INFO | Training Time Active Learning Classifier: 5.91 seconds
2025-02-10 20:35 | INFO | Training Time Active Learning Regressor: 0.77 seconds
2025-02-10 20:35 | INFO | Query 4 Active Learning Runtime on Validation Set: 734691.15
2025-02-10 20:35 | INFO | Query 4 Active Learning Runtime on Test Set: 413942.72
2025-02-10 20:35 | INFO | Query 4 Active Learning Instance Cost: 126274.57
2025-02-10 20:35 | INFO | Timeout limit is increased to 400
2025-02-10 20:35 | INFO | Query 5 Size of the uncertainty table is = 15165/14490
2025-02-10 20:35 | INFO | Query 5 Size of the filtered table is = 145
2025-02-10 20:36 | INFO | Training Time Active Learning Classifier: 5.95 seconds
2025-02-10 20:36 | INFO | Training Time Active Learning Regressor: 0.79 seconds
2025-02-10 20:36 | INFO | Query 5 Active Learning Runtime on Validation Set: 338895.33999999997
2025-02-10 20:36 | INFO | Query 5 Active Learning Runtime on Test Set: 306215.61
2025-02-10 20:36 | INFO | Query 5 Active Learning Instance Cost: 158860.39
2025-02-10 20:36 | INFO | Query 6 Size of the uncertainty table is = 14848/14490
2025-02-10 20:36 | INFO | Query 6 Size of the filtered table is = 145
2025-02-10 20:36 | INFO | Training Time Active Learning Classifier: 5.87 seconds
2025-02-10 20:36 | INFO | Training Time Active Learning Regressor: 0.81 seconds
2025-02-10 20:36 | INFO | Query 6 Active Learning Runtime on Validation Set: 371212.66
2025-02-10 20:36 | INFO | Query 6 Active Learning Runtime on Test Set: 337110.52999999997
2025-02-10 20:36 | INFO | Query 6 Active Learning Instance Cost: 193784.73
2025-02-10 20:36 | INFO | Timeout limit is increased to 500
2025-02-10 20:37 | INFO | Query 7 Size of the uncertainty table is = 14564/14490
2025-02-10 20:37 | INFO | Query 7 Size of the filtered table is = 145
2025-02-10 20:37 | INFO | Training Time Active Learning Classifier: 6.06 seconds
2025-02-10 20:37 | INFO | Training Time Active Learning Regressor: 0.83 seconds
2025-02-10 20:37 | INFO | Query 7 Active Learning Runtime on Validation Set: 299610.81
2025-02-10 20:37 | INFO | Query 7 Active Learning Runtime on Test Set: 265373.11
2025-02-10 20:37 | INFO | Query 7 Active Learning Instance Cost: 244579.53
2025-02-10 20:37 | INFO | Query 8 Size of the uncertainty table is = 14265/14490
2025-02-10 20:37 | INFO | Query 8 Size of the filtered table is = 145
2025-02-10 20:37 | INFO | Training Time Active Learning Classifier: 6.11 seconds
2025-02-10 20:37 | INFO | Training Time Active Learning Regressor: 0.85 seconds
2025-02-10 20:38 | INFO | Query 8 Active Learning Runtime on Validation Set: 264400.7
2025-02-10 20:38 | INFO | Query 8 Active Learning Runtime on Test Set: 337366.26999999996
2025-02-10 20:38 | INFO | Query 8 Active Learning Instance Cost: 297929.97
2025-02-10 20:38 | INFO | Query 9 Size of the uncertainty table is = 13997/14490
2025-02-10 20:38 | INFO | Query 9 Size of the filtered table is = 145
2025-02-10 20:38 | INFO | Training Time Active Learning Classifier: 6.03 seconds
2025-02-10 20:38 | INFO | Training Time Active Learning Regressor: 0.88 seconds
2025-02-10 20:38 | INFO | Query 9 Active Learning Runtime on Validation Set: 302461.75
2025-02-10 20:38 | INFO | Query 9 Active Learning Runtime on Test Set: 337366.44
2025-02-10 20:38 | INFO | Query 9 Active Learning Instance Cost: 331116.95
2025-02-10 20:38 | INFO | Timeout limit is increased to 600
2025-02-10 20:38 | INFO | Query 10 Size of the uncertainty table is = 13759/14490
2025-02-10 20:38 | INFO | Query 10 Size of the filtered table is = 145
2025-02-10 20:39 | INFO | Training Time Active Learning Classifier: 6.06 seconds
2025-02-10 20:39 | INFO | Training Time Active Learning Regressor: 0.89 seconds
2025-02-10 20:39 | INFO | Query 10 Active Learning Runtime on Validation Set: 338857.57999999996
2025-02-10 20:39 | INFO | Query 10 Active Learning Runtime on Test Set: 373392.82999999996
2025-02-10 20:39 | INFO | Query 10 Active Learning Instance Cost: 374059.59
2025-02-10 20:39 | INFO | Timeout limit is increased to 700
2025-02-10 20:39 | INFO | Query 11 Size of the uncertainty table is = 13383/14490
2025-02-10 20:39 | INFO | Query 11 Size of the filtered table is = 145
2025-02-10 20:39 | INFO | Training Time Active Learning Classifier: 6.25 seconds
2025-02-10 20:39 | INFO | Training Time Active Learning Regressor: 0.9 seconds
2025-02-10 20:40 | INFO | Query 11 Active Learning Runtime on Validation Set: 339368.94
2025-02-10 20:40 | INFO | Query 11 Active Learning Runtime on Test Set: 373150.35
2025-02-10 20:40 | INFO | Query 11 Active Learning Instance Cost: 420366.33
2025-02-10 20:40 | INFO | Timeout limit is increased to 800
2025-02-10 20:40 | INFO | Query 12 Size of the uncertainty table is = 13185/14490
2025-02-10 20:40 | INFO | Query 12 Size of the filtered table is = 145
2025-02-10 20:40 | INFO | Training Time Active Learning Classifier: 6.13 seconds
2025-02-10 20:40 | INFO | Training Time Active Learning Regressor: 0.91 seconds
2025-02-10 20:40 | INFO | Query 12 Active Learning Runtime on Validation Set: 302277.26
2025-02-10 20:40 | INFO | Query 12 Active Learning Runtime on Test Set: 337224.20999999996
2025-02-10 20:40 | INFO | Query 12 Active Learning Instance Cost: 477429.36
2025-02-10 20:40 | INFO | Query 13 Size of the uncertainty table is = 12943/14490
2025-02-10 20:40 | INFO | Query 13 Size of the filtered table is = 145
2025-02-10 20:40 | INFO | Training Time Active Learning Classifier: 6.14 seconds
2025-02-10 20:40 | INFO | Training Time Active Learning Regressor: 0.91 seconds
2025-02-10 20:41 | INFO | Query 13 Active Learning Runtime on Validation Set: 267579.96
2025-02-10 20:41 | INFO | Query 13 Active Learning Runtime on Test Set: 337366.20999999996
2025-02-10 20:41 | INFO | Query 13 Active Learning Instance Cost: 513510.23
2025-02-10 20:41 | INFO | Query 14 Size of the uncertainty table is = 12785/14490
2025-02-10 20:41 | INFO | Query 14 Size of the filtered table is = 145
2025-02-10 20:41 | INFO | Training Time Active Learning Classifier: 6.35 seconds
2025-02-10 20:41 | INFO | Training Time Active Learning Regressor: 0.93 seconds
2025-02-10 20:41 | INFO | Query 14 Active Learning Runtime on Validation Set: 307199.88
2025-02-10 20:41 | INFO | Query 14 Active Learning Runtime on Test Set: 337290.93
2025-02-10 20:41 | INFO | Query 14 Active Learning Instance Cost: 568838.89
2025-02-10 20:41 | INFO | Timeout limit is increased to 900
2025-02-10 20:42 | INFO | Query 15 Size of the uncertainty table is = 12554/14490
2025-02-10 20:42 | INFO | Query 15 Size of the filtered table is = 145
2025-02-10 20:42 | INFO | Training Time Active Learning Classifier: 6.24 seconds
2025-02-10 20:42 | INFO | Training Time Active Learning Regressor: 0.96 seconds
2025-02-10 20:42 | INFO | Query 15 Active Learning Runtime on Validation Set: 202735.76
2025-02-10 20:42 | INFO | Query 15 Active Learning Runtime on Test Set: 337398.39999999997
2025-02-10 20:42 | INFO | Query 15 Active Learning Instance Cost: 646007.39
2025-02-10 20:42 | INFO | Query 16 Size of the uncertainty table is = 12245/14490
2025-02-10 20:42 | INFO | Query 16 Size of the filtered table is = 145
2025-02-10 20:42 | INFO | Training Time Active Learning Classifier: 6.43 seconds
2025-02-10 20:42 | INFO | Training Time Active Learning Regressor: 0.97 seconds
2025-02-10 20:43 | INFO | Query 16 Active Learning Runtime on Validation Set: 308867.74
2025-02-10 20:43 | INFO | Query 16 Active Learning Runtime on Test Set: 303816.02999999997
2025-02-10 20:43 | INFO | Query 16 Active Learning Instance Cost: 704457.03
2025-02-10 20:43 | INFO | Timeout limit is increased to 1000
2025-02-10 20:43 | INFO | Query 17 Size of the uncertainty table is = 11984/14490
2025-02-10 20:43 | INFO | Query 17 Size of the filtered table is = 145
2025-02-10 20:43 | INFO | Training Time Active Learning Classifier: 6.49 seconds
2025-02-10 20:43 | INFO | Training Time Active Learning Regressor: 0.99 seconds
2025-02-10 20:43 | INFO | Query 17 Active Learning Runtime on Validation Set: 343845.01
2025-02-10 20:43 | INFO | Query 17 Active Learning Runtime on Test Set: 339814.75
2025-02-10 20:43 | INFO | Query 17 Active Learning Instance Cost: 758983.5
2025-02-10 20:43 | INFO | Timeout limit is increased to 1100
2025-02-10 20:43 | INFO | Query 18 Size of the uncertainty table is = 11850/14490
2025-02-10 20:43 | INFO | Query 18 Size of the filtered table is = 145
2025-02-10 20:44 | INFO | Training Time Active Learning Classifier: 6.41 seconds
2025-02-10 20:44 | INFO | Training Time Active Learning Regressor: 1.01 seconds
2025-02-10 20:44 | INFO | Query 18 Active Learning Runtime on Validation Set: 379148.63
2025-02-10 20:44 | INFO | Query 18 Active Learning Runtime on Test Set: 303816.02999999997
2025-02-10 20:44 | INFO | Query 18 Active Learning Instance Cost: 826502.51
2025-02-10 20:44 | INFO | Timeout limit is increased to 1200
2025-02-10 20:44 | INFO | Query 19 Size of the uncertainty table is = 11524/14490
2025-02-10 20:44 | INFO | Query 19 Size of the filtered table is = 145
2025-02-10 20:44 | INFO | Training Time Active Learning Classifier: 6.48 seconds
2025-02-10 20:44 | INFO | Training Time Active Learning Regressor: 1.03 seconds
2025-02-10 20:45 | INFO | Query 19 Active Learning Runtime on Validation Set: 344292.57
2025-02-10 20:45 | INFO | Query 19 Active Learning Runtime on Test Set: 303817.68
2025-02-10 20:45 | INFO | Query 19 Active Learning Instance Cost: 893024.96
2025-02-10 20:45 | INFO | Query 20 Size of the uncertainty table is = 11159/14490
2025-02-10 20:45 | INFO | Query 20 Size of the filtered table is = 145
2025-02-10 20:45 | INFO | Training Time Active Learning Classifier: 6.53 seconds
2025-02-10 20:45 | INFO | Training Time Active Learning Regressor: 1.03 seconds
2025-02-10 20:45 | INFO | Query 20 Active Learning Runtime on Validation Set: 375089.92
2025-02-10 20:45 | INFO | Query 20 Active Learning Runtime on Test Set: 303816.33999999997
2025-02-10 20:45 | INFO | Query 20 Active Learning Instance Cost: 935229.28
2025-02-10 20:45 | INFO | Timeout limit is increased to 1300
2025-02-10 20:45 | INFO | Query 21 Size of the uncertainty table is = 11003/14490
2025-02-10 20:45 | INFO | Query 21 Size of the filtered table is = 145
2025-02-10 20:46 | INFO | Training Time Active Learning Classifier: 6.64 seconds
2025-02-10 20:46 | INFO | Training Time Active Learning Regressor: 1.06 seconds
2025-02-10 20:46 | INFO | Query 21 Active Learning Runtime on Validation Set: 380940.86
2025-02-10 20:46 | INFO | Query 21 Active Learning Runtime on Test Set: 267629.1
2025-02-10 20:46 | INFO | Query 21 Active Learning Instance Cost: 984685.88
2025-02-10 20:46 | INFO | Timeout limit is increased to 1400
2025-02-10 20:46 | INFO | Query 22 Size of the uncertainty table is = 10576/14490
2025-02-10 20:46 | INFO | Query 22 Size of the filtered table is = 145
2025-02-10 20:46 | INFO | Training Time Active Learning Classifier: 6.82 seconds
2025-02-10 20:46 | INFO | Training Time Active Learning Regressor: 1.06 seconds
2025-02-10 20:46 | INFO | Query 22 Active Learning Runtime on Validation Set: 381195.05
2025-02-10 20:46 | INFO | Query 22 Active Learning Runtime on Test Set: 303771.01999999996
2025-02-10 20:46 | INFO | Query 22 Active Learning Instance Cost: 1040011.18
2025-02-10 20:46 | INFO | Timeout limit is increased to 1500
2025-02-10 20:47 | INFO | Query 23 Size of the uncertainty table is = 10368/14490
2025-02-10 20:47 | INFO | Query 23 Size of the filtered table is = 145
2025-02-10 20:47 | INFO | Training Time Active Learning Classifier: 6.86 seconds
2025-02-10 20:47 | INFO | Training Time Active Learning Regressor: 1.08 seconds
2025-02-10 20:47 | INFO | Query 23 Active Learning Runtime on Validation Set: 381197.48
2025-02-10 20:47 | INFO | Query 23 Active Learning Runtime on Test Set: 339763.8
2025-02-10 20:47 | INFO | Query 23 Active Learning Instance Cost: 1105779.86
2025-02-10 20:47 | INFO | Timeout limit is increased to 1600
2025-02-10 20:47 | INFO | Query 24 Size of the uncertainty table is = 10187/14490
2025-02-10 20:47 | INFO | Query 24 Size of the filtered table is = 145
2025-02-10 20:47 | INFO | Training Time Active Learning Classifier: 6.78 seconds
2025-02-10 20:47 | INFO | Training Time Active Learning Regressor: 1.24 seconds
2025-02-10 20:48 | INFO | Query 24 Active Learning Runtime on Validation Set: 374257.73
2025-02-10 20:48 | INFO | Query 24 Active Learning Runtime on Test Set: 339621.49
2025-02-10 20:48 | INFO | Query 24 Active Learning Instance Cost: 1183776.22
2025-02-10 20:48 | INFO | Query 25 Size of the uncertainty table is = 9962/14490
2025-02-10 20:48 | INFO | Query 25 Size of the filtered table is = 145
2025-02-10 20:48 | INFO | Training Time Active Learning Classifier: 7.03 seconds
2025-02-10 20:48 | INFO | Training Time Active Learning Regressor: 1.11 seconds
2025-02-10 20:48 | INFO | Query 25 Active Learning Runtime on Validation Set: 414568.88999999996
2025-02-10 20:48 | INFO | Query 25 Active Learning Runtime on Test Set: 339621.49
2025-02-10 20:48 | INFO | Query 25 Active Learning Instance Cost: 1253646.39
2025-02-10 20:48 | INFO | Timeout limit is increased to 1700
2025-02-10 20:49 | INFO | Query 26 Size of the uncertainty table is = 9693/14490
2025-02-10 20:49 | INFO | Query 26 Size of the filtered table is = 145
2025-02-10 20:49 | INFO | Training Time Active Learning Classifier: 6.92 seconds
2025-02-10 20:49 | INFO | Training Time Active Learning Regressor: 1.13 seconds
2025-02-10 20:49 | INFO | Query 26 Active Learning Runtime on Validation Set: 414592.32999999996
2025-02-10 20:49 | INFO | Query 26 Active Learning Runtime on Test Set: 339763.8
2025-02-10 20:49 | INFO | Query 26 Active Learning Instance Cost: 1342195.59
2025-02-10 20:49 | INFO | Timeout limit is increased to 1800
2025-02-10 20:49 | INFO | Query 27 Size of the uncertainty table is = 9534/14490
2025-02-10 20:49 | INFO | Query 27 Size of the filtered table is = 145
2025-02-10 20:49 | INFO | Training Time Active Learning Classifier: 7.1 seconds
2025-02-10 20:49 | INFO | Training Time Active Learning Regressor: 1.13 seconds
2025-02-10 20:50 | INFO | Query 27 Active Learning Runtime on Validation Set: 413751.41
2025-02-10 20:50 | INFO | Query 27 Active Learning Runtime on Test Set: 339621.49
2025-02-10 20:50 | INFO | Query 27 Active Learning Instance Cost: 1427720.26
2025-02-10 20:50 | INFO | Query 28 Size of the uncertainty table is = 9418/14490
2025-02-10 20:50 | INFO | Query 28 Size of the filtered table is = 145
2025-02-10 20:50 | INFO | Training Time Active Learning Classifier: 7.0 seconds
2025-02-10 20:50 | INFO | Training Time Active Learning Regressor: 1.14 seconds
2025-02-10 20:50 | INFO | Query 28 Active Learning Runtime on Validation Set: 414576.43
2025-02-10 20:50 | INFO | Query 28 Active Learning Runtime on Test Set: 339621.49
2025-02-10 20:50 | INFO | Query 28 Active Learning Instance Cost: 1517690.87
2025-02-10 20:50 | INFO | Timeout limit is increased to 1900
2025-02-10 20:50 | INFO | Query 29 Size of the uncertainty table is = 9251/14490
2025-02-10 20:50 | INFO | Query 29 Size of the filtered table is = 145
2025-02-10 20:51 | INFO | Training Time Active Learning Classifier: 7.15 seconds
2025-02-10 20:51 | INFO | Training Time Active Learning Regressor: 1.15 seconds
2025-02-10 20:51 | INFO | Query 29 Active Learning Runtime on Validation Set: 414576.43
2025-02-10 20:51 | INFO | Query 29 Active Learning Runtime on Test Set: 303623.54
2025-02-10 20:51 | INFO | Query 29 Active Learning Instance Cost: 1597574.72
2025-02-10 20:51 | INFO | Timeout limit is increased to 2000
2025-02-10 20:51 | INFO | Query 30 Size of the uncertainty table is = 9179/14490
2025-02-10 20:51 | INFO | Query 30 Size of the filtered table is = 145
2025-02-10 20:51 | INFO | Training Time Active Learning Classifier: 7.2 seconds
2025-02-10 20:51 | INFO | Training Time Active Learning Regressor: 1.16 seconds
2025-02-10 20:52 | INFO | Query 30 Active Learning Runtime on Validation Set: 414438.23
2025-02-10 20:52 | INFO | Query 30 Active Learning Runtime on Test Set: 303866.33999999997
2025-02-10 20:52 | INFO | Query 30 Active Learning Instance Cost: 1678472.73
2025-02-10 20:52 | INFO | Query 31 Size of the uncertainty table is = 8995/14490
2025-02-10 20:52 | INFO | Query 31 Size of the filtered table is = 145
2025-02-10 20:52 | INFO | Training Time Active Learning Classifier: 7.22 seconds
2025-02-10 20:52 | INFO | Training Time Active Learning Regressor: 1.17 seconds
2025-02-10 20:52 | INFO | Query 31 Active Learning Runtime on Validation Set: 414949.57999999996
2025-02-10 20:52 | INFO | Query 31 Active Learning Runtime on Test Set: 303866.33999999997
2025-02-10 20:52 | INFO | Query 31 Active Learning Instance Cost: 1773812.63
2025-02-10 20:52 | INFO | Timeout limit is increased to 2100
2025-02-10 20:52 | INFO | Query 32 Size of the uncertainty table is = 8923/14490
2025-02-10 20:52 | INFO | Query 32 Size of the filtered table is = 145
2025-02-10 20:52 | INFO | Training Time Active Learning Classifier: 7.16 seconds
2025-02-10 20:53 | INFO | Training Time Active Learning Regressor: 1.18 seconds
2025-02-10 20:53 | INFO | Query 32 Active Learning Runtime on Validation Set: 380528.82999999996
2025-02-10 20:53 | INFO | Query 32 Active Learning Runtime on Test Set: 303765.85
2025-02-10 20:53 | INFO | Query 32 Active Learning Instance Cost: 1817035.75
2025-02-10 20:53 | INFO | Query 33 Size of the uncertainty table is = 8670/14490
2025-02-10 20:53 | INFO | Query 33 Size of the filtered table is = 145
2025-02-10 20:53 | INFO | Training Time Active Learning Classifier: 7.18 seconds
2025-02-10 20:53 | INFO | Training Time Active Learning Regressor: 1.19 seconds
2025-02-10 20:53 | INFO | Query 33 Active Learning Runtime on Validation Set: 343900.93
2025-02-10 20:53 | INFO | Query 33 Active Learning Runtime on Test Set: 303765.85
2025-02-10 20:53 | INFO | Query 33 Active Learning Instance Cost: 1871129.29
2025-02-10 20:54 | INFO | Query 34 Size of the uncertainty table is = 8596/14490
2025-02-10 20:54 | INFO | Query 34 Size of the filtered table is = 145
2025-02-10 20:54 | INFO | Training Time Active Learning Classifier: 7.32 seconds
2025-02-10 20:54 | INFO | Training Time Active Learning Regressor: 1.19 seconds
2025-02-10 20:54 | INFO | Query 34 Active Learning Runtime on Validation Set: 375098.19
2025-02-10 20:54 | INFO | Query 34 Active Learning Runtime on Test Set: 303765.85
2025-02-10 20:54 | INFO | Query 34 Active Learning Instance Cost: 1920741.92
2025-02-10 20:54 | INFO | Timeout limit is increased to 2200
2025-02-10 20:54 | INFO | Query 35 Size of the uncertainty table is = 8557/14490
2025-02-10 20:54 | INFO | Query 35 Size of the filtered table is = 145
2025-02-10 20:54 | INFO | Training Time Active Learning Classifier: 7.33 seconds
2025-02-10 20:54 | INFO | Training Time Active Learning Regressor: 1.19 seconds
2025-02-10 20:55 | INFO | Query 35 Active Learning Runtime on Validation Set: 411098.19999999995
2025-02-10 20:55 | INFO | Query 35 Active Learning Runtime on Test Set: 303765.85
2025-02-10 20:55 | INFO | Query 35 Active Learning Instance Cost: 1957744.89
2025-02-10 20:55 | INFO | Timeout limit is increased to 2300
2025-02-10 20:55 | INFO | Query 36 Size of the uncertainty table is = 8527/14490
2025-02-10 20:55 | INFO | Query 36 Size of the filtered table is = 145
2025-02-10 20:55 | INFO | Training Time Active Learning Classifier: 7.22 seconds
2025-02-10 20:55 | INFO | Training Time Active Learning Regressor: 1.2 seconds
2025-02-10 20:55 | INFO | Query 36 Active Learning Runtime on Validation Set: 446110.36
2025-02-10 20:55 | INFO | Query 36 Active Learning Runtime on Test Set: 303868.0
2025-02-10 20:55 | INFO | Query 36 Active Learning Instance Cost: 2037306.49
2025-02-10 20:55 | INFO | Timeout limit is increased to 2400
2025-02-10 20:55 | INFO | Query 37 Size of the uncertainty table is = 8435/14490
2025-02-10 20:55 | INFO | Query 37 Size of the filtered table is = 145
2025-02-10 20:56 | INFO | Training Time Active Learning Classifier: 7.24 seconds
2025-02-10 20:56 | INFO | Training Time Active Learning Regressor: 1.2 seconds
2025-02-10 20:56 | INFO | Query 37 Active Learning Runtime on Validation Set: 446192.97
2025-02-10 20:56 | INFO | Query 37 Active Learning Runtime on Test Set: 303767.5
2025-02-10 20:56 | INFO | Query 37 Active Learning Instance Cost: 2162007.3
2025-02-10 20:56 | INFO | Timeout limit is increased to 2500
2025-02-10 20:56 | INFO | Query 38 Size of the uncertainty table is = 8356/14490
2025-02-10 20:56 | INFO | Query 38 Size of the filtered table is = 145
2025-02-10 20:56 | INFO | Training Time Active Learning Classifier: 7.25 seconds
2025-02-10 20:56 | INFO | Training Time Active Learning Regressor: 1.2 seconds
2025-02-10 20:57 | INFO | Query 38 Active Learning Runtime on Validation Set: 414817.01
2025-02-10 20:57 | INFO | Query 38 Active Learning Runtime on Test Set: 271577.52999999997
2025-02-10 20:57 | INFO | Query 38 Active Learning Instance Cost: 2248338.1
2025-02-10 20:57 | INFO | Query 39 Size of the uncertainty table is = 8246/14490
2025-02-10 20:57 | INFO | Query 39 Size of the filtered table is = 145
2025-02-10 20:57 | INFO | Training Time Active Learning Classifier: 7.42 seconds
2025-02-10 20:57 | INFO | Training Time Active Learning Regressor: 1.2 seconds
2025-02-10 20:57 | INFO | Query 39 Active Learning Runtime on Validation Set: 414623.73
2025-02-10 20:57 | INFO | Query 39 Active Learning Runtime on Test Set: 271575.87
2025-02-10 20:57 | INFO | Query 39 Active Learning Instance Cost: 2319381.81
2025-02-10 20:57 | INFO | Query 40 Size of the uncertainty table is = 8180/14490
2025-02-10 20:57 | INFO | Query 40 Size of the filtered table is = 145
2025-02-10 20:57 | INFO | Training Time Active Learning Classifier: 7.27 seconds
2025-02-10 20:57 | INFO | Training Time Active Learning Regressor: 1.2 seconds
2025-02-10 20:58 | INFO | Query 40 Active Learning Runtime on Validation Set: 414623.73
2025-02-10 20:58 | INFO | Query 40 Active Learning Runtime on Test Set: 271575.87
2025-02-10 20:58 | INFO | Query 40 Active Learning Instance Cost: 2347181.81
2025-02-10 20:58 | INFO | Timeout limit is increased to 2600
2025-02-10 20:58 | INFO | Query 41 Size of the uncertainty table is = 8180/14490
2025-02-10 20:58 | INFO | Query 41 Size of the filtered table is = 145
2025-02-10 20:58 | INFO | Training Time Active Learning Classifier: 7.31 seconds
2025-02-10 20:58 | INFO | Training Time Active Learning Regressor: 1.21 seconds
2025-02-10 20:58 | INFO | Query 41 Active Learning Runtime on Validation Set: 414814.79
2025-02-10 20:58 | INFO | Query 41 Active Learning Runtime on Test Set: 271575.87
2025-02-10 20:58 | INFO | Query 41 Active Learning Instance Cost: 2390043.82
2025-02-10 20:58 | INFO | Timeout limit is increased to 2700
2025-02-10 20:58 | INFO | Query 42 Size of the uncertainty table is = 8146/14490
2025-02-10 20:58 | INFO | Query 42 Size of the filtered table is = 145
2025-02-10 20:59 | INFO | Training Time Active Learning Classifier: 7.31 seconds
2025-02-10 20:59 | INFO | Training Time Active Learning Regressor: 1.21 seconds
2025-02-10 20:59 | INFO | Query 42 Active Learning Runtime on Validation Set: 415143.38
2025-02-10 20:59 | INFO | Query 42 Active Learning Runtime on Test Set: 271575.87
2025-02-10 20:59 | INFO | Query 42 Active Learning Instance Cost: 2468539.31
2025-02-10 20:59 | INFO | Timeout limit is increased to 2800
2025-02-10 20:59 | INFO | Query 43 Size of the uncertainty table is = 8071/14490
2025-02-10 20:59 | INFO | Query 43 Size of the filtered table is = 145
2025-02-10 20:59 | INFO | Training Time Active Learning Classifier: 7.32 seconds
2025-02-10 20:59 | INFO | Training Time Active Learning Regressor: 1.21 seconds
2025-02-10 21:00 | INFO | Query 43 Active Learning Runtime on Validation Set: 415132.72
2025-02-10 21:00 | INFO | Query 43 Active Learning Runtime on Test Set: 271575.87
2025-02-10 21:00 | INFO | Query 43 Active Learning Instance Cost: 2537947.01
2025-02-10 21:00 | INFO | Query 44 Size of the uncertainty table is = 8030/14490
2025-02-10 21:00 | INFO | Query 44 Size of the filtered table is = 145
2025-02-10 21:00 | INFO | Training Time Active Learning Classifier: 7.32 seconds
2025-02-10 21:00 | INFO | Training Time Active Learning Regressor: 1.21 seconds
2025-02-10 21:00 | INFO | Query 44 Active Learning Runtime on Validation Set: 414884.6
2025-02-10 21:00 | INFO | Query 44 Active Learning Runtime on Test Set: 271575.87
2025-02-10 21:00 | INFO | Query 44 Active Learning Instance Cost: 2596064.47
2025-02-10 21:00 | INFO | Query 45 Size of the uncertainty table is = 7969/14490
2025-02-10 21:00 | INFO | Query 45 Size of the filtered table is = 145
2025-02-10 21:00 | INFO | Training Time Active Learning Classifier: 7.33 seconds
2025-02-10 21:01 | INFO | Training Time Active Learning Regressor: 1.21 seconds
2025-02-10 21:01 | INFO | Query 45 Active Learning Runtime on Validation Set: 414884.6
2025-02-10 21:01 | INFO | Query 45 Active Learning Runtime on Test Set: 271575.87
2025-02-10 21:01 | INFO | Query 45 Active Learning Instance Cost: 2618064.47
2025-02-10 21:01 | INFO | Timeout limit is increased to 2900
2025-02-10 21:01 | INFO | Query 46 Size of the uncertainty table is = 7969/14490
2025-02-10 21:01 | INFO | Query 46 Size of the filtered table is = 145
2025-02-10 21:01 | INFO | Training Time Active Learning Classifier: 7.37 seconds
2025-02-10 21:01 | INFO | Training Time Active Learning Regressor: 1.22 seconds
2025-02-10 21:01 | INFO | Query 46 Active Learning Runtime on Validation Set: 414885.88
2025-02-10 21:01 | INFO | Query 46 Active Learning Runtime on Test Set: 271575.87
2025-02-10 21:01 | INFO | Query 46 Active Learning Instance Cost: 2640321.55
2025-02-10 21:01 | INFO | Timeout limit is increased to 3000
2025-02-10 21:02 | INFO | Query 47 Size of the uncertainty table is = 7956/14490
2025-02-10 21:02 | INFO | Query 47 Size of the filtered table is = 145
2025-02-10 21:02 | INFO | Training Time Active Learning Classifier: 7.33 seconds
2025-02-10 21:02 | INFO | Training Time Active Learning Regressor: 1.23 seconds
2025-02-10 21:02 | INFO | Query 47 Active Learning Runtime on Validation Set: 414885.88
2025-02-10 21:02 | INFO | Query 47 Active Learning Runtime on Test Set: 271575.87
2025-02-10 21:02 | INFO | Query 47 Active Learning Instance Cost: 2674426.14
2025-02-10 21:02 | INFO | Timeout limit is increased to 3100
2025-02-10 21:02 | INFO | Query 48 Size of the uncertainty table is = 7950/14490
2025-02-10 21:02 | INFO | Query 48 Size of the filtered table is = 145
2025-02-10 21:02 | INFO | Training Time Active Learning Classifier: 7.37 seconds
2025-02-10 21:02 | INFO | Training Time Active Learning Regressor: 1.22 seconds
2025-02-10 21:03 | INFO | Query 48 Active Learning Runtime on Validation Set: 378403.11
2025-02-10 21:03 | INFO | Query 48 Active Learning Runtime on Test Set: 307332.06
2025-02-10 21:03 | INFO | Query 48 Active Learning Instance Cost: 2765833.41
2025-02-10 21:03 | INFO | Query 49 Size of the uncertainty table is = 7844/14490
2025-02-10 21:03 | INFO | Query 49 Size of the filtered table is = 145
2025-02-10 21:03 | INFO | Training Time Active Learning Classifier: 7.37 seconds
2025-02-10 21:03 | INFO | Training Time Active Learning Regressor: 1.22 seconds
2025-02-10 21:03 | INFO | Query 49 Active Learning Runtime on Validation Set: 414403.07999999996
2025-02-10 21:03 | INFO | Query 49 Active Learning Runtime on Test Set: 307332.06
2025-02-10 21:03 | INFO | Query 49 Active Learning Instance Cost: 2805514.84
2025-02-10 21:03 | INFO | Timeout limit is increased to 3200
2025-02-10 21:03 | INFO | Query 50 Size of the uncertainty table is = 7815/14490
2025-02-10 21:03 | INFO | Query 50 Size of the filtered table is = 145
2025-02-10 21:04 | INFO | Training Time Active Learning Classifier: 7.37 seconds
2025-02-10 21:04 | INFO | Training Time Active Learning Regressor: 1.38 seconds
2025-02-10 21:04 | INFO | Query 50 Active Learning Runtime on Validation Set: 414403.07999999996
2025-02-10 21:04 | INFO | Query 50 Active Learning Runtime on Test Set: 307332.06
2025-02-10 21:04 | INFO | Query 50 Active Learning Instance Cost: 2838115.56
2025-02-10 21:04 | INFO | Timeout limit is increased to 3300
2025-02-10 21:04 | INFO | Query 51 Size of the uncertainty table is = 7814/14490
2025-02-10 21:04 | INFO | Query 51 Size of the filtered table is = 145
2025-02-10 21:04 | INFO | Training Time Active Learning Classifier: 7.58 seconds
2025-02-10 21:04 | INFO | Training Time Active Learning Regressor: 1.22 seconds
2025-02-10 21:04 | INFO | Query 51 Active Learning Runtime on Validation Set: 446419.63
2025-02-10 21:04 | INFO | Query 51 Active Learning Runtime on Test Set: 271575.87
2025-02-10 21:04 | INFO | Query 51 Active Learning Instance Cost: 2922238.62
2025-02-10 21:04 | INFO | Timeout limit is increased to 3400
2025-02-10 21:05 | INFO | Query 52 Size of the uncertainty table is = 7724/14490
2025-02-10 21:05 | INFO | Query 52 Size of the filtered table is = 145
2025-02-10 21:05 | INFO | Training Time Active Learning Classifier: 7.43 seconds
2025-02-10 21:05 | INFO | Training Time Active Learning Regressor: 1.23 seconds
2025-02-10 21:05 | INFO | Query 52 Active Learning Runtime on Validation Set: 414948.82
2025-02-10 21:05 | INFO | Query 52 Active Learning Runtime on Test Set: 271475.38
2025-02-10 21:05 | INFO | Query 52 Active Learning Instance Cost: 2984545.53
2025-02-10 21:05 | INFO | Query 53 Size of the uncertainty table is = 7665/14490
2025-02-10 21:05 | INFO | Query 53 Size of the filtered table is = 145
2025-02-10 21:05 | INFO | Training Time Active Learning Classifier: 7.45 seconds
2025-02-10 21:05 | INFO | Training Time Active Learning Regressor: 1.23 seconds
2025-02-10 21:06 | INFO | Query 53 Active Learning Runtime on Validation Set: 414763.76
2025-02-10 21:06 | INFO | Query 53 Active Learning Runtime on Test Set: 271475.38
2025-02-10 21:06 | INFO | Query 53 Active Learning Instance Cost: 3117191.15
2025-02-10 21:06 | INFO | Query 54 Size of the uncertainty table is = 7572/14490
2025-02-10 21:06 | INFO | Query 54 Size of the filtered table is = 145
2025-02-10 21:06 | INFO | Training Time Active Learning Classifier: 7.6 seconds
2025-02-10 21:06 | INFO | Training Time Active Learning Regressor: 1.23 seconds
2025-02-10 21:06 | INFO | Query 54 Active Learning Runtime on Validation Set: 414763.76
2025-02-10 21:06 | INFO | Query 54 Active Learning Runtime on Test Set: 271475.38
2025-02-10 21:06 | INFO | Query 54 Active Learning Instance Cost: 3160091.15
2025-02-10 21:06 | INFO | Timeout limit is increased to 3500
2025-02-10 21:06 | INFO | Query 55 Size of the uncertainty table is = 7572/14490
2025-02-10 21:06 | INFO | Query 55 Size of the filtered table is = 145
2025-02-10 21:07 | INFO | Training Time Active Learning Classifier: 7.46 seconds
2025-02-10 21:07 | INFO | Training Time Active Learning Regressor: 1.23 seconds
2025-02-10 21:07 | INFO | Query 55 Active Learning Runtime on Validation Set: 414763.76
2025-02-10 21:07 | INFO | Query 55 Active Learning Runtime on Test Set: 271475.38
2025-02-10 21:07 | INFO | Query 55 Active Learning Instance Cost: 3211134.48
2025-02-10 21:07 | INFO | Timeout limit is increased to 3600
2025-02-10 21:07 | INFO | Query 56 Size of the uncertainty table is = 7565/14490
2025-02-10 21:07 | INFO | Query 56 Size of the filtered table is = 145
2025-02-10 21:07 | INFO | Training Time Active Learning Classifier: 7.49 seconds
2025-02-10 21:07 | INFO | Training Time Active Learning Regressor: 1.23 seconds
2025-02-10 21:08 | INFO | Query 56 Active Learning Runtime on Validation Set: 414822.55
2025-02-10 21:08 | INFO | Query 56 Active Learning Runtime on Test Set: 238494.55000000002
2025-02-10 21:08 | INFO | Query 56 Active Learning Instance Cost: 3352856.87
2025-02-10 21:08 | INFO | Timeout limit is increased to 3600
2025-02-10 21:08 | INFO | Query 57 Size of the uncertainty table is = 796/14490
2025-02-10 21:08 | INFO | Query 57 Size of the filtered table is = 145
2025-02-10 21:08 | INFO | Training Time Active Learning Classifier: 7.56 seconds
2025-02-10 21:08 | INFO | Training Time Active Learning Regressor: 1.25 seconds
2025-02-10 21:08 | INFO | Query 57 Active Learning Runtime on Validation Set: 378991.07
2025-02-10 21:08 | INFO | Query 57 Active Learning Runtime on Test Set: 202500.11000000002
2025-02-10 21:08 | INFO | Query 57 Active Learning Instance Cost: 3376766.52
2025-02-10 21:08 | INFO | Query 58 Size of the uncertainty table is = 359/14490
2025-02-10 21:08 | INFO | Query 58 Size of the filtered table is = 145
2025-02-10 21:08 | INFO | Training Time Active Learning Classifier: 7.62 seconds
2025-02-10 21:08 | INFO | Training Time Active Learning Regressor: 1.25 seconds
2025-02-10 21:09 | INFO | Query 58 Active Learning Runtime on Validation Set: 409177.22
2025-02-10 21:09 | INFO | Query 58 Active Learning Runtime on Test Set: 202494.55000000002
2025-02-10 21:09 | INFO | Query 58 Active Learning Instance Cost: 3376768.77
2025-02-10 21:09 | INFO | Timeout limit is increased to 3600
2025-02-10 21:09 | INFO | Query 59 Size of the uncertainty table is = 41/14490
2025-02-10 21:09 | INFO | Query 59 Size of the filtered table is = 41
2025-02-10 21:09 | INFO | Training Time Active Learning Classifier: 7.62 seconds
2025-02-10 21:09 | INFO | Training Time Active Learning Regressor: 1.26 seconds
2025-02-10 21:09 | INFO | Query 59 Active Learning Runtime on Validation Set: 409177.22
2025-02-10 21:09 | INFO | Query 59 Active Learning Runtime on Test Set: 202500.11000000002
2025-02-10 21:09 | INFO | Query 59 Active Learning Instance Cost: 3376769.46
2025-02-10 21:09 | INFO | Timeout limit is increased to 3600
2025-02-10 21:09 | INFO | Active Learning Emissions: 0.02579172897331982
2025-02-10 21:09 | INFO | Active Learning Energy Consumption: 0.02806205973131453 kWh
2025-02-10 21:09 | INFO | runtime_test_score is written as json file
2025-02-10 21:09 | INFO | runtime_validation_score is written as json file
2025-02-10 21:09 | INFO | instance_cost is written as json file
2025-02-10 21:09 | INFO | Experiment is finished
