2025-02-10 20:57 | INFO | Paramaters are: {'dataset': 'SAT11-HAND', 'penalty': 10, 'weight': 'No_Weight', 'voting': 'Hard', 'pre_selection_size': 64, 'pre_selection_technique': 'No_pre_selection', 'feature_elimination_threshold': 20, 'imputer_strategy': 'median', 'feature_selection_technique': 'No_feature_selection', 'feature_scaling_technique': 'StandardScaler', 'priority': {'PredCost': 'min', 'PredDiff': 'max', 'Uncertainty': 'max'}, 'initial_train_size': 20, 'query_size': 1, 'timeout_predictor_usage': 'No', 'timeout_limit': 3600, 'timeout_increase_rate': 100, 'penalty_type': 'Only-timeout-penalty', 'RANDOM_STATE_SEED': 123, 'n_splits': 10, 'split_number': 0, 'max_timeout': 3600, 'param_grid': {'n_estimators': 100, 'max_features': 'sqrt', 'max_depth': 2147483648, 'min_samples_split': 2, 'bootstrap': True}}
2025-02-10 20:57 | INFO | SAT11-HAND is current dataset
2025-02-10 20:57 | INFO | DATASETS/SAT11-HAND/algorithm_runs.arff is found
2025-02-10 20:57 | INFO | DATASETS/SAT11-HAND/algorithm_runs.arff is finished
2025-02-10 20:57 | INFO | DATASETS/SAT11-HAND/feature_values.arff is found
2025-02-10 20:57 | INFO | DATASETS/SAT11-HAND/feature_values.arff is finished
2025-02-10 20:57 | INFO | DATASETS/SAT11-HAND/feature_costs.arff is found
2025-02-10 20:57 | INFO | DATASETS/SAT11-HAND/feature_costs.arff is finished
2025-02-10 20:57 | INFO | Virtual best solver time in train = 103970.46
2025-02-10 20:57 | INFO | Single best solver list train = {'CryptoMiniSat_Strange-Night2-st_fixed_': 3069274.79, 'MPhaseSAT_2011-02-15': 2690938.97, 'PicoSAT_941': 3131366.93, 'QuteRSat_2011-05-12_fixed_': 3111426.19, 'RestartSAT_B95': 3255740.06, 'SAT07referencesolverminisat_SAT2007': 2934102.76, 'SAT09referencesolverclasp_1.2.0-SAT09-32': 1983759.22, 'SApperloT2010_2011-05-15_fixed_': 3425804.67, 'Sol_2011-04-04': 2764729.32, 'clasp_2.0-R4092-crafted': 1958448.7, 'glucose_2': 2778286.13, 'jMiniSat_2011': 3745799.11, 'sathys_2011-04-01': 3586809.17, 'sattime+_2011-03-02': 3183661.02, 'sattime_2011-03-02': 3150462.18}
2025-02-10 20:57 | INFO | Single best solver time train = clasp_2.0-R4092-crafted (1958448.7)
2025-02-10 20:57 | INFO | Virtual best solver time in validation = 3224.99
2025-02-10 20:57 | INFO | Single best solver list validation = {'CryptoMiniSat_Strange-Night2-st_fixed_': 508075.51, 'MPhaseSAT_2011-02-15': 328163.55, 'PicoSAT_941': 294609.3, 'QuteRSat_2011-05-12_fixed_': 473378.41, 'RestartSAT_B95': 330118.12, 'SAT07referencesolverminisat_SAT2007': 435788.6, 'SAT09referencesolverclasp_1.2.0-SAT09-32': 513436.12, 'SApperloT2010_2011-05-15_fixed_': 293987.5, 'Sol_2011-04-04': 550532.04, 'clasp_2.0-R4092-crafted': 442705.92, 'glucose_2': 446575.78, 'jMiniSat_2011': 297148.42, 'sathys_2011-04-01': 469535.64, 'sattime+_2011-03-02': 576297.74, 'sattime_2011-03-02': 577346.36}
2025-02-10 20:57 | INFO | Single best solver time validation = SApperloT2010_2011-05-15_fixed_ (293987.5)
2025-02-10 20:57 | INFO | Virtual best solver time in test = 8081.51
2025-02-10 20:57 | INFO | Single best solver list test = {'CryptoMiniSat_Strange-Night2-st_fixed_': 438571.44, 'MPhaseSAT_2011-02-15': 233884.49, 'PicoSAT_941': 240441.6, 'QuteRSat_2011-05-12_fixed_': 437279.11, 'RestartSAT_B95': 369836.49, 'SAT07referencesolverminisat_SAT2007': 267652.05, 'SAT09referencesolverclasp_1.2.0-SAT09-32': 233228.24, 'SApperloT2010_2011-05-15_fixed_': 333902.53, 'Sol_2011-04-04': 469620.15, 'clasp_2.0-R4092-crafted': 332976.93, 'glucose_2': 333165.52, 'jMiniSat_2011': 402605.7, 'sathys_2011-04-01': 434645.58, 'sattime+_2011-03-02': 396597.25, 'sattime_2011-03-02': 327084.54}
2025-02-10 20:57 | INFO | Single best solver time test = SAT09referencesolverclasp_1.2.0-SAT09-32 (233228.24)
2025-02-10 20:57 | INFO | Training Time Passive Learning Classifier: 7.69 seconds
2025-02-10 20:57 | INFO | Training Time Passive Learning Regressor: 1.28 seconds
2025-02-10 20:58 | INFO | Passive Learning Classifier Runtime on Validation Set: 374805.67
2025-02-10 20:58 | INFO | Passive Learning Classifier Runtime on Test Set: 159025.7
2025-02-10 20:58 | INFO | Passive Learning Instance Cost: 5275009.21
2025-02-10 20:58 | INFO | Passive Learning Emissions: 0.0003170918351609777
2025-02-10 20:58 | INFO | Passive Learning Energy Consumption: 0.0003450040137985424 kWh
2025-02-10 20:58 | INFO | Training Time Active Learning Classifier: 6.2 seconds
2025-02-10 20:58 | INFO | Training Time Active Learning Regressor: 0.74 seconds
2025-02-10 20:58 | INFO | Initial Active Learning Runtime on Validation Set: 417682.8
2025-02-10 20:58 | INFO | Initial Active Learning Runtime on Test Set: 162047.79
2025-02-10 20:58 | INFO | Initial Active Learning Instance Cost: 606758.8
2025-02-10 20:58 | INFO | Bin size = 144
2025-02-10 20:58 | INFO | Query 1 Size of the uncertainty table is = 14385/14385
2025-02-10 20:58 | INFO | Query 1 Size of the filtered table is = 144
2025-02-10 20:58 | INFO | Training Time Active Learning Classifier: 6.01 seconds
2025-02-10 20:58 | INFO | Training Time Active Learning Regressor: 0.77 seconds
2025-02-10 20:59 | INFO | Query 1 Active Learning Runtime on Validation Set: 416835.49
2025-02-10 20:59 | INFO | Query 1 Active Learning Runtime on Test Set: 197368.71
2025-02-10 20:59 | INFO | Query 1 Active Learning Instance Cost: 755840.36
2025-02-10 20:59 | INFO | Query 2 Size of the uncertainty table is = 14140/14385
2025-02-10 20:59 | INFO | Query 2 Size of the filtered table is = 144
2025-02-10 20:59 | INFO | Training Time Active Learning Classifier: 5.96 seconds
2025-02-10 20:59 | INFO | Training Time Active Learning Regressor: 0.78 seconds
2025-02-10 20:59 | INFO | Query 2 Active Learning Runtime on Validation Set: 384982.44
2025-02-10 20:59 | INFO | Query 2 Active Learning Runtime on Test Set: 161606.78
2025-02-10 20:59 | INFO | Query 2 Active Learning Instance Cost: 768186.23
2025-02-10 20:59 | INFO | Query 3 Size of the uncertainty table is = 13948/14385
2025-02-10 20:59 | INFO | Query 3 Size of the filtered table is = 144
2025-02-10 20:59 | INFO | Training Time Active Learning Classifier: 6.0 seconds
2025-02-10 20:59 | INFO | Training Time Active Learning Regressor: 0.8 seconds
2025-02-10 21:00 | INFO | Query 3 Active Learning Runtime on Validation Set: 415349.21
2025-02-10 21:00 | INFO | Query 3 Active Learning Runtime on Test Set: 162619.32
2025-02-10 21:00 | INFO | Query 3 Active Learning Instance Cost: 850520.47
2025-02-10 21:00 | INFO | Timeout limit is increased to 3600
2025-02-10 21:00 | INFO | Query 4 Size of the uncertainty table is = 13724/14385
2025-02-10 21:00 | INFO | Query 4 Size of the filtered table is = 144
2025-02-10 21:00 | INFO | Training Time Active Learning Classifier: 6.04 seconds
2025-02-10 21:00 | INFO | Training Time Active Learning Regressor: 0.81 seconds
2025-02-10 21:00 | INFO | Query 4 Active Learning Runtime on Validation Set: 379710.41
2025-02-10 21:00 | INFO | Query 4 Active Learning Runtime on Test Set: 161606.66
2025-02-10 21:00 | INFO | Query 4 Active Learning Instance Cost: 908923.25
2025-02-10 21:00 | INFO | Query 5 Size of the uncertainty table is = 13538/14385
2025-02-10 21:00 | INFO | Query 5 Size of the filtered table is = 144
2025-02-10 21:00 | INFO | Training Time Active Learning Classifier: 6.18 seconds
2025-02-10 21:00 | INFO | Training Time Active Learning Regressor: 0.83 seconds
2025-02-10 21:01 | INFO | Query 5 Active Learning Runtime on Validation Set: 488423.74
2025-02-10 21:01 | INFO | Query 5 Active Learning Runtime on Test Set: 161364.52
2025-02-10 21:01 | INFO | Query 5 Active Learning Instance Cost: 977111.02
2025-02-10 21:01 | INFO | Timeout limit is increased to 3600
2025-02-10 21:01 | INFO | Query 6 Size of the uncertainty table is = 13308/14385
2025-02-10 21:01 | INFO | Query 6 Size of the filtered table is = 144
2025-02-10 21:01 | INFO | Training Time Active Learning Classifier: 6.1 seconds
2025-02-10 21:01 | INFO | Training Time Active Learning Regressor: 0.84 seconds
2025-02-10 21:01 | INFO | Query 6 Active Learning Runtime on Validation Set: 381609.99
2025-02-10 21:01 | INFO | Query 6 Active Learning Runtime on Test Set: 127417.28
2025-02-10 21:01 | INFO | Query 6 Active Learning Instance Cost: 1011995.8
2025-02-10 21:01 | INFO | Query 7 Size of the uncertainty table is = 13121/14385
2025-02-10 21:01 | INFO | Query 7 Size of the filtered table is = 144
2025-02-10 21:01 | INFO | Training Time Active Learning Classifier: 6.27 seconds
2025-02-10 21:01 | INFO | Training Time Active Learning Regressor: 0.86 seconds
2025-02-10 21:02 | INFO | Query 7 Active Learning Runtime on Validation Set: 237029.77
2025-02-10 21:02 | INFO | Query 7 Active Learning Runtime on Test Set: 90896.69
2025-02-10 21:02 | INFO | Query 7 Active Learning Instance Cost: 1056999.79
2025-02-10 21:02 | INFO | Query 8 Size of the uncertainty table is = 12875/14385
2025-02-10 21:02 | INFO | Query 8 Size of the filtered table is = 144
2025-02-10 21:02 | INFO | Training Time Active Learning Classifier: 6.29 seconds
2025-02-10 21:02 | INFO | Training Time Active Learning Regressor: 0.87 seconds
2025-02-10 21:02 | INFO | Query 8 Active Learning Runtime on Validation Set: 303661.88
2025-02-10 21:02 | INFO | Query 8 Active Learning Runtime on Test Set: 127080.79
2025-02-10 21:02 | INFO | Query 8 Active Learning Instance Cost: 1063608.23
2025-02-10 21:02 | INFO | Timeout limit is increased to 3600
2025-02-10 21:02 | INFO | Query 9 Size of the uncertainty table is = 12705/14385
2025-02-10 21:02 | INFO | Query 9 Size of the filtered table is = 144
2025-02-10 21:02 | INFO | Training Time Active Learning Classifier: 6.2 seconds
2025-02-10 21:02 | INFO | Training Time Active Learning Regressor: 0.88 seconds
2025-02-10 21:03 | INFO | Query 9 Active Learning Runtime on Validation Set: 235806.29
2025-02-10 21:03 | INFO | Query 9 Active Learning Runtime on Test Set: 126568.90999999999
2025-02-10 21:03 | INFO | Query 9 Active Learning Instance Cost: 1124939.41
2025-02-10 21:03 | INFO | Query 10 Size of the uncertainty table is = 12528/14385
2025-02-10 21:03 | INFO | Query 10 Size of the filtered table is = 144
2025-02-10 21:03 | INFO | Training Time Active Learning Classifier: 6.23 seconds
2025-02-10 21:03 | INFO | Training Time Active Learning Regressor: 0.9 seconds
2025-02-10 21:03 | INFO | Query 10 Active Learning Runtime on Validation Set: 235369.19
2025-02-10 21:03 | INFO | Query 10 Active Learning Runtime on Test Set: 92011.58
2025-02-10 21:03 | INFO | Query 10 Active Learning Instance Cost: 1189123.58
2025-02-10 21:03 | INFO | Query 11 Size of the uncertainty table is = 12337/14385
2025-02-10 21:03 | INFO | Query 11 Size of the filtered table is = 144
2025-02-10 21:04 | INFO | Training Time Active Learning Classifier: 6.37 seconds
2025-02-10 21:04 | INFO | Training Time Active Learning Regressor: 0.91 seconds
2025-02-10 21:04 | INFO | Query 11 Active Learning Runtime on Validation Set: 307088.7
2025-02-10 21:04 | INFO | Query 11 Active Learning Runtime on Test Set: 90998.92
2025-02-10 21:04 | INFO | Query 11 Active Learning Instance Cost: 1275448.2
2025-02-10 21:04 | INFO | Timeout limit is increased to 3600
2025-02-10 21:04 | INFO | Query 12 Size of the uncertainty table is = 12113/14385
2025-02-10 21:04 | INFO | Query 12 Size of the filtered table is = 144
2025-02-10 21:04 | INFO | Training Time Active Learning Classifier: 6.31 seconds
2025-02-10 21:04 | INFO | Training Time Active Learning Regressor: 0.92 seconds
2025-02-10 21:04 | INFO | Query 12 Active Learning Runtime on Validation Set: 306993.08
2025-02-10 21:04 | INFO | Query 12 Active Learning Runtime on Test Set: 92011.58
2025-02-10 21:04 | INFO | Query 12 Active Learning Instance Cost: 1339000.9
2025-02-10 21:05 | INFO | Query 13 Size of the uncertainty table is = 11928/14385
2025-02-10 21:05 | INFO | Query 13 Size of the filtered table is = 144
2025-02-10 21:05 | INFO | Training Time Active Learning Classifier: 6.43 seconds
2025-02-10 21:05 | INFO | Training Time Active Learning Regressor: 0.92 seconds
2025-02-10 21:05 | INFO | Query 13 Active Learning Runtime on Validation Set: 309984.76
2025-02-10 21:05 | INFO | Query 13 Active Learning Runtime on Test Set: 161944.62
2025-02-10 21:05 | INFO | Query 13 Active Learning Instance Cost: 1403151.91
2025-02-10 21:05 | INFO | Timeout limit is increased to 3600
2025-02-10 21:05 | INFO | Query 14 Size of the uncertainty table is = 11702/14385
2025-02-10 21:05 | INFO | Query 14 Size of the filtered table is = 144
2025-02-10 21:05 | INFO | Training Time Active Learning Classifier: 6.48 seconds
2025-02-10 21:05 | INFO | Training Time Active Learning Regressor: 0.93 seconds
2025-02-10 21:06 | INFO | Query 14 Active Learning Runtime on Validation Set: 307152.61
2025-02-10 21:06 | INFO | Query 14 Active Learning Runtime on Test Set: 126719.87
2025-02-10 21:06 | INFO | Query 14 Active Learning Instance Cost: 1411757.37
2025-02-10 21:06 | INFO | Query 15 Size of the uncertainty table is = 11547/14385
2025-02-10 21:06 | INFO | Query 15 Size of the filtered table is = 144
2025-02-10 21:06 | INFO | Training Time Active Learning Classifier: 6.39 seconds
2025-02-10 21:06 | INFO | Training Time Active Learning Regressor: 0.94 seconds
2025-02-10 21:06 | INFO | Query 15 Active Learning Runtime on Validation Set: 308329.61
2025-02-10 21:06 | INFO | Query 15 Active Learning Runtime on Test Set: 126223.67
2025-02-10 21:06 | INFO | Query 15 Active Learning Instance Cost: 1454463.42
2025-02-10 21:06 | INFO | Timeout limit is increased to 3600
2025-02-10 21:06 | INFO | Query 16 Size of the uncertainty table is = 11353/14385
2025-02-10 21:06 | INFO | Query 16 Size of the filtered table is = 144
2025-02-10 21:06 | INFO | Training Time Active Learning Classifier: 6.41 seconds
2025-02-10 21:06 | INFO | Training Time Active Learning Regressor: 0.96 seconds
2025-02-10 21:07 | INFO | Query 16 Active Learning Runtime on Validation Set: 306541.06
2025-02-10 21:07 | INFO | Query 16 Active Learning Runtime on Test Set: 161944.62
2025-02-10 21:07 | INFO | Query 16 Active Learning Instance Cost: 1481583.57
2025-02-10 21:07 | INFO | Query 17 Size of the uncertainty table is = 11188/14385
2025-02-10 21:07 | INFO | Query 17 Size of the filtered table is = 144
2025-02-10 21:07 | INFO | Training Time Active Learning Classifier: 6.43 seconds
2025-02-10 21:07 | INFO | Training Time Active Learning Regressor: 0.96 seconds
2025-02-10 21:07 | INFO | Query 17 Active Learning Runtime on Validation Set: 310085.55
2025-02-10 21:07 | INFO | Query 17 Active Learning Runtime on Test Set: 160391.21
2025-02-10 21:07 | INFO | Query 17 Active Learning Instance Cost: 1525161.7
2025-02-10 21:07 | INFO | Timeout limit is increased to 3600
2025-02-10 21:07 | INFO | Query 18 Size of the uncertainty table is = 10979/14385
2025-02-10 21:07 | INFO | Query 18 Size of the filtered table is = 144
2025-02-10 21:07 | INFO | Training Time Active Learning Classifier: 6.47 seconds
2025-02-10 21:07 | INFO | Training Time Active Learning Regressor: 0.97 seconds
2025-02-10 21:08 | INFO | Query 18 Active Learning Runtime on Validation Set: 303704.27999999997
2025-02-10 21:08 | INFO | Query 18 Active Learning Runtime on Test Set: 124519.29999999999
2025-02-10 21:08 | INFO | Query 18 Active Learning Instance Cost: 1600354.46
2025-02-10 21:08 | INFO | Query 19 Size of the uncertainty table is = 10753/14385
2025-02-10 21:08 | INFO | Query 19 Size of the filtered table is = 144
2025-02-10 21:08 | INFO | Training Time Active Learning Classifier: 6.61 seconds
2025-02-10 21:08 | INFO | Training Time Active Learning Regressor: 0.98 seconds
2025-02-10 21:08 | INFO | Query 19 Active Learning Runtime on Validation Set: 304873.43
2025-02-10 21:08 | INFO | Query 19 Active Learning Runtime on Test Set: 124519.29999999999
2025-02-10 21:08 | INFO | Query 19 Active Learning Instance Cost: 1607718.86
2025-02-10 21:08 | INFO | Timeout limit is increased to 3600
2025-02-10 21:08 | INFO | Query 20 Size of the uncertainty table is = 10585/14385
2025-02-10 21:08 | INFO | Query 20 Size of the filtered table is = 144
2025-02-10 21:08 | INFO | Training Time Active Learning Classifier: 6.54 seconds
2025-02-10 21:08 | INFO | Training Time Active Learning Regressor: 0.99 seconds
2025-02-10 21:09 | INFO | Query 20 Active Learning Runtime on Validation Set: 304227.73
2025-02-10 21:09 | INFO | Query 20 Active Learning Runtime on Test Set: 124519.29999999999
2025-02-10 21:09 | INFO | Query 20 Active Learning Instance Cost: 1685197.56
2025-02-10 21:09 | INFO | Query 21 Size of the uncertainty table is = 10360/14385
2025-02-10 21:09 | INFO | Query 21 Size of the filtered table is = 144
2025-02-10 21:09 | INFO | Training Time Active Learning Classifier: 6.57 seconds
2025-02-10 21:09 | INFO | Training Time Active Learning Regressor: 1.0 seconds
2025-02-10 21:09 | INFO | Query 21 Active Learning Runtime on Validation Set: 304699.39
2025-02-10 21:09 | INFO | Query 21 Active Learning Runtime on Test Set: 124519.29999999999
2025-02-10 21:09 | INFO | Query 21 Active Learning Instance Cost: 1776228.74
2025-02-10 21:09 | INFO | Timeout limit is increased to 3600
2025-02-10 21:09 | INFO | Query 22 Size of the uncertainty table is = 10138/14385
2025-02-10 21:09 | INFO | Query 22 Size of the filtered table is = 144
2025-02-10 21:10 | INFO | Training Time Active Learning Classifier: 6.75 seconds
2025-02-10 21:10 | INFO | Training Time Active Learning Regressor: 1.01 seconds
2025-02-10 21:10 | INFO | Query 22 Active Learning Runtime on Validation Set: 304145.45
2025-02-10 21:10 | INFO | Query 22 Active Learning Runtime on Test Set: 124519.29999999999
2025-02-10 21:10 | INFO | Query 22 Active Learning Instance Cost: 1823901.99
2025-02-10 21:10 | INFO | Query 23 Size of the uncertainty table is = 9939/14385
2025-02-10 21:10 | INFO | Query 23 Size of the filtered table is = 144
2025-02-10 21:10 | INFO | Training Time Active Learning Classifier: 6.75 seconds
2025-02-10 21:10 | INFO | Training Time Active Learning Regressor: 1.02 seconds
2025-02-10 21:10 | INFO | Query 23 Active Learning Runtime on Validation Set: 267704.33
2025-02-10 21:10 | INFO | Query 23 Active Learning Runtime on Test Set: 124519.29999999999
2025-02-10 21:10 | INFO | Query 23 Active Learning Instance Cost: 1948600.33
2025-02-10 21:11 | INFO | Query 24 Size of the uncertainty table is = 9662/14385
2025-02-10 21:11 | INFO | Query 24 Size of the filtered table is = 144
2025-02-10 21:11 | INFO | Training Time Active Learning Classifier: 6.69 seconds
2025-02-10 21:11 | INFO | Training Time Active Learning Regressor: 1.03 seconds
2025-02-10 21:11 | INFO | Query 24 Active Learning Runtime on Validation Set: 267704.32
2025-02-10 21:11 | INFO | Query 24 Active Learning Runtime on Test Set: 124519.29999999999
2025-02-10 21:11 | INFO | Query 24 Active Learning Instance Cost: 2079942.85
2025-02-10 21:11 | INFO | Query 25 Size of the uncertainty table is = 9379/14385
2025-02-10 21:11 | INFO | Query 25 Size of the filtered table is = 144
2025-02-10 21:11 | INFO | Training Time Active Learning Classifier: 6.83 seconds
2025-02-10 21:11 | INFO | Training Time Active Learning Regressor: 1.04 seconds
2025-02-10 21:12 | INFO | Query 25 Active Learning Runtime on Validation Set: 267704.33
2025-02-10 21:12 | INFO | Query 25 Active Learning Runtime on Test Set: 124519.29999999999
2025-02-10 21:12 | INFO | Query 25 Active Learning Instance Cost: 2205597.67
2025-02-10 21:12 | INFO | Timeout limit is increased to 3600
2025-02-10 21:12 | INFO | Query 26 Size of the uncertainty table is = 9063/14385
2025-02-10 21:12 | INFO | Query 26 Size of the filtered table is = 144
2025-02-10 21:12 | INFO | Training Time Active Learning Classifier: 6.78 seconds
2025-02-10 21:12 | INFO | Training Time Active Learning Regressor: 1.04 seconds
2025-02-10 21:12 | INFO | Query 26 Active Learning Runtime on Validation Set: 307694.57
2025-02-10 21:12 | INFO | Query 26 Active Learning Runtime on Test Set: 125531.95999999999
2025-02-10 21:12 | INFO | Query 26 Active Learning Instance Cost: 2249637.39
2025-02-10 21:12 | INFO | Timeout limit is increased to 3600
2025-02-10 21:12 | INFO | Query 27 Size of the uncertainty table is = 8846/14385
2025-02-10 21:12 | INFO | Query 27 Size of the filtered table is = 144
2025-02-10 21:12 | INFO | Training Time Active Learning Classifier: 6.81 seconds
2025-02-10 21:12 | INFO | Training Time Active Learning Regressor: 1.17 seconds
2025-02-10 21:13 | INFO | Query 27 Active Learning Runtime on Validation Set: 307694.57
2025-02-10 21:13 | INFO | Query 27 Active Learning Runtime on Test Set: 124519.29999999999
2025-02-10 21:13 | INFO | Query 27 Active Learning Instance Cost: 2307004.72
2025-02-10 21:13 | INFO | Timeout limit is increased to 3600
2025-02-10 21:13 | INFO | Query 28 Size of the uncertainty table is = 8586/14385
2025-02-10 21:13 | INFO | Query 28 Size of the filtered table is = 144
2025-02-10 21:13 | INFO | Training Time Active Learning Classifier: 6.96 seconds
2025-02-10 21:13 | INFO | Training Time Active Learning Regressor: 1.06 seconds
2025-02-10 21:13 | INFO | Query 28 Active Learning Runtime on Validation Set: 268145.5
2025-02-10 21:13 | INFO | Query 28 Active Learning Runtime on Test Set: 124519.29999999999
2025-02-10 21:13 | INFO | Query 28 Active Learning Instance Cost: 2405769.3
2025-02-10 21:13 | INFO | Query 29 Size of the uncertainty table is = 8318/14385
2025-02-10 21:13 | INFO | Query 29 Size of the filtered table is = 144
2025-02-10 21:13 | INFO | Training Time Active Learning Classifier: 6.9 seconds
2025-02-10 21:13 | INFO | Training Time Active Learning Regressor: 1.07 seconds
2025-02-10 21:14 | INFO | Query 29 Active Learning Runtime on Validation Set: 268145.49
2025-02-10 21:14 | INFO | Query 29 Active Learning Runtime on Test Set: 125531.95999999999
2025-02-10 21:14 | INFO | Query 29 Active Learning Instance Cost: 2547309.89
2025-02-10 21:14 | INFO | Query 30 Size of the uncertainty table is = 7974/14385
2025-02-10 21:14 | INFO | Query 30 Size of the filtered table is = 144
2025-02-10 21:14 | INFO | Training Time Active Learning Classifier: 6.93 seconds
2025-02-10 21:14 | INFO | Training Time Active Learning Regressor: 1.08 seconds
2025-02-10 21:14 | INFO | Query 30 Active Learning Runtime on Validation Set: 266950.54000000004
2025-02-10 21:14 | INFO | Query 30 Active Learning Runtime on Test Set: 124189.34999999999
2025-02-10 21:14 | INFO | Query 30 Active Learning Instance Cost: 2613923.28
2025-02-10 21:14 | INFO | Query 31 Size of the uncertainty table is = 7768/14385
2025-02-10 21:14 | INFO | Query 31 Size of the filtered table is = 144
2025-02-10 21:14 | INFO | Training Time Active Learning Classifier: 7.08 seconds
2025-02-10 21:15 | INFO | Training Time Active Learning Regressor: 1.08 seconds
2025-02-10 21:15 | INFO | Query 31 Active Learning Runtime on Validation Set: 231049.15
2025-02-10 21:15 | INFO | Query 31 Active Learning Runtime on Test Set: 124038.39
2025-02-10 21:15 | INFO | Query 31 Active Learning Instance Cost: 2713916.28
2025-02-10 21:15 | INFO | Query 32 Size of the uncertainty table is = 7422/14385
2025-02-10 21:15 | INFO | Query 32 Size of the filtered table is = 144
2025-02-10 21:15 | INFO | Training Time Active Learning Classifier: 7.04 seconds
2025-02-10 21:15 | INFO | Training Time Active Learning Regressor: 1.09 seconds
2025-02-10 21:15 | INFO | Query 32 Active Learning Runtime on Validation Set: 266320.34
2025-02-10 21:15 | INFO | Query 32 Active Learning Runtime on Test Set: 124038.39
2025-02-10 21:15 | INFO | Query 32 Active Learning Instance Cost: 2800211.71
2025-02-10 21:15 | INFO | Timeout limit is increased to 3600
2025-02-10 21:15 | INFO | Query 33 Size of the uncertainty table is = 7140/14385
2025-02-10 21:15 | INFO | Query 33 Size of the filtered table is = 144
2025-02-10 21:16 | INFO | Training Time Active Learning Classifier: 7.09 seconds
2025-02-10 21:16 | INFO | Training Time Active Learning Regressor: 1.1 seconds
2025-02-10 21:16 | INFO | Query 33 Active Learning Runtime on Validation Set: 303704.27999999997
2025-02-10 21:16 | INFO | Query 33 Active Learning Runtime on Test Set: 89294.54999999999
2025-02-10 21:16 | INFO | Query 33 Active Learning Instance Cost: 2854710.68
2025-02-10 21:16 | INFO | Timeout limit is increased to 3600
2025-02-10 21:16 | INFO | Query 34 Size of the uncertainty table is = 6890/14385
2025-02-10 21:16 | INFO | Query 34 Size of the filtered table is = 144
2025-02-10 21:16 | INFO | Training Time Active Learning Classifier: 7.12 seconds
2025-02-10 21:16 | INFO | Training Time Active Learning Regressor: 1.11 seconds
2025-02-10 21:16 | INFO | Query 34 Active Learning Runtime on Validation Set: 338320.25
2025-02-10 21:16 | INFO | Query 34 Active Learning Runtime on Test Set: 87800.97
2025-02-10 21:16 | INFO | Query 34 Active Learning Instance Cost: 2959459.71
2025-02-10 21:16 | INFO | Timeout limit is increased to 3600
2025-02-10 21:17 | INFO | Query 35 Size of the uncertainty table is = 6607/14385
2025-02-10 21:17 | INFO | Query 35 Size of the filtered table is = 144
2025-02-10 21:17 | INFO | Training Time Active Learning Classifier: 7.14 seconds
2025-02-10 21:17 | INFO | Training Time Active Learning Regressor: 1.11 seconds
2025-02-10 21:17 | INFO | Query 35 Active Learning Runtime on Validation Set: 303704.27999999997
2025-02-10 21:17 | INFO | Query 35 Active Learning Runtime on Test Set: 125531.95999999999
2025-02-10 21:17 | INFO | Query 35 Active Learning Instance Cost: 3016166.11
2025-02-10 21:17 | INFO | Query 36 Size of the uncertainty table is = 6376/14385
2025-02-10 21:17 | INFO | Query 36 Size of the filtered table is = 144
2025-02-10 21:17 | INFO | Training Time Active Learning Classifier: 7.2 seconds
2025-02-10 21:17 | INFO | Training Time Active Learning Regressor: 1.12 seconds
2025-02-10 21:18 | INFO | Query 36 Active Learning Runtime on Validation Set: 303704.27999999997
2025-02-10 21:18 | INFO | Query 36 Active Learning Runtime on Test Set: 90307.20999999999
2025-02-10 21:18 | INFO | Query 36 Active Learning Instance Cost: 3115249.81
2025-02-10 21:18 | INFO | Timeout limit is increased to 3600
2025-02-10 21:18 | INFO | Query 37 Size of the uncertainty table is = 6109/14385
2025-02-10 21:18 | INFO | Query 37 Size of the filtered table is = 144
2025-02-10 21:18 | INFO | Training Time Active Learning Classifier: 7.21 seconds
2025-02-10 21:18 | INFO | Training Time Active Learning Regressor: 1.13 seconds
2025-02-10 21:18 | INFO | Query 37 Active Learning Runtime on Validation Set: 338956.01
2025-02-10 21:18 | INFO | Query 37 Active Learning Runtime on Test Set: 125531.95999999999
2025-02-10 21:18 | INFO | Query 37 Active Learning Instance Cost: 3204767.73
2025-02-10 21:18 | INFO | Timeout limit is increased to 3600
2025-02-10 21:18 | INFO | Query 38 Size of the uncertainty table is = 5840/14385
2025-02-10 21:18 | INFO | Query 38 Size of the filtered table is = 144
2025-02-10 21:18 | INFO | Training Time Active Learning Classifier: 7.25 seconds
2025-02-10 21:18 | INFO | Training Time Active Learning Regressor: 1.13 seconds
2025-02-10 21:19 | INFO | Query 38 Active Learning Runtime on Validation Set: 374364.5
2025-02-10 21:19 | INFO | Query 38 Active Learning Runtime on Test Set: 160038.36
2025-02-10 21:19 | INFO | Query 38 Active Learning Instance Cost: 3354608.32
2025-02-10 21:19 | INFO | Timeout limit is increased to 3600
2025-02-10 21:19 | INFO | Query 39 Size of the uncertainty table is = 5473/14385
2025-02-10 21:19 | INFO | Query 39 Size of the filtered table is = 144
2025-02-10 21:19 | INFO | Training Time Active Learning Classifier: 7.41 seconds
2025-02-10 21:19 | INFO | Training Time Active Learning Regressor: 1.14 seconds
2025-02-10 21:19 | INFO | Query 39 Active Learning Runtime on Validation Set: 266981.03
2025-02-10 21:19 | INFO | Query 39 Active Learning Runtime on Test Set: 125531.95999999999
2025-02-10 21:19 | INFO | Query 39 Active Learning Instance Cost: 3422273.0
2025-02-10 21:19 | INFO | Query 40 Size of the uncertainty table is = 5219/14385
2025-02-10 21:19 | INFO | Query 40 Size of the filtered table is = 144
2025-02-10 21:19 | INFO | Training Time Active Learning Classifier: 7.33 seconds
2025-02-10 21:19 | INFO | Training Time Active Learning Regressor: 1.15 seconds
2025-02-10 21:20 | INFO | Query 40 Active Learning Runtime on Validation Set: 303704.27999999997
2025-02-10 21:20 | INFO | Query 40 Active Learning Runtime on Test Set: 124519.29999999999
2025-02-10 21:20 | INFO | Query 40 Active Learning Instance Cost: 3533519.43
2025-02-10 21:20 | INFO | Timeout limit is increased to 3600
2025-02-10 21:20 | INFO | Query 41 Size of the uncertainty table is = 4822/14385
2025-02-10 21:20 | INFO | Query 41 Size of the filtered table is = 144
2025-02-10 21:20 | INFO | Training Time Active Learning Classifier: 7.35 seconds
2025-02-10 21:20 | INFO | Training Time Active Learning Regressor: 1.16 seconds
2025-02-10 21:20 | INFO | Query 41 Active Learning Runtime on Validation Set: 303698.69
2025-02-10 21:20 | INFO | Query 41 Active Learning Runtime on Test Set: 124519.29999999999
2025-02-10 21:20 | INFO | Query 41 Active Learning Instance Cost: 3641965.31
2025-02-10 21:20 | INFO | Query 42 Size of the uncertainty table is = 4448/14385
2025-02-10 21:20 | INFO | Query 42 Size of the filtered table is = 144
2025-02-10 21:20 | INFO | Training Time Active Learning Classifier: 7.51 seconds
2025-02-10 21:20 | INFO | Training Time Active Learning Regressor: 1.16 seconds
2025-02-10 21:21 | INFO | Query 42 Active Learning Runtime on Validation Set: 303068.52
2025-02-10 21:21 | INFO | Query 42 Active Learning Runtime on Test Set: 123025.73
2025-02-10 21:21 | INFO | Query 42 Active Learning Instance Cost: 3773010.18
2025-02-10 21:21 | INFO | Query 43 Size of the uncertainty table is = 4046/14385
2025-02-10 21:21 | INFO | Query 43 Size of the filtered table is = 144
2025-02-10 21:21 | INFO | Training Time Active Learning Classifier: 7.48 seconds
2025-02-10 21:21 | INFO | Training Time Active Learning Regressor: 1.18 seconds
2025-02-10 21:21 | INFO | Query 43 Active Learning Runtime on Validation Set: 338314.66
2025-02-10 21:21 | INFO | Query 43 Active Learning Runtime on Test Set: 123025.73
2025-02-10 21:21 | INFO | Query 43 Active Learning Instance Cost: 3892391.39
2025-02-10 21:21 | INFO | Timeout limit is increased to 3600
2025-02-10 21:21 | INFO | Query 44 Size of the uncertainty table is = 3606/14385
2025-02-10 21:21 | INFO | Query 44 Size of the filtered table is = 144
2025-02-10 21:21 | INFO | Training Time Active Learning Classifier: 7.57 seconds
2025-02-10 21:21 | INFO | Training Time Active Learning Regressor: 1.2 seconds
2025-02-10 21:22 | INFO | Query 44 Active Learning Runtime on Validation Set: 374364.5
2025-02-10 21:22 | INFO | Query 44 Active Learning Runtime on Test Set: 123800.95
2025-02-10 21:22 | INFO | Query 44 Active Learning Instance Cost: 4052298.42
2025-02-10 21:22 | INFO | Timeout limit is increased to 3600
2025-02-10 21:22 | INFO | Query 45 Size of the uncertainty table is = 3167/14385
2025-02-10 21:22 | INFO | Query 45 Size of the filtered table is = 144
2025-02-10 21:22 | INFO | Training Time Active Learning Classifier: 7.64 seconds
2025-02-10 21:22 | INFO | Training Time Active Learning Regressor: 1.22 seconds
2025-02-10 21:22 | INFO | Query 45 Active Learning Runtime on Validation Set: 374364.5
2025-02-10 21:22 | INFO | Query 45 Active Learning Runtime on Test Set: 159667.76
2025-02-10 21:22 | INFO | Query 45 Active Learning Instance Cost: 4289814.64
2025-02-10 21:22 | INFO | Timeout limit is increased to 3600
2025-02-10 21:22 | INFO | Query 46 Size of the uncertainty table is = 2513/14385
2025-02-10 21:22 | INFO | Query 46 Size of the filtered table is = 144
2025-02-10 21:23 | INFO | Training Time Active Learning Classifier: 7.65 seconds
2025-02-10 21:23 | INFO | Training Time Active Learning Regressor: 1.23 seconds
2025-02-10 21:23 | INFO | Query 46 Active Learning Runtime on Validation Set: 446793.29
2025-02-10 21:23 | INFO | Query 46 Active Learning Runtime on Test Set: 159667.76
2025-02-10 21:23 | INFO | Query 46 Active Learning Instance Cost: 4552408.43
2025-02-10 21:23 | INFO | Timeout limit is increased to 3600
2025-02-10 21:23 | INFO | Query 47 Size of the uncertainty table is = 1751/14385
2025-02-10 21:23 | INFO | Query 47 Size of the filtered table is = 144
2025-02-10 21:23 | INFO | Training Time Active Learning Classifier: 7.69 seconds
2025-02-10 21:23 | INFO | Training Time Active Learning Regressor: 1.25 seconds
2025-02-10 21:23 | INFO | Query 47 Active Learning Runtime on Validation Set: 447418.81
2025-02-10 21:23 | INFO | Query 47 Active Learning Runtime on Test Set: 159025.69999999998
2025-02-10 21:23 | INFO | Query 47 Active Learning Instance Cost: 4839860.88
2025-02-10 21:23 | INFO | Timeout limit is increased to 3600
2025-02-10 21:23 | INFO | Query 48 Size of the uncertainty table is = 1090/14385
2025-02-10 21:23 | INFO | Query 48 Size of the filtered table is = 144
2025-02-10 21:24 | INFO | Training Time Active Learning Classifier: 7.69 seconds
2025-02-10 21:24 | INFO | Training Time Active Learning Regressor: 1.26 seconds
2025-02-10 21:24 | INFO | Query 48 Active Learning Runtime on Validation Set: 446163.89
2025-02-10 21:24 | INFO | Query 48 Active Learning Runtime on Test Set: 159176.66
2025-02-10 21:24 | INFO | Query 48 Active Learning Instance Cost: 5050172.53
2025-02-10 21:24 | INFO | Query 49 Size of the uncertainty table is = 473/14385
2025-02-10 21:24 | INFO | Query 49 Size of the filtered table is = 144
2025-02-10 21:24 | INFO | Training Time Active Learning Classifier: 7.81 seconds
2025-02-10 21:24 | INFO | Training Time Active Learning Regressor: 1.27 seconds
2025-02-10 21:24 | INFO | Query 49 Active Learning Runtime on Validation Set: 446163.89
2025-02-10 21:24 | INFO | Query 49 Active Learning Runtime on Test Set: 159176.66
2025-02-10 21:24 | INFO | Query 49 Active Learning Instance Cost: 5226572.53
2025-02-10 21:24 | INFO | Timeout limit is increased to 3600
2025-02-10 21:24 | INFO | Query 50 Size of the uncertainty table is = 14/14385
2025-02-10 21:24 | INFO | Query 50 Size of the filtered table is = 14
2025-02-10 21:25 | INFO | Training Time Active Learning Classifier: 7.71 seconds
2025-02-10 21:25 | INFO | Training Time Active Learning Regressor: 1.27 seconds
2025-02-10 21:25 | INFO | Query 50 Active Learning Runtime on Validation Set: 446163.89
2025-02-10 21:25 | INFO | Query 50 Active Learning Runtime on Test Set: 159176.66
2025-02-10 21:25 | INFO | Query 50 Active Learning Instance Cost: 5230172.53
2025-02-10 21:25 | INFO | Timeout limit is increased to 3600
2025-02-10 21:25 | INFO | Active Learning Emissions: 0.0192621677869406
2025-02-10 21:25 | INFO | Active Learning Energy Consumption: 0.020957730424000877 kWh
2025-02-10 21:25 | INFO | runtime_test_score is written as json file
2025-02-10 21:25 | INFO | runtime_validation_score is written as json file
2025-02-10 21:25 | INFO | instance_cost is written as json file
2025-02-10 21:25 | INFO | Experiment is finished
