2025-02-10 21:42 | INFO | Paramaters are: {'dataset': 'SAT12-HAND', 'penalty': 10, 'weight': 'No_Weight', 'voting': 'Hard', 'pre_selection_size': 64, 'pre_selection_technique': 'No_pre_selection', 'feature_elimination_threshold': 20, 'imputer_strategy': 'median', 'feature_selection_technique': 'No_feature_selection', 'feature_scaling_technique': 'StandardScaler', 'priority': {'PredDiff': 'max', 'PredCost': 'min', 'Uncertainty': 'max'}, 'initial_train_size': 20, 'query_size': 1, 'timeout_predictor_usage': 'No', 'timeout_limit': 100, 'timeout_increase_rate': 100, 'penalty_type': 'Only-timeout-penalty', 'RANDOM_STATE_SEED': 12345, 'n_splits': 10, 'split_number': 7, 'max_timeout': 3600, 'param_grid': {'n_estimators': 100, 'max_features': 'sqrt', 'max_depth': 2147483648, 'min_samples_split': 2, 'bootstrap': True}}
2025-02-10 21:42 | INFO | SAT12-HAND is current dataset
2025-02-10 21:42 | INFO | DATASETS/SAT12-HAND/algorithm_runs.arff is found
2025-02-10 21:42 | INFO | DATASETS/SAT12-HAND/algorithm_runs.arff is finished
2025-02-10 21:42 | INFO | DATASETS/SAT12-HAND/feature_values.arff is found
2025-02-10 21:42 | INFO | DATASETS/SAT12-HAND/feature_values.arff is finished
2025-02-10 21:42 | INFO | DATASETS/SAT12-HAND/feature_costs.arff is found
2025-02-10 21:42 | INFO | DATASETS/SAT12-HAND/feature_costs.arff is finished
2025-02-10 21:42 | INFO | Virtual best solver time in train = 74518.68
2025-02-10 21:42 | INFO | Single best solver list train = {'clasp1': 5762712.85, 'clasp2': 5011202.08, 'cryptominisat2011': 6368504.39, 'eagleup': 12996117.34, 'ebglucose': 7054246.95, 'ebminisat': 6484013.11, 'glucose2': 6260498.6, 'glueminisat': 6833207.88, 'gnoveltyp2': 11637176.62, 'lingeling': 6727206.56, 'lrglshr': 7875886.29, 'marchrw': 9531424.45, 'minisatpsm': 6948388.41, 'mphaseSAT': 4145488.78, 'mphaseSAT64': 4649033.23, 'mphaseSATm': 4148168.08, 'mxc09': 5983150.08, 'picosat': 6736515.65, 'precosat': 6188606.35, 'qutersat': 6437564.57, 'rcl': 7844457.13, 'restartsat': 6309160.35, 'sapperlot': 6925081.51, 'satime11': 9877287.81, 'sattime': 10088526.98, 'sattimep': 9984821.47, 'sol': 7263953.12, 'sparrow': 10057213.01, 'spear-hw': 8604039.72, 'spear-sw': 9892171.83, 'tnm': 10307338.83}
2025-02-10 21:42 | INFO | Single best solver time train = mphaseSAT (4145488.78)
2025-02-10 21:42 | INFO | Virtual best solver time in validation = 7218.94
2025-02-10 21:42 | INFO | Single best solver list validation = {'clasp1': 1522593.1, 'clasp2': 1521623.0, 'cryptominisat2011': 1771180.12, 'eagleup': 2737251.49, 'ebglucose': 1736373.55, 'ebminisat': 1483460.91, 'glucose2': 1629813.92, 'glueminisat': 1664216.05, 'gnoveltyp2': 1624866.79, 'lingeling': 1661940.85, 'lrglshr': 1665585.78, 'marchrw': 1913324.76, 'minisatpsm': 1661920.87, 'mphaseSAT': 1482835.84, 'mphaseSAT64': 1485317.65, 'mphaseSATm': 1518985.38, 'mxc09': 1593438.79, 'picosat': 1557416.49, 'precosat': 1482847.32, 'qutersat': 1807718.93, 'rcl': 1699987.01, 'restartsat': 1629249.53, 'sapperlot': 1626773.18, 'satime11': 1516203.7, 'sattime': 1409435.64, 'sattimep': 1408392.36, 'sol': 1301603.98, 'sparrow': 1478055.85, 'spear-hw': 1842532.23, 'spear-sw': 2450694.1, 'tnm': 1517386.07}
2025-02-10 21:42 | INFO | Single best solver time validation = sol (1301603.98)
2025-02-10 21:42 | INFO | Virtual best solver time in test = 10252.72
2025-02-10 21:42 | INFO | Single best solver list test = {'clasp1': 690595.78, 'clasp2': 619276.05, 'cryptominisat2011': 689378.77, 'eagleup': 1656027.76, 'ebglucose': 974517.07, 'ebminisat': 901522.64, 'glucose2': 938566.65, 'glueminisat': 902144.24, 'gnoveltyp2': 1440613.05, 'lingeling': 901261.95, 'lrglshr': 867310.32, 'marchrw': 1081523.01, 'minisatpsm': 938043.65, 'mphaseSAT': 613610.37, 'mphaseSAT64': 650808.58, 'mphaseSATm': 649358.96, 'mxc09': 725610.89, 'picosat': 867221.46, 'precosat': 794843.14, 'qutersat': 760813.12, 'rcl': 938139.88, 'restartsat': 760609.27, 'sapperlot': 830053.78, 'satime11': 1120208.11, 'sattime': 1155646.35, 'sattimep': 1189384.14, 'sol': 972370.4, 'sparrow': 1228438.11, 'spear-hw': 1008784.99, 'spear-sw': 903097.59, 'tnm': 1297948.18}
2025-02-10 21:42 | INFO | Single best solver time test = mphaseSAT (613610.37)
2025-02-10 21:43 | INFO | Training Time Passive Learning Classifier: 49.91 seconds
2025-02-10 21:43 | INFO | Training Time Passive Learning Regressor: 4.8 seconds
2025-02-10 21:46 | INFO | Passive Learning Classifier Runtime on Validation Set: 1185663.58
2025-02-10 21:46 | INFO | Passive Learning Classifier Runtime on Test Set: 288545.03
2025-02-10 21:46 | INFO | Passive Learning Instance Cost: 24333164.03
2025-02-10 21:46 | INFO | Passive Learning Emissions: 0.002915713279426525
2025-02-10 21:46 | INFO | Passive Learning Energy Consumption: 0.0031723705026248344 kWh
2025-02-10 21:47 | INFO | Training Time Active Learning Classifier: 28.32 seconds
2025-02-10 21:47 | INFO | Training Time Active Learning Regressor: 1.48 seconds
2025-02-10 21:50 | INFO | Initial Active Learning Runtime on Validation Set: 1185462.07
2025-02-10 21:50 | INFO | Initial Active Learning Runtime on Test Set: 713788.06
2025-02-10 21:50 | INFO | Initial Active Learning Instance Cost: 42732.23
2025-02-10 21:50 | INFO | Bin size = 1693
2025-02-10 21:51 | INFO | Query 1 Size of the uncertainty table is = 173430/169260
2025-02-10 21:51 | INFO | Query 1 Size of the filtered table is = 1693
2025-02-10 21:52 | INFO | Training Time Active Learning Classifier: 25.47 seconds
2025-02-10 21:52 | INFO | Training Time Active Learning Regressor: 1.58 seconds
2025-02-10 21:55 | INFO | Query 1 Active Learning Runtime on Validation Set: 1114438.66
2025-02-10 21:55 | INFO | Query 1 Active Learning Runtime on Test Set: 607582.0499999999
2025-02-10 21:55 | INFO | Query 1 Active Learning Instance Cost: 101481.81
2025-02-10 21:56 | INFO | Query 2 Size of the uncertainty table is = 170270/169260
2025-02-10 21:56 | INFO | Query 2 Size of the filtered table is = 1693
2025-02-10 21:57 | INFO | Training Time Active Learning Classifier: 25.87 seconds
2025-02-10 21:57 | INFO | Training Time Active Learning Regressor: 1.65 seconds
2025-02-10 22:00 | INFO | Query 2 Active Learning Runtime on Validation Set: 1187608.6099999999
2025-02-10 22:00 | INFO | Query 2 Active Learning Runtime on Test Set: 607955.0499999999
2025-02-10 22:00 | INFO | Query 2 Active Learning Instance Cost: 127606.7
2025-02-10 22:00 | INFO | Timeout limit is increased to 200
2025-02-10 22:02 | INFO | Query 3 Size of the uncertainty table is = 166594/169260
2025-02-10 22:02 | INFO | Query 3 Size of the filtered table is = 1693
2025-02-10 22:02 | INFO | Training Time Active Learning Classifier: 26.2 seconds
2025-02-10 22:02 | INFO | Training Time Active Learning Regressor: 1.77 seconds
2025-02-10 22:05 | INFO | Query 3 Active Learning Runtime on Validation Set: 1113951.29
2025-02-10 22:05 | INFO | Query 3 Active Learning Runtime on Test Set: 607581.99
2025-02-10 22:05 | INFO | Query 3 Active Learning Instance Cost: 225882.21
2025-02-10 22:07 | INFO | Query 4 Size of the uncertainty table is = 163442/169260
2025-02-10 22:07 | INFO | Query 4 Size of the filtered table is = 1693
2025-02-10 22:08 | INFO | Training Time Active Learning Classifier: 26.53 seconds
2025-02-10 22:08 | INFO | Training Time Active Learning Regressor: 1.83 seconds
2025-02-10 22:11 | INFO | Query 4 Active Learning Runtime on Validation Set: 971904.35
2025-02-10 22:11 | INFO | Query 4 Active Learning Runtime on Test Set: 607334.64
2025-02-10 22:11 | INFO | Query 4 Active Learning Instance Cost: 277329.56
2025-02-10 22:13 | INFO | Query 5 Size of the uncertainty table is = 160160/169260
2025-02-10 22:13 | INFO | Query 5 Size of the filtered table is = 1693
2025-02-10 22:14 | INFO | Training Time Active Learning Classifier: 27.1 seconds
2025-02-10 22:14 | INFO | Training Time Active Learning Regressor: 2.0 seconds
2025-02-10 22:17 | INFO | Query 5 Active Learning Runtime on Validation Set: 1186611.94
2025-02-10 22:17 | INFO | Query 5 Active Learning Runtime on Test Set: 713978.1
2025-02-10 22:17 | INFO | Query 5 Active Learning Instance Cost: 415382.1
2025-02-10 22:17 | INFO | Timeout limit is increased to 300
2025-02-10 22:19 | INFO | Query 6 Size of the uncertainty table is = 156407/169260
2025-02-10 22:19 | INFO | Query 6 Size of the filtered table is = 1693
2025-02-10 22:20 | INFO | Training Time Active Learning Classifier: 27.77 seconds
2025-02-10 22:20 | INFO | Training Time Active Learning Regressor: 2.13 seconds
2025-02-10 22:23 | INFO | Query 6 Active Learning Runtime on Validation Set: 1185046.04
2025-02-10 22:23 | INFO | Query 6 Active Learning Runtime on Test Set: 713982.4199999999
2025-02-10 22:23 | INFO | Query 6 Active Learning Instance Cost: 556314.83
2025-02-10 22:25 | INFO | Query 7 Size of the uncertainty table is = 152608/169260
2025-02-10 22:25 | INFO | Query 7 Size of the filtered table is = 1693
2025-02-10 22:26 | INFO | Training Time Active Learning Classifier: 28.88 seconds
2025-02-10 22:26 | INFO | Training Time Active Learning Regressor: 2.23 seconds
2025-02-10 22:29 | INFO | Query 7 Active Learning Runtime on Validation Set: 1185840.21
2025-02-10 22:29 | INFO | Query 7 Active Learning Runtime on Test Set: 642669.4299999999
2025-02-10 22:29 | INFO | Query 7 Active Learning Instance Cost: 668744.51
2025-02-10 22:29 | INFO | Timeout limit is increased to 400
2025-02-10 22:31 | INFO | Query 8 Size of the uncertainty table is = 149620/169260
2025-02-10 22:31 | INFO | Query 8 Size of the filtered table is = 1693
2025-02-10 22:32 | INFO | Training Time Active Learning Classifier: 29.0 seconds
2025-02-10 22:32 | INFO | Training Time Active Learning Regressor: 2.41 seconds
2025-02-10 22:36 | INFO | Query 8 Active Learning Runtime on Validation Set: 1185701.23
2025-02-10 22:36 | INFO | Query 8 Active Learning Runtime on Test Set: 572038.45
2025-02-10 22:36 | INFO | Query 8 Active Learning Instance Cost: 872687.74
2025-02-10 22:38 | INFO | Query 9 Size of the uncertainty table is = 145749/169260
2025-02-10 22:38 | INFO | Query 9 Size of the filtered table is = 1693
2025-02-10 22:39 | INFO | Training Time Active Learning Classifier: 30.25 seconds
2025-02-10 22:39 | INFO | Training Time Active Learning Regressor: 2.5 seconds
2025-02-10 22:42 | INFO | Query 9 Active Learning Runtime on Validation Set: 1081667.25
2025-02-10 22:42 | INFO | Query 9 Active Learning Runtime on Test Set: 573286.1799999999
2025-02-10 22:42 | INFO | Query 9 Active Learning Instance Cost: 1041157.52
2025-02-10 22:45 | INFO | Query 10 Size of the uncertainty table is = 142273/169260
2025-02-10 22:45 | INFO | Query 10 Size of the filtered table is = 1693
2025-02-10 22:45 | INFO | Training Time Active Learning Classifier: 30.49 seconds
2025-02-10 22:45 | INFO | Training Time Active Learning Regressor: 2.65 seconds
2025-02-10 22:49 | INFO | Query 10 Active Learning Runtime on Validation Set: 1365164.31
2025-02-10 22:49 | INFO | Query 10 Active Learning Runtime on Test Set: 644335.2999999999
2025-02-10 22:49 | INFO | Query 10 Active Learning Instance Cost: 1191565.09
2025-02-10 22:49 | INFO | Timeout limit is increased to 500
2025-02-10 22:51 | INFO | Query 11 Size of the uncertainty table is = 138362/169260
2025-02-10 22:51 | INFO | Query 11 Size of the filtered table is = 1693
2025-02-10 22:52 | INFO | Training Time Active Learning Classifier: 31.31 seconds
2025-02-10 22:52 | INFO | Training Time Active Learning Regressor: 2.83 seconds
2025-02-10 22:55 | INFO | Query 11 Active Learning Runtime on Validation Set: 1295497.49
2025-02-10 22:55 | INFO | Query 11 Active Learning Runtime on Test Set: 679299.19
2025-02-10 22:55 | INFO | Query 11 Active Learning Instance Cost: 1465432.91
2025-02-10 22:58 | INFO | Query 12 Size of the uncertainty table is = 134605/169260
2025-02-10 22:58 | INFO | Query 12 Size of the filtered table is = 1693
2025-02-10 22:59 | INFO | Training Time Active Learning Classifier: 32.09 seconds
2025-02-10 22:59 | INFO | Training Time Active Learning Regressor: 2.92 seconds
2025-02-10 23:02 | INFO | Query 12 Active Learning Runtime on Validation Set: 1117307.17
2025-02-10 23:02 | INFO | Query 12 Active Learning Runtime on Test Set: 643892.09
2025-02-10 23:02 | INFO | Query 12 Active Learning Instance Cost: 1648512.34
2025-02-10 23:05 | INFO | Query 13 Size of the uncertainty table is = 131112/169260
2025-02-10 23:05 | INFO | Query 13 Size of the filtered table is = 1693
2025-02-10 23:06 | INFO | Training Time Active Learning Classifier: 33.75 seconds
2025-02-10 23:06 | INFO | Training Time Active Learning Regressor: 3.08 seconds
2025-02-10 23:09 | INFO | Query 13 Active Learning Runtime on Validation Set: 1078674.13
2025-02-10 23:09 | INFO | Query 13 Active Learning Runtime on Test Set: 572277.21
2025-02-10 23:09 | INFO | Query 13 Active Learning Instance Cost: 1851864.09
2025-02-10 23:12 | INFO | Query 14 Size of the uncertainty table is = 126881/169260
2025-02-10 23:12 | INFO | Query 14 Size of the filtered table is = 1693
2025-02-10 23:13 | INFO | Training Time Active Learning Classifier: 34.1 seconds
2025-02-10 23:13 | INFO | Training Time Active Learning Regressor: 3.21 seconds
2025-02-10 23:16 | INFO | Query 14 Active Learning Runtime on Validation Set: 1078554.7
2025-02-10 23:16 | INFO | Query 14 Active Learning Runtime on Test Set: 643826.47
2025-02-10 23:16 | INFO | Query 14 Active Learning Instance Cost: 2023542.02
2025-02-10 23:19 | INFO | Query 15 Size of the uncertainty table is = 123236/169260
2025-02-10 23:19 | INFO | Query 15 Size of the filtered table is = 1693
2025-02-10 23:20 | INFO | Training Time Active Learning Classifier: 35.18 seconds
2025-02-10 23:20 | INFO | Training Time Active Learning Regressor: 3.35 seconds
2025-02-10 23:23 | INFO | Query 15 Active Learning Runtime on Validation Set: 1079480.83
2025-02-10 23:23 | INFO | Query 15 Active Learning Runtime on Test Set: 642263.63
2025-02-10 23:23 | INFO | Query 15 Active Learning Instance Cost: 2213119.79
2025-02-10 23:23 | INFO | Timeout limit is increased to 600
2025-02-10 23:26 | INFO | Query 16 Size of the uncertainty table is = 119692/169260
2025-02-10 23:26 | INFO | Query 16 Size of the filtered table is = 1693
2025-02-10 23:27 | INFO | Training Time Active Learning Classifier: 36.42 seconds
2025-02-10 23:27 | INFO | Training Time Active Learning Regressor: 3.55 seconds
2025-02-10 23:31 | INFO | Query 16 Active Learning Runtime on Validation Set: 972025.84
2025-02-10 23:31 | INFO | Query 16 Active Learning Runtime on Test Set: 607551.77
2025-02-10 23:31 | INFO | Query 16 Active Learning Instance Cost: 2506401.31
2025-02-10 23:34 | INFO | Query 17 Size of the uncertainty table is = 115333/169260
2025-02-10 23:34 | INFO | Query 17 Size of the filtered table is = 1693
2025-02-10 23:35 | INFO | Training Time Active Learning Classifier: 37.82 seconds
2025-02-10 23:35 | INFO | Training Time Active Learning Regressor: 3.62 seconds
2025-02-10 23:38 | INFO | Query 17 Active Learning Runtime on Validation Set: 902333.62
2025-02-10 23:38 | INFO | Query 17 Active Learning Runtime on Test Set: 678184.4199999999
2025-02-10 23:38 | INFO | Query 17 Active Learning Instance Cost: 2767833.54
2025-02-10 23:41 | INFO | Query 18 Size of the uncertainty table is = 112276/169260
2025-02-10 23:41 | INFO | Query 18 Size of the filtered table is = 1693
2025-02-10 23:42 | INFO | Training Time Active Learning Classifier: 38.78 seconds
2025-02-10 23:42 | INFO | Training Time Active Learning Regressor: 3.75 seconds
2025-02-10 23:45 | INFO | Query 18 Active Learning Runtime on Validation Set: 866093.48
2025-02-10 23:45 | INFO | Query 18 Active Learning Runtime on Test Set: 606903.27
2025-02-10 23:45 | INFO | Query 18 Active Learning Instance Cost: 2974999.62
2025-02-10 23:48 | INFO | Query 19 Size of the uncertainty table is = 108869/169260
2025-02-10 23:48 | INFO | Query 19 Size of the filtered table is = 1693
2025-02-10 23:49 | INFO | Training Time Active Learning Classifier: 40.07 seconds
2025-02-10 23:50 | INFO | Training Time Active Learning Regressor: 3.86 seconds
2025-02-10 23:53 | INFO | Query 19 Active Learning Runtime on Validation Set: 902055.2899999999
2025-02-10 23:53 | INFO | Query 19 Active Learning Runtime on Test Set: 606286.96
2025-02-10 23:53 | INFO | Query 19 Active Learning Instance Cost: 3141101.86
2025-02-10 23:53 | INFO | Timeout limit is increased to 700
2025-02-10 23:56 | INFO | Query 20 Size of the uncertainty table is = 105060/169260
2025-02-10 23:56 | INFO | Query 20 Size of the filtered table is = 1693
2025-02-10 23:57 | INFO | Training Time Active Learning Classifier: 41.33 seconds
2025-02-10 23:57 | INFO | Training Time Active Learning Regressor: 3.99 seconds
2025-02-11 00:00 | INFO | Query 20 Active Learning Runtime on Validation Set: 901592.48
2025-02-11 00:00 | INFO | Query 20 Active Learning Runtime on Test Set: 606066.08
2025-02-11 00:00 | INFO | Query 20 Active Learning Instance Cost: 3450785.45
2025-02-11 00:03 | INFO | Query 21 Size of the uncertainty table is = 100889/169260
2025-02-11 00:03 | INFO | Query 21 Size of the filtered table is = 1693
2025-02-11 00:04 | INFO | Training Time Active Learning Classifier: 42.13 seconds
2025-02-11 00:04 | INFO | Training Time Active Learning Regressor: 4.05 seconds
2025-02-11 00:08 | INFO | Query 21 Active Learning Runtime on Validation Set: 901317.24
2025-02-11 00:08 | INFO | Query 21 Active Learning Runtime on Test Set: 570292.99
2025-02-11 00:08 | INFO | Query 21 Active Learning Instance Cost: 3747761.11
2025-02-11 00:11 | INFO | Query 22 Size of the uncertainty table is = 98201/169260
2025-02-11 00:11 | INFO | Query 22 Size of the filtered table is = 1693
2025-02-11 00:12 | INFO | Training Time Active Learning Classifier: 43.01 seconds
2025-02-11 00:12 | INFO | Training Time Active Learning Regressor: 4.23 seconds
2025-02-11 00:15 | INFO | Query 22 Active Learning Runtime on Validation Set: 829932.19
2025-02-11 00:15 | INFO | Query 22 Active Learning Runtime on Test Set: 499709.68
2025-02-11 00:15 | INFO | Query 22 Active Learning Instance Cost: 4034026.68
2025-02-11 00:18 | INFO | Query 23 Size of the uncertainty table is = 94072/169260
2025-02-11 00:18 | INFO | Query 23 Size of the filtered table is = 1693
2025-02-11 00:19 | INFO | Training Time Active Learning Classifier: 45.32 seconds
2025-02-11 00:19 | INFO | Training Time Active Learning Regressor: 4.43 seconds
2025-02-11 00:23 | INFO | Query 23 Active Learning Runtime on Validation Set: 972975.5
2025-02-11 00:23 | INFO | Query 23 Active Learning Runtime on Test Set: 570427.84
2025-02-11 00:23 | INFO | Query 23 Active Learning Instance Cost: 4322153.05
2025-02-11 00:23 | INFO | Timeout limit is increased to 800
2025-02-11 00:26 | INFO | Query 24 Size of the uncertainty table is = 88395/169260
2025-02-11 00:26 | INFO | Query 24 Size of the filtered table is = 1693
2025-02-11 00:27 | INFO | Training Time Active Learning Classifier: 45.95 seconds
2025-02-11 00:27 | INFO | Training Time Active Learning Regressor: 4.61 seconds
2025-02-11 00:30 | INFO | Query 24 Active Learning Runtime on Validation Set: 901447.01
2025-02-11 00:30 | INFO | Query 24 Active Learning Runtime on Test Set: 499643.68
2025-02-11 00:30 | INFO | Query 24 Active Learning Instance Cost: 4608817.08
2025-02-11 00:33 | INFO | Query 25 Size of the uncertainty table is = 84421/169260
2025-02-11 00:33 | INFO | Query 25 Size of the filtered table is = 1693
2025-02-11 00:34 | INFO | Training Time Active Learning Classifier: 46.55 seconds
2025-02-11 00:34 | INFO | Training Time Active Learning Regressor: 4.63 seconds
2025-02-11 00:38 | INFO | Query 25 Active Learning Runtime on Validation Set: 902592.97
2025-02-11 00:38 | INFO | Query 25 Active Learning Runtime on Test Set: 499189.37999999995
2025-02-11 00:38 | INFO | Query 25 Active Learning Instance Cost: 4898368.62
2025-02-11 00:38 | INFO | Timeout limit is increased to 900
2025-02-11 00:41 | INFO | Query 26 Size of the uncertainty table is = 82395/169260
2025-02-11 00:41 | INFO | Query 26 Size of the filtered table is = 1693
2025-02-11 00:42 | INFO | Training Time Active Learning Classifier: 47.52 seconds
2025-02-11 00:42 | INFO | Training Time Active Learning Regressor: 4.68 seconds
2025-02-11 00:45 | INFO | Query 26 Active Learning Runtime on Validation Set: 972715.62
2025-02-11 00:45 | INFO | Query 26 Active Learning Runtime on Test Set: 464048.88999999996
2025-02-11 00:45 | INFO | Query 26 Active Learning Instance Cost: 5068521.52
2025-02-11 00:45 | INFO | Timeout limit is increased to 1000
2025-02-11 00:48 | INFO | Query 27 Size of the uncertainty table is = 80804/169260
2025-02-11 00:48 | INFO | Query 27 Size of the filtered table is = 1693
2025-02-11 00:49 | INFO | Training Time Active Learning Classifier: 48.32 seconds
2025-02-11 00:49 | INFO | Training Time Active Learning Regressor: 4.71 seconds
2025-02-11 00:52 | INFO | Query 27 Active Learning Runtime on Validation Set: 972587.6599999999
2025-02-11 00:52 | INFO | Query 27 Active Learning Runtime on Test Set: 428854.47
2025-02-11 00:52 | INFO | Query 27 Active Learning Instance Cost: 5502557.76
2025-02-11 00:55 | INFO | Query 28 Size of the uncertainty table is = 78395/169260
2025-02-11 00:55 | INFO | Query 28 Size of the filtered table is = 1693
2025-02-11 00:56 | INFO | Training Time Active Learning Classifier: 48.72 seconds
2025-02-11 00:57 | INFO | Training Time Active Learning Regressor: 4.74 seconds
2025-02-11 01:00 | INFO | Query 28 Active Learning Runtime on Validation Set: 1007295.23
2025-02-11 01:00 | INFO | Query 28 Active Learning Runtime on Test Set: 428849.79
2025-02-11 01:00 | INFO | Query 28 Active Learning Instance Cost: 5880115.97
2025-02-11 01:00 | INFO | Timeout limit is increased to 1100
2025-02-11 01:03 | INFO | Query 29 Size of the uncertainty table is = 77226/169260
2025-02-11 01:03 | INFO | Query 29 Size of the filtered table is = 1693
2025-02-11 01:04 | INFO | Training Time Active Learning Classifier: 48.86 seconds
2025-02-11 01:04 | INFO | Training Time Active Learning Regressor: 4.77 seconds
2025-02-11 01:07 | INFO | Query 29 Active Learning Runtime on Validation Set: 1077361.73
2025-02-11 01:07 | INFO | Query 29 Active Learning Runtime on Test Set: 358902.75
2025-02-11 01:07 | INFO | Query 29 Active Learning Instance Cost: 6139440.41
2025-02-11 01:07 | INFO | Timeout limit is increased to 1200
2025-02-11 01:10 | INFO | Query 30 Size of the uncertainty table is = 76727/169260
2025-02-11 01:10 | INFO | Query 30 Size of the filtered table is = 1693
2025-02-11 01:11 | INFO | Training Time Active Learning Classifier: 49.34 seconds
2025-02-11 01:11 | INFO | Training Time Active Learning Regressor: 4.78 seconds
2025-02-11 01:14 | INFO | Query 30 Active Learning Runtime on Validation Set: 900283.96
2025-02-11 01:14 | INFO | Query 30 Active Learning Runtime on Test Set: 323421.61
2025-02-11 01:14 | INFO | Query 30 Active Learning Instance Cost: 6502271.91
2025-02-11 01:17 | INFO | Query 31 Size of the uncertainty table is = 75026/169260
2025-02-11 01:17 | INFO | Query 31 Size of the filtered table is = 1693
2025-02-11 01:18 | INFO | Training Time Active Learning Classifier: 48.97 seconds
2025-02-11 01:18 | INFO | Training Time Active Learning Regressor: 4.78 seconds
2025-02-11 01:22 | INFO | Query 31 Active Learning Runtime on Validation Set: 970737.61
2025-02-11 01:22 | INFO | Query 31 Active Learning Runtime on Test Set: 288424.61
2025-02-11 01:22 | INFO | Query 31 Active Learning Instance Cost: 6769020.04
2025-02-11 01:22 | INFO | Timeout limit is increased to 1300
2025-02-11 01:24 | INFO | Query 32 Size of the uncertainty table is = 74199/169260
2025-02-11 01:24 | INFO | Query 32 Size of the filtered table is = 1693
2025-02-11 01:25 | INFO | Training Time Active Learning Classifier: 49.01 seconds
2025-02-11 01:25 | INFO | Training Time Active Learning Regressor: 4.82 seconds
2025-02-11 01:29 | INFO | Query 32 Active Learning Runtime on Validation Set: 969998.58
2025-02-11 01:29 | INFO | Query 32 Active Learning Runtime on Test Set: 288428.32
2025-02-11 01:29 | INFO | Query 32 Active Learning Instance Cost: 6991320.76
2025-02-11 01:31 | INFO | Query 33 Size of the uncertainty table is = 74015/169260
2025-02-11 01:31 | INFO | Query 33 Size of the filtered table is = 1693
2025-02-11 01:32 | INFO | Training Time Active Learning Classifier: 49.08 seconds
2025-02-11 01:32 | INFO | Training Time Active Learning Regressor: 4.8 seconds
2025-02-11 01:36 | INFO | Query 33 Active Learning Runtime on Validation Set: 1042330.07
2025-02-11 01:36 | INFO | Query 33 Active Learning Runtime on Test Set: 288428.16
2025-02-11 01:36 | INFO | Query 33 Active Learning Instance Cost: 7081120.83
2025-02-11 01:36 | INFO | Timeout limit is increased to 1400
2025-02-11 01:38 | INFO | Query 34 Size of the uncertainty table is = 74003/169260
2025-02-11 01:38 | INFO | Query 34 Size of the filtered table is = 1693
2025-02-11 01:39 | INFO | Training Time Active Learning Classifier: 49.74 seconds
2025-02-11 01:39 | INFO | Training Time Active Learning Regressor: 4.79 seconds
2025-02-11 01:43 | INFO | Query 34 Active Learning Runtime on Validation Set: 1042330.07
2025-02-11 01:43 | INFO | Query 34 Active Learning Runtime on Test Set: 288428.16
2025-02-11 01:43 | INFO | Query 34 Active Learning Instance Cost: 7266620.83
2025-02-11 01:43 | INFO | Timeout limit is increased to 1500
2025-02-11 01:45 | INFO | Query 35 Size of the uncertainty table is = 74003/169260
2025-02-11 01:45 | INFO | Query 35 Size of the filtered table is = 1693
2025-02-11 01:46 | INFO | Training Time Active Learning Classifier: 49.06 seconds
2025-02-11 01:47 | INFO | Training Time Active Learning Regressor: 4.81 seconds
2025-02-11 01:50 | INFO | Query 35 Active Learning Runtime on Validation Set: 1042330.07
2025-02-11 01:50 | INFO | Query 35 Active Learning Runtime on Test Set: 288428.16
2025-02-11 01:50 | INFO | Query 35 Active Learning Instance Cost: 7471820.83
2025-02-11 01:50 | INFO | Timeout limit is increased to 1600
2025-02-11 01:53 | INFO | Query 36 Size of the uncertainty table is = 73983/169260
2025-02-11 01:53 | INFO | Query 36 Size of the filtered table is = 1693
2025-02-11 01:54 | INFO | Training Time Active Learning Classifier: 49.8 seconds
2025-02-11 01:54 | INFO | Training Time Active Learning Regressor: 4.83 seconds
2025-02-11 01:57 | INFO | Query 36 Active Learning Runtime on Validation Set: 1042330.07
2025-02-11 01:57 | INFO | Query 36 Active Learning Runtime on Test Set: 288428.16
2025-02-11 01:57 | INFO | Query 36 Active Learning Instance Cost: 7657186.3
2025-02-11 01:57 | INFO | Timeout limit is increased to 1700
2025-02-11 02:00 | INFO | Query 37 Size of the uncertainty table is = 73869/169260
2025-02-11 02:00 | INFO | Query 37 Size of the filtered table is = 1693
2025-02-11 02:01 | INFO | Training Time Active Learning Classifier: 49.08 seconds
2025-02-11 02:01 | INFO | Training Time Active Learning Regressor: 4.82 seconds
2025-02-11 02:04 | INFO | Query 37 Active Learning Runtime on Validation Set: 1042330.07
2025-02-11 02:04 | INFO | Query 37 Active Learning Runtime on Test Set: 288428.16
2025-02-11 02:04 | INFO | Query 37 Active Learning Instance Cost: 7860886.3
2025-02-11 02:04 | INFO | Timeout limit is increased to 1800
2025-02-11 02:07 | INFO | Query 38 Size of the uncertainty table is = 73869/169260
2025-02-11 02:07 | INFO | Query 38 Size of the filtered table is = 1693
2025-02-11 02:08 | INFO | Training Time Active Learning Classifier: 49.13 seconds
2025-02-11 02:08 | INFO | Training Time Active Learning Regressor: 4.86 seconds
2025-02-11 02:11 | INFO | Query 38 Active Learning Runtime on Validation Set: 1078796.89
2025-02-11 02:11 | INFO | Query 38 Active Learning Runtime on Test Set: 288428.16
2025-02-11 02:11 | INFO | Query 38 Active Learning Instance Cost: 8067486.34
2025-02-11 02:11 | INFO | Timeout limit is increased to 1900
2025-02-11 02:14 | INFO | Query 39 Size of the uncertainty table is = 73855/169260
2025-02-11 02:14 | INFO | Query 39 Size of the filtered table is = 1693
2025-02-11 02:15 | INFO | Training Time Active Learning Classifier: 49.06 seconds
2025-02-11 02:15 | INFO | Training Time Active Learning Regressor: 4.83 seconds
2025-02-11 02:18 | INFO | Query 39 Active Learning Runtime on Validation Set: 1078796.89
2025-02-11 02:18 | INFO | Query 39 Active Learning Runtime on Test Set: 288428.16
2025-02-11 02:18 | INFO | Query 39 Active Learning Instance Cost: 8297586.36
2025-02-11 02:18 | INFO | Timeout limit is increased to 2000
2025-02-11 02:21 | INFO | Query 40 Size of the uncertainty table is = 73852/169260
2025-02-11 02:21 | INFO | Query 40 Size of the filtered table is = 1693
2025-02-11 02:22 | INFO | Training Time Active Learning Classifier: 49.78 seconds
2025-02-11 02:22 | INFO | Training Time Active Learning Regressor: 4.82 seconds
2025-02-11 02:25 | INFO | Query 40 Active Learning Runtime on Validation Set: 1078796.89
2025-02-11 02:25 | INFO | Query 40 Active Learning Runtime on Test Set: 288428.16
2025-02-11 02:25 | INFO | Query 40 Active Learning Instance Cost: 8516186.36
2025-02-11 02:25 | INFO | Timeout limit is increased to 2100
2025-02-11 02:28 | INFO | Query 41 Size of the uncertainty table is = 73852/169260
2025-02-11 02:28 | INFO | Query 41 Size of the filtered table is = 1693
2025-02-11 02:29 | INFO | Training Time Active Learning Classifier: 49.07 seconds
2025-02-11 02:29 | INFO | Training Time Active Learning Regressor: 4.8 seconds
2025-02-11 02:32 | INFO | Query 41 Active Learning Runtime on Validation Set: 1078796.89
2025-02-11 02:32 | INFO | Query 41 Active Learning Runtime on Test Set: 288428.16
2025-02-11 02:32 | INFO | Query 41 Active Learning Instance Cost: 8765886.36
2025-02-11 02:32 | INFO | Timeout limit is increased to 2200
2025-02-11 02:35 | INFO | Query 42 Size of the uncertainty table is = 73852/169260
2025-02-11 02:35 | INFO | Query 42 Size of the filtered table is = 1693
2025-02-11 02:36 | INFO | Training Time Active Learning Classifier: 49.12 seconds
2025-02-11 02:36 | INFO | Training Time Active Learning Regressor: 4.82 seconds
2025-02-11 02:39 | INFO | Query 42 Active Learning Runtime on Validation Set: 1078796.89
2025-02-11 02:39 | INFO | Query 42 Active Learning Runtime on Test Set: 288428.16
2025-02-11 02:39 | INFO | Query 42 Active Learning Instance Cost: 8982986.36
2025-02-11 02:39 | INFO | Timeout limit is increased to 2300
2025-02-11 02:42 | INFO | Query 43 Size of the uncertainty table is = 73852/169260
2025-02-11 02:42 | INFO | Query 43 Size of the filtered table is = 1693
2025-02-11 02:43 | INFO | Training Time Active Learning Classifier: 49.12 seconds
2025-02-11 02:43 | INFO | Training Time Active Learning Regressor: 5.06 seconds
2025-02-11 02:46 | INFO | Query 43 Active Learning Runtime on Validation Set: 1079204.18
2025-02-11 02:46 | INFO | Query 43 Active Learning Runtime on Test Set: 252863.25
2025-02-11 02:46 | INFO | Query 43 Active Learning Instance Cost: 9214386.39
2025-02-11 02:46 | INFO | Timeout limit is increased to 2400
2025-02-11 02:49 | INFO | Query 44 Size of the uncertainty table is = 73821/169260
2025-02-11 02:49 | INFO | Query 44 Size of the filtered table is = 1693
2025-02-11 02:50 | INFO | Training Time Active Learning Classifier: 49.73 seconds
2025-02-11 02:50 | INFO | Training Time Active Learning Regressor: 4.83 seconds
2025-02-11 02:53 | INFO | Query 44 Active Learning Runtime on Validation Set: 1079204.18
2025-02-11 02:53 | INFO | Query 44 Active Learning Runtime on Test Set: 252863.25
2025-02-11 02:53 | INFO | Query 44 Active Learning Instance Cost: 9416486.39
2025-02-11 02:53 | INFO | Timeout limit is increased to 2500
2025-02-11 02:56 | INFO | Query 45 Size of the uncertainty table is = 73821/169260
2025-02-11 02:56 | INFO | Query 45 Size of the filtered table is = 1693
2025-02-11 02:57 | INFO | Training Time Active Learning Classifier: 49.07 seconds
2025-02-11 02:57 | INFO | Training Time Active Learning Regressor: 4.84 seconds
2025-02-11 03:00 | INFO | Query 45 Active Learning Runtime on Validation Set: 1079204.18
2025-02-11 03:00 | INFO | Query 45 Active Learning Runtime on Test Set: 252863.25
2025-02-11 03:00 | INFO | Query 45 Active Learning Instance Cost: 9668286.39
2025-02-11 03:00 | INFO | Timeout limit is increased to 2600
2025-02-11 03:03 | INFO | Query 46 Size of the uncertainty table is = 73821/169260
2025-02-11 03:03 | INFO | Query 46 Size of the filtered table is = 1693
2025-02-11 03:04 | INFO | Training Time Active Learning Classifier: 49.14 seconds
2025-02-11 03:04 | INFO | Training Time Active Learning Regressor: 4.85 seconds
2025-02-11 03:08 | INFO | Query 46 Active Learning Runtime on Validation Set: 1079204.18
2025-02-11 03:08 | INFO | Query 46 Active Learning Runtime on Test Set: 252863.25
2025-02-11 03:08 | INFO | Query 46 Active Learning Instance Cost: 9934386.39
2025-02-11 03:08 | INFO | Timeout limit is increased to 2700
2025-02-11 03:10 | INFO | Query 47 Size of the uncertainty table is = 73821/169260
2025-02-11 03:10 | INFO | Query 47 Size of the filtered table is = 1693
2025-02-11 03:11 | INFO | Training Time Active Learning Classifier: 49.79 seconds
2025-02-11 03:11 | INFO | Training Time Active Learning Regressor: 4.83 seconds
2025-02-11 03:15 | INFO | Query 47 Active Learning Runtime on Validation Set: 1079204.18
2025-02-11 03:15 | INFO | Query 47 Active Learning Runtime on Test Set: 252863.25
2025-02-11 03:15 | INFO | Query 47 Active Learning Instance Cost: 10208286.39
2025-02-11 03:15 | INFO | Timeout limit is increased to 2800
2025-02-11 03:17 | INFO | Query 48 Size of the uncertainty table is = 73821/169260
2025-02-11 03:17 | INFO | Query 48 Size of the filtered table is = 1693
2025-02-11 03:18 | INFO | Training Time Active Learning Classifier: 49.21 seconds
2025-02-11 03:18 | INFO | Training Time Active Learning Regressor: 4.84 seconds
2025-02-11 03:22 | INFO | Query 48 Active Learning Runtime on Validation Set: 1079204.18
2025-02-11 03:22 | INFO | Query 48 Active Learning Runtime on Test Set: 252863.25
2025-02-11 03:22 | INFO | Query 48 Active Learning Instance Cost: 10461786.39
2025-02-11 03:22 | INFO | Timeout limit is increased to 2900
2025-02-11 03:24 | INFO | Query 49 Size of the uncertainty table is = 73821/169260
2025-02-11 03:24 | INFO | Query 49 Size of the filtered table is = 1693
2025-02-11 03:25 | INFO | Training Time Active Learning Classifier: 49.2 seconds
2025-02-11 03:25 | INFO | Training Time Active Learning Regressor: 4.8 seconds
2025-02-11 03:29 | INFO | Query 49 Active Learning Runtime on Validation Set: 1079204.18
2025-02-11 03:29 | INFO | Query 49 Active Learning Runtime on Test Set: 252863.25
2025-02-11 03:29 | INFO | Query 49 Active Learning Instance Cost: 10687586.39
2025-02-11 03:29 | INFO | Timeout limit is increased to 3000
2025-02-11 03:31 | INFO | Query 50 Size of the uncertainty table is = 73821/169260
2025-02-11 03:31 | INFO | Query 50 Size of the filtered table is = 1693
2025-02-11 03:32 | INFO | Training Time Active Learning Classifier: 49.89 seconds
2025-02-11 03:32 | INFO | Training Time Active Learning Regressor: 4.84 seconds
2025-02-11 03:36 | INFO | Query 50 Active Learning Runtime on Validation Set: 1079204.18
2025-02-11 03:36 | INFO | Query 50 Active Learning Runtime on Test Set: 252863.25
2025-02-11 03:36 | INFO | Query 50 Active Learning Instance Cost: 10917386.39
2025-02-11 03:36 | INFO | Timeout limit is increased to 3100
2025-02-11 03:38 | INFO | Query 51 Size of the uncertainty table is = 73821/169260
2025-02-11 03:38 | INFO | Query 51 Size of the filtered table is = 1693
2025-02-11 03:39 | INFO | Training Time Active Learning Classifier: 49.17 seconds
2025-02-11 03:40 | INFO | Training Time Active Learning Regressor: 5.47 seconds
2025-02-11 03:43 | INFO | Query 51 Active Learning Runtime on Validation Set: 1079204.18
2025-02-11 03:43 | INFO | Query 51 Active Learning Runtime on Test Set: 252863.25
2025-02-11 03:43 | INFO | Query 51 Active Learning Instance Cost: 11117886.39
2025-02-11 03:43 | INFO | Timeout limit is increased to 3200
2025-02-11 03:46 | INFO | Query 52 Size of the uncertainty table is = 73821/169260
2025-02-11 03:46 | INFO | Query 52 Size of the filtered table is = 1693
2025-02-11 03:47 | INFO | Training Time Active Learning Classifier: 49.2 seconds
2025-02-11 03:47 | INFO | Training Time Active Learning Regressor: 4.81 seconds
2025-02-11 03:50 | INFO | Query 52 Active Learning Runtime on Validation Set: 1079204.18
2025-02-11 03:50 | INFO | Query 52 Active Learning Runtime on Test Set: 252863.25
2025-02-11 03:50 | INFO | Query 52 Active Learning Instance Cost: 11356186.39
2025-02-11 03:50 | INFO | Timeout limit is increased to 3300
2025-02-11 03:53 | INFO | Query 53 Size of the uncertainty table is = 73821/169260
2025-02-11 03:53 | INFO | Query 53 Size of the filtered table is = 1693
2025-02-11 03:54 | INFO | Training Time Active Learning Classifier: 49.1 seconds
2025-02-11 03:54 | INFO | Training Time Active Learning Regressor: 4.79 seconds
2025-02-11 03:57 | INFO | Query 53 Active Learning Runtime on Validation Set: 1079204.18
2025-02-11 03:57 | INFO | Query 53 Active Learning Runtime on Test Set: 252863.25
2025-02-11 03:57 | INFO | Query 53 Active Learning Instance Cost: 11645986.39
2025-02-11 03:57 | INFO | Timeout limit is increased to 3400
2025-02-11 04:00 | INFO | Query 54 Size of the uncertainty table is = 73821/169260
2025-02-11 04:00 | INFO | Query 54 Size of the filtered table is = 1693
2025-02-11 04:01 | INFO | Training Time Active Learning Classifier: 49.78 seconds
2025-02-11 04:01 | INFO | Training Time Active Learning Regressor: 4.81 seconds
2025-02-11 04:04 | INFO | Query 54 Active Learning Runtime on Validation Set: 1079204.18
2025-02-11 04:04 | INFO | Query 54 Active Learning Runtime on Test Set: 252863.25
2025-02-11 04:04 | INFO | Query 54 Active Learning Instance Cost: 11918886.39
2025-02-11 04:04 | INFO | Timeout limit is increased to 3500
2025-02-11 04:07 | INFO | Query 55 Size of the uncertainty table is = 73821/169260
2025-02-11 04:07 | INFO | Query 55 Size of the filtered table is = 1693
2025-02-11 04:08 | INFO | Training Time Active Learning Classifier: 49.0 seconds
2025-02-11 04:08 | INFO | Training Time Active Learning Regressor: 4.8 seconds
2025-02-11 04:11 | INFO | Query 55 Active Learning Runtime on Validation Set: 1079204.18
2025-02-11 04:11 | INFO | Query 55 Active Learning Runtime on Test Set: 252863.25
2025-02-11 04:11 | INFO | Query 55 Active Learning Instance Cost: 12232086.39
2025-02-11 04:11 | INFO | Timeout limit is increased to 3600
2025-02-11 04:14 | INFO | Query 56 Size of the uncertainty table is = 73821/169260
2025-02-11 04:14 | INFO | Query 56 Size of the filtered table is = 1693
2025-02-11 04:15 | INFO | Training Time Active Learning Classifier: 49.61 seconds
2025-02-11 04:15 | INFO | Training Time Active Learning Regressor: 4.95 seconds
2025-02-11 04:18 | INFO | Query 56 Active Learning Runtime on Validation Set: 1079204.18
2025-02-11 04:18 | INFO | Query 56 Active Learning Runtime on Test Set: 252863.25
2025-02-11 04:18 | INFO | Query 56 Active Learning Instance Cost: 12526886.39
2025-02-11 04:18 | INFO | Timeout limit is increased to 3600
2025-02-11 04:18 | INFO | Query 57 Size of the uncertainty table is = 3912/169260
2025-02-11 04:18 | INFO | Query 57 Size of the filtered table is = 1693
2025-02-11 04:20 | INFO | Training Time Active Learning Classifier: 50.38 seconds
2025-02-11 04:20 | INFO | Training Time Active Learning Regressor: 4.87 seconds
2025-02-11 04:23 | INFO | Query 57 Active Learning Runtime on Validation Set: 1184178.82
2025-02-11 04:23 | INFO | Query 57 Active Learning Runtime on Test Set: 251824.34
2025-02-11 04:23 | INFO | Query 57 Active Learning Instance Cost: 12556666.4
2025-02-11 04:23 | INFO | Timeout limit is increased to 3600
2025-02-11 04:23 | INFO | Query 58 Size of the uncertainty table is = 87/169260
2025-02-11 04:23 | INFO | Query 58 Size of the filtered table is = 87
2025-02-11 04:24 | INFO | Training Time Active Learning Classifier: 49.87 seconds
2025-02-11 04:24 | INFO | Training Time Active Learning Regressor: 4.86 seconds
2025-02-11 04:27 | INFO | Query 58 Active Learning Runtime on Validation Set: 1184178.82
2025-02-11 04:27 | INFO | Query 58 Active Learning Runtime on Test Set: 251820.2
2025-02-11 04:27 | INFO | Query 58 Active Learning Instance Cost: 12556666.6
2025-02-11 04:27 | INFO | Timeout limit is increased to 3600
2025-02-11 04:27 | INFO | Active Learning Emissions: 0.2840758317174597
2025-02-11 04:27 | INFO | Active Learning Energy Consumption: 0.3090817589671699 kWh
2025-02-11 04:27 | INFO | runtime_test_score is written as json file
2025-02-11 04:27 | INFO | runtime_validation_score is written as json file
2025-02-11 04:27 | INFO | instance_cost is written as json file
2025-02-11 04:27 | INFO | Experiment is finished
